/home/user/yc57963/miniconda3/envs/irra/lib/python3.9/site-packages/torch/utils/data/dataloader.py:627: UserWarning: This DataLoader will create 8 worker processes in total. Our suggested max number of worker in current system is 2, which is smaller than what this DataLoader is going to create. Please be aware that excessive worker creation might get DataLoader running slow or even freeze, lower the worker number to avoid potential slowness/freeze if necessary.
  warnings.warn(
Not using distributed mode
### Hyper-parameters:
     output_dir: output_rerun2/ham_icfg_tta/exp2/exp2.3/2025091421390
     seed: 42
     device: cuda
     batch_size_tta: 32
     epochs: 10
     lr: 1e-05
### Creating test dataset
     test_txt_set: 19848    test_img_set: 19848
     test_txt_loader: 39    test_img_loader: 39
### Creating model
Training Model with ['sdm', 'id', 'mlm'] tasks
Resized position embedding from size:torch.Size([1, 197, 768]) to size: torch.Size([1, 193, 768]) with height:24 width: 8
     Total Params Sum:  190482206
### Zero-Shot Score: 
/home/user/yc57963/miniconda3/envs/irra/lib/python3.9/site-packages/torch/utils/data/dataloader.py:627: UserWarning: This DataLoader will create 4 worker processes in total. Our suggested max number of worker in current system is 2, which is smaller than what this DataLoader is going to create. Please be aware that excessive worker creation might get DataLoader running slow or even freeze, lower the worker number to avoid potential slowness/freeze if necessary.
  warnings.warn(
/home/user/yc57963/task/IRRA/tta.py:281: FutureWarning: `torch.cuda.amp.GradScaler(args...)` is deprecated. Please use `torch.amp.GradScaler('cuda', args...)` instead.
  scaler = GradScaler()  # bf16
+-------+--------+--------+--------+--------+-------+
| epoch |   R1   |   R5   |  R10   |  mAP   |  mINP |
+-------+--------+--------+--------+--------+-------+
|  -999 | 60.641 | 77.499 | 83.248 | 35.543 | 6.005 |
+-------+--------+--------+--------+--------+-------+
### TTA:
### Compute Cos Similarity Uncertainty
     preprocess_tta_coefficients  start
     sample selection ...
     number of sample after sample_selection: 19848
     uncertainty ...
     pos/neg sampling ...
      number of sample after pos/neg sampling: torch.Size([19848, 4])
     preprocess_tta_coefficients  end
### Creating TTA dataset
     tta_dataset: 19848
### Creating tta dataloader
### be careful: func create_loader returns a list length of 1
     tta_loader: 620
### Configure adapted weights
     TTA Dropout Modules: 
 []
     TTA Require Gradient Params: 
 [('base_model.transformer.resblocks.1.ln_1.weight', torch.Size([512])), ('base_model.transformer.resblocks.1.ln_1.bias', torch.Size([512])), ('base_model.transformer.resblocks.1.ln_2.weight', torch.Size([512])), ('base_model.transformer.resblocks.1.ln_2.bias', torch.Size([512])), ('base_model.transformer.resblocks.2.ln_1.weight', torch.Size([512])), ('base_model.transformer.resblocks.2.ln_1.bias', torch.Size([512])), ('base_model.transformer.resblocks.2.ln_2.weight', torch.Size([512])), ('base_model.transformer.resblocks.2.ln_2.bias', torch.Size([512])), ('base_model.transformer.resblocks.3.ln_1.weight', torch.Size([512])), ('base_model.transformer.resblocks.3.ln_1.bias', torch.Size([512])), ('base_model.transformer.resblocks.3.ln_2.weight', torch.Size([512])), ('base_model.transformer.resblocks.3.ln_2.bias', torch.Size([512])), ('base_model.transformer.resblocks.4.ln_1.weight', torch.Size([512])), ('base_model.transformer.resblocks.4.ln_1.bias', torch.Size([512])), ('base_model.transformer.resblocks.4.ln_2.weight', torch.Size([512])), ('base_model.transformer.resblocks.4.ln_2.bias', torch.Size([512])), ('base_model.transformer.resblocks.5.ln_1.weight', torch.Size([512])), ('base_model.transformer.resblocks.5.ln_1.bias', torch.Size([512])), ('base_model.transformer.resblocks.5.ln_2.weight', torch.Size([512])), ('base_model.transformer.resblocks.5.ln_2.bias', torch.Size([512])), ('base_model.transformer.resblocks.7.ln_1.weight', torch.Size([512])), ('base_model.transformer.resblocks.7.ln_1.bias', torch.Size([512])), ('base_model.transformer.resblocks.7.ln_2.weight', torch.Size([512])), ('base_model.transformer.resblocks.7.ln_2.bias', torch.Size([512])), ('base_model.transformer.resblocks.8.ln_1.weight', torch.Size([512])), ('base_model.transformer.resblocks.8.ln_1.bias', torch.Size([512])), ('base_model.transformer.resblocks.8.ln_2.weight', torch.Size([512])), ('base_model.transformer.resblocks.8.ln_2.bias', torch.Size([512])), ('base_model.transformer.resblocks.9.ln_1.weight', torch.Size([512])), ('base_model.transformer.resblocks.9.ln_1.bias', torch.Size([512])), ('base_model.transformer.resblocks.9.ln_2.weight', torch.Size([512])), ('base_model.transformer.resblocks.9.ln_2.bias', torch.Size([512])), ('base_model.transformer.resblocks.10.ln_1.weight', torch.Size([512])), ('base_model.transformer.resblocks.10.ln_1.bias', torch.Size([512])), ('base_model.transformer.resblocks.10.ln_2.weight', torch.Size([512])), ('base_model.transformer.resblocks.10.ln_2.bias', torch.Size([512])), ('base_model.transformer.resblocks.11.ln_1.weight', torch.Size([512])), ('base_model.transformer.resblocks.11.ln_1.bias', torch.Size([512])), ('base_model.transformer.resblocks.11.ln_2.weight', torch.Size([512])), ('base_model.transformer.resblocks.11.ln_2.bias', torch.Size([512])), ('base_model.ln_final.weight', torch.Size([512])), ('base_model.ln_final.bias', torch.Size([512]))]
     TTA Dropout Modules Number: 
 0
     TTA Require Gradient Params Sum: 
 21504
Using 5.0 times learning rate for random init module 
### Start Test Time Adaptation : num_epoch = 10
/home/user/yc57963/task/IRRA/tta.py:67: FutureWarning: `torch.cuda.amp.autocast(args...)` is deprecated. Please use `torch.amp.autocast('cuda', args...)` instead.
  with torch.cuda.amp.autocast(enabled=True):
     Epoch[0] Iteration[10/620], entropy: 0.4747, uncertainty: 1.1745, uncertainty_coeffi: 0.0100, loss: 0.5536, lr: 1.00e-05
     Epoch[0] Iteration[20/620], entropy: 0.3409, uncertainty: 1.3751, uncertainty_coeffi: 0.0100, loss: 0.7044, lr: 1.00e-05
     Epoch[0] Iteration[30/620], entropy: 0.3470, uncertainty: 1.0798, uncertainty_coeffi: 0.0100, loss: 1.2544, lr: 9.05e-06
     Epoch[0] Iteration[40/620], entropy: 0.2622, uncertainty: 1.3840, uncertainty_coeffi: 0.0100, loss: 1.3376, lr: 9.05e-06
     Epoch[0] Iteration[50/620], entropy: 0.3740, uncertainty: 1.1810, uncertainty_coeffi: 0.0100, loss: 0.9096, lr: 9.05e-06
     Epoch[0] Iteration[60/620], entropy: 0.3136, uncertainty: 0.9105, uncertainty_coeffi: 0.0100, loss: 1.4630, lr: 6.55e-06
     Epoch[0] Iteration[70/620], entropy: 0.3659, uncertainty: 1.1423, uncertainty_coeffi: 0.0100, loss: 1.1007, lr: 6.55e-06
     Epoch[0] Iteration[80/620], entropy: 0.4046, uncertainty: 1.0429, uncertainty_coeffi: 0.0100, loss: 0.6697, lr: 6.55e-06
     Epoch[0] Iteration[90/620], entropy: 0.3829, uncertainty: 1.1115, uncertainty_coeffi: 0.0100, loss: 0.8870, lr: 6.55e-06
     Epoch[0] Iteration[100/620], entropy: 0.3289, uncertainty: 1.1941, uncertainty_coeffi: 0.0100, loss: 0.5378, lr: 3.45e-06
     Epoch[0] Iteration[110/620], entropy: 0.3205, uncertainty: 0.9843, uncertainty_coeffi: 0.0100, loss: 0.6615, lr: 3.45e-06
     Epoch[0] Iteration[120/620], entropy: 0.4341, uncertainty: 1.1529, uncertainty_coeffi: 0.0100, loss: 0.5837, lr: 3.45e-06
     Epoch[0] Iteration[130/620], entropy: 0.3276, uncertainty: 1.0136, uncertainty_coeffi: 0.0100, loss: 1.4899, lr: 3.45e-06
     Epoch[0] Iteration[140/620], entropy: 0.4308, uncertainty: 1.1086, uncertainty_coeffi: 0.0100, loss: 0.9171, lr: 3.45e-06
     Epoch[0] Iteration[150/620], entropy: 0.3599, uncertainty: 1.3458, uncertainty_coeffi: 0.0100, loss: 0.7823, lr: 9.55e-07
     Epoch[0] Iteration[160/620], entropy: 0.3413, uncertainty: 1.0577, uncertainty_coeffi: 0.0100, loss: 5.4980, lr: 9.55e-07
     Epoch[0] Iteration[170/620], entropy: 0.3104, uncertainty: 1.0658, uncertainty_coeffi: 0.0100, loss: 0.8765, lr: 9.55e-07
     Epoch[0] Iteration[180/620], entropy: 0.4836, uncertainty: 1.0846, uncertainty_coeffi: 0.0100, loss: 2.0868, lr: 9.55e-07
     Epoch[0] Iteration[190/620], entropy: 0.3598, uncertainty: 1.2742, uncertainty_coeffi: 0.0100, loss: 0.3712, lr: 9.55e-07
     Epoch[0] Iteration[200/620], entropy: 0.3355, uncertainty: 0.8698, uncertainty_coeffi: 0.0100, loss: 0.8662, lr: 9.55e-07
     Epoch[0] Iteration[210/620], entropy: 0.3484, uncertainty: 1.2833, uncertainty_coeffi: 0.0100, loss: 0.4868, lr: 9.55e-07
     Epoch[0] Iteration[220/620], entropy: 0.3475, uncertainty: 1.2578, uncertainty_coeffi: 0.0100, loss: 0.4436, lr: 9.55e-07
     Epoch[0] Iteration[230/620], entropy: 0.4157, uncertainty: 1.1741, uncertainty_coeffi: 0.0100, loss: 0.6786, lr: 9.55e-07
     Epoch[0] Iteration[240/620], entropy: 0.2942, uncertainty: 0.9259, uncertainty_coeffi: 0.0100, loss: 0.7441, lr: 9.55e-07
     Epoch[0] Iteration[250/620], entropy: 0.4148, uncertainty: 1.2973, uncertainty_coeffi: 0.0100, loss: 0.5274, lr: 9.55e-07
     Epoch[0] Iteration[260/620], entropy: 0.3290, uncertainty: 1.2217, uncertainty_coeffi: 0.0100, loss: 0.6148, lr: 9.55e-07
     Epoch[0] Iteration[270/620], entropy: 0.3289, uncertainty: 1.2107, uncertainty_coeffi: 0.0100, loss: 0.5841, lr: 9.55e-07
     Epoch[0] Iteration[280/620], entropy: 0.3698, uncertainty: 1.1843, uncertainty_coeffi: 0.0100, loss: 17.4736, lr: 0.00e+00
     Epoch[0] Iteration[290/620], entropy: 0.3637, uncertainty: 1.3020, uncertainty_coeffi: 0.0100, loss: 0.3915, lr: 0.00e+00
     Epoch[0] Iteration[300/620], entropy: 0.3088, uncertainty: 0.9983, uncertainty_coeffi: 0.0100, loss: 0.9267, lr: 0.00e+00
     Epoch[0] Iteration[310/620], entropy: 0.4209, uncertainty: 1.2202, uncertainty_coeffi: 0.0100, loss: 0.6418, lr: 0.00e+00
     Epoch[0] Iteration[320/620], entropy: 0.4251, uncertainty: 1.1459, uncertainty_coeffi: 0.0100, loss: 1.4059, lr: 0.00e+00
     Epoch[0] Iteration[330/620], entropy: 0.3221, uncertainty: 1.2939, uncertainty_coeffi: 0.0100, loss: 0.4209, lr: 0.00e+00
     Epoch[0] Iteration[340/620], entropy: 0.3359, uncertainty: 1.0993, uncertainty_coeffi: 0.0100, loss: 4.6588, lr: 0.00e+00
     Epoch[0] Iteration[350/620], entropy: 0.3806, uncertainty: 0.8049, uncertainty_coeffi: 0.0100, loss: 1.5082, lr: 0.00e+00
     Epoch[0] Iteration[360/620], entropy: 0.4468, uncertainty: 1.3439, uncertainty_coeffi: 0.0100, loss: 0.5264, lr: 0.00e+00
     Epoch[0] Iteration[370/620], entropy: 0.3150, uncertainty: 1.1303, uncertainty_coeffi: 0.0100, loss: 1.2537, lr: 0.00e+00
     Epoch[0] Iteration[380/620], entropy: 0.2974, uncertainty: 1.4431, uncertainty_coeffi: 0.0100, loss: 0.7865, lr: 0.00e+00
     Epoch[0] Iteration[390/620], entropy: 0.3579, uncertainty: 1.2688, uncertainty_coeffi: 0.0100, loss: 1.2259, lr: 0.00e+00
     Epoch[0] Iteration[400/620], entropy: 0.3476, uncertainty: 1.0480, uncertainty_coeffi: 0.0100, loss: 0.8415, lr: 0.00e+00
     Epoch[0] Iteration[410/620], entropy: 0.3857, uncertainty: 1.2797, uncertainty_coeffi: 0.0100, loss: 1.8870, lr: 0.00e+00
     Epoch[0] Iteration[420/620], entropy: 0.5152, uncertainty: 1.0877, uncertainty_coeffi: 0.0100, loss: 1.1133, lr: 0.00e+00
     Epoch[0] Iteration[430/620], entropy: 0.2345, uncertainty: 0.9339, uncertainty_coeffi: 0.0100, loss: 0.3787, lr: 0.00e+00
     Epoch[0] Iteration[440/620], entropy: 0.2687, uncertainty: 1.2953, uncertainty_coeffi: 0.0100, loss: 0.7352, lr: 0.00e+00
     Epoch[0] Iteration[450/620], entropy: 0.3754, uncertainty: 1.0913, uncertainty_coeffi: 0.0100, loss: 4.3637, lr: 0.00e+00
     Epoch[0] Iteration[460/620], entropy: 0.3732, uncertainty: 1.2906, uncertainty_coeffi: 0.0100, loss: 0.5011, lr: 0.00e+00
     Epoch[0] Iteration[470/620], entropy: 0.4158, uncertainty: 1.1892, uncertainty_coeffi: 0.0100, loss: 0.6257, lr: 0.00e+00
     Epoch[0] Iteration[480/620], entropy: 0.2968, uncertainty: 1.2472, uncertainty_coeffi: 0.0100, loss: 0.7535, lr: 0.00e+00
     Epoch[0] Iteration[490/620], entropy: 0.3329, uncertainty: 1.1874, uncertainty_coeffi: 0.0100, loss: 0.4478, lr: 0.00e+00
     Epoch[0] Iteration[500/620], entropy: 0.4100, uncertainty: 1.1842, uncertainty_coeffi: 0.0100, loss: 0.8109, lr: 0.00e+00
     Epoch[0] Iteration[510/620], entropy: 0.3435, uncertainty: 1.1842, uncertainty_coeffi: 0.0100, loss: 0.5614, lr: 0.00e+00
     Epoch[0] Iteration[520/620], entropy: 0.3797, uncertainty: 0.9065, uncertainty_coeffi: 0.0100, loss: 1.9238, lr: 0.00e+00
     Epoch[0] Iteration[530/620], entropy: 0.3492, uncertainty: 0.9823, uncertainty_coeffi: 0.0100, loss: 11.9461, lr: 0.00e+00
     Epoch[0] Iteration[540/620], entropy: 0.3162, uncertainty: 1.0497, uncertainty_coeffi: 0.0100, loss: 0.5825, lr: 0.00e+00
     Epoch[0] Iteration[550/620], entropy: 0.3647, uncertainty: 1.1970, uncertainty_coeffi: 0.0100, loss: 2.6626, lr: 0.00e+00
     Epoch[0] Iteration[560/620], entropy: 0.3670, uncertainty: 1.1647, uncertainty_coeffi: 0.0100, loss: 0.4752, lr: 0.00e+00
     Epoch[0] Iteration[570/620], entropy: 0.3560, uncertainty: 1.0830, uncertainty_coeffi: 0.0100, loss: 2.1312, lr: 0.00e+00
     Epoch[0] Iteration[580/620], entropy: 0.4090, uncertainty: 1.1843, uncertainty_coeffi: 0.0100, loss: 1.3665, lr: 0.00e+00
     Epoch[0] Iteration[590/620], entropy: 0.3285, uncertainty: 1.2771, uncertainty_coeffi: 0.0100, loss: 0.8854, lr: 0.00e+00
     Epoch[0] Iteration[600/620], entropy: 0.3089, uncertainty: 0.9841, uncertainty_coeffi: 0.0100, loss: 1.5741, lr: 0.00e+00
     Epoch[0] Iteration[610/620], entropy: 0.3298, uncertainty: 0.9848, uncertainty_coeffi: 0.0100, loss: 0.9335, lr: 0.00e+00
     Epoch[0] Iteration[620/620], entropy: 0.4538, uncertainty: 1.4379, uncertainty_coeffi: 0.0100, loss: 0.5903, lr: 0.00e+00
     Averaged stats: entropy_avg: 0.3610, uncertainty_avg: 1.1521, uncertainty_coeffi_avg: 0.0100, loss_avg: 1.5636, lr_avg: 1.66e-06
     itm tta time 0:01:00
### TTA Eval Score: 
+-------+--------+--------+--------+--------+-------+
| epoch |   R1   |   R5   |  R10   |  mAP   |  mINP |
+-------+--------+--------+--------+--------+-------+
|  -999 | 60.641 | 77.499 | 83.248 | 35.543 | 6.005 |
|   0   | 60.711 | 77.509 | 83.278 | 35.616 | 6.023 |
+-------+--------+--------+--------+--------+-------+
     logs:  {'epo': 0, 'R1': np.float32(60.711), 'R5': np.float32(77.509), 'R10': np.float32(83.278), 'mAP': np.float32(35.616), 'mINP': np.float32(6.023), 'entropy': 0.36100817063162405, 'uncertainty': 1.1520759886310947, 'uncertainty_coeffi': 0.009999999776482582, 'loss': 1.5635621975506506, 'lr': 1.6613558920867387e-06}
     Epoch[1] Iteration[10/620], entropy: 0.3679, uncertainty: 0.9646, uncertainty_coeffi: 0.0100, loss: 0.9230, lr: 0.00e+00
     Epoch[1] Iteration[20/620], entropy: 0.3706, uncertainty: 1.2756, uncertainty_coeffi: 0.0100, loss: 0.5194, lr: 0.00e+00
     Epoch[1] Iteration[30/620], entropy: 0.3172, uncertainty: 1.0042, uncertainty_coeffi: 0.0100, loss: 0.9120, lr: 0.00e+00
     Epoch[1] Iteration[40/620], entropy: 0.2780, uncertainty: 1.0512, uncertainty_coeffi: 0.0100, loss: 0.6182, lr: 0.00e+00
     Epoch[1] Iteration[50/620], entropy: 0.4048, uncertainty: 1.2575, uncertainty_coeffi: 0.0100, loss: 0.7522, lr: 0.00e+00
     Epoch[1] Iteration[60/620], entropy: 0.3699, uncertainty: 1.1634, uncertainty_coeffi: 0.0100, loss: 0.4333, lr: 0.00e+00
     Epoch[1] Iteration[70/620], entropy: 0.3116, uncertainty: 1.1046, uncertainty_coeffi: 0.0100, loss: 0.6012, lr: 0.00e+00
     Epoch[1] Iteration[80/620], entropy: 0.2917, uncertainty: 1.3861, uncertainty_coeffi: 0.0100, loss: 0.9006, lr: 0.00e+00
     Epoch[1] Iteration[90/620], entropy: 0.3181, uncertainty: 0.9641, uncertainty_coeffi: 0.0100, loss: 0.6564, lr: 0.00e+00
     Epoch[1] Iteration[100/620], entropy: 0.2980, uncertainty: 1.2503, uncertainty_coeffi: 0.0100, loss: 0.5630, lr: 0.00e+00
     Epoch[1] Iteration[110/620], entropy: 0.3303, uncertainty: 0.9401, uncertainty_coeffi: 0.0100, loss: 1.7995, lr: 0.00e+00
     Epoch[1] Iteration[120/620], entropy: 0.2815, uncertainty: 1.3303, uncertainty_coeffi: 0.0100, loss: 0.5055, lr: 0.00e+00
     Epoch[1] Iteration[130/620], entropy: 0.3061, uncertainty: 1.4062, uncertainty_coeffi: 0.0100, loss: 0.6728, lr: 0.00e+00
     Epoch[1] Iteration[140/620], entropy: 0.4606, uncertainty: 1.0474, uncertainty_coeffi: 0.0100, loss: 0.8651, lr: 0.00e+00
     Epoch[1] Iteration[150/620], entropy: 0.5064, uncertainty: 1.1719, uncertainty_coeffi: 0.0100, loss: 1.0233, lr: 0.00e+00
     Epoch[1] Iteration[160/620], entropy: 0.3503, uncertainty: 1.3468, uncertainty_coeffi: 0.0100, loss: 0.5529, lr: 0.00e+00
     Epoch[1] Iteration[170/620], entropy: 0.2563, uncertainty: 1.3043, uncertainty_coeffi: 0.0100, loss: 0.2569, lr: 9.55e-07
     Epoch[1] Iteration[180/620], entropy: 0.4306, uncertainty: 1.2069, uncertainty_coeffi: 0.0100, loss: 0.5996, lr: 9.55e-07
     Epoch[1] Iteration[190/620], entropy: 0.3031, uncertainty: 1.3597, uncertainty_coeffi: 0.0100, loss: 0.3255, lr: 9.55e-07
     Epoch[1] Iteration[200/620], entropy: 0.4489, uncertainty: 1.2583, uncertainty_coeffi: 0.0100, loss: 0.5074, lr: 9.55e-07
     Epoch[1] Iteration[210/620], entropy: 0.4063, uncertainty: 1.1960, uncertainty_coeffi: 0.0100, loss: 0.7830, lr: 9.55e-07
     Epoch[1] Iteration[220/620], entropy: 0.4252, uncertainty: 0.9435, uncertainty_coeffi: 0.0100, loss: 4.2252, lr: 9.55e-07
     Epoch[1] Iteration[230/620], entropy: 0.2935, uncertainty: 1.2526, uncertainty_coeffi: 0.0100, loss: 5.9518, lr: 9.55e-07
     Epoch[1] Iteration[240/620], entropy: 0.3171, uncertainty: 1.2153, uncertainty_coeffi: 0.0100, loss: 0.5848, lr: 9.55e-07
     Epoch[1] Iteration[250/620], entropy: 0.4222, uncertainty: 1.0228, uncertainty_coeffi: 0.0100, loss: 0.9869, lr: 9.55e-07
     Epoch[1] Iteration[260/620], entropy: 0.4739, uncertainty: 1.1505, uncertainty_coeffi: 0.0100, loss: 0.6321, lr: 9.55e-07
     Epoch[1] Iteration[270/620], entropy: 0.4609, uncertainty: 1.1751, uncertainty_coeffi: 0.0100, loss: 1.0026, lr: 9.55e-07
     Epoch[1] Iteration[280/620], entropy: 0.3175, uncertainty: 1.1357, uncertainty_coeffi: 0.0100, loss: 2.0873, lr: 9.55e-07
     Epoch[1] Iteration[290/620], entropy: 0.4132, uncertainty: 1.1096, uncertainty_coeffi: 0.0100, loss: 0.6097, lr: 9.55e-07
     Epoch[1] Iteration[300/620], entropy: 0.4136, uncertainty: 1.0275, uncertainty_coeffi: 0.0100, loss: 0.9693, lr: 9.55e-07
     Epoch[1] Iteration[310/620], entropy: 0.3003, uncertainty: 1.1944, uncertainty_coeffi: 0.0100, loss: 0.7168, lr: 9.55e-07
     Epoch[1] Iteration[320/620], entropy: 0.4116, uncertainty: 1.1439, uncertainty_coeffi: 0.0100, loss: 0.6555, lr: 9.55e-07
     Epoch[1] Iteration[330/620], entropy: 0.2954, uncertainty: 0.9811, uncertainty_coeffi: 0.0100, loss: 0.7283, lr: 9.55e-07
     Epoch[1] Iteration[340/620], entropy: 0.3876, uncertainty: 1.0990, uncertainty_coeffi: 0.0100, loss: 4.1083, lr: 9.55e-07
     Epoch[1] Iteration[350/620], entropy: 0.3127, uncertainty: 0.9636, uncertainty_coeffi: 0.0100, loss: 2.1233, lr: 9.55e-07
     Epoch[1] Iteration[360/620], entropy: 0.3909, uncertainty: 0.9235, uncertainty_coeffi: 0.0100, loss: 0.9063, lr: 9.55e-07
     Epoch[1] Iteration[370/620], entropy: 0.4071, uncertainty: 1.0377, uncertainty_coeffi: 0.0100, loss: 1.1679, lr: 9.55e-07
     Epoch[1] Iteration[380/620], entropy: 0.3239, uncertainty: 1.2075, uncertainty_coeffi: 0.0100, loss: 0.5035, lr: 9.55e-07
     Epoch[1] Iteration[390/620], entropy: 0.3896, uncertainty: 1.3672, uncertainty_coeffi: 0.0100, loss: 0.6902, lr: 9.55e-07
     Epoch[1] Iteration[400/620], entropy: 0.2816, uncertainty: 1.2558, uncertainty_coeffi: 0.0100, loss: 0.4296, lr: 9.55e-07
     Epoch[1] Iteration[410/620], entropy: 0.3553, uncertainty: 1.3520, uncertainty_coeffi: 0.0100, loss: 0.5513, lr: 9.55e-07
     Epoch[1] Iteration[420/620], entropy: 0.3364, uncertainty: 1.2940, uncertainty_coeffi: 0.0100, loss: 0.5173, lr: 9.55e-07
     Epoch[1] Iteration[430/620], entropy: 0.3464, uncertainty: 0.9059, uncertainty_coeffi: 0.0100, loss: 0.9897, lr: 9.55e-07
     Epoch[1] Iteration[440/620], entropy: 0.2563, uncertainty: 1.2274, uncertainty_coeffi: 0.0100, loss: 0.4444, lr: 9.55e-07
     Epoch[1] Iteration[450/620], entropy: 0.4055, uncertainty: 1.2609, uncertainty_coeffi: 0.0100, loss: 0.4785, lr: 9.55e-07
     Epoch[1] Iteration[460/620], entropy: 0.3378, uncertainty: 1.0418, uncertainty_coeffi: 0.0100, loss: 0.8442, lr: 9.55e-07
     Epoch[1] Iteration[470/620], entropy: 0.3636, uncertainty: 1.3720, uncertainty_coeffi: 0.0100, loss: 0.5022, lr: 9.55e-07
     Epoch[1] Iteration[480/620], entropy: 0.3451, uncertainty: 1.3340, uncertainty_coeffi: 0.0100, loss: 0.5408, lr: 9.55e-07
     Epoch[1] Iteration[490/620], entropy: 0.3758, uncertainty: 1.0503, uncertainty_coeffi: 0.0100, loss: 0.8912, lr: 9.55e-07
     Epoch[1] Iteration[500/620], entropy: 0.5277, uncertainty: 1.1930, uncertainty_coeffi: 0.0100, loss: 0.8520, lr: 9.55e-07
     Epoch[1] Iteration[510/620], entropy: 0.4720, uncertainty: 1.0237, uncertainty_coeffi: 0.0100, loss: 1.6157, lr: 9.55e-07
     Epoch[1] Iteration[520/620], entropy: 0.3160, uncertainty: 1.1507, uncertainty_coeffi: 0.0100, loss: 0.7256, lr: 9.55e-07
     Epoch[1] Iteration[530/620], entropy: 0.3628, uncertainty: 1.0902, uncertainty_coeffi: 0.0100, loss: 0.3134, lr: 9.55e-07
     Epoch[1] Iteration[540/620], entropy: 0.2735, uncertainty: 1.1358, uncertainty_coeffi: 0.0100, loss: 0.8800, lr: 9.55e-07
     Epoch[1] Iteration[550/620], entropy: 0.3925, uncertainty: 1.1501, uncertainty_coeffi: 0.0100, loss: 4.5832, lr: 9.55e-07
     Epoch[1] Iteration[560/620], entropy: 0.4367, uncertainty: 1.2137, uncertainty_coeffi: 0.0100, loss: 0.7507, lr: 9.55e-07
     Epoch[1] Iteration[570/620], entropy: 0.2959, uncertainty: 1.0725, uncertainty_coeffi: 0.0100, loss: 2.5114, lr: 9.55e-07
     Epoch[1] Iteration[580/620], entropy: 0.3623, uncertainty: 1.1639, uncertainty_coeffi: 0.0100, loss: 0.7219, lr: 9.55e-07
     Epoch[1] Iteration[590/620], entropy: 0.3313, uncertainty: 1.2624, uncertainty_coeffi: 0.0100, loss: 0.3782, lr: 9.55e-07
     Epoch[1] Iteration[600/620], entropy: 0.2877, uncertainty: 1.1490, uncertainty_coeffi: 0.0100, loss: 0.4931, lr: 9.55e-07
     Epoch[1] Iteration[610/620], entropy: 0.3476, uncertainty: 1.2271, uncertainty_coeffi: 0.0100, loss: 1.0417, lr: 9.55e-07
     Epoch[1] Iteration[620/620], entropy: 0.3902, uncertainty: 1.1613, uncertainty_coeffi: 0.0100, loss: 0.4304, lr: 9.55e-07
     Averaged stats: entropy_avg: 0.3607, uncertainty_avg: 1.1617, uncertainty_coeffi_avg: 0.0100, loss_avg: 1.0469, lr_avg: 7.08e-07
     itm tta time 0:01:02
### TTA Eval Score: 
+-------+--------+--------+--------+--------+-------+
| epoch |   R1   |   R5   |  R10   |  mAP   |  mINP |
+-------+--------+--------+--------+--------+-------+
|  -999 | 60.641 | 77.499 | 83.248 | 35.543 | 6.005 |
|   0   | 60.711 | 77.509 | 83.278 | 35.616 | 6.023 |
|   1   | 60.797 | 77.524 | 83.258 | 35.670 | 6.044 |
+-------+--------+--------+--------+--------+-------+
     logs:  {'epo': 1, 'R1': np.float32(60.797), 'R5': np.float32(77.524), 'R10': np.float32(83.258), 'mAP': np.float32(35.67), 'mINP': np.float32(6.044), 'entropy': 0.3607162530383756, 'uncertainty': 1.161733635971623, 'uncertainty_coeffi': 0.009999999776482582, 'loss': 1.0468903063766417, 'lr': 7.084853434477399e-07}
     Epoch[2] Iteration[10/620], entropy: 0.5124, uncertainty: 1.0846, uncertainty_coeffi: 0.0100, loss: 0.9872, lr: 9.55e-07
     Epoch[2] Iteration[20/620], entropy: 0.3609, uncertainty: 1.4497, uncertainty_coeffi: 0.0100, loss: 0.3365, lr: 9.55e-07
     Epoch[2] Iteration[30/620], entropy: 0.4436, uncertainty: 1.2728, uncertainty_coeffi: 0.0100, loss: 0.4601, lr: 9.55e-07
     Epoch[2] Iteration[40/620], entropy: 0.2643, uncertainty: 1.0789, uncertainty_coeffi: 0.0100, loss: 0.5437, lr: 9.55e-07
     Epoch[2] Iteration[50/620], entropy: 0.2970, uncertainty: 0.9736, uncertainty_coeffi: 0.0100, loss: 1.2887, lr: 9.55e-07
     Epoch[2] Iteration[60/620], entropy: 0.5255, uncertainty: 1.2693, uncertainty_coeffi: 0.0100, loss: 1.6462, lr: 9.55e-07
     Epoch[2] Iteration[70/620], entropy: 0.3113, uncertainty: 1.0857, uncertainty_coeffi: 0.0100, loss: 0.3984, lr: 9.55e-07
     Epoch[2] Iteration[80/620], entropy: 0.3850, uncertainty: 1.1316, uncertainty_coeffi: 0.0100, loss: 1.2931, lr: 9.55e-07
     Epoch[2] Iteration[90/620], entropy: 0.2399, uncertainty: 0.9809, uncertainty_coeffi: 0.0100, loss: 0.3918, lr: 9.55e-07
     Epoch[2] Iteration[100/620], entropy: 0.2904, uncertainty: 1.2746, uncertainty_coeffi: 0.0100, loss: 0.4206, lr: 9.55e-07
     Epoch[2] Iteration[110/620], entropy: 0.2646, uncertainty: 0.8615, uncertainty_coeffi: 0.0100, loss: 0.5722, lr: 9.55e-07
     Epoch[2] Iteration[120/620], entropy: 0.3884, uncertainty: 1.2708, uncertainty_coeffi: 0.0100, loss: 0.4768, lr: 9.55e-07
     Epoch[2] Iteration[130/620], entropy: 0.3771, uncertainty: 1.3448, uncertainty_coeffi: 0.0100, loss: 0.5690, lr: 9.55e-07
     Epoch[2] Iteration[140/620], entropy: 0.3214, uncertainty: 1.2283, uncertainty_coeffi: 0.0100, loss: 0.5294, lr: 9.55e-07
     Epoch[2] Iteration[150/620], entropy: 0.3979, uncertainty: 1.1716, uncertainty_coeffi: 0.0100, loss: 0.9890, lr: 9.55e-07
     Epoch[2] Iteration[160/620], entropy: 0.3224, uncertainty: 1.2555, uncertainty_coeffi: 0.0100, loss: 0.3564, lr: 9.55e-07
     Epoch[2] Iteration[170/620], entropy: 0.4334, uncertainty: 1.1220, uncertainty_coeffi: 0.0100, loss: 1.7404, lr: 9.55e-07
     Epoch[2] Iteration[180/620], entropy: 0.4385, uncertainty: 1.1355, uncertainty_coeffi: 0.0100, loss: 0.8417, lr: 9.55e-07
     Epoch[2] Iteration[190/620], entropy: 0.3741, uncertainty: 1.3560, uncertainty_coeffi: 0.0100, loss: 0.7239, lr: 9.55e-07
     Epoch[2] Iteration[200/620], entropy: 0.3978, uncertainty: 1.2378, uncertainty_coeffi: 0.0100, loss: 0.7767, lr: 9.55e-07
     Epoch[2] Iteration[210/620], entropy: 0.3389, uncertainty: 1.2867, uncertainty_coeffi: 0.0100, loss: 0.4566, lr: 9.55e-07
     Epoch[2] Iteration[220/620], entropy: 0.3584, uncertainty: 1.3230, uncertainty_coeffi: 0.0100, loss: 0.4475, lr: 9.55e-07
     Epoch[2] Iteration[230/620], entropy: 0.3950, uncertainty: 0.9896, uncertainty_coeffi: 0.0100, loss: 10.4263, lr: 9.55e-07
     Epoch[2] Iteration[240/620], entropy: 0.3994, uncertainty: 0.9785, uncertainty_coeffi: 0.0100, loss: 0.7001, lr: 9.55e-07
     Epoch[2] Iteration[250/620], entropy: 0.4147, uncertainty: 0.8462, uncertainty_coeffi: 0.0100, loss: 1.0224, lr: 9.55e-07
     Epoch[2] Iteration[260/620], entropy: 0.2542, uncertainty: 1.0991, uncertainty_coeffi: 0.0100, loss: 1.4465, lr: 9.55e-07
     Epoch[2] Iteration[270/620], entropy: 0.3800, uncertainty: 1.2311, uncertainty_coeffi: 0.0100, loss: 0.8239, lr: 9.55e-07
     Epoch[2] Iteration[280/620], entropy: 0.2988, uncertainty: 1.1191, uncertainty_coeffi: 0.0100, loss: 0.6154, lr: 9.55e-07
     Epoch[2] Iteration[290/620], entropy: 0.4412, uncertainty: 1.2043, uncertainty_coeffi: 0.0100, loss: 4.5669, lr: 9.55e-07
     Epoch[2] Iteration[300/620], entropy: 0.3735, uncertainty: 1.3483, uncertainty_coeffi: 0.0100, loss: 0.4172, lr: 9.55e-07
     Epoch[2] Iteration[310/620], entropy: 0.3364, uncertainty: 1.1706, uncertainty_coeffi: 0.0100, loss: 0.5219, lr: 9.55e-07
     Epoch[2] Iteration[320/620], entropy: 0.4861, uncertainty: 1.2873, uncertainty_coeffi: 0.0100, loss: 0.4999, lr: 9.55e-07
     Epoch[2] Iteration[330/620], entropy: 0.3888, uncertainty: 1.0920, uncertainty_coeffi: 0.0100, loss: 1.3170, lr: 9.55e-07
     Epoch[2] Iteration[340/620], entropy: 0.4255, uncertainty: 1.2374, uncertainty_coeffi: 0.0100, loss: 0.6398, lr: 9.55e-07
     Epoch[2] Iteration[350/620], entropy: 0.3542, uncertainty: 1.1818, uncertainty_coeffi: 0.0100, loss: 0.4607, lr: 9.55e-07
     Epoch[2] Iteration[360/620], entropy: 0.2999, uncertainty: 1.3192, uncertainty_coeffi: 0.0100, loss: 1.7192, lr: 9.55e-07
     Epoch[2] Iteration[370/620], entropy: 0.4066, uncertainty: 1.3539, uncertainty_coeffi: 0.0100, loss: 0.8703, lr: 9.55e-07
     Epoch[2] Iteration[380/620], entropy: 0.3781, uncertainty: 0.8925, uncertainty_coeffi: 0.0100, loss: 0.6360, lr: 9.55e-07
     Epoch[2] Iteration[390/620], entropy: 0.2852, uncertainty: 1.0159, uncertainty_coeffi: 0.0100, loss: 0.7298, lr: 9.55e-07
     Epoch[2] Iteration[400/620], entropy: 0.4032, uncertainty: 1.2118, uncertainty_coeffi: 0.0100, loss: 1.3439, lr: 9.55e-07
     Epoch[2] Iteration[410/620], entropy: 0.3259, uncertainty: 1.4070, uncertainty_coeffi: 0.0100, loss: 0.4930, lr: 9.55e-07
     Epoch[2] Iteration[420/620], entropy: 0.3891, uncertainty: 1.0019, uncertainty_coeffi: 0.0100, loss: 0.8388, lr: 9.55e-07
     Epoch[2] Iteration[430/620], entropy: 0.3067, uncertainty: 1.1838, uncertainty_coeffi: 0.0100, loss: 2.4646, lr: 9.55e-07
     Epoch[2] Iteration[440/620], entropy: 0.4326, uncertainty: 1.1170, uncertainty_coeffi: 0.0100, loss: 0.5881, lr: 9.55e-07
     Epoch[2] Iteration[450/620], entropy: 0.3056, uncertainty: 1.0912, uncertainty_coeffi: 0.0100, loss: 0.3844, lr: 9.55e-07
     Epoch[2] Iteration[460/620], entropy: 0.3946, uncertainty: 1.1352, uncertainty_coeffi: 0.0100, loss: 2.1120, lr: 9.55e-07
     Epoch[2] Iteration[470/620], entropy: 0.3152, uncertainty: 1.1182, uncertainty_coeffi: 0.0100, loss: 1.0490, lr: 9.55e-07
     Epoch[2] Iteration[480/620], entropy: 0.3617, uncertainty: 1.1446, uncertainty_coeffi: 0.0100, loss: 1.3098, lr: 9.55e-07
     Epoch[2] Iteration[490/620], entropy: 0.3144, uncertainty: 1.3150, uncertainty_coeffi: 0.0100, loss: 0.7348, lr: 9.55e-07
     Epoch[2] Iteration[500/620], entropy: 0.3203, uncertainty: 0.9739, uncertainty_coeffi: 0.0100, loss: 1.0050, lr: 9.55e-07
     Epoch[2] Iteration[510/620], entropy: 0.3457, uncertainty: 1.1147, uncertainty_coeffi: 0.0100, loss: 0.8306, lr: 9.55e-07
     Epoch[2] Iteration[520/620], entropy: 0.3348, uncertainty: 1.1349, uncertainty_coeffi: 0.0100, loss: 0.5826, lr: 9.55e-07
     Epoch[2] Iteration[530/620], entropy: 0.3783, uncertainty: 1.1592, uncertainty_coeffi: 0.0100, loss: 0.4689, lr: 9.55e-07
     Epoch[2] Iteration[540/620], entropy: 0.2976, uncertainty: 1.1963, uncertainty_coeffi: 0.0100, loss: 0.8147, lr: 9.55e-07
     Epoch[2] Iteration[550/620], entropy: 0.3842, uncertainty: 1.0717, uncertainty_coeffi: 0.0100, loss: 0.6136, lr: 9.55e-07
     Epoch[2] Iteration[560/620], entropy: 0.3704, uncertainty: 1.1772, uncertainty_coeffi: 0.0100, loss: 0.4526, lr: 9.55e-07
     Epoch[2] Iteration[570/620], entropy: 0.3547, uncertainty: 0.9664, uncertainty_coeffi: 0.0100, loss: 0.4884, lr: 9.55e-07
     Epoch[2] Iteration[580/620], entropy: 0.3801, uncertainty: 1.1065, uncertainty_coeffi: 0.0100, loss: 0.9483, lr: 9.55e-07
     Epoch[2] Iteration[590/620], entropy: 0.4596, uncertainty: 1.2326, uncertainty_coeffi: 0.0100, loss: 1.0623, lr: 9.55e-07
     Epoch[2] Iteration[600/620], entropy: 0.3541, uncertainty: 0.9247, uncertainty_coeffi: 0.0100, loss: 2.8613, lr: 9.55e-07
     Epoch[2] Iteration[610/620], entropy: 0.3191, uncertainty: 0.7074, uncertainty_coeffi: 0.0100, loss: 2.1664, lr: 9.55e-07
     Epoch[2] Iteration[620/620], entropy: 0.3691, uncertainty: 1.3729, uncertainty_coeffi: 0.0100, loss: 0.4149, lr: 9.55e-07
     Averaged stats: entropy_avg: 0.3642, uncertainty_avg: 1.1520, uncertainty_coeffi_avg: 0.0100, loss_avg: 1.0917, lr_avg: 9.55e-07
     itm tta time 0:01:01
### TTA Eval Score: 
+-------+--------+--------+--------+--------+-------+
| epoch |   R1   |   R5   |  R10   |  mAP   |  mINP |
+-------+--------+--------+--------+--------+-------+
|  -999 | 60.641 | 77.499 | 83.248 | 35.543 | 6.005 |
|   0   | 60.711 | 77.509 | 83.278 | 35.616 | 6.023 |
|   1   | 60.797 | 77.524 | 83.258 | 35.670 | 6.044 |
|   2   | 60.903 | 77.519 | 83.212 | 35.717 | 6.061 |
+-------+--------+--------+--------+--------+-------+
     logs:  {'epo': 2, 'R1': np.float32(60.903), 'R5': np.float32(77.519), 'R10': np.float32(83.212), 'mAP': np.float32(35.717), 'mINP': np.float32(6.061), 'entropy': 0.3641603754893426, 'uncertainty': 1.1520313360998709, 'uncertainty_coeffi': 0.009999999776482582, 'loss': 1.091731284895251, 'lr': 9.549150281252641e-07}
     Epoch[3] Iteration[10/620], entropy: 0.3328, uncertainty: 1.1374, uncertainty_coeffi: 0.0100, loss: 0.4710, lr: 9.55e-07
     Epoch[3] Iteration[20/620], entropy: 0.2951, uncertainty: 1.1901, uncertainty_coeffi: 0.0100, loss: 0.4317, lr: 9.55e-07
     Epoch[3] Iteration[30/620], entropy: 0.2619, uncertainty: 1.0676, uncertainty_coeffi: 0.0100, loss: 0.3421, lr: 9.55e-07
     Epoch[3] Iteration[40/620], entropy: 0.2867, uncertainty: 1.1622, uncertainty_coeffi: 0.0100, loss: 0.3684, lr: 9.55e-07
     Epoch[3] Iteration[50/620], entropy: 0.2446, uncertainty: 1.1799, uncertainty_coeffi: 0.0100, loss: 0.5192, lr: 9.55e-07
     Epoch[3] Iteration[60/620], entropy: 0.3630, uncertainty: 0.8809, uncertainty_coeffi: 0.0100, loss: 3.0007, lr: 9.55e-07
     Epoch[3] Iteration[70/620], entropy: 0.4223, uncertainty: 1.1861, uncertainty_coeffi: 0.0100, loss: 0.6307, lr: 9.55e-07
     Epoch[3] Iteration[80/620], entropy: 0.3643, uncertainty: 1.1353, uncertainty_coeffi: 0.0100, loss: 0.4352, lr: 9.55e-07
     Epoch[3] Iteration[90/620], entropy: 0.3380, uncertainty: 0.8558, uncertainty_coeffi: 0.0100, loss: 0.6496, lr: 9.55e-07
     Epoch[3] Iteration[100/620], entropy: 0.3349, uncertainty: 1.2669, uncertainty_coeffi: 0.0100, loss: 0.6088, lr: 9.55e-07
     Epoch[3] Iteration[110/620], entropy: 0.2974, uncertainty: 1.0999, uncertainty_coeffi: 0.0100, loss: 0.4983, lr: 9.55e-07
     Epoch[3] Iteration[120/620], entropy: 0.3559, uncertainty: 1.0399, uncertainty_coeffi: 0.0100, loss: 1.4798, lr: 9.55e-07
     Epoch[3] Iteration[130/620], entropy: 0.3214, uncertainty: 1.5176, uncertainty_coeffi: 0.0100, loss: 0.3528, lr: 9.55e-07
     Epoch[3] Iteration[140/620], entropy: 0.4691, uncertainty: 1.2016, uncertainty_coeffi: 0.0100, loss: 0.5308, lr: 9.55e-07
     Epoch[3] Iteration[150/620], entropy: 0.3579, uncertainty: 1.2661, uncertainty_coeffi: 0.0100, loss: 0.3391, lr: 9.55e-07
     Epoch[3] Iteration[160/620], entropy: 0.3132, uncertainty: 1.2130, uncertainty_coeffi: 0.0100, loss: 0.5433, lr: 9.55e-07
     Epoch[3] Iteration[170/620], entropy: 0.2880, uncertainty: 1.1111, uncertainty_coeffi: 0.0100, loss: 0.7453, lr: 9.55e-07
     Epoch[3] Iteration[180/620], entropy: 0.3999, uncertainty: 1.0249, uncertainty_coeffi: 0.0100, loss: 3.5970, lr: 9.55e-07
     Epoch[3] Iteration[190/620], entropy: 0.2770, uncertainty: 1.0602, uncertainty_coeffi: 0.0100, loss: 0.6171, lr: 9.55e-07
     Epoch[3] Iteration[200/620], entropy: 0.3291, uncertainty: 0.9085, uncertainty_coeffi: 0.0100, loss: 3.1267, lr: 9.55e-07
     Epoch[3] Iteration[210/620], entropy: 0.3668, uncertainty: 1.1387, uncertainty_coeffi: 0.0100, loss: 0.8722, lr: 9.55e-07
     Epoch[3] Iteration[220/620], entropy: 0.3677, uncertainty: 0.9892, uncertainty_coeffi: 0.0100, loss: 0.7815, lr: 9.55e-07
     Epoch[3] Iteration[230/620], entropy: 0.3960, uncertainty: 1.1801, uncertainty_coeffi: 0.0100, loss: 1.5966, lr: 9.55e-07
     Epoch[3] Iteration[240/620], entropy: 0.4509, uncertainty: 1.1857, uncertainty_coeffi: 0.0100, loss: 1.3402, lr: 9.55e-07
     Epoch[3] Iteration[250/620], entropy: 0.2133, uncertainty: 0.8785, uncertainty_coeffi: 0.0100, loss: 0.4811, lr: 9.55e-07
     Epoch[3] Iteration[260/620], entropy: 0.3853, uncertainty: 1.1358, uncertainty_coeffi: 0.0100, loss: 0.6803, lr: 9.55e-07
     Epoch[3] Iteration[270/620], entropy: 0.3373, uncertainty: 1.1847, uncertainty_coeffi: 0.0100, loss: 0.7194, lr: 9.55e-07
     Epoch[3] Iteration[280/620], entropy: 0.3597, uncertainty: 1.1631, uncertainty_coeffi: 0.0100, loss: 0.6686, lr: 9.55e-07
     Epoch[3] Iteration[290/620], entropy: 0.3383, uncertainty: 1.0393, uncertainty_coeffi: 0.0100, loss: 0.6584, lr: 9.55e-07
     Epoch[3] Iteration[300/620], entropy: 0.3735, uncertainty: 1.2092, uncertainty_coeffi: 0.0100, loss: 0.6452, lr: 9.55e-07
     Epoch[3] Iteration[310/620], entropy: 0.3776, uncertainty: 1.3704, uncertainty_coeffi: 0.0100, loss: 0.3541, lr: 9.55e-07
     Epoch[3] Iteration[320/620], entropy: 0.3224, uncertainty: 1.2791, uncertainty_coeffi: 0.0100, loss: 4.1030, lr: 9.55e-07
     Epoch[3] Iteration[330/620], entropy: 0.3729, uncertainty: 1.3690, uncertainty_coeffi: 0.0100, loss: 1.0409, lr: 9.55e-07
     Epoch[3] Iteration[340/620], entropy: 0.3199, uncertainty: 1.2027, uncertainty_coeffi: 0.0100, loss: 0.4553, lr: 9.55e-07
     Epoch[3] Iteration[350/620], entropy: 0.3690, uncertainty: 1.4286, uncertainty_coeffi: 0.0100, loss: 0.4446, lr: 9.55e-07
     Epoch[3] Iteration[360/620], entropy: 0.3678, uncertainty: 1.1294, uncertainty_coeffi: 0.0100, loss: 0.6171, lr: 9.55e-07
     Epoch[3] Iteration[370/620], entropy: 0.4818, uncertainty: 1.1127, uncertainty_coeffi: 0.0100, loss: 0.9605, lr: 9.55e-07
     Epoch[3] Iteration[380/620], entropy: 0.2728, uncertainty: 1.2550, uncertainty_coeffi: 0.0100, loss: 5.4208, lr: 9.55e-07
     Epoch[3] Iteration[390/620], entropy: 0.2991, uncertainty: 1.2082, uncertainty_coeffi: 0.0100, loss: 0.9210, lr: 9.55e-07
     Epoch[3] Iteration[400/620], entropy: 0.3838, uncertainty: 1.1162, uncertainty_coeffi: 0.0100, loss: 0.7473, lr: 9.55e-07
     Epoch[3] Iteration[410/620], entropy: 0.4765, uncertainty: 1.1203, uncertainty_coeffi: 0.0100, loss: 0.7685, lr: 9.55e-07
     Epoch[3] Iteration[420/620], entropy: 0.3157, uncertainty: 1.1206, uncertainty_coeffi: 0.0100, loss: 0.3990, lr: 9.55e-07
     Epoch[3] Iteration[430/620], entropy: 0.3467, uncertainty: 1.3224, uncertainty_coeffi: 0.0100, loss: 0.5319, lr: 9.55e-07
     Epoch[3] Iteration[440/620], entropy: 0.2984, uncertainty: 1.2078, uncertainty_coeffi: 0.0100, loss: 0.3661, lr: 9.55e-07
     Epoch[3] Iteration[450/620], entropy: 0.2440, uncertainty: 0.8965, uncertainty_coeffi: 0.0100, loss: 0.4495, lr: 9.55e-07
     Epoch[3] Iteration[460/620], entropy: 0.3796, uncertainty: 1.1028, uncertainty_coeffi: 0.0100, loss: 1.8700, lr: 9.55e-07
     Epoch[3] Iteration[470/620], entropy: 0.3099, uncertainty: 1.3035, uncertainty_coeffi: 0.0100, loss: 8.2645, lr: 9.55e-07
     Epoch[3] Iteration[480/620], entropy: 0.4351, uncertainty: 1.6014, uncertainty_coeffi: 0.0100, loss: 0.5685, lr: 9.55e-07
     Epoch[3] Iteration[490/620], entropy: 0.3620, uncertainty: 1.2301, uncertainty_coeffi: 0.0100, loss: 0.6751, lr: 9.55e-07
     Epoch[3] Iteration[500/620], entropy: 0.3629, uncertainty: 1.1000, uncertainty_coeffi: 0.0100, loss: 1.0356, lr: 9.55e-07
     Epoch[3] Iteration[510/620], entropy: 0.4481, uncertainty: 1.2115, uncertainty_coeffi: 0.0100, loss: 0.7615, lr: 9.55e-07
     Epoch[3] Iteration[520/620], entropy: 0.3125, uncertainty: 1.1469, uncertainty_coeffi: 0.0100, loss: 1.7568, lr: 9.55e-07
     Epoch[3] Iteration[530/620], entropy: 0.3619, uncertainty: 1.1507, uncertainty_coeffi: 0.0100, loss: 1.2128, lr: 9.55e-07
     Epoch[3] Iteration[540/620], entropy: 0.4182, uncertainty: 1.1100, uncertainty_coeffi: 0.0100, loss: 3.0450, lr: 9.55e-07
     Epoch[3] Iteration[550/620], entropy: 0.3850, uncertainty: 1.1686, uncertainty_coeffi: 0.0100, loss: 0.8309, lr: 9.55e-07
     Epoch[3] Iteration[560/620], entropy: 0.3393, uncertainty: 1.1727, uncertainty_coeffi: 0.0100, loss: 0.4552, lr: 9.55e-07
     Epoch[3] Iteration[570/620], entropy: 0.2952, uncertainty: 1.0849, uncertainty_coeffi: 0.0100, loss: 0.5930, lr: 9.55e-07
     Epoch[3] Iteration[580/620], entropy: 0.3540, uncertainty: 1.1454, uncertainty_coeffi: 0.0100, loss: 1.0753, lr: 9.55e-07
     Epoch[3] Iteration[590/620], entropy: 0.3419, uncertainty: 1.2692, uncertainty_coeffi: 0.0100, loss: 0.5436, lr: 9.55e-07
     Epoch[3] Iteration[600/620], entropy: 0.4522, uncertainty: 1.0199, uncertainty_coeffi: 0.0100, loss: 0.7159, lr: 9.55e-07
     Epoch[3] Iteration[610/620], entropy: 0.3097, uncertainty: 1.1967, uncertainty_coeffi: 0.0100, loss: 0.6541, lr: 9.55e-07
     Epoch[3] Iteration[620/620], entropy: 0.3828, uncertainty: 1.2094, uncertainty_coeffi: 0.0100, loss: 4.3885, lr: 9.55e-07
     Averaged stats: entropy_avg: 0.3506, uncertainty_avg: 1.1608, uncertainty_coeffi_avg: 0.0100, loss_avg: 1.1896, lr_avg: 9.55e-07
     itm tta time 0:01:02
     Epoch[4] Iteration[10/620], entropy: 0.3433, uncertainty: 1.2639, uncertainty_coeffi: 0.0100, loss: 0.5405, lr: 9.55e-07
     Epoch[4] Iteration[20/620], entropy: 0.2912, uncertainty: 0.9054, uncertainty_coeffi: 0.0100, loss: 0.5701, lr: 9.55e-07
     Epoch[4] Iteration[30/620], entropy: 0.3422, uncertainty: 1.2836, uncertainty_coeffi: 0.0100, loss: 1.5289, lr: 9.55e-07
     Epoch[4] Iteration[40/620], entropy: 0.3345, uncertainty: 1.1751, uncertainty_coeffi: 0.0100, loss: 0.9606, lr: 9.55e-07
     Epoch[4] Iteration[50/620], entropy: 0.3853, uncertainty: 1.0738, uncertainty_coeffi: 0.0100, loss: 0.8190, lr: 9.55e-07
     Epoch[4] Iteration[60/620], entropy: 0.3299, uncertainty: 1.2831, uncertainty_coeffi: 0.0100, loss: 0.9776, lr: 9.55e-07
     Epoch[4] Iteration[70/620], entropy: 0.3030, uncertainty: 1.4198, uncertainty_coeffi: 0.0100, loss: 1.8317, lr: 9.55e-07
     Epoch[4] Iteration[80/620], entropy: 0.3779, uncertainty: 1.3387, uncertainty_coeffi: 0.0100, loss: 1.9068, lr: 9.55e-07
     Epoch[4] Iteration[90/620], entropy: 0.3371, uncertainty: 0.9263, uncertainty_coeffi: 0.0100, loss: 0.7616, lr: 9.55e-07
     Epoch[4] Iteration[100/620], entropy: 0.2431, uncertainty: 0.9635, uncertainty_coeffi: 0.0100, loss: 2.1427, lr: 9.55e-07
     Epoch[4] Iteration[110/620], entropy: 0.3813, uncertainty: 1.3875, uncertainty_coeffi: 0.0100, loss: 0.4954, lr: 9.55e-07
     Epoch[4] Iteration[120/620], entropy: 0.3094, uncertainty: 1.1493, uncertainty_coeffi: 0.0100, loss: 0.9142, lr: 9.55e-07
     Epoch[4] Iteration[130/620], entropy: 0.3420, uncertainty: 1.2824, uncertainty_coeffi: 0.0100, loss: 0.4168, lr: 9.55e-07
     Epoch[4] Iteration[140/620], entropy: 0.3436, uncertainty: 1.1781, uncertainty_coeffi: 0.0100, loss: 0.5162, lr: 9.55e-07
     Epoch[4] Iteration[150/620], entropy: 0.4134, uncertainty: 1.2838, uncertainty_coeffi: 0.0100, loss: 0.4781, lr: 9.55e-07
     Epoch[4] Iteration[160/620], entropy: 0.2870, uncertainty: 1.0670, uncertainty_coeffi: 0.0100, loss: 0.5316, lr: 9.55e-07
     Epoch[4] Iteration[170/620], entropy: 0.3841, uncertainty: 1.3177, uncertainty_coeffi: 0.0100, loss: 0.4507, lr: 9.55e-07
     Epoch[4] Iteration[180/620], entropy: 0.4690, uncertainty: 1.0970, uncertainty_coeffi: 0.0100, loss: 0.5224, lr: 9.55e-07
     Epoch[4] Iteration[190/620], entropy: 0.3703, uncertainty: 1.1083, uncertainty_coeffi: 0.0100, loss: 0.4093, lr: 9.55e-07
     Epoch[4] Iteration[200/620], entropy: 0.3246, uncertainty: 1.4720, uncertainty_coeffi: 0.0100, loss: 1.7036, lr: 9.55e-07
     Epoch[4] Iteration[210/620], entropy: 0.4563, uncertainty: 1.1268, uncertainty_coeffi: 0.0100, loss: 0.9816, lr: 9.55e-07
     Epoch[4] Iteration[220/620], entropy: 0.3678, uncertainty: 1.0192, uncertainty_coeffi: 0.0100, loss: 2.4967, lr: 9.55e-07
     Epoch[4] Iteration[230/620], entropy: 0.3813, uncertainty: 1.1293, uncertainty_coeffi: 0.0100, loss: 0.7867, lr: 9.55e-07
     Epoch[4] Iteration[240/620], entropy: 0.4264, uncertainty: 1.3337, uncertainty_coeffi: 0.0100, loss: 1.0806, lr: 9.55e-07
     Epoch[4] Iteration[250/620], entropy: 0.4166, uncertainty: 1.4760, uncertainty_coeffi: 0.0100, loss: 0.6094, lr: 9.55e-07
     Epoch[4] Iteration[260/620], entropy: 0.4071, uncertainty: 1.1587, uncertainty_coeffi: 0.0100, loss: 8.1981, lr: 9.55e-07
     Epoch[4] Iteration[270/620], entropy: 0.3120, uncertainty: 1.1928, uncertainty_coeffi: 0.0100, loss: 0.4911, lr: 9.55e-07
     Epoch[4] Iteration[280/620], entropy: 0.3773, uncertainty: 0.8223, uncertainty_coeffi: 0.0100, loss: 0.9909, lr: 9.55e-07
     Epoch[4] Iteration[290/620], entropy: 0.3526, uncertainty: 1.2342, uncertainty_coeffi: 0.0100, loss: 0.3896, lr: 9.55e-07
     Epoch[4] Iteration[300/620], entropy: 0.3647, uncertainty: 1.1516, uncertainty_coeffi: 0.0100, loss: 0.7631, lr: 9.55e-07
     Epoch[4] Iteration[310/620], entropy: 0.3937, uncertainty: 0.8786, uncertainty_coeffi: 0.0100, loss: 0.8429, lr: 9.55e-07
     Epoch[4] Iteration[320/620], entropy: 0.3532, uncertainty: 1.2129, uncertainty_coeffi: 0.0100, loss: 0.2996, lr: 9.55e-07
     Epoch[4] Iteration[330/620], entropy: 0.3873, uncertainty: 1.2968, uncertainty_coeffi: 0.0100, loss: 1.2511, lr: 9.55e-07
     Epoch[4] Iteration[340/620], entropy: 0.4324, uncertainty: 1.2602, uncertainty_coeffi: 0.0100, loss: 0.5292, lr: 9.55e-07
     Epoch[4] Iteration[350/620], entropy: 0.3336, uncertainty: 1.5122, uncertainty_coeffi: 0.0100, loss: 0.4990, lr: 9.55e-07
     Epoch[4] Iteration[360/620], entropy: 0.2582, uncertainty: 0.9198, uncertainty_coeffi: 0.0100, loss: 0.7831, lr: 9.55e-07
     Epoch[4] Iteration[370/620], entropy: 0.4092, uncertainty: 1.3691, uncertainty_coeffi: 0.0100, loss: 0.6029, lr: 9.55e-07
     Epoch[4] Iteration[380/620], entropy: 0.3682, uncertainty: 1.1764, uncertainty_coeffi: 0.0100, loss: 1.7841, lr: 9.55e-07
     Epoch[4] Iteration[390/620], entropy: 0.3210, uncertainty: 1.1251, uncertainty_coeffi: 0.0100, loss: 0.4890, lr: 9.55e-07
     Epoch[4] Iteration[400/620], entropy: 0.3042, uncertainty: 1.0360, uncertainty_coeffi: 0.0100, loss: 0.9672, lr: 9.55e-07
     Epoch[4] Iteration[410/620], entropy: 0.3435, uncertainty: 1.1108, uncertainty_coeffi: 0.0100, loss: 0.7573, lr: 9.55e-07
     Epoch[4] Iteration[420/620], entropy: 0.4502, uncertainty: 1.3754, uncertainty_coeffi: 0.0100, loss: 0.8035, lr: 9.55e-07
     Epoch[4] Iteration[430/620], entropy: 0.2216, uncertainty: 1.0897, uncertainty_coeffi: 0.0100, loss: 0.2914, lr: 9.55e-07
     Epoch[4] Iteration[440/620], entropy: 0.3392, uncertainty: 1.2124, uncertainty_coeffi: 0.0100, loss: 1.7205, lr: 9.55e-07
     Epoch[4] Iteration[450/620], entropy: 0.2515, uncertainty: 1.1842, uncertainty_coeffi: 0.0100, loss: 0.4439, lr: 9.55e-07
     Epoch[4] Iteration[460/620], entropy: 0.3670, uncertainty: 0.8961, uncertainty_coeffi: 0.0100, loss: 1.3696, lr: 9.55e-07
     Epoch[4] Iteration[470/620], entropy: 0.3395, uncertainty: 1.1187, uncertainty_coeffi: 0.0100, loss: 1.9755, lr: 9.55e-07
     Epoch[4] Iteration[480/620], entropy: 0.2193, uncertainty: 1.3933, uncertainty_coeffi: 0.0100, loss: 0.4098, lr: 9.55e-07
     Epoch[4] Iteration[490/620], entropy: 0.4056, uncertainty: 1.3069, uncertainty_coeffi: 0.0100, loss: 0.7155, lr: 9.55e-07
     Epoch[4] Iteration[500/620], entropy: 0.3015, uncertainty: 1.1493, uncertainty_coeffi: 0.0100, loss: 0.3341, lr: 9.55e-07
     Epoch[4] Iteration[510/620], entropy: 0.3740, uncertainty: 1.4258, uncertainty_coeffi: 0.0100, loss: 0.7088, lr: 9.55e-07
     Epoch[4] Iteration[520/620], entropy: 0.1905, uncertainty: 1.2597, uncertainty_coeffi: 0.0100, loss: 0.7587, lr: 9.55e-07
     Epoch[4] Iteration[530/620], entropy: 0.3131, uncertainty: 1.1073, uncertainty_coeffi: 0.0100, loss: 0.6010, lr: 9.55e-07
     Epoch[4] Iteration[540/620], entropy: 0.3264, uncertainty: 1.1429, uncertainty_coeffi: 0.0100, loss: 8.9874, lr: 9.55e-07
     Epoch[4] Iteration[550/620], entropy: 0.3603, uncertainty: 1.0183, uncertainty_coeffi: 0.0100, loss: 0.6845, lr: 9.55e-07
     Epoch[4] Iteration[560/620], entropy: 0.3752, uncertainty: 1.0860, uncertainty_coeffi: 0.0100, loss: 0.8954, lr: 9.55e-07
     Epoch[4] Iteration[570/620], entropy: 0.3393, uncertainty: 1.1396, uncertainty_coeffi: 0.0100, loss: 0.9038, lr: 3.45e-06
     Epoch[4] Iteration[580/620], entropy: 0.3624, uncertainty: 1.0088, uncertainty_coeffi: 0.0100, loss: 1.1833, lr: 3.45e-06
     Epoch[4] Iteration[590/620], entropy: 0.3024, uncertainty: 0.9632, uncertainty_coeffi: 0.0100, loss: 0.5224, lr: 3.45e-06
     Epoch[4] Iteration[600/620], entropy: 0.3496, uncertainty: 1.3636, uncertainty_coeffi: 0.0100, loss: 0.4996, lr: 3.45e-06
     Epoch[4] Iteration[610/620], entropy: 0.2548, uncertainty: 1.1797, uncertainty_coeffi: 0.0100, loss: 0.4920, lr: 3.45e-06
     Epoch[4] Iteration[620/620], entropy: 0.2765, uncertainty: 1.0695, uncertainty_coeffi: 0.0100, loss: 0.9084, lr: 3.45e-06
     Averaged stats: entropy_avg: 0.3451, uncertainty_avg: 1.1776, uncertainty_coeffi_avg: 0.0100, loss_avg: 1.1174, lr_avg: 1.20e-06
     itm tta time 0:01:02
### TTA Eval Score: 
+-------+--------+--------+--------+--------+-------+
| epoch |   R1   |   R5   |  R10   |  mAP   |  mINP |
+-------+--------+--------+--------+--------+-------+
|  -999 | 60.641 | 77.499 | 83.248 | 35.543 | 6.005 |
|   0   | 60.711 | 77.509 | 83.278 | 35.616 | 6.023 |
|   1   | 60.797 | 77.524 | 83.258 | 35.670 | 6.044 |
|   2   | 60.903 | 77.519 | 83.212 | 35.717 | 6.061 |
|   4   | 60.928 | 77.509 | 83.258 | 35.779 | 6.088 |
+-------+--------+--------+--------+--------+-------+
     logs:  {'epo': 4, 'R1': np.float32(60.928), 'R5': np.float32(77.509), 'R10': np.float32(83.258), 'mAP': np.float32(35.779), 'mINP': np.float32(6.088), 'entropy': 0.3451384466982657, 'uncertainty': 1.1775635778903961, 'uncertainty_coeffi': 0.009999999776482582, 'loss': 1.1174248356011607, 'lr': 1.196850511996732e-06}
     Epoch[5] Iteration[10/620], entropy: 0.3393, uncertainty: 1.3232, uncertainty_coeffi: 0.0100, loss: 0.3210, lr: 3.45e-06
     Epoch[5] Iteration[20/620], entropy: 0.2763, uncertainty: 1.1545, uncertainty_coeffi: 0.0100, loss: 0.5724, lr: 3.45e-06
     Epoch[5] Iteration[30/620], entropy: 0.3605, uncertainty: 1.1668, uncertainty_coeffi: 0.0100, loss: 0.5011, lr: 3.45e-06
     Epoch[5] Iteration[40/620], entropy: 0.3733, uncertainty: 1.1364, uncertainty_coeffi: 0.0100, loss: 0.4835, lr: 3.45e-06
     Epoch[5] Iteration[50/620], entropy: 0.3504, uncertainty: 1.4645, uncertainty_coeffi: 0.0100, loss: 0.3425, lr: 3.45e-06
     Epoch[5] Iteration[60/620], entropy: 0.4361, uncertainty: 1.3930, uncertainty_coeffi: 0.0100, loss: 0.7099, lr: 3.45e-06
     Epoch[5] Iteration[70/620], entropy: 0.3668, uncertainty: 1.0988, uncertainty_coeffi: 0.0100, loss: 0.7974, lr: 3.45e-06
     Epoch[5] Iteration[80/620], entropy: 0.3920, uncertainty: 1.2513, uncertainty_coeffi: 0.0100, loss: 1.9238, lr: 3.45e-06
     Epoch[5] Iteration[90/620], entropy: 0.3250, uncertainty: 1.1090, uncertainty_coeffi: 0.0100, loss: 0.5942, lr: 3.45e-06
     Epoch[5] Iteration[100/620], entropy: 0.3513, uncertainty: 1.2242, uncertainty_coeffi: 0.0100, loss: 0.4519, lr: 3.45e-06
     Epoch[5] Iteration[110/620], entropy: 0.2585, uncertainty: 0.8241, uncertainty_coeffi: 0.0100, loss: 1.2894, lr: 3.45e-06
     Epoch[5] Iteration[120/620], entropy: 0.3254, uncertainty: 1.1751, uncertainty_coeffi: 0.0100, loss: 0.4461, lr: 3.45e-06
     Epoch[5] Iteration[130/620], entropy: 0.4609, uncertainty: 1.3135, uncertainty_coeffi: 0.0100, loss: 5.1826, lr: 3.45e-06
     Epoch[5] Iteration[140/620], entropy: 0.4163, uncertainty: 1.0729, uncertainty_coeffi: 0.0100, loss: 0.8416, lr: 3.45e-06
     Epoch[5] Iteration[150/620], entropy: 0.3938, uncertainty: 1.2305, uncertainty_coeffi: 0.0100, loss: 0.5725, lr: 3.45e-06
     Epoch[5] Iteration[160/620], entropy: 0.2624, uncertainty: 1.2698, uncertainty_coeffi: 0.0100, loss: 0.4977, lr: 3.45e-06
     Epoch[5] Iteration[170/620], entropy: 0.4177, uncertainty: 0.9224, uncertainty_coeffi: 0.0100, loss: 1.9355, lr: 3.45e-06
     Epoch[5] Iteration[180/620], entropy: 0.2689, uncertainty: 1.0950, uncertainty_coeffi: 0.0100, loss: 0.3778, lr: 3.45e-06
     Epoch[5] Iteration[190/620], entropy: 0.3338, uncertainty: 1.1936, uncertainty_coeffi: 0.0100, loss: 0.4037, lr: 3.45e-06
     Epoch[5] Iteration[200/620], entropy: 0.3610, uncertainty: 0.8701, uncertainty_coeffi: 0.0100, loss: 0.9743, lr: 3.45e-06
     Epoch[5] Iteration[210/620], entropy: 0.2991, uncertainty: 0.9801, uncertainty_coeffi: 0.0100, loss: 3.9976, lr: 3.45e-06
     Epoch[5] Iteration[220/620], entropy: 0.3032, uncertainty: 1.0485, uncertainty_coeffi: 0.0100, loss: 0.8003, lr: 3.45e-06
     Epoch[5] Iteration[230/620], entropy: 0.3563, uncertainty: 1.0691, uncertainty_coeffi: 0.0100, loss: 0.6176, lr: 3.45e-06
     Epoch[5] Iteration[240/620], entropy: 0.3630, uncertainty: 1.2432, uncertainty_coeffi: 0.0100, loss: 0.5157, lr: 3.45e-06
     Epoch[5] Iteration[250/620], entropy: 0.3727, uncertainty: 1.1912, uncertainty_coeffi: 0.0100, loss: 1.0429, lr: 3.45e-06
     Epoch[5] Iteration[260/620], entropy: 0.3087, uncertainty: 1.3716, uncertainty_coeffi: 0.0100, loss: 0.2474, lr: 3.45e-06
     Epoch[5] Iteration[270/620], entropy: 0.3023, uncertainty: 1.1389, uncertainty_coeffi: 0.0100, loss: 1.3230, lr: 3.45e-06
     Epoch[5] Iteration[280/620], entropy: 0.3061, uncertainty: 1.1693, uncertainty_coeffi: 0.0100, loss: 0.3284, lr: 3.45e-06
     Epoch[5] Iteration[290/620], entropy: 0.3301, uncertainty: 1.0845, uncertainty_coeffi: 0.0100, loss: 0.8019, lr: 3.45e-06
     Epoch[5] Iteration[300/620], entropy: 0.3564, uncertainty: 1.2390, uncertainty_coeffi: 0.0100, loss: 0.5124, lr: 3.45e-06
     Epoch[5] Iteration[310/620], entropy: 0.2479, uncertainty: 1.0737, uncertainty_coeffi: 0.0100, loss: 0.5921, lr: 3.45e-06
     Epoch[5] Iteration[320/620], entropy: 0.3439, uncertainty: 0.9889, uncertainty_coeffi: 0.0100, loss: 1.3772, lr: 3.45e-06
     Epoch[5] Iteration[330/620], entropy: 0.2659, uncertainty: 1.0897, uncertainty_coeffi: 0.0100, loss: 0.9843, lr: 3.45e-06
     Epoch[5] Iteration[340/620], entropy: 0.3402, uncertainty: 0.9819, uncertainty_coeffi: 0.0100, loss: 0.5840, lr: 3.45e-06
     Epoch[5] Iteration[350/620], entropy: 0.3941, uncertainty: 1.3166, uncertainty_coeffi: 0.0100, loss: 0.7359, lr: 3.45e-06
     Epoch[5] Iteration[360/620], entropy: 0.3239, uncertainty: 1.1782, uncertainty_coeffi: 0.0100, loss: 1.3273, lr: 3.45e-06
     Epoch[5] Iteration[370/620], entropy: 0.2675, uncertainty: 1.1679, uncertainty_coeffi: 0.0100, loss: 0.3438, lr: 3.45e-06
     Epoch[5] Iteration[380/620], entropy: 0.3129, uncertainty: 1.0821, uncertainty_coeffi: 0.0100, loss: 0.7025, lr: 3.45e-06
     Epoch[5] Iteration[390/620], entropy: 0.4989, uncertainty: 1.2272, uncertainty_coeffi: 0.0100, loss: 1.0184, lr: 3.45e-06
     Epoch[5] Iteration[400/620], entropy: 0.2840, uncertainty: 1.1526, uncertainty_coeffi: 0.0100, loss: 0.3520, lr: 3.45e-06
     Epoch[5] Iteration[410/620], entropy: 0.2585, uncertainty: 1.3215, uncertainty_coeffi: 0.0100, loss: 0.9071, lr: 3.45e-06
     Epoch[5] Iteration[420/620], entropy: 0.2982, uncertainty: 0.9353, uncertainty_coeffi: 0.0100, loss: 0.9689, lr: 3.45e-06
     Epoch[5] Iteration[430/620], entropy: 0.3384, uncertainty: 1.2196, uncertainty_coeffi: 0.0100, loss: 0.4496, lr: 3.45e-06
     Epoch[5] Iteration[440/620], entropy: 0.3890, uncertainty: 1.1709, uncertainty_coeffi: 0.0100, loss: 0.5625, lr: 3.45e-06
     Epoch[5] Iteration[450/620], entropy: 0.2487, uncertainty: 1.3698, uncertainty_coeffi: 0.0100, loss: 0.3995, lr: 3.45e-06
     Epoch[5] Iteration[460/620], entropy: 0.3563, uncertainty: 0.9720, uncertainty_coeffi: 0.0100, loss: 0.7769, lr: 3.45e-06
     Epoch[5] Iteration[470/620], entropy: 0.3579, uncertainty: 1.2490, uncertainty_coeffi: 0.0100, loss: 1.4429, lr: 3.45e-06
     Epoch[5] Iteration[480/620], entropy: 0.3550, uncertainty: 1.0927, uncertainty_coeffi: 0.0100, loss: 0.5184, lr: 3.45e-06
     Epoch[5] Iteration[490/620], entropy: 0.3503, uncertainty: 1.0232, uncertainty_coeffi: 0.0100, loss: 1.4064, lr: 3.45e-06
     Epoch[5] Iteration[500/620], entropy: 0.3769, uncertainty: 1.3935, uncertainty_coeffi: 0.0100, loss: 0.4046, lr: 3.45e-06
     Epoch[5] Iteration[510/620], entropy: 0.3800, uncertainty: 1.2063, uncertainty_coeffi: 0.0100, loss: 0.5389, lr: 3.45e-06
     Epoch[5] Iteration[520/620], entropy: 0.3963, uncertainty: 1.4828, uncertainty_coeffi: 0.0100, loss: 0.5058, lr: 3.45e-06
     Epoch[5] Iteration[530/620], entropy: 0.4369, uncertainty: 1.3049, uncertainty_coeffi: 0.0100, loss: 0.4329, lr: 3.45e-06
     Epoch[5] Iteration[540/620], entropy: 0.3087, uncertainty: 1.5465, uncertainty_coeffi: 0.0100, loss: 0.5465, lr: 3.45e-06
     Epoch[5] Iteration[550/620], entropy: 0.4049, uncertainty: 1.2913, uncertainty_coeffi: 0.0100, loss: 0.5529, lr: 3.45e-06
     Epoch[5] Iteration[560/620], entropy: 0.3980, uncertainty: 0.9707, uncertainty_coeffi: 0.0100, loss: 0.4878, lr: 3.45e-06
     Epoch[5] Iteration[570/620], entropy: 0.3038, uncertainty: 1.2553, uncertainty_coeffi: 0.0100, loss: 0.4234, lr: 3.45e-06
     Epoch[5] Iteration[580/620], entropy: 0.4366, uncertainty: 1.2189, uncertainty_coeffi: 0.0100, loss: 0.9770, lr: 3.45e-06
     Epoch[5] Iteration[590/620], entropy: 0.2973, uncertainty: 1.2956, uncertainty_coeffi: 0.0100, loss: 0.6585, lr: 3.45e-06
     Epoch[5] Iteration[600/620], entropy: 0.4717, uncertainty: 1.4384, uncertainty_coeffi: 0.0100, loss: 1.0136, lr: 3.45e-06
     Epoch[5] Iteration[610/620], entropy: 0.3392, uncertainty: 1.0624, uncertainty_coeffi: 0.0100, loss: 0.4465, lr: 3.45e-06
     Epoch[5] Iteration[620/620], entropy: 0.2059, uncertainty: 0.9549, uncertainty_coeffi: 0.0100, loss: 0.5748, lr: 3.45e-06
     Averaged stats: entropy_avg: 0.3444, uncertainty_avg: 1.1751, uncertainty_coeffi_avg: 0.0100, loss_avg: 0.8455, lr_avg: 3.45e-06
     itm tta time 0:01:01
     Epoch[6] Iteration[10/620], entropy: 0.3332, uncertainty: 0.9947, uncertainty_coeffi: 0.0100, loss: 0.5269, lr: 3.45e-06
     Epoch[6] Iteration[20/620], entropy: 0.3939, uncertainty: 1.3511, uncertainty_coeffi: 0.0100, loss: 0.3165, lr: 3.45e-06
     Epoch[6] Iteration[30/620], entropy: 0.3576, uncertainty: 1.1398, uncertainty_coeffi: 0.0100, loss: 0.6518, lr: 3.45e-06
     Epoch[6] Iteration[40/620], entropy: 0.4210, uncertainty: 1.1455, uncertainty_coeffi: 0.0100, loss: 2.2523, lr: 3.45e-06
     Epoch[6] Iteration[50/620], entropy: 0.3532, uncertainty: 0.9797, uncertainty_coeffi: 0.0100, loss: 0.9938, lr: 3.45e-06
     Epoch[6] Iteration[60/620], entropy: 0.3124, uncertainty: 1.2261, uncertainty_coeffi: 0.0100, loss: 0.8718, lr: 3.45e-06
     Epoch[6] Iteration[70/620], entropy: 0.3690, uncertainty: 1.1904, uncertainty_coeffi: 0.0100, loss: 0.3905, lr: 3.45e-06
     Epoch[6] Iteration[80/620], entropy: 0.4366, uncertainty: 1.2138, uncertainty_coeffi: 0.0100, loss: 0.8055, lr: 3.45e-06
     Epoch[6] Iteration[90/620], entropy: 0.3193, uncertainty: 1.1184, uncertainty_coeffi: 0.0100, loss: 0.4038, lr: 3.45e-06
     Epoch[6] Iteration[100/620], entropy: 0.3878, uncertainty: 1.1224, uncertainty_coeffi: 0.0100, loss: 1.6881, lr: 3.45e-06
     Epoch[6] Iteration[110/620], entropy: 0.4504, uncertainty: 1.1556, uncertainty_coeffi: 0.0100, loss: 0.8761, lr: 3.45e-06
     Epoch[6] Iteration[120/620], entropy: 0.3735, uncertainty: 1.2813, uncertainty_coeffi: 0.0100, loss: 1.6000, lr: 3.45e-06
     Epoch[6] Iteration[130/620], entropy: 0.4213, uncertainty: 1.2307, uncertainty_coeffi: 0.0100, loss: 2.2416, lr: 3.45e-06
     Epoch[6] Iteration[140/620], entropy: 0.2364, uncertainty: 1.1369, uncertainty_coeffi: 0.0100, loss: 1.4045, lr: 3.45e-06
     Epoch[6] Iteration[150/620], entropy: 0.3218, uncertainty: 0.9530, uncertainty_coeffi: 0.0100, loss: 2.7058, lr: 3.45e-06
     Epoch[6] Iteration[160/620], entropy: 0.4044, uncertainty: 0.9034, uncertainty_coeffi: 0.0100, loss: 0.7178, lr: 3.45e-06
     Epoch[6] Iteration[170/620], entropy: 0.2888, uncertainty: 0.9863, uncertainty_coeffi: 0.0100, loss: 1.1064, lr: 3.45e-06
     Epoch[6] Iteration[180/620], entropy: 0.3142, uncertainty: 1.3070, uncertainty_coeffi: 0.0100, loss: 0.5364, lr: 3.45e-06
     Epoch[6] Iteration[190/620], entropy: 0.3967, uncertainty: 1.1744, uncertainty_coeffi: 0.0100, loss: 0.4471, lr: 3.45e-06
     Epoch[6] Iteration[200/620], entropy: 0.4470, uncertainty: 1.2014, uncertainty_coeffi: 0.0100, loss: 0.9782, lr: 3.45e-06
     Epoch[6] Iteration[210/620], entropy: 0.3143, uncertainty: 1.1025, uncertainty_coeffi: 0.0100, loss: 1.4105, lr: 3.45e-06
     Epoch[6] Iteration[220/620], entropy: 0.2444, uncertainty: 1.1477, uncertainty_coeffi: 0.0100, loss: 0.7187, lr: 3.45e-06
     Epoch[6] Iteration[230/620], entropy: 0.3980, uncertainty: 1.2427, uncertainty_coeffi: 0.0100, loss: 0.4115, lr: 3.45e-06
     Epoch[6] Iteration[240/620], entropy: 0.4934, uncertainty: 1.0990, uncertainty_coeffi: 0.0100, loss: 0.7728, lr: 3.45e-06
     Epoch[6] Iteration[250/620], entropy: 0.4123, uncertainty: 1.1572, uncertainty_coeffi: 0.0100, loss: 0.8013, lr: 3.45e-06
     Epoch[6] Iteration[260/620], entropy: 0.3061, uncertainty: 1.1344, uncertainty_coeffi: 0.0100, loss: 0.8779, lr: 3.45e-06
     Epoch[6] Iteration[270/620], entropy: 0.4210, uncertainty: 1.1194, uncertainty_coeffi: 0.0100, loss: 1.0708, lr: 3.45e-06
     Epoch[6] Iteration[280/620], entropy: 0.3553, uncertainty: 1.2310, uncertainty_coeffi: 0.0100, loss: 1.0343, lr: 3.45e-06
     Epoch[6] Iteration[290/620], entropy: 0.2631, uncertainty: 1.2043, uncertainty_coeffi: 0.0100, loss: 0.9720, lr: 3.45e-06
     Epoch[6] Iteration[300/620], entropy: 0.3219, uncertainty: 1.3540, uncertainty_coeffi: 0.0100, loss: 1.9392, lr: 3.45e-06
     Epoch[6] Iteration[310/620], entropy: 0.3133, uncertainty: 1.2419, uncertainty_coeffi: 0.0100, loss: 0.8145, lr: 3.45e-06
     Epoch[6] Iteration[320/620], entropy: 0.3186, uncertainty: 1.2641, uncertainty_coeffi: 0.0100, loss: 0.3987, lr: 3.45e-06
     Epoch[6] Iteration[330/620], entropy: 0.3288, uncertainty: 0.9689, uncertainty_coeffi: 0.0100, loss: 1.1201, lr: 3.45e-06
     Epoch[6] Iteration[340/620], entropy: 0.3090, uncertainty: 1.1567, uncertainty_coeffi: 0.0100, loss: 1.5348, lr: 3.45e-06
     Epoch[6] Iteration[350/620], entropy: 0.2192, uncertainty: 0.9307, uncertainty_coeffi: 0.0100, loss: 0.6628, lr: 3.45e-06
     Epoch[6] Iteration[360/620], entropy: 0.2913, uncertainty: 1.0898, uncertainty_coeffi: 0.0100, loss: 0.6815, lr: 3.45e-06
     Epoch[6] Iteration[370/620], entropy: 0.2314, uncertainty: 1.2309, uncertainty_coeffi: 0.0100, loss: 0.5275, lr: 3.45e-06
     Epoch[6] Iteration[380/620], entropy: 0.2264, uncertainty: 0.8770, uncertainty_coeffi: 0.0100, loss: 0.5687, lr: 3.45e-06
     Epoch[6] Iteration[390/620], entropy: 0.3955, uncertainty: 0.9841, uncertainty_coeffi: 0.0100, loss: 1.0866, lr: 3.45e-06
     Epoch[6] Iteration[400/620], entropy: 0.2926, uncertainty: 1.2618, uncertainty_coeffi: 0.0100, loss: 1.2370, lr: 3.45e-06
     Epoch[6] Iteration[410/620], entropy: 0.3218, uncertainty: 1.0928, uncertainty_coeffi: 0.0100, loss: 0.5599, lr: 3.45e-06
     Epoch[6] Iteration[420/620], entropy: 0.3170, uncertainty: 1.1146, uncertainty_coeffi: 0.0100, loss: 0.4469, lr: 3.45e-06
     Epoch[6] Iteration[430/620], entropy: 0.2607, uncertainty: 1.2086, uncertainty_coeffi: 0.0100, loss: 0.3727, lr: 3.45e-06
     Epoch[6] Iteration[440/620], entropy: 0.3234, uncertainty: 1.2536, uncertainty_coeffi: 0.0100, loss: 0.8832, lr: 3.45e-06
     Epoch[6] Iteration[450/620], entropy: 0.3585, uncertainty: 1.1064, uncertainty_coeffi: 0.0100, loss: 1.0344, lr: 3.45e-06
     Epoch[6] Iteration[460/620], entropy: 0.2452, uncertainty: 1.2077, uncertainty_coeffi: 0.0100, loss: 0.4366, lr: 3.45e-06
     Epoch[6] Iteration[470/620], entropy: 0.3867, uncertainty: 1.0081, uncertainty_coeffi: 0.0100, loss: 0.6722, lr: 3.45e-06
     Epoch[6] Iteration[480/620], entropy: 0.3776, uncertainty: 1.3188, uncertainty_coeffi: 0.0100, loss: 0.4648, lr: 3.45e-06
     Epoch[6] Iteration[490/620], entropy: 0.3887, uncertainty: 1.2213, uncertainty_coeffi: 0.0100, loss: 1.8072, lr: 3.45e-06
     Epoch[6] Iteration[500/620], entropy: 0.3928, uncertainty: 1.1818, uncertainty_coeffi: 0.0100, loss: 1.0435, lr: 3.45e-06
     Epoch[6] Iteration[510/620], entropy: 0.3067, uncertainty: 1.1438, uncertainty_coeffi: 0.0100, loss: 0.4710, lr: 3.45e-06
     Epoch[6] Iteration[520/620], entropy: 0.3539, uncertainty: 1.1336, uncertainty_coeffi: 0.0100, loss: 0.7611, lr: 3.45e-06
     Epoch[6] Iteration[530/620], entropy: 0.2364, uncertainty: 1.0698, uncertainty_coeffi: 0.0100, loss: 0.4515, lr: 3.45e-06
     Epoch[6] Iteration[540/620], entropy: 0.4121, uncertainty: 1.1728, uncertainty_coeffi: 0.0100, loss: 0.9291, lr: 3.45e-06
     Epoch[6] Iteration[550/620], entropy: 0.2659, uncertainty: 1.2188, uncertainty_coeffi: 0.0100, loss: 0.5141, lr: 3.45e-06
     Epoch[6] Iteration[560/620], entropy: 0.3610, uncertainty: 1.1038, uncertainty_coeffi: 0.0100, loss: 1.7099, lr: 3.45e-06
     Epoch[6] Iteration[570/620], entropy: 0.3064, uncertainty: 1.0304, uncertainty_coeffi: 0.0100, loss: 0.4814, lr: 3.45e-06
     Epoch[6] Iteration[580/620], entropy: 0.4254, uncertainty: 1.1637, uncertainty_coeffi: 0.0100, loss: 1.3725, lr: 3.45e-06
     Epoch[6] Iteration[590/620], entropy: 0.3286, uncertainty: 1.2750, uncertainty_coeffi: 0.0100, loss: 0.4280, lr: 3.45e-06
     Epoch[6] Iteration[600/620], entropy: 0.3796, uncertainty: 1.2692, uncertainty_coeffi: 0.0100, loss: 0.4975, lr: 3.45e-06
     Epoch[6] Iteration[610/620], entropy: 0.3202, uncertainty: 1.2561, uncertainty_coeffi: 0.0100, loss: 0.4512, lr: 3.45e-06
     Epoch[6] Iteration[620/620], entropy: 0.3759, uncertainty: 1.1001, uncertainty_coeffi: 0.0100, loss: 1.4494, lr: 3.45e-06
     Averaged stats: entropy_avg: 0.3426, uncertainty_avg: 1.1494, uncertainty_coeffi_avg: 0.0100, loss_avg: 0.9257, lr_avg: 3.45e-06
     itm tta time 0:01:01
     Epoch[7] Iteration[10/620], entropy: 0.4201, uncertainty: 1.2514, uncertainty_coeffi: 0.0100, loss: 8.4321, lr: 3.45e-06
     Epoch[7] Iteration[20/620], entropy: 0.3795, uncertainty: 1.2778, uncertainty_coeffi: 0.0100, loss: 0.4223, lr: 3.45e-06
     Epoch[7] Iteration[30/620], entropy: 0.3398, uncertainty: 1.2088, uncertainty_coeffi: 0.0100, loss: 0.5827, lr: 3.45e-06
     Epoch[7] Iteration[40/620], entropy: 0.3224, uncertainty: 0.9971, uncertainty_coeffi: 0.0100, loss: 0.5295, lr: 3.45e-06
     Epoch[7] Iteration[50/620], entropy: 0.2939, uncertainty: 1.0366, uncertainty_coeffi: 0.0100, loss: 7.4994, lr: 3.45e-06
     Epoch[7] Iteration[60/620], entropy: 0.2205, uncertainty: 1.1276, uncertainty_coeffi: 0.0100, loss: 0.3967, lr: 3.45e-06
     Epoch[7] Iteration[70/620], entropy: 0.3563, uncertainty: 1.1003, uncertainty_coeffi: 0.0100, loss: 3.7630, lr: 3.45e-06
     Epoch[7] Iteration[80/620], entropy: 0.2565, uncertainty: 1.4017, uncertainty_coeffi: 0.0100, loss: 0.2615, lr: 3.45e-06
     Epoch[7] Iteration[90/620], entropy: 0.2695, uncertainty: 1.1432, uncertainty_coeffi: 0.0100, loss: 1.4563, lr: 3.45e-06
     Epoch[7] Iteration[100/620], entropy: 0.3017, uncertainty: 1.1363, uncertainty_coeffi: 0.0100, loss: 0.4146, lr: 3.45e-06
     Epoch[7] Iteration[110/620], entropy: 0.2388, uncertainty: 0.9263, uncertainty_coeffi: 0.0100, loss: 0.6133, lr: 3.45e-06
     Epoch[7] Iteration[120/620], entropy: 0.3236, uncertainty: 1.0606, uncertainty_coeffi: 0.0100, loss: 0.5702, lr: 3.45e-06
     Epoch[7] Iteration[130/620], entropy: 0.2636, uncertainty: 0.8031, uncertainty_coeffi: 0.0100, loss: 1.1770, lr: 3.45e-06
     Epoch[7] Iteration[140/620], entropy: 0.2596, uncertainty: 1.1311, uncertainty_coeffi: 0.0100, loss: 0.3931, lr: 3.45e-06
     Epoch[7] Iteration[150/620], entropy: 0.3936, uncertainty: 1.0774, uncertainty_coeffi: 0.0100, loss: 0.9198, lr: 3.45e-06
     Epoch[7] Iteration[160/620], entropy: 0.3486, uncertainty: 1.0529, uncertainty_coeffi: 0.0100, loss: 0.7909, lr: 3.45e-06
     Epoch[7] Iteration[170/620], entropy: 0.3906, uncertainty: 1.2013, uncertainty_coeffi: 0.0100, loss: 0.5715, lr: 3.45e-06
     Epoch[7] Iteration[180/620], entropy: 0.3878, uncertainty: 0.9990, uncertainty_coeffi: 0.0100, loss: 1.8540, lr: 3.45e-06
     Epoch[7] Iteration[190/620], entropy: 0.3998, uncertainty: 1.3185, uncertainty_coeffi: 0.0100, loss: 1.0579, lr: 3.45e-06
     Epoch[7] Iteration[200/620], entropy: 0.3253, uncertainty: 0.9832, uncertainty_coeffi: 0.0100, loss: 8.1392, lr: 3.45e-06
     Epoch[7] Iteration[210/620], entropy: 0.3827, uncertainty: 1.1777, uncertainty_coeffi: 0.0100, loss: 0.4048, lr: 3.45e-06
     Epoch[7] Iteration[220/620], entropy: 0.2978, uncertainty: 0.9848, uncertainty_coeffi: 0.0100, loss: 0.7264, lr: 3.45e-06
     Epoch[7] Iteration[230/620], entropy: 0.4306, uncertainty: 1.2081, uncertainty_coeffi: 0.0100, loss: 0.7886, lr: 3.45e-06
     Epoch[7] Iteration[240/620], entropy: 0.3375, uncertainty: 1.0125, uncertainty_coeffi: 0.0100, loss: 0.3965, lr: 3.45e-06
     Epoch[7] Iteration[250/620], entropy: 0.3512, uncertainty: 1.2150, uncertainty_coeffi: 0.0100, loss: 0.6935, lr: 3.45e-06
     Epoch[7] Iteration[260/620], entropy: 0.3544, uncertainty: 1.2750, uncertainty_coeffi: 0.0100, loss: 0.3278, lr: 3.45e-06
     Epoch[7] Iteration[270/620], entropy: 0.3564, uncertainty: 1.0189, uncertainty_coeffi: 0.0100, loss: 0.4420, lr: 3.45e-06
     Epoch[7] Iteration[280/620], entropy: 0.2893, uncertainty: 0.8247, uncertainty_coeffi: 0.0100, loss: 2.0372, lr: 3.45e-06
     Epoch[7] Iteration[290/620], entropy: 0.3290, uncertainty: 1.0281, uncertainty_coeffi: 0.0100, loss: 0.4191, lr: 3.45e-06
     Epoch[7] Iteration[300/620], entropy: 0.4511, uncertainty: 1.1155, uncertainty_coeffi: 0.0100, loss: 0.6913, lr: 3.45e-06
     Epoch[7] Iteration[310/620], entropy: 0.3013, uncertainty: 1.2986, uncertainty_coeffi: 0.0100, loss: 0.4927, lr: 3.45e-06
     Epoch[7] Iteration[320/620], entropy: 0.3592, uncertainty: 1.1430, uncertainty_coeffi: 0.0100, loss: 0.5401, lr: 3.45e-06
     Epoch[7] Iteration[330/620], entropy: 0.4153, uncertainty: 1.1326, uncertainty_coeffi: 0.0100, loss: 0.8775, lr: 3.45e-06
     Epoch[7] Iteration[340/620], entropy: 0.4804, uncertainty: 1.2545, uncertainty_coeffi: 0.0100, loss: 0.6955, lr: 3.45e-06
     Epoch[7] Iteration[350/620], entropy: 0.3270, uncertainty: 1.2778, uncertainty_coeffi: 0.0100, loss: 0.6686, lr: 3.45e-06
     Epoch[7] Iteration[360/620], entropy: 0.2475, uncertainty: 1.1877, uncertainty_coeffi: 0.0100, loss: 0.2804, lr: 3.45e-06
     Epoch[7] Iteration[370/620], entropy: 0.2925, uncertainty: 1.1348, uncertainty_coeffi: 0.0100, loss: 6.3169, lr: 3.45e-06
     Epoch[7] Iteration[380/620], entropy: 0.2825, uncertainty: 1.0320, uncertainty_coeffi: 0.0100, loss: 0.5962, lr: 3.45e-06
     Epoch[7] Iteration[390/620], entropy: 0.3801, uncertainty: 1.3859, uncertainty_coeffi: 0.0100, loss: 1.1978, lr: 3.45e-06
     Epoch[7] Iteration[400/620], entropy: 0.2911, uncertainty: 1.0636, uncertainty_coeffi: 0.0100, loss: 0.6741, lr: 3.45e-06
     Epoch[7] Iteration[410/620], entropy: 0.4483, uncertainty: 1.3321, uncertainty_coeffi: 0.0100, loss: 1.7358, lr: 3.45e-06
     Epoch[7] Iteration[420/620], entropy: 0.4073, uncertainty: 1.1184, uncertainty_coeffi: 0.0100, loss: 2.3404, lr: 3.45e-06
     Epoch[7] Iteration[430/620], entropy: 0.3897, uncertainty: 1.5152, uncertainty_coeffi: 0.0100, loss: 0.4097, lr: 3.45e-06
     Epoch[7] Iteration[440/620], entropy: 0.3001, uncertainty: 1.1002, uncertainty_coeffi: 0.0100, loss: 0.9320, lr: 3.45e-06
     Epoch[7] Iteration[450/620], entropy: 0.3110, uncertainty: 1.1944, uncertainty_coeffi: 0.0100, loss: 0.4293, lr: 3.45e-06
     Epoch[7] Iteration[460/620], entropy: 0.2896, uncertainty: 1.0624, uncertainty_coeffi: 0.0100, loss: 0.4497, lr: 3.45e-06
     Epoch[7] Iteration[470/620], entropy: 0.4858, uncertainty: 1.3654, uncertainty_coeffi: 0.0100, loss: 0.6208, lr: 3.45e-06
     Epoch[7] Iteration[480/620], entropy: 0.3620, uncertainty: 1.3583, uncertainty_coeffi: 0.0100, loss: 0.3764, lr: 3.45e-06
     Epoch[7] Iteration[490/620], entropy: 0.4198, uncertainty: 1.2681, uncertainty_coeffi: 0.0100, loss: 0.7752, lr: 3.45e-06
     Epoch[7] Iteration[500/620], entropy: 0.3279, uncertainty: 1.1749, uncertainty_coeffi: 0.0100, loss: 1.2551, lr: 3.45e-06
     Epoch[7] Iteration[510/620], entropy: 0.3735, uncertainty: 1.2330, uncertainty_coeffi: 0.0100, loss: 2.0106, lr: 3.45e-06
     Epoch[7] Iteration[520/620], entropy: 0.3305, uncertainty: 1.2859, uncertainty_coeffi: 0.0100, loss: 0.4936, lr: 3.45e-06
     Epoch[7] Iteration[530/620], entropy: 0.3892, uncertainty: 1.2597, uncertainty_coeffi: 0.0100, loss: 2.1275, lr: 3.45e-06
     Epoch[7] Iteration[540/620], entropy: 0.3609, uncertainty: 1.2129, uncertainty_coeffi: 0.0100, loss: 0.7229, lr: 3.45e-06
     Epoch[7] Iteration[550/620], entropy: 0.3565, uncertainty: 1.1288, uncertainty_coeffi: 0.0100, loss: 0.3894, lr: 3.45e-06
     Epoch[7] Iteration[560/620], entropy: 0.2814, uncertainty: 0.9941, uncertainty_coeffi: 0.0100, loss: 3.6289, lr: 3.45e-06
     Epoch[7] Iteration[570/620], entropy: 0.3609, uncertainty: 1.3266, uncertainty_coeffi: 0.0100, loss: 0.4705, lr: 3.45e-06
     Epoch[7] Iteration[580/620], entropy: 0.4044, uncertainty: 1.2654, uncertainty_coeffi: 0.0100, loss: 0.7801, lr: 3.45e-06
     Epoch[7] Iteration[590/620], entropy: 0.3835, uncertainty: 1.1354, uncertainty_coeffi: 0.0100, loss: 0.5601, lr: 3.45e-06
     Epoch[7] Iteration[600/620], entropy: 0.3961, uncertainty: 1.2942, uncertainty_coeffi: 0.0100, loss: 0.6729, lr: 3.45e-06
     Epoch[7] Iteration[610/620], entropy: 0.2991, uncertainty: 1.2351, uncertainty_coeffi: 0.0100, loss: 0.3378, lr: 3.45e-06
     Epoch[7] Iteration[620/620], entropy: 0.3677, uncertainty: 1.2549, uncertainty_coeffi: 0.0100, loss: 0.3413, lr: 3.45e-06
     Averaged stats: entropy_avg: 0.3467, uncertainty_avg: 1.1632, uncertainty_coeffi_avg: 0.0100, loss_avg: 1.3060, lr_avg: 3.45e-06
     itm tta time 0:01:01
     Epoch[8] Iteration[10/620], entropy: 0.4762, uncertainty: 1.3106, uncertainty_coeffi: 0.0100, loss: 0.4552, lr: 3.45e-06
     Epoch[8] Iteration[20/620], entropy: 0.4100, uncertainty: 1.1354, uncertainty_coeffi: 0.0100, loss: 1.1757, lr: 3.45e-06
     Epoch[8] Iteration[30/620], entropy: 0.3688, uncertainty: 1.0780, uncertainty_coeffi: 0.0100, loss: 0.4594, lr: 3.45e-06
     Epoch[8] Iteration[40/620], entropy: 0.3313, uncertainty: 0.9473, uncertainty_coeffi: 0.0100, loss: 0.5687, lr: 3.45e-06
     Epoch[8] Iteration[50/620], entropy: 0.3215, uncertainty: 0.9504, uncertainty_coeffi: 0.0100, loss: 1.7382, lr: 3.45e-06
     Epoch[8] Iteration[60/620], entropy: 0.3740, uncertainty: 1.0469, uncertainty_coeffi: 0.0100, loss: 0.5441, lr: 3.45e-06
     Epoch[8] Iteration[70/620], entropy: 0.3366, uncertainty: 1.3935, uncertainty_coeffi: 0.0100, loss: 0.8143, lr: 3.45e-06
     Epoch[8] Iteration[80/620], entropy: 0.3411, uncertainty: 1.1813, uncertainty_coeffi: 0.0100, loss: 1.4547, lr: 3.45e-06
     Epoch[8] Iteration[90/620], entropy: 0.3363, uncertainty: 1.0286, uncertainty_coeffi: 0.0100, loss: 3.7858, lr: 3.45e-06
     Epoch[8] Iteration[100/620], entropy: 0.3985, uncertainty: 0.9038, uncertainty_coeffi: 0.0100, loss: 0.8626, lr: 3.45e-06
     Epoch[8] Iteration[110/620], entropy: 0.3615, uncertainty: 1.2123, uncertainty_coeffi: 0.0100, loss: 1.7316, lr: 3.45e-06
     Epoch[8] Iteration[120/620], entropy: 0.2976, uncertainty: 0.8899, uncertainty_coeffi: 0.0100, loss: 0.7119, lr: 3.45e-06
     Epoch[8] Iteration[130/620], entropy: 0.3425, uncertainty: 1.2164, uncertainty_coeffi: 0.0100, loss: 0.5990, lr: 3.45e-06
     Epoch[8] Iteration[140/620], entropy: 0.3320, uncertainty: 1.0873, uncertainty_coeffi: 0.0100, loss: 0.6456, lr: 3.45e-06
     Epoch[8] Iteration[150/620], entropy: 0.4623, uncertainty: 1.2655, uncertainty_coeffi: 0.0100, loss: 1.9790, lr: 3.45e-06
     Epoch[8] Iteration[160/620], entropy: 0.3550, uncertainty: 1.1160, uncertainty_coeffi: 0.0100, loss: 0.5677, lr: 3.45e-06
     Epoch[8] Iteration[170/620], entropy: 0.2996, uncertainty: 1.1309, uncertainty_coeffi: 0.0100, loss: 0.6160, lr: 3.45e-06
     Epoch[8] Iteration[180/620], entropy: 0.3807, uncertainty: 1.3048, uncertainty_coeffi: 0.0100, loss: 0.4367, lr: 3.45e-06
     Epoch[8] Iteration[190/620], entropy: 0.2947, uncertainty: 1.2052, uncertainty_coeffi: 0.0100, loss: 0.4132, lr: 3.45e-06
     Epoch[8] Iteration[200/620], entropy: 0.3308, uncertainty: 1.2307, uncertainty_coeffi: 0.0100, loss: 0.5678, lr: 3.45e-06
     Epoch[8] Iteration[210/620], entropy: 0.3847, uncertainty: 1.2405, uncertainty_coeffi: 0.0100, loss: 1.6719, lr: 3.45e-06
     Epoch[8] Iteration[220/620], entropy: 0.3357, uncertainty: 1.0315, uncertainty_coeffi: 0.0100, loss: 0.7093, lr: 3.45e-06
     Epoch[8] Iteration[230/620], entropy: 0.3979, uncertainty: 1.0473, uncertainty_coeffi: 0.0100, loss: 1.3516, lr: 3.45e-06
     Epoch[8] Iteration[240/620], entropy: 0.3213, uncertainty: 1.2811, uncertainty_coeffi: 0.0100, loss: 0.4183, lr: 3.45e-06
     Epoch[8] Iteration[250/620], entropy: 0.3184, uncertainty: 1.1391, uncertainty_coeffi: 0.0100, loss: 0.7287, lr: 3.45e-06
     Epoch[8] Iteration[260/620], entropy: 0.3493, uncertainty: 0.9930, uncertainty_coeffi: 0.0100, loss: 0.6123, lr: 3.45e-06
     Epoch[8] Iteration[270/620], entropy: 0.3341, uncertainty: 1.0849, uncertainty_coeffi: 0.0100, loss: 5.2488, lr: 3.45e-06
     Epoch[8] Iteration[280/620], entropy: 0.2734, uncertainty: 1.2243, uncertainty_coeffi: 0.0100, loss: 0.6747, lr: 3.45e-06
     Epoch[8] Iteration[290/620], entropy: 0.4380, uncertainty: 1.0351, uncertainty_coeffi: 0.0100, loss: 0.8921, lr: 3.45e-06
     Epoch[8] Iteration[300/620], entropy: 0.2970, uncertainty: 1.2138, uncertainty_coeffi: 0.0100, loss: 0.7542, lr: 3.45e-06
     Epoch[8] Iteration[310/620], entropy: 0.3504, uncertainty: 1.0019, uncertainty_coeffi: 0.0100, loss: 1.8933, lr: 3.45e-06
     Epoch[8] Iteration[320/620], entropy: 0.4276, uncertainty: 1.2699, uncertainty_coeffi: 0.0100, loss: 0.6801, lr: 3.45e-06
     Epoch[8] Iteration[330/620], entropy: 0.1682, uncertainty: 0.6299, uncertainty_coeffi: 0.0100, loss: 1.0331, lr: 3.45e-06
     Epoch[8] Iteration[340/620], entropy: 0.3590, uncertainty: 1.2710, uncertainty_coeffi: 0.0100, loss: 0.4082, lr: 3.45e-06
     Epoch[8] Iteration[350/620], entropy: 0.3172, uncertainty: 1.2279, uncertainty_coeffi: 0.0100, loss: 0.4429, lr: 3.45e-06
     Epoch[8] Iteration[360/620], entropy: 0.3330, uncertainty: 1.3280, uncertainty_coeffi: 0.0100, loss: 0.5155, lr: 3.45e-06
     Epoch[8] Iteration[370/620], entropy: 0.2798, uncertainty: 1.1678, uncertainty_coeffi: 0.0100, loss: 0.6405, lr: 3.45e-06
     Epoch[8] Iteration[380/620], entropy: 0.4132, uncertainty: 1.1701, uncertainty_coeffi: 0.0100, loss: 2.1172, lr: 3.45e-06
     Epoch[8] Iteration[390/620], entropy: 0.4774, uncertainty: 1.4081, uncertainty_coeffi: 0.0100, loss: 0.6438, lr: 3.45e-06
     Epoch[8] Iteration[400/620], entropy: 0.3343, uncertainty: 1.0250, uncertainty_coeffi: 0.0100, loss: 0.4741, lr: 3.45e-06
     Epoch[8] Iteration[410/620], entropy: 0.3446, uncertainty: 1.0824, uncertainty_coeffi: 0.0100, loss: 1.1389, lr: 3.45e-06
     Epoch[8] Iteration[420/620], entropy: 0.2686, uncertainty: 0.8850, uncertainty_coeffi: 0.0100, loss: 1.0418, lr: 3.45e-06
     Epoch[8] Iteration[430/620], entropy: 0.4240, uncertainty: 1.2045, uncertainty_coeffi: 0.0100, loss: 0.5042, lr: 3.45e-06
     Epoch[8] Iteration[440/620], entropy: 0.3725, uncertainty: 1.1965, uncertainty_coeffi: 0.0100, loss: 0.7869, lr: 3.45e-06
     Epoch[8] Iteration[450/620], entropy: 0.3443, uncertainty: 1.3422, uncertainty_coeffi: 0.0100, loss: 0.3510, lr: 3.45e-06
     Epoch[8] Iteration[460/620], entropy: 0.4441, uncertainty: 0.9580, uncertainty_coeffi: 0.0100, loss: 2.0695, lr: 3.45e-06
     Epoch[8] Iteration[470/620], entropy: 0.3070, uncertainty: 0.9796, uncertainty_coeffi: 0.0100, loss: 0.5511, lr: 3.45e-06
     Epoch[8] Iteration[480/620], entropy: 0.3729, uncertainty: 1.1704, uncertainty_coeffi: 0.0100, loss: 0.4654, lr: 3.45e-06
     Epoch[8] Iteration[490/620], entropy: 0.4605, uncertainty: 1.0008, uncertainty_coeffi: 0.0100, loss: 0.9567, lr: 3.45e-06
     Epoch[8] Iteration[500/620], entropy: 0.3493, uncertainty: 1.0841, uncertainty_coeffi: 0.0100, loss: 2.2176, lr: 3.45e-06
     Epoch[8] Iteration[510/620], entropy: 0.2935, uncertainty: 0.9581, uncertainty_coeffi: 0.0100, loss: 1.3051, lr: 3.45e-06
     Epoch[8] Iteration[520/620], entropy: 0.1803, uncertainty: 0.9895, uncertainty_coeffi: 0.0100, loss: 0.3966, lr: 3.45e-06
     Epoch[8] Iteration[530/620], entropy: 0.4783, uncertainty: 1.2024, uncertainty_coeffi: 0.0100, loss: 0.5486, lr: 3.45e-06
     Epoch[8] Iteration[540/620], entropy: 0.3895, uncertainty: 0.9888, uncertainty_coeffi: 0.0100, loss: 1.0538, lr: 3.45e-06
     Epoch[8] Iteration[550/620], entropy: 0.2933, uncertainty: 1.2267, uncertainty_coeffi: 0.0100, loss: 0.3784, lr: 3.45e-06
     Epoch[8] Iteration[560/620], entropy: 0.3248, uncertainty: 1.1877, uncertainty_coeffi: 0.0100, loss: 0.7414, lr: 3.45e-06
     Epoch[8] Iteration[570/620], entropy: 0.3929, uncertainty: 1.0808, uncertainty_coeffi: 0.0100, loss: 1.2789, lr: 3.45e-06
     Epoch[8] Iteration[580/620], entropy: 0.3467, uncertainty: 1.0724, uncertainty_coeffi: 0.0100, loss: 0.8196, lr: 3.45e-06
     Epoch[8] Iteration[590/620], entropy: 0.3669, uncertainty: 1.2474, uncertainty_coeffi: 0.0100, loss: 0.6626, lr: 3.45e-06
     Epoch[8] Iteration[600/620], entropy: 0.2323, uncertainty: 1.2176, uncertainty_coeffi: 0.0100, loss: 0.2991, lr: 3.45e-06
     Epoch[8] Iteration[610/620], entropy: 0.3057, uncertainty: 1.5275, uncertainty_coeffi: 0.0100, loss: 0.5861, lr: 3.45e-06
     Epoch[8] Iteration[620/620], entropy: 0.2867, uncertainty: 1.4052, uncertainty_coeffi: 0.0100, loss: 0.7246, lr: 3.45e-06
     Averaged stats: entropy_avg: 0.3490, uncertainty_avg: 1.1360, uncertainty_coeffi_avg: 0.0100, loss_avg: 0.9825, lr_avg: 3.45e-06
     itm tta time 0:01:01
     Epoch[9] Iteration[10/620], entropy: 0.2874, uncertainty: 1.1729, uncertainty_coeffi: 0.0100, loss: 0.6956, lr: 3.45e-06
     Epoch[9] Iteration[20/620], entropy: 0.2896, uncertainty: 1.3052, uncertainty_coeffi: 0.0100, loss: 0.2547, lr: 3.45e-06
     Epoch[9] Iteration[30/620], entropy: 0.2775, uncertainty: 1.4652, uncertainty_coeffi: 0.0100, loss: 0.2615, lr: 3.45e-06
     Epoch[9] Iteration[40/620], entropy: 0.2550, uncertainty: 1.2188, uncertainty_coeffi: 0.0100, loss: 0.7461, lr: 3.45e-06
     Epoch[9] Iteration[50/620], entropy: 0.3202, uncertainty: 1.0000, uncertainty_coeffi: 0.0100, loss: 4.1007, lr: 3.45e-06
     Epoch[9] Iteration[60/620], entropy: 0.4484, uncertainty: 1.2023, uncertainty_coeffi: 0.0100, loss: 0.6480, lr: 3.45e-06
     Epoch[9] Iteration[70/620], entropy: 0.2979, uncertainty: 1.2459, uncertainty_coeffi: 0.0100, loss: 0.4764, lr: 3.45e-06
     Epoch[9] Iteration[80/620], entropy: 0.3195, uncertainty: 1.4595, uncertainty_coeffi: 0.0100, loss: 0.3368, lr: 3.45e-06
     Epoch[9] Iteration[90/620], entropy: 0.3037, uncertainty: 1.1197, uncertainty_coeffi: 0.0100, loss: 4.6387, lr: 3.45e-06
     Epoch[9] Iteration[100/620], entropy: 0.3166, uncertainty: 1.2217, uncertainty_coeffi: 0.0100, loss: 3.8307, lr: 3.45e-06
     Epoch[9] Iteration[110/620], entropy: 0.4336, uncertainty: 1.0826, uncertainty_coeffi: 0.0100, loss: 0.7668, lr: 3.45e-06
     Epoch[9] Iteration[120/620], entropy: 0.4197, uncertainty: 1.1842, uncertainty_coeffi: 0.0100, loss: 0.6454, lr: 3.45e-06
     Epoch[9] Iteration[130/620], entropy: 0.3800, uncertainty: 1.2923, uncertainty_coeffi: 0.0100, loss: 0.3415, lr: 3.45e-06
     Epoch[9] Iteration[140/620], entropy: 0.3276, uncertainty: 1.2772, uncertainty_coeffi: 0.0100, loss: 0.4971, lr: 3.45e-06
     Epoch[9] Iteration[150/620], entropy: 0.3602, uncertainty: 1.3649, uncertainty_coeffi: 0.0100, loss: 0.4623, lr: 3.45e-06
     Epoch[9] Iteration[160/620], entropy: 0.3217, uncertainty: 1.1560, uncertainty_coeffi: 0.0100, loss: 0.6224, lr: 3.45e-06
     Epoch[9] Iteration[170/620], entropy: 0.3118, uncertainty: 1.1489, uncertainty_coeffi: 0.0100, loss: 0.6275, lr: 3.45e-06
     Epoch[9] Iteration[180/620], entropy: 0.2904, uncertainty: 0.6966, uncertainty_coeffi: 0.0100, loss: 5.2296, lr: 3.45e-06
     Epoch[9] Iteration[190/620], entropy: 0.3404, uncertainty: 1.2173, uncertainty_coeffi: 0.0100, loss: 0.6685, lr: 3.45e-06
     Epoch[9] Iteration[200/620], entropy: 0.3875, uncertainty: 1.1436, uncertainty_coeffi: 0.0100, loss: 5.8938, lr: 3.45e-06
     Epoch[9] Iteration[210/620], entropy: 0.2314, uncertainty: 0.9460, uncertainty_coeffi: 0.0100, loss: 0.6880, lr: 3.45e-06
     Epoch[9] Iteration[220/620], entropy: 0.3721, uncertainty: 1.1086, uncertainty_coeffi: 0.0100, loss: 0.9284, lr: 3.45e-06
     Epoch[9] Iteration[230/620], entropy: 0.3432, uncertainty: 1.1599, uncertainty_coeffi: 0.0100, loss: 0.5055, lr: 3.45e-06
     Epoch[9] Iteration[240/620], entropy: 0.2954, uncertainty: 1.1256, uncertainty_coeffi: 0.0100, loss: 0.4038, lr: 3.45e-06
     Epoch[9] Iteration[250/620], entropy: 0.3457, uncertainty: 1.2101, uncertainty_coeffi: 0.0100, loss: 0.6424, lr: 3.45e-06
     Epoch[9] Iteration[260/620], entropy: 0.3921, uncertainty: 1.2997, uncertainty_coeffi: 0.0100, loss: 0.5282, lr: 3.45e-06
     Epoch[9] Iteration[270/620], entropy: 0.3669, uncertainty: 1.2572, uncertainty_coeffi: 0.0100, loss: 0.7389, lr: 3.45e-06
     Epoch[9] Iteration[280/620], entropy: 0.3302, uncertainty: 1.0869, uncertainty_coeffi: 0.0100, loss: 0.8307, lr: 3.45e-06
     Epoch[9] Iteration[290/620], entropy: 0.3506, uncertainty: 1.2775, uncertainty_coeffi: 0.0100, loss: 0.7450, lr: 3.45e-06
     Epoch[9] Iteration[300/620], entropy: 0.3078, uncertainty: 0.9682, uncertainty_coeffi: 0.0100, loss: 0.5048, lr: 3.45e-06
     Epoch[9] Iteration[310/620], entropy: 0.2331, uncertainty: 1.1351, uncertainty_coeffi: 0.0100, loss: 2.0019, lr: 3.45e-06
     Epoch[9] Iteration[320/620], entropy: 0.3467, uncertainty: 1.1040, uncertainty_coeffi: 0.0100, loss: 1.7280, lr: 3.45e-06
     Epoch[9] Iteration[330/620], entropy: 0.3050, uncertainty: 1.3013, uncertainty_coeffi: 0.0100, loss: 0.4548, lr: 3.45e-06
     Epoch[9] Iteration[340/620], entropy: 0.3831, uncertainty: 1.1553, uncertainty_coeffi: 0.0100, loss: 0.5444, lr: 3.45e-06
     Epoch[9] Iteration[350/620], entropy: 0.2951, uncertainty: 1.2656, uncertainty_coeffi: 0.0100, loss: 0.3811, lr: 3.45e-06
     Epoch[9] Iteration[360/620], entropy: 0.3349, uncertainty: 1.3631, uncertainty_coeffi: 0.0100, loss: 0.8965, lr: 3.45e-06
     Epoch[9] Iteration[370/620], entropy: 0.3687, uncertainty: 1.1559, uncertainty_coeffi: 0.0100, loss: 0.6600, lr: 3.45e-06
     Epoch[9] Iteration[380/620], entropy: 0.4054, uncertainty: 1.0980, uncertainty_coeffi: 0.0100, loss: 0.8246, lr: 3.45e-06
     Epoch[9] Iteration[390/620], entropy: 0.4367, uncertainty: 1.2736, uncertainty_coeffi: 0.0100, loss: 0.7425, lr: 3.45e-06
     Epoch[9] Iteration[400/620], entropy: 0.3149, uncertainty: 1.1120, uncertainty_coeffi: 0.0100, loss: 1.4267, lr: 3.45e-06
     Epoch[9] Iteration[410/620], entropy: 0.3155, uncertainty: 1.0499, uncertainty_coeffi: 0.0100, loss: 0.7509, lr: 3.45e-06
     Epoch[9] Iteration[420/620], entropy: 0.3881, uncertainty: 1.3347, uncertainty_coeffi: 0.0100, loss: 6.3299, lr: 3.45e-06
     Epoch[9] Iteration[430/620], entropy: 0.2047, uncertainty: 1.0274, uncertainty_coeffi: 0.0100, loss: 0.2613, lr: 3.45e-06
     Epoch[9] Iteration[440/620], entropy: 0.4622, uncertainty: 1.2730, uncertainty_coeffi: 0.0100, loss: 0.5895, lr: 3.45e-06
     Epoch[9] Iteration[450/620], entropy: 0.3168, uncertainty: 1.4011, uncertainty_coeffi: 0.0100, loss: 0.3914, lr: 3.45e-06
     Epoch[9] Iteration[460/620], entropy: 0.4168, uncertainty: 1.0710, uncertainty_coeffi: 0.0100, loss: 1.2821, lr: 3.45e-06
     Epoch[9] Iteration[470/620], entropy: 0.4360, uncertainty: 0.8820, uncertainty_coeffi: 0.0100, loss: 0.8138, lr: 3.45e-06
     Epoch[9] Iteration[480/620], entropy: 0.3196, uncertainty: 0.9627, uncertainty_coeffi: 0.0100, loss: 2.1298, lr: 3.45e-06
     Epoch[9] Iteration[490/620], entropy: 0.3927, uncertainty: 1.3931, uncertainty_coeffi: 0.0100, loss: 0.4558, lr: 3.45e-06
     Epoch[9] Iteration[500/620], entropy: 0.3050, uncertainty: 1.1874, uncertainty_coeffi: 0.0100, loss: 0.8520, lr: 3.45e-06
     Epoch[9] Iteration[510/620], entropy: 0.3150, uncertainty: 1.1648, uncertainty_coeffi: 0.0100, loss: 1.3172, lr: 3.45e-06
     Epoch[9] Iteration[520/620], entropy: 0.2904, uncertainty: 1.1597, uncertainty_coeffi: 0.0100, loss: 0.8988, lr: 3.45e-06
     Epoch[9] Iteration[530/620], entropy: 0.3806, uncertainty: 0.9296, uncertainty_coeffi: 0.0100, loss: 0.6831, lr: 3.45e-06
     Epoch[9] Iteration[540/620], entropy: 0.3636, uncertainty: 1.3330, uncertainty_coeffi: 0.0100, loss: 0.4635, lr: 3.45e-06
     Epoch[9] Iteration[550/620], entropy: 0.3446, uncertainty: 1.3650, uncertainty_coeffi: 0.0100, loss: 0.6658, lr: 3.45e-06
     Epoch[9] Iteration[560/620], entropy: 0.3125, uncertainty: 0.8636, uncertainty_coeffi: 0.0100, loss: 1.3782, lr: 3.45e-06
     Epoch[9] Iteration[570/620], entropy: 0.3707, uncertainty: 1.0177, uncertainty_coeffi: 0.0100, loss: 0.8124, lr: 3.45e-06
     Epoch[9] Iteration[580/620], entropy: 0.2613, uncertainty: 0.9468, uncertainty_coeffi: 0.0100, loss: 0.3528, lr: 3.45e-06
     Epoch[9] Iteration[590/620], entropy: 0.2785, uncertainty: 1.0108, uncertainty_coeffi: 0.0100, loss: 0.4391, lr: 3.45e-06
     Epoch[9] Iteration[600/620], entropy: 0.3968, uncertainty: 0.9493, uncertainty_coeffi: 0.0100, loss: 2.2645, lr: 3.45e-06
     Epoch[9] Iteration[610/620], entropy: 0.4593, uncertainty: 1.1752, uncertainty_coeffi: 0.0100, loss: 0.7514, lr: 3.45e-06
     Epoch[9] Iteration[620/620], entropy: 0.3851, uncertainty: 1.0664, uncertainty_coeffi: 0.0100, loss: 0.8769, lr: 3.45e-06
     Averaged stats: entropy_avg: 0.3413, uncertainty_avg: 1.1604, uncertainty_coeffi_avg: 0.0100, loss_avg: 1.1723, lr_avg: 3.45e-06
     itm tta time 0:01:01
### TTA Eval Score: 
+-------+--------+--------+--------+--------+-------+
| epoch |   R1   |   R5   |  R10   |  mAP   |  mINP |
+-------+--------+--------+--------+--------+-------+
|  -999 | 60.641 | 77.499 | 83.248 | 35.543 | 6.005 |
|   0   | 60.711 | 77.509 | 83.278 | 35.616 | 6.023 |
|   1   | 60.797 | 77.524 | 83.258 | 35.670 | 6.044 |
|   2   | 60.903 | 77.519 | 83.212 | 35.717 | 6.061 |
|   4   | 60.928 | 77.509 | 83.258 | 35.779 | 6.088 |
|   9   | 61.074 | 77.504 | 83.233 | 35.907 | 6.148 |
+-------+--------+--------+--------+--------+-------+
     logs:  {'epo': 9, 'R1': np.float32(61.074), 'R5': np.float32(77.504), 'R10': np.float32(83.233), 'mAP': np.float32(35.907), 'mINP': np.float32(6.148), 'entropy': 0.34134608362951585, 'uncertainty': 1.160370526775237, 'uncertainty_coeffi': 0.009999999776482582, 'loss': 1.1722634905768978, 'lr': 3.454915028127311e-06}
### best epoch 9 : {'epo': '9', 'R1': '61.074', 'R5': '77.504', 'R10': '83.233', 'mAP': '35.907', 'mINP': '6.148', 'entropy': '0.34134608362951585', 'uncertainty': '1.160370526775237', 'uncertainty_coeffi': '0.009999999776482582', 'loss': '1.1722634905768978', 'lr': '3.454915028127311e-06'}
### Time 0:18:22
