/home/jiahao/miniconda3/envs/irra/lib/python3.9/site-packages/torch/nn/functional.py:3609: UserWarning: Default upsampling behavior when mode=bilinear is changed to align_corners=False since 0.4.0. Please specify align_corners=True if the old behavior is desired. See the documentation of nn.Upsample for details.
  warnings.warn(
Not using distributed mode
### Hyper-parameters:
     output_dir: output/ham_rstp_tta/exp2.1.0/2025090103443
     seed: 42
     device: cuda
     batch_size_tta: 32
     epochs: 30
     lr: 1e-05
### Creating test dataset
     test_txt_set: 2000    test_img_set: 1000
     test_txt_loader: 4    test_img_loader: 2
### Creating model
Training Model with ['sdm', 'id', 'mlm'] tasks
Resized position embedding from size:torch.Size([1, 197, 768]) to size: torch.Size([1, 193, 768]) with height:24 width: 8
     Total Params Sum:  190789493
### Zero-Shot Score: 
+-------+--------+--------+--------+--------+--------+
| epoch |   R1   |   R5   |  R10   |  mAP   |  mINP  |
+-------+--------+--------+--------+--------+--------+
|  -999 | 59.400 | 80.000 | 87.000 | 44.121 | 20.555 |
+-------+--------+--------+--------+--------+--------+
### TTA:
### Compute Cos Similarity Uncertainty
     preprocess_tta_coefficients  start
     sample selection ...
     number of sample after sample_selection: 388
     uncertainty ...
     preprocess_tta_coefficients  end
### Creating TTA dataset
     tta_dataset: 388
### Creating tta dataloader
### be careful: func create_loader returns a list length of 1
     tta_loader: 12
### Configure adapted weights
     TTA Dropout Modules: 
 []
     TTA Require Gradient Params: 
 [('base_model.transformer.resblocks.0.ln_1.weight', torch.Size([512])), ('base_model.transformer.resblocks.0.ln_1.bias', torch.Size([512])), ('base_model.transformer.resblocks.0.ln_2.weight', torch.Size([512])), ('base_model.transformer.resblocks.0.ln_2.bias', torch.Size([512])), ('base_model.transformer.resblocks.1.ln_1.weight', torch.Size([512])), ('base_model.transformer.resblocks.1.ln_1.bias', torch.Size([512])), ('base_model.transformer.resblocks.1.ln_2.weight', torch.Size([512])), ('base_model.transformer.resblocks.1.ln_2.bias', torch.Size([512])), ('base_model.transformer.resblocks.2.ln_1.weight', torch.Size([512])), ('base_model.transformer.resblocks.2.ln_1.bias', torch.Size([512])), ('base_model.transformer.resblocks.2.ln_2.weight', torch.Size([512])), ('base_model.transformer.resblocks.2.ln_2.bias', torch.Size([512])), ('base_model.transformer.resblocks.3.ln_1.weight', torch.Size([512])), ('base_model.transformer.resblocks.3.ln_1.bias', torch.Size([512])), ('base_model.transformer.resblocks.3.ln_2.weight', torch.Size([512])), ('base_model.transformer.resblocks.3.ln_2.bias', torch.Size([512])), ('base_model.transformer.resblocks.4.ln_1.weight', torch.Size([512])), ('base_model.transformer.resblocks.4.ln_1.bias', torch.Size([512])), ('base_model.transformer.resblocks.4.ln_2.weight', torch.Size([512])), ('base_model.transformer.resblocks.4.ln_2.bias', torch.Size([512])), ('base_model.transformer.resblocks.5.ln_1.weight', torch.Size([512])), ('base_model.transformer.resblocks.5.ln_1.bias', torch.Size([512])), ('base_model.transformer.resblocks.5.ln_2.weight', torch.Size([512])), ('base_model.transformer.resblocks.5.ln_2.bias', torch.Size([512])), ('base_model.transformer.resblocks.6.ln_1.weight', torch.Size([512])), ('base_model.transformer.resblocks.6.ln_1.bias', torch.Size([512])), ('base_model.transformer.resblocks.6.ln_2.weight', torch.Size([512])), ('base_model.transformer.resblocks.6.ln_2.bias', torch.Size([512])), ('base_model.transformer.resblocks.7.ln_1.weight', torch.Size([512])), ('base_model.transformer.resblocks.7.ln_1.bias', torch.Size([512])), ('base_model.transformer.resblocks.7.ln_2.weight', torch.Size([512])), ('base_model.transformer.resblocks.7.ln_2.bias', torch.Size([512])), ('base_model.transformer.resblocks.8.ln_1.weight', torch.Size([512])), ('base_model.transformer.resblocks.8.ln_1.bias', torch.Size([512])), ('base_model.transformer.resblocks.8.ln_2.weight', torch.Size([512])), ('base_model.transformer.resblocks.8.ln_2.bias', torch.Size([512])), ('base_model.transformer.resblocks.9.ln_1.weight', torch.Size([512])), ('base_model.transformer.resblocks.9.ln_1.bias', torch.Size([512])), ('base_model.transformer.resblocks.9.ln_2.weight', torch.Size([512])), ('base_model.transformer.resblocks.9.ln_2.bias', torch.Size([512])), ('base_model.transformer.resblocks.10.ln_1.weight', torch.Size([512])), ('base_model.transformer.resblocks.10.ln_1.bias', torch.Size([512])), ('base_model.transformer.resblocks.10.ln_2.weight', torch.Size([512])), ('base_model.transformer.resblocks.10.ln_2.bias', torch.Size([512])), ('base_model.transformer.resblocks.11.ln_1.weight', torch.Size([512])), ('base_model.transformer.resblocks.11.ln_1.bias', torch.Size([512])), ('base_model.transformer.resblocks.11.ln_2.weight', torch.Size([512])), ('base_model.transformer.resblocks.11.ln_2.bias', torch.Size([512])), ('base_model.ln_final.weight', torch.Size([512])), ('base_model.ln_final.bias', torch.Size([512]))]
     TTA Dropout Modules Number: 
 0
     TTA Require Gradient Params Sum: 
 25600
Using 5.0 times learning rate for random init module 
### Start Test Time Adaptation
     Epoch[0] Iteration[10/12], entropy: 0.5662, loss: 1.8480, lr: 9.05e-06
     Averaged stats: entropy: 0.7037, loss: 1.9642, lr: 8.19e-06
     itm tta time 0:00:02
### TTA Eval Score: 
+-------+--------+--------+--------+--------+--------+
| epoch |   R1   |   R5   |  R10   |  mAP   |  mINP  |
+-------+--------+--------+--------+--------+--------+
|  -999 | 59.400 | 80.000 | 87.000 | 44.121 | 20.555 |
|   0   | 59.500 | 80.050 | 87.050 | 44.133 | 20.565 |
+-------+--------+--------+--------+--------+--------+
     logs:  {'epo': 0, 'R1': 59.5, 'R5': 80.05, 'R10': 87.05, 'mAP': 44.133, 'mINP': 20.565, 'entropy': 0.5662490129470825, 'loss': 1.8479857444763184, 'lr': 9.045084971874738e-06}
     Epoch[1] Iteration[10/12], entropy: 0.6607, loss: 1.9598, lr: 2.32e-06
     Averaged stats: entropy: 0.5158, loss: 1.8095, lr: 1.36e-06
     itm tta time 0:00:02
### TTA Eval Score: 
+-------+--------+--------+--------+--------+--------+
| epoch |   R1   |   R5   |  R10   |  mAP   |  mINP  |
+-------+--------+--------+--------+--------+--------+
|  -999 | 59.400 | 80.000 | 87.000 | 44.121 | 20.555 |
|   0   | 59.500 | 80.050 | 87.050 | 44.133 | 20.565 |
|   1   | 59.500 | 80.050 | 87.000 | 44.136 | 20.558 |
+-------+--------+--------+--------+--------+--------+
     logs:  {'epo': 1, 'R1': 59.5, 'R5': 80.05, 'R10': 87.0, 'mAP': 44.136, 'mINP': 20.558, 'entropy': 0.6606734991073608, 'loss': 1.959844946861267, 'lr': 2.320866025105016e-06}
     Epoch[2] Iteration[10/12], entropy: 0.6377, loss: 1.9437, lr: 6.18e-07
     Averaged stats: entropy: 0.6108, loss: 1.8932, lr: 1.36e-06
     itm tta time 0:00:02
### TTA Eval Score: 
+-------+--------+--------+--------+--------+--------+
| epoch |   R1   |   R5   |  R10   |  mAP   |  mINP  |
+-------+--------+--------+--------+--------+--------+
|  -999 | 59.400 | 80.000 | 87.000 | 44.121 | 20.555 |
|   0   | 59.500 | 80.050 | 87.050 | 44.133 | 20.565 |
|   1   | 59.500 | 80.050 | 87.000 | 44.136 | 20.558 |
|   2   | 59.400 | 80.050 | 87.050 | 44.126 | 20.560 |
+-------+--------+--------+--------+--------+--------+
     logs:  {'epo': 2, 'R1': 59.4, 'R5': 80.05, 'R10': 87.05, 'mAP': 44.126, 'mINP': 20.56, 'entropy': 0.6377274990081787, 'loss': 1.9436802864074707, 'lr': 6.184665997806815e-07}
     Epoch[3] Iteration[10/12], entropy: 0.8012, loss: 2.0602, lr: 7.13e-06
     Averaged stats: entropy: 0.5109, loss: 1.7784, lr: 8.19e-06
     itm tta time 0:00:02
### TTA Eval Score: 
+-------+--------+--------+--------+--------+--------+
| epoch |   R1   |   R5   |  R10   |  mAP   |  mINP  |
+-------+--------+--------+--------+--------+--------+
|  -999 | 59.400 | 80.000 | 87.000 | 44.121 | 20.555 |
|   0   | 59.500 | 80.050 | 87.050 | 44.133 | 20.565 |
|   1   | 59.500 | 80.050 | 87.000 | 44.136 | 20.558 |
|   2   | 59.400 | 80.050 | 87.050 | 44.126 | 20.560 |
|   3   | 59.450 | 80.050 | 87.050 | 44.131 | 20.566 |
+-------+--------+--------+--------+--------+--------+
     logs:  {'epo': 3, 'R1': 59.45, 'R5': 80.05, 'R10': 87.05, 'mAP': 44.131, 'mINP': 20.566, 'entropy': 0.8012034893035889, 'loss': 2.060232162475586, 'lr': 7.12889645782536e-06}
     Epoch[4] Iteration[10/12], entropy: 0.5516, loss: 1.8371, lr: 9.65e-06
     Averaged stats: entropy: 0.5348, loss: 1.8018, lr: 9.05e-06
     itm tta time 0:00:02
### TTA Eval Score: 
+-------+--------+--------+--------+--------+--------+
| epoch |   R1   |   R5   |  R10   |  mAP   |  mINP  |
+-------+--------+--------+--------+--------+--------+
|  -999 | 59.400 | 80.000 | 87.000 | 44.121 | 20.555 |
|   0   | 59.500 | 80.050 | 87.050 | 44.133 | 20.565 |
|   1   | 59.500 | 80.050 | 87.000 | 44.136 | 20.558 |
|   2   | 59.400 | 80.050 | 87.050 | 44.126 | 20.560 |
|   3   | 59.450 | 80.050 | 87.050 | 44.131 | 20.566 |
|   4   | 59.550 | 80.050 | 87.100 | 44.143 | 20.560 |
+-------+--------+--------+--------+--------+--------+
     logs:  {'epo': 4, 'R1': 59.55, 'R5': 80.05, 'R10': 87.1, 'mAP': 44.143, 'mINP': 20.56, 'entropy': 0.5515705943107605, 'loss': 1.8371458053588867, 'lr': 9.648882429441258e-06}
     Epoch[5] Iteration[10/12], entropy: 0.5557, loss: 1.8645, lr: 3.45e-06
     Averaged stats: entropy: 0.6588, loss: 1.9339, lr: 2.32e-06
     itm tta time 0:00:02
### TTA Eval Score: 
+-------+--------+--------+--------+--------+--------+
| epoch |   R1   |   R5   |  R10   |  mAP   |  mINP  |
+-------+--------+--------+--------+--------+--------+
|  -999 | 59.400 | 80.000 | 87.000 | 44.121 | 20.555 |
|   0   | 59.500 | 80.050 | 87.050 | 44.133 | 20.565 |
|   1   | 59.500 | 80.050 | 87.000 | 44.136 | 20.558 |
|   2   | 59.400 | 80.050 | 87.050 | 44.126 | 20.560 |
|   3   | 59.450 | 80.050 | 87.050 | 44.131 | 20.566 |
|   4   | 59.550 | 80.050 | 87.100 | 44.143 | 20.560 |
|   5   | 59.550 | 80.050 | 87.100 | 44.152 | 20.576 |
+-------+--------+--------+--------+--------+--------+
     logs:  {'epo': 5, 'R1': 59.55, 'R5': 80.05, 'R10': 87.1, 'mAP': 44.152, 'mINP': 20.576, 'entropy': 0.5556639432907104, 'loss': 1.864480972290039, 'lr': 3.4549150281252648e-06}
     Epoch[6] Iteration[10/12], entropy: 0.5301, loss: 1.8134, lr: 1.57e-07
     Averaged stats: entropy: 0.5870, loss: 1.8545, lr: 6.18e-07
     itm tta time 0:00:02
### TTA Eval Score: 
+-------+--------+--------+--------+--------+--------+
| epoch |   R1   |   R5   |  R10   |  mAP   |  mINP  |
+-------+--------+--------+--------+--------+--------+
|  -999 | 59.400 | 80.000 | 87.000 | 44.121 | 20.555 |
|   0   | 59.500 | 80.050 | 87.050 | 44.133 | 20.565 |
|   1   | 59.500 | 80.050 | 87.000 | 44.136 | 20.558 |
|   2   | 59.400 | 80.050 | 87.050 | 44.126 | 20.560 |
|   3   | 59.450 | 80.050 | 87.050 | 44.131 | 20.566 |
|   4   | 59.550 | 80.050 | 87.100 | 44.143 | 20.560 |
|   5   | 59.550 | 80.050 | 87.100 | 44.152 | 20.576 |
|   6   | 59.550 | 80.050 | 87.150 | 44.141 | 20.569 |
+-------+--------+--------+--------+--------+--------+
     logs:  {'epo': 6, 'R1': 59.55, 'R5': 80.05, 'R10': 87.15, 'mAP': 44.141, 'mINP': 20.569, 'entropy': 0.5300929546356201, 'loss': 1.8133563995361328, 'lr': 1.5708419435684463e-07}
     Epoch[7] Iteration[10/12], entropy: 0.6502, loss: 1.9571, lr: 5.94e-06
     Averaged stats: entropy: 0.5359, loss: 1.7959, lr: 7.13e-06
     itm tta time 0:00:02
### TTA Eval Score: 
+-------+--------+--------+--------+--------+--------+
| epoch |   R1   |   R5   |  R10   |  mAP   |  mINP  |
+-------+--------+--------+--------+--------+--------+
|  -999 | 59.400 | 80.000 | 87.000 | 44.121 | 20.555 |
|   0   | 59.500 | 80.050 | 87.050 | 44.133 | 20.565 |
|   1   | 59.500 | 80.050 | 87.000 | 44.136 | 20.558 |
|   2   | 59.400 | 80.050 | 87.050 | 44.126 | 20.560 |
|   3   | 59.450 | 80.050 | 87.050 | 44.131 | 20.566 |
|   4   | 59.550 | 80.050 | 87.100 | 44.143 | 20.560 |
|   5   | 59.550 | 80.050 | 87.100 | 44.152 | 20.576 |
|   6   | 59.550 | 80.050 | 87.150 | 44.141 | 20.569 |
|   7   | 59.550 | 80.050 | 87.150 | 44.155 | 20.569 |
+-------+--------+--------+--------+--------+--------+
     logs:  {'epo': 7, 'R1': 59.55, 'R5': 80.05, 'R10': 87.15, 'mAP': 44.155, 'mINP': 20.569, 'entropy': 0.6501979827880859, 'loss': 1.9570837020874023, 'lr': 5.936906572928625e-06}
     Epoch[8] Iteration[10/12], entropy: 0.6364, loss: 1.9151, lr: 9.96e-06
     Averaged stats: entropy: 0.5938, loss: 1.9053, lr: 9.65e-06
     itm tta time 0:00:02
### TTA Eval Score: 
+-------+--------+--------+--------+--------+--------+
| epoch |   R1   |   R5   |  R10   |  mAP   |  mINP  |
+-------+--------+--------+--------+--------+--------+
|  -999 | 59.400 | 80.000 | 87.000 | 44.121 | 20.555 |
|   0   | 59.500 | 80.050 | 87.050 | 44.133 | 20.565 |
|   1   | 59.500 | 80.050 | 87.000 | 44.136 | 20.558 |
|   2   | 59.400 | 80.050 | 87.050 | 44.126 | 20.560 |
|   3   | 59.450 | 80.050 | 87.050 | 44.131 | 20.566 |
|   4   | 59.550 | 80.050 | 87.100 | 44.143 | 20.560 |
|   5   | 59.550 | 80.050 | 87.100 | 44.152 | 20.576 |
|   6   | 59.550 | 80.050 | 87.150 | 44.141 | 20.569 |
|   7   | 59.550 | 80.050 | 87.150 | 44.155 | 20.569 |
|   8   | 59.550 | 80.050 | 87.150 | 44.153 | 20.565 |
+-------+--------+--------+--------+--------+--------+
     logs:  {'epo': 8, 'R1': 59.55, 'R5': 80.05, 'R10': 87.15, 'mAP': 44.153, 'mINP': 20.565, 'entropy': 0.6363547444343567, 'loss': 1.915064811706543, 'lr': 9.960573506572391e-06}
     Epoch[9] Iteration[10/12], entropy: 0.6668, loss: 1.9820, lr: 4.69e-06
     Averaged stats: entropy: 0.6825, loss: 1.9780, lr: 3.45e-06
     itm tta time 0:00:02
### TTA Eval Score: 
+-------+--------+--------+--------+--------+--------+
| epoch |   R1   |   R5   |  R10   |  mAP   |  mINP  |
+-------+--------+--------+--------+--------+--------+
|  -999 | 59.400 | 80.000 | 87.000 | 44.121 | 20.555 |
|   0   | 59.500 | 80.050 | 87.050 | 44.133 | 20.565 |
|   1   | 59.500 | 80.050 | 87.000 | 44.136 | 20.558 |
|   2   | 59.400 | 80.050 | 87.050 | 44.126 | 20.560 |
|   3   | 59.450 | 80.050 | 87.050 | 44.131 | 20.566 |
|   4   | 59.550 | 80.050 | 87.100 | 44.143 | 20.560 |
|   5   | 59.550 | 80.050 | 87.100 | 44.152 | 20.576 |
|   6   | 59.550 | 80.050 | 87.150 | 44.141 | 20.569 |
|   7   | 59.550 | 80.050 | 87.150 | 44.155 | 20.569 |
|   8   | 59.550 | 80.050 | 87.150 | 44.153 | 20.565 |
|   9   | 59.500 | 80.050 | 87.150 | 44.159 | 20.583 |
+-------+--------+--------+--------+--------+--------+
     logs:  {'epo': 9, 'R1': 59.5, 'R5': 80.05, 'R10': 87.15, 'mAP': 44.159, 'mINP': 20.583, 'entropy': 0.6668319702148438, 'loss': 1.9819681644439697, 'lr': 4.686047402353447e-06}
     Epoch[10] Iteration[10/12], entropy: 0.6345, loss: 1.9385, lr: 0.00e+00
     Averaged stats: entropy: 0.6042, loss: 1.9017, lr: 1.57e-07
     itm tta time 0:00:02
### TTA Eval Score: 
+-------+--------+--------+--------+--------+--------+
| epoch |   R1   |   R5   |  R10   |  mAP   |  mINP  |
+-------+--------+--------+--------+--------+--------+
|  -999 | 59.400 | 80.000 | 87.000 | 44.121 | 20.555 |
|   0   | 59.500 | 80.050 | 87.050 | 44.133 | 20.565 |
|   1   | 59.500 | 80.050 | 87.000 | 44.136 | 20.558 |
|   2   | 59.400 | 80.050 | 87.050 | 44.126 | 20.560 |
|   3   | 59.450 | 80.050 | 87.050 | 44.131 | 20.566 |
|   4   | 59.550 | 80.050 | 87.100 | 44.143 | 20.560 |
|   5   | 59.550 | 80.050 | 87.100 | 44.152 | 20.576 |
|   6   | 59.550 | 80.050 | 87.150 | 44.141 | 20.569 |
|   7   | 59.550 | 80.050 | 87.150 | 44.155 | 20.569 |
|   8   | 59.550 | 80.050 | 87.150 | 44.153 | 20.565 |
|   9   | 59.500 | 80.050 | 87.150 | 44.159 | 20.583 |
|   10  | 59.550 | 80.050 | 87.150 | 44.151 | 20.588 |
+-------+--------+--------+--------+--------+--------+
     logs:  {'epo': 10, 'R1': 59.55, 'R5': 80.05, 'R10': 87.15, 'mAP': 44.151, 'mINP': 20.588, 'entropy': 0.634482741355896, 'loss': 1.9385411739349365, 'lr': 0.0}
     Epoch[11] Iteration[10/12], entropy: 0.5047, loss: 1.7854, lr: 4.69e-06
     Averaged stats: entropy: 0.6846, loss: 1.9344, lr: 5.94e-06
     itm tta time 0:00:02
### TTA Eval Score: 
+-------+--------+--------+--------+--------+--------+
| epoch |   R1   |   R5   |  R10   |  mAP   |  mINP  |
+-------+--------+--------+--------+--------+--------+
|  -999 | 59.400 | 80.000 | 87.000 | 44.121 | 20.555 |
|   0   | 59.500 | 80.050 | 87.050 | 44.133 | 20.565 |
|   1   | 59.500 | 80.050 | 87.000 | 44.136 | 20.558 |
|   2   | 59.400 | 80.050 | 87.050 | 44.126 | 20.560 |
|   3   | 59.450 | 80.050 | 87.050 | 44.131 | 20.566 |
|   4   | 59.550 | 80.050 | 87.100 | 44.143 | 20.560 |
|   5   | 59.550 | 80.050 | 87.100 | 44.152 | 20.576 |
|   6   | 59.550 | 80.050 | 87.150 | 44.141 | 20.569 |
|   7   | 59.550 | 80.050 | 87.150 | 44.155 | 20.569 |
|   8   | 59.550 | 80.050 | 87.150 | 44.153 | 20.565 |
|   9   | 59.500 | 80.050 | 87.150 | 44.159 | 20.583 |
|   10  | 59.550 | 80.050 | 87.150 | 44.151 | 20.588 |
|   11  | 59.500 | 80.050 | 87.150 | 44.156 | 20.602 |
+-------+--------+--------+--------+--------+--------+
     logs:  {'epo': 11, 'R1': 59.5, 'R5': 80.05, 'R10': 87.15, 'mAP': 44.156, 'mINP': 20.602, 'entropy': 0.5046647787094116, 'loss': 1.7853717803955078, 'lr': 4.686047402353441e-06}
     Epoch[12] Iteration[10/12], entropy: 0.5558, loss: 1.8428, lr: 9.96e-06
     Averaged stats: entropy: 0.6005, loss: 1.8628, lr: 9.96e-06
     itm tta time 0:00:02
### TTA Eval Score: 
+-------+--------+--------+--------+--------+--------+
| epoch |   R1   |   R5   |  R10   |  mAP   |  mINP  |
+-------+--------+--------+--------+--------+--------+
|  -999 | 59.400 | 80.000 | 87.000 | 44.121 | 20.555 |
|   0   | 59.500 | 80.050 | 87.050 | 44.133 | 20.565 |
|   1   | 59.500 | 80.050 | 87.000 | 44.136 | 20.558 |
|   2   | 59.400 | 80.050 | 87.050 | 44.126 | 20.560 |
|   3   | 59.450 | 80.050 | 87.050 | 44.131 | 20.566 |
|   4   | 59.550 | 80.050 | 87.100 | 44.143 | 20.560 |
|   5   | 59.550 | 80.050 | 87.100 | 44.152 | 20.576 |
|   6   | 59.550 | 80.050 | 87.150 | 44.141 | 20.569 |
|   7   | 59.550 | 80.050 | 87.150 | 44.155 | 20.569 |
|   8   | 59.550 | 80.050 | 87.150 | 44.153 | 20.565 |
|   9   | 59.500 | 80.050 | 87.150 | 44.159 | 20.583 |
|   10  | 59.550 | 80.050 | 87.150 | 44.151 | 20.588 |
|   11  | 59.500 | 80.050 | 87.150 | 44.156 | 20.602 |
|   12  | 59.450 | 80.050 | 87.200 | 44.165 | 20.609 |
+-------+--------+--------+--------+--------+--------+
     logs:  {'epo': 12, 'R1': 59.45, 'R5': 80.05, 'R10': 87.2, 'mAP': 44.165, 'mINP': 20.609, 'entropy': 0.555823564529419, 'loss': 1.8427587747573853, 'lr': 9.960573506572391e-06}
     Epoch[13] Iteration[10/12], entropy: 0.6283, loss: 1.8602, lr: 5.94e-06
     Averaged stats: entropy: 0.6244, loss: 1.9163, lr: 4.69e-06
     itm tta time 0:00:02
### TTA Eval Score: 
+-------+--------+--------+--------+--------+--------+
| epoch |   R1   |   R5   |  R10   |  mAP   |  mINP  |
+-------+--------+--------+--------+--------+--------+
|  -999 | 59.400 | 80.000 | 87.000 | 44.121 | 20.555 |
|   0   | 59.500 | 80.050 | 87.050 | 44.133 | 20.565 |
|   1   | 59.500 | 80.050 | 87.000 | 44.136 | 20.558 |
|   2   | 59.400 | 80.050 | 87.050 | 44.126 | 20.560 |
|   3   | 59.450 | 80.050 | 87.050 | 44.131 | 20.566 |
|   4   | 59.550 | 80.050 | 87.100 | 44.143 | 20.560 |
|   5   | 59.550 | 80.050 | 87.100 | 44.152 | 20.576 |
|   6   | 59.550 | 80.050 | 87.150 | 44.141 | 20.569 |
|   7   | 59.550 | 80.050 | 87.150 | 44.155 | 20.569 |
|   8   | 59.550 | 80.050 | 87.150 | 44.153 | 20.565 |
|   9   | 59.500 | 80.050 | 87.150 | 44.159 | 20.583 |
|   10  | 59.550 | 80.050 | 87.150 | 44.151 | 20.588 |
|   11  | 59.500 | 80.050 | 87.150 | 44.156 | 20.602 |
|   12  | 59.450 | 80.050 | 87.200 | 44.165 | 20.609 |
|   13  | 59.450 | 80.100 | 87.200 | 44.165 | 20.611 |
+-------+--------+--------+--------+--------+--------+
     logs:  {'epo': 13, 'R1': 59.45, 'R5': 80.1, 'R10': 87.2, 'mAP': 44.165, 'mINP': 20.611, 'entropy': 0.6283268332481384, 'loss': 1.8602197170257568, 'lr': 5.936906572928614e-06}
     Epoch[14] Iteration[10/12], entropy: 0.6246, loss: 1.8379, lr: 1.57e-07
     Averaged stats: entropy: 0.7037, loss: 1.9836, lr: 0.00e+00
     itm tta time 0:00:02
### TTA Eval Score: 
+-------+--------+--------+--------+--------+--------+
| epoch |   R1   |   R5   |  R10   |  mAP   |  mINP  |
+-------+--------+--------+--------+--------+--------+
|  -999 | 59.400 | 80.000 | 87.000 | 44.121 | 20.555 |
|   0   | 59.500 | 80.050 | 87.050 | 44.133 | 20.565 |
|   1   | 59.500 | 80.050 | 87.000 | 44.136 | 20.558 |
|   2   | 59.400 | 80.050 | 87.050 | 44.126 | 20.560 |
|   3   | 59.450 | 80.050 | 87.050 | 44.131 | 20.566 |
|   4   | 59.550 | 80.050 | 87.100 | 44.143 | 20.560 |
|   5   | 59.550 | 80.050 | 87.100 | 44.152 | 20.576 |
|   6   | 59.550 | 80.050 | 87.150 | 44.141 | 20.569 |
|   7   | 59.550 | 80.050 | 87.150 | 44.155 | 20.569 |
|   8   | 59.550 | 80.050 | 87.150 | 44.153 | 20.565 |
|   9   | 59.500 | 80.050 | 87.150 | 44.159 | 20.583 |
|   10  | 59.550 | 80.050 | 87.150 | 44.151 | 20.588 |
|   11  | 59.500 | 80.050 | 87.150 | 44.156 | 20.602 |
|   12  | 59.450 | 80.050 | 87.200 | 44.165 | 20.609 |
|   13  | 59.450 | 80.100 | 87.200 | 44.165 | 20.611 |
|   14  | 59.450 | 80.100 | 87.250 | 44.170 | 20.626 |
+-------+--------+--------+--------+--------+--------+
     logs:  {'epo': 14, 'R1': 59.45, 'R5': 80.1, 'R10': 87.25, 'mAP': 44.17, 'mINP': 20.626, 'entropy': 0.6246379613876343, 'loss': 1.8378958702087402, 'lr': 1.5708419435684351e-07}
     Epoch[15] Iteration[10/12], entropy: 0.6559, loss: 1.9385, lr: 3.45e-06
     Averaged stats: entropy: 0.5510, loss: 1.8411, lr: 4.69e-06
     itm tta time 0:00:02
### TTA Eval Score: 
+-------+--------+--------+--------+--------+--------+
| epoch |   R1   |   R5   |  R10   |  mAP   |  mINP  |
+-------+--------+--------+--------+--------+--------+
|  -999 | 59.400 | 80.000 | 87.000 | 44.121 | 20.555 |
|   0   | 59.500 | 80.050 | 87.050 | 44.133 | 20.565 |
|   1   | 59.500 | 80.050 | 87.000 | 44.136 | 20.558 |
|   2   | 59.400 | 80.050 | 87.050 | 44.126 | 20.560 |
|   3   | 59.450 | 80.050 | 87.050 | 44.131 | 20.566 |
|   4   | 59.550 | 80.050 | 87.100 | 44.143 | 20.560 |
|   5   | 59.550 | 80.050 | 87.100 | 44.152 | 20.576 |
|   6   | 59.550 | 80.050 | 87.150 | 44.141 | 20.569 |
|   7   | 59.550 | 80.050 | 87.150 | 44.155 | 20.569 |
|   8   | 59.550 | 80.050 | 87.150 | 44.153 | 20.565 |
|   9   | 59.500 | 80.050 | 87.150 | 44.159 | 20.583 |
|   10  | 59.550 | 80.050 | 87.150 | 44.151 | 20.588 |
|   11  | 59.500 | 80.050 | 87.150 | 44.156 | 20.602 |
|   12  | 59.450 | 80.050 | 87.200 | 44.165 | 20.609 |
|   13  | 59.450 | 80.100 | 87.200 | 44.165 | 20.611 |
|   14  | 59.450 | 80.100 | 87.250 | 44.170 | 20.626 |
|   15  | 59.450 | 80.050 | 87.250 | 44.165 | 20.605 |
+-------+--------+--------+--------+--------+--------+
     logs:  {'epo': 15, 'R1': 59.45, 'R5': 80.05, 'R10': 87.25, 'mAP': 44.165, 'mINP': 20.605, 'entropy': 0.6558837890625, 'loss': 1.9384596347808838, 'lr': 3.4549150281252584e-06}
     Epoch[16] Iteration[10/12], entropy: 0.5758, loss: 1.8643, lr: 9.65e-06
     Averaged stats: entropy: 0.4378, loss: 1.7913, lr: 9.96e-06
     itm tta time 0:00:02
### TTA Eval Score: 
+-------+--------+--------+--------+--------+--------+
| epoch |   R1   |   R5   |  R10   |  mAP   |  mINP  |
+-------+--------+--------+--------+--------+--------+
|  -999 | 59.400 | 80.000 | 87.000 | 44.121 | 20.555 |
|   0   | 59.500 | 80.050 | 87.050 | 44.133 | 20.565 |
|   1   | 59.500 | 80.050 | 87.000 | 44.136 | 20.558 |
|   2   | 59.400 | 80.050 | 87.050 | 44.126 | 20.560 |
|   3   | 59.450 | 80.050 | 87.050 | 44.131 | 20.566 |
|   4   | 59.550 | 80.050 | 87.100 | 44.143 | 20.560 |
|   5   | 59.550 | 80.050 | 87.100 | 44.152 | 20.576 |
|   6   | 59.550 | 80.050 | 87.150 | 44.141 | 20.569 |
|   7   | 59.550 | 80.050 | 87.150 | 44.155 | 20.569 |
|   8   | 59.550 | 80.050 | 87.150 | 44.153 | 20.565 |
|   9   | 59.500 | 80.050 | 87.150 | 44.159 | 20.583 |
|   10  | 59.550 | 80.050 | 87.150 | 44.151 | 20.588 |
|   11  | 59.500 | 80.050 | 87.150 | 44.156 | 20.602 |
|   12  | 59.450 | 80.050 | 87.200 | 44.165 | 20.609 |
|   13  | 59.450 | 80.100 | 87.200 | 44.165 | 20.611 |
|   14  | 59.450 | 80.100 | 87.250 | 44.170 | 20.626 |
|   15  | 59.450 | 80.050 | 87.250 | 44.165 | 20.605 |
|   16  | 59.450 | 80.100 | 87.200 | 44.168 | 20.607 |
+-------+--------+--------+--------+--------+--------+
     logs:  {'epo': 16, 'R1': 59.45, 'R5': 80.1, 'R10': 87.2, 'mAP': 44.168, 'mINP': 20.607, 'entropy': 0.5758146047592163, 'loss': 1.8643193244934082, 'lr': 9.648882429441253e-06}
     Epoch[17] Iteration[10/12], entropy: 0.6092, loss: 1.8823, lr: 7.13e-06
     Averaged stats: entropy: 0.6933, loss: 1.9605, lr: 5.94e-06
     itm tta time 0:00:02
### TTA Eval Score: 
+-------+--------+--------+--------+--------+--------+
| epoch |   R1   |   R5   |  R10   |  mAP   |  mINP  |
+-------+--------+--------+--------+--------+--------+
|  -999 | 59.400 | 80.000 | 87.000 | 44.121 | 20.555 |
|   0   | 59.500 | 80.050 | 87.050 | 44.133 | 20.565 |
|   1   | 59.500 | 80.050 | 87.000 | 44.136 | 20.558 |
|   2   | 59.400 | 80.050 | 87.050 | 44.126 | 20.560 |
|   3   | 59.450 | 80.050 | 87.050 | 44.131 | 20.566 |
|   4   | 59.550 | 80.050 | 87.100 | 44.143 | 20.560 |
|   5   | 59.550 | 80.050 | 87.100 | 44.152 | 20.576 |
|   6   | 59.550 | 80.050 | 87.150 | 44.141 | 20.569 |
|   7   | 59.550 | 80.050 | 87.150 | 44.155 | 20.569 |
|   8   | 59.550 | 80.050 | 87.150 | 44.153 | 20.565 |
|   9   | 59.500 | 80.050 | 87.150 | 44.159 | 20.583 |
|   10  | 59.550 | 80.050 | 87.150 | 44.151 | 20.588 |
|   11  | 59.500 | 80.050 | 87.150 | 44.156 | 20.602 |
|   12  | 59.450 | 80.050 | 87.200 | 44.165 | 20.609 |
|   13  | 59.450 | 80.100 | 87.200 | 44.165 | 20.611 |
|   14  | 59.450 | 80.100 | 87.250 | 44.170 | 20.626 |
|   15  | 59.450 | 80.050 | 87.250 | 44.165 | 20.605 |
|   16  | 59.450 | 80.100 | 87.200 | 44.168 | 20.607 |
|   17  | 59.450 | 80.100 | 87.200 | 44.178 | 20.636 |
+-------+--------+--------+--------+--------+--------+
     logs:  {'epo': 17, 'R1': 59.45, 'R5': 80.1, 'R10': 87.2, 'mAP': 44.178, 'mINP': 20.636, 'entropy': 0.6092404723167419, 'loss': 1.8822956085205078, 'lr': 7.128896457825382e-06}
     Epoch[18] Iteration[10/12], entropy: 0.6323, loss: 1.9088, lr: 6.18e-07
     Averaged stats: entropy: 0.5804, loss: 1.8155, lr: 1.57e-07
     itm tta time 0:00:02
### TTA Eval Score: 
+-------+--------+--------+--------+--------+--------+
| epoch |   R1   |   R5   |  R10   |  mAP   |  mINP  |
+-------+--------+--------+--------+--------+--------+
|  -999 | 59.400 | 80.000 | 87.000 | 44.121 | 20.555 |
|   0   | 59.500 | 80.050 | 87.050 | 44.133 | 20.565 |
|   1   | 59.500 | 80.050 | 87.000 | 44.136 | 20.558 |
|   2   | 59.400 | 80.050 | 87.050 | 44.126 | 20.560 |
|   3   | 59.450 | 80.050 | 87.050 | 44.131 | 20.566 |
|   4   | 59.550 | 80.050 | 87.100 | 44.143 | 20.560 |
|   5   | 59.550 | 80.050 | 87.100 | 44.152 | 20.576 |
|   6   | 59.550 | 80.050 | 87.150 | 44.141 | 20.569 |
|   7   | 59.550 | 80.050 | 87.150 | 44.155 | 20.569 |
|   8   | 59.550 | 80.050 | 87.150 | 44.153 | 20.565 |
|   9   | 59.500 | 80.050 | 87.150 | 44.159 | 20.583 |
|   10  | 59.550 | 80.050 | 87.150 | 44.151 | 20.588 |
|   11  | 59.500 | 80.050 | 87.150 | 44.156 | 20.602 |
|   12  | 59.450 | 80.050 | 87.200 | 44.165 | 20.609 |
|   13  | 59.450 | 80.100 | 87.200 | 44.165 | 20.611 |
|   14  | 59.450 | 80.100 | 87.250 | 44.170 | 20.626 |
|   15  | 59.450 | 80.050 | 87.250 | 44.165 | 20.605 |
|   16  | 59.450 | 80.100 | 87.200 | 44.168 | 20.607 |
|   17  | 59.450 | 80.100 | 87.200 | 44.178 | 20.636 |
|   18  | 59.450 | 80.100 | 87.200 | 44.178 | 20.628 |
+-------+--------+--------+--------+--------+--------+
     logs:  {'epo': 18, 'R1': 59.45, 'R5': 80.1, 'R10': 87.2, 'mAP': 44.178, 'mINP': 20.628, 'entropy': 0.6322768926620483, 'loss': 1.908797264099121, 'lr': 6.184665997806866e-07}
     Epoch[19] Iteration[10/12], entropy: 0.6695, loss: 1.9470, lr: 2.32e-06
     Averaged stats: entropy: 0.6005, loss: 1.8620, lr: 3.45e-06
     itm tta time 0:00:02
### TTA Eval Score: 
+-------+--------+--------+--------+--------+--------+
| epoch |   R1   |   R5   |  R10   |  mAP   |  mINP  |
+-------+--------+--------+--------+--------+--------+
|  -999 | 59.400 | 80.000 | 87.000 | 44.121 | 20.555 |
|   0   | 59.500 | 80.050 | 87.050 | 44.133 | 20.565 |
|   1   | 59.500 | 80.050 | 87.000 | 44.136 | 20.558 |
|   2   | 59.400 | 80.050 | 87.050 | 44.126 | 20.560 |
|   3   | 59.450 | 80.050 | 87.050 | 44.131 | 20.566 |
|   4   | 59.550 | 80.050 | 87.100 | 44.143 | 20.560 |
|   5   | 59.550 | 80.050 | 87.100 | 44.152 | 20.576 |
|   6   | 59.550 | 80.050 | 87.150 | 44.141 | 20.569 |
|   7   | 59.550 | 80.050 | 87.150 | 44.155 | 20.569 |
|   8   | 59.550 | 80.050 | 87.150 | 44.153 | 20.565 |
|   9   | 59.500 | 80.050 | 87.150 | 44.159 | 20.583 |
|   10  | 59.550 | 80.050 | 87.150 | 44.151 | 20.588 |
|   11  | 59.500 | 80.050 | 87.150 | 44.156 | 20.602 |
|   12  | 59.450 | 80.050 | 87.200 | 44.165 | 20.609 |
|   13  | 59.450 | 80.100 | 87.200 | 44.165 | 20.611 |
|   14  | 59.450 | 80.100 | 87.250 | 44.170 | 20.626 |
|   15  | 59.450 | 80.050 | 87.250 | 44.165 | 20.605 |
|   16  | 59.450 | 80.100 | 87.200 | 44.168 | 20.607 |
|   17  | 59.450 | 80.100 | 87.200 | 44.178 | 20.636 |
|   18  | 59.450 | 80.100 | 87.200 | 44.178 | 20.628 |
|   19  | 59.450 | 80.100 | 87.200 | 44.183 | 20.632 |
+-------+--------+--------+--------+--------+--------+
     logs:  {'epo': 19, 'R1': 59.45, 'R5': 80.1, 'R10': 87.2, 'mAP': 44.183, 'mINP': 20.632, 'entropy': 0.6694721579551697, 'loss': 1.9470099210739136, 'lr': 2.320866025105018e-06}
     Epoch[20] Iteration[10/12], entropy: 0.6668, loss: 1.9654, lr: 9.05e-06
     Averaged stats: entropy: 0.6499, loss: 1.9456, lr: 9.65e-06
     itm tta time 0:00:02
### TTA Eval Score: 
+-------+--------+--------+--------+--------+--------+
| epoch |   R1   |   R5   |  R10   |  mAP   |  mINP  |
+-------+--------+--------+--------+--------+--------+
|  -999 | 59.400 | 80.000 | 87.000 | 44.121 | 20.555 |
|   0   | 59.500 | 80.050 | 87.050 | 44.133 | 20.565 |
|   1   | 59.500 | 80.050 | 87.000 | 44.136 | 20.558 |
|   2   | 59.400 | 80.050 | 87.050 | 44.126 | 20.560 |
|   3   | 59.450 | 80.050 | 87.050 | 44.131 | 20.566 |
|   4   | 59.550 | 80.050 | 87.100 | 44.143 | 20.560 |
|   5   | 59.550 | 80.050 | 87.100 | 44.152 | 20.576 |
|   6   | 59.550 | 80.050 | 87.150 | 44.141 | 20.569 |
|   7   | 59.550 | 80.050 | 87.150 | 44.155 | 20.569 |
|   8   | 59.550 | 80.050 | 87.150 | 44.153 | 20.565 |
|   9   | 59.500 | 80.050 | 87.150 | 44.159 | 20.583 |
|   10  | 59.550 | 80.050 | 87.150 | 44.151 | 20.588 |
|   11  | 59.500 | 80.050 | 87.150 | 44.156 | 20.602 |
|   12  | 59.450 | 80.050 | 87.200 | 44.165 | 20.609 |
|   13  | 59.450 | 80.100 | 87.200 | 44.165 | 20.611 |
|   14  | 59.450 | 80.100 | 87.250 | 44.170 | 20.626 |
|   15  | 59.450 | 80.050 | 87.250 | 44.165 | 20.605 |
|   16  | 59.450 | 80.100 | 87.200 | 44.168 | 20.607 |
|   17  | 59.450 | 80.100 | 87.200 | 44.178 | 20.636 |
|   18  | 59.450 | 80.100 | 87.200 | 44.178 | 20.628 |
|   19  | 59.450 | 80.100 | 87.200 | 44.183 | 20.632 |
|   20  | 59.450 | 80.100 | 87.150 | 44.185 | 20.635 |
+-------+--------+--------+--------+--------+--------+
     logs:  {'epo': 20, 'R1': 59.45, 'R5': 80.1, 'R10': 87.15, 'mAP': 44.185, 'mINP': 20.635, 'entropy': 0.6668108701705933, 'loss': 1.9654219150543213, 'lr': 9.045084971874745e-06}
     Epoch[21] Iteration[10/12], entropy: 0.6044, loss: 1.9172, lr: 8.19e-06
     Averaged stats: entropy: 0.6960, loss: 1.9573, lr: 7.13e-06
     itm tta time 0:00:02
### TTA Eval Score: 
+-------+--------+--------+--------+--------+--------+
| epoch |   R1   |   R5   |  R10   |  mAP   |  mINP  |
+-------+--------+--------+--------+--------+--------+
|  -999 | 59.400 | 80.000 | 87.000 | 44.121 | 20.555 |
|   0   | 59.500 | 80.050 | 87.050 | 44.133 | 20.565 |
|   1   | 59.500 | 80.050 | 87.000 | 44.136 | 20.558 |
|   2   | 59.400 | 80.050 | 87.050 | 44.126 | 20.560 |
|   3   | 59.450 | 80.050 | 87.050 | 44.131 | 20.566 |
|   4   | 59.550 | 80.050 | 87.100 | 44.143 | 20.560 |
|   5   | 59.550 | 80.050 | 87.100 | 44.152 | 20.576 |
|   6   | 59.550 | 80.050 | 87.150 | 44.141 | 20.569 |
|   7   | 59.550 | 80.050 | 87.150 | 44.155 | 20.569 |
|   8   | 59.550 | 80.050 | 87.150 | 44.153 | 20.565 |
|   9   | 59.500 | 80.050 | 87.150 | 44.159 | 20.583 |
|   10  | 59.550 | 80.050 | 87.150 | 44.151 | 20.588 |
|   11  | 59.500 | 80.050 | 87.150 | 44.156 | 20.602 |
|   12  | 59.450 | 80.050 | 87.200 | 44.165 | 20.609 |
|   13  | 59.450 | 80.100 | 87.200 | 44.165 | 20.611 |
|   14  | 59.450 | 80.100 | 87.250 | 44.170 | 20.626 |
|   15  | 59.450 | 80.050 | 87.250 | 44.165 | 20.605 |
|   16  | 59.450 | 80.100 | 87.200 | 44.168 | 20.607 |
|   17  | 59.450 | 80.100 | 87.200 | 44.178 | 20.636 |
|   18  | 59.450 | 80.100 | 87.200 | 44.178 | 20.628 |
|   19  | 59.450 | 80.100 | 87.200 | 44.183 | 20.632 |
|   20  | 59.450 | 80.100 | 87.150 | 44.185 | 20.635 |
|   21  | 59.400 | 80.100 | 87.150 | 44.174 | 20.630 |
+-------+--------+--------+--------+--------+--------+
     logs:  {'epo': 21, 'R1': 59.4, 'R5': 80.1, 'R10': 87.15, 'mAP': 44.174, 'mINP': 20.63, 'entropy': 0.6043746471405029, 'loss': 1.9172372817993164, 'lr': 8.187119948743475e-06}
     Epoch[22] Iteration[10/12], entropy: 0.6857, loss: 1.9205, lr: 1.36e-06
     Averaged stats: entropy: 0.6689, loss: 1.9524, lr: 6.18e-07
     itm tta time 0:00:02
### TTA Eval Score: 
+-------+--------+--------+--------+--------+--------+
| epoch |   R1   |   R5   |  R10   |  mAP   |  mINP  |
+-------+--------+--------+--------+--------+--------+
|  -999 | 59.400 | 80.000 | 87.000 | 44.121 | 20.555 |
|   0   | 59.500 | 80.050 | 87.050 | 44.133 | 20.565 |
|   1   | 59.500 | 80.050 | 87.000 | 44.136 | 20.558 |
|   2   | 59.400 | 80.050 | 87.050 | 44.126 | 20.560 |
|   3   | 59.450 | 80.050 | 87.050 | 44.131 | 20.566 |
|   4   | 59.550 | 80.050 | 87.100 | 44.143 | 20.560 |
|   5   | 59.550 | 80.050 | 87.100 | 44.152 | 20.576 |
|   6   | 59.550 | 80.050 | 87.150 | 44.141 | 20.569 |
|   7   | 59.550 | 80.050 | 87.150 | 44.155 | 20.569 |
|   8   | 59.550 | 80.050 | 87.150 | 44.153 | 20.565 |
|   9   | 59.500 | 80.050 | 87.150 | 44.159 | 20.583 |
|   10  | 59.550 | 80.050 | 87.150 | 44.151 | 20.588 |
|   11  | 59.500 | 80.050 | 87.150 | 44.156 | 20.602 |
|   12  | 59.450 | 80.050 | 87.200 | 44.165 | 20.609 |
|   13  | 59.450 | 80.100 | 87.200 | 44.165 | 20.611 |
|   14  | 59.450 | 80.100 | 87.250 | 44.170 | 20.626 |
|   15  | 59.450 | 80.050 | 87.250 | 44.165 | 20.605 |
|   16  | 59.450 | 80.100 | 87.200 | 44.168 | 20.607 |
|   17  | 59.450 | 80.100 | 87.200 | 44.178 | 20.636 |
|   18  | 59.450 | 80.100 | 87.200 | 44.178 | 20.628 |
|   19  | 59.450 | 80.100 | 87.200 | 44.183 | 20.632 |
|   20  | 59.450 | 80.100 | 87.150 | 44.185 | 20.635 |
|   21  | 59.400 | 80.100 | 87.150 | 44.174 | 20.630 |
|   22  | 59.400 | 80.100 | 87.150 | 44.172 | 20.630 |
+-------+--------+--------+--------+--------+--------+
     logs:  {'epo': 22, 'R1': 59.4, 'R5': 80.1, 'R10': 87.15, 'mAP': 44.172, 'mINP': 20.63, 'entropy': 0.6856944561004639, 'loss': 1.9205212593078613, 'lr': 1.3551568628929446e-06}
     Epoch[23] Iteration[10/12], entropy: 0.6129, loss: 1.8096, lr: 1.36e-06
     Averaged stats: entropy: 0.5621, loss: 1.8676, lr: 2.32e-06
     itm tta time 0:00:02
### TTA Eval Score: 
+-------+--------+--------+--------+--------+--------+
| epoch |   R1   |   R5   |  R10   |  mAP   |  mINP  |
+-------+--------+--------+--------+--------+--------+
|  -999 | 59.400 | 80.000 | 87.000 | 44.121 | 20.555 |
|   0   | 59.500 | 80.050 | 87.050 | 44.133 | 20.565 |
|   1   | 59.500 | 80.050 | 87.000 | 44.136 | 20.558 |
|   2   | 59.400 | 80.050 | 87.050 | 44.126 | 20.560 |
|   3   | 59.450 | 80.050 | 87.050 | 44.131 | 20.566 |
|   4   | 59.550 | 80.050 | 87.100 | 44.143 | 20.560 |
|   5   | 59.550 | 80.050 | 87.100 | 44.152 | 20.576 |
|   6   | 59.550 | 80.050 | 87.150 | 44.141 | 20.569 |
|   7   | 59.550 | 80.050 | 87.150 | 44.155 | 20.569 |
|   8   | 59.550 | 80.050 | 87.150 | 44.153 | 20.565 |
|   9   | 59.500 | 80.050 | 87.150 | 44.159 | 20.583 |
|   10  | 59.550 | 80.050 | 87.150 | 44.151 | 20.588 |
|   11  | 59.500 | 80.050 | 87.150 | 44.156 | 20.602 |
|   12  | 59.450 | 80.050 | 87.200 | 44.165 | 20.609 |
|   13  | 59.450 | 80.100 | 87.200 | 44.165 | 20.611 |
|   14  | 59.450 | 80.100 | 87.250 | 44.170 | 20.626 |
|   15  | 59.450 | 80.050 | 87.250 | 44.165 | 20.605 |
|   16  | 59.450 | 80.100 | 87.200 | 44.168 | 20.607 |
|   17  | 59.450 | 80.100 | 87.200 | 44.178 | 20.636 |
|   18  | 59.450 | 80.100 | 87.200 | 44.178 | 20.628 |
|   19  | 59.450 | 80.100 | 87.200 | 44.183 | 20.632 |
|   20  | 59.450 | 80.100 | 87.150 | 44.185 | 20.635 |
|   21  | 59.400 | 80.100 | 87.150 | 44.174 | 20.630 |
|   22  | 59.400 | 80.100 | 87.150 | 44.172 | 20.630 |
|   23  | 59.450 | 80.100 | 87.150 | 44.177 | 20.641 |
+-------+--------+--------+--------+--------+--------+
     logs:  {'epo': 23, 'R1': 59.45, 'R5': 80.1, 'R10': 87.15, 'mAP': 44.177, 'mINP': 20.641, 'entropy': 0.6128900051116943, 'loss': 1.8095585107803345, 'lr': 1.3551568628929351e-06}
     Epoch[24] Iteration[10/12], entropy: 0.5825, loss: 1.8899, lr: 8.19e-06
     Averaged stats: entropy: 0.5982, loss: 1.8668, lr: 9.05e-06
     itm tta time 0:00:02
### TTA Eval Score: 
+-------+--------+--------+--------+--------+--------+
| epoch |   R1   |   R5   |  R10   |  mAP   |  mINP  |
+-------+--------+--------+--------+--------+--------+
|  -999 | 59.400 | 80.000 | 87.000 | 44.121 | 20.555 |
|   0   | 59.500 | 80.050 | 87.050 | 44.133 | 20.565 |
|   1   | 59.500 | 80.050 | 87.000 | 44.136 | 20.558 |
|   2   | 59.400 | 80.050 | 87.050 | 44.126 | 20.560 |
|   3   | 59.450 | 80.050 | 87.050 | 44.131 | 20.566 |
|   4   | 59.550 | 80.050 | 87.100 | 44.143 | 20.560 |
|   5   | 59.550 | 80.050 | 87.100 | 44.152 | 20.576 |
|   6   | 59.550 | 80.050 | 87.150 | 44.141 | 20.569 |
|   7   | 59.550 | 80.050 | 87.150 | 44.155 | 20.569 |
|   8   | 59.550 | 80.050 | 87.150 | 44.153 | 20.565 |
|   9   | 59.500 | 80.050 | 87.150 | 44.159 | 20.583 |
|   10  | 59.550 | 80.050 | 87.150 | 44.151 | 20.588 |
|   11  | 59.500 | 80.050 | 87.150 | 44.156 | 20.602 |
|   12  | 59.450 | 80.050 | 87.200 | 44.165 | 20.609 |
|   13  | 59.450 | 80.100 | 87.200 | 44.165 | 20.611 |
|   14  | 59.450 | 80.100 | 87.250 | 44.170 | 20.626 |
|   15  | 59.450 | 80.050 | 87.250 | 44.165 | 20.605 |
|   16  | 59.450 | 80.100 | 87.200 | 44.168 | 20.607 |
|   17  | 59.450 | 80.100 | 87.200 | 44.178 | 20.636 |
|   18  | 59.450 | 80.100 | 87.200 | 44.178 | 20.628 |
|   19  | 59.450 | 80.100 | 87.200 | 44.183 | 20.632 |
|   20  | 59.450 | 80.100 | 87.150 | 44.185 | 20.635 |
|   21  | 59.400 | 80.100 | 87.150 | 44.174 | 20.630 |
|   22  | 59.400 | 80.100 | 87.150 | 44.172 | 20.630 |
|   23  | 59.450 | 80.100 | 87.150 | 44.177 | 20.641 |
|   24  | 59.400 | 80.100 | 87.100 | 44.173 | 20.631 |
+-------+--------+--------+--------+--------+--------+
     logs:  {'epo': 24, 'R1': 59.4, 'R5': 80.1, 'R10': 87.1, 'mAP': 44.173, 'mINP': 20.631, 'entropy': 0.5825376510620117, 'loss': 1.889925241470337, 'lr': 8.187119948743463e-06}
     Epoch[25] Iteration[10/12], entropy: 0.6821, loss: 1.9544, lr: 9.05e-06
     Averaged stats: entropy: 0.7325, loss: 2.0327, lr: 8.19e-06
     itm tta time 0:00:02
### TTA Eval Score: 
+-------+--------+--------+--------+--------+--------+
| epoch |   R1   |   R5   |  R10   |  mAP   |  mINP  |
+-------+--------+--------+--------+--------+--------+
|  -999 | 59.400 | 80.000 | 87.000 | 44.121 | 20.555 |
|   0   | 59.500 | 80.050 | 87.050 | 44.133 | 20.565 |
|   1   | 59.500 | 80.050 | 87.000 | 44.136 | 20.558 |
|   2   | 59.400 | 80.050 | 87.050 | 44.126 | 20.560 |
|   3   | 59.450 | 80.050 | 87.050 | 44.131 | 20.566 |
|   4   | 59.550 | 80.050 | 87.100 | 44.143 | 20.560 |
|   5   | 59.550 | 80.050 | 87.100 | 44.152 | 20.576 |
|   6   | 59.550 | 80.050 | 87.150 | 44.141 | 20.569 |
|   7   | 59.550 | 80.050 | 87.150 | 44.155 | 20.569 |
|   8   | 59.550 | 80.050 | 87.150 | 44.153 | 20.565 |
|   9   | 59.500 | 80.050 | 87.150 | 44.159 | 20.583 |
|   10  | 59.550 | 80.050 | 87.150 | 44.151 | 20.588 |
|   11  | 59.500 | 80.050 | 87.150 | 44.156 | 20.602 |
|   12  | 59.450 | 80.050 | 87.200 | 44.165 | 20.609 |
|   13  | 59.450 | 80.100 | 87.200 | 44.165 | 20.611 |
|   14  | 59.450 | 80.100 | 87.250 | 44.170 | 20.626 |
|   15  | 59.450 | 80.050 | 87.250 | 44.165 | 20.605 |
|   16  | 59.450 | 80.100 | 87.200 | 44.168 | 20.607 |
|   17  | 59.450 | 80.100 | 87.200 | 44.178 | 20.636 |
|   18  | 59.450 | 80.100 | 87.200 | 44.178 | 20.628 |
|   19  | 59.450 | 80.100 | 87.200 | 44.183 | 20.632 |
|   20  | 59.450 | 80.100 | 87.150 | 44.185 | 20.635 |
|   21  | 59.400 | 80.100 | 87.150 | 44.174 | 20.630 |
|   22  | 59.400 | 80.100 | 87.150 | 44.172 | 20.630 |
|   23  | 59.450 | 80.100 | 87.150 | 44.177 | 20.641 |
|   24  | 59.400 | 80.100 | 87.100 | 44.173 | 20.631 |
|   25  | 59.350 | 80.100 | 87.100 | 44.168 | 20.643 |
+-------+--------+--------+--------+--------+--------+
     logs:  {'epo': 25, 'R1': 59.35, 'R5': 80.1, 'R10': 87.1, 'mAP': 44.168, 'mINP': 20.643, 'entropy': 0.6821478605270386, 'loss': 1.9544212818145752, 'lr': 9.045084971874752e-06}
     Epoch[26] Iteration[10/12], entropy: 0.6518, loss: 1.9115, lr: 2.32e-06
     Averaged stats: entropy: 0.6148, loss: 1.9499, lr: 1.36e-06
     itm tta time 0:00:02
### TTA Eval Score: 
+-------+--------+--------+--------+--------+--------+
| epoch |   R1   |   R5   |  R10   |  mAP   |  mINP  |
+-------+--------+--------+--------+--------+--------+
|  -999 | 59.400 | 80.000 | 87.000 | 44.121 | 20.555 |
|   0   | 59.500 | 80.050 | 87.050 | 44.133 | 20.565 |
|   1   | 59.500 | 80.050 | 87.000 | 44.136 | 20.558 |
|   2   | 59.400 | 80.050 | 87.050 | 44.126 | 20.560 |
|   3   | 59.450 | 80.050 | 87.050 | 44.131 | 20.566 |
|   4   | 59.550 | 80.050 | 87.100 | 44.143 | 20.560 |
|   5   | 59.550 | 80.050 | 87.100 | 44.152 | 20.576 |
|   6   | 59.550 | 80.050 | 87.150 | 44.141 | 20.569 |
|   7   | 59.550 | 80.050 | 87.150 | 44.155 | 20.569 |
|   8   | 59.550 | 80.050 | 87.150 | 44.153 | 20.565 |
|   9   | 59.500 | 80.050 | 87.150 | 44.159 | 20.583 |
|   10  | 59.550 | 80.050 | 87.150 | 44.151 | 20.588 |
|   11  | 59.500 | 80.050 | 87.150 | 44.156 | 20.602 |
|   12  | 59.450 | 80.050 | 87.200 | 44.165 | 20.609 |
|   13  | 59.450 | 80.100 | 87.200 | 44.165 | 20.611 |
|   14  | 59.450 | 80.100 | 87.250 | 44.170 | 20.626 |
|   15  | 59.450 | 80.050 | 87.250 | 44.165 | 20.605 |
|   16  | 59.450 | 80.100 | 87.200 | 44.168 | 20.607 |
|   17  | 59.450 | 80.100 | 87.200 | 44.178 | 20.636 |
|   18  | 59.450 | 80.100 | 87.200 | 44.178 | 20.628 |
|   19  | 59.450 | 80.100 | 87.200 | 44.183 | 20.632 |
|   20  | 59.450 | 80.100 | 87.150 | 44.185 | 20.635 |
|   21  | 59.400 | 80.100 | 87.150 | 44.174 | 20.630 |
|   22  | 59.400 | 80.100 | 87.150 | 44.172 | 20.630 |
|   23  | 59.450 | 80.100 | 87.150 | 44.177 | 20.641 |
|   24  | 59.400 | 80.100 | 87.100 | 44.173 | 20.631 |
|   25  | 59.350 | 80.100 | 87.100 | 44.168 | 20.643 |
|   26  | 59.350 | 80.100 | 87.100 | 44.179 | 20.648 |
+-------+--------+--------+--------+--------+--------+
     logs:  {'epo': 26, 'R1': 59.35, 'R5': 80.1, 'R10': 87.1, 'mAP': 44.179, 'mINP': 20.648, 'entropy': 0.6517989635467529, 'loss': 1.9115104675292969, 'lr': 2.3208660251050147e-06}
     Epoch[27] Iteration[10/12], entropy: 0.5407, loss: 1.7984, lr: 6.18e-07
     Averaged stats: entropy: 0.7018, loss: 2.0129, lr: 1.36e-06
     itm tta time 0:00:02
### TTA Eval Score: 
+-------+--------+--------+--------+--------+--------+
| epoch |   R1   |   R5   |  R10   |  mAP   |  mINP  |
+-------+--------+--------+--------+--------+--------+
|  -999 | 59.400 | 80.000 | 87.000 | 44.121 | 20.555 |
|   0   | 59.500 | 80.050 | 87.050 | 44.133 | 20.565 |
|   1   | 59.500 | 80.050 | 87.000 | 44.136 | 20.558 |
|   2   | 59.400 | 80.050 | 87.050 | 44.126 | 20.560 |
|   3   | 59.450 | 80.050 | 87.050 | 44.131 | 20.566 |
|   4   | 59.550 | 80.050 | 87.100 | 44.143 | 20.560 |
|   5   | 59.550 | 80.050 | 87.100 | 44.152 | 20.576 |
|   6   | 59.550 | 80.050 | 87.150 | 44.141 | 20.569 |
|   7   | 59.550 | 80.050 | 87.150 | 44.155 | 20.569 |
|   8   | 59.550 | 80.050 | 87.150 | 44.153 | 20.565 |
|   9   | 59.500 | 80.050 | 87.150 | 44.159 | 20.583 |
|   10  | 59.550 | 80.050 | 87.150 | 44.151 | 20.588 |
|   11  | 59.500 | 80.050 | 87.150 | 44.156 | 20.602 |
|   12  | 59.450 | 80.050 | 87.200 | 44.165 | 20.609 |
|   13  | 59.450 | 80.100 | 87.200 | 44.165 | 20.611 |
|   14  | 59.450 | 80.100 | 87.250 | 44.170 | 20.626 |
|   15  | 59.450 | 80.050 | 87.250 | 44.165 | 20.605 |
|   16  | 59.450 | 80.100 | 87.200 | 44.168 | 20.607 |
|   17  | 59.450 | 80.100 | 87.200 | 44.178 | 20.636 |
|   18  | 59.450 | 80.100 | 87.200 | 44.178 | 20.628 |
|   19  | 59.450 | 80.100 | 87.200 | 44.183 | 20.632 |
|   20  | 59.450 | 80.100 | 87.150 | 44.185 | 20.635 |
|   21  | 59.400 | 80.100 | 87.150 | 44.174 | 20.630 |
|   22  | 59.400 | 80.100 | 87.150 | 44.172 | 20.630 |
|   23  | 59.450 | 80.100 | 87.150 | 44.177 | 20.641 |
|   24  | 59.400 | 80.100 | 87.100 | 44.173 | 20.631 |
|   25  | 59.350 | 80.100 | 87.100 | 44.168 | 20.643 |
|   26  | 59.350 | 80.100 | 87.100 | 44.179 | 20.648 |
|   27  | 59.400 | 80.100 | 87.150 | 44.179 | 20.640 |
+-------+--------+--------+--------+--------+--------+
     logs:  {'epo': 27, 'R1': 59.4, 'R5': 80.1, 'R10': 87.15, 'mAP': 44.179, 'mINP': 20.64, 'entropy': 0.5406782627105713, 'loss': 1.7984318733215332, 'lr': 6.184665997806799e-07}
     Epoch[28] Iteration[10/12], entropy: 0.5232, loss: 1.7816, lr: 7.13e-06
     Averaged stats: entropy: 0.6830, loss: 1.9435, lr: 8.19e-06
     itm tta time 0:00:02
### TTA Eval Score: 
+-------+--------+--------+--------+--------+--------+
| epoch |   R1   |   R5   |  R10   |  mAP   |  mINP  |
+-------+--------+--------+--------+--------+--------+
|  -999 | 59.400 | 80.000 | 87.000 | 44.121 | 20.555 |
|   0   | 59.500 | 80.050 | 87.050 | 44.133 | 20.565 |
|   1   | 59.500 | 80.050 | 87.000 | 44.136 | 20.558 |
|   2   | 59.400 | 80.050 | 87.050 | 44.126 | 20.560 |
|   3   | 59.450 | 80.050 | 87.050 | 44.131 | 20.566 |
|   4   | 59.550 | 80.050 | 87.100 | 44.143 | 20.560 |
|   5   | 59.550 | 80.050 | 87.100 | 44.152 | 20.576 |
|   6   | 59.550 | 80.050 | 87.150 | 44.141 | 20.569 |
|   7   | 59.550 | 80.050 | 87.150 | 44.155 | 20.569 |
|   8   | 59.550 | 80.050 | 87.150 | 44.153 | 20.565 |
|   9   | 59.500 | 80.050 | 87.150 | 44.159 | 20.583 |
|   10  | 59.550 | 80.050 | 87.150 | 44.151 | 20.588 |
|   11  | 59.500 | 80.050 | 87.150 | 44.156 | 20.602 |
|   12  | 59.450 | 80.050 | 87.200 | 44.165 | 20.609 |
|   13  | 59.450 | 80.100 | 87.200 | 44.165 | 20.611 |
|   14  | 59.450 | 80.100 | 87.250 | 44.170 | 20.626 |
|   15  | 59.450 | 80.050 | 87.250 | 44.165 | 20.605 |
|   16  | 59.450 | 80.100 | 87.200 | 44.168 | 20.607 |
|   17  | 59.450 | 80.100 | 87.200 | 44.178 | 20.636 |
|   18  | 59.450 | 80.100 | 87.200 | 44.178 | 20.628 |
|   19  | 59.450 | 80.100 | 87.200 | 44.183 | 20.632 |
|   20  | 59.450 | 80.100 | 87.150 | 44.185 | 20.635 |
|   21  | 59.400 | 80.100 | 87.150 | 44.174 | 20.630 |
|   22  | 59.400 | 80.100 | 87.150 | 44.172 | 20.630 |
|   23  | 59.450 | 80.100 | 87.150 | 44.177 | 20.641 |
|   24  | 59.400 | 80.100 | 87.100 | 44.173 | 20.631 |
|   25  | 59.350 | 80.100 | 87.100 | 44.168 | 20.643 |
|   26  | 59.350 | 80.100 | 87.100 | 44.179 | 20.648 |
|   27  | 59.400 | 80.100 | 87.150 | 44.179 | 20.640 |
|   28  | 59.400 | 80.100 | 87.150 | 44.179 | 20.650 |
+-------+--------+--------+--------+--------+--------+
     logs:  {'epo': 28, 'R1': 59.4, 'R5': 80.1, 'R10': 87.15, 'mAP': 44.179, 'mINP': 20.65, 'entropy': 0.5232439041137695, 'loss': 1.7815700769424438, 'lr': 7.128896457825353e-06}
     Epoch[29] Iteration[10/12], entropy: 0.5861, loss: 1.8894, lr: 9.65e-06
     Averaged stats: entropy: 0.4417, loss: 1.7112, lr: 9.05e-06
     itm tta time 0:00:02
### TTA Eval Score: 
+-------+--------+--------+--------+--------+--------+
| epoch |   R1   |   R5   |  R10   |  mAP   |  mINP  |
+-------+--------+--------+--------+--------+--------+
|  -999 | 59.400 | 80.000 | 87.000 | 44.121 | 20.555 |
|   0   | 59.500 | 80.050 | 87.050 | 44.133 | 20.565 |
|   1   | 59.500 | 80.050 | 87.000 | 44.136 | 20.558 |
|   2   | 59.400 | 80.050 | 87.050 | 44.126 | 20.560 |
|   3   | 59.450 | 80.050 | 87.050 | 44.131 | 20.566 |
|   4   | 59.550 | 80.050 | 87.100 | 44.143 | 20.560 |
|   5   | 59.550 | 80.050 | 87.100 | 44.152 | 20.576 |
|   6   | 59.550 | 80.050 | 87.150 | 44.141 | 20.569 |
|   7   | 59.550 | 80.050 | 87.150 | 44.155 | 20.569 |
|   8   | 59.550 | 80.050 | 87.150 | 44.153 | 20.565 |
|   9   | 59.500 | 80.050 | 87.150 | 44.159 | 20.583 |
|   10  | 59.550 | 80.050 | 87.150 | 44.151 | 20.588 |
|   11  | 59.500 | 80.050 | 87.150 | 44.156 | 20.602 |
|   12  | 59.450 | 80.050 | 87.200 | 44.165 | 20.609 |
|   13  | 59.450 | 80.100 | 87.200 | 44.165 | 20.611 |
|   14  | 59.450 | 80.100 | 87.250 | 44.170 | 20.626 |
|   15  | 59.450 | 80.050 | 87.250 | 44.165 | 20.605 |
|   16  | 59.450 | 80.100 | 87.200 | 44.168 | 20.607 |
|   17  | 59.450 | 80.100 | 87.200 | 44.178 | 20.636 |
|   18  | 59.450 | 80.100 | 87.200 | 44.178 | 20.628 |
|   19  | 59.450 | 80.100 | 87.200 | 44.183 | 20.632 |
|   20  | 59.450 | 80.100 | 87.150 | 44.185 | 20.635 |
|   21  | 59.400 | 80.100 | 87.150 | 44.174 | 20.630 |
|   22  | 59.400 | 80.100 | 87.150 | 44.172 | 20.630 |
|   23  | 59.450 | 80.100 | 87.150 | 44.177 | 20.641 |
|   24  | 59.400 | 80.100 | 87.100 | 44.173 | 20.631 |
|   25  | 59.350 | 80.100 | 87.100 | 44.168 | 20.643 |
|   26  | 59.350 | 80.100 | 87.100 | 44.179 | 20.648 |
|   27  | 59.400 | 80.100 | 87.150 | 44.179 | 20.640 |
|   28  | 59.400 | 80.100 | 87.150 | 44.179 | 20.650 |
|   29  | 59.350 | 80.100 | 87.150 | 44.176 | 20.654 |
+-------+--------+--------+--------+--------+--------+
     logs:  {'epo': 29, 'R1': 59.35, 'R5': 80.1, 'R10': 87.15, 'mAP': 44.176, 'mINP': 20.654, 'entropy': 0.5860745906829834, 'loss': 1.8894076347351074, 'lr': 9.648882429441265e-06}
### best epoch 4 : {'epo': '4', 'R1': '59.55', 'R5': '80.05', 'R10': '87.1', 'mAP': '44.143', 'mINP': '20.56', 'entropy': '0.5515705943107605', 'loss': '1.8371458053588867', 'lr': '9.648882429441258e-06'}
### Time 0:02:52
