/home/jiahao/miniconda3/envs/irra/lib/python3.9/site-packages/torch/nn/functional.py:3609: UserWarning: Default upsampling behavior when mode=bilinear is changed to align_corners=False since 0.4.0. Please specify align_corners=True if the old behavior is desired. See the documentation of nn.Upsample for details.
  warnings.warn(
Not using distributed mode
### Hyper-parameters:
     output_dir: output/ham_rstp_tta/exp3.1.0/2025090114512
     seed: 42
     device: cuda
     batch_size_tta: 32
     epochs: 30
     lr: 1e-05
### Creating test dataset
     test_txt_set: 2000    test_img_set: 1000
     test_txt_loader: 4    test_img_loader: 2
### Creating model
Training Model with ['sdm', 'id', 'mlm'] tasks
Resized position embedding from size:torch.Size([1, 197, 768]) to size: torch.Size([1, 193, 768]) with height:24 width: 8
     Total Params Sum:  190789493
### Zero-Shot Score: 
+-------+--------+--------+--------+--------+--------+
| epoch |   R1   |   R5   |  R10   |  mAP   |  mINP  |
+-------+--------+--------+--------+--------+--------+
|  -999 | 59.400 | 80.000 | 87.000 | 44.121 | 20.555 |
+-------+--------+--------+--------+--------+--------+
### TTA:
### Compute Cos Similarity Uncertainty
     preprocess_tta_coefficients  start
     sample selection ...
     number of sample after sample_selection: 2000
     uncertainty ...
     preprocess_tta_coefficients  end
### Creating TTA dataset
     tta_dataset: 2000
### Creating tta dataloader
### be careful: func create_loader returns a list length of 1
     tta_loader: 62
### Configure adapted weights
     TTA Dropout Modules: 
 []
     TTA Require Gradient Params: 
 [('base_model.transformer.resblocks.0.ln_1.weight', torch.Size([512])), ('base_model.transformer.resblocks.0.ln_1.bias', torch.Size([512])), ('base_model.transformer.resblocks.0.ln_2.weight', torch.Size([512])), ('base_model.transformer.resblocks.0.ln_2.bias', torch.Size([512])), ('base_model.transformer.resblocks.1.ln_1.weight', torch.Size([512])), ('base_model.transformer.resblocks.1.ln_1.bias', torch.Size([512])), ('base_model.transformer.resblocks.1.ln_2.weight', torch.Size([512])), ('base_model.transformer.resblocks.1.ln_2.bias', torch.Size([512])), ('base_model.transformer.resblocks.2.ln_1.weight', torch.Size([512])), ('base_model.transformer.resblocks.2.ln_1.bias', torch.Size([512])), ('base_model.transformer.resblocks.2.ln_2.weight', torch.Size([512])), ('base_model.transformer.resblocks.2.ln_2.bias', torch.Size([512])), ('base_model.transformer.resblocks.3.ln_1.weight', torch.Size([512])), ('base_model.transformer.resblocks.3.ln_1.bias', torch.Size([512])), ('base_model.transformer.resblocks.3.ln_2.weight', torch.Size([512])), ('base_model.transformer.resblocks.3.ln_2.bias', torch.Size([512])), ('base_model.transformer.resblocks.4.ln_1.weight', torch.Size([512])), ('base_model.transformer.resblocks.4.ln_1.bias', torch.Size([512])), ('base_model.transformer.resblocks.4.ln_2.weight', torch.Size([512])), ('base_model.transformer.resblocks.4.ln_2.bias', torch.Size([512])), ('base_model.transformer.resblocks.5.ln_1.weight', torch.Size([512])), ('base_model.transformer.resblocks.5.ln_1.bias', torch.Size([512])), ('base_model.transformer.resblocks.5.ln_2.weight', torch.Size([512])), ('base_model.transformer.resblocks.5.ln_2.bias', torch.Size([512])), ('base_model.transformer.resblocks.6.ln_1.weight', torch.Size([512])), ('base_model.transformer.resblocks.6.ln_1.bias', torch.Size([512])), ('base_model.transformer.resblocks.6.ln_2.weight', torch.Size([512])), ('base_model.transformer.resblocks.6.ln_2.bias', torch.Size([512])), ('base_model.transformer.resblocks.7.ln_1.weight', torch.Size([512])), ('base_model.transformer.resblocks.7.ln_1.bias', torch.Size([512])), ('base_model.transformer.resblocks.7.ln_2.weight', torch.Size([512])), ('base_model.transformer.resblocks.7.ln_2.bias', torch.Size([512])), ('base_model.transformer.resblocks.8.ln_1.weight', torch.Size([512])), ('base_model.transformer.resblocks.8.ln_1.bias', torch.Size([512])), ('base_model.transformer.resblocks.8.ln_2.weight', torch.Size([512])), ('base_model.transformer.resblocks.8.ln_2.bias', torch.Size([512])), ('base_model.transformer.resblocks.9.ln_1.weight', torch.Size([512])), ('base_model.transformer.resblocks.9.ln_1.bias', torch.Size([512])), ('base_model.transformer.resblocks.9.ln_2.weight', torch.Size([512])), ('base_model.transformer.resblocks.9.ln_2.bias', torch.Size([512])), ('base_model.transformer.resblocks.10.ln_1.weight', torch.Size([512])), ('base_model.transformer.resblocks.10.ln_1.bias', torch.Size([512])), ('base_model.transformer.resblocks.10.ln_2.weight', torch.Size([512])), ('base_model.transformer.resblocks.10.ln_2.bias', torch.Size([512])), ('base_model.transformer.resblocks.11.ln_1.weight', torch.Size([512])), ('base_model.transformer.resblocks.11.ln_1.bias', torch.Size([512])), ('base_model.transformer.resblocks.11.ln_2.weight', torch.Size([512])), ('base_model.transformer.resblocks.11.ln_2.bias', torch.Size([512])), ('base_model.ln_final.weight', torch.Size([512])), ('base_model.ln_final.bias', torch.Size([512]))]
     TTA Dropout Modules Number: 
 0
     TTA Require Gradient Params Sum: 
 25600
Using 5.0 times learning rate for random init module 
### Start Test Time Adaptation
     Epoch[0] Iteration[10/62], entropy: 0.6718, loss: 2.2032, lr: 9.05e-06
     Epoch[0] Iteration[20/62], entropy: 0.7976, loss: 2.3189, lr: 3.45e-06
     Epoch[0] Iteration[30/62], entropy: 0.9267, loss: 2.4741, lr: 0.00e+00
     Epoch[0] Iteration[40/62], entropy: 0.8109, loss: 2.3673, lr: 3.45e-06
     Epoch[0] Iteration[50/62], entropy: 0.7905, loss: 2.3513, lr: 9.05e-06
     Epoch[0] Iteration[60/62], entropy: 0.8062, loss: 2.3688, lr: 9.05e-06
     Averaged stats: entropy: 0.7671, loss: 2.3319, lr: 8.19e-06
     itm tta time 0:00:11
### TTA Eval Score: 
+-------+--------+--------+--------+--------+--------+
| epoch |   R1   |   R5   |  R10   |  mAP   |  mINP  |
+-------+--------+--------+--------+--------+--------+
|  -999 | 59.400 | 80.000 | 87.000 | 44.121 | 20.555 |
|   0   | 59.400 | 80.000 | 87.050 | 44.098 | 20.560 |
+-------+--------+--------+--------+--------+--------+
     logs:  {'epo': 0, 'R1': 59.4, 'R5': 80.0, 'R10': 87.05, 'mAP': 44.098, 'mINP': 20.56, 'entropy': 0.8006276289621989, 'loss': 2.3472534815470376, 'lr': 5.67418082864579e-06}
     Epoch[1] Iteration[10/62], entropy: 0.8395, loss: 2.3226, lr: 2.32e-06
     Epoch[1] Iteration[20/62], entropy: 0.9636, loss: 2.5506, lr: 1.57e-07
     Epoch[1] Iteration[30/62], entropy: 0.8393, loss: 2.4292, lr: 4.69e-06
     Epoch[1] Iteration[40/62], entropy: 0.9186, loss: 2.5244, lr: 9.65e-06
     Epoch[1] Iteration[50/62], entropy: 0.9220, loss: 2.3709, lr: 8.19e-06
     Epoch[1] Iteration[60/62], entropy: 0.8562, loss: 2.3725, lr: 2.32e-06
     Averaged stats: entropy: 0.8022, loss: 2.3477, lr: 1.36e-06
     itm tta time 0:00:11
### TTA Eval Score: 
+-------+--------+--------+--------+--------+--------+
| epoch |   R1   |   R5   |  R10   |  mAP   |  mINP  |
+-------+--------+--------+--------+--------+--------+
|  -999 | 59.400 | 80.000 | 87.000 | 44.121 | 20.555 |
|   0   | 59.400 | 80.000 | 87.050 | 44.098 | 20.560 |
|   1   | 59.450 | 80.000 | 87.050 | 44.088 | 20.552 |
+-------+--------+--------+--------+--------+--------+
     logs:  {'epo': 1, 'R1': 59.45, 'R5': 80.0, 'R10': 87.05, 'mAP': 44.088, 'mINP': 20.552, 'entropy': 0.88986936211586, 'loss': 2.428356409072876, 'lr': 4.553477670850839e-06}
     Epoch[2] Iteration[10/62], entropy: 0.7965, loss: 2.3349, lr: 6.18e-07
     Epoch[2] Iteration[20/62], entropy: 0.7599, loss: 2.3228, lr: 5.94e-06
     Epoch[2] Iteration[30/62], entropy: 0.7775, loss: 2.3367, lr: 9.96e-06
     Epoch[2] Iteration[40/62], entropy: 0.7931, loss: 2.3061, lr: 7.13e-06
     Epoch[2] Iteration[50/62], entropy: 0.8088, loss: 2.3845, lr: 1.36e-06
     Epoch[2] Iteration[60/62], entropy: 0.8493, loss: 2.4060, lr: 6.18e-07
     Averaged stats: entropy: 0.8913, loss: 2.3656, lr: 1.36e-06
     itm tta time 0:00:11
### TTA Eval Score: 
+-------+--------+--------+--------+--------+--------+
| epoch |   R1   |   R5   |  R10   |  mAP   |  mINP  |
+-------+--------+--------+--------+--------+--------+
|  -999 | 59.400 | 80.000 | 87.000 | 44.121 | 20.555 |
|   0   | 59.400 | 80.000 | 87.050 | 44.098 | 20.560 |
|   1   | 59.450 | 80.000 | 87.050 | 44.088 | 20.552 |
|   2   | 59.450 | 80.000 | 87.100 | 44.088 | 20.553 |
+-------+--------+--------+--------+--------+--------+
     logs:  {'epo': 2, 'R1': 59.45, 'R5': 80.0, 'R10': 87.1, 'mAP': 44.088, 'mINP': 20.553, 'entropy': 0.7975206673145294, 'loss': 2.3485049406687417, 'lr': 4.269744433296778e-06}
     Epoch[3] Iteration[10/62], entropy: 0.8843, loss: 2.4739, lr: 7.13e-06
     Epoch[3] Iteration[20/62], entropy: 0.8540, loss: 2.3712, lr: 9.96e-06
     Epoch[3] Iteration[30/62], entropy: 0.7581, loss: 2.2228, lr: 5.94e-06
     Epoch[3] Iteration[40/62], entropy: 0.7853, loss: 2.4049, lr: 6.18e-07
     Epoch[3] Iteration[50/62], entropy: 0.6928, loss: 2.2897, lr: 1.36e-06
     Epoch[3] Iteration[60/62], entropy: 0.8528, loss: 2.4008, lr: 7.13e-06
     Averaged stats: entropy: 0.8365, loss: 2.3877, lr: 8.19e-06
     itm tta time 0:00:11
### TTA Eval Score: 
+-------+--------+--------+--------+--------+--------+
| epoch |   R1   |   R5   |  R10   |  mAP   |  mINP  |
+-------+--------+--------+--------+--------+--------+
|  -999 | 59.400 | 80.000 | 87.000 | 44.121 | 20.555 |
|   0   | 59.400 | 80.000 | 87.050 | 44.098 | 20.560 |
|   1   | 59.450 | 80.000 | 87.050 | 44.088 | 20.552 |
|   2   | 59.450 | 80.000 | 87.100 | 44.088 | 20.553 |
|   3   | 59.350 | 79.950 | 87.050 | 44.086 | 20.566 |
+-------+--------+--------+--------+--------+--------+
     logs:  {'epo': 3, 'R1': 59.35, 'R5': 79.95, 'R10': 87.05, 'mAP': 44.086, 'mINP': 20.566, 'entropy': 0.8045346637566885, 'loss': 2.3605422973632812, 'lr': 5.35481607630423e-06}
     Epoch[4] Iteration[10/62], entropy: 0.9067, loss: 2.4723, lr: 9.65e-06
     Epoch[4] Iteration[20/62], entropy: 0.8071, loss: 2.3609, lr: 4.69e-06
     Epoch[4] Iteration[30/62], entropy: 0.8350, loss: 2.3800, lr: 1.57e-07
     Epoch[4] Iteration[40/62], entropy: 0.7504, loss: 2.2766, lr: 2.32e-06
     Epoch[4] Iteration[50/62], entropy: 0.8412, loss: 2.3339, lr: 8.19e-06
     Epoch[4] Iteration[60/62], entropy: 0.8003, loss: 2.3423, lr: 9.65e-06
     Averaged stats: entropy: 0.7530, loss: 2.2894, lr: 9.05e-06
     itm tta time 0:00:11
### TTA Eval Score: 
+-------+--------+--------+--------+--------+--------+
| epoch |   R1   |   R5   |  R10   |  mAP   |  mINP  |
+-------+--------+--------+--------+--------+--------+
|  -999 | 59.400 | 80.000 | 87.000 | 44.121 | 20.555 |
|   0   | 59.400 | 80.000 | 87.050 | 44.098 | 20.560 |
|   1   | 59.450 | 80.000 | 87.050 | 44.088 | 20.552 |
|   2   | 59.450 | 80.000 | 87.100 | 44.088 | 20.553 |
|   3   | 59.350 | 79.950 | 87.050 | 44.086 | 20.566 |
|   4   | 59.350 | 79.950 | 87.100 | 44.078 | 20.555 |
+-------+--------+--------+--------+--------+--------+
     logs:  {'epo': 4, 'R1': 59.35, 'R5': 79.95, 'R10': 87.1, 'mAP': 44.078, 'mINP': 20.555, 'entropy': 0.8234245677789053, 'loss': 2.3610108296076455, 'lr': 5.774813738240216e-06}
     Epoch[5] Iteration[10/62], entropy: 0.9121, loss: 2.4645, lr: 3.45e-06
     Epoch[5] Iteration[20/62], entropy: 0.7271, loss: 2.3153, lr: 0.00e+00
     Epoch[5] Iteration[30/62], entropy: 0.8085, loss: 2.3133, lr: 3.45e-06
     Epoch[5] Iteration[40/62], entropy: 0.8456, loss: 2.4329, lr: 9.05e-06
     Epoch[5] Iteration[50/62], entropy: 0.8816, loss: 2.4103, lr: 9.05e-06
     Epoch[5] Iteration[60/62], entropy: 0.7137, loss: 2.2850, lr: 3.45e-06
     Averaged stats: entropy: 0.8419, loss: 2.4346, lr: 2.32e-06
     itm tta time 0:00:11
### TTA Eval Score: 
+-------+--------+--------+--------+--------+--------+
| epoch |   R1   |   R5   |  R10   |  mAP   |  mINP  |
+-------+--------+--------+--------+--------+--------+
|  -999 | 59.400 | 80.000 | 87.000 | 44.121 | 20.555 |
|   0   | 59.400 | 80.000 | 87.050 | 44.098 | 20.560 |
|   1   | 59.450 | 80.000 | 87.050 | 44.088 | 20.552 |
|   2   | 59.450 | 80.000 | 87.100 | 44.088 | 20.553 |
|   3   | 59.350 | 79.950 | 87.050 | 44.086 | 20.566 |
|   4   | 59.350 | 79.950 | 87.100 | 44.078 | 20.555 |
|   5   | 59.150 | 79.950 | 87.050 | 44.051 | 20.566 |
+-------+--------+--------+--------+--------+--------+
     logs:  {'epo': 5, 'R1': 59.15, 'R5': 79.95, 'R10': 87.05, 'mAP': 44.051, 'mINP': 20.566, 'entropy': 0.814766526222229, 'loss': 2.370212276776632, 'lr': 4.742485838020891e-06}
     Epoch[6] Iteration[10/62], entropy: 0.6485, loss: 2.2325, lr: 1.57e-07
     Epoch[6] Iteration[20/62], entropy: 0.7178, loss: 2.2949, lr: 4.69e-06
     Epoch[6] Iteration[30/62], entropy: 0.9133, loss: 2.4899, lr: 9.65e-06
     Epoch[6] Iteration[40/62], entropy: 0.8877, loss: 2.4977, lr: 8.19e-06
     Epoch[6] Iteration[50/62], entropy: 0.8312, loss: 2.3717, lr: 2.32e-06
     Epoch[6] Iteration[60/62], entropy: 0.8925, loss: 2.4200, lr: 1.57e-07
     Averaged stats: entropy: 0.7958, loss: 2.3886, lr: 6.18e-07
     itm tta time 0:00:11
### TTA Eval Score: 
+-------+--------+--------+--------+--------+--------+
| epoch |   R1   |   R5   |  R10   |  mAP   |  mINP  |
+-------+--------+--------+--------+--------+--------+
|  -999 | 59.400 | 80.000 | 87.000 | 44.121 | 20.555 |
|   0   | 59.400 | 80.000 | 87.050 | 44.098 | 20.560 |
|   1   | 59.450 | 80.000 | 87.050 | 44.088 | 20.552 |
|   2   | 59.450 | 80.000 | 87.100 | 44.088 | 20.553 |
|   3   | 59.350 | 79.950 | 87.050 | 44.086 | 20.566 |
|   4   | 59.350 | 79.950 | 87.100 | 44.078 | 20.555 |
|   5   | 59.150 | 79.950 | 87.050 | 44.051 | 20.566 |
|   6   | 59.150 | 79.950 | 87.000 | 44.048 | 20.552 |
+-------+--------+--------+--------+--------+--------+
     logs:  {'epo': 6, 'R1': 59.15, 'R5': 79.95, 'R10': 87.0, 'mAP': 44.048, 'mINP': 20.552, 'entropy': 0.8151628375053406, 'loss': 2.384436090787252, 'lr': 4.192847365726139e-06}
     Epoch[7] Iteration[10/62], entropy: 0.9250, loss: 2.4002, lr: 5.94e-06
     Epoch[7] Iteration[20/62], entropy: 0.7809, loss: 2.3322, lr: 9.96e-06
     Epoch[7] Iteration[30/62], entropy: 0.7781, loss: 2.3472, lr: 7.13e-06
     Epoch[7] Iteration[40/62], entropy: 0.9169, loss: 2.5264, lr: 1.36e-06
     Epoch[7] Iteration[50/62], entropy: 0.8069, loss: 2.4321, lr: 6.18e-07
     Epoch[7] Iteration[60/62], entropy: 0.7532, loss: 2.3481, lr: 5.94e-06
     Averaged stats: entropy: 0.7568, loss: 2.2951, lr: 7.13e-06
     itm tta time 0:00:11
### TTA Eval Score: 
+-------+--------+--------+--------+--------+--------+
| epoch |   R1   |   R5   |  R10   |  mAP   |  mINP  |
+-------+--------+--------+--------+--------+--------+
|  -999 | 59.400 | 80.000 | 87.000 | 44.121 | 20.555 |
|   0   | 59.400 | 80.000 | 87.050 | 44.098 | 20.560 |
|   1   | 59.450 | 80.000 | 87.050 | 44.088 | 20.552 |
|   2   | 59.450 | 80.000 | 87.100 | 44.088 | 20.553 |
|   3   | 59.350 | 79.950 | 87.050 | 44.086 | 20.566 |
|   4   | 59.350 | 79.950 | 87.100 | 44.078 | 20.555 |
|   5   | 59.150 | 79.950 | 87.050 | 44.051 | 20.566 |
|   6   | 59.150 | 79.950 | 87.000 | 44.048 | 20.552 |
|   7   | 59.100 | 79.950 | 87.000 | 44.028 | 20.549 |
+-------+--------+--------+--------+--------+--------+
     logs:  {'epo': 7, 'R1': 59.1, 'R5': 79.95, 'R10': 87.0, 'mAP': 44.028, 'mINP': 20.549, 'entropy': 0.8268476724624634, 'loss': 2.3977245489756265, 'lr': 5.156151095488087e-06}
     Epoch[8] Iteration[10/62], entropy: 0.7094, loss: 2.2373, lr: 9.96e-06
     Epoch[8] Iteration[20/62], entropy: 0.7196, loss: 2.2795, lr: 5.94e-06
     Epoch[8] Iteration[30/62], entropy: 0.9804, loss: 2.5344, lr: 6.18e-07
     Epoch[8] Iteration[40/62], entropy: 0.7214, loss: 2.2583, lr: 1.36e-06
     Epoch[8] Iteration[50/62], entropy: 0.7747, loss: 2.3767, lr: 7.13e-06
     Epoch[8] Iteration[60/62], entropy: 0.7647, loss: 2.3475, lr: 9.96e-06
     Averaged stats: entropy: 0.7037, loss: 2.2351, lr: 9.65e-06
     itm tta time 0:00:11
### TTA Eval Score: 
+-------+--------+--------+--------+--------+--------+
| epoch |   R1   |   R5   |  R10   |  mAP   |  mINP  |
+-------+--------+--------+--------+--------+--------+
|  -999 | 59.400 | 80.000 | 87.000 | 44.121 | 20.555 |
|   0   | 59.400 | 80.000 | 87.050 | 44.098 | 20.560 |
|   1   | 59.450 | 80.000 | 87.050 | 44.088 | 20.552 |
|   2   | 59.450 | 80.000 | 87.100 | 44.088 | 20.553 |
|   3   | 59.350 | 79.950 | 87.050 | 44.086 | 20.566 |
|   4   | 59.350 | 79.950 | 87.100 | 44.078 | 20.555 |
|   5   | 59.150 | 79.950 | 87.050 | 44.051 | 20.566 |
|   6   | 59.150 | 79.950 | 87.000 | 44.048 | 20.552 |
|   7   | 59.100 | 79.950 | 87.000 | 44.028 | 20.549 |
|   8   | 59.000 | 79.950 | 87.000 | 44.008 | 20.558 |
+-------+--------+--------+--------+--------+--------+
     logs:  {'epo': 8, 'R1': 59.0, 'R5': 79.95, 'R10': 87.0, 'mAP': 44.008, 'mINP': 20.558, 'entropy': 0.7783974806467692, 'loss': 2.3389388720194497, 'lr': 5.8267622510954016e-06}
     Epoch[9] Iteration[10/62], entropy: 0.7552, loss: 2.3098, lr: 4.69e-06
     Epoch[9] Iteration[20/62], entropy: 0.7989, loss: 2.3509, lr: 1.57e-07
     Epoch[9] Iteration[30/62], entropy: 0.7576, loss: 2.3760, lr: 2.32e-06
     Epoch[9] Iteration[40/62], entropy: 0.8864, loss: 2.4180, lr: 8.19e-06
     Epoch[9] Iteration[50/62], entropy: 0.8330, loss: 2.3874, lr: 9.65e-06
     Epoch[9] Iteration[60/62], entropy: 0.9548, loss: 2.4623, lr: 4.69e-06
     Averaged stats: entropy: 0.8391, loss: 2.3773, lr: 3.45e-06
     itm tta time 0:00:11
### TTA Eval Score: 
+-------+--------+--------+--------+--------+--------+
| epoch |   R1   |   R5   |  R10   |  mAP   |  mINP  |
+-------+--------+--------+--------+--------+--------+
|  -999 | 59.400 | 80.000 | 87.000 | 44.121 | 20.555 |
|   0   | 59.400 | 80.000 | 87.050 | 44.098 | 20.560 |
|   1   | 59.450 | 80.000 | 87.050 | 44.088 | 20.552 |
|   2   | 59.450 | 80.000 | 87.100 | 44.088 | 20.553 |
|   3   | 59.350 | 79.950 | 87.050 | 44.086 | 20.566 |
|   4   | 59.350 | 79.950 | 87.100 | 44.078 | 20.555 |
|   5   | 59.150 | 79.950 | 87.050 | 44.051 | 20.566 |
|   6   | 59.150 | 79.950 | 87.000 | 44.048 | 20.552 |
|   7   | 59.100 | 79.950 | 87.000 | 44.028 | 20.549 |
|   8   | 59.000 | 79.950 | 87.000 | 44.008 | 20.558 |
|   9   | 59.000 | 79.950 | 87.100 | 43.993 | 20.567 |
+-------+--------+--------+--------+--------+--------+
     logs:  {'epo': 9, 'R1': 59.0, 'R5': 79.95, 'R10': 87.1, 'mAP': 43.993, 'mINP': 20.567, 'entropy': 0.8309733668963114, 'loss': 2.384076635042826, 'lr': 4.947674567058903e-06}
     Epoch[10] Iteration[10/62], entropy: 0.7733, loss: 2.2952, lr: 0.00e+00
     Epoch[10] Iteration[20/62], entropy: 0.8007, loss: 2.3776, lr: 3.45e-06
     Epoch[10] Iteration[30/62], entropy: 0.8297, loss: 2.4081, lr: 9.05e-06
     Epoch[10] Iteration[40/62], entropy: 0.8669, loss: 2.4654, lr: 9.05e-06
     Epoch[10] Iteration[50/62], entropy: 0.6868, loss: 2.2058, lr: 3.45e-06
     Epoch[10] Iteration[60/62], entropy: 0.8168, loss: 2.3517, lr: 0.00e+00
     Averaged stats: entropy: 0.8275, loss: 2.3529, lr: 1.57e-07
     itm tta time 0:00:11
### TTA Eval Score: 
+-------+--------+--------+--------+--------+--------+
| epoch |   R1   |   R5   |  R10   |  mAP   |  mINP  |
+-------+--------+--------+--------+--------+--------+
|  -999 | 59.400 | 80.000 | 87.000 | 44.121 | 20.555 |
|   0   | 59.400 | 80.000 | 87.050 | 44.098 | 20.560 |
|   1   | 59.450 | 80.000 | 87.050 | 44.088 | 20.552 |
|   2   | 59.450 | 80.000 | 87.100 | 44.088 | 20.553 |
|   3   | 59.350 | 79.950 | 87.050 | 44.086 | 20.566 |
|   4   | 59.350 | 79.950 | 87.100 | 44.078 | 20.555 |
|   5   | 59.150 | 79.950 | 87.050 | 44.051 | 20.566 |
|   6   | 59.150 | 79.950 | 87.000 | 44.048 | 20.552 |
|   7   | 59.100 | 79.950 | 87.000 | 44.028 | 20.549 |
|   8   | 59.000 | 79.950 | 87.000 | 44.008 | 20.558 |
|   9   | 59.000 | 79.950 | 87.100 | 43.993 | 20.567 |
|   10  | 59.000 | 80.000 | 87.100 | 43.947 | 20.560 |
+-------+--------+--------+--------+--------+--------+
     logs:  {'epo': 10, 'R1': 59.0, 'R5': 80.0, 'R10': 87.1, 'mAP': 43.947, 'mINP': 20.56, 'entropy': 0.795667956272761, 'loss': 2.3506197134653726, 'lr': 4.166666666666665e-06}
     Epoch[11] Iteration[10/62], entropy: 0.6202, loss: 2.1442, lr: 4.69e-06
     Epoch[11] Iteration[20/62], entropy: 0.8534, loss: 2.4049, lr: 9.65e-06
     Epoch[11] Iteration[30/62], entropy: 0.8708, loss: 2.4210, lr: 8.19e-06
     Epoch[11] Iteration[40/62], entropy: 0.8981, loss: 2.4619, lr: 2.32e-06
     Epoch[11] Iteration[50/62], entropy: 0.7186, loss: 2.3030, lr: 1.57e-07
     Epoch[11] Iteration[60/62], entropy: 0.7829, loss: 2.3184, lr: 4.69e-06
     Averaged stats: entropy: 0.8248, loss: 2.4252, lr: 5.94e-06
     itm tta time 0:00:11
### TTA Eval Score: 
+-------+--------+--------+--------+--------+--------+
| epoch |   R1   |   R5   |  R10   |  mAP   |  mINP  |
+-------+--------+--------+--------+--------+--------+
|  -999 | 59.400 | 80.000 | 87.000 | 44.121 | 20.555 |
|   0   | 59.400 | 80.000 | 87.050 | 44.098 | 20.560 |
|   1   | 59.450 | 80.000 | 87.050 | 44.088 | 20.552 |
|   2   | 59.450 | 80.000 | 87.100 | 44.088 | 20.553 |
|   3   | 59.350 | 79.950 | 87.050 | 44.086 | 20.566 |
|   4   | 59.350 | 79.950 | 87.100 | 44.078 | 20.555 |
|   5   | 59.150 | 79.950 | 87.050 | 44.051 | 20.566 |
|   6   | 59.150 | 79.950 | 87.000 | 44.048 | 20.552 |
|   7   | 59.100 | 79.950 | 87.000 | 44.028 | 20.549 |
|   8   | 59.000 | 79.950 | 87.000 | 44.008 | 20.558 |
|   9   | 59.000 | 79.950 | 87.100 | 43.993 | 20.567 |
|   10  | 59.000 | 80.000 | 87.100 | 43.947 | 20.560 |
|   11  | 59.250 | 80.000 | 87.100 | 43.968 | 20.567 |
+-------+--------+--------+--------+--------+--------+
     logs:  {'epo': 11, 'R1': 59.25, 'R5': 80.0, 'R10': 87.1, 'mAP': 43.968, 'mINP': 20.567, 'entropy': 0.7906835079193115, 'loss': 2.34223743279775, 'lr': 4.947674567058898e-06}
     Epoch[12] Iteration[10/62], entropy: 0.8151, loss: 2.4313, lr: 9.96e-06
     Epoch[12] Iteration[20/62], entropy: 0.8386, loss: 2.4274, lr: 7.13e-06
     Epoch[12] Iteration[30/62], entropy: 0.6777, loss: 2.2659, lr: 1.36e-06
     Epoch[12] Iteration[40/62], entropy: 0.8933, loss: 2.5173, lr: 6.18e-07
     Epoch[12] Iteration[50/62], entropy: 0.7883, loss: 2.2871, lr: 5.94e-06
     Epoch[12] Iteration[60/62], entropy: 0.7138, loss: 2.2594, lr: 9.96e-06
     Averaged stats: entropy: 0.7299, loss: 2.2945, lr: 9.96e-06
     itm tta time 0:00:11
### TTA Eval Score: 
+-------+--------+--------+--------+--------+--------+
| epoch |   R1   |   R5   |  R10   |  mAP   |  mINP  |
+-------+--------+--------+--------+--------+--------+
|  -999 | 59.400 | 80.000 | 87.000 | 44.121 | 20.555 |
|   0   | 59.400 | 80.000 | 87.050 | 44.098 | 20.560 |
|   1   | 59.450 | 80.000 | 87.050 | 44.088 | 20.552 |
|   2   | 59.450 | 80.000 | 87.100 | 44.088 | 20.553 |
|   3   | 59.350 | 79.950 | 87.050 | 44.086 | 20.566 |
|   4   | 59.350 | 79.950 | 87.100 | 44.078 | 20.555 |
|   5   | 59.150 | 79.950 | 87.050 | 44.051 | 20.566 |
|   6   | 59.150 | 79.950 | 87.000 | 44.048 | 20.552 |
|   7   | 59.100 | 79.950 | 87.000 | 44.028 | 20.549 |
|   8   | 59.000 | 79.950 | 87.000 | 44.008 | 20.558 |
|   9   | 59.000 | 79.950 | 87.100 | 43.993 | 20.567 |
|   10  | 59.000 | 80.000 | 87.100 | 43.947 | 20.560 |
|   11  | 59.250 | 80.000 | 87.100 | 43.968 | 20.567 |
|   12  | 59.300 | 80.000 | 87.100 | 43.982 | 20.576 |
+-------+--------+--------+--------+--------+--------+
     logs:  {'epo': 12, 'R1': 59.3, 'R5': 80.0, 'R10': 87.1, 'mAP': 43.982, 'mINP': 20.576, 'entropy': 0.7878096302350363, 'loss': 2.3647183179855347, 'lr': 5.8267622510954016e-06}
     Epoch[13] Iteration[10/62], entropy: 0.9122, loss: 2.4716, lr: 5.94e-06
     Epoch[13] Iteration[20/62], entropy: 0.6980, loss: 2.2504, lr: 6.18e-07
     Epoch[13] Iteration[30/62], entropy: 0.7828, loss: 2.3508, lr: 1.36e-06
     Epoch[13] Iteration[40/62], entropy: 0.9125, loss: 2.4519, lr: 7.13e-06
     Epoch[13] Iteration[50/62], entropy: 0.7848, loss: 2.3228, lr: 9.96e-06
     Epoch[13] Iteration[60/62], entropy: 0.9257, loss: 2.4323, lr: 5.94e-06
     Averaged stats: entropy: 0.7476, loss: 2.3008, lr: 4.69e-06
     itm tta time 0:00:11
### TTA Eval Score: 
+-------+--------+--------+--------+--------+--------+
| epoch |   R1   |   R5   |  R10   |  mAP   |  mINP  |
+-------+--------+--------+--------+--------+--------+
|  -999 | 59.400 | 80.000 | 87.000 | 44.121 | 20.555 |
|   0   | 59.400 | 80.000 | 87.050 | 44.098 | 20.560 |
|   1   | 59.450 | 80.000 | 87.050 | 44.088 | 20.552 |
|   2   | 59.450 | 80.000 | 87.100 | 44.088 | 20.553 |
|   3   | 59.350 | 79.950 | 87.050 | 44.086 | 20.566 |
|   4   | 59.350 | 79.950 | 87.100 | 44.078 | 20.555 |
|   5   | 59.150 | 79.950 | 87.050 | 44.051 | 20.566 |
|   6   | 59.150 | 79.950 | 87.000 | 44.048 | 20.552 |
|   7   | 59.100 | 79.950 | 87.000 | 44.028 | 20.549 |
|   8   | 59.000 | 79.950 | 87.000 | 44.008 | 20.558 |
|   9   | 59.000 | 79.950 | 87.100 | 43.993 | 20.567 |
|   10  | 59.000 | 80.000 | 87.100 | 43.947 | 20.560 |
|   11  | 59.250 | 80.000 | 87.100 | 43.968 | 20.567 |
|   12  | 59.300 | 80.000 | 87.100 | 43.982 | 20.576 |
|   13  | 59.250 | 80.000 | 87.150 | 43.967 | 20.556 |
+-------+--------+--------+--------+--------+--------+
     logs:  {'epo': 13, 'R1': 59.25, 'R5': 80.0, 'R10': 87.15, 'mAP': 43.967, 'mINP': 20.556, 'entropy': 0.8360066016515096, 'loss': 2.379951993624369, 'lr': 5.156151095488117e-06}
     Epoch[14] Iteration[10/62], entropy: 0.8193, loss: 2.4231, lr: 1.57e-07
     Epoch[14] Iteration[20/62], entropy: 0.7321, loss: 2.3245, lr: 2.32e-06
     Epoch[14] Iteration[30/62], entropy: 0.8555, loss: 2.4270, lr: 8.19e-06
     Epoch[14] Iteration[40/62], entropy: 0.9656, loss: 2.5151, lr: 9.65e-06
     Epoch[14] Iteration[50/62], entropy: 0.8330, loss: 2.4202, lr: 4.69e-06
     Epoch[14] Iteration[60/62], entropy: 0.7746, loss: 2.3087, lr: 1.57e-07
     Averaged stats: entropy: 0.8281, loss: 2.3432, lr: 0.00e+00
     itm tta time 0:00:11
### TTA Eval Score: 
+-------+--------+--------+--------+--------+--------+
| epoch |   R1   |   R5   |  R10   |  mAP   |  mINP  |
+-------+--------+--------+--------+--------+--------+
|  -999 | 59.400 | 80.000 | 87.000 | 44.121 | 20.555 |
|   0   | 59.400 | 80.000 | 87.050 | 44.098 | 20.560 |
|   1   | 59.450 | 80.000 | 87.050 | 44.088 | 20.552 |
|   2   | 59.450 | 80.000 | 87.100 | 44.088 | 20.553 |
|   3   | 59.350 | 79.950 | 87.050 | 44.086 | 20.566 |
|   4   | 59.350 | 79.950 | 87.100 | 44.078 | 20.555 |
|   5   | 59.150 | 79.950 | 87.050 | 44.051 | 20.566 |
|   6   | 59.150 | 79.950 | 87.000 | 44.048 | 20.552 |
|   7   | 59.100 | 79.950 | 87.000 | 44.028 | 20.549 |
|   8   | 59.000 | 79.950 | 87.000 | 44.008 | 20.558 |
|   9   | 59.000 | 79.950 | 87.100 | 43.993 | 20.567 |
|   10  | 59.000 | 80.000 | 87.100 | 43.947 | 20.560 |
|   11  | 59.250 | 80.000 | 87.100 | 43.968 | 20.567 |
|   12  | 59.300 | 80.000 | 87.100 | 43.982 | 20.576 |
|   13  | 59.250 | 80.000 | 87.150 | 43.967 | 20.556 |
|   14  | 59.250 | 79.950 | 87.100 | 43.958 | 20.539 |
+-------+--------+--------+--------+--------+--------+
     logs:  {'epo': 14, 'R1': 59.25, 'R5': 79.95, 'R10': 87.1, 'mAP': 43.958, 'mINP': 20.539, 'entropy': 0.8300233681996664, 'loss': 2.4031081199645996, 'lr': 4.192847365726134e-06}
     Epoch[15] Iteration[10/62], entropy: 0.8247, loss: 2.3556, lr: 3.45e-06
     Epoch[15] Iteration[20/62], entropy: 0.7672, loss: 2.3205, lr: 9.05e-06
     Epoch[15] Iteration[30/62], entropy: 0.8965, loss: 2.4497, lr: 9.05e-06
     Epoch[15] Iteration[40/62], entropy: 0.8577, loss: 2.3717, lr: 3.45e-06
     Epoch[15] Iteration[50/62], entropy: 0.8718, loss: 2.4516, lr: 0.00e+00
     Epoch[15] Iteration[60/62], entropy: 0.8606, loss: 2.4933, lr: 3.45e-06
     Averaged stats: entropy: 0.7976, loss: 2.3916, lr: 4.69e-06
     itm tta time 0:00:11
### TTA Eval Score: 
+-------+--------+--------+--------+--------+--------+
| epoch |   R1   |   R5   |  R10   |  mAP   |  mINP  |
+-------+--------+--------+--------+--------+--------+
|  -999 | 59.400 | 80.000 | 87.000 | 44.121 | 20.555 |
|   0   | 59.400 | 80.000 | 87.050 | 44.098 | 20.560 |
|   1   | 59.450 | 80.000 | 87.050 | 44.088 | 20.552 |
|   2   | 59.450 | 80.000 | 87.100 | 44.088 | 20.553 |
|   3   | 59.350 | 79.950 | 87.050 | 44.086 | 20.566 |
|   4   | 59.350 | 79.950 | 87.100 | 44.078 | 20.555 |
|   5   | 59.150 | 79.950 | 87.050 | 44.051 | 20.566 |
|   6   | 59.150 | 79.950 | 87.000 | 44.048 | 20.552 |
|   7   | 59.100 | 79.950 | 87.000 | 44.028 | 20.549 |
|   8   | 59.000 | 79.950 | 87.000 | 44.008 | 20.558 |
|   9   | 59.000 | 79.950 | 87.100 | 43.993 | 20.567 |
|   10  | 59.000 | 80.000 | 87.100 | 43.947 | 20.560 |
|   11  | 59.250 | 80.000 | 87.100 | 43.968 | 20.567 |
|   12  | 59.300 | 80.000 | 87.100 | 43.982 | 20.576 |
|   13  | 59.250 | 80.000 | 87.150 | 43.967 | 20.556 |
|   14  | 59.250 | 79.950 | 87.100 | 43.958 | 20.539 |
|   15  | 59.250 | 79.950 | 87.250 | 43.945 | 20.533 |
+-------+--------+--------+--------+--------+--------+
     logs:  {'epo': 15, 'R1': 59.25, 'R5': 79.95, 'R10': 87.25, 'mAP': 43.945, 'mINP': 20.533, 'entropy': 0.8464220762252808, 'loss': 2.407060980796814, 'lr': 4.742485838020849e-06}
     Epoch[16] Iteration[10/62], entropy: 0.7697, loss: 2.3149, lr: 9.65e-06
     Epoch[16] Iteration[20/62], entropy: 0.7441, loss: 2.3230, lr: 8.19e-06
     Epoch[16] Iteration[30/62], entropy: 0.7524, loss: 2.2945, lr: 2.32e-06
     Epoch[16] Iteration[40/62], entropy: 0.8012, loss: 2.3134, lr: 1.57e-07
     Epoch[16] Iteration[50/62], entropy: 0.7076, loss: 2.2599, lr: 4.69e-06
     Epoch[16] Iteration[60/62], entropy: 0.8849, loss: 2.4521, lr: 9.65e-06
     Averaged stats: entropy: 0.6384, loss: 2.1695, lr: 9.96e-06
     itm tta time 0:00:11
### TTA Eval Score: 
+-------+--------+--------+--------+--------+--------+
| epoch |   R1   |   R5   |  R10   |  mAP   |  mINP  |
+-------+--------+--------+--------+--------+--------+
|  -999 | 59.400 | 80.000 | 87.000 | 44.121 | 20.555 |
|   0   | 59.400 | 80.000 | 87.050 | 44.098 | 20.560 |
|   1   | 59.450 | 80.000 | 87.050 | 44.088 | 20.552 |
|   2   | 59.450 | 80.000 | 87.100 | 44.088 | 20.553 |
|   3   | 59.350 | 79.950 | 87.050 | 44.086 | 20.566 |
|   4   | 59.350 | 79.950 | 87.100 | 44.078 | 20.555 |
|   5   | 59.150 | 79.950 | 87.050 | 44.051 | 20.566 |
|   6   | 59.150 | 79.950 | 87.000 | 44.048 | 20.552 |
|   7   | 59.100 | 79.950 | 87.000 | 44.028 | 20.549 |
|   8   | 59.000 | 79.950 | 87.000 | 44.008 | 20.558 |
|   9   | 59.000 | 79.950 | 87.100 | 43.993 | 20.567 |
|   10  | 59.000 | 80.000 | 87.100 | 43.947 | 20.560 |
|   11  | 59.250 | 80.000 | 87.100 | 43.968 | 20.567 |
|   12  | 59.300 | 80.000 | 87.100 | 43.982 | 20.576 |
|   13  | 59.250 | 80.000 | 87.150 | 43.967 | 20.556 |
|   14  | 59.250 | 79.950 | 87.100 | 43.958 | 20.539 |
|   15  | 59.250 | 79.950 | 87.250 | 43.945 | 20.533 |
|   16  | 59.300 | 79.950 | 87.200 | 43.938 | 20.544 |
+-------+--------+--------+--------+--------+--------+
     logs:  {'epo': 16, 'R1': 59.3, 'R5': 79.95, 'R10': 87.2, 'mAP': 43.938, 'mINP': 20.544, 'entropy': 0.7766459286212921, 'loss': 2.3263257344563804, 'lr': 5.774813738240204e-06}
     Epoch[17] Iteration[10/62], entropy: 0.7882, loss: 2.3233, lr: 7.13e-06
     Epoch[17] Iteration[20/62], entropy: 0.7634, loss: 2.3076, lr: 1.36e-06
     Epoch[17] Iteration[30/62], entropy: 0.7959, loss: 2.3448, lr: 6.18e-07
     Epoch[17] Iteration[40/62], entropy: 0.9246, loss: 2.5152, lr: 5.94e-06
     Epoch[17] Iteration[50/62], entropy: 0.8736, loss: 2.4424, lr: 9.96e-06
     Epoch[17] Iteration[60/62], entropy: 0.7658, loss: 2.2493, lr: 7.13e-06
     Averaged stats: entropy: 0.8475, loss: 2.4138, lr: 5.94e-06
     itm tta time 0:00:11
### TTA Eval Score: 
+-------+--------+--------+--------+--------+--------+
| epoch |   R1   |   R5   |  R10   |  mAP   |  mINP  |
+-------+--------+--------+--------+--------+--------+
|  -999 | 59.400 | 80.000 | 87.000 | 44.121 | 20.555 |
|   0   | 59.400 | 80.000 | 87.050 | 44.098 | 20.560 |
|   1   | 59.450 | 80.000 | 87.050 | 44.088 | 20.552 |
|   2   | 59.450 | 80.000 | 87.100 | 44.088 | 20.553 |
|   3   | 59.350 | 79.950 | 87.050 | 44.086 | 20.566 |
|   4   | 59.350 | 79.950 | 87.100 | 44.078 | 20.555 |
|   5   | 59.150 | 79.950 | 87.050 | 44.051 | 20.566 |
|   6   | 59.150 | 79.950 | 87.000 | 44.048 | 20.552 |
|   7   | 59.100 | 79.950 | 87.000 | 44.028 | 20.549 |
|   8   | 59.000 | 79.950 | 87.000 | 44.008 | 20.558 |
|   9   | 59.000 | 79.950 | 87.100 | 43.993 | 20.567 |
|   10  | 59.000 | 80.000 | 87.100 | 43.947 | 20.560 |
|   11  | 59.250 | 80.000 | 87.100 | 43.968 | 20.567 |
|   12  | 59.300 | 80.000 | 87.100 | 43.982 | 20.576 |
|   13  | 59.250 | 80.000 | 87.150 | 43.967 | 20.556 |
|   14  | 59.250 | 79.950 | 87.100 | 43.958 | 20.539 |
|   15  | 59.250 | 79.950 | 87.250 | 43.945 | 20.533 |
|   16  | 59.300 | 79.950 | 87.200 | 43.938 | 20.544 |
|   17  | 59.150 | 80.050 | 87.150 | 43.925 | 20.545 |
+-------+--------+--------+--------+--------+--------+
     logs:  {'epo': 17, 'R1': 59.15, 'R5': 80.05, 'R10': 87.15, 'mAP': 43.925, 'mINP': 20.545, 'entropy': 0.818573941787084, 'loss': 2.363770365715027, 'lr': 5.354816076304243e-06}
     Epoch[18] Iteration[10/62], entropy: 0.7762, loss: 2.2832, lr: 6.18e-07
     Epoch[18] Iteration[20/62], entropy: 0.8589, loss: 2.4172, lr: 1.36e-06
     Epoch[18] Iteration[30/62], entropy: 0.7442, loss: 2.2930, lr: 7.13e-06
     Epoch[18] Iteration[40/62], entropy: 0.9153, loss: 2.4530, lr: 9.96e-06
     Epoch[18] Iteration[50/62], entropy: 0.8148, loss: 2.3153, lr: 5.94e-06
     Epoch[18] Iteration[60/62], entropy: 0.7702, loss: 2.3147, lr: 6.18e-07
     Averaged stats: entropy: 0.9031, loss: 2.4820, lr: 1.57e-07
     itm tta time 0:00:11
### TTA Eval Score: 
+-------+--------+--------+--------+--------+--------+
| epoch |   R1   |   R5   |  R10   |  mAP   |  mINP  |
+-------+--------+--------+--------+--------+--------+
|  -999 | 59.400 | 80.000 | 87.000 | 44.121 | 20.555 |
|   0   | 59.400 | 80.000 | 87.050 | 44.098 | 20.560 |
|   1   | 59.450 | 80.000 | 87.050 | 44.088 | 20.552 |
|   2   | 59.450 | 80.000 | 87.100 | 44.088 | 20.553 |
|   3   | 59.350 | 79.950 | 87.050 | 44.086 | 20.566 |
|   4   | 59.350 | 79.950 | 87.100 | 44.078 | 20.555 |
|   5   | 59.150 | 79.950 | 87.050 | 44.051 | 20.566 |
|   6   | 59.150 | 79.950 | 87.000 | 44.048 | 20.552 |
|   7   | 59.100 | 79.950 | 87.000 | 44.028 | 20.549 |
|   8   | 59.000 | 79.950 | 87.000 | 44.008 | 20.558 |
|   9   | 59.000 | 79.950 | 87.100 | 43.993 | 20.567 |
|   10  | 59.000 | 80.000 | 87.100 | 43.947 | 20.560 |
|   11  | 59.250 | 80.000 | 87.100 | 43.968 | 20.567 |
|   12  | 59.300 | 80.000 | 87.100 | 43.982 | 20.576 |
|   13  | 59.250 | 80.000 | 87.150 | 43.967 | 20.556 |
|   14  | 59.250 | 79.950 | 87.100 | 43.958 | 20.539 |
|   15  | 59.250 | 79.950 | 87.250 | 43.945 | 20.533 |
|   16  | 59.300 | 79.950 | 87.200 | 43.938 | 20.544 |
|   17  | 59.150 | 80.050 | 87.150 | 43.925 | 20.545 |
|   18  | 59.250 | 80.000 | 87.250 | 43.933 | 20.541 |
+-------+--------+--------+--------+--------+--------+
     logs:  {'epo': 18, 'R1': 59.25, 'R5': 80.0, 'R10': 87.25, 'mAP': 43.933, 'mINP': 20.541, 'entropy': 0.8132803042729696, 'loss': 2.346069057782491, 'lr': 4.269744433296772e-06}
     Epoch[19] Iteration[10/62], entropy: 0.7927, loss: 2.3012, lr: 2.32e-06
     Epoch[19] Iteration[20/62], entropy: 0.7785, loss: 2.3224, lr: 8.19e-06
     Epoch[19] Iteration[30/62], entropy: 0.7229, loss: 2.2464, lr: 9.65e-06
     Epoch[19] Iteration[40/62], entropy: 0.8041, loss: 2.4033, lr: 4.69e-06
     Epoch[19] Iteration[50/62], entropy: 0.7637, loss: 2.3263, lr: 1.57e-07
     Epoch[19] Iteration[60/62], entropy: 0.7354, loss: 2.3314, lr: 2.32e-06
     Averaged stats: entropy: 0.7887, loss: 2.3143, lr: 3.45e-06
     itm tta time 0:00:11
### TTA Eval Score: 
+-------+--------+--------+--------+--------+--------+
| epoch |   R1   |   R5   |  R10   |  mAP   |  mINP  |
+-------+--------+--------+--------+--------+--------+
|  -999 | 59.400 | 80.000 | 87.000 | 44.121 | 20.555 |
|   0   | 59.400 | 80.000 | 87.050 | 44.098 | 20.560 |
|   1   | 59.450 | 80.000 | 87.050 | 44.088 | 20.552 |
|   2   | 59.450 | 80.000 | 87.100 | 44.088 | 20.553 |
|   3   | 59.350 | 79.950 | 87.050 | 44.086 | 20.566 |
|   4   | 59.350 | 79.950 | 87.100 | 44.078 | 20.555 |
|   5   | 59.150 | 79.950 | 87.050 | 44.051 | 20.566 |
|   6   | 59.150 | 79.950 | 87.000 | 44.048 | 20.552 |
|   7   | 59.100 | 79.950 | 87.000 | 44.028 | 20.549 |
|   8   | 59.000 | 79.950 | 87.000 | 44.008 | 20.558 |
|   9   | 59.000 | 79.950 | 87.100 | 43.993 | 20.567 |
|   10  | 59.000 | 80.000 | 87.100 | 43.947 | 20.560 |
|   11  | 59.250 | 80.000 | 87.100 | 43.968 | 20.567 |
|   12  | 59.300 | 80.000 | 87.100 | 43.982 | 20.576 |
|   13  | 59.250 | 80.000 | 87.150 | 43.967 | 20.556 |
|   14  | 59.250 | 79.950 | 87.100 | 43.958 | 20.539 |
|   15  | 59.250 | 79.950 | 87.250 | 43.945 | 20.533 |
|   16  | 59.300 | 79.950 | 87.200 | 43.938 | 20.544 |
|   17  | 59.150 | 80.050 | 87.150 | 43.925 | 20.545 |
|   18  | 59.250 | 80.000 | 87.250 | 43.933 | 20.541 |
|   19  | 59.150 | 79.900 | 87.250 | 43.911 | 20.546 |
+-------+--------+--------+--------+--------+--------+
     logs:  {'epo': 19, 'R1': 59.15, 'R5': 79.9, 'R10': 87.25, 'mAP': 43.911, 'mINP': 20.546, 'entropy': 0.766228606303533, 'loss': 2.3218416372934976, 'lr': 4.553477670850837e-06}
     Epoch[20] Iteration[10/62], entropy: 0.7554, loss: 2.3007, lr: 9.05e-06
     Epoch[20] Iteration[20/62], entropy: 0.8924, loss: 2.4313, lr: 9.05e-06
     Epoch[20] Iteration[30/62], entropy: 0.6413, loss: 2.1853, lr: 3.45e-06
     Epoch[20] Iteration[40/62], entropy: 0.7850, loss: 2.4137, lr: 0.00e+00
     Epoch[20] Iteration[50/62], entropy: 0.8424, loss: 2.4088, lr: 3.45e-06
     Epoch[20] Iteration[60/62], entropy: 0.9563, loss: 2.5073, lr: 9.05e-06
     Averaged stats: entropy: 0.7410, loss: 2.2954, lr: 9.65e-06
     itm tta time 0:00:11
### TTA Eval Score: 
+-------+--------+--------+--------+--------+--------+
| epoch |   R1   |   R5   |  R10   |  mAP   |  mINP  |
+-------+--------+--------+--------+--------+--------+
|  -999 | 59.400 | 80.000 | 87.000 | 44.121 | 20.555 |
|   0   | 59.400 | 80.000 | 87.050 | 44.098 | 20.560 |
|   1   | 59.450 | 80.000 | 87.050 | 44.088 | 20.552 |
|   2   | 59.450 | 80.000 | 87.100 | 44.088 | 20.553 |
|   3   | 59.350 | 79.950 | 87.050 | 44.086 | 20.566 |
|   4   | 59.350 | 79.950 | 87.100 | 44.078 | 20.555 |
|   5   | 59.150 | 79.950 | 87.050 | 44.051 | 20.566 |
|   6   | 59.150 | 79.950 | 87.000 | 44.048 | 20.552 |
|   7   | 59.100 | 79.950 | 87.000 | 44.028 | 20.549 |
|   8   | 59.000 | 79.950 | 87.000 | 44.008 | 20.558 |
|   9   | 59.000 | 79.950 | 87.100 | 43.993 | 20.567 |
|   10  | 59.000 | 80.000 | 87.100 | 43.947 | 20.560 |
|   11  | 59.250 | 80.000 | 87.100 | 43.968 | 20.567 |
|   12  | 59.300 | 80.000 | 87.100 | 43.982 | 20.576 |
|   13  | 59.250 | 80.000 | 87.150 | 43.967 | 20.556 |
|   14  | 59.250 | 79.950 | 87.100 | 43.958 | 20.539 |
|   15  | 59.250 | 79.950 | 87.250 | 43.945 | 20.533 |
|   16  | 59.300 | 79.950 | 87.200 | 43.938 | 20.544 |
|   17  | 59.150 | 80.050 | 87.150 | 43.925 | 20.545 |
|   18  | 59.250 | 80.000 | 87.250 | 43.933 | 20.541 |
|   19  | 59.150 | 79.900 | 87.250 | 43.911 | 20.546 |
|   20  | 58.950 | 80.000 | 87.300 | 43.871 | 20.552 |
+-------+--------+--------+--------+--------+--------+
     logs:  {'epo': 20, 'R1': 58.95, 'R5': 80.0, 'R10': 87.3, 'mAP': 43.871, 'mINP': 20.552, 'entropy': 0.8121326466401418, 'loss': 2.3745044072469077, 'lr': 5.674180828645763e-06}
     Epoch[21] Iteration[10/62], entropy: 0.7530, loss: 2.2663, lr: 8.19e-06
     Epoch[21] Iteration[20/62], entropy: 0.7692, loss: 2.3445, lr: 2.32e-06
     Epoch[21] Iteration[30/62], entropy: 0.6992, loss: 2.1815, lr: 1.57e-07
     Epoch[21] Iteration[40/62], entropy: 0.7377, loss: 2.2332, lr: 4.69e-06
     Epoch[21] Iteration[50/62], entropy: 0.7840, loss: 2.3702, lr: 9.65e-06
     Epoch[21] Iteration[60/62], entropy: 0.7952, loss: 2.3464, lr: 8.19e-06
     Averaged stats: entropy: 0.9616, loss: 2.5198, lr: 7.13e-06
     itm tta time 0:00:11
### TTA Eval Score: 
+-------+--------+--------+--------+--------+--------+
| epoch |   R1   |   R5   |  R10   |  mAP   |  mINP  |
+-------+--------+--------+--------+--------+--------+
|  -999 | 59.400 | 80.000 | 87.000 | 44.121 | 20.555 |
|   0   | 59.400 | 80.000 | 87.050 | 44.098 | 20.560 |
|   1   | 59.450 | 80.000 | 87.050 | 44.088 | 20.552 |
|   2   | 59.450 | 80.000 | 87.100 | 44.088 | 20.553 |
|   3   | 59.350 | 79.950 | 87.050 | 44.086 | 20.566 |
|   4   | 59.350 | 79.950 | 87.100 | 44.078 | 20.555 |
|   5   | 59.150 | 79.950 | 87.050 | 44.051 | 20.566 |
|   6   | 59.150 | 79.950 | 87.000 | 44.048 | 20.552 |
|   7   | 59.100 | 79.950 | 87.000 | 44.028 | 20.549 |
|   8   | 59.000 | 79.950 | 87.000 | 44.008 | 20.558 |
|   9   | 59.000 | 79.950 | 87.100 | 43.993 | 20.567 |
|   10  | 59.000 | 80.000 | 87.100 | 43.947 | 20.560 |
|   11  | 59.250 | 80.000 | 87.100 | 43.968 | 20.567 |
|   12  | 59.300 | 80.000 | 87.100 | 43.982 | 20.576 |
|   13  | 59.250 | 80.000 | 87.150 | 43.967 | 20.556 |
|   14  | 59.250 | 79.950 | 87.100 | 43.958 | 20.539 |
|   15  | 59.250 | 79.950 | 87.250 | 43.945 | 20.533 |
|   16  | 59.300 | 79.950 | 87.200 | 43.938 | 20.544 |
|   17  | 59.150 | 80.050 | 87.150 | 43.925 | 20.545 |
|   18  | 59.250 | 80.000 | 87.250 | 43.933 | 20.541 |
|   19  | 59.150 | 79.900 | 87.250 | 43.911 | 20.546 |
|   20  | 58.950 | 80.000 | 87.300 | 43.871 | 20.552 |
|   21  | 58.900 | 80.000 | 87.250 | 43.865 | 20.540 |
+-------+--------+--------+--------+--------+--------+
     logs:  {'epo': 21, 'R1': 58.9, 'R5': 80.0, 'R10': 87.25, 'mAP': 43.865, 'mINP': 20.54, 'entropy': 0.7563810348510742, 'loss': 2.2903475761413574, 'lr': 5.531186658123892e-06}
     Epoch[22] Iteration[10/62], entropy: 0.7337, loss: 2.2671, lr: 1.36e-06
     Epoch[22] Iteration[20/62], entropy: 0.8639, loss: 2.3919, lr: 6.18e-07
     Epoch[22] Iteration[30/62], entropy: 0.9164, loss: 2.4732, lr: 5.94e-06
     Epoch[22] Iteration[40/62], entropy: 0.7976, loss: 2.3587, lr: 9.96e-06
     Epoch[22] Iteration[50/62], entropy: 0.7754, loss: 2.3513, lr: 7.13e-06
     Epoch[22] Iteration[60/62], entropy: 0.6835, loss: 2.2115, lr: 1.36e-06
     Averaged stats: entropy: 0.8591, loss: 2.4100, lr: 6.18e-07
     itm tta time 0:00:11
### TTA Eval Score: 
+-------+--------+--------+--------+--------+--------+
| epoch |   R1   |   R5   |  R10   |  mAP   |  mINP  |
+-------+--------+--------+--------+--------+--------+
|  -999 | 59.400 | 80.000 | 87.000 | 44.121 | 20.555 |
|   0   | 59.400 | 80.000 | 87.050 | 44.098 | 20.560 |
|   1   | 59.450 | 80.000 | 87.050 | 44.088 | 20.552 |
|   2   | 59.450 | 80.000 | 87.100 | 44.088 | 20.553 |
|   3   | 59.350 | 79.950 | 87.050 | 44.086 | 20.566 |
|   4   | 59.350 | 79.950 | 87.100 | 44.078 | 20.555 |
|   5   | 59.150 | 79.950 | 87.050 | 44.051 | 20.566 |
|   6   | 59.150 | 79.950 | 87.000 | 44.048 | 20.552 |
|   7   | 59.100 | 79.950 | 87.000 | 44.028 | 20.549 |
|   8   | 59.000 | 79.950 | 87.000 | 44.008 | 20.558 |
|   9   | 59.000 | 79.950 | 87.100 | 43.993 | 20.567 |
|   10  | 59.000 | 80.000 | 87.100 | 43.947 | 20.560 |
|   11  | 59.250 | 80.000 | 87.100 | 43.968 | 20.567 |
|   12  | 59.300 | 80.000 | 87.100 | 43.982 | 20.576 |
|   13  | 59.250 | 80.000 | 87.150 | 43.967 | 20.556 |
|   14  | 59.250 | 79.950 | 87.100 | 43.958 | 20.539 |
|   15  | 59.250 | 79.950 | 87.250 | 43.945 | 20.533 |
|   16  | 59.300 | 79.950 | 87.200 | 43.938 | 20.544 |
|   17  | 59.150 | 80.050 | 87.150 | 43.925 | 20.545 |
|   18  | 59.250 | 80.000 | 87.250 | 43.933 | 20.541 |
|   19  | 59.150 | 79.900 | 87.250 | 43.911 | 20.546 |
|   20  | 58.950 | 80.000 | 87.300 | 43.871 | 20.552 |
|   21  | 58.900 | 80.000 | 87.250 | 43.865 | 20.540 |
|   22  | 58.950 | 80.050 | 87.250 | 43.852 | 20.557 |
+-------+--------+--------+--------+--------+--------+
     logs:  {'epo': 22, 'R1': 58.95, 'R5': 80.05, 'R10': 87.25, 'mAP': 43.852, 'mINP': 20.557, 'entropy': 0.7950768371423086, 'loss': 2.342281182607015, 'lr': 4.392526143815492e-06}
     Epoch[23] Iteration[10/62], entropy: 0.8920, loss: 2.4748, lr: 1.36e-06
     Epoch[23] Iteration[20/62], entropy: 0.8156, loss: 2.3506, lr: 7.13e-06
     Epoch[23] Iteration[30/62], entropy: 0.7674, loss: 2.3002, lr: 9.96e-06
     Epoch[23] Iteration[40/62], entropy: 0.7906, loss: 2.3104, lr: 5.94e-06
     Epoch[23] Iteration[50/62], entropy: 0.8179, loss: 2.4231, lr: 6.18e-07
     Epoch[23] Iteration[60/62], entropy: 0.8144, loss: 2.3671, lr: 1.36e-06
     Averaged stats: entropy: 0.6466, loss: 2.1739, lr: 2.32e-06
     itm tta time 0:00:11
### TTA Eval Score: 
+-------+--------+--------+--------+--------+--------+
| epoch |   R1   |   R5   |  R10   |  mAP   |  mINP  |
+-------+--------+--------+--------+--------+--------+
|  -999 | 59.400 | 80.000 | 87.000 | 44.121 | 20.555 |
|   0   | 59.400 | 80.000 | 87.050 | 44.098 | 20.560 |
|   1   | 59.450 | 80.000 | 87.050 | 44.088 | 20.552 |
|   2   | 59.450 | 80.000 | 87.100 | 44.088 | 20.553 |
|   3   | 59.350 | 79.950 | 87.050 | 44.086 | 20.566 |
|   4   | 59.350 | 79.950 | 87.100 | 44.078 | 20.555 |
|   5   | 59.150 | 79.950 | 87.050 | 44.051 | 20.566 |
|   6   | 59.150 | 79.950 | 87.000 | 44.048 | 20.552 |
|   7   | 59.100 | 79.950 | 87.000 | 44.028 | 20.549 |
|   8   | 59.000 | 79.950 | 87.000 | 44.008 | 20.558 |
|   9   | 59.000 | 79.950 | 87.100 | 43.993 | 20.567 |
|   10  | 59.000 | 80.000 | 87.100 | 43.947 | 20.560 |
|   11  | 59.250 | 80.000 | 87.100 | 43.968 | 20.567 |
|   12  | 59.300 | 80.000 | 87.100 | 43.982 | 20.576 |
|   13  | 59.250 | 80.000 | 87.150 | 43.967 | 20.556 |
|   14  | 59.250 | 79.950 | 87.100 | 43.958 | 20.539 |
|   15  | 59.250 | 79.950 | 87.250 | 43.945 | 20.533 |
|   16  | 59.300 | 79.950 | 87.200 | 43.938 | 20.544 |
|   17  | 59.150 | 80.050 | 87.150 | 43.925 | 20.545 |
|   18  | 59.250 | 80.000 | 87.250 | 43.933 | 20.541 |
|   19  | 59.150 | 79.900 | 87.250 | 43.911 | 20.546 |
|   20  | 58.950 | 80.000 | 87.300 | 43.871 | 20.552 |
|   21  | 58.900 | 80.000 | 87.250 | 43.865 | 20.540 |
|   22  | 58.950 | 80.050 | 87.250 | 43.852 | 20.557 |
|   23  | 59.000 | 80.050 | 87.250 | 43.851 | 20.535 |
+-------+--------+--------+--------+--------+--------+
     logs:  {'epo': 23, 'R1': 59.0, 'R5': 80.05, 'R10': 87.25, 'mAP': 43.851, 'mINP': 20.535, 'entropy': 0.8163188596566519, 'loss': 2.371036489804586, 'lr': 4.392526143815504e-06}
     Epoch[24] Iteration[10/62], entropy: 0.7237, loss: 2.3234, lr: 8.19e-06
     Epoch[24] Iteration[20/62], entropy: 0.8702, loss: 2.4425, lr: 9.65e-06
     Epoch[24] Iteration[30/62], entropy: 0.7951, loss: 2.3309, lr: 4.69e-06
     Epoch[24] Iteration[40/62], entropy: 0.7542, loss: 2.3290, lr: 1.57e-07
     Epoch[24] Iteration[50/62], entropy: 0.7593, loss: 2.2473, lr: 2.32e-06
     Epoch[24] Iteration[60/62], entropy: 0.8186, loss: 2.3668, lr: 8.19e-06
     Averaged stats: entropy: 0.8515, loss: 2.3864, lr: 9.05e-06
     itm tta time 0:00:11
### TTA Eval Score: 
+-------+--------+--------+--------+--------+--------+
| epoch |   R1   |   R5   |  R10   |  mAP   |  mINP  |
+-------+--------+--------+--------+--------+--------+
|  -999 | 59.400 | 80.000 | 87.000 | 44.121 | 20.555 |
|   0   | 59.400 | 80.000 | 87.050 | 44.098 | 20.560 |
|   1   | 59.450 | 80.000 | 87.050 | 44.088 | 20.552 |
|   2   | 59.450 | 80.000 | 87.100 | 44.088 | 20.553 |
|   3   | 59.350 | 79.950 | 87.050 | 44.086 | 20.566 |
|   4   | 59.350 | 79.950 | 87.100 | 44.078 | 20.555 |
|   5   | 59.150 | 79.950 | 87.050 | 44.051 | 20.566 |
|   6   | 59.150 | 79.950 | 87.000 | 44.048 | 20.552 |
|   7   | 59.100 | 79.950 | 87.000 | 44.028 | 20.549 |
|   8   | 59.000 | 79.950 | 87.000 | 44.008 | 20.558 |
|   9   | 59.000 | 79.950 | 87.100 | 43.993 | 20.567 |
|   10  | 59.000 | 80.000 | 87.100 | 43.947 | 20.560 |
|   11  | 59.250 | 80.000 | 87.100 | 43.968 | 20.567 |
|   12  | 59.300 | 80.000 | 87.100 | 43.982 | 20.576 |
|   13  | 59.250 | 80.000 | 87.150 | 43.967 | 20.556 |
|   14  | 59.250 | 79.950 | 87.100 | 43.958 | 20.539 |
|   15  | 59.250 | 79.950 | 87.250 | 43.945 | 20.533 |
|   16  | 59.300 | 79.950 | 87.200 | 43.938 | 20.544 |
|   17  | 59.150 | 80.050 | 87.150 | 43.925 | 20.545 |
|   18  | 59.250 | 80.000 | 87.250 | 43.933 | 20.541 |
|   19  | 59.150 | 79.900 | 87.250 | 43.911 | 20.546 |
|   20  | 58.950 | 80.000 | 87.300 | 43.871 | 20.552 |
|   21  | 58.900 | 80.000 | 87.250 | 43.865 | 20.540 |
|   22  | 58.950 | 80.050 | 87.250 | 43.852 | 20.557 |
|   23  | 59.000 | 80.050 | 87.250 | 43.851 | 20.535 |
|   24  | 59.000 | 80.050 | 87.400 | 43.836 | 20.537 |
+-------+--------+--------+--------+--------+--------+
     logs:  {'epo': 24, 'R1': 59.0, 'R5': 80.05, 'R10': 87.4, 'mAP': 43.836, 'mINP': 20.537, 'entropy': 0.7868539492289225, 'loss': 2.339974602063497, 'lr': 5.531186658123889e-06}
     Epoch[25] Iteration[10/62], entropy: 0.6794, loss: 2.1713, lr: 9.05e-06
     Epoch[25] Iteration[20/62], entropy: 0.8449, loss: 2.4224, lr: 3.45e-06
     Epoch[25] Iteration[30/62], entropy: 0.6867, loss: 2.2342, lr: 0.00e+00
     Epoch[25] Iteration[40/62], entropy: 0.7966, loss: 2.3620, lr: 3.45e-06
     Epoch[25] Iteration[50/62], entropy: 0.7838, loss: 2.4177, lr: 9.05e-06
     Epoch[25] Iteration[60/62], entropy: 0.8006, loss: 2.3916, lr: 9.05e-06
     Averaged stats: entropy: 0.8887, loss: 2.4003, lr: 8.19e-06
     itm tta time 0:00:11
### TTA Eval Score: 
+-------+--------+--------+--------+--------+--------+
| epoch |   R1   |   R5   |  R10   |  mAP   |  mINP  |
+-------+--------+--------+--------+--------+--------+
|  -999 | 59.400 | 80.000 | 87.000 | 44.121 | 20.555 |
|   0   | 59.400 | 80.000 | 87.050 | 44.098 | 20.560 |
|   1   | 59.450 | 80.000 | 87.050 | 44.088 | 20.552 |
|   2   | 59.450 | 80.000 | 87.100 | 44.088 | 20.553 |
|   3   | 59.350 | 79.950 | 87.050 | 44.086 | 20.566 |
|   4   | 59.350 | 79.950 | 87.100 | 44.078 | 20.555 |
|   5   | 59.150 | 79.950 | 87.050 | 44.051 | 20.566 |
|   6   | 59.150 | 79.950 | 87.000 | 44.048 | 20.552 |
|   7   | 59.100 | 79.950 | 87.000 | 44.028 | 20.549 |
|   8   | 59.000 | 79.950 | 87.000 | 44.008 | 20.558 |
|   9   | 59.000 | 79.950 | 87.100 | 43.993 | 20.567 |
|   10  | 59.000 | 80.000 | 87.100 | 43.947 | 20.560 |
|   11  | 59.250 | 80.000 | 87.100 | 43.968 | 20.567 |
|   12  | 59.300 | 80.000 | 87.100 | 43.982 | 20.576 |
|   13  | 59.250 | 80.000 | 87.150 | 43.967 | 20.556 |
|   14  | 59.250 | 79.950 | 87.100 | 43.958 | 20.539 |
|   15  | 59.250 | 79.950 | 87.250 | 43.945 | 20.533 |
|   16  | 59.300 | 79.950 | 87.200 | 43.938 | 20.544 |
|   17  | 59.150 | 80.050 | 87.150 | 43.925 | 20.545 |
|   18  | 59.250 | 80.000 | 87.250 | 43.933 | 20.541 |
|   19  | 59.150 | 79.900 | 87.250 | 43.911 | 20.546 |
|   20  | 58.950 | 80.000 | 87.300 | 43.871 | 20.552 |
|   21  | 58.900 | 80.000 | 87.250 | 43.865 | 20.540 |
|   22  | 58.950 | 80.050 | 87.250 | 43.852 | 20.557 |
|   23  | 59.000 | 80.050 | 87.250 | 43.851 | 20.535 |
|   24  | 59.000 | 80.050 | 87.400 | 43.836 | 20.537 |
|   25  | 59.000 | 79.950 | 87.400 | 43.804 | 20.533 |
+-------+--------+--------+--------+--------+--------+
     logs:  {'epo': 25, 'R1': 59.0, 'R5': 79.95, 'R10': 87.4, 'mAP': 43.804, 'mINP': 20.533, 'entropy': 0.7653373380502065, 'loss': 2.333222190539042, 'lr': 5.67418082864578e-06}
     Epoch[26] Iteration[10/62], entropy: 0.8911, loss: 2.5258, lr: 2.32e-06
     Epoch[26] Iteration[20/62], entropy: 0.8089, loss: 2.4136, lr: 1.57e-07
     Epoch[26] Iteration[30/62], entropy: 0.7445, loss: 2.2825, lr: 4.69e-06
     Epoch[26] Iteration[40/62], entropy: 0.7705, loss: 2.3155, lr: 9.65e-06
     Epoch[26] Iteration[50/62], entropy: 0.7485, loss: 2.3088, lr: 8.19e-06
     Epoch[26] Iteration[60/62], entropy: 0.7139, loss: 2.2381, lr: 2.32e-06
     Averaged stats: entropy: 0.7552, loss: 2.3031, lr: 1.36e-06
     itm tta time 0:00:11
### TTA Eval Score: 
+-------+--------+--------+--------+--------+--------+
| epoch |   R1   |   R5   |  R10   |  mAP   |  mINP  |
+-------+--------+--------+--------+--------+--------+
|  -999 | 59.400 | 80.000 | 87.000 | 44.121 | 20.555 |
|   0   | 59.400 | 80.000 | 87.050 | 44.098 | 20.560 |
|   1   | 59.450 | 80.000 | 87.050 | 44.088 | 20.552 |
|   2   | 59.450 | 80.000 | 87.100 | 44.088 | 20.553 |
|   3   | 59.350 | 79.950 | 87.050 | 44.086 | 20.566 |
|   4   | 59.350 | 79.950 | 87.100 | 44.078 | 20.555 |
|   5   | 59.150 | 79.950 | 87.050 | 44.051 | 20.566 |
|   6   | 59.150 | 79.950 | 87.000 | 44.048 | 20.552 |
|   7   | 59.100 | 79.950 | 87.000 | 44.028 | 20.549 |
|   8   | 59.000 | 79.950 | 87.000 | 44.008 | 20.558 |
|   9   | 59.000 | 79.950 | 87.100 | 43.993 | 20.567 |
|   10  | 59.000 | 80.000 | 87.100 | 43.947 | 20.560 |
|   11  | 59.250 | 80.000 | 87.100 | 43.968 | 20.567 |
|   12  | 59.300 | 80.000 | 87.100 | 43.982 | 20.576 |
|   13  | 59.250 | 80.000 | 87.150 | 43.967 | 20.556 |
|   14  | 59.250 | 79.950 | 87.100 | 43.958 | 20.539 |
|   15  | 59.250 | 79.950 | 87.250 | 43.945 | 20.533 |
|   16  | 59.300 | 79.950 | 87.200 | 43.938 | 20.544 |
|   17  | 59.150 | 80.050 | 87.150 | 43.925 | 20.545 |
|   18  | 59.250 | 80.000 | 87.250 | 43.933 | 20.541 |
|   19  | 59.150 | 79.900 | 87.250 | 43.911 | 20.546 |
|   20  | 58.950 | 80.000 | 87.300 | 43.871 | 20.552 |
|   21  | 58.900 | 80.000 | 87.250 | 43.865 | 20.540 |
|   22  | 58.950 | 80.050 | 87.250 | 43.852 | 20.557 |
|   23  | 59.000 | 80.050 | 87.250 | 43.851 | 20.535 |
|   24  | 59.000 | 80.050 | 87.400 | 43.836 | 20.537 |
|   25  | 59.000 | 79.950 | 87.400 | 43.804 | 20.533 |
|   26  | 58.950 | 79.800 | 87.400 | 43.805 | 20.511 |
+-------+--------+--------+--------+--------+--------+
     logs:  {'epo': 26, 'R1': 58.95, 'R5': 79.8, 'R10': 87.4, 'mAP': 43.805, 'mINP': 20.511, 'entropy': 0.7795674999554952, 'loss': 2.347383737564087, 'lr': 4.553477670850812e-06}
     Epoch[27] Iteration[10/62], entropy: 0.6537, loss: 2.1593, lr: 6.18e-07
     Epoch[27] Iteration[20/62], entropy: 0.7424, loss: 2.3028, lr: 5.94e-06
     Epoch[27] Iteration[30/62], entropy: 0.8698, loss: 2.4693, lr: 9.96e-06
     Epoch[27] Iteration[40/62], entropy: 0.7687, loss: 2.2766, lr: 7.13e-06
     Epoch[27] Iteration[50/62], entropy: 0.7789, loss: 2.2733, lr: 1.36e-06
     Epoch[27] Iteration[60/62], entropy: 0.9008, loss: 2.4615, lr: 6.18e-07
     Averaged stats: entropy: 0.7085, loss: 2.2785, lr: 1.36e-06
     itm tta time 0:00:11
### TTA Eval Score: 
+-------+--------+--------+--------+--------+--------+
| epoch |   R1   |   R5   |  R10   |  mAP   |  mINP  |
+-------+--------+--------+--------+--------+--------+
|  -999 | 59.400 | 80.000 | 87.000 | 44.121 | 20.555 |
|   0   | 59.400 | 80.000 | 87.050 | 44.098 | 20.560 |
|   1   | 59.450 | 80.000 | 87.050 | 44.088 | 20.552 |
|   2   | 59.450 | 80.000 | 87.100 | 44.088 | 20.553 |
|   3   | 59.350 | 79.950 | 87.050 | 44.086 | 20.566 |
|   4   | 59.350 | 79.950 | 87.100 | 44.078 | 20.555 |
|   5   | 59.150 | 79.950 | 87.050 | 44.051 | 20.566 |
|   6   | 59.150 | 79.950 | 87.000 | 44.048 | 20.552 |
|   7   | 59.100 | 79.950 | 87.000 | 44.028 | 20.549 |
|   8   | 59.000 | 79.950 | 87.000 | 44.008 | 20.558 |
|   9   | 59.000 | 79.950 | 87.100 | 43.993 | 20.567 |
|   10  | 59.000 | 80.000 | 87.100 | 43.947 | 20.560 |
|   11  | 59.250 | 80.000 | 87.100 | 43.968 | 20.567 |
|   12  | 59.300 | 80.000 | 87.100 | 43.982 | 20.576 |
|   13  | 59.250 | 80.000 | 87.150 | 43.967 | 20.556 |
|   14  | 59.250 | 79.950 | 87.100 | 43.958 | 20.539 |
|   15  | 59.250 | 79.950 | 87.250 | 43.945 | 20.533 |
|   16  | 59.300 | 79.950 | 87.200 | 43.938 | 20.544 |
|   17  | 59.150 | 80.050 | 87.150 | 43.925 | 20.545 |
|   18  | 59.250 | 80.000 | 87.250 | 43.933 | 20.541 |
|   19  | 59.150 | 79.900 | 87.250 | 43.911 | 20.546 |
|   20  | 58.950 | 80.000 | 87.300 | 43.871 | 20.552 |
|   21  | 58.900 | 80.000 | 87.250 | 43.865 | 20.540 |
|   22  | 58.950 | 80.050 | 87.250 | 43.852 | 20.557 |
|   23  | 59.000 | 80.050 | 87.250 | 43.851 | 20.535 |
|   24  | 59.000 | 80.050 | 87.400 | 43.836 | 20.537 |
|   25  | 59.000 | 79.950 | 87.400 | 43.804 | 20.533 |
|   26  | 58.950 | 79.800 | 87.400 | 43.805 | 20.511 |
|   27  | 58.800 | 79.800 | 87.450 | 43.785 | 20.509 |
+-------+--------+--------+--------+--------+--------+
     logs:  {'epo': 27, 'R1': 58.8, 'R5': 79.8, 'R10': 87.45, 'mAP': 43.785, 'mINP': 20.509, 'entropy': 0.7857053875923157, 'loss': 2.3237892389297485, 'lr': 4.269744433296772e-06}
     Epoch[28] Iteration[10/62], entropy: 0.7755, loss: 2.3193, lr: 7.13e-06
     Epoch[28] Iteration[20/62], entropy: 0.8806, loss: 2.3923, lr: 9.96e-06
     Epoch[28] Iteration[30/62], entropy: 0.7544, loss: 2.2731, lr: 5.94e-06
     Epoch[28] Iteration[40/62], entropy: 0.8802, loss: 2.4212, lr: 6.18e-07
     Epoch[28] Iteration[50/62], entropy: 0.7449, loss: 2.3218, lr: 1.36e-06
     Epoch[28] Iteration[60/62], entropy: 0.7981, loss: 2.4026, lr: 7.13e-06
     Averaged stats: entropy: 0.8003, loss: 2.3992, lr: 8.19e-06
     itm tta time 0:00:11
### TTA Eval Score: 
+-------+--------+--------+--------+--------+--------+
| epoch |   R1   |   R5   |  R10   |  mAP   |  mINP  |
+-------+--------+--------+--------+--------+--------+
|  -999 | 59.400 | 80.000 | 87.000 | 44.121 | 20.555 |
|   0   | 59.400 | 80.000 | 87.050 | 44.098 | 20.560 |
|   1   | 59.450 | 80.000 | 87.050 | 44.088 | 20.552 |
|   2   | 59.450 | 80.000 | 87.100 | 44.088 | 20.553 |
|   3   | 59.350 | 79.950 | 87.050 | 44.086 | 20.566 |
|   4   | 59.350 | 79.950 | 87.100 | 44.078 | 20.555 |
|   5   | 59.150 | 79.950 | 87.050 | 44.051 | 20.566 |
|   6   | 59.150 | 79.950 | 87.000 | 44.048 | 20.552 |
|   7   | 59.100 | 79.950 | 87.000 | 44.028 | 20.549 |
|   8   | 59.000 | 79.950 | 87.000 | 44.008 | 20.558 |
|   9   | 59.000 | 79.950 | 87.100 | 43.993 | 20.567 |
|   10  | 59.000 | 80.000 | 87.100 | 43.947 | 20.560 |
|   11  | 59.250 | 80.000 | 87.100 | 43.968 | 20.567 |
|   12  | 59.300 | 80.000 | 87.100 | 43.982 | 20.576 |
|   13  | 59.250 | 80.000 | 87.150 | 43.967 | 20.556 |
|   14  | 59.250 | 79.950 | 87.100 | 43.958 | 20.539 |
|   15  | 59.250 | 79.950 | 87.250 | 43.945 | 20.533 |
|   16  | 59.300 | 79.950 | 87.200 | 43.938 | 20.544 |
|   17  | 59.150 | 80.050 | 87.150 | 43.925 | 20.545 |
|   18  | 59.250 | 80.000 | 87.250 | 43.933 | 20.541 |
|   19  | 59.150 | 79.900 | 87.250 | 43.911 | 20.546 |
|   20  | 58.950 | 80.000 | 87.300 | 43.871 | 20.552 |
|   21  | 58.900 | 80.000 | 87.250 | 43.865 | 20.540 |
|   22  | 58.950 | 80.050 | 87.250 | 43.852 | 20.557 |
|   23  | 59.000 | 80.050 | 87.250 | 43.851 | 20.535 |
|   24  | 59.000 | 80.050 | 87.400 | 43.836 | 20.537 |
|   25  | 59.000 | 79.950 | 87.400 | 43.804 | 20.533 |
|   26  | 58.950 | 79.800 | 87.400 | 43.805 | 20.511 |
|   27  | 58.800 | 79.800 | 87.450 | 43.785 | 20.509 |
|   28  | 58.800 | 79.850 | 87.450 | 43.785 | 20.513 |
+-------+--------+--------+--------+--------+--------+
     logs:  {'epo': 28, 'R1': 58.8, 'R5': 79.85, 'R10': 87.45, 'mAP': 43.785, 'mINP': 20.513, 'entropy': 0.805599311987559, 'loss': 2.3550545374552407, 'lr': 5.354816076304197e-06}
     Epoch[29] Iteration[10/62], entropy: 0.6711, loss: 2.1712, lr: 9.65e-06
     Epoch[29] Iteration[20/62], entropy: 0.8077, loss: 2.3691, lr: 4.69e-06
     Epoch[29] Iteration[30/62], entropy: 0.7488, loss: 2.2636, lr: 1.57e-07
     Epoch[29] Iteration[40/62], entropy: 0.9092, loss: 2.4612, lr: 2.32e-06
     Epoch[29] Iteration[50/62], entropy: 0.8083, loss: 2.3686, lr: 8.19e-06
     Epoch[29] Iteration[60/62], entropy: 0.6674, loss: 2.2129, lr: 9.65e-06
     Averaged stats: entropy: 0.8140, loss: 2.3610, lr: 9.05e-06
     itm tta time 0:00:11
### TTA Eval Score: 
+-------+--------+--------+--------+--------+--------+
| epoch |   R1   |   R5   |  R10   |  mAP   |  mINP  |
+-------+--------+--------+--------+--------+--------+
|  -999 | 59.400 | 80.000 | 87.000 | 44.121 | 20.555 |
|   0   | 59.400 | 80.000 | 87.050 | 44.098 | 20.560 |
|   1   | 59.450 | 80.000 | 87.050 | 44.088 | 20.552 |
|   2   | 59.450 | 80.000 | 87.100 | 44.088 | 20.553 |
|   3   | 59.350 | 79.950 | 87.050 | 44.086 | 20.566 |
|   4   | 59.350 | 79.950 | 87.100 | 44.078 | 20.555 |
|   5   | 59.150 | 79.950 | 87.050 | 44.051 | 20.566 |
|   6   | 59.150 | 79.950 | 87.000 | 44.048 | 20.552 |
|   7   | 59.100 | 79.950 | 87.000 | 44.028 | 20.549 |
|   8   | 59.000 | 79.950 | 87.000 | 44.008 | 20.558 |
|   9   | 59.000 | 79.950 | 87.100 | 43.993 | 20.567 |
|   10  | 59.000 | 80.000 | 87.100 | 43.947 | 20.560 |
|   11  | 59.250 | 80.000 | 87.100 | 43.968 | 20.567 |
|   12  | 59.300 | 80.000 | 87.100 | 43.982 | 20.576 |
|   13  | 59.250 | 80.000 | 87.150 | 43.967 | 20.556 |
|   14  | 59.250 | 79.950 | 87.100 | 43.958 | 20.539 |
|   15  | 59.250 | 79.950 | 87.250 | 43.945 | 20.533 |
|   16  | 59.300 | 79.950 | 87.200 | 43.938 | 20.544 |
|   17  | 59.150 | 80.050 | 87.150 | 43.925 | 20.545 |
|   18  | 59.250 | 80.000 | 87.250 | 43.933 | 20.541 |
|   19  | 59.150 | 79.900 | 87.250 | 43.911 | 20.546 |
|   20  | 58.950 | 80.000 | 87.300 | 43.871 | 20.552 |
|   21  | 58.900 | 80.000 | 87.250 | 43.865 | 20.540 |
|   22  | 58.950 | 80.050 | 87.250 | 43.852 | 20.557 |
|   23  | 59.000 | 80.050 | 87.250 | 43.851 | 20.535 |
|   24  | 59.000 | 80.050 | 87.400 | 43.836 | 20.537 |
|   25  | 59.000 | 79.950 | 87.400 | 43.804 | 20.533 |
|   26  | 58.950 | 79.800 | 87.400 | 43.805 | 20.511 |
|   27  | 58.800 | 79.800 | 87.450 | 43.785 | 20.509 |
|   28  | 58.800 | 79.850 | 87.450 | 43.785 | 20.513 |
|   29  | 58.750 | 79.800 | 87.400 | 43.767 | 20.493 |
+-------+--------+--------+--------+--------+--------+
     logs:  {'epo': 29, 'R1': 58.75, 'R5': 79.8, 'R10': 87.4, 'mAP': 43.767, 'mINP': 20.493, 'entropy': 0.7687387466430664, 'loss': 2.3077573776245117, 'lr': 5.774813738240181e-06}
### best epoch 1 : {'epo': '1', 'R1': '59.45', 'R5': '80.0', 'R10': '87.05', 'mAP': '44.088', 'mINP': '20.552', 'entropy': '0.88986936211586', 'loss': '2.428356409072876', 'lr': '4.553477670850839e-06'}
### Time 0:07:19
