Not using distributed mode
### Hyper-parameters:
     output_dir: output_rerun2/ham_rstp_tta/exp10/exp10.4.4/2025091800332
     seed: 42
     device: cuda
     batch_size_tta: 32
     epochs: 60
     lr: 0.001
### Creating test dataset
     test_txt_set: 2000    test_img_set: 1000
     test_txt_loader: 4    test_img_loader: 2
### Creating model
Training Model with ['sdm', 'id', 'mlm'] tasks
Resized position embedding from size:torch.Size([1, 197, 768]) to size: torch.Size([1, 193, 768]) with height:24 width: 8
     Total Params Sum:  190789493
### Zero-Shot Score: 
/home/jiahao/task/IRRA/tta.py:284: FutureWarning: `torch.cuda.amp.GradScaler(args...)` is deprecated. Please use `torch.amp.GradScaler('cuda', args...)` instead.
  scaler = GradScaler()  # bf16
+-------+--------+--------+--------+--------+--------+
| epoch |   R1   |   R5   |  R10   |  mAP   |  mINP  |
+-------+--------+--------+--------+--------+--------+
|  -999 | 59.550 | 80.100 | 87.100 | 44.128 | 20.533 |
+-------+--------+--------+--------+--------+--------+
### TTA:
### Compute Cos Similarity Uncertainty
     preprocess_tta_coefficients  start
     sample selection ...
     number of sample after sample_selection: 2000
     uncertainty ...
     pos/neg sampling ...
      number of sample after pos/neg sampling: torch.Size([2000, 4])
     preprocess_tta_coefficients  end
### Creating TTA dataset
     tta_dataset: 2000
### Creating tta dataloader
### be careful: func create_loader returns a list length of 1
     tta_loader: 62
### Configure adapted weights
     TTA Dropout Modules: 
 []
     TTA Require Gradient Params: 
 [('base_model.transformer.resblocks.1.ln_1.weight', torch.Size([512])), ('base_model.transformer.resblocks.1.ln_1.bias', torch.Size([512])), ('base_model.transformer.resblocks.1.ln_2.weight', torch.Size([512])), ('base_model.transformer.resblocks.1.ln_2.bias', torch.Size([512])), ('base_model.transformer.resblocks.2.ln_1.weight', torch.Size([512])), ('base_model.transformer.resblocks.2.ln_1.bias', torch.Size([512])), ('base_model.transformer.resblocks.2.ln_2.weight', torch.Size([512])), ('base_model.transformer.resblocks.2.ln_2.bias', torch.Size([512])), ('base_model.transformer.resblocks.3.ln_1.weight', torch.Size([512])), ('base_model.transformer.resblocks.3.ln_1.bias', torch.Size([512])), ('base_model.transformer.resblocks.3.ln_2.weight', torch.Size([512])), ('base_model.transformer.resblocks.3.ln_2.bias', torch.Size([512])), ('base_model.transformer.resblocks.4.ln_1.weight', torch.Size([512])), ('base_model.transformer.resblocks.4.ln_1.bias', torch.Size([512])), ('base_model.transformer.resblocks.4.ln_2.weight', torch.Size([512])), ('base_model.transformer.resblocks.4.ln_2.bias', torch.Size([512])), ('base_model.transformer.resblocks.5.ln_1.weight', torch.Size([512])), ('base_model.transformer.resblocks.5.ln_1.bias', torch.Size([512])), ('base_model.transformer.resblocks.5.ln_2.weight', torch.Size([512])), ('base_model.transformer.resblocks.5.ln_2.bias', torch.Size([512])), ('base_model.transformer.resblocks.7.ln_1.weight', torch.Size([512])), ('base_model.transformer.resblocks.7.ln_1.bias', torch.Size([512])), ('base_model.transformer.resblocks.7.ln_2.weight', torch.Size([512])), ('base_model.transformer.resblocks.7.ln_2.bias', torch.Size([512])), ('base_model.transformer.resblocks.8.ln_1.weight', torch.Size([512])), ('base_model.transformer.resblocks.8.ln_1.bias', torch.Size([512])), ('base_model.transformer.resblocks.8.ln_2.weight', torch.Size([512])), ('base_model.transformer.resblocks.8.ln_2.bias', torch.Size([512])), ('base_model.transformer.resblocks.9.ln_1.weight', torch.Size([512])), ('base_model.transformer.resblocks.9.ln_1.bias', torch.Size([512])), ('base_model.transformer.resblocks.9.ln_2.weight', torch.Size([512])), ('base_model.transformer.resblocks.9.ln_2.bias', torch.Size([512])), ('base_model.transformer.resblocks.10.ln_1.weight', torch.Size([512])), ('base_model.transformer.resblocks.10.ln_1.bias', torch.Size([512])), ('base_model.transformer.resblocks.10.ln_2.weight', torch.Size([512])), ('base_model.transformer.resblocks.10.ln_2.bias', torch.Size([512])), ('base_model.transformer.resblocks.11.ln_1.weight', torch.Size([512])), ('base_model.transformer.resblocks.11.ln_1.bias', torch.Size([512])), ('base_model.transformer.resblocks.11.ln_2.weight', torch.Size([512])), ('base_model.transformer.resblocks.11.ln_2.bias', torch.Size([512])), ('base_model.ln_final.weight', torch.Size([512])), ('base_model.ln_final.bias', torch.Size([512]))]
     TTA Dropout Modules Number: 
 0
     TTA Require Gradient Params Sum: 
 21504
Using 5.0 times learning rate for random init module 
### Start Test Time Adaptation : num_epoch = 60
/home/jiahao/task/IRRA/tta.py:67: FutureWarning: `torch.cuda.amp.autocast(args...)` is deprecated. Please use `torch.amp.autocast('cuda', args...)` instead.
  with torch.cuda.amp.autocast(enabled=True):
     Epoch[0] Iteration[10/62], entropy: 0.2876, uncertainty: 4.2550, uncertainty_coeffi: 0.0010, loss: 0.0749, lr: 9.80e-04
     Epoch[0] Iteration[20/62], entropy: 0.4022, uncertainty: 3.7282, uncertainty_coeffi: 0.0010, loss: 0.1219, lr: 8.27e-04
     Epoch[0] Iteration[30/62], entropy: 0.3177, uncertainty: 4.0997, uncertainty_coeffi: 0.0010, loss: 0.1202, lr: 5.71e-04
     Epoch[0] Iteration[40/62], entropy: 0.3317, uncertainty: 4.9522, uncertainty_coeffi: 0.0010, loss: 0.0759, lr: 2.92e-04
     Epoch[0] Iteration[50/62], entropy: 0.2833, uncertainty: 4.2128, uncertainty_coeffi: 0.0010, loss: 0.0628, lr: 7.94e-05
     Epoch[0] Iteration[60/62], entropy: 0.3880, uncertainty: 3.3894, uncertainty_coeffi: 0.0010, loss: 0.1852, lr: 0.00e+00
     Averaged stats: entropy_avg: 0.3351, uncertainty_avg: 4.1062, uncertainty_coeffi_avg: 0.0010, loss_avg: 0.1068, lr_avg: 4.58e-04
     itm tta time 0:00:09
### TTA Eval Score: 
+-------+--------+--------+--------+--------+--------+
| epoch |   R1   |   R5   |  R10   |  mAP   |  mINP  |
+-------+--------+--------+--------+--------+--------+
|  -999 | 59.550 | 80.100 | 87.100 | 44.128 | 20.533 |
|   0   | 60.150 | 80.700 | 87.550 | 44.817 | 21.064 |
+-------+--------+--------+--------+--------+--------+
     logs:  {'epo': 0, 'R1': np.float32(60.15), 'R5': np.float32(80.7), 'R10': np.float32(87.55), 'mAP': np.float32(44.817), 'mINP': np.float32(21.064), 'entropy': 0.33508199950059253, 'uncertainty': 4.106209437052409, 'uncertainty_coeffi': 0.0010000000474974513, 'loss': 0.10681384056806564, 'lr': 0.0004583333333333333}
     Epoch[1] Iteration[10/62], entropy: 0.2863, uncertainty: 4.4205, uncertainty_coeffi: 0.0010, loss: 0.0949, lr: 1.13e-04
     Epoch[1] Iteration[20/62], entropy: 0.3118, uncertainty: 4.1824, uncertainty_coeffi: 0.0010, loss: 0.0804, lr: 3.45e-04
     Epoch[1] Iteration[30/62], entropy: 0.2524, uncertainty: 4.9123, uncertainty_coeffi: 0.0010, loss: 0.0618, lr: 6.27e-04
     Epoch[1] Iteration[40/62], entropy: 0.1795, uncertainty: 4.3761, uncertainty_coeffi: 0.0010, loss: 0.0388, lr: 8.68e-04
     Epoch[1] Iteration[50/62], entropy: 0.2959, uncertainty: 4.2949, uncertainty_coeffi: 0.0010, loss: 0.0752, lr: 9.93e-04
     Epoch[1] Iteration[60/62], entropy: 0.4490, uncertainty: 4.2059, uncertainty_coeffi: 0.0010, loss: 0.1518, lr: 9.61e-04
     Averaged stats: entropy_avg: 0.2958, uncertainty_avg: 4.3987, uncertainty_coeffi_avg: 0.0010, loss_avg: 0.0838, lr_avg: 6.51e-04
     itm tta time 0:00:09
### TTA Eval Score: 
+-------+--------+--------+--------+--------+--------+
| epoch |   R1   |   R5   |  R10   |  mAP   |  mINP  |
+-------+--------+--------+--------+--------+--------+
|  -999 | 59.550 | 80.100 | 87.100 | 44.128 | 20.533 |
|   0   | 60.150 | 80.700 | 87.550 | 44.817 | 21.064 |
|   1   | 60.700 | 81.150 | 88.450 | 45.550 | 21.719 |
+-------+--------+--------+--------+--------+--------+
     logs:  {'epo': 1, 'R1': np.float32(60.7), 'R5': np.float32(81.15), 'R10': np.float32(88.45), 'mAP': np.float32(45.55), 'mINP': np.float32(21.719), 'entropy': 0.2958230475584666, 'uncertainty': 4.39867885907491, 'uncertainty_coeffi': 0.0010000000474974513, 'loss': 0.08381569758057594, 'lr': 0.0006511898630015338}
     Epoch[2] Iteration[10/62], entropy: 0.2734, uncertainty: 5.0356, uncertainty_coeffi: 0.0010, loss: 0.0780, lr: 7.33e-04
     Epoch[2] Iteration[20/62], entropy: 0.3860, uncertainty: 4.6489, uncertainty_coeffi: 0.0010, loss: 0.0906, lr: 4.57e-04
     Epoch[2] Iteration[30/62], entropy: 0.2380, uncertainty: 4.7661, uncertainty_coeffi: 0.0010, loss: 0.0612, lr: 1.95e-04
     Epoch[2] Iteration[40/62], entropy: 0.2899, uncertainty: 4.6505, uncertainty_coeffi: 0.0010, loss: 0.0638, lr: 2.91e-05
     Epoch[2] Iteration[50/62], entropy: 0.2802, uncertainty: 4.2458, uncertainty_coeffi: 0.0010, loss: 0.0931, lr: 1.30e-05
     Epoch[2] Iteration[60/62], entropy: 0.2583, uncertainty: 4.2398, uncertainty_coeffi: 0.0010, loss: 0.0753, lr: 1.52e-04
     Averaged stats: entropy_avg: 0.2876, uncertainty_avg: 4.5978, uncertainty_coeffi_avg: 0.0010, loss_avg: 0.0770, lr_avg: 2.63e-04
     itm tta time 0:00:09
### TTA Eval Score: 
+-------+--------+--------+--------+--------+--------+
| epoch |   R1   |   R5   |  R10   |  mAP   |  mINP  |
+-------+--------+--------+--------+--------+--------+
|  -999 | 59.550 | 80.100 | 87.100 | 44.128 | 20.533 |
|   0   | 60.150 | 80.700 | 87.550 | 44.817 | 21.064 |
|   1   | 60.700 | 81.150 | 88.450 | 45.550 | 21.719 |
|   2   | 60.350 | 81.050 | 88.100 | 45.569 | 21.752 |
+-------+--------+--------+--------+--------+--------+
     logs:  {'epo': 2, 'R1': np.float32(60.35), 'R5': np.float32(81.05), 'R10': np.float32(88.1), 'mAP': np.float32(45.569), 'mINP': np.float32(21.752), 'entropy': 0.2876332799593608, 'uncertainty': 4.597787777582805, 'uncertainty_coeffi': 0.0010000000474974513, 'loss': 0.07701462134718895, 'lr': 0.00026313754882285374}
     Epoch[3] Iteration[10/62], entropy: 0.2867, uncertainty: 3.8145, uncertainty_coeffi: 0.0010, loss: 0.0867, lr: 4.57e-04
     Epoch[3] Iteration[20/62], entropy: 0.2752, uncertainty: 4.4489, uncertainty_coeffi: 0.0010, loss: 0.0667, lr: 7.33e-04
     Epoch[3] Iteration[30/62], entropy: 0.2722, uncertainty: 4.3097, uncertainty_coeffi: 0.0010, loss: 0.0756, lr: 9.35e-04
     Epoch[3] Iteration[40/62], entropy: 0.2424, uncertainty: 3.5608, uncertainty_coeffi: 0.0010, loss: 0.0679, lr: 9.99e-04
     Epoch[3] Iteration[50/62], entropy: 0.3642, uncertainty: 5.2029, uncertainty_coeffi: 0.0010, loss: 0.0851, lr: 9.05e-04
     Epoch[3] Iteration[60/62], entropy: 0.3034, uncertainty: 3.9384, uncertainty_coeffi: 0.0010, loss: 0.0912, lr: 6.81e-04
     Averaged stats: entropy_avg: 0.2907, uncertainty_avg: 4.2125, uncertainty_coeffi_avg: 0.0010, loss_avg: 0.0789, lr_avg: 7.85e-04
     itm tta time 0:00:09
     Epoch[4] Iteration[10/62], entropy: 0.1849, uncertainty: 4.5001, uncertainty_coeffi: 0.0010, loss: 0.0532, lr: 3.45e-04
     Epoch[4] Iteration[20/62], entropy: 0.1957, uncertainty: 3.8527, uncertainty_coeffi: 0.0010, loss: 0.0586, lr: 1.13e-04
     Epoch[4] Iteration[30/62], entropy: 0.2915, uncertainty: 3.9202, uncertainty_coeffi: 0.0010, loss: 0.0941, lr: 3.26e-06
     Epoch[4] Iteration[40/62], entropy: 0.3068, uncertainty: 4.4901, uncertainty_coeffi: 0.0010, loss: 0.0957, lr: 5.13e-05
     Epoch[4] Iteration[50/62], entropy: 0.3027, uncertainty: 4.1556, uncertainty_coeffi: 0.0010, loss: 0.0752, lr: 2.42e-04
     Epoch[4] Iteration[60/62], entropy: 0.2202, uncertainty: 3.4405, uncertainty_coeffi: 0.0010, loss: 0.0708, lr: 5.14e-04
     Averaged stats: entropy_avg: 0.2503, uncertainty_avg: 4.0599, uncertainty_coeffi_avg: 0.0010, loss_avg: 0.0746, lr_avg: 2.12e-04
     itm tta time 0:00:08
### TTA Eval Score: 
+-------+--------+--------+--------+--------+--------+
| epoch |   R1   |   R5   |  R10   |  mAP   |  mINP  |
+-------+--------+--------+--------+--------+--------+
|  -999 | 59.550 | 80.100 | 87.100 | 44.128 | 20.533 |
|   0   | 60.150 | 80.700 | 87.550 | 44.817 | 21.064 |
|   1   | 60.700 | 81.150 | 88.450 | 45.550 | 21.719 |
|   2   | 60.350 | 81.050 | 88.100 | 45.569 | 21.752 |
|   4   | 60.600 | 81.350 | 88.600 | 45.609 | 21.973 |
+-------+--------+--------+--------+--------+--------+
     logs:  {'epo': 4, 'R1': np.float32(60.6), 'R5': np.float32(81.35), 'R10': np.float32(88.6), 'mAP': np.float32(45.609), 'mINP': np.float32(21.973), 'entropy': 0.2502833728988965, 'uncertainty': 4.059865434964498, 'uncertainty_coeffi': 0.0010000000474974513, 'loss': 0.07459350923697154, 'lr': 0.00021150998500839941}
     Epoch[5] Iteration[10/62], entropy: 0.3580, uncertainty: 4.6513, uncertainty_coeffi: 0.0010, loss: 0.0942, lr: 8.27e-04
     Epoch[5] Iteration[20/62], entropy: 0.2071, uncertainty: 3.1639, uncertainty_coeffi: 0.0010, loss: 0.0917, lr: 9.80e-04
     Epoch[5] Iteration[30/62], entropy: 0.2527, uncertainty: 4.5185, uncertainty_coeffi: 0.0010, loss: 0.0660, lr: 9.80e-04
     Epoch[5] Iteration[40/62], entropy: 0.3474, uncertainty: 4.5780, uncertainty_coeffi: 0.0010, loss: 0.0834, lr: 8.27e-04
     Epoch[5] Iteration[50/62], entropy: 0.2595, uncertainty: 4.3519, uncertainty_coeffi: 0.0010, loss: 0.0709, lr: 5.71e-04
     Epoch[5] Iteration[60/62], entropy: 0.2259, uncertainty: 4.1712, uncertainty_coeffi: 0.0010, loss: 0.0545, lr: 2.92e-04
     Averaged stats: entropy_avg: 0.2751, uncertainty_avg: 4.2391, uncertainty_coeffi_avg: 0.0010, loss_avg: 0.0768, lr_avg: 7.46e-04
     itm tta time 0:00:08
     Epoch[6] Iteration[10/62], entropy: 0.2906, uncertainty: 4.0503, uncertainty_coeffi: 0.0010, loss: 0.0824, lr: 5.13e-05
     Epoch[6] Iteration[20/62], entropy: 0.1756, uncertainty: 4.3557, uncertainty_coeffi: 0.0010, loss: 0.0548, lr: 3.26e-06
     Epoch[6] Iteration[30/62], entropy: 0.2640, uncertainty: 4.6379, uncertainty_coeffi: 0.0010, loss: 0.0633, lr: 1.13e-04
     Epoch[6] Iteration[40/62], entropy: 0.2439, uncertainty: 4.4526, uncertainty_coeffi: 0.0010, loss: 0.0509, lr: 3.45e-04
     Epoch[6] Iteration[50/62], entropy: 0.1230, uncertainty: 3.5503, uncertainty_coeffi: 0.0010, loss: 0.0453, lr: 6.27e-04
     Epoch[6] Iteration[60/62], entropy: 0.1908, uncertainty: 3.7487, uncertainty_coeffi: 0.0010, loss: 0.0593, lr: 8.68e-04
     Averaged stats: entropy_avg: 0.2146, uncertainty_avg: 4.1326, uncertainty_coeffi_avg: 0.0010, loss_avg: 0.0593, lr_avg: 3.35e-04
     itm tta time 0:00:09
     Epoch[7] Iteration[10/62], entropy: 0.3843, uncertainty: 4.3625, uncertainty_coeffi: 0.0010, loss: 0.1319, lr: 9.99e-04
     Epoch[7] Iteration[20/62], entropy: 0.2349, uncertainty: 4.4876, uncertainty_coeffi: 0.0010, loss: 0.0614, lr: 9.35e-04
     Epoch[7] Iteration[30/62], entropy: 0.2609, uncertainty: 3.3235, uncertainty_coeffi: 0.0010, loss: 0.1120, lr: 7.33e-04
     Epoch[7] Iteration[40/62], entropy: 0.2213, uncertainty: 4.3979, uncertainty_coeffi: 0.0010, loss: 0.0553, lr: 4.57e-04
     Epoch[7] Iteration[50/62], entropy: 0.2950, uncertainty: 4.5297, uncertainty_coeffi: 0.0010, loss: 0.0786, lr: 1.95e-04
     Epoch[7] Iteration[60/62], entropy: 0.2805, uncertainty: 4.6979, uncertainty_coeffi: 0.0010, loss: 0.0691, lr: 2.91e-05
     Averaged stats: entropy_avg: 0.2795, uncertainty_avg: 4.2998, uncertainty_coeffi_avg: 0.0010, loss_avg: 0.0847, lr_avg: 5.58e-04
     itm tta time 0:00:09
     Epoch[8] Iteration[10/62], entropy: 0.2689, uncertainty: 4.4924, uncertainty_coeffi: 0.0010, loss: 0.0701, lr: 2.91e-05
     Epoch[8] Iteration[20/62], entropy: 0.2779, uncertainty: 4.4857, uncertainty_coeffi: 0.0010, loss: 0.0659, lr: 1.95e-04
     Epoch[8] Iteration[30/62], entropy: 0.2351, uncertainty: 4.4436, uncertainty_coeffi: 0.0010, loss: 0.0531, lr: 4.57e-04
     Epoch[8] Iteration[40/62], entropy: 0.2759, uncertainty: 3.7738, uncertainty_coeffi: 0.0010, loss: 0.0815, lr: 7.33e-04
     Epoch[8] Iteration[50/62], entropy: 0.1918, uncertainty: 4.5150, uncertainty_coeffi: 0.0010, loss: 0.0452, lr: 9.35e-04
     Epoch[8] Iteration[60/62], entropy: 0.2629, uncertainty: 4.4714, uncertainty_coeffi: 0.0010, loss: 0.0679, lr: 9.99e-04
     Averaged stats: entropy_avg: 0.2521, uncertainty_avg: 4.3637, uncertainty_coeffi_avg: 0.0010, loss_avg: 0.0639, lr_avg: 5.58e-04
     itm tta time 0:00:08
     Epoch[9] Iteration[10/62], entropy: 0.3151, uncertainty: 4.0014, uncertainty_coeffi: 0.0010, loss: 0.1044, lr: 8.68e-04
     Epoch[9] Iteration[20/62], entropy: 0.2956, uncertainty: 3.8240, uncertainty_coeffi: 0.0010, loss: 0.0882, lr: 6.27e-04
     Epoch[9] Iteration[30/62], entropy: 0.3581, uncertainty: 4.1563, uncertainty_coeffi: 0.0010, loss: 0.0958, lr: 3.45e-04
     Epoch[9] Iteration[40/62], entropy: 0.1542, uncertainty: 4.6816, uncertainty_coeffi: 0.0010, loss: 0.0399, lr: 1.13e-04
     Epoch[9] Iteration[50/62], entropy: 0.2103, uncertainty: 4.0883, uncertainty_coeffi: 0.0010, loss: 0.0517, lr: 3.26e-06
     Epoch[9] Iteration[60/62], entropy: 0.1858, uncertainty: 3.3658, uncertainty_coeffi: 0.0010, loss: 0.0679, lr: 5.13e-05
     Averaged stats: entropy_avg: 0.2532, uncertainty_avg: 4.0196, uncertainty_coeffi_avg: 0.0010, loss_avg: 0.0746, lr_avg: 3.35e-04
     itm tta time 0:00:09
### TTA Eval Score: 
+-------+--------+--------+--------+--------+--------+
| epoch |   R1   |   R5   |  R10   |  mAP   |  mINP  |
+-------+--------+--------+--------+--------+--------+
|  -999 | 59.550 | 80.100 | 87.100 | 44.128 | 20.533 |
|   0   | 60.150 | 80.700 | 87.550 | 44.817 | 21.064 |
|   1   | 60.700 | 81.150 | 88.450 | 45.550 | 21.719 |
|   2   | 60.350 | 81.050 | 88.100 | 45.569 | 21.752 |
|   4   | 60.600 | 81.350 | 88.600 | 45.609 | 21.973 |
|   9   | 61.150 | 81.000 | 88.450 | 45.853 | 22.176 |
+-------+--------+--------+--------+--------+--------+
     logs:  {'epo': 9, 'R1': np.float32(61.15), 'R5': np.float32(81.0), 'R10': np.float32(88.45), 'mAP': np.float32(45.853), 'mINP': np.float32(22.176), 'entropy': 0.2531874527533849, 'uncertainty': 4.01955231030782, 'uncertainty_coeffi': 0.0010000000474974513, 'loss': 0.07464509643614292, 'lr': 0.00033474339191799695}
     Epoch[10] Iteration[10/62], entropy: 0.2505, uncertainty: 3.6477, uncertainty_coeffi: 0.0010, loss: 0.0790, lr: 2.92e-04
     Epoch[10] Iteration[20/62], entropy: 0.2324, uncertainty: 3.6948, uncertainty_coeffi: 0.0010, loss: 0.0597, lr: 5.71e-04
     Epoch[10] Iteration[30/62], entropy: 0.2395, uncertainty: 4.5151, uncertainty_coeffi: 0.0010, loss: 0.0595, lr: 8.27e-04
     Epoch[10] Iteration[40/62], entropy: 0.3236, uncertainty: 4.1697, uncertainty_coeffi: 0.0010, loss: 0.0882, lr: 9.80e-04
     Epoch[10] Iteration[50/62], entropy: 0.3901, uncertainty: 4.3315, uncertainty_coeffi: 0.0010, loss: 0.1095, lr: 9.80e-04
     Epoch[10] Iteration[60/62], entropy: 0.2050, uncertainty: 3.5351, uncertainty_coeffi: 0.0010, loss: 0.0654, lr: 8.27e-04
     Averaged stats: entropy_avg: 0.2735, uncertainty_avg: 3.9823, uncertainty_coeffi_avg: 0.0010, loss_avg: 0.0769, lr_avg: 7.46e-04
     itm tta time 0:00:08
     Epoch[11] Iteration[10/62], entropy: 0.2330, uncertainty: 3.9205, uncertainty_coeffi: 0.0010, loss: 0.0516, lr: 5.14e-04
     Epoch[11] Iteration[20/62], entropy: 0.2451, uncertainty: 4.1373, uncertainty_coeffi: 0.0010, loss: 0.0627, lr: 2.42e-04
     Epoch[11] Iteration[30/62], entropy: 0.2975, uncertainty: 4.7760, uncertainty_coeffi: 0.0010, loss: 0.0680, lr: 5.13e-05
     Epoch[11] Iteration[40/62], entropy: 0.1721, uncertainty: 4.1570, uncertainty_coeffi: 0.0010, loss: 0.0557, lr: 3.26e-06
     Epoch[11] Iteration[50/62], entropy: 0.1908, uncertainty: 4.1408, uncertainty_coeffi: 0.0010, loss: 0.0587, lr: 1.13e-04
     Epoch[11] Iteration[60/62], entropy: 0.3472, uncertainty: 3.4640, uncertainty_coeffi: 0.0010, loss: 0.1142, lr: 3.45e-04
     Averaged stats: entropy_avg: 0.2476, uncertainty_avg: 4.0993, uncertainty_coeffi_avg: 0.0010, loss_avg: 0.0685, lr_avg: 2.12e-04
     itm tta time 0:00:08
     Epoch[12] Iteration[10/62], entropy: 0.1857, uncertainty: 3.8362, uncertainty_coeffi: 0.0010, loss: 0.0593, lr: 6.81e-04
     Epoch[12] Iteration[20/62], entropy: 0.3942, uncertainty: 4.1559, uncertainty_coeffi: 0.0010, loss: 0.0991, lr: 9.05e-04
     Epoch[12] Iteration[30/62], entropy: 0.2657, uncertainty: 4.2866, uncertainty_coeffi: 0.0010, loss: 0.0787, lr: 9.99e-04
     Epoch[12] Iteration[40/62], entropy: 0.2352, uncertainty: 4.0517, uncertainty_coeffi: 0.0010, loss: 0.0549, lr: 9.35e-04
     Epoch[12] Iteration[50/62], entropy: 0.2583, uncertainty: 3.4296, uncertainty_coeffi: 0.0010, loss: 0.0821, lr: 7.33e-04
     Epoch[12] Iteration[60/62], entropy: 0.2582, uncertainty: 4.3625, uncertainty_coeffi: 0.0010, loss: 0.0663, lr: 4.57e-04
     Averaged stats: entropy_avg: 0.2662, uncertainty_avg: 4.0204, uncertainty_coeffi_avg: 0.0010, loss_avg: 0.0734, lr_avg: 7.85e-04
     itm tta time 0:00:09
     Epoch[13] Iteration[10/62], entropy: 0.2063, uncertainty: 3.6547, uncertainty_coeffi: 0.0010, loss: 0.0675, lr: 1.52e-04
     Epoch[13] Iteration[20/62], entropy: 0.1917, uncertainty: 4.3841, uncertainty_coeffi: 0.0010, loss: 0.0571, lr: 1.30e-05
     Epoch[13] Iteration[30/62], entropy: 0.3363, uncertainty: 3.4796, uncertainty_coeffi: 0.0010, loss: 0.1037, lr: 2.91e-05
     Epoch[13] Iteration[40/62], entropy: 0.3668, uncertainty: 5.0225, uncertainty_coeffi: 0.0010, loss: 0.0758, lr: 1.95e-04
     Epoch[13] Iteration[50/62], entropy: 0.2814, uncertainty: 4.4687, uncertainty_coeffi: 0.0010, loss: 0.0860, lr: 4.57e-04
     Epoch[13] Iteration[60/62], entropy: 0.1567, uncertainty: 4.1298, uncertainty_coeffi: 0.0010, loss: 0.0535, lr: 7.33e-04
     Averaged stats: entropy_avg: 0.2565, uncertainty_avg: 4.1899, uncertainty_coeffi_avg: 0.0010, loss_avg: 0.0739, lr_avg: 2.63e-04
     itm tta time 0:00:08
     Epoch[14] Iteration[10/62], entropy: 0.2631, uncertainty: 4.2031, uncertainty_coeffi: 0.0010, loss: 0.0644, lr: 9.61e-04
     Epoch[14] Iteration[20/62], entropy: 0.3089, uncertainty: 3.9536, uncertainty_coeffi: 0.0010, loss: 0.0930, lr: 9.93e-04
     Epoch[14] Iteration[30/62], entropy: 0.2313, uncertainty: 4.6902, uncertainty_coeffi: 0.0010, loss: 0.0505, lr: 8.68e-04
     Epoch[14] Iteration[40/62], entropy: 0.2355, uncertainty: 4.3171, uncertainty_coeffi: 0.0010, loss: 0.0603, lr: 6.27e-04
     Epoch[14] Iteration[50/62], entropy: 0.2507, uncertainty: 4.7064, uncertainty_coeffi: 0.0010, loss: 0.0644, lr: 3.45e-04
     Epoch[14] Iteration[60/62], entropy: 0.2932, uncertainty: 4.9379, uncertainty_coeffi: 0.0010, loss: 0.0610, lr: 1.13e-04
     Averaged stats: entropy_avg: 0.2638, uncertainty_avg: 4.4681, uncertainty_coeffi_avg: 0.0010, loss_avg: 0.0656, lr_avg: 6.51e-04
     itm tta time 0:00:09
### TTA Eval Score: 
+-------+--------+--------+--------+--------+--------+
| epoch |   R1   |   R5   |  R10   |  mAP   |  mINP  |
+-------+--------+--------+--------+--------+--------+
|  -999 | 59.550 | 80.100 | 87.100 | 44.128 | 20.533 |
|   0   | 60.150 | 80.700 | 87.550 | 44.817 | 21.064 |
|   1   | 60.700 | 81.150 | 88.450 | 45.550 | 21.719 |
|   2   | 60.350 | 81.050 | 88.100 | 45.569 | 21.752 |
|   4   | 60.600 | 81.350 | 88.600 | 45.609 | 21.973 |
|   9   | 61.150 | 81.000 | 88.450 | 45.853 | 22.176 |
|   14  | 61.150 | 80.550 | 88.650 | 45.850 | 22.176 |
+-------+--------+--------+--------+--------+--------+
     logs:  {'epo': 14, 'R1': np.float32(61.15), 'R5': np.float32(80.55), 'R10': np.float32(88.65), 'mAP': np.float32(45.85), 'mINP': np.float32(22.176), 'entropy': 0.2637871404488881, 'uncertainty': 4.468054294586182, 'uncertainty_coeffi': 0.0010000000474974513, 'loss': 0.0656322098026673, 'lr': 0.0006511898630015336}
     Epoch[15] Iteration[10/62], entropy: 0.1532, uncertainty: 4.4067, uncertainty_coeffi: 0.0010, loss: 0.0380, lr: 0.00e+00
     Epoch[15] Iteration[20/62], entropy: 0.2916, uncertainty: 3.8511, uncertainty_coeffi: 0.0010, loss: 0.0803, lr: 7.94e-05
     Epoch[15] Iteration[30/62], entropy: 0.4427, uncertainty: 4.5145, uncertainty_coeffi: 0.0010, loss: 0.1227, lr: 2.92e-04
     Epoch[15] Iteration[40/62], entropy: 0.2274, uncertainty: 3.4741, uncertainty_coeffi: 0.0010, loss: 0.0730, lr: 5.71e-04
     Epoch[15] Iteration[50/62], entropy: 0.2753, uncertainty: 4.6981, uncertainty_coeffi: 0.0010, loss: 0.0693, lr: 8.27e-04
     Epoch[15] Iteration[60/62], entropy: 0.3033, uncertainty: 3.7947, uncertainty_coeffi: 0.0010, loss: 0.0770, lr: 9.80e-04
     Averaged stats: entropy_avg: 0.2822, uncertainty_avg: 4.1232, uncertainty_coeffi_avg: 0.0010, loss_avg: 0.0767, lr_avg: 4.58e-04
     itm tta time 0:00:08
     Epoch[16] Iteration[10/62], entropy: 0.2108, uncertainty: 3.7042, uncertainty_coeffi: 0.0010, loss: 0.0454, lr: 9.61e-04
     Epoch[16] Iteration[20/62], entropy: 0.2090, uncertainty: 3.8136, uncertainty_coeffi: 0.0010, loss: 0.0545, lr: 7.82e-04
     Epoch[16] Iteration[30/62], entropy: 0.2448, uncertainty: 4.1989, uncertainty_coeffi: 0.0010, loss: 0.0659, lr: 5.14e-04
     Epoch[16] Iteration[40/62], entropy: 0.2836, uncertainty: 4.9108, uncertainty_coeffi: 0.0010, loss: 0.0771, lr: 2.42e-04
     Epoch[16] Iteration[50/62], entropy: 0.3196, uncertainty: 4.7390, uncertainty_coeffi: 0.0010, loss: 0.0796, lr: 5.13e-05
     Epoch[16] Iteration[60/62], entropy: 0.2321, uncertainty: 3.5929, uncertainty_coeffi: 0.0010, loss: 0.0690, lr: 3.26e-06
     Averaged stats: entropy_avg: 0.2500, uncertainty_avg: 4.1599, uncertainty_coeffi_avg: 0.0010, loss_avg: 0.0653, lr_avg: 4.26e-04
     itm tta time 0:00:08
     Epoch[17] Iteration[10/62], entropy: 0.2277, uncertainty: 3.4934, uncertainty_coeffi: 0.0010, loss: 0.0784, lr: 1.52e-04
     Epoch[17] Iteration[20/62], entropy: 0.3068, uncertainty: 4.2149, uncertainty_coeffi: 0.0010, loss: 0.0799, lr: 4.01e-04
     Epoch[17] Iteration[30/62], entropy: 0.2178, uncertainty: 3.9532, uncertainty_coeffi: 0.0010, loss: 0.0648, lr: 6.81e-04
     Epoch[17] Iteration[40/62], entropy: 0.2124, uncertainty: 4.4228, uncertainty_coeffi: 0.0010, loss: 0.0612, lr: 9.05e-04
     Epoch[17] Iteration[50/62], entropy: 0.2387, uncertainty: 3.8658, uncertainty_coeffi: 0.0010, loss: 0.0612, lr: 9.99e-04
     Epoch[17] Iteration[60/62], entropy: 0.3485, uncertainty: 4.3296, uncertainty_coeffi: 0.0010, loss: 0.1058, lr: 9.35e-04
     Averaged stats: entropy_avg: 0.2586, uncertainty_avg: 4.0467, uncertainty_coeffi_avg: 0.0010, loss_avg: 0.0752, lr_avg: 6.79e-04
     itm tta time 0:00:09
     Epoch[18] Iteration[10/62], entropy: 0.1934, uncertainty: 3.8640, uncertainty_coeffi: 0.0010, loss: 0.0567, lr: 6.81e-04
     Epoch[18] Iteration[20/62], entropy: 0.2044, uncertainty: 4.3500, uncertainty_coeffi: 0.0010, loss: 0.0424, lr: 4.01e-04
     Epoch[18] Iteration[30/62], entropy: 0.2046, uncertainty: 4.3887, uncertainty_coeffi: 0.0010, loss: 0.0621, lr: 1.52e-04
     Epoch[18] Iteration[40/62], entropy: 0.3619, uncertainty: 3.9186, uncertainty_coeffi: 0.0010, loss: 0.1023, lr: 1.30e-05
     Epoch[18] Iteration[50/62], entropy: 0.2722, uncertainty: 4.2623, uncertainty_coeffi: 0.0010, loss: 0.0641, lr: 2.91e-05
     Epoch[18] Iteration[60/62], entropy: 0.3111, uncertainty: 4.9198, uncertainty_coeffi: 0.0010, loss: 0.0763, lr: 1.95e-04
     Averaged stats: entropy_avg: 0.2579, uncertainty_avg: 4.2839, uncertainty_coeffi_avg: 0.0010, loss_avg: 0.0673, lr_avg: 2.45e-04
     itm tta time 0:00:09
     Epoch[19] Iteration[10/62], entropy: 0.2357, uncertainty: 4.7125, uncertainty_coeffi: 0.0010, loss: 0.0529, lr: 5.14e-04
     Epoch[19] Iteration[20/62], entropy: 0.2619, uncertainty: 4.4006, uncertainty_coeffi: 0.0010, loss: 0.0675, lr: 7.82e-04
     Epoch[19] Iteration[30/62], entropy: 0.2839, uncertainty: 4.1272, uncertainty_coeffi: 0.0010, loss: 0.0706, lr: 9.61e-04
     Epoch[19] Iteration[40/62], entropy: 0.2578, uncertainty: 4.2445, uncertainty_coeffi: 0.0010, loss: 0.0582, lr: 9.93e-04
     Epoch[19] Iteration[50/62], entropy: 0.2102, uncertainty: 4.3349, uncertainty_coeffi: 0.0010, loss: 0.0596, lr: 8.68e-04
     Epoch[19] Iteration[60/62], entropy: 0.2380, uncertainty: 4.6984, uncertainty_coeffi: 0.0010, loss: 0.0587, lr: 6.27e-04
     Averaged stats: entropy_avg: 0.2479, uncertainty_avg: 4.4197, uncertainty_coeffi_avg: 0.0010, loss_avg: 0.0612, lr_avg: 7.91e-04
     itm tta time 0:00:09
### TTA Eval Score: 
+-------+--------+--------+--------+--------+--------+
| epoch |   R1   |   R5   |  R10   |  mAP   |  mINP  |
+-------+--------+--------+--------+--------+--------+
|  -999 | 59.550 | 80.100 | 87.100 | 44.128 | 20.533 |
|   0   | 60.150 | 80.700 | 87.550 | 44.817 | 21.064 |
|   1   | 60.700 | 81.150 | 88.450 | 45.550 | 21.719 |
|   2   | 60.350 | 81.050 | 88.100 | 45.569 | 21.752 |
|   4   | 60.600 | 81.350 | 88.600 | 45.609 | 21.973 |
|   9   | 61.150 | 81.000 | 88.450 | 45.853 | 22.176 |
|   14  | 61.150 | 80.550 | 88.650 | 45.850 | 22.176 |
|   19  | 61.400 | 80.650 | 88.100 | 45.998 | 22.221 |
+-------+--------+--------+--------+--------+--------+
     logs:  {'epo': 19, 'R1': np.float32(61.4), 'R5': np.float32(80.65), 'R10': np.float32(88.1), 'mAP': np.float32(45.998), 'mINP': np.float32(22.221), 'entropy': 0.2479134276509285, 'uncertainty': 4.419687509536743, 'uncertainty_coeffi': 0.0010000000474974513, 'loss': 0.0612433726588885, 'lr': 0.000790869685891074}
     Epoch[20] Iteration[10/62], entropy: 0.2770, uncertainty: 4.2034, uncertainty_coeffi: 0.0010, loss: 0.0703, lr: 2.92e-04
     Epoch[20] Iteration[20/62], entropy: 0.1827, uncertainty: 4.0599, uncertainty_coeffi: 0.0010, loss: 0.0725, lr: 7.94e-05
     Epoch[20] Iteration[30/62], entropy: 0.2131, uncertainty: 3.8160, uncertainty_coeffi: 0.0010, loss: 0.0633, lr: 0.00e+00
     Epoch[20] Iteration[40/62], entropy: 0.1333, uncertainty: 4.2442, uncertainty_coeffi: 0.0010, loss: 0.0325, lr: 7.94e-05
     Epoch[20] Iteration[50/62], entropy: 0.2049, uncertainty: 4.8229, uncertainty_coeffi: 0.0010, loss: 0.0515, lr: 2.92e-04
     Epoch[20] Iteration[60/62], entropy: 0.2619, uncertainty: 4.3801, uncertainty_coeffi: 0.0010, loss: 0.0543, lr: 5.71e-04
     Averaged stats: entropy_avg: 0.2122, uncertainty_avg: 4.2544, uncertainty_coeffi_avg: 0.0010, loss_avg: 0.0574, lr_avg: 2.19e-04
     itm tta time 0:00:09
     Epoch[21] Iteration[10/62], entropy: 0.1691, uncertainty: 3.6725, uncertainty_coeffi: 0.0010, loss: 0.0458, lr: 8.68e-04
     Epoch[21] Iteration[20/62], entropy: 0.3156, uncertainty: 4.7218, uncertainty_coeffi: 0.0010, loss: 0.0752, lr: 9.93e-04
     Epoch[21] Iteration[30/62], entropy: 0.3433, uncertainty: 4.3025, uncertainty_coeffi: 0.0010, loss: 0.0734, lr: 9.61e-04
     Epoch[21] Iteration[40/62], entropy: 0.1724, uncertainty: 4.1901, uncertainty_coeffi: 0.0010, loss: 0.0407, lr: 7.82e-04
     Epoch[21] Iteration[50/62], entropy: 0.3055, uncertainty: 3.7703, uncertainty_coeffi: 0.0010, loss: 0.0835, lr: 5.14e-04
     Epoch[21] Iteration[60/62], entropy: 0.2730, uncertainty: 3.9254, uncertainty_coeffi: 0.0010, loss: 0.0792, lr: 2.42e-04
     Averaged stats: entropy_avg: 0.2631, uncertainty_avg: 4.0971, uncertainty_coeffi_avg: 0.0010, loss_avg: 0.0663, lr_avg: 7.27e-04
     itm tta time 0:00:09
     Epoch[22] Iteration[10/62], entropy: 0.1598, uncertainty: 4.3784, uncertainty_coeffi: 0.0010, loss: 0.0494, lr: 2.91e-05
     Epoch[22] Iteration[20/62], entropy: 0.2006, uncertainty: 4.0480, uncertainty_coeffi: 0.0010, loss: 0.0606, lr: 1.30e-05
     Epoch[22] Iteration[30/62], entropy: 0.2392, uncertainty: 4.1807, uncertainty_coeffi: 0.0010, loss: 0.0587, lr: 1.52e-04
     Epoch[22] Iteration[40/62], entropy: 0.2152, uncertainty: 4.1044, uncertainty_coeffi: 0.0010, loss: 0.0574, lr: 4.01e-04
     Epoch[22] Iteration[50/62], entropy: 0.1647, uncertainty: 4.1559, uncertainty_coeffi: 0.0010, loss: 0.0536, lr: 6.81e-04
     Epoch[22] Iteration[60/62], entropy: 0.2575, uncertainty: 4.7757, uncertainty_coeffi: 0.0010, loss: 0.0579, lr: 9.05e-04
     Averaged stats: entropy_avg: 0.2061, uncertainty_avg: 4.2738, uncertainty_coeffi_avg: 0.0010, loss_avg: 0.0563, lr_avg: 3.63e-04
     itm tta time 0:00:09
     Epoch[23] Iteration[10/62], entropy: 0.2282, uncertainty: 4.5359, uncertainty_coeffi: 0.0010, loss: 0.0581, lr: 9.99e-04
     Epoch[23] Iteration[20/62], entropy: 0.2964, uncertainty: 3.8645, uncertainty_coeffi: 0.0010, loss: 0.0860, lr: 9.05e-04
     Epoch[23] Iteration[30/62], entropy: 0.2690, uncertainty: 4.9596, uncertainty_coeffi: 0.0010, loss: 0.0517, lr: 6.81e-04
     Epoch[23] Iteration[40/62], entropy: 0.2315, uncertainty: 4.3165, uncertainty_coeffi: 0.0010, loss: 0.0617, lr: 4.01e-04
     Epoch[23] Iteration[50/62], entropy: 0.1984, uncertainty: 4.2369, uncertainty_coeffi: 0.0010, loss: 0.0507, lr: 1.52e-04
     Epoch[23] Iteration[60/62], entropy: 0.2474, uncertainty: 4.2570, uncertainty_coeffi: 0.0010, loss: 0.0628, lr: 1.30e-05
     Averaged stats: entropy_avg: 0.2452, uncertainty_avg: 4.3617, uncertainty_coeffi_avg: 0.0010, loss_avg: 0.0618, lr_avg: 5.25e-04
     itm tta time 0:00:09
     Epoch[24] Iteration[10/62], entropy: 0.2659, uncertainty: 4.0326, uncertainty_coeffi: 0.0010, loss: 0.0761, lr: 5.13e-05
     Epoch[24] Iteration[20/62], entropy: 0.2436, uncertainty: 4.3173, uncertainty_coeffi: 0.0010, loss: 0.0735, lr: 2.42e-04
     Epoch[24] Iteration[30/62], entropy: 0.2154, uncertainty: 3.8385, uncertainty_coeffi: 0.0010, loss: 0.0650, lr: 5.14e-04
     Epoch[24] Iteration[40/62], entropy: 0.2489, uncertainty: 4.2359, uncertainty_coeffi: 0.0010, loss: 0.0703, lr: 7.82e-04
     Epoch[24] Iteration[50/62], entropy: 0.2947, uncertainty: 4.5659, uncertainty_coeffi: 0.0010, loss: 0.0647, lr: 9.61e-04
     Epoch[24] Iteration[60/62], entropy: 0.2563, uncertainty: 3.9772, uncertainty_coeffi: 0.0010, loss: 0.0744, lr: 9.93e-04
     Averaged stats: entropy_avg: 0.2541, uncertainty_avg: 4.1613, uncertainty_coeffi_avg: 0.0010, loss_avg: 0.0706, lr_avg: 5.90e-04
     itm tta time 0:00:09
     Epoch[25] Iteration[10/62], entropy: 0.2485, uncertainty: 4.4861, uncertainty_coeffi: 0.0010, loss: 0.0618, lr: 8.27e-04
     Epoch[25] Iteration[20/62], entropy: 0.2371, uncertainty: 4.0864, uncertainty_coeffi: 0.0010, loss: 0.0592, lr: 5.71e-04
     Epoch[25] Iteration[30/62], entropy: 0.2137, uncertainty: 4.4482, uncertainty_coeffi: 0.0010, loss: 0.0598, lr: 2.92e-04
     Epoch[25] Iteration[40/62], entropy: 0.1839, uncertainty: 4.1225, uncertainty_coeffi: 0.0010, loss: 0.0544, lr: 7.94e-05
     Epoch[25] Iteration[50/62], entropy: 0.1589, uncertainty: 4.5096, uncertainty_coeffi: 0.0010, loss: 0.0386, lr: 0.00e+00
     Epoch[25] Iteration[60/62], entropy: 0.1593, uncertainty: 4.0700, uncertainty_coeffi: 0.0010, loss: 0.0533, lr: 7.94e-05
     Averaged stats: entropy_avg: 0.2002, uncertainty_avg: 4.2872, uncertainty_coeffi_avg: 0.0010, loss_avg: 0.0545, lr_avg: 3.08e-04
     itm tta time 0:00:09
     Epoch[26] Iteration[10/62], entropy: 0.2197, uncertainty: 4.7003, uncertainty_coeffi: 0.0010, loss: 0.0456, lr: 3.45e-04
     Epoch[26] Iteration[20/62], entropy: 0.1312, uncertainty: 4.2117, uncertainty_coeffi: 0.0010, loss: 0.0373, lr: 6.27e-04
     Epoch[26] Iteration[30/62], entropy: 0.2070, uncertainty: 4.1012, uncertainty_coeffi: 0.0010, loss: 0.0594, lr: 8.68e-04
     Epoch[26] Iteration[40/62], entropy: 0.2453, uncertainty: 4.7463, uncertainty_coeffi: 0.0010, loss: 0.0517, lr: 9.93e-04
     Epoch[26] Iteration[50/62], entropy: 0.3653, uncertainty: 4.4282, uncertainty_coeffi: 0.0010, loss: 0.1054, lr: 9.61e-04
     Epoch[26] Iteration[60/62], entropy: 0.2979, uncertainty: 3.5568, uncertainty_coeffi: 0.0010, loss: 0.0876, lr: 7.82e-04
     Averaged stats: entropy_avg: 0.2444, uncertainty_avg: 4.2907, uncertainty_coeffi_avg: 0.0010, loss_avg: 0.0645, lr_avg: 7.63e-04
     itm tta time 0:00:09
     Epoch[27] Iteration[10/62], entropy: 0.1907, uncertainty: 4.3170, uncertainty_coeffi: 0.0010, loss: 0.0627, lr: 4.57e-04
     Epoch[27] Iteration[20/62], entropy: 0.2608, uncertainty: 4.1716, uncertainty_coeffi: 0.0010, loss: 0.0702, lr: 1.95e-04
     Epoch[27] Iteration[30/62], entropy: 0.1423, uncertainty: 4.3435, uncertainty_coeffi: 0.0010, loss: 0.0345, lr: 2.91e-05
     Epoch[27] Iteration[40/62], entropy: 0.1334, uncertainty: 4.5753, uncertainty_coeffi: 0.0010, loss: 0.0332, lr: 1.30e-05
     Epoch[27] Iteration[50/62], entropy: 0.1903, uncertainty: 3.1400, uncertainty_coeffi: 0.0010, loss: 0.0635, lr: 1.52e-04
     Epoch[27] Iteration[60/62], entropy: 0.1758, uncertainty: 3.9679, uncertainty_coeffi: 0.0010, loss: 0.0518, lr: 4.01e-04
     Averaged stats: entropy_avg: 0.1822, uncertainty_avg: 4.0859, uncertainty_coeffi_avg: 0.0010, loss_avg: 0.0527, lr_avg: 2.08e-04
     itm tta time 0:00:09
     Epoch[28] Iteration[10/62], entropy: 0.2157, uncertainty: 3.8393, uncertainty_coeffi: 0.0010, loss: 0.0489, lr: 7.33e-04
     Epoch[28] Iteration[20/62], entropy: 0.2517, uncertainty: 4.1402, uncertainty_coeffi: 0.0010, loss: 0.0717, lr: 9.35e-04
     Epoch[28] Iteration[30/62], entropy: 0.2003, uncertainty: 4.1760, uncertainty_coeffi: 0.0010, loss: 0.0575, lr: 9.99e-04
     Epoch[28] Iteration[40/62], entropy: 0.2206, uncertainty: 4.2192, uncertainty_coeffi: 0.0010, loss: 0.0544, lr: 9.05e-04
     Epoch[28] Iteration[50/62], entropy: 0.2758, uncertainty: 3.0757, uncertainty_coeffi: 0.0010, loss: 0.1066, lr: 6.81e-04
     Epoch[28] Iteration[60/62], entropy: 0.2666, uncertainty: 4.0897, uncertainty_coeffi: 0.0010, loss: 0.0949, lr: 4.01e-04
     Averaged stats: entropy_avg: 0.2385, uncertainty_avg: 3.9234, uncertainty_coeffi_avg: 0.0010, loss_avg: 0.0723, lr_avg: 7.76e-04
     itm tta time 0:00:09
     Epoch[29] Iteration[10/62], entropy: 0.2161, uncertainty: 3.7780, uncertainty_coeffi: 0.0010, loss: 0.0829, lr: 1.13e-04
     Epoch[29] Iteration[20/62], entropy: 0.2887, uncertainty: 4.7215, uncertainty_coeffi: 0.0010, loss: 0.0662, lr: 3.26e-06
     Epoch[29] Iteration[30/62], entropy: 0.1564, uncertainty: 4.1341, uncertainty_coeffi: 0.0010, loss: 0.0428, lr: 5.13e-05
     Epoch[29] Iteration[40/62], entropy: 0.2071, uncertainty: 4.4881, uncertainty_coeffi: 0.0010, loss: 0.0577, lr: 2.42e-04
     Epoch[29] Iteration[50/62], entropy: 0.2086, uncertainty: 4.6270, uncertainty_coeffi: 0.0010, loss: 0.0456, lr: 5.14e-04
     Epoch[29] Iteration[60/62], entropy: 0.2740, uncertainty: 4.1838, uncertainty_coeffi: 0.0010, loss: 0.0777, lr: 7.82e-04
     Averaged stats: entropy_avg: 0.2252, uncertainty_avg: 4.3221, uncertainty_coeffi_avg: 0.0010, loss_avg: 0.0621, lr_avg: 2.84e-04
     itm tta time 0:00:09
### TTA Eval Score: 
+-------+--------+--------+--------+--------+--------+
| epoch |   R1   |   R5   |  R10   |  mAP   |  mINP  |
+-------+--------+--------+--------+--------+--------+
|  -999 | 59.550 | 80.100 | 87.100 | 44.128 | 20.533 |
|   0   | 60.150 | 80.700 | 87.550 | 44.817 | 21.064 |
|   1   | 60.700 | 81.150 | 88.450 | 45.550 | 21.719 |
|   2   | 60.350 | 81.050 | 88.100 | 45.569 | 21.752 |
|   4   | 60.600 | 81.350 | 88.600 | 45.609 | 21.973 |
|   9   | 61.150 | 81.000 | 88.450 | 45.853 | 22.176 |
|   14  | 61.150 | 80.550 | 88.650 | 45.850 | 22.176 |
|   19  | 61.400 | 80.650 | 88.100 | 45.998 | 22.221 |
|   29  | 61.250 | 80.700 | 87.950 | 45.891 | 22.179 |
+-------+--------+--------+--------+--------+--------+
     logs:  {'epo': 29, 'R1': np.float32(61.25), 'R5': np.float32(80.7), 'R10': np.float32(87.95), 'mAP': np.float32(45.891), 'mINP': np.float32(22.179), 'entropy': 0.22516867766777673, 'uncertainty': 4.3220977783203125, 'uncertainty_coeffi': 0.0010000000474974513, 'loss': 0.06212821416556835, 'lr': 0.00028429833611187525}
     Epoch[30] Iteration[10/62], entropy: 0.2240, uncertainty: 4.1456, uncertainty_coeffi: 0.0010, loss: 0.0549, lr: 9.80e-04
     Epoch[30] Iteration[20/62], entropy: 0.1650, uncertainty: 3.5327, uncertainty_coeffi: 0.0010, loss: 0.0564, lr: 9.80e-04
     Epoch[30] Iteration[30/62], entropy: 0.2398, uncertainty: 4.0537, uncertainty_coeffi: 0.0010, loss: 0.0686, lr: 8.27e-04
     Epoch[30] Iteration[40/62], entropy: 0.3371, uncertainty: 4.6303, uncertainty_coeffi: 0.0010, loss: 0.0733, lr: 5.71e-04
     Epoch[30] Iteration[50/62], entropy: 0.1528, uncertainty: 3.8597, uncertainty_coeffi: 0.0010, loss: 0.0427, lr: 2.92e-04
     Epoch[30] Iteration[60/62], entropy: 0.2173, uncertainty: 3.8425, uncertainty_coeffi: 0.0010, loss: 0.0603, lr: 7.94e-05
     Averaged stats: entropy_avg: 0.2227, uncertainty_avg: 4.0108, uncertainty_coeffi_avg: 0.0010, loss_avg: 0.0594, lr_avg: 6.22e-04
     itm tta time 0:00:09
     Epoch[31] Iteration[10/62], entropy: 0.2822, uncertainty: 4.5895, uncertainty_coeffi: 0.0010, loss: 0.0564, lr: 3.26e-06
     Epoch[31] Iteration[20/62], entropy: 0.2056, uncertainty: 5.0512, uncertainty_coeffi: 0.0010, loss: 0.0438, lr: 1.13e-04
     Epoch[31] Iteration[30/62], entropy: 0.2202, uncertainty: 4.8988, uncertainty_coeffi: 0.0010, loss: 0.0549, lr: 3.45e-04
     Epoch[31] Iteration[40/62], entropy: 0.2445, uncertainty: 3.9262, uncertainty_coeffi: 0.0010, loss: 0.0737, lr: 6.27e-04
     Epoch[31] Iteration[50/62], entropy: 0.1527, uncertainty: 4.2311, uncertainty_coeffi: 0.0010, loss: 0.0415, lr: 8.68e-04
     Epoch[31] Iteration[60/62], entropy: 0.2225, uncertainty: 3.8400, uncertainty_coeffi: 0.0010, loss: 0.0897, lr: 9.93e-04
     Averaged stats: entropy_avg: 0.2213, uncertainty_avg: 4.4228, uncertainty_coeffi_avg: 0.0010, loss_avg: 0.0600, lr_avg: 4.92e-04
     itm tta time 0:00:09
     Epoch[32] Iteration[10/62], entropy: 0.1870, uncertainty: 3.7689, uncertainty_coeffi: 0.0010, loss: 0.0564, lr: 9.35e-04
     Epoch[32] Iteration[20/62], entropy: 0.2542, uncertainty: 4.3051, uncertainty_coeffi: 0.0010, loss: 0.0709, lr: 7.33e-04
     Epoch[32] Iteration[30/62], entropy: 0.1574, uncertainty: 4.1997, uncertainty_coeffi: 0.0010, loss: 0.0442, lr: 4.57e-04
     Epoch[32] Iteration[40/62], entropy: 0.2860, uncertainty: 4.8441, uncertainty_coeffi: 0.0010, loss: 0.0764, lr: 1.95e-04
     Epoch[32] Iteration[50/62], entropy: 0.2553, uncertainty: 3.9102, uncertainty_coeffi: 0.0010, loss: 0.0723, lr: 2.91e-05
     Epoch[32] Iteration[60/62], entropy: 0.2188, uncertainty: 4.2867, uncertainty_coeffi: 0.0010, loss: 0.0547, lr: 1.30e-05
     Averaged stats: entropy_avg: 0.2265, uncertainty_avg: 4.2191, uncertainty_coeffi_avg: 0.0010, loss_avg: 0.0625, lr_avg: 3.94e-04
     itm tta time 0:00:09
     Epoch[33] Iteration[10/62], entropy: 0.2756, uncertainty: 4.2600, uncertainty_coeffi: 0.0010, loss: 0.0744, lr: 1.95e-04
     Epoch[33] Iteration[20/62], entropy: 0.2442, uncertainty: 3.6023, uncertainty_coeffi: 0.0010, loss: 0.0676, lr: 4.57e-04
     Epoch[33] Iteration[30/62], entropy: 0.2677, uncertainty: 4.4871, uncertainty_coeffi: 0.0010, loss: 0.0535, lr: 7.33e-04
     Epoch[33] Iteration[40/62], entropy: 0.2286, uncertainty: 4.0957, uncertainty_coeffi: 0.0010, loss: 0.0494, lr: 9.35e-04
     Epoch[33] Iteration[50/62], entropy: 0.2900, uncertainty: 4.5780, uncertainty_coeffi: 0.0010, loss: 0.0767, lr: 9.99e-04
     Epoch[33] Iteration[60/62], entropy: 0.2606, uncertainty: 4.0811, uncertainty_coeffi: 0.0010, loss: 0.0754, lr: 9.05e-04
     Averaged stats: entropy_avg: 0.2611, uncertainty_avg: 4.1840, uncertainty_coeffi_avg: 0.0010, loss_avg: 0.0662, lr_avg: 7.04e-04
     itm tta time 0:00:08
     Epoch[34] Iteration[10/62], entropy: 0.2036, uncertainty: 3.9921, uncertainty_coeffi: 0.0010, loss: 0.0716, lr: 6.27e-04
     Epoch[34] Iteration[20/62], entropy: 0.2729, uncertainty: 3.7781, uncertainty_coeffi: 0.0010, loss: 0.0730, lr: 3.45e-04
     Epoch[34] Iteration[30/62], entropy: 0.2683, uncertainty: 4.0990, uncertainty_coeffi: 0.0010, loss: 0.0759, lr: 1.13e-04
     Epoch[34] Iteration[40/62], entropy: 0.1931, uncertainty: 3.7243, uncertainty_coeffi: 0.0010, loss: 0.0524, lr: 3.26e-06
     Epoch[34] Iteration[50/62], entropy: 0.1364, uncertainty: 3.0730, uncertainty_coeffi: 0.0010, loss: 0.0421, lr: 5.13e-05
     Epoch[34] Iteration[60/62], entropy: 0.2508, uncertainty: 3.9097, uncertainty_coeffi: 0.0010, loss: 0.0643, lr: 2.42e-04
     Averaged stats: entropy_avg: 0.2208, uncertainty_avg: 3.7627, uncertainty_coeffi_avg: 0.0010, loss_avg: 0.0632, lr_avg: 2.30e-04
     itm tta time 0:00:09
     Epoch[35] Iteration[10/62], entropy: 0.1887, uncertainty: 4.0153, uncertainty_coeffi: 0.0010, loss: 0.0467, lr: 5.71e-04
     Epoch[35] Iteration[20/62], entropy: 0.3745, uncertainty: 4.7175, uncertainty_coeffi: 0.0010, loss: 0.0801, lr: 8.27e-04
     Epoch[35] Iteration[30/62], entropy: 0.2155, uncertainty: 3.6799, uncertainty_coeffi: 0.0010, loss: 0.0717, lr: 9.80e-04
     Epoch[35] Iteration[40/62], entropy: 0.2216, uncertainty: 4.0143, uncertainty_coeffi: 0.0010, loss: 0.0865, lr: 9.80e-04
     Epoch[35] Iteration[50/62], entropy: 0.2556, uncertainty: 4.8262, uncertainty_coeffi: 0.0010, loss: 0.0565, lr: 8.27e-04
     Epoch[35] Iteration[60/62], entropy: 0.1967, uncertainty: 4.0373, uncertainty_coeffi: 0.0010, loss: 0.0485, lr: 5.71e-04
     Averaged stats: entropy_avg: 0.2421, uncertainty_avg: 4.2151, uncertainty_coeffi_avg: 0.0010, loss_avg: 0.0650, lr_avg: 7.93e-04
     itm tta time 0:00:09
     Epoch[36] Iteration[10/62], entropy: 0.2049, uncertainty: 3.3805, uncertainty_coeffi: 0.0010, loss: 0.0605, lr: 2.42e-04
     Epoch[36] Iteration[20/62], entropy: 0.1774, uncertainty: 3.9942, uncertainty_coeffi: 0.0010, loss: 0.0554, lr: 5.13e-05
     Epoch[36] Iteration[30/62], entropy: 0.2607, uncertainty: 4.9074, uncertainty_coeffi: 0.0010, loss: 0.0596, lr: 3.26e-06
     Epoch[36] Iteration[40/62], entropy: 0.1829, uncertainty: 3.6504, uncertainty_coeffi: 0.0010, loss: 0.0515, lr: 1.13e-04
     Epoch[36] Iteration[50/62], entropy: 0.1588, uncertainty: 4.4866, uncertainty_coeffi: 0.0010, loss: 0.0411, lr: 3.45e-04
     Epoch[36] Iteration[60/62], entropy: 0.3008, uncertainty: 4.0116, uncertainty_coeffi: 0.0010, loss: 0.0779, lr: 6.27e-04
     Averaged stats: entropy_avg: 0.2143, uncertainty_avg: 4.0718, uncertainty_coeffi_avg: 0.0010, loss_avg: 0.0577, lr_avg: 2.30e-04
     itm tta time 0:00:08
     Epoch[37] Iteration[10/62], entropy: 0.1899, uncertainty: 4.7450, uncertainty_coeffi: 0.0010, loss: 0.0407, lr: 9.05e-04
     Epoch[37] Iteration[20/62], entropy: 0.1282, uncertainty: 3.9543, uncertainty_coeffi: 0.0010, loss: 0.0403, lr: 9.99e-04
     Epoch[37] Iteration[30/62], entropy: 0.3608, uncertainty: 3.8952, uncertainty_coeffi: 0.0010, loss: 0.0858, lr: 9.35e-04
     Epoch[37] Iteration[40/62], entropy: 0.2715, uncertainty: 5.2166, uncertainty_coeffi: 0.0010, loss: 0.0555, lr: 7.33e-04
     Epoch[37] Iteration[50/62], entropy: 0.1912, uncertainty: 4.3379, uncertainty_coeffi: 0.0010, loss: 0.0455, lr: 4.57e-04
     Epoch[37] Iteration[60/62], entropy: 0.2026, uncertainty: 3.8533, uncertainty_coeffi: 0.0010, loss: 0.0478, lr: 1.95e-04
     Averaged stats: entropy_avg: 0.2240, uncertainty_avg: 4.3337, uncertainty_coeffi_avg: 0.0010, loss_avg: 0.0526, lr_avg: 7.04e-04
     itm tta time 0:00:09
     Epoch[38] Iteration[10/62], entropy: 0.1254, uncertainty: 4.1063, uncertainty_coeffi: 0.0010, loss: 0.0403, lr: 1.30e-05
     Epoch[38] Iteration[20/62], entropy: 0.2380, uncertainty: 3.7047, uncertainty_coeffi: 0.0010, loss: 0.0881, lr: 2.91e-05
     Epoch[38] Iteration[30/62], entropy: 0.1787, uncertainty: 4.1182, uncertainty_coeffi: 0.0010, loss: 0.0494, lr: 1.95e-04
     Epoch[38] Iteration[40/62], entropy: 0.2688, uncertainty: 4.5670, uncertainty_coeffi: 0.0010, loss: 0.0550, lr: 4.57e-04
     Epoch[38] Iteration[50/62], entropy: 0.2313, uncertainty: 3.8924, uncertainty_coeffi: 0.0010, loss: 0.0570, lr: 7.33e-04
     Epoch[38] Iteration[60/62], entropy: 0.2242, uncertainty: 4.0785, uncertainty_coeffi: 0.0010, loss: 0.0688, lr: 9.35e-04
     Averaged stats: entropy_avg: 0.2111, uncertainty_avg: 4.0779, uncertainty_coeffi_avg: 0.0010, loss_avg: 0.0598, lr_avg: 3.94e-04
     itm tta time 0:00:09
     Epoch[39] Iteration[10/62], entropy: 0.1907, uncertainty: 3.7503, uncertainty_coeffi: 0.0010, loss: 0.0497, lr: 9.93e-04
     Epoch[39] Iteration[20/62], entropy: 0.2187, uncertainty: 3.9912, uncertainty_coeffi: 0.0010, loss: 0.0526, lr: 8.68e-04
     Epoch[39] Iteration[30/62], entropy: 0.2334, uncertainty: 3.3149, uncertainty_coeffi: 0.0010, loss: 0.0829, lr: 6.27e-04
     Epoch[39] Iteration[40/62], entropy: 0.1947, uncertainty: 3.6513, uncertainty_coeffi: 0.0010, loss: 0.0530, lr: 3.73e-04
     Epoch[39] Iteration[50/62], entropy: 0.2389, uncertainty: 4.5007, uncertainty_coeffi: 0.0010, loss: 0.0610, lr: 1.32e-04
     Epoch[39] Iteration[60/62], entropy: 0.2051, uncertainty: 3.4756, uncertainty_coeffi: 0.0010, loss: 0.0606, lr: 7.32e-06
     Averaged stats: entropy_avg: 0.2136, uncertainty_avg: 3.7807, uncertainty_coeffi_avg: 0.0010, loss_avg: 0.0600, lr_avg: 5.00e-04
     itm tta time 0:00:09
### TTA Eval Score: 
+-------+--------+--------+--------+--------+--------+
| epoch |   R1   |   R5   |  R10   |  mAP   |  mINP  |
+-------+--------+--------+--------+--------+--------+
|  -999 | 59.550 | 80.100 | 87.100 | 44.128 | 20.533 |
|   0   | 60.150 | 80.700 | 87.550 | 44.817 | 21.064 |
|   1   | 60.700 | 81.150 | 88.450 | 45.550 | 21.719 |
|   2   | 60.350 | 81.050 | 88.100 | 45.569 | 21.752 |
|   4   | 60.600 | 81.350 | 88.600 | 45.609 | 21.973 |
|   9   | 61.150 | 81.000 | 88.450 | 45.853 | 22.176 |
|   14  | 61.150 | 80.550 | 88.650 | 45.850 | 22.176 |
|   19  | 61.400 | 80.650 | 88.100 | 45.998 | 22.221 |
|   29  | 61.250 | 80.700 | 87.950 | 45.891 | 22.179 |
|   39  | 61.500 | 80.850 | 88.250 | 46.129 | 22.249 |
+-------+--------+--------+--------+--------+--------+
     logs:  {'epo': 39, 'R1': np.float32(61.5), 'R5': np.float32(80.85), 'R10': np.float32(88.25), 'mAP': np.float32(46.129), 'mINP': np.float32(22.249), 'entropy': 0.2135937288403511, 'uncertainty': 3.780683755874634, 'uncertainty_coeffi': 0.0010000000474974513, 'loss': 0.05995971274872621, 'lr': 0.000500000000000001}
     Epoch[40] Iteration[10/62], entropy: 0.1462, uncertainty: 3.6457, uncertainty_coeffi: 0.0010, loss: 0.0470, lr: 6.46e-05
     Epoch[40] Iteration[20/62], entropy: 0.2455, uncertainty: 4.1412, uncertainty_coeffi: 0.0010, loss: 0.0620, lr: 2.67e-04
     Epoch[40] Iteration[30/62], entropy: 0.2280, uncertainty: 3.9357, uncertainty_coeffi: 0.0010, loss: 0.0610, lr: 5.43e-04
     Epoch[40] Iteration[40/62], entropy: 0.2831, uncertainty: 4.0957, uncertainty_coeffi: 0.0010, loss: 0.0614, lr: 8.05e-04
     Epoch[40] Iteration[50/62], entropy: 0.2314, uncertainty: 4.5629, uncertainty_coeffi: 0.0010, loss: 0.0517, lr: 9.71e-04
     Epoch[40] Iteration[60/62], entropy: 0.2309, uncertainty: 4.8407, uncertainty_coeffi: 0.0010, loss: 0.0474, lr: 9.87e-04
     Averaged stats: entropy_avg: 0.2275, uncertainty_avg: 4.2036, uncertainty_coeffi_avg: 0.0010, loss_avg: 0.0551, lr_avg: 6.06e-04
     itm tta time 0:00:09
     Epoch[41] Iteration[10/62], entropy: 0.2646, uncertainty: 4.8405, uncertainty_coeffi: 0.0010, loss: 0.0594, lr: 8.05e-04
     Epoch[41] Iteration[20/62], entropy: 0.3044, uncertainty: 3.9017, uncertainty_coeffi: 0.0010, loss: 0.0880, lr: 5.43e-04
     Epoch[41] Iteration[30/62], entropy: 0.3203, uncertainty: 4.3334, uncertainty_coeffi: 0.0010, loss: 0.0863, lr: 2.67e-04
     Epoch[41] Iteration[40/62], entropy: 0.1810, uncertainty: 4.3435, uncertainty_coeffi: 0.0010, loss: 0.0419, lr: 6.46e-05
     Epoch[41] Iteration[50/62], entropy: 0.2029, uncertainty: 4.8335, uncertainty_coeffi: 0.0010, loss: 0.0717, lr: 8.15e-07
     Epoch[41] Iteration[60/62], entropy: 0.2370, uncertainty: 3.9949, uncertainty_coeffi: 0.0010, loss: 0.0749, lr: 9.55e-05
     Averaged stats: entropy_avg: 0.2517, uncertainty_avg: 4.3746, uncertainty_coeffi_avg: 0.0010, loss_avg: 0.0703, lr_avg: 2.96e-04
     itm tta time 0:00:09
     Epoch[42] Iteration[10/62], entropy: 0.1557, uncertainty: 4.2200, uncertainty_coeffi: 0.0010, loss: 0.0712, lr: 3.73e-04
     Epoch[42] Iteration[20/62], entropy: 0.1628, uncertainty: 3.3806, uncertainty_coeffi: 0.0010, loss: 0.0538, lr: 6.55e-04
     Epoch[42] Iteration[30/62], entropy: 0.1461, uncertainty: 4.2144, uncertainty_coeffi: 0.0010, loss: 0.0410, lr: 8.87e-04
     Epoch[42] Iteration[40/62], entropy: 0.2418, uncertainty: 4.1293, uncertainty_coeffi: 0.0010, loss: 0.0754, lr: 9.97e-04
     Epoch[42] Iteration[50/62], entropy: 0.2394, uncertainty: 4.3476, uncertainty_coeffi: 0.0010, loss: 0.0481, lr: 9.49e-04
     Epoch[42] Iteration[60/62], entropy: 0.2746, uncertainty: 4.3770, uncertainty_coeffi: 0.0010, loss: 0.0688, lr: 7.58e-04
     Averaged stats: entropy_avg: 0.2034, uncertainty_avg: 4.1115, uncertainty_coeffi_avg: 0.0010, loss_avg: 0.0597, lr_avg: 7.70e-04
     itm tta time 0:00:09
     Epoch[43] Iteration[10/62], entropy: 0.2568, uncertainty: 4.1851, uncertainty_coeffi: 0.0010, loss: 0.0593, lr: 4.29e-04
     Epoch[43] Iteration[20/62], entropy: 0.1681, uncertainty: 3.0208, uncertainty_coeffi: 0.0010, loss: 0.0510, lr: 1.73e-04
     Epoch[43] Iteration[30/62], entropy: 0.1921, uncertainty: 3.8566, uncertainty_coeffi: 0.0010, loss: 0.0414, lr: 2.03e-05
     Epoch[43] Iteration[40/62], entropy: 0.2917, uncertainty: 4.2044, uncertainty_coeffi: 0.0010, loss: 0.0680, lr: 2.03e-05
     Epoch[43] Iteration[50/62], entropy: 0.2053, uncertainty: 4.3796, uncertainty_coeffi: 0.0010, loss: 0.0479, lr: 1.73e-04
     Epoch[43] Iteration[60/62], entropy: 0.2370, uncertainty: 3.6859, uncertainty_coeffi: 0.0010, loss: 0.0695, lr: 4.29e-04
     Averaged stats: entropy_avg: 0.2252, uncertainty_avg: 3.8887, uncertainty_coeffi_avg: 0.0010, loss_avg: 0.0562, lr_avg: 2.07e-04
     itm tta time 0:00:09
     Epoch[44] Iteration[10/62], entropy: 0.2327, uncertainty: 3.6990, uncertainty_coeffi: 0.0010, loss: 0.0585, lr: 7.58e-04
     Epoch[44] Iteration[20/62], entropy: 0.1917, uncertainty: 4.1307, uncertainty_coeffi: 0.0010, loss: 0.0536, lr: 9.49e-04
     Epoch[44] Iteration[30/62], entropy: 0.2170, uncertainty: 3.5383, uncertainty_coeffi: 0.0010, loss: 0.0779, lr: 9.97e-04
     Epoch[44] Iteration[40/62], entropy: 0.2537, uncertainty: 4.2957, uncertainty_coeffi: 0.0010, loss: 0.0562, lr: 8.87e-04
     Epoch[44] Iteration[50/62], entropy: 0.2288, uncertainty: 4.6915, uncertainty_coeffi: 0.0010, loss: 0.0489, lr: 6.55e-04
     Epoch[44] Iteration[60/62], entropy: 0.2271, uncertainty: 3.9807, uncertainty_coeffi: 0.0010, loss: 0.0547, lr: 3.73e-04
     Averaged stats: entropy_avg: 0.2252, uncertainty_avg: 4.0560, uncertainty_coeffi_avg: 0.0010, loss_avg: 0.0583, lr_avg: 7.70e-04
     itm tta time 0:00:09
     Epoch[45] Iteration[10/62], entropy: 0.1928, uncertainty: 3.7828, uncertainty_coeffi: 0.0010, loss: 0.0532, lr: 9.55e-05
     Epoch[45] Iteration[20/62], entropy: 0.2069, uncertainty: 4.2439, uncertainty_coeffi: 0.0010, loss: 0.0509, lr: 8.15e-07
     Epoch[45] Iteration[30/62], entropy: 0.2201, uncertainty: 4.3173, uncertainty_coeffi: 0.0010, loss: 0.0549, lr: 6.46e-05
     Epoch[45] Iteration[40/62], entropy: 0.2096, uncertainty: 3.6727, uncertainty_coeffi: 0.0010, loss: 0.0575, lr: 2.67e-04
     Epoch[45] Iteration[50/62], entropy: 0.2205, uncertainty: 4.0009, uncertainty_coeffi: 0.0010, loss: 0.0714, lr: 5.43e-04
     Epoch[45] Iteration[60/62], entropy: 0.3447, uncertainty: 4.5201, uncertainty_coeffi: 0.0010, loss: 0.0829, lr: 8.05e-04
     Averaged stats: entropy_avg: 0.2324, uncertainty_avg: 4.0896, uncertainty_coeffi_avg: 0.0010, loss_avg: 0.0618, lr_avg: 2.96e-04
     itm tta time 0:00:08
     Epoch[46] Iteration[10/62], entropy: 0.1597, uncertainty: 3.9302, uncertainty_coeffi: 0.0010, loss: 0.0434, lr: 9.87e-04
     Epoch[46] Iteration[20/62], entropy: 0.1973, uncertainty: 3.9120, uncertainty_coeffi: 0.0010, loss: 0.0445, lr: 9.71e-04
     Epoch[46] Iteration[30/62], entropy: 0.2236, uncertainty: 4.7522, uncertainty_coeffi: 0.0010, loss: 0.0670, lr: 8.05e-04
     Epoch[46] Iteration[40/62], entropy: 0.2594, uncertainty: 4.4175, uncertainty_coeffi: 0.0010, loss: 0.0675, lr: 5.43e-04
     Epoch[46] Iteration[50/62], entropy: 0.2230, uncertainty: 4.3482, uncertainty_coeffi: 0.0010, loss: 0.0668, lr: 2.67e-04
     Epoch[46] Iteration[60/62], entropy: 0.2562, uncertainty: 3.9501, uncertainty_coeffi: 0.0010, loss: 0.0678, lr: 6.46e-05
     Averaged stats: entropy_avg: 0.2199, uncertainty_avg: 4.2184, uncertainty_coeffi_avg: 0.0010, loss_avg: 0.0595, lr_avg: 6.06e-04
     itm tta time 0:00:08
     Epoch[47] Iteration[10/62], entropy: 0.2409, uncertainty: 5.1678, uncertainty_coeffi: 0.0010, loss: 0.0509, lr: 7.32e-06
     Epoch[47] Iteration[20/62], entropy: 0.2313, uncertainty: 4.4196, uncertainty_coeffi: 0.0010, loss: 0.0631, lr: 1.32e-04
     Epoch[47] Iteration[30/62], entropy: 0.2535, uncertainty: 4.7260, uncertainty_coeffi: 0.0010, loss: 0.0580, lr: 3.73e-04
     Epoch[47] Iteration[40/62], entropy: 0.2393, uncertainty: 4.4391, uncertainty_coeffi: 0.0010, loss: 0.0516, lr: 6.55e-04
     Epoch[47] Iteration[50/62], entropy: 0.2536, uncertainty: 3.8680, uncertainty_coeffi: 0.0010, loss: 0.0612, lr: 8.87e-04
     Epoch[47] Iteration[60/62], entropy: 0.2089, uncertainty: 3.5977, uncertainty_coeffi: 0.0010, loss: 0.0539, lr: 9.97e-04
     Averaged stats: entropy_avg: 0.2379, uncertainty_avg: 4.3697, uncertainty_coeffi_avg: 0.0010, loss_avg: 0.0565, lr_avg: 5.08e-04
     itm tta time 0:00:08
     Epoch[48] Iteration[10/62], entropy: 0.2051, uncertainty: 3.9491, uncertainty_coeffi: 0.0010, loss: 0.0592, lr: 9.21e-04
     Epoch[48] Iteration[20/62], entropy: 0.2382, uncertainty: 4.1991, uncertainty_coeffi: 0.0010, loss: 0.0538, lr: 7.08e-04
     Epoch[48] Iteration[30/62], entropy: 0.1953, uncertainty: 3.2169, uncertainty_coeffi: 0.0010, loss: 0.0578, lr: 4.29e-04
     Epoch[48] Iteration[40/62], entropy: 0.1787, uncertainty: 4.2325, uncertainty_coeffi: 0.0010, loss: 0.0573, lr: 1.73e-04
     Epoch[48] Iteration[50/62], entropy: 0.2274, uncertainty: 5.0605, uncertainty_coeffi: 0.0010, loss: 0.0464, lr: 2.03e-05
     Epoch[48] Iteration[60/62], entropy: 0.2720, uncertainty: 4.4417, uncertainty_coeffi: 0.0010, loss: 0.0602, lr: 2.03e-05
     Averaged stats: entropy_avg: 0.2194, uncertainty_avg: 4.1833, uncertainty_coeffi_avg: 0.0010, loss_avg: 0.0558, lr_avg: 3.78e-04
     itm tta time 0:00:08
     Epoch[49] Iteration[10/62], entropy: 0.1827, uncertainty: 4.1876, uncertainty_coeffi: 0.0010, loss: 0.0437, lr: 2.18e-04
     Epoch[49] Iteration[20/62], entropy: 0.2066, uncertainty: 4.6055, uncertainty_coeffi: 0.0010, loss: 0.0509, lr: 4.86e-04
     Epoch[49] Iteration[30/62], entropy: 0.2346, uncertainty: 4.3090, uncertainty_coeffi: 0.0010, loss: 0.0566, lr: 7.58e-04
     Epoch[49] Iteration[40/62], entropy: 0.1886, uncertainty: 3.8127, uncertainty_coeffi: 0.0010, loss: 0.0637, lr: 9.49e-04
     Epoch[49] Iteration[50/62], entropy: 0.1564, uncertainty: 4.0698, uncertainty_coeffi: 0.0010, loss: 0.0486, lr: 9.97e-04
     Epoch[49] Iteration[60/62], entropy: 0.2240, uncertainty: 4.3259, uncertainty_coeffi: 0.0010, loss: 0.0555, lr: 8.87e-04
     Averaged stats: entropy_avg: 0.1988, uncertainty_avg: 4.2184, uncertainty_coeffi_avg: 0.0010, loss_avg: 0.0532, lr_avg: 7.16e-04
     itm tta time 0:00:08
### TTA Eval Score: 
+-------+--------+--------+--------+--------+--------+
| epoch |   R1   |   R5   |  R10   |  mAP   |  mINP  |
+-------+--------+--------+--------+--------+--------+
|  -999 | 59.550 | 80.100 | 87.100 | 44.128 | 20.533 |
|   0   | 60.150 | 80.700 | 87.550 | 44.817 | 21.064 |
|   1   | 60.700 | 81.150 | 88.450 | 45.550 | 21.719 |
|   2   | 60.350 | 81.050 | 88.100 | 45.569 | 21.752 |
|   4   | 60.600 | 81.350 | 88.600 | 45.609 | 21.973 |
|   9   | 61.150 | 81.000 | 88.450 | 45.853 | 22.176 |
|   14  | 61.150 | 80.550 | 88.650 | 45.850 | 22.176 |
|   19  | 61.400 | 80.650 | 88.100 | 45.998 | 22.221 |
|   29  | 61.250 | 80.700 | 87.950 | 45.891 | 22.179 |
|   39  | 61.500 | 80.850 | 88.250 | 46.129 | 22.249 |
|   49  | 61.300 | 81.400 | 88.550 | 46.175 | 22.307 |
+-------+--------+--------+--------+--------+--------+
     logs:  {'epo': 49, 'R1': np.float32(61.3), 'R5': np.float32(81.4), 'R10': np.float32(88.55), 'mAP': np.float32(46.175), 'mINP': np.float32(22.307), 'entropy': 0.1988164335489273, 'uncertainty': 4.218440135320027, 'uncertainty_coeffi': 0.0010000000474974513, 'loss': 0.053165280570586525, 'lr': 0.0007157016638881223}
     Epoch[50] Iteration[10/62], entropy: 0.1979, uncertainty: 3.9803, uncertainty_coeffi: 0.0010, loss: 0.0558, lr: 5.99e-04
     Epoch[50] Iteration[20/62], entropy: 0.1940, uncertainty: 3.8885, uncertainty_coeffi: 0.0010, loss: 0.0593, lr: 3.19e-04
     Epoch[50] Iteration[30/62], entropy: 0.1438, uncertainty: 4.1494, uncertainty_coeffi: 0.0010, loss: 0.0372, lr: 9.55e-05
     Epoch[50] Iteration[40/62], entropy: 0.2244, uncertainty: 4.1918, uncertainty_coeffi: 0.0010, loss: 0.0508, lr: 8.15e-07
     Epoch[50] Iteration[50/62], entropy: 0.1735, uncertainty: 4.1571, uncertainty_coeffi: 0.0010, loss: 0.0368, lr: 6.46e-05
     Epoch[50] Iteration[60/62], entropy: 0.2036, uncertainty: 4.0122, uncertainty_coeffi: 0.0010, loss: 0.0496, lr: 2.67e-04
     Averaged stats: entropy_avg: 0.1895, uncertainty_avg: 4.0632, uncertainty_coeffi_avg: 0.0010, loss_avg: 0.0482, lr_avg: 2.24e-04
     itm tta time 0:00:08
     Epoch[51] Iteration[10/62], entropy: 0.2075, uncertainty: 3.8660, uncertainty_coeffi: 0.0010, loss: 0.0769, lr: 5.99e-04
     Epoch[51] Iteration[20/62], entropy: 0.1647, uncertainty: 4.1652, uncertainty_coeffi: 0.0010, loss: 0.0428, lr: 8.48e-04
     Epoch[51] Iteration[30/62], entropy: 0.2152, uncertainty: 3.6735, uncertainty_coeffi: 0.0010, loss: 0.0522, lr: 9.87e-04
     Epoch[51] Iteration[40/62], entropy: 0.2657, uncertainty: 4.6675, uncertainty_coeffi: 0.0010, loss: 0.0520, lr: 9.71e-04
     Epoch[51] Iteration[50/62], entropy: 0.2568, uncertainty: 4.8602, uncertainty_coeffi: 0.0010, loss: 0.0587, lr: 8.05e-04
     Epoch[51] Iteration[60/62], entropy: 0.2356, uncertainty: 4.1323, uncertainty_coeffi: 0.0010, loss: 0.0572, lr: 5.43e-04
     Averaged stats: entropy_avg: 0.2243, uncertainty_avg: 4.2275, uncertainty_coeffi_avg: 0.0010, loss_avg: 0.0566, lr_avg: 7.92e-04
     itm tta time 0:00:08
     Epoch[52] Iteration[10/62], entropy: 0.1327, uncertainty: 3.4205, uncertainty_coeffi: 0.0010, loss: 0.0488, lr: 2.18e-04
     Epoch[52] Iteration[20/62], entropy: 0.1485, uncertainty: 3.8613, uncertainty_coeffi: 0.0010, loss: 0.0391, lr: 3.94e-05
     Epoch[52] Iteration[30/62], entropy: 0.1435, uncertainty: 4.2396, uncertainty_coeffi: 0.0010, loss: 0.0361, lr: 7.32e-06
     Epoch[52] Iteration[40/62], entropy: 0.2175, uncertainty: 4.6078, uncertainty_coeffi: 0.0010, loss: 0.0540, lr: 1.32e-04
     Epoch[52] Iteration[50/62], entropy: 0.1380, uncertainty: 4.1995, uncertainty_coeffi: 0.0010, loss: 0.0327, lr: 3.73e-04
     Epoch[52] Iteration[60/62], entropy: 0.1571, uncertainty: 3.7931, uncertainty_coeffi: 0.0010, loss: 0.0416, lr: 6.55e-04
     Averaged stats: entropy_avg: 0.1562, uncertainty_avg: 4.0203, uncertainty_coeffi_avg: 0.0010, loss_avg: 0.0420, lr_avg: 2.37e-04
     itm tta time 0:00:08
     Epoch[53] Iteration[10/62], entropy: 0.1548, uncertainty: 3.3658, uncertainty_coeffi: 0.0010, loss: 0.0490, lr: 9.21e-04
     Epoch[53] Iteration[20/62], entropy: 0.2106, uncertainty: 4.1492, uncertainty_coeffi: 0.0010, loss: 0.0503, lr: 1.00e-03
     Epoch[53] Iteration[30/62], entropy: 0.1816, uncertainty: 3.5549, uncertainty_coeffi: 0.0010, loss: 0.0533, lr: 9.21e-04
     Epoch[53] Iteration[40/62], entropy: 0.2348, uncertainty: 4.0601, uncertainty_coeffi: 0.0010, loss: 0.0849, lr: 7.08e-04
     Epoch[53] Iteration[50/62], entropy: 0.2809, uncertainty: 4.4826, uncertainty_coeffi: 0.0010, loss: 0.0624, lr: 4.29e-04
     Epoch[53] Iteration[60/62], entropy: 0.2281, uncertainty: 4.8189, uncertainty_coeffi: 0.0010, loss: 0.0504, lr: 1.73e-04
     Averaged stats: entropy_avg: 0.2151, uncertainty_avg: 4.0719, uncertainty_coeffi_avg: 0.0010, loss_avg: 0.0584, lr_avg: 6.92e-04
     itm tta time 0:00:08
     Epoch[54] Iteration[10/62], entropy: 0.2125, uncertainty: 3.7855, uncertainty_coeffi: 0.0010, loss: 0.0600, lr: 7.32e-06
     Epoch[54] Iteration[20/62], entropy: 0.1496, uncertainty: 3.8053, uncertainty_coeffi: 0.0010, loss: 0.0439, lr: 3.94e-05
     Epoch[54] Iteration[30/62], entropy: 0.1719, uncertainty: 3.8769, uncertainty_coeffi: 0.0010, loss: 0.0513, lr: 2.18e-04
     Epoch[54] Iteration[40/62], entropy: 0.1706, uncertainty: 4.6222, uncertainty_coeffi: 0.0010, loss: 0.0460, lr: 4.86e-04
     Epoch[54] Iteration[50/62], entropy: 0.2091, uncertainty: 4.4414, uncertainty_coeffi: 0.0010, loss: 0.0436, lr: 7.58e-04
     Epoch[54] Iteration[60/62], entropy: 0.1452, uncertainty: 4.2395, uncertainty_coeffi: 0.0010, loss: 0.0471, lr: 9.49e-04
     Averaged stats: entropy_avg: 0.1765, uncertainty_avg: 4.1285, uncertainty_coeffi_avg: 0.0010, loss_avg: 0.0486, lr_avg: 4.10e-04
     itm tta time 0:00:08
     Epoch[55] Iteration[10/62], entropy: 0.1580, uncertainty: 3.5526, uncertainty_coeffi: 0.0010, loss: 0.0524, lr: 9.87e-04
     Epoch[55] Iteration[20/62], entropy: 0.2405, uncertainty: 4.5572, uncertainty_coeffi: 0.0010, loss: 0.0665, lr: 8.48e-04
     Epoch[55] Iteration[30/62], entropy: 0.2088, uncertainty: 4.6310, uncertainty_coeffi: 0.0010, loss: 0.0514, lr: 5.99e-04
     Epoch[55] Iteration[40/62], entropy: 0.2835, uncertainty: 4.3765, uncertainty_coeffi: 0.0010, loss: 0.0732, lr: 3.19e-04
     Epoch[55] Iteration[50/62], entropy: 0.1966, uncertainty: 4.4416, uncertainty_coeffi: 0.0010, loss: 0.0524, lr: 9.55e-05
     Epoch[55] Iteration[60/62], entropy: 0.1780, uncertainty: 3.7682, uncertainty_coeffi: 0.0010, loss: 0.0450, lr: 8.15e-07
     Averaged stats: entropy_avg: 0.2109, uncertainty_avg: 4.2212, uncertainty_coeffi_avg: 0.0010, loss_avg: 0.0568, lr_avg: 4.75e-04
     itm tta time 0:00:08
     Epoch[56] Iteration[10/62], entropy: 0.1669, uncertainty: 4.3984, uncertainty_coeffi: 0.0010, loss: 0.0406, lr: 9.55e-05
     Epoch[56] Iteration[20/62], entropy: 0.1478, uncertainty: 3.7346, uncertainty_coeffi: 0.0010, loss: 0.0439, lr: 3.19e-04
     Epoch[56] Iteration[30/62], entropy: 0.1127, uncertainty: 3.9291, uncertainty_coeffi: 0.0010, loss: 0.0372, lr: 5.99e-04
     Epoch[56] Iteration[40/62], entropy: 0.1582, uncertainty: 3.8843, uncertainty_coeffi: 0.0010, loss: 0.0446, lr: 8.48e-04
     Epoch[56] Iteration[50/62], entropy: 0.1828, uncertainty: 4.2979, uncertainty_coeffi: 0.0010, loss: 0.0470, lr: 9.87e-04
     Epoch[56] Iteration[60/62], entropy: 0.2295, uncertainty: 3.6111, uncertainty_coeffi: 0.0010, loss: 0.0642, lr: 9.71e-04
     Averaged stats: entropy_avg: 0.1663, uncertainty_avg: 3.9759, uncertainty_coeffi_avg: 0.0010, loss_avg: 0.0462, lr_avg: 6.37e-04
     itm tta time 0:00:08
     Epoch[57] Iteration[10/62], entropy: 0.2221, uncertainty: 4.3490, uncertainty_coeffi: 0.0010, loss: 0.0626, lr: 7.58e-04
     Epoch[57] Iteration[20/62], entropy: 0.1902, uncertainty: 4.2474, uncertainty_coeffi: 0.0010, loss: 0.0515, lr: 4.86e-04
     Epoch[57] Iteration[30/62], entropy: 0.2240, uncertainty: 4.2146, uncertainty_coeffi: 0.0010, loss: 0.0556, lr: 2.18e-04
     Epoch[57] Iteration[40/62], entropy: 0.2143, uncertainty: 4.6164, uncertainty_coeffi: 0.0010, loss: 0.0487, lr: 3.94e-05
     Epoch[57] Iteration[50/62], entropy: 0.2808, uncertainty: 4.5319, uncertainty_coeffi: 0.0010, loss: 0.0697, lr: 7.32e-06
     Epoch[57] Iteration[60/62], entropy: 0.1852, uncertainty: 4.2562, uncertainty_coeffi: 0.0010, loss: 0.0460, lr: 1.32e-04
     Averaged stats: entropy_avg: 0.2194, uncertainty_avg: 4.3692, uncertainty_coeffi_avg: 0.0010, loss_avg: 0.0557, lr_avg: 2.73e-04
     itm tta time 0:00:07
     Epoch[58] Iteration[10/62], entropy: 0.1741, uncertainty: 4.0377, uncertainty_coeffi: 0.0010, loss: 0.0549, lr: 4.29e-04
     Epoch[58] Iteration[20/62], entropy: 0.1660, uncertainty: 4.2412, uncertainty_coeffi: 0.0010, loss: 0.0466, lr: 7.08e-04
     Epoch[58] Iteration[30/62], entropy: 0.2100, uncertainty: 4.4819, uncertainty_coeffi: 0.0010, loss: 0.0541, lr: 9.21e-04
     Epoch[58] Iteration[40/62], entropy: 0.1656, uncertainty: 4.1043, uncertainty_coeffi: 0.0010, loss: 0.0446, lr: 1.00e-03
     Epoch[58] Iteration[50/62], entropy: 0.2396, uncertainty: 4.5995, uncertainty_coeffi: 0.0010, loss: 0.0552, lr: 9.21e-04
     Epoch[58] Iteration[60/62], entropy: 0.2584, uncertainty: 4.3226, uncertainty_coeffi: 0.0010, loss: 0.0557, lr: 7.08e-04
     Averaged stats: entropy_avg: 0.2023, uncertainty_avg: 4.2979, uncertainty_coeffi_avg: 0.0010, loss_avg: 0.0518, lr_avg: 7.81e-04
     itm tta time 0:00:08
     Epoch[59] Iteration[10/62], entropy: 0.2256, uncertainty: 4.1686, uncertainty_coeffi: 0.0010, loss: 0.0556, lr: 3.73e-04
     Epoch[59] Iteration[20/62], entropy: 0.1706, uncertainty: 3.9175, uncertainty_coeffi: 0.0010, loss: 0.0400, lr: 1.32e-04
     Epoch[59] Iteration[30/62], entropy: 0.1741, uncertainty: 3.4895, uncertainty_coeffi: 0.0010, loss: 0.0614, lr: 7.32e-06
     Epoch[59] Iteration[40/62], entropy: 0.2929, uncertainty: 4.5639, uncertainty_coeffi: 0.0010, loss: 0.0645, lr: 3.94e-05
     Epoch[59] Iteration[50/62], entropy: 0.1668, uncertainty: 3.3841, uncertainty_coeffi: 0.0010, loss: 0.0507, lr: 2.18e-04
     Epoch[59] Iteration[60/62], entropy: 0.1923, uncertainty: 3.8855, uncertainty_coeffi: 0.0010, loss: 0.0481, lr: 4.86e-04
     Averaged stats: entropy_avg: 0.2037, uncertainty_avg: 3.9015, uncertainty_coeffi_avg: 0.0010, loss_avg: 0.0534, lr_avg: 2.09e-04
     itm tta time 0:00:08
### TTA Eval Score: 
+-------+--------+--------+--------+--------+--------+
| epoch |   R1   |   R5   |  R10   |  mAP   |  mINP  |
+-------+--------+--------+--------+--------+--------+
|  -999 | 59.550 | 80.100 | 87.100 | 44.128 | 20.533 |
|   0   | 60.150 | 80.700 | 87.550 | 44.817 | 21.064 |
|   1   | 60.700 | 81.150 | 88.450 | 45.550 | 21.719 |
|   2   | 60.350 | 81.050 | 88.100 | 45.569 | 21.752 |
|   4   | 60.600 | 81.350 | 88.600 | 45.609 | 21.973 |
|   9   | 61.150 | 81.000 | 88.450 | 45.853 | 22.176 |
|   14  | 61.150 | 80.550 | 88.650 | 45.850 | 22.176 |
|   19  | 61.400 | 80.650 | 88.100 | 45.998 | 22.221 |
|   29  | 61.250 | 80.700 | 87.950 | 45.891 | 22.179 |
|   39  | 61.500 | 80.850 | 88.250 | 46.129 | 22.249 |
|   49  | 61.300 | 81.400 | 88.550 | 46.175 | 22.307 |
|   59  | 61.300 | 81.500 | 88.450 | 46.124 | 22.266 |
+-------+--------+--------+--------+--------+--------+
     logs:  {'epo': 59, 'R1': np.float32(61.3), 'R5': np.float32(81.5), 'R10': np.float32(88.45), 'mAP': np.float32(46.124), 'mINP': np.float32(22.266), 'entropy': 0.20371694366137186, 'uncertainty': 3.9015039205551147, 'uncertainty_coeffi': 0.0010000000474974513, 'loss': 0.053372895965973534, 'lr': 0.00020913031410892377}
### best epoch 39 : {'epo': '39', 'R1': '61.5', 'R5': '80.85', 'R10': '88.25', 'mAP': '46.129', 'mINP': '22.249', 'entropy': '0.2135937288403511', 'uncertainty': '3.780683755874634', 'uncertainty_coeffi': '0.0010000000474974513', 'loss': '0.05995971274872621', 'lr': '0.000500000000000001'}
### Time 0:09:46
