Not using distributed mode
### Hyper-parameters:
     output_dir: output_rerun2/ham_rstp_tta/exp10/exp10.3.2/2025091723225
     seed: 42
     device: cuda
     batch_size_tta: 32
     epochs: 60
     lr: 0.0001
### Creating test dataset
     test_txt_set: 2000    test_img_set: 1000
     test_txt_loader: 4    test_img_loader: 2
### Creating model
Training Model with ['sdm', 'id', 'mlm'] tasks
Resized position embedding from size:torch.Size([1, 197, 768]) to size: torch.Size([1, 193, 768]) with height:24 width: 8
     Total Params Sum:  190789493
### Zero-Shot Score: 
/home/jiahao/task/IRRA/tta.py:284: FutureWarning: `torch.cuda.amp.GradScaler(args...)` is deprecated. Please use `torch.amp.GradScaler('cuda', args...)` instead.
  scaler = GradScaler()  # bf16
+-------+--------+--------+--------+--------+--------+
| epoch |   R1   |   R5   |  R10   |  mAP   |  mINP  |
+-------+--------+--------+--------+--------+--------+
|  -999 | 59.550 | 80.100 | 87.100 | 44.128 | 20.533 |
+-------+--------+--------+--------+--------+--------+
### TTA:
### Compute Cos Similarity Uncertainty
     preprocess_tta_coefficients  start
     sample selection ...
     number of sample after sample_selection: 2000
     uncertainty ...
     pos/neg sampling ...
      number of sample after pos/neg sampling: torch.Size([2000, 4])
     preprocess_tta_coefficients  end
### Creating TTA dataset
     tta_dataset: 2000
### Creating tta dataloader
### be careful: func create_loader returns a list length of 1
     tta_loader: 62
### Configure adapted weights
     TTA Dropout Modules: 
 []
     TTA Require Gradient Params: 
 [('base_model.transformer.resblocks.1.ln_1.weight', torch.Size([512])), ('base_model.transformer.resblocks.1.ln_1.bias', torch.Size([512])), ('base_model.transformer.resblocks.1.ln_2.weight', torch.Size([512])), ('base_model.transformer.resblocks.1.ln_2.bias', torch.Size([512])), ('base_model.transformer.resblocks.2.ln_1.weight', torch.Size([512])), ('base_model.transformer.resblocks.2.ln_1.bias', torch.Size([512])), ('base_model.transformer.resblocks.2.ln_2.weight', torch.Size([512])), ('base_model.transformer.resblocks.2.ln_2.bias', torch.Size([512])), ('base_model.transformer.resblocks.3.ln_1.weight', torch.Size([512])), ('base_model.transformer.resblocks.3.ln_1.bias', torch.Size([512])), ('base_model.transformer.resblocks.3.ln_2.weight', torch.Size([512])), ('base_model.transformer.resblocks.3.ln_2.bias', torch.Size([512])), ('base_model.transformer.resblocks.4.ln_1.weight', torch.Size([512])), ('base_model.transformer.resblocks.4.ln_1.bias', torch.Size([512])), ('base_model.transformer.resblocks.4.ln_2.weight', torch.Size([512])), ('base_model.transformer.resblocks.4.ln_2.bias', torch.Size([512])), ('base_model.transformer.resblocks.5.ln_1.weight', torch.Size([512])), ('base_model.transformer.resblocks.5.ln_1.bias', torch.Size([512])), ('base_model.transformer.resblocks.5.ln_2.weight', torch.Size([512])), ('base_model.transformer.resblocks.5.ln_2.bias', torch.Size([512])), ('base_model.transformer.resblocks.7.ln_1.weight', torch.Size([512])), ('base_model.transformer.resblocks.7.ln_1.bias', torch.Size([512])), ('base_model.transformer.resblocks.7.ln_2.weight', torch.Size([512])), ('base_model.transformer.resblocks.7.ln_2.bias', torch.Size([512])), ('base_model.transformer.resblocks.8.ln_1.weight', torch.Size([512])), ('base_model.transformer.resblocks.8.ln_1.bias', torch.Size([512])), ('base_model.transformer.resblocks.8.ln_2.weight', torch.Size([512])), ('base_model.transformer.resblocks.8.ln_2.bias', torch.Size([512])), ('base_model.transformer.resblocks.9.ln_1.weight', torch.Size([512])), ('base_model.transformer.resblocks.9.ln_1.bias', torch.Size([512])), ('base_model.transformer.resblocks.9.ln_2.weight', torch.Size([512])), ('base_model.transformer.resblocks.9.ln_2.bias', torch.Size([512])), ('base_model.transformer.resblocks.10.ln_1.weight', torch.Size([512])), ('base_model.transformer.resblocks.10.ln_1.bias', torch.Size([512])), ('base_model.transformer.resblocks.10.ln_2.weight', torch.Size([512])), ('base_model.transformer.resblocks.10.ln_2.bias', torch.Size([512])), ('base_model.transformer.resblocks.11.ln_1.weight', torch.Size([512])), ('base_model.transformer.resblocks.11.ln_1.bias', torch.Size([512])), ('base_model.transformer.resblocks.11.ln_2.weight', torch.Size([512])), ('base_model.transformer.resblocks.11.ln_2.bias', torch.Size([512])), ('base_model.ln_final.weight', torch.Size([512])), ('base_model.ln_final.bias', torch.Size([512]))]
     TTA Dropout Modules Number: 
 0
     TTA Require Gradient Params Sum: 
 21504
Using 5.0 times learning rate for random init module 
### Start Test Time Adaptation : num_epoch = 60
/home/jiahao/task/IRRA/tta.py:67: FutureWarning: `torch.cuda.amp.autocast(args...)` is deprecated. Please use `torch.amp.autocast('cuda', args...)` instead.
  with torch.cuda.amp.autocast(enabled=True):
     Epoch[0] Iteration[10/62], entropy: 0.2913, uncertainty: 4.2550, uncertainty_coeffi: 0.0100, loss: 0.1143, lr: 9.80e-05
     Epoch[0] Iteration[20/62], entropy: 0.4212, uncertainty: 3.7282, uncertainty_coeffi: 0.0100, loss: 0.1615, lr: 8.27e-05
     Epoch[0] Iteration[30/62], entropy: 0.3216, uncertainty: 4.0997, uncertainty_coeffi: 0.0100, loss: 0.1642, lr: 5.71e-05
     Epoch[0] Iteration[40/62], entropy: 0.3306, uncertainty: 4.9522, uncertainty_coeffi: 0.0100, loss: 0.1210, lr: 2.92e-05
     Epoch[0] Iteration[50/62], entropy: 0.2710, uncertainty: 4.2128, uncertainty_coeffi: 0.0100, loss: 0.1001, lr: 7.94e-06
     Epoch[0] Iteration[60/62], entropy: 0.4081, uncertainty: 3.3894, uncertainty_coeffi: 0.0100, loss: 0.2242, lr: 0.00e+00
     Averaged stats: entropy_avg: 0.3406, uncertainty_avg: 4.1062, uncertainty_coeffi_avg: 0.0100, loss_avg: 0.1476, lr_avg: 4.58e-05
     itm tta time 0:00:09
### TTA Eval Score: 
+-------+--------+--------+--------+--------+--------+
| epoch |   R1   |   R5   |  R10   |  mAP   |  mINP  |
+-------+--------+--------+--------+--------+--------+
|  -999 | 59.550 | 80.100 | 87.100 | 44.128 | 20.533 |
|   0   | 59.700 | 80.050 | 87.050 | 44.232 | 20.645 |
+-------+--------+--------+--------+--------+--------+
     logs:  {'epo': 0, 'R1': np.float32(59.7), 'R5': np.float32(80.05), 'R10': np.float32(87.05), 'mAP': np.float32(44.232), 'mINP': np.float32(20.645), 'entropy': 0.34062162538369495, 'uncertainty': 4.106209437052409, 'uncertainty_coeffi': 0.009999999776482582, 'loss': 0.14755351841449738, 'lr': 4.5833333333333334e-05}
     Epoch[1] Iteration[10/62], entropy: 0.3035, uncertainty: 4.4205, uncertainty_coeffi: 0.0100, loss: 0.1394, lr: 1.13e-05
     Epoch[1] Iteration[20/62], entropy: 0.3324, uncertainty: 4.1824, uncertainty_coeffi: 0.0100, loss: 0.1235, lr: 3.45e-05
     Epoch[1] Iteration[30/62], entropy: 0.2599, uncertainty: 4.9123, uncertainty_coeffi: 0.0100, loss: 0.1088, lr: 6.27e-05
     Epoch[1] Iteration[40/62], entropy: 0.1948, uncertainty: 4.3761, uncertainty_coeffi: 0.0100, loss: 0.0821, lr: 8.68e-05
     Epoch[1] Iteration[50/62], entropy: 0.3211, uncertainty: 4.2949, uncertainty_coeffi: 0.0100, loss: 0.1217, lr: 9.93e-05
     Epoch[1] Iteration[60/62], entropy: 0.4445, uncertainty: 4.2059, uncertainty_coeffi: 0.0100, loss: 0.1870, lr: 9.61e-05
     Averaged stats: entropy_avg: 0.3094, uncertainty_avg: 4.3987, uncertainty_coeffi_avg: 0.0100, loss_avg: 0.1271, lr_avg: 6.51e-05
     itm tta time 0:00:09
### TTA Eval Score: 
+-------+--------+--------+--------+--------+--------+
| epoch |   R1   |   R5   |  R10   |  mAP   |  mINP  |
+-------+--------+--------+--------+--------+--------+
|  -999 | 59.550 | 80.100 | 87.100 | 44.128 | 20.533 |
|   0   | 59.700 | 80.050 | 87.050 | 44.232 | 20.645 |
|   1   | 59.900 | 80.100 | 87.100 | 44.374 | 20.761 |
+-------+--------+--------+--------+--------+--------+
     logs:  {'epo': 1, 'R1': np.float32(59.9), 'R5': np.float32(80.1), 'R10': np.float32(87.1), 'mAP': np.float32(44.374), 'mINP': np.float32(20.761), 'entropy': 0.3093775287270546, 'uncertainty': 4.39867885907491, 'uncertainty_coeffi': 0.009999999776482582, 'loss': 0.12708650156855583, 'lr': 6.511898630015337e-05}
     Epoch[2] Iteration[10/62], entropy: 0.3025, uncertainty: 5.0356, uncertainty_coeffi: 0.0100, loss: 0.1322, lr: 7.33e-05
     Epoch[2] Iteration[20/62], entropy: 0.3795, uncertainty: 4.6489, uncertainty_coeffi: 0.0100, loss: 0.1358, lr: 4.57e-05
     Epoch[2] Iteration[30/62], entropy: 0.2598, uncertainty: 4.7661, uncertainty_coeffi: 0.0100, loss: 0.1104, lr: 1.95e-05
     Epoch[2] Iteration[40/62], entropy: 0.3164, uncertainty: 4.6505, uncertainty_coeffi: 0.0100, loss: 0.1140, lr: 2.91e-06
     Epoch[2] Iteration[50/62], entropy: 0.3043, uncertainty: 4.2458, uncertainty_coeffi: 0.0100, loss: 0.1404, lr: 1.30e-06
     Epoch[2] Iteration[60/62], entropy: 0.2766, uncertainty: 4.2398, uncertainty_coeffi: 0.0100, loss: 0.1217, lr: 1.52e-05
     Averaged stats: entropy_avg: 0.3065, uncertainty_avg: 4.5978, uncertainty_coeffi_avg: 0.0100, loss_avg: 0.1257, lr_avg: 2.63e-05
     itm tta time 0:00:08
### TTA Eval Score: 
+-------+--------+--------+--------+--------+--------+
| epoch |   R1   |   R5   |  R10   |  mAP   |  mINP  |
+-------+--------+--------+--------+--------+--------+
|  -999 | 59.550 | 80.100 | 87.100 | 44.128 | 20.533 |
|   0   | 59.700 | 80.050 | 87.050 | 44.232 | 20.645 |
|   1   | 59.900 | 80.100 | 87.100 | 44.374 | 20.761 |
|   2   | 60.050 | 80.300 | 87.100 | 44.488 | 20.848 |
+-------+--------+--------+--------+--------+--------+
     logs:  {'epo': 2, 'R1': np.float32(60.05), 'R5': np.float32(80.3), 'R10': np.float32(87.1), 'mAP': np.float32(44.488), 'mINP': np.float32(20.848), 'entropy': 0.3065084020296733, 'uncertainty': 4.597787777582805, 'uncertainty_coeffi': 0.009999999776482582, 'loss': 0.1257465568681558, 'lr': 2.6313754882285374e-05}
     Epoch[3] Iteration[10/62], entropy: 0.3200, uncertainty: 3.8145, uncertainty_coeffi: 0.0100, loss: 0.1380, lr: 4.57e-05
     Epoch[3] Iteration[20/62], entropy: 0.3141, uncertainty: 4.4489, uncertainty_coeffi: 0.0100, loss: 0.1197, lr: 7.33e-05
     Epoch[3] Iteration[30/62], entropy: 0.2994, uncertainty: 4.3097, uncertainty_coeffi: 0.0100, loss: 0.1244, lr: 9.35e-05
     Epoch[3] Iteration[40/62], entropy: 0.2935, uncertainty: 3.5608, uncertainty_coeffi: 0.0100, loss: 0.1170, lr: 9.99e-05
     Epoch[3] Iteration[50/62], entropy: 0.4015, uncertainty: 5.2029, uncertainty_coeffi: 0.0100, loss: 0.1453, lr: 9.05e-05
     Epoch[3] Iteration[60/62], entropy: 0.3541, uncertainty: 3.9384, uncertainty_coeffi: 0.0100, loss: 0.1424, lr: 6.81e-05
     Averaged stats: entropy_avg: 0.3304, uncertainty_avg: 4.2125, uncertainty_coeffi_avg: 0.0100, loss_avg: 0.1311, lr_avg: 7.85e-05
     itm tta time 0:00:08
     Epoch[4] Iteration[10/62], entropy: 0.2389, uncertainty: 4.5001, uncertainty_coeffi: 0.0100, loss: 0.1101, lr: 3.45e-05
     Epoch[4] Iteration[20/62], entropy: 0.2197, uncertainty: 3.8527, uncertainty_coeffi: 0.0100, loss: 0.1068, lr: 1.13e-05
     Epoch[4] Iteration[30/62], entropy: 0.3523, uncertainty: 3.9202, uncertainty_coeffi: 0.0100, loss: 0.1561, lr: 3.26e-07
     Epoch[4] Iteration[40/62], entropy: 0.3327, uncertainty: 4.4901, uncertainty_coeffi: 0.0100, loss: 0.1454, lr: 5.13e-06
     Epoch[4] Iteration[50/62], entropy: 0.3467, uncertainty: 4.1556, uncertainty_coeffi: 0.0100, loss: 0.1212, lr: 2.42e-05
     Epoch[4] Iteration[60/62], entropy: 0.2576, uncertainty: 3.4405, uncertainty_coeffi: 0.0100, loss: 0.1231, lr: 5.14e-05
     Averaged stats: entropy_avg: 0.2913, uncertainty_avg: 4.0599, uncertainty_coeffi_avg: 0.0100, loss_avg: 0.1271, lr_avg: 2.12e-05
     itm tta time 0:00:09
### TTA Eval Score: 
+-------+--------+--------+--------+--------+--------+
| epoch |   R1   |   R5   |  R10   |  mAP   |  mINP  |
+-------+--------+--------+--------+--------+--------+
|  -999 | 59.550 | 80.100 | 87.100 | 44.128 | 20.533 |
|   0   | 59.700 | 80.050 | 87.050 | 44.232 | 20.645 |
|   1   | 59.900 | 80.100 | 87.100 | 44.374 | 20.761 |
|   2   | 60.050 | 80.300 | 87.100 | 44.488 | 20.848 |
|   4   | 60.300 | 80.400 | 87.550 | 44.682 | 20.938 |
+-------+--------+--------+--------+--------+--------+
     logs:  {'epo': 4, 'R1': np.float32(60.3), 'R5': np.float32(80.4), 'R10': np.float32(87.55), 'mAP': np.float32(44.682), 'mINP': np.float32(20.938), 'entropy': 0.29131675511598587, 'uncertainty': 4.059865434964498, 'uncertainty_coeffi': 0.009999999776482582, 'loss': 0.1271109419564406, 'lr': 2.1150998500839942e-05}
     Epoch[5] Iteration[10/62], entropy: 0.4024, uncertainty: 4.6513, uncertainty_coeffi: 0.0100, loss: 0.1573, lr: 8.27e-05
     Epoch[5] Iteration[20/62], entropy: 0.2238, uncertainty: 3.1639, uncertainty_coeffi: 0.0100, loss: 0.1266, lr: 9.80e-05
     Epoch[5] Iteration[30/62], entropy: 0.2975, uncertainty: 4.5185, uncertainty_coeffi: 0.0100, loss: 0.1238, lr: 9.80e-05
     Epoch[5] Iteration[40/62], entropy: 0.3750, uncertainty: 4.5780, uncertainty_coeffi: 0.0100, loss: 0.1350, lr: 8.27e-05
     Epoch[5] Iteration[50/62], entropy: 0.2402, uncertainty: 4.3519, uncertainty_coeffi: 0.0100, loss: 0.1023, lr: 5.71e-05
     Epoch[5] Iteration[60/62], entropy: 0.2276, uncertainty: 4.1712, uncertainty_coeffi: 0.0100, loss: 0.0964, lr: 2.92e-05
     Averaged stats: entropy_avg: 0.2944, uncertainty_avg: 4.2391, uncertainty_coeffi_avg: 0.0100, loss_avg: 0.1236, lr_avg: 7.46e-05
     itm tta time 0:00:08
     Epoch[6] Iteration[10/62], entropy: 0.3293, uncertainty: 4.0503, uncertainty_coeffi: 0.0100, loss: 0.1389, lr: 5.13e-06
     Epoch[6] Iteration[20/62], entropy: 0.2416, uncertainty: 4.3557, uncertainty_coeffi: 0.0100, loss: 0.1164, lr: 3.26e-07
     Epoch[6] Iteration[30/62], entropy: 0.3324, uncertainty: 4.6379, uncertainty_coeffi: 0.0100, loss: 0.1305, lr: 1.13e-05
     Epoch[6] Iteration[40/62], entropy: 0.2917, uncertainty: 4.4526, uncertainty_coeffi: 0.0100, loss: 0.1011, lr: 3.45e-05
     Epoch[6] Iteration[50/62], entropy: 0.1526, uncertainty: 3.5503, uncertainty_coeffi: 0.0100, loss: 0.0877, lr: 6.27e-05
     Epoch[6] Iteration[60/62], entropy: 0.2025, uncertainty: 3.7487, uncertainty_coeffi: 0.0100, loss: 0.1031, lr: 8.68e-05
     Averaged stats: entropy_avg: 0.2584, uncertainty_avg: 4.1326, uncertainty_coeffi_avg: 0.0100, loss_avg: 0.1130, lr_avg: 3.35e-05
     itm tta time 0:00:09
     Epoch[7] Iteration[10/62], entropy: 0.4729, uncertainty: 4.3625, uncertainty_coeffi: 0.0100, loss: 0.1928, lr: 9.99e-05
     Epoch[7] Iteration[20/62], entropy: 0.2779, uncertainty: 4.4876, uncertainty_coeffi: 0.0100, loss: 0.1213, lr: 9.35e-05
     Epoch[7] Iteration[30/62], entropy: 0.3288, uncertainty: 3.3235, uncertainty_coeffi: 0.0100, loss: 0.1720, lr: 7.33e-05
     Epoch[7] Iteration[40/62], entropy: 0.2435, uncertainty: 4.3979, uncertainty_coeffi: 0.0100, loss: 0.0985, lr: 4.57e-05
     Epoch[7] Iteration[50/62], entropy: 0.3216, uncertainty: 4.5297, uncertainty_coeffi: 0.0100, loss: 0.1264, lr: 1.95e-05
     Epoch[7] Iteration[60/62], entropy: 0.3293, uncertainty: 4.6979, uncertainty_coeffi: 0.0100, loss: 0.1314, lr: 2.91e-06
     Averaged stats: entropy_avg: 0.3290, uncertainty_avg: 4.2998, uncertainty_coeffi_avg: 0.0100, loss_avg: 0.1404, lr_avg: 5.58e-05
     itm tta time 0:00:09
     Epoch[8] Iteration[10/62], entropy: 0.3408, uncertainty: 4.4924, uncertainty_coeffi: 0.0100, loss: 0.1316, lr: 2.91e-06
     Epoch[8] Iteration[20/62], entropy: 0.3065, uncertainty: 4.4857, uncertainty_coeffi: 0.0100, loss: 0.1177, lr: 1.95e-05
     Epoch[8] Iteration[30/62], entropy: 0.2521, uncertainty: 4.4436, uncertainty_coeffi: 0.0100, loss: 0.1002, lr: 4.57e-05
     Epoch[8] Iteration[40/62], entropy: 0.3215, uncertainty: 3.7738, uncertainty_coeffi: 0.0100, loss: 0.1397, lr: 7.33e-05
     Epoch[8] Iteration[50/62], entropy: 0.2527, uncertainty: 4.5150, uncertainty_coeffi: 0.0100, loss: 0.1051, lr: 9.35e-05
     Epoch[8] Iteration[60/62], entropy: 0.2819, uncertainty: 4.4714, uncertainty_coeffi: 0.0100, loss: 0.1154, lr: 9.99e-05
     Averaged stats: entropy_avg: 0.2926, uncertainty_avg: 4.3637, uncertainty_coeffi_avg: 0.0100, loss_avg: 0.1183, lr_avg: 5.58e-05
     itm tta time 0:00:08
     Epoch[9] Iteration[10/62], entropy: 0.3519, uncertainty: 4.0014, uncertainty_coeffi: 0.0100, loss: 0.1600, lr: 8.68e-05
     Epoch[9] Iteration[20/62], entropy: 0.3348, uncertainty: 3.8240, uncertainty_coeffi: 0.0100, loss: 0.1378, lr: 6.27e-05
     Epoch[9] Iteration[30/62], entropy: 0.4086, uncertainty: 4.1563, uncertainty_coeffi: 0.0100, loss: 0.1535, lr: 3.45e-05
     Epoch[9] Iteration[40/62], entropy: 0.1789, uncertainty: 4.6816, uncertainty_coeffi: 0.0100, loss: 0.0867, lr: 1.13e-05
     Epoch[9] Iteration[50/62], entropy: 0.2865, uncertainty: 4.0883, uncertainty_coeffi: 0.0100, loss: 0.1147, lr: 3.26e-07
     Epoch[9] Iteration[60/62], entropy: 0.2462, uncertainty: 3.3658, uncertainty_coeffi: 0.0100, loss: 0.1139, lr: 5.13e-06
     Averaged stats: entropy_avg: 0.3011, uncertainty_avg: 4.0196, uncertainty_coeffi_avg: 0.0100, loss_avg: 0.1278, lr_avg: 3.35e-05
     itm tta time 0:00:09
### TTA Eval Score: 
+-------+--------+--------+--------+--------+--------+
| epoch |   R1   |   R5   |  R10   |  mAP   |  mINP  |
+-------+--------+--------+--------+--------+--------+
|  -999 | 59.550 | 80.100 | 87.100 | 44.128 | 20.533 |
|   0   | 59.700 | 80.050 | 87.050 | 44.232 | 20.645 |
|   1   | 59.900 | 80.100 | 87.100 | 44.374 | 20.761 |
|   2   | 60.050 | 80.300 | 87.100 | 44.488 | 20.848 |
|   4   | 60.300 | 80.400 | 87.550 | 44.682 | 20.938 |
|   9   | 60.800 | 80.850 | 88.050 | 45.100 | 21.288 |
+-------+--------+--------+--------+--------+--------+
     logs:  {'epo': 9, 'R1': np.float32(60.8), 'R5': np.float32(80.85), 'R10': np.float32(88.05), 'mAP': np.float32(45.1), 'mINP': np.float32(21.288), 'entropy': 0.30114765961964923, 'uncertainty': 4.01955231030782, 'uncertainty_coeffi': 0.009999999776482582, 'loss': 0.12778067216277122, 'lr': 3.3474339191799687e-05}
     Epoch[10] Iteration[10/62], entropy: 0.2810, uncertainty: 3.6477, uncertainty_coeffi: 0.0100, loss: 0.1300, lr: 2.92e-05
     Epoch[10] Iteration[20/62], entropy: 0.2622, uncertainty: 3.6948, uncertainty_coeffi: 0.0100, loss: 0.1015, lr: 5.71e-05
     Epoch[10] Iteration[30/62], entropy: 0.2883, uncertainty: 4.5151, uncertainty_coeffi: 0.0100, loss: 0.1204, lr: 8.27e-05
     Epoch[10] Iteration[40/62], entropy: 0.3611, uncertainty: 4.1697, uncertainty_coeffi: 0.0100, loss: 0.1447, lr: 9.80e-05
     Epoch[10] Iteration[50/62], entropy: 0.4361, uncertainty: 4.3315, uncertainty_coeffi: 0.0100, loss: 0.1737, lr: 9.80e-05
     Epoch[10] Iteration[60/62], entropy: 0.2298, uncertainty: 3.5351, uncertainty_coeffi: 0.0100, loss: 0.1130, lr: 8.27e-05
     Averaged stats: entropy_avg: 0.3098, uncertainty_avg: 3.9823, uncertainty_coeffi_avg: 0.0100, loss_avg: 0.1306, lr_avg: 7.46e-05
     itm tta time 0:00:08
     Epoch[11] Iteration[10/62], entropy: 0.2745, uncertainty: 3.9205, uncertainty_coeffi: 0.0100, loss: 0.0988, lr: 5.14e-05
     Epoch[11] Iteration[20/62], entropy: 0.2887, uncertainty: 4.1373, uncertainty_coeffi: 0.0100, loss: 0.1156, lr: 2.42e-05
     Epoch[11] Iteration[30/62], entropy: 0.3491, uncertainty: 4.7760, uncertainty_coeffi: 0.0100, loss: 0.1246, lr: 5.13e-06
     Epoch[11] Iteration[40/62], entropy: 0.2286, uncertainty: 4.1570, uncertainty_coeffi: 0.0100, loss: 0.1147, lr: 3.26e-07
     Epoch[11] Iteration[50/62], entropy: 0.2498, uncertainty: 4.1408, uncertainty_coeffi: 0.0100, loss: 0.1220, lr: 1.13e-05
     Epoch[11] Iteration[60/62], entropy: 0.4186, uncertainty: 3.4640, uncertainty_coeffi: 0.0100, loss: 0.1750, lr: 3.45e-05
     Averaged stats: entropy_avg: 0.3015, uncertainty_avg: 4.0993, uncertainty_coeffi_avg: 0.0100, loss_avg: 0.1251, lr_avg: 2.12e-05
     itm tta time 0:00:09
     Epoch[12] Iteration[10/62], entropy: 0.2368, uncertainty: 3.8362, uncertainty_coeffi: 0.0100, loss: 0.1114, lr: 6.81e-05
     Epoch[12] Iteration[20/62], entropy: 0.4102, uncertainty: 4.1559, uncertainty_coeffi: 0.0100, loss: 0.1544, lr: 9.05e-05
     Epoch[12] Iteration[30/62], entropy: 0.3149, uncertainty: 4.2866, uncertainty_coeffi: 0.0100, loss: 0.1305, lr: 9.99e-05
     Epoch[12] Iteration[40/62], entropy: 0.2671, uncertainty: 4.0517, uncertainty_coeffi: 0.0100, loss: 0.1055, lr: 9.35e-05
     Epoch[12] Iteration[50/62], entropy: 0.2805, uncertainty: 3.4296, uncertainty_coeffi: 0.0100, loss: 0.1240, lr: 7.33e-05
     Epoch[12] Iteration[60/62], entropy: 0.2994, uncertainty: 4.3625, uncertainty_coeffi: 0.0100, loss: 0.1224, lr: 4.57e-05
     Averaged stats: entropy_avg: 0.3015, uncertainty_avg: 4.0204, uncertainty_coeffi_avg: 0.0100, loss_avg: 0.1247, lr_avg: 7.85e-05
     itm tta time 0:00:09
     Epoch[13] Iteration[10/62], entropy: 0.2921, uncertainty: 3.6547, uncertainty_coeffi: 0.0100, loss: 0.1393, lr: 1.52e-05
     Epoch[13] Iteration[20/62], entropy: 0.2828, uncertainty: 4.3841, uncertainty_coeffi: 0.0100, loss: 0.1331, lr: 1.30e-06
     Epoch[13] Iteration[30/62], entropy: 0.3867, uncertainty: 3.4796, uncertainty_coeffi: 0.0100, loss: 0.1547, lr: 2.91e-06
     Epoch[13] Iteration[40/62], entropy: 0.3813, uncertainty: 5.0225, uncertainty_coeffi: 0.0100, loss: 0.1303, lr: 1.95e-05
     Epoch[13] Iteration[50/62], entropy: 0.3347, uncertainty: 4.4687, uncertainty_coeffi: 0.0100, loss: 0.1398, lr: 4.57e-05
     Epoch[13] Iteration[60/62], entropy: 0.1988, uncertainty: 4.1298, uncertainty_coeffi: 0.0100, loss: 0.1009, lr: 7.33e-05
     Averaged stats: entropy_avg: 0.3127, uncertainty_avg: 4.1899, uncertainty_coeffi_avg: 0.0100, loss_avg: 0.1330, lr_avg: 2.63e-05
     itm tta time 0:00:09
     Epoch[14] Iteration[10/62], entropy: 0.2839, uncertainty: 4.2031, uncertainty_coeffi: 0.0100, loss: 0.1146, lr: 9.61e-05
     Epoch[14] Iteration[20/62], entropy: 0.3652, uncertainty: 3.9536, uncertainty_coeffi: 0.0100, loss: 0.1560, lr: 9.93e-05
     Epoch[14] Iteration[30/62], entropy: 0.2874, uncertainty: 4.6902, uncertainty_coeffi: 0.0100, loss: 0.1065, lr: 8.68e-05
     Epoch[14] Iteration[40/62], entropy: 0.2923, uncertainty: 4.3171, uncertainty_coeffi: 0.0100, loss: 0.1172, lr: 6.27e-05
     Epoch[14] Iteration[50/62], entropy: 0.2841, uncertainty: 4.7064, uncertainty_coeffi: 0.0100, loss: 0.1220, lr: 3.45e-05
     Epoch[14] Iteration[60/62], entropy: 0.3217, uncertainty: 4.9379, uncertainty_coeffi: 0.0100, loss: 0.1121, lr: 1.13e-05
     Averaged stats: entropy_avg: 0.3058, uncertainty_avg: 4.4681, uncertainty_coeffi_avg: 0.0100, loss_avg: 0.1214, lr_avg: 6.51e-05
     itm tta time 0:00:08
### TTA Eval Score: 
+-------+--------+--------+--------+--------+--------+
| epoch |   R1   |   R5   |  R10   |  mAP   |  mINP  |
+-------+--------+--------+--------+--------+--------+
|  -999 | 59.550 | 80.100 | 87.100 | 44.128 | 20.533 |
|   0   | 59.700 | 80.050 | 87.050 | 44.232 | 20.645 |
|   1   | 59.900 | 80.100 | 87.100 | 44.374 | 20.761 |
|   2   | 60.050 | 80.300 | 87.100 | 44.488 | 20.848 |
|   4   | 60.300 | 80.400 | 87.550 | 44.682 | 20.938 |
|   9   | 60.800 | 80.850 | 88.050 | 45.100 | 21.288 |
|   14  | 60.850 | 81.250 | 88.200 | 45.300 | 21.488 |
+-------+--------+--------+--------+--------+--------+
     logs:  {'epo': 14, 'R1': np.float32(60.85), 'R5': np.float32(81.25), 'R10': np.float32(88.2), 'mAP': np.float32(45.3), 'mINP': np.float32(21.488), 'entropy': 0.3057578553756078, 'uncertainty': 4.468054294586182, 'uncertainty_coeffi': 0.009999999776482582, 'loss': 0.12138739973306656, 'lr': 6.511898630015337e-05}
     Epoch[15] Iteration[10/62], entropy: 0.2232, uncertainty: 4.4067, uncertainty_coeffi: 0.0100, loss: 0.0958, lr: 0.00e+00
     Epoch[15] Iteration[20/62], entropy: 0.3126, uncertainty: 3.8511, uncertainty_coeffi: 0.0100, loss: 0.1302, lr: 7.94e-06
     Epoch[15] Iteration[30/62], entropy: 0.5144, uncertainty: 4.5145, uncertainty_coeffi: 0.0100, loss: 0.1893, lr: 2.92e-05
     Epoch[15] Iteration[40/62], entropy: 0.2576, uncertainty: 3.4741, uncertainty_coeffi: 0.0100, loss: 0.1214, lr: 5.71e-05
     Epoch[15] Iteration[50/62], entropy: 0.3707, uncertainty: 4.6981, uncertainty_coeffi: 0.0100, loss: 0.1352, lr: 8.27e-05
     Epoch[15] Iteration[60/62], entropy: 0.3382, uncertainty: 3.7947, uncertainty_coeffi: 0.0100, loss: 0.1288, lr: 9.80e-05
     Averaged stats: entropy_avg: 0.3361, uncertainty_avg: 4.1232, uncertainty_coeffi_avg: 0.0100, loss_avg: 0.1335, lr_avg: 4.58e-05
     itm tta time 0:00:09
     Epoch[16] Iteration[10/62], entropy: 0.2115, uncertainty: 3.7042, uncertainty_coeffi: 0.0100, loss: 0.0803, lr: 9.61e-05
     Epoch[16] Iteration[20/62], entropy: 0.2709, uncertainty: 3.8136, uncertainty_coeffi: 0.0100, loss: 0.1129, lr: 7.82e-05
     Epoch[16] Iteration[30/62], entropy: 0.2778, uncertainty: 4.1989, uncertainty_coeffi: 0.0100, loss: 0.1180, lr: 5.14e-05
     Epoch[16] Iteration[40/62], entropy: 0.3544, uncertainty: 4.9108, uncertainty_coeffi: 0.0100, loss: 0.1416, lr: 2.42e-05
     Epoch[16] Iteration[50/62], entropy: 0.3665, uncertainty: 4.7390, uncertainty_coeffi: 0.0100, loss: 0.1382, lr: 5.13e-06
     Epoch[16] Iteration[60/62], entropy: 0.2803, uncertainty: 3.5929, uncertainty_coeffi: 0.0100, loss: 0.1137, lr: 3.26e-07
     Averaged stats: entropy_avg: 0.2936, uncertainty_avg: 4.1599, uncertainty_coeffi_avg: 0.0100, loss_avg: 0.1174, lr_avg: 4.26e-05
     itm tta time 0:00:09
     Epoch[17] Iteration[10/62], entropy: 0.2926, uncertainty: 3.4934, uncertainty_coeffi: 0.0100, loss: 0.1407, lr: 1.52e-05
     Epoch[17] Iteration[20/62], entropy: 0.3658, uncertainty: 4.2149, uncertainty_coeffi: 0.0100, loss: 0.1306, lr: 4.01e-05
     Epoch[17] Iteration[30/62], entropy: 0.2359, uncertainty: 3.9532, uncertainty_coeffi: 0.0100, loss: 0.1118, lr: 6.81e-05
     Epoch[17] Iteration[40/62], entropy: 0.2468, uncertainty: 4.4228, uncertainty_coeffi: 0.0100, loss: 0.1122, lr: 9.05e-05
     Epoch[17] Iteration[50/62], entropy: 0.3102, uncertainty: 3.8658, uncertainty_coeffi: 0.0100, loss: 0.1209, lr: 9.99e-05
     Epoch[17] Iteration[60/62], entropy: 0.4019, uncertainty: 4.3296, uncertainty_coeffi: 0.0100, loss: 0.1695, lr: 9.35e-05
     Averaged stats: entropy_avg: 0.3089, uncertainty_avg: 4.0467, uncertainty_coeffi_avg: 0.0100, loss_avg: 0.1309, lr_avg: 6.79e-05
     itm tta time 0:00:09
     Epoch[18] Iteration[10/62], entropy: 0.2272, uncertainty: 3.8640, uncertainty_coeffi: 0.0100, loss: 0.1103, lr: 6.81e-05
     Epoch[18] Iteration[20/62], entropy: 0.2573, uncertainty: 4.3500, uncertainty_coeffi: 0.0100, loss: 0.0935, lr: 4.01e-05
     Epoch[18] Iteration[30/62], entropy: 0.2696, uncertainty: 4.3887, uncertainty_coeffi: 0.0100, loss: 0.1260, lr: 1.52e-05
     Epoch[18] Iteration[40/62], entropy: 0.3831, uncertainty: 3.9186, uncertainty_coeffi: 0.0100, loss: 0.1592, lr: 1.30e-06
     Epoch[18] Iteration[50/62], entropy: 0.2981, uncertainty: 4.2623, uncertainty_coeffi: 0.0100, loss: 0.1140, lr: 2.91e-06
     Epoch[18] Iteration[60/62], entropy: 0.4118, uncertainty: 4.9198, uncertainty_coeffi: 0.0100, loss: 0.1449, lr: 1.95e-05
     Averaged stats: entropy_avg: 0.3079, uncertainty_avg: 4.2839, uncertainty_coeffi_avg: 0.0100, loss_avg: 0.1247, lr_avg: 2.45e-05
     itm tta time 0:00:09
     Epoch[19] Iteration[10/62], entropy: 0.3096, uncertainty: 4.7125, uncertainty_coeffi: 0.0100, loss: 0.1144, lr: 5.14e-05
     Epoch[19] Iteration[20/62], entropy: 0.3306, uncertainty: 4.4006, uncertainty_coeffi: 0.0100, loss: 0.1306, lr: 7.82e-05
     Epoch[19] Iteration[30/62], entropy: 0.3380, uncertainty: 4.1272, uncertainty_coeffi: 0.0100, loss: 0.1228, lr: 9.61e-05
     Epoch[19] Iteration[40/62], entropy: 0.3221, uncertainty: 4.2445, uncertainty_coeffi: 0.0100, loss: 0.1141, lr: 9.93e-05
     Epoch[19] Iteration[50/62], entropy: 0.2414, uncertainty: 4.3349, uncertainty_coeffi: 0.0100, loss: 0.1094, lr: 8.68e-05
     Epoch[19] Iteration[60/62], entropy: 0.2651, uncertainty: 4.6984, uncertainty_coeffi: 0.0100, loss: 0.1055, lr: 6.27e-05
     Averaged stats: entropy_avg: 0.3011, uncertainty_avg: 4.4197, uncertainty_coeffi_avg: 0.0100, loss_avg: 0.1161, lr_avg: 7.91e-05
     itm tta time 0:00:08
### TTA Eval Score: 
+-------+--------+--------+--------+--------+--------+
| epoch |   R1   |   R5   |  R10   |  mAP   |  mINP  |
+-------+--------+--------+--------+--------+--------+
|  -999 | 59.550 | 80.100 | 87.100 | 44.128 | 20.533 |
|   0   | 59.700 | 80.050 | 87.050 | 44.232 | 20.645 |
|   1   | 59.900 | 80.100 | 87.100 | 44.374 | 20.761 |
|   2   | 60.050 | 80.300 | 87.100 | 44.488 | 20.848 |
|   4   | 60.300 | 80.400 | 87.550 | 44.682 | 20.938 |
|   9   | 60.800 | 80.850 | 88.050 | 45.100 | 21.288 |
|   14  | 60.850 | 81.250 | 88.200 | 45.300 | 21.488 |
|   19  | 60.800 | 81.200 | 88.350 | 45.453 | 21.605 |
+-------+--------+--------+--------+--------+--------+
     logs:  {'epo': 19, 'R1': np.float32(60.8), 'R5': np.float32(81.2), 'R10': np.float32(88.35), 'mAP': np.float32(45.453), 'mINP': np.float32(21.605), 'entropy': 0.30113902936379117, 'uncertainty': 4.419687509536743, 'uncertainty_coeffi': 0.009999999776482582, 'loss': 0.11614120999972026, 'lr': 7.90869685891074e-05}
     Epoch[20] Iteration[10/62], entropy: 0.3264, uncertainty: 4.2034, uncertainty_coeffi: 0.0100, loss: 0.1312, lr: 2.92e-05
     Epoch[20] Iteration[20/62], entropy: 0.2325, uncertainty: 4.0599, uncertainty_coeffi: 0.0100, loss: 0.1412, lr: 7.94e-06
     Epoch[20] Iteration[30/62], entropy: 0.2527, uncertainty: 3.8160, uncertainty_coeffi: 0.0100, loss: 0.1104, lr: 0.00e+00
     Epoch[20] Iteration[40/62], entropy: 0.1937, uncertainty: 4.2442, uncertainty_coeffi: 0.0100, loss: 0.0851, lr: 7.94e-06
     Epoch[20] Iteration[50/62], entropy: 0.2650, uncertainty: 4.8229, uncertainty_coeffi: 0.0100, loss: 0.1138, lr: 2.92e-05
     Epoch[20] Iteration[60/62], entropy: 0.2751, uncertainty: 4.3801, uncertainty_coeffi: 0.0100, loss: 0.0972, lr: 5.71e-05
     Averaged stats: entropy_avg: 0.2576, uncertainty_avg: 4.2544, uncertainty_coeffi_avg: 0.0100, loss_avg: 0.1131, lr_avg: 2.19e-05
     itm tta time 0:00:08
     Epoch[21] Iteration[10/62], entropy: 0.2319, uncertainty: 3.6725, uncertainty_coeffi: 0.0100, loss: 0.1052, lr: 8.68e-05
     Epoch[21] Iteration[20/62], entropy: 0.3541, uncertainty: 4.7218, uncertainty_coeffi: 0.0100, loss: 0.1259, lr: 9.93e-05
     Epoch[21] Iteration[30/62], entropy: 0.4013, uncertainty: 4.3025, uncertainty_coeffi: 0.0100, loss: 0.1304, lr: 9.61e-05
     Epoch[21] Iteration[40/62], entropy: 0.1877, uncertainty: 4.1901, uncertainty_coeffi: 0.0100, loss: 0.0834, lr: 7.82e-05
     Epoch[21] Iteration[50/62], entropy: 0.3300, uncertainty: 3.7703, uncertainty_coeffi: 0.0100, loss: 0.1289, lr: 5.14e-05
     Epoch[21] Iteration[60/62], entropy: 0.3211, uncertainty: 3.9254, uncertainty_coeffi: 0.0100, loss: 0.1251, lr: 2.42e-05
     Averaged stats: entropy_avg: 0.3043, uncertainty_avg: 4.0971, uncertainty_coeffi_avg: 0.0100, loss_avg: 0.1165, lr_avg: 7.27e-05
     itm tta time 0:00:08
     Epoch[22] Iteration[10/62], entropy: 0.2374, uncertainty: 4.3784, uncertainty_coeffi: 0.0100, loss: 0.1182, lr: 2.91e-06
     Epoch[22] Iteration[20/62], entropy: 0.2813, uncertainty: 4.0480, uncertainty_coeffi: 0.0100, loss: 0.1248, lr: 1.30e-06
     Epoch[22] Iteration[30/62], entropy: 0.3088, uncertainty: 4.1807, uncertainty_coeffi: 0.0100, loss: 0.1189, lr: 1.52e-05
     Epoch[22] Iteration[40/62], entropy: 0.2758, uncertainty: 4.1044, uncertainty_coeffi: 0.0100, loss: 0.1104, lr: 4.01e-05
     Epoch[22] Iteration[50/62], entropy: 0.2008, uncertainty: 4.1559, uncertainty_coeffi: 0.0100, loss: 0.1179, lr: 6.81e-05
     Epoch[22] Iteration[60/62], entropy: 0.3417, uncertainty: 4.7757, uncertainty_coeffi: 0.0100, loss: 0.1227, lr: 9.05e-05
     Averaged stats: entropy_avg: 0.2743, uncertainty_avg: 4.2738, uncertainty_coeffi_avg: 0.0100, loss_avg: 0.1188, lr_avg: 3.63e-05
     itm tta time 0:00:09
     Epoch[23] Iteration[10/62], entropy: 0.2828, uncertainty: 4.5359, uncertainty_coeffi: 0.0100, loss: 0.1142, lr: 9.99e-05
     Epoch[23] Iteration[20/62], entropy: 0.3765, uncertainty: 3.8645, uncertainty_coeffi: 0.0100, loss: 0.1533, lr: 9.05e-05
     Epoch[23] Iteration[30/62], entropy: 0.2865, uncertainty: 4.9596, uncertainty_coeffi: 0.0100, loss: 0.1019, lr: 6.81e-05
     Epoch[23] Iteration[40/62], entropy: 0.3138, uncertainty: 4.3165, uncertainty_coeffi: 0.0100, loss: 0.1343, lr: 4.01e-05
     Epoch[23] Iteration[50/62], entropy: 0.2833, uncertainty: 4.2369, uncertainty_coeffi: 0.0100, loss: 0.1123, lr: 1.52e-05
     Epoch[23] Iteration[60/62], entropy: 0.3188, uncertainty: 4.2570, uncertainty_coeffi: 0.0100, loss: 0.1287, lr: 1.30e-06
     Averaged stats: entropy_avg: 0.3103, uncertainty_avg: 4.3617, uncertainty_coeffi_avg: 0.0100, loss_avg: 0.1241, lr_avg: 5.25e-05
     itm tta time 0:00:09
     Epoch[24] Iteration[10/62], entropy: 0.3020, uncertainty: 4.0326, uncertainty_coeffi: 0.0100, loss: 0.1360, lr: 5.13e-06
     Epoch[24] Iteration[20/62], entropy: 0.2994, uncertainty: 4.3173, uncertainty_coeffi: 0.0100, loss: 0.1281, lr: 2.42e-05
     Epoch[24] Iteration[30/62], entropy: 0.2817, uncertainty: 3.8385, uncertainty_coeffi: 0.0100, loss: 0.1263, lr: 5.14e-05
     Epoch[24] Iteration[40/62], entropy: 0.3062, uncertainty: 4.2359, uncertainty_coeffi: 0.0100, loss: 0.1279, lr: 7.82e-05
     Epoch[24] Iteration[50/62], entropy: 0.3783, uncertainty: 4.5659, uncertainty_coeffi: 0.0100, loss: 0.1242, lr: 9.61e-05
     Epoch[24] Iteration[60/62], entropy: 0.3298, uncertainty: 3.9772, uncertainty_coeffi: 0.0100, loss: 0.1373, lr: 9.93e-05
     Averaged stats: entropy_avg: 0.3162, uncertainty_avg: 4.1613, uncertainty_coeffi_avg: 0.0100, loss_avg: 0.1300, lr_avg: 5.90e-05
     itm tta time 0:00:08
     Epoch[25] Iteration[10/62], entropy: 0.2916, uncertainty: 4.4861, uncertainty_coeffi: 0.0100, loss: 0.1157, lr: 8.27e-05
     Epoch[25] Iteration[20/62], entropy: 0.2950, uncertainty: 4.0864, uncertainty_coeffi: 0.0100, loss: 0.1199, lr: 5.71e-05
     Epoch[25] Iteration[30/62], entropy: 0.2696, uncertainty: 4.4482, uncertainty_coeffi: 0.0100, loss: 0.1179, lr: 2.92e-05
     Epoch[25] Iteration[40/62], entropy: 0.2429, uncertainty: 4.1225, uncertainty_coeffi: 0.0100, loss: 0.1152, lr: 7.94e-06
     Epoch[25] Iteration[50/62], entropy: 0.2252, uncertainty: 4.5096, uncertainty_coeffi: 0.0100, loss: 0.0979, lr: 0.00e+00
     Epoch[25] Iteration[60/62], entropy: 0.2238, uncertainty: 4.0700, uncertainty_coeffi: 0.0100, loss: 0.1156, lr: 7.94e-06
     Averaged stats: entropy_avg: 0.2580, uncertainty_avg: 4.2872, uncertainty_coeffi_avg: 0.0100, loss_avg: 0.1137, lr_avg: 3.08e-05
     itm tta time 0:00:08
     Epoch[26] Iteration[10/62], entropy: 0.3076, uncertainty: 4.7003, uncertainty_coeffi: 0.0100, loss: 0.1070, lr: 3.45e-05
     Epoch[26] Iteration[20/62], entropy: 0.1746, uncertainty: 4.2117, uncertainty_coeffi: 0.0100, loss: 0.0881, lr: 6.27e-05
     Epoch[26] Iteration[30/62], entropy: 0.2907, uncertainty: 4.1012, uncertainty_coeffi: 0.0100, loss: 0.1232, lr: 8.68e-05
     Epoch[26] Iteration[40/62], entropy: 0.2486, uncertainty: 4.7463, uncertainty_coeffi: 0.0100, loss: 0.0941, lr: 9.93e-05
     Epoch[26] Iteration[50/62], entropy: 0.4197, uncertainty: 4.4282, uncertainty_coeffi: 0.0100, loss: 0.1624, lr: 9.61e-05
     Epoch[26] Iteration[60/62], entropy: 0.3513, uncertainty: 3.5568, uncertainty_coeffi: 0.0100, loss: 0.1379, lr: 7.82e-05
     Averaged stats: entropy_avg: 0.2988, uncertainty_avg: 4.2907, uncertainty_coeffi_avg: 0.0100, loss_avg: 0.1188, lr_avg: 7.63e-05
     itm tta time 0:00:09
     Epoch[27] Iteration[10/62], entropy: 0.2467, uncertainty: 4.3170, uncertainty_coeffi: 0.0100, loss: 0.1204, lr: 4.57e-05
     Epoch[27] Iteration[20/62], entropy: 0.3074, uncertainty: 4.1716, uncertainty_coeffi: 0.0100, loss: 0.1274, lr: 1.95e-05
     Epoch[27] Iteration[30/62], entropy: 0.2124, uncertainty: 4.3435, uncertainty_coeffi: 0.0100, loss: 0.0896, lr: 2.91e-06
     Epoch[27] Iteration[40/62], entropy: 0.1577, uncertainty: 4.5753, uncertainty_coeffi: 0.0100, loss: 0.0806, lr: 1.30e-06
     Epoch[27] Iteration[50/62], entropy: 0.2394, uncertainty: 3.1400, uncertainty_coeffi: 0.0100, loss: 0.1146, lr: 1.52e-05
     Epoch[27] Iteration[60/62], entropy: 0.2403, uncertainty: 3.9679, uncertainty_coeffi: 0.0100, loss: 0.1063, lr: 4.01e-05
     Averaged stats: entropy_avg: 0.2340, uncertainty_avg: 4.0859, uncertainty_coeffi_avg: 0.0100, loss_avg: 0.1065, lr_avg: 2.08e-05
     itm tta time 0:00:08
     Epoch[28] Iteration[10/62], entropy: 0.2618, uncertainty: 3.8393, uncertainty_coeffi: 0.0100, loss: 0.0965, lr: 7.33e-05
     Epoch[28] Iteration[20/62], entropy: 0.3317, uncertainty: 4.1402, uncertainty_coeffi: 0.0100, loss: 0.1321, lr: 9.35e-05
     Epoch[28] Iteration[30/62], entropy: 0.2699, uncertainty: 4.1760, uncertainty_coeffi: 0.0100, loss: 0.1230, lr: 9.99e-05
     Epoch[28] Iteration[40/62], entropy: 0.2637, uncertainty: 4.2192, uncertainty_coeffi: 0.0100, loss: 0.1014, lr: 9.05e-05
     Epoch[28] Iteration[50/62], entropy: 0.3185, uncertainty: 3.0757, uncertainty_coeffi: 0.0100, loss: 0.1562, lr: 6.81e-05
     Epoch[28] Iteration[60/62], entropy: 0.3613, uncertainty: 4.0897, uncertainty_coeffi: 0.0100, loss: 0.1785, lr: 4.01e-05
     Averaged stats: entropy_avg: 0.3011, uncertainty_avg: 3.9234, uncertainty_coeffi_avg: 0.0100, loss_avg: 0.1313, lr_avg: 7.76e-05
     itm tta time 0:00:09
     Epoch[29] Iteration[10/62], entropy: 0.2971, uncertainty: 3.7780, uncertainty_coeffi: 0.0100, loss: 0.1452, lr: 1.13e-05
     Epoch[29] Iteration[20/62], entropy: 0.2990, uncertainty: 4.7215, uncertainty_coeffi: 0.0100, loss: 0.1158, lr: 3.26e-07
     Epoch[29] Iteration[30/62], entropy: 0.1949, uncertainty: 4.1341, uncertainty_coeffi: 0.0100, loss: 0.0958, lr: 5.13e-06
     Epoch[29] Iteration[40/62], entropy: 0.2802, uncertainty: 4.4881, uncertainty_coeffi: 0.0100, loss: 0.1258, lr: 2.42e-05
     Epoch[29] Iteration[50/62], entropy: 0.2503, uncertainty: 4.6270, uncertainty_coeffi: 0.0100, loss: 0.0977, lr: 5.14e-05
     Epoch[29] Iteration[60/62], entropy: 0.3603, uncertainty: 4.1838, uncertainty_coeffi: 0.0100, loss: 0.1466, lr: 7.82e-05
     Averaged stats: entropy_avg: 0.2803, uncertainty_avg: 4.3221, uncertainty_coeffi_avg: 0.0100, loss_avg: 0.1211, lr_avg: 2.84e-05
     itm tta time 0:00:09
### TTA Eval Score: 
+-------+--------+--------+--------+--------+--------+
| epoch |   R1   |   R5   |  R10   |  mAP   |  mINP  |
+-------+--------+--------+--------+--------+--------+
|  -999 | 59.550 | 80.100 | 87.100 | 44.128 | 20.533 |
|   0   | 59.700 | 80.050 | 87.050 | 44.232 | 20.645 |
|   1   | 59.900 | 80.100 | 87.100 | 44.374 | 20.761 |
|   2   | 60.050 | 80.300 | 87.100 | 44.488 | 20.848 |
|   4   | 60.300 | 80.400 | 87.550 | 44.682 | 20.938 |
|   9   | 60.800 | 80.850 | 88.050 | 45.100 | 21.288 |
|   14  | 60.850 | 81.250 | 88.200 | 45.300 | 21.488 |
|   19  | 60.800 | 81.200 | 88.350 | 45.453 | 21.605 |
|   29  | 60.750 | 80.800 | 88.450 | 45.520 | 21.663 |
+-------+--------+--------+--------+--------+--------+
     logs:  {'epo': 29, 'R1': np.float32(60.75), 'R5': np.float32(80.8), 'R10': np.float32(88.45), 'mAP': np.float32(45.52), 'mINP': np.float32(21.663), 'entropy': 0.28028973937034607, 'uncertainty': 4.3220977783203125, 'uncertainty_coeffi': 0.009999999776482582, 'loss': 0.12113997091849645, 'lr': 2.842983361118753e-05}
     Epoch[30] Iteration[10/62], entropy: 0.2938, uncertainty: 4.1456, uncertainty_coeffi: 0.0100, loss: 0.1087, lr: 9.80e-05
     Epoch[30] Iteration[20/62], entropy: 0.2265, uncertainty: 3.5327, uncertainty_coeffi: 0.0100, loss: 0.1101, lr: 9.80e-05
     Epoch[30] Iteration[30/62], entropy: 0.2902, uncertainty: 4.0537, uncertainty_coeffi: 0.0100, loss: 0.1299, lr: 8.27e-05
     Epoch[30] Iteration[40/62], entropy: 0.3764, uncertainty: 4.6303, uncertainty_coeffi: 0.0100, loss: 0.1291, lr: 5.71e-05
     Epoch[30] Iteration[50/62], entropy: 0.2061, uncertainty: 3.8597, uncertainty_coeffi: 0.0100, loss: 0.0895, lr: 2.92e-05
     Epoch[30] Iteration[60/62], entropy: 0.2856, uncertainty: 3.8425, uncertainty_coeffi: 0.0100, loss: 0.1120, lr: 7.94e-06
     Averaged stats: entropy_avg: 0.2798, uncertainty_avg: 4.0108, uncertainty_coeffi_avg: 0.0100, loss_avg: 0.1132, lr_avg: 6.22e-05
     itm tta time 0:00:08
     Epoch[31] Iteration[10/62], entropy: 0.3611, uncertainty: 4.5895, uncertainty_coeffi: 0.0100, loss: 0.1161, lr: 3.26e-07
     Epoch[31] Iteration[20/62], entropy: 0.2563, uncertainty: 5.0512, uncertainty_coeffi: 0.0100, loss: 0.1043, lr: 1.13e-05
     Epoch[31] Iteration[30/62], entropy: 0.2813, uncertainty: 4.8988, uncertainty_coeffi: 0.0100, loss: 0.1177, lr: 3.45e-05
     Epoch[31] Iteration[40/62], entropy: 0.3123, uncertainty: 3.9262, uncertainty_coeffi: 0.0100, loss: 0.1394, lr: 6.27e-05
     Epoch[31] Iteration[50/62], entropy: 0.2237, uncertainty: 4.2311, uncertainty_coeffi: 0.0100, loss: 0.1031, lr: 8.68e-05
     Epoch[31] Iteration[60/62], entropy: 0.3025, uncertainty: 3.8400, uncertainty_coeffi: 0.0100, loss: 0.1515, lr: 9.93e-05
     Averaged stats: entropy_avg: 0.2895, uncertainty_avg: 4.4228, uncertainty_coeffi_avg: 0.0100, loss_avg: 0.1220, lr_avg: 4.92e-05
     itm tta time 0:00:09
     Epoch[32] Iteration[10/62], entropy: 0.2435, uncertainty: 3.7689, uncertainty_coeffi: 0.0100, loss: 0.1170, lr: 9.35e-05
     Epoch[32] Iteration[20/62], entropy: 0.2960, uncertainty: 4.3051, uncertainty_coeffi: 0.0100, loss: 0.1207, lr: 7.33e-05
     Epoch[32] Iteration[30/62], entropy: 0.2000, uncertainty: 4.1997, uncertainty_coeffi: 0.0100, loss: 0.1005, lr: 4.57e-05
     Epoch[32] Iteration[40/62], entropy: 0.3954, uncertainty: 4.8441, uncertainty_coeffi: 0.0100, loss: 0.1493, lr: 1.95e-05
     Epoch[32] Iteration[50/62], entropy: 0.2972, uncertainty: 3.9102, uncertainty_coeffi: 0.0100, loss: 0.1250, lr: 3.94e-06
     Epoch[32] Iteration[60/62], entropy: 0.3181, uncertainty: 4.2867, uncertainty_coeffi: 0.0100, loss: 0.1223, lr: 7.32e-07
     Averaged stats: entropy_avg: 0.2917, uncertainty_avg: 4.2191, uncertainty_coeffi_avg: 0.0100, loss_avg: 0.1225, lr_avg: 3.95e-05
     itm tta time 0:00:09
     Epoch[33] Iteration[10/62], entropy: 0.3623, uncertainty: 4.2600, uncertainty_coeffi: 0.0100, loss: 0.1497, lr: 1.73e-05
     Epoch[33] Iteration[20/62], entropy: 0.3226, uncertainty: 3.6023, uncertainty_coeffi: 0.0100, loss: 0.1304, lr: 4.29e-05
     Epoch[33] Iteration[30/62], entropy: 0.3020, uncertainty: 4.4871, uncertainty_coeffi: 0.0100, loss: 0.1056, lr: 7.08e-05
     Epoch[33] Iteration[40/62], entropy: 0.2816, uncertainty: 4.0957, uncertainty_coeffi: 0.0100, loss: 0.0992, lr: 9.21e-05
     Epoch[33] Iteration[50/62], entropy: 0.3346, uncertainty: 4.5780, uncertainty_coeffi: 0.0100, loss: 0.1337, lr: 1.00e-04
     Epoch[33] Iteration[60/62], entropy: 0.3798, uncertainty: 4.0811, uncertainty_coeffi: 0.0100, loss: 0.1530, lr: 9.21e-05
     Averaged stats: entropy_avg: 0.3305, uncertainty_avg: 4.1840, uncertainty_coeffi_avg: 0.0100, loss_avg: 0.1286, lr_avg: 6.92e-05
     itm tta time 0:00:09
     Epoch[34] Iteration[10/62], entropy: 0.2578, uncertainty: 3.9921, uncertainty_coeffi: 0.0100, loss: 0.1302, lr: 6.55e-05
     Epoch[34] Iteration[20/62], entropy: 0.3239, uncertainty: 3.7781, uncertainty_coeffi: 0.0100, loss: 0.1244, lr: 3.73e-05
     Epoch[34] Iteration[30/62], entropy: 0.3190, uncertainty: 4.0990, uncertainty_coeffi: 0.0100, loss: 0.1307, lr: 1.32e-05
     Epoch[34] Iteration[40/62], entropy: 0.2435, uncertainty: 3.7243, uncertainty_coeffi: 0.0100, loss: 0.1054, lr: 7.32e-07
     Epoch[34] Iteration[50/62], entropy: 0.1791, uncertainty: 3.0730, uncertainty_coeffi: 0.0100, loss: 0.0872, lr: 3.94e-06
     Epoch[34] Iteration[60/62], entropy: 0.3145, uncertainty: 3.9097, uncertainty_coeffi: 0.0100, loss: 0.1220, lr: 2.18e-05
     Averaged stats: entropy_avg: 0.2730, uncertainty_avg: 3.7627, uncertainty_coeffi_avg: 0.0100, loss_avg: 0.1167, lr_avg: 2.37e-05
     itm tta time 0:00:09
     Epoch[35] Iteration[10/62], entropy: 0.2492, uncertainty: 4.0153, uncertainty_coeffi: 0.0100, loss: 0.0982, lr: 5.43e-05
     Epoch[35] Iteration[20/62], entropy: 0.3603, uncertainty: 4.7175, uncertainty_coeffi: 0.0100, loss: 0.1290, lr: 8.05e-05
     Epoch[35] Iteration[30/62], entropy: 0.3045, uncertainty: 3.6799, uncertainty_coeffi: 0.0100, loss: 0.1378, lr: 9.71e-05
     Epoch[35] Iteration[40/62], entropy: 0.2717, uncertainty: 4.0143, uncertainty_coeffi: 0.0100, loss: 0.1402, lr: 9.87e-05
     Epoch[35] Iteration[50/62], entropy: 0.2911, uncertainty: 4.8262, uncertainty_coeffi: 0.0100, loss: 0.1106, lr: 8.48e-05
     Epoch[35] Iteration[60/62], entropy: 0.2396, uncertainty: 4.0373, uncertainty_coeffi: 0.0100, loss: 0.0986, lr: 5.99e-05
     Averaged stats: entropy_avg: 0.2861, uncertainty_avg: 4.2151, uncertainty_coeffi_avg: 0.0100, loss_avg: 0.1191, lr_avg: 7.92e-05
     itm tta time 0:00:09
     Epoch[36] Iteration[10/62], entropy: 0.2615, uncertainty: 3.3805, uncertainty_coeffi: 0.0100, loss: 0.1085, lr: 2.67e-05
     Epoch[36] Iteration[20/62], entropy: 0.2707, uncertainty: 3.9942, uncertainty_coeffi: 0.0100, loss: 0.1206, lr: 6.46e-06
     Epoch[36] Iteration[30/62], entropy: 0.3189, uncertainty: 4.9074, uncertainty_coeffi: 0.0100, loss: 0.1203, lr: 8.15e-08
     Epoch[36] Iteration[40/62], entropy: 0.2262, uncertainty: 3.6504, uncertainty_coeffi: 0.0100, loss: 0.0966, lr: 9.55e-06
     Epoch[36] Iteration[50/62], entropy: 0.2196, uncertainty: 4.4866, uncertainty_coeffi: 0.0100, loss: 0.0984, lr: 3.19e-05
     Epoch[36] Iteration[60/62], entropy: 0.3955, uncertainty: 4.0116, uncertainty_coeffi: 0.0100, loss: 0.1553, lr: 5.99e-05
     Averaged stats: entropy_avg: 0.2821, uncertainty_avg: 4.0718, uncertainty_coeffi_avg: 0.0100, loss_avg: 0.1166, lr_avg: 2.24e-05
     itm tta time 0:00:09
     Epoch[37] Iteration[10/62], entropy: 0.2481, uncertainty: 4.7450, uncertainty_coeffi: 0.0100, loss: 0.0978, lr: 8.87e-05
     Epoch[37] Iteration[20/62], entropy: 0.1828, uncertainty: 3.9543, uncertainty_coeffi: 0.0100, loss: 0.0978, lr: 9.97e-05
     Epoch[37] Iteration[30/62], entropy: 0.4404, uncertainty: 3.8952, uncertainty_coeffi: 0.0100, loss: 0.1530, lr: 9.49e-05
     Epoch[37] Iteration[40/62], entropy: 0.3719, uncertainty: 5.2166, uncertainty_coeffi: 0.0100, loss: 0.1278, lr: 7.58e-05
     Epoch[37] Iteration[50/62], entropy: 0.2550, uncertainty: 4.3379, uncertainty_coeffi: 0.0100, loss: 0.0956, lr: 4.86e-05
     Epoch[37] Iteration[60/62], entropy: 0.2535, uncertainty: 3.8533, uncertainty_coeffi: 0.0100, loss: 0.0930, lr: 2.18e-05
     Averaged stats: entropy_avg: 0.2920, uncertainty_avg: 4.3337, uncertainty_coeffi_avg: 0.0100, loss_avg: 0.1108, lr_avg: 7.16e-05
     itm tta time 0:00:09
     Epoch[38] Iteration[10/62], entropy: 0.1589, uncertainty: 4.1063, uncertainty_coeffi: 0.0100, loss: 0.0860, lr: 2.03e-06
     Epoch[38] Iteration[20/62], entropy: 0.3258, uncertainty: 3.7047, uncertainty_coeffi: 0.0100, loss: 0.1557, lr: 2.03e-06
     Epoch[38] Iteration[30/62], entropy: 0.2683, uncertainty: 4.1182, uncertainty_coeffi: 0.0100, loss: 0.1102, lr: 1.73e-05
     Epoch[38] Iteration[40/62], entropy: 0.3526, uncertainty: 4.5670, uncertainty_coeffi: 0.0100, loss: 0.1147, lr: 4.29e-05
     Epoch[38] Iteration[50/62], entropy: 0.2656, uncertainty: 3.8924, uncertainty_coeffi: 0.0100, loss: 0.1095, lr: 7.08e-05
     Epoch[38] Iteration[60/62], entropy: 0.2821, uncertainty: 4.0785, uncertainty_coeffi: 0.0100, loss: 0.1247, lr: 9.21e-05
     Averaged stats: entropy_avg: 0.2755, uncertainty_avg: 4.0779, uncertainty_coeffi_avg: 0.0100, loss_avg: 0.1168, lr_avg: 3.78e-05
     itm tta time 0:00:09
     Epoch[39] Iteration[10/62], entropy: 0.2473, uncertainty: 3.7503, uncertainty_coeffi: 0.0100, loss: 0.0968, lr: 9.97e-05
     Epoch[39] Iteration[20/62], entropy: 0.2921, uncertainty: 3.9912, uncertainty_coeffi: 0.0100, loss: 0.1215, lr: 8.87e-05
     Epoch[39] Iteration[30/62], entropy: 0.3072, uncertainty: 3.3149, uncertainty_coeffi: 0.0100, loss: 0.1350, lr: 6.55e-05
     Epoch[39] Iteration[40/62], entropy: 0.2696, uncertainty: 3.6513, uncertainty_coeffi: 0.0100, loss: 0.1096, lr: 3.73e-05
     Epoch[39] Iteration[50/62], entropy: 0.3049, uncertainty: 4.5007, uncertainty_coeffi: 0.0100, loss: 0.1318, lr: 1.32e-05
     Epoch[39] Iteration[60/62], entropy: 0.2696, uncertainty: 3.4756, uncertainty_coeffi: 0.0100, loss: 0.1104, lr: 7.32e-07
     Averaged stats: entropy_avg: 0.2818, uncertainty_avg: 3.7807, uncertainty_coeffi_avg: 0.0100, loss_avg: 0.1175, lr_avg: 5.08e-05
     itm tta time 0:00:08
### TTA Eval Score: 
+-------+--------+--------+--------+--------+--------+
| epoch |   R1   |   R5   |  R10   |  mAP   |  mINP  |
+-------+--------+--------+--------+--------+--------+
|  -999 | 59.550 | 80.100 | 87.100 | 44.128 | 20.533 |
|   0   | 59.700 | 80.050 | 87.050 | 44.232 | 20.645 |
|   1   | 59.900 | 80.100 | 87.100 | 44.374 | 20.761 |
|   2   | 60.050 | 80.300 | 87.100 | 44.488 | 20.848 |
|   4   | 60.300 | 80.400 | 87.550 | 44.682 | 20.938 |
|   9   | 60.800 | 80.850 | 88.050 | 45.100 | 21.288 |
|   14  | 60.850 | 81.250 | 88.200 | 45.300 | 21.488 |
|   19  | 60.800 | 81.200 | 88.350 | 45.453 | 21.605 |
|   29  | 60.750 | 80.800 | 88.450 | 45.520 | 21.663 |
|   39  | 60.850 | 81.050 | 88.700 | 45.590 | 21.834 |
+-------+--------+--------+--------+--------+--------+
     logs:  {'epo': 39, 'R1': np.float32(60.85), 'R5': np.float32(81.05), 'R10': np.float32(88.7), 'mAP': np.float32(45.59), 'mINP': np.float32(21.834), 'entropy': 0.2817982832590739, 'uncertainty': 3.780683755874634, 'uncertainty_coeffi': 0.009999999776482582, 'loss': 0.11751441781719525, 'lr': 5.083605860370859e-05}
     Epoch[40] Iteration[10/62], entropy: 0.1960, uncertainty: 3.6457, uncertainty_coeffi: 0.0100, loss: 0.0971, lr: 6.46e-06
     Epoch[40] Iteration[20/62], entropy: 0.3241, uncertainty: 4.1412, uncertainty_coeffi: 0.0100, loss: 0.1365, lr: 2.67e-05
     Epoch[40] Iteration[30/62], entropy: 0.2997, uncertainty: 3.9357, uncertainty_coeffi: 0.0100, loss: 0.1178, lr: 5.43e-05
     Epoch[40] Iteration[40/62], entropy: 0.3443, uncertainty: 4.0957, uncertainty_coeffi: 0.0100, loss: 0.1252, lr: 8.05e-05
     Epoch[40] Iteration[50/62], entropy: 0.3335, uncertainty: 4.5629, uncertainty_coeffi: 0.0100, loss: 0.1213, lr: 9.71e-05
     Epoch[40] Iteration[60/62], entropy: 0.2737, uncertainty: 4.8407, uncertainty_coeffi: 0.0100, loss: 0.1013, lr: 9.87e-05
     Averaged stats: entropy_avg: 0.2952, uncertainty_avg: 4.2036, uncertainty_coeffi_avg: 0.0100, loss_avg: 0.1166, lr_avg: 6.06e-05
     itm tta time 0:00:09
     Epoch[41] Iteration[10/62], entropy: 0.3434, uncertainty: 4.8405, uncertainty_coeffi: 0.0100, loss: 0.1230, lr: 8.05e-05
     Epoch[41] Iteration[20/62], entropy: 0.4080, uncertainty: 3.9017, uncertainty_coeffi: 0.0100, loss: 0.1832, lr: 5.43e-05
     Epoch[41] Iteration[30/62], entropy: 0.3887, uncertainty: 4.3334, uncertainty_coeffi: 0.0100, loss: 0.1426, lr: 2.67e-05
     Epoch[41] Iteration[40/62], entropy: 0.2402, uncertainty: 4.3435, uncertainty_coeffi: 0.0100, loss: 0.0994, lr: 6.46e-06
     Epoch[41] Iteration[50/62], entropy: 0.2556, uncertainty: 4.8335, uncertainty_coeffi: 0.0100, loss: 0.1309, lr: 8.15e-08
     Epoch[41] Iteration[60/62], entropy: 0.2718, uncertainty: 3.9949, uncertainty_coeffi: 0.0100, loss: 0.1196, lr: 9.55e-06
     Averaged stats: entropy_avg: 0.3179, uncertainty_avg: 4.3746, uncertainty_coeffi_avg: 0.0100, loss_avg: 0.1331, lr_avg: 2.96e-05
     itm tta time 0:00:08
     Epoch[42] Iteration[10/62], entropy: 0.1890, uncertainty: 4.2200, uncertainty_coeffi: 0.0100, loss: 0.1193, lr: 3.73e-05
     Epoch[42] Iteration[20/62], entropy: 0.2216, uncertainty: 3.3806, uncertainty_coeffi: 0.0100, loss: 0.1089, lr: 6.55e-05
     Epoch[42] Iteration[30/62], entropy: 0.2091, uncertainty: 4.2144, uncertainty_coeffi: 0.0100, loss: 0.1004, lr: 8.87e-05
     Epoch[42] Iteration[40/62], entropy: 0.3622, uncertainty: 4.1293, uncertainty_coeffi: 0.0100, loss: 0.1444, lr: 9.97e-05
     Epoch[42] Iteration[50/62], entropy: 0.2760, uncertainty: 4.3476, uncertainty_coeffi: 0.0100, loss: 0.0949, lr: 9.49e-05
     Epoch[42] Iteration[60/62], entropy: 0.3186, uncertainty: 4.3770, uncertainty_coeffi: 0.0100, loss: 0.1295, lr: 7.58e-05
     Averaged stats: entropy_avg: 0.2627, uncertainty_avg: 4.1115, uncertainty_coeffi_avg: 0.0100, loss_avg: 0.1162, lr_avg: 7.70e-05
     itm tta time 0:00:08
     Epoch[43] Iteration[10/62], entropy: 0.3086, uncertainty: 4.1851, uncertainty_coeffi: 0.0100, loss: 0.1202, lr: 4.29e-05
     Epoch[43] Iteration[20/62], entropy: 0.2150, uncertainty: 3.0208, uncertainty_coeffi: 0.0100, loss: 0.0970, lr: 1.73e-05
     Epoch[43] Iteration[30/62], entropy: 0.2487, uncertainty: 3.8566, uncertainty_coeffi: 0.0100, loss: 0.0908, lr: 2.03e-06
     Epoch[43] Iteration[40/62], entropy: 0.3850, uncertainty: 4.2044, uncertainty_coeffi: 0.0100, loss: 0.1291, lr: 2.03e-06
     Epoch[43] Iteration[50/62], entropy: 0.2642, uncertainty: 4.3796, uncertainty_coeffi: 0.0100, loss: 0.1140, lr: 1.73e-05
     Epoch[43] Iteration[60/62], entropy: 0.3140, uncertainty: 3.6859, uncertainty_coeffi: 0.0100, loss: 0.1263, lr: 4.29e-05
     Averaged stats: entropy_avg: 0.2892, uncertainty_avg: 3.8887, uncertainty_coeffi_avg: 0.0100, loss_avg: 0.1129, lr_avg: 2.07e-05
     itm tta time 0:00:08
     Epoch[44] Iteration[10/62], entropy: 0.3428, uncertainty: 3.6990, uncertainty_coeffi: 0.0100, loss: 0.1242, lr: 7.58e-05
     Epoch[44] Iteration[20/62], entropy: 0.2293, uncertainty: 4.1307, uncertainty_coeffi: 0.0100, loss: 0.0988, lr: 9.49e-05
     Epoch[44] Iteration[30/62], entropy: 0.3015, uncertainty: 3.5383, uncertainty_coeffi: 0.0100, loss: 0.1409, lr: 9.97e-05
     Epoch[44] Iteration[40/62], entropy: 0.3176, uncertainty: 4.2957, uncertainty_coeffi: 0.0100, loss: 0.1090, lr: 8.87e-05
     Epoch[44] Iteration[50/62], entropy: 0.2700, uncertainty: 4.6915, uncertainty_coeffi: 0.0100, loss: 0.1009, lr: 6.55e-05
     Epoch[44] Iteration[60/62], entropy: 0.2744, uncertainty: 3.9807, uncertainty_coeffi: 0.0100, loss: 0.1097, lr: 3.73e-05
     Averaged stats: entropy_avg: 0.2893, uncertainty_avg: 4.0560, uncertainty_coeffi_avg: 0.0100, loss_avg: 0.1139, lr_avg: 7.70e-05
     itm tta time 0:00:09
     Epoch[45] Iteration[10/62], entropy: 0.2563, uncertainty: 3.7828, uncertainty_coeffi: 0.0100, loss: 0.1139, lr: 9.55e-06
     Epoch[45] Iteration[20/62], entropy: 0.2694, uncertainty: 4.2439, uncertainty_coeffi: 0.0100, loss: 0.1080, lr: 8.15e-08
     Epoch[45] Iteration[30/62], entropy: 0.2874, uncertainty: 4.3173, uncertainty_coeffi: 0.0100, loss: 0.1181, lr: 6.46e-06
     Epoch[45] Iteration[40/62], entropy: 0.2912, uncertainty: 3.6727, uncertainty_coeffi: 0.0100, loss: 0.1219, lr: 2.67e-05
     Epoch[45] Iteration[50/62], entropy: 0.3287, uncertainty: 4.0009, uncertainty_coeffi: 0.0100, loss: 0.1496, lr: 5.43e-05
     Epoch[45] Iteration[60/62], entropy: 0.3862, uncertainty: 4.5201, uncertainty_coeffi: 0.0100, loss: 0.1375, lr: 8.05e-05
     Averaged stats: entropy_avg: 0.3032, uncertainty_avg: 4.0896, uncertainty_coeffi_avg: 0.0100, loss_avg: 0.1248, lr_avg: 2.96e-05
     itm tta time 0:00:09
     Epoch[46] Iteration[10/62], entropy: 0.2425, uncertainty: 3.9302, uncertainty_coeffi: 0.0100, loss: 0.1055, lr: 9.87e-05
     Epoch[46] Iteration[20/62], entropy: 0.2570, uncertainty: 3.9120, uncertainty_coeffi: 0.0100, loss: 0.1001, lr: 9.71e-05
     Epoch[46] Iteration[30/62], entropy: 0.3061, uncertainty: 4.7522, uncertainty_coeffi: 0.0100, loss: 0.1419, lr: 8.05e-05
     Epoch[46] Iteration[40/62], entropy: 0.3632, uncertainty: 4.4175, uncertainty_coeffi: 0.0100, loss: 0.1406, lr: 5.43e-05
     Epoch[46] Iteration[50/62], entropy: 0.3327, uncertainty: 4.3482, uncertainty_coeffi: 0.0100, loss: 0.1509, lr: 2.67e-05
     Epoch[46] Iteration[60/62], entropy: 0.3281, uncertainty: 3.9501, uncertainty_coeffi: 0.0100, loss: 0.1316, lr: 6.46e-06
     Averaged stats: entropy_avg: 0.3049, uncertainty_avg: 4.2184, uncertainty_coeffi_avg: 0.0100, loss_avg: 0.1284, lr_avg: 6.06e-05
     itm tta time 0:00:09
     Epoch[47] Iteration[10/62], entropy: 0.3303, uncertainty: 5.1678, uncertainty_coeffi: 0.0100, loss: 0.1170, lr: 7.32e-07
     Epoch[47] Iteration[20/62], entropy: 0.3147, uncertainty: 4.4196, uncertainty_coeffi: 0.0100, loss: 0.1255, lr: 1.32e-05
     Epoch[47] Iteration[30/62], entropy: 0.2792, uncertainty: 4.7260, uncertainty_coeffi: 0.0100, loss: 0.1137, lr: 3.73e-05
     Epoch[47] Iteration[40/62], entropy: 0.3049, uncertainty: 4.4391, uncertainty_coeffi: 0.0100, loss: 0.1119, lr: 6.55e-05
     Epoch[47] Iteration[50/62], entropy: 0.2805, uncertainty: 3.8680, uncertainty_coeffi: 0.0100, loss: 0.1027, lr: 8.87e-05
     Epoch[47] Iteration[60/62], entropy: 0.3109, uncertainty: 3.5977, uncertainty_coeffi: 0.0100, loss: 0.1153, lr: 9.97e-05
     Averaged stats: entropy_avg: 0.3034, uncertainty_avg: 4.3697, uncertainty_coeffi_avg: 0.0100, loss_avg: 0.1144, lr_avg: 5.08e-05
     itm tta time 0:00:09
     Epoch[48] Iteration[10/62], entropy: 0.3007, uncertainty: 3.9491, uncertainty_coeffi: 0.0100, loss: 0.1264, lr: 9.21e-05
     Epoch[48] Iteration[20/62], entropy: 0.3390, uncertainty: 4.1991, uncertainty_coeffi: 0.0100, loss: 0.1218, lr: 7.08e-05
     Epoch[48] Iteration[30/62], entropy: 0.2272, uncertainty: 3.2169, uncertainty_coeffi: 0.0100, loss: 0.0959, lr: 4.29e-05
     Epoch[48] Iteration[40/62], entropy: 0.2421, uncertainty: 4.2325, uncertainty_coeffi: 0.0100, loss: 0.1160, lr: 1.73e-05
     Epoch[48] Iteration[50/62], entropy: 0.3056, uncertainty: 5.0605, uncertainty_coeffi: 0.0100, loss: 0.1094, lr: 2.03e-06
     Epoch[48] Iteration[60/62], entropy: 0.3636, uncertainty: 4.4417, uncertainty_coeffi: 0.0100, loss: 0.1251, lr: 2.03e-06
     Averaged stats: entropy_avg: 0.2963, uncertainty_avg: 4.1833, uncertainty_coeffi_avg: 0.0100, loss_avg: 0.1158, lr_avg: 3.78e-05
     itm tta time 0:00:09
     Epoch[49] Iteration[10/62], entropy: 0.2389, uncertainty: 4.1876, uncertainty_coeffi: 0.0100, loss: 0.0994, lr: 2.18e-05
     Epoch[49] Iteration[20/62], entropy: 0.2982, uncertainty: 4.6055, uncertainty_coeffi: 0.0100, loss: 0.1203, lr: 4.86e-05
     Epoch[49] Iteration[30/62], entropy: 0.2902, uncertainty: 4.3090, uncertainty_coeffi: 0.0100, loss: 0.1082, lr: 7.58e-05
     Epoch[49] Iteration[40/62], entropy: 0.2247, uncertainty: 3.8127, uncertainty_coeffi: 0.0100, loss: 0.1157, lr: 9.49e-05
     Epoch[49] Iteration[50/62], entropy: 0.1978, uncertainty: 4.0698, uncertainty_coeffi: 0.0100, loss: 0.0976, lr: 9.97e-05
     Epoch[49] Iteration[60/62], entropy: 0.3219, uncertainty: 4.3259, uncertainty_coeffi: 0.0100, loss: 0.1168, lr: 8.87e-05
     Averaged stats: entropy_avg: 0.2620, uncertainty_avg: 4.2184, uncertainty_coeffi_avg: 0.0100, loss_avg: 0.1096, lr_avg: 7.16e-05
     itm tta time 0:00:09
### TTA Eval Score: 
+-------+--------+--------+--------+--------+--------+
| epoch |   R1   |   R5   |  R10   |  mAP   |  mINP  |
+-------+--------+--------+--------+--------+--------+
|  -999 | 59.550 | 80.100 | 87.100 | 44.128 | 20.533 |
|   0   | 59.700 | 80.050 | 87.050 | 44.232 | 20.645 |
|   1   | 59.900 | 80.100 | 87.100 | 44.374 | 20.761 |
|   2   | 60.050 | 80.300 | 87.100 | 44.488 | 20.848 |
|   4   | 60.300 | 80.400 | 87.550 | 44.682 | 20.938 |
|   9   | 60.800 | 80.850 | 88.050 | 45.100 | 21.288 |
|   14  | 60.850 | 81.250 | 88.200 | 45.300 | 21.488 |
|   19  | 60.800 | 81.200 | 88.350 | 45.453 | 21.605 |
|   29  | 60.750 | 80.800 | 88.450 | 45.520 | 21.663 |
|   39  | 60.850 | 81.050 | 88.700 | 45.590 | 21.834 |
|   49  | 60.950 | 81.400 | 88.550 | 45.633 | 21.878 |
+-------+--------+--------+--------+--------+--------+
     logs:  {'epo': 49, 'R1': np.float32(60.95), 'R5': np.float32(81.4), 'R10': np.float32(88.55), 'mAP': np.float32(45.633), 'mINP': np.float32(21.878), 'entropy': 0.2619607572754224, 'uncertainty': 4.218440135320027, 'uncertainty_coeffi': 0.009999999776482582, 'loss': 0.10963921248912811, 'lr': 7.157016638881224e-05}
     Epoch[50] Iteration[10/62], entropy: 0.2416, uncertainty: 3.9803, uncertainty_coeffi: 0.0100, loss: 0.1142, lr: 5.99e-05
     Epoch[50] Iteration[20/62], entropy: 0.2596, uncertainty: 3.8885, uncertainty_coeffi: 0.0100, loss: 0.1257, lr: 3.19e-05
     Epoch[50] Iteration[30/62], entropy: 0.1714, uncertainty: 4.1494, uncertainty_coeffi: 0.0100, loss: 0.0852, lr: 9.55e-06
     Epoch[50] Iteration[40/62], entropy: 0.2967, uncertainty: 4.1918, uncertainty_coeffi: 0.0100, loss: 0.1050, lr: 8.15e-08
     Epoch[50] Iteration[50/62], entropy: 0.2361, uncertainty: 4.1571, uncertainty_coeffi: 0.0100, loss: 0.0878, lr: 6.46e-06
     Epoch[50] Iteration[60/62], entropy: 0.2712, uncertainty: 4.0122, uncertainty_coeffi: 0.0100, loss: 0.1009, lr: 2.67e-05
     Averaged stats: entropy_avg: 0.2461, uncertainty_avg: 4.0632, uncertainty_coeffi_avg: 0.0100, loss_avg: 0.1031, lr_avg: 2.24e-05
     itm tta time 0:00:09
     Epoch[51] Iteration[10/62], entropy: 0.3064, uncertainty: 3.8660, uncertainty_coeffi: 0.0100, loss: 0.1687, lr: 5.99e-05
     Epoch[51] Iteration[20/62], entropy: 0.2782, uncertainty: 4.1652, uncertainty_coeffi: 0.0100, loss: 0.1096, lr: 8.48e-05
     Epoch[51] Iteration[30/62], entropy: 0.2559, uncertainty: 3.6735, uncertainty_coeffi: 0.0100, loss: 0.1012, lr: 9.87e-05
     Epoch[51] Iteration[40/62], entropy: 0.3414, uncertainty: 4.6675, uncertainty_coeffi: 0.0100, loss: 0.1080, lr: 9.71e-05
     Epoch[51] Iteration[50/62], entropy: 0.3645, uncertainty: 4.8602, uncertainty_coeffi: 0.0100, loss: 0.1256, lr: 8.05e-05
     Epoch[51] Iteration[60/62], entropy: 0.2805, uncertainty: 4.1323, uncertainty_coeffi: 0.0100, loss: 0.1065, lr: 5.43e-05
     Averaged stats: entropy_avg: 0.3045, uncertainty_avg: 4.2275, uncertainty_coeffi_avg: 0.0100, loss_avg: 0.1199, lr_avg: 7.92e-05
     itm tta time 0:00:09
     Epoch[52] Iteration[10/62], entropy: 0.1774, uncertainty: 3.4205, uncertainty_coeffi: 0.0100, loss: 0.1034, lr: 2.18e-05
     Epoch[52] Iteration[20/62], entropy: 0.1751, uncertainty: 3.8613, uncertainty_coeffi: 0.0100, loss: 0.0837, lr: 3.94e-06
     Epoch[52] Iteration[30/62], entropy: 0.1866, uncertainty: 4.2396, uncertainty_coeffi: 0.0100, loss: 0.0872, lr: 7.32e-07
     Epoch[52] Iteration[40/62], entropy: 0.3034, uncertainty: 4.6078, uncertainty_coeffi: 0.0100, loss: 0.1216, lr: 1.32e-05
     Epoch[52] Iteration[50/62], entropy: 0.1627, uncertainty: 4.1995, uncertainty_coeffi: 0.0100, loss: 0.0756, lr: 3.73e-05
     Epoch[52] Iteration[60/62], entropy: 0.2118, uncertainty: 3.7931, uncertainty_coeffi: 0.0100, loss: 0.0933, lr: 6.55e-05
     Averaged stats: entropy_avg: 0.2028, uncertainty_avg: 4.0203, uncertainty_coeffi_avg: 0.0100, loss_avg: 0.0941, lr_avg: 2.37e-05
     itm tta time 0:00:09
     Epoch[53] Iteration[10/62], entropy: 0.1950, uncertainty: 3.3658, uncertainty_coeffi: 0.0100, loss: 0.0906, lr: 9.21e-05
     Epoch[53] Iteration[20/62], entropy: 0.2483, uncertainty: 4.1492, uncertainty_coeffi: 0.0100, loss: 0.1012, lr: 1.00e-04
     Epoch[53] Iteration[30/62], entropy: 0.2211, uncertainty: 3.5549, uncertainty_coeffi: 0.0100, loss: 0.1025, lr: 9.21e-05
     Epoch[53] Iteration[40/62], entropy: 0.3369, uncertainty: 4.0601, uncertainty_coeffi: 0.0100, loss: 0.1582, lr: 7.08e-05
     Epoch[53] Iteration[50/62], entropy: 0.3136, uncertainty: 4.4826, uncertainty_coeffi: 0.0100, loss: 0.1194, lr: 4.29e-05
     Epoch[53] Iteration[60/62], entropy: 0.2837, uncertainty: 4.8189, uncertainty_coeffi: 0.0100, loss: 0.1082, lr: 1.73e-05
     Averaged stats: entropy_avg: 0.2664, uncertainty_avg: 4.0719, uncertainty_coeffi_avg: 0.0100, loss_avg: 0.1133, lr_avg: 6.92e-05
     itm tta time 0:00:09
     Epoch[54] Iteration[10/62], entropy: 0.3084, uncertainty: 3.7855, uncertainty_coeffi: 0.0100, loss: 0.1331, lr: 7.32e-07
     Epoch[54] Iteration[20/62], entropy: 0.2048, uncertainty: 3.8053, uncertainty_coeffi: 0.0100, loss: 0.0920, lr: 3.94e-06
     Epoch[54] Iteration[30/62], entropy: 0.2889, uncertainty: 3.8769, uncertainty_coeffi: 0.0100, loss: 0.1426, lr: 2.18e-05
     Epoch[54] Iteration[40/62], entropy: 0.2358, uncertainty: 4.6222, uncertainty_coeffi: 0.0100, loss: 0.1076, lr: 4.86e-05
     Epoch[54] Iteration[50/62], entropy: 0.2306, uncertainty: 4.4414, uncertainty_coeffi: 0.0100, loss: 0.0903, lr: 7.58e-05
     Epoch[54] Iteration[60/62], entropy: 0.2122, uncertainty: 4.2395, uncertainty_coeffi: 0.0100, loss: 0.1143, lr: 9.49e-05
     Averaged stats: entropy_avg: 0.2468, uncertainty_avg: 4.1285, uncertainty_coeffi_avg: 0.0100, loss_avg: 0.1133, lr_avg: 4.10e-05
     itm tta time 0:00:09
     Epoch[55] Iteration[10/62], entropy: 0.2593, uncertainty: 3.5526, uncertainty_coeffi: 0.0100, loss: 0.1233, lr: 9.87e-05
     Epoch[55] Iteration[20/62], entropy: 0.2939, uncertainty: 4.5572, uncertainty_coeffi: 0.0100, loss: 0.1226, lr: 8.48e-05
     Epoch[55] Iteration[30/62], entropy: 0.2924, uncertainty: 4.6310, uncertainty_coeffi: 0.0100, loss: 0.1129, lr: 5.99e-05
     Epoch[55] Iteration[40/62], entropy: 0.3602, uncertainty: 4.3765, uncertainty_coeffi: 0.0100, loss: 0.1415, lr: 3.19e-05
     Epoch[55] Iteration[50/62], entropy: 0.3312, uncertainty: 4.4416, uncertainty_coeffi: 0.0100, loss: 0.1281, lr: 9.55e-06
     Epoch[55] Iteration[60/62], entropy: 0.2554, uncertainty: 3.7682, uncertainty_coeffi: 0.0100, loss: 0.1055, lr: 8.15e-08
     Averaged stats: entropy_avg: 0.2987, uncertainty_avg: 4.2212, uncertainty_coeffi_avg: 0.0100, loss_avg: 0.1223, lr_avg: 4.75e-05
     itm tta time 0:00:08
     Epoch[56] Iteration[10/62], entropy: 0.2324, uncertainty: 4.3984, uncertainty_coeffi: 0.0100, loss: 0.0957, lr: 9.55e-06
     Epoch[56] Iteration[20/62], entropy: 0.2091, uncertainty: 3.7346, uncertainty_coeffi: 0.0100, loss: 0.0968, lr: 3.19e-05
     Epoch[56] Iteration[30/62], entropy: 0.1629, uncertainty: 3.9291, uncertainty_coeffi: 0.0100, loss: 0.0917, lr: 5.99e-05
     Epoch[56] Iteration[40/62], entropy: 0.1816, uncertainty: 3.8843, uncertainty_coeffi: 0.0100, loss: 0.0945, lr: 8.48e-05
     Epoch[56] Iteration[50/62], entropy: 0.2217, uncertainty: 4.2979, uncertainty_coeffi: 0.0100, loss: 0.0993, lr: 9.87e-05
     Epoch[56] Iteration[60/62], entropy: 0.2706, uncertainty: 3.6111, uncertainty_coeffi: 0.0100, loss: 0.1143, lr: 9.71e-05
     Averaged stats: entropy_avg: 0.2131, uncertainty_avg: 3.9759, uncertainty_coeffi_avg: 0.0100, loss_avg: 0.0987, lr_avg: 6.37e-05
     itm tta time 0:00:08
     Epoch[57] Iteration[10/62], entropy: 0.2808, uncertainty: 4.3490, uncertainty_coeffi: 0.0100, loss: 0.1289, lr: 7.58e-05
     Epoch[57] Iteration[20/62], entropy: 0.3068, uncertainty: 4.2474, uncertainty_coeffi: 0.0100, loss: 0.1251, lr: 4.86e-05
     Epoch[57] Iteration[30/62], entropy: 0.3194, uncertainty: 4.2146, uncertainty_coeffi: 0.0100, loss: 0.1165, lr: 2.18e-05
     Epoch[57] Iteration[40/62], entropy: 0.2484, uncertainty: 4.6164, uncertainty_coeffi: 0.0100, loss: 0.1012, lr: 3.94e-06
     Epoch[57] Iteration[50/62], entropy: 0.3382, uncertainty: 4.5319, uncertainty_coeffi: 0.0100, loss: 0.1266, lr: 7.32e-07
     Epoch[57] Iteration[60/62], entropy: 0.2321, uncertainty: 4.2562, uncertainty_coeffi: 0.0100, loss: 0.0962, lr: 1.32e-05
     Averaged stats: entropy_avg: 0.2876, uncertainty_avg: 4.3692, uncertainty_coeffi_avg: 0.0100, loss_avg: 0.1157, lr_avg: 2.73e-05
     itm tta time 0:00:09
     Epoch[58] Iteration[10/62], entropy: 0.3028, uncertainty: 4.0377, uncertainty_coeffi: 0.0100, loss: 0.1325, lr: 4.29e-05
     Epoch[58] Iteration[20/62], entropy: 0.2328, uncertainty: 4.2412, uncertainty_coeffi: 0.0100, loss: 0.1062, lr: 7.08e-05
     Epoch[58] Iteration[30/62], entropy: 0.2372, uncertainty: 4.4819, uncertainty_coeffi: 0.0100, loss: 0.1043, lr: 9.21e-05
     Epoch[58] Iteration[40/62], entropy: 0.2187, uncertainty: 4.1043, uncertainty_coeffi: 0.0100, loss: 0.1027, lr: 1.00e-04
     Epoch[58] Iteration[50/62], entropy: 0.3152, uncertainty: 4.5995, uncertainty_coeffi: 0.0100, loss: 0.1161, lr: 9.21e-05
     Epoch[58] Iteration[60/62], entropy: 0.3672, uncertainty: 4.3226, uncertainty_coeffi: 0.0100, loss: 0.1239, lr: 7.08e-05
     Averaged stats: entropy_avg: 0.2790, uncertainty_avg: 4.2979, uncertainty_coeffi_avg: 0.0100, loss_avg: 0.1143, lr_avg: 7.81e-05
     itm tta time 0:00:08
     Epoch[59] Iteration[10/62], entropy: 0.3080, uncertainty: 4.1686, uncertainty_coeffi: 0.0100, loss: 0.1183, lr: 3.73e-05
     Epoch[59] Iteration[20/62], entropy: 0.2355, uncertainty: 3.9175, uncertainty_coeffi: 0.0100, loss: 0.1007, lr: 1.32e-05
     Epoch[59] Iteration[30/62], entropy: 0.2535, uncertainty: 3.4895, uncertainty_coeffi: 0.0100, loss: 0.1275, lr: 7.32e-07
     Epoch[59] Iteration[40/62], entropy: 0.4383, uncertainty: 4.5639, uncertainty_coeffi: 0.0100, loss: 0.1490, lr: 3.94e-06
     Epoch[59] Iteration[50/62], entropy: 0.2616, uncertainty: 3.3841, uncertainty_coeffi: 0.0100, loss: 0.1115, lr: 2.18e-05
     Epoch[59] Iteration[60/62], entropy: 0.2426, uncertainty: 3.8855, uncertainty_coeffi: 0.0100, loss: 0.0951, lr: 4.86e-05
     Averaged stats: entropy_avg: 0.2899, uncertainty_avg: 3.9015, uncertainty_coeffi_avg: 0.0100, loss_avg: 0.1170, lr_avg: 2.09e-05
     itm tta time 0:00:08
### TTA Eval Score: 
+-------+--------+--------+--------+--------+--------+
| epoch |   R1   |   R5   |  R10   |  mAP   |  mINP  |
+-------+--------+--------+--------+--------+--------+
|  -999 | 59.550 | 80.100 | 87.100 | 44.128 | 20.533 |
|   0   | 59.700 | 80.050 | 87.050 | 44.232 | 20.645 |
|   1   | 59.900 | 80.100 | 87.100 | 44.374 | 20.761 |
|   2   | 60.050 | 80.300 | 87.100 | 44.488 | 20.848 |
|   4   | 60.300 | 80.400 | 87.550 | 44.682 | 20.938 |
|   9   | 60.800 | 80.850 | 88.050 | 45.100 | 21.288 |
|   14  | 60.850 | 81.250 | 88.200 | 45.300 | 21.488 |
|   19  | 60.800 | 81.200 | 88.350 | 45.453 | 21.605 |
|   29  | 60.750 | 80.800 | 88.450 | 45.520 | 21.663 |
|   39  | 60.850 | 81.050 | 88.700 | 45.590 | 21.834 |
|   49  | 60.950 | 81.400 | 88.550 | 45.633 | 21.878 |
|   59  | 61.100 | 81.400 | 88.600 | 45.709 | 21.963 |
+-------+--------+--------+--------+--------+--------+
     logs:  {'epo': 59, 'R1': np.float32(61.1), 'R5': np.float32(81.4), 'R10': np.float32(88.6), 'mAP': np.float32(45.709), 'mINP': np.float32(21.963), 'entropy': 0.28989898413419724, 'uncertainty': 3.9015039205551147, 'uncertainty_coeffi': 0.009999999776482582, 'loss': 0.11701675628622372, 'lr': 2.0913031410892382e-05}
### best epoch 59 : {'epo': '59', 'R1': '61.1', 'R5': '81.4', 'R10': '88.6', 'mAP': '45.709', 'mINP': '21.963', 'entropy': '0.28989898413419724', 'uncertainty': '3.9015039205551147', 'uncertainty_coeffi': '0.009999999776482582', 'loss': '0.11701675628622372', 'lr': '2.0913031410892382e-05'}
### Time 0:09:50
