Not using distributed mode
### Hyper-parameters:
     output_dir: output_rerun2/ham_rstp_tta/exp2/exp2.4.4/2025091500180
     seed: 42
     device: cuda
     batch_size_tta: 32
     epochs: 60
     lr: 0.001
### Creating test dataset
     test_txt_set: 2000    test_img_set: 1000
     test_txt_loader: 4    test_img_loader: 2
### Creating model
Training Model with ['sdm', 'id', 'mlm'] tasks
Resized position embedding from size:torch.Size([1, 197, 768]) to size: torch.Size([1, 193, 768]) with height:24 width: 8
     Total Params Sum:  190789493
### Zero-Shot Score: 
/home/jiahao/task/IRRA/tta.py:281: FutureWarning: `torch.cuda.amp.GradScaler(args...)` is deprecated. Please use `torch.amp.GradScaler('cuda', args...)` instead.
  scaler = GradScaler()  # bf16
+-------+--------+--------+--------+--------+--------+
| epoch |   R1   |   R5   |  R10   |  mAP   |  mINP  |
+-------+--------+--------+--------+--------+--------+
|  -999 | 59.500 | 80.050 | 87.050 | 44.116 | 20.549 |
+-------+--------+--------+--------+--------+--------+
### TTA:
### Compute Cos Similarity Uncertainty
     preprocess_tta_coefficients  start
     sample selection ...
     number of sample after sample_selection: 2000
     uncertainty ...
     pos/neg sampling ...
      number of sample after pos/neg sampling: torch.Size([2000, 4])
     preprocess_tta_coefficients  end
### Creating TTA dataset
     tta_dataset: 2000
### Creating tta dataloader
### be careful: func create_loader returns a list length of 1
     tta_loader: 62
### Configure adapted weights
     TTA Dropout Modules: 
 []
     TTA Require Gradient Params: 
 [('base_model.transformer.resblocks.1.ln_1.weight', torch.Size([512])), ('base_model.transformer.resblocks.1.ln_1.bias', torch.Size([512])), ('base_model.transformer.resblocks.1.ln_2.weight', torch.Size([512])), ('base_model.transformer.resblocks.1.ln_2.bias', torch.Size([512])), ('base_model.transformer.resblocks.2.ln_1.weight', torch.Size([512])), ('base_model.transformer.resblocks.2.ln_1.bias', torch.Size([512])), ('base_model.transformer.resblocks.2.ln_2.weight', torch.Size([512])), ('base_model.transformer.resblocks.2.ln_2.bias', torch.Size([512])), ('base_model.transformer.resblocks.3.ln_1.weight', torch.Size([512])), ('base_model.transformer.resblocks.3.ln_1.bias', torch.Size([512])), ('base_model.transformer.resblocks.3.ln_2.weight', torch.Size([512])), ('base_model.transformer.resblocks.3.ln_2.bias', torch.Size([512])), ('base_model.transformer.resblocks.4.ln_1.weight', torch.Size([512])), ('base_model.transformer.resblocks.4.ln_1.bias', torch.Size([512])), ('base_model.transformer.resblocks.4.ln_2.weight', torch.Size([512])), ('base_model.transformer.resblocks.4.ln_2.bias', torch.Size([512])), ('base_model.transformer.resblocks.5.ln_1.weight', torch.Size([512])), ('base_model.transformer.resblocks.5.ln_1.bias', torch.Size([512])), ('base_model.transformer.resblocks.5.ln_2.weight', torch.Size([512])), ('base_model.transformer.resblocks.5.ln_2.bias', torch.Size([512])), ('base_model.transformer.resblocks.7.ln_1.weight', torch.Size([512])), ('base_model.transformer.resblocks.7.ln_1.bias', torch.Size([512])), ('base_model.transformer.resblocks.7.ln_2.weight', torch.Size([512])), ('base_model.transformer.resblocks.7.ln_2.bias', torch.Size([512])), ('base_model.transformer.resblocks.8.ln_1.weight', torch.Size([512])), ('base_model.transformer.resblocks.8.ln_1.bias', torch.Size([512])), ('base_model.transformer.resblocks.8.ln_2.weight', torch.Size([512])), ('base_model.transformer.resblocks.8.ln_2.bias', torch.Size([512])), ('base_model.transformer.resblocks.9.ln_1.weight', torch.Size([512])), ('base_model.transformer.resblocks.9.ln_1.bias', torch.Size([512])), ('base_model.transformer.resblocks.9.ln_2.weight', torch.Size([512])), ('base_model.transformer.resblocks.9.ln_2.bias', torch.Size([512])), ('base_model.transformer.resblocks.10.ln_1.weight', torch.Size([512])), ('base_model.transformer.resblocks.10.ln_1.bias', torch.Size([512])), ('base_model.transformer.resblocks.10.ln_2.weight', torch.Size([512])), ('base_model.transformer.resblocks.10.ln_2.bias', torch.Size([512])), ('base_model.transformer.resblocks.11.ln_1.weight', torch.Size([512])), ('base_model.transformer.resblocks.11.ln_1.bias', torch.Size([512])), ('base_model.transformer.resblocks.11.ln_2.weight', torch.Size([512])), ('base_model.transformer.resblocks.11.ln_2.bias', torch.Size([512])), ('base_model.ln_final.weight', torch.Size([512])), ('base_model.ln_final.bias', torch.Size([512]))]
     TTA Dropout Modules Number: 
 0
     TTA Require Gradient Params Sum: 
 21504
Using 5.0 times learning rate for random init module 
### Start Test Time Adaptation : num_epoch = 60
/home/jiahao/task/IRRA/tta.py:67: FutureWarning: `torch.cuda.amp.autocast(args...)` is deprecated. Please use `torch.amp.autocast('cuda', args...)` instead.
  with torch.cuda.amp.autocast(enabled=True):
     Epoch[0] Iteration[10/62], entropy: 0.2955, uncertainty: 2.1274, uncertainty_coeffi: 0.0010, loss: 0.2143, lr: 9.99e-04
     Epoch[0] Iteration[20/62], entropy: 0.4281, uncertainty: 1.8042, uncertainty_coeffi: 0.0010, loss: 1.2455, lr: 9.21e-04
     Epoch[0] Iteration[30/62], entropy: 0.3321, uncertainty: 2.1573, uncertainty_coeffi: 0.0010, loss: 0.3445, lr: 7.08e-04
     Epoch[0] Iteration[40/62], entropy: 0.3403, uncertainty: 2.3236, uncertainty_coeffi: 0.0010, loss: 0.2472, lr: 4.29e-04
     Epoch[0] Iteration[50/62], entropy: 0.2910, uncertainty: 2.0680, uncertainty_coeffi: 0.0010, loss: 0.4270, lr: 1.73e-04
     Epoch[0] Iteration[60/62], entropy: 0.3937, uncertainty: 1.7887, uncertainty_coeffi: 0.0010, loss: 0.5599, lr: 2.91e-05
     Averaged stats: entropy_avg: 0.3468, uncertainty_avg: 2.0449, uncertainty_coeffi_avg: 0.0010, loss_avg: 0.5064, lr_avg: 5.43e-04
     itm tta time 0:00:19
### TTA Eval Score: 
+-------+--------+--------+--------+--------+--------+
| epoch |   R1   |   R5   |  R10   |  mAP   |  mINP  |
+-------+--------+--------+--------+--------+--------+
|  -999 | 59.500 | 80.050 | 87.050 | 44.116 | 20.549 |
|   0   | 60.200 | 80.550 | 87.300 | 45.073 | 21.362 |
+-------+--------+--------+--------+--------+--------+
     logs:  {'epo': 0, 'R1': np.float32(60.2), 'R5': np.float32(80.55), 'R10': np.float32(87.3), 'mAP': np.float32(45.073), 'mINP': np.float32(21.362), 'entropy': 0.3467771460612615, 'uncertainty': 2.0448819994926453, 'uncertainty_coeffi': 0.0010000000474974513, 'loss': 0.5063955237468084, 'lr': 0.0005430014761584257}
     Epoch[1] Iteration[10/62], entropy: 0.3228, uncertainty: 2.1998, uncertainty_coeffi: 0.0010, loss: 0.6873, lr: 2.91e-05
     Epoch[1] Iteration[20/62], entropy: 0.3215, uncertainty: 2.1981, uncertainty_coeffi: 0.0010, loss: 0.1488, lr: 1.95e-04
     Epoch[1] Iteration[30/62], entropy: 0.2664, uncertainty: 2.4557, uncertainty_coeffi: 0.0010, loss: 0.1964, lr: 4.57e-04
     Epoch[1] Iteration[40/62], entropy: 0.1870, uncertainty: 2.2236, uncertainty_coeffi: 0.0010, loss: 0.0844, lr: 7.08e-04
     Epoch[1] Iteration[50/62], entropy: 0.3280, uncertainty: 2.0757, uncertainty_coeffi: 0.0010, loss: 0.2223, lr: 9.21e-04
     Epoch[1] Iteration[60/62], entropy: 0.4526, uncertainty: 2.1857, uncertainty_coeffi: 0.0010, loss: 0.4704, lr: 9.99e-04
     Averaged stats: entropy_avg: 0.3130, uncertainty_avg: 2.2231, uncertainty_coeffi_avg: 0.0010, loss_avg: 0.3016, lr_avg: 5.51e-04
     itm tta time 0:00:21
### TTA Eval Score: 
+-------+--------+--------+--------+--------+--------+
| epoch |   R1   |   R5   |  R10   |  mAP   |  mINP  |
+-------+--------+--------+--------+--------+--------+
|  -999 | 59.500 | 80.050 | 87.050 | 44.116 | 20.549 |
|   0   | 60.200 | 80.550 | 87.300 | 45.073 | 21.362 |
|   1   | 59.200 | 80.550 | 87.250 | 44.593 | 21.456 |
+-------+--------+--------+--------+--------+--------+
     logs:  {'epo': 1, 'R1': np.float32(59.2), 'R5': np.float32(80.55), 'R10': np.float32(87.25), 'mAP': np.float32(44.593), 'mINP': np.float32(21.456), 'entropy': 0.3130342761675517, 'uncertainty': 2.2230916817982993, 'uncertainty_coeffi': 0.0010000000474974513, 'loss': 0.30160680164893466, 'lr': 0.0005514141998337834}
     Epoch[2] Iteration[10/62], entropy: 0.3185, uncertainty: 2.6435, uncertainty_coeffi: 0.0010, loss: 0.1704, lr: 9.05e-04
     Epoch[2] Iteration[20/62], entropy: 0.4181, uncertainty: 2.1123, uncertainty_coeffi: 0.0010, loss: 0.2567, lr: 6.81e-04
     Epoch[2] Iteration[30/62], entropy: 0.2538, uncertainty: 2.4473, uncertainty_coeffi: 0.0010, loss: 0.1362, lr: 4.01e-04
     Epoch[2] Iteration[40/62], entropy: 0.3443, uncertainty: 2.1624, uncertainty_coeffi: 0.0010, loss: 0.4270, lr: 1.52e-04
     Epoch[2] Iteration[50/62], entropy: 0.3248, uncertainty: 2.1251, uncertainty_coeffi: 0.0010, loss: 4.0656, lr: 2.03e-05
     Epoch[2] Iteration[60/62], entropy: 0.2866, uncertainty: 2.0681, uncertainty_coeffi: 0.0010, loss: 0.3285, lr: 2.03e-05
     Averaged stats: entropy_avg: 0.3244, uncertainty_avg: 2.2598, uncertainty_coeffi_avg: 0.0010, loss_avg: 0.8974, lr_avg: 3.63e-04
     itm tta time 0:00:20
### TTA Eval Score: 
+-------+--------+--------+--------+--------+--------+
| epoch |   R1   |   R5   |  R10   |  mAP   |  mINP  |
+-------+--------+--------+--------+--------+--------+
|  -999 | 59.500 | 80.050 | 87.050 | 44.116 | 20.549 |
|   0   | 60.200 | 80.550 | 87.300 | 45.073 | 21.362 |
|   1   | 59.200 | 80.550 | 87.250 | 44.593 | 21.456 |
|   2   | 60.000 | 80.950 | 87.350 | 44.925 | 21.597 |
+-------+--------+--------+--------+--------+--------+
     logs:  {'epo': 2, 'R1': np.float32(60.0), 'R5': np.float32(80.95), 'R10': np.float32(87.35), 'mAP': np.float32(44.925), 'mINP': np.float32(21.597), 'entropy': 0.32436612248420715, 'uncertainty': 2.259779453277588, 'uncertainty_coeffi': 0.0010000000474974513, 'loss': 0.8974290043115616, 'lr': 0.00036310922643296295}
     Epoch[3] Iteration[10/62], entropy: 0.3323, uncertainty: 1.8889, uncertainty_coeffi: 0.0010, loss: 0.2112, lr: 2.18e-04
     Epoch[3] Iteration[20/62], entropy: 0.3401, uncertainty: 2.3008, uncertainty_coeffi: 0.0010, loss: 0.1601, lr: 4.86e-04
     Epoch[3] Iteration[30/62], entropy: 0.2846, uncertainty: 2.2139, uncertainty_coeffi: 0.0010, loss: 0.1342, lr: 7.58e-04
     Epoch[3] Iteration[40/62], entropy: 0.2552, uncertainty: 1.8321, uncertainty_coeffi: 0.0010, loss: 0.1411, lr: 9.49e-04
     Epoch[3] Iteration[50/62], entropy: 0.4475, uncertainty: 2.5713, uncertainty_coeffi: 0.0010, loss: 0.3874, lr: 9.97e-04
     Epoch[3] Iteration[60/62], entropy: 0.4081, uncertainty: 1.9550, uncertainty_coeffi: 0.0010, loss: 0.2199, lr: 8.87e-04
     Averaged stats: entropy_avg: 0.3446, uncertainty_avg: 2.1270, uncertainty_coeffi_avg: 0.0010, loss_avg: 0.2090, lr_avg: 7.16e-04
     itm tta time 0:00:21
     Epoch[4] Iteration[10/62], entropy: 0.3498, uncertainty: 2.3572, uncertainty_coeffi: 0.0010, loss: 0.1685, lr: 5.99e-04
     Epoch[4] Iteration[20/62], entropy: 0.2584, uncertainty: 1.8419, uncertainty_coeffi: 0.0010, loss: 0.1761, lr: 3.19e-04
     Epoch[4] Iteration[30/62], entropy: 0.3699, uncertainty: 2.0282, uncertainty_coeffi: 0.0010, loss: 0.2012, lr: 9.55e-05
     Epoch[4] Iteration[40/62], entropy: 0.3047, uncertainty: 2.3162, uncertainty_coeffi: 0.0010, loss: 0.2100, lr: 8.15e-07
     Epoch[4] Iteration[50/62], entropy: 0.3441, uncertainty: 2.0458, uncertainty_coeffi: 0.0010, loss: 0.2152, lr: 6.46e-05
     Epoch[4] Iteration[60/62], entropy: 0.3011, uncertainty: 1.6652, uncertainty_coeffi: 0.0010, loss: 0.5584, lr: 2.67e-04
     Averaged stats: entropy_avg: 0.3213, uncertainty_avg: 2.0424, uncertainty_coeffi_avg: 0.0010, loss_avg: 0.2549, lr_avg: 2.24e-04
     itm tta time 0:00:21
### TTA Eval Score: 
+-------+--------+--------+--------+--------+--------+
| epoch |   R1   |   R5   |  R10   |  mAP   |  mINP  |
+-------+--------+--------+--------+--------+--------+
|  -999 | 59.500 | 80.050 | 87.050 | 44.116 | 20.549 |
|   0   | 60.200 | 80.550 | 87.300 | 45.073 | 21.362 |
|   1   | 59.200 | 80.550 | 87.250 | 44.593 | 21.456 |
|   2   | 60.000 | 80.950 | 87.350 | 44.925 | 21.597 |
|   4   | 61.900 | 80.800 | 87.600 | 45.590 | 21.658 |
+-------+--------+--------+--------+--------+--------+
     logs:  {'epo': 4, 'R1': np.float32(61.9), 'R5': np.float32(80.8), 'R10': np.float32(87.6), 'mAP': np.float32(45.59), 'mINP': np.float32(21.658), 'entropy': 0.3213381419579188, 'uncertainty': 2.0424129168192544, 'uncertainty_coeffi': 0.0010000000474974513, 'loss': 0.25489573180675507, 'lr': 0.00022424860522071425}
     Epoch[5] Iteration[10/62], entropy: 0.3945, uncertainty: 2.2838, uncertainty_coeffi: 0.0010, loss: 0.4906, lr: 5.99e-04
     Epoch[5] Iteration[20/62], entropy: 0.2183, uncertainty: 1.5636, uncertainty_coeffi: 0.0010, loss: 0.3479, lr: 8.48e-04
     Epoch[5] Iteration[30/62], entropy: 0.2816, uncertainty: 2.2858, uncertainty_coeffi: 0.0010, loss: 0.3285, lr: 9.87e-04
     Epoch[5] Iteration[40/62], entropy: 0.3358, uncertainty: 2.3079, uncertainty_coeffi: 0.0010, loss: 0.2435, lr: 9.71e-04
     Epoch[5] Iteration[50/62], entropy: 0.2708, uncertainty: 2.1141, uncertainty_coeffi: 0.0010, loss: 0.8000, lr: 8.05e-04
     Epoch[5] Iteration[60/62], entropy: 0.3141, uncertainty: 1.9900, uncertainty_coeffi: 0.0010, loss: 0.3745, lr: 5.43e-04
     Averaged stats: entropy_avg: 0.3025, uncertainty_avg: 2.0909, uncertainty_coeffi_avg: 0.0010, loss_avg: 0.4308, lr_avg: 7.92e-04
     itm tta time 0:00:21
     Epoch[6] Iteration[10/62], entropy: 0.4606, uncertainty: 1.9999, uncertainty_coeffi: 0.0010, loss: 0.2839, lr: 2.18e-04
     Epoch[6] Iteration[20/62], entropy: 0.2171, uncertainty: 2.3230, uncertainty_coeffi: 0.0010, loss: 0.1166, lr: 3.94e-05
     Epoch[6] Iteration[30/62], entropy: 0.3557, uncertainty: 2.2544, uncertainty_coeffi: 0.0010, loss: 0.3007, lr: 7.32e-06
     Epoch[6] Iteration[40/62], entropy: 0.3351, uncertainty: 2.1479, uncertainty_coeffi: 0.0010, loss: 0.2755, lr: 1.32e-04
     Epoch[6] Iteration[50/62], entropy: 0.1625, uncertainty: 1.7469, uncertainty_coeffi: 0.0010, loss: 0.2823, lr: 3.73e-04
     Epoch[6] Iteration[60/62], entropy: 0.1672, uncertainty: 1.8375, uncertainty_coeffi: 0.0010, loss: 0.1508, lr: 6.55e-04
     Averaged stats: entropy_avg: 0.2830, uncertainty_avg: 2.0516, uncertainty_coeffi_avg: 0.0010, loss_avg: 0.2350, lr_avg: 2.37e-04
     itm tta time 0:00:21
     Epoch[7] Iteration[10/62], entropy: 0.4343, uncertainty: 2.1896, uncertainty_coeffi: 0.0010, loss: 0.6398, lr: 9.21e-04
     Epoch[7] Iteration[20/62], entropy: 0.2934, uncertainty: 2.2526, uncertainty_coeffi: 0.0010, loss: 0.2007, lr: 1.00e-03
     Epoch[7] Iteration[30/62], entropy: 0.2815, uncertainty: 1.6495, uncertainty_coeffi: 0.0010, loss: 0.4177, lr: 9.21e-04
     Epoch[7] Iteration[40/62], entropy: 0.2822, uncertainty: 2.2075, uncertainty_coeffi: 0.0010, loss: 0.1393, lr: 7.08e-04
     Epoch[7] Iteration[50/62], entropy: 0.2887, uncertainty: 2.2851, uncertainty_coeffi: 0.0010, loss: 0.1518, lr: 4.29e-04
     Epoch[7] Iteration[60/62], entropy: 0.3858, uncertainty: 2.4145, uncertainty_coeffi: 0.0010, loss: 0.1766, lr: 1.73e-04
     Averaged stats: entropy_avg: 0.3276, uncertainty_avg: 2.1665, uncertainty_coeffi_avg: 0.0010, loss_avg: 0.2877, lr_avg: 6.92e-04
     itm tta time 0:00:20
     Epoch[8] Iteration[10/62], entropy: 0.3476, uncertainty: 2.2350, uncertainty_coeffi: 0.0010, loss: 0.1668, lr: 7.32e-06
     Epoch[8] Iteration[20/62], entropy: 0.3696, uncertainty: 2.2274, uncertainty_coeffi: 0.0010, loss: 0.1539, lr: 3.94e-05
     Epoch[8] Iteration[30/62], entropy: 0.2902, uncertainty: 2.3218, uncertainty_coeffi: 0.0010, loss: 0.1148, lr: 2.18e-04
     Epoch[8] Iteration[40/62], entropy: 0.3704, uncertainty: 1.8379, uncertainty_coeffi: 0.0010, loss: 0.4535, lr: 4.86e-04
     Epoch[8] Iteration[50/62], entropy: 0.2581, uncertainty: 2.3221, uncertainty_coeffi: 0.0010, loss: 0.1370, lr: 7.58e-04
     Epoch[8] Iteration[60/62], entropy: 0.3148, uncertainty: 2.2618, uncertainty_coeffi: 0.0010, loss: 0.1801, lr: 9.49e-04
     Averaged stats: entropy_avg: 0.3251, uncertainty_avg: 2.2010, uncertainty_coeffi_avg: 0.0010, loss_avg: 0.2010, lr_avg: 4.10e-04
     itm tta time 0:00:20
     Epoch[9] Iteration[10/62], entropy: 0.3777, uncertainty: 1.9049, uncertainty_coeffi: 0.0010, loss: 0.3745, lr: 9.87e-04
     Epoch[9] Iteration[20/62], entropy: 0.3626, uncertainty: 1.8800, uncertainty_coeffi: 0.0010, loss: 0.2984, lr: 8.48e-04
     Epoch[9] Iteration[30/62], entropy: 0.4080, uncertainty: 2.1536, uncertainty_coeffi: 0.0010, loss: 0.2307, lr: 5.99e-04
     Epoch[9] Iteration[40/62], entropy: 0.2364, uncertainty: 2.4574, uncertainty_coeffi: 0.0010, loss: 0.1104, lr: 3.19e-04
     Epoch[9] Iteration[50/62], entropy: 0.2610, uncertainty: 1.9824, uncertainty_coeffi: 0.0010, loss: 0.1381, lr: 9.55e-05
     Epoch[9] Iteration[60/62], entropy: 0.2256, uncertainty: 1.7062, uncertainty_coeffi: 0.0010, loss: 0.4567, lr: 8.15e-07
     Averaged stats: entropy_avg: 0.3119, uncertainty_avg: 2.0141, uncertainty_coeffi_avg: 0.0010, loss_avg: 0.2681, lr_avg: 4.75e-04
     itm tta time 0:00:20
### TTA Eval Score: 
+-------+--------+--------+--------+--------+--------+
| epoch |   R1   |   R5   |  R10   |  mAP   |  mINP  |
+-------+--------+--------+--------+--------+--------+
|  -999 | 59.500 | 80.050 | 87.050 | 44.116 | 20.549 |
|   0   | 60.200 | 80.550 | 87.300 | 45.073 | 21.362 |
|   1   | 59.200 | 80.550 | 87.250 | 44.593 | 21.456 |
|   2   | 60.000 | 80.950 | 87.350 | 44.925 | 21.597 |
|   4   | 61.900 | 80.800 | 87.600 | 45.590 | 21.658 |
|   9   | 61.100 | 80.700 | 88.300 | 45.478 | 21.792 |
+-------+--------+--------+--------+--------+--------+
     logs:  {'epo': 9, 'R1': np.float32(61.1), 'R5': np.float32(80.7), 'R10': np.float32(88.3), 'mAP': np.float32(45.478), 'mINP': np.float32(21.792), 'entropy': 0.3118606855471929, 'uncertainty': 2.0140860875447593, 'uncertainty_coeffi': 0.0010000000474974513, 'loss': 0.2681452992061774, 'lr': 0.0004749455123826376}
     Epoch[10] Iteration[10/62], entropy: 0.2882, uncertainty: 1.6631, uncertainty_coeffi: 0.0010, loss: 0.2725, lr: 9.55e-05
     Epoch[10] Iteration[20/62], entropy: 0.2664, uncertainty: 1.7876, uncertainty_coeffi: 0.0010, loss: 0.2313, lr: 3.19e-04
     Epoch[10] Iteration[30/62], entropy: 0.3176, uncertainty: 2.2612, uncertainty_coeffi: 0.0010, loss: 0.2620, lr: 5.99e-04
     Epoch[10] Iteration[40/62], entropy: 0.4136, uncertainty: 2.0100, uncertainty_coeffi: 0.0010, loss: 0.2602, lr: 8.48e-04
     Epoch[10] Iteration[50/62], entropy: 0.4357, uncertainty: 2.1376, uncertainty_coeffi: 0.0010, loss: 0.2781, lr: 9.87e-04
     Epoch[10] Iteration[60/62], entropy: 0.2433, uncertainty: 1.7636, uncertainty_coeffi: 0.0010, loss: 0.1666, lr: 9.71e-04
     Averaged stats: entropy_avg: 0.3275, uncertainty_avg: 1.9372, uncertainty_coeffi_avg: 0.0010, loss_avg: 0.2451, lr_avg: 6.37e-04
     itm tta time 0:00:18
     Epoch[11] Iteration[10/62], entropy: 0.2999, uncertainty: 1.7943, uncertainty_coeffi: 0.0010, loss: 0.2710, lr: 7.58e-04
     Epoch[11] Iteration[20/62], entropy: 0.2866, uncertainty: 2.0884, uncertainty_coeffi: 0.0010, loss: 0.1755, lr: 4.86e-04
     Epoch[11] Iteration[30/62], entropy: 0.3808, uncertainty: 2.3753, uncertainty_coeffi: 0.0010, loss: 0.2189, lr: 2.18e-04
     Epoch[11] Iteration[40/62], entropy: 0.2199, uncertainty: 2.0944, uncertainty_coeffi: 0.0010, loss: 0.2404, lr: 3.94e-05
     Epoch[11] Iteration[50/62], entropy: 0.2094, uncertainty: 2.0767, uncertainty_coeffi: 0.0010, loss: 0.1860, lr: 7.32e-06
     Epoch[11] Iteration[60/62], entropy: 0.4345, uncertainty: 1.7036, uncertainty_coeffi: 0.0010, loss: 0.3361, lr: 1.32e-04
     Averaged stats: entropy_avg: 0.3051, uncertainty_avg: 2.0221, uncertainty_coeffi_avg: 0.0010, loss_avg: 0.2380, lr_avg: 2.73e-04
     itm tta time 0:00:18
     Epoch[12] Iteration[10/62], entropy: 0.2149, uncertainty: 1.9627, uncertainty_coeffi: 0.0010, loss: 0.1799, lr: 4.29e-04
     Epoch[12] Iteration[20/62], entropy: 0.4180, uncertainty: 2.0977, uncertainty_coeffi: 0.0010, loss: 0.2908, lr: 7.08e-04
     Epoch[12] Iteration[30/62], entropy: 0.3076, uncertainty: 2.0277, uncertainty_coeffi: 0.0010, loss: 0.2813, lr: 9.21e-04
     Epoch[12] Iteration[40/62], entropy: 0.2653, uncertainty: 1.9119, uncertainty_coeffi: 0.0010, loss: 0.3997, lr: 1.00e-03
     Epoch[12] Iteration[50/62], entropy: 0.3379, uncertainty: 1.6449, uncertainty_coeffi: 0.0010, loss: 0.2508, lr: 9.21e-04
     Epoch[12] Iteration[60/62], entropy: 0.3182, uncertainty: 2.1821, uncertainty_coeffi: 0.0010, loss: 0.1850, lr: 7.08e-04
     Averaged stats: entropy_avg: 0.3103, uncertainty_avg: 1.9711, uncertainty_coeffi_avg: 0.0010, loss_avg: 0.2646, lr_avg: 7.81e-04
     itm tta time 0:00:18
     Epoch[13] Iteration[10/62], entropy: 0.2752, uncertainty: 1.8253, uncertainty_coeffi: 0.0010, loss: 0.1979, lr: 3.73e-04
     Epoch[13] Iteration[20/62], entropy: 0.2377, uncertainty: 2.2117, uncertainty_coeffi: 0.0010, loss: 0.1839, lr: 1.32e-04
     Epoch[13] Iteration[30/62], entropy: 0.3699, uncertainty: 1.6693, uncertainty_coeffi: 0.0010, loss: 0.2476, lr: 7.32e-06
     Epoch[13] Iteration[40/62], entropy: 0.4225, uncertainty: 2.5434, uncertainty_coeffi: 0.0010, loss: 0.1600, lr: 3.94e-05
     Epoch[13] Iteration[50/62], entropy: 0.2633, uncertainty: 2.3202, uncertainty_coeffi: 0.0010, loss: 0.1463, lr: 2.18e-04
     Epoch[13] Iteration[60/62], entropy: 0.1911, uncertainty: 2.0559, uncertainty_coeffi: 0.0010, loss: 0.1295, lr: 4.86e-04
     Averaged stats: entropy_avg: 0.2933, uncertainty_avg: 2.1043, uncertainty_coeffi_avg: 0.0010, loss_avg: 0.1775, lr_avg: 2.09e-04
     itm tta time 0:00:20
     Epoch[14] Iteration[10/62], entropy: 0.3400, uncertainty: 2.1370, uncertainty_coeffi: 0.0010, loss: 0.2089, lr: 8.05e-04
     Epoch[14] Iteration[20/62], entropy: 0.3786, uncertainty: 1.8031, uncertainty_coeffi: 0.0010, loss: 0.3045, lr: 9.71e-04
     Epoch[14] Iteration[30/62], entropy: 0.3061, uncertainty: 2.3262, uncertainty_coeffi: 0.0010, loss: 0.1635, lr: 9.87e-04
     Epoch[14] Iteration[40/62], entropy: 0.3045, uncertainty: 2.1705, uncertainty_coeffi: 0.0010, loss: 0.2653, lr: 8.48e-04
     Epoch[14] Iteration[50/62], entropy: 0.2906, uncertainty: 2.3137, uncertainty_coeffi: 0.0010, loss: 0.1896, lr: 5.99e-04
     Epoch[14] Iteration[60/62], entropy: 0.3490, uncertainty: 2.3496, uncertainty_coeffi: 0.0010, loss: 0.2242, lr: 3.19e-04
     Averaged stats: entropy_avg: 0.3282, uncertainty_avg: 2.1833, uncertainty_coeffi_avg: 0.0010, loss_avg: 0.2260, lr_avg: 7.55e-04
     itm tta time 0:00:20
### TTA Eval Score: 
+-------+--------+--------+--------+--------+--------+
| epoch |   R1   |   R5   |  R10   |  mAP   |  mINP  |
+-------+--------+--------+--------+--------+--------+
|  -999 | 59.500 | 80.050 | 87.050 | 44.116 | 20.549 |
|   0   | 60.200 | 80.550 | 87.300 | 45.073 | 21.362 |
|   1   | 59.200 | 80.550 | 87.250 | 44.593 | 21.456 |
|   2   | 60.000 | 80.950 | 87.350 | 44.925 | 21.597 |
|   4   | 61.900 | 80.800 | 87.600 | 45.590 | 21.658 |
|   9   | 61.100 | 80.700 | 88.300 | 45.478 | 21.792 |
|   14  | 61.400 | 80.650 | 88.150 | 45.674 | 21.851 |
+-------+--------+--------+--------+--------+--------+
     logs:  {'epo': 14, 'R1': np.float32(61.4), 'R5': np.float32(80.65), 'R10': np.float32(88.15), 'mAP': np.float32(45.674), 'mINP': np.float32(21.851), 'entropy': 0.32815544307231903, 'uncertainty': 2.1833484172821045, 'uncertainty_coeffi': 0.0010000000474974513, 'loss': 0.22597304483254751, 'lr': 0.0007549353741806421}
     Epoch[15] Iteration[10/62], entropy: 0.2004, uncertainty: 2.1545, uncertainty_coeffi: 0.0010, loss: 0.1257, lr: 6.46e-05
     Epoch[15] Iteration[20/62], entropy: 0.2772, uncertainty: 1.8855, uncertainty_coeffi: 0.0010, loss: 0.2870, lr: 8.15e-07
     Epoch[15] Iteration[30/62], entropy: 0.5100, uncertainty: 2.1622, uncertainty_coeffi: 0.0010, loss: 0.2762, lr: 9.55e-05
     Epoch[15] Iteration[40/62], entropy: 0.2516, uncertainty: 1.7935, uncertainty_coeffi: 0.0010, loss: 0.1951, lr: 3.19e-04
     Epoch[15] Iteration[50/62], entropy: 0.3168, uncertainty: 2.3749, uncertainty_coeffi: 0.0010, loss: 0.1422, lr: 5.99e-04
     Epoch[15] Iteration[60/62], entropy: 0.3841, uncertainty: 1.8083, uncertainty_coeffi: 0.0010, loss: 0.7874, lr: 8.48e-04
     Averaged stats: entropy_avg: 0.3234, uncertainty_avg: 2.0298, uncertainty_coeffi_avg: 0.0010, loss_avg: 0.3023, lr_avg: 3.21e-04
     itm tta time 0:00:20
     Epoch[16] Iteration[10/62], entropy: 0.2341, uncertainty: 1.7091, uncertainty_coeffi: 0.0010, loss: 0.1377, lr: 9.97e-04
     Epoch[16] Iteration[20/62], entropy: 0.2792, uncertainty: 2.0170, uncertainty_coeffi: 0.0010, loss: 0.1806, lr: 9.49e-04
     Epoch[16] Iteration[30/62], entropy: 0.3470, uncertainty: 2.1563, uncertainty_coeffi: 0.0010, loss: 0.2043, lr: 7.58e-04
     Epoch[16] Iteration[40/62], entropy: 0.3060, uncertainty: 2.4760, uncertainty_coeffi: 0.0010, loss: 0.1694, lr: 4.86e-04
     Epoch[16] Iteration[50/62], entropy: 0.4204, uncertainty: 2.4296, uncertainty_coeffi: 0.0010, loss: 0.2290, lr: 2.18e-04
     Epoch[16] Iteration[60/62], entropy: 0.3209, uncertainty: 1.7860, uncertainty_coeffi: 0.0010, loss: 0.2224, lr: 3.94e-05
     Averaged stats: entropy_avg: 0.3179, uncertainty_avg: 2.0956, uncertainty_coeffi_avg: 0.0010, loss_avg: 0.1906, lr_avg: 5.74e-04
     itm tta time 0:00:21
     Epoch[17] Iteration[10/62], entropy: 0.2585, uncertainty: 1.6219, uncertainty_coeffi: 0.0010, loss: 0.2420, lr: 2.03e-05
     Epoch[17] Iteration[20/62], entropy: 0.3440, uncertainty: 2.0982, uncertainty_coeffi: 0.0010, loss: 0.1859, lr: 1.73e-04
     Epoch[17] Iteration[30/62], entropy: 0.2341, uncertainty: 1.9034, uncertainty_coeffi: 0.0010, loss: 0.2407, lr: 4.29e-04
     Epoch[17] Iteration[40/62], entropy: 0.2495, uncertainty: 2.2081, uncertainty_coeffi: 0.0010, loss: 0.5326, lr: 7.08e-04
     Epoch[17] Iteration[50/62], entropy: 0.2709, uncertainty: 1.8903, uncertainty_coeffi: 0.0010, loss: 0.1985, lr: 9.21e-04
     Epoch[17] Iteration[60/62], entropy: 0.3467, uncertainty: 2.0815, uncertainty_coeffi: 0.0010, loss: 0.3126, lr: 1.00e-03
     Averaged stats: entropy_avg: 0.2839, uncertainty_avg: 1.9672, uncertainty_coeffi_avg: 0.0010, loss_avg: 0.2854, lr_avg: 5.42e-04
     itm tta time 0:00:20
     Epoch[18] Iteration[10/62], entropy: 0.2758, uncertainty: 2.0867, uncertainty_coeffi: 0.0010, loss: 0.1794, lr: 8.87e-04
     Epoch[18] Iteration[20/62], entropy: 0.2202, uncertainty: 2.1506, uncertainty_coeffi: 0.0010, loss: 0.1460, lr: 6.55e-04
     Epoch[18] Iteration[30/62], entropy: 0.2724, uncertainty: 2.2323, uncertainty_coeffi: 0.0010, loss: 0.1900, lr: 3.73e-04
     Epoch[18] Iteration[40/62], entropy: 0.3744, uncertainty: 1.7198, uncertainty_coeffi: 0.0010, loss: 0.4000, lr: 1.32e-04
     Epoch[18] Iteration[50/62], entropy: 0.3185, uncertainty: 2.1201, uncertainty_coeffi: 0.0010, loss: 0.1526, lr: 7.32e-06
     Epoch[18] Iteration[60/62], entropy: 0.3992, uncertainty: 2.4183, uncertainty_coeffi: 0.0010, loss: 0.1837, lr: 3.94e-05
     Averaged stats: entropy_avg: 0.3101, uncertainty_avg: 2.1213, uncertainty_coeffi_avg: 0.0010, loss_avg: 0.2086, lr_avg: 3.49e-04
     itm tta time 0:00:20
     Epoch[19] Iteration[10/62], entropy: 0.2602, uncertainty: 2.3302, uncertainty_coeffi: 0.0010, loss: 0.1325, lr: 2.67e-04
     Epoch[19] Iteration[20/62], entropy: 0.3910, uncertainty: 2.2250, uncertainty_coeffi: 0.0010, loss: 0.2903, lr: 5.43e-04
     Epoch[19] Iteration[30/62], entropy: 0.3432, uncertainty: 2.0319, uncertainty_coeffi: 0.0010, loss: 0.2712, lr: 8.05e-04
     Epoch[19] Iteration[40/62], entropy: 0.3288, uncertainty: 2.0950, uncertainty_coeffi: 0.0010, loss: 0.1462, lr: 9.71e-04
     Epoch[19] Iteration[50/62], entropy: 0.1996, uncertainty: 2.0646, uncertainty_coeffi: 0.0010, loss: 0.2285, lr: 9.87e-04
     Epoch[19] Iteration[60/62], entropy: 0.2834, uncertainty: 2.2519, uncertainty_coeffi: 0.0010, loss: 0.1588, lr: 8.48e-04
     Averaged stats: entropy_avg: 0.3010, uncertainty_avg: 2.1664, uncertainty_coeffi_avg: 0.0010, loss_avg: 0.2046, lr_avg: 7.37e-04
     itm tta time 0:00:21
### TTA Eval Score: 
+-------+--------+--------+--------+--------+--------+
| epoch |   R1   |   R5   |  R10   |  mAP   |  mINP  |
+-------+--------+--------+--------+--------+--------+
|  -999 | 59.500 | 80.050 | 87.050 | 44.116 | 20.549 |
|   0   | 60.200 | 80.550 | 87.300 | 45.073 | 21.362 |
|   1   | 59.200 | 80.550 | 87.250 | 44.593 | 21.456 |
|   2   | 60.000 | 80.950 | 87.350 | 44.925 | 21.597 |
|   4   | 61.900 | 80.800 | 87.600 | 45.590 | 21.658 |
|   9   | 61.100 | 80.700 | 88.300 | 45.478 | 21.792 |
|   14  | 61.400 | 80.650 | 88.150 | 45.674 | 21.851 |
|   19  | 60.700 | 80.050 | 87.850 | 45.397 | 21.635 |
+-------+--------+--------+--------+--------+--------+
     logs:  {'epo': 19, 'R1': np.float32(60.7), 'R5': np.float32(80.05), 'R10': np.float32(87.85), 'mAP': np.float32(45.397), 'mINP': np.float32(21.635), 'entropy': 0.3010292947292328, 'uncertainty': 2.166433016459147, 'uncertainty_coeffi': 0.0010000000474974513, 'loss': 0.20456995566685995, 'lr': 0.0007368624511771457}
     Epoch[20] Iteration[10/62], entropy: 0.3191, uncertainty: 2.0755, uncertainty_coeffi: 0.0010, loss: 0.2996, lr: 5.43e-04
     Epoch[20] Iteration[20/62], entropy: 0.2203, uncertainty: 2.1476, uncertainty_coeffi: 0.0010, loss: 0.2142, lr: 2.67e-04
     Epoch[20] Iteration[30/62], entropy: 0.2732, uncertainty: 1.9545, uncertainty_coeffi: 0.0010, loss: 0.1864, lr: 6.46e-05
     Epoch[20] Iteration[40/62], entropy: 0.1866, uncertainty: 2.1819, uncertainty_coeffi: 0.0010, loss: 0.0784, lr: 8.15e-07
     Epoch[20] Iteration[50/62], entropy: 0.2773, uncertainty: 2.4302, uncertainty_coeffi: 0.0010, loss: 0.1502, lr: 9.55e-05
     Epoch[20] Iteration[60/62], entropy: 0.3206, uncertainty: 2.2448, uncertainty_coeffi: 0.0010, loss: 0.1286, lr: 3.19e-04
     Averaged stats: entropy_avg: 0.2662, uncertainty_avg: 2.1724, uncertainty_coeffi_avg: 0.0010, loss_avg: 0.1762, lr_avg: 2.15e-04
     itm tta time 0:00:21
     Epoch[21] Iteration[10/62], entropy: 0.2064, uncertainty: 1.8624, uncertainty_coeffi: 0.0010, loss: 0.1144, lr: 6.55e-04
     Epoch[21] Iteration[20/62], entropy: 0.3998, uncertainty: 2.3714, uncertainty_coeffi: 0.0010, loss: 0.2413, lr: 8.87e-04
     Epoch[21] Iteration[30/62], entropy: 0.3954, uncertainty: 2.1090, uncertainty_coeffi: 0.0010, loss: 0.1837, lr: 9.97e-04
     Epoch[21] Iteration[40/62], entropy: 0.1862, uncertainty: 2.1099, uncertainty_coeffi: 0.0010, loss: 0.0983, lr: 9.49e-04
     Epoch[21] Iteration[50/62], entropy: 0.3582, uncertainty: 1.8622, uncertainty_coeffi: 0.0010, loss: 0.1940, lr: 7.58e-04
     Epoch[21] Iteration[60/62], entropy: 0.2997, uncertainty: 1.6613, uncertainty_coeffi: 0.0010, loss: 0.2701, lr: 4.86e-04
     Averaged stats: entropy_avg: 0.3076, uncertainty_avg: 1.9960, uncertainty_coeffi_avg: 0.0010, loss_avg: 0.1836, lr_avg: 7.88e-04
     itm tta time 0:00:21
     Epoch[22] Iteration[10/62], entropy: 0.1886, uncertainty: 2.1760, uncertainty_coeffi: 0.0010, loss: 0.2341, lr: 1.73e-04
     Epoch[22] Iteration[20/62], entropy: 0.2382, uncertainty: 1.9848, uncertainty_coeffi: 0.0010, loss: 0.2069, lr: 2.03e-05
     Epoch[22] Iteration[30/62], entropy: 0.3295, uncertainty: 2.1068, uncertainty_coeffi: 0.0010, loss: 0.1810, lr: 2.03e-05
     Epoch[22] Iteration[40/62], entropy: 0.2599, uncertainty: 1.8533, uncertainty_coeffi: 0.0010, loss: 0.2369, lr: 1.73e-04
     Epoch[22] Iteration[50/62], entropy: 0.1926, uncertainty: 2.2470, uncertainty_coeffi: 0.0010, loss: 0.1184, lr: 4.29e-04
     Epoch[22] Iteration[60/62], entropy: 0.3118, uncertainty: 2.4210, uncertainty_coeffi: 0.0010, loss: 0.1533, lr: 7.08e-04
     Averaged stats: entropy_avg: 0.2534, uncertainty_avg: 2.1315, uncertainty_coeffi_avg: 0.0010, loss_avg: 0.1885, lr_avg: 2.54e-04
     itm tta time 0:00:20
     Epoch[23] Iteration[10/62], entropy: 0.2783, uncertainty: 2.1877, uncertainty_coeffi: 0.0010, loss: 0.2093, lr: 9.49e-04
     Epoch[23] Iteration[20/62], entropy: 0.3309, uncertainty: 1.9515, uncertainty_coeffi: 0.0010, loss: 0.2389, lr: 9.97e-04
     Epoch[23] Iteration[30/62], entropy: 0.3165, uncertainty: 2.5019, uncertainty_coeffi: 0.0010, loss: 0.1419, lr: 8.87e-04
     Epoch[23] Iteration[40/62], entropy: 0.3156, uncertainty: 2.1430, uncertainty_coeffi: 0.0010, loss: 0.2288, lr: 6.55e-04
     Epoch[23] Iteration[50/62], entropy: 0.2751, uncertainty: 2.1966, uncertainty_coeffi: 0.0010, loss: 0.1187, lr: 3.73e-04
     Epoch[23] Iteration[60/62], entropy: 0.3242, uncertainty: 2.0813, uncertainty_coeffi: 0.0010, loss: 0.1969, lr: 1.32e-04
     Averaged stats: entropy_avg: 0.3068, uncertainty_avg: 2.1770, uncertainty_coeffi_avg: 0.0010, loss_avg: 0.1891, lr_avg: 6.65e-04
     itm tta time 0:00:18
     Epoch[24] Iteration[10/62], entropy: 0.2763, uncertainty: 2.0308, uncertainty_coeffi: 0.0010, loss: 0.1850, lr: 8.15e-07
     Epoch[24] Iteration[20/62], entropy: 0.3230, uncertainty: 2.1777, uncertainty_coeffi: 0.0010, loss: 0.1831, lr: 6.46e-05
     Epoch[24] Iteration[30/62], entropy: 0.2612, uncertainty: 1.7778, uncertainty_coeffi: 0.0010, loss: 0.1842, lr: 2.67e-04
     Epoch[24] Iteration[40/62], entropy: 0.2795, uncertainty: 2.1511, uncertainty_coeffi: 0.0010, loss: 0.1737, lr: 5.43e-04
     Epoch[24] Iteration[50/62], entropy: 0.3200, uncertainty: 2.2074, uncertainty_coeffi: 0.0010, loss: 0.1875, lr: 8.05e-04
     Epoch[24] Iteration[60/62], entropy: 0.3019, uncertainty: 1.8533, uncertainty_coeffi: 0.0010, loss: 0.2200, lr: 9.71e-04
     Averaged stats: entropy_avg: 0.2936, uncertainty_avg: 2.0330, uncertainty_coeffi_avg: 0.0010, loss_avg: 0.1889, lr_avg: 4.42e-04
     itm tta time 0:00:18
     Epoch[25] Iteration[10/62], entropy: 0.3088, uncertainty: 2.3090, uncertainty_coeffi: 0.0010, loss: 0.1777, lr: 9.71e-04
     Epoch[25] Iteration[20/62], entropy: 0.2874, uncertainty: 2.0682, uncertainty_coeffi: 0.0010, loss: 0.1722, lr: 8.05e-04
     Epoch[25] Iteration[30/62], entropy: 0.3004, uncertainty: 2.1908, uncertainty_coeffi: 0.0010, loss: 0.2010, lr: 5.43e-04
     Epoch[25] Iteration[40/62], entropy: 0.1962, uncertainty: 2.0741, uncertainty_coeffi: 0.0010, loss: 0.1135, lr: 2.67e-04
     Epoch[25] Iteration[50/62], entropy: 0.2556, uncertainty: 2.2906, uncertainty_coeffi: 0.0010, loss: 0.1511, lr: 6.46e-05
     Epoch[25] Iteration[60/62], entropy: 0.2177, uncertainty: 2.2005, uncertainty_coeffi: 0.0010, loss: 0.1530, lr: 8.15e-07
     Averaged stats: entropy_avg: 0.2610, uncertainty_avg: 2.1889, uncertainty_coeffi_avg: 0.0010, loss_avg: 0.1614, lr_avg: 4.42e-04
     itm tta time 0:00:18
     Epoch[26] Iteration[10/62], entropy: 0.2974, uncertainty: 2.2819, uncertainty_coeffi: 0.0010, loss: 0.1556, lr: 1.32e-04
     Epoch[26] Iteration[20/62], entropy: 0.1396, uncertainty: 2.1741, uncertainty_coeffi: 0.0010, loss: 0.0951, lr: 3.73e-04
     Epoch[26] Iteration[30/62], entropy: 0.2595, uncertainty: 2.0321, uncertainty_coeffi: 0.0010, loss: 0.2469, lr: 6.55e-04
     Epoch[26] Iteration[40/62], entropy: 0.2975, uncertainty: 2.3173, uncertainty_coeffi: 0.0010, loss: 0.1462, lr: 8.87e-04
     Epoch[26] Iteration[50/62], entropy: 0.4231, uncertainty: 2.2187, uncertainty_coeffi: 0.0010, loss: 0.2257, lr: 9.97e-04
     Epoch[26] Iteration[60/62], entropy: 0.3548, uncertainty: 1.8393, uncertainty_coeffi: 0.0010, loss: 0.1904, lr: 9.49e-04
     Averaged stats: entropy_avg: 0.2953, uncertainty_avg: 2.1439, uncertainty_coeffi_avg: 0.0010, loss_avg: 0.1766, lr_avg: 6.65e-04
     itm tta time 0:00:18
     Epoch[27] Iteration[10/62], entropy: 0.2135, uncertainty: 2.1913, uncertainty_coeffi: 0.0010, loss: 0.1597, lr: 7.08e-04
     Epoch[27] Iteration[20/62], entropy: 0.3317, uncertainty: 2.2347, uncertainty_coeffi: 0.0010, loss: 0.1564, lr: 4.29e-04
     Epoch[27] Iteration[30/62], entropy: 0.2303, uncertainty: 2.1610, uncertainty_coeffi: 0.0010, loss: 0.1385, lr: 1.73e-04
     Epoch[27] Iteration[40/62], entropy: 0.1714, uncertainty: 2.3448, uncertainty_coeffi: 0.0010, loss: 0.0982, lr: 2.03e-05
     Epoch[27] Iteration[50/62], entropy: 0.2461, uncertainty: 1.6955, uncertainty_coeffi: 0.0010, loss: 0.1413, lr: 2.03e-05
     Epoch[27] Iteration[60/62], entropy: 0.2532, uncertainty: 1.9812, uncertainty_coeffi: 0.0010, loss: 0.1932, lr: 1.73e-04
     Averaged stats: entropy_avg: 0.2410, uncertainty_avg: 2.1014, uncertainty_coeffi_avg: 0.0010, loss_avg: 0.1479, lr_avg: 2.54e-04
     itm tta time 0:00:20
     Epoch[28] Iteration[10/62], entropy: 0.2664, uncertainty: 1.7339, uncertainty_coeffi: 0.0010, loss: 0.1621, lr: 4.86e-04
     Epoch[28] Iteration[20/62], entropy: 0.3128, uncertainty: 1.9827, uncertainty_coeffi: 0.0010, loss: 0.2405, lr: 7.58e-04
     Epoch[28] Iteration[30/62], entropy: 0.2395, uncertainty: 1.8755, uncertainty_coeffi: 0.0010, loss: 0.2298, lr: 9.49e-04
     Epoch[28] Iteration[40/62], entropy: 0.2276, uncertainty: 1.9809, uncertainty_coeffi: 0.0010, loss: 0.1553, lr: 9.97e-04
     Epoch[28] Iteration[50/62], entropy: 0.2507, uncertainty: 1.5019, uncertainty_coeffi: 0.0010, loss: 0.3278, lr: 8.87e-04
     Epoch[28] Iteration[60/62], entropy: 0.3360, uncertainty: 2.0638, uncertainty_coeffi: 0.0010, loss: 0.3783, lr: 6.55e-04
     Averaged stats: entropy_avg: 0.2722, uncertainty_avg: 1.8565, uncertainty_coeffi_avg: 0.0010, loss_avg: 0.2490, lr_avg: 7.88e-04
     itm tta time 0:00:21
     Epoch[29] Iteration[10/62], entropy: 0.2621, uncertainty: 1.9442, uncertainty_coeffi: 0.0010, loss: 0.2201, lr: 3.19e-04
     Epoch[29] Iteration[20/62], entropy: 0.3598, uncertainty: 2.3254, uncertainty_coeffi: 0.0010, loss: 0.1982, lr: 9.55e-05
     Epoch[29] Iteration[30/62], entropy: 0.1853, uncertainty: 2.0370, uncertainty_coeffi: 0.0010, loss: 0.1223, lr: 8.15e-07
     Epoch[29] Iteration[40/62], entropy: 0.2648, uncertainty: 2.2128, uncertainty_coeffi: 0.0010, loss: 0.1638, lr: 6.46e-05
     Epoch[29] Iteration[50/62], entropy: 0.2407, uncertainty: 2.3075, uncertainty_coeffi: 0.0010, loss: 0.1167, lr: 2.67e-04
     Epoch[29] Iteration[60/62], entropy: 0.3831, uncertainty: 2.0693, uncertainty_coeffi: 0.0010, loss: 0.2170, lr: 5.43e-04
     Averaged stats: entropy_avg: 0.2826, uncertainty_avg: 2.1494, uncertainty_coeffi_avg: 0.0010, loss_avg: 0.1730, lr_avg: 2.15e-04
     itm tta time 0:00:21
### TTA Eval Score: 
+-------+--------+--------+--------+--------+--------+
| epoch |   R1   |   R5   |  R10   |  mAP   |  mINP  |
+-------+--------+--------+--------+--------+--------+
|  -999 | 59.500 | 80.050 | 87.050 | 44.116 | 20.549 |
|   0   | 60.200 | 80.550 | 87.300 | 45.073 | 21.362 |
|   1   | 59.200 | 80.550 | 87.250 | 44.593 | 21.456 |
|   2   | 60.000 | 80.950 | 87.350 | 44.925 | 21.597 |
|   4   | 61.900 | 80.800 | 87.600 | 45.590 | 21.658 |
|   9   | 61.100 | 80.700 | 88.300 | 45.478 | 21.792 |
|   14  | 61.400 | 80.650 | 88.150 | 45.674 | 21.851 |
|   19  | 60.700 | 80.050 | 87.850 | 45.397 | 21.635 |
|   29  | 61.050 | 80.300 | 88.100 | 45.423 | 21.569 |
+-------+--------+--------+--------+--------+--------+
     logs:  {'epo': 29, 'R1': np.float32(61.05), 'R5': np.float32(80.3), 'R10': np.float32(88.1), 'mAP': np.float32(45.423), 'mINP': np.float32(21.569), 'entropy': 0.28262319167455036, 'uncertainty': 2.149372140566508, 'uncertainty_coeffi': 0.0010000000474974513, 'loss': 0.1730284703274568, 'lr': 0.00021483065037347136}
     Epoch[30] Iteration[10/62], entropy: 0.2732, uncertainty: 2.0405, uncertainty_coeffi: 0.0010, loss: 0.1348, lr: 8.48e-04
     Epoch[30] Iteration[20/62], entropy: 0.1927, uncertainty: 1.6148, uncertainty_coeffi: 0.0010, loss: 0.1920, lr: 9.87e-04
     Epoch[30] Iteration[30/62], entropy: 0.2927, uncertainty: 2.0659, uncertainty_coeffi: 0.0010, loss: 0.1718, lr: 9.71e-04
     Epoch[30] Iteration[40/62], entropy: 0.3559, uncertainty: 2.3190, uncertainty_coeffi: 0.0010, loss: 0.1761, lr: 8.05e-04
     Epoch[30] Iteration[50/62], entropy: 0.1677, uncertainty: 1.7577, uncertainty_coeffi: 0.0010, loss: 0.1976, lr: 5.43e-04
     Epoch[30] Iteration[60/62], entropy: 0.2474, uncertainty: 1.7946, uncertainty_coeffi: 0.0010, loss: 0.1852, lr: 2.67e-04
     Averaged stats: entropy_avg: 0.2549, uncertainty_avg: 1.9321, uncertainty_coeffi_avg: 0.0010, loss_avg: 0.1763, lr_avg: 7.37e-04
     itm tta time 0:00:20
     Epoch[31] Iteration[10/62], entropy: 0.3263, uncertainty: 2.2411, uncertainty_coeffi: 0.0010, loss: 0.1825, lr: 3.94e-05
     Epoch[31] Iteration[20/62], entropy: 0.2577, uncertainty: 2.5792, uncertainty_coeffi: 0.0010, loss: 0.1037, lr: 7.32e-06
     Epoch[31] Iteration[30/62], entropy: 0.2175, uncertainty: 2.5258, uncertainty_coeffi: 0.0010, loss: 0.1544, lr: 1.32e-04
     Epoch[31] Iteration[40/62], entropy: 0.3233, uncertainty: 1.9053, uncertainty_coeffi: 0.0010, loss: 0.2110, lr: 3.73e-04
     Epoch[31] Iteration[50/62], entropy: 0.2171, uncertainty: 2.1252, uncertainty_coeffi: 0.0010, loss: 0.2045, lr: 6.55e-04
     Epoch[31] Iteration[60/62], entropy: 0.3156, uncertainty: 1.9035, uncertainty_coeffi: 0.0010, loss: 0.3967, lr: 8.87e-04
     Averaged stats: entropy_avg: 0.2763, uncertainty_avg: 2.2134, uncertainty_coeffi_avg: 0.0010, loss_avg: 0.2088, lr_avg: 3.49e-04
     itm tta time 0:00:21
     Epoch[32] Iteration[10/62], entropy: 0.2653, uncertainty: 1.7748, uncertainty_coeffi: 0.0010, loss: 0.2287, lr: 1.00e-03
     Epoch[32] Iteration[20/62], entropy: 0.3384, uncertainty: 2.2475, uncertainty_coeffi: 0.0010, loss: 0.1741, lr: 9.21e-04
     Epoch[32] Iteration[30/62], entropy: 0.1836, uncertainty: 1.9534, uncertainty_coeffi: 0.0010, loss: 0.1718, lr: 7.08e-04
     Epoch[32] Iteration[40/62], entropy: 0.3970, uncertainty: 2.4582, uncertainty_coeffi: 0.0010, loss: 0.2165, lr: 4.29e-04
     Epoch[32] Iteration[50/62], entropy: 0.2637, uncertainty: 1.9100, uncertainty_coeffi: 0.0010, loss: 0.1775, lr: 1.73e-04
     Epoch[32] Iteration[60/62], entropy: 0.2735, uncertainty: 2.0322, uncertainty_coeffi: 0.0010, loss: 0.2695, lr: 2.03e-05
     Averaged stats: entropy_avg: 0.2869, uncertainty_avg: 2.0627, uncertainty_coeffi_avg: 0.0010, loss_avg: 0.2063, lr_avg: 5.42e-04
     itm tta time 0:00:21
     Epoch[33] Iteration[10/62], entropy: 0.3187, uncertainty: 2.0889, uncertainty_coeffi: 0.0010, loss: 0.2236, lr: 3.94e-05
     Epoch[33] Iteration[20/62], entropy: 0.3001, uncertainty: 1.7599, uncertainty_coeffi: 0.0010, loss: 0.2871, lr: 2.18e-04
     Epoch[33] Iteration[30/62], entropy: 0.2996, uncertainty: 2.2140, uncertainty_coeffi: 0.0010, loss: 0.1593, lr: 4.86e-04
     Epoch[33] Iteration[40/62], entropy: 0.2346, uncertainty: 1.9052, uncertainty_coeffi: 0.0010, loss: 0.1999, lr: 7.58e-04
     Epoch[33] Iteration[50/62], entropy: 0.3274, uncertainty: 2.2054, uncertainty_coeffi: 0.0010, loss: 0.1895, lr: 9.49e-04
     Epoch[33] Iteration[60/62], entropy: 0.3492, uncertainty: 1.9475, uncertainty_coeffi: 0.0010, loss: 0.2738, lr: 9.97e-04
     Averaged stats: entropy_avg: 0.3049, uncertainty_avg: 2.0201, uncertainty_coeffi_avg: 0.0010, loss_avg: 0.2222, lr_avg: 5.74e-04
     itm tta time 0:00:21
     Epoch[34] Iteration[10/62], entropy: 0.2467, uncertainty: 2.0296, uncertainty_coeffi: 0.0010, loss: 0.1671, lr: 8.48e-04
     Epoch[34] Iteration[20/62], entropy: 0.3213, uncertainty: 1.8756, uncertainty_coeffi: 0.0010, loss: 0.1949, lr: 5.99e-04
     Epoch[34] Iteration[30/62], entropy: 0.2499, uncertainty: 2.0546, uncertainty_coeffi: 0.0010, loss: 0.1755, lr: 3.19e-04
     Epoch[34] Iteration[40/62], entropy: 0.2275, uncertainty: 1.9121, uncertainty_coeffi: 0.0010, loss: 0.1414, lr: 9.55e-05
     Epoch[34] Iteration[50/62], entropy: 0.1580, uncertainty: 1.5174, uncertainty_coeffi: 0.0010, loss: 0.1003, lr: 8.15e-07
     Epoch[34] Iteration[60/62], entropy: 0.2688, uncertainty: 1.9447, uncertainty_coeffi: 0.0010, loss: 0.1397, lr: 6.46e-05
     Averaged stats: entropy_avg: 0.2454, uncertainty_avg: 1.8890, uncertainty_coeffi_avg: 0.0010, loss_avg: 0.1532, lr_avg: 3.21e-04
     itm tta time 0:00:20
     Epoch[35] Iteration[10/62], entropy: 0.2314, uncertainty: 1.9049, uncertainty_coeffi: 0.0010, loss: 0.1194, lr: 3.19e-04
     Epoch[35] Iteration[20/62], entropy: 0.4140, uncertainty: 2.3688, uncertainty_coeffi: 0.0010, loss: 0.2101, lr: 5.99e-04
     Epoch[35] Iteration[30/62], entropy: 0.2581, uncertainty: 1.7824, uncertainty_coeffi: 0.0010, loss: 0.2385, lr: 8.48e-04
     Epoch[35] Iteration[40/62], entropy: 0.2641, uncertainty: 2.1176, uncertainty_coeffi: 0.0010, loss: 0.1811, lr: 9.87e-04
     Epoch[35] Iteration[50/62], entropy: 0.3117, uncertainty: 2.4101, uncertainty_coeffi: 0.0010, loss: 0.1506, lr: 9.71e-04
     Epoch[35] Iteration[60/62], entropy: 0.2278, uncertainty: 1.9493, uncertainty_coeffi: 0.0010, loss: 0.1605, lr: 8.05e-04
     Averaged stats: entropy_avg: 0.2845, uncertainty_avg: 2.0889, uncertainty_coeffi_avg: 0.0010, loss_avg: 0.1767, lr_avg: 7.55e-04
     itm tta time 0:00:20
     Epoch[36] Iteration[10/62], entropy: 0.2753, uncertainty: 1.5536, uncertainty_coeffi: 0.0010, loss: 0.1946, lr: 4.86e-04
     Epoch[36] Iteration[20/62], entropy: 0.2143, uncertainty: 1.9673, uncertainty_coeffi: 0.0010, loss: 0.1589, lr: 2.18e-04
     Epoch[36] Iteration[30/62], entropy: 0.3060, uncertainty: 2.5127, uncertainty_coeffi: 0.0010, loss: 0.1264, lr: 3.94e-05
     Epoch[36] Iteration[40/62], entropy: 0.2151, uncertainty: 1.6984, uncertainty_coeffi: 0.0010, loss: 0.2012, lr: 7.32e-06
     Epoch[36] Iteration[50/62], entropy: 0.1829, uncertainty: 2.3662, uncertainty_coeffi: 0.0010, loss: 0.0843, lr: 1.32e-04
     Epoch[36] Iteration[60/62], entropy: 0.3323, uncertainty: 1.8396, uncertainty_coeffi: 0.0010, loss: 0.1922, lr: 3.73e-04
     Averaged stats: entropy_avg: 0.2543, uncertainty_avg: 1.9896, uncertainty_coeffi_avg: 0.0010, loss_avg: 0.1596, lr_avg: 2.09e-04
     itm tta time 0:00:20
     Epoch[37] Iteration[10/62], entropy: 0.2184, uncertainty: 2.2854, uncertainty_coeffi: 0.0010, loss: 0.1264, lr: 7.08e-04
     Epoch[37] Iteration[20/62], entropy: 0.1648, uncertainty: 2.0249, uncertainty_coeffi: 0.0010, loss: 0.1074, lr: 9.21e-04
     Epoch[37] Iteration[30/62], entropy: 0.4545, uncertainty: 1.8744, uncertainty_coeffi: 0.0010, loss: 0.2430, lr: 1.00e-03
     Epoch[37] Iteration[40/62], entropy: 0.2866, uncertainty: 2.4665, uncertainty_coeffi: 0.0010, loss: 0.1512, lr: 9.21e-04
     Epoch[37] Iteration[50/62], entropy: 0.2524, uncertainty: 2.1745, uncertainty_coeffi: 0.0010, loss: 0.1357, lr: 7.08e-04
     Epoch[37] Iteration[60/62], entropy: 0.2386, uncertainty: 1.7747, uncertainty_coeffi: 0.0010, loss: 0.1375, lr: 4.29e-04
     Averaged stats: entropy_avg: 0.2692, uncertainty_avg: 2.1001, uncertainty_coeffi_avg: 0.0010, loss_avg: 0.1502, lr_avg: 7.81e-04
     itm tta time 0:00:15
     Epoch[38] Iteration[10/62], entropy: 0.1484, uncertainty: 1.9789, uncertainty_coeffi: 0.0010, loss: 0.1988, lr: 1.32e-04
     Epoch[38] Iteration[20/62], entropy: 0.2478, uncertainty: 1.7816, uncertainty_coeffi: 0.0010, loss: 0.2333, lr: 7.32e-06
     Epoch[38] Iteration[30/62], entropy: 0.2261, uncertainty: 2.0871, uncertainty_coeffi: 0.0010, loss: 0.1513, lr: 3.94e-05
     Epoch[38] Iteration[40/62], entropy: 0.2726, uncertainty: 2.2865, uncertainty_coeffi: 0.0010, loss: 0.1174, lr: 2.18e-04
     Epoch[38] Iteration[50/62], entropy: 0.2540, uncertainty: 1.8217, uncertainty_coeffi: 0.0010, loss: 0.1942, lr: 4.86e-04
     Epoch[38] Iteration[60/62], entropy: 0.2633, uncertainty: 1.9788, uncertainty_coeffi: 0.0010, loss: 0.1406, lr: 7.58e-04
     Averaged stats: entropy_avg: 0.2354, uncertainty_avg: 1.9891, uncertainty_coeffi_avg: 0.0010, loss_avg: 0.1726, lr_avg: 2.73e-04
     itm tta time 0:00:15
     Epoch[39] Iteration[10/62], entropy: 0.2487, uncertainty: 1.9097, uncertainty_coeffi: 0.0010, loss: 0.1395, lr: 9.71e-04
     Epoch[39] Iteration[20/62], entropy: 0.2659, uncertainty: 2.0119, uncertainty_coeffi: 0.0010, loss: 0.1313, lr: 9.87e-04
     Epoch[39] Iteration[30/62], entropy: 0.2881, uncertainty: 1.6080, uncertainty_coeffi: 0.0010, loss: 0.1879, lr: 8.48e-04
     Epoch[39] Iteration[40/62], entropy: 0.2061, uncertainty: 1.8351, uncertainty_coeffi: 0.0010, loss: 0.1641, lr: 5.99e-04
     Epoch[39] Iteration[50/62], entropy: 0.2534, uncertainty: 2.1749, uncertainty_coeffi: 0.0010, loss: 0.1380, lr: 3.19e-04
     Epoch[39] Iteration[60/62], entropy: 0.2569, uncertainty: 1.6670, uncertainty_coeffi: 0.0010, loss: 0.1768, lr: 9.55e-05
     Averaged stats: entropy_avg: 0.2532, uncertainty_avg: 1.8678, uncertainty_coeffi_avg: 0.0010, loss_avg: 0.1563, lr_avg: 6.37e-04
     itm tta time 0:00:20
### TTA Eval Score: 
+-------+--------+--------+--------+--------+--------+
| epoch |   R1   |   R5   |  R10   |  mAP   |  mINP  |
+-------+--------+--------+--------+--------+--------+
|  -999 | 59.500 | 80.050 | 87.050 | 44.116 | 20.549 |
|   0   | 60.200 | 80.550 | 87.300 | 45.073 | 21.362 |
|   1   | 59.200 | 80.550 | 87.250 | 44.593 | 21.456 |
|   2   | 60.000 | 80.950 | 87.350 | 44.925 | 21.597 |
|   4   | 61.900 | 80.800 | 87.600 | 45.590 | 21.658 |
|   9   | 61.100 | 80.700 | 88.300 | 45.478 | 21.792 |
|   14  | 61.400 | 80.650 | 88.150 | 45.674 | 21.851 |
|   19  | 60.700 | 80.050 | 87.850 | 45.397 | 21.635 |
|   29  | 61.050 | 80.300 | 88.100 | 45.423 | 21.569 |
|   39  | 61.200 | 81.000 | 88.050 | 45.587 | 21.612 |
+-------+--------+--------+--------+--------+--------+
     logs:  {'epo': 39, 'R1': np.float32(61.2), 'R5': np.float32(81.0), 'R10': np.float32(88.05), 'mAP': np.float32(45.587), 'mINP': np.float32(21.612), 'entropy': 0.25320152938365936, 'uncertainty': 1.8677697976430256, 'uncertainty_coeffi': 0.0010000000474974513, 'loss': 0.15627767890691757, 'lr': 0.0006366299680131107}
     Epoch[40] Iteration[10/62], entropy: 0.1360, uncertainty: 1.7630, uncertainty_coeffi: 0.0010, loss: 0.1143, lr: 8.15e-07
     Epoch[40] Iteration[20/62], entropy: 0.2596, uncertainty: 2.0105, uncertainty_coeffi: 0.0010, loss: 0.1544, lr: 9.55e-05
     Epoch[40] Iteration[30/62], entropy: 0.2839, uncertainty: 1.9919, uncertainty_coeffi: 0.0010, loss: 0.1548, lr: 3.19e-04
     Epoch[40] Iteration[40/62], entropy: 0.3004, uncertainty: 1.9691, uncertainty_coeffi: 0.0010, loss: 0.1588, lr: 5.99e-04
     Epoch[40] Iteration[50/62], entropy: 0.2552, uncertainty: 2.1880, uncertainty_coeffi: 0.0010, loss: 0.1353, lr: 8.48e-04
     Epoch[40] Iteration[60/62], entropy: 0.2352, uncertainty: 2.4782, uncertainty_coeffi: 0.0010, loss: 0.1192, lr: 9.87e-04
     Averaged stats: entropy_avg: 0.2450, uncertainty_avg: 2.0668, uncertainty_coeffi_avg: 0.0010, loss_avg: 0.1395, lr_avg: 4.75e-04
     itm tta time 0:00:20
     Epoch[41] Iteration[10/62], entropy: 0.3209, uncertainty: 2.4513, uncertainty_coeffi: 0.0010, loss: 0.1583, lr: 9.49e-04
     Epoch[41] Iteration[20/62], entropy: 0.3928, uncertainty: 1.8623, uncertainty_coeffi: 0.0010, loss: 0.2627, lr: 7.58e-04
     Epoch[41] Iteration[30/62], entropy: 0.3070, uncertainty: 2.0980, uncertainty_coeffi: 0.0010, loss: 0.2047, lr: 4.86e-04
     Epoch[41] Iteration[40/62], entropy: 0.2002, uncertainty: 2.0744, uncertainty_coeffi: 0.0010, loss: 0.1465, lr: 2.18e-04
     Epoch[41] Iteration[50/62], entropy: 0.2414, uncertainty: 2.4723, uncertainty_coeffi: 0.0010, loss: 0.1567, lr: 3.94e-05
     Epoch[41] Iteration[60/62], entropy: 0.2721, uncertainty: 2.0635, uncertainty_coeffi: 0.0010, loss: 0.1507, lr: 7.32e-06
     Averaged stats: entropy_avg: 0.2891, uncertainty_avg: 2.1703, uncertainty_coeffi_avg: 0.0010, loss_avg: 0.1799, lr_avg: 4.10e-04
     itm tta time 0:00:20
     Epoch[42] Iteration[10/62], entropy: 0.1882, uncertainty: 2.0765, uncertainty_coeffi: 0.0010, loss: 0.2298, lr: 1.73e-04
     Epoch[42] Iteration[20/62], entropy: 0.1803, uncertainty: 1.7223, uncertainty_coeffi: 0.0010, loss: 0.1878, lr: 4.29e-04
     Epoch[42] Iteration[30/62], entropy: 0.2158, uncertainty: 2.1972, uncertainty_coeffi: 0.0010, loss: 0.1103, lr: 7.08e-04
     Epoch[42] Iteration[40/62], entropy: 0.2827, uncertainty: 2.0106, uncertainty_coeffi: 0.0010, loss: 0.1856, lr: 9.21e-04
     Epoch[42] Iteration[50/62], entropy: 0.2523, uncertainty: 2.1095, uncertainty_coeffi: 0.0010, loss: 0.1053, lr: 1.00e-03
     Epoch[42] Iteration[60/62], entropy: 0.3081, uncertainty: 2.2898, uncertainty_coeffi: 0.0010, loss: 0.1450, lr: 9.21e-04
     Averaged stats: entropy_avg: 0.2379, uncertainty_avg: 2.0676, uncertainty_coeffi_avg: 0.0010, loss_avg: 0.1606, lr_avg: 6.92e-04
     itm tta time 0:00:20
     Epoch[43] Iteration[10/62], entropy: 0.3041, uncertainty: 2.0277, uncertainty_coeffi: 0.0010, loss: 0.1641, lr: 6.55e-04
     Epoch[43] Iteration[20/62], entropy: 0.1734, uncertainty: 1.4211, uncertainty_coeffi: 0.0010, loss: 0.1441, lr: 3.73e-04
     Epoch[43] Iteration[30/62], entropy: 0.2110, uncertainty: 1.8169, uncertainty_coeffi: 0.0010, loss: 0.1295, lr: 1.32e-04
     Epoch[43] Iteration[40/62], entropy: 0.3646, uncertainty: 2.0931, uncertainty_coeffi: 0.0010, loss: 0.1709, lr: 7.32e-06
     Epoch[43] Iteration[50/62], entropy: 0.2424, uncertainty: 2.0813, uncertainty_coeffi: 0.0010, loss: 0.1423, lr: 3.94e-05
     Epoch[43] Iteration[60/62], entropy: 0.2720, uncertainty: 1.7834, uncertainty_coeffi: 0.0010, loss: 0.1652, lr: 2.18e-04
     Averaged stats: entropy_avg: 0.2612, uncertainty_avg: 1.8706, uncertainty_coeffi_avg: 0.0010, loss_avg: 0.1527, lr_avg: 2.37e-04
     itm tta time 0:00:21
     Epoch[44] Iteration[10/62], entropy: 0.3101, uncertainty: 1.8481, uncertainty_coeffi: 0.0010, loss: 0.1891, lr: 5.43e-04
     Epoch[44] Iteration[20/62], entropy: 0.1917, uncertainty: 2.0074, uncertainty_coeffi: 0.0010, loss: 0.1425, lr: 8.05e-04
     Epoch[44] Iteration[30/62], entropy: 0.2384, uncertainty: 1.8615, uncertainty_coeffi: 0.0010, loss: 0.1795, lr: 9.71e-04
     Epoch[44] Iteration[40/62], entropy: 0.2763, uncertainty: 2.1045, uncertainty_coeffi: 0.0010, loss: 0.1297, lr: 9.87e-04
     Epoch[44] Iteration[50/62], entropy: 0.2828, uncertainty: 2.4313, uncertainty_coeffi: 0.0010, loss: 0.1319, lr: 8.48e-04
     Epoch[44] Iteration[60/62], entropy: 0.2498, uncertainty: 1.8788, uncertainty_coeffi: 0.0010, loss: 0.1634, lr: 5.99e-04
     Averaged stats: entropy_avg: 0.2582, uncertainty_avg: 2.0219, uncertainty_coeffi_avg: 0.0010, loss_avg: 0.1560, lr_avg: 7.92e-04
     itm tta time 0:00:20
     Epoch[45] Iteration[10/62], entropy: 0.2134, uncertainty: 1.8024, uncertainty_coeffi: 0.0010, loss: 0.1616, lr: 2.67e-04
     Epoch[45] Iteration[20/62], entropy: 0.2486, uncertainty: 2.0261, uncertainty_coeffi: 0.0010, loss: 0.1515, lr: 6.46e-05
     Epoch[45] Iteration[30/62], entropy: 0.2506, uncertainty: 2.1983, uncertainty_coeffi: 0.0010, loss: 0.1646, lr: 8.15e-07
     Epoch[45] Iteration[40/62], entropy: 0.2148, uncertainty: 1.7479, uncertainty_coeffi: 0.0010, loss: 0.1767, lr: 9.55e-05
     Epoch[45] Iteration[50/62], entropy: 0.2437, uncertainty: 1.9659, uncertainty_coeffi: 0.0010, loss: 0.1639, lr: 3.19e-04
     Epoch[45] Iteration[60/62], entropy: 0.3701, uncertainty: 2.0791, uncertainty_coeffi: 0.0010, loss: 0.2553, lr: 5.99e-04
     Averaged stats: entropy_avg: 0.2569, uncertainty_avg: 1.9700, uncertainty_coeffi_avg: 0.0010, loss_avg: 0.1789, lr_avg: 2.24e-04
     itm tta time 0:00:21
     Epoch[46] Iteration[10/62], entropy: 0.1833, uncertainty: 1.9248, uncertainty_coeffi: 0.0010, loss: 0.1102, lr: 8.87e-04
     Epoch[46] Iteration[20/62], entropy: 0.2456, uncertainty: 1.8629, uncertainty_coeffi: 0.0010, loss: 0.1798, lr: 9.97e-04
     Epoch[46] Iteration[30/62], entropy: 0.2697, uncertainty: 2.3915, uncertainty_coeffi: 0.0010, loss: 0.1670, lr: 9.49e-04
     Epoch[46] Iteration[40/62], entropy: 0.2766, uncertainty: 2.0729, uncertainty_coeffi: 0.0010, loss: 0.2065, lr: 7.58e-04
     Epoch[46] Iteration[50/62], entropy: 0.2431, uncertainty: 2.0939, uncertainty_coeffi: 0.0010, loss: 0.1556, lr: 4.86e-04
     Epoch[46] Iteration[60/62], entropy: 0.2611, uncertainty: 1.9611, uncertainty_coeffi: 0.0010, loss: 0.1413, lr: 2.18e-04
     Averaged stats: entropy_avg: 0.2466, uncertainty_avg: 2.0512, uncertainty_coeffi_avg: 0.0010, loss_avg: 0.1601, lr_avg: 7.16e-04
     itm tta time 0:00:20
     Epoch[47] Iteration[10/62], entropy: 0.2908, uncertainty: 2.4474, uncertainty_coeffi: 0.0010, loss: 0.1610, lr: 2.03e-05
     Epoch[47] Iteration[20/62], entropy: 0.2525, uncertainty: 2.0955, uncertainty_coeffi: 0.0010, loss: 0.1512, lr: 2.03e-05
     Epoch[47] Iteration[30/62], entropy: 0.2368, uncertainty: 2.4515, uncertainty_coeffi: 0.0010, loss: 0.1195, lr: 1.73e-04
     Epoch[47] Iteration[40/62], entropy: 0.2558, uncertainty: 2.1473, uncertainty_coeffi: 0.0010, loss: 0.1528, lr: 4.29e-04
     Epoch[47] Iteration[50/62], entropy: 0.2331, uncertainty: 1.8911, uncertainty_coeffi: 0.0010, loss: 0.1258, lr: 7.08e-04
     Epoch[47] Iteration[60/62], entropy: 0.2571, uncertainty: 1.7559, uncertainty_coeffi: 0.0010, loss: 0.1443, lr: 9.21e-04
     Averaged stats: entropy_avg: 0.2544, uncertainty_avg: 2.1315, uncertainty_coeffi_avg: 0.0010, loss_avg: 0.1424, lr_avg: 3.78e-04
     itm tta time 0:00:20
     Epoch[48] Iteration[10/62], entropy: 0.2602, uncertainty: 1.9127, uncertainty_coeffi: 0.0010, loss: 0.1539, lr: 9.97e-04
     Epoch[48] Iteration[20/62], entropy: 0.2287, uncertainty: 1.8984, uncertainty_coeffi: 0.0010, loss: 0.1329, lr: 8.87e-04
     Epoch[48] Iteration[30/62], entropy: 0.2415, uncertainty: 1.5791, uncertainty_coeffi: 0.0010, loss: 0.1405, lr: 6.55e-04
     Epoch[48] Iteration[40/62], entropy: 0.2491, uncertainty: 2.1330, uncertainty_coeffi: 0.0010, loss: 0.1389, lr: 3.73e-04
     Epoch[48] Iteration[50/62], entropy: 0.3012, uncertainty: 2.5280, uncertainty_coeffi: 0.0010, loss: 0.1267, lr: 1.32e-04
     Epoch[48] Iteration[60/62], entropy: 0.3438, uncertainty: 2.0967, uncertainty_coeffi: 0.0010, loss: 0.2248, lr: 7.32e-06
     Averaged stats: entropy_avg: 0.2708, uncertainty_avg: 2.0247, uncertainty_coeffi_avg: 0.0010, loss_avg: 0.1530, lr_avg: 5.08e-04
     itm tta time 0:00:20
     Epoch[49] Iteration[10/62], entropy: 0.2231, uncertainty: 2.0246, uncertainty_coeffi: 0.0010, loss: 0.1151, lr: 6.46e-05
     Epoch[49] Iteration[20/62], entropy: 0.2304, uncertainty: 2.2928, uncertainty_coeffi: 0.0010, loss: 0.1156, lr: 2.67e-04
     Epoch[49] Iteration[30/62], entropy: 0.3036, uncertainty: 2.1260, uncertainty_coeffi: 0.0010, loss: 0.1504, lr: 5.43e-04
     Epoch[49] Iteration[40/62], entropy: 0.2569, uncertainty: 1.9338, uncertainty_coeffi: 0.0010, loss: 0.1836, lr: 8.05e-04
     Epoch[49] Iteration[50/62], entropy: 0.2067, uncertainty: 2.1628, uncertainty_coeffi: 0.0010, loss: 0.1168, lr: 9.71e-04
     Epoch[49] Iteration[60/62], entropy: 0.2777, uncertainty: 2.1434, uncertainty_coeffi: 0.0010, loss: 0.1349, lr: 9.87e-04
     Averaged stats: entropy_avg: 0.2497, uncertainty_avg: 2.1139, uncertainty_coeffi_avg: 0.0010, loss_avg: 0.1361, lr_avg: 6.06e-04
     itm tta time 0:00:19
### TTA Eval Score: 
+-------+--------+--------+--------+--------+--------+
| epoch |   R1   |   R5   |  R10   |  mAP   |  mINP  |
+-------+--------+--------+--------+--------+--------+
|  -999 | 59.500 | 80.050 | 87.050 | 44.116 | 20.549 |
|   0   | 60.200 | 80.550 | 87.300 | 45.073 | 21.362 |
|   1   | 59.200 | 80.550 | 87.250 | 44.593 | 21.456 |
|   2   | 60.000 | 80.950 | 87.350 | 44.925 | 21.597 |
|   4   | 61.900 | 80.800 | 87.600 | 45.590 | 21.658 |
|   9   | 61.100 | 80.700 | 88.300 | 45.478 | 21.792 |
|   14  | 61.400 | 80.650 | 88.150 | 45.674 | 21.851 |
|   19  | 60.700 | 80.050 | 87.850 | 45.397 | 21.635 |
|   29  | 61.050 | 80.300 | 88.100 | 45.423 | 21.569 |
|   39  | 61.200 | 81.000 | 88.050 | 45.587 | 21.612 |
|   49  | 61.400 | 81.150 | 87.800 | 45.653 | 21.675 |
+-------+--------+--------+--------+--------+--------+
     logs:  {'epo': 49, 'R1': np.float32(61.4), 'R5': np.float32(81.15), 'R10': np.float32(87.8), 'mAP': np.float32(45.653), 'mINP': np.float32(21.675), 'entropy': 0.24973661452531815, 'uncertainty': 2.113898813724518, 'uncertainty_coeffi': 0.0010000000474974513, 'loss': 0.13606809948881468, 'lr': 0.0006062221473625539}
     Epoch[50] Iteration[10/62], entropy: 0.1994, uncertainty: 1.8944, uncertainty_coeffi: 0.0010, loss: 0.1845, lr: 8.05e-04
     Epoch[50] Iteration[20/62], entropy: 0.2278, uncertainty: 1.8519, uncertainty_coeffi: 0.0010, loss: 0.1598, lr: 5.43e-04
     Epoch[50] Iteration[30/62], entropy: 0.1752, uncertainty: 2.1534, uncertainty_coeffi: 0.0010, loss: 0.1121, lr: 2.67e-04
     Epoch[50] Iteration[40/62], entropy: 0.2902, uncertainty: 2.0440, uncertainty_coeffi: 0.0010, loss: 0.1547, lr: 6.46e-05
     Epoch[50] Iteration[50/62], entropy: 0.2006, uncertainty: 2.0489, uncertainty_coeffi: 0.0010, loss: 0.0893, lr: 8.15e-07
     Epoch[50] Iteration[60/62], entropy: 0.2854, uncertainty: 1.9820, uncertainty_coeffi: 0.0010, loss: 0.1583, lr: 9.55e-05
     Averaged stats: entropy_avg: 0.2298, uncertainty_avg: 1.9958, uncertainty_coeffi_avg: 0.0010, loss_avg: 0.1431, lr_avg: 2.96e-04
     itm tta time 0:00:20
     Epoch[51] Iteration[10/62], entropy: 0.2374, uncertainty: 1.9238, uncertainty_coeffi: 0.0010, loss: 0.1998, lr: 3.73e-04
     Epoch[51] Iteration[20/62], entropy: 0.2080, uncertainty: 1.9932, uncertainty_coeffi: 0.0010, loss: 0.1272, lr: 6.55e-04
     Epoch[51] Iteration[30/62], entropy: 0.2426, uncertainty: 1.8247, uncertainty_coeffi: 0.0010, loss: 0.1622, lr: 8.87e-04
     Epoch[51] Iteration[40/62], entropy: 0.2873, uncertainty: 2.3379, uncertainty_coeffi: 0.0010, loss: 0.1322, lr: 9.97e-04
     Epoch[51] Iteration[50/62], entropy: 0.2899, uncertainty: 2.4117, uncertainty_coeffi: 0.0010, loss: 0.1415, lr: 9.49e-04
     Epoch[51] Iteration[60/62], entropy: 0.2478, uncertainty: 1.9955, uncertainty_coeffi: 0.0010, loss: 0.1765, lr: 7.58e-04
     Averaged stats: entropy_avg: 0.2522, uncertainty_avg: 2.0811, uncertainty_coeffi_avg: 0.0010, loss_avg: 0.1566, lr_avg: 7.70e-04
     itm tta time 0:00:20
     Epoch[52] Iteration[10/62], entropy: 0.1463, uncertainty: 1.6867, uncertainty_coeffi: 0.0010, loss: 0.1327, lr: 4.29e-04
     Epoch[52] Iteration[20/62], entropy: 0.1750, uncertainty: 1.9690, uncertainty_coeffi: 0.0010, loss: 0.1014, lr: 1.73e-04
     Epoch[52] Iteration[30/62], entropy: 0.1784, uncertainty: 2.1723, uncertainty_coeffi: 0.0010, loss: 0.0757, lr: 2.03e-05
     Epoch[52] Iteration[40/62], entropy: 0.2201, uncertainty: 2.3044, uncertainty_coeffi: 0.0010, loss: 0.1411, lr: 2.03e-05
     Epoch[52] Iteration[50/62], entropy: 0.1402, uncertainty: 2.0219, uncertainty_coeffi: 0.0010, loss: 0.0834, lr: 1.73e-04
     Epoch[52] Iteration[60/62], entropy: 0.2150, uncertainty: 1.9108, uncertainty_coeffi: 0.0010, loss: 0.1271, lr: 4.29e-04
     Averaged stats: entropy_avg: 0.1792, uncertainty_avg: 2.0108, uncertainty_coeffi_avg: 0.0010, loss_avg: 0.1102, lr_avg: 2.07e-04
     itm tta time 0:00:21
     Epoch[53] Iteration[10/62], entropy: 0.1508, uncertainty: 1.6967, uncertainty_coeffi: 0.0010, loss: 0.1052, lr: 7.58e-04
     Epoch[53] Iteration[20/62], entropy: 0.1988, uncertainty: 1.8513, uncertainty_coeffi: 0.0010, loss: 0.1467, lr: 9.49e-04
     Epoch[53] Iteration[30/62], entropy: 0.1926, uncertainty: 1.7969, uncertainty_coeffi: 0.0010, loss: 0.1109, lr: 9.97e-04
     Epoch[53] Iteration[40/62], entropy: 0.2994, uncertainty: 2.0878, uncertainty_coeffi: 0.0010, loss: 0.1811, lr: 8.87e-04
     Epoch[53] Iteration[50/62], entropy: 0.3472, uncertainty: 2.2463, uncertainty_coeffi: 0.0010, loss: 0.2085, lr: 6.55e-04
     Epoch[53] Iteration[60/62], entropy: 0.2859, uncertainty: 2.4249, uncertainty_coeffi: 0.0010, loss: 0.1307, lr: 3.73e-04
     Averaged stats: entropy_avg: 0.2458, uncertainty_avg: 2.0173, uncertainty_coeffi_avg: 0.0010, loss_avg: 0.1472, lr_avg: 7.70e-04
     itm tta time 0:00:21
     Epoch[54] Iteration[10/62], entropy: 0.2368, uncertainty: 1.8158, uncertainty_coeffi: 0.0010, loss: 0.1748, lr: 9.55e-05
     Epoch[54] Iteration[20/62], entropy: 0.2113, uncertainty: 1.9356, uncertainty_coeffi: 0.0010, loss: 0.1319, lr: 8.15e-07
     Epoch[54] Iteration[30/62], entropy: 0.2052, uncertainty: 1.9280, uncertainty_coeffi: 0.0010, loss: 0.1346, lr: 6.46e-05
     Epoch[54] Iteration[40/62], entropy: 0.2055, uncertainty: 2.3191, uncertainty_coeffi: 0.0010, loss: 0.1146, lr: 2.67e-04
     Epoch[54] Iteration[50/62], entropy: 0.2695, uncertainty: 2.1865, uncertainty_coeffi: 0.0010, loss: 0.1158, lr: 5.43e-04
     Epoch[54] Iteration[60/62], entropy: 0.2054, uncertainty: 2.1752, uncertainty_coeffi: 0.0010, loss: 0.1108, lr: 8.05e-04
     Averaged stats: entropy_avg: 0.2223, uncertainty_avg: 2.0600, uncertainty_coeffi_avg: 0.0010, loss_avg: 0.1304, lr_avg: 2.96e-04
     itm tta time 0:00:21
     Epoch[55] Iteration[10/62], entropy: 0.2062, uncertainty: 1.7808, uncertainty_coeffi: 0.0010, loss: 0.1576, lr: 9.87e-04
     Epoch[55] Iteration[20/62], entropy: 0.2686, uncertainty: 2.2338, uncertainty_coeffi: 0.0010, loss: 0.1883, lr: 9.71e-04
     Epoch[55] Iteration[30/62], entropy: 0.2488, uncertainty: 2.3783, uncertainty_coeffi: 0.0010, loss: 0.1174, lr: 8.05e-04
     Epoch[55] Iteration[40/62], entropy: 0.3224, uncertainty: 2.2359, uncertainty_coeffi: 0.0010, loss: 0.2157, lr: 5.43e-04
     Epoch[55] Iteration[50/62], entropy: 0.2945, uncertainty: 2.2278, uncertainty_coeffi: 0.0010, loss: 0.1762, lr: 2.67e-04
     Epoch[55] Iteration[60/62], entropy: 0.2398, uncertainty: 1.9222, uncertainty_coeffi: 0.0010, loss: 0.1310, lr: 6.46e-05
     Averaged stats: entropy_avg: 0.2634, uncertainty_avg: 2.1298, uncertainty_coeffi_avg: 0.0010, loss_avg: 0.1643, lr_avg: 6.06e-04
     itm tta time 0:00:21
     Epoch[56] Iteration[10/62], entropy: 0.2389, uncertainty: 2.1430, uncertainty_coeffi: 0.0010, loss: 0.1177, lr: 7.32e-06
     Epoch[56] Iteration[20/62], entropy: 0.1556, uncertainty: 1.9207, uncertainty_coeffi: 0.0010, loss: 0.1140, lr: 1.32e-04
     Epoch[56] Iteration[30/62], entropy: 0.1402, uncertainty: 2.0307, uncertainty_coeffi: 0.0010, loss: 0.0956, lr: 3.73e-04
     Epoch[56] Iteration[40/62], entropy: 0.2061, uncertainty: 2.0434, uncertainty_coeffi: 0.0010, loss: 0.1004, lr: 6.55e-04
     Epoch[56] Iteration[50/62], entropy: 0.2355, uncertainty: 2.1533, uncertainty_coeffi: 0.0010, loss: 0.1523, lr: 8.87e-04
     Epoch[56] Iteration[60/62], entropy: 0.2447, uncertainty: 1.7610, uncertainty_coeffi: 0.0010, loss: 0.2158, lr: 9.97e-04
     Averaged stats: entropy_avg: 0.2035, uncertainty_avg: 2.0087, uncertainty_coeffi_avg: 0.0010, loss_avg: 0.1327, lr_avg: 5.08e-04
     itm tta time 0:00:21
     Epoch[57] Iteration[10/62], entropy: 0.2610, uncertainty: 2.2031, uncertainty_coeffi: 0.0010, loss: 0.1868, lr: 9.21e-04
     Epoch[57] Iteration[20/62], entropy: 0.2766, uncertainty: 2.2009, uncertainty_coeffi: 0.0010, loss: 0.1430, lr: 7.08e-04
     Epoch[57] Iteration[30/62], entropy: 0.2412, uncertainty: 1.9919, uncertainty_coeffi: 0.0010, loss: 0.1971, lr: 4.29e-04
     Epoch[57] Iteration[40/62], entropy: 0.2659, uncertainty: 2.2564, uncertainty_coeffi: 0.0010, loss: 0.1302, lr: 1.73e-04
     Epoch[57] Iteration[50/62], entropy: 0.2598, uncertainty: 2.2882, uncertainty_coeffi: 0.0010, loss: 0.1668, lr: 2.03e-05
     Epoch[57] Iteration[60/62], entropy: 0.1970, uncertainty: 2.1356, uncertainty_coeffi: 0.0010, loss: 0.1154, lr: 2.03e-05
     Averaged stats: entropy_avg: 0.2503, uncertainty_avg: 2.1794, uncertainty_coeffi_avg: 0.0010, loss_avg: 0.1566, lr_avg: 3.78e-04
     itm tta time 0:00:21
     Epoch[58] Iteration[10/62], entropy: 0.2117, uncertainty: 2.0360, uncertainty_coeffi: 0.0010, loss: 0.1501, lr: 2.18e-04
     Epoch[58] Iteration[20/62], entropy: 0.2242, uncertainty: 2.0936, uncertainty_coeffi: 0.0010, loss: 0.1433, lr: 4.86e-04
     Epoch[58] Iteration[30/62], entropy: 0.2366, uncertainty: 2.2532, uncertainty_coeffi: 0.0010, loss: 0.1617, lr: 7.58e-04
     Epoch[58] Iteration[40/62], entropy: 0.2069, uncertainty: 1.9956, uncertainty_coeffi: 0.0010, loss: 0.1354, lr: 9.49e-04
     Epoch[58] Iteration[50/62], entropy: 0.2543, uncertainty: 2.3051, uncertainty_coeffi: 0.0010, loss: 0.1467, lr: 9.97e-04
     Epoch[58] Iteration[60/62], entropy: 0.2453, uncertainty: 2.1873, uncertainty_coeffi: 0.0010, loss: 0.1145, lr: 8.87e-04
     Averaged stats: entropy_avg: 0.2298, uncertainty_avg: 2.1451, uncertainty_coeffi_avg: 0.0010, loss_avg: 0.1419, lr_avg: 7.16e-04
     itm tta time 0:00:21
     Epoch[59] Iteration[10/62], entropy: 0.2586, uncertainty: 2.1130, uncertainty_coeffi: 0.0010, loss: 0.1379, lr: 5.99e-04
     Epoch[59] Iteration[20/62], entropy: 0.1987, uncertainty: 1.8839, uncertainty_coeffi: 0.0010, loss: 0.0968, lr: 3.19e-04
     Epoch[59] Iteration[30/62], entropy: 0.1652, uncertainty: 1.6935, uncertainty_coeffi: 0.0010, loss: 0.1420, lr: 9.55e-05
     Epoch[59] Iteration[40/62], entropy: 0.3627, uncertainty: 2.1963, uncertainty_coeffi: 0.0010, loss: 0.1871, lr: 8.15e-07
     Epoch[59] Iteration[50/62], entropy: 0.1744, uncertainty: 1.6757, uncertainty_coeffi: 0.0010, loss: 0.1228, lr: 6.46e-05
     Epoch[59] Iteration[60/62], entropy: 0.1823, uncertainty: 1.8510, uncertainty_coeffi: 0.0010, loss: 0.1071, lr: 2.67e-04
     Averaged stats: entropy_avg: 0.2237, uncertainty_avg: 1.9022, uncertainty_coeffi_avg: 0.0010, loss_avg: 0.1323, lr_avg: 2.24e-04
     itm tta time 0:00:20
### TTA Eval Score: 
+-------+--------+--------+--------+--------+--------+
| epoch |   R1   |   R5   |  R10   |  mAP   |  mINP  |
+-------+--------+--------+--------+--------+--------+
|  -999 | 59.500 | 80.050 | 87.050 | 44.116 | 20.549 |
|   0   | 60.200 | 80.550 | 87.300 | 45.073 | 21.362 |
|   1   | 59.200 | 80.550 | 87.250 | 44.593 | 21.456 |
|   2   | 60.000 | 80.950 | 87.350 | 44.925 | 21.597 |
|   4   | 61.900 | 80.800 | 87.600 | 45.590 | 21.658 |
|   9   | 61.100 | 80.700 | 88.300 | 45.478 | 21.792 |
|   14  | 61.400 | 80.650 | 88.150 | 45.674 | 21.851 |
|   19  | 60.700 | 80.050 | 87.850 | 45.397 | 21.635 |
|   29  | 61.050 | 80.300 | 88.100 | 45.423 | 21.569 |
|   39  | 61.200 | 81.000 | 88.050 | 45.587 | 21.612 |
|   49  | 61.400 | 81.150 | 87.800 | 45.653 | 21.675 |
|   59  | 61.400 | 80.650 | 87.950 | 45.614 | 21.635 |
+-------+--------+--------+--------+--------+--------+
     logs:  {'epo': 59, 'R1': np.float32(61.4), 'R5': np.float32(80.65), 'R10': np.float32(87.95), 'mAP': np.float32(45.614), 'mINP': np.float32(21.635), 'entropy': 0.22365199029445648, 'uncertainty': 1.9022184411684673, 'uncertainty_coeffi': 0.0010000000474974513, 'loss': 0.13228843857844672, 'lr': 0.00022424860522071176}
### best epoch 4 : {'epo': '4', 'R1': '61.9', 'R5': '80.8', 'R10': '87.6', 'mAP': '45.59', 'mINP': '21.658', 'entropy': '0.3213381419579188', 'uncertainty': '2.0424129168192544', 'uncertainty_coeffi': '0.0010000000474974513', 'loss': '0.25489573180675507', 'lr': '0.00022424860522071425'}
### Time 0:21:42
