Not using distributed mode
### Hyper-parameters:
     output_dir: output/ham_cuhk_tta_best2/exp1.0.2/2025090202592
     seed: 42
     device: cuda
     batch_size_tta: 16
     epochs: 30
     lr: 0.0001
### Creating test dataset
     test_txt_set: 6156    test_img_set: 3074
     test_txt_loader: 13    test_img_loader: 7
### Creating model
Training Model with ['sdm', 'id', 'mlm'] tasks
Resized position embedding from size:torch.Size([1, 197, 768]) to size: torch.Size([1, 193, 768]) with height:24 width: 8
     Total Params Sum:  194535419
### Zero-Shot Score: 
/data2/jiahao/task/IRRA/tta.py:261: FutureWarning: `torch.cuda.amp.GradScaler(args...)` is deprecated. Please use `torch.amp.GradScaler('cuda', args...)` instead.
  scaler = GradScaler()  # bf16
+-------+--------+--------+--------+--------+--------+
| epoch |   R1   |   R5   |  R10   |  mAP   |  mINP  |
+-------+--------+--------+--------+--------+--------+
|  -999 | 68.990 | 86.485 | 91.163 | 62.372 | 46.154 |
+-------+--------+--------+--------+--------+--------+
### TTA:
### Compute Cos Similarity Uncertainty
     preprocess_tta_coefficients  start
     sample selection ...
     number of sample after sample_selection: 1625
     uncertainty ...
     preprocess_tta_coefficients  end
### Creating TTA dataset
     tta_dataset: 1625
### Creating tta dataloader
### be careful: func create_loader returns a list length of 1
     tta_loader: 101
### Configure adapted weights
     TTA Dropout Modules: 
 []
     TTA Require Gradient Params: 
 [('base_model.transformer.resblocks.0.ln_1.weight', torch.Size([512])), ('base_model.transformer.resblocks.0.ln_1.bias', torch.Size([512])), ('base_model.transformer.resblocks.0.ln_2.weight', torch.Size([512])), ('base_model.transformer.resblocks.0.ln_2.bias', torch.Size([512])), ('base_model.transformer.resblocks.1.ln_1.weight', torch.Size([512])), ('base_model.transformer.resblocks.1.ln_1.bias', torch.Size([512])), ('base_model.transformer.resblocks.1.ln_2.weight', torch.Size([512])), ('base_model.transformer.resblocks.1.ln_2.bias', torch.Size([512])), ('base_model.transformer.resblocks.2.ln_1.weight', torch.Size([512])), ('base_model.transformer.resblocks.2.ln_1.bias', torch.Size([512])), ('base_model.transformer.resblocks.2.ln_2.weight', torch.Size([512])), ('base_model.transformer.resblocks.2.ln_2.bias', torch.Size([512])), ('base_model.transformer.resblocks.3.ln_1.weight', torch.Size([512])), ('base_model.transformer.resblocks.3.ln_1.bias', torch.Size([512])), ('base_model.transformer.resblocks.3.ln_2.weight', torch.Size([512])), ('base_model.transformer.resblocks.3.ln_2.bias', torch.Size([512])), ('base_model.transformer.resblocks.4.ln_1.weight', torch.Size([512])), ('base_model.transformer.resblocks.4.ln_1.bias', torch.Size([512])), ('base_model.transformer.resblocks.4.ln_2.weight', torch.Size([512])), ('base_model.transformer.resblocks.4.ln_2.bias', torch.Size([512])), ('base_model.transformer.resblocks.5.ln_1.weight', torch.Size([512])), ('base_model.transformer.resblocks.5.ln_1.bias', torch.Size([512])), ('base_model.transformer.resblocks.5.ln_2.weight', torch.Size([512])), ('base_model.transformer.resblocks.5.ln_2.bias', torch.Size([512])), ('base_model.transformer.resblocks.6.ln_1.weight', torch.Size([512])), ('base_model.transformer.resblocks.6.ln_1.bias', torch.Size([512])), ('base_model.transformer.resblocks.6.ln_2.weight', torch.Size([512])), ('base_model.transformer.resblocks.6.ln_2.bias', torch.Size([512])), ('base_model.transformer.resblocks.7.ln_1.weight', torch.Size([512])), ('base_model.transformer.resblocks.7.ln_1.bias', torch.Size([512])), ('base_model.transformer.resblocks.7.ln_2.weight', torch.Size([512])), ('base_model.transformer.resblocks.7.ln_2.bias', torch.Size([512])), ('base_model.transformer.resblocks.8.ln_1.weight', torch.Size([512])), ('base_model.transformer.resblocks.8.ln_1.bias', torch.Size([512])), ('base_model.transformer.resblocks.8.ln_2.weight', torch.Size([512])), ('base_model.transformer.resblocks.8.ln_2.bias', torch.Size([512])), ('base_model.transformer.resblocks.9.ln_1.weight', torch.Size([512])), ('base_model.transformer.resblocks.9.ln_1.bias', torch.Size([512])), ('base_model.transformer.resblocks.9.ln_2.weight', torch.Size([512])), ('base_model.transformer.resblocks.9.ln_2.bias', torch.Size([512])), ('base_model.transformer.resblocks.10.ln_1.weight', torch.Size([512])), ('base_model.transformer.resblocks.10.ln_1.bias', torch.Size([512])), ('base_model.transformer.resblocks.10.ln_2.weight', torch.Size([512])), ('base_model.transformer.resblocks.10.ln_2.bias', torch.Size([512])), ('base_model.transformer.resblocks.11.ln_1.weight', torch.Size([512])), ('base_model.transformer.resblocks.11.ln_1.bias', torch.Size([512])), ('base_model.transformer.resblocks.11.ln_2.weight', torch.Size([512])), ('base_model.transformer.resblocks.11.ln_2.bias', torch.Size([512])), ('base_model.ln_final.weight', torch.Size([512])), ('base_model.ln_final.bias', torch.Size([512]))]
     TTA Dropout Modules Number: 
 0
     TTA Require Gradient Params Sum: 
 25600
Using 5.0 times learning rate for random init module 
### Start Test Time Adaptation
/data2/jiahao/task/IRRA/tta.py:65: FutureWarning: `torch.cuda.amp.autocast(args...)` is deprecated. Please use `torch.amp.autocast('cuda', args...)` instead.
  with torch.cuda.amp.autocast(enabled=True):
     Epoch[0] Iteration[10/101], entropy: 0.7390, loss: 0.7390, lr: 9.38e-05
     Epoch[0] Iteration[20/101], entropy: 0.4835, loss: 0.4835, lr: 4.06e-05
     Epoch[0] Iteration[30/101], entropy: 0.4671, loss: 0.4671, lr: 3.94e-07
     Epoch[0] Iteration[40/101], entropy: 0.3720, loss: 0.3720, lr: 2.87e-05
     Epoch[0] Iteration[50/101], entropy: 0.5104, loss: 0.5104, lr: 8.64e-05
     Epoch[0] Iteration[60/101], entropy: 0.4251, loss: 0.4251, lr: 9.38e-05
     Epoch[0] Iteration[70/101], entropy: 0.5229, loss: 0.5229, lr: 4.06e-05
     Epoch[0] Iteration[80/101], entropy: 0.7742, loss: 0.7742, lr: 3.94e-07
     Epoch[0] Iteration[90/101], entropy: 0.6280, loss: 0.6280, lr: 2.87e-05
     Epoch[0] Iteration[100/101], entropy: 0.6364, loss: 0.6364, lr: 8.64e-05
     Averaged stats: entropy: 0.5260, loss: 0.5260, lr: 9.05e-05
     itm tta time 0:00:11
### TTA Eval Score: 
+-------+--------+--------+--------+--------+--------+
| epoch |   R1   |   R5   |  R10   |  mAP   |  mINP  |
+-------+--------+--------+--------+--------+--------+
|  -999 | 68.990 | 86.485 | 91.163 | 62.372 | 46.154 |
|   0   | 69.055 | 86.517 | 91.212 | 62.456 | 46.261 |
+-------+--------+--------+--------+--------+--------+
     logs:  {'epo': 0, 'R1': 69.055, 'R5': 86.517, 'R10': 91.212, 'mAP': 62.456, 'mINP': 46.261, 'entropy': 0.5558576911687851, 'loss': 0.5558576911687851, 'lr': 4.999999999999999e-05}
     Epoch[1] Iteration[10/101], entropy: 0.6565, loss: 0.6565, lr: 9.05e-05
     Epoch[1] Iteration[20/101], entropy: 0.7358, loss: 0.7358, lr: 3.45e-05
     Epoch[1] Iteration[30/101], entropy: 0.7411, loss: 0.7411, lr: 0.00e+00
     Epoch[1] Iteration[40/101], entropy: 0.7093, loss: 0.7093, lr: 3.45e-05
     Epoch[1] Iteration[50/101], entropy: 0.3838, loss: 0.3838, lr: 9.05e-05
     Epoch[1] Iteration[60/101], entropy: 0.5587, loss: 0.5587, lr: 9.05e-05
     Epoch[1] Iteration[70/101], entropy: 0.6283, loss: 0.6283, lr: 3.45e-05
     Epoch[1] Iteration[80/101], entropy: 0.7717, loss: 0.7717, lr: 0.00e+00
     Epoch[1] Iteration[90/101], entropy: 0.6548, loss: 0.6548, lr: 3.45e-05
     Epoch[1] Iteration[100/101], entropy: 0.6135, loss: 0.6135, lr: 9.05e-05
     Averaged stats: entropy: 0.6829, loss: 0.6829, lr: 9.38e-05
     itm tta time 0:00:11
### TTA Eval Score: 
+-------+--------+--------+--------+--------+--------+
| epoch |   R1   |   R5   |  R10   |  mAP   |  mINP  |
+-------+--------+--------+--------+--------+--------+
|  -999 | 68.990 | 86.485 | 91.163 | 62.372 | 46.154 |
|   0   | 69.055 | 86.517 | 91.212 | 62.456 | 46.261 |
|   1   | 69.201 | 86.533 | 91.244 | 62.512 | 46.326 |
+-------+--------+--------+--------+--------+--------+
     logs:  {'epo': 1, 'R1': 69.201, 'R5': 86.533, 'R10': 91.244, 'mAP': 62.512, 'mINP': 46.326, 'entropy': 0.6453560948371887, 'loss': 0.6453560948371887, 'lr': 5.000000000000001e-05}
     Epoch[2] Iteration[10/101], entropy: 0.5799, loss: 0.5799, lr: 8.64e-05
     Epoch[2] Iteration[20/101], entropy: 0.6567, loss: 0.6567, lr: 2.87e-05
     Epoch[2] Iteration[30/101], entropy: 0.4252, loss: 0.4252, lr: 3.94e-07
     Epoch[2] Iteration[40/101], entropy: 0.4904, loss: 0.4904, lr: 4.06e-05
     Epoch[2] Iteration[50/101], entropy: 0.3923, loss: 0.3923, lr: 9.38e-05
     Epoch[2] Iteration[60/101], entropy: 0.4455, loss: 0.4455, lr: 8.64e-05
     Epoch[2] Iteration[70/101], entropy: 0.5075, loss: 0.5075, lr: 2.87e-05
     Epoch[2] Iteration[80/101], entropy: 0.6309, loss: 0.6309, lr: 3.94e-07
     Epoch[2] Iteration[90/101], entropy: 0.3637, loss: 0.3637, lr: 4.06e-05
     Epoch[2] Iteration[100/101], entropy: 0.7262, loss: 0.7262, lr: 9.38e-05
     Averaged stats: entropy: 0.6002, loss: 0.6002, lr: 9.65e-05
     itm tta time 0:00:10
### TTA Eval Score: 
+-------+--------+--------+--------+--------+--------+
| epoch |   R1   |   R5   |  R10   |  mAP   |  mINP  |
+-------+--------+--------+--------+--------+--------+
|  -999 | 68.990 | 86.485 | 91.163 | 62.372 | 46.154 |
|   0   | 69.055 | 86.517 | 91.212 | 62.456 | 46.261 |
|   1   | 69.201 | 86.533 | 91.244 | 62.512 | 46.326 |
|   2   | 69.201 | 86.550 | 91.293 | 62.538 | 46.334 |
+-------+--------+--------+--------+--------+--------+
     logs:  {'epo': 2, 'R1': 69.201, 'R5': 86.55, 'R10': 91.293, 'mAP': 62.538, 'mINP': 46.334, 'entropy': 0.5218227446079254, 'loss': 0.5218227446079254, 'lr': 4.999999999999995e-05}
     Epoch[3] Iteration[10/101], entropy: 0.6570, loss: 0.6570, lr: 8.19e-05
     Epoch[3] Iteration[20/101], entropy: 0.5520, loss: 0.5520, lr: 2.32e-05
     Epoch[3] Iteration[30/101], entropy: 0.7165, loss: 0.7165, lr: 1.57e-06
     Epoch[3] Iteration[40/101], entropy: 0.6048, loss: 0.6048, lr: 4.69e-05
     Epoch[3] Iteration[50/101], entropy: 0.6521, loss: 0.6521, lr: 9.65e-05
     Epoch[3] Iteration[60/101], entropy: 0.5943, loss: 0.5943, lr: 8.19e-05
     Epoch[3] Iteration[70/101], entropy: 0.3998, loss: 0.3998, lr: 2.32e-05
     Epoch[3] Iteration[80/101], entropy: 0.5173, loss: 0.5173, lr: 1.57e-06
     Epoch[3] Iteration[90/101], entropy: 0.4794, loss: 0.4794, lr: 4.69e-05
     Epoch[3] Iteration[100/101], entropy: 0.5543, loss: 0.5543, lr: 9.65e-05
     Averaged stats: entropy: 0.6413, loss: 0.6413, lr: 9.84e-05
     itm tta time 0:00:11
### TTA Eval Score: 
+-------+--------+--------+--------+--------+--------+
| epoch |   R1   |   R5   |  R10   |  mAP   |  mINP  |
+-------+--------+--------+--------+--------+--------+
|  -999 | 68.990 | 86.485 | 91.163 | 62.372 | 46.154 |
|   0   | 69.055 | 86.517 | 91.212 | 62.456 | 46.261 |
|   1   | 69.201 | 86.533 | 91.244 | 62.512 | 46.326 |
|   2   | 69.201 | 86.550 | 91.293 | 62.538 | 46.334 |
|   3   | 69.233 | 86.615 | 91.342 | 62.568 | 46.404 |
+-------+--------+--------+--------+--------+--------+
     logs:  {'epo': 3, 'R1': 69.233, 'R5': 86.615, 'R10': 91.342, 'mAP': 62.568, 'mINP': 46.404, 'entropy': 0.5727401077747345, 'loss': 0.5727401077747345, 'lr': 5.0000000000000057e-05}
     Epoch[4] Iteration[10/101], entropy: 0.3724, loss: 0.3724, lr: 7.68e-05
     Epoch[4] Iteration[20/101], entropy: 0.4921, loss: 0.4921, lr: 1.81e-05
     Epoch[4] Iteration[30/101], entropy: 0.6149, loss: 0.6149, lr: 3.51e-06
     Epoch[4] Iteration[40/101], entropy: 0.5681, loss: 0.5681, lr: 5.31e-05
     Epoch[4] Iteration[50/101], entropy: 0.4422, loss: 0.4422, lr: 9.84e-05
     Epoch[4] Iteration[60/101], entropy: 0.4509, loss: 0.4509, lr: 7.68e-05
     Epoch[4] Iteration[70/101], entropy: 0.4529, loss: 0.4529, lr: 1.81e-05
     Epoch[4] Iteration[80/101], entropy: 0.5201, loss: 0.5201, lr: 3.51e-06
     Epoch[4] Iteration[90/101], entropy: 0.4534, loss: 0.4534, lr: 5.31e-05
     Epoch[4] Iteration[100/101], entropy: 0.6587, loss: 0.6587, lr: 9.84e-05
     Averaged stats: entropy: 0.5260, loss: 0.5260, lr: 9.96e-05
     itm tta time 0:00:11
### TTA Eval Score: 
+-------+--------+--------+--------+--------+--------+
| epoch |   R1   |   R5   |  R10   |  mAP   |  mINP  |
+-------+--------+--------+--------+--------+--------+
|  -999 | 68.990 | 86.485 | 91.163 | 62.372 | 46.154 |
|   0   | 69.055 | 86.517 | 91.212 | 62.456 | 46.261 |
|   1   | 69.201 | 86.533 | 91.244 | 62.512 | 46.326 |
|   2   | 69.201 | 86.550 | 91.293 | 62.538 | 46.334 |
|   3   | 69.233 | 86.615 | 91.342 | 62.568 | 46.404 |
|   4   | 69.298 | 86.468 | 91.277 | 62.595 | 46.408 |
+-------+--------+--------+--------+--------+--------+
     logs:  {'epo': 4, 'R1': 69.298, 'R5': 86.468, 'R10': 91.277, 'mAP': 62.595, 'mINP': 46.408, 'entropy': 0.5025576293468476, 'loss': 0.5025576293468476, 'lr': 5.000000000000006e-05}
     Epoch[5] Iteration[10/101], entropy: 0.5032, loss: 0.5032, lr: 7.13e-05
     Epoch[5] Iteration[20/101], entropy: 0.5342, loss: 0.5342, lr: 1.36e-05
     Epoch[5] Iteration[30/101], entropy: 0.6282, loss: 0.6282, lr: 6.18e-06
     Epoch[5] Iteration[40/101], entropy: 0.6980, loss: 0.6980, lr: 5.94e-05
     Epoch[5] Iteration[50/101], entropy: 0.6548, loss: 0.6548, lr: 9.96e-05
     Epoch[5] Iteration[60/101], entropy: 0.5221, loss: 0.5221, lr: 7.13e-05
     Epoch[5] Iteration[70/101], entropy: 0.4308, loss: 0.4308, lr: 1.36e-05
     Epoch[5] Iteration[80/101], entropy: 0.5388, loss: 0.5388, lr: 6.18e-06
     Epoch[5] Iteration[90/101], entropy: 0.4805, loss: 0.4805, lr: 5.94e-05
     Epoch[5] Iteration[100/101], entropy: 0.5223, loss: 0.5223, lr: 9.96e-05
     Averaged stats: entropy: 0.6792, loss: 0.6792, lr: 1.00e-04
     itm tta time 0:00:11
### TTA Eval Score: 
+-------+--------+--------+--------+--------+--------+
| epoch |   R1   |   R5   |  R10   |  mAP   |  mINP  |
+-------+--------+--------+--------+--------+--------+
|  -999 | 68.990 | 86.485 | 91.163 | 62.372 | 46.154 |
|   0   | 69.055 | 86.517 | 91.212 | 62.456 | 46.261 |
|   1   | 69.201 | 86.533 | 91.244 | 62.512 | 46.326 |
|   2   | 69.201 | 86.550 | 91.293 | 62.538 | 46.334 |
|   3   | 69.233 | 86.615 | 91.342 | 62.568 | 46.404 |
|   4   | 69.298 | 86.468 | 91.277 | 62.595 | 46.408 |
|   5   | 69.379 | 86.468 | 91.244 | 62.600 | 46.424 |
+-------+--------+--------+--------+--------+--------+
     logs:  {'epo': 5, 'R1': 69.379, 'R5': 86.468, 'R10': 91.244, 'mAP': 62.6, 'mINP': 46.424, 'entropy': 0.5512910693883896, 'loss': 0.5512910693883896, 'lr': 4.9999999999999955e-05}
     Epoch[6] Iteration[10/101], entropy: 0.6893, loss: 0.6893, lr: 6.55e-05
     Epoch[6] Iteration[20/101], entropy: 0.6641, loss: 0.6641, lr: 9.55e-06
     Epoch[6] Iteration[30/101], entropy: 0.4839, loss: 0.4839, lr: 9.55e-06
     Epoch[6] Iteration[40/101], entropy: 0.5623, loss: 0.5623, lr: 6.55e-05
     Epoch[6] Iteration[50/101], entropy: 0.6267, loss: 0.6267, lr: 1.00e-04
     Epoch[6] Iteration[60/101], entropy: 0.4926, loss: 0.4926, lr: 6.55e-05
     Epoch[6] Iteration[70/101], entropy: 0.5559, loss: 0.5559, lr: 9.55e-06
     Epoch[6] Iteration[80/101], entropy: 0.6158, loss: 0.6158, lr: 9.55e-06
     Epoch[6] Iteration[90/101], entropy: 0.5860, loss: 0.5860, lr: 6.55e-05
     Epoch[6] Iteration[100/101], entropy: 0.5407, loss: 0.5407, lr: 1.00e-04
     Averaged stats: entropy: 0.6824, loss: 0.6824, lr: 9.96e-05
     itm tta time 0:00:10
### TTA Eval Score: 
+-------+--------+--------+--------+--------+--------+
| epoch |   R1   |   R5   |  R10   |  mAP   |  mINP  |
+-------+--------+--------+--------+--------+--------+
|  -999 | 68.990 | 86.485 | 91.163 | 62.372 | 46.154 |
|   0   | 69.055 | 86.517 | 91.212 | 62.456 | 46.261 |
|   1   | 69.201 | 86.533 | 91.244 | 62.512 | 46.326 |
|   2   | 69.201 | 86.550 | 91.293 | 62.538 | 46.334 |
|   3   | 69.233 | 86.615 | 91.342 | 62.568 | 46.404 |
|   4   | 69.298 | 86.468 | 91.277 | 62.595 | 46.408 |
|   5   | 69.379 | 86.468 | 91.244 | 62.600 | 46.424 |
|   6   | 69.509 | 86.468 | 91.293 | 62.653 | 46.450 |
+-------+--------+--------+--------+--------+--------+
     logs:  {'epo': 6, 'R1': 69.509, 'R5': 86.468, 'R10': 91.293, 'mAP': 62.653, 'mINP': 46.45, 'entropy': 0.5817368507385254, 'loss': 0.5817368507385254, 'lr': 5.0000000000000036e-05}
     Epoch[7] Iteration[10/101], entropy: 0.5166, loss: 0.5166, lr: 5.94e-05
     Epoch[7] Iteration[20/101], entropy: 0.6066, loss: 0.6066, lr: 6.18e-06
     Epoch[7] Iteration[30/101], entropy: 0.5407, loss: 0.5407, lr: 1.36e-05
     Epoch[7] Iteration[40/101], entropy: 0.5100, loss: 0.5100, lr: 7.13e-05
     Epoch[7] Iteration[50/101], entropy: 0.6208, loss: 0.6208, lr: 9.96e-05
     Epoch[7] Iteration[60/101], entropy: 0.5448, loss: 0.5448, lr: 5.94e-05
     Epoch[7] Iteration[70/101], entropy: 0.5675, loss: 0.5675, lr: 6.18e-06
     Epoch[7] Iteration[80/101], entropy: 0.4895, loss: 0.4895, lr: 1.36e-05
     Epoch[7] Iteration[90/101], entropy: 0.4068, loss: 0.4068, lr: 7.13e-05
     Epoch[7] Iteration[100/101], entropy: 0.5468, loss: 0.5468, lr: 9.96e-05
     Averaged stats: entropy: 0.6507, loss: 0.6507, lr: 9.84e-05
     itm tta time 0:00:11
### TTA Eval Score: 
+-------+--------+--------+--------+--------+--------+
| epoch |   R1   |   R5   |  R10   |  mAP   |  mINP  |
+-------+--------+--------+--------+--------+--------+
|  -999 | 68.990 | 86.485 | 91.163 | 62.372 | 46.154 |
|   0   | 69.055 | 86.517 | 91.212 | 62.456 | 46.261 |
|   1   | 69.201 | 86.533 | 91.244 | 62.512 | 46.326 |
|   2   | 69.201 | 86.550 | 91.293 | 62.538 | 46.334 |
|   3   | 69.233 | 86.615 | 91.342 | 62.568 | 46.404 |
|   4   | 69.298 | 86.468 | 91.277 | 62.595 | 46.408 |
|   5   | 69.379 | 86.468 | 91.244 | 62.600 | 46.424 |
|   6   | 69.509 | 86.468 | 91.293 | 62.653 | 46.450 |
|   7   | 69.526 | 86.420 | 91.326 | 62.640 | 46.446 |
+-------+--------+--------+--------+--------+--------+
     logs:  {'epo': 7, 'R1': 69.526, 'R5': 86.42, 'R10': 91.326, 'mAP': 62.64, 'mINP': 46.446, 'entropy': 0.5350147277116776, 'loss': 0.5350147277116776, 'lr': 4.999999999999997e-05}
     Epoch[8] Iteration[10/101], entropy: 0.4771, loss: 0.4771, lr: 5.31e-05
     Epoch[8] Iteration[20/101], entropy: 0.5846, loss: 0.5846, lr: 3.51e-06
     Epoch[8] Iteration[30/101], entropy: 0.3692, loss: 0.3692, lr: 1.81e-05
     Epoch[8] Iteration[40/101], entropy: 0.6148, loss: 0.6148, lr: 7.68e-05
     Epoch[8] Iteration[50/101], entropy: 0.4512, loss: 0.4512, lr: 9.84e-05
     Epoch[8] Iteration[60/101], entropy: 0.6207, loss: 0.6207, lr: 5.31e-05
     Epoch[8] Iteration[70/101], entropy: 0.6452, loss: 0.6452, lr: 3.51e-06
     Epoch[8] Iteration[80/101], entropy: 0.4754, loss: 0.4754, lr: 1.81e-05
     Epoch[8] Iteration[90/101], entropy: 0.6362, loss: 0.6362, lr: 7.68e-05
     Epoch[8] Iteration[100/101], entropy: 0.6493, loss: 0.6493, lr: 9.84e-05
     Averaged stats: entropy: 0.5711, loss: 0.5711, lr: 9.65e-05
     itm tta time 0:00:11
### TTA Eval Score: 
+-------+--------+--------+--------+--------+--------+
| epoch |   R1   |   R5   |  R10   |  mAP   |  mINP  |
+-------+--------+--------+--------+--------+--------+
|  -999 | 68.990 | 86.485 | 91.163 | 62.372 | 46.154 |
|   0   | 69.055 | 86.517 | 91.212 | 62.456 | 46.261 |
|   1   | 69.201 | 86.533 | 91.244 | 62.512 | 46.326 |
|   2   | 69.201 | 86.550 | 91.293 | 62.538 | 46.334 |
|   3   | 69.233 | 86.615 | 91.342 | 62.568 | 46.404 |
|   4   | 69.298 | 86.468 | 91.277 | 62.595 | 46.408 |
|   5   | 69.379 | 86.468 | 91.244 | 62.600 | 46.424 |
|   6   | 69.509 | 86.468 | 91.293 | 62.653 | 46.450 |
|   7   | 69.526 | 86.420 | 91.326 | 62.640 | 46.446 |
|   8   | 69.591 | 86.485 | 91.374 | 62.645 | 46.436 |
+-------+--------+--------+--------+--------+--------+
     logs:  {'epo': 8, 'R1': 69.591, 'R5': 86.485, 'R10': 91.374, 'mAP': 62.645, 'mINP': 46.436, 'entropy': 0.5523565381765365, 'loss': 0.5523565381765365, 'lr': 5.000000000000013e-05}
     Epoch[9] Iteration[10/101], entropy: 0.6676, loss: 0.6676, lr: 4.69e-05
     Epoch[9] Iteration[20/101], entropy: 0.6809, loss: 0.6809, lr: 1.57e-06
     Epoch[9] Iteration[30/101], entropy: 0.7079, loss: 0.7079, lr: 2.32e-05
     Epoch[9] Iteration[40/101], entropy: 0.5320, loss: 0.5320, lr: 8.19e-05
     Epoch[9] Iteration[50/101], entropy: 0.5896, loss: 0.5896, lr: 9.65e-05
     Epoch[9] Iteration[60/101], entropy: 0.4179, loss: 0.4179, lr: 4.69e-05
     Epoch[9] Iteration[70/101], entropy: 0.4760, loss: 0.4760, lr: 1.57e-06
     Epoch[9] Iteration[80/101], entropy: 0.4988, loss: 0.4988, lr: 2.32e-05
     Epoch[9] Iteration[90/101], entropy: 0.5217, loss: 0.5217, lr: 8.19e-05
     Epoch[9] Iteration[100/101], entropy: 0.6242, loss: 0.6242, lr: 9.65e-05
     Averaged stats: entropy: 0.7208, loss: 0.7208, lr: 9.38e-05
     itm tta time 0:00:11
### TTA Eval Score: 
+-------+--------+--------+--------+--------+--------+
| epoch |   R1   |   R5   |  R10   |  mAP   |  mINP  |
+-------+--------+--------+--------+--------+--------+
|  -999 | 68.990 | 86.485 | 91.163 | 62.372 | 46.154 |
|   0   | 69.055 | 86.517 | 91.212 | 62.456 | 46.261 |
|   1   | 69.201 | 86.533 | 91.244 | 62.512 | 46.326 |
|   2   | 69.201 | 86.550 | 91.293 | 62.538 | 46.334 |
|   3   | 69.233 | 86.615 | 91.342 | 62.568 | 46.404 |
|   4   | 69.298 | 86.468 | 91.277 | 62.595 | 46.408 |
|   5   | 69.379 | 86.468 | 91.244 | 62.600 | 46.424 |
|   6   | 69.509 | 86.468 | 91.293 | 62.653 | 46.450 |
|   7   | 69.526 | 86.420 | 91.326 | 62.640 | 46.446 |
|   8   | 69.591 | 86.485 | 91.374 | 62.645 | 46.436 |
|   9   | 69.574 | 86.501 | 91.407 | 62.657 | 46.429 |
+-------+--------+--------+--------+--------+--------+
     logs:  {'epo': 9, 'R1': 69.574, 'R5': 86.501, 'R10': 91.407, 'mAP': 62.657, 'mINP': 46.429, 'entropy': 0.5716543853282928, 'loss': 0.5716543853282928, 'lr': 4.999999999999988e-05}
     Epoch[10] Iteration[10/101], entropy: 0.5408, loss: 0.5408, lr: 4.06e-05
     Epoch[10] Iteration[20/101], entropy: 0.5687, loss: 0.5687, lr: 3.94e-07
     Epoch[10] Iteration[30/101], entropy: 0.5351, loss: 0.5351, lr: 2.87e-05
     Epoch[10] Iteration[40/101], entropy: 0.4756, loss: 0.4756, lr: 8.64e-05
     Epoch[10] Iteration[50/101], entropy: 0.6078, loss: 0.6078, lr: 9.38e-05
     Epoch[10] Iteration[60/101], entropy: 0.5135, loss: 0.5135, lr: 4.06e-05
     Epoch[10] Iteration[70/101], entropy: 0.5934, loss: 0.5934, lr: 3.94e-07
     Epoch[10] Iteration[80/101], entropy: 0.6615, loss: 0.6615, lr: 2.87e-05
     Epoch[10] Iteration[90/101], entropy: 0.5589, loss: 0.5589, lr: 8.64e-05
     Epoch[10] Iteration[100/101], entropy: 0.6089, loss: 0.6089, lr: 9.38e-05
     Averaged stats: entropy: 0.5470, loss: 0.5470, lr: 9.05e-05
     itm tta time 0:00:11
### TTA Eval Score: 
+-------+--------+--------+--------+--------+--------+
| epoch |   R1   |   R5   |  R10   |  mAP   |  mINP  |
+-------+--------+--------+--------+--------+--------+
|  -999 | 68.990 | 86.485 | 91.163 | 62.372 | 46.154 |
|   0   | 69.055 | 86.517 | 91.212 | 62.456 | 46.261 |
|   1   | 69.201 | 86.533 | 91.244 | 62.512 | 46.326 |
|   2   | 69.201 | 86.550 | 91.293 | 62.538 | 46.334 |
|   3   | 69.233 | 86.615 | 91.342 | 62.568 | 46.404 |
|   4   | 69.298 | 86.468 | 91.277 | 62.595 | 46.408 |
|   5   | 69.379 | 86.468 | 91.244 | 62.600 | 46.424 |
|   6   | 69.509 | 86.468 | 91.293 | 62.653 | 46.450 |
|   7   | 69.526 | 86.420 | 91.326 | 62.640 | 46.446 |
|   8   | 69.591 | 86.485 | 91.374 | 62.645 | 46.436 |
|   9   | 69.574 | 86.501 | 91.407 | 62.657 | 46.429 |
|   10  | 69.444 | 86.452 | 91.504 | 62.628 | 46.419 |
+-------+--------+--------+--------+--------+--------+
     logs:  {'epo': 10, 'R1': 69.444, 'R5': 86.452, 'R10': 91.504, 'mAP': 62.628, 'mINP': 46.419, 'entropy': 0.566422638297081, 'loss': 0.566422638297081, 'lr': 4.999999999999997e-05}
     Epoch[11] Iteration[10/101], entropy: 0.4690, loss: 0.4690, lr: 3.45e-05
     Epoch[11] Iteration[20/101], entropy: 0.5655, loss: 0.5655, lr: 0.00e+00
     Epoch[11] Iteration[30/101], entropy: 0.4023, loss: 0.4023, lr: 3.45e-05
     Epoch[11] Iteration[40/101], entropy: 0.6121, loss: 0.6121, lr: 9.05e-05
     Epoch[11] Iteration[50/101], entropy: 0.4328, loss: 0.4328, lr: 9.05e-05
     Epoch[11] Iteration[60/101], entropy: 0.5922, loss: 0.5922, lr: 3.45e-05
     Epoch[11] Iteration[70/101], entropy: 0.6169, loss: 0.6169, lr: 0.00e+00
     Epoch[11] Iteration[80/101], entropy: 0.5222, loss: 0.5222, lr: 3.45e-05
     Epoch[11] Iteration[90/101], entropy: 0.5506, loss: 0.5506, lr: 9.05e-05
     Epoch[11] Iteration[100/101], entropy: 0.4291, loss: 0.4291, lr: 9.05e-05
     Averaged stats: entropy: 0.4725, loss: 0.4725, lr: 8.64e-05
     itm tta time 0:00:12
### TTA Eval Score: 
+-------+--------+--------+--------+--------+--------+
| epoch |   R1   |   R5   |  R10   |  mAP   |  mINP  |
+-------+--------+--------+--------+--------+--------+
|  -999 | 68.990 | 86.485 | 91.163 | 62.372 | 46.154 |
|   0   | 69.055 | 86.517 | 91.212 | 62.456 | 46.261 |
|   1   | 69.201 | 86.533 | 91.244 | 62.512 | 46.326 |
|   2   | 69.201 | 86.550 | 91.293 | 62.538 | 46.334 |
|   3   | 69.233 | 86.615 | 91.342 | 62.568 | 46.404 |
|   4   | 69.298 | 86.468 | 91.277 | 62.595 | 46.408 |
|   5   | 69.379 | 86.468 | 91.244 | 62.600 | 46.424 |
|   6   | 69.509 | 86.468 | 91.293 | 62.653 | 46.450 |
|   7   | 69.526 | 86.420 | 91.326 | 62.640 | 46.446 |
|   8   | 69.591 | 86.485 | 91.374 | 62.645 | 46.436 |
|   9   | 69.574 | 86.501 | 91.407 | 62.657 | 46.429 |
|   10  | 69.444 | 86.452 | 91.504 | 62.628 | 46.419 |
|   11  | 69.461 | 86.436 | 91.537 | 62.598 | 46.375 |
+-------+--------+--------+--------+--------+--------+
     logs:  {'epo': 11, 'R1': 69.461, 'R5': 86.436, 'R10': 91.537, 'mAP': 62.598, 'mINP': 46.375, 'entropy': 0.519267064332962, 'loss': 0.519267064332962, 'lr': 4.999999999999982e-05}
     Epoch[12] Iteration[10/101], entropy: 0.4642, loss: 0.4642, lr: 2.87e-05
     Epoch[12] Iteration[20/101], entropy: 0.5416, loss: 0.5416, lr: 3.94e-07
     Epoch[12] Iteration[30/101], entropy: 0.7932, loss: 0.7932, lr: 4.06e-05
     Epoch[12] Iteration[40/101], entropy: 0.4565, loss: 0.4565, lr: 9.38e-05
     Epoch[12] Iteration[50/101], entropy: 0.3443, loss: 0.3443, lr: 8.64e-05
     Epoch[12] Iteration[60/101], entropy: 0.6052, loss: 0.6052, lr: 2.87e-05
     Epoch[12] Iteration[70/101], entropy: 0.5711, loss: 0.5711, lr: 3.94e-07
     Epoch[12] Iteration[80/101], entropy: 0.4701, loss: 0.4701, lr: 4.06e-05
     Epoch[12] Iteration[90/101], entropy: 0.5051, loss: 0.5051, lr: 9.38e-05
     Epoch[12] Iteration[100/101], entropy: 0.5580, loss: 0.5580, lr: 8.64e-05
     Averaged stats: entropy: 0.7639, loss: 0.7639, lr: 8.19e-05
     itm tta time 0:00:11
### TTA Eval Score: 
+-------+--------+--------+--------+--------+--------+
| epoch |   R1   |   R5   |  R10   |  mAP   |  mINP  |
+-------+--------+--------+--------+--------+--------+
|  -999 | 68.990 | 86.485 | 91.163 | 62.372 | 46.154 |
|   0   | 69.055 | 86.517 | 91.212 | 62.456 | 46.261 |
|   1   | 69.201 | 86.533 | 91.244 | 62.512 | 46.326 |
|   2   | 69.201 | 86.550 | 91.293 | 62.538 | 46.334 |
|   3   | 69.233 | 86.615 | 91.342 | 62.568 | 46.404 |
|   4   | 69.298 | 86.468 | 91.277 | 62.595 | 46.408 |
|   5   | 69.379 | 86.468 | 91.244 | 62.600 | 46.424 |
|   6   | 69.509 | 86.468 | 91.293 | 62.653 | 46.450 |
|   7   | 69.526 | 86.420 | 91.326 | 62.640 | 46.446 |
|   8   | 69.591 | 86.485 | 91.374 | 62.645 | 46.436 |
|   9   | 69.574 | 86.501 | 91.407 | 62.657 | 46.429 |
|   10  | 69.444 | 86.452 | 91.504 | 62.628 | 46.419 |
|   11  | 69.461 | 86.436 | 91.537 | 62.598 | 46.375 |
|   12  | 69.509 | 86.436 | 91.520 | 62.594 | 46.352 |
+-------+--------+--------+--------+--------+--------+
     logs:  {'epo': 12, 'R1': 69.509, 'R5': 86.436, 'R10': 91.52, 'mAP': 62.594, 'mINP': 46.352, 'entropy': 0.530926126241684, 'loss': 0.530926126241684, 'lr': 5.000000000000002e-05}
     Epoch[13] Iteration[10/101], entropy: 0.5070, loss: 0.5070, lr: 2.32e-05
     Epoch[13] Iteration[20/101], entropy: 0.3769, loss: 0.3769, lr: 1.57e-06
     Epoch[13] Iteration[30/101], entropy: 0.7357, loss: 0.7357, lr: 4.69e-05
     Epoch[13] Iteration[40/101], entropy: 0.4269, loss: 0.4269, lr: 9.65e-05
     Epoch[13] Iteration[50/101], entropy: 0.3299, loss: 0.3299, lr: 8.19e-05
     Epoch[13] Iteration[60/101], entropy: 0.4791, loss: 0.4791, lr: 2.32e-05
     Epoch[13] Iteration[70/101], entropy: 0.4833, loss: 0.4833, lr: 1.57e-06
     Epoch[13] Iteration[80/101], entropy: 0.5577, loss: 0.5577, lr: 4.69e-05
     Epoch[13] Iteration[90/101], entropy: 0.6013, loss: 0.6013, lr: 9.65e-05
     Epoch[13] Iteration[100/101], entropy: 0.4930, loss: 0.4930, lr: 8.19e-05
     Averaged stats: entropy: 0.5656, loss: 0.5656, lr: 7.68e-05
     itm tta time 0:00:11
### TTA Eval Score: 
+-------+--------+--------+--------+--------+--------+
| epoch |   R1   |   R5   |  R10   |  mAP   |  mINP  |
+-------+--------+--------+--------+--------+--------+
|  -999 | 68.990 | 86.485 | 91.163 | 62.372 | 46.154 |
|   0   | 69.055 | 86.517 | 91.212 | 62.456 | 46.261 |
|   1   | 69.201 | 86.533 | 91.244 | 62.512 | 46.326 |
|   2   | 69.201 | 86.550 | 91.293 | 62.538 | 46.334 |
|   3   | 69.233 | 86.615 | 91.342 | 62.568 | 46.404 |
|   4   | 69.298 | 86.468 | 91.277 | 62.595 | 46.408 |
|   5   | 69.379 | 86.468 | 91.244 | 62.600 | 46.424 |
|   6   | 69.509 | 86.468 | 91.293 | 62.653 | 46.450 |
|   7   | 69.526 | 86.420 | 91.326 | 62.640 | 46.446 |
|   8   | 69.591 | 86.485 | 91.374 | 62.645 | 46.436 |
|   9   | 69.574 | 86.501 | 91.407 | 62.657 | 46.429 |
|   10  | 69.444 | 86.452 | 91.504 | 62.628 | 46.419 |
|   11  | 69.461 | 86.436 | 91.537 | 62.598 | 46.375 |
|   12  | 69.509 | 86.436 | 91.520 | 62.594 | 46.352 |
|   13  | 69.396 | 86.436 | 91.439 | 62.563 | 46.304 |
+-------+--------+--------+--------+--------+--------+
     logs:  {'epo': 13, 'R1': 69.396, 'R5': 86.436, 'R10': 91.439, 'mAP': 62.563, 'mINP': 46.304, 'entropy': 0.4990808844566345, 'loss': 0.4990808844566345, 'lr': 4.99999999999999e-05}
     Epoch[14] Iteration[10/101], entropy: 0.5739, loss: 0.5739, lr: 1.81e-05
     Epoch[14] Iteration[20/101], entropy: 0.5667, loss: 0.5667, lr: 3.51e-06
     Epoch[14] Iteration[30/101], entropy: 0.5036, loss: 0.5036, lr: 5.31e-05
     Epoch[14] Iteration[40/101], entropy: 0.4761, loss: 0.4761, lr: 9.84e-05
     Epoch[14] Iteration[50/101], entropy: 0.5980, loss: 0.5980, lr: 7.68e-05
     Epoch[14] Iteration[60/101], entropy: 0.3810, loss: 0.3810, lr: 1.81e-05
     Epoch[14] Iteration[70/101], entropy: 0.6813, loss: 0.6813, lr: 3.51e-06
     Epoch[14] Iteration[80/101], entropy: 0.4480, loss: 0.4480, lr: 5.31e-05
     Epoch[14] Iteration[90/101], entropy: 0.4355, loss: 0.4355, lr: 9.84e-05
     Epoch[14] Iteration[100/101], entropy: 0.6458, loss: 0.6458, lr: 7.68e-05
     Averaged stats: entropy: 0.6198, loss: 0.6198, lr: 7.13e-05
     itm tta time 0:00:12
### TTA Eval Score: 
+-------+--------+--------+--------+--------+--------+
| epoch |   R1   |   R5   |  R10   |  mAP   |  mINP  |
+-------+--------+--------+--------+--------+--------+
|  -999 | 68.990 | 86.485 | 91.163 | 62.372 | 46.154 |
|   0   | 69.055 | 86.517 | 91.212 | 62.456 | 46.261 |
|   1   | 69.201 | 86.533 | 91.244 | 62.512 | 46.326 |
|   2   | 69.201 | 86.550 | 91.293 | 62.538 | 46.334 |
|   3   | 69.233 | 86.615 | 91.342 | 62.568 | 46.404 |
|   4   | 69.298 | 86.468 | 91.277 | 62.595 | 46.408 |
|   5   | 69.379 | 86.468 | 91.244 | 62.600 | 46.424 |
|   6   | 69.509 | 86.468 | 91.293 | 62.653 | 46.450 |
|   7   | 69.526 | 86.420 | 91.326 | 62.640 | 46.446 |
|   8   | 69.591 | 86.485 | 91.374 | 62.645 | 46.436 |
|   9   | 69.574 | 86.501 | 91.407 | 62.657 | 46.429 |
|   10  | 69.444 | 86.452 | 91.504 | 62.628 | 46.419 |
|   11  | 69.461 | 86.436 | 91.537 | 62.598 | 46.375 |
|   12  | 69.509 | 86.436 | 91.520 | 62.594 | 46.352 |
|   13  | 69.396 | 86.436 | 91.439 | 62.563 | 46.304 |
|   14  | 69.412 | 86.371 | 91.488 | 62.529 | 46.266 |
+-------+--------+--------+--------+--------+--------+
     logs:  {'epo': 14, 'R1': 69.412, 'R5': 86.371, 'R10': 91.488, 'mAP': 62.529, 'mINP': 46.266, 'entropy': 0.5309983432292938, 'loss': 0.5309983432292938, 'lr': 5.000000000000004e-05}
     Epoch[15] Iteration[10/101], entropy: 0.3112, loss: 0.3112, lr: 1.36e-05
     Epoch[15] Iteration[20/101], entropy: 0.4374, loss: 0.4374, lr: 6.18e-06
     Epoch[15] Iteration[30/101], entropy: 0.3662, loss: 0.3662, lr: 5.94e-05
     Epoch[15] Iteration[40/101], entropy: 0.5869, loss: 0.5869, lr: 9.96e-05
     Epoch[15] Iteration[50/101], entropy: 0.6053, loss: 0.6053, lr: 7.13e-05
     Epoch[15] Iteration[60/101], entropy: 0.5813, loss: 0.5813, lr: 1.36e-05
     Epoch[15] Iteration[70/101], entropy: 0.5603, loss: 0.5603, lr: 6.18e-06
     Epoch[15] Iteration[80/101], entropy: 0.6007, loss: 0.6007, lr: 5.94e-05
     Epoch[15] Iteration[90/101], entropy: 0.6451, loss: 0.6451, lr: 9.96e-05
     Epoch[15] Iteration[100/101], entropy: 0.6058, loss: 0.6058, lr: 7.13e-05
     Averaged stats: entropy: 0.5538, loss: 0.5538, lr: 6.55e-05
     itm tta time 0:00:11
### TTA Eval Score: 
+-------+--------+--------+--------+--------+--------+
| epoch |   R1   |   R5   |  R10   |  mAP   |  mINP  |
+-------+--------+--------+--------+--------+--------+
|  -999 | 68.990 | 86.485 | 91.163 | 62.372 | 46.154 |
|   0   | 69.055 | 86.517 | 91.212 | 62.456 | 46.261 |
|   1   | 69.201 | 86.533 | 91.244 | 62.512 | 46.326 |
|   2   | 69.201 | 86.550 | 91.293 | 62.538 | 46.334 |
|   3   | 69.233 | 86.615 | 91.342 | 62.568 | 46.404 |
|   4   | 69.298 | 86.468 | 91.277 | 62.595 | 46.408 |
|   5   | 69.379 | 86.468 | 91.244 | 62.600 | 46.424 |
|   6   | 69.509 | 86.468 | 91.293 | 62.653 | 46.450 |
|   7   | 69.526 | 86.420 | 91.326 | 62.640 | 46.446 |
|   8   | 69.591 | 86.485 | 91.374 | 62.645 | 46.436 |
|   9   | 69.574 | 86.501 | 91.407 | 62.657 | 46.429 |
|   10  | 69.444 | 86.452 | 91.504 | 62.628 | 46.419 |
|   11  | 69.461 | 86.436 | 91.537 | 62.598 | 46.375 |
|   12  | 69.509 | 86.436 | 91.520 | 62.594 | 46.352 |
|   13  | 69.396 | 86.436 | 91.439 | 62.563 | 46.304 |
|   14  | 69.412 | 86.371 | 91.488 | 62.529 | 46.266 |
|   15  | 69.461 | 86.290 | 91.488 | 62.543 | 46.278 |
+-------+--------+--------+--------+--------+--------+
     logs:  {'epo': 15, 'R1': 69.461, 'R5': 86.29, 'R10': 91.488, 'mAP': 62.543, 'mINP': 46.278, 'entropy': 0.5300228387117386, 'loss': 0.5300228387117386, 'lr': 5.000000000000012e-05}
     Epoch[16] Iteration[10/101], entropy: 0.3516, loss: 0.3516, lr: 9.55e-06
     Epoch[16] Iteration[20/101], entropy: 0.7029, loss: 0.7029, lr: 9.55e-06
     Epoch[16] Iteration[30/101], entropy: 0.6363, loss: 0.6363, lr: 6.55e-05
     Epoch[16] Iteration[40/101], entropy: 0.4661, loss: 0.4661, lr: 1.00e-04
     Epoch[16] Iteration[50/101], entropy: 0.4268, loss: 0.4268, lr: 6.55e-05
     Epoch[16] Iteration[60/101], entropy: 0.5417, loss: 0.5417, lr: 9.55e-06
     Epoch[16] Iteration[70/101], entropy: 0.4364, loss: 0.4364, lr: 9.55e-06
     Epoch[16] Iteration[80/101], entropy: 0.4796, loss: 0.4796, lr: 6.55e-05
     Epoch[16] Iteration[90/101], entropy: 0.4629, loss: 0.4629, lr: 1.00e-04
     Epoch[16] Iteration[100/101], entropy: 0.5047, loss: 0.5047, lr: 6.55e-05
     Averaged stats: entropy: 0.5502, loss: 0.5502, lr: 5.94e-05
     itm tta time 0:00:11
### TTA Eval Score: 
+-------+--------+--------+--------+--------+--------+
| epoch |   R1   |   R5   |  R10   |  mAP   |  mINP  |
+-------+--------+--------+--------+--------+--------+
|  -999 | 68.990 | 86.485 | 91.163 | 62.372 | 46.154 |
|   0   | 69.055 | 86.517 | 91.212 | 62.456 | 46.261 |
|   1   | 69.201 | 86.533 | 91.244 | 62.512 | 46.326 |
|   2   | 69.201 | 86.550 | 91.293 | 62.538 | 46.334 |
|   3   | 69.233 | 86.615 | 91.342 | 62.568 | 46.404 |
|   4   | 69.298 | 86.468 | 91.277 | 62.595 | 46.408 |
|   5   | 69.379 | 86.468 | 91.244 | 62.600 | 46.424 |
|   6   | 69.509 | 86.468 | 91.293 | 62.653 | 46.450 |
|   7   | 69.526 | 86.420 | 91.326 | 62.640 | 46.446 |
|   8   | 69.591 | 86.485 | 91.374 | 62.645 | 46.436 |
|   9   | 69.574 | 86.501 | 91.407 | 62.657 | 46.429 |
|   10  | 69.444 | 86.452 | 91.504 | 62.628 | 46.419 |
|   11  | 69.461 | 86.436 | 91.537 | 62.598 | 46.375 |
|   12  | 69.509 | 86.436 | 91.520 | 62.594 | 46.352 |
|   13  | 69.396 | 86.436 | 91.439 | 62.563 | 46.304 |
|   14  | 69.412 | 86.371 | 91.488 | 62.529 | 46.266 |
|   15  | 69.461 | 86.290 | 91.488 | 62.543 | 46.278 |
|   16  | 69.509 | 86.322 | 91.585 | 62.536 | 46.245 |
+-------+--------+--------+--------+--------+--------+
     logs:  {'epo': 16, 'R1': 69.509, 'R5': 86.322, 'R10': 91.585, 'mAP': 62.536, 'mINP': 46.245, 'entropy': 0.5009141474962234, 'loss': 0.5009141474962234, 'lr': 4.999999999999972e-05}
     Epoch[17] Iteration[10/101], entropy: 0.4232, loss: 0.4232, lr: 6.18e-06
     Epoch[17] Iteration[20/101], entropy: 0.4417, loss: 0.4417, lr: 1.36e-05
     Epoch[17] Iteration[30/101], entropy: 0.6190, loss: 0.6190, lr: 7.13e-05
     Epoch[17] Iteration[40/101], entropy: 0.5543, loss: 0.5543, lr: 9.96e-05
     Epoch[17] Iteration[50/101], entropy: 0.4523, loss: 0.4523, lr: 5.94e-05
     Epoch[17] Iteration[60/101], entropy: 0.4079, loss: 0.4079, lr: 6.18e-06
     Epoch[17] Iteration[70/101], entropy: 0.5165, loss: 0.5165, lr: 1.36e-05
     Epoch[17] Iteration[80/101], entropy: 0.6324, loss: 0.6324, lr: 7.13e-05
     Epoch[17] Iteration[90/101], entropy: 0.6421, loss: 0.6421, lr: 9.96e-05
     Epoch[17] Iteration[100/101], entropy: 0.4361, loss: 0.4361, lr: 5.94e-05
     Averaged stats: entropy: 0.5152, loss: 0.5152, lr: 5.31e-05
     itm tta time 0:00:12
### TTA Eval Score: 
+-------+--------+--------+--------+--------+--------+
| epoch |   R1   |   R5   |  R10   |  mAP   |  mINP  |
+-------+--------+--------+--------+--------+--------+
|  -999 | 68.990 | 86.485 | 91.163 | 62.372 | 46.154 |
|   0   | 69.055 | 86.517 | 91.212 | 62.456 | 46.261 |
|   1   | 69.201 | 86.533 | 91.244 | 62.512 | 46.326 |
|   2   | 69.201 | 86.550 | 91.293 | 62.538 | 46.334 |
|   3   | 69.233 | 86.615 | 91.342 | 62.568 | 46.404 |
|   4   | 69.298 | 86.468 | 91.277 | 62.595 | 46.408 |
|   5   | 69.379 | 86.468 | 91.244 | 62.600 | 46.424 |
|   6   | 69.509 | 86.468 | 91.293 | 62.653 | 46.450 |
|   7   | 69.526 | 86.420 | 91.326 | 62.640 | 46.446 |
|   8   | 69.591 | 86.485 | 91.374 | 62.645 | 46.436 |
|   9   | 69.574 | 86.501 | 91.407 | 62.657 | 46.429 |
|   10  | 69.444 | 86.452 | 91.504 | 62.628 | 46.419 |
|   11  | 69.461 | 86.436 | 91.537 | 62.598 | 46.375 |
|   12  | 69.509 | 86.436 | 91.520 | 62.594 | 46.352 |
|   13  | 69.396 | 86.436 | 91.439 | 62.563 | 46.304 |
|   14  | 69.412 | 86.371 | 91.488 | 62.529 | 46.266 |
|   15  | 69.461 | 86.290 | 91.488 | 62.543 | 46.278 |
|   16  | 69.509 | 86.322 | 91.585 | 62.536 | 46.245 |
|   17  | 69.509 | 86.290 | 91.569 | 62.511 | 46.210 |
+-------+--------+--------+--------+--------+--------+
     logs:  {'epo': 17, 'R1': 69.509, 'R5': 86.29, 'R10': 91.569, 'mAP': 62.511, 'mINP': 46.21, 'entropy': 0.5125640541315079, 'loss': 0.5125640541315079, 'lr': 4.999999999999986e-05}
     Epoch[18] Iteration[10/101], entropy: 0.4308, loss: 0.4308, lr: 3.51e-06
     Epoch[18] Iteration[20/101], entropy: 0.5600, loss: 0.5600, lr: 1.81e-05
     Epoch[18] Iteration[30/101], entropy: 0.3614, loss: 0.3614, lr: 7.68e-05
     Epoch[18] Iteration[40/101], entropy: 0.4511, loss: 0.4511, lr: 9.84e-05
     Epoch[18] Iteration[50/101], entropy: 0.5943, loss: 0.5943, lr: 5.31e-05
     Epoch[18] Iteration[60/101], entropy: 0.5159, loss: 0.5159, lr: 3.51e-06
     Epoch[18] Iteration[70/101], entropy: 0.6590, loss: 0.6590, lr: 1.81e-05
     Epoch[18] Iteration[80/101], entropy: 0.5315, loss: 0.5315, lr: 7.68e-05
     Epoch[18] Iteration[90/101], entropy: 0.3644, loss: 0.3644, lr: 9.84e-05
     Epoch[18] Iteration[100/101], entropy: 0.5598, loss: 0.5598, lr: 5.31e-05
     Averaged stats: entropy: 0.5757, loss: 0.5757, lr: 4.69e-05
     itm tta time 0:00:11
### TTA Eval Score: 
+-------+--------+--------+--------+--------+--------+
| epoch |   R1   |   R5   |  R10   |  mAP   |  mINP  |
+-------+--------+--------+--------+--------+--------+
|  -999 | 68.990 | 86.485 | 91.163 | 62.372 | 46.154 |
|   0   | 69.055 | 86.517 | 91.212 | 62.456 | 46.261 |
|   1   | 69.201 | 86.533 | 91.244 | 62.512 | 46.326 |
|   2   | 69.201 | 86.550 | 91.293 | 62.538 | 46.334 |
|   3   | 69.233 | 86.615 | 91.342 | 62.568 | 46.404 |
|   4   | 69.298 | 86.468 | 91.277 | 62.595 | 46.408 |
|   5   | 69.379 | 86.468 | 91.244 | 62.600 | 46.424 |
|   6   | 69.509 | 86.468 | 91.293 | 62.653 | 46.450 |
|   7   | 69.526 | 86.420 | 91.326 | 62.640 | 46.446 |
|   8   | 69.591 | 86.485 | 91.374 | 62.645 | 46.436 |
|   9   | 69.574 | 86.501 | 91.407 | 62.657 | 46.429 |
|   10  | 69.444 | 86.452 | 91.504 | 62.628 | 46.419 |
|   11  | 69.461 | 86.436 | 91.537 | 62.598 | 46.375 |
|   12  | 69.509 | 86.436 | 91.520 | 62.594 | 46.352 |
|   13  | 69.396 | 86.436 | 91.439 | 62.563 | 46.304 |
|   14  | 69.412 | 86.371 | 91.488 | 62.529 | 46.266 |
|   15  | 69.461 | 86.290 | 91.488 | 62.543 | 46.278 |
|   16  | 69.509 | 86.322 | 91.585 | 62.536 | 46.245 |
|   17  | 69.509 | 86.290 | 91.569 | 62.511 | 46.210 |
|   18  | 69.493 | 86.209 | 91.520 | 62.489 | 46.169 |
+-------+--------+--------+--------+--------+--------+
     logs:  {'epo': 18, 'R1': 69.493, 'R5': 86.209, 'R10': 91.52, 'mAP': 62.489, 'mINP': 46.169, 'entropy': 0.5028167277574539, 'loss': 0.5028167277574539, 'lr': 5.000000000000025e-05}
     Epoch[19] Iteration[10/101], entropy: 0.4292, loss: 0.4292, lr: 1.57e-06
     Epoch[19] Iteration[20/101], entropy: 0.5275, loss: 0.5275, lr: 2.32e-05
     Epoch[19] Iteration[30/101], entropy: 0.6643, loss: 0.6643, lr: 8.19e-05
     Epoch[19] Iteration[40/101], entropy: 0.4481, loss: 0.4481, lr: 9.65e-05
     Epoch[19] Iteration[50/101], entropy: 0.2552, loss: 0.2552, lr: 4.69e-05
     Epoch[19] Iteration[60/101], entropy: 0.6127, loss: 0.6127, lr: 1.57e-06
     Epoch[19] Iteration[70/101], entropy: 0.4752, loss: 0.4752, lr: 2.32e-05
     Epoch[19] Iteration[80/101], entropy: 0.4944, loss: 0.4944, lr: 8.19e-05
     Epoch[19] Iteration[90/101], entropy: 0.4097, loss: 0.4097, lr: 9.84e-05
     Epoch[19] Iteration[100/101], entropy: 0.5091, loss: 0.5091, lr: 5.31e-05
     Averaged stats: entropy: 0.5464, loss: 0.5464, lr: 4.69e-05
     itm tta time 0:00:11
### TTA Eval Score: 
+-------+--------+--------+--------+--------+--------+
| epoch |   R1   |   R5   |  R10   |  mAP   |  mINP  |
+-------+--------+--------+--------+--------+--------+
|  -999 | 68.990 | 86.485 | 91.163 | 62.372 | 46.154 |
|   0   | 69.055 | 86.517 | 91.212 | 62.456 | 46.261 |
|   1   | 69.201 | 86.533 | 91.244 | 62.512 | 46.326 |
|   2   | 69.201 | 86.550 | 91.293 | 62.538 | 46.334 |
|   3   | 69.233 | 86.615 | 91.342 | 62.568 | 46.404 |
|   4   | 69.298 | 86.468 | 91.277 | 62.595 | 46.408 |
|   5   | 69.379 | 86.468 | 91.244 | 62.600 | 46.424 |
|   6   | 69.509 | 86.468 | 91.293 | 62.653 | 46.450 |
|   7   | 69.526 | 86.420 | 91.326 | 62.640 | 46.446 |
|   8   | 69.591 | 86.485 | 91.374 | 62.645 | 46.436 |
|   9   | 69.574 | 86.501 | 91.407 | 62.657 | 46.429 |
|   10  | 69.444 | 86.452 | 91.504 | 62.628 | 46.419 |
|   11  | 69.461 | 86.436 | 91.537 | 62.598 | 46.375 |
|   12  | 69.509 | 86.436 | 91.520 | 62.594 | 46.352 |
|   13  | 69.396 | 86.436 | 91.439 | 62.563 | 46.304 |
|   14  | 69.412 | 86.371 | 91.488 | 62.529 | 46.266 |
|   15  | 69.461 | 86.290 | 91.488 | 62.543 | 46.278 |
|   16  | 69.509 | 86.322 | 91.585 | 62.536 | 46.245 |
|   17  | 69.509 | 86.290 | 91.569 | 62.511 | 46.210 |
|   18  | 69.493 | 86.209 | 91.520 | 62.489 | 46.169 |
|   19  | 69.574 | 86.176 | 91.488 | 62.473 | 46.122 |
+-------+--------+--------+--------+--------+--------+
     logs:  {'epo': 19, 'R1': 69.574, 'R5': 86.176, 'R10': 91.488, 'mAP': 62.473, 'mINP': 46.122, 'entropy': 0.4825324982404709, 'loss': 0.4825324982404709, 'lr': 5.082193857149468e-05}
     Epoch[20] Iteration[10/101], entropy: 0.4185, loss: 0.4185, lr: 1.57e-06
     Epoch[20] Iteration[20/101], entropy: 0.5920, loss: 0.5920, lr: 2.32e-05
     Epoch[20] Iteration[30/101], entropy: 0.5340, loss: 0.5340, lr: 8.19e-05
     Epoch[20] Iteration[40/101], entropy: 0.4147, loss: 0.4147, lr: 9.65e-05
     Epoch[20] Iteration[50/101], entropy: 0.5634, loss: 0.5634, lr: 4.69e-05
     Epoch[20] Iteration[60/101], entropy: 0.4974, loss: 0.4974, lr: 1.57e-06
     Epoch[20] Iteration[70/101], entropy: 0.4795, loss: 0.4795, lr: 2.32e-05
     Epoch[20] Iteration[80/101], entropy: 0.6137, loss: 0.6137, lr: 8.19e-05
     Epoch[20] Iteration[90/101], entropy: 0.5114, loss: 0.5114, lr: 9.65e-05
     Epoch[20] Iteration[100/101], entropy: 0.7448, loss: 0.7448, lr: 4.69e-05
     Averaged stats: entropy: 0.5389, loss: 0.5389, lr: 4.06e-05
     itm tta time 0:00:11
### TTA Eval Score: 
+-------+--------+--------+--------+--------+--------+
| epoch |   R1   |   R5   |  R10   |  mAP   |  mINP  |
+-------+--------+--------+--------+--------+--------+
|  -999 | 68.990 | 86.485 | 91.163 | 62.372 | 46.154 |
|   0   | 69.055 | 86.517 | 91.212 | 62.456 | 46.261 |
|   1   | 69.201 | 86.533 | 91.244 | 62.512 | 46.326 |
|   2   | 69.201 | 86.550 | 91.293 | 62.538 | 46.334 |
|   3   | 69.233 | 86.615 | 91.342 | 62.568 | 46.404 |
|   4   | 69.298 | 86.468 | 91.277 | 62.595 | 46.408 |
|   5   | 69.379 | 86.468 | 91.244 | 62.600 | 46.424 |
|   6   | 69.509 | 86.468 | 91.293 | 62.653 | 46.450 |
|   7   | 69.526 | 86.420 | 91.326 | 62.640 | 46.446 |
|   8   | 69.591 | 86.485 | 91.374 | 62.645 | 46.436 |
|   9   | 69.574 | 86.501 | 91.407 | 62.657 | 46.429 |
|   10  | 69.444 | 86.452 | 91.504 | 62.628 | 46.419 |
|   11  | 69.461 | 86.436 | 91.537 | 62.598 | 46.375 |
|   12  | 69.509 | 86.436 | 91.520 | 62.594 | 46.352 |
|   13  | 69.396 | 86.436 | 91.439 | 62.563 | 46.304 |
|   14  | 69.412 | 86.371 | 91.488 | 62.529 | 46.266 |
|   15  | 69.461 | 86.290 | 91.488 | 62.543 | 46.278 |
|   16  | 69.509 | 86.322 | 91.585 | 62.536 | 46.245 |
|   17  | 69.509 | 86.290 | 91.569 | 62.511 | 46.210 |
|   18  | 69.493 | 86.209 | 91.520 | 62.489 | 46.169 |
|   19  | 69.574 | 86.176 | 91.488 | 62.473 | 46.122 |
|   20  | 69.542 | 86.127 | 91.455 | 62.466 | 46.120 |
+-------+--------+--------+--------+--------+--------+
     logs:  {'epo': 20, 'R1': 69.542, 'R5': 86.127, 'R10': 91.455, 'mAP': 62.466, 'mINP': 46.12, 'entropy': 0.5369407415390015, 'loss': 0.5369407415390015, 'lr': 4.999999999999961e-05}
     Epoch[21] Iteration[10/101], entropy: 0.4741, loss: 0.4741, lr: 3.94e-07
     Epoch[21] Iteration[20/101], entropy: 0.6842, loss: 0.6842, lr: 2.87e-05
     Epoch[21] Iteration[30/101], entropy: 0.3728, loss: 0.3728, lr: 8.64e-05
     Epoch[21] Iteration[40/101], entropy: 0.4315, loss: 0.4315, lr: 9.38e-05
     Epoch[21] Iteration[50/101], entropy: 0.5799, loss: 0.5799, lr: 4.06e-05
     Epoch[21] Iteration[60/101], entropy: 0.4957, loss: 0.4957, lr: 3.94e-07
     Epoch[21] Iteration[70/101], entropy: 0.7379, loss: 0.7379, lr: 2.87e-05
     Epoch[21] Iteration[80/101], entropy: 0.5307, loss: 0.5307, lr: 8.64e-05
     Epoch[21] Iteration[90/101], entropy: 0.4336, loss: 0.4336, lr: 9.38e-05
     Epoch[21] Iteration[100/101], entropy: 0.5495, loss: 0.5495, lr: 4.06e-05
     Averaged stats: entropy: 0.5895, loss: 0.5895, lr: 3.45e-05
     itm tta time 0:00:11
### TTA Eval Score: 
+-------+--------+--------+--------+--------+--------+
| epoch |   R1   |   R5   |  R10   |  mAP   |  mINP  |
+-------+--------+--------+--------+--------+--------+
|  -999 | 68.990 | 86.485 | 91.163 | 62.372 | 46.154 |
|   0   | 69.055 | 86.517 | 91.212 | 62.456 | 46.261 |
|   1   | 69.201 | 86.533 | 91.244 | 62.512 | 46.326 |
|   2   | 69.201 | 86.550 | 91.293 | 62.538 | 46.334 |
|   3   | 69.233 | 86.615 | 91.342 | 62.568 | 46.404 |
|   4   | 69.298 | 86.468 | 91.277 | 62.595 | 46.408 |
|   5   | 69.379 | 86.468 | 91.244 | 62.600 | 46.424 |
|   6   | 69.509 | 86.468 | 91.293 | 62.653 | 46.450 |
|   7   | 69.526 | 86.420 | 91.326 | 62.640 | 46.446 |
|   8   | 69.591 | 86.485 | 91.374 | 62.645 | 46.436 |
|   9   | 69.574 | 86.501 | 91.407 | 62.657 | 46.429 |
|   10  | 69.444 | 86.452 | 91.504 | 62.628 | 46.419 |
|   11  | 69.461 | 86.436 | 91.537 | 62.598 | 46.375 |
|   12  | 69.509 | 86.436 | 91.520 | 62.594 | 46.352 |
|   13  | 69.396 | 86.436 | 91.439 | 62.563 | 46.304 |
|   14  | 69.412 | 86.371 | 91.488 | 62.529 | 46.266 |
|   15  | 69.461 | 86.290 | 91.488 | 62.543 | 46.278 |
|   16  | 69.509 | 86.322 | 91.585 | 62.536 | 46.245 |
|   17  | 69.509 | 86.290 | 91.569 | 62.511 | 46.210 |
|   18  | 69.493 | 86.209 | 91.520 | 62.489 | 46.169 |
|   19  | 69.574 | 86.176 | 91.488 | 62.473 | 46.122 |
|   20  | 69.542 | 86.127 | 91.455 | 62.466 | 46.120 |
|   21  | 69.428 | 86.144 | 91.358 | 62.422 | 46.070 |
+-------+--------+--------+--------+--------+--------+
     logs:  {'epo': 21, 'R1': 69.428, 'R5': 86.144, 'R10': 91.358, 'mAP': 62.422, 'mINP': 46.07, 'entropy': 0.5290102809667587, 'loss': 0.5290102809667587, 'lr': 4.9999999999999914e-05}
     Epoch[22] Iteration[10/101], entropy: 0.4678, loss: 0.4678, lr: 0.00e+00
     Epoch[22] Iteration[20/101], entropy: 0.4677, loss: 0.4677, lr: 3.45e-05
     Epoch[22] Iteration[30/101], entropy: 0.3984, loss: 0.3984, lr: 9.05e-05
     Epoch[22] Iteration[40/101], entropy: 0.5115, loss: 0.5115, lr: 9.05e-05
     Epoch[22] Iteration[50/101], entropy: 0.5643, loss: 0.5643, lr: 3.45e-05
     Epoch[22] Iteration[60/101], entropy: 0.5393, loss: 0.5393, lr: 0.00e+00
     Epoch[22] Iteration[70/101], entropy: 0.4632, loss: 0.4632, lr: 3.45e-05
     Epoch[22] Iteration[80/101], entropy: 0.3870, loss: 0.3870, lr: 9.05e-05
     Epoch[22] Iteration[90/101], entropy: 0.4612, loss: 0.4612, lr: 9.05e-05
     Epoch[22] Iteration[100/101], entropy: 0.5461, loss: 0.5461, lr: 3.45e-05
     Averaged stats: entropy: 0.5665, loss: 0.5665, lr: 2.87e-05
     itm tta time 0:00:11
### TTA Eval Score: 
+-------+--------+--------+--------+--------+--------+
| epoch |   R1   |   R5   |  R10   |  mAP   |  mINP  |
+-------+--------+--------+--------+--------+--------+
|  -999 | 68.990 | 86.485 | 91.163 | 62.372 | 46.154 |
|   0   | 69.055 | 86.517 | 91.212 | 62.456 | 46.261 |
|   1   | 69.201 | 86.533 | 91.244 | 62.512 | 46.326 |
|   2   | 69.201 | 86.550 | 91.293 | 62.538 | 46.334 |
|   3   | 69.233 | 86.615 | 91.342 | 62.568 | 46.404 |
|   4   | 69.298 | 86.468 | 91.277 | 62.595 | 46.408 |
|   5   | 69.379 | 86.468 | 91.244 | 62.600 | 46.424 |
|   6   | 69.509 | 86.468 | 91.293 | 62.653 | 46.450 |
|   7   | 69.526 | 86.420 | 91.326 | 62.640 | 46.446 |
|   8   | 69.591 | 86.485 | 91.374 | 62.645 | 46.436 |
|   9   | 69.574 | 86.501 | 91.407 | 62.657 | 46.429 |
|   10  | 69.444 | 86.452 | 91.504 | 62.628 | 46.419 |
|   11  | 69.461 | 86.436 | 91.537 | 62.598 | 46.375 |
|   12  | 69.509 | 86.436 | 91.520 | 62.594 | 46.352 |
|   13  | 69.396 | 86.436 | 91.439 | 62.563 | 46.304 |
|   14  | 69.412 | 86.371 | 91.488 | 62.529 | 46.266 |
|   15  | 69.461 | 86.290 | 91.488 | 62.543 | 46.278 |
|   16  | 69.509 | 86.322 | 91.585 | 62.536 | 46.245 |
|   17  | 69.509 | 86.290 | 91.569 | 62.511 | 46.210 |
|   18  | 69.493 | 86.209 | 91.520 | 62.489 | 46.169 |
|   19  | 69.574 | 86.176 | 91.488 | 62.473 | 46.122 |
|   20  | 69.542 | 86.127 | 91.455 | 62.466 | 46.120 |
|   21  | 69.428 | 86.144 | 91.358 | 62.422 | 46.070 |
|   22  | 69.396 | 86.209 | 91.326 | 62.380 | 46.030 |
+-------+--------+--------+--------+--------+--------+
     logs:  {'epo': 22, 'R1': 69.396, 'R5': 86.209, 'R10': 91.326, 'mAP': 62.38, 'mINP': 46.03, 'entropy': 0.4806487292051315, 'loss': 0.4806487292051315, 'lr': 5.0000000000000294e-05}
     Epoch[23] Iteration[10/101], entropy: 0.5605, loss: 0.5605, lr: 3.94e-07
     Epoch[23] Iteration[20/101], entropy: 0.7105, loss: 0.7105, lr: 4.06e-05
     Epoch[23] Iteration[30/101], entropy: 0.4551, loss: 0.4551, lr: 9.38e-05
     Epoch[23] Iteration[40/101], entropy: 0.5332, loss: 0.5332, lr: 8.64e-05
     Epoch[23] Iteration[50/101], entropy: 0.6253, loss: 0.6253, lr: 2.87e-05
     Epoch[23] Iteration[60/101], entropy: 0.5835, loss: 0.5835, lr: 3.94e-07
     Epoch[23] Iteration[70/101], entropy: 0.4397, loss: 0.4397, lr: 4.06e-05
     Epoch[23] Iteration[80/101], entropy: 0.4265, loss: 0.4265, lr: 9.38e-05
     Epoch[23] Iteration[90/101], entropy: 0.5171, loss: 0.5171, lr: 8.64e-05
     Epoch[23] Iteration[100/101], entropy: 0.3232, loss: 0.3232, lr: 2.87e-05
     Averaged stats: entropy: 0.5384, loss: 0.5384, lr: 2.32e-05
     itm tta time 0:00:11
### TTA Eval Score: 
+-------+--------+--------+--------+--------+--------+
| epoch |   R1   |   R5   |  R10   |  mAP   |  mINP  |
+-------+--------+--------+--------+--------+--------+
|  -999 | 68.990 | 86.485 | 91.163 | 62.372 | 46.154 |
|   0   | 69.055 | 86.517 | 91.212 | 62.456 | 46.261 |
|   1   | 69.201 | 86.533 | 91.244 | 62.512 | 46.326 |
|   2   | 69.201 | 86.550 | 91.293 | 62.538 | 46.334 |
|   3   | 69.233 | 86.615 | 91.342 | 62.568 | 46.404 |
|   4   | 69.298 | 86.468 | 91.277 | 62.595 | 46.408 |
|   5   | 69.379 | 86.468 | 91.244 | 62.600 | 46.424 |
|   6   | 69.509 | 86.468 | 91.293 | 62.653 | 46.450 |
|   7   | 69.526 | 86.420 | 91.326 | 62.640 | 46.446 |
|   8   | 69.591 | 86.485 | 91.374 | 62.645 | 46.436 |
|   9   | 69.574 | 86.501 | 91.407 | 62.657 | 46.429 |
|   10  | 69.444 | 86.452 | 91.504 | 62.628 | 46.419 |
|   11  | 69.461 | 86.436 | 91.537 | 62.598 | 46.375 |
|   12  | 69.509 | 86.436 | 91.520 | 62.594 | 46.352 |
|   13  | 69.396 | 86.436 | 91.439 | 62.563 | 46.304 |
|   14  | 69.412 | 86.371 | 91.488 | 62.529 | 46.266 |
|   15  | 69.461 | 86.290 | 91.488 | 62.543 | 46.278 |
|   16  | 69.509 | 86.322 | 91.585 | 62.536 | 46.245 |
|   17  | 69.509 | 86.290 | 91.569 | 62.511 | 46.210 |
|   18  | 69.493 | 86.209 | 91.520 | 62.489 | 46.169 |
|   19  | 69.574 | 86.176 | 91.488 | 62.473 | 46.122 |
|   20  | 69.542 | 86.127 | 91.455 | 62.466 | 46.120 |
|   21  | 69.428 | 86.144 | 91.358 | 62.422 | 46.070 |
|   22  | 69.396 | 86.209 | 91.326 | 62.380 | 46.030 |
|   23  | 69.396 | 86.127 | 91.309 | 62.369 | 45.988 |
+-------+--------+--------+--------+--------+--------+
     logs:  {'epo': 23, 'R1': 69.396, 'R5': 86.127, 'R10': 91.309, 'mAP': 62.369, 'mINP': 45.988, 'entropy': 0.5174337923526764, 'loss': 0.5174337923526764, 'lr': 4.999999999999995e-05}
     Epoch[24] Iteration[10/101], entropy: 0.5616, loss: 0.5616, lr: 1.57e-06
     Epoch[24] Iteration[20/101], entropy: 0.6467, loss: 0.6467, lr: 4.69e-05
     Epoch[24] Iteration[30/101], entropy: 0.6883, loss: 0.6883, lr: 9.65e-05
     Epoch[24] Iteration[40/101], entropy: 0.6336, loss: 0.6336, lr: 8.19e-05
     Epoch[24] Iteration[50/101], entropy: 0.6540, loss: 0.6540, lr: 2.32e-05
     Epoch[24] Iteration[60/101], entropy: 0.6203, loss: 0.6203, lr: 1.57e-06
     Epoch[24] Iteration[70/101], entropy: 0.4961, loss: 0.4961, lr: 4.69e-05
     Epoch[24] Iteration[80/101], entropy: 0.5039, loss: 0.5039, lr: 9.65e-05
     Epoch[24] Iteration[90/101], entropy: 0.4491, loss: 0.4491, lr: 8.19e-05
     Epoch[24] Iteration[100/101], entropy: 0.5586, loss: 0.5586, lr: 2.32e-05
     Averaged stats: entropy: 0.5854, loss: 0.5854, lr: 1.81e-05
     itm tta time 0:00:11
### TTA Eval Score: 
+-------+--------+--------+--------+--------+--------+
| epoch |   R1   |   R5   |  R10   |  mAP   |  mINP  |
+-------+--------+--------+--------+--------+--------+
|  -999 | 68.990 | 86.485 | 91.163 | 62.372 | 46.154 |
|   0   | 69.055 | 86.517 | 91.212 | 62.456 | 46.261 |
|   1   | 69.201 | 86.533 | 91.244 | 62.512 | 46.326 |
|   2   | 69.201 | 86.550 | 91.293 | 62.538 | 46.334 |
|   3   | 69.233 | 86.615 | 91.342 | 62.568 | 46.404 |
|   4   | 69.298 | 86.468 | 91.277 | 62.595 | 46.408 |
|   5   | 69.379 | 86.468 | 91.244 | 62.600 | 46.424 |
|   6   | 69.509 | 86.468 | 91.293 | 62.653 | 46.450 |
|   7   | 69.526 | 86.420 | 91.326 | 62.640 | 46.446 |
|   8   | 69.591 | 86.485 | 91.374 | 62.645 | 46.436 |
|   9   | 69.574 | 86.501 | 91.407 | 62.657 | 46.429 |
|   10  | 69.444 | 86.452 | 91.504 | 62.628 | 46.419 |
|   11  | 69.461 | 86.436 | 91.537 | 62.598 | 46.375 |
|   12  | 69.509 | 86.436 | 91.520 | 62.594 | 46.352 |
|   13  | 69.396 | 86.436 | 91.439 | 62.563 | 46.304 |
|   14  | 69.412 | 86.371 | 91.488 | 62.529 | 46.266 |
|   15  | 69.461 | 86.290 | 91.488 | 62.543 | 46.278 |
|   16  | 69.509 | 86.322 | 91.585 | 62.536 | 46.245 |
|   17  | 69.509 | 86.290 | 91.569 | 62.511 | 46.210 |
|   18  | 69.493 | 86.209 | 91.520 | 62.489 | 46.169 |
|   19  | 69.574 | 86.176 | 91.488 | 62.473 | 46.122 |
|   20  | 69.542 | 86.127 | 91.455 | 62.466 | 46.120 |
|   21  | 69.428 | 86.144 | 91.358 | 62.422 | 46.070 |
|   22  | 69.396 | 86.209 | 91.326 | 62.380 | 46.030 |
|   23  | 69.396 | 86.127 | 91.309 | 62.369 | 45.988 |
|   24  | 69.396 | 86.176 | 91.244 | 62.340 | 45.946 |
+-------+--------+--------+--------+--------+--------+
     logs:  {'epo': 24, 'R1': 69.396, 'R5': 86.176, 'R10': 91.244, 'mAP': 62.34, 'mINP': 45.946, 'entropy': 0.5812113016843796, 'loss': 0.5812113016843796, 'lr': 4.999999999999961e-05}
     Epoch[25] Iteration[10/101], entropy: 0.5493, loss: 0.5493, lr: 3.51e-06
     Epoch[25] Iteration[20/101], entropy: 0.4434, loss: 0.4434, lr: 5.31e-05
     Epoch[25] Iteration[30/101], entropy: 0.6838, loss: 0.6838, lr: 9.84e-05
     Epoch[25] Iteration[40/101], entropy: 0.5661, loss: 0.5661, lr: 7.68e-05
     Epoch[25] Iteration[50/101], entropy: 0.5898, loss: 0.5898, lr: 1.81e-05
     Epoch[25] Iteration[60/101], entropy: 0.5274, loss: 0.5274, lr: 3.51e-06
     Epoch[25] Iteration[70/101], entropy: 0.7286, loss: 0.7286, lr: 5.31e-05
     Epoch[25] Iteration[80/101], entropy: 0.5174, loss: 0.5174, lr: 9.84e-05
     Epoch[25] Iteration[90/101], entropy: 0.4238, loss: 0.4238, lr: 7.68e-05
     Epoch[25] Iteration[100/101], entropy: 0.5976, loss: 0.5976, lr: 1.81e-05
     Averaged stats: entropy: 0.5255, loss: 0.5255, lr: 1.36e-05
     itm tta time 0:00:11
### TTA Eval Score: 
+-------+--------+--------+--------+--------+--------+
| epoch |   R1   |   R5   |  R10   |  mAP   |  mINP  |
+-------+--------+--------+--------+--------+--------+
|  -999 | 68.990 | 86.485 | 91.163 | 62.372 | 46.154 |
|   0   | 69.055 | 86.517 | 91.212 | 62.456 | 46.261 |
|   1   | 69.201 | 86.533 | 91.244 | 62.512 | 46.326 |
|   2   | 69.201 | 86.550 | 91.293 | 62.538 | 46.334 |
|   3   | 69.233 | 86.615 | 91.342 | 62.568 | 46.404 |
|   4   | 69.298 | 86.468 | 91.277 | 62.595 | 46.408 |
|   5   | 69.379 | 86.468 | 91.244 | 62.600 | 46.424 |
|   6   | 69.509 | 86.468 | 91.293 | 62.653 | 46.450 |
|   7   | 69.526 | 86.420 | 91.326 | 62.640 | 46.446 |
|   8   | 69.591 | 86.485 | 91.374 | 62.645 | 46.436 |
|   9   | 69.574 | 86.501 | 91.407 | 62.657 | 46.429 |
|   10  | 69.444 | 86.452 | 91.504 | 62.628 | 46.419 |
|   11  | 69.461 | 86.436 | 91.537 | 62.598 | 46.375 |
|   12  | 69.509 | 86.436 | 91.520 | 62.594 | 46.352 |
|   13  | 69.396 | 86.436 | 91.439 | 62.563 | 46.304 |
|   14  | 69.412 | 86.371 | 91.488 | 62.529 | 46.266 |
|   15  | 69.461 | 86.290 | 91.488 | 62.543 | 46.278 |
|   16  | 69.509 | 86.322 | 91.585 | 62.536 | 46.245 |
|   17  | 69.509 | 86.290 | 91.569 | 62.511 | 46.210 |
|   18  | 69.493 | 86.209 | 91.520 | 62.489 | 46.169 |
|   19  | 69.574 | 86.176 | 91.488 | 62.473 | 46.122 |
|   20  | 69.542 | 86.127 | 91.455 | 62.466 | 46.120 |
|   21  | 69.428 | 86.144 | 91.358 | 62.422 | 46.070 |
|   22  | 69.396 | 86.209 | 91.326 | 62.380 | 46.030 |
|   23  | 69.396 | 86.127 | 91.309 | 62.369 | 45.988 |
|   24  | 69.396 | 86.176 | 91.244 | 62.340 | 45.946 |
|   25  | 69.396 | 86.176 | 91.244 | 62.332 | 45.902 |
+-------+--------+--------+--------+--------+--------+
     logs:  {'epo': 25, 'R1': 69.396, 'R5': 86.176, 'R10': 91.244, 'mAP': 62.332, 'mINP': 45.902, 'entropy': 0.5627114981412887, 'loss': 0.5627114981412887, 'lr': 5.0000000000000273e-05}
     Epoch[26] Iteration[10/101], entropy: 0.3176, loss: 0.3176, lr: 6.18e-06
     Epoch[26] Iteration[20/101], entropy: 0.6374, loss: 0.6374, lr: 5.94e-05
     Epoch[26] Iteration[30/101], entropy: 0.5465, loss: 0.5465, lr: 9.96e-05
     Epoch[26] Iteration[40/101], entropy: 0.5661, loss: 0.5661, lr: 7.13e-05
     Epoch[26] Iteration[50/101], entropy: 0.5497, loss: 0.5497, lr: 1.36e-05
     Epoch[26] Iteration[60/101], entropy: 0.3701, loss: 0.3701, lr: 6.18e-06
     Epoch[26] Iteration[70/101], entropy: 0.6485, loss: 0.6485, lr: 5.94e-05
     Epoch[26] Iteration[80/101], entropy: 0.4943, loss: 0.4943, lr: 9.96e-05
     Epoch[26] Iteration[90/101], entropy: 0.5813, loss: 0.5813, lr: 7.13e-05
     Epoch[26] Iteration[100/101], entropy: 0.5003, loss: 0.5003, lr: 1.36e-05
     Averaged stats: entropy: 0.4255, loss: 0.4255, lr: 9.55e-06
     itm tta time 0:00:12
### TTA Eval Score: 
+-------+--------+--------+--------+--------+--------+
| epoch |   R1   |   R5   |  R10   |  mAP   |  mINP  |
+-------+--------+--------+--------+--------+--------+
|  -999 | 68.990 | 86.485 | 91.163 | 62.372 | 46.154 |
|   0   | 69.055 | 86.517 | 91.212 | 62.456 | 46.261 |
|   1   | 69.201 | 86.533 | 91.244 | 62.512 | 46.326 |
|   2   | 69.201 | 86.550 | 91.293 | 62.538 | 46.334 |
|   3   | 69.233 | 86.615 | 91.342 | 62.568 | 46.404 |
|   4   | 69.298 | 86.468 | 91.277 | 62.595 | 46.408 |
|   5   | 69.379 | 86.468 | 91.244 | 62.600 | 46.424 |
|   6   | 69.509 | 86.468 | 91.293 | 62.653 | 46.450 |
|   7   | 69.526 | 86.420 | 91.326 | 62.640 | 46.446 |
|   8   | 69.591 | 86.485 | 91.374 | 62.645 | 46.436 |
|   9   | 69.574 | 86.501 | 91.407 | 62.657 | 46.429 |
|   10  | 69.444 | 86.452 | 91.504 | 62.628 | 46.419 |
|   11  | 69.461 | 86.436 | 91.537 | 62.598 | 46.375 |
|   12  | 69.509 | 86.436 | 91.520 | 62.594 | 46.352 |
|   13  | 69.396 | 86.436 | 91.439 | 62.563 | 46.304 |
|   14  | 69.412 | 86.371 | 91.488 | 62.529 | 46.266 |
|   15  | 69.461 | 86.290 | 91.488 | 62.543 | 46.278 |
|   16  | 69.509 | 86.322 | 91.585 | 62.536 | 46.245 |
|   17  | 69.509 | 86.290 | 91.569 | 62.511 | 46.210 |
|   18  | 69.493 | 86.209 | 91.520 | 62.489 | 46.169 |
|   19  | 69.574 | 86.176 | 91.488 | 62.473 | 46.122 |
|   20  | 69.542 | 86.127 | 91.455 | 62.466 | 46.120 |
|   21  | 69.428 | 86.144 | 91.358 | 62.422 | 46.070 |
|   22  | 69.396 | 86.209 | 91.326 | 62.380 | 46.030 |
|   23  | 69.396 | 86.127 | 91.309 | 62.369 | 45.988 |
|   24  | 69.396 | 86.176 | 91.244 | 62.340 | 45.946 |
|   25  | 69.396 | 86.176 | 91.244 | 62.332 | 45.902 |
|   26  | 69.379 | 86.160 | 91.277 | 62.304 | 45.879 |
+-------+--------+--------+--------+--------+--------+
     logs:  {'epo': 26, 'R1': 69.379, 'R5': 86.16, 'R10': 91.277, 'mAP': 62.304, 'mINP': 45.879, 'entropy': 0.5211775064468384, 'loss': 0.5211775064468384, 'lr': 4.999999999999998e-05}
     Epoch[27] Iteration[10/101], entropy: 0.5682, loss: 0.5682, lr: 9.55e-06
     Epoch[27] Iteration[20/101], entropy: 0.4793, loss: 0.4793, lr: 6.55e-05
     Epoch[27] Iteration[30/101], entropy: 0.5946, loss: 0.5946, lr: 1.00e-04
     Epoch[27] Iteration[40/101], entropy: 0.5691, loss: 0.5691, lr: 6.55e-05
     Epoch[27] Iteration[50/101], entropy: 0.6307, loss: 0.6307, lr: 9.55e-06
     Epoch[27] Iteration[60/101], entropy: 0.4920, loss: 0.4920, lr: 9.55e-06
     Epoch[27] Iteration[70/101], entropy: 0.4297, loss: 0.4297, lr: 6.55e-05
     Epoch[27] Iteration[80/101], entropy: 0.4231, loss: 0.4231, lr: 1.00e-04
     Epoch[27] Iteration[90/101], entropy: 0.6204, loss: 0.6204, lr: 6.55e-05
     Epoch[27] Iteration[100/101], entropy: 0.7452, loss: 0.7452, lr: 9.55e-06
     Averaged stats: entropy: 0.4914, loss: 0.4914, lr: 6.18e-06
     itm tta time 0:00:11
### TTA Eval Score: 
+-------+--------+--------+--------+--------+--------+
| epoch |   R1   |   R5   |  R10   |  mAP   |  mINP  |
+-------+--------+--------+--------+--------+--------+
|  -999 | 68.990 | 86.485 | 91.163 | 62.372 | 46.154 |
|   0   | 69.055 | 86.517 | 91.212 | 62.456 | 46.261 |
|   1   | 69.201 | 86.533 | 91.244 | 62.512 | 46.326 |
|   2   | 69.201 | 86.550 | 91.293 | 62.538 | 46.334 |
|   3   | 69.233 | 86.615 | 91.342 | 62.568 | 46.404 |
|   4   | 69.298 | 86.468 | 91.277 | 62.595 | 46.408 |
|   5   | 69.379 | 86.468 | 91.244 | 62.600 | 46.424 |
|   6   | 69.509 | 86.468 | 91.293 | 62.653 | 46.450 |
|   7   | 69.526 | 86.420 | 91.326 | 62.640 | 46.446 |
|   8   | 69.591 | 86.485 | 91.374 | 62.645 | 46.436 |
|   9   | 69.574 | 86.501 | 91.407 | 62.657 | 46.429 |
|   10  | 69.444 | 86.452 | 91.504 | 62.628 | 46.419 |
|   11  | 69.461 | 86.436 | 91.537 | 62.598 | 46.375 |
|   12  | 69.509 | 86.436 | 91.520 | 62.594 | 46.352 |
|   13  | 69.396 | 86.436 | 91.439 | 62.563 | 46.304 |
|   14  | 69.412 | 86.371 | 91.488 | 62.529 | 46.266 |
|   15  | 69.461 | 86.290 | 91.488 | 62.543 | 46.278 |
|   16  | 69.509 | 86.322 | 91.585 | 62.536 | 46.245 |
|   17  | 69.509 | 86.290 | 91.569 | 62.511 | 46.210 |
|   18  | 69.493 | 86.209 | 91.520 | 62.489 | 46.169 |
|   19  | 69.574 | 86.176 | 91.488 | 62.473 | 46.122 |
|   20  | 69.542 | 86.127 | 91.455 | 62.466 | 46.120 |
|   21  | 69.428 | 86.144 | 91.358 | 62.422 | 46.070 |
|   22  | 69.396 | 86.209 | 91.326 | 62.380 | 46.030 |
|   23  | 69.396 | 86.127 | 91.309 | 62.369 | 45.988 |
|   24  | 69.396 | 86.176 | 91.244 | 62.340 | 45.946 |
|   25  | 69.396 | 86.176 | 91.244 | 62.332 | 45.902 |
|   26  | 69.379 | 86.160 | 91.277 | 62.304 | 45.879 |
|   27  | 69.412 | 86.127 | 91.293 | 62.307 | 45.875 |
+-------+--------+--------+--------+--------+--------+
     logs:  {'epo': 27, 'R1': 69.412, 'R5': 86.127, 'R10': 91.293, 'mAP': 62.307, 'mINP': 45.875, 'entropy': 0.5552218079566955, 'loss': 0.5552218079566955, 'lr': 4.99999999999996e-05}
     Epoch[28] Iteration[10/101], entropy: 0.6021, loss: 0.6021, lr: 1.36e-05
     Epoch[28] Iteration[20/101], entropy: 0.4313, loss: 0.4313, lr: 7.13e-05
     Epoch[28] Iteration[30/101], entropy: 0.5315, loss: 0.5315, lr: 9.96e-05
     Epoch[28] Iteration[40/101], entropy: 0.4982, loss: 0.4982, lr: 5.94e-05
     Epoch[28] Iteration[50/101], entropy: 0.5307, loss: 0.5307, lr: 6.18e-06
     Epoch[28] Iteration[60/101], entropy: 0.5429, loss: 0.5429, lr: 1.36e-05
     Epoch[28] Iteration[70/101], entropy: 0.4563, loss: 0.4563, lr: 7.13e-05
     Epoch[28] Iteration[80/101], entropy: 0.2837, loss: 0.2837, lr: 9.96e-05
     Epoch[28] Iteration[90/101], entropy: 0.4724, loss: 0.4724, lr: 5.94e-05
     Epoch[28] Iteration[100/101], entropy: 0.2174, loss: 0.2174, lr: 6.18e-06
     Averaged stats: entropy: 0.5085, loss: 0.5085, lr: 3.51e-06
     itm tta time 0:00:12
### TTA Eval Score: 
+-------+--------+--------+--------+--------+--------+
| epoch |   R1   |   R5   |  R10   |  mAP   |  mINP  |
+-------+--------+--------+--------+--------+--------+
|  -999 | 68.990 | 86.485 | 91.163 | 62.372 | 46.154 |
|   0   | 69.055 | 86.517 | 91.212 | 62.456 | 46.261 |
|   1   | 69.201 | 86.533 | 91.244 | 62.512 | 46.326 |
|   2   | 69.201 | 86.550 | 91.293 | 62.538 | 46.334 |
|   3   | 69.233 | 86.615 | 91.342 | 62.568 | 46.404 |
|   4   | 69.298 | 86.468 | 91.277 | 62.595 | 46.408 |
|   5   | 69.379 | 86.468 | 91.244 | 62.600 | 46.424 |
|   6   | 69.509 | 86.468 | 91.293 | 62.653 | 46.450 |
|   7   | 69.526 | 86.420 | 91.326 | 62.640 | 46.446 |
|   8   | 69.591 | 86.485 | 91.374 | 62.645 | 46.436 |
|   9   | 69.574 | 86.501 | 91.407 | 62.657 | 46.429 |
|   10  | 69.444 | 86.452 | 91.504 | 62.628 | 46.419 |
|   11  | 69.461 | 86.436 | 91.537 | 62.598 | 46.375 |
|   12  | 69.509 | 86.436 | 91.520 | 62.594 | 46.352 |
|   13  | 69.396 | 86.436 | 91.439 | 62.563 | 46.304 |
|   14  | 69.412 | 86.371 | 91.488 | 62.529 | 46.266 |
|   15  | 69.461 | 86.290 | 91.488 | 62.543 | 46.278 |
|   16  | 69.509 | 86.322 | 91.585 | 62.536 | 46.245 |
|   17  | 69.509 | 86.290 | 91.569 | 62.511 | 46.210 |
|   18  | 69.493 | 86.209 | 91.520 | 62.489 | 46.169 |
|   19  | 69.574 | 86.176 | 91.488 | 62.473 | 46.122 |
|   20  | 69.542 | 86.127 | 91.455 | 62.466 | 46.120 |
|   21  | 69.428 | 86.144 | 91.358 | 62.422 | 46.070 |
|   22  | 69.396 | 86.209 | 91.326 | 62.380 | 46.030 |
|   23  | 69.396 | 86.127 | 91.309 | 62.369 | 45.988 |
|   24  | 69.396 | 86.176 | 91.244 | 62.340 | 45.946 |
|   25  | 69.396 | 86.176 | 91.244 | 62.332 | 45.902 |
|   26  | 69.379 | 86.160 | 91.277 | 62.304 | 45.879 |
|   27  | 69.412 | 86.127 | 91.293 | 62.307 | 45.875 |
|   28  | 69.412 | 86.127 | 91.277 | 62.283 | 45.864 |
+-------+--------+--------+--------+--------+--------+
     logs:  {'epo': 28, 'R1': 69.412, 'R5': 86.127, 'R10': 91.277, 'mAP': 62.283, 'mINP': 45.864, 'entropy': 0.45664764642715455, 'loss': 0.45664764642715455, 'lr': 4.999999999999995e-05}
     Epoch[29] Iteration[10/101], entropy: 0.5758, loss: 0.5758, lr: 1.81e-05
     Epoch[29] Iteration[20/101], entropy: 0.5451, loss: 0.5451, lr: 7.68e-05
     Epoch[29] Iteration[30/101], entropy: 0.5354, loss: 0.5354, lr: 9.84e-05
     Epoch[29] Iteration[40/101], entropy: 0.5245, loss: 0.5245, lr: 5.31e-05
     Epoch[29] Iteration[50/101], entropy: 0.6308, loss: 0.6308, lr: 3.51e-06
     Epoch[29] Iteration[60/101], entropy: 0.4530, loss: 0.4530, lr: 1.81e-05
     Epoch[29] Iteration[70/101], entropy: 0.6475, loss: 0.6475, lr: 7.68e-05
     Epoch[29] Iteration[80/101], entropy: 0.5428, loss: 0.5428, lr: 9.84e-05
     Epoch[29] Iteration[90/101], entropy: 0.4599, loss: 0.4599, lr: 5.31e-05
     Epoch[29] Iteration[100/101], entropy: 0.4134, loss: 0.4134, lr: 3.51e-06
     Averaged stats: entropy: 0.4473, loss: 0.4473, lr: 1.57e-06
     itm tta time 0:00:11
### TTA Eval Score: 
+-------+--------+--------+--------+--------+--------+
| epoch |   R1   |   R5   |  R10   |  mAP   |  mINP  |
+-------+--------+--------+--------+--------+--------+
|  -999 | 68.990 | 86.485 | 91.163 | 62.372 | 46.154 |
|   0   | 69.055 | 86.517 | 91.212 | 62.456 | 46.261 |
|   1   | 69.201 | 86.533 | 91.244 | 62.512 | 46.326 |
|   2   | 69.201 | 86.550 | 91.293 | 62.538 | 46.334 |
|   3   | 69.233 | 86.615 | 91.342 | 62.568 | 46.404 |
|   4   | 69.298 | 86.468 | 91.277 | 62.595 | 46.408 |
|   5   | 69.379 | 86.468 | 91.244 | 62.600 | 46.424 |
|   6   | 69.509 | 86.468 | 91.293 | 62.653 | 46.450 |
|   7   | 69.526 | 86.420 | 91.326 | 62.640 | 46.446 |
|   8   | 69.591 | 86.485 | 91.374 | 62.645 | 46.436 |
|   9   | 69.574 | 86.501 | 91.407 | 62.657 | 46.429 |
|   10  | 69.444 | 86.452 | 91.504 | 62.628 | 46.419 |
|   11  | 69.461 | 86.436 | 91.537 | 62.598 | 46.375 |
|   12  | 69.509 | 86.436 | 91.520 | 62.594 | 46.352 |
|   13  | 69.396 | 86.436 | 91.439 | 62.563 | 46.304 |
|   14  | 69.412 | 86.371 | 91.488 | 62.529 | 46.266 |
|   15  | 69.461 | 86.290 | 91.488 | 62.543 | 46.278 |
|   16  | 69.509 | 86.322 | 91.585 | 62.536 | 46.245 |
|   17  | 69.509 | 86.290 | 91.569 | 62.511 | 46.210 |
|   18  | 69.493 | 86.209 | 91.520 | 62.489 | 46.169 |
|   19  | 69.574 | 86.176 | 91.488 | 62.473 | 46.122 |
|   20  | 69.542 | 86.127 | 91.455 | 62.466 | 46.120 |
|   21  | 69.428 | 86.144 | 91.358 | 62.422 | 46.070 |
|   22  | 69.396 | 86.209 | 91.326 | 62.380 | 46.030 |
|   23  | 69.396 | 86.127 | 91.309 | 62.369 | 45.988 |
|   24  | 69.396 | 86.176 | 91.244 | 62.340 | 45.946 |
|   25  | 69.396 | 86.176 | 91.244 | 62.332 | 45.902 |
|   26  | 69.379 | 86.160 | 91.277 | 62.304 | 45.879 |
|   27  | 69.412 | 86.127 | 91.293 | 62.307 | 45.875 |
|   28  | 69.412 | 86.127 | 91.277 | 62.283 | 45.864 |
|   29  | 69.379 | 86.209 | 91.293 | 62.247 | 45.820 |
+-------+--------+--------+--------+--------+--------+
     logs:  {'epo': 29, 'R1': 69.379, 'R5': 86.209, 'R10': 91.293, 'mAP': 62.247, 'mINP': 45.82, 'entropy': 0.5328054577112198, 'loss': 0.5328054577112198, 'lr': 5.0000000000000273e-05}
### best epoch 8 : {'epo': '8', 'R1': '69.591', 'R5': '86.485', 'R10': '91.374', 'mAP': '62.645', 'mINP': '46.436', 'entropy': '0.5523565381765365', 'loss': '0.5523565381765365', 'lr': '5.000000000000013e-05'}
### Time 0:11:12
