Not using distributed mode
### Hyper-parameters:
     output_dir: output/ham_cuhk_tta_best2/exp3.1.4/2025090209195
     seed: 42
     device: cuda
     batch_size_tta: 32
     epochs: 30
     lr: 0.001
### Creating test dataset
     test_txt_set: 6156    test_img_set: 3074
     test_txt_loader: 13    test_img_loader: 7
### Creating model
Training Model with ['sdm', 'id', 'mlm'] tasks
Resized position embedding from size:torch.Size([1, 197, 768]) to size: torch.Size([1, 193, 768]) with height:24 width: 8
     Total Params Sum:  194535419
### Zero-Shot Score: 
/data2/jiahao/task/IRRA/tta.py:261: FutureWarning: `torch.cuda.amp.GradScaler(args...)` is deprecated. Please use `torch.amp.GradScaler('cuda', args...)` instead.
  scaler = GradScaler()  # bf16
+-------+--------+--------+--------+--------+--------+
| epoch |   R1   |   R5   |  R10   |  mAP   |  mINP  |
+-------+--------+--------+--------+--------+--------+
|  -999 | 68.990 | 86.485 | 91.163 | 62.372 | 46.154 |
+-------+--------+--------+--------+--------+--------+
### TTA:
### Compute Cos Similarity Uncertainty
     preprocess_tta_coefficients  start
     sample selection ...
     number of sample after sample_selection: 6156
     uncertainty ...
     preprocess_tta_coefficients  end
### Creating TTA dataset
     tta_dataset: 6156
### Creating tta dataloader
### be careful: func create_loader returns a list length of 1
     tta_loader: 192
### Configure adapted weights
     TTA Dropout Modules: 
 []
     TTA Require Gradient Params: 
 [('base_model.transformer.resblocks.0.ln_1.weight', torch.Size([512])), ('base_model.transformer.resblocks.0.ln_1.bias', torch.Size([512])), ('base_model.transformer.resblocks.0.ln_2.weight', torch.Size([512])), ('base_model.transformer.resblocks.0.ln_2.bias', torch.Size([512])), ('base_model.transformer.resblocks.1.ln_1.weight', torch.Size([512])), ('base_model.transformer.resblocks.1.ln_1.bias', torch.Size([512])), ('base_model.transformer.resblocks.1.ln_2.weight', torch.Size([512])), ('base_model.transformer.resblocks.1.ln_2.bias', torch.Size([512])), ('base_model.transformer.resblocks.2.ln_1.weight', torch.Size([512])), ('base_model.transformer.resblocks.2.ln_1.bias', torch.Size([512])), ('base_model.transformer.resblocks.2.ln_2.weight', torch.Size([512])), ('base_model.transformer.resblocks.2.ln_2.bias', torch.Size([512])), ('base_model.transformer.resblocks.3.ln_1.weight', torch.Size([512])), ('base_model.transformer.resblocks.3.ln_1.bias', torch.Size([512])), ('base_model.transformer.resblocks.3.ln_2.weight', torch.Size([512])), ('base_model.transformer.resblocks.3.ln_2.bias', torch.Size([512])), ('base_model.transformer.resblocks.4.ln_1.weight', torch.Size([512])), ('base_model.transformer.resblocks.4.ln_1.bias', torch.Size([512])), ('base_model.transformer.resblocks.4.ln_2.weight', torch.Size([512])), ('base_model.transformer.resblocks.4.ln_2.bias', torch.Size([512])), ('base_model.transformer.resblocks.5.ln_1.weight', torch.Size([512])), ('base_model.transformer.resblocks.5.ln_1.bias', torch.Size([512])), ('base_model.transformer.resblocks.5.ln_2.weight', torch.Size([512])), ('base_model.transformer.resblocks.5.ln_2.bias', torch.Size([512])), ('base_model.transformer.resblocks.6.ln_1.weight', torch.Size([512])), ('base_model.transformer.resblocks.6.ln_1.bias', torch.Size([512])), ('base_model.transformer.resblocks.6.ln_2.weight', torch.Size([512])), ('base_model.transformer.resblocks.6.ln_2.bias', torch.Size([512])), ('base_model.transformer.resblocks.7.ln_1.weight', torch.Size([512])), ('base_model.transformer.resblocks.7.ln_1.bias', torch.Size([512])), ('base_model.transformer.resblocks.7.ln_2.weight', torch.Size([512])), ('base_model.transformer.resblocks.7.ln_2.bias', torch.Size([512])), ('base_model.transformer.resblocks.8.ln_1.weight', torch.Size([512])), ('base_model.transformer.resblocks.8.ln_1.bias', torch.Size([512])), ('base_model.transformer.resblocks.8.ln_2.weight', torch.Size([512])), ('base_model.transformer.resblocks.8.ln_2.bias', torch.Size([512])), ('base_model.transformer.resblocks.9.ln_1.weight', torch.Size([512])), ('base_model.transformer.resblocks.9.ln_1.bias', torch.Size([512])), ('base_model.transformer.resblocks.9.ln_2.weight', torch.Size([512])), ('base_model.transformer.resblocks.9.ln_2.bias', torch.Size([512])), ('base_model.transformer.resblocks.10.ln_1.weight', torch.Size([512])), ('base_model.transformer.resblocks.10.ln_1.bias', torch.Size([512])), ('base_model.transformer.resblocks.10.ln_2.weight', torch.Size([512])), ('base_model.transformer.resblocks.10.ln_2.bias', torch.Size([512])), ('base_model.transformer.resblocks.11.ln_1.weight', torch.Size([512])), ('base_model.transformer.resblocks.11.ln_1.bias', torch.Size([512])), ('base_model.transformer.resblocks.11.ln_2.weight', torch.Size([512])), ('base_model.transformer.resblocks.11.ln_2.bias', torch.Size([512])), ('base_model.ln_final.weight', torch.Size([512])), ('base_model.ln_final.bias', torch.Size([512]))]
     TTA Dropout Modules Number: 
 0
     TTA Require Gradient Params Sum: 
 25600
Using 5.0 times learning rate for random init module 
### Start Test Time Adaptation
/data2/jiahao/task/IRRA/tta.py:65: FutureWarning: `torch.cuda.amp.autocast(args...)` is deprecated. Please use `torch.amp.autocast('cuda', args...)` instead.
  with torch.cuda.amp.autocast(enabled=True):
     Epoch[0] Iteration[10/192], entropy: 0.8869, loss: 2.4008, lr: 9.05e-04
     Epoch[0] Iteration[20/192], entropy: 0.6950, loss: 2.2892, lr: 3.45e-04
     Epoch[0] Iteration[30/192], entropy: 0.8591, loss: 2.3877, lr: 0.00e+00
     Epoch[0] Iteration[40/192], entropy: 0.6312, loss: 2.1155, lr: 3.45e-04
     Epoch[0] Iteration[50/192], entropy: 0.7222, loss: 2.2699, lr: 9.05e-04
     Epoch[0] Iteration[60/192], entropy: 0.8063, loss: 2.3171, lr: 9.05e-04
     Epoch[0] Iteration[70/192], entropy: 0.7893, loss: 2.3541, lr: 3.45e-04
     Epoch[0] Iteration[80/192], entropy: 0.6723, loss: 2.1681, lr: 0.00e+00
     Epoch[0] Iteration[90/192], entropy: 0.7753, loss: 2.3317, lr: 3.45e-04
     Epoch[0] Iteration[100/192], entropy: 0.7163, loss: 2.1919, lr: 9.05e-04
     Epoch[0] Iteration[110/192], entropy: 0.7981, loss: 2.3617, lr: 9.05e-04
     Epoch[0] Iteration[120/192], entropy: 0.7219, loss: 2.2768, lr: 3.45e-04
     Epoch[0] Iteration[130/192], entropy: 0.7597, loss: 2.3704, lr: 0.00e+00
     Epoch[0] Iteration[140/192], entropy: 0.7605, loss: 2.3267, lr: 3.45e-04
     Epoch[0] Iteration[150/192], entropy: 0.6101, loss: 2.1148, lr: 9.05e-04
     Epoch[0] Iteration[160/192], entropy: 0.7721, loss: 2.3417, lr: 9.05e-04
     Epoch[0] Iteration[170/192], entropy: 0.7093, loss: 2.2998, lr: 3.45e-04
     Epoch[0] Iteration[180/192], entropy: 0.6594, loss: 2.2117, lr: 0.00e+00
     Epoch[0] Iteration[190/192], entropy: 0.7510, loss: 2.2754, lr: 3.45e-04
     Averaged stats: entropy: 0.6780, loss: 2.2840, lr: 4.69e-04
     itm tta time 0:00:23
### TTA Eval Score: 
+-------+--------+--------+--------+--------+--------+
| epoch |   R1   |   R5   |  R10   |  mAP   |  mINP  |
+-------+--------+--------+--------+--------+--------+
|  -999 | 68.990 | 86.485 | 91.163 | 62.372 | 46.154 |
|   0   | 63.125 | 83.220 | 89.392 | 57.556 | 41.627 |
+-------+--------+--------+--------+--------+--------+
     logs:  {'epo': 0, 'R1': 63.125, 'R5': 83.22, 'R10': 89.392, 'mAP': 57.556, 'mINP': 41.627, 'entropy': 0.7418918578248275, 'loss': 2.284471223228856, 'lr': 0.00047871007909539606}
     Epoch[1] Iteration[10/192], entropy: 0.5583, loss: 2.2042, lr: 9.65e-04
     Epoch[1] Iteration[20/192], entropy: 0.5738, loss: 2.1979, lr: 8.19e-04
     Epoch[1] Iteration[30/192], entropy: 0.6201, loss: 2.2912, lr: 2.32e-04
     Epoch[1] Iteration[40/192], entropy: 0.6445, loss: 2.3374, lr: 1.57e-05
     Epoch[1] Iteration[50/192], entropy: 0.5258, loss: 2.1291, lr: 4.69e-04
     Epoch[1] Iteration[60/192], entropy: 0.6175, loss: 2.1698, lr: 9.65e-04
     Epoch[1] Iteration[70/192], entropy: 0.6340, loss: 2.2497, lr: 8.19e-04
     Epoch[1] Iteration[80/192], entropy: 0.6179, loss: 2.2445, lr: 2.32e-04
     Epoch[1] Iteration[90/192], entropy: 0.4694, loss: 2.0525, lr: 1.57e-05
     Epoch[1] Iteration[100/192], entropy: 0.4908, loss: 2.2787, lr: 4.69e-04
     Epoch[1] Iteration[110/192], entropy: 0.5347, loss: 2.1159, lr: 9.65e-04
     Epoch[1] Iteration[120/192], entropy: 0.5171, loss: 2.1215, lr: 8.19e-04
     Epoch[1] Iteration[130/192], entropy: 0.4752, loss: 2.1288, lr: 2.32e-04
     Epoch[1] Iteration[140/192], entropy: 0.5200, loss: 2.1506, lr: 1.57e-05
     Epoch[1] Iteration[150/192], entropy: 0.5650, loss: 2.2145, lr: 4.69e-04
     Epoch[1] Iteration[160/192], entropy: 0.5874, loss: 2.3520, lr: 9.65e-04
     Epoch[1] Iteration[170/192], entropy: 0.3819, loss: 2.0930, lr: 8.19e-04
     Epoch[1] Iteration[180/192], entropy: 0.5190, loss: 2.2758, lr: 2.32e-04
     Epoch[1] Iteration[190/192], entropy: 0.5481, loss: 2.1613, lr: 1.57e-05
     Averaged stats: entropy: 0.4900, loss: 2.1478, lr: 6.18e-05
     itm tta time 0:00:20
### TTA Eval Score: 
+-------+--------+--------+--------+--------+--------+
| epoch |   R1   |   R5   |  R10   |  mAP   |  mINP  |
+-------+--------+--------+--------+--------+--------+
|  -999 | 68.990 | 86.485 | 91.163 | 62.372 | 46.154 |
|   0   | 63.125 | 83.220 | 89.392 | 57.556 | 41.627 |
|   1   | 32.099 | 55.247 | 66.033 | 31.283 | 20.106 |
+-------+--------+--------+--------+--------+--------+
     logs:  {'epo': 1, 'R1': 32.099, 'R5': 55.247, 'R10': 66.033, 'mAP': 31.283, 'mINP': 20.106, 'entropy': 0.5473951132673966, 'loss': 2.1983319458208586, 'lr': 0.0005016523820928771}
     Epoch[2] Iteration[10/192], entropy: 0.4034, loss: 2.0902, lr: 5.94e-04
     Epoch[2] Iteration[20/192], entropy: 0.5161, loss: 2.2012, lr: 9.96e-04
     Epoch[2] Iteration[30/192], entropy: 0.4480, loss: 2.0856, lr: 7.13e-04
     Epoch[2] Iteration[40/192], entropy: 0.5266, loss: 2.2233, lr: 1.36e-04
     Epoch[2] Iteration[50/192], entropy: 0.5002, loss: 2.0601, lr: 6.18e-05
     Epoch[2] Iteration[60/192], entropy: 0.5156, loss: 2.1834, lr: 5.94e-04
     Epoch[2] Iteration[70/192], entropy: 0.5021, loss: 2.1022, lr: 9.96e-04
     Epoch[2] Iteration[80/192], entropy: 0.5177, loss: 2.0972, lr: 7.13e-04
     Epoch[2] Iteration[90/192], entropy: 0.4740, loss: 2.1710, lr: 1.36e-04
     Epoch[2] Iteration[100/192], entropy: 0.4437, loss: 2.1563, lr: 6.18e-05
     Epoch[2] Iteration[110/192], entropy: 0.5455, loss: 2.2042, lr: 5.94e-04
     Epoch[2] Iteration[120/192], entropy: 0.5904, loss: 2.2724, lr: 9.96e-04
     Epoch[2] Iteration[130/192], entropy: 0.5023, loss: 2.0935, lr: 7.13e-04
     Epoch[2] Iteration[140/192], entropy: 0.3521, loss: 2.1219, lr: 1.36e-04
     Epoch[2] Iteration[150/192], entropy: 0.5300, loss: 2.2326, lr: 6.18e-05
     Epoch[2] Iteration[160/192], entropy: 0.4076, loss: 2.1382, lr: 5.94e-04
     Epoch[2] Iteration[170/192], entropy: 0.3662, loss: 2.1180, lr: 9.96e-04
     Epoch[2] Iteration[180/192], entropy: 0.5566, loss: 2.1871, lr: 7.13e-04
     Epoch[2] Iteration[190/192], entropy: 0.5089, loss: 2.1518, lr: 1.36e-04
     Averaged stats: entropy: 0.2982, loss: 2.0267, lr: 6.18e-05
     itm tta time 0:00:22
### TTA Eval Score: 
+-------+--------+--------+--------+--------+--------+
| epoch |   R1   |   R5   |  R10   |  mAP   |  mINP  |
+-------+--------+--------+--------+--------+--------+
|  -999 | 68.990 | 86.485 | 91.163 | 62.372 | 46.154 |
|   0   | 63.125 | 83.220 | 89.392 | 57.556 | 41.627 |
|   1   | 32.099 | 55.247 | 66.033 | 31.283 | 20.106 |
|   2   | 9.925  | 21.442 | 30.604 | 11.077 | 6.483  |
+-------+--------+--------+--------+--------+--------+
     logs:  {'epo': 2, 'R1': 9.925, 'R5': 21.442, 'R10': 30.604, 'mAP': 11.077, 'mINP': 6.483, 'entropy': 0.4845789843483975, 'loss': 2.1521033111371493, 'lr': 0.0005230607021064167}
     Epoch[3] Iteration[10/192], entropy: 0.4731, loss: 2.2230, lr: 1.36e-04
     Epoch[3] Iteration[20/192], entropy: 0.4567, loss: 2.1424, lr: 7.13e-04
     Epoch[3] Iteration[30/192], entropy: 0.3852, loss: 2.1798, lr: 9.96e-04
     Epoch[3] Iteration[40/192], entropy: 0.5201, loss: 2.2751, lr: 5.94e-04
     Epoch[3] Iteration[50/192], entropy: 0.4048, loss: 2.1243, lr: 6.18e-05
     Epoch[3] Iteration[60/192], entropy: 0.5180, loss: 2.1791, lr: 1.36e-04
     Epoch[3] Iteration[70/192], entropy: 0.4825, loss: 2.1320, lr: 7.13e-04
     Epoch[3] Iteration[80/192], entropy: 0.3748, loss: 2.1768, lr: 9.96e-04
     Epoch[3] Iteration[90/192], entropy: 0.3476, loss: 2.1868, lr: 5.94e-04
     Epoch[3] Iteration[100/192], entropy: 0.4831, loss: 2.1359, lr: 6.18e-05
     Epoch[3] Iteration[110/192], entropy: 0.4255, loss: 2.2043, lr: 1.36e-04
     Epoch[3] Iteration[120/192], entropy: 0.4908, loss: 2.0476, lr: 7.13e-04
     Epoch[3] Iteration[130/192], entropy: 0.3926, loss: 2.0684, lr: 9.96e-04
     Epoch[3] Iteration[140/192], entropy: 0.5023, loss: 2.0352, lr: 5.94e-04
     Epoch[3] Iteration[150/192], entropy: 0.4211, loss: 2.1981, lr: 6.18e-05
     Epoch[3] Iteration[160/192], entropy: 0.4311, loss: 2.1768, lr: 1.36e-04
     Epoch[3] Iteration[170/192], entropy: 0.5051, loss: 2.0492, lr: 7.13e-04
     Epoch[3] Iteration[180/192], entropy: 0.5757, loss: 2.1657, lr: 9.96e-04
     Epoch[3] Iteration[190/192], entropy: 0.4122, loss: 2.0064, lr: 5.94e-04
     Averaged stats: entropy: 0.4528, loss: 2.1829, lr: 4.69e-04
     itm tta time 0:00:20
### TTA Eval Score: 
+-------+--------+--------+--------+--------+--------+
| epoch |   R1   |   R5   |  R10   |  mAP   |  mINP  |
+-------+--------+--------+--------+--------+--------+
|  -999 | 68.990 | 86.485 | 91.163 | 62.372 | 46.154 |
|   0   | 63.125 | 83.220 | 89.392 | 57.556 | 41.627 |
|   1   | 32.099 | 55.247 | 66.033 | 31.283 | 20.106 |
|   2   | 9.925  | 21.442 | 30.604 | 11.077 | 6.483  |
|   3   | 4.207  | 10.526 | 15.903 | 5.541  | 3.200  |
+-------+--------+--------+--------+--------+--------+
     logs:  {'epo': 3, 'R1': 4.207, 'R5': 10.526, 'R10': 15.903, 'mAP': 5.541, 'mINP': 3.2, 'entropy': 0.4527530136861299, 'loss': 2.142471300928216, 'lr': 0.0005230607021064171}
     Epoch[4] Iteration[10/192], entropy: 0.5187, loss: 2.1667, lr: 1.57e-05
     Epoch[4] Iteration[20/192], entropy: 0.5380, loss: 2.2972, lr: 2.32e-04
     Epoch[4] Iteration[30/192], entropy: 0.4286, loss: 2.2547, lr: 8.19e-04
     Epoch[4] Iteration[40/192], entropy: 0.2863, loss: 2.1042, lr: 9.65e-04
     Epoch[4] Iteration[50/192], entropy: 0.4202, loss: 2.1660, lr: 4.69e-04
     Epoch[4] Iteration[60/192], entropy: 0.4414, loss: 2.1700, lr: 1.57e-05
     Epoch[4] Iteration[70/192], entropy: 0.4276, loss: 2.1235, lr: 2.32e-04
     Epoch[4] Iteration[80/192], entropy: 0.4662, loss: 2.1999, lr: 8.19e-04
     Epoch[4] Iteration[90/192], entropy: 0.4630, loss: 2.0038, lr: 9.65e-04
     Epoch[4] Iteration[100/192], entropy: 0.3966, loss: 2.1844, lr: 4.69e-04
     Epoch[4] Iteration[110/192], entropy: 0.4326, loss: 2.1366, lr: 1.57e-05
     Epoch[4] Iteration[120/192], entropy: 0.4657, loss: 2.1342, lr: 2.32e-04
     Epoch[4] Iteration[130/192], entropy: 0.4208, loss: 2.0439, lr: 8.19e-04
     Epoch[4] Iteration[140/192], entropy: 0.3733, loss: 2.1155, lr: 9.65e-04
     Epoch[4] Iteration[150/192], entropy: 0.3581, loss: 2.0946, lr: 4.69e-04
     Epoch[4] Iteration[160/192], entropy: 0.4828, loss: 2.1330, lr: 1.57e-05
     Epoch[4] Iteration[170/192], entropy: 0.4264, loss: 2.1271, lr: 2.32e-04
     Epoch[4] Iteration[180/192], entropy: 0.3754, loss: 2.1670, lr: 8.19e-04
     Epoch[4] Iteration[190/192], entropy: 0.4488, loss: 2.1036, lr: 9.65e-04
     Averaged stats: entropy: 0.4614, loss: 2.2890, lr: 9.05e-04
     itm tta time 0:00:22
### TTA Eval Score: 
+-------+--------+--------+--------+--------+--------+
| epoch |   R1   |   R5   |  R10   |  mAP   |  mINP  |
+-------+--------+--------+--------+--------+--------+
|  -999 | 68.990 | 86.485 | 91.163 | 62.372 | 46.154 |
|   0   | 63.125 | 83.220 | 89.392 | 57.556 | 41.627 |
|   1   | 32.099 | 55.247 | 66.033 | 31.283 | 20.106 |
|   2   | 9.925  | 21.442 | 30.604 | 11.077 | 6.483  |
|   3   | 4.207  | 10.526 | 15.903 | 5.541  | 3.200  |
|   4   | 2.469  | 6.855  | 10.624 | 3.709  | 2.228  |
+-------+--------+--------+--------+--------+--------+
     logs:  {'epo': 4, 'R1': 2.469, 'R5': 6.855, 'R10': 10.624, 'mAP': 3.709, 'mINP': 2.228, 'entropy': 0.4300146557782826, 'loss': 2.1434749929528487, 'lr': 0.0005016523820928756}
     Epoch[5] Iteration[10/192], entropy: 0.4365, loss: 2.1313, lr: 3.45e-04
     Epoch[5] Iteration[20/192], entropy: 0.3248, loss: 2.1075, lr: 0.00e+00
     Epoch[5] Iteration[30/192], entropy: 0.4496, loss: 2.1416, lr: 3.45e-04
     Epoch[5] Iteration[40/192], entropy: 0.4588, loss: 2.1800, lr: 9.05e-04
     Epoch[5] Iteration[50/192], entropy: 0.3552, loss: 2.1380, lr: 9.05e-04
     Epoch[5] Iteration[60/192], entropy: 0.4233, loss: 2.0712, lr: 3.45e-04
     Epoch[5] Iteration[70/192], entropy: 0.4991, loss: 2.3261, lr: 0.00e+00
     Epoch[5] Iteration[80/192], entropy: 0.3934, loss: 2.1196, lr: 3.45e-04
     Epoch[5] Iteration[90/192], entropy: 0.4511, loss: 2.1981, lr: 9.05e-04
     Epoch[5] Iteration[100/192], entropy: 0.4379, loss: 2.0448, lr: 9.05e-04
     Epoch[5] Iteration[110/192], entropy: 0.4615, loss: 2.1808, lr: 3.45e-04
     Epoch[5] Iteration[120/192], entropy: 0.4100, loss: 2.1203, lr: 0.00e+00
     Epoch[5] Iteration[130/192], entropy: 0.2860, loss: 1.9191, lr: 3.45e-04
     Epoch[5] Iteration[140/192], entropy: 0.3536, loss: 2.1123, lr: 9.05e-04
     Epoch[5] Iteration[150/192], entropy: 0.4250, loss: 2.1122, lr: 9.05e-04
     Epoch[5] Iteration[160/192], entropy: 0.3953, loss: 2.0677, lr: 3.45e-04
     Epoch[5] Iteration[170/192], entropy: 0.3331, loss: 2.0107, lr: 0.00e+00
     Epoch[5] Iteration[180/192], entropy: 0.3817, loss: 2.0580, lr: 3.45e-04
     Epoch[5] Iteration[190/192], entropy: 0.5350, loss: 2.1655, lr: 9.05e-04
     Averaged stats: entropy: 0.3560, loss: 2.0022, lr: 9.65e-04
     itm tta time 0:00:20
### TTA Eval Score: 
+-------+--------+--------+--------+--------+--------+
| epoch |   R1   |   R5   |  R10   |  mAP   |  mINP  |
+-------+--------+--------+--------+--------+--------+
|  -999 | 68.990 | 86.485 | 91.163 | 62.372 | 46.154 |
|   0   | 63.125 | 83.220 | 89.392 | 57.556 | 41.627 |
|   1   | 32.099 | 55.247 | 66.033 | 31.283 | 20.106 |
|   2   | 9.925  | 21.442 | 30.604 | 11.077 | 6.483  |
|   3   | 4.207  | 10.526 | 15.903 | 5.541  | 3.200  |
|   4   | 2.469  | 6.855  | 10.624 | 3.709  | 2.228  |
|   5   | 1.998  | 5.474  | 8.837  | 3.038  | 1.816  |
+-------+--------+--------+--------+--------+--------+
     logs:  {'epo': 5, 'R1': 1.998, 'R5': 5.474, 'R10': 8.837, 'mAP': 3.038, 'mINP': 1.816, 'entropy': 0.4110973524419885, 'loss': 2.1160361264881336, 'lr': 0.0004787100790953937}
     Epoch[6] Iteration[10/192], entropy: 0.5126, loss: 2.2623, lr: 8.19e-04
     Epoch[6] Iteration[20/192], entropy: 0.4747, loss: 2.0068, lr: 2.32e-04
     Epoch[6] Iteration[30/192], entropy: 0.4626, loss: 2.2095, lr: 1.57e-05
     Epoch[6] Iteration[40/192], entropy: 0.4681, loss: 2.1734, lr: 4.69e-04
     Epoch[6] Iteration[50/192], entropy: 0.3242, loss: 2.0815, lr: 9.65e-04
     Epoch[6] Iteration[60/192], entropy: 0.2895, loss: 2.0992, lr: 8.19e-04
     Epoch[6] Iteration[70/192], entropy: 0.4313, loss: 2.2252, lr: 2.32e-04
     Epoch[6] Iteration[80/192], entropy: 0.4330, loss: 2.1259, lr: 1.57e-05
     Epoch[6] Iteration[90/192], entropy: 0.4657, loss: 2.2065, lr: 4.69e-04
     Epoch[6] Iteration[100/192], entropy: 0.3072, loss: 2.1320, lr: 9.65e-04
     Epoch[6] Iteration[110/192], entropy: 0.4816, loss: 2.2126, lr: 8.19e-04
     Epoch[6] Iteration[120/192], entropy: 0.2623, loss: 1.9954, lr: 2.32e-04
     Epoch[6] Iteration[130/192], entropy: 0.2967, loss: 2.0402, lr: 1.57e-05
     Epoch[6] Iteration[140/192], entropy: 0.3428, loss: 2.0903, lr: 4.69e-04
     Epoch[6] Iteration[150/192], entropy: 0.3957, loss: 2.1382, lr: 9.65e-04
     Epoch[6] Iteration[160/192], entropy: 0.3855, loss: 2.0555, lr: 8.19e-04
     Epoch[6] Iteration[170/192], entropy: 0.4093, loss: 2.1642, lr: 2.32e-04
     Epoch[6] Iteration[180/192], entropy: 0.5676, loss: 2.3406, lr: 1.57e-05
     Epoch[6] Iteration[190/192], entropy: 0.3476, loss: 2.1307, lr: 4.69e-04
     Averaged stats: entropy: 0.3647, loss: 2.1678, lr: 5.94e-04
     itm tta time 0:00:20
### TTA Eval Score: 
+-------+--------+--------+--------+--------+--------+
| epoch |   R1   |   R5   |  R10   |  mAP   |  mINP  |
+-------+--------+--------+--------+--------+--------+
|  -999 | 68.990 | 86.485 | 91.163 | 62.372 | 46.154 |
|   0   | 63.125 | 83.220 | 89.392 | 57.556 | 41.627 |
|   1   | 32.099 | 55.247 | 66.033 | 31.283 | 20.106 |
|   2   | 9.925  | 21.442 | 30.604 | 11.077 | 6.483  |
|   3   | 4.207  | 10.526 | 15.903 | 5.541  | 3.200  |
|   4   | 2.469  | 6.855  | 10.624 | 3.709  | 2.228  |
|   5   | 1.998  | 5.474  | 8.837  | 3.038  | 1.816  |
|   6   | 1.494  | 4.142  | 6.644  | 2.441  | 1.491  |
+-------+--------+--------+--------+--------+--------+
     logs:  {'epo': 6, 'R1': 1.494, 'R5': 4.142, 'R10': 6.644, 'mAP': 2.441, 'mINP': 1.491, 'entropy': 0.403052756660863, 'loss': 2.141585946083069, 'lr': 0.0004755321977397817}
     Epoch[7] Iteration[10/192], entropy: 0.2752, loss: 2.0171, lr: 9.96e-04
     Epoch[7] Iteration[20/192], entropy: 0.3578, loss: 1.9860, lr: 7.13e-04
     Epoch[7] Iteration[30/192], entropy: 0.4445, loss: 2.0544, lr: 1.36e-04
     Epoch[7] Iteration[40/192], entropy: 0.4122, loss: 2.0682, lr: 6.18e-05
     Epoch[7] Iteration[50/192], entropy: 0.4544, loss: 2.1246, lr: 5.94e-04
     Epoch[7] Iteration[60/192], entropy: 0.3714, loss: 2.0668, lr: 9.96e-04
     Epoch[7] Iteration[70/192], entropy: 0.4481, loss: 2.1053, lr: 7.13e-04
     Epoch[7] Iteration[80/192], entropy: 0.4731, loss: 2.1670, lr: 1.36e-04
     Epoch[7] Iteration[90/192], entropy: 0.4167, loss: 2.2145, lr: 6.18e-05
     Epoch[7] Iteration[100/192], entropy: 0.3817, loss: 2.0236, lr: 5.94e-04
     Epoch[7] Iteration[110/192], entropy: 0.3543, loss: 2.0746, lr: 9.96e-04
     Epoch[7] Iteration[120/192], entropy: 0.3629, loss: 2.0865, lr: 7.13e-04
     Epoch[7] Iteration[130/192], entropy: 0.4171, loss: 2.1634, lr: 1.36e-04
     Epoch[7] Iteration[140/192], entropy: 0.4140, loss: 2.1224, lr: 6.18e-05
     Epoch[7] Iteration[150/192], entropy: 0.4052, loss: 2.1542, lr: 5.94e-04
     Epoch[7] Iteration[160/192], entropy: 0.3666, loss: 2.1164, lr: 9.96e-04
     Epoch[7] Iteration[170/192], entropy: 0.3876, loss: 2.1247, lr: 7.13e-04
     Epoch[7] Iteration[180/192], entropy: 0.3773, loss: 2.1723, lr: 1.36e-04
     Epoch[7] Iteration[190/192], entropy: 0.3749, loss: 2.0570, lr: 6.18e-05
     Averaged stats: entropy: 0.4436, loss: 2.1552, lr: 1.36e-04
     itm tta time 0:00:21
### TTA Eval Score: 
+-------+--------+--------+--------+--------+--------+
| epoch |   R1   |   R5   |  R10   |  mAP   |  mINP  |
+-------+--------+--------+--------+--------+--------+
|  -999 | 68.990 | 86.485 | 91.163 | 62.372 | 46.154 |
|   0   | 63.125 | 83.220 | 89.392 | 57.556 | 41.627 |
|   1   | 32.099 | 55.247 | 66.033 | 31.283 | 20.106 |
|   2   | 9.925  | 21.442 | 30.604 | 11.077 | 6.483  |
|   3   | 4.207  | 10.526 | 15.903 | 5.541  | 3.200  |
|   4   | 2.469  | 6.855  | 10.624 | 3.709  | 2.228  |
|   5   | 1.998  | 5.474  | 8.837  | 3.038  | 1.816  |
|   6   | 1.494  | 4.142  | 6.644  | 2.441  | 1.491  |
|   7   | 1.202  | 3.525  | 5.669  | 2.121  | 1.299  |
+-------+--------+--------+--------+--------+--------+
     logs:  {'epo': 7, 'R1': 1.202, 'R5': 3.525, 'R10': 5.669, 'mAP': 2.121, 'mINP': 1.299, 'entropy': 0.39446313130228144, 'loss': 2.0999491089268734, 'lr': 0.0004950689127740603}
     Epoch[8] Iteration[10/192], entropy: 0.3721, loss: 2.1551, lr: 7.13e-04
     Epoch[8] Iteration[20/192], entropy: 0.3633, loss: 2.0895, lr: 9.96e-04
     Epoch[8] Iteration[30/192], entropy: 0.2526, loss: 2.1086, lr: 5.94e-04
     Epoch[8] Iteration[40/192], entropy: 0.3701, loss: 2.0260, lr: 9.55e-05
     Epoch[8] Iteration[50/192], entropy: 0.3818, loss: 2.1511, lr: 9.55e-05
     Epoch[8] Iteration[60/192], entropy: 0.3502, loss: 2.0688, lr: 6.55e-04
     Epoch[8] Iteration[70/192], entropy: 0.4288, loss: 2.2092, lr: 1.00e-03
     Epoch[8] Iteration[80/192], entropy: 0.3665, loss: 2.1772, lr: 6.55e-04
     Epoch[8] Iteration[90/192], entropy: 0.4218, loss: 2.1350, lr: 9.55e-05
     Epoch[8] Iteration[100/192], entropy: 0.4300, loss: 2.0397, lr: 9.55e-05
     Epoch[8] Iteration[110/192], entropy: 0.3060, loss: 2.0498, lr: 6.55e-04
     Epoch[8] Iteration[120/192], entropy: 0.4540, loss: 2.1933, lr: 1.00e-03
     Epoch[8] Iteration[130/192], entropy: 0.3999, loss: 2.0600, lr: 6.55e-04
     Epoch[8] Iteration[140/192], entropy: 0.3234, loss: 2.0829, lr: 9.55e-05
     Epoch[8] Iteration[150/192], entropy: 0.3560, loss: 2.0400, lr: 9.55e-05
     Epoch[8] Iteration[160/192], entropy: 0.3654, loss: 2.2085, lr: 6.55e-04
     Epoch[8] Iteration[170/192], entropy: 0.3034, loss: 1.9853, lr: 1.00e-03
     Epoch[8] Iteration[180/192], entropy: 0.3479, loss: 2.1134, lr: 6.55e-04
     Epoch[8] Iteration[190/192], entropy: 0.3401, loss: 2.1125, lr: 9.55e-05
     Averaged stats: entropy: 0.3342, loss: 2.1509, lr: 3.51e-05
     itm tta time 0:00:20
### TTA Eval Score: 
+-------+--------+--------+--------+--------+--------+
| epoch |   R1   |   R5   |  R10   |  mAP   |  mINP  |
+-------+--------+--------+--------+--------+--------+
|  -999 | 68.990 | 86.485 | 91.163 | 62.372 | 46.154 |
|   0   | 63.125 | 83.220 | 89.392 | 57.556 | 41.627 |
|   1   | 32.099 | 55.247 | 66.033 | 31.283 | 20.106 |
|   2   | 9.925  | 21.442 | 30.604 | 11.077 | 6.483  |
|   3   | 4.207  | 10.526 | 15.903 | 5.541  | 3.200  |
|   4   | 2.469  | 6.855  | 10.624 | 3.709  | 2.228  |
|   5   | 1.998  | 5.474  | 8.837  | 3.038  | 1.816  |
|   6   | 1.494  | 4.142  | 6.644  | 2.441  | 1.491  |
|   7   | 1.202  | 3.525  | 5.669  | 2.121  | 1.299  |
|   8   | 1.121  | 3.086  | 4.906  | 1.881  | 1.132  |
+-------+--------+--------+--------+--------+--------+
     logs:  {'epo': 8, 'R1': 1.121, 'R5': 3.086, 'R10': 4.906, 'mAP': 1.881, 'mINP': 1.132, 'entropy': 0.3649128879371442, 'loss': 2.1055714582142078, 'lr': 0.0005209541661339546}
     Epoch[9] Iteration[10/192], entropy: 0.4515, loss: 2.0807, lr: 1.81e-04
     Epoch[9] Iteration[20/192], entropy: 0.3965, loss: 2.0798, lr: 7.68e-04
     Epoch[9] Iteration[30/192], entropy: 0.3037, loss: 2.0376, lr: 9.84e-04
     Epoch[9] Iteration[40/192], entropy: 0.4460, loss: 2.1544, lr: 5.31e-04
     Epoch[9] Iteration[50/192], entropy: 0.4550, loss: 2.2161, lr: 3.51e-05
     Epoch[9] Iteration[60/192], entropy: 0.3709, loss: 2.0140, lr: 1.81e-04
     Epoch[9] Iteration[70/192], entropy: 0.4270, loss: 2.1985, lr: 7.68e-04
     Epoch[9] Iteration[80/192], entropy: 0.3514, loss: 2.1505, lr: 9.84e-04
     Epoch[9] Iteration[90/192], entropy: 0.2996, loss: 2.0960, lr: 5.31e-04
     Epoch[9] Iteration[100/192], entropy: 0.4293, loss: 2.1843, lr: 3.51e-05
     Epoch[9] Iteration[110/192], entropy: 0.3454, loss: 2.0865, lr: 1.81e-04
     Epoch[9] Iteration[120/192], entropy: 0.3458, loss: 2.0929, lr: 7.68e-04
     Epoch[9] Iteration[130/192], entropy: 0.4232, loss: 2.1688, lr: 9.84e-04
     Epoch[9] Iteration[140/192], entropy: 0.2471, loss: 2.1546, lr: 5.31e-04
     Epoch[9] Iteration[150/192], entropy: 0.3363, loss: 2.1888, lr: 3.51e-05
     Epoch[9] Iteration[160/192], entropy: 0.4328, loss: 2.1416, lr: 1.81e-04
     Epoch[9] Iteration[170/192], entropy: 0.3337, loss: 2.1147, lr: 7.68e-04
     Epoch[9] Iteration[180/192], entropy: 0.3130, loss: 2.0723, lr: 9.84e-04
     Epoch[9] Iteration[190/192], entropy: 0.2910, loss: 2.0241, lr: 5.31e-04
     Averaged stats: entropy: 0.3416, loss: 2.1097, lr: 4.06e-04
     itm tta time 0:00:21
### TTA Eval Score: 
+-------+--------+--------+--------+--------+--------+
| epoch |   R1   |   R5   |  R10   |  mAP   |  mINP  |
+-------+--------+--------+--------+--------+--------+
|  -999 | 68.990 | 86.485 | 91.163 | 62.372 | 46.154 |
|   0   | 63.125 | 83.220 | 89.392 | 57.556 | 41.627 |
|   1   | 32.099 | 55.247 | 66.033 | 31.283 | 20.106 |
|   2   | 9.925  | 21.442 | 30.604 | 11.077 | 6.483  |
|   3   | 4.207  | 10.526 | 15.903 | 5.541  | 3.200  |
|   4   | 2.469  | 6.855  | 10.624 | 3.709  | 2.228  |
|   5   | 1.998  | 5.474  | 8.837  | 3.038  | 1.816  |
|   6   | 1.494  | 4.142  | 6.644  | 2.441  | 1.491  |
|   7   | 1.202  | 3.525  | 5.669  | 2.121  | 1.299  |
|   8   | 1.121  | 3.086  | 4.906  | 1.881  | 1.132  |
|   9   | 0.991  | 2.956  | 4.532  | 1.744  | 1.049  |
+-------+--------+--------+--------+--------+--------+
     logs:  {'epo': 9, 'R1': 0.991, 'R5': 2.956, 'R10': 4.532, 'mAP': 1.744, 'mINP': 1.049, 'entropy': 0.3683772385120392, 'loss': 2.1187417256204704, 'lr': 0.0005244678022602188}
     Epoch[10] Iteration[10/192], entropy: 0.3177, loss: 2.1070, lr: 3.94e-06
     Epoch[10] Iteration[20/192], entropy: 0.4385, loss: 2.0898, lr: 2.87e-04
     Epoch[10] Iteration[30/192], entropy: 0.4882, loss: 1.9828, lr: 8.64e-04
     Epoch[10] Iteration[40/192], entropy: 0.4281, loss: 2.2179, lr: 9.38e-04
     Epoch[10] Iteration[50/192], entropy: 0.3802, loss: 2.0280, lr: 4.06e-04
     Epoch[10] Iteration[60/192], entropy: 0.3814, loss: 2.0473, lr: 3.94e-06
     Epoch[10] Iteration[70/192], entropy: 0.3130, loss: 1.9946, lr: 2.87e-04
     Epoch[10] Iteration[80/192], entropy: 0.3649, loss: 2.1581, lr: 8.64e-04
     Epoch[10] Iteration[90/192], entropy: 0.3719, loss: 2.1216, lr: 9.38e-04
     Epoch[10] Iteration[100/192], entropy: 0.4052, loss: 2.0466, lr: 4.06e-04
     Epoch[10] Iteration[110/192], entropy: 0.2483, loss: 2.0590, lr: 3.94e-06
     Epoch[10] Iteration[120/192], entropy: 0.2755, loss: 2.1675, lr: 2.87e-04
     Epoch[10] Iteration[130/192], entropy: 0.3726, loss: 2.0357, lr: 8.64e-04
     Epoch[10] Iteration[140/192], entropy: 0.3730, loss: 2.1894, lr: 9.38e-04
     Epoch[10] Iteration[150/192], entropy: 0.4103, loss: 2.0993, lr: 4.06e-04
     Epoch[10] Iteration[160/192], entropy: 0.4875, loss: 2.0429, lr: 3.94e-06
     Epoch[10] Iteration[170/192], entropy: 0.4960, loss: 2.1333, lr: 2.87e-04
     Epoch[10] Iteration[180/192], entropy: 0.3673, loss: 2.1110, lr: 8.64e-04
     Epoch[10] Iteration[190/192], entropy: 0.3850, loss: 2.1348, lr: 9.38e-04
     Averaged stats: entropy: 0.3169, loss: 2.0932, lr: 8.64e-04
     itm tta time 0:00:19
### TTA Eval Score: 
+-------+--------+--------+--------+--------+--------+
| epoch |   R1   |   R5   |  R10   |  mAP   |  mINP  |
+-------+--------+--------+--------+--------+--------+
|  -999 | 68.990 | 86.485 | 91.163 | 62.372 | 46.154 |
|   0   | 63.125 | 83.220 | 89.392 | 57.556 | 41.627 |
|   1   | 32.099 | 55.247 | 66.033 | 31.283 | 20.106 |
|   2   | 9.925  | 21.442 | 30.604 | 11.077 | 6.483  |
|   3   | 4.207  | 10.526 | 15.903 | 5.541  | 3.200  |
|   4   | 2.469  | 6.855  | 10.624 | 3.709  | 2.228  |
|   5   | 1.998  | 5.474  | 8.837  | 3.038  | 1.816  |
|   6   | 1.494  | 4.142  | 6.644  | 2.441  | 1.491  |
|   7   | 1.202  | 3.525  | 5.669  | 2.121  | 1.299  |
|   8   | 1.121  | 3.086  | 4.906  | 1.881  | 1.132  |
|   9   | 0.991  | 2.956  | 4.532  | 1.744  | 1.049  |
|   10  | 0.958  | 2.827  | 4.288  | 1.644  | 0.971  |
+-------+--------+--------+--------+--------+--------+
     logs:  {'epo': 10, 'R1': 0.958, 'R5': 2.827, 'R10': 4.288, 'mAP': 1.644, 'mINP': 0.971, 'entropy': 0.3844453778706099, 'loss': 2.092972240949932, 'lr': 0.0005049310872259421}
     Epoch[11] Iteration[10/192], entropy: 0.4458, loss: 2.1774, lr: 2.87e-04
     Epoch[11] Iteration[20/192], entropy: 0.4409, loss: 2.1778, lr: 3.94e-06
     Epoch[11] Iteration[30/192], entropy: 0.3205, loss: 2.0797, lr: 4.06e-04
     Epoch[11] Iteration[40/192], entropy: 0.3531, loss: 2.0148, lr: 9.38e-04
     Epoch[11] Iteration[50/192], entropy: 0.3193, loss: 2.0150, lr: 8.64e-04
     Epoch[11] Iteration[60/192], entropy: 0.3526, loss: 2.0514, lr: 2.87e-04
     Epoch[11] Iteration[70/192], entropy: 0.2384, loss: 2.0399, lr: 3.94e-06
     Epoch[11] Iteration[80/192], entropy: 0.3160, loss: 2.0844, lr: 4.06e-04
     Epoch[11] Iteration[90/192], entropy: 0.3169, loss: 2.1642, lr: 9.38e-04
     Epoch[11] Iteration[100/192], entropy: 0.4832, loss: 2.1163, lr: 8.64e-04
     Epoch[11] Iteration[110/192], entropy: 0.3621, loss: 2.0994, lr: 2.87e-04
     Epoch[11] Iteration[120/192], entropy: 0.4006, loss: 2.1786, lr: 3.94e-06
     Epoch[11] Iteration[130/192], entropy: 0.4200, loss: 2.0028, lr: 4.06e-04
     Epoch[11] Iteration[140/192], entropy: 0.3938, loss: 2.0481, lr: 9.38e-04
     Epoch[11] Iteration[150/192], entropy: 0.4189, loss: 2.0650, lr: 8.64e-04
     Epoch[11] Iteration[160/192], entropy: 0.3862, loss: 2.0252, lr: 2.87e-04
     Epoch[11] Iteration[170/192], entropy: 0.3344, loss: 2.1734, lr: 3.94e-06
     Epoch[11] Iteration[180/192], entropy: 0.3538, loss: 2.0670, lr: 4.06e-04
     Epoch[11] Iteration[190/192], entropy: 0.3262, loss: 2.1665, lr: 9.38e-04
     Averaged stats: entropy: 0.5215, loss: 2.2166, lr: 9.84e-04
     itm tta time 0:00:20
### TTA Eval Score: 
+-------+--------+--------+--------+--------+--------+
| epoch |   R1   |   R5   |  R10   |  mAP   |  mINP  |
+-------+--------+--------+--------+--------+--------+
|  -999 | 68.990 | 86.485 | 91.163 | 62.372 | 46.154 |
|   0   | 63.125 | 83.220 | 89.392 | 57.556 | 41.627 |
|   1   | 32.099 | 55.247 | 66.033 | 31.283 | 20.106 |
|   2   | 9.925  | 21.442 | 30.604 | 11.077 | 6.483  |
|   3   | 4.207  | 10.526 | 15.903 | 5.541  | 3.200  |
|   4   | 2.469  | 6.855  | 10.624 | 3.709  | 2.228  |
|   5   | 1.998  | 5.474  | 8.837  | 3.038  | 1.816  |
|   6   | 1.494  | 4.142  | 6.644  | 2.441  | 1.491  |
|   7   | 1.202  | 3.525  | 5.669  | 2.121  | 1.299  |
|   8   | 1.121  | 3.086  | 4.906  | 1.881  | 1.132  |
|   9   | 0.991  | 2.956  | 4.532  | 1.744  | 1.049  |
|   10  | 0.958  | 2.827  | 4.288  | 1.644  | 0.971  |
|   11  | 0.780  | 2.453  | 3.964  | 1.507  | 0.913  |
+-------+--------+--------+--------+--------+--------+
     logs:  {'epo': 11, 'R1': 0.78, 'R5': 2.453, 'R10': 3.964, 'mAP': 1.507, 'mINP': 0.913, 'entropy': 0.3675075173377991, 'loss': 2.0919591125689054, 'lr': 0.0004808166150678592}
     Epoch[12] Iteration[10/192], entropy: 0.2921, loss: 2.0789, lr: 7.68e-04
     Epoch[12] Iteration[20/192], entropy: 0.3566, loss: 2.1090, lr: 1.81e-04
     Epoch[12] Iteration[30/192], entropy: 0.3387, loss: 2.0844, lr: 3.51e-05
     Epoch[12] Iteration[40/192], entropy: 0.4823, loss: 2.2173, lr: 5.31e-04
     Epoch[12] Iteration[50/192], entropy: 0.3599, loss: 2.0538, lr: 9.84e-04
     Epoch[12] Iteration[60/192], entropy: 0.4300, loss: 2.1285, lr: 7.68e-04
     Epoch[12] Iteration[70/192], entropy: 0.3567, loss: 2.1008, lr: 1.81e-04
     Epoch[12] Iteration[80/192], entropy: 0.2719, loss: 2.1651, lr: 3.51e-05
     Epoch[12] Iteration[90/192], entropy: 0.4939, loss: 2.1653, lr: 5.31e-04
     Epoch[12] Iteration[100/192], entropy: 0.3560, loss: 2.2031, lr: 9.84e-04
     Epoch[12] Iteration[110/192], entropy: 0.3209, loss: 2.1288, lr: 7.68e-04
     Epoch[12] Iteration[120/192], entropy: 0.3513, loss: 2.1543, lr: 1.81e-04
     Epoch[12] Iteration[130/192], entropy: 0.4303, loss: 2.1711, lr: 3.51e-05
     Epoch[12] Iteration[140/192], entropy: 0.4884, loss: 2.1257, lr: 5.31e-04
     Epoch[12] Iteration[150/192], entropy: 0.3909, loss: 2.1173, lr: 9.84e-04
     Epoch[12] Iteration[160/192], entropy: 0.2842, loss: 2.0989, lr: 7.68e-04
     Epoch[12] Iteration[170/192], entropy: 0.4129, loss: 2.2299, lr: 1.81e-04
     Epoch[12] Iteration[180/192], entropy: 0.3182, loss: 2.0784, lr: 3.51e-05
     Epoch[12] Iteration[190/192], entropy: 0.2664, loss: 2.0068, lr: 5.31e-04
     Averaged stats: entropy: 0.2814, loss: 2.0160, lr: 6.55e-04
     itm tta time 0:00:21
### TTA Eval Score: 
+-------+--------+--------+--------+--------+--------+
| epoch |   R1   |   R5   |  R10   |  mAP   |  mINP  |
+-------+--------+--------+--------+--------+--------+
|  -999 | 68.990 | 86.485 | 91.163 | 62.372 | 46.154 |
|   0   | 63.125 | 83.220 | 89.392 | 57.556 | 41.627 |
|   1   | 32.099 | 55.247 | 66.033 | 31.283 | 20.106 |
|   2   | 9.925  | 21.442 | 30.604 | 11.077 | 6.483  |
|   3   | 4.207  | 10.526 | 15.903 | 5.541  | 3.200  |
|   4   | 2.469  | 6.855  | 10.624 | 3.709  | 2.228  |
|   5   | 1.998  | 5.474  | 8.837  | 3.038  | 1.816  |
|   6   | 1.494  | 4.142  | 6.644  | 2.441  | 1.491  |
|   7   | 1.202  | 3.525  | 5.669  | 2.121  | 1.299  |
|   8   | 1.121  | 3.086  | 4.906  | 1.881  | 1.132  |
|   9   | 0.991  | 2.956  | 4.532  | 1.744  | 1.049  |
|   10  | 0.958  | 2.827  | 4.288  | 1.644  | 0.971  |
|   11  | 0.780  | 2.453  | 3.964  | 1.507  | 0.913  |
|   12  | 0.650  | 2.307  | 3.720  | 1.397  | 0.851  |
+-------+--------+--------+--------+--------+--------+
     logs:  {'epo': 12, 'R1': 0.65, 'R5': 2.307, 'R10': 3.72, 'mAP': 1.397, 'mINP': 0.851, 'entropy': 0.36849597096443176, 'loss': 2.1272317735772384, 'lr': 0.0004745109694439858}
     Epoch[13] Iteration[10/192], entropy: 0.3357, loss: 2.1069, lr: 1.00e-03
     Epoch[13] Iteration[20/192], entropy: 0.3821, loss: 2.0050, lr: 6.55e-04
     Epoch[13] Iteration[30/192], entropy: 0.3741, loss: 2.0723, lr: 9.55e-05
     Epoch[13] Iteration[40/192], entropy: 0.4461, loss: 2.1097, lr: 9.55e-05
     Epoch[13] Iteration[50/192], entropy: 0.2667, loss: 2.1207, lr: 6.55e-04
     Epoch[13] Iteration[60/192], entropy: 0.2897, loss: 2.1131, lr: 1.00e-03
     Epoch[13] Iteration[70/192], entropy: 0.3670, loss: 2.0053, lr: 6.55e-04
     Epoch[13] Iteration[80/192], entropy: 0.2590, loss: 2.0331, lr: 9.55e-05
     Epoch[13] Iteration[90/192], entropy: 0.3178, loss: 2.0897, lr: 9.55e-05
     Epoch[13] Iteration[100/192], entropy: 0.3533, loss: 2.0483, lr: 6.55e-04
     Epoch[13] Iteration[110/192], entropy: 0.3711, loss: 2.1015, lr: 1.00e-03
     Epoch[13] Iteration[120/192], entropy: 0.3034, loss: 2.0938, lr: 6.55e-04
     Epoch[13] Iteration[130/192], entropy: 0.4037, loss: 2.1324, lr: 9.55e-05
     Epoch[13] Iteration[140/192], entropy: 0.2823, loss: 2.0735, lr: 9.55e-05
     Epoch[13] Iteration[150/192], entropy: 0.2813, loss: 2.0662, lr: 6.55e-04
     Epoch[13] Iteration[160/192], entropy: 0.3200, loss: 2.0822, lr: 1.00e-03
     Epoch[13] Iteration[170/192], entropy: 0.3435, loss: 2.0795, lr: 6.55e-04
     Epoch[13] Iteration[180/192], entropy: 0.3668, loss: 2.0635, lr: 9.55e-05
     Epoch[13] Iteration[190/192], entropy: 0.4260, loss: 2.1931, lr: 9.55e-05
     Averaged stats: entropy: 0.4609, loss: 2.2236, lr: 1.81e-04
     itm tta time 0:00:21
### TTA Eval Score: 
+-------+--------+--------+--------+--------+--------+
| epoch |   R1   |   R5   |  R10   |  mAP   |  mINP  |
+-------+--------+--------+--------+--------+--------+
|  -999 | 68.990 | 86.485 | 91.163 | 62.372 | 46.154 |
|   0   | 63.125 | 83.220 | 89.392 | 57.556 | 41.627 |
|   1   | 32.099 | 55.247 | 66.033 | 31.283 | 20.106 |
|   2   | 9.925  | 21.442 | 30.604 | 11.077 | 6.483  |
|   3   | 4.207  | 10.526 | 15.903 | 5.541  | 3.200  |
|   4   | 2.469  | 6.855  | 10.624 | 3.709  | 2.228  |
|   5   | 1.998  | 5.474  | 8.837  | 3.038  | 1.816  |
|   6   | 1.494  | 4.142  | 6.644  | 2.441  | 1.491  |
|   7   | 1.202  | 3.525  | 5.669  | 2.121  | 1.299  |
|   8   | 1.121  | 3.086  | 4.906  | 1.881  | 1.132  |
|   9   | 0.991  | 2.956  | 4.532  | 1.744  | 1.049  |
|   10  | 0.958  | 2.827  | 4.288  | 1.644  | 0.971  |
|   11  | 0.780  | 2.453  | 3.964  | 1.507  | 0.913  |
|   12  | 0.650  | 2.307  | 3.720  | 1.397  | 0.851  |
|   13  | 0.585  | 2.209  | 3.493  | 1.296  | 0.796  |
+-------+--------+--------+--------+--------+--------+
     logs:  {'epo': 13, 'R1': 0.585, 'R5': 2.209, 'R10': 3.493, 'mAP': 1.296, 'mINP': 0.796, 'entropy': 0.3415606241477163, 'loss': 2.083659284993222, 'lr': 0.0004918679738322378}
     Epoch[14] Iteration[10/192], entropy: 0.3177, loss: 2.0320, lr: 7.68e-04
     Epoch[14] Iteration[20/192], entropy: 0.4193, loss: 2.2026, lr: 9.84e-04
     Epoch[14] Iteration[30/192], entropy: 0.4518, loss: 2.1400, lr: 5.31e-04
     Epoch[14] Iteration[40/192], entropy: 0.2963, loss: 1.9227, lr: 3.51e-05
     Epoch[14] Iteration[50/192], entropy: 0.2799, loss: 2.0253, lr: 1.81e-04
     Epoch[14] Iteration[60/192], entropy: 0.3843, loss: 2.1729, lr: 7.68e-04
     Epoch[14] Iteration[70/192], entropy: 0.3485, loss: 2.0293, lr: 9.84e-04
     Epoch[14] Iteration[80/192], entropy: 0.3670, loss: 2.0220, lr: 5.31e-04
     Epoch[14] Iteration[90/192], entropy: 0.3114, loss: 2.1788, lr: 3.51e-05
     Epoch[14] Iteration[100/192], entropy: 0.3817, loss: 2.0554, lr: 1.81e-04
     Epoch[14] Iteration[110/192], entropy: 0.4041, loss: 2.0706, lr: 7.68e-04
     Epoch[14] Iteration[120/192], entropy: 0.2953, loss: 2.0548, lr: 9.84e-04
     Epoch[14] Iteration[130/192], entropy: 0.3645, loss: 2.0258, lr: 5.31e-04
     Epoch[14] Iteration[140/192], entropy: 0.3277, loss: 2.1664, lr: 3.51e-05
     Epoch[14] Iteration[150/192], entropy: 0.2597, loss: 2.0834, lr: 1.81e-04
     Epoch[14] Iteration[160/192], entropy: 0.4730, loss: 2.1976, lr: 7.68e-04
     Epoch[14] Iteration[170/192], entropy: 0.4210, loss: 2.0237, lr: 9.84e-04
     Epoch[14] Iteration[180/192], entropy: 0.4509, loss: 2.0869, lr: 5.31e-04
     Epoch[14] Iteration[190/192], entropy: 0.4747, loss: 2.1420, lr: 3.51e-05
     Averaged stats: entropy: 0.5111, loss: 2.2206, lr: 3.94e-06
     itm tta time 0:00:20
### TTA Eval Score: 
+-------+--------+--------+--------+--------+--------+
| epoch |   R1   |   R5   |  R10   |  mAP   |  mINP  |
+-------+--------+--------+--------+--------+--------+
|  -999 | 68.990 | 86.485 | 91.163 | 62.372 | 46.154 |
|   0   | 63.125 | 83.220 | 89.392 | 57.556 | 41.627 |
|   1   | 32.099 | 55.247 | 66.033 | 31.283 | 20.106 |
|   2   | 9.925  | 21.442 | 30.604 | 11.077 | 6.483  |
|   3   | 4.207  | 10.526 | 15.903 | 5.541  | 3.200  |
|   4   | 2.469  | 6.855  | 10.624 | 3.709  | 2.228  |
|   5   | 1.998  | 5.474  | 8.837  | 3.038  | 1.816  |
|   6   | 1.494  | 4.142  | 6.644  | 2.441  | 1.491  |
|   7   | 1.202  | 3.525  | 5.669  | 2.121  | 1.299  |
|   8   | 1.121  | 3.086  | 4.906  | 1.881  | 1.132  |
|   9   | 0.991  | 2.956  | 4.532  | 1.744  | 1.049  |
|   10  | 0.958  | 2.827  | 4.288  | 1.644  | 0.971  |
|   11  | 0.780  | 2.453  | 3.964  | 1.507  | 0.913  |
|   12  | 0.650  | 2.307  | 3.720  | 1.397  | 0.851  |
|   13  | 0.585  | 2.209  | 3.493  | 1.296  | 0.796  |
|   14  | 0.569  | 2.014  | 3.233  | 1.220  | 0.748  |
+-------+--------+--------+--------+--------+--------+
     logs:  {'epo': 14, 'R1': 0.569, 'R5': 2.014, 'R10': 3.233, 'mAP': 1.22, 'mINP': 0.748, 'entropy': 0.36993681600219325, 'loss': 2.0859084882234273, 'lr': 0.0005167743155197054}
     Epoch[15] Iteration[10/192], entropy: 0.3753, loss: 2.0444, lr: 2.87e-04
     Epoch[15] Iteration[20/192], entropy: 0.2432, loss: 2.0952, lr: 8.64e-04
     Epoch[15] Iteration[30/192], entropy: 0.3507, loss: 2.0702, lr: 9.38e-04
     Epoch[15] Iteration[40/192], entropy: 0.4201, loss: 1.9907, lr: 4.06e-04
     Epoch[15] Iteration[50/192], entropy: 0.3693, loss: 2.2182, lr: 3.94e-06
     Epoch[15] Iteration[60/192], entropy: 0.3783, loss: 2.1571, lr: 2.87e-04
     Epoch[15] Iteration[70/192], entropy: 0.2551, loss: 2.1287, lr: 8.64e-04
     Epoch[15] Iteration[80/192], entropy: 0.2109, loss: 2.0718, lr: 9.38e-04
     Epoch[15] Iteration[90/192], entropy: 0.3089, loss: 2.0825, lr: 4.06e-04
     Epoch[15] Iteration[100/192], entropy: 0.2835, loss: 2.0325, lr: 3.94e-06
     Epoch[15] Iteration[110/192], entropy: 0.3166, loss: 2.0579, lr: 2.87e-04
     Epoch[15] Iteration[120/192], entropy: 0.4062, loss: 2.1070, lr: 8.64e-04
     Epoch[15] Iteration[130/192], entropy: 0.2503, loss: 2.0886, lr: 9.38e-04
     Epoch[15] Iteration[140/192], entropy: 0.3790, loss: 2.1238, lr: 4.06e-04
     Epoch[15] Iteration[150/192], entropy: 0.2959, loss: 2.1326, lr: 3.94e-06
     Epoch[15] Iteration[160/192], entropy: 0.3272, loss: 1.9142, lr: 2.87e-04
     Epoch[15] Iteration[170/192], entropy: 0.2972, loss: 2.1590, lr: 8.64e-04
     Epoch[15] Iteration[180/192], entropy: 0.3046, loss: 2.0271, lr: 9.38e-04
     Epoch[15] Iteration[190/192], entropy: 0.4245, loss: 2.1094, lr: 4.06e-04
     Averaged stats: entropy: 0.3095, loss: 2.0876, lr: 2.87e-04
     itm tta time 0:00:21
### TTA Eval Score: 
+-------+--------+--------+--------+--------+--------+
| epoch |   R1   |   R5   |  R10   |  mAP   |  mINP  |
+-------+--------+--------+--------+--------+--------+
|  -999 | 68.990 | 86.485 | 91.163 | 62.372 | 46.154 |
|   0   | 63.125 | 83.220 | 89.392 | 57.556 | 41.627 |
|   1   | 32.099 | 55.247 | 66.033 | 31.283 | 20.106 |
|   2   | 9.925  | 21.442 | 30.604 | 11.077 | 6.483  |
|   3   | 4.207  | 10.526 | 15.903 | 5.541  | 3.200  |
|   4   | 2.469  | 6.855  | 10.624 | 3.709  | 2.228  |
|   5   | 1.998  | 5.474  | 8.837  | 3.038  | 1.816  |
|   6   | 1.494  | 4.142  | 6.644  | 2.441  | 1.491  |
|   7   | 1.202  | 3.525  | 5.669  | 2.121  | 1.299  |
|   8   | 1.121  | 3.086  | 4.906  | 1.881  | 1.132  |
|   9   | 0.991  | 2.956  | 4.532  | 1.744  | 1.049  |
|   10  | 0.958  | 2.827  | 4.288  | 1.644  | 0.971  |
|   11  | 0.780  | 2.453  | 3.964  | 1.507  | 0.913  |
|   12  | 0.650  | 2.307  | 3.720  | 1.397  | 0.851  |
|   13  | 0.585  | 2.209  | 3.493  | 1.296  | 0.796  |
|   14  | 0.569  | 2.014  | 3.233  | 1.220  | 0.748  |
|   15  | 0.487  | 1.933  | 3.070  | 1.161  | 0.710  |
+-------+--------+--------+--------+--------+--------+
     logs:  {'epo': 15, 'R1': 0.487, 'R5': 1.933, 'R10': 3.07, 'mAP': 1.161, 'mINP': 0.71, 'entropy': 0.32613159167139155, 'loss': 2.084806592840897, 'lr': 0.0005261082816135419}
     Epoch[16] Iteration[10/192], entropy: 0.3007, loss: 2.1371, lr: 3.94e-06
     Epoch[16] Iteration[20/192], entropy: 0.3422, loss: 2.1083, lr: 4.06e-04
     Epoch[16] Iteration[30/192], entropy: 0.3006, loss: 2.0480, lr: 9.38e-04
     Epoch[16] Iteration[40/192], entropy: 0.4312, loss: 2.1347, lr: 8.64e-04
     Epoch[16] Iteration[50/192], entropy: 0.3585, loss: 2.1536, lr: 2.87e-04
     Epoch[16] Iteration[60/192], entropy: 0.4600, loss: 2.1225, lr: 3.94e-06
     Epoch[16] Iteration[70/192], entropy: 0.3845, loss: 2.0515, lr: 4.06e-04
     Epoch[16] Iteration[80/192], entropy: 0.4636, loss: 2.1495, lr: 9.38e-04
     Epoch[16] Iteration[90/192], entropy: 0.3381, loss: 1.8987, lr: 8.64e-04
     Epoch[16] Iteration[100/192], entropy: 0.3943, loss: 2.1732, lr: 2.87e-04
     Epoch[16] Iteration[110/192], entropy: 0.4451, loss: 2.1743, lr: 3.94e-06
     Epoch[16] Iteration[120/192], entropy: 0.3269, loss: 2.0263, lr: 4.06e-04
     Epoch[16] Iteration[130/192], entropy: 0.4251, loss: 2.2119, lr: 9.38e-04
     Epoch[16] Iteration[140/192], entropy: 0.3973, loss: 2.1439, lr: 8.64e-04
     Epoch[16] Iteration[150/192], entropy: 0.3160, loss: 2.0838, lr: 2.87e-04
     Epoch[16] Iteration[160/192], entropy: 0.3241, loss: 2.0648, lr: 3.94e-06
     Epoch[16] Iteration[170/192], entropy: 0.3076, loss: 2.1165, lr: 4.06e-04
     Epoch[16] Iteration[180/192], entropy: 0.2890, loss: 2.1224, lr: 9.38e-04
     Epoch[16] Iteration[190/192], entropy: 0.3808, loss: 2.0225, lr: 8.64e-04
     Averaged stats: entropy: 0.4159, loss: 2.1154, lr: 7.68e-04
     itm tta time 0:00:20
### TTA Eval Score: 
+-------+--------+--------+--------+--------+--------+
| epoch |   R1   |   R5   |  R10   |  mAP   |  mINP  |
+-------+--------+--------+--------+--------+--------+
|  -999 | 68.990 | 86.485 | 91.163 | 62.372 | 46.154 |
|   0   | 63.125 | 83.220 | 89.392 | 57.556 | 41.627 |
|   1   | 32.099 | 55.247 | 66.033 | 31.283 | 20.106 |
|   2   | 9.925  | 21.442 | 30.604 | 11.077 | 6.483  |
|   3   | 4.207  | 10.526 | 15.903 | 5.541  | 3.200  |
|   4   | 2.469  | 6.855  | 10.624 | 3.709  | 2.228  |
|   5   | 1.998  | 5.474  | 8.837  | 3.038  | 1.816  |
|   6   | 1.494  | 4.142  | 6.644  | 2.441  | 1.491  |
|   7   | 1.202  | 3.525  | 5.669  | 2.121  | 1.299  |
|   8   | 1.121  | 3.086  | 4.906  | 1.881  | 1.132  |
|   9   | 0.991  | 2.956  | 4.532  | 1.744  | 1.049  |
|   10  | 0.958  | 2.827  | 4.288  | 1.644  | 0.971  |
|   11  | 0.780  | 2.453  | 3.964  | 1.507  | 0.913  |
|   12  | 0.650  | 2.307  | 3.720  | 1.397  | 0.851  |
|   13  | 0.585  | 2.209  | 3.493  | 1.296  | 0.796  |
|   14  | 0.569  | 2.014  | 3.233  | 1.220  | 0.748  |
|   15  | 0.487  | 1.933  | 3.070  | 1.161  | 0.710  |
|   16  | 0.455  | 1.836  | 3.038  | 1.114  | 0.685  |
+-------+--------+--------+--------+--------+--------+
     logs:  {'epo': 16, 'R1': 0.455, 'R5': 1.836, 'R10': 3.038, 'mAP': 1.114, 'mINP': 0.685, 'entropy': 0.36765327422242416, 'loss': 2.102290780920731, 'lr': 0.000511204718199082}
     Epoch[17] Iteration[10/192], entropy: 0.2790, loss: 2.1316, lr: 1.81e-04
     Epoch[17] Iteration[20/192], entropy: 0.4979, loss: 2.1489, lr: 3.51e-05
     Epoch[17] Iteration[30/192], entropy: 0.4572, loss: 2.1485, lr: 5.31e-04
     Epoch[17] Iteration[40/192], entropy: 0.3997, loss: 2.1685, lr: 9.84e-04
     Epoch[17] Iteration[50/192], entropy: 0.3129, loss: 2.1261, lr: 7.68e-04
     Epoch[17] Iteration[60/192], entropy: 0.2876, loss: 2.0741, lr: 1.81e-04
     Epoch[17] Iteration[70/192], entropy: 0.3001, loss: 2.0534, lr: 3.51e-05
     Epoch[17] Iteration[80/192], entropy: 0.3455, loss: 2.0181, lr: 5.31e-04
     Epoch[17] Iteration[90/192], entropy: 0.3060, loss: 2.2424, lr: 9.84e-04
     Epoch[17] Iteration[100/192], entropy: 0.3619, loss: 2.0532, lr: 7.68e-04
     Epoch[17] Iteration[110/192], entropy: 0.3870, loss: 2.0857, lr: 1.81e-04
     Epoch[17] Iteration[120/192], entropy: 0.3757, loss: 2.0312, lr: 3.51e-05
     Epoch[17] Iteration[130/192], entropy: 0.3434, loss: 2.0659, lr: 5.31e-04
     Epoch[17] Iteration[140/192], entropy: 0.3463, loss: 2.1843, lr: 9.84e-04
     Epoch[17] Iteration[150/192], entropy: 0.3865, loss: 2.1685, lr: 7.68e-04
     Epoch[17] Iteration[160/192], entropy: 0.3243, loss: 2.2841, lr: 1.81e-04
     Epoch[17] Iteration[170/192], entropy: 0.2191, loss: 1.8149, lr: 3.51e-05
     Epoch[17] Iteration[180/192], entropy: 0.2529, loss: 2.0049, lr: 5.31e-04
     Epoch[17] Iteration[190/192], entropy: 0.3377, loss: 2.0500, lr: 9.84e-04
     Averaged stats: entropy: 0.2513, loss: 2.0582, lr: 1.00e-03
     itm tta time 0:00:20
### TTA Eval Score: 
+-------+--------+--------+--------+--------+--------+
| epoch |   R1   |   R5   |  R10   |  mAP   |  mINP  |
+-------+--------+--------+--------+--------+--------+
|  -999 | 68.990 | 86.485 | 91.163 | 62.372 | 46.154 |
|   0   | 63.125 | 83.220 | 89.392 | 57.556 | 41.627 |
|   1   | 32.099 | 55.247 | 66.033 | 31.283 | 20.106 |
|   2   | 9.925  | 21.442 | 30.604 | 11.077 | 6.483  |
|   3   | 4.207  | 10.526 | 15.903 | 5.541  | 3.200  |
|   4   | 2.469  | 6.855  | 10.624 | 3.709  | 2.228  |
|   5   | 1.998  | 5.474  | 8.837  | 3.038  | 1.816  |
|   6   | 1.494  | 4.142  | 6.644  | 2.441  | 1.491  |
|   7   | 1.202  | 3.525  | 5.669  | 2.121  | 1.299  |
|   8   | 1.121  | 3.086  | 4.906  | 1.881  | 1.132  |
|   9   | 0.991  | 2.956  | 4.532  | 1.744  | 1.049  |
|   10  | 0.958  | 2.827  | 4.288  | 1.644  | 0.971  |
|   11  | 0.780  | 2.453  | 3.964  | 1.507  | 0.913  |
|   12  | 0.650  | 2.307  | 3.720  | 1.397  | 0.851  |
|   13  | 0.585  | 2.209  | 3.493  | 1.296  | 0.796  |
|   14  | 0.569  | 2.014  | 3.233  | 1.220  | 0.748  |
|   15  | 0.487  | 1.933  | 3.070  | 1.161  | 0.710  |
|   16  | 0.455  | 1.836  | 3.038  | 1.114  | 0.685  |
|   17  | 0.406  | 1.738  | 2.843  | 1.050  | 0.653  |
+-------+--------+--------+--------+--------+--------+
     logs:  {'epo': 17, 'R1': 0.406, 'R5': 1.738, 'R10': 2.843, 'mAP': 1.05, 'mINP': 0.653, 'entropy': 0.3431875384167621, 'loss': 2.097594587426437, 'lr': 0.0004858992948689791}
     Epoch[18] Iteration[10/192], entropy: 0.4927, loss: 2.1608, lr: 6.55e-04
     Epoch[18] Iteration[20/192], entropy: 0.3169, loss: 2.0982, lr: 9.55e-05
     Epoch[18] Iteration[30/192], entropy: 0.3184, loss: 1.9630, lr: 9.55e-05
     Epoch[18] Iteration[40/192], entropy: 0.3191, loss: 2.0565, lr: 6.55e-04
     Epoch[18] Iteration[50/192], entropy: 0.3117, loss: 2.0315, lr: 1.00e-03
     Epoch[18] Iteration[60/192], entropy: 0.3665, loss: 2.1478, lr: 6.55e-04
     Epoch[18] Iteration[70/192], entropy: 0.3442, loss: 2.0645, lr: 9.55e-05
     Epoch[18] Iteration[80/192], entropy: 0.3653, loss: 2.0216, lr: 9.55e-05
     Epoch[18] Iteration[90/192], entropy: 0.3073, loss: 2.1194, lr: 6.55e-04
     Epoch[18] Iteration[100/192], entropy: 0.3099, loss: 2.0606, lr: 1.00e-03
     Epoch[18] Iteration[110/192], entropy: 0.2195, loss: 2.1226, lr: 6.55e-04
     Epoch[18] Iteration[120/192], entropy: 0.4233, loss: 2.1123, lr: 9.55e-05
     Epoch[18] Iteration[130/192], entropy: 0.4672, loss: 2.1514, lr: 9.55e-05
     Epoch[18] Iteration[140/192], entropy: 0.3652, loss: 2.1889, lr: 6.55e-04
     Epoch[18] Iteration[150/192], entropy: 0.2695, loss: 2.0253, lr: 1.00e-03
     Epoch[18] Iteration[160/192], entropy: 0.4555, loss: 2.0510, lr: 6.55e-04
     Epoch[18] Iteration[170/192], entropy: 0.4619, loss: 2.1325, lr: 9.55e-05
     Epoch[18] Iteration[180/192], entropy: 0.2960, loss: 2.0274, lr: 9.55e-05
     Epoch[18] Iteration[190/192], entropy: 0.2474, loss: 2.0511, lr: 6.55e-04
     Averaged stats: entropy: 0.2720, loss: 1.9838, lr: 7.68e-04
     itm tta time 0:00:21
### TTA Eval Score: 
+-------+--------+--------+--------+--------+--------+
| epoch |   R1   |   R5   |  R10   |  mAP   |  mINP  |
+-------+--------+--------+--------+--------+--------+
|  -999 | 68.990 | 86.485 | 91.163 | 62.372 | 46.154 |
|   0   | 63.125 | 83.220 | 89.392 | 57.556 | 41.627 |
|   1   | 32.099 | 55.247 | 66.033 | 31.283 | 20.106 |
|   2   | 9.925  | 21.442 | 30.604 | 11.077 | 6.483  |
|   3   | 4.207  | 10.526 | 15.903 | 5.541  | 3.200  |
|   4   | 2.469  | 6.855  | 10.624 | 3.709  | 2.228  |
|   5   | 1.998  | 5.474  | 8.837  | 3.038  | 1.816  |
|   6   | 1.494  | 4.142  | 6.644  | 2.441  | 1.491  |
|   7   | 1.202  | 3.525  | 5.669  | 2.121  | 1.299  |
|   8   | 1.121  | 3.086  | 4.906  | 1.881  | 1.132  |
|   9   | 0.991  | 2.956  | 4.532  | 1.744  | 1.049  |
|   10  | 0.958  | 2.827  | 4.288  | 1.644  | 0.971  |
|   11  | 0.780  | 2.453  | 3.964  | 1.507  | 0.913  |
|   12  | 0.650  | 2.307  | 3.720  | 1.397  | 0.851  |
|   13  | 0.585  | 2.209  | 3.493  | 1.296  | 0.796  |
|   14  | 0.569  | 2.014  | 3.233  | 1.220  | 0.748  |
|   15  | 0.487  | 1.933  | 3.070  | 1.161  | 0.710  |
|   16  | 0.455  | 1.836  | 3.038  | 1.114  | 0.685  |
|   17  | 0.406  | 1.738  | 2.843  | 1.050  | 0.653  |
|   18  | 0.406  | 1.657  | 2.615  | 1.013  | 0.627  |
+-------+--------+--------+--------+--------+--------+
     logs:  {'epo': 18, 'R1': 0.406, 'R5': 1.657, 'R10': 2.615, 'mAP': 1.013, 'mINP': 0.627, 'entropy': 0.35038995978079346, 'loss': 2.0834819141187166, 'lr': 0.0004736842105263083}
     Epoch[19] Iteration[10/192], entropy: 0.2998, loss: 2.1112, lr: 9.84e-04
     Epoch[19] Iteration[20/192], entropy: 0.2700, loss: 2.1307, lr: 5.31e-04
     Epoch[19] Iteration[30/192], entropy: 0.4305, loss: 2.0950, lr: 3.51e-05
     Epoch[19] Iteration[40/192], entropy: 0.2125, loss: 1.9481, lr: 1.81e-04
     Epoch[19] Iteration[50/192], entropy: 0.3011, loss: 2.0991, lr: 7.68e-04
     Epoch[19] Iteration[60/192], entropy: 0.3346, loss: 2.1391, lr: 9.84e-04
     Epoch[19] Iteration[70/192], entropy: 0.3134, loss: 2.1017, lr: 5.31e-04
     Epoch[19] Iteration[80/192], entropy: 0.3601, loss: 2.1284, lr: 3.51e-05
     Epoch[19] Iteration[90/192], entropy: 0.3077, loss: 2.0492, lr: 1.81e-04
     Epoch[19] Iteration[100/192], entropy: 0.3215, loss: 2.0780, lr: 7.68e-04
     Epoch[19] Iteration[110/192], entropy: 0.3440, loss: 2.1254, lr: 9.84e-04
     Epoch[19] Iteration[120/192], entropy: 0.4567, loss: 2.0611, lr: 5.31e-04
     Epoch[19] Iteration[130/192], entropy: 0.3640, loss: 2.1468, lr: 3.51e-05
     Epoch[19] Iteration[140/192], entropy: 0.3716, loss: 2.0160, lr: 1.81e-04
     Epoch[19] Iteration[150/192], entropy: 0.2890, loss: 2.0400, lr: 7.68e-04
     Epoch[19] Iteration[160/192], entropy: 0.3232, loss: 2.1224, lr: 9.84e-04
     Epoch[19] Iteration[170/192], entropy: 0.4317, loss: 2.2263, lr: 5.31e-04
     Epoch[19] Iteration[180/192], entropy: 0.2317, loss: 1.9990, lr: 3.51e-05
     Epoch[19] Iteration[190/192], entropy: 0.3684, loss: 2.1616, lr: 1.81e-04
     Averaged stats: entropy: 0.3605, loss: 2.1195, lr: 2.87e-04
     itm tta time 0:00:20
### TTA Eval Score: 
+-------+--------+--------+--------+--------+--------+
| epoch |   R1   |   R5   |  R10   |  mAP   |  mINP  |
+-------+--------+--------+--------+--------+--------+
|  -999 | 68.990 | 86.485 | 91.163 | 62.372 | 46.154 |
|   0   | 63.125 | 83.220 | 89.392 | 57.556 | 41.627 |
|   1   | 32.099 | 55.247 | 66.033 | 31.283 | 20.106 |
|   2   | 9.925  | 21.442 | 30.604 | 11.077 | 6.483  |
|   3   | 4.207  | 10.526 | 15.903 | 5.541  | 3.200  |
|   4   | 2.469  | 6.855  | 10.624 | 3.709  | 2.228  |
|   5   | 1.998  | 5.474  | 8.837  | 3.038  | 1.816  |
|   6   | 1.494  | 4.142  | 6.644  | 2.441  | 1.491  |
|   7   | 1.202  | 3.525  | 5.669  | 2.121  | 1.299  |
|   8   | 1.121  | 3.086  | 4.906  | 1.881  | 1.132  |
|   9   | 0.991  | 2.956  | 4.532  | 1.744  | 1.049  |
|   10  | 0.958  | 2.827  | 4.288  | 1.644  | 0.971  |
|   11  | 0.780  | 2.453  | 3.964  | 1.507  | 0.913  |
|   12  | 0.650  | 2.307  | 3.720  | 1.397  | 0.851  |
|   13  | 0.585  | 2.209  | 3.493  | 1.296  | 0.796  |
|   14  | 0.569  | 2.014  | 3.233  | 1.220  | 0.748  |
|   15  | 0.487  | 1.933  | 3.070  | 1.161  | 0.710  |
|   16  | 0.455  | 1.836  | 3.038  | 1.114  | 0.685  |
|   17  | 0.406  | 1.738  | 2.843  | 1.050  | 0.653  |
|   18  | 0.406  | 1.657  | 2.615  | 1.013  | 0.627  |
|   19  | 0.390  | 1.592  | 2.550  | 0.983  | 0.610  |
+-------+--------+--------+--------+--------+--------+
     logs:  {'epo': 19, 'R1': 0.39, 'R5': 1.592, 'R10': 2.55, 'mAP': 0.983, 'mINP': 0.61, 'entropy': 0.3332330153176659, 'loss': 2.0936376295591654, 'lr': 0.0004858992948689788}
     Epoch[20] Iteration[10/192], entropy: 0.3520, loss: 2.1824, lr: 8.64e-04
     Epoch[20] Iteration[20/192], entropy: 0.2830, loss: 1.9561, lr: 9.38e-04
     Epoch[20] Iteration[30/192], entropy: 0.2366, loss: 2.0177, lr: 4.06e-04
     Epoch[20] Iteration[40/192], entropy: 0.3301, loss: 1.9953, lr: 3.94e-06
     Epoch[20] Iteration[50/192], entropy: 0.4121, loss: 2.0855, lr: 2.87e-04
     Epoch[20] Iteration[60/192], entropy: 0.3478, loss: 2.0947, lr: 8.64e-04
     Epoch[20] Iteration[70/192], entropy: 0.4048, loss: 2.0246, lr: 9.38e-04
     Epoch[20] Iteration[80/192], entropy: 0.3309, loss: 2.1081, lr: 4.06e-04
     Epoch[20] Iteration[90/192], entropy: 0.2942, loss: 2.0060, lr: 3.94e-06
     Epoch[20] Iteration[100/192], entropy: 0.3652, loss: 2.0765, lr: 2.87e-04
     Epoch[20] Iteration[110/192], entropy: 0.3834, loss: 2.1905, lr: 8.64e-04
     Epoch[20] Iteration[120/192], entropy: 0.4126, loss: 2.1781, lr: 9.38e-04
     Epoch[20] Iteration[130/192], entropy: 0.3886, loss: 2.1417, lr: 4.06e-04
     Epoch[20] Iteration[140/192], entropy: 0.3023, loss: 2.1126, lr: 3.94e-06
     Epoch[20] Iteration[150/192], entropy: 0.3205, loss: 2.0846, lr: 2.87e-04
     Epoch[20] Iteration[160/192], entropy: 0.2728, loss: 2.0470, lr: 8.64e-04
     Epoch[20] Iteration[170/192], entropy: 0.2187, loss: 1.8583, lr: 9.38e-04
     Epoch[20] Iteration[180/192], entropy: 0.2737, loss: 2.0016, lr: 4.06e-04
     Epoch[20] Iteration[190/192], entropy: 0.3812, loss: 2.1038, lr: 3.94e-06
     Averaged stats: entropy: 0.4600, loss: 2.1262, lr: 3.94e-06
     itm tta time 0:00:20
### TTA Eval Score: 
+-------+--------+--------+--------+--------+--------+
| epoch |   R1   |   R5   |  R10   |  mAP   |  mINP  |
+-------+--------+--------+--------+--------+--------+
|  -999 | 68.990 | 86.485 | 91.163 | 62.372 | 46.154 |
|   0   | 63.125 | 83.220 | 89.392 | 57.556 | 41.627 |
|   1   | 32.099 | 55.247 | 66.033 | 31.283 | 20.106 |
|   2   | 9.925  | 21.442 | 30.604 | 11.077 | 6.483  |
|   3   | 4.207  | 10.526 | 15.903 | 5.541  | 3.200  |
|   4   | 2.469  | 6.855  | 10.624 | 3.709  | 2.228  |
|   5   | 1.998  | 5.474  | 8.837  | 3.038  | 1.816  |
|   6   | 1.494  | 4.142  | 6.644  | 2.441  | 1.491  |
|   7   | 1.202  | 3.525  | 5.669  | 2.121  | 1.299  |
|   8   | 1.121  | 3.086  | 4.906  | 1.881  | 1.132  |
|   9   | 0.991  | 2.956  | 4.532  | 1.744  | 1.049  |
|   10  | 0.958  | 2.827  | 4.288  | 1.644  | 0.971  |
|   11  | 0.780  | 2.453  | 3.964  | 1.507  | 0.913  |
|   12  | 0.650  | 2.307  | 3.720  | 1.397  | 0.851  |
|   13  | 0.585  | 2.209  | 3.493  | 1.296  | 0.796  |
|   14  | 0.569  | 2.014  | 3.233  | 1.220  | 0.748  |
|   15  | 0.487  | 1.933  | 3.070  | 1.161  | 0.710  |
|   16  | 0.455  | 1.836  | 3.038  | 1.114  | 0.685  |
|   17  | 0.406  | 1.738  | 2.843  | 1.050  | 0.653  |
|   18  | 0.406  | 1.657  | 2.615  | 1.013  | 0.627  |
|   19  | 0.390  | 1.592  | 2.550  | 0.983  | 0.610  |
|   20  | 0.390  | 1.527  | 2.567  | 0.961  | 0.598  |
+-------+--------+--------+--------+--------+--------+
     logs:  {'epo': 20, 'R1': 0.39, 'R5': 1.527, 'R10': 2.567, 'mAP': 0.961, 'mINP': 0.598, 'entropy': 0.3321338005756077, 'loss': 2.0665749876122725, 'lr': 0.0005112047181990819}
     Epoch[21] Iteration[10/192], entropy: 0.2881, loss: 2.0849, lr: 4.06e-04
     Epoch[21] Iteration[20/192], entropy: 0.2692, loss: 1.9473, lr: 9.38e-04
     Epoch[21] Iteration[30/192], entropy: 0.3559, loss: 2.1266, lr: 8.64e-04
     Epoch[21] Iteration[40/192], entropy: 0.2710, loss: 2.0302, lr: 2.87e-04
     Epoch[21] Iteration[50/192], entropy: 0.3079, loss: 2.1083, lr: 3.94e-06
     Epoch[21] Iteration[60/192], entropy: 0.3172, loss: 1.9723, lr: 4.06e-04
     Epoch[21] Iteration[70/192], entropy: 0.3306, loss: 2.1866, lr: 9.38e-04
     Epoch[21] Iteration[80/192], entropy: 0.3058, loss: 2.0622, lr: 8.64e-04
     Epoch[21] Iteration[90/192], entropy: 0.3975, loss: 2.1183, lr: 2.87e-04
     Epoch[21] Iteration[100/192], entropy: 0.3863, loss: 2.1125, lr: 3.94e-06
     Epoch[21] Iteration[110/192], entropy: 0.2641, loss: 2.1091, lr: 4.06e-04
     Epoch[21] Iteration[120/192], entropy: 0.3848, loss: 2.1431, lr: 9.38e-04
     Epoch[21] Iteration[130/192], entropy: 0.3057, loss: 2.1497, lr: 8.64e-04
     Epoch[21] Iteration[140/192], entropy: 0.2899, loss: 2.2106, lr: 2.87e-04
     Epoch[21] Iteration[150/192], entropy: 0.3559, loss: 2.0554, lr: 3.94e-06
     Epoch[21] Iteration[160/192], entropy: 0.2526, loss: 1.9654, lr: 4.06e-04
     Epoch[21] Iteration[170/192], entropy: 0.2865, loss: 1.9906, lr: 9.38e-04
     Epoch[21] Iteration[180/192], entropy: 0.4108, loss: 2.1570, lr: 8.64e-04
     Epoch[21] Iteration[190/192], entropy: 0.2961, loss: 2.1605, lr: 2.87e-04
     Averaged stats: entropy: 0.3923, loss: 2.1802, lr: 1.81e-04
     itm tta time 0:00:20
### TTA Eval Score: 
+-------+--------+--------+--------+--------+--------+
| epoch |   R1   |   R5   |  R10   |  mAP   |  mINP  |
+-------+--------+--------+--------+--------+--------+
|  -999 | 68.990 | 86.485 | 91.163 | 62.372 | 46.154 |
|   0   | 63.125 | 83.220 | 89.392 | 57.556 | 41.627 |
|   1   | 32.099 | 55.247 | 66.033 | 31.283 | 20.106 |
|   2   | 9.925  | 21.442 | 30.604 | 11.077 | 6.483  |
|   3   | 4.207  | 10.526 | 15.903 | 5.541  | 3.200  |
|   4   | 2.469  | 6.855  | 10.624 | 3.709  | 2.228  |
|   5   | 1.998  | 5.474  | 8.837  | 3.038  | 1.816  |
|   6   | 1.494  | 4.142  | 6.644  | 2.441  | 1.491  |
|   7   | 1.202  | 3.525  | 5.669  | 2.121  | 1.299  |
|   8   | 1.121  | 3.086  | 4.906  | 1.881  | 1.132  |
|   9   | 0.991  | 2.956  | 4.532  | 1.744  | 1.049  |
|   10  | 0.958  | 2.827  | 4.288  | 1.644  | 0.971  |
|   11  | 0.780  | 2.453  | 3.964  | 1.507  | 0.913  |
|   12  | 0.650  | 2.307  | 3.720  | 1.397  | 0.851  |
|   13  | 0.585  | 2.209  | 3.493  | 1.296  | 0.796  |
|   14  | 0.569  | 2.014  | 3.233  | 1.220  | 0.748  |
|   15  | 0.487  | 1.933  | 3.070  | 1.161  | 0.710  |
|   16  | 0.455  | 1.836  | 3.038  | 1.114  | 0.685  |
|   17  | 0.406  | 1.738  | 2.843  | 1.050  | 0.653  |
|   18  | 0.406  | 1.657  | 2.615  | 1.013  | 0.627  |
|   19  | 0.390  | 1.592  | 2.550  | 0.983  | 0.610  |
|   20  | 0.390  | 1.527  | 2.567  | 0.961  | 0.598  |
|   21  | 0.390  | 1.413  | 2.437  | 0.938  | 0.584  |
+-------+--------+--------+--------+--------+--------+
     logs:  {'epo': 21, 'R1': 0.39, 'R5': 1.413, 'R10': 2.437, 'mAP': 0.938, 'mINP': 0.584, 'entropy': 0.31978036698542145, 'loss': 2.088973145735891, 'lr': 0.0005261082816135422}
     Epoch[22] Iteration[10/192], entropy: 0.2958, loss: 2.0894, lr: 3.51e-05
     Epoch[22] Iteration[20/192], entropy: 0.3561, loss: 2.0575, lr: 5.31e-04
     Epoch[22] Iteration[30/192], entropy: 0.2641, loss: 2.1119, lr: 9.84e-04
     Epoch[22] Iteration[40/192], entropy: 0.4268, loss: 2.1284, lr: 7.68e-04
     Epoch[22] Iteration[50/192], entropy: 0.3398, loss: 2.1121, lr: 1.81e-04
     Epoch[22] Iteration[60/192], entropy: 0.4240, loss: 2.1107, lr: 3.51e-05
     Epoch[22] Iteration[70/192], entropy: 0.2845, loss: 2.1306, lr: 5.31e-04
     Epoch[22] Iteration[80/192], entropy: 0.3123, loss: 2.1806, lr: 9.84e-04
     Epoch[22] Iteration[90/192], entropy: 0.3522, loss: 2.0405, lr: 7.68e-04
     Epoch[22] Iteration[100/192], entropy: 0.3214, loss: 2.1332, lr: 1.81e-04
     Epoch[22] Iteration[110/192], entropy: 0.2531, loss: 1.9741, lr: 3.51e-05
     Epoch[22] Iteration[120/192], entropy: 0.2803, loss: 2.0681, lr: 5.31e-04
     Epoch[22] Iteration[130/192], entropy: 0.3539, loss: 2.0195, lr: 9.84e-04
     Epoch[22] Iteration[140/192], entropy: 0.3471, loss: 1.9708, lr: 7.68e-04
     Epoch[22] Iteration[150/192], entropy: 0.3263, loss: 2.0993, lr: 1.81e-04
     Epoch[22] Iteration[160/192], entropy: 0.3515, loss: 2.0750, lr: 3.51e-05
     Epoch[22] Iteration[170/192], entropy: 0.4252, loss: 2.1390, lr: 5.31e-04
     Epoch[22] Iteration[180/192], entropy: 0.3209, loss: 2.0159, lr: 9.84e-04
     Epoch[22] Iteration[190/192], entropy: 0.3263, loss: 2.0997, lr: 7.68e-04
     Averaged stats: entropy: 0.2645, loss: 2.0591, lr: 6.55e-04
     itm tta time 0:00:22
### TTA Eval Score: 
+-------+--------+--------+--------+--------+--------+
| epoch |   R1   |   R5   |  R10   |  mAP   |  mINP  |
+-------+--------+--------+--------+--------+--------+
|  -999 | 68.990 | 86.485 | 91.163 | 62.372 | 46.154 |
|   0   | 63.125 | 83.220 | 89.392 | 57.556 | 41.627 |
|   1   | 32.099 | 55.247 | 66.033 | 31.283 | 20.106 |
|   2   | 9.925  | 21.442 | 30.604 | 11.077 | 6.483  |
|   3   | 4.207  | 10.526 | 15.903 | 5.541  | 3.200  |
|   4   | 2.469  | 6.855  | 10.624 | 3.709  | 2.228  |
|   5   | 1.998  | 5.474  | 8.837  | 3.038  | 1.816  |
|   6   | 1.494  | 4.142  | 6.644  | 2.441  | 1.491  |
|   7   | 1.202  | 3.525  | 5.669  | 2.121  | 1.299  |
|   8   | 1.121  | 3.086  | 4.906  | 1.881  | 1.132  |
|   9   | 0.991  | 2.956  | 4.532  | 1.744  | 1.049  |
|   10  | 0.958  | 2.827  | 4.288  | 1.644  | 0.971  |
|   11  | 0.780  | 2.453  | 3.964  | 1.507  | 0.913  |
|   12  | 0.650  | 2.307  | 3.720  | 1.397  | 0.851  |
|   13  | 0.585  | 2.209  | 3.493  | 1.296  | 0.796  |
|   14  | 0.569  | 2.014  | 3.233  | 1.220  | 0.748  |
|   15  | 0.487  | 1.933  | 3.070  | 1.161  | 0.710  |
|   16  | 0.455  | 1.836  | 3.038  | 1.114  | 0.685  |
|   17  | 0.406  | 1.738  | 2.843  | 1.050  | 0.653  |
|   18  | 0.406  | 1.657  | 2.615  | 1.013  | 0.627  |
|   19  | 0.390  | 1.592  | 2.550  | 0.983  | 0.610  |
|   20  | 0.390  | 1.527  | 2.567  | 0.961  | 0.598  |
|   21  | 0.390  | 1.413  | 2.437  | 0.938  | 0.584  |
|   22  | 0.374  | 1.348  | 2.388  | 0.912  | 0.568  |
+-------+--------+--------+--------+--------+--------+
     logs:  {'epo': 22, 'R1': 0.374, 'R5': 1.348, 'R10': 2.388, 'mAP': 0.912, 'mINP': 0.568, 'entropy': 0.33481339090748835, 'loss': 2.0819060802459717, 'lr': 0.000516774315519706}
     Epoch[23] Iteration[10/192], entropy: 0.3563, loss: 2.0747, lr: 9.55e-05
     Epoch[23] Iteration[20/192], entropy: 0.2216, loss: 2.1263, lr: 9.55e-05
     Epoch[23] Iteration[30/192], entropy: 0.3295, loss: 1.9952, lr: 6.55e-04
     Epoch[23] Iteration[40/192], entropy: 0.3580, loss: 2.1315, lr: 1.00e-03
     Epoch[23] Iteration[50/192], entropy: 0.3036, loss: 2.0529, lr: 6.55e-04
     Epoch[23] Iteration[60/192], entropy: 0.3239, loss: 2.0834, lr: 9.55e-05
     Epoch[23] Iteration[70/192], entropy: 0.2789, loss: 2.1170, lr: 9.55e-05
     Epoch[23] Iteration[80/192], entropy: 0.2497, loss: 2.0260, lr: 6.55e-04
     Epoch[23] Iteration[90/192], entropy: 0.2964, loss: 2.1275, lr: 1.00e-03
     Epoch[23] Iteration[100/192], entropy: 0.4129, loss: 2.1336, lr: 6.55e-04
     Epoch[23] Iteration[110/192], entropy: 0.4344, loss: 2.1927, lr: 9.55e-05
     Epoch[23] Iteration[120/192], entropy: 0.3650, loss: 2.0915, lr: 9.55e-05
     Epoch[23] Iteration[130/192], entropy: 0.3421, loss: 2.0640, lr: 6.55e-04
     Epoch[23] Iteration[140/192], entropy: 0.3252, loss: 2.0399, lr: 1.00e-03
     Epoch[23] Iteration[150/192], entropy: 0.3522, loss: 2.1173, lr: 6.55e-04
     Epoch[23] Iteration[160/192], entropy: 0.2890, loss: 2.0518, lr: 9.55e-05
     Epoch[23] Iteration[170/192], entropy: 0.2537, loss: 2.1439, lr: 9.55e-05
     Epoch[23] Iteration[180/192], entropy: 0.3412, loss: 2.1307, lr: 6.55e-04
     Epoch[23] Iteration[190/192], entropy: 0.3139, loss: 2.1294, lr: 1.00e-03
     Averaged stats: entropy: 0.2984, loss: 2.1340, lr: 9.84e-04
     itm tta time 0:00:20
### TTA Eval Score: 
+-------+--------+--------+--------+--------+--------+
| epoch |   R1   |   R5   |  R10   |  mAP   |  mINP  |
+-------+--------+--------+--------+--------+--------+
|  -999 | 68.990 | 86.485 | 91.163 | 62.372 | 46.154 |
|   0   | 63.125 | 83.220 | 89.392 | 57.556 | 41.627 |
|   1   | 32.099 | 55.247 | 66.033 | 31.283 | 20.106 |
|   2   | 9.925  | 21.442 | 30.604 | 11.077 | 6.483  |
|   3   | 4.207  | 10.526 | 15.903 | 5.541  | 3.200  |
|   4   | 2.469  | 6.855  | 10.624 | 3.709  | 2.228  |
|   5   | 1.998  | 5.474  | 8.837  | 3.038  | 1.816  |
|   6   | 1.494  | 4.142  | 6.644  | 2.441  | 1.491  |
|   7   | 1.202  | 3.525  | 5.669  | 2.121  | 1.299  |
|   8   | 1.121  | 3.086  | 4.906  | 1.881  | 1.132  |
|   9   | 0.991  | 2.956  | 4.532  | 1.744  | 1.049  |
|   10  | 0.958  | 2.827  | 4.288  | 1.644  | 0.971  |
|   11  | 0.780  | 2.453  | 3.964  | 1.507  | 0.913  |
|   12  | 0.650  | 2.307  | 3.720  | 1.397  | 0.851  |
|   13  | 0.585  | 2.209  | 3.493  | 1.296  | 0.796  |
|   14  | 0.569  | 2.014  | 3.233  | 1.220  | 0.748  |
|   15  | 0.487  | 1.933  | 3.070  | 1.161  | 0.710  |
|   16  | 0.455  | 1.836  | 3.038  | 1.114  | 0.685  |
|   17  | 0.406  | 1.738  | 2.843  | 1.050  | 0.653  |
|   18  | 0.406  | 1.657  | 2.615  | 1.013  | 0.627  |
|   19  | 0.390  | 1.592  | 2.550  | 0.983  | 0.610  |
|   20  | 0.390  | 1.527  | 2.567  | 0.961  | 0.598  |
|   21  | 0.390  | 1.413  | 2.437  | 0.938  | 0.584  |
|   22  | 0.374  | 1.348  | 2.388  | 0.912  | 0.568  |
|   23  | 0.341  | 1.316  | 2.355  | 0.886  | 0.552  |
+-------+--------+--------+--------+--------+--------+
     logs:  {'epo': 23, 'R1': 0.341, 'R5': 1.316, 'R10': 2.355, 'mAP': 0.886, 'mINP': 0.552, 'entropy': 0.3235559996805693, 'loss': 2.0962877650009957, 'lr': 0.0004918679738322294}
     Epoch[24] Iteration[10/192], entropy: 0.3288, loss: 2.1010, lr: 5.31e-04
     Epoch[24] Iteration[20/192], entropy: 0.3094, loss: 2.0981, lr: 3.51e-05
     Epoch[24] Iteration[30/192], entropy: 0.3484, loss: 2.1131, lr: 1.81e-04
     Epoch[24] Iteration[40/192], entropy: 0.3304, loss: 2.0369, lr: 7.68e-04
     Epoch[24] Iteration[50/192], entropy: 0.2151, loss: 2.1162, lr: 9.84e-04
     Epoch[24] Iteration[60/192], entropy: 0.3189, loss: 2.0279, lr: 5.31e-04
     Epoch[24] Iteration[70/192], entropy: 0.3550, loss: 2.1172, lr: 3.51e-05
     Epoch[24] Iteration[80/192], entropy: 0.4202, loss: 2.1604, lr: 1.81e-04
     Epoch[24] Iteration[90/192], entropy: 0.3810, loss: 2.1539, lr: 7.68e-04
     Epoch[24] Iteration[100/192], entropy: 0.3200, loss: 2.0220, lr: 9.84e-04
     Epoch[24] Iteration[110/192], entropy: 0.4530, loss: 2.1100, lr: 5.31e-04
     Epoch[24] Iteration[120/192], entropy: 0.2894, loss: 2.0573, lr: 3.51e-05
     Epoch[24] Iteration[130/192], entropy: 0.3238, loss: 2.1887, lr: 1.81e-04
     Epoch[24] Iteration[140/192], entropy: 0.3143, loss: 1.9694, lr: 7.68e-04
     Epoch[24] Iteration[150/192], entropy: 0.3088, loss: 2.1236, lr: 9.84e-04
     Epoch[24] Iteration[160/192], entropy: 0.3923, loss: 2.0784, lr: 5.31e-04
     Epoch[24] Iteration[170/192], entropy: 0.2650, loss: 2.0163, lr: 3.51e-05
     Epoch[24] Iteration[180/192], entropy: 0.3040, loss: 2.0221, lr: 1.81e-04
     Epoch[24] Iteration[190/192], entropy: 0.3108, loss: 2.1162, lr: 7.68e-04
     Averaged stats: entropy: 0.4005, loss: 2.2852, lr: 8.64e-04
     itm tta time 0:00:20
### TTA Eval Score: 
+-------+--------+--------+--------+--------+--------+
| epoch |   R1   |   R5   |  R10   |  mAP   |  mINP  |
+-------+--------+--------+--------+--------+--------+
|  -999 | 68.990 | 86.485 | 91.163 | 62.372 | 46.154 |
|   0   | 63.125 | 83.220 | 89.392 | 57.556 | 41.627 |
|   1   | 32.099 | 55.247 | 66.033 | 31.283 | 20.106 |
|   2   | 9.925  | 21.442 | 30.604 | 11.077 | 6.483  |
|   3   | 4.207  | 10.526 | 15.903 | 5.541  | 3.200  |
|   4   | 2.469  | 6.855  | 10.624 | 3.709  | 2.228  |
|   5   | 1.998  | 5.474  | 8.837  | 3.038  | 1.816  |
|   6   | 1.494  | 4.142  | 6.644  | 2.441  | 1.491  |
|   7   | 1.202  | 3.525  | 5.669  | 2.121  | 1.299  |
|   8   | 1.121  | 3.086  | 4.906  | 1.881  | 1.132  |
|   9   | 0.991  | 2.956  | 4.532  | 1.744  | 1.049  |
|   10  | 0.958  | 2.827  | 4.288  | 1.644  | 0.971  |
|   11  | 0.780  | 2.453  | 3.964  | 1.507  | 0.913  |
|   12  | 0.650  | 2.307  | 3.720  | 1.397  | 0.851  |
|   13  | 0.585  | 2.209  | 3.493  | 1.296  | 0.796  |
|   14  | 0.569  | 2.014  | 3.233  | 1.220  | 0.748  |
|   15  | 0.487  | 1.933  | 3.070  | 1.161  | 0.710  |
|   16  | 0.455  | 1.836  | 3.038  | 1.114  | 0.685  |
|   17  | 0.406  | 1.738  | 2.843  | 1.050  | 0.653  |
|   18  | 0.406  | 1.657  | 2.615  | 1.013  | 0.627  |
|   19  | 0.390  | 1.592  | 2.550  | 0.983  | 0.610  |
|   20  | 0.390  | 1.527  | 2.567  | 0.961  | 0.598  |
|   21  | 0.390  | 1.413  | 2.437  | 0.938  | 0.584  |
|   22  | 0.374  | 1.348  | 2.388  | 0.912  | 0.568  |
|   23  | 0.341  | 1.316  | 2.355  | 0.886  | 0.552  |
|   24  | 0.341  | 1.300  | 2.355  | 0.878  | 0.546  |
+-------+--------+--------+--------+--------+--------+
     logs:  {'epo': 24, 'R1': 0.341, 'R5': 1.3, 'R10': 2.355, 'mAP': 0.878, 'mINP': 0.546, 'entropy': 0.330968419972219, 'loss': 2.085722647215191, 'lr': 0.0004745109694439888}
     Epoch[25] Iteration[10/192], entropy: 0.4341, loss: 2.1612, lr: 9.38e-04
     Epoch[25] Iteration[20/192], entropy: 0.4779, loss: 2.1869, lr: 4.06e-04
     Epoch[25] Iteration[30/192], entropy: 0.3449, loss: 2.0705, lr: 3.94e-06
     Epoch[25] Iteration[40/192], entropy: 0.3225, loss: 1.9996, lr: 2.87e-04
     Epoch[25] Iteration[50/192], entropy: 0.2446, loss: 2.0758, lr: 8.64e-04
     Epoch[25] Iteration[60/192], entropy: 0.3585, loss: 2.1273, lr: 9.38e-04
     Epoch[25] Iteration[70/192], entropy: 0.2455, loss: 1.9687, lr: 4.06e-04
     Epoch[25] Iteration[80/192], entropy: 0.2958, loss: 2.1427, lr: 3.94e-06
     Epoch[25] Iteration[90/192], entropy: 0.3271, loss: 2.0369, lr: 2.87e-04
     Epoch[25] Iteration[100/192], entropy: 0.2776, loss: 2.0198, lr: 8.64e-04
     Epoch[25] Iteration[110/192], entropy: 0.3066, loss: 2.1242, lr: 9.38e-04
     Epoch[25] Iteration[120/192], entropy: 0.3039, loss: 2.0061, lr: 4.06e-04
     Epoch[25] Iteration[130/192], entropy: 0.3206, loss: 1.9366, lr: 3.94e-06
     Epoch[25] Iteration[140/192], entropy: 0.3017, loss: 2.1103, lr: 2.87e-04
     Epoch[25] Iteration[150/192], entropy: 0.3553, loss: 2.0184, lr: 8.64e-04
     Epoch[25] Iteration[160/192], entropy: 0.3865, loss: 2.0165, lr: 9.38e-04
     Epoch[25] Iteration[170/192], entropy: 0.2705, loss: 2.1000, lr: 4.06e-04
     Epoch[25] Iteration[180/192], entropy: 0.2846, loss: 1.9626, lr: 3.94e-06
     Epoch[25] Iteration[190/192], entropy: 0.2767, loss: 1.9606, lr: 2.87e-04
     Averaged stats: entropy: 0.3824, loss: 2.1330, lr: 4.06e-04
     itm tta time 0:00:20
### TTA Eval Score: 
+-------+--------+--------+--------+--------+--------+
| epoch |   R1   |   R5   |  R10   |  mAP   |  mINP  |
+-------+--------+--------+--------+--------+--------+
|  -999 | 68.990 | 86.485 | 91.163 | 62.372 | 46.154 |
|   0   | 63.125 | 83.220 | 89.392 | 57.556 | 41.627 |
|   1   | 32.099 | 55.247 | 66.033 | 31.283 | 20.106 |
|   2   | 9.925  | 21.442 | 30.604 | 11.077 | 6.483  |
|   3   | 4.207  | 10.526 | 15.903 | 5.541  | 3.200  |
|   4   | 2.469  | 6.855  | 10.624 | 3.709  | 2.228  |
|   5   | 1.998  | 5.474  | 8.837  | 3.038  | 1.816  |
|   6   | 1.494  | 4.142  | 6.644  | 2.441  | 1.491  |
|   7   | 1.202  | 3.525  | 5.669  | 2.121  | 1.299  |
|   8   | 1.121  | 3.086  | 4.906  | 1.881  | 1.132  |
|   9   | 0.991  | 2.956  | 4.532  | 1.744  | 1.049  |
|   10  | 0.958  | 2.827  | 4.288  | 1.644  | 0.971  |
|   11  | 0.780  | 2.453  | 3.964  | 1.507  | 0.913  |
|   12  | 0.650  | 2.307  | 3.720  | 1.397  | 0.851  |
|   13  | 0.585  | 2.209  | 3.493  | 1.296  | 0.796  |
|   14  | 0.569  | 2.014  | 3.233  | 1.220  | 0.748  |
|   15  | 0.487  | 1.933  | 3.070  | 1.161  | 0.710  |
|   16  | 0.455  | 1.836  | 3.038  | 1.114  | 0.685  |
|   17  | 0.406  | 1.738  | 2.843  | 1.050  | 0.653  |
|   18  | 0.406  | 1.657  | 2.615  | 1.013  | 0.627  |
|   19  | 0.390  | 1.592  | 2.550  | 0.983  | 0.610  |
|   20  | 0.390  | 1.527  | 2.567  | 0.961  | 0.598  |
|   21  | 0.390  | 1.413  | 2.437  | 0.938  | 0.584  |
|   22  | 0.374  | 1.348  | 2.388  | 0.912  | 0.568  |
|   23  | 0.341  | 1.316  | 2.355  | 0.886  | 0.552  |
|   24  | 0.341  | 1.300  | 2.355  | 0.878  | 0.546  |
|   25  | 0.325  | 1.218  | 2.323  | 0.853  | 0.531  |
+-------+--------+--------+--------+--------+--------+
     logs:  {'epo': 25, 'R1': 0.325, 'R5': 1.218, 'R10': 2.323, 'mAP': 0.853, 'mINP': 0.531, 'entropy': 0.3228779435157776, 'loss': 2.0539318574102303, 'lr': 0.0004808166150678601}
     Epoch[26] Iteration[10/192], entropy: 0.2717, loss: 2.0279, lr: 9.38e-04
     Epoch[26] Iteration[20/192], entropy: 0.2503, loss: 2.1298, lr: 8.64e-04
     Epoch[26] Iteration[30/192], entropy: 0.3623, loss: 2.1532, lr: 2.87e-04
     Epoch[26] Iteration[40/192], entropy: 0.2018, loss: 2.0159, lr: 3.94e-06
     Epoch[26] Iteration[50/192], entropy: 0.2126, loss: 2.1002, lr: 4.06e-04
     Epoch[26] Iteration[60/192], entropy: 0.3269, loss: 2.1307, lr: 9.38e-04
     Epoch[26] Iteration[70/192], entropy: 0.3501, loss: 2.0153, lr: 8.64e-04
     Epoch[26] Iteration[80/192], entropy: 0.3496, loss: 2.0363, lr: 2.87e-04
     Epoch[26] Iteration[90/192], entropy: 0.2883, loss: 2.1054, lr: 3.94e-06
     Epoch[26] Iteration[100/192], entropy: 0.4133, loss: 2.1268, lr: 4.06e-04
     Epoch[26] Iteration[110/192], entropy: 0.3808, loss: 2.1273, lr: 9.38e-04
     Epoch[26] Iteration[120/192], entropy: 0.3108, loss: 2.0758, lr: 8.64e-04
     Epoch[26] Iteration[130/192], entropy: 0.3801, loss: 2.1062, lr: 2.87e-04
     Epoch[26] Iteration[140/192], entropy: 0.3315, loss: 2.0822, lr: 3.94e-06
     Epoch[26] Iteration[150/192], entropy: 0.2967, loss: 2.0119, lr: 4.06e-04
     Epoch[26] Iteration[160/192], entropy: 0.2560, loss: 2.1618, lr: 9.38e-04
     Epoch[26] Iteration[170/192], entropy: 0.3632, loss: 2.1531, lr: 8.64e-04
     Epoch[26] Iteration[180/192], entropy: 0.3154, loss: 1.9595, lr: 2.87e-04
     Epoch[26] Iteration[190/192], entropy: 0.3487, loss: 2.0134, lr: 3.94e-06
     Averaged stats: entropy: 0.2791, loss: 2.0606, lr: 3.51e-05
     itm tta time 0:00:20
### TTA Eval Score: 
+-------+--------+--------+--------+--------+--------+
| epoch |   R1   |   R5   |  R10   |  mAP   |  mINP  |
+-------+--------+--------+--------+--------+--------+
|  -999 | 68.990 | 86.485 | 91.163 | 62.372 | 46.154 |
|   0   | 63.125 | 83.220 | 89.392 | 57.556 | 41.627 |
|   1   | 32.099 | 55.247 | 66.033 | 31.283 | 20.106 |
|   2   | 9.925  | 21.442 | 30.604 | 11.077 | 6.483  |
|   3   | 4.207  | 10.526 | 15.903 | 5.541  | 3.200  |
|   4   | 2.469  | 6.855  | 10.624 | 3.709  | 2.228  |
|   5   | 1.998  | 5.474  | 8.837  | 3.038  | 1.816  |
|   6   | 1.494  | 4.142  | 6.644  | 2.441  | 1.491  |
|   7   | 1.202  | 3.525  | 5.669  | 2.121  | 1.299  |
|   8   | 1.121  | 3.086  | 4.906  | 1.881  | 1.132  |
|   9   | 0.991  | 2.956  | 4.532  | 1.744  | 1.049  |
|   10  | 0.958  | 2.827  | 4.288  | 1.644  | 0.971  |
|   11  | 0.780  | 2.453  | 3.964  | 1.507  | 0.913  |
|   12  | 0.650  | 2.307  | 3.720  | 1.397  | 0.851  |
|   13  | 0.585  | 2.209  | 3.493  | 1.296  | 0.796  |
|   14  | 0.569  | 2.014  | 3.233  | 1.220  | 0.748  |
|   15  | 0.487  | 1.933  | 3.070  | 1.161  | 0.710  |
|   16  | 0.455  | 1.836  | 3.038  | 1.114  | 0.685  |
|   17  | 0.406  | 1.738  | 2.843  | 1.050  | 0.653  |
|   18  | 0.406  | 1.657  | 2.615  | 1.013  | 0.627  |
|   19  | 0.390  | 1.592  | 2.550  | 0.983  | 0.610  |
|   20  | 0.390  | 1.527  | 2.567  | 0.961  | 0.598  |
|   21  | 0.390  | 1.413  | 2.437  | 0.938  | 0.584  |
|   22  | 0.374  | 1.348  | 2.388  | 0.912  | 0.568  |
|   23  | 0.341  | 1.316  | 2.355  | 0.886  | 0.552  |
|   24  | 0.341  | 1.300  | 2.355  | 0.878  | 0.546  |
|   25  | 0.325  | 1.218  | 2.323  | 0.853  | 0.531  |
|   26  | 0.309  | 1.137  | 2.258  | 0.828  | 0.514  |
+-------+--------+--------+--------+--------+--------+
     logs:  {'epo': 26, 'R1': 0.309, 'R5': 1.137, 'R10': 2.258, 'mAP': 0.828, 'mINP': 0.514, 'entropy': 0.31632833731801885, 'loss': 2.080666510682357, 'lr': 0.0005049310872259427}
     Epoch[27] Iteration[10/192], entropy: 0.4309, loss: 2.1632, lr: 5.31e-04
     Epoch[27] Iteration[20/192], entropy: 0.4643, loss: 2.2191, lr: 9.84e-04
     Epoch[27] Iteration[30/192], entropy: 0.2703, loss: 2.1153, lr: 7.68e-04
     Epoch[27] Iteration[40/192], entropy: 0.4142, loss: 2.0973, lr: 1.81e-04
     Epoch[27] Iteration[50/192], entropy: 0.2276, loss: 2.0393, lr: 3.51e-05
     Epoch[27] Iteration[60/192], entropy: 0.2426, loss: 2.0009, lr: 5.31e-04
     Epoch[27] Iteration[70/192], entropy: 0.3664, loss: 2.1696, lr: 9.84e-04
     Epoch[27] Iteration[80/192], entropy: 0.2831, loss: 2.0337, lr: 7.68e-04
     Epoch[27] Iteration[90/192], entropy: 0.3484, loss: 2.1662, lr: 1.81e-04
     Epoch[27] Iteration[100/192], entropy: 0.3284, loss: 2.0811, lr: 3.51e-05
     Epoch[27] Iteration[110/192], entropy: 0.3596, loss: 2.0647, lr: 5.31e-04
     Epoch[27] Iteration[120/192], entropy: 0.3804, loss: 1.9666, lr: 9.84e-04
     Epoch[27] Iteration[130/192], entropy: 0.4393, loss: 2.1348, lr: 7.68e-04
     Epoch[27] Iteration[140/192], entropy: 0.2929, loss: 2.0202, lr: 1.81e-04
     Epoch[27] Iteration[150/192], entropy: 0.2801, loss: 1.9854, lr: 3.51e-05
     Epoch[27] Iteration[160/192], entropy: 0.2620, loss: 2.1122, lr: 5.31e-04
     Epoch[27] Iteration[170/192], entropy: 0.2700, loss: 2.0671, lr: 9.84e-04
     Epoch[27] Iteration[180/192], entropy: 0.3067, loss: 1.9826, lr: 7.68e-04
     Epoch[27] Iteration[190/192], entropy: 0.2584, loss: 2.1620, lr: 1.81e-04
     Averaged stats: entropy: 0.3748, loss: 2.0628, lr: 9.55e-05
     itm tta time 0:00:21
### TTA Eval Score: 
+-------+--------+--------+--------+--------+--------+
| epoch |   R1   |   R5   |  R10   |  mAP   |  mINP  |
+-------+--------+--------+--------+--------+--------+
|  -999 | 68.990 | 86.485 | 91.163 | 62.372 | 46.154 |
|   0   | 63.125 | 83.220 | 89.392 | 57.556 | 41.627 |
|   1   | 32.099 | 55.247 | 66.033 | 31.283 | 20.106 |
|   2   | 9.925  | 21.442 | 30.604 | 11.077 | 6.483  |
|   3   | 4.207  | 10.526 | 15.903 | 5.541  | 3.200  |
|   4   | 2.469  | 6.855  | 10.624 | 3.709  | 2.228  |
|   5   | 1.998  | 5.474  | 8.837  | 3.038  | 1.816  |
|   6   | 1.494  | 4.142  | 6.644  | 2.441  | 1.491  |
|   7   | 1.202  | 3.525  | 5.669  | 2.121  | 1.299  |
|   8   | 1.121  | 3.086  | 4.906  | 1.881  | 1.132  |
|   9   | 0.991  | 2.956  | 4.532  | 1.744  | 1.049  |
|   10  | 0.958  | 2.827  | 4.288  | 1.644  | 0.971  |
|   11  | 0.780  | 2.453  | 3.964  | 1.507  | 0.913  |
|   12  | 0.650  | 2.307  | 3.720  | 1.397  | 0.851  |
|   13  | 0.585  | 2.209  | 3.493  | 1.296  | 0.796  |
|   14  | 0.569  | 2.014  | 3.233  | 1.220  | 0.748  |
|   15  | 0.487  | 1.933  | 3.070  | 1.161  | 0.710  |
|   16  | 0.455  | 1.836  | 3.038  | 1.114  | 0.685  |
|   17  | 0.406  | 1.738  | 2.843  | 1.050  | 0.653  |
|   18  | 0.406  | 1.657  | 2.615  | 1.013  | 0.627  |
|   19  | 0.390  | 1.592  | 2.550  | 0.983  | 0.610  |
|   20  | 0.390  | 1.527  | 2.567  | 0.961  | 0.598  |
|   21  | 0.390  | 1.413  | 2.437  | 0.938  | 0.584  |
|   22  | 0.374  | 1.348  | 2.388  | 0.912  | 0.568  |
|   23  | 0.341  | 1.316  | 2.355  | 0.886  | 0.552  |
|   24  | 0.341  | 1.300  | 2.355  | 0.878  | 0.546  |
|   25  | 0.325  | 1.218  | 2.323  | 0.853  | 0.531  |
|   26  | 0.309  | 1.137  | 2.258  | 0.828  | 0.514  |
|   27  | 0.309  | 1.153  | 2.193  | 0.818  | 0.509  |
+-------+--------+--------+--------+--------+--------+
     logs:  {'epo': 27, 'R1': 0.309, 'R5': 1.153, 'R10': 2.193, 'mAP': 0.818, 'mINP': 0.509, 'entropy': 0.32766361769876984, 'loss': 2.0832306962264213, 'lr': 0.0005244678022602229}
     Epoch[28] Iteration[10/192], entropy: 0.2744, loss: 2.0516, lr: 9.55e-05
     Epoch[28] Iteration[20/192], entropy: 0.2677, loss: 2.0298, lr: 6.55e-04
     Epoch[28] Iteration[30/192], entropy: 0.2633, loss: 2.1118, lr: 1.00e-03
     Epoch[28] Iteration[40/192], entropy: 0.2440, loss: 2.0625, lr: 6.55e-04
     Epoch[28] Iteration[50/192], entropy: 0.3315, loss: 2.1515, lr: 9.55e-05
     Epoch[28] Iteration[60/192], entropy: 0.3604, loss: 2.1012, lr: 9.55e-05
     Epoch[28] Iteration[70/192], entropy: 0.3451, loss: 2.0909, lr: 6.55e-04
     Epoch[28] Iteration[80/192], entropy: 0.3191, loss: 2.0074, lr: 1.00e-03
     Epoch[28] Iteration[90/192], entropy: 0.3571, loss: 1.9933, lr: 6.55e-04
     Epoch[28] Iteration[100/192], entropy: 0.3718, loss: 2.2447, lr: 9.55e-05
     Epoch[28] Iteration[110/192], entropy: 0.3266, loss: 2.0462, lr: 9.55e-05
     Epoch[28] Iteration[120/192], entropy: 0.4127, loss: 2.1890, lr: 6.55e-04
     Epoch[28] Iteration[130/192], entropy: 0.3868, loss: 2.0850, lr: 1.00e-03
     Epoch[28] Iteration[140/192], entropy: 0.3238, loss: 1.9927, lr: 6.55e-04
     Epoch[28] Iteration[150/192], entropy: 0.3556, loss: 2.0415, lr: 9.55e-05
     Epoch[28] Iteration[160/192], entropy: 0.2942, loss: 1.9293, lr: 9.55e-05
     Epoch[28] Iteration[170/192], entropy: 0.3773, loss: 2.0920, lr: 6.55e-04
     Epoch[28] Iteration[180/192], entropy: 0.2305, loss: 2.0309, lr: 1.00e-03
     Epoch[28] Iteration[190/192], entropy: 0.3429, loss: 2.1606, lr: 6.55e-04
     Averaged stats: entropy: 0.3839, loss: 2.1376, lr: 5.31e-04
     itm tta time 0:00:20
### TTA Eval Score: 
+-------+--------+--------+--------+--------+--------+
| epoch |   R1   |   R5   |  R10   |  mAP   |  mINP  |
+-------+--------+--------+--------+--------+--------+
|  -999 | 68.990 | 86.485 | 91.163 | 62.372 | 46.154 |
|   0   | 63.125 | 83.220 | 89.392 | 57.556 | 41.627 |
|   1   | 32.099 | 55.247 | 66.033 | 31.283 | 20.106 |
|   2   | 9.925  | 21.442 | 30.604 | 11.077 | 6.483  |
|   3   | 4.207  | 10.526 | 15.903 | 5.541  | 3.200  |
|   4   | 2.469  | 6.855  | 10.624 | 3.709  | 2.228  |
|   5   | 1.998  | 5.474  | 8.837  | 3.038  | 1.816  |
|   6   | 1.494  | 4.142  | 6.644  | 2.441  | 1.491  |
|   7   | 1.202  | 3.525  | 5.669  | 2.121  | 1.299  |
|   8   | 1.121  | 3.086  | 4.906  | 1.881  | 1.132  |
|   9   | 0.991  | 2.956  | 4.532  | 1.744  | 1.049  |
|   10  | 0.958  | 2.827  | 4.288  | 1.644  | 0.971  |
|   11  | 0.780  | 2.453  | 3.964  | 1.507  | 0.913  |
|   12  | 0.650  | 2.307  | 3.720  | 1.397  | 0.851  |
|   13  | 0.585  | 2.209  | 3.493  | 1.296  | 0.796  |
|   14  | 0.569  | 2.014  | 3.233  | 1.220  | 0.748  |
|   15  | 0.487  | 1.933  | 3.070  | 1.161  | 0.710  |
|   16  | 0.455  | 1.836  | 3.038  | 1.114  | 0.685  |
|   17  | 0.406  | 1.738  | 2.843  | 1.050  | 0.653  |
|   18  | 0.406  | 1.657  | 2.615  | 1.013  | 0.627  |
|   19  | 0.390  | 1.592  | 2.550  | 0.983  | 0.610  |
|   20  | 0.390  | 1.527  | 2.567  | 0.961  | 0.598  |
|   21  | 0.390  | 1.413  | 2.437  | 0.938  | 0.584  |
|   22  | 0.374  | 1.348  | 2.388  | 0.912  | 0.568  |
|   23  | 0.341  | 1.316  | 2.355  | 0.886  | 0.552  |
|   24  | 0.341  | 1.300  | 2.355  | 0.878  | 0.546  |
|   25  | 0.325  | 1.218  | 2.323  | 0.853  | 0.531  |
|   26  | 0.309  | 1.137  | 2.258  | 0.828  | 0.514  |
|   27  | 0.309  | 1.153  | 2.193  | 0.818  | 0.509  |
|   28  | 0.325  | 1.137  | 2.193  | 0.823  | 0.508  |
+-------+--------+--------+--------+--------+--------+
     logs:  {'epo': 28, 'R1': 0.325, 'R5': 1.137, 'R10': 2.193, 'mAP': 0.823, 'mINP': 0.508, 'entropy': 0.3255237435039721, 'loss': 2.074309825897217, 'lr': 0.0005212899209045973}
     Epoch[29] Iteration[10/192], entropy: 0.1826, loss: 2.1065, lr: 3.51e-05
     Epoch[29] Iteration[20/192], entropy: 0.3078, loss: 2.1433, lr: 1.36e-04
     Epoch[29] Iteration[30/192], entropy: 0.4674, loss: 2.0396, lr: 7.13e-04
     Epoch[29] Iteration[40/192], entropy: 0.2725, loss: 2.0592, lr: 9.96e-04
     Epoch[29] Iteration[50/192], entropy: 0.3184, loss: 2.0981, lr: 5.94e-04
     Epoch[29] Iteration[60/192], entropy: 0.3470, loss: 2.2426, lr: 6.18e-05
     Epoch[29] Iteration[70/192], entropy: 0.4101, loss: 2.1642, lr: 1.36e-04
     Epoch[29] Iteration[80/192], entropy: 0.3538, loss: 2.2215, lr: 7.13e-04
     Epoch[29] Iteration[90/192], entropy: 0.3009, loss: 2.0132, lr: 9.96e-04
     Epoch[29] Iteration[100/192], entropy: 0.3729, loss: 2.1171, lr: 5.94e-04
     Epoch[29] Iteration[110/192], entropy: 0.2833, loss: 2.0800, lr: 6.18e-05
     Epoch[29] Iteration[120/192], entropy: 0.2928, loss: 2.0677, lr: 1.36e-04
     Epoch[29] Iteration[130/192], entropy: 0.3683, loss: 2.0429, lr: 7.13e-04
     Epoch[29] Iteration[140/192], entropy: 0.4044, loss: 2.1204, lr: 9.96e-04
     Epoch[29] Iteration[150/192], entropy: 0.3323, loss: 2.1053, lr: 5.94e-04
     Epoch[29] Iteration[160/192], entropy: 0.2803, loss: 2.0511, lr: 6.18e-05
     Epoch[29] Iteration[170/192], entropy: 0.3214, loss: 2.0522, lr: 1.36e-04
     Epoch[29] Iteration[180/192], entropy: 0.3523, loss: 2.0702, lr: 7.13e-04
     Epoch[29] Iteration[190/192], entropy: 0.3469, loss: 2.0624, lr: 9.96e-04
     Averaged stats: entropy: 0.3404, loss: 1.9910, lr: 9.65e-04
     itm tta time 0:00:20
### TTA Eval Score: 
+-------+--------+--------+--------+--------+--------+
| epoch |   R1   |   R5   |  R10   |  mAP   |  mINP  |
+-------+--------+--------+--------+--------+--------+
|  -999 | 68.990 | 86.485 | 91.163 | 62.372 | 46.154 |
|   0   | 63.125 | 83.220 | 89.392 | 57.556 | 41.627 |
|   1   | 32.099 | 55.247 | 66.033 | 31.283 | 20.106 |
|   2   | 9.925  | 21.442 | 30.604 | 11.077 | 6.483  |
|   3   | 4.207  | 10.526 | 15.903 | 5.541  | 3.200  |
|   4   | 2.469  | 6.855  | 10.624 | 3.709  | 2.228  |
|   5   | 1.998  | 5.474  | 8.837  | 3.038  | 1.816  |
|   6   | 1.494  | 4.142  | 6.644  | 2.441  | 1.491  |
|   7   | 1.202  | 3.525  | 5.669  | 2.121  | 1.299  |
|   8   | 1.121  | 3.086  | 4.906  | 1.881  | 1.132  |
|   9   | 0.991  | 2.956  | 4.532  | 1.744  | 1.049  |
|   10  | 0.958  | 2.827  | 4.288  | 1.644  | 0.971  |
|   11  | 0.780  | 2.453  | 3.964  | 1.507  | 0.913  |
|   12  | 0.650  | 2.307  | 3.720  | 1.397  | 0.851  |
|   13  | 0.585  | 2.209  | 3.493  | 1.296  | 0.796  |
|   14  | 0.569  | 2.014  | 3.233  | 1.220  | 0.748  |
|   15  | 0.487  | 1.933  | 3.070  | 1.161  | 0.710  |
|   16  | 0.455  | 1.836  | 3.038  | 1.114  | 0.685  |
|   17  | 0.406  | 1.738  | 2.843  | 1.050  | 0.653  |
|   18  | 0.406  | 1.657  | 2.615  | 1.013  | 0.627  |
|   19  | 0.390  | 1.592  | 2.550  | 0.983  | 0.610  |
|   20  | 0.390  | 1.527  | 2.567  | 0.961  | 0.598  |
|   21  | 0.390  | 1.413  | 2.437  | 0.938  | 0.584  |
|   22  | 0.374  | 1.348  | 2.388  | 0.912  | 0.568  |
|   23  | 0.341  | 1.316  | 2.355  | 0.886  | 0.552  |
|   24  | 0.341  | 1.300  | 2.355  | 0.878  | 0.546  |
|   25  | 0.325  | 1.218  | 2.323  | 0.853  | 0.531  |
|   26  | 0.309  | 1.137  | 2.258  | 0.828  | 0.514  |
|   27  | 0.309  | 1.153  | 2.193  | 0.818  | 0.509  |
|   28  | 0.325  | 1.137  | 2.193  | 0.823  | 0.508  |
|   29  | 0.292  | 1.137  | 2.193  | 0.802  | 0.501  |
+-------+--------+--------+--------+--------+--------+
     logs:  {'epo': 29, 'R1': 0.292, 'R5': 1.137, 'R10': 2.193, 'mAP': 0.802, 'mINP': 0.501, 'entropy': 0.3323859956703688, 'loss': 2.097762860749897, 'lr': 0.0004936618126202584}
### best epoch 0 : {'epo': '0', 'R1': '63.125', 'R5': '83.22', 'R10': '89.392', 'mAP': '57.556', 'mINP': '41.627', 'entropy': '0.7418918578248275', 'loss': '2.284471223228856', 'lr': '0.00047871007909539606'}
### Time 0:15:13
