/home/jiahao/miniconda3/envs/irra/lib/python3.9/site-packages/torch/nn/functional.py:3609: UserWarning: Default upsampling behavior when mode=bilinear is changed to align_corners=False since 0.4.0. Please specify align_corners=True if the old behavior is desired. See the documentation of nn.Upsample for details.
  warnings.warn(
Not using distributed mode
### Hyper-parameters:
     output_dir: output_rerun2/ham_cuhk_tta/exp4/exp4.4.1/2025091405043
     seed: 42
     device: cuda
     batch_size_tta: 32
     epochs: 20
     lr: 5e-05
### Creating test dataset
     test_txt_set: 6156    test_img_set: 3074
     test_txt_loader: 13    test_img_loader: 7
### Creating model
Training Model with ['sdm', 'id', 'mlm'] tasks
Resized position embedding from size:torch.Size([1, 197, 768]) to size: torch.Size([1, 193, 768]) with height:24 width: 8
     Total Params Sum:  194535419
### Zero-Shot Score: 
+-------+--------+--------+--------+--------+--------+
| epoch |   R1   |   R5   |  R10   |  mAP   |  mINP  |
+-------+--------+--------+--------+--------+--------+
|  -999 | 70.598 | 86.891 | 91.780 | 63.391 | 47.063 |
+-------+--------+--------+--------+--------+--------+
### TTA:
### Compute Cos Similarity Uncertainty
     preprocess_tta_coefficients  start
     sample selection ...
     number of sample after sample_selection: 6156
     uncertainty ...
     pos/neg sampling ...
      number of sample after pos/neg sampling: torch.Size([6156, 4])
     preprocess_tta_coefficients  end
### Creating TTA dataset
     tta_dataset: 6156
### Creating tta dataloader
### be careful: func create_loader returns a list length of 1
     tta_loader: 192
### Configure adapted weights
     TTA Dropout Modules: 
 []
     TTA Require Gradient Params: 
 [('base_model.transformer.resblocks.1.ln_1.weight', torch.Size([512])), ('base_model.transformer.resblocks.1.ln_1.bias', torch.Size([512])), ('base_model.transformer.resblocks.1.ln_2.weight', torch.Size([512])), ('base_model.transformer.resblocks.1.ln_2.bias', torch.Size([512])), ('base_model.transformer.resblocks.2.ln_1.weight', torch.Size([512])), ('base_model.transformer.resblocks.2.ln_1.bias', torch.Size([512])), ('base_model.transformer.resblocks.2.ln_2.weight', torch.Size([512])), ('base_model.transformer.resblocks.2.ln_2.bias', torch.Size([512])), ('base_model.transformer.resblocks.3.ln_1.weight', torch.Size([512])), ('base_model.transformer.resblocks.3.ln_1.bias', torch.Size([512])), ('base_model.transformer.resblocks.3.ln_2.weight', torch.Size([512])), ('base_model.transformer.resblocks.3.ln_2.bias', torch.Size([512])), ('base_model.transformer.resblocks.4.ln_1.weight', torch.Size([512])), ('base_model.transformer.resblocks.4.ln_1.bias', torch.Size([512])), ('base_model.transformer.resblocks.4.ln_2.weight', torch.Size([512])), ('base_model.transformer.resblocks.4.ln_2.bias', torch.Size([512])), ('base_model.transformer.resblocks.5.ln_1.weight', torch.Size([512])), ('base_model.transformer.resblocks.5.ln_1.bias', torch.Size([512])), ('base_model.transformer.resblocks.5.ln_2.weight', torch.Size([512])), ('base_model.transformer.resblocks.5.ln_2.bias', torch.Size([512])), ('base_model.transformer.resblocks.7.ln_1.weight', torch.Size([512])), ('base_model.transformer.resblocks.7.ln_1.bias', torch.Size([512])), ('base_model.transformer.resblocks.7.ln_2.weight', torch.Size([512])), ('base_model.transformer.resblocks.7.ln_2.bias', torch.Size([512])), ('base_model.transformer.resblocks.8.ln_1.weight', torch.Size([512])), ('base_model.transformer.resblocks.8.ln_1.bias', torch.Size([512])), ('base_model.transformer.resblocks.8.ln_2.weight', torch.Size([512])), ('base_model.transformer.resblocks.8.ln_2.bias', torch.Size([512])), ('base_model.transformer.resblocks.9.ln_1.weight', torch.Size([512])), ('base_model.transformer.resblocks.9.ln_1.bias', torch.Size([512])), ('base_model.transformer.resblocks.9.ln_2.weight', torch.Size([512])), ('base_model.transformer.resblocks.9.ln_2.bias', torch.Size([512])), ('base_model.transformer.resblocks.10.ln_1.weight', torch.Size([512])), ('base_model.transformer.resblocks.10.ln_1.bias', torch.Size([512])), ('base_model.transformer.resblocks.10.ln_2.weight', torch.Size([512])), ('base_model.transformer.resblocks.10.ln_2.bias', torch.Size([512])), ('base_model.transformer.resblocks.11.ln_1.weight', torch.Size([512])), ('base_model.transformer.resblocks.11.ln_1.bias', torch.Size([512])), ('base_model.transformer.resblocks.11.ln_2.weight', torch.Size([512])), ('base_model.transformer.resblocks.11.ln_2.bias', torch.Size([512])), ('base_model.ln_final.weight', torch.Size([512])), ('base_model.ln_final.bias', torch.Size([512]))]
     TTA Dropout Modules Number: 
 0
     TTA Require Gradient Params Sum: 
 21504
Using 5.0 times learning rate for random init module 
### Start Test Time Adaptation : num_epoch = 20
     Epoch[0] Iteration[10/192], entropy: 0.4003, uncertainty: 2.0220, uncertainty_coeffi: 0.0010, loss: 0.1748, lr: 3.75e-05
     Epoch[0] Iteration[20/192], entropy: 0.1670, uncertainty: 1.7719, uncertainty_coeffi: 0.0010, loss: 0.0801, lr: 0.00e+00
     Epoch[0] Iteration[30/192], entropy: 0.2554, uncertainty: 1.9600, uncertainty_coeffi: 0.0010, loss: 0.1133, lr: 3.75e-05
     Epoch[0] Iteration[40/192], entropy: 0.2566, uncertainty: 1.9297, uncertainty_coeffi: 0.0010, loss: 0.1184, lr: 3.75e-05
     Epoch[0] Iteration[50/192], entropy: 0.4360, uncertainty: 2.0713, uncertainty_coeffi: 0.0010, loss: 0.1878, lr: 0.00e+00
     Epoch[0] Iteration[60/192], entropy: 0.1846, uncertainty: 1.8693, uncertainty_coeffi: 0.0010, loss: 0.0869, lr: 3.75e-05
     Epoch[0] Iteration[70/192], entropy: 0.3236, uncertainty: 1.8766, uncertainty_coeffi: 0.0010, loss: 0.1442, lr: 3.75e-05
     Epoch[0] Iteration[80/192], entropy: 0.2552, uncertainty: 1.8884, uncertainty_coeffi: 0.0010, loss: 0.1137, lr: 0.00e+00
     Epoch[0] Iteration[90/192], entropy: 0.3090, uncertainty: 1.9031, uncertainty_coeffi: 0.0010, loss: 0.1356, lr: 3.75e-05
     Epoch[0] Iteration[100/192], entropy: 0.3005, uncertainty: 1.8900, uncertainty_coeffi: 0.0010, loss: 0.1346, lr: 3.75e-05
     Epoch[0] Iteration[110/192], entropy: 0.2961, uncertainty: 1.8718, uncertainty_coeffi: 0.0010, loss: 0.1320, lr: 0.00e+00
     Epoch[0] Iteration[120/192], entropy: 0.2586, uncertainty: 1.8961, uncertainty_coeffi: 0.0010, loss: 0.1154, lr: 3.75e-05
     Epoch[0] Iteration[130/192], entropy: 0.2734, uncertainty: 1.8412, uncertainty_coeffi: 0.0010, loss: 0.1235, lr: 3.75e-05
     Epoch[0] Iteration[140/192], entropy: 0.2343, uncertainty: 1.8441, uncertainty_coeffi: 0.0010, loss: 0.1061, lr: 0.00e+00
     Epoch[0] Iteration[150/192], entropy: 0.3260, uncertainty: 1.9809, uncertainty_coeffi: 0.0010, loss: 0.1510, lr: 3.75e-05
     Epoch[0] Iteration[160/192], entropy: 0.2934, uncertainty: 1.9152, uncertainty_coeffi: 0.0010, loss: 0.1316, lr: 3.75e-05
     Epoch[0] Iteration[170/192], entropy: 0.3126, uncertainty: 1.9351, uncertainty_coeffi: 0.0010, loss: 0.1349, lr: 0.00e+00
     Epoch[0] Iteration[180/192], entropy: 0.1868, uncertainty: 1.8413, uncertainty_coeffi: 0.0010, loss: 0.0885, lr: 3.75e-05
     Epoch[0] Iteration[190/192], entropy: 0.2242, uncertainty: 1.8394, uncertainty_coeffi: 0.0010, loss: 0.1013, lr: 3.75e-05
     Averaged stats: entropy_avg: 0.2786, uncertainty_avg: 1.9025, uncertainty_coeffi_avg: 0.0010, loss_avg: 0.1249, lr_avg: 2.57e-05
     itm tta time 0:00:36
### TTA Eval Score: 
+-------+--------+--------+--------+--------+--------+
| epoch |   R1   |   R5   |  R10   |  mAP   |  mINP  |
+-------+--------+--------+--------+--------+--------+
|  -999 | 70.598 | 86.891 | 91.780 | 63.391 | 47.063 |
|   0   | 70.614 | 86.972 | 91.813 | 63.420 | 47.127 |
+-------+--------+--------+--------+--------+--------+
     logs:  {'epo': 0, 'R1': 70.614, 'R5': 86.972, 'R10': 91.813, 'mAP': 63.42, 'mINP': 47.127, 'entropy': 0.2786059254094174, 'uncertainty': 1.9024949073791504, 'uncertainty_coeffi': 0.0010000000474974513, 'loss': 0.12492521185623973, 'lr': 2.5657894736842107e-05}
     Epoch[1] Iteration[10/192], entropy: 0.3768, uncertainty: 1.9520, uncertainty_coeffi: 0.0010, loss: 0.1639, lr: 2.16e-06
     Epoch[1] Iteration[20/192], entropy: 0.2280, uncertainty: 1.7925, uncertainty_coeffi: 0.0010, loss: 0.1029, lr: 4.52e-05
     Epoch[1] Iteration[30/192], entropy: 0.2767, uncertainty: 1.9394, uncertainty_coeffi: 0.0010, loss: 0.1218, lr: 2.76e-05
     Epoch[1] Iteration[40/192], entropy: 0.2181, uncertainty: 1.8334, uncertainty_coeffi: 0.0010, loss: 0.0990, lr: 2.16e-06
     Epoch[1] Iteration[50/192], entropy: 0.2939, uncertainty: 1.9118, uncertainty_coeffi: 0.0010, loss: 0.1271, lr: 4.52e-05
     Epoch[1] Iteration[60/192], entropy: 0.3951, uncertainty: 2.0067, uncertainty_coeffi: 0.0010, loss: 0.1741, lr: 2.76e-05
     Epoch[1] Iteration[70/192], entropy: 0.1581, uncertainty: 1.7764, uncertainty_coeffi: 0.0010, loss: 0.0749, lr: 2.16e-06
     Epoch[1] Iteration[80/192], entropy: 0.2399, uncertainty: 1.9253, uncertainty_coeffi: 0.0010, loss: 0.1110, lr: 4.52e-05
     Epoch[1] Iteration[90/192], entropy: 0.3011, uncertainty: 1.8964, uncertainty_coeffi: 0.0010, loss: 0.1373, lr: 2.76e-05
     Epoch[1] Iteration[100/192], entropy: 0.3777, uncertainty: 1.9688, uncertainty_coeffi: 0.0010, loss: 0.1693, lr: 2.16e-06
     Epoch[1] Iteration[110/192], entropy: 0.2518, uncertainty: 1.8406, uncertainty_coeffi: 0.0010, loss: 0.1133, lr: 4.52e-05
     Epoch[1] Iteration[120/192], entropy: 0.2949, uncertainty: 2.0160, uncertainty_coeffi: 0.0010, loss: 0.1277, lr: 2.76e-05
     Epoch[1] Iteration[130/192], entropy: 0.2950, uncertainty: 1.8446, uncertainty_coeffi: 0.0010, loss: 0.1313, lr: 2.16e-06
     Epoch[1] Iteration[140/192], entropy: 0.3674, uncertainty: 1.9675, uncertainty_coeffi: 0.0010, loss: 0.1630, lr: 4.52e-05
     Epoch[1] Iteration[150/192], entropy: 0.3592, uncertainty: 1.9773, uncertainty_coeffi: 0.0010, loss: 0.1621, lr: 2.76e-05
     Epoch[1] Iteration[160/192], entropy: 0.2440, uncertainty: 1.8645, uncertainty_coeffi: 0.0010, loss: 0.1131, lr: 2.16e-06
     Epoch[1] Iteration[170/192], entropy: 0.3119, uncertainty: 1.9819, uncertainty_coeffi: 0.0010, loss: 0.1391, lr: 4.52e-05
     Epoch[1] Iteration[180/192], entropy: 0.2485, uncertainty: 1.8197, uncertainty_coeffi: 0.0010, loss: 0.1107, lr: 2.76e-05
     Epoch[1] Iteration[190/192], entropy: 0.2064, uncertainty: 1.9048, uncertainty_coeffi: 0.0010, loss: 0.0964, lr: 2.16e-06
     Averaged stats: entropy_avg: 0.2865, uncertainty_avg: 1.9063, uncertainty_coeffi_avg: 0.0010, loss_avg: 0.1283, lr_avg: 2.38e-05
     itm tta time 0:00:37
### TTA Eval Score: 
+-------+--------+--------+--------+--------+--------+
| epoch |   R1   |   R5   |  R10   |  mAP   |  mINP  |
+-------+--------+--------+--------+--------+--------+
|  -999 | 70.598 | 86.891 | 91.780 | 63.391 | 47.063 |
|   0   | 70.614 | 86.972 | 91.813 | 63.420 | 47.127 |
|   1   | 70.712 | 86.875 | 91.878 | 63.444 | 47.165 |
+-------+--------+--------+--------+--------+--------+
     logs:  {'epo': 1, 'R1': 70.712, 'R5': 86.875, 'R10': 91.878, 'mAP': 63.444, 'mINP': 47.165, 'entropy': 0.2865498677680367, 'uncertainty': 1.906296033608286, 'uncertainty_coeffi': 0.0010000000474974513, 'loss': 0.12831835840877734, 'lr': 2.3797966503101865e-05}
     Epoch[2] Iteration[10/192], entropy: 0.2821, uncertainty: 1.9125, uncertainty_coeffi: 0.0010, loss: 0.1290, lr: 4.95e-05
     Epoch[2] Iteration[20/192], entropy: 0.2886, uncertainty: 1.9423, uncertainty_coeffi: 0.0010, loss: 0.1307, lr: 1.73e-05
     Epoch[2] Iteration[30/192], entropy: 0.1385, uncertainty: 1.8537, uncertainty_coeffi: 0.0010, loss: 0.0677, lr: 8.27e-06
     Epoch[2] Iteration[40/192], entropy: 0.2528, uncertainty: 1.8763, uncertainty_coeffi: 0.0010, loss: 0.1178, lr: 4.95e-05
     Epoch[2] Iteration[50/192], entropy: 0.2028, uncertainty: 1.8684, uncertainty_coeffi: 0.0010, loss: 0.0944, lr: 1.73e-05
     Epoch[2] Iteration[60/192], entropy: 0.3040, uncertainty: 1.9390, uncertainty_coeffi: 0.0010, loss: 0.1378, lr: 8.27e-06
     Epoch[2] Iteration[70/192], entropy: 0.1071, uncertainty: 1.6947, uncertainty_coeffi: 0.0010, loss: 0.0548, lr: 4.95e-05
     Epoch[2] Iteration[80/192], entropy: 0.2827, uncertainty: 1.8368, uncertainty_coeffi: 0.0010, loss: 0.1242, lr: 1.73e-05
     Epoch[2] Iteration[90/192], entropy: 0.2652, uncertainty: 1.9103, uncertainty_coeffi: 0.0010, loss: 0.1206, lr: 8.27e-06
     Epoch[2] Iteration[100/192], entropy: 0.2415, uncertainty: 1.8460, uncertainty_coeffi: 0.0010, loss: 0.1114, lr: 4.95e-05
     Epoch[2] Iteration[110/192], entropy: 0.2466, uncertainty: 1.8592, uncertainty_coeffi: 0.0010, loss: 0.1118, lr: 1.73e-05
     Epoch[2] Iteration[120/192], entropy: 0.2560, uncertainty: 1.9087, uncertainty_coeffi: 0.0010, loss: 0.1194, lr: 8.27e-06
     Epoch[2] Iteration[130/192], entropy: 0.2260, uncertainty: 1.8645, uncertainty_coeffi: 0.0010, loss: 0.1097, lr: 4.95e-05
     Epoch[2] Iteration[140/192], entropy: 0.2008, uncertainty: 1.8386, uncertainty_coeffi: 0.0010, loss: 0.0923, lr: 1.73e-05
     Epoch[2] Iteration[150/192], entropy: 0.2191, uncertainty: 1.9058, uncertainty_coeffi: 0.0010, loss: 0.0995, lr: 8.27e-06
     Epoch[2] Iteration[160/192], entropy: 0.2261, uncertainty: 1.9421, uncertainty_coeffi: 0.0010, loss: 0.1046, lr: 4.95e-05
     Epoch[2] Iteration[170/192], entropy: 0.3178, uncertainty: 1.8597, uncertainty_coeffi: 0.0010, loss: 0.1410, lr: 1.73e-05
     Epoch[2] Iteration[180/192], entropy: 0.2110, uncertainty: 1.8773, uncertainty_coeffi: 0.0010, loss: 0.0979, lr: 8.27e-06
     Epoch[2] Iteration[190/192], entropy: 0.1974, uncertainty: 1.8587, uncertainty_coeffi: 0.0010, loss: 0.0959, lr: 4.95e-05
     Averaged stats: entropy_avg: 0.2351, uncertainty_avg: 1.8734, uncertainty_coeffi_avg: 0.0010, loss_avg: 0.1084, lr_avg: 2.63e-05
     itm tta time 0:00:37
### TTA Eval Score: 
+-------+--------+--------+--------+--------+--------+
| epoch |   R1   |   R5   |  R10   |  mAP   |  mINP  |
+-------+--------+--------+--------+--------+--------+
|  -999 | 70.598 | 86.891 | 91.780 | 63.391 | 47.063 |
|   0   | 70.614 | 86.972 | 91.813 | 63.420 | 47.127 |
|   1   | 70.712 | 86.875 | 91.878 | 63.444 | 47.165 |
|   2   | 70.712 | 86.891 | 91.829 | 63.430 | 47.163 |
+-------+--------+--------+--------+--------+--------+
     logs:  {'epo': 2, 'R1': 70.712, 'R5': 86.891, 'R10': 91.829, 'mAP': 63.43, 'mINP': 47.163, 'entropy': 0.2350669965932244, 'uncertainty': 1.8733998223354942, 'uncertainty_coeffi': 0.0010000000474974513, 'loss': 0.1084392527608495, 'lr': 2.6287036316754933e-05}
     Epoch[3] Iteration[10/192], entropy: 0.2326, uncertainty: 1.8964, uncertainty_coeffi: 0.0010, loss: 0.1100, lr: 8.27e-06
     Epoch[3] Iteration[20/192], entropy: 0.2496, uncertainty: 1.8728, uncertainty_coeffi: 0.0010, loss: 0.1136, lr: 1.73e-05
     Epoch[3] Iteration[30/192], entropy: 0.1541, uncertainty: 1.7135, uncertainty_coeffi: 0.0010, loss: 0.0726, lr: 4.95e-05
     Epoch[3] Iteration[40/192], entropy: 0.1846, uncertainty: 1.8329, uncertainty_coeffi: 0.0010, loss: 0.0826, lr: 8.27e-06
     Epoch[3] Iteration[50/192], entropy: 0.2665, uncertainty: 1.9548, uncertainty_coeffi: 0.0010, loss: 0.1202, lr: 1.73e-05
     Epoch[3] Iteration[60/192], entropy: 0.3499, uncertainty: 1.9544, uncertainty_coeffi: 0.0010, loss: 0.1523, lr: 4.95e-05
     Epoch[3] Iteration[70/192], entropy: 0.2883, uncertainty: 1.9761, uncertainty_coeffi: 0.0010, loss: 0.1275, lr: 8.27e-06
     Epoch[3] Iteration[80/192], entropy: 0.2503, uncertainty: 1.9271, uncertainty_coeffi: 0.0010, loss: 0.1118, lr: 1.73e-05
     Epoch[3] Iteration[90/192], entropy: 0.2567, uncertainty: 1.9123, uncertainty_coeffi: 0.0010, loss: 0.1167, lr: 4.95e-05
     Epoch[3] Iteration[100/192], entropy: 0.1380, uncertainty: 1.8284, uncertainty_coeffi: 0.0010, loss: 0.0662, lr: 8.27e-06
     Epoch[3] Iteration[110/192], entropy: 0.1624, uncertainty: 1.7496, uncertainty_coeffi: 0.0010, loss: 0.0761, lr: 1.73e-05
     Epoch[3] Iteration[120/192], entropy: 0.2758, uncertainty: 1.9605, uncertainty_coeffi: 0.0010, loss: 0.1254, lr: 4.95e-05
     Epoch[3] Iteration[130/192], entropy: 0.2802, uncertainty: 1.9441, uncertainty_coeffi: 0.0010, loss: 0.1232, lr: 8.27e-06
     Epoch[3] Iteration[140/192], entropy: 0.2441, uncertainty: 1.7230, uncertainty_coeffi: 0.0010, loss: 0.1062, lr: 1.73e-05
     Epoch[3] Iteration[150/192], entropy: 0.2523, uncertainty: 1.8246, uncertainty_coeffi: 0.0010, loss: 0.1212, lr: 4.95e-05
     Epoch[3] Iteration[160/192], entropy: 0.1293, uncertainty: 1.7262, uncertainty_coeffi: 0.0010, loss: 0.0624, lr: 8.27e-06
     Epoch[3] Iteration[170/192], entropy: 0.3547, uncertainty: 2.0447, uncertainty_coeffi: 0.0010, loss: 0.1571, lr: 1.73e-05
     Epoch[3] Iteration[180/192], entropy: 0.2474, uncertainty: 1.8846, uncertainty_coeffi: 0.0010, loss: 0.1095, lr: 4.95e-05
     Epoch[3] Iteration[190/192], entropy: 0.3238, uncertainty: 1.9620, uncertainty_coeffi: 0.0010, loss: 0.1430, lr: 8.27e-06
     Averaged stats: entropy_avg: 0.2442, uncertainty_avg: 1.8783, uncertainty_coeffi_avg: 0.0010, loss_avg: 0.1104, lr_avg: 2.41e-05
     itm tta time 0:00:37
     Epoch[4] Iteration[10/192], entropy: 0.2041, uncertainty: 1.7968, uncertainty_coeffi: 0.0010, loss: 0.0938, lr: 2.76e-05
     Epoch[4] Iteration[20/192], entropy: 0.3083, uncertainty: 1.9422, uncertainty_coeffi: 0.0010, loss: 0.1369, lr: 4.52e-05
     Epoch[4] Iteration[30/192], entropy: 0.2712, uncertainty: 1.8302, uncertainty_coeffi: 0.0010, loss: 0.1217, lr: 2.16e-06
     Epoch[4] Iteration[40/192], entropy: 0.2219, uncertainty: 1.8251, uncertainty_coeffi: 0.0010, loss: 0.1037, lr: 2.76e-05
     Epoch[4] Iteration[50/192], entropy: 0.1834, uncertainty: 1.7541, uncertainty_coeffi: 0.0010, loss: 0.0811, lr: 4.52e-05
     Epoch[4] Iteration[60/192], entropy: 0.2619, uncertainty: 1.9641, uncertainty_coeffi: 0.0010, loss: 0.1187, lr: 2.16e-06
     Epoch[4] Iteration[70/192], entropy: 0.1680, uncertainty: 1.8082, uncertainty_coeffi: 0.0010, loss: 0.0804, lr: 2.76e-05
     Epoch[4] Iteration[80/192], entropy: 0.3335, uncertainty: 1.8920, uncertainty_coeffi: 0.0010, loss: 0.1467, lr: 4.52e-05
     Epoch[4] Iteration[90/192], entropy: 0.2557, uncertainty: 1.8204, uncertainty_coeffi: 0.0010, loss: 0.1203, lr: 2.16e-06
     Epoch[4] Iteration[100/192], entropy: 0.3008, uncertainty: 1.8921, uncertainty_coeffi: 0.0010, loss: 0.1354, lr: 2.76e-05
     Epoch[4] Iteration[110/192], entropy: 0.2610, uncertainty: 1.8846, uncertainty_coeffi: 0.0010, loss: 0.1206, lr: 4.52e-05
     Epoch[4] Iteration[120/192], entropy: 0.2711, uncertainty: 1.8739, uncertainty_coeffi: 0.0010, loss: 0.1252, lr: 2.16e-06
     Epoch[4] Iteration[130/192], entropy: 0.2296, uncertainty: 1.8043, uncertainty_coeffi: 0.0010, loss: 0.1028, lr: 2.76e-05
     Epoch[4] Iteration[140/192], entropy: 0.1932, uncertainty: 1.8389, uncertainty_coeffi: 0.0010, loss: 0.0889, lr: 4.52e-05
     Epoch[4] Iteration[150/192], entropy: 0.3175, uncertainty: 1.8775, uncertainty_coeffi: 0.0010, loss: 0.1390, lr: 2.16e-06
     Epoch[4] Iteration[160/192], entropy: 0.2363, uncertainty: 1.8245, uncertainty_coeffi: 0.0010, loss: 0.1045, lr: 2.76e-05
     Epoch[4] Iteration[170/192], entropy: 0.2312, uncertainty: 1.9378, uncertainty_coeffi: 0.0010, loss: 0.1077, lr: 4.52e-05
     Epoch[4] Iteration[180/192], entropy: 0.2715, uncertainty: 1.8929, uncertainty_coeffi: 0.0010, loss: 0.1211, lr: 2.16e-06
     Epoch[4] Iteration[190/192], entropy: 0.2861, uncertainty: 2.0106, uncertainty_coeffi: 0.0010, loss: 0.1272, lr: 2.76e-05
     Averaged stats: entropy_avg: 0.2530, uncertainty_avg: 1.8668, uncertainty_coeffi_avg: 0.0010, loss_avg: 0.1145, lr_avg: 2.51e-05
     itm tta time 0:00:37
### TTA Eval Score: 
+-------+--------+--------+--------+--------+--------+
| epoch |   R1   |   R5   |  R10   |  mAP   |  mINP  |
+-------+--------+--------+--------+--------+--------+
|  -999 | 70.598 | 86.891 | 91.780 | 63.391 | 47.063 |
|   0   | 70.614 | 86.972 | 91.813 | 63.420 | 47.127 |
|   1   | 70.712 | 86.875 | 91.878 | 63.444 | 47.165 |
|   2   | 70.712 | 86.891 | 91.829 | 63.430 | 47.163 |
|   4   | 70.793 | 86.907 | 91.894 | 63.437 | 47.159 |
+-------+--------+--------+--------+--------+--------+
     logs:  {'epo': 4, 'R1': 70.793, 'R5': 86.907, 'R10': 91.894, 'mAP': 63.437, 'mINP': 47.159, 'entropy': 0.2529644997496354, 'uncertainty': 1.86684334905524, 'uncertainty_coeffi': 0.0010000000474974513, 'loss': 0.11450961467466857, 'lr': 2.5137537451667857e-05}
     Epoch[5] Iteration[10/192], entropy: 0.2437, uncertainty: 1.9325, uncertainty_coeffi: 0.0010, loss: 0.1056, lr: 3.75e-05
     Epoch[5] Iteration[20/192], entropy: 0.1924, uncertainty: 1.7885, uncertainty_coeffi: 0.0010, loss: 0.0895, lr: 0.00e+00
     Epoch[5] Iteration[30/192], entropy: 0.2429, uncertainty: 1.8917, uncertainty_coeffi: 0.0010, loss: 0.1088, lr: 3.75e-05
     Epoch[5] Iteration[40/192], entropy: 0.2102, uncertainty: 1.8403, uncertainty_coeffi: 0.0010, loss: 0.0920, lr: 3.75e-05
     Epoch[5] Iteration[50/192], entropy: 0.3338, uncertainty: 1.9837, uncertainty_coeffi: 0.0010, loss: 0.1466, lr: 0.00e+00
     Epoch[5] Iteration[60/192], entropy: 0.2197, uncertainty: 1.8855, uncertainty_coeffi: 0.0010, loss: 0.1020, lr: 3.75e-05
     Epoch[5] Iteration[70/192], entropy: 0.2410, uncertainty: 1.8652, uncertainty_coeffi: 0.0010, loss: 0.1092, lr: 3.75e-05
     Epoch[5] Iteration[80/192], entropy: 0.2698, uncertainty: 1.9306, uncertainty_coeffi: 0.0010, loss: 0.1242, lr: 0.00e+00
     Epoch[5] Iteration[90/192], entropy: 0.2456, uncertainty: 1.8854, uncertainty_coeffi: 0.0010, loss: 0.1148, lr: 3.75e-05
     Epoch[5] Iteration[100/192], entropy: 0.2229, uncertainty: 1.8266, uncertainty_coeffi: 0.0010, loss: 0.1022, lr: 3.75e-05
     Epoch[5] Iteration[110/192], entropy: 0.2496, uncertainty: 1.9021, uncertainty_coeffi: 0.0010, loss: 0.1103, lr: 0.00e+00
     Epoch[5] Iteration[120/192], entropy: 0.2423, uncertainty: 1.8719, uncertainty_coeffi: 0.0010, loss: 0.1094, lr: 3.75e-05
     Epoch[5] Iteration[130/192], entropy: 0.1962, uncertainty: 1.8940, uncertainty_coeffi: 0.0010, loss: 0.0895, lr: 3.75e-05
     Epoch[5] Iteration[140/192], entropy: 0.2441, uncertainty: 1.8931, uncertainty_coeffi: 0.0010, loss: 0.1061, lr: 0.00e+00
     Epoch[5] Iteration[150/192], entropy: 0.2827, uncertainty: 1.8905, uncertainty_coeffi: 0.0010, loss: 0.1286, lr: 3.75e-05
     Epoch[5] Iteration[160/192], entropy: 0.2090, uncertainty: 1.7837, uncertainty_coeffi: 0.0010, loss: 0.0955, lr: 3.75e-05
     Epoch[5] Iteration[170/192], entropy: 0.2788, uncertainty: 1.9167, uncertainty_coeffi: 0.0010, loss: 0.1276, lr: 0.00e+00
     Epoch[5] Iteration[180/192], entropy: 0.2757, uncertainty: 1.9274, uncertainty_coeffi: 0.0010, loss: 0.1243, lr: 3.75e-05
     Epoch[5] Iteration[190/192], entropy: 0.1944, uncertainty: 1.8078, uncertainty_coeffi: 0.0010, loss: 0.0902, lr: 3.75e-05
     Averaged stats: entropy_avg: 0.2418, uncertainty_avg: 1.8799, uncertainty_coeffi_avg: 0.0010, loss_avg: 0.1093, lr_avg: 2.57e-05
     itm tta time 0:00:37
     Epoch[6] Iteration[10/192], entropy: 0.3082, uncertainty: 1.8808, uncertainty_coeffi: 0.0010, loss: 0.1371, lr: 2.16e-06
     Epoch[6] Iteration[20/192], entropy: 0.1909, uncertainty: 1.8285, uncertainty_coeffi: 0.0010, loss: 0.0895, lr: 4.52e-05
     Epoch[6] Iteration[30/192], entropy: 0.2260, uncertainty: 1.9385, uncertainty_coeffi: 0.0010, loss: 0.1012, lr: 2.76e-05
     Epoch[6] Iteration[40/192], entropy: 0.1401, uncertainty: 1.7773, uncertainty_coeffi: 0.0010, loss: 0.0666, lr: 2.16e-06
     Epoch[6] Iteration[50/192], entropy: 0.3293, uncertainty: 1.9700, uncertainty_coeffi: 0.0010, loss: 0.1450, lr: 4.52e-05
     Epoch[6] Iteration[60/192], entropy: 0.3210, uncertainty: 1.8941, uncertainty_coeffi: 0.0010, loss: 0.1423, lr: 2.76e-05
     Epoch[6] Iteration[70/192], entropy: 0.2275, uncertainty: 1.8887, uncertainty_coeffi: 0.0010, loss: 0.1065, lr: 2.16e-06
     Epoch[6] Iteration[80/192], entropy: 0.2815, uncertainty: 1.8617, uncertainty_coeffi: 0.0010, loss: 0.1319, lr: 4.52e-05
     Epoch[6] Iteration[90/192], entropy: 0.1479, uncertainty: 1.7308, uncertainty_coeffi: 0.0010, loss: 0.0716, lr: 2.76e-05
     Epoch[6] Iteration[100/192], entropy: 0.3793, uncertainty: 1.9630, uncertainty_coeffi: 0.0010, loss: 0.1675, lr: 2.16e-06
     Epoch[6] Iteration[110/192], entropy: 0.2937, uncertainty: 2.0017, uncertainty_coeffi: 0.0010, loss: 0.1298, lr: 4.52e-05
     Epoch[6] Iteration[120/192], entropy: 0.1976, uncertainty: 1.8585, uncertainty_coeffi: 0.0010, loss: 0.0883, lr: 2.76e-05
     Epoch[6] Iteration[130/192], entropy: 0.1636, uncertainty: 1.8739, uncertainty_coeffi: 0.0010, loss: 0.0782, lr: 2.16e-06
     Epoch[6] Iteration[140/192], entropy: 0.2591, uncertainty: 1.9073, uncertainty_coeffi: 0.0010, loss: 0.1163, lr: 4.52e-05
     Epoch[6] Iteration[150/192], entropy: 0.2852, uncertainty: 1.9621, uncertainty_coeffi: 0.0010, loss: 0.1288, lr: 2.76e-05
     Epoch[6] Iteration[160/192], entropy: 0.3187, uncertainty: 1.9162, uncertainty_coeffi: 0.0010, loss: 0.1437, lr: 2.16e-06
     Epoch[6] Iteration[170/192], entropy: 0.2330, uncertainty: 1.7829, uncertainty_coeffi: 0.0010, loss: 0.1033, lr: 4.52e-05
     Epoch[6] Iteration[180/192], entropy: 0.2894, uncertainty: 1.9071, uncertainty_coeffi: 0.0010, loss: 0.1289, lr: 2.76e-05
     Epoch[6] Iteration[190/192], entropy: 0.2812, uncertainty: 1.8974, uncertainty_coeffi: 0.0010, loss: 0.1270, lr: 2.16e-06
     Averaged stats: entropy_avg: 0.2565, uncertainty_avg: 1.8863, uncertainty_coeffi_avg: 0.0010, loss_avg: 0.1160, lr_avg: 2.38e-05
     itm tta time 0:00:37
     Epoch[7] Iteration[10/192], entropy: 0.3015, uncertainty: 1.9208, uncertainty_coeffi: 0.0010, loss: 0.1290, lr: 4.95e-05
     Epoch[7] Iteration[20/192], entropy: 0.2754, uncertainty: 1.9284, uncertainty_coeffi: 0.0010, loss: 0.1229, lr: 1.73e-05
     Epoch[7] Iteration[30/192], entropy: 0.2452, uncertainty: 1.8279, uncertainty_coeffi: 0.0010, loss: 0.1086, lr: 8.27e-06
     Epoch[7] Iteration[40/192], entropy: 0.2959, uncertainty: 1.9032, uncertainty_coeffi: 0.0010, loss: 0.1325, lr: 4.95e-05
     Epoch[7] Iteration[50/192], entropy: 0.2518, uncertainty: 1.9013, uncertainty_coeffi: 0.0010, loss: 0.1208, lr: 1.73e-05
     Epoch[7] Iteration[60/192], entropy: 0.1987, uncertainty: 1.8565, uncertainty_coeffi: 0.0010, loss: 0.0890, lr: 8.27e-06
     Epoch[7] Iteration[70/192], entropy: 0.3223, uncertainty: 1.9517, uncertainty_coeffi: 0.0010, loss: 0.1388, lr: 4.95e-05
     Epoch[7] Iteration[80/192], entropy: 0.2473, uncertainty: 1.9634, uncertainty_coeffi: 0.0010, loss: 0.1102, lr: 1.73e-05
     Epoch[7] Iteration[90/192], entropy: 0.4176, uncertainty: 2.0333, uncertainty_coeffi: 0.0010, loss: 0.1804, lr: 8.27e-06
     Epoch[7] Iteration[100/192], entropy: 0.2981, uncertainty: 1.8745, uncertainty_coeffi: 0.0010, loss: 0.1329, lr: 4.95e-05
     Epoch[7] Iteration[110/192], entropy: 0.2189, uncertainty: 1.8844, uncertainty_coeffi: 0.0010, loss: 0.0955, lr: 1.73e-05
     Epoch[7] Iteration[120/192], entropy: 0.2746, uncertainty: 1.8096, uncertainty_coeffi: 0.0010, loss: 0.1204, lr: 8.27e-06
     Epoch[7] Iteration[130/192], entropy: 0.2922, uncertainty: 1.8422, uncertainty_coeffi: 0.0010, loss: 0.1309, lr: 4.95e-05
     Epoch[7] Iteration[140/192], entropy: 0.1946, uncertainty: 1.8567, uncertainty_coeffi: 0.0010, loss: 0.0886, lr: 1.73e-05
     Epoch[7] Iteration[150/192], entropy: 0.3607, uncertainty: 1.9749, uncertainty_coeffi: 0.0010, loss: 0.1540, lr: 8.27e-06
     Epoch[7] Iteration[160/192], entropy: 0.3638, uncertainty: 1.9398, uncertainty_coeffi: 0.0010, loss: 0.1579, lr: 4.95e-05
     Epoch[7] Iteration[170/192], entropy: 0.2594, uncertainty: 1.8561, uncertainty_coeffi: 0.0010, loss: 0.1214, lr: 1.73e-05
     Epoch[7] Iteration[180/192], entropy: 0.1611, uncertainty: 1.8252, uncertainty_coeffi: 0.0010, loss: 0.0740, lr: 8.27e-06
     Epoch[7] Iteration[190/192], entropy: 0.2447, uncertainty: 1.8962, uncertainty_coeffi: 0.0010, loss: 0.1081, lr: 4.95e-05
     Averaged stats: entropy_avg: 0.2749, uncertainty_avg: 1.8972, uncertainty_coeffi_avg: 0.0010, loss_avg: 0.1219, lr_avg: 2.63e-05
     itm tta time 0:00:37
     Epoch[8] Iteration[10/192], entropy: 0.2865, uncertainty: 1.8637, uncertainty_coeffi: 0.0010, loss: 0.1314, lr: 8.27e-06
     Epoch[8] Iteration[20/192], entropy: 0.3023, uncertainty: 1.9623, uncertainty_coeffi: 0.0010, loss: 0.1325, lr: 1.73e-05
     Epoch[8] Iteration[30/192], entropy: 0.1645, uncertainty: 1.7231, uncertainty_coeffi: 0.0010, loss: 0.0725, lr: 4.95e-05
     Epoch[8] Iteration[40/192], entropy: 0.1278, uncertainty: 1.7734, uncertainty_coeffi: 0.0010, loss: 0.0612, lr: 8.27e-06
     Epoch[8] Iteration[50/192], entropy: 0.2789, uncertainty: 1.9451, uncertainty_coeffi: 0.0010, loss: 0.1232, lr: 1.73e-05
     Epoch[8] Iteration[60/192], entropy: 0.2470, uncertainty: 1.8413, uncertainty_coeffi: 0.0010, loss: 0.1111, lr: 4.95e-05
     Epoch[8] Iteration[70/192], entropy: 0.3693, uncertainty: 1.9815, uncertainty_coeffi: 0.0010, loss: 0.1672, lr: 8.27e-06
     Epoch[8] Iteration[80/192], entropy: 0.2303, uncertainty: 1.9320, uncertainty_coeffi: 0.0010, loss: 0.1061, lr: 1.73e-05
     Epoch[8] Iteration[90/192], entropy: 0.2392, uncertainty: 1.8450, uncertainty_coeffi: 0.0010, loss: 0.1082, lr: 4.95e-05
     Epoch[8] Iteration[100/192], entropy: 0.2062, uncertainty: 1.9397, uncertainty_coeffi: 0.0010, loss: 0.0919, lr: 8.27e-06
     Epoch[8] Iteration[110/192], entropy: 0.1904, uncertainty: 1.8862, uncertainty_coeffi: 0.0010, loss: 0.0867, lr: 1.73e-05
     Epoch[8] Iteration[120/192], entropy: 0.2311, uncertainty: 1.8705, uncertainty_coeffi: 0.0010, loss: 0.1058, lr: 4.95e-05
     Epoch[8] Iteration[130/192], entropy: 0.2420, uncertainty: 1.9291, uncertainty_coeffi: 0.0010, loss: 0.1097, lr: 8.27e-06
     Epoch[8] Iteration[140/192], entropy: 0.2404, uncertainty: 1.9292, uncertainty_coeffi: 0.0010, loss: 0.1092, lr: 1.73e-05
     Epoch[8] Iteration[150/192], entropy: 0.2203, uncertainty: 1.9244, uncertainty_coeffi: 0.0010, loss: 0.1016, lr: 4.95e-05
     Epoch[8] Iteration[160/192], entropy: 0.2468, uncertainty: 1.9079, uncertainty_coeffi: 0.0010, loss: 0.1102, lr: 8.27e-06
     Epoch[8] Iteration[170/192], entropy: 0.2707, uncertainty: 1.9268, uncertainty_coeffi: 0.0010, loss: 0.1193, lr: 1.73e-05
     Epoch[8] Iteration[180/192], entropy: 0.2512, uncertainty: 1.9981, uncertainty_coeffi: 0.0010, loss: 0.1116, lr: 4.95e-05
     Epoch[8] Iteration[190/192], entropy: 0.2481, uncertainty: 1.8874, uncertainty_coeffi: 0.0010, loss: 0.1149, lr: 8.27e-06
     Averaged stats: entropy_avg: 0.2417, uncertainty_avg: 1.8982, uncertainty_coeffi_avg: 0.0010, loss_avg: 0.1092, lr_avg: 2.41e-05
     itm tta time 0:00:37
     Epoch[9] Iteration[10/192], entropy: 0.1592, uncertainty: 1.8111, uncertainty_coeffi: 0.0010, loss: 0.0743, lr: 2.76e-05
     Epoch[9] Iteration[20/192], entropy: 0.2115, uncertainty: 1.8837, uncertainty_coeffi: 0.0010, loss: 0.0958, lr: 4.52e-05
     Epoch[9] Iteration[30/192], entropy: 0.2261, uncertainty: 1.8308, uncertainty_coeffi: 0.0010, loss: 0.1019, lr: 2.16e-06
     Epoch[9] Iteration[40/192], entropy: 0.2548, uncertainty: 1.8835, uncertainty_coeffi: 0.0010, loss: 0.1175, lr: 2.76e-05
     Epoch[9] Iteration[50/192], entropy: 0.2272, uncertainty: 1.9030, uncertainty_coeffi: 0.0010, loss: 0.1041, lr: 4.52e-05
     Epoch[9] Iteration[60/192], entropy: 0.2497, uncertainty: 1.8531, uncertainty_coeffi: 0.0010, loss: 0.1120, lr: 2.16e-06
     Epoch[9] Iteration[70/192], entropy: 0.2900, uncertainty: 1.9445, uncertainty_coeffi: 0.0010, loss: 0.1273, lr: 2.76e-05
     Epoch[9] Iteration[80/192], entropy: 0.2648, uncertainty: 1.8796, uncertainty_coeffi: 0.0010, loss: 0.1198, lr: 4.52e-05
     Epoch[9] Iteration[90/192], entropy: 0.2457, uncertainty: 1.9660, uncertainty_coeffi: 0.0010, loss: 0.1127, lr: 2.16e-06
     Epoch[9] Iteration[100/192], entropy: 0.2253, uncertainty: 1.9056, uncertainty_coeffi: 0.0010, loss: 0.1032, lr: 2.76e-05
     Epoch[9] Iteration[110/192], entropy: 0.3117, uncertainty: 1.9388, uncertainty_coeffi: 0.0010, loss: 0.1398, lr: 4.52e-05
     Epoch[9] Iteration[120/192], entropy: 0.2331, uncertainty: 1.9660, uncertainty_coeffi: 0.0010, loss: 0.1072, lr: 2.16e-06
     Epoch[9] Iteration[130/192], entropy: 0.2583, uncertainty: 1.8116, uncertainty_coeffi: 0.0010, loss: 0.1227, lr: 2.76e-05
     Epoch[9] Iteration[140/192], entropy: 0.3509, uncertainty: 2.0012, uncertainty_coeffi: 0.0010, loss: 0.1557, lr: 4.52e-05
     Epoch[9] Iteration[150/192], entropy: 0.2991, uncertainty: 1.9224, uncertainty_coeffi: 0.0010, loss: 0.1328, lr: 2.16e-06
     Epoch[9] Iteration[160/192], entropy: 0.1678, uncertainty: 1.7795, uncertainty_coeffi: 0.0010, loss: 0.0783, lr: 2.76e-05
     Epoch[9] Iteration[170/192], entropy: 0.2758, uncertainty: 1.9612, uncertainty_coeffi: 0.0010, loss: 0.1279, lr: 4.52e-05
     Epoch[9] Iteration[180/192], entropy: 0.1811, uncertainty: 1.8654, uncertainty_coeffi: 0.0010, loss: 0.0861, lr: 2.16e-06
     Epoch[9] Iteration[190/192], entropy: 0.2765, uncertainty: 1.8883, uncertainty_coeffi: 0.0010, loss: 0.1235, lr: 2.76e-05
     Averaged stats: entropy_avg: 0.2478, uncertainty_avg: 1.8945, uncertainty_coeffi_avg: 0.0010, loss_avg: 0.1128, lr_avg: 2.51e-05
     itm tta time 0:00:37
### TTA Eval Score: 
+-------+--------+--------+--------+--------+--------+
| epoch |   R1   |   R5   |  R10   |  mAP   |  mINP  |
+-------+--------+--------+--------+--------+--------+
|  -999 | 70.598 | 86.891 | 91.780 | 63.391 | 47.063 |
|   0   | 70.614 | 86.972 | 91.813 | 63.420 | 47.127 |
|   1   | 70.712 | 86.875 | 91.878 | 63.444 | 47.165 |
|   2   | 70.712 | 86.891 | 91.829 | 63.430 | 47.163 |
|   4   | 70.793 | 86.907 | 91.894 | 63.437 | 47.159 |
|   9   | 70.712 | 86.858 | 91.797 | 63.450 | 47.223 |
+-------+--------+--------+--------+--------+--------+
     logs:  {'epo': 9, 'R1': 70.712, 'R5': 86.858, 'R10': 91.797, 'mAP': 63.45, 'mINP': 47.223, 'entropy': 0.24782200941914007, 'uncertainty': 1.8944894075393677, 'uncertainty_coeffi': 0.0010000000474974513, 'loss': 0.11277182400226593, 'lr': 2.5137537451667965e-05}
     Epoch[10] Iteration[10/192], entropy: 0.1985, uncertainty: 1.8492, uncertainty_coeffi: 0.0010, loss: 0.0897, lr: 3.75e-05
     Epoch[10] Iteration[20/192], entropy: 0.3413, uncertainty: 2.0051, uncertainty_coeffi: 0.0010, loss: 0.1482, lr: 0.00e+00
     Epoch[10] Iteration[30/192], entropy: 0.2097, uncertainty: 1.8600, uncertainty_coeffi: 0.0010, loss: 0.0977, lr: 3.75e-05
     Epoch[10] Iteration[40/192], entropy: 0.2328, uncertainty: 1.9137, uncertainty_coeffi: 0.0010, loss: 0.1023, lr: 3.75e-05
     Epoch[10] Iteration[50/192], entropy: 0.2666, uncertainty: 1.8379, uncertainty_coeffi: 0.0010, loss: 0.1173, lr: 0.00e+00
     Epoch[10] Iteration[60/192], entropy: 0.3534, uncertainty: 1.9338, uncertainty_coeffi: 0.0010, loss: 0.1560, lr: 3.75e-05
     Epoch[10] Iteration[70/192], entropy: 0.2633, uncertainty: 1.9216, uncertainty_coeffi: 0.0010, loss: 0.1244, lr: 3.75e-05
     Epoch[10] Iteration[80/192], entropy: 0.3028, uncertainty: 1.9596, uncertainty_coeffi: 0.0010, loss: 0.1363, lr: 0.00e+00
     Epoch[10] Iteration[90/192], entropy: 0.2230, uncertainty: 1.8470, uncertainty_coeffi: 0.0010, loss: 0.1019, lr: 3.75e-05
     Epoch[10] Iteration[100/192], entropy: 0.2284, uncertainty: 1.8275, uncertainty_coeffi: 0.0010, loss: 0.1056, lr: 3.75e-05
     Epoch[10] Iteration[110/192], entropy: 0.2339, uncertainty: 1.9102, uncertainty_coeffi: 0.0010, loss: 0.1033, lr: 0.00e+00
     Epoch[10] Iteration[120/192], entropy: 0.2641, uncertainty: 1.8382, uncertainty_coeffi: 0.0010, loss: 0.1188, lr: 3.75e-05
     Epoch[10] Iteration[130/192], entropy: 0.1787, uncertainty: 1.8180, uncertainty_coeffi: 0.0010, loss: 0.0816, lr: 3.75e-05
     Epoch[10] Iteration[140/192], entropy: 0.2587, uncertainty: 1.9266, uncertainty_coeffi: 0.0010, loss: 0.1158, lr: 0.00e+00
     Epoch[10] Iteration[150/192], entropy: 0.2381, uncertainty: 1.9114, uncertainty_coeffi: 0.0010, loss: 0.1071, lr: 3.75e-05
     Epoch[10] Iteration[160/192], entropy: 0.2374, uncertainty: 1.8822, uncertainty_coeffi: 0.0010, loss: 0.1057, lr: 3.75e-05
     Epoch[10] Iteration[170/192], entropy: 0.2056, uncertainty: 1.7671, uncertainty_coeffi: 0.0010, loss: 0.0969, lr: 0.00e+00
     Epoch[10] Iteration[180/192], entropy: 0.2093, uncertainty: 1.9458, uncertainty_coeffi: 0.0010, loss: 0.0978, lr: 3.75e-05
     Epoch[10] Iteration[190/192], entropy: 0.1864, uncertainty: 1.8043, uncertainty_coeffi: 0.0010, loss: 0.0860, lr: 3.75e-05
     Averaged stats: entropy_avg: 0.2438, uncertainty_avg: 1.8821, uncertainty_coeffi_avg: 0.0010, loss_avg: 0.1101, lr_avg: 2.57e-05
     itm tta time 0:00:37
     Epoch[11] Iteration[10/192], entropy: 0.2064, uncertainty: 1.8619, uncertainty_coeffi: 0.0010, loss: 0.0935, lr: 2.16e-06
     Epoch[11] Iteration[20/192], entropy: 0.2997, uncertainty: 1.9969, uncertainty_coeffi: 0.0010, loss: 0.1314, lr: 4.52e-05
     Epoch[11] Iteration[30/192], entropy: 0.2095, uncertainty: 1.9161, uncertainty_coeffi: 0.0010, loss: 0.0976, lr: 2.76e-05
     Epoch[11] Iteration[40/192], entropy: 0.1872, uncertainty: 1.8795, uncertainty_coeffi: 0.0010, loss: 0.0841, lr: 2.16e-06
     Epoch[11] Iteration[50/192], entropy: 0.3355, uncertainty: 2.0154, uncertainty_coeffi: 0.0010, loss: 0.1457, lr: 4.52e-05
     Epoch[11] Iteration[60/192], entropy: 0.2021, uncertainty: 1.8720, uncertainty_coeffi: 0.0010, loss: 0.0945, lr: 2.76e-05
     Epoch[11] Iteration[70/192], entropy: 0.2152, uncertainty: 1.7906, uncertainty_coeffi: 0.0010, loss: 0.1024, lr: 2.16e-06
     Epoch[11] Iteration[80/192], entropy: 0.2618, uncertainty: 1.9362, uncertainty_coeffi: 0.0010, loss: 0.1147, lr: 4.52e-05
     Epoch[11] Iteration[90/192], entropy: 0.2265, uncertainty: 1.8262, uncertainty_coeffi: 0.0010, loss: 0.1041, lr: 2.76e-05
     Epoch[11] Iteration[100/192], entropy: 0.3148, uncertainty: 1.8747, uncertainty_coeffi: 0.0010, loss: 0.1456, lr: 2.16e-06
     Epoch[11] Iteration[110/192], entropy: 0.1780, uncertainty: 1.7742, uncertainty_coeffi: 0.0010, loss: 0.0838, lr: 4.52e-05
     Epoch[11] Iteration[120/192], entropy: 0.2793, uncertainty: 1.9138, uncertainty_coeffi: 0.0010, loss: 0.1228, lr: 2.76e-05
     Epoch[11] Iteration[130/192], entropy: 0.2169, uncertainty: 1.8430, uncertainty_coeffi: 0.0010, loss: 0.0957, lr: 2.16e-06
     Epoch[11] Iteration[140/192], entropy: 0.2388, uncertainty: 1.8276, uncertainty_coeffi: 0.0010, loss: 0.1064, lr: 4.52e-05
     Epoch[11] Iteration[150/192], entropy: 0.2472, uncertainty: 1.8652, uncertainty_coeffi: 0.0010, loss: 0.1077, lr: 2.76e-05
     Epoch[11] Iteration[160/192], entropy: 0.2728, uncertainty: 1.8838, uncertainty_coeffi: 0.0010, loss: 0.1265, lr: 2.16e-06
     Epoch[11] Iteration[170/192], entropy: 0.1995, uncertainty: 1.8540, uncertainty_coeffi: 0.0010, loss: 0.0926, lr: 4.52e-05
     Epoch[11] Iteration[180/192], entropy: 0.1970, uncertainty: 1.7666, uncertainty_coeffi: 0.0010, loss: 0.0912, lr: 2.76e-05
     Epoch[11] Iteration[190/192], entropy: 0.1905, uncertainty: 1.8883, uncertainty_coeffi: 0.0010, loss: 0.0869, lr: 2.16e-06
     Averaged stats: entropy_avg: 0.2357, uncertainty_avg: 1.8729, uncertainty_coeffi_avg: 0.0010, loss_avg: 0.1067, lr_avg: 2.38e-05
     itm tta time 0:00:37
     Epoch[12] Iteration[10/192], entropy: 0.3121, uncertainty: 1.9162, uncertainty_coeffi: 0.0010, loss: 0.1410, lr: 4.95e-05
     Epoch[12] Iteration[20/192], entropy: 0.2540, uncertainty: 1.8731, uncertainty_coeffi: 0.0010, loss: 0.1168, lr: 1.73e-05
     Epoch[12] Iteration[30/192], entropy: 0.2198, uncertainty: 1.7721, uncertainty_coeffi: 0.0010, loss: 0.0999, lr: 8.27e-06
     Epoch[12] Iteration[40/192], entropy: 0.2205, uncertainty: 1.8222, uncertainty_coeffi: 0.0010, loss: 0.0974, lr: 4.95e-05
     Epoch[12] Iteration[50/192], entropy: 0.2939, uncertainty: 1.9178, uncertainty_coeffi: 0.0010, loss: 0.1321, lr: 1.73e-05
     Epoch[12] Iteration[60/192], entropy: 0.3002, uncertainty: 1.8784, uncertainty_coeffi: 0.0010, loss: 0.1302, lr: 8.27e-06
     Epoch[12] Iteration[70/192], entropy: 0.1762, uncertainty: 1.8528, uncertainty_coeffi: 0.0010, loss: 0.0788, lr: 4.95e-05
     Epoch[12] Iteration[80/192], entropy: 0.2184, uncertainty: 1.9335, uncertainty_coeffi: 0.0010, loss: 0.1009, lr: 1.73e-05
     Epoch[12] Iteration[90/192], entropy: 0.2950, uncertainty: 1.9633, uncertainty_coeffi: 0.0010, loss: 0.1312, lr: 8.27e-06
     Epoch[12] Iteration[100/192], entropy: 0.3019, uncertainty: 1.7110, uncertainty_coeffi: 0.0010, loss: 0.1333, lr: 4.95e-05
     Epoch[12] Iteration[110/192], entropy: 0.1140, uncertainty: 1.8262, uncertainty_coeffi: 0.0010, loss: 0.0560, lr: 1.73e-05
     Epoch[12] Iteration[120/192], entropy: 0.1978, uncertainty: 1.7861, uncertainty_coeffi: 0.0010, loss: 0.0878, lr: 8.27e-06
     Epoch[12] Iteration[130/192], entropy: 0.2928, uncertainty: 1.9024, uncertainty_coeffi: 0.0010, loss: 0.1263, lr: 4.95e-05
     Epoch[12] Iteration[140/192], entropy: 0.4111, uncertainty: 2.0158, uncertainty_coeffi: 0.0010, loss: 0.1792, lr: 1.73e-05
     Epoch[12] Iteration[150/192], entropy: 0.2845, uncertainty: 1.9395, uncertainty_coeffi: 0.0010, loss: 0.1300, lr: 8.27e-06
     Epoch[12] Iteration[160/192], entropy: 0.2975, uncertainty: 1.9009, uncertainty_coeffi: 0.0010, loss: 0.1340, lr: 4.95e-05
     Epoch[12] Iteration[170/192], entropy: 0.2472, uncertainty: 1.9016, uncertainty_coeffi: 0.0010, loss: 0.1164, lr: 1.73e-05
     Epoch[12] Iteration[180/192], entropy: 0.3072, uncertainty: 1.9214, uncertainty_coeffi: 0.0010, loss: 0.1362, lr: 8.27e-06
     Epoch[12] Iteration[190/192], entropy: 0.1775, uncertainty: 1.7344, uncertainty_coeffi: 0.0010, loss: 0.0811, lr: 4.95e-05
     Averaged stats: entropy_avg: 0.2590, uncertainty_avg: 1.8720, uncertainty_coeffi_avg: 0.0010, loss_avg: 0.1162, lr_avg: 2.63e-05
     itm tta time 0:00:37
     Epoch[13] Iteration[10/192], entropy: 0.2473, uncertainty: 1.8699, uncertainty_coeffi: 0.0010, loss: 0.1123, lr: 8.27e-06
     Epoch[13] Iteration[20/192], entropy: 0.2470, uncertainty: 2.0339, uncertainty_coeffi: 0.0010, loss: 0.1114, lr: 1.73e-05
     Epoch[13] Iteration[30/192], entropy: 0.1435, uncertainty: 1.8194, uncertainty_coeffi: 0.0010, loss: 0.0704, lr: 4.95e-05
     Epoch[13] Iteration[40/192], entropy: 0.2903, uncertainty: 1.9487, uncertainty_coeffi: 0.0010, loss: 0.1326, lr: 8.27e-06
     Epoch[13] Iteration[50/192], entropy: 0.2074, uncertainty: 1.7735, uncertainty_coeffi: 0.0010, loss: 0.0912, lr: 1.73e-05
     Epoch[13] Iteration[60/192], entropy: 0.2324, uncertainty: 1.9683, uncertainty_coeffi: 0.0010, loss: 0.1091, lr: 4.95e-05
     Epoch[13] Iteration[70/192], entropy: 0.1603, uncertainty: 1.7926, uncertainty_coeffi: 0.0010, loss: 0.0750, lr: 8.27e-06
     Epoch[13] Iteration[80/192], entropy: 0.2854, uncertainty: 1.9499, uncertainty_coeffi: 0.0010, loss: 0.1252, lr: 1.73e-05
     Epoch[13] Iteration[90/192], entropy: 0.1760, uncertainty: 1.8738, uncertainty_coeffi: 0.0010, loss: 0.0827, lr: 4.95e-05
     Epoch[13] Iteration[100/192], entropy: 0.1438, uncertainty: 1.7992, uncertainty_coeffi: 0.0010, loss: 0.0680, lr: 8.27e-06
     Epoch[13] Iteration[110/192], entropy: 0.1428, uncertainty: 1.8099, uncertainty_coeffi: 0.0010, loss: 0.0683, lr: 1.73e-05
     Epoch[13] Iteration[120/192], entropy: 0.1829, uncertainty: 1.8043, uncertainty_coeffi: 0.0010, loss: 0.0850, lr: 4.95e-05
     Epoch[13] Iteration[130/192], entropy: 0.2573, uncertainty: 1.9541, uncertainty_coeffi: 0.0010, loss: 0.1173, lr: 8.27e-06
     Epoch[13] Iteration[140/192], entropy: 0.3207, uncertainty: 1.9174, uncertainty_coeffi: 0.0010, loss: 0.1394, lr: 1.73e-05
     Epoch[13] Iteration[150/192], entropy: 0.2241, uncertainty: 1.8988, uncertainty_coeffi: 0.0010, loss: 0.1009, lr: 4.95e-05
     Epoch[13] Iteration[160/192], entropy: 0.1479, uncertainty: 1.7146, uncertainty_coeffi: 0.0010, loss: 0.0680, lr: 8.27e-06
     Epoch[13] Iteration[170/192], entropy: 0.2362, uncertainty: 1.7832, uncertainty_coeffi: 0.0010, loss: 0.1033, lr: 1.73e-05
     Epoch[13] Iteration[180/192], entropy: 0.1720, uncertainty: 1.7653, uncertainty_coeffi: 0.0010, loss: 0.0770, lr: 4.95e-05
     Epoch[13] Iteration[190/192], entropy: 0.2366, uncertainty: 1.8285, uncertainty_coeffi: 0.0010, loss: 0.1023, lr: 8.27e-06
     Averaged stats: entropy_avg: 0.2134, uncertainty_avg: 1.8582, uncertainty_coeffi_avg: 0.0010, loss_avg: 0.0968, lr_avg: 2.41e-05
     itm tta time 0:00:37
     Epoch[14] Iteration[10/192], entropy: 0.1660, uncertainty: 1.7889, uncertainty_coeffi: 0.0010, loss: 0.0824, lr: 2.76e-05
     Epoch[14] Iteration[20/192], entropy: 0.1462, uncertainty: 1.7160, uncertainty_coeffi: 0.0010, loss: 0.0684, lr: 4.52e-05
     Epoch[14] Iteration[30/192], entropy: 0.2437, uncertainty: 1.8019, uncertainty_coeffi: 0.0010, loss: 0.1098, lr: 2.16e-06
     Epoch[14] Iteration[40/192], entropy: 0.2470, uncertainty: 1.8605, uncertainty_coeffi: 0.0010, loss: 0.1145, lr: 2.76e-05
     Epoch[14] Iteration[50/192], entropy: 0.2926, uncertainty: 1.9436, uncertainty_coeffi: 0.0010, loss: 0.1305, lr: 4.52e-05
     Epoch[14] Iteration[60/192], entropy: 0.1756, uncertainty: 1.9529, uncertainty_coeffi: 0.0010, loss: 0.0822, lr: 2.16e-06
     Epoch[14] Iteration[70/192], entropy: 0.2326, uncertainty: 1.8937, uncertainty_coeffi: 0.0010, loss: 0.1081, lr: 2.76e-05
     Epoch[14] Iteration[80/192], entropy: 0.1659, uncertainty: 1.8205, uncertainty_coeffi: 0.0010, loss: 0.0770, lr: 4.52e-05
     Epoch[14] Iteration[90/192], entropy: 0.2589, uncertainty: 1.8963, uncertainty_coeffi: 0.0010, loss: 0.1173, lr: 2.16e-06
     Epoch[14] Iteration[100/192], entropy: 0.2010, uncertainty: 1.7330, uncertainty_coeffi: 0.0010, loss: 0.0926, lr: 2.76e-05
     Epoch[14] Iteration[110/192], entropy: 0.2457, uncertainty: 1.8657, uncertainty_coeffi: 0.0010, loss: 0.1109, lr: 4.52e-05
     Epoch[14] Iteration[120/192], entropy: 0.2927, uncertainty: 1.8912, uncertainty_coeffi: 0.0010, loss: 0.1283, lr: 2.16e-06
     Epoch[14] Iteration[130/192], entropy: 0.3231, uncertainty: 1.9995, uncertainty_coeffi: 0.0010, loss: 0.1452, lr: 2.76e-05
     Epoch[14] Iteration[140/192], entropy: 0.2616, uncertainty: 1.7550, uncertainty_coeffi: 0.0010, loss: 0.1158, lr: 4.52e-05
     Epoch[14] Iteration[150/192], entropy: 0.3152, uncertainty: 1.9463, uncertainty_coeffi: 0.0010, loss: 0.1401, lr: 2.16e-06
     Epoch[14] Iteration[160/192], entropy: 0.2632, uncertainty: 1.8625, uncertainty_coeffi: 0.0010, loss: 0.1189, lr: 2.76e-05
     Epoch[14] Iteration[170/192], entropy: 0.2965, uncertainty: 1.9824, uncertainty_coeffi: 0.0010, loss: 0.1305, lr: 4.52e-05
     Epoch[14] Iteration[180/192], entropy: 0.2662, uncertainty: 1.8026, uncertainty_coeffi: 0.0010, loss: 0.1147, lr: 2.16e-06
     Epoch[14] Iteration[190/192], entropy: 0.2217, uncertainty: 1.8909, uncertainty_coeffi: 0.0010, loss: 0.1011, lr: 2.76e-05
     Averaged stats: entropy_avg: 0.2429, uncertainty_avg: 1.8633, uncertainty_coeffi_avg: 0.0010, loss_avg: 0.1099, lr_avg: 2.51e-05
     itm tta time 0:00:37
### TTA Eval Score: 
+-------+--------+--------+--------+--------+--------+
| epoch |   R1   |   R5   |  R10   |  mAP   |  mINP  |
+-------+--------+--------+--------+--------+--------+
|  -999 | 70.598 | 86.891 | 91.780 | 63.391 | 47.063 |
|   0   | 70.614 | 86.972 | 91.813 | 63.420 | 47.127 |
|   1   | 70.712 | 86.875 | 91.878 | 63.444 | 47.165 |
|   2   | 70.712 | 86.891 | 91.829 | 63.430 | 47.163 |
|   4   | 70.793 | 86.907 | 91.894 | 63.437 | 47.159 |
|   9   | 70.712 | 86.858 | 91.797 | 63.450 | 47.223 |
|   14  | 70.663 | 86.891 | 91.829 | 63.442 | 47.223 |
+-------+--------+--------+--------+--------+--------+
     logs:  {'epo': 14, 'R1': 70.663, 'R5': 86.891, 'R10': 91.829, 'mAP': 63.442, 'mINP': 47.223, 'entropy': 0.24291052002655833, 'uncertainty': 1.8633289964575517, 'uncertainty_coeffi': 0.0010000000474974513, 'loss': 0.1099058891597547, 'lr': 2.5137537451668012e-05}
     Epoch[15] Iteration[10/192], entropy: 0.1605, uncertainty: 1.7659, uncertainty_coeffi: 0.0010, loss: 0.0775, lr: 3.75e-05
     Epoch[15] Iteration[20/192], entropy: 0.2198, uncertainty: 1.8685, uncertainty_coeffi: 0.0010, loss: 0.0981, lr: 0.00e+00
     Epoch[15] Iteration[30/192], entropy: 0.2304, uncertainty: 1.9137, uncertainty_coeffi: 0.0010, loss: 0.1059, lr: 3.75e-05
     Epoch[15] Iteration[40/192], entropy: 0.3323, uncertainty: 2.0665, uncertainty_coeffi: 0.0010, loss: 0.1442, lr: 3.75e-05
     Epoch[15] Iteration[50/192], entropy: 0.2720, uncertainty: 1.9853, uncertainty_coeffi: 0.0010, loss: 0.1217, lr: 0.00e+00
     Epoch[15] Iteration[60/192], entropy: 0.3014, uncertainty: 2.0067, uncertainty_coeffi: 0.0010, loss: 0.1313, lr: 3.75e-05
     Epoch[15] Iteration[70/192], entropy: 0.2450, uncertainty: 1.8744, uncertainty_coeffi: 0.0010, loss: 0.1084, lr: 3.75e-05
     Epoch[15] Iteration[80/192], entropy: 0.2480, uncertainty: 1.9959, uncertainty_coeffi: 0.0010, loss: 0.1112, lr: 0.00e+00
     Epoch[15] Iteration[90/192], entropy: 0.1628, uncertainty: 1.7898, uncertainty_coeffi: 0.0010, loss: 0.0745, lr: 3.75e-05
     Epoch[15] Iteration[100/192], entropy: 0.2446, uncertainty: 1.9330, uncertainty_coeffi: 0.0010, loss: 0.1096, lr: 3.75e-05
     Epoch[15] Iteration[110/192], entropy: 0.2452, uncertainty: 1.8651, uncertainty_coeffi: 0.0010, loss: 0.1134, lr: 0.00e+00
     Epoch[15] Iteration[120/192], entropy: 0.2367, uncertainty: 1.8218, uncertainty_coeffi: 0.0010, loss: 0.1118, lr: 3.75e-05
     Epoch[15] Iteration[130/192], entropy: 0.2950, uncertainty: 1.9004, uncertainty_coeffi: 0.0010, loss: 0.1350, lr: 3.75e-05
     Epoch[15] Iteration[140/192], entropy: 0.3583, uncertainty: 2.0125, uncertainty_coeffi: 0.0010, loss: 0.1607, lr: 0.00e+00
     Epoch[15] Iteration[150/192], entropy: 0.2653, uncertainty: 1.8343, uncertainty_coeffi: 0.0010, loss: 0.1235, lr: 3.75e-05
     Epoch[15] Iteration[160/192], entropy: 0.2981, uncertainty: 1.8498, uncertainty_coeffi: 0.0010, loss: 0.1288, lr: 3.75e-05
     Epoch[15] Iteration[170/192], entropy: 0.1712, uncertainty: 1.8335, uncertainty_coeffi: 0.0010, loss: 0.0758, lr: 0.00e+00
     Epoch[15] Iteration[180/192], entropy: 0.2354, uncertainty: 1.8641, uncertainty_coeffi: 0.0010, loss: 0.1071, lr: 3.75e-05
     Epoch[15] Iteration[190/192], entropy: 0.1306, uncertainty: 1.6185, uncertainty_coeffi: 0.0010, loss: 0.0645, lr: 3.75e-05
     Averaged stats: entropy_avg: 0.2449, uncertainty_avg: 1.8842, uncertainty_coeffi_avg: 0.0010, loss_avg: 0.1107, lr_avg: 2.57e-05
     itm tta time 0:00:37
     Epoch[16] Iteration[10/192], entropy: 0.1703, uncertainty: 1.9156, uncertainty_coeffi: 0.0010, loss: 0.0810, lr: 2.16e-06
     Epoch[16] Iteration[20/192], entropy: 0.2099, uncertainty: 1.9706, uncertainty_coeffi: 0.0010, loss: 0.0962, lr: 4.52e-05
     Epoch[16] Iteration[30/192], entropy: 0.2346, uncertainty: 1.9113, uncertainty_coeffi: 0.0010, loss: 0.1057, lr: 2.76e-05
     Epoch[16] Iteration[40/192], entropy: 0.1787, uncertainty: 1.8338, uncertainty_coeffi: 0.0010, loss: 0.0811, lr: 2.16e-06
     Epoch[16] Iteration[50/192], entropy: 0.2405, uncertainty: 1.9243, uncertainty_coeffi: 0.0010, loss: 0.1091, lr: 4.52e-05
     Epoch[16] Iteration[60/192], entropy: 0.2367, uncertainty: 1.9197, uncertainty_coeffi: 0.0010, loss: 0.1031, lr: 2.76e-05
     Epoch[16] Iteration[70/192], entropy: 0.2872, uncertainty: 1.9109, uncertainty_coeffi: 0.0010, loss: 0.1274, lr: 2.16e-06
     Epoch[16] Iteration[80/192], entropy: 0.2239, uncertainty: 1.8336, uncertainty_coeffi: 0.0010, loss: 0.1051, lr: 4.52e-05
     Epoch[16] Iteration[90/192], entropy: 0.1358, uncertainty: 1.8027, uncertainty_coeffi: 0.0010, loss: 0.0652, lr: 2.76e-05
     Epoch[16] Iteration[100/192], entropy: 0.2799, uncertainty: 1.8343, uncertainty_coeffi: 0.0010, loss: 0.1267, lr: 2.16e-06
     Epoch[16] Iteration[110/192], entropy: 0.2341, uncertainty: 1.7736, uncertainty_coeffi: 0.0010, loss: 0.1034, lr: 4.52e-05
     Epoch[16] Iteration[120/192], entropy: 0.2671, uncertainty: 1.8871, uncertainty_coeffi: 0.0010, loss: 0.1211, lr: 2.76e-05
     Epoch[16] Iteration[130/192], entropy: 0.2613, uncertainty: 1.8770, uncertainty_coeffi: 0.0010, loss: 0.1197, lr: 2.16e-06
     Epoch[16] Iteration[140/192], entropy: 0.3014, uncertainty: 1.9031, uncertainty_coeffi: 0.0010, loss: 0.1370, lr: 4.52e-05
     Epoch[16] Iteration[150/192], entropy: 0.1521, uncertainty: 1.7327, uncertainty_coeffi: 0.0010, loss: 0.0707, lr: 2.76e-05
     Epoch[16] Iteration[160/192], entropy: 0.1940, uncertainty: 1.7620, uncertainty_coeffi: 0.0010, loss: 0.0885, lr: 2.16e-06
     Epoch[16] Iteration[170/192], entropy: 0.2535, uncertainty: 1.7187, uncertainty_coeffi: 0.0010, loss: 0.1153, lr: 4.52e-05
     Epoch[16] Iteration[180/192], entropy: 0.2432, uncertainty: 1.8751, uncertainty_coeffi: 0.0010, loss: 0.1063, lr: 2.76e-05
     Epoch[16] Iteration[190/192], entropy: 0.2893, uncertainty: 1.8964, uncertainty_coeffi: 0.0010, loss: 0.1323, lr: 2.16e-06
     Averaged stats: entropy_avg: 0.2312, uncertainty_avg: 1.8570, uncertainty_coeffi_avg: 0.0010, loss_avg: 0.1050, lr_avg: 2.38e-05
     itm tta time 0:00:37
     Epoch[17] Iteration[10/192], entropy: 0.3217, uncertainty: 1.9622, uncertainty_coeffi: 0.0010, loss: 0.1426, lr: 4.95e-05
     Epoch[17] Iteration[20/192], entropy: 0.1665, uncertainty: 1.8443, uncertainty_coeffi: 0.0010, loss: 0.0798, lr: 1.73e-05
     Epoch[17] Iteration[30/192], entropy: 0.2398, uncertainty: 1.8671, uncertainty_coeffi: 0.0010, loss: 0.1075, lr: 8.27e-06
     Epoch[17] Iteration[40/192], entropy: 0.2837, uncertainty: 1.8769, uncertainty_coeffi: 0.0010, loss: 0.1249, lr: 4.95e-05
     Epoch[17] Iteration[50/192], entropy: 0.2348, uncertainty: 1.8763, uncertainty_coeffi: 0.0010, loss: 0.1043, lr: 1.73e-05
     Epoch[17] Iteration[60/192], entropy: 0.1490, uncertainty: 1.8299, uncertainty_coeffi: 0.0010, loss: 0.0692, lr: 8.27e-06
     Epoch[17] Iteration[70/192], entropy: 0.4637, uncertainty: 1.9193, uncertainty_coeffi: 0.0010, loss: 0.2033, lr: 4.95e-05
     Epoch[17] Iteration[80/192], entropy: 0.3253, uncertainty: 1.9707, uncertainty_coeffi: 0.0010, loss: 0.1377, lr: 1.73e-05
     Epoch[17] Iteration[90/192], entropy: 0.3006, uncertainty: 1.9031, uncertainty_coeffi: 0.0010, loss: 0.1311, lr: 8.27e-06
     Epoch[17] Iteration[100/192], entropy: 0.3031, uncertainty: 1.9591, uncertainty_coeffi: 0.0010, loss: 0.1295, lr: 4.95e-05
     Epoch[17] Iteration[110/192], entropy: 0.3044, uncertainty: 1.9618, uncertainty_coeffi: 0.0010, loss: 0.1434, lr: 1.73e-05
     Epoch[17] Iteration[120/192], entropy: 0.1402, uncertainty: 1.8611, uncertainty_coeffi: 0.0010, loss: 0.0692, lr: 8.27e-06
     Epoch[17] Iteration[130/192], entropy: 0.2960, uncertainty: 1.9176, uncertainty_coeffi: 0.0010, loss: 0.1299, lr: 4.95e-05
     Epoch[17] Iteration[140/192], entropy: 0.3023, uncertainty: 1.9256, uncertainty_coeffi: 0.0010, loss: 0.1336, lr: 1.73e-05
     Epoch[17] Iteration[150/192], entropy: 0.2349, uncertainty: 1.8270, uncertainty_coeffi: 0.0010, loss: 0.1120, lr: 8.27e-06
     Epoch[17] Iteration[160/192], entropy: 0.2018, uncertainty: 1.8830, uncertainty_coeffi: 0.0010, loss: 0.0915, lr: 4.95e-05
     Epoch[17] Iteration[170/192], entropy: 0.2252, uncertainty: 1.7358, uncertainty_coeffi: 0.0010, loss: 0.1053, lr: 1.73e-05
     Epoch[17] Iteration[180/192], entropy: 0.2816, uncertainty: 1.9414, uncertainty_coeffi: 0.0010, loss: 0.1299, lr: 8.27e-06
     Epoch[17] Iteration[190/192], entropy: 0.2413, uncertainty: 1.8808, uncertainty_coeffi: 0.0010, loss: 0.1105, lr: 4.95e-05
     Averaged stats: entropy_avg: 0.2640, uncertainty_avg: 1.8917, uncertainty_coeffi_avg: 0.0010, loss_avg: 0.1187, lr_avg: 2.63e-05
     itm tta time 0:00:37
     Epoch[18] Iteration[10/192], entropy: 0.2070, uncertainty: 1.8226, uncertainty_coeffi: 0.0010, loss: 0.0987, lr: 8.27e-06
     Epoch[18] Iteration[20/192], entropy: 0.2267, uncertainty: 1.8781, uncertainty_coeffi: 0.0010, loss: 0.1055, lr: 1.73e-05
     Epoch[18] Iteration[30/192], entropy: 0.2204, uncertainty: 1.9309, uncertainty_coeffi: 0.0010, loss: 0.1005, lr: 4.95e-05
     Epoch[18] Iteration[40/192], entropy: 0.3247, uncertainty: 1.9349, uncertainty_coeffi: 0.0010, loss: 0.1479, lr: 8.27e-06
     Epoch[18] Iteration[50/192], entropy: 0.2211, uncertainty: 1.9286, uncertainty_coeffi: 0.0010, loss: 0.1010, lr: 1.73e-05
     Epoch[18] Iteration[60/192], entropy: 0.2908, uncertainty: 1.9344, uncertainty_coeffi: 0.0010, loss: 0.1276, lr: 4.95e-05
     Epoch[18] Iteration[70/192], entropy: 0.3445, uncertainty: 2.0218, uncertainty_coeffi: 0.0010, loss: 0.1498, lr: 8.27e-06
     Epoch[18] Iteration[80/192], entropy: 0.2212, uncertainty: 1.9341, uncertainty_coeffi: 0.0010, loss: 0.1011, lr: 1.73e-05
     Epoch[18] Iteration[90/192], entropy: 0.3562, uncertainty: 2.0160, uncertainty_coeffi: 0.0010, loss: 0.1573, lr: 4.95e-05
     Epoch[18] Iteration[100/192], entropy: 0.1940, uncertainty: 1.7412, uncertainty_coeffi: 0.0010, loss: 0.0859, lr: 8.27e-06
     Epoch[18] Iteration[110/192], entropy: 0.2799, uncertainty: 1.8920, uncertainty_coeffi: 0.0010, loss: 0.1218, lr: 1.73e-05
     Epoch[18] Iteration[120/192], entropy: 0.2170, uncertainty: 1.8271, uncertainty_coeffi: 0.0010, loss: 0.1004, lr: 4.95e-05
     Epoch[18] Iteration[130/192], entropy: 0.1878, uncertainty: 1.8357, uncertainty_coeffi: 0.0010, loss: 0.0886, lr: 8.27e-06
     Epoch[18] Iteration[140/192], entropy: 0.1291, uncertainty: 1.7324, uncertainty_coeffi: 0.0010, loss: 0.0604, lr: 1.73e-05
     Epoch[18] Iteration[150/192], entropy: 0.2229, uncertainty: 2.0065, uncertainty_coeffi: 0.0010, loss: 0.1042, lr: 4.95e-05
     Epoch[18] Iteration[160/192], entropy: 0.2404, uncertainty: 1.9863, uncertainty_coeffi: 0.0010, loss: 0.1091, lr: 8.27e-06
     Epoch[18] Iteration[170/192], entropy: 0.2316, uncertainty: 1.8440, uncertainty_coeffi: 0.0010, loss: 0.1041, lr: 1.73e-05
     Epoch[18] Iteration[180/192], entropy: 0.1650, uncertainty: 1.7932, uncertainty_coeffi: 0.0010, loss: 0.0802, lr: 4.95e-05
     Epoch[18] Iteration[190/192], entropy: 0.1982, uncertainty: 1.8262, uncertainty_coeffi: 0.0010, loss: 0.0892, lr: 8.27e-06
     Averaged stats: entropy_avg: 0.2357, uncertainty_avg: 1.8887, uncertainty_coeffi_avg: 0.0010, loss_avg: 0.1070, lr_avg: 2.41e-05
     itm tta time 0:00:37
     Epoch[19] Iteration[10/192], entropy: 0.2694, uncertainty: 1.8186, uncertainty_coeffi: 0.0010, loss: 0.1209, lr: 2.76e-05
     Epoch[19] Iteration[20/192], entropy: 0.2831, uncertainty: 1.9158, uncertainty_coeffi: 0.0010, loss: 0.1261, lr: 4.52e-05
     Epoch[19] Iteration[30/192], entropy: 0.2664, uncertainty: 1.8022, uncertainty_coeffi: 0.0010, loss: 0.1167, lr: 2.16e-06
     Epoch[19] Iteration[40/192], entropy: 0.2209, uncertainty: 1.8278, uncertainty_coeffi: 0.0010, loss: 0.1019, lr: 2.76e-05
     Epoch[19] Iteration[50/192], entropy: 0.1755, uncertainty: 1.8497, uncertainty_coeffi: 0.0010, loss: 0.0815, lr: 4.52e-05
     Epoch[19] Iteration[60/192], entropy: 0.2791, uncertainty: 1.9780, uncertainty_coeffi: 0.0010, loss: 0.1250, lr: 2.16e-06
     Epoch[19] Iteration[70/192], entropy: 0.2603, uncertainty: 1.9148, uncertainty_coeffi: 0.0010, loss: 0.1199, lr: 2.76e-05
     Epoch[19] Iteration[80/192], entropy: 0.1746, uncertainty: 1.7747, uncertainty_coeffi: 0.0010, loss: 0.0876, lr: 4.52e-05
     Epoch[19] Iteration[90/192], entropy: 0.1490, uncertainty: 1.7299, uncertainty_coeffi: 0.0010, loss: 0.0701, lr: 2.16e-06
     Epoch[19] Iteration[100/192], entropy: 0.2548, uncertainty: 1.9574, uncertainty_coeffi: 0.0010, loss: 0.1125, lr: 2.76e-05
     Epoch[19] Iteration[110/192], entropy: 0.1833, uncertainty: 1.8443, uncertainty_coeffi: 0.0010, loss: 0.0840, lr: 4.52e-05
     Epoch[19] Iteration[120/192], entropy: 0.2417, uncertainty: 1.8764, uncertainty_coeffi: 0.0010, loss: 0.1062, lr: 2.16e-06
     Epoch[19] Iteration[130/192], entropy: 0.2741, uncertainty: 1.9272, uncertainty_coeffi: 0.0010, loss: 0.1261, lr: 2.76e-05
     Epoch[19] Iteration[140/192], entropy: 0.2859, uncertainty: 1.8764, uncertainty_coeffi: 0.0010, loss: 0.1284, lr: 4.52e-05
     Epoch[19] Iteration[150/192], entropy: 0.3075, uncertainty: 1.9552, uncertainty_coeffi: 0.0010, loss: 0.1345, lr: 2.16e-06
     Epoch[19] Iteration[160/192], entropy: 0.2506, uncertainty: 1.9329, uncertainty_coeffi: 0.0010, loss: 0.1155, lr: 2.76e-05
     Epoch[19] Iteration[170/192], entropy: 0.2388, uncertainty: 1.9168, uncertainty_coeffi: 0.0010, loss: 0.1055, lr: 4.52e-05
     Epoch[19] Iteration[180/192], entropy: 0.1390, uncertainty: 1.7998, uncertainty_coeffi: 0.0010, loss: 0.0662, lr: 2.16e-06
     Epoch[19] Iteration[190/192], entropy: 0.2802, uncertainty: 1.9186, uncertainty_coeffi: 0.0010, loss: 0.1290, lr: 2.76e-05
     Averaged stats: entropy_avg: 0.2386, uncertainty_avg: 1.8745, uncertainty_coeffi_avg: 0.0010, loss_avg: 0.1083, lr_avg: 2.51e-05
     itm tta time 0:00:37
### TTA Eval Score: 
+-------+--------+--------+--------+--------+--------+
| epoch |   R1   |   R5   |  R10   |  mAP   |  mINP  |
+-------+--------+--------+--------+--------+--------+
|  -999 | 70.598 | 86.891 | 91.780 | 63.391 | 47.063 |
|   0   | 70.614 | 86.972 | 91.813 | 63.420 | 47.127 |
|   1   | 70.712 | 86.875 | 91.878 | 63.444 | 47.165 |
|   2   | 70.712 | 86.891 | 91.829 | 63.430 | 47.163 |
|   4   | 70.793 | 86.907 | 91.894 | 63.437 | 47.159 |
|   9   | 70.712 | 86.858 | 91.797 | 63.450 | 47.223 |
|   14  | 70.663 | 86.891 | 91.829 | 63.442 | 47.223 |
|   19  | 70.517 | 86.858 | 91.829 | 63.401 | 47.186 |
+-------+--------+--------+--------+--------+--------+
     logs:  {'epo': 19, 'R1': 70.517, 'R5': 86.858, 'R10': 91.829, 'mAP': 63.401, 'mINP': 47.186, 'entropy': 0.23864499048182838, 'uncertainty': 1.874544055838334, 'uncertainty_coeffi': 0.0010000000474974513, 'loss': 0.10829625357138484, 'lr': 2.5137537451668e-05}
### best epoch 4 : {'epo': '4', 'R1': '70.793', 'R5': '86.907', 'R10': '91.894', 'mAP': '63.437', 'mINP': '47.159', 'entropy': '0.2529644997496354', 'uncertainty': '1.86684334905524', 'uncertainty_coeffi': '0.0010000000474974513', 'loss': '0.11450961467466857', 'lr': '2.5137537451667857e-05'}
### Time 0:13:37
