Not using distributed mode
### Hyper-parameters:
     output_dir: output_rerun/mllm_cuhk_tta/exp2.0.3.4/2025090613312
     seed: 42
     device: cuda
     batch_size_tta: 16
     epochs: 30
     lr: 0.0005
### Creating test dataset
     test_txt_set: 6156    test_img_set: 3074
     test_txt_loader: 13    test_img_loader: 7
### Creating model
Training Model with ['sdm', 'id', 'mlm'] tasks
Resized position embedding from size:torch.Size([1, 197, 768]) to size: torch.Size([1, 193, 768]) with height:24 width: 8
     Total Params Sum:  194535419
### Zero-Shot Score: 
/home/jiahao/task/IRRA/tta.py:261: FutureWarning: `torch.cuda.amp.GradScaler(args...)` is deprecated. Please use `torch.amp.GradScaler('cuda', args...)` instead.
  scaler = GradScaler()  # bf16
+-------+--------+--------+--------+--------+--------+
| epoch |   R1   |   R5   |  R10   |  mAP   |  mINP  |
+-------+--------+--------+--------+--------+--------+
|  -999 | 57.602 | 75.975 | 82.765 | 51.446 | 35.716 |
+-------+--------+--------+--------+--------+--------+
### TTA:
### Compute Cos Similarity Uncertainty
     preprocess_tta_coefficients  start
     sample selection ...
     number of sample after sample_selection: 777
     uncertainty ...
     pos/neg sampling ...
      number of sample after pos/neg sampling: torch.Size([6156, 8])
     preprocess_tta_coefficients  end
### Creating TTA dataset
     tta_dataset: 777
### Creating tta dataloader
### be careful: func create_loader returns a list length of 1
     tta_loader: 48
### Configure adapted weights
     TTA Dropout Modules: 
 []
     TTA Require Gradient Params: 
 [('base_model.transformer.resblocks.1.ln_1.weight', torch.Size([512])), ('base_model.transformer.resblocks.1.ln_1.bias', torch.Size([512])), ('base_model.transformer.resblocks.1.ln_2.weight', torch.Size([512])), ('base_model.transformer.resblocks.1.ln_2.bias', torch.Size([512])), ('base_model.transformer.resblocks.2.ln_1.weight', torch.Size([512])), ('base_model.transformer.resblocks.2.ln_1.bias', torch.Size([512])), ('base_model.transformer.resblocks.2.ln_2.weight', torch.Size([512])), ('base_model.transformer.resblocks.2.ln_2.bias', torch.Size([512])), ('base_model.transformer.resblocks.3.ln_1.weight', torch.Size([512])), ('base_model.transformer.resblocks.3.ln_1.bias', torch.Size([512])), ('base_model.transformer.resblocks.3.ln_2.weight', torch.Size([512])), ('base_model.transformer.resblocks.3.ln_2.bias', torch.Size([512])), ('base_model.transformer.resblocks.4.ln_1.weight', torch.Size([512])), ('base_model.transformer.resblocks.4.ln_1.bias', torch.Size([512])), ('base_model.transformer.resblocks.4.ln_2.weight', torch.Size([512])), ('base_model.transformer.resblocks.4.ln_2.bias', torch.Size([512])), ('base_model.transformer.resblocks.5.ln_1.weight', torch.Size([512])), ('base_model.transformer.resblocks.5.ln_1.bias', torch.Size([512])), ('base_model.transformer.resblocks.5.ln_2.weight', torch.Size([512])), ('base_model.transformer.resblocks.5.ln_2.bias', torch.Size([512])), ('base_model.transformer.resblocks.7.ln_1.weight', torch.Size([512])), ('base_model.transformer.resblocks.7.ln_1.bias', torch.Size([512])), ('base_model.transformer.resblocks.7.ln_2.weight', torch.Size([512])), ('base_model.transformer.resblocks.7.ln_2.bias', torch.Size([512])), ('base_model.transformer.resblocks.8.ln_1.weight', torch.Size([512])), ('base_model.transformer.resblocks.8.ln_1.bias', torch.Size([512])), ('base_model.transformer.resblocks.8.ln_2.weight', torch.Size([512])), ('base_model.transformer.resblocks.8.ln_2.bias', torch.Size([512])), ('base_model.transformer.resblocks.9.ln_1.weight', torch.Size([512])), ('base_model.transformer.resblocks.9.ln_1.bias', torch.Size([512])), ('base_model.transformer.resblocks.9.ln_2.weight', torch.Size([512])), ('base_model.transformer.resblocks.9.ln_2.bias', torch.Size([512])), ('base_model.transformer.resblocks.10.ln_1.weight', torch.Size([512])), ('base_model.transformer.resblocks.10.ln_1.bias', torch.Size([512])), ('base_model.transformer.resblocks.10.ln_2.weight', torch.Size([512])), ('base_model.transformer.resblocks.10.ln_2.bias', torch.Size([512])), ('base_model.transformer.resblocks.11.ln_1.weight', torch.Size([512])), ('base_model.transformer.resblocks.11.ln_1.bias', torch.Size([512])), ('base_model.transformer.resblocks.11.ln_2.weight', torch.Size([512])), ('base_model.transformer.resblocks.11.ln_2.bias', torch.Size([512])), ('base_model.ln_final.weight', torch.Size([512])), ('base_model.ln_final.bias', torch.Size([512]))]
     TTA Dropout Modules Number: 
 0
     TTA Require Gradient Params Sum: 
 21504
Using 5.0 times learning rate for random init module 
### Start Test Time Adaptation
/home/jiahao/task/IRRA/tta.py:65: FutureWarning: `torch.cuda.amp.autocast(args...)` is deprecated. Please use `torch.amp.autocast('cuda', args...)` instead.
  with torch.cuda.amp.autocast(enabled=True):
     Epoch[0] Iteration[10/48], entropy: 0.0568, loss: 1.0603, lr: 4.69e-04
     Epoch[0] Iteration[20/48], entropy: 0.0460, loss: 1.0566, lr: 2.03e-04
     Epoch[0] Iteration[30/48], entropy: 0.0238, loss: 1.0351, lr: 1.97e-06
     Epoch[0] Iteration[40/48], entropy: 0.0429, loss: 1.0727, lr: 1.44e-04
     Averaged stats: entropy: 0.1060, loss: 1.1204, lr: 3.84e-04
     itm tta time 0:00:09
### TTA Eval Score: 
+-------+--------+--------+--------+--------+--------+
| epoch |   R1   |   R5   |  R10   |  mAP   |  mINP  |
+-------+--------+--------+--------+--------+--------+
|  -999 | 57.602 | 75.975 | 82.765 | 51.446 | 35.716 |
|   0   | 57.651 | 76.170 | 83.025 | 51.587 | 35.856 |
+-------+--------+--------+--------+--------+--------+
     logs:  {'epo': 0, 'R1': np.float32(57.651), 'R5': np.float32(76.17), 'R10': np.float32(83.025), 'mAP': np.float32(51.587), 'mINP': np.float32(35.856), 'entropy': 0.04234924865886569, 'loss': 1.0561795234680176, 'lr': 0.00020443946078616178}
     Epoch[1] Iteration[10/48], entropy: 0.0265, loss: 1.0291, lr: 4.92e-04
     Epoch[1] Iteration[20/48], entropy: 0.0161, loss: 1.0261, lr: 2.66e-04
     Epoch[1] Iteration[30/48], entropy: 0.0766, loss: 1.0809, lr: 1.76e-05
     Epoch[1] Iteration[40/48], entropy: 0.0416, loss: 1.0518, lr: 9.06e-05
     Averaged stats: entropy: 0.0346, loss: 1.0351, lr: 3.27e-04
     itm tta time 0:00:09
### TTA Eval Score: 
+-------+--------+--------+--------+--------+--------+
| epoch |   R1   |   R5   |  R10   |  mAP   |  mINP  |
+-------+--------+--------+--------+--------+--------+
|  -999 | 57.602 | 75.975 | 82.765 | 51.446 | 35.716 |
|   0   | 57.651 | 76.170 | 83.025 | 51.587 | 35.856 |
|   1   | 57.927 | 76.202 | 83.122 | 51.741 | 35.991 |
+-------+--------+--------+--------+--------+--------+
     logs:  {'epo': 1, 'R1': np.float32(57.927), 'R5': np.float32(76.202), 'R10': np.float32(83.122), 'mAP': np.float32(51.741), 'mINP': np.float32(35.991), 'entropy': 0.0401923805475235, 'loss': 1.046986997127533, 'lr': 0.00021651082531381262}
     Epoch[2] Iteration[10/48], entropy: 0.0535, loss: 1.0699, lr: 5.00e-04
     Epoch[2] Iteration[20/48], entropy: 0.0724, loss: 1.0810, lr: 3.27e-04
     Epoch[2] Iteration[30/48], entropy: 0.0094, loss: 1.0265, lr: 4.77e-05
     Epoch[2] Iteration[40/48], entropy: 0.0594, loss: 1.0725, lr: 4.77e-05
     Averaged stats: entropy: 0.0075, loss: 1.0082, lr: 2.66e-04
     itm tta time 0:00:09
### TTA Eval Score: 
+-------+--------+--------+--------+--------+--------+
| epoch |   R1   |   R5   |  R10   |  mAP   |  mINP  |
+-------+--------+--------+--------+--------+--------+
|  -999 | 57.602 | 75.975 | 82.765 | 51.446 | 35.716 |
|   0   | 57.651 | 76.170 | 83.025 | 51.587 | 35.856 |
|   1   | 57.927 | 76.202 | 83.122 | 51.741 | 35.991 |
|   2   | 58.106 | 76.267 | 83.187 | 51.880 | 36.051 |
+-------+--------+--------+--------+--------+--------+
     logs:  {'epo': 2, 'R1': np.float32(58.106), 'R5': np.float32(76.267), 'R10': np.float32(83.187), 'mAP': np.float32(51.88), 'mINP': np.float32(36.051), 'entropy': 0.04865315882489085, 'loss': 1.0624621212482452, 'lr': 0.0002306864378515657}
     Epoch[3] Iteration[10/48], entropy: 0.0356, loss: 1.0397, lr: 4.92e-04
     Epoch[3] Iteration[20/48], entropy: 0.0341, loss: 1.0504, lr: 3.84e-04
     Epoch[3] Iteration[30/48], entropy: 0.0643, loss: 1.0705, lr: 9.06e-05
     Epoch[3] Iteration[40/48], entropy: 0.0426, loss: 1.0442, lr: 1.76e-05
     Averaged stats: entropy: 0.0083, loss: 1.0138, lr: 2.03e-04
     itm tta time 0:00:09
### TTA Eval Score: 
+-------+--------+--------+--------+--------+--------+
| epoch |   R1   |   R5   |  R10   |  mAP   |  mINP  |
+-------+--------+--------+--------+--------+--------+
|  -999 | 57.602 | 75.975 | 82.765 | 51.446 | 35.716 |
|   0   | 57.651 | 76.170 | 83.025 | 51.587 | 35.856 |
|   1   | 57.927 | 76.202 | 83.122 | 51.741 | 35.991 |
|   2   | 58.106 | 76.267 | 83.187 | 51.880 | 36.051 |
|   3   | 58.025 | 76.446 | 83.236 | 51.947 | 36.122 |
+-------+--------+--------+--------+--------+--------+
     logs:  {'epo': 3, 'R1': np.float32(58.025), 'R5': np.float32(76.446), 'R10': np.float32(83.236), 'mAP': np.float32(51.947), 'mINP': np.float32(36.122), 'entropy': 0.04414579086005688, 'loss': 1.0511915385723114, 'lr': 0.00024607559252941806}
     Epoch[4] Iteration[10/48], entropy: 0.0184, loss: 1.0338, lr: 4.69e-04
     Epoch[4] Iteration[20/48], entropy: 0.0258, loss: 1.0418, lr: 4.32e-04
     Epoch[4] Iteration[30/48], entropy: 0.0533, loss: 1.0534, lr: 1.44e-04
     Epoch[4] Iteration[40/48], entropy: 0.0147, loss: 1.0154, lr: 1.97e-06
     Averaged stats: entropy: 0.0343, loss: 1.0383, lr: 1.44e-04
     itm tta time 0:00:09
### TTA Eval Score: 
+-------+--------+--------+--------+--------+--------+
| epoch |   R1   |   R5   |  R10   |  mAP   |  mINP  |
+-------+--------+--------+--------+--------+--------+
|  -999 | 57.602 | 75.975 | 82.765 | 51.446 | 35.716 |
|   0   | 57.651 | 76.170 | 83.025 | 51.587 | 35.856 |
|   1   | 57.927 | 76.202 | 83.122 | 51.741 | 35.991 |
|   2   | 58.106 | 76.267 | 83.187 | 51.880 | 36.051 |
|   3   | 58.025 | 76.446 | 83.236 | 51.947 | 36.122 |
|   4   | 58.187 | 76.397 | 83.415 | 52.054 | 36.158 |
+-------+--------+--------+--------+--------+--------+
     logs:  {'epo': 4, 'R1': np.float32(58.187), 'R5': np.float32(76.397), 'R10': np.float32(83.415), 'mAP': np.float32(52.054), 'mINP': np.float32(36.158), 'entropy': 0.028067230945453048, 'loss': 1.0360848009586334, 'lr': 0.0002617113321616077}
     Epoch[5] Iteration[10/48], entropy: 0.0175, loss: 1.0194, lr: 4.32e-04
     Epoch[5] Iteration[20/48], entropy: 0.0648, loss: 1.0707, lr: 4.69e-04
     Epoch[5] Iteration[30/48], entropy: 0.0211, loss: 1.0249, lr: 2.03e-04
     Epoch[5] Iteration[40/48], entropy: 0.0432, loss: 1.0526, lr: 1.97e-06
     Averaged stats: entropy: 0.0427, loss: 1.0744, lr: 9.06e-05
     itm tta time 0:00:09
### TTA Eval Score: 
+-------+--------+--------+--------+--------+--------+
| epoch |   R1   |   R5   |  R10   |  mAP   |  mINP  |
+-------+--------+--------+--------+--------+--------+
|  -999 | 57.602 | 75.975 | 82.765 | 51.446 | 35.716 |
|   0   | 57.651 | 76.170 | 83.025 | 51.587 | 35.856 |
|   1   | 57.927 | 76.202 | 83.122 | 51.741 | 35.991 |
|   2   | 58.106 | 76.267 | 83.187 | 51.880 | 36.051 |
|   3   | 58.025 | 76.446 | 83.236 | 51.947 | 36.122 |
|   4   | 58.187 | 76.397 | 83.415 | 52.054 | 36.158 |
|   5   | 58.350 | 76.429 | 83.480 | 52.124 | 36.204 |
+-------+--------+--------+--------+--------+--------+
     logs:  {'epo': 5, 'R1': np.float32(58.35), 'R5': np.float32(76.43), 'R10': np.float32(83.48), 'mAP': np.float32(52.124), 'mINP': np.float32(36.204), 'entropy': 0.03665395965799689, 'loss': 1.0418924391269684, 'lr': 0.00027661120572281683}
     Epoch[6] Iteration[10/48], entropy: 0.1312, loss: 1.1442, lr: 3.84e-04
     Epoch[6] Iteration[20/48], entropy: 0.0531, loss: 1.0541, lr: 4.92e-04
     Epoch[6] Iteration[30/48], entropy: 0.0639, loss: 1.0646, lr: 2.66e-04
     Epoch[6] Iteration[40/48], entropy: 0.0885, loss: 1.1043, lr: 1.76e-05
     Averaged stats: entropy: 0.0302, loss: 1.0463, lr: 4.77e-05
     itm tta time 0:00:09
### TTA Eval Score: 
+-------+--------+--------+--------+--------+--------+
| epoch |   R1   |   R5   |  R10   |  mAP   |  mINP  |
+-------+--------+--------+--------+--------+--------+
|  -999 | 57.602 | 75.975 | 82.765 | 51.446 | 35.716 |
|   0   | 57.651 | 76.170 | 83.025 | 51.587 | 35.856 |
|   1   | 57.927 | 76.202 | 83.122 | 51.741 | 35.991 |
|   2   | 58.106 | 76.267 | 83.187 | 51.880 | 36.051 |
|   3   | 58.025 | 76.446 | 83.236 | 51.947 | 36.122 |
|   4   | 58.187 | 76.397 | 83.415 | 52.054 | 36.158 |
|   5   | 58.350 | 76.429 | 83.480 | 52.124 | 36.204 |
|   6   | 58.317 | 76.397 | 83.512 | 52.166 | 36.237 |
+-------+--------+--------+--------+--------+--------+
     logs:  {'epo': 6, 'R1': np.float32(58.317), 'R5': np.float32(76.397), 'R10': np.float32(83.512), 'mAP': np.float32(52.166), 'mINP': np.float32(36.237), 'entropy': 0.08419350162148476, 'loss': 1.0918368697166443, 'lr': 0.0002898389993592931}
     Epoch[7] Iteration[10/48], entropy: 0.0519, loss: 1.0534, lr: 3.27e-04
     Epoch[7] Iteration[20/48], entropy: 0.0613, loss: 1.0712, lr: 5.00e-04
     Epoch[7] Iteration[30/48], entropy: 0.0247, loss: 1.0247, lr: 3.27e-04
     Epoch[7] Iteration[40/48], entropy: 0.0028, loss: 1.0045, lr: 4.77e-05
     Averaged stats: entropy: 0.0283, loss: 1.0303, lr: 1.76e-05
     itm tta time 0:00:09
### TTA Eval Score: 
+-------+--------+--------+--------+--------+--------+
| epoch |   R1   |   R5   |  R10   |  mAP   |  mINP  |
+-------+--------+--------+--------+--------+--------+
|  -999 | 57.602 | 75.975 | 82.765 | 51.446 | 35.716 |
|   0   | 57.651 | 76.170 | 83.025 | 51.587 | 35.856 |
|   1   | 57.927 | 76.202 | 83.122 | 51.741 | 35.991 |
|   2   | 58.106 | 76.267 | 83.187 | 51.880 | 36.051 |
|   3   | 58.025 | 76.446 | 83.236 | 51.947 | 36.122 |
|   4   | 58.187 | 76.397 | 83.415 | 52.054 | 36.158 |
|   5   | 58.350 | 76.429 | 83.480 | 52.124 | 36.204 |
|   6   | 58.317 | 76.397 | 83.512 | 52.166 | 36.237 |
|   7   | 58.463 | 76.543 | 83.577 | 52.266 | 36.377 |
+-------+--------+--------+--------+--------+--------+
     logs:  {'epo': 7, 'R1': np.float32(58.463), 'R5': np.float32(76.543), 'R10': np.float32(83.577), 'mAP': np.float32(52.266), 'mINP': np.float32(36.377), 'entropy': 0.03516908665187657, 'loss': 1.0384624302387238, 'lr': 0.0003005635621484343}
     Epoch[8] Iteration[10/48], entropy: 0.0548, loss: 1.0559, lr: 2.66e-04
     Epoch[8] Iteration[20/48], entropy: 0.0581, loss: 1.0632, lr: 4.92e-04
     Epoch[8] Iteration[30/48], entropy: 0.0288, loss: 1.0419, lr: 3.84e-04
     Epoch[8] Iteration[40/48], entropy: 0.0804, loss: 1.0838, lr: 9.06e-05
     Averaged stats: entropy: 0.0323, loss: 1.0458, lr: 1.97e-06
     itm tta time 0:00:09
### TTA Eval Score: 
+-------+--------+--------+--------+--------+--------+
| epoch |   R1   |   R5   |  R10   |  mAP   |  mINP  |
+-------+--------+--------+--------+--------+--------+
|  -999 | 57.602 | 75.975 | 82.765 | 51.446 | 35.716 |
|   0   | 57.651 | 76.170 | 83.025 | 51.587 | 35.856 |
|   1   | 57.927 | 76.202 | 83.122 | 51.741 | 35.991 |
|   2   | 58.106 | 76.267 | 83.187 | 51.880 | 36.051 |
|   3   | 58.025 | 76.446 | 83.236 | 51.947 | 36.122 |
|   4   | 58.187 | 76.397 | 83.415 | 52.054 | 36.158 |
|   5   | 58.350 | 76.429 | 83.480 | 52.124 | 36.204 |
|   6   | 58.317 | 76.397 | 83.512 | 52.166 | 36.237 |
|   7   | 58.463 | 76.543 | 83.577 | 52.266 | 36.377 |
|   8   | 58.577 | 76.478 | 83.577 | 52.337 | 36.420 |
+-------+--------+--------+--------+--------+--------+
     logs:  {'epo': 8, 'R1': np.float32(58.577), 'R5': np.float32(76.478), 'R10': np.float32(83.577), 'mAP': np.float32(52.337), 'mINP': np.float32(36.42), 'entropy': 0.055538026150316, 'loss': 1.0612143278121948, 'lr': 0.00030811103036801606}
     Epoch[9] Iteration[10/48], entropy: 0.0287, loss: 1.0289, lr: 2.03e-04
     Epoch[9] Iteration[20/48], entropy: 0.0628, loss: 1.0787, lr: 4.69e-04
     Epoch[9] Iteration[30/48], entropy: 0.0195, loss: 1.0212, lr: 4.32e-04
     Epoch[9] Iteration[40/48], entropy: 0.0116, loss: 1.0116, lr: 1.44e-04
     Averaged stats: entropy: 0.1026, loss: 1.1162, lr: 1.97e-06
     itm tta time 0:00:09
### TTA Eval Score: 
+-------+--------+--------+--------+--------+--------+
| epoch |   R1   |   R5   |  R10   |  mAP   |  mINP  |
+-------+--------+--------+--------+--------+--------+
|  -999 | 57.602 | 75.975 | 82.765 | 51.446 | 35.716 |
|   0   | 57.651 | 76.170 | 83.025 | 51.587 | 35.856 |
|   1   | 57.927 | 76.202 | 83.122 | 51.741 | 35.991 |
|   2   | 58.106 | 76.267 | 83.187 | 51.880 | 36.051 |
|   3   | 58.025 | 76.446 | 83.236 | 51.947 | 36.122 |
|   4   | 58.187 | 76.397 | 83.415 | 52.054 | 36.158 |
|   5   | 58.350 | 76.429 | 83.480 | 52.124 | 36.204 |
|   6   | 58.317 | 76.397 | 83.512 | 52.166 | 36.237 |
|   7   | 58.463 | 76.543 | 83.577 | 52.266 | 36.377 |
|   8   | 58.577 | 76.478 | 83.577 | 52.337 | 36.420 |
|   9   | 58.626 | 76.543 | 83.707 | 52.376 | 36.431 |
+-------+--------+--------+--------+--------+--------+
     logs:  {'epo': 9, 'R1': np.float32(58.626), 'R5': np.float32(76.543), 'R10': np.float32(83.707), 'mAP': np.float32(52.376), 'mINP': np.float32(36.431), 'entropy': 0.030643709003925323, 'loss': 1.0350906550884247, 'lr': 0.0003120071688321552}
     Epoch[10] Iteration[10/48], entropy: 0.0113, loss: 1.0189, lr: 1.44e-04
     Epoch[10] Iteration[20/48], entropy: 0.0556, loss: 1.0558, lr: 4.32e-04
     Epoch[10] Iteration[30/48], entropy: 0.0311, loss: 1.0442, lr: 4.69e-04
     Epoch[10] Iteration[40/48], entropy: 0.0247, loss: 1.0286, lr: 2.03e-04
     Averaged stats: entropy: 0.1464, loss: 1.1468, lr: 1.76e-05
     itm tta time 0:00:09
### TTA Eval Score: 
+-------+--------+--------+--------+--------+--------+
| epoch |   R1   |   R5   |  R10   |  mAP   |  mINP  |
+-------+--------+--------+--------+--------+--------+
|  -999 | 57.602 | 75.975 | 82.765 | 51.446 | 35.716 |
|   0   | 57.651 | 76.170 | 83.025 | 51.587 | 35.856 |
|   1   | 57.927 | 76.202 | 83.122 | 51.741 | 35.991 |
|   2   | 58.106 | 76.267 | 83.187 | 51.880 | 36.051 |
|   3   | 58.025 | 76.446 | 83.236 | 51.947 | 36.122 |
|   4   | 58.187 | 76.397 | 83.415 | 52.054 | 36.158 |
|   5   | 58.350 | 76.429 | 83.480 | 52.124 | 36.204 |
|   6   | 58.317 | 76.397 | 83.512 | 52.166 | 36.237 |
|   7   | 58.463 | 76.543 | 83.577 | 52.266 | 36.377 |
|   8   | 58.577 | 76.478 | 83.577 | 52.337 | 36.420 |
|   9   | 58.626 | 76.543 | 83.707 | 52.376 | 36.431 |
|   10  | 58.545 | 76.592 | 83.707 | 52.371 | 36.438 |
+-------+--------+--------+--------+--------+--------+
     logs:  {'epo': 10, 'R1': np.float32(58.545), 'R5': np.float32(76.592), 'R10': np.float32(83.707), 'mAP': np.float32(52.371), 'mINP': np.float32(36.438), 'entropy': 0.030704802367836237, 'loss': 1.0368754267692566, 'lr': 0.0003120071688321556}
     Epoch[11] Iteration[10/48], entropy: 0.0248, loss: 1.0419, lr: 9.06e-05
     Epoch[11] Iteration[20/48], entropy: 0.0339, loss: 1.0575, lr: 3.84e-04
     Epoch[11] Iteration[30/48], entropy: 0.0258, loss: 1.0274, lr: 4.92e-04
     Epoch[11] Iteration[40/48], entropy: 0.1267, loss: 1.1270, lr: 2.66e-04
     Averaged stats: entropy: 0.0152, loss: 1.0167, lr: 4.77e-05
     itm tta time 0:00:09
### TTA Eval Score: 
+-------+--------+--------+--------+--------+--------+
| epoch |   R1   |   R5   |  R10   |  mAP   |  mINP  |
+-------+--------+--------+--------+--------+--------+
|  -999 | 57.602 | 75.975 | 82.765 | 51.446 | 35.716 |
|   0   | 57.651 | 76.170 | 83.025 | 51.587 | 35.856 |
|   1   | 57.927 | 76.202 | 83.122 | 51.741 | 35.991 |
|   2   | 58.106 | 76.267 | 83.187 | 51.880 | 36.051 |
|   3   | 58.025 | 76.446 | 83.236 | 51.947 | 36.122 |
|   4   | 58.187 | 76.397 | 83.415 | 52.054 | 36.158 |
|   5   | 58.350 | 76.429 | 83.480 | 52.124 | 36.204 |
|   6   | 58.317 | 76.397 | 83.512 | 52.166 | 36.237 |
|   7   | 58.463 | 76.543 | 83.577 | 52.266 | 36.377 |
|   8   | 58.577 | 76.478 | 83.577 | 52.337 | 36.420 |
|   9   | 58.626 | 76.543 | 83.707 | 52.376 | 36.431 |
|   10  | 58.545 | 76.592 | 83.707 | 52.371 | 36.438 |
|   11  | 58.561 | 76.559 | 83.756 | 52.382 | 36.460 |
+-------+--------+--------+--------+--------+--------+
     logs:  {'epo': 11, 'R1': np.float32(58.561), 'R5': np.float32(76.559), 'R10': np.float32(83.756), 'mAP': np.float32(52.382), 'mINP': np.float32(36.46), 'entropy': 0.05281756119802594, 'loss': 1.0634510517120361, 'lr': 0.0003081110303680161}
     Epoch[12] Iteration[10/48], entropy: 0.0194, loss: 1.0240, lr: 4.77e-05
     Epoch[12] Iteration[20/48], entropy: 0.0147, loss: 1.0284, lr: 3.27e-04
     Epoch[12] Iteration[30/48], entropy: 0.0264, loss: 1.0265, lr: 5.00e-04
     Epoch[12] Iteration[40/48], entropy: 0.0282, loss: 1.0321, lr: 3.27e-04
     Averaged stats: entropy: 0.0212, loss: 1.0290, lr: 9.06e-05
     itm tta time 0:00:09
### TTA Eval Score: 
+-------+--------+--------+--------+--------+--------+
| epoch |   R1   |   R5   |  R10   |  mAP   |  mINP  |
+-------+--------+--------+--------+--------+--------+
|  -999 | 57.602 | 75.975 | 82.765 | 51.446 | 35.716 |
|   0   | 57.651 | 76.170 | 83.025 | 51.587 | 35.856 |
|   1   | 57.927 | 76.202 | 83.122 | 51.741 | 35.991 |
|   2   | 58.106 | 76.267 | 83.187 | 51.880 | 36.051 |
|   3   | 58.025 | 76.446 | 83.236 | 51.947 | 36.122 |
|   4   | 58.187 | 76.397 | 83.415 | 52.054 | 36.158 |
|   5   | 58.350 | 76.429 | 83.480 | 52.124 | 36.204 |
|   6   | 58.317 | 76.397 | 83.512 | 52.166 | 36.237 |
|   7   | 58.463 | 76.543 | 83.577 | 52.266 | 36.377 |
|   8   | 58.577 | 76.478 | 83.577 | 52.337 | 36.420 |
|   9   | 58.626 | 76.543 | 83.707 | 52.376 | 36.431 |
|   10  | 58.545 | 76.592 | 83.707 | 52.371 | 36.438 |
|   11  | 58.561 | 76.559 | 83.756 | 52.382 | 36.460 |
|   12  | 58.642 | 76.559 | 83.804 | 52.397 | 36.443 |
+-------+--------+--------+--------+--------+--------+
     logs:  {'epo': 12, 'R1': np.float32(58.642), 'R5': np.float32(76.559), 'R10': np.float32(83.804), 'mAP': np.float32(52.397), 'mINP': np.float32(36.443), 'entropy': 0.02217724802903831, 'loss': 1.0277445614337921, 'lr': 0.00030056356214843495}
     Epoch[13] Iteration[10/48], entropy: 0.0320, loss: 1.0467, lr: 1.76e-05
     Epoch[13] Iteration[20/48], entropy: 0.0068, loss: 1.0070, lr: 2.66e-04
     Epoch[13] Iteration[30/48], entropy: 0.0486, loss: 1.0589, lr: 4.92e-04
     Epoch[13] Iteration[40/48], entropy: 0.0307, loss: 1.0307, lr: 3.84e-04
     Averaged stats: entropy: 0.1115, loss: 1.1152, lr: 1.44e-04
     itm tta time 0:00:09
### TTA Eval Score: 
+-------+--------+--------+--------+--------+--------+
| epoch |   R1   |   R5   |  R10   |  mAP   |  mINP  |
+-------+--------+--------+--------+--------+--------+
|  -999 | 57.602 | 75.975 | 82.765 | 51.446 | 35.716 |
|   0   | 57.651 | 76.170 | 83.025 | 51.587 | 35.856 |
|   1   | 57.927 | 76.202 | 83.122 | 51.741 | 35.991 |
|   2   | 58.106 | 76.267 | 83.187 | 51.880 | 36.051 |
|   3   | 58.025 | 76.446 | 83.236 | 51.947 | 36.122 |
|   4   | 58.187 | 76.397 | 83.415 | 52.054 | 36.158 |
|   5   | 58.350 | 76.429 | 83.480 | 52.124 | 36.204 |
|   6   | 58.317 | 76.397 | 83.512 | 52.166 | 36.237 |
|   7   | 58.463 | 76.543 | 83.577 | 52.266 | 36.377 |
|   8   | 58.577 | 76.478 | 83.577 | 52.337 | 36.420 |
|   9   | 58.626 | 76.543 | 83.707 | 52.376 | 36.431 |
|   10  | 58.545 | 76.592 | 83.707 | 52.371 | 36.438 |
|   11  | 58.561 | 76.559 | 83.756 | 52.382 | 36.460 |
|   12  | 58.642 | 76.559 | 83.804 | 52.397 | 36.443 |
|   13  | 58.626 | 76.689 | 83.837 | 52.433 | 36.458 |
+-------+--------+--------+--------+--------+--------+
     logs:  {'epo': 13, 'R1': np.float32(58.626), 'R5': np.float32(76.689), 'R10': np.float32(83.837), 'mAP': np.float32(52.433), 'mINP': np.float32(36.458), 'entropy': 0.029508284642361104, 'loss': 1.0358310341835022, 'lr': 0.0002898389993592933}
     Epoch[14] Iteration[10/48], entropy: 0.0261, loss: 1.0277, lr: 1.97e-06
     Epoch[14] Iteration[20/48], entropy: 0.0081, loss: 1.0127, lr: 2.03e-04
     Epoch[14] Iteration[30/48], entropy: 0.1215, loss: 1.1216, lr: 4.69e-04
     Epoch[14] Iteration[40/48], entropy: 0.0182, loss: 1.0188, lr: 4.32e-04
     Averaged stats: entropy: 0.0238, loss: 1.0277, lr: 2.03e-04
     itm tta time 0:00:09
### TTA Eval Score: 
+-------+--------+--------+--------+--------+--------+
| epoch |   R1   |   R5   |  R10   |  mAP   |  mINP  |
+-------+--------+--------+--------+--------+--------+
|  -999 | 57.602 | 75.975 | 82.765 | 51.446 | 35.716 |
|   0   | 57.651 | 76.170 | 83.025 | 51.587 | 35.856 |
|   1   | 57.927 | 76.202 | 83.122 | 51.741 | 35.991 |
|   2   | 58.106 | 76.267 | 83.187 | 51.880 | 36.051 |
|   3   | 58.025 | 76.446 | 83.236 | 51.947 | 36.122 |
|   4   | 58.187 | 76.397 | 83.415 | 52.054 | 36.158 |
|   5   | 58.350 | 76.429 | 83.480 | 52.124 | 36.204 |
|   6   | 58.317 | 76.397 | 83.512 | 52.166 | 36.237 |
|   7   | 58.463 | 76.543 | 83.577 | 52.266 | 36.377 |
|   8   | 58.577 | 76.478 | 83.577 | 52.337 | 36.420 |
|   9   | 58.626 | 76.543 | 83.707 | 52.376 | 36.431 |
|   10  | 58.545 | 76.592 | 83.707 | 52.371 | 36.438 |
|   11  | 58.561 | 76.559 | 83.756 | 52.382 | 36.460 |
|   12  | 58.642 | 76.559 | 83.804 | 52.397 | 36.443 |
|   13  | 58.626 | 76.689 | 83.837 | 52.433 | 36.458 |
|   14  | 58.739 | 76.641 | 83.804 | 52.461 | 36.481 |
+-------+--------+--------+--------+--------+--------+
     logs:  {'epo': 14, 'R1': np.float32(58.739), 'R5': np.float32(76.641), 'R10': np.float32(83.804), 'mAP': np.float32(52.461), 'mINP': np.float32(36.481), 'entropy': 0.04346976708620787, 'loss': 1.0451965630054474, 'lr': 0.00027661120572281775}
     Epoch[15] Iteration[10/48], entropy: 0.0190, loss: 1.0206, lr: 1.97e-06
     Epoch[15] Iteration[20/48], entropy: 0.0313, loss: 1.0409, lr: 1.44e-04
     Epoch[15] Iteration[30/48], entropy: 0.0214, loss: 1.0269, lr: 4.32e-04
     Epoch[15] Iteration[40/48], entropy: 0.0394, loss: 1.0440, lr: 4.69e-04
     Averaged stats: entropy: 0.0473, loss: 1.0537, lr: 2.66e-04
     itm tta time 0:00:09
### TTA Eval Score: 
+-------+--------+--------+--------+--------+--------+
| epoch |   R1   |   R5   |  R10   |  mAP   |  mINP  |
+-------+--------+--------+--------+--------+--------+
|  -999 | 57.602 | 75.975 | 82.765 | 51.446 | 35.716 |
|   0   | 57.651 | 76.170 | 83.025 | 51.587 | 35.856 |
|   1   | 57.927 | 76.202 | 83.122 | 51.741 | 35.991 |
|   2   | 58.106 | 76.267 | 83.187 | 51.880 | 36.051 |
|   3   | 58.025 | 76.446 | 83.236 | 51.947 | 36.122 |
|   4   | 58.187 | 76.397 | 83.415 | 52.054 | 36.158 |
|   5   | 58.350 | 76.429 | 83.480 | 52.124 | 36.204 |
|   6   | 58.317 | 76.397 | 83.512 | 52.166 | 36.237 |
|   7   | 58.463 | 76.543 | 83.577 | 52.266 | 36.377 |
|   8   | 58.577 | 76.478 | 83.577 | 52.337 | 36.420 |
|   9   | 58.626 | 76.543 | 83.707 | 52.376 | 36.431 |
|   10  | 58.545 | 76.592 | 83.707 | 52.371 | 36.438 |
|   11  | 58.561 | 76.559 | 83.756 | 52.382 | 36.460 |
|   12  | 58.642 | 76.559 | 83.804 | 52.397 | 36.443 |
|   13  | 58.626 | 76.689 | 83.837 | 52.433 | 36.458 |
|   14  | 58.739 | 76.641 | 83.804 | 52.461 | 36.481 |
|   15  | 58.788 | 76.608 | 83.739 | 52.481 | 36.454 |
+-------+--------+--------+--------+--------+--------+
     logs:  {'epo': 15, 'R1': np.float32(58.788), 'R5': np.float32(76.608), 'R10': np.float32(83.739), 'mAP': np.float32(52.481), 'mINP': np.float32(36.454), 'entropy': 0.0277703320607543, 'loss': 1.033095508813858, 'lr': 0.0002617113321616082}
     Epoch[16] Iteration[10/48], entropy: 0.0239, loss: 1.0584, lr: 1.76e-05
     Epoch[16] Iteration[20/48], entropy: 0.0108, loss: 1.0281, lr: 9.06e-05
     Epoch[16] Iteration[30/48], entropy: 0.0758, loss: 1.0779, lr: 3.84e-04
     Epoch[16] Iteration[40/48], entropy: 0.1684, loss: 1.1711, lr: 4.92e-04
     Averaged stats: entropy: 0.0908, loss: 1.0917, lr: 3.27e-04
     itm tta time 0:00:09
### TTA Eval Score: 
+-------+--------+--------+--------+--------+--------+
| epoch |   R1   |   R5   |  R10   |  mAP   |  mINP  |
+-------+--------+--------+--------+--------+--------+
|  -999 | 57.602 | 75.975 | 82.765 | 51.446 | 35.716 |
|   0   | 57.651 | 76.170 | 83.025 | 51.587 | 35.856 |
|   1   | 57.927 | 76.202 | 83.122 | 51.741 | 35.991 |
|   2   | 58.106 | 76.267 | 83.187 | 51.880 | 36.051 |
|   3   | 58.025 | 76.446 | 83.236 | 51.947 | 36.122 |
|   4   | 58.187 | 76.397 | 83.415 | 52.054 | 36.158 |
|   5   | 58.350 | 76.429 | 83.480 | 52.124 | 36.204 |
|   6   | 58.317 | 76.397 | 83.512 | 52.166 | 36.237 |
|   7   | 58.463 | 76.543 | 83.577 | 52.266 | 36.377 |
|   8   | 58.577 | 76.478 | 83.577 | 52.337 | 36.420 |
|   9   | 58.626 | 76.543 | 83.707 | 52.376 | 36.431 |
|   10  | 58.545 | 76.592 | 83.707 | 52.371 | 36.438 |
|   11  | 58.561 | 76.559 | 83.756 | 52.382 | 36.460 |
|   12  | 58.642 | 76.559 | 83.804 | 52.397 | 36.443 |
|   13  | 58.626 | 76.689 | 83.837 | 52.433 | 36.458 |
|   14  | 58.739 | 76.641 | 83.804 | 52.461 | 36.481 |
|   15  | 58.788 | 76.608 | 83.739 | 52.481 | 36.454 |
|   16  | 58.821 | 76.624 | 83.674 | 52.473 | 36.425 |
+-------+--------+--------+--------+--------+--------+
     logs:  {'epo': 16, 'R1': np.float32(58.821), 'R5': np.float32(76.624), 'R10': np.float32(83.674), 'mAP': np.float32(52.473), 'mINP': np.float32(36.425), 'entropy': 0.06973722367547452, 'loss': 1.083886831998825, 'lr': 0.0002460755925294181}
     Epoch[17] Iteration[10/48], entropy: 0.0726, loss: 1.0727, lr: 4.77e-05
     Epoch[17] Iteration[20/48], entropy: 0.0361, loss: 1.0415, lr: 4.77e-05
     Epoch[17] Iteration[30/48], entropy: 0.0098, loss: 1.0132, lr: 3.27e-04
     Epoch[17] Iteration[40/48], entropy: 0.0952, loss: 1.0988, lr: 5.00e-04
     Averaged stats: entropy: 0.0174, loss: 1.0184, lr: 3.84e-04
     itm tta time 0:00:09
### TTA Eval Score: 
+-------+--------+--------+--------+--------+--------+
| epoch |   R1   |   R5   |  R10   |  mAP   |  mINP  |
+-------+--------+--------+--------+--------+--------+
|  -999 | 57.602 | 75.975 | 82.765 | 51.446 | 35.716 |
|   0   | 57.651 | 76.170 | 83.025 | 51.587 | 35.856 |
|   1   | 57.927 | 76.202 | 83.122 | 51.741 | 35.991 |
|   2   | 58.106 | 76.267 | 83.187 | 51.880 | 36.051 |
|   3   | 58.025 | 76.446 | 83.236 | 51.947 | 36.122 |
|   4   | 58.187 | 76.397 | 83.415 | 52.054 | 36.158 |
|   5   | 58.350 | 76.429 | 83.480 | 52.124 | 36.204 |
|   6   | 58.317 | 76.397 | 83.512 | 52.166 | 36.237 |
|   7   | 58.463 | 76.543 | 83.577 | 52.266 | 36.377 |
|   8   | 58.577 | 76.478 | 83.577 | 52.337 | 36.420 |
|   9   | 58.626 | 76.543 | 83.707 | 52.376 | 36.431 |
|   10  | 58.545 | 76.592 | 83.707 | 52.371 | 36.438 |
|   11  | 58.561 | 76.559 | 83.756 | 52.382 | 36.460 |
|   12  | 58.642 | 76.559 | 83.804 | 52.397 | 36.443 |
|   13  | 58.626 | 76.689 | 83.837 | 52.433 | 36.458 |
|   14  | 58.739 | 76.641 | 83.804 | 52.461 | 36.481 |
|   15  | 58.788 | 76.608 | 83.739 | 52.481 | 36.454 |
|   16  | 58.821 | 76.624 | 83.674 | 52.473 | 36.425 |
|   17  | 58.739 | 76.641 | 83.707 | 52.467 | 36.440 |
+-------+--------+--------+--------+--------+--------+
     logs:  {'epo': 17, 'R1': np.float32(58.739), 'R5': np.float32(76.641), 'R10': np.float32(83.707), 'mAP': np.float32(52.467), 'mINP': np.float32(36.44), 'entropy': 0.053430133033543825, 'loss': 1.0565465688705444, 'lr': 0.00023068643785156633}
     Epoch[18] Iteration[10/48], entropy: 0.0133, loss: 1.0238, lr: 9.06e-05
     Epoch[18] Iteration[20/48], entropy: 0.0158, loss: 1.0197, lr: 1.76e-05
     Epoch[18] Iteration[30/48], entropy: 0.0276, loss: 1.0473, lr: 2.66e-04
     Epoch[18] Iteration[40/48], entropy: 0.0172, loss: 1.0212, lr: 4.92e-04
     Averaged stats: entropy: 0.0466, loss: 1.0466, lr: 4.32e-04
     itm tta time 0:00:09
### TTA Eval Score: 
+-------+--------+--------+--------+--------+--------+
| epoch |   R1   |   R5   |  R10   |  mAP   |  mINP  |
+-------+--------+--------+--------+--------+--------+
|  -999 | 57.602 | 75.975 | 82.765 | 51.446 | 35.716 |
|   0   | 57.651 | 76.170 | 83.025 | 51.587 | 35.856 |
|   1   | 57.927 | 76.202 | 83.122 | 51.741 | 35.991 |
|   2   | 58.106 | 76.267 | 83.187 | 51.880 | 36.051 |
|   3   | 58.025 | 76.446 | 83.236 | 51.947 | 36.122 |
|   4   | 58.187 | 76.397 | 83.415 | 52.054 | 36.158 |
|   5   | 58.350 | 76.429 | 83.480 | 52.124 | 36.204 |
|   6   | 58.317 | 76.397 | 83.512 | 52.166 | 36.237 |
|   7   | 58.463 | 76.543 | 83.577 | 52.266 | 36.377 |
|   8   | 58.577 | 76.478 | 83.577 | 52.337 | 36.420 |
|   9   | 58.626 | 76.543 | 83.707 | 52.376 | 36.431 |
|   10  | 58.545 | 76.592 | 83.707 | 52.371 | 36.438 |
|   11  | 58.561 | 76.559 | 83.756 | 52.382 | 36.460 |
|   12  | 58.642 | 76.559 | 83.804 | 52.397 | 36.443 |
|   13  | 58.626 | 76.689 | 83.837 | 52.433 | 36.458 |
|   14  | 58.739 | 76.641 | 83.804 | 52.461 | 36.481 |
|   15  | 58.788 | 76.608 | 83.739 | 52.481 | 36.454 |
|   16  | 58.821 | 76.624 | 83.674 | 52.473 | 36.425 |
|   17  | 58.739 | 76.641 | 83.707 | 52.467 | 36.440 |
|   18  | 58.707 | 76.689 | 83.707 | 52.528 | 36.518 |
+-------+--------+--------+--------+--------+--------+
     logs:  {'epo': 18, 'R1': np.float32(58.707), 'R5': np.float32(76.689), 'R10': np.float32(83.707), 'mAP': np.float32(52.528), 'mINP': np.float32(36.518), 'entropy': 0.018475441727787256, 'loss': 1.028008610010147, 'lr': 0.000216510825313813}
     Epoch[19] Iteration[10/48], entropy: 0.0120, loss: 1.0199, lr: 1.44e-04
     Epoch[19] Iteration[20/48], entropy: 0.0247, loss: 1.0250, lr: 1.97e-06
     Epoch[19] Iteration[30/48], entropy: 0.0379, loss: 1.0542, lr: 2.03e-04
     Epoch[19] Iteration[40/48], entropy: 0.0573, loss: 1.0618, lr: 4.69e-04
     Averaged stats: entropy: 0.1593, loss: 1.1593, lr: 4.69e-04
     itm tta time 0:00:09
### TTA Eval Score: 
+-------+--------+--------+--------+--------+--------+
| epoch |   R1   |   R5   |  R10   |  mAP   |  mINP  |
+-------+--------+--------+--------+--------+--------+
|  -999 | 57.602 | 75.975 | 82.765 | 51.446 | 35.716 |
|   0   | 57.651 | 76.170 | 83.025 | 51.587 | 35.856 |
|   1   | 57.927 | 76.202 | 83.122 | 51.741 | 35.991 |
|   2   | 58.106 | 76.267 | 83.187 | 51.880 | 36.051 |
|   3   | 58.025 | 76.446 | 83.236 | 51.947 | 36.122 |
|   4   | 58.187 | 76.397 | 83.415 | 52.054 | 36.158 |
|   5   | 58.350 | 76.429 | 83.480 | 52.124 | 36.204 |
|   6   | 58.317 | 76.397 | 83.512 | 52.166 | 36.237 |
|   7   | 58.463 | 76.543 | 83.577 | 52.266 | 36.377 |
|   8   | 58.577 | 76.478 | 83.577 | 52.337 | 36.420 |
|   9   | 58.626 | 76.543 | 83.707 | 52.376 | 36.431 |
|   10  | 58.545 | 76.592 | 83.707 | 52.371 | 36.438 |
|   11  | 58.561 | 76.559 | 83.756 | 52.382 | 36.460 |
|   12  | 58.642 | 76.559 | 83.804 | 52.397 | 36.443 |
|   13  | 58.626 | 76.689 | 83.837 | 52.433 | 36.458 |
|   14  | 58.739 | 76.641 | 83.804 | 52.461 | 36.481 |
|   15  | 58.788 | 76.608 | 83.739 | 52.481 | 36.454 |
|   16  | 58.821 | 76.624 | 83.674 | 52.473 | 36.425 |
|   17  | 58.739 | 76.641 | 83.707 | 52.467 | 36.440 |
|   18  | 58.707 | 76.689 | 83.707 | 52.528 | 36.518 |
|   19  | 58.658 | 76.819 | 83.723 | 52.511 | 36.532 |
+-------+--------+--------+--------+--------+--------+
     logs:  {'epo': 19, 'R1': np.float32(58.658), 'R5': np.float32(76.819), 'R10': np.float32(83.723), 'mAP': np.float32(52.511), 'mINP': np.float32(36.532), 'entropy': 0.03295452310703695, 'loss': 1.0402213335037231, 'lr': 0.000204439460786161}
     Epoch[20] Iteration[10/48], entropy: 0.0172, loss: 1.0380, lr: 2.03e-04
     Epoch[20] Iteration[20/48], entropy: 0.0243, loss: 1.0314, lr: 1.97e-06
     Epoch[20] Iteration[30/48], entropy: 0.0106, loss: 1.0106, lr: 1.44e-04
     Epoch[20] Iteration[40/48], entropy: 0.0145, loss: 1.0147, lr: 4.32e-04
     Averaged stats: entropy: 0.0261, loss: 1.0261, lr: 4.92e-04
     itm tta time 0:00:09
### TTA Eval Score: 
+-------+--------+--------+--------+--------+--------+
| epoch |   R1   |   R5   |  R10   |  mAP   |  mINP  |
+-------+--------+--------+--------+--------+--------+
|  -999 | 57.602 | 75.975 | 82.765 | 51.446 | 35.716 |
|   0   | 57.651 | 76.170 | 83.025 | 51.587 | 35.856 |
|   1   | 57.927 | 76.202 | 83.122 | 51.741 | 35.991 |
|   2   | 58.106 | 76.267 | 83.187 | 51.880 | 36.051 |
|   3   | 58.025 | 76.446 | 83.236 | 51.947 | 36.122 |
|   4   | 58.187 | 76.397 | 83.415 | 52.054 | 36.158 |
|   5   | 58.350 | 76.429 | 83.480 | 52.124 | 36.204 |
|   6   | 58.317 | 76.397 | 83.512 | 52.166 | 36.237 |
|   7   | 58.463 | 76.543 | 83.577 | 52.266 | 36.377 |
|   8   | 58.577 | 76.478 | 83.577 | 52.337 | 36.420 |
|   9   | 58.626 | 76.543 | 83.707 | 52.376 | 36.431 |
|   10  | 58.545 | 76.592 | 83.707 | 52.371 | 36.438 |
|   11  | 58.561 | 76.559 | 83.756 | 52.382 | 36.460 |
|   12  | 58.642 | 76.559 | 83.804 | 52.397 | 36.443 |
|   13  | 58.626 | 76.689 | 83.837 | 52.433 | 36.458 |
|   14  | 58.739 | 76.641 | 83.804 | 52.461 | 36.481 |
|   15  | 58.788 | 76.608 | 83.739 | 52.481 | 36.454 |
|   16  | 58.821 | 76.624 | 83.674 | 52.473 | 36.425 |
|   17  | 58.739 | 76.641 | 83.707 | 52.467 | 36.440 |
|   18  | 58.707 | 76.689 | 83.707 | 52.528 | 36.518 |
|   19  | 58.658 | 76.819 | 83.723 | 52.511 | 36.532 |
|   20  | 58.658 | 76.771 | 83.821 | 52.499 | 36.500 |
+-------+--------+--------+--------+--------+--------+
     logs:  {'epo': 20, 'R1': np.float32(58.658), 'R5': np.float32(76.771), 'R10': np.float32(83.821), 'mAP': np.float32(52.499), 'mINP': np.float32(36.5), 'entropy': 0.016654236242175102, 'loss': 1.0236643552780151, 'lr': 0.00019523083249725704}
     Epoch[21] Iteration[10/48], entropy: 0.0196, loss: 1.0217, lr: 2.66e-04
     Epoch[21] Iteration[20/48], entropy: 0.0678, loss: 1.0678, lr: 1.76e-05
     Epoch[21] Iteration[30/48], entropy: 0.0243, loss: 1.0243, lr: 9.06e-05
     Epoch[21] Iteration[40/48], entropy: 0.0190, loss: 1.0195, lr: 3.84e-04
     Averaged stats: entropy: 0.0195, loss: 1.0440, lr: 5.00e-04
     itm tta time 0:00:09
### TTA Eval Score: 
+-------+--------+--------+--------+--------+--------+
| epoch |   R1   |   R5   |  R10   |  mAP   |  mINP  |
+-------+--------+--------+--------+--------+--------+
|  -999 | 57.602 | 75.975 | 82.765 | 51.446 | 35.716 |
|   0   | 57.651 | 76.170 | 83.025 | 51.587 | 35.856 |
|   1   | 57.927 | 76.202 | 83.122 | 51.741 | 35.991 |
|   2   | 58.106 | 76.267 | 83.187 | 51.880 | 36.051 |
|   3   | 58.025 | 76.446 | 83.236 | 51.947 | 36.122 |
|   4   | 58.187 | 76.397 | 83.415 | 52.054 | 36.158 |
|   5   | 58.350 | 76.429 | 83.480 | 52.124 | 36.204 |
|   6   | 58.317 | 76.397 | 83.512 | 52.166 | 36.237 |
|   7   | 58.463 | 76.543 | 83.577 | 52.266 | 36.377 |
|   8   | 58.577 | 76.478 | 83.577 | 52.337 | 36.420 |
|   9   | 58.626 | 76.543 | 83.707 | 52.376 | 36.431 |
|   10  | 58.545 | 76.592 | 83.707 | 52.371 | 36.438 |
|   11  | 58.561 | 76.559 | 83.756 | 52.382 | 36.460 |
|   12  | 58.642 | 76.559 | 83.804 | 52.397 | 36.443 |
|   13  | 58.626 | 76.689 | 83.837 | 52.433 | 36.458 |
|   14  | 58.739 | 76.641 | 83.804 | 52.461 | 36.481 |
|   15  | 58.788 | 76.608 | 83.739 | 52.481 | 36.454 |
|   16  | 58.821 | 76.624 | 83.674 | 52.473 | 36.425 |
|   17  | 58.739 | 76.641 | 83.707 | 52.467 | 36.440 |
|   18  | 58.707 | 76.689 | 83.707 | 52.528 | 36.518 |
|   19  | 58.658 | 76.819 | 83.723 | 52.511 | 36.532 |
|   20  | 58.658 | 76.771 | 83.821 | 52.499 | 36.500 |
|   21  | 58.772 | 76.803 | 83.756 | 52.508 | 36.498 |
+-------+--------+--------+--------+--------+--------+
     logs:  {'epo': 21, 'R1': np.float32(58.772), 'R5': np.float32(76.803), 'R10': np.float32(83.756), 'mAP': np.float32(52.508), 'mINP': np.float32(36.498), 'entropy': 0.03267465531826019, 'loss': 1.0333488881587982, 'lr': 0.000189463552429462}
     Epoch[22] Iteration[10/48], entropy: 0.0417, loss: 1.0418, lr: 3.27e-04
     Epoch[22] Iteration[20/48], entropy: 0.0494, loss: 1.0506, lr: 4.77e-05
     Epoch[22] Iteration[30/48], entropy: 0.0393, loss: 1.0594, lr: 4.77e-05
     Epoch[22] Iteration[40/48], entropy: 0.0367, loss: 1.0433, lr: 3.27e-04
     Averaged stats: entropy: 0.0244, loss: 1.0312, lr: 4.92e-04
     itm tta time 0:00:09
### TTA Eval Score: 
+-------+--------+--------+--------+--------+--------+
| epoch |   R1   |   R5   |  R10   |  mAP   |  mINP  |
+-------+--------+--------+--------+--------+--------+
|  -999 | 57.602 | 75.975 | 82.765 | 51.446 | 35.716 |
|   0   | 57.651 | 76.170 | 83.025 | 51.587 | 35.856 |
|   1   | 57.927 | 76.202 | 83.122 | 51.741 | 35.991 |
|   2   | 58.106 | 76.267 | 83.187 | 51.880 | 36.051 |
|   3   | 58.025 | 76.446 | 83.236 | 51.947 | 36.122 |
|   4   | 58.187 | 76.397 | 83.415 | 52.054 | 36.158 |
|   5   | 58.350 | 76.429 | 83.480 | 52.124 | 36.204 |
|   6   | 58.317 | 76.397 | 83.512 | 52.166 | 36.237 |
|   7   | 58.463 | 76.543 | 83.577 | 52.266 | 36.377 |
|   8   | 58.577 | 76.478 | 83.577 | 52.337 | 36.420 |
|   9   | 58.626 | 76.543 | 83.707 | 52.376 | 36.431 |
|   10  | 58.545 | 76.592 | 83.707 | 52.371 | 36.438 |
|   11  | 58.561 | 76.559 | 83.756 | 52.382 | 36.460 |
|   12  | 58.642 | 76.559 | 83.804 | 52.397 | 36.443 |
|   13  | 58.626 | 76.689 | 83.837 | 52.433 | 36.458 |
|   14  | 58.739 | 76.641 | 83.804 | 52.461 | 36.481 |
|   15  | 58.788 | 76.608 | 83.739 | 52.481 | 36.454 |
|   16  | 58.821 | 76.624 | 83.674 | 52.473 | 36.425 |
|   17  | 58.739 | 76.641 | 83.707 | 52.467 | 36.440 |
|   18  | 58.707 | 76.689 | 83.707 | 52.528 | 36.518 |
|   19  | 58.658 | 76.819 | 83.723 | 52.511 | 36.532 |
|   20  | 58.658 | 76.771 | 83.821 | 52.499 | 36.500 |
|   21  | 58.772 | 76.803 | 83.756 | 52.508 | 36.498 |
|   22  | 58.674 | 76.884 | 83.756 | 52.530 | 36.538 |
+-------+--------+--------+--------+--------+--------+
     logs:  {'epo': 22, 'R1': np.float32(58.674), 'R5': np.float32(76.884), 'R10': np.float32(83.756), 'mAP': np.float32(52.53), 'mINP': np.float32(36.538), 'entropy': 0.04179184231907129, 'loss': 1.0487720668315887, 'lr': 0.00018750000000000152}
     Epoch[23] Iteration[10/48], entropy: 0.0111, loss: 1.0190, lr: 3.84e-04
     Epoch[23] Iteration[20/48], entropy: 0.0592, loss: 1.0631, lr: 9.06e-05
     Epoch[23] Iteration[30/48], entropy: 0.0597, loss: 1.0751, lr: 1.76e-05
     Epoch[23] Iteration[40/48], entropy: 0.0527, loss: 1.0574, lr: 2.66e-04
     Averaged stats: entropy: 0.0197, loss: 1.0226, lr: 4.69e-04
     itm tta time 0:00:09
### TTA Eval Score: 
+-------+--------+--------+--------+--------+--------+
| epoch |   R1   |   R5   |  R10   |  mAP   |  mINP  |
+-------+--------+--------+--------+--------+--------+
|  -999 | 57.602 | 75.975 | 82.765 | 51.446 | 35.716 |
|   0   | 57.651 | 76.170 | 83.025 | 51.587 | 35.856 |
|   1   | 57.927 | 76.202 | 83.122 | 51.741 | 35.991 |
|   2   | 58.106 | 76.267 | 83.187 | 51.880 | 36.051 |
|   3   | 58.025 | 76.446 | 83.236 | 51.947 | 36.122 |
|   4   | 58.187 | 76.397 | 83.415 | 52.054 | 36.158 |
|   5   | 58.350 | 76.429 | 83.480 | 52.124 | 36.204 |
|   6   | 58.317 | 76.397 | 83.512 | 52.166 | 36.237 |
|   7   | 58.463 | 76.543 | 83.577 | 52.266 | 36.377 |
|   8   | 58.577 | 76.478 | 83.577 | 52.337 | 36.420 |
|   9   | 58.626 | 76.543 | 83.707 | 52.376 | 36.431 |
|   10  | 58.545 | 76.592 | 83.707 | 52.371 | 36.438 |
|   11  | 58.561 | 76.559 | 83.756 | 52.382 | 36.460 |
|   12  | 58.642 | 76.559 | 83.804 | 52.397 | 36.443 |
|   13  | 58.626 | 76.689 | 83.837 | 52.433 | 36.458 |
|   14  | 58.739 | 76.641 | 83.804 | 52.461 | 36.481 |
|   15  | 58.788 | 76.608 | 83.739 | 52.481 | 36.454 |
|   16  | 58.821 | 76.624 | 83.674 | 52.473 | 36.425 |
|   17  | 58.739 | 76.641 | 83.707 | 52.467 | 36.440 |
|   18  | 58.707 | 76.689 | 83.707 | 52.528 | 36.518 |
|   19  | 58.658 | 76.819 | 83.723 | 52.511 | 36.532 |
|   20  | 58.658 | 76.771 | 83.821 | 52.499 | 36.500 |
|   21  | 58.772 | 76.803 | 83.756 | 52.508 | 36.498 |
|   22  | 58.674 | 76.884 | 83.756 | 52.530 | 36.538 |
|   23  | 58.707 | 76.852 | 83.756 | 52.511 | 36.514 |
+-------+--------+--------+--------+--------+--------+
     logs:  {'epo': 23, 'R1': np.float32(58.707), 'R5': np.float32(76.852), 'R10': np.float32(83.756), 'mAP': np.float32(52.511), 'mINP': np.float32(36.514), 'entropy': 0.0456821050029248, 'loss': 1.0536666512489319, 'lr': 0.00018946355242946075}
     Epoch[24] Iteration[10/48], entropy: 0.0898, loss: 1.0969, lr: 4.32e-04
     Epoch[24] Iteration[20/48], entropy: 0.0782, loss: 1.0812, lr: 1.44e-04
     Epoch[24] Iteration[30/48], entropy: 0.0190, loss: 1.0206, lr: 1.97e-06
     Epoch[24] Iteration[40/48], entropy: 0.0377, loss: 1.0377, lr: 2.03e-04
     Averaged stats: entropy: 0.0239, loss: 1.0338, lr: 4.32e-04
     itm tta time 0:00:09
### TTA Eval Score: 
+-------+--------+--------+--------+--------+--------+
| epoch |   R1   |   R5   |  R10   |  mAP   |  mINP  |
+-------+--------+--------+--------+--------+--------+
|  -999 | 57.602 | 75.975 | 82.765 | 51.446 | 35.716 |
|   0   | 57.651 | 76.170 | 83.025 | 51.587 | 35.856 |
|   1   | 57.927 | 76.202 | 83.122 | 51.741 | 35.991 |
|   2   | 58.106 | 76.267 | 83.187 | 51.880 | 36.051 |
|   3   | 58.025 | 76.446 | 83.236 | 51.947 | 36.122 |
|   4   | 58.187 | 76.397 | 83.415 | 52.054 | 36.158 |
|   5   | 58.350 | 76.429 | 83.480 | 52.124 | 36.204 |
|   6   | 58.317 | 76.397 | 83.512 | 52.166 | 36.237 |
|   7   | 58.463 | 76.543 | 83.577 | 52.266 | 36.377 |
|   8   | 58.577 | 76.478 | 83.577 | 52.337 | 36.420 |
|   9   | 58.626 | 76.543 | 83.707 | 52.376 | 36.431 |
|   10  | 58.545 | 76.592 | 83.707 | 52.371 | 36.438 |
|   11  | 58.561 | 76.559 | 83.756 | 52.382 | 36.460 |
|   12  | 58.642 | 76.559 | 83.804 | 52.397 | 36.443 |
|   13  | 58.626 | 76.689 | 83.837 | 52.433 | 36.458 |
|   14  | 58.739 | 76.641 | 83.804 | 52.461 | 36.481 |
|   15  | 58.788 | 76.608 | 83.739 | 52.481 | 36.454 |
|   16  | 58.821 | 76.624 | 83.674 | 52.473 | 36.425 |
|   17  | 58.739 | 76.641 | 83.707 | 52.467 | 36.440 |
|   18  | 58.707 | 76.689 | 83.707 | 52.528 | 36.518 |
|   19  | 58.658 | 76.819 | 83.723 | 52.511 | 36.532 |
|   20  | 58.658 | 76.771 | 83.821 | 52.499 | 36.500 |
|   21  | 58.772 | 76.803 | 83.756 | 52.508 | 36.498 |
|   22  | 58.674 | 76.884 | 83.756 | 52.530 | 36.538 |
|   23  | 58.707 | 76.852 | 83.756 | 52.511 | 36.514 |
|   24  | 58.772 | 76.803 | 83.593 | 52.559 | 36.552 |
+-------+--------+--------+--------+--------+--------+
     logs:  {'epo': 24, 'R1': np.float32(58.772), 'R5': np.float32(76.803), 'R10': np.float32(83.593), 'mAP': np.float32(52.559), 'mINP': np.float32(36.552), 'entropy': 0.056173722725361586, 'loss': 1.0591144561767578, 'lr': 0.00019523083249725767}
     Epoch[25] Iteration[10/48], entropy: 0.0401, loss: 1.0403, lr: 4.69e-04
     Epoch[25] Iteration[20/48], entropy: 0.0226, loss: 1.0237, lr: 2.03e-04
     Epoch[25] Iteration[30/48], entropy: 0.0264, loss: 1.0274, lr: 1.97e-06
     Epoch[25] Iteration[40/48], entropy: 0.0618, loss: 1.0788, lr: 1.44e-04
     Averaged stats: entropy: 0.0385, loss: 1.0575, lr: 3.84e-04
     itm tta time 0:00:09
### TTA Eval Score: 
+-------+--------+--------+--------+--------+--------+
| epoch |   R1   |   R5   |  R10   |  mAP   |  mINP  |
+-------+--------+--------+--------+--------+--------+
|  -999 | 57.602 | 75.975 | 82.765 | 51.446 | 35.716 |
|   0   | 57.651 | 76.170 | 83.025 | 51.587 | 35.856 |
|   1   | 57.927 | 76.202 | 83.122 | 51.741 | 35.991 |
|   2   | 58.106 | 76.267 | 83.187 | 51.880 | 36.051 |
|   3   | 58.025 | 76.446 | 83.236 | 51.947 | 36.122 |
|   4   | 58.187 | 76.397 | 83.415 | 52.054 | 36.158 |
|   5   | 58.350 | 76.429 | 83.480 | 52.124 | 36.204 |
|   6   | 58.317 | 76.397 | 83.512 | 52.166 | 36.237 |
|   7   | 58.463 | 76.543 | 83.577 | 52.266 | 36.377 |
|   8   | 58.577 | 76.478 | 83.577 | 52.337 | 36.420 |
|   9   | 58.626 | 76.543 | 83.707 | 52.376 | 36.431 |
|   10  | 58.545 | 76.592 | 83.707 | 52.371 | 36.438 |
|   11  | 58.561 | 76.559 | 83.756 | 52.382 | 36.460 |
|   12  | 58.642 | 76.559 | 83.804 | 52.397 | 36.443 |
|   13  | 58.626 | 76.689 | 83.837 | 52.433 | 36.458 |
|   14  | 58.739 | 76.641 | 83.804 | 52.461 | 36.481 |
|   15  | 58.788 | 76.608 | 83.739 | 52.481 | 36.454 |
|   16  | 58.821 | 76.624 | 83.674 | 52.473 | 36.425 |
|   17  | 58.739 | 76.641 | 83.707 | 52.467 | 36.440 |
|   18  | 58.707 | 76.689 | 83.707 | 52.528 | 36.518 |
|   19  | 58.658 | 76.819 | 83.723 | 52.511 | 36.532 |
|   20  | 58.658 | 76.771 | 83.821 | 52.499 | 36.500 |
|   21  | 58.772 | 76.803 | 83.756 | 52.508 | 36.498 |
|   22  | 58.674 | 76.884 | 83.756 | 52.530 | 36.538 |
|   23  | 58.707 | 76.852 | 83.756 | 52.511 | 36.514 |
|   24  | 58.772 | 76.803 | 83.593 | 52.559 | 36.552 |
|   25  | 58.804 | 76.787 | 83.609 | 52.557 | 36.531 |
+-------+--------+--------+--------+--------+--------+
     logs:  {'epo': 25, 'R1': np.float32(58.804), 'R5': np.float32(76.787), 'R10': np.float32(83.609), 'mAP': np.float32(52.557), 'mINP': np.float32(36.531), 'entropy': 0.03773162793368101, 'loss': 1.042540192604065, 'lr': 0.00020443946078616123}
     Epoch[26] Iteration[10/48], entropy: 0.0142, loss: 1.0155, lr: 4.92e-04
     Epoch[26] Iteration[20/48], entropy: 0.0132, loss: 1.0135, lr: 2.66e-04
     Epoch[26] Iteration[30/48], entropy: 0.0644, loss: 1.0762, lr: 1.76e-05
     Epoch[26] Iteration[40/48], entropy: 0.0265, loss: 1.0357, lr: 9.06e-05
     Averaged stats: entropy: 0.0239, loss: 1.0265, lr: 3.27e-04
     itm tta time 0:00:09
### TTA Eval Score: 
+-------+--------+--------+--------+--------+--------+
| epoch |   R1   |   R5   |  R10   |  mAP   |  mINP  |
+-------+--------+--------+--------+--------+--------+
|  -999 | 57.602 | 75.975 | 82.765 | 51.446 | 35.716 |
|   0   | 57.651 | 76.170 | 83.025 | 51.587 | 35.856 |
|   1   | 57.927 | 76.202 | 83.122 | 51.741 | 35.991 |
|   2   | 58.106 | 76.267 | 83.187 | 51.880 | 36.051 |
|   3   | 58.025 | 76.446 | 83.236 | 51.947 | 36.122 |
|   4   | 58.187 | 76.397 | 83.415 | 52.054 | 36.158 |
|   5   | 58.350 | 76.429 | 83.480 | 52.124 | 36.204 |
|   6   | 58.317 | 76.397 | 83.512 | 52.166 | 36.237 |
|   7   | 58.463 | 76.543 | 83.577 | 52.266 | 36.377 |
|   8   | 58.577 | 76.478 | 83.577 | 52.337 | 36.420 |
|   9   | 58.626 | 76.543 | 83.707 | 52.376 | 36.431 |
|   10  | 58.545 | 76.592 | 83.707 | 52.371 | 36.438 |
|   11  | 58.561 | 76.559 | 83.756 | 52.382 | 36.460 |
|   12  | 58.642 | 76.559 | 83.804 | 52.397 | 36.443 |
|   13  | 58.626 | 76.689 | 83.837 | 52.433 | 36.458 |
|   14  | 58.739 | 76.641 | 83.804 | 52.461 | 36.481 |
|   15  | 58.788 | 76.608 | 83.739 | 52.481 | 36.454 |
|   16  | 58.821 | 76.624 | 83.674 | 52.473 | 36.425 |
|   17  | 58.739 | 76.641 | 83.707 | 52.467 | 36.440 |
|   18  | 58.707 | 76.689 | 83.707 | 52.528 | 36.518 |
|   19  | 58.658 | 76.819 | 83.723 | 52.511 | 36.532 |
|   20  | 58.658 | 76.771 | 83.821 | 52.499 | 36.500 |
|   21  | 58.772 | 76.803 | 83.756 | 52.508 | 36.498 |
|   22  | 58.674 | 76.884 | 83.756 | 52.530 | 36.538 |
|   23  | 58.707 | 76.852 | 83.756 | 52.511 | 36.514 |
|   24  | 58.772 | 76.803 | 83.593 | 52.559 | 36.552 |
|   25  | 58.804 | 76.787 | 83.609 | 52.557 | 36.531 |
|   26  | 58.756 | 76.803 | 83.642 | 52.538 | 36.536 |
+-------+--------+--------+--------+--------+--------+
     logs:  {'epo': 26, 'R1': np.float32(58.756), 'R5': np.float32(76.803), 'R10': np.float32(83.642), 'mAP': np.float32(52.538), 'mINP': np.float32(36.536), 'entropy': 0.0295444808434695, 'loss': 1.0352099239826202, 'lr': 0.00021651082531381374}
     Epoch[27] Iteration[10/48], entropy: 0.0227, loss: 1.0325, lr: 5.00e-04
     Epoch[27] Iteration[20/48], entropy: 0.0082, loss: 1.0083, lr: 3.27e-04
     Epoch[27] Iteration[30/48], entropy: 0.0165, loss: 1.0166, lr: 4.77e-05
     Epoch[27] Iteration[40/48], entropy: 0.0155, loss: 1.0190, lr: 4.77e-05
     Averaged stats: entropy: 0.0146, loss: 1.0147, lr: 2.66e-04
     itm tta time 0:00:09
### TTA Eval Score: 
+-------+--------+--------+--------+--------+--------+
| epoch |   R1   |   R5   |  R10   |  mAP   |  mINP  |
+-------+--------+--------+--------+--------+--------+
|  -999 | 57.602 | 75.975 | 82.765 | 51.446 | 35.716 |
|   0   | 57.651 | 76.170 | 83.025 | 51.587 | 35.856 |
|   1   | 57.927 | 76.202 | 83.122 | 51.741 | 35.991 |
|   2   | 58.106 | 76.267 | 83.187 | 51.880 | 36.051 |
|   3   | 58.025 | 76.446 | 83.236 | 51.947 | 36.122 |
|   4   | 58.187 | 76.397 | 83.415 | 52.054 | 36.158 |
|   5   | 58.350 | 76.429 | 83.480 | 52.124 | 36.204 |
|   6   | 58.317 | 76.397 | 83.512 | 52.166 | 36.237 |
|   7   | 58.463 | 76.543 | 83.577 | 52.266 | 36.377 |
|   8   | 58.577 | 76.478 | 83.577 | 52.337 | 36.420 |
|   9   | 58.626 | 76.543 | 83.707 | 52.376 | 36.431 |
|   10  | 58.545 | 76.592 | 83.707 | 52.371 | 36.438 |
|   11  | 58.561 | 76.559 | 83.756 | 52.382 | 36.460 |
|   12  | 58.642 | 76.559 | 83.804 | 52.397 | 36.443 |
|   13  | 58.626 | 76.689 | 83.837 | 52.433 | 36.458 |
|   14  | 58.739 | 76.641 | 83.804 | 52.461 | 36.481 |
|   15  | 58.788 | 76.608 | 83.739 | 52.481 | 36.454 |
|   16  | 58.821 | 76.624 | 83.674 | 52.473 | 36.425 |
|   17  | 58.739 | 76.641 | 83.707 | 52.467 | 36.440 |
|   18  | 58.707 | 76.689 | 83.707 | 52.528 | 36.518 |
|   19  | 58.658 | 76.819 | 83.723 | 52.511 | 36.532 |
|   20  | 58.658 | 76.771 | 83.821 | 52.499 | 36.500 |
|   21  | 58.772 | 76.803 | 83.756 | 52.508 | 36.498 |
|   22  | 58.674 | 76.884 | 83.756 | 52.530 | 36.538 |
|   23  | 58.707 | 76.852 | 83.756 | 52.511 | 36.514 |
|   24  | 58.772 | 76.803 | 83.593 | 52.559 | 36.552 |
|   25  | 58.804 | 76.787 | 83.609 | 52.557 | 36.531 |
|   26  | 58.756 | 76.803 | 83.642 | 52.538 | 36.536 |
|   27  | 58.837 | 76.852 | 83.626 | 52.564 | 36.540 |
+-------+--------+--------+--------+--------+--------+
     logs:  {'epo': 27, 'R1': np.float32(58.837), 'R5': np.float32(76.852), 'R10': np.float32(83.626), 'mAP': np.float32(52.564), 'mINP': np.float32(36.54), 'entropy': 0.015742869582027197, 'loss': 1.0191247165203094, 'lr': 0.00023068643785156687}
     Epoch[28] Iteration[10/48], entropy: 0.0096, loss: 1.0097, lr: 4.92e-04
     Epoch[28] Iteration[20/48], entropy: 0.0391, loss: 1.0581, lr: 3.84e-04
     Epoch[28] Iteration[30/48], entropy: 0.0497, loss: 1.0639, lr: 9.06e-05
     Epoch[28] Iteration[40/48], entropy: 0.0113, loss: 1.0163, lr: 1.76e-05
     Averaged stats: entropy: 0.0326, loss: 1.0350, lr: 2.03e-04
     itm tta time 0:00:09
### TTA Eval Score: 
+-------+--------+--------+--------+--------+--------+
| epoch |   R1   |   R5   |  R10   |  mAP   |  mINP  |
+-------+--------+--------+--------+--------+--------+
|  -999 | 57.602 | 75.975 | 82.765 | 51.446 | 35.716 |
|   0   | 57.651 | 76.170 | 83.025 | 51.587 | 35.856 |
|   1   | 57.927 | 76.202 | 83.122 | 51.741 | 35.991 |
|   2   | 58.106 | 76.267 | 83.187 | 51.880 | 36.051 |
|   3   | 58.025 | 76.446 | 83.236 | 51.947 | 36.122 |
|   4   | 58.187 | 76.397 | 83.415 | 52.054 | 36.158 |
|   5   | 58.350 | 76.429 | 83.480 | 52.124 | 36.204 |
|   6   | 58.317 | 76.397 | 83.512 | 52.166 | 36.237 |
|   7   | 58.463 | 76.543 | 83.577 | 52.266 | 36.377 |
|   8   | 58.577 | 76.478 | 83.577 | 52.337 | 36.420 |
|   9   | 58.626 | 76.543 | 83.707 | 52.376 | 36.431 |
|   10  | 58.545 | 76.592 | 83.707 | 52.371 | 36.438 |
|   11  | 58.561 | 76.559 | 83.756 | 52.382 | 36.460 |
|   12  | 58.642 | 76.559 | 83.804 | 52.397 | 36.443 |
|   13  | 58.626 | 76.689 | 83.837 | 52.433 | 36.458 |
|   14  | 58.739 | 76.641 | 83.804 | 52.461 | 36.481 |
|   15  | 58.788 | 76.608 | 83.739 | 52.481 | 36.454 |
|   16  | 58.821 | 76.624 | 83.674 | 52.473 | 36.425 |
|   17  | 58.739 | 76.641 | 83.707 | 52.467 | 36.440 |
|   18  | 58.707 | 76.689 | 83.707 | 52.528 | 36.518 |
|   19  | 58.658 | 76.819 | 83.723 | 52.511 | 36.532 |
|   20  | 58.658 | 76.771 | 83.821 | 52.499 | 36.500 |
|   21  | 58.772 | 76.803 | 83.756 | 52.508 | 36.498 |
|   22  | 58.674 | 76.884 | 83.756 | 52.530 | 36.538 |
|   23  | 58.707 | 76.852 | 83.756 | 52.511 | 36.514 |
|   24  | 58.772 | 76.803 | 83.593 | 52.559 | 36.552 |
|   25  | 58.804 | 76.787 | 83.609 | 52.557 | 36.531 |
|   26  | 58.756 | 76.803 | 83.642 | 52.538 | 36.536 |
|   27  | 58.837 | 76.852 | 83.626 | 52.564 | 36.540 |
|   28  | 58.756 | 76.868 | 83.609 | 52.550 | 36.535 |
+-------+--------+--------+--------+--------+--------+
     logs:  {'epo': 28, 'R1': np.float32(58.756), 'R5': np.float32(76.868), 'R10': np.float32(83.609), 'mAP': np.float32(52.55), 'mINP': np.float32(36.535), 'entropy': 0.027413300704210997, 'loss': 1.0369980931282043, 'lr': 0.0002460755925294194}
     Epoch[29] Iteration[10/48], entropy: 0.0199, loss: 1.0199, lr: 4.69e-04
     Epoch[29] Iteration[20/48], entropy: 0.0072, loss: 1.0116, lr: 4.32e-04
     Epoch[29] Iteration[30/48], entropy: 0.0220, loss: 1.0354, lr: 1.44e-04
     Epoch[29] Iteration[40/48], entropy: 0.0237, loss: 1.0265, lr: 1.97e-06
     Averaged stats: entropy: 0.0253, loss: 1.0410, lr: 1.44e-04
     itm tta time 0:00:09
### TTA Eval Score: 
+-------+--------+--------+--------+--------+--------+
| epoch |   R1   |   R5   |  R10   |  mAP   |  mINP  |
+-------+--------+--------+--------+--------+--------+
|  -999 | 57.602 | 75.975 | 82.765 | 51.446 | 35.716 |
|   0   | 57.651 | 76.170 | 83.025 | 51.587 | 35.856 |
|   1   | 57.927 | 76.202 | 83.122 | 51.741 | 35.991 |
|   2   | 58.106 | 76.267 | 83.187 | 51.880 | 36.051 |
|   3   | 58.025 | 76.446 | 83.236 | 51.947 | 36.122 |
|   4   | 58.187 | 76.397 | 83.415 | 52.054 | 36.158 |
|   5   | 58.350 | 76.429 | 83.480 | 52.124 | 36.204 |
|   6   | 58.317 | 76.397 | 83.512 | 52.166 | 36.237 |
|   7   | 58.463 | 76.543 | 83.577 | 52.266 | 36.377 |
|   8   | 58.577 | 76.478 | 83.577 | 52.337 | 36.420 |
|   9   | 58.626 | 76.543 | 83.707 | 52.376 | 36.431 |
|   10  | 58.545 | 76.592 | 83.707 | 52.371 | 36.438 |
|   11  | 58.561 | 76.559 | 83.756 | 52.382 | 36.460 |
|   12  | 58.642 | 76.559 | 83.804 | 52.397 | 36.443 |
|   13  | 58.626 | 76.689 | 83.837 | 52.433 | 36.458 |
|   14  | 58.739 | 76.641 | 83.804 | 52.461 | 36.481 |
|   15  | 58.788 | 76.608 | 83.739 | 52.481 | 36.454 |
|   16  | 58.821 | 76.624 | 83.674 | 52.473 | 36.425 |
|   17  | 58.739 | 76.641 | 83.707 | 52.467 | 36.440 |
|   18  | 58.707 | 76.689 | 83.707 | 52.528 | 36.518 |
|   19  | 58.658 | 76.819 | 83.723 | 52.511 | 36.532 |
|   20  | 58.658 | 76.771 | 83.821 | 52.499 | 36.500 |
|   21  | 58.772 | 76.803 | 83.756 | 52.508 | 36.498 |
|   22  | 58.674 | 76.884 | 83.756 | 52.530 | 36.538 |
|   23  | 58.707 | 76.852 | 83.756 | 52.511 | 36.514 |
|   24  | 58.772 | 76.803 | 83.593 | 52.559 | 36.552 |
|   25  | 58.804 | 76.787 | 83.609 | 52.557 | 36.531 |
|   26  | 58.756 | 76.803 | 83.642 | 52.538 | 36.536 |
|   27  | 58.837 | 76.852 | 83.626 | 52.564 | 36.540 |
|   28  | 58.756 | 76.868 | 83.609 | 52.550 | 36.535 |
|   29  | 58.853 | 76.836 | 83.707 | 52.582 | 36.553 |
+-------+--------+--------+--------+--------+--------+
     logs:  {'epo': 29, 'R1': np.float32(58.853), 'R5': np.float32(76.836), 'R10': np.float32(83.707), 'mAP': np.float32(52.582), 'mINP': np.float32(36.553), 'entropy': 0.018190786824561656, 'loss': 1.0233659744262695, 'lr': 0.0002617113321616085}
### best epoch 29 : {'epo': '29', 'R1': '58.853', 'R5': '76.836', 'R10': '83.707', 'mAP': '52.582', 'mINP': '36.553', 'entropy': '0.018190786824561656', 'loss': '1.0233659744262695', 'lr': '0.0002617113321616085'}
### Time 0:09:39
