Not using distributed mode
### Hyper-parameters:
     output_dir: output_rerun/mllm_cuhk_tta/exp2.0.0.2/2025090610410
     seed: 42
     device: cuda
     batch_size_tta: 16
     epochs: 30
     lr: 1e-05
### Creating test dataset
     test_txt_set: 6156    test_img_set: 3074
     test_txt_loader: 13    test_img_loader: 7
### Creating model
Training Model with ['sdm', 'id', 'mlm'] tasks
Resized position embedding from size:torch.Size([1, 197, 768]) to size: torch.Size([1, 193, 768]) with height:24 width: 8
     Total Params Sum:  194535419
### Zero-Shot Score: 
/home/jiahao/task/IRRA/tta.py:261: FutureWarning: `torch.cuda.amp.GradScaler(args...)` is deprecated. Please use `torch.amp.GradScaler('cuda', args...)` instead.
  scaler = GradScaler()  # bf16
+-------+--------+--------+--------+--------+--------+
| epoch |   R1   |   R5   |  R10   |  mAP   |  mINP  |
+-------+--------+--------+--------+--------+--------+
|  -999 | 57.602 | 75.975 | 82.765 | 51.446 | 35.716 |
+-------+--------+--------+--------+--------+--------+
### TTA:
### Compute Cos Similarity Uncertainty
     preprocess_tta_coefficients  start
     sample selection ...
     number of sample after sample_selection: 777
     uncertainty ...
     pos/neg sampling ...
      number of sample after pos/neg sampling: torch.Size([6156, 8])
     preprocess_tta_coefficients  end
### Creating TTA dataset
     tta_dataset: 777
### Creating tta dataloader
### be careful: func create_loader returns a list length of 1
     tta_loader: 48
### Configure adapted weights
     TTA Dropout Modules: 
 []
     TTA Require Gradient Params: 
 [('base_model.transformer.resblocks.1.ln_1.weight', torch.Size([512])), ('base_model.transformer.resblocks.1.ln_1.bias', torch.Size([512])), ('base_model.transformer.resblocks.1.ln_2.weight', torch.Size([512])), ('base_model.transformer.resblocks.1.ln_2.bias', torch.Size([512])), ('base_model.transformer.resblocks.2.ln_1.weight', torch.Size([512])), ('base_model.transformer.resblocks.2.ln_1.bias', torch.Size([512])), ('base_model.transformer.resblocks.2.ln_2.weight', torch.Size([512])), ('base_model.transformer.resblocks.2.ln_2.bias', torch.Size([512])), ('base_model.transformer.resblocks.3.ln_1.weight', torch.Size([512])), ('base_model.transformer.resblocks.3.ln_1.bias', torch.Size([512])), ('base_model.transformer.resblocks.3.ln_2.weight', torch.Size([512])), ('base_model.transformer.resblocks.3.ln_2.bias', torch.Size([512])), ('base_model.transformer.resblocks.4.ln_1.weight', torch.Size([512])), ('base_model.transformer.resblocks.4.ln_1.bias', torch.Size([512])), ('base_model.transformer.resblocks.4.ln_2.weight', torch.Size([512])), ('base_model.transformer.resblocks.4.ln_2.bias', torch.Size([512])), ('base_model.transformer.resblocks.5.ln_1.weight', torch.Size([512])), ('base_model.transformer.resblocks.5.ln_1.bias', torch.Size([512])), ('base_model.transformer.resblocks.5.ln_2.weight', torch.Size([512])), ('base_model.transformer.resblocks.5.ln_2.bias', torch.Size([512])), ('base_model.transformer.resblocks.7.ln_1.weight', torch.Size([512])), ('base_model.transformer.resblocks.7.ln_1.bias', torch.Size([512])), ('base_model.transformer.resblocks.7.ln_2.weight', torch.Size([512])), ('base_model.transformer.resblocks.7.ln_2.bias', torch.Size([512])), ('base_model.transformer.resblocks.8.ln_1.weight', torch.Size([512])), ('base_model.transformer.resblocks.8.ln_1.bias', torch.Size([512])), ('base_model.transformer.resblocks.8.ln_2.weight', torch.Size([512])), ('base_model.transformer.resblocks.8.ln_2.bias', torch.Size([512])), ('base_model.transformer.resblocks.9.ln_1.weight', torch.Size([512])), ('base_model.transformer.resblocks.9.ln_1.bias', torch.Size([512])), ('base_model.transformer.resblocks.9.ln_2.weight', torch.Size([512])), ('base_model.transformer.resblocks.9.ln_2.bias', torch.Size([512])), ('base_model.transformer.resblocks.10.ln_1.weight', torch.Size([512])), ('base_model.transformer.resblocks.10.ln_1.bias', torch.Size([512])), ('base_model.transformer.resblocks.10.ln_2.weight', torch.Size([512])), ('base_model.transformer.resblocks.10.ln_2.bias', torch.Size([512])), ('base_model.transformer.resblocks.11.ln_1.weight', torch.Size([512])), ('base_model.transformer.resblocks.11.ln_1.bias', torch.Size([512])), ('base_model.transformer.resblocks.11.ln_2.weight', torch.Size([512])), ('base_model.transformer.resblocks.11.ln_2.bias', torch.Size([512])), ('base_model.ln_final.weight', torch.Size([512])), ('base_model.ln_final.bias', torch.Size([512]))]
     TTA Dropout Modules Number: 
 0
     TTA Require Gradient Params Sum: 
 21504
Using 5.0 times learning rate for random init module 
### Start Test Time Adaptation
/home/jiahao/task/IRRA/tta.py:65: FutureWarning: `torch.cuda.amp.autocast(args...)` is deprecated. Please use `torch.amp.autocast('cuda', args...)` instead.
  with torch.cuda.amp.autocast(enabled=True):
     Epoch[0] Iteration[10/48], entropy: 0.0564, loss: 1.1001, lr: 9.38e-06
     Epoch[0] Iteration[20/48], entropy: 0.0448, loss: 1.1446, lr: 4.06e-06
     Epoch[0] Iteration[30/48], entropy: 0.0257, loss: 1.1466, lr: 3.94e-08
     Epoch[0] Iteration[40/48], entropy: 0.0433, loss: 1.1325, lr: 2.87e-06
     Averaged stats: entropy: 0.1102, loss: 1.1827, lr: 7.68e-06
     itm tta time 0:00:09
### TTA Eval Score: 
+-------+--------+--------+--------+--------+--------+
| epoch |   R1   |   R5   |  R10   |  mAP   |  mINP  |
+-------+--------+--------+--------+--------+--------+
|  -999 | 57.602 | 75.975 | 82.765 | 51.446 | 35.716 |
|   0   | 57.586 | 75.975 | 82.765 | 51.450 | 35.727 |
+-------+--------+--------+--------+--------+--------+
     logs:  {'epo': 0, 'R1': np.float32(57.586), 'R5': np.float32(75.975), 'R10': np.float32(82.765), 'mAP': np.float32(51.45), 'mINP': np.float32(35.727), 'entropy': 0.04255656525492668, 'loss': 1.1309669315814972, 'lr': 4.088789215723236e-06}
     Epoch[1] Iteration[10/48], entropy: 0.0295, loss: 1.1321, lr: 9.84e-06
     Epoch[1] Iteration[20/48], entropy: 0.0182, loss: 1.0678, lr: 5.31e-06
     Epoch[1] Iteration[30/48], entropy: 0.0890, loss: 1.1426, lr: 3.51e-07
     Epoch[1] Iteration[40/48], entropy: 0.0463, loss: 1.0788, lr: 1.81e-06
     Averaged stats: entropy: 0.0368, loss: 1.1002, lr: 6.55e-06
     itm tta time 0:00:09
### TTA Eval Score: 
+-------+--------+--------+--------+--------+--------+
| epoch |   R1   |   R5   |  R10   |  mAP   |  mINP  |
+-------+--------+--------+--------+--------+--------+
|  -999 | 57.602 | 75.975 | 82.765 | 51.446 | 35.716 |
|   0   | 57.586 | 75.975 | 82.765 | 51.450 | 35.727 |
|   1   | 57.570 | 75.991 | 82.781 | 51.450 | 35.724 |
+-------+--------+--------+--------+--------+--------+
     logs:  {'epo': 1, 'R1': np.float32(57.57), 'R5': np.float32(75.991), 'R10': np.float32(82.781), 'mAP': np.float32(51.45), 'mINP': np.float32(35.724), 'entropy': 0.04574632551521063, 'loss': 1.105295568704605, 'lr': 4.330216506276253e-06}
     Epoch[2] Iteration[10/48], entropy: 0.0629, loss: 1.1697, lr: 1.00e-05
     Epoch[2] Iteration[20/48], entropy: 0.0795, loss: 1.1652, lr: 6.55e-06
     Epoch[2] Iteration[30/48], entropy: 0.0105, loss: 1.0725, lr: 9.55e-07
     Epoch[2] Iteration[40/48], entropy: 0.0769, loss: 1.1634, lr: 9.55e-07
     Averaged stats: entropy: 0.0091, loss: 1.0905, lr: 5.31e-06
     itm tta time 0:00:09
### TTA Eval Score: 
+-------+--------+--------+--------+--------+--------+
| epoch |   R1   |   R5   |  R10   |  mAP   |  mINP  |
+-------+--------+--------+--------+--------+--------+
|  -999 | 57.602 | 75.975 | 82.765 | 51.446 | 35.716 |
|   0   | 57.586 | 75.975 | 82.765 | 51.450 | 35.727 |
|   1   | 57.570 | 75.991 | 82.781 | 51.450 | 35.724 |
|   2   | 57.570 | 75.958 | 82.814 | 51.447 | 35.731 |
+-------+--------+--------+--------+--------+--------+
     logs:  {'epo': 2, 'R1': np.float32(57.57), 'R5': np.float32(75.958), 'R10': np.float32(82.814), 'mAP': np.float32(51.447), 'mINP': np.float32(35.731), 'entropy': 0.057432821951806545, 'loss': 1.1427103877067566, 'lr': 4.613728757031315e-06}
     Epoch[3] Iteration[10/48], entropy: 0.0405, loss: 1.1367, lr: 9.84e-06
     Epoch[3] Iteration[20/48], entropy: 0.0382, loss: 1.1043, lr: 7.68e-06
     Epoch[3] Iteration[30/48], entropy: 0.0747, loss: 1.1259, lr: 1.81e-06
     Epoch[3] Iteration[40/48], entropy: 0.0586, loss: 1.1351, lr: 3.51e-07
     Averaged stats: entropy: 0.0090, loss: 1.0926, lr: 4.06e-06
     itm tta time 0:00:09
### TTA Eval Score: 
+-------+--------+--------+--------+--------+--------+
| epoch |   R1   |   R5   |  R10   |  mAP   |  mINP  |
+-------+--------+--------+--------+--------+--------+
|  -999 | 57.602 | 75.975 | 82.765 | 51.446 | 35.716 |
|   0   | 57.586 | 75.975 | 82.765 | 51.450 | 35.727 |
|   1   | 57.570 | 75.991 | 82.781 | 51.450 | 35.724 |
|   2   | 57.570 | 75.958 | 82.814 | 51.447 | 35.731 |
|   3   | 57.602 | 76.040 | 82.814 | 51.458 | 35.731 |
+-------+--------+--------+--------+--------+--------+
     logs:  {'epo': 3, 'R1': np.float32(57.602), 'R5': np.float32(76.04), 'R10': np.float32(82.814), 'mAP': np.float32(51.458), 'mINP': np.float32(35.731), 'entropy': 0.05300059448927641, 'loss': 1.1254956424236298, 'lr': 4.921511850588361e-06}
     Epoch[4] Iteration[10/48], entropy: 0.0227, loss: 1.0878, lr: 9.38e-06
     Epoch[4] Iteration[20/48], entropy: 0.0328, loss: 1.1341, lr: 8.64e-06
     Epoch[4] Iteration[30/48], entropy: 0.0639, loss: 1.1210, lr: 2.87e-06
     Epoch[4] Iteration[40/48], entropy: 0.0147, loss: 1.0735, lr: 3.94e-08
     Averaged stats: entropy: 0.0378, loss: 1.0756, lr: 2.87e-06
     itm tta time 0:00:09
### TTA Eval Score: 
+-------+--------+--------+--------+--------+--------+
| epoch |   R1   |   R5   |  R10   |  mAP   |  mINP  |
+-------+--------+--------+--------+--------+--------+
|  -999 | 57.602 | 75.975 | 82.765 | 51.446 | 35.716 |
|   0   | 57.586 | 75.975 | 82.765 | 51.450 | 35.727 |
|   1   | 57.570 | 75.991 | 82.781 | 51.450 | 35.724 |
|   2   | 57.570 | 75.958 | 82.814 | 51.447 | 35.731 |
|   3   | 57.602 | 76.040 | 82.814 | 51.458 | 35.731 |
|   4   | 57.586 | 76.007 | 82.814 | 51.456 | 35.736 |
+-------+--------+--------+--------+--------+--------+
     logs:  {'epo': 4, 'R1': np.float32(57.586), 'R5': np.float32(76.007), 'R10': np.float32(82.814), 'mAP': np.float32(51.456), 'mINP': np.float32(35.736), 'entropy': 0.03352471417747438, 'loss': 1.1041158735752106, 'lr': 5.234226643232154e-06}
     Epoch[5] Iteration[10/48], entropy: 0.0205, loss: 1.0462, lr: 8.64e-06
     Epoch[5] Iteration[20/48], entropy: 0.0877, loss: 1.1567, lr: 9.38e-06
     Epoch[5] Iteration[30/48], entropy: 0.0281, loss: 1.0646, lr: 4.06e-06
     Epoch[5] Iteration[40/48], entropy: 0.0599, loss: 1.1518, lr: 3.94e-08
     Averaged stats: entropy: 0.0494, loss: 1.1491, lr: 1.81e-06
     itm tta time 0:00:09
### TTA Eval Score: 
+-------+--------+--------+--------+--------+--------+
| epoch |   R1   |   R5   |  R10   |  mAP   |  mINP  |
+-------+--------+--------+--------+--------+--------+
|  -999 | 57.602 | 75.975 | 82.765 | 51.446 | 35.716 |
|   0   | 57.586 | 75.975 | 82.765 | 51.450 | 35.727 |
|   1   | 57.570 | 75.991 | 82.781 | 51.450 | 35.724 |
|   2   | 57.570 | 75.958 | 82.814 | 51.447 | 35.731 |
|   3   | 57.602 | 76.040 | 82.814 | 51.458 | 35.731 |
|   4   | 57.586 | 76.007 | 82.814 | 51.456 | 35.736 |
|   5   | 57.586 | 75.991 | 82.797 | 51.460 | 35.739 |
+-------+--------+--------+--------+--------+--------+
     logs:  {'epo': 5, 'R1': np.float32(57.586), 'R5': np.float32(75.991), 'R10': np.float32(82.797), 'mAP': np.float32(51.46), 'mINP': np.float32(35.739), 'entropy': 0.049057343509048223, 'loss': 1.1048396229743958, 'lr': 5.532224114456337e-06}
     Epoch[6] Iteration[10/48], entropy: 0.1791, loss: 1.2274, lr: 7.68e-06
     Epoch[6] Iteration[20/48], entropy: 0.0670, loss: 1.1308, lr: 9.84e-06
     Epoch[6] Iteration[30/48], entropy: 0.0722, loss: 1.1410, lr: 5.31e-06
     Epoch[6] Iteration[40/48], entropy: 0.1539, loss: 1.2271, lr: 3.51e-07
     Averaged stats: entropy: 0.0364, loss: 1.1426, lr: 9.55e-07
     itm tta time 0:00:09
### TTA Eval Score: 
+-------+--------+--------+--------+--------+--------+
| epoch |   R1   |   R5   |  R10   |  mAP   |  mINP  |
+-------+--------+--------+--------+--------+--------+
|  -999 | 57.602 | 75.975 | 82.765 | 51.446 | 35.716 |
|   0   | 57.586 | 75.975 | 82.765 | 51.450 | 35.727 |
|   1   | 57.570 | 75.991 | 82.781 | 51.450 | 35.724 |
|   2   | 57.570 | 75.958 | 82.814 | 51.447 | 35.731 |
|   3   | 57.602 | 76.040 | 82.814 | 51.458 | 35.731 |
|   4   | 57.586 | 76.007 | 82.814 | 51.456 | 35.736 |
|   5   | 57.586 | 75.991 | 82.797 | 51.460 | 35.739 |
|   6   | 57.602 | 75.991 | 82.814 | 51.460 | 35.736 |
+-------+--------+--------+--------+--------+--------+
     logs:  {'epo': 6, 'R1': np.float32(57.602), 'R5': np.float32(75.991), 'R10': np.float32(82.814), 'mAP': np.float32(51.46), 'mINP': np.float32(35.736), 'entropy': 0.11802582256495953, 'loss': 1.1815892457962036, 'lr': 5.796779987185862e-06}
     Epoch[7] Iteration[10/48], entropy: 0.0474, loss: 1.0942, lr: 6.55e-06
     Epoch[7] Iteration[20/48], entropy: 0.0909, loss: 1.1374, lr: 1.00e-05
     Epoch[7] Iteration[30/48], entropy: 0.0292, loss: 1.0796, lr: 6.55e-06
     Epoch[7] Iteration[40/48], entropy: 0.0032, loss: 1.1019, lr: 9.55e-07
     Averaged stats: entropy: 0.0416, loss: 1.1089, lr: 3.51e-07
     itm tta time 0:00:09
### TTA Eval Score: 
+-------+--------+--------+--------+--------+--------+
| epoch |   R1   |   R5   |  R10   |  mAP   |  mINP  |
+-------+--------+--------+--------+--------+--------+
|  -999 | 57.602 | 75.975 | 82.765 | 51.446 | 35.716 |
|   0   | 57.586 | 75.975 | 82.765 | 51.450 | 35.727 |
|   1   | 57.570 | 75.991 | 82.781 | 51.450 | 35.724 |
|   2   | 57.570 | 75.958 | 82.814 | 51.447 | 35.731 |
|   3   | 57.602 | 76.040 | 82.814 | 51.458 | 35.731 |
|   4   | 57.586 | 76.007 | 82.814 | 51.456 | 35.736 |
|   5   | 57.586 | 75.991 | 82.797 | 51.460 | 35.739 |
|   6   | 57.602 | 75.991 | 82.814 | 51.460 | 35.736 |
|   7   | 57.619 | 76.023 | 82.846 | 51.461 | 35.743 |
+-------+--------+--------+--------+--------+--------+
     logs:  {'epo': 7, 'R1': np.float32(57.619), 'R5': np.float32(76.023), 'R10': np.float32(82.846), 'mAP': np.float32(51.461), 'mINP': np.float32(35.743), 'entropy': 0.042690944857895374, 'loss': 1.1032904088497162, 'lr': 6.011271242968686e-06}
     Epoch[8] Iteration[10/48], entropy: 0.0791, loss: 1.1561, lr: 5.31e-06
     Epoch[8] Iteration[20/48], entropy: 0.0859, loss: 1.1851, lr: 9.84e-06
     Epoch[8] Iteration[30/48], entropy: 0.0377, loss: 1.0801, lr: 7.68e-06
     Epoch[8] Iteration[40/48], entropy: 0.0980, loss: 1.1673, lr: 1.81e-06
     Averaged stats: entropy: 0.0359, loss: 1.0989, lr: 3.94e-08
     itm tta time 0:00:09
### TTA Eval Score: 
+-------+--------+--------+--------+--------+--------+
| epoch |   R1   |   R5   |  R10   |  mAP   |  mINP  |
+-------+--------+--------+--------+--------+--------+
|  -999 | 57.602 | 75.975 | 82.765 | 51.446 | 35.716 |
|   0   | 57.586 | 75.975 | 82.765 | 51.450 | 35.727 |
|   1   | 57.570 | 75.991 | 82.781 | 51.450 | 35.724 |
|   2   | 57.570 | 75.958 | 82.814 | 51.447 | 35.731 |
|   3   | 57.602 | 76.040 | 82.814 | 51.458 | 35.731 |
|   4   | 57.586 | 76.007 | 82.814 | 51.456 | 35.736 |
|   5   | 57.586 | 75.991 | 82.797 | 51.460 | 35.739 |
|   6   | 57.602 | 75.991 | 82.814 | 51.460 | 35.736 |
|   7   | 57.619 | 76.023 | 82.846 | 51.461 | 35.743 |
|   8   | 57.521 | 76.040 | 82.830 | 51.451 | 35.749 |
+-------+--------+--------+--------+--------+--------+
     logs:  {'epo': 8, 'R1': np.float32(57.521), 'R5': np.float32(76.04), 'R10': np.float32(82.83), 'mAP': np.float32(51.451), 'mINP': np.float32(35.749), 'entropy': 0.075174855068326, 'loss': 1.1471516489982605, 'lr': 6.162220607360322e-06}
     Epoch[9] Iteration[10/48], entropy: 0.0333, loss: 1.1226, lr: 4.06e-06
     Epoch[9] Iteration[20/48], entropy: 0.0943, loss: 1.1619, lr: 9.38e-06
     Epoch[9] Iteration[30/48], entropy: 0.0266, loss: 1.1045, lr: 8.64e-06
     Epoch[9] Iteration[40/48], entropy: 0.0132, loss: 1.0723, lr: 2.87e-06
     Averaged stats: entropy: 0.1578, loss: 1.2065, lr: 3.94e-08
     itm tta time 0:00:09
### TTA Eval Score: 
+-------+--------+--------+--------+--------+--------+
| epoch |   R1   |   R5   |  R10   |  mAP   |  mINP  |
+-------+--------+--------+--------+--------+--------+
|  -999 | 57.602 | 75.975 | 82.765 | 51.446 | 35.716 |
|   0   | 57.586 | 75.975 | 82.765 | 51.450 | 35.727 |
|   1   | 57.570 | 75.991 | 82.781 | 51.450 | 35.724 |
|   2   | 57.570 | 75.958 | 82.814 | 51.447 | 35.731 |
|   3   | 57.602 | 76.040 | 82.814 | 51.458 | 35.731 |
|   4   | 57.586 | 76.007 | 82.814 | 51.456 | 35.736 |
|   5   | 57.586 | 75.991 | 82.797 | 51.460 | 35.739 |
|   6   | 57.602 | 75.991 | 82.814 | 51.460 | 35.736 |
|   7   | 57.619 | 76.023 | 82.846 | 51.461 | 35.743 |
|   8   | 57.521 | 76.040 | 82.830 | 51.451 | 35.749 |
|   9   | 57.537 | 76.040 | 82.862 | 51.451 | 35.748 |
+-------+--------+--------+--------+--------+--------+
     logs:  {'epo': 9, 'R1': np.float32(57.537), 'R5': np.float32(76.04), 'R10': np.float32(82.862), 'mAP': np.float32(51.451), 'mINP': np.float32(35.748), 'entropy': 0.041871856432408094, 'loss': 1.115333765745163, 'lr': 6.240143376643103e-06}
     Epoch[10] Iteration[10/48], entropy: 0.0163, loss: 1.1072, lr: 2.87e-06
     Epoch[10] Iteration[20/48], entropy: 0.0860, loss: 1.1322, lr: 8.64e-06
     Epoch[10] Iteration[30/48], entropy: 0.0448, loss: 1.1263, lr: 9.38e-06
     Epoch[10] Iteration[40/48], entropy: 0.0453, loss: 1.0805, lr: 4.06e-06
     Averaged stats: entropy: 0.2148, loss: 1.2824, lr: 3.51e-07
     itm tta time 0:00:09
### TTA Eval Score: 
+-------+--------+--------+--------+--------+--------+
| epoch |   R1   |   R5   |  R10   |  mAP   |  mINP  |
+-------+--------+--------+--------+--------+--------+
|  -999 | 57.602 | 75.975 | 82.765 | 51.446 | 35.716 |
|   0   | 57.586 | 75.975 | 82.765 | 51.450 | 35.727 |
|   1   | 57.570 | 75.991 | 82.781 | 51.450 | 35.724 |
|   2   | 57.570 | 75.958 | 82.814 | 51.447 | 35.731 |
|   3   | 57.602 | 76.040 | 82.814 | 51.458 | 35.731 |
|   4   | 57.586 | 76.007 | 82.814 | 51.456 | 35.736 |
|   5   | 57.586 | 75.991 | 82.797 | 51.460 | 35.739 |
|   6   | 57.602 | 75.991 | 82.814 | 51.460 | 35.736 |
|   7   | 57.619 | 76.023 | 82.846 | 51.461 | 35.743 |
|   8   | 57.521 | 76.040 | 82.830 | 51.451 | 35.749 |
|   9   | 57.537 | 76.040 | 82.862 | 51.451 | 35.748 |
|   10  | 57.570 | 76.105 | 82.830 | 51.469 | 35.768 |
+-------+--------+--------+--------+--------+--------+
     logs:  {'epo': 10, 'R1': np.float32(57.57), 'R5': np.float32(76.105), 'R10': np.float32(82.83), 'mAP': np.float32(51.469), 'mINP': np.float32(35.768), 'entropy': 0.04808012302964926, 'loss': 1.1115671396255493, 'lr': 6.240143376643111e-06}
     Epoch[11] Iteration[10/48], entropy: 0.0271, loss: 1.0865, lr: 1.81e-06
     Epoch[11] Iteration[20/48], entropy: 0.0578, loss: 1.1279, lr: 7.68e-06
     Epoch[11] Iteration[30/48], entropy: 0.0351, loss: 1.0955, lr: 9.84e-06
     Epoch[11] Iteration[40/48], entropy: 0.1941, loss: 1.2329, lr: 5.31e-06
     Averaged stats: entropy: 0.0195, loss: 1.0752, lr: 9.55e-07
     itm tta time 0:00:09
### TTA Eval Score: 
+-------+--------+--------+--------+--------+--------+
| epoch |   R1   |   R5   |  R10   |  mAP   |  mINP  |
+-------+--------+--------+--------+--------+--------+
|  -999 | 57.602 | 75.975 | 82.765 | 51.446 | 35.716 |
|   0   | 57.586 | 75.975 | 82.765 | 51.450 | 35.727 |
|   1   | 57.570 | 75.991 | 82.781 | 51.450 | 35.724 |
|   2   | 57.570 | 75.958 | 82.814 | 51.447 | 35.731 |
|   3   | 57.602 | 76.040 | 82.814 | 51.458 | 35.731 |
|   4   | 57.586 | 76.007 | 82.814 | 51.456 | 35.736 |
|   5   | 57.586 | 75.991 | 82.797 | 51.460 | 35.739 |
|   6   | 57.602 | 75.991 | 82.814 | 51.460 | 35.736 |
|   7   | 57.619 | 76.023 | 82.846 | 51.461 | 35.743 |
|   8   | 57.521 | 76.040 | 82.830 | 51.451 | 35.749 |
|   9   | 57.537 | 76.040 | 82.862 | 51.451 | 35.748 |
|   10  | 57.570 | 76.105 | 82.830 | 51.469 | 35.768 |
|   11  | 57.554 | 76.040 | 82.846 | 51.461 | 35.758 |
+-------+--------+--------+--------+--------+--------+
     logs:  {'epo': 11, 'R1': np.float32(57.554), 'R5': np.float32(76.04), 'R10': np.float32(82.846), 'mAP': np.float32(51.461), 'mINP': np.float32(35.758), 'entropy': 0.07852530293166637, 'loss': 1.1356939375400543, 'lr': 6.162220607360322e-06}
     Epoch[12] Iteration[10/48], entropy: 0.0222, loss: 1.0695, lr: 9.55e-07
     Epoch[12] Iteration[20/48], entropy: 0.0191, loss: 1.1095, lr: 6.55e-06
     Epoch[12] Iteration[30/48], entropy: 0.0384, loss: 1.0847, lr: 1.00e-05
     Epoch[12] Iteration[40/48], entropy: 0.0310, loss: 1.0773, lr: 6.55e-06
     Averaged stats: entropy: 0.0288, loss: 1.1053, lr: 1.81e-06
     itm tta time 0:00:09
### TTA Eval Score: 
+-------+--------+--------+--------+--------+--------+
| epoch |   R1   |   R5   |  R10   |  mAP   |  mINP  |
+-------+--------+--------+--------+--------+--------+
|  -999 | 57.602 | 75.975 | 82.765 | 51.446 | 35.716 |
|   0   | 57.586 | 75.975 | 82.765 | 51.450 | 35.727 |
|   1   | 57.570 | 75.991 | 82.781 | 51.450 | 35.724 |
|   2   | 57.570 | 75.958 | 82.814 | 51.447 | 35.731 |
|   3   | 57.602 | 76.040 | 82.814 | 51.458 | 35.731 |
|   4   | 57.586 | 76.007 | 82.814 | 51.456 | 35.736 |
|   5   | 57.586 | 75.991 | 82.797 | 51.460 | 35.739 |
|   6   | 57.602 | 75.991 | 82.814 | 51.460 | 35.736 |
|   7   | 57.619 | 76.023 | 82.846 | 51.461 | 35.743 |
|   8   | 57.521 | 76.040 | 82.830 | 51.451 | 35.749 |
|   9   | 57.537 | 76.040 | 82.862 | 51.451 | 35.748 |
|   10  | 57.570 | 76.105 | 82.830 | 51.469 | 35.768 |
|   11  | 57.554 | 76.040 | 82.846 | 51.461 | 35.758 |
|   12  | 57.537 | 76.056 | 82.814 | 51.459 | 35.759 |
+-------+--------+--------+--------+--------+--------+
     logs:  {'epo': 12, 'R1': np.float32(57.537), 'R5': np.float32(76.056), 'R10': np.float32(82.814), 'mAP': np.float32(51.459), 'mINP': np.float32(35.759), 'entropy': 0.02768805716186762, 'loss': 1.0852524042129517, 'lr': 6.011271242968699e-06}
     Epoch[13] Iteration[10/48], entropy: 0.0438, loss: 1.1232, lr: 3.51e-07
     Epoch[13] Iteration[20/48], entropy: 0.0106, loss: 1.0398, lr: 5.31e-06
     Epoch[13] Iteration[30/48], entropy: 0.0728, loss: 1.1362, lr: 9.84e-06
     Epoch[13] Iteration[40/48], entropy: 0.0343, loss: 1.0540, lr: 7.68e-06
     Averaged stats: entropy: 0.1932, loss: 1.2266, lr: 2.87e-06
     itm tta time 0:00:09
### TTA Eval Score: 
+-------+--------+--------+--------+--------+--------+
| epoch |   R1   |   R5   |  R10   |  mAP   |  mINP  |
+-------+--------+--------+--------+--------+--------+
|  -999 | 57.602 | 75.975 | 82.765 | 51.446 | 35.716 |
|   0   | 57.586 | 75.975 | 82.765 | 51.450 | 35.727 |
|   1   | 57.570 | 75.991 | 82.781 | 51.450 | 35.724 |
|   2   | 57.570 | 75.958 | 82.814 | 51.447 | 35.731 |
|   3   | 57.602 | 76.040 | 82.814 | 51.458 | 35.731 |
|   4   | 57.586 | 76.007 | 82.814 | 51.456 | 35.736 |
|   5   | 57.586 | 75.991 | 82.797 | 51.460 | 35.739 |
|   6   | 57.602 | 75.991 | 82.814 | 51.460 | 35.736 |
|   7   | 57.619 | 76.023 | 82.846 | 51.461 | 35.743 |
|   8   | 57.521 | 76.040 | 82.830 | 51.451 | 35.749 |
|   9   | 57.537 | 76.040 | 82.862 | 51.451 | 35.748 |
|   10  | 57.570 | 76.105 | 82.830 | 51.469 | 35.768 |
|   11  | 57.554 | 76.040 | 82.846 | 51.461 | 35.758 |
|   12  | 57.537 | 76.056 | 82.814 | 51.459 | 35.759 |
|   13  | 57.570 | 76.056 | 82.830 | 51.468 | 35.768 |
+-------+--------+--------+--------+--------+--------+
     logs:  {'epo': 13, 'R1': np.float32(57.57), 'R5': np.float32(76.056), 'R10': np.float32(82.83), 'mAP': np.float32(51.468), 'mINP': np.float32(35.768), 'entropy': 0.040358592523261905, 'loss': 1.0883112847805023, 'lr': 5.7967799871858675e-06}
     Epoch[14] Iteration[10/48], entropy: 0.0437, loss: 1.0766, lr: 3.94e-08
     Epoch[14] Iteration[20/48], entropy: 0.0117, loss: 1.0717, lr: 4.06e-06
     Epoch[14] Iteration[30/48], entropy: 0.1941, loss: 1.2319, lr: 9.38e-06
     Epoch[14] Iteration[40/48], entropy: 0.0784, loss: 1.1434, lr: 8.64e-06
     Averaged stats: entropy: 0.0403, loss: 1.0838, lr: 4.06e-06
     itm tta time 0:00:10
### TTA Eval Score: 
+-------+--------+--------+--------+--------+--------+
| epoch |   R1   |   R5   |  R10   |  mAP   |  mINP  |
+-------+--------+--------+--------+--------+--------+
|  -999 | 57.602 | 75.975 | 82.765 | 51.446 | 35.716 |
|   0   | 57.586 | 75.975 | 82.765 | 51.450 | 35.727 |
|   1   | 57.570 | 75.991 | 82.781 | 51.450 | 35.724 |
|   2   | 57.570 | 75.958 | 82.814 | 51.447 | 35.731 |
|   3   | 57.602 | 76.040 | 82.814 | 51.458 | 35.731 |
|   4   | 57.586 | 76.007 | 82.814 | 51.456 | 35.736 |
|   5   | 57.586 | 75.991 | 82.797 | 51.460 | 35.739 |
|   6   | 57.602 | 75.991 | 82.814 | 51.460 | 35.736 |
|   7   | 57.619 | 76.023 | 82.846 | 51.461 | 35.743 |
|   8   | 57.521 | 76.040 | 82.830 | 51.451 | 35.749 |
|   9   | 57.537 | 76.040 | 82.862 | 51.451 | 35.748 |
|   10  | 57.570 | 76.105 | 82.830 | 51.469 | 35.768 |
|   11  | 57.554 | 76.040 | 82.846 | 51.461 | 35.758 |
|   12  | 57.537 | 76.056 | 82.814 | 51.459 | 35.759 |
|   13  | 57.570 | 76.056 | 82.830 | 51.468 | 35.768 |
|   14  | 57.586 | 76.072 | 82.862 | 51.472 | 35.762 |
+-------+--------+--------+--------+--------+--------+
     logs:  {'epo': 14, 'R1': np.float32(57.586), 'R5': np.float32(76.072), 'R10': np.float32(82.862), 'mAP': np.float32(51.472), 'mINP': np.float32(35.762), 'entropy': 0.08196871681138873, 'loss': 1.1308930218219757, 'lr': 5.532224114456355e-06}
     Epoch[15] Iteration[10/48], entropy: 0.0299, loss: 1.0929, lr: 3.94e-08
     Epoch[15] Iteration[20/48], entropy: 0.0410, loss: 1.0844, lr: 2.87e-06
     Epoch[15] Iteration[30/48], entropy: 0.0342, loss: 1.0838, lr: 8.64e-06
     Epoch[15] Iteration[40/48], entropy: 0.0429, loss: 1.0848, lr: 9.38e-06
     Averaged stats: entropy: 0.0570, loss: 1.1184, lr: 5.31e-06
     itm tta time 0:00:09
### TTA Eval Score: 
+-------+--------+--------+--------+--------+--------+
| epoch |   R1   |   R5   |  R10   |  mAP   |  mINP  |
+-------+--------+--------+--------+--------+--------+
|  -999 | 57.602 | 75.975 | 82.765 | 51.446 | 35.716 |
|   0   | 57.586 | 75.975 | 82.765 | 51.450 | 35.727 |
|   1   | 57.570 | 75.991 | 82.781 | 51.450 | 35.724 |
|   2   | 57.570 | 75.958 | 82.814 | 51.447 | 35.731 |
|   3   | 57.602 | 76.040 | 82.814 | 51.458 | 35.731 |
|   4   | 57.586 | 76.007 | 82.814 | 51.456 | 35.736 |
|   5   | 57.586 | 75.991 | 82.797 | 51.460 | 35.739 |
|   6   | 57.602 | 75.991 | 82.814 | 51.460 | 35.736 |
|   7   | 57.619 | 76.023 | 82.846 | 51.461 | 35.743 |
|   8   | 57.521 | 76.040 | 82.830 | 51.451 | 35.749 |
|   9   | 57.537 | 76.040 | 82.862 | 51.451 | 35.748 |
|   10  | 57.570 | 76.105 | 82.830 | 51.469 | 35.768 |
|   11  | 57.554 | 76.040 | 82.846 | 51.461 | 35.758 |
|   12  | 57.537 | 76.056 | 82.814 | 51.459 | 35.759 |
|   13  | 57.570 | 76.056 | 82.830 | 51.468 | 35.768 |
|   14  | 57.586 | 76.072 | 82.862 | 51.472 | 35.762 |
|   15  | 57.570 | 76.056 | 82.846 | 51.471 | 35.772 |
+-------+--------+--------+--------+--------+--------+
     logs:  {'epo': 15, 'R1': np.float32(57.57), 'R5': np.float32(76.056), 'R10': np.float32(82.846), 'mAP': np.float32(51.471), 'mINP': np.float32(35.772), 'entropy': 0.03698506020009518, 'loss': 1.0864598751068115, 'lr': 5.234226643232164e-06}
     Epoch[16] Iteration[10/48], entropy: 0.0282, loss: 1.1203, lr: 3.51e-07
     Epoch[16] Iteration[20/48], entropy: 0.0608, loss: 1.1209, lr: 1.81e-06
     Epoch[16] Iteration[30/48], entropy: 0.1016, loss: 1.1487, lr: 7.68e-06
     Epoch[16] Iteration[40/48], entropy: 0.2730, loss: 1.3386, lr: 9.84e-06
     Averaged stats: entropy: 0.1468, loss: 1.2235, lr: 6.55e-06
     itm tta time 0:00:09
### TTA Eval Score: 
+-------+--------+--------+--------+--------+--------+
| epoch |   R1   |   R5   |  R10   |  mAP   |  mINP  |
+-------+--------+--------+--------+--------+--------+
|  -999 | 57.602 | 75.975 | 82.765 | 51.446 | 35.716 |
|   0   | 57.586 | 75.975 | 82.765 | 51.450 | 35.727 |
|   1   | 57.570 | 75.991 | 82.781 | 51.450 | 35.724 |
|   2   | 57.570 | 75.958 | 82.814 | 51.447 | 35.731 |
|   3   | 57.602 | 76.040 | 82.814 | 51.458 | 35.731 |
|   4   | 57.586 | 76.007 | 82.814 | 51.456 | 35.736 |
|   5   | 57.586 | 75.991 | 82.797 | 51.460 | 35.739 |
|   6   | 57.602 | 75.991 | 82.814 | 51.460 | 35.736 |
|   7   | 57.619 | 76.023 | 82.846 | 51.461 | 35.743 |
|   8   | 57.521 | 76.040 | 82.830 | 51.451 | 35.749 |
|   9   | 57.537 | 76.040 | 82.862 | 51.451 | 35.748 |
|   10  | 57.570 | 76.105 | 82.830 | 51.469 | 35.768 |
|   11  | 57.554 | 76.040 | 82.846 | 51.461 | 35.758 |
|   12  | 57.537 | 76.056 | 82.814 | 51.459 | 35.759 |
|   13  | 57.570 | 76.056 | 82.830 | 51.468 | 35.768 |
|   14  | 57.586 | 76.072 | 82.862 | 51.472 | 35.762 |
|   15  | 57.570 | 76.056 | 82.846 | 51.471 | 35.772 |
|   16  | 57.586 | 76.088 | 82.862 | 51.473 | 35.766 |
+-------+--------+--------+--------+--------+--------+
     logs:  {'epo': 16, 'R1': np.float32(57.586), 'R5': np.float32(76.088), 'R10': np.float32(82.862), 'mAP': np.float32(51.473), 'mINP': np.float32(35.766), 'entropy': 0.11591805890202522, 'loss': 1.1821222305297852, 'lr': 4.921511850588363e-06}
     Epoch[17] Iteration[10/48], entropy: 0.0874, loss: 1.1477, lr: 9.55e-07
     Epoch[17] Iteration[20/48], entropy: 0.0776, loss: 1.1469, lr: 9.55e-07
     Epoch[17] Iteration[30/48], entropy: 0.0141, loss: 1.0534, lr: 6.55e-06
     Epoch[17] Iteration[40/48], entropy: 0.1295, loss: 1.1902, lr: 1.00e-05
     Averaged stats: entropy: 0.0232, loss: 1.0864, lr: 7.68e-06
     itm tta time 0:00:09
### TTA Eval Score: 
+-------+--------+--------+--------+--------+--------+
| epoch |   R1   |   R5   |  R10   |  mAP   |  mINP  |
+-------+--------+--------+--------+--------+--------+
|  -999 | 57.602 | 75.975 | 82.765 | 51.446 | 35.716 |
|   0   | 57.586 | 75.975 | 82.765 | 51.450 | 35.727 |
|   1   | 57.570 | 75.991 | 82.781 | 51.450 | 35.724 |
|   2   | 57.570 | 75.958 | 82.814 | 51.447 | 35.731 |
|   3   | 57.602 | 76.040 | 82.814 | 51.458 | 35.731 |
|   4   | 57.586 | 76.007 | 82.814 | 51.456 | 35.736 |
|   5   | 57.586 | 75.991 | 82.797 | 51.460 | 35.739 |
|   6   | 57.602 | 75.991 | 82.814 | 51.460 | 35.736 |
|   7   | 57.619 | 76.023 | 82.846 | 51.461 | 35.743 |
|   8   | 57.521 | 76.040 | 82.830 | 51.451 | 35.749 |
|   9   | 57.537 | 76.040 | 82.862 | 51.451 | 35.748 |
|   10  | 57.570 | 76.105 | 82.830 | 51.469 | 35.768 |
|   11  | 57.554 | 76.040 | 82.846 | 51.461 | 35.758 |
|   12  | 57.537 | 76.056 | 82.814 | 51.459 | 35.759 |
|   13  | 57.570 | 76.056 | 82.830 | 51.468 | 35.768 |
|   14  | 57.586 | 76.072 | 82.862 | 51.472 | 35.762 |
|   15  | 57.570 | 76.056 | 82.846 | 51.471 | 35.772 |
|   16  | 57.586 | 76.088 | 82.862 | 51.473 | 35.766 |
|   17  | 57.570 | 76.121 | 82.846 | 51.475 | 35.767 |
+-------+--------+--------+--------+--------+--------+
     logs:  {'epo': 17, 'R1': np.float32(57.57), 'R5': np.float32(76.121), 'R10': np.float32(82.846), 'mAP': np.float32(51.475), 'mINP': np.float32(35.767), 'entropy': 0.07715511042624712, 'loss': 1.134540468454361, 'lr': 4.613728757031327e-06}
     Epoch[18] Iteration[10/48], entropy: 0.0204, loss: 1.0920, lr: 1.81e-06
     Epoch[18] Iteration[20/48], entropy: 0.0238, loss: 1.0828, lr: 3.51e-07
     Epoch[18] Iteration[30/48], entropy: 0.0440, loss: 1.1290, lr: 5.31e-06
     Epoch[18] Iteration[40/48], entropy: 0.0285, loss: 1.0898, lr: 9.84e-06
     Averaged stats: entropy: 0.1210, loss: 1.1583, lr: 8.64e-06
     itm tta time 0:00:09
### TTA Eval Score: 
+-------+--------+--------+--------+--------+--------+
| epoch |   R1   |   R5   |  R10   |  mAP   |  mINP  |
+-------+--------+--------+--------+--------+--------+
|  -999 | 57.602 | 75.975 | 82.765 | 51.446 | 35.716 |
|   0   | 57.586 | 75.975 | 82.765 | 51.450 | 35.727 |
|   1   | 57.570 | 75.991 | 82.781 | 51.450 | 35.724 |
|   2   | 57.570 | 75.958 | 82.814 | 51.447 | 35.731 |
|   3   | 57.602 | 76.040 | 82.814 | 51.458 | 35.731 |
|   4   | 57.586 | 76.007 | 82.814 | 51.456 | 35.736 |
|   5   | 57.586 | 75.991 | 82.797 | 51.460 | 35.739 |
|   6   | 57.602 | 75.991 | 82.814 | 51.460 | 35.736 |
|   7   | 57.619 | 76.023 | 82.846 | 51.461 | 35.743 |
|   8   | 57.521 | 76.040 | 82.830 | 51.451 | 35.749 |
|   9   | 57.537 | 76.040 | 82.862 | 51.451 | 35.748 |
|   10  | 57.570 | 76.105 | 82.830 | 51.469 | 35.768 |
|   11  | 57.554 | 76.040 | 82.846 | 51.461 | 35.758 |
|   12  | 57.537 | 76.056 | 82.814 | 51.459 | 35.759 |
|   13  | 57.570 | 76.056 | 82.830 | 51.468 | 35.768 |
|   14  | 57.586 | 76.072 | 82.862 | 51.472 | 35.762 |
|   15  | 57.570 | 76.056 | 82.846 | 51.471 | 35.772 |
|   16  | 57.586 | 76.088 | 82.862 | 51.473 | 35.766 |
|   17  | 57.570 | 76.121 | 82.846 | 51.475 | 35.767 |
|   18  | 57.586 | 76.105 | 82.878 | 51.483 | 35.773 |
+-------+--------+--------+--------+--------+--------+
     logs:  {'epo': 18, 'R1': np.float32(57.586), 'R5': np.float32(76.105), 'R10': np.float32(82.878), 'mAP': np.float32(51.483), 'mINP': np.float32(35.773), 'entropy': 0.02916621696203947, 'loss': 1.0983977317810059, 'lr': 4.330216506276261e-06}
     Epoch[19] Iteration[10/48], entropy: 0.0203, loss: 1.0869, lr: 2.87e-06
     Epoch[19] Iteration[20/48], entropy: 0.0500, loss: 1.0927, lr: 3.94e-08
     Epoch[19] Iteration[30/48], entropy: 0.0497, loss: 1.1292, lr: 4.06e-06
     Epoch[19] Iteration[40/48], entropy: 0.1058, loss: 1.1452, lr: 9.38e-06
     Averaged stats: entropy: 0.2092, loss: 1.2215, lr: 9.38e-06
     itm tta time 0:00:09
### TTA Eval Score: 
+-------+--------+--------+--------+--------+--------+
| epoch |   R1   |   R5   |  R10   |  mAP   |  mINP  |
+-------+--------+--------+--------+--------+--------+
|  -999 | 57.602 | 75.975 | 82.765 | 51.446 | 35.716 |
|   0   | 57.586 | 75.975 | 82.765 | 51.450 | 35.727 |
|   1   | 57.570 | 75.991 | 82.781 | 51.450 | 35.724 |
|   2   | 57.570 | 75.958 | 82.814 | 51.447 | 35.731 |
|   3   | 57.602 | 76.040 | 82.814 | 51.458 | 35.731 |
|   4   | 57.586 | 76.007 | 82.814 | 51.456 | 35.736 |
|   5   | 57.586 | 75.991 | 82.797 | 51.460 | 35.739 |
|   6   | 57.602 | 75.991 | 82.814 | 51.460 | 35.736 |
|   7   | 57.619 | 76.023 | 82.846 | 51.461 | 35.743 |
|   8   | 57.521 | 76.040 | 82.830 | 51.451 | 35.749 |
|   9   | 57.537 | 76.040 | 82.862 | 51.451 | 35.748 |
|   10  | 57.570 | 76.105 | 82.830 | 51.469 | 35.768 |
|   11  | 57.554 | 76.040 | 82.846 | 51.461 | 35.758 |
|   12  | 57.537 | 76.056 | 82.814 | 51.459 | 35.759 |
|   13  | 57.570 | 76.056 | 82.830 | 51.468 | 35.768 |
|   14  | 57.586 | 76.072 | 82.862 | 51.472 | 35.762 |
|   15  | 57.570 | 76.056 | 82.846 | 51.471 | 35.772 |
|   16  | 57.586 | 76.088 | 82.862 | 51.473 | 35.766 |
|   17  | 57.570 | 76.121 | 82.846 | 51.475 | 35.767 |
|   18  | 57.586 | 76.105 | 82.878 | 51.483 | 35.773 |
|   19  | 57.586 | 76.088 | 82.895 | 51.483 | 35.778 |
+-------+--------+--------+--------+--------+--------+
     logs:  {'epo': 19, 'R1': np.float32(57.586), 'R5': np.float32(76.088), 'R10': np.float32(82.895), 'mAP': np.float32(51.483), 'mINP': np.float32(35.778), 'entropy': 0.05645228875800967, 'loss': 1.1134892106056213, 'lr': 4.08878921572322e-06}
     Epoch[20] Iteration[10/48], entropy: 0.0265, loss: 1.1107, lr: 4.06e-06
     Epoch[20] Iteration[20/48], entropy: 0.0207, loss: 1.0800, lr: 3.94e-08
     Epoch[20] Iteration[30/48], entropy: 0.0180, loss: 1.0729, lr: 2.87e-06
     Epoch[20] Iteration[40/48], entropy: 0.0223, loss: 1.1153, lr: 8.64e-06
     Averaged stats: entropy: 0.0370, loss: 1.0640, lr: 9.84e-06
     itm tta time 0:00:09
### TTA Eval Score: 
+-------+--------+--------+--------+--------+--------+
| epoch |   R1   |   R5   |  R10   |  mAP   |  mINP  |
+-------+--------+--------+--------+--------+--------+
|  -999 | 57.602 | 75.975 | 82.765 | 51.446 | 35.716 |
|   0   | 57.586 | 75.975 | 82.765 | 51.450 | 35.727 |
|   1   | 57.570 | 75.991 | 82.781 | 51.450 | 35.724 |
|   2   | 57.570 | 75.958 | 82.814 | 51.447 | 35.731 |
|   3   | 57.602 | 76.040 | 82.814 | 51.458 | 35.731 |
|   4   | 57.586 | 76.007 | 82.814 | 51.456 | 35.736 |
|   5   | 57.586 | 75.991 | 82.797 | 51.460 | 35.739 |
|   6   | 57.602 | 75.991 | 82.814 | 51.460 | 35.736 |
|   7   | 57.619 | 76.023 | 82.846 | 51.461 | 35.743 |
|   8   | 57.521 | 76.040 | 82.830 | 51.451 | 35.749 |
|   9   | 57.537 | 76.040 | 82.862 | 51.451 | 35.748 |
|   10  | 57.570 | 76.105 | 82.830 | 51.469 | 35.768 |
|   11  | 57.554 | 76.040 | 82.846 | 51.461 | 35.758 |
|   12  | 57.537 | 76.056 | 82.814 | 51.459 | 35.759 |
|   13  | 57.570 | 76.056 | 82.830 | 51.468 | 35.768 |
|   14  | 57.586 | 76.072 | 82.862 | 51.472 | 35.762 |
|   15  | 57.570 | 76.056 | 82.846 | 51.471 | 35.772 |
|   16  | 57.586 | 76.088 | 82.862 | 51.473 | 35.766 |
|   17  | 57.570 | 76.121 | 82.846 | 51.475 | 35.767 |
|   18  | 57.586 | 76.105 | 82.878 | 51.483 | 35.773 |
|   19  | 57.586 | 76.088 | 82.895 | 51.483 | 35.778 |
|   20  | 57.619 | 76.121 | 82.911 | 51.496 | 35.776 |
+-------+--------+--------+--------+--------+--------+
     logs:  {'epo': 20, 'R1': np.float32(57.619), 'R5': np.float32(76.121), 'R10': np.float32(82.911), 'mAP': np.float32(51.496), 'mINP': np.float32(35.776), 'entropy': 0.021856987848877907, 'loss': 1.0947218537330627, 'lr': 3.904616649945142e-06}
     Epoch[21] Iteration[10/48], entropy: 0.0272, loss: 1.0787, lr: 5.31e-06
     Epoch[21] Iteration[20/48], entropy: 0.1576, loss: 1.1852, lr: 3.51e-07
     Epoch[21] Iteration[30/48], entropy: 0.0329, loss: 1.0550, lr: 1.81e-06
     Epoch[21] Iteration[40/48], entropy: 0.0236, loss: 1.0757, lr: 7.68e-06
     Averaged stats: entropy: 0.0216, loss: 1.0920, lr: 1.00e-05
     itm tta time 0:00:09
### TTA Eval Score: 
+-------+--------+--------+--------+--------+--------+
| epoch |   R1   |   R5   |  R10   |  mAP   |  mINP  |
+-------+--------+--------+--------+--------+--------+
|  -999 | 57.602 | 75.975 | 82.765 | 51.446 | 35.716 |
|   0   | 57.586 | 75.975 | 82.765 | 51.450 | 35.727 |
|   1   | 57.570 | 75.991 | 82.781 | 51.450 | 35.724 |
|   2   | 57.570 | 75.958 | 82.814 | 51.447 | 35.731 |
|   3   | 57.602 | 76.040 | 82.814 | 51.458 | 35.731 |
|   4   | 57.586 | 76.007 | 82.814 | 51.456 | 35.736 |
|   5   | 57.586 | 75.991 | 82.797 | 51.460 | 35.739 |
|   6   | 57.602 | 75.991 | 82.814 | 51.460 | 35.736 |
|   7   | 57.619 | 76.023 | 82.846 | 51.461 | 35.743 |
|   8   | 57.521 | 76.040 | 82.830 | 51.451 | 35.749 |
|   9   | 57.537 | 76.040 | 82.862 | 51.451 | 35.748 |
|   10  | 57.570 | 76.105 | 82.830 | 51.469 | 35.768 |
|   11  | 57.554 | 76.040 | 82.846 | 51.461 | 35.758 |
|   12  | 57.537 | 76.056 | 82.814 | 51.459 | 35.759 |
|   13  | 57.570 | 76.056 | 82.830 | 51.468 | 35.768 |
|   14  | 57.586 | 76.072 | 82.862 | 51.472 | 35.762 |
|   15  | 57.570 | 76.056 | 82.846 | 51.471 | 35.772 |
|   16  | 57.586 | 76.088 | 82.862 | 51.473 | 35.766 |
|   17  | 57.570 | 76.121 | 82.846 | 51.475 | 35.767 |
|   18  | 57.586 | 76.105 | 82.878 | 51.483 | 35.773 |
|   19  | 57.586 | 76.088 | 82.895 | 51.483 | 35.778 |
|   20  | 57.619 | 76.121 | 82.911 | 51.496 | 35.776 |
|   21  | 57.619 | 76.072 | 82.911 | 51.496 | 35.774 |
+-------+--------+--------+--------+--------+--------+
     logs:  {'epo': 21, 'R1': np.float32(57.619), 'R5': np.float32(76.072), 'R10': np.float32(82.911), 'mAP': np.float32(51.496), 'mINP': np.float32(35.774), 'entropy': 0.06033207010477781, 'loss': 1.098655253648758, 'lr': 3.7892710485892396e-06}
     Epoch[22] Iteration[10/48], entropy: 0.0710, loss: 1.1107, lr: 6.55e-06
     Epoch[22] Iteration[20/48], entropy: 0.0932, loss: 1.1565, lr: 9.55e-07
     Epoch[22] Iteration[30/48], entropy: 0.0411, loss: 1.1389, lr: 9.55e-07
     Epoch[22] Iteration[40/48], entropy: 0.0529, loss: 1.1474, lr: 6.55e-06
     Averaged stats: entropy: 0.0314, loss: 1.1105, lr: 9.84e-06
     itm tta time 0:00:09
### TTA Eval Score: 
+-------+--------+--------+--------+--------+--------+
| epoch |   R1   |   R5   |  R10   |  mAP   |  mINP  |
+-------+--------+--------+--------+--------+--------+
|  -999 | 57.602 | 75.975 | 82.765 | 51.446 | 35.716 |
|   0   | 57.586 | 75.975 | 82.765 | 51.450 | 35.727 |
|   1   | 57.570 | 75.991 | 82.781 | 51.450 | 35.724 |
|   2   | 57.570 | 75.958 | 82.814 | 51.447 | 35.731 |
|   3   | 57.602 | 76.040 | 82.814 | 51.458 | 35.731 |
|   4   | 57.586 | 76.007 | 82.814 | 51.456 | 35.736 |
|   5   | 57.586 | 75.991 | 82.797 | 51.460 | 35.739 |
|   6   | 57.602 | 75.991 | 82.814 | 51.460 | 35.736 |
|   7   | 57.619 | 76.023 | 82.846 | 51.461 | 35.743 |
|   8   | 57.521 | 76.040 | 82.830 | 51.451 | 35.749 |
|   9   | 57.537 | 76.040 | 82.862 | 51.451 | 35.748 |
|   10  | 57.570 | 76.105 | 82.830 | 51.469 | 35.768 |
|   11  | 57.554 | 76.040 | 82.846 | 51.461 | 35.758 |
|   12  | 57.537 | 76.056 | 82.814 | 51.459 | 35.759 |
|   13  | 57.570 | 76.056 | 82.830 | 51.468 | 35.768 |
|   14  | 57.586 | 76.072 | 82.862 | 51.472 | 35.762 |
|   15  | 57.570 | 76.056 | 82.846 | 51.471 | 35.772 |
|   16  | 57.586 | 76.088 | 82.862 | 51.473 | 35.766 |
|   17  | 57.570 | 76.121 | 82.846 | 51.475 | 35.767 |
|   18  | 57.586 | 76.105 | 82.878 | 51.483 | 35.773 |
|   19  | 57.586 | 76.088 | 82.895 | 51.483 | 35.778 |
|   20  | 57.619 | 76.121 | 82.911 | 51.496 | 35.776 |
|   21  | 57.619 | 76.072 | 82.911 | 51.496 | 35.774 |
|   22  | 57.651 | 76.072 | 82.927 | 51.509 | 35.784 |
+-------+--------+--------+--------+--------+--------+
     logs:  {'epo': 22, 'R1': np.float32(57.651), 'R5': np.float32(76.072), 'R10': np.float32(82.927), 'mAP': np.float32(51.509), 'mINP': np.float32(35.784), 'entropy': 0.06455772276967764, 'loss': 1.1383689045906067, 'lr': 3.750000000000031e-06}
     Epoch[23] Iteration[10/48], entropy: 0.0270, loss: 1.0779, lr: 7.68e-06
     Epoch[23] Iteration[20/48], entropy: 0.0894, loss: 1.1654, lr: 1.81e-06
     Epoch[23] Iteration[30/48], entropy: 0.1187, loss: 1.2404, lr: 3.51e-07
     Epoch[23] Iteration[40/48], entropy: 0.0716, loss: 1.1430, lr: 5.31e-06
     Averaged stats: entropy: 0.0321, loss: 1.1213, lr: 9.38e-06
     itm tta time 0:00:09
### TTA Eval Score: 
+-------+--------+--------+--------+--------+--------+
| epoch |   R1   |   R5   |  R10   |  mAP   |  mINP  |
+-------+--------+--------+--------+--------+--------+
|  -999 | 57.602 | 75.975 | 82.765 | 51.446 | 35.716 |
|   0   | 57.586 | 75.975 | 82.765 | 51.450 | 35.727 |
|   1   | 57.570 | 75.991 | 82.781 | 51.450 | 35.724 |
|   2   | 57.570 | 75.958 | 82.814 | 51.447 | 35.731 |
|   3   | 57.602 | 76.040 | 82.814 | 51.458 | 35.731 |
|   4   | 57.586 | 76.007 | 82.814 | 51.456 | 35.736 |
|   5   | 57.586 | 75.991 | 82.797 | 51.460 | 35.739 |
|   6   | 57.602 | 75.991 | 82.814 | 51.460 | 35.736 |
|   7   | 57.619 | 76.023 | 82.846 | 51.461 | 35.743 |
|   8   | 57.521 | 76.040 | 82.830 | 51.451 | 35.749 |
|   9   | 57.537 | 76.040 | 82.862 | 51.451 | 35.748 |
|   10  | 57.570 | 76.105 | 82.830 | 51.469 | 35.768 |
|   11  | 57.554 | 76.040 | 82.846 | 51.461 | 35.758 |
|   12  | 57.537 | 76.056 | 82.814 | 51.459 | 35.759 |
|   13  | 57.570 | 76.056 | 82.830 | 51.468 | 35.768 |
|   14  | 57.586 | 76.072 | 82.862 | 51.472 | 35.762 |
|   15  | 57.570 | 76.056 | 82.846 | 51.471 | 35.772 |
|   16  | 57.586 | 76.088 | 82.862 | 51.473 | 35.766 |
|   17  | 57.570 | 76.121 | 82.846 | 51.475 | 35.767 |
|   18  | 57.586 | 76.105 | 82.878 | 51.483 | 35.773 |
|   19  | 57.586 | 76.088 | 82.895 | 51.483 | 35.778 |
|   20  | 57.619 | 76.121 | 82.911 | 51.496 | 35.776 |
|   21  | 57.619 | 76.072 | 82.911 | 51.496 | 35.774 |
|   22  | 57.651 | 76.072 | 82.927 | 51.509 | 35.784 |
|   23  | 57.667 | 76.105 | 82.927 | 51.509 | 35.781 |
+-------+--------+--------+--------+--------+--------+
     logs:  {'epo': 23, 'R1': np.float32(57.667), 'R5': np.float32(76.105), 'R10': np.float32(82.927), 'mAP': np.float32(51.509), 'mINP': np.float32(35.781), 'entropy': 0.0766671309247613, 'loss': 1.1566899418830872, 'lr': 3.789271048589215e-06}
     Epoch[24] Iteration[10/48], entropy: 0.2416, loss: 1.3142, lr: 8.64e-06
     Epoch[24] Iteration[20/48], entropy: 0.0977, loss: 1.1610, lr: 2.87e-06
     Epoch[24] Iteration[30/48], entropy: 0.0262, loss: 1.0958, lr: 3.94e-08
     Epoch[24] Iteration[40/48], entropy: 0.0794, loss: 1.1029, lr: 4.06e-06
     Averaged stats: entropy: 0.0361, loss: 1.1436, lr: 8.64e-06
     itm tta time 0:00:09
### TTA Eval Score: 
+-------+--------+--------+--------+--------+--------+
| epoch |   R1   |   R5   |  R10   |  mAP   |  mINP  |
+-------+--------+--------+--------+--------+--------+
|  -999 | 57.602 | 75.975 | 82.765 | 51.446 | 35.716 |
|   0   | 57.586 | 75.975 | 82.765 | 51.450 | 35.727 |
|   1   | 57.570 | 75.991 | 82.781 | 51.450 | 35.724 |
|   2   | 57.570 | 75.958 | 82.814 | 51.447 | 35.731 |
|   3   | 57.602 | 76.040 | 82.814 | 51.458 | 35.731 |
|   4   | 57.586 | 76.007 | 82.814 | 51.456 | 35.736 |
|   5   | 57.586 | 75.991 | 82.797 | 51.460 | 35.739 |
|   6   | 57.602 | 75.991 | 82.814 | 51.460 | 35.736 |
|   7   | 57.619 | 76.023 | 82.846 | 51.461 | 35.743 |
|   8   | 57.521 | 76.040 | 82.830 | 51.451 | 35.749 |
|   9   | 57.537 | 76.040 | 82.862 | 51.451 | 35.748 |
|   10  | 57.570 | 76.105 | 82.830 | 51.469 | 35.768 |
|   11  | 57.554 | 76.040 | 82.846 | 51.461 | 35.758 |
|   12  | 57.537 | 76.056 | 82.814 | 51.459 | 35.759 |
|   13  | 57.570 | 76.056 | 82.830 | 51.468 | 35.768 |
|   14  | 57.586 | 76.072 | 82.862 | 51.472 | 35.762 |
|   15  | 57.570 | 76.056 | 82.846 | 51.471 | 35.772 |
|   16  | 57.586 | 76.088 | 82.862 | 51.473 | 35.766 |
|   17  | 57.570 | 76.121 | 82.846 | 51.475 | 35.767 |
|   18  | 57.586 | 76.105 | 82.878 | 51.483 | 35.773 |
|   19  | 57.586 | 76.088 | 82.895 | 51.483 | 35.778 |
|   20  | 57.619 | 76.121 | 82.911 | 51.496 | 35.776 |
|   21  | 57.619 | 76.072 | 82.911 | 51.496 | 35.774 |
|   22  | 57.651 | 76.072 | 82.927 | 51.509 | 35.784 |
|   23  | 57.667 | 76.105 | 82.927 | 51.509 | 35.781 |
|   24  | 57.700 | 76.121 | 82.927 | 51.527 | 35.791 |
+-------+--------+--------+--------+--------+--------+
     logs:  {'epo': 24, 'R1': np.float32(57.7), 'R5': np.float32(76.121), 'R10': np.float32(82.927), 'mAP': np.float32(51.527), 'mINP': np.float32(35.791), 'entropy': 0.11125136772170663, 'loss': 1.1684825420379639, 'lr': 3.904616649945153e-06}
     Epoch[25] Iteration[10/48], entropy: 0.1344, loss: 1.1823, lr: 9.38e-06
     Epoch[25] Iteration[20/48], entropy: 0.0289, loss: 1.0787, lr: 4.06e-06
     Epoch[25] Iteration[30/48], entropy: 0.0397, loss: 1.1037, lr: 3.94e-08
     Epoch[25] Iteration[40/48], entropy: 0.1903, loss: 1.2495, lr: 2.87e-06
     Averaged stats: entropy: 0.0445, loss: 1.1552, lr: 7.68e-06
     itm tta time 0:00:09
### TTA Eval Score: 
+-------+--------+--------+--------+--------+--------+
| epoch |   R1   |   R5   |  R10   |  mAP   |  mINP  |
+-------+--------+--------+--------+--------+--------+
|  -999 | 57.602 | 75.975 | 82.765 | 51.446 | 35.716 |
|   0   | 57.586 | 75.975 | 82.765 | 51.450 | 35.727 |
|   1   | 57.570 | 75.991 | 82.781 | 51.450 | 35.724 |
|   2   | 57.570 | 75.958 | 82.814 | 51.447 | 35.731 |
|   3   | 57.602 | 76.040 | 82.814 | 51.458 | 35.731 |
|   4   | 57.586 | 76.007 | 82.814 | 51.456 | 35.736 |
|   5   | 57.586 | 75.991 | 82.797 | 51.460 | 35.739 |
|   6   | 57.602 | 75.991 | 82.814 | 51.460 | 35.736 |
|   7   | 57.619 | 76.023 | 82.846 | 51.461 | 35.743 |
|   8   | 57.521 | 76.040 | 82.830 | 51.451 | 35.749 |
|   9   | 57.537 | 76.040 | 82.862 | 51.451 | 35.748 |
|   10  | 57.570 | 76.105 | 82.830 | 51.469 | 35.768 |
|   11  | 57.554 | 76.040 | 82.846 | 51.461 | 35.758 |
|   12  | 57.537 | 76.056 | 82.814 | 51.459 | 35.759 |
|   13  | 57.570 | 76.056 | 82.830 | 51.468 | 35.768 |
|   14  | 57.586 | 76.072 | 82.862 | 51.472 | 35.762 |
|   15  | 57.570 | 76.056 | 82.846 | 51.471 | 35.772 |
|   16  | 57.586 | 76.088 | 82.862 | 51.473 | 35.766 |
|   17  | 57.570 | 76.121 | 82.846 | 51.475 | 35.767 |
|   18  | 57.586 | 76.105 | 82.878 | 51.483 | 35.773 |
|   19  | 57.586 | 76.088 | 82.895 | 51.483 | 35.778 |
|   20  | 57.619 | 76.121 | 82.911 | 51.496 | 35.776 |
|   21  | 57.619 | 76.072 | 82.911 | 51.496 | 35.774 |
|   22  | 57.651 | 76.072 | 82.927 | 51.509 | 35.784 |
|   23  | 57.667 | 76.105 | 82.927 | 51.509 | 35.781 |
|   24  | 57.700 | 76.121 | 82.927 | 51.527 | 35.791 |
|   25  | 57.716 | 76.105 | 82.927 | 51.534 | 35.791 |
+-------+--------+--------+--------+--------+--------+
     logs:  {'epo': 25, 'R1': np.float32(57.716), 'R5': np.float32(76.105), 'R10': np.float32(82.927), 'mAP': np.float32(51.534), 'mINP': np.float32(35.791), 'entropy': 0.09833833482116461, 'loss': 1.1535465121269226, 'lr': 4.088789215723225e-06}
     Epoch[26] Iteration[10/48], entropy: 0.0263, loss: 1.0674, lr: 9.84e-06
     Epoch[26] Iteration[20/48], entropy: 0.0182, loss: 1.0597, lr: 5.31e-06
     Epoch[26] Iteration[30/48], entropy: 0.0811, loss: 1.1238, lr: 3.51e-07
     Epoch[26] Iteration[40/48], entropy: 0.0437, loss: 1.0755, lr: 1.81e-06
     Averaged stats: entropy: 0.0680, loss: 1.1206, lr: 6.55e-06
     itm tta time 0:00:09
### TTA Eval Score: 
+-------+--------+--------+--------+--------+--------+
| epoch |   R1   |   R5   |  R10   |  mAP   |  mINP  |
+-------+--------+--------+--------+--------+--------+
|  -999 | 57.602 | 75.975 | 82.765 | 51.446 | 35.716 |
|   0   | 57.586 | 75.975 | 82.765 | 51.450 | 35.727 |
|   1   | 57.570 | 75.991 | 82.781 | 51.450 | 35.724 |
|   2   | 57.570 | 75.958 | 82.814 | 51.447 | 35.731 |
|   3   | 57.602 | 76.040 | 82.814 | 51.458 | 35.731 |
|   4   | 57.586 | 76.007 | 82.814 | 51.456 | 35.736 |
|   5   | 57.586 | 75.991 | 82.797 | 51.460 | 35.739 |
|   6   | 57.602 | 75.991 | 82.814 | 51.460 | 35.736 |
|   7   | 57.619 | 76.023 | 82.846 | 51.461 | 35.743 |
|   8   | 57.521 | 76.040 | 82.830 | 51.451 | 35.749 |
|   9   | 57.537 | 76.040 | 82.862 | 51.451 | 35.748 |
|   10  | 57.570 | 76.105 | 82.830 | 51.469 | 35.768 |
|   11  | 57.554 | 76.040 | 82.846 | 51.461 | 35.758 |
|   12  | 57.537 | 76.056 | 82.814 | 51.459 | 35.759 |
|   13  | 57.570 | 76.056 | 82.830 | 51.468 | 35.768 |
|   14  | 57.586 | 76.072 | 82.862 | 51.472 | 35.762 |
|   15  | 57.570 | 76.056 | 82.846 | 51.471 | 35.772 |
|   16  | 57.586 | 76.088 | 82.862 | 51.473 | 35.766 |
|   17  | 57.570 | 76.121 | 82.846 | 51.475 | 35.767 |
|   18  | 57.586 | 76.105 | 82.878 | 51.483 | 35.773 |
|   19  | 57.586 | 76.088 | 82.895 | 51.483 | 35.778 |
|   20  | 57.619 | 76.121 | 82.911 | 51.496 | 35.776 |
|   21  | 57.619 | 76.072 | 82.911 | 51.496 | 35.774 |
|   22  | 57.651 | 76.072 | 82.927 | 51.509 | 35.784 |
|   23  | 57.667 | 76.105 | 82.927 | 51.509 | 35.781 |
|   24  | 57.700 | 76.121 | 82.927 | 51.527 | 35.791 |
|   25  | 57.716 | 76.105 | 82.927 | 51.534 | 35.791 |
|   26  | 57.716 | 76.121 | 82.943 | 51.531 | 35.784 |
+-------+--------+--------+--------+--------+--------+
     logs:  {'epo': 26, 'R1': np.float32(57.716), 'R5': np.float32(76.121), 'R10': np.float32(82.943), 'mAP': np.float32(51.531), 'mINP': np.float32(35.784), 'entropy': 0.04228381393477321, 'loss': 1.081605315208435, 'lr': 4.330216506276274e-06}
     Epoch[27] Iteration[10/48], entropy: 0.0428, loss: 1.1261, lr: 1.00e-05
     Epoch[27] Iteration[20/48], entropy: 0.0129, loss: 1.0769, lr: 6.55e-06
     Epoch[27] Iteration[30/48], entropy: 0.0205, loss: 1.0851, lr: 9.55e-07
     Epoch[27] Iteration[40/48], entropy: 0.0239, loss: 1.0916, lr: 9.55e-07
     Averaged stats: entropy: 0.0265, loss: 1.0630, lr: 5.31e-06
     itm tta time 0:00:09
### TTA Eval Score: 
+-------+--------+--------+--------+--------+--------+
| epoch |   R1   |   R5   |  R10   |  mAP   |  mINP  |
+-------+--------+--------+--------+--------+--------+
|  -999 | 57.602 | 75.975 | 82.765 | 51.446 | 35.716 |
|   0   | 57.586 | 75.975 | 82.765 | 51.450 | 35.727 |
|   1   | 57.570 | 75.991 | 82.781 | 51.450 | 35.724 |
|   2   | 57.570 | 75.958 | 82.814 | 51.447 | 35.731 |
|   3   | 57.602 | 76.040 | 82.814 | 51.458 | 35.731 |
|   4   | 57.586 | 76.007 | 82.814 | 51.456 | 35.736 |
|   5   | 57.586 | 75.991 | 82.797 | 51.460 | 35.739 |
|   6   | 57.602 | 75.991 | 82.814 | 51.460 | 35.736 |
|   7   | 57.619 | 76.023 | 82.846 | 51.461 | 35.743 |
|   8   | 57.521 | 76.040 | 82.830 | 51.451 | 35.749 |
|   9   | 57.537 | 76.040 | 82.862 | 51.451 | 35.748 |
|   10  | 57.570 | 76.105 | 82.830 | 51.469 | 35.768 |
|   11  | 57.554 | 76.040 | 82.846 | 51.461 | 35.758 |
|   12  | 57.537 | 76.056 | 82.814 | 51.459 | 35.759 |
|   13  | 57.570 | 76.056 | 82.830 | 51.468 | 35.768 |
|   14  | 57.586 | 76.072 | 82.862 | 51.472 | 35.762 |
|   15  | 57.570 | 76.056 | 82.846 | 51.471 | 35.772 |
|   16  | 57.586 | 76.088 | 82.862 | 51.473 | 35.766 |
|   17  | 57.570 | 76.121 | 82.846 | 51.475 | 35.767 |
|   18  | 57.586 | 76.105 | 82.878 | 51.483 | 35.773 |
|   19  | 57.586 | 76.088 | 82.895 | 51.483 | 35.778 |
|   20  | 57.619 | 76.121 | 82.911 | 51.496 | 35.776 |
|   21  | 57.619 | 76.072 | 82.911 | 51.496 | 35.774 |
|   22  | 57.651 | 76.072 | 82.927 | 51.509 | 35.784 |
|   23  | 57.667 | 76.105 | 82.927 | 51.509 | 35.781 |
|   24  | 57.700 | 76.121 | 82.927 | 51.527 | 35.791 |
|   25  | 57.716 | 76.105 | 82.927 | 51.534 | 35.791 |
|   26  | 57.716 | 76.121 | 82.943 | 51.531 | 35.784 |
|   27  | 57.700 | 76.121 | 82.943 | 51.531 | 35.782 |
+-------+--------+--------+--------+--------+--------+
     logs:  {'epo': 27, 'R1': np.float32(57.7), 'R5': np.float32(76.121), 'R10': np.float32(82.943), 'mAP': np.float32(51.531), 'mINP': np.float32(35.782), 'entropy': 0.025018869200721383, 'loss': 1.0949360132217407, 'lr': 4.613728757031338e-06}
     Epoch[28] Iteration[10/48], entropy: 0.0140, loss: 1.0719, lr: 9.84e-06
     Epoch[28] Iteration[20/48], entropy: 0.0571, loss: 1.1427, lr: 7.68e-06
     Epoch[28] Iteration[30/48], entropy: 0.1655, loss: 1.2602, lr: 1.81e-06
     Epoch[28] Iteration[40/48], entropy: 0.0174, loss: 1.0799, lr: 3.51e-07
     Averaged stats: entropy: 0.1377, loss: 1.1997, lr: 4.06e-06
     itm tta time 0:00:09
### TTA Eval Score: 
+-------+--------+--------+--------+--------+--------+
| epoch |   R1   |   R5   |  R10   |  mAP   |  mINP  |
+-------+--------+--------+--------+--------+--------+
|  -999 | 57.602 | 75.975 | 82.765 | 51.446 | 35.716 |
|   0   | 57.586 | 75.975 | 82.765 | 51.450 | 35.727 |
|   1   | 57.570 | 75.991 | 82.781 | 51.450 | 35.724 |
|   2   | 57.570 | 75.958 | 82.814 | 51.447 | 35.731 |
|   3   | 57.602 | 76.040 | 82.814 | 51.458 | 35.731 |
|   4   | 57.586 | 76.007 | 82.814 | 51.456 | 35.736 |
|   5   | 57.586 | 75.991 | 82.797 | 51.460 | 35.739 |
|   6   | 57.602 | 75.991 | 82.814 | 51.460 | 35.736 |
|   7   | 57.619 | 76.023 | 82.846 | 51.461 | 35.743 |
|   8   | 57.521 | 76.040 | 82.830 | 51.451 | 35.749 |
|   9   | 57.537 | 76.040 | 82.862 | 51.451 | 35.748 |
|   10  | 57.570 | 76.105 | 82.830 | 51.469 | 35.768 |
|   11  | 57.554 | 76.040 | 82.846 | 51.461 | 35.758 |
|   12  | 57.537 | 76.056 | 82.814 | 51.459 | 35.759 |
|   13  | 57.570 | 76.056 | 82.830 | 51.468 | 35.768 |
|   14  | 57.586 | 76.072 | 82.862 | 51.472 | 35.762 |
|   15  | 57.570 | 76.056 | 82.846 | 51.471 | 35.772 |
|   16  | 57.586 | 76.088 | 82.862 | 51.473 | 35.766 |
|   17  | 57.570 | 76.121 | 82.846 | 51.475 | 35.767 |
|   18  | 57.586 | 76.105 | 82.878 | 51.483 | 35.773 |
|   19  | 57.586 | 76.088 | 82.895 | 51.483 | 35.778 |
|   20  | 57.619 | 76.121 | 82.911 | 51.496 | 35.776 |
|   21  | 57.619 | 76.072 | 82.911 | 51.496 | 35.774 |
|   22  | 57.651 | 76.072 | 82.927 | 51.509 | 35.784 |
|   23  | 57.667 | 76.105 | 82.927 | 51.509 | 35.781 |
|   24  | 57.700 | 76.121 | 82.927 | 51.527 | 35.791 |
|   25  | 57.716 | 76.105 | 82.927 | 51.534 | 35.791 |
|   26  | 57.716 | 76.121 | 82.943 | 51.531 | 35.784 |
|   27  | 57.700 | 76.121 | 82.943 | 51.531 | 35.782 |
|   28  | 57.684 | 76.137 | 82.976 | 51.535 | 35.791 |
+-------+--------+--------+--------+--------+--------+
     logs:  {'epo': 28, 'R1': np.float32(57.684), 'R5': np.float32(76.137), 'R10': np.float32(82.976), 'mAP': np.float32(51.535), 'mINP': np.float32(35.791), 'entropy': 0.06353597063571215, 'loss': 1.138674259185791, 'lr': 4.9215118505883895e-06}
     Epoch[29] Iteration[10/48], entropy: 0.0247, loss: 1.0394, lr: 9.38e-06
     Epoch[29] Iteration[20/48], entropy: 0.0089, loss: 1.0820, lr: 8.64e-06
     Epoch[29] Iteration[30/48], entropy: 0.0437, loss: 1.0815, lr: 2.87e-06
     Epoch[29] Iteration[40/48], entropy: 0.0567, loss: 1.1311, lr: 3.94e-08
     Averaged stats: entropy: 0.0449, loss: 1.1328, lr: 2.87e-06
     itm tta time 0:00:09
### TTA Eval Score: 
+-------+--------+--------+--------+--------+--------+
| epoch |   R1   |   R5   |  R10   |  mAP   |  mINP  |
+-------+--------+--------+--------+--------+--------+
|  -999 | 57.602 | 75.975 | 82.765 | 51.446 | 35.716 |
|   0   | 57.586 | 75.975 | 82.765 | 51.450 | 35.727 |
|   1   | 57.570 | 75.991 | 82.781 | 51.450 | 35.724 |
|   2   | 57.570 | 75.958 | 82.814 | 51.447 | 35.731 |
|   3   | 57.602 | 76.040 | 82.814 | 51.458 | 35.731 |
|   4   | 57.586 | 76.007 | 82.814 | 51.456 | 35.736 |
|   5   | 57.586 | 75.991 | 82.797 | 51.460 | 35.739 |
|   6   | 57.602 | 75.991 | 82.814 | 51.460 | 35.736 |
|   7   | 57.619 | 76.023 | 82.846 | 51.461 | 35.743 |
|   8   | 57.521 | 76.040 | 82.830 | 51.451 | 35.749 |
|   9   | 57.537 | 76.040 | 82.862 | 51.451 | 35.748 |
|   10  | 57.570 | 76.105 | 82.830 | 51.469 | 35.768 |
|   11  | 57.554 | 76.040 | 82.846 | 51.461 | 35.758 |
|   12  | 57.537 | 76.056 | 82.814 | 51.459 | 35.759 |
|   13  | 57.570 | 76.056 | 82.830 | 51.468 | 35.768 |
|   14  | 57.586 | 76.072 | 82.862 | 51.472 | 35.762 |
|   15  | 57.570 | 76.056 | 82.846 | 51.471 | 35.772 |
|   16  | 57.586 | 76.088 | 82.862 | 51.473 | 35.766 |
|   17  | 57.570 | 76.121 | 82.846 | 51.475 | 35.767 |
|   18  | 57.586 | 76.105 | 82.878 | 51.483 | 35.773 |
|   19  | 57.586 | 76.088 | 82.895 | 51.483 | 35.778 |
|   20  | 57.619 | 76.121 | 82.911 | 51.496 | 35.776 |
|   21  | 57.619 | 76.072 | 82.911 | 51.496 | 35.774 |
|   22  | 57.651 | 76.072 | 82.927 | 51.509 | 35.784 |
|   23  | 57.667 | 76.105 | 82.927 | 51.509 | 35.781 |
|   24  | 57.700 | 76.121 | 82.927 | 51.527 | 35.791 |
|   25  | 57.716 | 76.105 | 82.927 | 51.534 | 35.791 |
|   26  | 57.716 | 76.121 | 82.943 | 51.531 | 35.784 |
|   27  | 57.700 | 76.121 | 82.943 | 51.531 | 35.782 |
|   28  | 57.684 | 76.137 | 82.976 | 51.535 | 35.791 |
|   29  | 57.700 | 76.137 | 82.960 | 51.538 | 35.795 |
+-------+--------+--------+--------+--------+--------+
     logs:  {'epo': 29, 'R1': np.float32(57.7), 'R5': np.float32(76.137), 'R10': np.float32(82.96), 'mAP': np.float32(51.538), 'mINP': np.float32(35.795), 'entropy': 0.03351022768765688, 'loss': 1.0835004150867462, 'lr': 5.23422664323217e-06}
### best epoch 25 : {'epo': '25', 'R1': '57.716', 'R5': '76.105', 'R10': '82.927', 'mAP': '51.534', 'mINP': '35.791', 'entropy': '0.09833833482116461', 'loss': '1.1535465121269226', 'lr': '4.088789215723225e-06'}
### Time 0:09:40
