/home/user/yc57963/miniconda3/envs/irra/lib/python3.9/site-packages/torch/utils/data/dataloader.py:627: UserWarning: This DataLoader will create 8 worker processes in total. Our suggested max number of worker in current system is 2, which is smaller than what this DataLoader is going to create. Please be aware that excessive worker creation might get DataLoader running slow or even freeze, lower the worker number to avoid potential slowness/freeze if necessary.
  warnings.warn(
Not using distributed mode
### Hyper-parameters:
     output_dir: output_rerun2/ham_icfg_tta/exp1/exp1.4.2/2025091411432
     seed: 42
     device: cuda
     batch_size_tta: 32
     epochs: 10
     lr: 0.0001
### Creating test dataset
     test_txt_set: 19848    test_img_set: 19848
     test_txt_loader: 39    test_img_loader: 39
### Creating model
Training Model with ['sdm', 'id', 'mlm'] tasks
Resized position embedding from size:torch.Size([1, 197, 768]) to size: torch.Size([1, 193, 768]) with height:24 width: 8
     Total Params Sum:  190482206
### Zero-Shot Score: 
/home/user/yc57963/miniconda3/envs/irra/lib/python3.9/site-packages/torch/utils/data/dataloader.py:627: UserWarning: This DataLoader will create 4 worker processes in total. Our suggested max number of worker in current system is 2, which is smaller than what this DataLoader is going to create. Please be aware that excessive worker creation might get DataLoader running slow or even freeze, lower the worker number to avoid potential slowness/freeze if necessary.
  warnings.warn(
/home/user/yc57963/task/IRRA/tta.py:281: FutureWarning: `torch.cuda.amp.GradScaler(args...)` is deprecated. Please use `torch.amp.GradScaler('cuda', args...)` instead.
  scaler = GradScaler()  # bf16
+-------+--------+--------+--------+--------+-------+
| epoch |   R1   |   R5   |  R10   |  mAP   |  mINP |
+-------+--------+--------+--------+--------+-------+
|  -999 | 60.641 | 77.499 | 83.248 | 35.543 | 6.005 |
+-------+--------+--------+--------+--------+-------+
### TTA:
### Compute Cos Similarity Uncertainty
     preprocess_tta_coefficients  start
     sample selection ...
     number of sample after sample_selection: 15909
     uncertainty ...
     pos/neg sampling ...
      number of sample after pos/neg sampling: torch.Size([19848, 4])
     preprocess_tta_coefficients  end
### Creating TTA dataset
     tta_dataset: 15909
### Creating tta dataloader
### be careful: func create_loader returns a list length of 1
     tta_loader: 497
### Configure adapted weights
     TTA Dropout Modules: 
 []
     TTA Require Gradient Params: 
 [('base_model.transformer.resblocks.1.ln_1.weight', torch.Size([512])), ('base_model.transformer.resblocks.1.ln_1.bias', torch.Size([512])), ('base_model.transformer.resblocks.1.ln_2.weight', torch.Size([512])), ('base_model.transformer.resblocks.1.ln_2.bias', torch.Size([512])), ('base_model.transformer.resblocks.2.ln_1.weight', torch.Size([512])), ('base_model.transformer.resblocks.2.ln_1.bias', torch.Size([512])), ('base_model.transformer.resblocks.2.ln_2.weight', torch.Size([512])), ('base_model.transformer.resblocks.2.ln_2.bias', torch.Size([512])), ('base_model.transformer.resblocks.3.ln_1.weight', torch.Size([512])), ('base_model.transformer.resblocks.3.ln_1.bias', torch.Size([512])), ('base_model.transformer.resblocks.3.ln_2.weight', torch.Size([512])), ('base_model.transformer.resblocks.3.ln_2.bias', torch.Size([512])), ('base_model.transformer.resblocks.4.ln_1.weight', torch.Size([512])), ('base_model.transformer.resblocks.4.ln_1.bias', torch.Size([512])), ('base_model.transformer.resblocks.4.ln_2.weight', torch.Size([512])), ('base_model.transformer.resblocks.4.ln_2.bias', torch.Size([512])), ('base_model.transformer.resblocks.5.ln_1.weight', torch.Size([512])), ('base_model.transformer.resblocks.5.ln_1.bias', torch.Size([512])), ('base_model.transformer.resblocks.5.ln_2.weight', torch.Size([512])), ('base_model.transformer.resblocks.5.ln_2.bias', torch.Size([512])), ('base_model.transformer.resblocks.7.ln_1.weight', torch.Size([512])), ('base_model.transformer.resblocks.7.ln_1.bias', torch.Size([512])), ('base_model.transformer.resblocks.7.ln_2.weight', torch.Size([512])), ('base_model.transformer.resblocks.7.ln_2.bias', torch.Size([512])), ('base_model.transformer.resblocks.8.ln_1.weight', torch.Size([512])), ('base_model.transformer.resblocks.8.ln_1.bias', torch.Size([512])), ('base_model.transformer.resblocks.8.ln_2.weight', torch.Size([512])), ('base_model.transformer.resblocks.8.ln_2.bias', torch.Size([512])), ('base_model.transformer.resblocks.9.ln_1.weight', torch.Size([512])), ('base_model.transformer.resblocks.9.ln_1.bias', torch.Size([512])), ('base_model.transformer.resblocks.9.ln_2.weight', torch.Size([512])), ('base_model.transformer.resblocks.9.ln_2.bias', torch.Size([512])), ('base_model.transformer.resblocks.10.ln_1.weight', torch.Size([512])), ('base_model.transformer.resblocks.10.ln_1.bias', torch.Size([512])), ('base_model.transformer.resblocks.10.ln_2.weight', torch.Size([512])), ('base_model.transformer.resblocks.10.ln_2.bias', torch.Size([512])), ('base_model.transformer.resblocks.11.ln_1.weight', torch.Size([512])), ('base_model.transformer.resblocks.11.ln_1.bias', torch.Size([512])), ('base_model.transformer.resblocks.11.ln_2.weight', torch.Size([512])), ('base_model.transformer.resblocks.11.ln_2.bias', torch.Size([512])), ('base_model.ln_final.weight', torch.Size([512])), ('base_model.ln_final.bias', torch.Size([512]))]
     TTA Dropout Modules Number: 
 0
     TTA Require Gradient Params Sum: 
 21504
Using 5.0 times learning rate for random init module 
### Start Test Time Adaptation : num_epoch = 10
/home/user/yc57963/task/IRRA/tta.py:67: FutureWarning: `torch.cuda.amp.autocast(args...)` is deprecated. Please use `torch.amp.autocast('cuda', args...)` instead.
  with torch.cuda.amp.autocast(enabled=True):
     Epoch[0] Iteration[10/497], entropy: 0.2451, uncertainty: 2.9291, uncertainty_coeffi: 0.0010, loss: 0.1118, lr: 0.00e+00
     Epoch[0] Iteration[20/497], entropy: 0.2012, uncertainty: 2.8527, uncertainty_coeffi: 0.0010, loss: 0.0703, lr: 0.00e+00
     Epoch[0] Iteration[30/497], entropy: 0.2931, uncertainty: 3.0651, uncertainty_coeffi: 0.0010, loss: 0.1229, lr: 0.00e+00
     Epoch[0] Iteration[40/497], entropy: 0.3088, uncertainty: 3.1091, uncertainty_coeffi: 0.0010, loss: 0.1049, lr: 0.00e+00
     Epoch[0] Iteration[50/497], entropy: 0.3568, uncertainty: 2.8768, uncertainty_coeffi: 0.0010, loss: 0.1484, lr: 0.00e+00
     Epoch[0] Iteration[60/497], entropy: 0.3777, uncertainty: 2.5320, uncertainty_coeffi: 0.0010, loss: 0.1822, lr: 0.00e+00
     Epoch[0] Iteration[70/497], entropy: 0.2378, uncertainty: 2.1632, uncertainty_coeffi: 0.0010, loss: 0.1281, lr: 0.00e+00
     Epoch[0] Iteration[80/497], entropy: 0.3129, uncertainty: 2.3834, uncertainty_coeffi: 0.0010, loss: 0.1787, lr: 0.00e+00
     Epoch[0] Iteration[90/497], entropy: 0.3146, uncertainty: 2.8994, uncertainty_coeffi: 0.0010, loss: 0.1375, lr: 0.00e+00
     Epoch[0] Iteration[100/497], entropy: 0.2901, uncertainty: 2.7700, uncertainty_coeffi: 0.0010, loss: 0.1447, lr: 0.00e+00
     Epoch[0] Iteration[110/497], entropy: 0.2867, uncertainty: 2.3344, uncertainty_coeffi: 0.0010, loss: 0.1775, lr: 0.00e+00
     Epoch[0] Iteration[120/497], entropy: 0.3011, uncertainty: 3.0610, uncertainty_coeffi: 0.0010, loss: 0.1103, lr: 0.00e+00
     Epoch[0] Iteration[130/497], entropy: 0.2350, uncertainty: 2.8258, uncertainty_coeffi: 0.0010, loss: 0.1170, lr: 0.00e+00
     Epoch[0] Iteration[140/497], entropy: 0.2998, uncertainty: 2.7163, uncertainty_coeffi: 0.0010, loss: 0.1479, lr: 0.00e+00
     Epoch[0] Iteration[150/497], entropy: 0.2626, uncertainty: 3.1045, uncertainty_coeffi: 0.0010, loss: 0.0926, lr: 0.00e+00
     Epoch[0] Iteration[160/497], entropy: 0.3409, uncertainty: 2.5165, uncertainty_coeffi: 0.0010, loss: 0.1765, lr: 0.00e+00
     Epoch[0] Iteration[170/497], entropy: 0.2937, uncertainty: 2.8297, uncertainty_coeffi: 0.0010, loss: 0.1256, lr: 0.00e+00
     Epoch[0] Iteration[180/497], entropy: 0.3206, uncertainty: 2.6212, uncertainty_coeffi: 0.0010, loss: 0.1762, lr: 0.00e+00
     Epoch[0] Iteration[190/497], entropy: 0.2086, uncertainty: 2.4693, uncertainty_coeffi: 0.0010, loss: 0.1018, lr: 0.00e+00
     Epoch[0] Iteration[200/497], entropy: 0.2578, uncertainty: 2.8642, uncertainty_coeffi: 0.0010, loss: 0.1211, lr: 0.00e+00
     Epoch[0] Iteration[210/497], entropy: 0.3410, uncertainty: 2.6147, uncertainty_coeffi: 0.0010, loss: 0.1918, lr: 0.00e+00
     Epoch[0] Iteration[220/497], entropy: 0.4717, uncertainty: 3.1112, uncertainty_coeffi: 0.0010, loss: 0.1612, lr: 0.00e+00
     Epoch[0] Iteration[230/497], entropy: 0.3108, uncertainty: 2.7683, uncertainty_coeffi: 0.0010, loss: 0.1207, lr: 0.00e+00
     Epoch[0] Iteration[240/497], entropy: 0.3021, uncertainty: 2.4596, uncertainty_coeffi: 0.0010, loss: 0.1409, lr: 0.00e+00
     Epoch[0] Iteration[250/497], entropy: 0.3253, uncertainty: 2.9070, uncertainty_coeffi: 0.0010, loss: 0.1362, lr: 0.00e+00
     Epoch[0] Iteration[260/497], entropy: 0.3279, uncertainty: 2.3890, uncertainty_coeffi: 0.0010, loss: 0.1515, lr: 0.00e+00
     Epoch[0] Iteration[270/497], entropy: 0.2363, uncertainty: 3.1054, uncertainty_coeffi: 0.0010, loss: 0.0979, lr: 0.00e+00
     Epoch[0] Iteration[280/497], entropy: 0.2092, uncertainty: 2.5017, uncertainty_coeffi: 0.0010, loss: 0.1045, lr: 0.00e+00
     Epoch[0] Iteration[290/497], entropy: 0.2232, uncertainty: 2.5425, uncertainty_coeffi: 0.0010, loss: 0.0895, lr: 0.00e+00
     Epoch[0] Iteration[300/497], entropy: 0.2797, uncertainty: 2.5510, uncertainty_coeffi: 0.0010, loss: 0.1466, lr: 0.00e+00
     Epoch[0] Iteration[310/497], entropy: 0.3311, uncertainty: 2.4347, uncertainty_coeffi: 0.0010, loss: 0.1666, lr: 0.00e+00
     Epoch[0] Iteration[320/497], entropy: 0.4016, uncertainty: 2.9337, uncertainty_coeffi: 0.0010, loss: 0.1831, lr: 0.00e+00
     Epoch[0] Iteration[330/497], entropy: 0.3807, uncertainty: 2.8963, uncertainty_coeffi: 0.0010, loss: 0.1718, lr: 0.00e+00
     Epoch[0] Iteration[340/497], entropy: 0.2437, uncertainty: 2.9066, uncertainty_coeffi: 0.0010, loss: 0.0819, lr: 0.00e+00
     Epoch[0] Iteration[350/497], entropy: 0.2475, uncertainty: 2.3080, uncertainty_coeffi: 0.0010, loss: 0.1571, lr: 0.00e+00
     Epoch[0] Iteration[360/497], entropy: 0.3279, uncertainty: 3.2522, uncertainty_coeffi: 0.0010, loss: 0.1280, lr: 0.00e+00
     Epoch[0] Iteration[370/497], entropy: 0.3219, uncertainty: 2.8301, uncertainty_coeffi: 0.0010, loss: 0.1379, lr: 0.00e+00
     Epoch[0] Iteration[380/497], entropy: 0.2284, uncertainty: 2.7477, uncertainty_coeffi: 0.0010, loss: 0.1180, lr: 0.00e+00
     Epoch[0] Iteration[390/497], entropy: 0.2351, uncertainty: 2.4088, uncertainty_coeffi: 0.0010, loss: 0.1142, lr: 0.00e+00
     Epoch[0] Iteration[400/497], entropy: 0.2273, uncertainty: 2.5933, uncertainty_coeffi: 0.0010, loss: 0.1148, lr: 0.00e+00
     Epoch[0] Iteration[410/497], entropy: 0.2980, uncertainty: 2.1093, uncertainty_coeffi: 0.0010, loss: 0.1573, lr: 0.00e+00
     Epoch[0] Iteration[420/497], entropy: 0.3006, uncertainty: 2.8390, uncertainty_coeffi: 0.0010, loss: 0.1307, lr: 0.00e+00
     Epoch[0] Iteration[430/497], entropy: 0.2599, uncertainty: 2.4523, uncertainty_coeffi: 0.0010, loss: 0.1257, lr: 0.00e+00
     Epoch[0] Iteration[440/497], entropy: 0.3341, uncertainty: 2.6284, uncertainty_coeffi: 0.0010, loss: 0.1565, lr: 0.00e+00
     Epoch[0] Iteration[450/497], entropy: 0.2254, uncertainty: 2.7135, uncertainty_coeffi: 0.0010, loss: 0.1032, lr: 0.00e+00
     Epoch[0] Iteration[460/497], entropy: 0.2807, uncertainty: 2.4310, uncertainty_coeffi: 0.0010, loss: 0.1477, lr: 0.00e+00
     Epoch[0] Iteration[470/497], entropy: 0.2220, uncertainty: 2.5654, uncertainty_coeffi: 0.0010, loss: 0.1079, lr: 0.00e+00
     Epoch[0] Iteration[480/497], entropy: 0.2964, uncertainty: 2.8271, uncertainty_coeffi: 0.0010, loss: 0.1360, lr: 0.00e+00
     Epoch[0] Iteration[490/497], entropy: 0.3599, uncertainty: 2.7529, uncertainty_coeffi: 0.0010, loss: 0.1784, lr: 0.00e+00
     Averaged stats: entropy_avg: 0.2917, uncertainty_avg: 2.7042, uncertainty_coeffi_avg: 0.0010, loss_avg: 0.1354, lr_avg: 0.00e+00
     itm tta time 0:00:49
### TTA Eval Score: 
+-------+--------+--------+--------+--------+-------+
| epoch |   R1   |   R5   |  R10   |  mAP   |  mINP |
+-------+--------+--------+--------+--------+-------+
|  -999 | 60.641 | 77.499 | 83.248 | 35.543 | 6.005 |
|   0   | 61.432 | 77.575 | 83.328 | 36.014 | 6.067 |
+-------+--------+--------+--------+--------+-------+
     logs:  {'epo': 0, 'R1': np.float32(61.432), 'R5': np.float32(77.575), 'R10': np.float32(83.328), 'mAP': np.float32(36.014), 'mINP': np.float32(6.067), 'entropy': 0.2917162155618473, 'uncertainty': 2.7041721246680437, 'uncertainty_coeffi': 0.0010000000474974513, 'loss': 0.1353800144730782, 'lr': 0.0}
     Epoch[1] Iteration[10/497], entropy: 0.2932, uncertainty: 2.8095, uncertainty_coeffi: 0.0010, loss: 0.1241, lr: 6.55e-05
     Epoch[1] Iteration[20/497], entropy: 0.2317, uncertainty: 2.3617, uncertainty_coeffi: 0.0010, loss: 0.1268, lr: 6.55e-05
     Epoch[1] Iteration[30/497], entropy: 0.3257, uncertainty: 3.1709, uncertainty_coeffi: 0.0010, loss: 0.1225, lr: 6.55e-05
     Epoch[1] Iteration[40/497], entropy: 0.2180, uncertainty: 3.0929, uncertainty_coeffi: 0.0010, loss: 0.0980, lr: 6.55e-05
     Epoch[1] Iteration[50/497], entropy: 0.3180, uncertainty: 2.4474, uncertainty_coeffi: 0.0010, loss: 0.1428, lr: 6.55e-05
     Epoch[1] Iteration[60/497], entropy: 0.2665, uncertainty: 2.5684, uncertainty_coeffi: 0.0010, loss: 0.1369, lr: 6.55e-05
     Epoch[1] Iteration[70/497], entropy: 0.3323, uncertainty: 2.7601, uncertainty_coeffi: 0.0010, loss: 0.1422, lr: 6.55e-05
     Epoch[1] Iteration[80/497], entropy: 0.2782, uncertainty: 3.1416, uncertainty_coeffi: 0.0010, loss: 0.1335, lr: 6.55e-05
     Epoch[1] Iteration[90/497], entropy: 0.2391, uncertainty: 3.0766, uncertainty_coeffi: 0.0010, loss: 0.0950, lr: 6.55e-05
     Epoch[1] Iteration[100/497], entropy: 0.2910, uncertainty: 2.8527, uncertainty_coeffi: 0.0010, loss: 0.1387, lr: 6.55e-05
     Epoch[1] Iteration[110/497], entropy: 0.2627, uncertainty: 2.8764, uncertainty_coeffi: 0.0010, loss: 0.1024, lr: 6.55e-05
     Epoch[1] Iteration[120/497], entropy: 0.2867, uncertainty: 2.4043, uncertainty_coeffi: 0.0010, loss: 0.1466, lr: 6.55e-05
     Epoch[1] Iteration[130/497], entropy: 0.3351, uncertainty: 2.8576, uncertainty_coeffi: 0.0010, loss: 0.1561, lr: 6.55e-05
     Epoch[1] Iteration[140/497], entropy: 0.3433, uncertainty: 2.7329, uncertainty_coeffi: 0.0010, loss: 0.1731, lr: 6.55e-05
     Epoch[1] Iteration[150/497], entropy: 0.2910, uncertainty: 2.7815, uncertainty_coeffi: 0.0010, loss: 0.1205, lr: 6.55e-05
     Epoch[1] Iteration[160/497], entropy: 0.2372, uncertainty: 2.7143, uncertainty_coeffi: 0.0010, loss: 0.0952, lr: 6.55e-05
     Epoch[1] Iteration[170/497], entropy: 0.2409, uncertainty: 2.9360, uncertainty_coeffi: 0.0010, loss: 0.1145, lr: 6.55e-05
     Epoch[1] Iteration[180/497], entropy: 0.3176, uncertainty: 2.7781, uncertainty_coeffi: 0.0010, loss: 0.1500, lr: 6.55e-05
     Epoch[1] Iteration[190/497], entropy: 0.2226, uncertainty: 2.9373, uncertainty_coeffi: 0.0010, loss: 0.1003, lr: 6.55e-05
     Epoch[1] Iteration[200/497], entropy: 0.2985, uncertainty: 2.9501, uncertainty_coeffi: 0.0010, loss: 0.1302, lr: 6.55e-05
     Epoch[1] Iteration[210/497], entropy: 0.3700, uncertainty: 2.8818, uncertainty_coeffi: 0.0010, loss: 0.1773, lr: 6.55e-05
     Epoch[1] Iteration[220/497], entropy: 0.2427, uncertainty: 2.4986, uncertainty_coeffi: 0.0010, loss: 0.1393, lr: 6.55e-05
     Epoch[1] Iteration[230/497], entropy: 0.2020, uncertainty: 2.5632, uncertainty_coeffi: 0.0010, loss: 0.0830, lr: 6.55e-05
     Epoch[1] Iteration[240/497], entropy: 0.2469, uncertainty: 2.9187, uncertainty_coeffi: 0.0010, loss: 0.0938, lr: 6.55e-05
     Epoch[1] Iteration[250/497], entropy: 0.2410, uncertainty: 2.8601, uncertainty_coeffi: 0.0010, loss: 0.1075, lr: 6.55e-05
     Epoch[1] Iteration[260/497], entropy: 0.2240, uncertainty: 2.8621, uncertainty_coeffi: 0.0010, loss: 0.1370, lr: 6.55e-05
     Epoch[1] Iteration[270/497], entropy: 0.1527, uncertainty: 2.8640, uncertainty_coeffi: 0.0010, loss: 0.0597, lr: 6.55e-05
     Epoch[1] Iteration[280/497], entropy: 0.2335, uncertainty: 2.9738, uncertainty_coeffi: 0.0010, loss: 0.0973, lr: 6.55e-05
     Epoch[1] Iteration[290/497], entropy: 0.2415, uncertainty: 2.7352, uncertainty_coeffi: 0.0010, loss: 0.0978, lr: 6.55e-05
     Epoch[1] Iteration[300/497], entropy: 0.2363, uncertainty: 2.1094, uncertainty_coeffi: 0.0010, loss: 0.1309, lr: 6.55e-05
     Epoch[1] Iteration[310/497], entropy: 0.2690, uncertainty: 2.4519, uncertainty_coeffi: 0.0010, loss: 0.1218, lr: 6.55e-05
     Epoch[1] Iteration[320/497], entropy: 0.3358, uncertainty: 3.1666, uncertainty_coeffi: 0.0010, loss: 0.1471, lr: 6.55e-05
     Epoch[1] Iteration[330/497], entropy: 0.2951, uncertainty: 2.9967, uncertainty_coeffi: 0.0010, loss: 0.1251, lr: 6.55e-05
     Epoch[1] Iteration[340/497], entropy: 0.2487, uncertainty: 2.9218, uncertainty_coeffi: 0.0010, loss: 0.1430, lr: 6.55e-05
     Epoch[1] Iteration[350/497], entropy: 0.2539, uncertainty: 2.8978, uncertainty_coeffi: 0.0010, loss: 0.1201, lr: 6.55e-05
     Epoch[1] Iteration[360/497], entropy: 0.2419, uncertainty: 2.6240, uncertainty_coeffi: 0.0010, loss: 0.1237, lr: 6.55e-05
     Epoch[1] Iteration[370/497], entropy: 0.3447, uncertainty: 3.1026, uncertainty_coeffi: 0.0010, loss: 0.1233, lr: 6.55e-05
     Epoch[1] Iteration[380/497], entropy: 0.2753, uncertainty: 3.1628, uncertainty_coeffi: 0.0010, loss: 0.1380, lr: 6.55e-05
     Epoch[1] Iteration[390/497], entropy: 0.2382, uncertainty: 2.5299, uncertainty_coeffi: 0.0010, loss: 0.1088, lr: 6.55e-05
     Epoch[1] Iteration[400/497], entropy: 0.2914, uncertainty: 2.4293, uncertainty_coeffi: 0.0010, loss: 0.1397, lr: 6.55e-05
     Epoch[1] Iteration[410/497], entropy: 0.1711, uncertainty: 3.3520, uncertainty_coeffi: 0.0010, loss: 0.0770, lr: 6.55e-05
     Epoch[1] Iteration[420/497], entropy: 0.2197, uncertainty: 2.7223, uncertainty_coeffi: 0.0010, loss: 0.1171, lr: 6.55e-05
     Epoch[1] Iteration[430/497], entropy: 0.2142, uncertainty: 2.8597, uncertainty_coeffi: 0.0010, loss: 0.0957, lr: 6.55e-05
     Epoch[1] Iteration[440/497], entropy: 0.3150, uncertainty: 2.9109, uncertainty_coeffi: 0.0010, loss: 0.1262, lr: 6.55e-05
     Epoch[1] Iteration[450/497], entropy: 0.2812, uncertainty: 2.9706, uncertainty_coeffi: 0.0010, loss: 0.1245, lr: 6.55e-05
     Epoch[1] Iteration[460/497], entropy: 0.3116, uncertainty: 3.3879, uncertainty_coeffi: 0.0010, loss: 0.1453, lr: 6.55e-05
     Epoch[1] Iteration[470/497], entropy: 0.3599, uncertainty: 3.1393, uncertainty_coeffi: 0.0010, loss: 0.1584, lr: 6.55e-05
     Epoch[1] Iteration[480/497], entropy: 0.2664, uncertainty: 2.3710, uncertainty_coeffi: 0.0010, loss: 0.1277, lr: 6.55e-05
     Epoch[1] Iteration[490/497], entropy: 0.2872, uncertainty: 3.0559, uncertainty_coeffi: 0.0010, loss: 0.1109, lr: 6.55e-05
     Averaged stats: entropy_avg: 0.2702, uncertainty_avg: 2.8280, uncertainty_coeffi_avg: 0.0010, loss_avg: 0.1234, lr_avg: 6.55e-05
     itm tta time 0:00:50
### TTA Eval Score: 
+-------+--------+--------+--------+--------+-------+
| epoch |   R1   |   R5   |  R10   |  mAP   |  mINP |
+-------+--------+--------+--------+--------+-------+
|  -999 | 60.641 | 77.499 | 83.248 | 35.543 | 6.005 |
|   0   | 61.432 | 77.575 | 83.328 | 36.014 | 6.067 |
|   1   | 61.709 | 77.459 | 83.207 | 36.109 | 6.088 |
+-------+--------+--------+--------+--------+-------+
     logs:  {'epo': 1, 'R1': np.float32(61.709), 'R5': np.float32(77.459), 'R10': np.float32(83.207), 'mAP': np.float32(36.109), 'mINP': np.float32(6.088), 'entropy': 0.27020860600228214, 'uncertainty': 2.8279644226541323, 'uncertainty_coeffi': 0.0010000000474974513, 'loss': 0.12339208601992957, 'lr': 6.54508497187474e-05}
     Epoch[2] Iteration[10/497], entropy: 0.2962, uncertainty: 2.4405, uncertainty_coeffi: 0.0010, loss: 0.1525, lr: 9.05e-05
     Epoch[2] Iteration[20/497], entropy: 0.2634, uncertainty: 3.1851, uncertainty_coeffi: 0.0010, loss: 0.0892, lr: 9.05e-05
     Epoch[2] Iteration[30/497], entropy: 0.1737, uncertainty: 3.1863, uncertainty_coeffi: 0.0010, loss: 0.0654, lr: 9.05e-05
     Epoch[2] Iteration[40/497], entropy: 0.3016, uncertainty: 2.9998, uncertainty_coeffi: 0.0010, loss: 0.1528, lr: 9.05e-05
     Epoch[2] Iteration[50/497], entropy: 0.2279, uncertainty: 2.5959, uncertainty_coeffi: 0.0010, loss: 0.1025, lr: 9.05e-05
     Epoch[2] Iteration[60/497], entropy: 0.2571, uncertainty: 2.4332, uncertainty_coeffi: 0.0010, loss: 0.1453, lr: 9.05e-05
     Epoch[2] Iteration[70/497], entropy: 0.2961, uncertainty: 2.6279, uncertainty_coeffi: 0.0010, loss: 0.1506, lr: 9.05e-05
     Epoch[2] Iteration[80/497], entropy: 0.2105, uncertainty: 2.9716, uncertainty_coeffi: 0.0010, loss: 0.1072, lr: 9.05e-05
     Epoch[2] Iteration[90/497], entropy: 0.3177, uncertainty: 3.0134, uncertainty_coeffi: 0.0010, loss: 0.1072, lr: 9.05e-05
     Epoch[2] Iteration[100/497], entropy: 0.2189, uncertainty: 2.4515, uncertainty_coeffi: 0.0010, loss: 0.1095, lr: 9.05e-05
     Epoch[2] Iteration[110/497], entropy: 0.2403, uncertainty: 2.3379, uncertainty_coeffi: 0.0010, loss: 0.1283, lr: 9.05e-05
     Epoch[2] Iteration[120/497], entropy: 0.3220, uncertainty: 2.8945, uncertainty_coeffi: 0.0010, loss: 0.1530, lr: 9.05e-05
     Epoch[2] Iteration[130/497], entropy: 0.2653, uncertainty: 2.6290, uncertainty_coeffi: 0.0010, loss: 0.1379, lr: 9.05e-05
     Epoch[2] Iteration[140/497], entropy: 0.2532, uncertainty: 2.9649, uncertainty_coeffi: 0.0010, loss: 0.0957, lr: 9.05e-05
     Epoch[2] Iteration[150/497], entropy: 0.3022, uncertainty: 2.7973, uncertainty_coeffi: 0.0010, loss: 0.1245, lr: 9.05e-05
     Epoch[2] Iteration[160/497], entropy: 0.2468, uncertainty: 2.5752, uncertainty_coeffi: 0.0010, loss: 0.1210, lr: 9.05e-05
     Epoch[2] Iteration[170/497], entropy: 0.1973, uncertainty: 2.7737, uncertainty_coeffi: 0.0010, loss: 0.0843, lr: 9.05e-05
     Epoch[2] Iteration[180/497], entropy: 0.3155, uncertainty: 2.7553, uncertainty_coeffi: 0.0010, loss: 0.1410, lr: 9.05e-05
     Epoch[2] Iteration[190/497], entropy: 0.1408, uncertainty: 2.9547, uncertainty_coeffi: 0.0010, loss: 0.0509, lr: 9.05e-05
     Epoch[2] Iteration[200/497], entropy: 0.3159, uncertainty: 2.6338, uncertainty_coeffi: 0.0010, loss: 0.1540, lr: 9.05e-05
     Epoch[2] Iteration[210/497], entropy: 0.2519, uncertainty: 2.3778, uncertainty_coeffi: 0.0010, loss: 0.1323, lr: 9.05e-05
     Epoch[2] Iteration[220/497], entropy: 0.3022, uncertainty: 2.4944, uncertainty_coeffi: 0.0010, loss: 0.1661, lr: 9.05e-05
     Epoch[2] Iteration[230/497], entropy: 0.2021, uncertainty: 1.9478, uncertainty_coeffi: 0.0010, loss: 0.1124, lr: 9.05e-05
     Epoch[2] Iteration[240/497], entropy: 0.2498, uncertainty: 2.4222, uncertainty_coeffi: 0.0010, loss: 0.1275, lr: 9.05e-05
     Epoch[2] Iteration[250/497], entropy: 0.3021, uncertainty: 2.5927, uncertainty_coeffi: 0.0010, loss: 0.1605, lr: 9.05e-05
     Epoch[2] Iteration[260/497], entropy: 0.2380, uncertainty: 2.7061, uncertainty_coeffi: 0.0010, loss: 0.1304, lr: 9.05e-05
     Epoch[2] Iteration[270/497], entropy: 0.2709, uncertainty: 2.7235, uncertainty_coeffi: 0.0010, loss: 0.1049, lr: 9.05e-05
     Epoch[2] Iteration[280/497], entropy: 0.2843, uncertainty: 2.4833, uncertainty_coeffi: 0.0010, loss: 0.1320, lr: 9.05e-05
     Epoch[2] Iteration[290/497], entropy: 0.1901, uncertainty: 2.9240, uncertainty_coeffi: 0.0010, loss: 0.0937, lr: 9.05e-05
     Epoch[2] Iteration[300/497], entropy: 0.2890, uncertainty: 3.0468, uncertainty_coeffi: 0.0010, loss: 0.1172, lr: 9.05e-05
     Epoch[2] Iteration[310/497], entropy: 0.2849, uncertainty: 2.7240, uncertainty_coeffi: 0.0010, loss: 0.1136, lr: 9.05e-05
     Epoch[2] Iteration[320/497], entropy: 0.3505, uncertainty: 2.6540, uncertainty_coeffi: 0.0010, loss: 0.1514, lr: 9.05e-05
     Epoch[2] Iteration[330/497], entropy: 0.2313, uncertainty: 2.7084, uncertainty_coeffi: 0.0010, loss: 0.1104, lr: 9.05e-05
     Epoch[2] Iteration[340/497], entropy: 0.1952, uncertainty: 2.6586, uncertainty_coeffi: 0.0010, loss: 0.0860, lr: 9.05e-05
     Epoch[2] Iteration[350/497], entropy: 0.2591, uncertainty: 2.6752, uncertainty_coeffi: 0.0010, loss: 0.1251, lr: 9.05e-05
     Epoch[2] Iteration[360/497], entropy: 0.3145, uncertainty: 3.4579, uncertainty_coeffi: 0.0010, loss: 0.1159, lr: 9.05e-05
     Epoch[2] Iteration[370/497], entropy: 0.1843, uncertainty: 2.9338, uncertainty_coeffi: 0.0010, loss: 0.0780, lr: 9.05e-05
     Epoch[2] Iteration[380/497], entropy: 0.1985, uncertainty: 2.7449, uncertainty_coeffi: 0.0010, loss: 0.0986, lr: 9.05e-05
     Epoch[2] Iteration[390/497], entropy: 0.2595, uncertainty: 2.6893, uncertainty_coeffi: 0.0010, loss: 0.1420, lr: 9.05e-05
     Epoch[2] Iteration[400/497], entropy: 0.3416, uncertainty: 2.2984, uncertainty_coeffi: 0.0010, loss: 0.1873, lr: 9.05e-05
     Epoch[2] Iteration[410/497], entropy: 0.3474, uncertainty: 2.7486, uncertainty_coeffi: 0.0010, loss: 0.1945, lr: 9.05e-05
     Epoch[2] Iteration[420/497], entropy: 0.2395, uncertainty: 2.4717, uncertainty_coeffi: 0.0010, loss: 0.1452, lr: 9.05e-05
     Epoch[2] Iteration[430/497], entropy: 0.2910, uncertainty: 2.6352, uncertainty_coeffi: 0.0010, loss: 0.1498, lr: 9.05e-05
     Epoch[2] Iteration[440/497], entropy: 0.2973, uncertainty: 2.5230, uncertainty_coeffi: 0.0010, loss: 0.1272, lr: 9.05e-05
     Epoch[2] Iteration[450/497], entropy: 0.1947, uncertainty: 2.7693, uncertainty_coeffi: 0.0010, loss: 0.0966, lr: 9.05e-05
     Epoch[2] Iteration[460/497], entropy: 0.3016, uncertainty: 2.8770, uncertainty_coeffi: 0.0010, loss: 0.1099, lr: 9.05e-05
     Epoch[2] Iteration[470/497], entropy: 0.2573, uncertainty: 2.9693, uncertainty_coeffi: 0.0010, loss: 0.1104, lr: 9.05e-05
     Epoch[2] Iteration[480/497], entropy: 0.2746, uncertainty: 2.8622, uncertainty_coeffi: 0.0010, loss: 0.1226, lr: 9.05e-05
     Epoch[2] Iteration[490/497], entropy: 0.2929, uncertainty: 2.9017, uncertainty_coeffi: 0.0010, loss: 0.1232, lr: 9.05e-05
     Averaged stats: entropy_avg: 0.2624, uncertainty_avg: 2.7192, uncertainty_coeffi_avg: 0.0010, loss_avg: 0.1232, lr_avg: 9.05e-05
     itm tta time 0:00:50
### TTA Eval Score: 
+-------+--------+--------+--------+--------+-------+
| epoch |   R1   |   R5   |  R10   |  mAP   |  mINP |
+-------+--------+--------+--------+--------+-------+
|  -999 | 60.641 | 77.499 | 83.248 | 35.543 | 6.005 |
|   0   | 61.432 | 77.575 | 83.328 | 36.014 | 6.067 |
|   1   | 61.709 | 77.459 | 83.207 | 36.109 | 6.088 |
|   2   | 61.830 | 77.484 | 83.086 | 36.132 | 6.089 |
+-------+--------+--------+--------+--------+-------+
     logs:  {'epo': 2, 'R1': np.float32(61.83), 'R5': np.float32(77.484), 'R10': np.float32(83.086), 'mAP': np.float32(36.132), 'mINP': np.float32(6.089), 'entropy': 0.2624155000156286, 'uncertainty': 2.7192362011695397, 'uncertainty_coeffi': 0.0010000000474974513, 'loss': 0.12321546430490454, 'lr': 9.045084971874754e-05}
     Epoch[3] Iteration[10/497], entropy: 0.2386, uncertainty: 2.7196, uncertainty_coeffi: 0.0010, loss: 0.0816, lr: 9.55e-06
     Epoch[3] Iteration[20/497], entropy: 0.3035, uncertainty: 2.4846, uncertainty_coeffi: 0.0010, loss: 0.1471, lr: 9.55e-06
     Epoch[3] Iteration[30/497], entropy: 0.2546, uncertainty: 2.7232, uncertainty_coeffi: 0.0010, loss: 0.1206, lr: 9.55e-06
     Epoch[3] Iteration[40/497], entropy: 0.2037, uncertainty: 2.6401, uncertainty_coeffi: 0.0010, loss: 0.0913, lr: 9.55e-06
     Epoch[3] Iteration[50/497], entropy: 0.3268, uncertainty: 2.7818, uncertainty_coeffi: 0.0010, loss: 0.1234, lr: 9.55e-06
     Epoch[3] Iteration[60/497], entropy: 0.2512, uncertainty: 3.0544, uncertainty_coeffi: 0.0010, loss: 0.1195, lr: 9.55e-06
     Epoch[3] Iteration[70/497], entropy: 0.1756, uncertainty: 2.0912, uncertainty_coeffi: 0.0010, loss: 0.0933, lr: 9.55e-06
     Epoch[3] Iteration[80/497], entropy: 0.2949, uncertainty: 2.4211, uncertainty_coeffi: 0.0010, loss: 0.1540, lr: 9.55e-06
     Epoch[3] Iteration[90/497], entropy: 0.2539, uncertainty: 2.8101, uncertainty_coeffi: 0.0010, loss: 0.0998, lr: 9.55e-06
     Epoch[3] Iteration[100/497], entropy: 0.1652, uncertainty: 2.9817, uncertainty_coeffi: 0.0010, loss: 0.0799, lr: 9.55e-06
     Epoch[3] Iteration[110/497], entropy: 0.2020, uncertainty: 2.8620, uncertainty_coeffi: 0.0010, loss: 0.0951, lr: 9.55e-06
     Epoch[3] Iteration[120/497], entropy: 0.1948, uncertainty: 2.4170, uncertainty_coeffi: 0.0010, loss: 0.1250, lr: 9.55e-06
     Epoch[3] Iteration[130/497], entropy: 0.3041, uncertainty: 2.6170, uncertainty_coeffi: 0.0010, loss: 0.1598, lr: 9.55e-06
     Epoch[3] Iteration[140/497], entropy: 0.2161, uncertainty: 3.0817, uncertainty_coeffi: 0.0010, loss: 0.0909, lr: 9.55e-06
     Epoch[3] Iteration[150/497], entropy: 0.2556, uncertainty: 2.8462, uncertainty_coeffi: 0.0010, loss: 0.1133, lr: 9.55e-06
     Epoch[3] Iteration[160/497], entropy: 0.2195, uncertainty: 2.6121, uncertainty_coeffi: 0.0010, loss: 0.1270, lr: 9.55e-06
     Epoch[3] Iteration[170/497], entropy: 0.2861, uncertainty: 2.3812, uncertainty_coeffi: 0.0010, loss: 0.1775, lr: 9.55e-06
     Epoch[3] Iteration[180/497], entropy: 0.1912, uncertainty: 3.0917, uncertainty_coeffi: 0.0010, loss: 0.0911, lr: 9.55e-06
     Epoch[3] Iteration[190/497], entropy: 0.2591, uncertainty: 2.6652, uncertainty_coeffi: 0.0010, loss: 0.1300, lr: 9.55e-06
     Epoch[3] Iteration[200/497], entropy: 0.1692, uncertainty: 3.1046, uncertainty_coeffi: 0.0010, loss: 0.0676, lr: 9.55e-06
     Epoch[3] Iteration[210/497], entropy: 0.2067, uncertainty: 2.4044, uncertainty_coeffi: 0.0010, loss: 0.1276, lr: 9.55e-06
     Epoch[3] Iteration[220/497], entropy: 0.3208, uncertainty: 2.6263, uncertainty_coeffi: 0.0010, loss: 0.1596, lr: 9.55e-06
     Epoch[3] Iteration[230/497], entropy: 0.2035, uncertainty: 2.8009, uncertainty_coeffi: 0.0010, loss: 0.0990, lr: 9.55e-06
     Epoch[3] Iteration[240/497], entropy: 0.2890, uncertainty: 2.9391, uncertainty_coeffi: 0.0010, loss: 0.1265, lr: 9.55e-06
     Epoch[3] Iteration[250/497], entropy: 0.2298, uncertainty: 2.3428, uncertainty_coeffi: 0.0010, loss: 0.1108, lr: 9.55e-06
     Epoch[3] Iteration[260/497], entropy: 0.2049, uncertainty: 2.7623, uncertainty_coeffi: 0.0010, loss: 0.0957, lr: 9.55e-06
     Epoch[3] Iteration[270/497], entropy: 0.1845, uncertainty: 3.1632, uncertainty_coeffi: 0.0010, loss: 0.0866, lr: 9.55e-06
     Epoch[3] Iteration[280/497], entropy: 0.2367, uncertainty: 2.2308, uncertainty_coeffi: 0.0010, loss: 0.1269, lr: 9.55e-06
     Epoch[3] Iteration[290/497], entropy: 0.2512, uncertainty: 2.8580, uncertainty_coeffi: 0.0010, loss: 0.1256, lr: 9.55e-06
     Epoch[3] Iteration[300/497], entropy: 0.2360, uncertainty: 2.7589, uncertainty_coeffi: 0.0010, loss: 0.1180, lr: 9.55e-06
     Epoch[3] Iteration[310/497], entropy: 0.4118, uncertainty: 2.6477, uncertainty_coeffi: 0.0010, loss: 0.2467, lr: 9.55e-06
     Epoch[3] Iteration[320/497], entropy: 0.2895, uncertainty: 2.8480, uncertainty_coeffi: 0.0010, loss: 0.1076, lr: 9.55e-06
     Epoch[3] Iteration[330/497], entropy: 0.2245, uncertainty: 2.5961, uncertainty_coeffi: 0.0010, loss: 0.0985, lr: 9.55e-06
     Epoch[3] Iteration[340/497], entropy: 0.3554, uncertainty: 2.8377, uncertainty_coeffi: 0.0010, loss: 0.1589, lr: 9.55e-06
     Epoch[3] Iteration[350/497], entropy: 0.2648, uncertainty: 2.8049, uncertainty_coeffi: 0.0010, loss: 0.1159, lr: 9.55e-06
     Epoch[3] Iteration[360/497], entropy: 0.2602, uncertainty: 2.4323, uncertainty_coeffi: 0.0010, loss: 0.1359, lr: 9.55e-06
     Epoch[3] Iteration[370/497], entropy: 0.2230, uncertainty: 2.3351, uncertainty_coeffi: 0.0010, loss: 0.1292, lr: 9.55e-06
     Epoch[3] Iteration[380/497], entropy: 0.2185, uncertainty: 2.3098, uncertainty_coeffi: 0.0010, loss: 0.1052, lr: 9.55e-06
     Epoch[3] Iteration[390/497], entropy: 0.1746, uncertainty: 2.3221, uncertainty_coeffi: 0.0010, loss: 0.0924, lr: 9.55e-06
     Epoch[3] Iteration[400/497], entropy: 0.2407, uncertainty: 3.1421, uncertainty_coeffi: 0.0010, loss: 0.1009, lr: 9.55e-06
     Epoch[3] Iteration[410/497], entropy: 0.2495, uncertainty: 2.4916, uncertainty_coeffi: 0.0010, loss: 0.1404, lr: 9.55e-06
     Epoch[3] Iteration[420/497], entropy: 0.1944, uncertainty: 2.9358, uncertainty_coeffi: 0.0010, loss: 0.0802, lr: 9.55e-06
     Epoch[3] Iteration[430/497], entropy: 0.2245, uncertainty: 2.6799, uncertainty_coeffi: 0.0010, loss: 0.0942, lr: 9.55e-06
     Epoch[3] Iteration[440/497], entropy: 0.2271, uncertainty: 3.2166, uncertainty_coeffi: 0.0010, loss: 0.1096, lr: 9.55e-06
     Epoch[3] Iteration[450/497], entropy: 0.3883, uncertainty: 3.2785, uncertainty_coeffi: 0.0010, loss: 0.1638, lr: 9.55e-06
     Epoch[3] Iteration[460/497], entropy: 0.2578, uncertainty: 2.9796, uncertainty_coeffi: 0.0010, loss: 0.1005, lr: 9.55e-06
     Epoch[3] Iteration[470/497], entropy: 0.2505, uncertainty: 2.8979, uncertainty_coeffi: 0.0010, loss: 0.1119, lr: 9.55e-06
     Epoch[3] Iteration[480/497], entropy: 0.2455, uncertainty: 3.3348, uncertainty_coeffi: 0.0010, loss: 0.1067, lr: 9.55e-06
     Epoch[3] Iteration[490/497], entropy: 0.2509, uncertainty: 2.9053, uncertainty_coeffi: 0.0010, loss: 0.1169, lr: 9.55e-06
     Averaged stats: entropy_avg: 0.2465, uncertainty_avg: 2.7402, uncertainty_coeffi_avg: 0.0010, loss_avg: 0.1179, lr_avg: 9.55e-06
     itm tta time 0:00:50
     Epoch[4] Iteration[10/497], entropy: 0.2782, uncertainty: 2.5391, uncertainty_coeffi: 0.0010, loss: 0.1330, lr: 3.45e-05
     Epoch[4] Iteration[20/497], entropy: 0.1730, uncertainty: 2.4873, uncertainty_coeffi: 0.0010, loss: 0.0830, lr: 6.55e-05
     Epoch[4] Iteration[30/497], entropy: 0.2987, uncertainty: 2.2368, uncertainty_coeffi: 0.0010, loss: 0.1773, lr: 6.55e-05
     Epoch[4] Iteration[40/497], entropy: 0.2054, uncertainty: 2.5916, uncertainty_coeffi: 0.0010, loss: 0.0984, lr: 6.55e-05
     Epoch[4] Iteration[50/497], entropy: 0.2554, uncertainty: 2.8286, uncertainty_coeffi: 0.0010, loss: 0.1351, lr: 6.55e-05
     Epoch[4] Iteration[60/497], entropy: 0.2860, uncertainty: 3.0850, uncertainty_coeffi: 0.0010, loss: 0.1259, lr: 6.55e-05
     Epoch[4] Iteration[70/497], entropy: 0.3134, uncertainty: 2.9907, uncertainty_coeffi: 0.0010, loss: 0.1411, lr: 6.55e-05
     Epoch[4] Iteration[80/497], entropy: 0.2143, uncertainty: 3.0324, uncertainty_coeffi: 0.0010, loss: 0.0887, lr: 6.55e-05
     Epoch[4] Iteration[90/497], entropy: 0.2271, uncertainty: 2.4643, uncertainty_coeffi: 0.0010, loss: 0.1166, lr: 6.55e-05
     Epoch[4] Iteration[100/497], entropy: 0.2566, uncertainty: 2.6724, uncertainty_coeffi: 0.0010, loss: 0.1094, lr: 6.55e-05
     Epoch[4] Iteration[110/497], entropy: 0.1909, uncertainty: 2.8262, uncertainty_coeffi: 0.0010, loss: 0.1033, lr: 6.55e-05
     Epoch[4] Iteration[120/497], entropy: 0.1608, uncertainty: 2.3636, uncertainty_coeffi: 0.0010, loss: 0.0868, lr: 6.55e-05
     Epoch[4] Iteration[130/497], entropy: 0.2784, uncertainty: 3.2908, uncertainty_coeffi: 0.0010, loss: 0.1397, lr: 6.55e-05
     Epoch[4] Iteration[140/497], entropy: 0.1944, uncertainty: 2.4759, uncertainty_coeffi: 0.0010, loss: 0.0961, lr: 6.55e-05
     Epoch[4] Iteration[150/497], entropy: 0.3250, uncertainty: 2.6194, uncertainty_coeffi: 0.0010, loss: 0.1635, lr: 6.55e-05
     Epoch[4] Iteration[160/497], entropy: 0.1892, uncertainty: 2.7165, uncertainty_coeffi: 0.0010, loss: 0.0734, lr: 6.55e-05
     Epoch[4] Iteration[170/497], entropy: 0.3431, uncertainty: 3.1496, uncertainty_coeffi: 0.0010, loss: 0.1498, lr: 6.55e-05
     Epoch[4] Iteration[180/497], entropy: 0.2359, uncertainty: 2.9724, uncertainty_coeffi: 0.0010, loss: 0.1003, lr: 6.55e-05
     Epoch[4] Iteration[190/497], entropy: 0.2006, uncertainty: 2.6733, uncertainty_coeffi: 0.0010, loss: 0.1151, lr: 6.55e-05
     Epoch[4] Iteration[200/497], entropy: 0.2485, uncertainty: 2.0525, uncertainty_coeffi: 0.0010, loss: 0.1372, lr: 6.55e-05
     Epoch[4] Iteration[210/497], entropy: 0.2334, uncertainty: 2.7876, uncertainty_coeffi: 0.0010, loss: 0.0986, lr: 6.55e-05
     Epoch[4] Iteration[220/497], entropy: 0.1859, uncertainty: 2.8579, uncertainty_coeffi: 0.0010, loss: 0.0845, lr: 6.55e-05
     Epoch[4] Iteration[230/497], entropy: 0.3265, uncertainty: 2.4876, uncertainty_coeffi: 0.0010, loss: 0.1629, lr: 6.55e-05
     Epoch[4] Iteration[240/497], entropy: 0.2749, uncertainty: 2.2320, uncertainty_coeffi: 0.0010, loss: 0.1427, lr: 6.55e-05
     Epoch[4] Iteration[250/497], entropy: 0.1935, uncertainty: 2.6635, uncertainty_coeffi: 0.0010, loss: 0.0827, lr: 6.55e-05
     Epoch[4] Iteration[260/497], entropy: 0.2408, uncertainty: 2.7353, uncertainty_coeffi: 0.0010, loss: 0.1298, lr: 6.55e-05
     Epoch[4] Iteration[270/497], entropy: 0.2137, uncertainty: 2.7627, uncertainty_coeffi: 0.0010, loss: 0.0883, lr: 6.55e-05
     Epoch[4] Iteration[280/497], entropy: 0.2561, uncertainty: 2.4982, uncertainty_coeffi: 0.0010, loss: 0.1121, lr: 6.55e-05
     Epoch[4] Iteration[290/497], entropy: 0.3095, uncertainty: 2.7489, uncertainty_coeffi: 0.0010, loss: 0.1321, lr: 6.55e-05
     Epoch[4] Iteration[300/497], entropy: 0.1788, uncertainty: 2.7297, uncertainty_coeffi: 0.0010, loss: 0.0914, lr: 6.55e-05
     Epoch[4] Iteration[310/497], entropy: 0.1950, uncertainty: 2.3980, uncertainty_coeffi: 0.0010, loss: 0.0871, lr: 6.55e-05
     Epoch[4] Iteration[320/497], entropy: 0.1598, uncertainty: 2.8069, uncertainty_coeffi: 0.0010, loss: 0.0742, lr: 6.55e-05
     Epoch[4] Iteration[330/497], entropy: 0.3031, uncertainty: 2.9956, uncertainty_coeffi: 0.0010, loss: 0.1251, lr: 6.55e-05
     Epoch[4] Iteration[340/497], entropy: 0.2873, uncertainty: 2.5231, uncertainty_coeffi: 0.0010, loss: 0.1437, lr: 6.55e-05
     Epoch[4] Iteration[350/497], entropy: 0.2445, uncertainty: 2.5886, uncertainty_coeffi: 0.0010, loss: 0.1146, lr: 6.55e-05
     Epoch[4] Iteration[360/497], entropy: 0.2561, uncertainty: 3.0636, uncertainty_coeffi: 0.0010, loss: 0.1105, lr: 6.55e-05
     Epoch[4] Iteration[370/497], entropy: 0.2021, uncertainty: 2.3840, uncertainty_coeffi: 0.0010, loss: 0.1012, lr: 6.55e-05
     Epoch[4] Iteration[380/497], entropy: 0.3427, uncertainty: 2.8357, uncertainty_coeffi: 0.0010, loss: 0.1494, lr: 6.55e-05
     Epoch[4] Iteration[390/497], entropy: 0.2174, uncertainty: 2.8410, uncertainty_coeffi: 0.0010, loss: 0.0823, lr: 6.55e-05
     Epoch[4] Iteration[400/497], entropy: 0.3310, uncertainty: 2.8999, uncertainty_coeffi: 0.0010, loss: 0.1442, lr: 6.55e-05
     Epoch[4] Iteration[410/497], entropy: 0.2598, uncertainty: 2.8807, uncertainty_coeffi: 0.0010, loss: 0.1382, lr: 6.55e-05
     Epoch[4] Iteration[420/497], entropy: 0.2314, uncertainty: 2.6559, uncertainty_coeffi: 0.0010, loss: 0.0912, lr: 6.55e-05
     Epoch[4] Iteration[430/497], entropy: 0.2174, uncertainty: 2.4783, uncertainty_coeffi: 0.0010, loss: 0.1268, lr: 6.55e-05
     Epoch[4] Iteration[440/497], entropy: 0.3168, uncertainty: 2.5875, uncertainty_coeffi: 0.0010, loss: 0.1574, lr: 6.55e-05
     Epoch[4] Iteration[450/497], entropy: 0.2209, uncertainty: 2.9240, uncertainty_coeffi: 0.0010, loss: 0.0901, lr: 6.55e-05
     Epoch[4] Iteration[460/497], entropy: 0.1983, uncertainty: 3.0314, uncertainty_coeffi: 0.0010, loss: 0.0679, lr: 6.55e-05
     Epoch[4] Iteration[470/497], entropy: 0.2601, uncertainty: 2.4517, uncertainty_coeffi: 0.0010, loss: 0.1762, lr: 6.55e-05
     Epoch[4] Iteration[480/497], entropy: 0.2384, uncertainty: 2.7868, uncertainty_coeffi: 0.0010, loss: 0.1082, lr: 6.55e-05
     Epoch[4] Iteration[490/497], entropy: 0.4550, uncertainty: 2.6112, uncertainty_coeffi: 0.0010, loss: 0.2396, lr: 6.55e-05
     Averaged stats: entropy_avg: 0.2495, uncertainty_avg: 2.7003, uncertainty_coeffi_avg: 0.0010, loss_avg: 0.1189, lr_avg: 6.48e-05
     itm tta time 0:00:50
### TTA Eval Score: 
+-------+--------+--------+--------+--------+-------+
| epoch |   R1   |   R5   |  R10   |  mAP   |  mINP |
+-------+--------+--------+--------+--------+-------+
|  -999 | 60.641 | 77.499 | 83.248 | 35.543 | 6.005 |
|   0   | 61.432 | 77.575 | 83.328 | 36.014 | 6.067 |
|   1   | 61.709 | 77.459 | 83.207 | 36.109 | 6.088 |
|   2   | 61.830 | 77.484 | 83.086 | 36.132 | 6.089 |
|   4   | 61.880 | 77.408 | 83.137 | 36.098 | 6.062 |
+-------+--------+--------+--------+--------+-------+
     logs:  {'epo': 4, 'R1': np.float32(61.88), 'R5': np.float32(77.408), 'R10': np.float32(83.137), 'mAP': np.float32(36.098), 'mINP': np.float32(6.062), 'entropy': 0.2494973646742957, 'uncertainty': 2.7003242531601264, 'uncertainty_coeffi': 0.0010000000474974513, 'loss': 0.11891643109978461, 'lr': 6.482020279145753e-05}
     Epoch[5] Iteration[10/497], entropy: 0.3034, uncertainty: 2.7793, uncertainty_coeffi: 0.0010, loss: 0.1169, lr: 9.05e-05
     Epoch[5] Iteration[20/497], entropy: 0.3049, uncertainty: 2.9002, uncertainty_coeffi: 0.0010, loss: 0.1358, lr: 9.05e-05
     Epoch[5] Iteration[30/497], entropy: 0.2131, uncertainty: 3.1541, uncertainty_coeffi: 0.0010, loss: 0.0916, lr: 9.05e-05
     Epoch[5] Iteration[40/497], entropy: 0.2818, uncertainty: 3.0150, uncertainty_coeffi: 0.0010, loss: 0.1294, lr: 9.05e-05
     Epoch[5] Iteration[50/497], entropy: 0.3092, uncertainty: 2.9021, uncertainty_coeffi: 0.0010, loss: 0.1437, lr: 9.05e-05
     Epoch[5] Iteration[60/497], entropy: 0.2453, uncertainty: 2.8943, uncertainty_coeffi: 0.0010, loss: 0.1240, lr: 9.05e-05
     Epoch[5] Iteration[70/497], entropy: 0.2474, uncertainty: 3.0330, uncertainty_coeffi: 0.0010, loss: 0.1227, lr: 9.05e-05
     Epoch[5] Iteration[80/497], entropy: 0.2025, uncertainty: 2.5839, uncertainty_coeffi: 0.0010, loss: 0.0972, lr: 9.05e-05
     Epoch[5] Iteration[90/497], entropy: 0.2818, uncertainty: 2.6191, uncertainty_coeffi: 0.0010, loss: 0.1337, lr: 9.05e-05
     Epoch[5] Iteration[100/497], entropy: 0.2656, uncertainty: 2.4971, uncertainty_coeffi: 0.0010, loss: 0.1344, lr: 9.05e-05
     Epoch[5] Iteration[110/497], entropy: 0.2887, uncertainty: 2.4833, uncertainty_coeffi: 0.0010, loss: 0.1306, lr: 9.05e-05
     Epoch[5] Iteration[120/497], entropy: 0.2200, uncertainty: 2.7034, uncertainty_coeffi: 0.0010, loss: 0.0991, lr: 9.05e-05
     Epoch[5] Iteration[130/497], entropy: 0.1907, uncertainty: 2.8753, uncertainty_coeffi: 0.0010, loss: 0.0793, lr: 9.05e-05
     Epoch[5] Iteration[140/497], entropy: 0.2265, uncertainty: 2.5568, uncertainty_coeffi: 0.0010, loss: 0.1084, lr: 9.05e-05
     Epoch[5] Iteration[150/497], entropy: 0.2489, uncertainty: 2.3226, uncertainty_coeffi: 0.0010, loss: 0.1348, lr: 9.05e-05
     Epoch[5] Iteration[160/497], entropy: 0.2639, uncertainty: 2.6792, uncertainty_coeffi: 0.0010, loss: 0.0998, lr: 9.05e-05
     Epoch[5] Iteration[170/497], entropy: 0.2284, uncertainty: 2.5909, uncertainty_coeffi: 0.0010, loss: 0.0937, lr: 9.05e-05
     Epoch[5] Iteration[180/497], entropy: 0.1764, uncertainty: 2.9564, uncertainty_coeffi: 0.0010, loss: 0.0699, lr: 9.05e-05
     Epoch[5] Iteration[190/497], entropy: 0.2877, uncertainty: 3.2924, uncertainty_coeffi: 0.0010, loss: 0.0939, lr: 9.05e-05
     Epoch[5] Iteration[200/497], entropy: 0.2817, uncertainty: 2.5840, uncertainty_coeffi: 0.0010, loss: 0.1475, lr: 9.05e-05
     Epoch[5] Iteration[210/497], entropy: 0.2370, uncertainty: 2.2283, uncertainty_coeffi: 0.0010, loss: 0.1274, lr: 9.05e-05
     Epoch[5] Iteration[220/497], entropy: 0.2696, uncertainty: 2.5579, uncertainty_coeffi: 0.0010, loss: 0.1194, lr: 9.05e-05
     Epoch[5] Iteration[230/497], entropy: 0.2977, uncertainty: 3.0317, uncertainty_coeffi: 0.0010, loss: 0.1271, lr: 9.05e-05
     Epoch[5] Iteration[240/497], entropy: 0.2060, uncertainty: 3.1553, uncertainty_coeffi: 0.0010, loss: 0.0917, lr: 9.05e-05
     Epoch[5] Iteration[250/497], entropy: 0.3156, uncertainty: 2.7930, uncertainty_coeffi: 0.0010, loss: 0.1700, lr: 9.05e-05
     Epoch[5] Iteration[260/497], entropy: 0.2463, uncertainty: 2.8143, uncertainty_coeffi: 0.0010, loss: 0.0930, lr: 9.05e-05
     Epoch[5] Iteration[270/497], entropy: 0.2357, uncertainty: 3.3365, uncertainty_coeffi: 0.0010, loss: 0.0911, lr: 9.05e-05
     Epoch[5] Iteration[280/497], entropy: 0.2344, uncertainty: 2.6740, uncertainty_coeffi: 0.0010, loss: 0.1254, lr: 9.05e-05
     Epoch[5] Iteration[290/497], entropy: 0.2833, uncertainty: 2.7911, uncertainty_coeffi: 0.0010, loss: 0.1334, lr: 9.05e-05
     Epoch[5] Iteration[300/497], entropy: 0.2226, uncertainty: 2.7188, uncertainty_coeffi: 0.0010, loss: 0.0892, lr: 9.05e-05
     Epoch[5] Iteration[310/497], entropy: 0.2203, uncertainty: 2.1527, uncertainty_coeffi: 0.0010, loss: 0.1189, lr: 9.05e-05
     Epoch[5] Iteration[320/497], entropy: 0.2368, uncertainty: 2.9238, uncertainty_coeffi: 0.0010, loss: 0.1227, lr: 9.05e-05
     Epoch[5] Iteration[330/497], entropy: 0.2468, uncertainty: 2.5803, uncertainty_coeffi: 0.0010, loss: 0.1217, lr: 9.05e-05
     Epoch[5] Iteration[340/497], entropy: 0.1983, uncertainty: 2.3249, uncertainty_coeffi: 0.0010, loss: 0.1048, lr: 9.05e-05
     Epoch[5] Iteration[350/497], entropy: 0.1934, uncertainty: 2.2380, uncertainty_coeffi: 0.0010, loss: 0.1094, lr: 9.05e-05
     Epoch[5] Iteration[360/497], entropy: 0.2327, uncertainty: 2.2485, uncertainty_coeffi: 0.0010, loss: 0.1190, lr: 9.05e-05
     Epoch[5] Iteration[370/497], entropy: 0.2410, uncertainty: 2.7174, uncertainty_coeffi: 0.0010, loss: 0.1291, lr: 9.05e-05
     Epoch[5] Iteration[380/497], entropy: 0.2536, uncertainty: 2.7638, uncertainty_coeffi: 0.0010, loss: 0.1277, lr: 9.05e-05
     Epoch[5] Iteration[390/497], entropy: 0.2456, uncertainty: 2.4240, uncertainty_coeffi: 0.0010, loss: 0.1121, lr: 9.05e-05
     Epoch[5] Iteration[400/497], entropy: 0.2181, uncertainty: 2.6484, uncertainty_coeffi: 0.0010, loss: 0.1009, lr: 9.05e-05
     Epoch[5] Iteration[410/497], entropy: 0.2902, uncertainty: 2.4981, uncertainty_coeffi: 0.0010, loss: 0.1454, lr: 9.05e-05
     Epoch[5] Iteration[420/497], entropy: 0.3231, uncertainty: 2.6764, uncertainty_coeffi: 0.0010, loss: 0.1485, lr: 9.05e-05
     Epoch[5] Iteration[430/497], entropy: 0.2132, uncertainty: 2.9119, uncertainty_coeffi: 0.0010, loss: 0.0873, lr: 9.05e-05
     Epoch[5] Iteration[440/497], entropy: 0.2600, uncertainty: 2.8152, uncertainty_coeffi: 0.0010, loss: 0.1041, lr: 9.05e-05
     Epoch[5] Iteration[450/497], entropy: 0.2246, uncertainty: 2.5814, uncertainty_coeffi: 0.0010, loss: 0.0955, lr: 9.05e-05
     Epoch[5] Iteration[460/497], entropy: 0.1935, uncertainty: 3.0284, uncertainty_coeffi: 0.0010, loss: 0.0740, lr: 9.05e-05
     Epoch[5] Iteration[470/497], entropy: 0.2380, uncertainty: 2.6664, uncertainty_coeffi: 0.0010, loss: 0.1084, lr: 9.05e-05
     Epoch[5] Iteration[480/497], entropy: 0.2709, uncertainty: 3.1853, uncertainty_coeffi: 0.0010, loss: 0.1031, lr: 9.05e-05
     Epoch[5] Iteration[490/497], entropy: 0.1462, uncertainty: 2.1947, uncertainty_coeffi: 0.0010, loss: 0.0723, lr: 9.05e-05
     Averaged stats: entropy_avg: 0.2462, uncertainty_avg: 2.7164, uncertainty_coeffi_avg: 0.0010, loss_avg: 0.1135, lr_avg: 9.05e-05
     itm tta time 0:00:50
     Epoch[6] Iteration[10/497], entropy: 0.2552, uncertainty: 3.0953, uncertainty_coeffi: 0.0010, loss: 0.0825, lr: 9.55e-06
     Epoch[6] Iteration[20/497], entropy: 0.2636, uncertainty: 3.0237, uncertainty_coeffi: 0.0010, loss: 0.0954, lr: 9.55e-06
     Epoch[6] Iteration[30/497], entropy: 0.1779, uncertainty: 2.5550, uncertainty_coeffi: 0.0010, loss: 0.0705, lr: 9.55e-06
     Epoch[6] Iteration[40/497], entropy: 0.1655, uncertainty: 2.7089, uncertainty_coeffi: 0.0010, loss: 0.0842, lr: 9.55e-06
     Epoch[6] Iteration[50/497], entropy: 0.1548, uncertainty: 2.4968, uncertainty_coeffi: 0.0010, loss: 0.0720, lr: 9.55e-06
     Epoch[6] Iteration[60/497], entropy: 0.2650, uncertainty: 3.3696, uncertainty_coeffi: 0.0010, loss: 0.1064, lr: 9.55e-06
     Epoch[6] Iteration[70/497], entropy: 0.2554, uncertainty: 2.7651, uncertainty_coeffi: 0.0010, loss: 0.1332, lr: 9.55e-06
     Epoch[6] Iteration[80/497], entropy: 0.2393, uncertainty: 2.2377, uncertainty_coeffi: 0.0010, loss: 0.1094, lr: 9.55e-06
     Epoch[6] Iteration[90/497], entropy: 0.2520, uncertainty: 2.5737, uncertainty_coeffi: 0.0010, loss: 0.1080, lr: 9.55e-06
     Epoch[6] Iteration[100/497], entropy: 0.2759, uncertainty: 2.8182, uncertainty_coeffi: 0.0010, loss: 0.1195, lr: 9.55e-06
     Epoch[6] Iteration[110/497], entropy: 0.2638, uncertainty: 3.5298, uncertainty_coeffi: 0.0010, loss: 0.0906, lr: 9.55e-06
     Epoch[6] Iteration[120/497], entropy: 0.3089, uncertainty: 2.7860, uncertainty_coeffi: 0.0010, loss: 0.1529, lr: 9.55e-06
     Epoch[6] Iteration[130/497], entropy: 0.2204, uncertainty: 2.8971, uncertainty_coeffi: 0.0010, loss: 0.0803, lr: 9.55e-06
     Epoch[6] Iteration[140/497], entropy: 0.2351, uncertainty: 2.9743, uncertainty_coeffi: 0.0010, loss: 0.0995, lr: 9.55e-06
     Epoch[6] Iteration[150/497], entropy: 0.2460, uncertainty: 2.9239, uncertainty_coeffi: 0.0010, loss: 0.1136, lr: 9.55e-06
     Epoch[6] Iteration[160/497], entropy: 0.2908, uncertainty: 2.2704, uncertainty_coeffi: 0.0010, loss: 0.1890, lr: 9.55e-06
     Epoch[6] Iteration[170/497], entropy: 0.2615, uncertainty: 2.6532, uncertainty_coeffi: 0.0010, loss: 0.1216, lr: 9.55e-06
     Epoch[6] Iteration[180/497], entropy: 0.2695, uncertainty: 2.6744, uncertainty_coeffi: 0.0010, loss: 0.1392, lr: 9.55e-06
     Epoch[6] Iteration[190/497], entropy: 0.1561, uncertainty: 2.9171, uncertainty_coeffi: 0.0010, loss: 0.0771, lr: 9.55e-06
     Epoch[6] Iteration[200/497], entropy: 0.2668, uncertainty: 2.5307, uncertainty_coeffi: 0.0010, loss: 0.1386, lr: 9.55e-06
     Epoch[6] Iteration[210/497], entropy: 0.2279, uncertainty: 2.8049, uncertainty_coeffi: 0.0010, loss: 0.0891, lr: 9.55e-06
     Epoch[6] Iteration[220/497], entropy: 0.1750, uncertainty: 2.9648, uncertainty_coeffi: 0.0010, loss: 0.0728, lr: 9.55e-06
     Epoch[6] Iteration[230/497], entropy: 0.3113, uncertainty: 2.7218, uncertainty_coeffi: 0.0010, loss: 0.1288, lr: 9.55e-06
     Epoch[6] Iteration[240/497], entropy: 0.1826, uncertainty: 2.3890, uncertainty_coeffi: 0.0010, loss: 0.0988, lr: 9.55e-06
     Epoch[6] Iteration[250/497], entropy: 0.1733, uncertainty: 2.8823, uncertainty_coeffi: 0.0010, loss: 0.0825, lr: 9.55e-06
     Epoch[6] Iteration[260/497], entropy: 0.1879, uncertainty: 2.6202, uncertainty_coeffi: 0.0010, loss: 0.0804, lr: 9.55e-06
     Epoch[6] Iteration[270/497], entropy: 0.2571, uncertainty: 2.3086, uncertainty_coeffi: 0.0010, loss: 0.1164, lr: 9.55e-06
     Epoch[6] Iteration[280/497], entropy: 0.3079, uncertainty: 2.5617, uncertainty_coeffi: 0.0010, loss: 0.1476, lr: 9.55e-06
     Epoch[6] Iteration[290/497], entropy: 0.3045, uncertainty: 2.7787, uncertainty_coeffi: 0.0010, loss: 0.1426, lr: 9.55e-06
     Epoch[6] Iteration[300/497], entropy: 0.1913, uncertainty: 2.5243, uncertainty_coeffi: 0.0010, loss: 0.0777, lr: 9.55e-06
     Epoch[6] Iteration[310/497], entropy: 0.2978, uncertainty: 3.0411, uncertainty_coeffi: 0.0010, loss: 0.1244, lr: 9.55e-06
     Epoch[6] Iteration[320/497], entropy: 0.3186, uncertainty: 2.6205, uncertainty_coeffi: 0.0010, loss: 0.1373, lr: 9.55e-06
     Epoch[6] Iteration[330/497], entropy: 0.2025, uncertainty: 2.5172, uncertainty_coeffi: 0.0010, loss: 0.0912, lr: 9.55e-06
     Epoch[6] Iteration[340/497], entropy: 0.2654, uncertainty: 2.7331, uncertainty_coeffi: 0.0010, loss: 0.1337, lr: 9.55e-06
     Epoch[6] Iteration[350/497], entropy: 0.2437, uncertainty: 2.6324, uncertainty_coeffi: 0.0010, loss: 0.1379, lr: 9.55e-06
     Epoch[6] Iteration[360/497], entropy: 0.3401, uncertainty: 3.0638, uncertainty_coeffi: 0.0010, loss: 0.1697, lr: 9.55e-06
     Epoch[6] Iteration[370/497], entropy: 0.2869, uncertainty: 2.6133, uncertainty_coeffi: 0.0010, loss: 0.1258, lr: 9.55e-06
     Epoch[6] Iteration[380/497], entropy: 0.2095, uncertainty: 2.9331, uncertainty_coeffi: 0.0010, loss: 0.0882, lr: 9.55e-06
     Epoch[6] Iteration[390/497], entropy: 0.1840, uncertainty: 3.0643, uncertainty_coeffi: 0.0010, loss: 0.0764, lr: 9.55e-06
     Epoch[6] Iteration[400/497], entropy: 0.2035, uncertainty: 2.9781, uncertainty_coeffi: 0.0010, loss: 0.0884, lr: 9.55e-06
     Epoch[6] Iteration[410/497], entropy: 0.2419, uncertainty: 2.4686, uncertainty_coeffi: 0.0010, loss: 0.1460, lr: 9.55e-06
     Epoch[6] Iteration[420/497], entropy: 0.2692, uncertainty: 2.6533, uncertainty_coeffi: 0.0010, loss: 0.1248, lr: 9.55e-06
     Epoch[6] Iteration[430/497], entropy: 0.1854, uncertainty: 2.3372, uncertainty_coeffi: 0.0010, loss: 0.0992, lr: 9.55e-06
     Epoch[6] Iteration[440/497], entropy: 0.2293, uncertainty: 2.7420, uncertainty_coeffi: 0.0010, loss: 0.0950, lr: 9.55e-06
     Epoch[6] Iteration[450/497], entropy: 0.3254, uncertainty: 2.5629, uncertainty_coeffi: 0.0010, loss: 0.1557, lr: 9.55e-06
     Epoch[6] Iteration[460/497], entropy: 0.2207, uncertainty: 2.8408, uncertainty_coeffi: 0.0010, loss: 0.1096, lr: 9.55e-06
     Epoch[6] Iteration[470/497], entropy: 0.2062, uncertainty: 2.4644, uncertainty_coeffi: 0.0010, loss: 0.0854, lr: 9.55e-06
     Epoch[6] Iteration[480/497], entropy: 0.3335, uncertainty: 2.5496, uncertainty_coeffi: 0.0010, loss: 0.1953, lr: 9.55e-06
     Epoch[6] Iteration[490/497], entropy: 0.2216, uncertainty: 2.3531, uncertainty_coeffi: 0.0010, loss: 0.1234, lr: 9.55e-06
     Averaged stats: entropy_avg: 0.2434, uncertainty_avg: 2.7250, uncertainty_coeffi_avg: 0.0010, loss_avg: 0.1128, lr_avg: 9.55e-06
     itm tta time 0:00:50
     Epoch[7] Iteration[10/497], entropy: 0.2156, uncertainty: 2.6983, uncertainty_coeffi: 0.0010, loss: 0.0939, lr: 3.45e-05
     Epoch[7] Iteration[20/497], entropy: 0.2038, uncertainty: 2.3842, uncertainty_coeffi: 0.0010, loss: 0.0989, lr: 3.45e-05
     Epoch[7] Iteration[30/497], entropy: 0.3106, uncertainty: 3.0292, uncertainty_coeffi: 0.0010, loss: 0.1139, lr: 3.45e-05
     Epoch[7] Iteration[40/497], entropy: 0.2027, uncertainty: 3.1725, uncertainty_coeffi: 0.0010, loss: 0.0800, lr: 3.45e-05
     Epoch[7] Iteration[50/497], entropy: 0.1667, uncertainty: 2.6841, uncertainty_coeffi: 0.0010, loss: 0.0769, lr: 3.45e-05
     Epoch[7] Iteration[60/497], entropy: 0.2699, uncertainty: 2.8106, uncertainty_coeffi: 0.0010, loss: 0.1071, lr: 3.45e-05
     Epoch[7] Iteration[70/497], entropy: 0.2041, uncertainty: 2.6695, uncertainty_coeffi: 0.0010, loss: 0.0895, lr: 3.45e-05
     Epoch[7] Iteration[80/497], entropy: 0.2919, uncertainty: 2.7867, uncertainty_coeffi: 0.0010, loss: 0.1323, lr: 3.45e-05
     Epoch[7] Iteration[90/497], entropy: 0.1640, uncertainty: 2.1785, uncertainty_coeffi: 0.0010, loss: 0.0995, lr: 3.45e-05
     Epoch[7] Iteration[100/497], entropy: 0.2316, uncertainty: 2.8126, uncertainty_coeffi: 0.0010, loss: 0.1049, lr: 3.45e-05
     Epoch[7] Iteration[110/497], entropy: 0.1526, uncertainty: 2.6688, uncertainty_coeffi: 0.0010, loss: 0.0793, lr: 3.45e-05
     Epoch[7] Iteration[120/497], entropy: 0.2593, uncertainty: 2.6720, uncertainty_coeffi: 0.0010, loss: 0.1371, lr: 3.45e-05
     Epoch[7] Iteration[130/497], entropy: 0.2362, uncertainty: 2.5355, uncertainty_coeffi: 0.0010, loss: 0.1165, lr: 3.45e-05
     Epoch[7] Iteration[140/497], entropy: 0.2367, uncertainty: 2.1397, uncertainty_coeffi: 0.0010, loss: 0.1239, lr: 3.45e-05
     Epoch[7] Iteration[150/497], entropy: 0.2148, uncertainty: 2.6962, uncertainty_coeffi: 0.0010, loss: 0.1059, lr: 3.45e-05
     Epoch[7] Iteration[160/497], entropy: 0.2245, uncertainty: 2.3768, uncertainty_coeffi: 0.0010, loss: 0.1002, lr: 3.45e-05
     Epoch[7] Iteration[170/497], entropy: 0.2858, uncertainty: 2.4321, uncertainty_coeffi: 0.0010, loss: 0.1414, lr: 3.45e-05
     Epoch[7] Iteration[180/497], entropy: 0.2988, uncertainty: 3.2189, uncertainty_coeffi: 0.0010, loss: 0.1244, lr: 3.45e-05
     Epoch[7] Iteration[190/497], entropy: 0.2586, uncertainty: 2.4758, uncertainty_coeffi: 0.0010, loss: 0.1253, lr: 3.45e-05
     Epoch[7] Iteration[200/497], entropy: 0.1585, uncertainty: 2.3187, uncertainty_coeffi: 0.0010, loss: 0.0734, lr: 3.45e-05
     Epoch[7] Iteration[210/497], entropy: 0.2005, uncertainty: 2.7551, uncertainty_coeffi: 0.0010, loss: 0.0833, lr: 3.45e-05
     Epoch[7] Iteration[220/497], entropy: 0.2547, uncertainty: 2.3367, uncertainty_coeffi: 0.0010, loss: 0.1258, lr: 3.45e-05
     Epoch[7] Iteration[230/497], entropy: 0.2586, uncertainty: 2.7270, uncertainty_coeffi: 0.0010, loss: 0.1217, lr: 3.45e-05
     Epoch[7] Iteration[240/497], entropy: 0.2387, uncertainty: 3.1529, uncertainty_coeffi: 0.0010, loss: 0.1167, lr: 3.45e-05
     Epoch[7] Iteration[250/497], entropy: 0.1997, uncertainty: 2.9052, uncertainty_coeffi: 0.0010, loss: 0.0767, lr: 3.45e-05
     Epoch[7] Iteration[260/497], entropy: 0.1583, uncertainty: 2.9412, uncertainty_coeffi: 0.0010, loss: 0.0674, lr: 3.45e-05
     Epoch[7] Iteration[270/497], entropy: 0.2284, uncertainty: 3.3219, uncertainty_coeffi: 0.0010, loss: 0.0740, lr: 3.45e-05
     Epoch[7] Iteration[280/497], entropy: 0.2197, uncertainty: 2.8595, uncertainty_coeffi: 0.0010, loss: 0.0957, lr: 3.45e-05
     Epoch[7] Iteration[290/497], entropy: 0.3092, uncertainty: 2.5665, uncertainty_coeffi: 0.0010, loss: 0.1209, lr: 3.45e-05
     Epoch[7] Iteration[300/497], entropy: 0.2164, uncertainty: 2.7436, uncertainty_coeffi: 0.0010, loss: 0.0925, lr: 3.45e-05
     Epoch[7] Iteration[310/497], entropy: 0.1836, uncertainty: 2.9592, uncertainty_coeffi: 0.0010, loss: 0.0848, lr: 3.45e-05
     Epoch[7] Iteration[320/497], entropy: 0.1713, uncertainty: 3.0121, uncertainty_coeffi: 0.0010, loss: 0.0656, lr: 3.45e-05
     Epoch[7] Iteration[330/497], entropy: 0.2722, uncertainty: 2.7236, uncertainty_coeffi: 0.0010, loss: 0.1338, lr: 3.45e-05
     Epoch[7] Iteration[340/497], entropy: 0.2053, uncertainty: 2.7274, uncertainty_coeffi: 0.0010, loss: 0.0745, lr: 3.45e-05
     Epoch[7] Iteration[350/497], entropy: 0.2504, uncertainty: 2.6565, uncertainty_coeffi: 0.0010, loss: 0.0955, lr: 3.45e-05
     Epoch[7] Iteration[360/497], entropy: 0.3296, uncertainty: 2.4616, uncertainty_coeffi: 0.0010, loss: 0.1560, lr: 3.45e-05
     Epoch[7] Iteration[370/497], entropy: 0.3798, uncertainty: 2.5898, uncertainty_coeffi: 0.0010, loss: 0.1627, lr: 3.45e-05
     Epoch[7] Iteration[380/497], entropy: 0.2049, uncertainty: 2.3576, uncertainty_coeffi: 0.0010, loss: 0.1001, lr: 3.45e-05
     Epoch[7] Iteration[390/497], entropy: 0.2381, uncertainty: 2.4670, uncertainty_coeffi: 0.0010, loss: 0.1347, lr: 3.45e-05
     Epoch[7] Iteration[400/497], entropy: 0.2999, uncertainty: 2.4797, uncertainty_coeffi: 0.0010, loss: 0.1441, lr: 3.45e-05
     Epoch[7] Iteration[410/497], entropy: 0.1920, uncertainty: 2.8583, uncertainty_coeffi: 0.0010, loss: 0.0854, lr: 3.45e-05
     Epoch[7] Iteration[420/497], entropy: 0.1305, uncertainty: 2.2456, uncertainty_coeffi: 0.0010, loss: 0.0705, lr: 3.45e-05
     Epoch[7] Iteration[430/497], entropy: 0.2335, uncertainty: 3.0350, uncertainty_coeffi: 0.0010, loss: 0.1013, lr: 3.45e-05
     Epoch[7] Iteration[440/497], entropy: 0.2232, uncertainty: 2.4544, uncertainty_coeffi: 0.0010, loss: 0.1278, lr: 3.45e-05
     Epoch[7] Iteration[450/497], entropy: 0.1718, uncertainty: 2.5371, uncertainty_coeffi: 0.0010, loss: 0.0808, lr: 3.45e-05
     Epoch[7] Iteration[460/497], entropy: 0.2024, uncertainty: 2.7542, uncertainty_coeffi: 0.0010, loss: 0.0961, lr: 3.45e-05
     Epoch[7] Iteration[470/497], entropy: 0.2274, uncertainty: 2.8336, uncertainty_coeffi: 0.0010, loss: 0.1062, lr: 3.45e-05
     Epoch[7] Iteration[480/497], entropy: 0.1989, uncertainty: 2.5963, uncertainty_coeffi: 0.0010, loss: 0.0926, lr: 3.45e-05
     Epoch[7] Iteration[490/497], entropy: 0.2855, uncertainty: 2.4190, uncertainty_coeffi: 0.0010, loss: 0.1519, lr: 3.45e-05
     Averaged stats: entropy_avg: 0.2300, uncertainty_avg: 2.6783, uncertainty_coeffi_avg: 0.0010, loss_avg: 0.1054, lr_avg: 3.45e-05
     itm tta time 0:00:50
     Epoch[8] Iteration[10/497], entropy: 0.2518, uncertainty: 2.8495, uncertainty_coeffi: 0.0010, loss: 0.0940, lr: 1.00e-04
     Epoch[8] Iteration[20/497], entropy: 0.1973, uncertainty: 2.9381, uncertainty_coeffi: 0.0010, loss: 0.0776, lr: 1.00e-04
     Epoch[8] Iteration[30/497], entropy: 0.2877, uncertainty: 2.6577, uncertainty_coeffi: 0.0010, loss: 0.1251, lr: 9.05e-05
     Epoch[8] Iteration[40/497], entropy: 0.2602, uncertainty: 3.1912, uncertainty_coeffi: 0.0010, loss: 0.0889, lr: 9.05e-05
     Epoch[8] Iteration[50/497], entropy: 0.2709, uncertainty: 2.9040, uncertainty_coeffi: 0.0010, loss: 0.1135, lr: 9.05e-05
     Epoch[8] Iteration[60/497], entropy: 0.2596, uncertainty: 2.8844, uncertainty_coeffi: 0.0010, loss: 0.1332, lr: 9.05e-05
     Epoch[8] Iteration[70/497], entropy: 0.1914, uncertainty: 2.4193, uncertainty_coeffi: 0.0010, loss: 0.1116, lr: 9.05e-05
     Epoch[8] Iteration[80/497], entropy: 0.2358, uncertainty: 2.2739, uncertainty_coeffi: 0.0010, loss: 0.1367, lr: 9.05e-05
     Epoch[8] Iteration[90/497], entropy: 0.1770, uncertainty: 3.2002, uncertainty_coeffi: 0.0010, loss: 0.0822, lr: 9.05e-05
     Epoch[8] Iteration[100/497], entropy: 0.1527, uncertainty: 2.3231, uncertainty_coeffi: 0.0010, loss: 0.0674, lr: 9.05e-05
     Epoch[8] Iteration[110/497], entropy: 0.2797, uncertainty: 2.7977, uncertainty_coeffi: 0.0010, loss: 0.1411, lr: 9.05e-05
     Epoch[8] Iteration[120/497], entropy: 0.2630, uncertainty: 3.0932, uncertainty_coeffi: 0.0010, loss: 0.1204, lr: 9.05e-05
     Epoch[8] Iteration[130/497], entropy: 0.2026, uncertainty: 2.2161, uncertainty_coeffi: 0.0010, loss: 0.1222, lr: 9.05e-05
     Epoch[8] Iteration[140/497], entropy: 0.2171, uncertainty: 2.5506, uncertainty_coeffi: 0.0010, loss: 0.1079, lr: 9.05e-05
     Epoch[8] Iteration[150/497], entropy: 0.1282, uncertainty: 2.6879, uncertainty_coeffi: 0.0010, loss: 0.0573, lr: 9.05e-05
     Epoch[8] Iteration[160/497], entropy: 0.2257, uncertainty: 2.5464, uncertainty_coeffi: 0.0010, loss: 0.1017, lr: 9.05e-05
     Epoch[8] Iteration[170/497], entropy: 0.2385, uncertainty: 2.9042, uncertainty_coeffi: 0.0010, loss: 0.1237, lr: 9.05e-05
     Epoch[8] Iteration[180/497], entropy: 0.2464, uncertainty: 3.2444, uncertainty_coeffi: 0.0010, loss: 0.0834, lr: 9.05e-05
     Epoch[8] Iteration[190/497], entropy: 0.2615, uncertainty: 2.9294, uncertainty_coeffi: 0.0010, loss: 0.1267, lr: 9.05e-05
     Epoch[8] Iteration[200/497], entropy: 0.2663, uncertainty: 2.8463, uncertainty_coeffi: 0.0010, loss: 0.1119, lr: 9.05e-05
     Epoch[8] Iteration[210/497], entropy: 0.1984, uncertainty: 2.9512, uncertainty_coeffi: 0.0010, loss: 0.0924, lr: 9.05e-05
     Epoch[8] Iteration[220/497], entropy: 0.2687, uncertainty: 2.6801, uncertainty_coeffi: 0.0010, loss: 0.1185, lr: 9.05e-05
     Epoch[8] Iteration[230/497], entropy: 0.3611, uncertainty: 2.4207, uncertainty_coeffi: 0.0010, loss: 0.1806, lr: 9.05e-05
     Epoch[8] Iteration[240/497], entropy: 0.1919, uncertainty: 2.5259, uncertainty_coeffi: 0.0010, loss: 0.1139, lr: 9.05e-05
     Epoch[8] Iteration[250/497], entropy: 0.2167, uncertainty: 2.1142, uncertainty_coeffi: 0.0010, loss: 0.1115, lr: 9.05e-05
     Epoch[8] Iteration[260/497], entropy: 0.2588, uncertainty: 3.0191, uncertainty_coeffi: 0.0010, loss: 0.0985, lr: 9.05e-05
     Epoch[8] Iteration[270/497], entropy: 0.2302, uncertainty: 3.6008, uncertainty_coeffi: 0.0010, loss: 0.0904, lr: 9.05e-05
     Epoch[8] Iteration[280/497], entropy: 0.2948, uncertainty: 2.6794, uncertainty_coeffi: 0.0010, loss: 0.1410, lr: 9.05e-05
     Epoch[8] Iteration[290/497], entropy: 0.2109, uncertainty: 2.8025, uncertainty_coeffi: 0.0010, loss: 0.1071, lr: 9.05e-05
     Epoch[8] Iteration[300/497], entropy: 0.3194, uncertainty: 2.7060, uncertainty_coeffi: 0.0010, loss: 0.1588, lr: 9.05e-05
     Epoch[8] Iteration[310/497], entropy: 0.2402, uncertainty: 2.6446, uncertainty_coeffi: 0.0010, loss: 0.0924, lr: 9.05e-05
     Epoch[8] Iteration[320/497], entropy: 0.2531, uncertainty: 2.7827, uncertainty_coeffi: 0.0010, loss: 0.1257, lr: 9.05e-05
     Epoch[8] Iteration[330/497], entropy: 0.1711, uncertainty: 2.6599, uncertainty_coeffi: 0.0010, loss: 0.0918, lr: 9.05e-05
     Epoch[8] Iteration[340/497], entropy: 0.2003, uncertainty: 2.3664, uncertainty_coeffi: 0.0010, loss: 0.0864, lr: 9.05e-05
     Epoch[8] Iteration[350/497], entropy: 0.2627, uncertainty: 2.1624, uncertainty_coeffi: 0.0010, loss: 0.1472, lr: 9.05e-05
     Epoch[8] Iteration[360/497], entropy: 0.2068, uncertainty: 2.8479, uncertainty_coeffi: 0.0010, loss: 0.1010, lr: 9.05e-05
     Epoch[8] Iteration[370/497], entropy: 0.1244, uncertainty: 2.5554, uncertainty_coeffi: 0.0010, loss: 0.0569, lr: 9.05e-05
     Epoch[8] Iteration[380/497], entropy: 0.1935, uncertainty: 2.9339, uncertainty_coeffi: 0.0010, loss: 0.0893, lr: 9.05e-05
     Epoch[8] Iteration[390/497], entropy: 0.2251, uncertainty: 2.7655, uncertainty_coeffi: 0.0010, loss: 0.0810, lr: 9.05e-05
     Epoch[8] Iteration[400/497], entropy: 0.1491, uncertainty: 2.5003, uncertainty_coeffi: 0.0010, loss: 0.0797, lr: 9.05e-05
     Epoch[8] Iteration[410/497], entropy: 0.1663, uncertainty: 2.6866, uncertainty_coeffi: 0.0010, loss: 0.1096, lr: 9.05e-05
     Epoch[8] Iteration[420/497], entropy: 0.2205, uncertainty: 2.6042, uncertainty_coeffi: 0.0010, loss: 0.1049, lr: 9.05e-05
     Epoch[8] Iteration[430/497], entropy: 0.2924, uncertainty: 2.5482, uncertainty_coeffi: 0.0010, loss: 0.1428, lr: 9.05e-05
     Epoch[8] Iteration[440/497], entropy: 0.2312, uncertainty: 3.1562, uncertainty_coeffi: 0.0010, loss: 0.0886, lr: 9.05e-05
     Epoch[8] Iteration[450/497], entropy: 0.2325, uncertainty: 2.8338, uncertainty_coeffi: 0.0010, loss: 0.1210, lr: 9.05e-05
     Epoch[8] Iteration[460/497], entropy: 0.2759, uncertainty: 2.6370, uncertainty_coeffi: 0.0010, loss: 0.1301, lr: 9.05e-05
     Epoch[8] Iteration[470/497], entropy: 0.2814, uncertainty: 3.2516, uncertainty_coeffi: 0.0010, loss: 0.1039, lr: 9.05e-05
     Epoch[8] Iteration[480/497], entropy: 0.3047, uncertainty: 2.4599, uncertainty_coeffi: 0.0010, loss: 0.1589, lr: 9.05e-05
     Epoch[8] Iteration[490/497], entropy: 0.2306, uncertainty: 2.8913, uncertainty_coeffi: 0.0010, loss: 0.1103, lr: 9.05e-05
     Averaged stats: entropy_avg: 0.2332, uncertainty_avg: 2.7397, uncertainty_coeffi_avg: 0.0010, loss_avg: 0.1094, lr_avg: 9.08e-05
     itm tta time 0:00:50
     Epoch[9] Iteration[10/497], entropy: 0.2259, uncertainty: 3.1100, uncertainty_coeffi: 0.0010, loss: 0.1068, lr: 9.55e-06
     Epoch[9] Iteration[20/497], entropy: 0.2225, uncertainty: 2.5069, uncertainty_coeffi: 0.0010, loss: 0.0850, lr: 9.55e-06
     Epoch[9] Iteration[30/497], entropy: 0.2202, uncertainty: 3.1607, uncertainty_coeffi: 0.0010, loss: 0.0722, lr: 9.55e-06
     Epoch[9] Iteration[40/497], entropy: 0.3135, uncertainty: 2.3985, uncertainty_coeffi: 0.0010, loss: 0.1897, lr: 9.55e-06
     Epoch[9] Iteration[50/497], entropy: 0.2910, uncertainty: 2.7174, uncertainty_coeffi: 0.0010, loss: 0.1223, lr: 9.55e-06
     Epoch[9] Iteration[60/497], entropy: 0.2055, uncertainty: 2.9162, uncertainty_coeffi: 0.0010, loss: 0.0779, lr: 9.55e-06
     Epoch[9] Iteration[70/497], entropy: 0.3039, uncertainty: 2.7191, uncertainty_coeffi: 0.0010, loss: 0.1249, lr: 9.55e-06
     Epoch[9] Iteration[80/497], entropy: 0.2033, uncertainty: 2.3864, uncertainty_coeffi: 0.0010, loss: 0.1063, lr: 9.55e-06
     Epoch[9] Iteration[90/497], entropy: 0.2628, uncertainty: 2.7904, uncertainty_coeffi: 0.0010, loss: 0.1197, lr: 9.55e-06
     Epoch[9] Iteration[100/497], entropy: 0.2328, uncertainty: 2.3097, uncertainty_coeffi: 0.0010, loss: 0.0975, lr: 9.55e-06
     Epoch[9] Iteration[110/497], entropy: 0.1737, uncertainty: 2.5683, uncertainty_coeffi: 0.0010, loss: 0.0889, lr: 9.55e-06
     Epoch[9] Iteration[120/497], entropy: 0.2163, uncertainty: 2.8782, uncertainty_coeffi: 0.0010, loss: 0.1105, lr: 9.55e-06
     Epoch[9] Iteration[130/497], entropy: 0.2387, uncertainty: 3.2625, uncertainty_coeffi: 0.0010, loss: 0.0952, lr: 9.55e-06
     Epoch[9] Iteration[140/497], entropy: 0.1814, uncertainty: 2.6879, uncertainty_coeffi: 0.0010, loss: 0.0923, lr: 9.55e-06
     Epoch[9] Iteration[150/497], entropy: 0.2058, uncertainty: 2.7482, uncertainty_coeffi: 0.0010, loss: 0.1070, lr: 9.55e-06
     Epoch[9] Iteration[160/497], entropy: 0.2560, uncertainty: 2.6495, uncertainty_coeffi: 0.0010, loss: 0.1186, lr: 9.55e-06
     Epoch[9] Iteration[170/497], entropy: 0.1671, uncertainty: 2.8238, uncertainty_coeffi: 0.0010, loss: 0.0714, lr: 9.55e-06
     Epoch[9] Iteration[180/497], entropy: 0.3015, uncertainty: 2.7193, uncertainty_coeffi: 0.0010, loss: 0.1312, lr: 9.55e-06
     Epoch[9] Iteration[190/497], entropy: 0.2289, uncertainty: 2.4849, uncertainty_coeffi: 0.0010, loss: 0.1297, lr: 9.55e-06
     Epoch[9] Iteration[200/497], entropy: 0.2611, uncertainty: 2.8566, uncertainty_coeffi: 0.0010, loss: 0.1279, lr: 9.55e-06
     Epoch[9] Iteration[210/497], entropy: 0.2079, uncertainty: 2.6731, uncertainty_coeffi: 0.0010, loss: 0.1027, lr: 9.55e-06
     Epoch[9] Iteration[220/497], entropy: 0.2088, uncertainty: 3.3937, uncertainty_coeffi: 0.0010, loss: 0.0823, lr: 9.55e-06
     Epoch[9] Iteration[230/497], entropy: 0.1956, uncertainty: 2.6958, uncertainty_coeffi: 0.0010, loss: 0.1143, lr: 9.55e-06
     Epoch[9] Iteration[240/497], entropy: 0.3265, uncertainty: 2.9655, uncertainty_coeffi: 0.0010, loss: 0.1224, lr: 9.55e-06
     Epoch[9] Iteration[250/497], entropy: 0.1841, uncertainty: 2.6572, uncertainty_coeffi: 0.0010, loss: 0.0800, lr: 9.55e-06
     Epoch[9] Iteration[260/497], entropy: 0.1672, uncertainty: 2.8572, uncertainty_coeffi: 0.0010, loss: 0.0746, lr: 9.55e-06
     Epoch[9] Iteration[270/497], entropy: 0.2215, uncertainty: 2.1615, uncertainty_coeffi: 0.0010, loss: 0.1312, lr: 9.55e-06
     Epoch[9] Iteration[280/497], entropy: 0.3533, uncertainty: 2.6302, uncertainty_coeffi: 0.0010, loss: 0.1769, lr: 9.55e-06
     Epoch[9] Iteration[290/497], entropy: 0.2772, uncertainty: 2.7273, uncertainty_coeffi: 0.0010, loss: 0.1121, lr: 9.55e-06
     Epoch[9] Iteration[300/497], entropy: 0.2258, uncertainty: 2.9291, uncertainty_coeffi: 0.0010, loss: 0.0873, lr: 9.55e-06
     Epoch[9] Iteration[310/497], entropy: 0.2806, uncertainty: 2.3902, uncertainty_coeffi: 0.0010, loss: 0.1284, lr: 9.55e-06
     Epoch[9] Iteration[320/497], entropy: 0.2505, uncertainty: 2.8693, uncertainty_coeffi: 0.0010, loss: 0.0984, lr: 9.55e-06
     Epoch[9] Iteration[330/497], entropy: 0.2692, uncertainty: 2.8449, uncertainty_coeffi: 0.0010, loss: 0.1165, lr: 9.55e-06
     Epoch[9] Iteration[340/497], entropy: 0.1777, uncertainty: 2.6466, uncertainty_coeffi: 0.0010, loss: 0.0836, lr: 9.55e-06
     Epoch[9] Iteration[350/497], entropy: 0.2703, uncertainty: 2.7786, uncertainty_coeffi: 0.0010, loss: 0.1319, lr: 9.55e-06
     Epoch[9] Iteration[360/497], entropy: 0.2314, uncertainty: 2.8750, uncertainty_coeffi: 0.0010, loss: 0.1223, lr: 9.55e-06
     Epoch[9] Iteration[370/497], entropy: 0.2363, uncertainty: 2.5426, uncertainty_coeffi: 0.0010, loss: 0.1268, lr: 9.55e-06
     Epoch[9] Iteration[380/497], entropy: 0.2356, uncertainty: 2.9071, uncertainty_coeffi: 0.0010, loss: 0.1041, lr: 9.55e-06
     Epoch[9] Iteration[390/497], entropy: 0.1996, uncertainty: 2.6841, uncertainty_coeffi: 0.0010, loss: 0.0970, lr: 9.55e-06
     Epoch[9] Iteration[400/497], entropy: 0.2920, uncertainty: 2.3496, uncertainty_coeffi: 0.0010, loss: 0.1566, lr: 9.55e-06
     Epoch[9] Iteration[410/497], entropy: 0.2513, uncertainty: 3.0379, uncertainty_coeffi: 0.0010, loss: 0.0903, lr: 9.55e-06
     Epoch[9] Iteration[420/497], entropy: 0.2292, uncertainty: 2.7896, uncertainty_coeffi: 0.0010, loss: 0.1119, lr: 9.55e-06
     Epoch[9] Iteration[430/497], entropy: 0.1950, uncertainty: 2.4139, uncertainty_coeffi: 0.0010, loss: 0.1212, lr: 9.55e-06
     Epoch[9] Iteration[440/497], entropy: 0.2546, uncertainty: 2.4984, uncertainty_coeffi: 0.0010, loss: 0.1352, lr: 9.55e-06
     Epoch[9] Iteration[450/497], entropy: 0.2525, uncertainty: 2.6529, uncertainty_coeffi: 0.0010, loss: 0.1330, lr: 9.55e-06
     Epoch[9] Iteration[460/497], entropy: 0.1862, uncertainty: 2.2643, uncertainty_coeffi: 0.0010, loss: 0.1000, lr: 9.55e-06
     Epoch[9] Iteration[470/497], entropy: 0.3334, uncertainty: 2.7070, uncertainty_coeffi: 0.0010, loss: 0.1296, lr: 9.55e-06
     Epoch[9] Iteration[480/497], entropy: 0.2704, uncertainty: 2.3044, uncertainty_coeffi: 0.0010, loss: 0.1570, lr: 9.55e-06
     Epoch[9] Iteration[490/497], entropy: 0.2191, uncertainty: 2.3559, uncertainty_coeffi: 0.0010, loss: 0.1119, lr: 9.55e-06
     Averaged stats: entropy_avg: 0.2391, uncertainty_avg: 2.6999, uncertainty_coeffi_avg: 0.0010, loss_avg: 0.1125, lr_avg: 9.55e-06
     itm tta time 0:00:50
### TTA Eval Score: 
+-------+--------+--------+--------+--------+-------+
| epoch |   R1   |   R5   |  R10   |  mAP   |  mINP |
+-------+--------+--------+--------+--------+-------+
|  -999 | 60.641 | 77.499 | 83.248 | 35.543 | 6.005 |
|   0   | 61.432 | 77.575 | 83.328 | 36.014 | 6.067 |
|   1   | 61.709 | 77.459 | 83.207 | 36.109 | 6.088 |
|   2   | 61.830 | 77.484 | 83.086 | 36.132 | 6.089 |
|   4   | 61.880 | 77.408 | 83.137 | 36.098 | 6.062 |
|   9   | 61.815 | 77.403 | 83.157 | 36.034 | 6.004 |
+-------+--------+--------+--------+--------+-------+
     logs:  {'epo': 9, 'R1': np.float32(61.815), 'R5': np.float32(77.403), 'R10': np.float32(83.157), 'mAP': np.float32(36.034), 'mINP': np.float32(6.004), 'entropy': 0.23907892710092116, 'uncertainty': 2.69994085662219, 'uncertainty_coeffi': 0.0010000000474974513, 'loss': 0.11254095422978304, 'lr': 9.549150281253489e-06}
### best epoch 4 : {'epo': '4', 'R1': '61.88', 'R5': '77.408', 'R10': '83.137', 'mAP': '36.098', 'mINP': '6.062', 'entropy': '0.2494973646742957', 'uncertainty': '2.7003242531601264', 'uncertainty_coeffi': '0.0010000000474974513', 'loss': '0.11891643109978461', 'lr': '6.482020279145753e-05'}
### Time 0:16:24
