/home/user/yc57963/miniconda3/envs/irra/lib/python3.9/site-packages/torch/utils/data/dataloader.py:627: UserWarning: This DataLoader will create 8 worker processes in total. Our suggested max number of worker in current system is 2, which is smaller than what this DataLoader is going to create. Please be aware that excessive worker creation might get DataLoader running slow or even freeze, lower the worker number to avoid potential slowness/freeze if necessary.
  warnings.warn(
Not using distributed mode
### Hyper-parameters:
     output_dir: output_rerun2/ham_icfg_tta/exp1/exp1.4.3/2025091412022
     seed: 42
     device: cuda
     batch_size_tta: 32
     epochs: 10
     lr: 0.0005
### Creating test dataset
     test_txt_set: 19848    test_img_set: 19848
     test_txt_loader: 39    test_img_loader: 39
### Creating model
Training Model with ['sdm', 'id', 'mlm'] tasks
Resized position embedding from size:torch.Size([1, 197, 768]) to size: torch.Size([1, 193, 768]) with height:24 width: 8
     Total Params Sum:  190482206
### Zero-Shot Score: 
/home/user/yc57963/miniconda3/envs/irra/lib/python3.9/site-packages/torch/utils/data/dataloader.py:627: UserWarning: This DataLoader will create 4 worker processes in total. Our suggested max number of worker in current system is 2, which is smaller than what this DataLoader is going to create. Please be aware that excessive worker creation might get DataLoader running slow or even freeze, lower the worker number to avoid potential slowness/freeze if necessary.
  warnings.warn(
/home/user/yc57963/task/IRRA/tta.py:281: FutureWarning: `torch.cuda.amp.GradScaler(args...)` is deprecated. Please use `torch.amp.GradScaler('cuda', args...)` instead.
  scaler = GradScaler()  # bf16
+-------+--------+--------+--------+--------+-------+
| epoch |   R1   |   R5   |  R10   |  mAP   |  mINP |
+-------+--------+--------+--------+--------+-------+
|  -999 | 60.641 | 77.499 | 83.248 | 35.543 | 6.005 |
+-------+--------+--------+--------+--------+-------+
### TTA:
### Compute Cos Similarity Uncertainty
     preprocess_tta_coefficients  start
     sample selection ...
     number of sample after sample_selection: 15909
     uncertainty ...
     pos/neg sampling ...
      number of sample after pos/neg sampling: torch.Size([19848, 4])
     preprocess_tta_coefficients  end
### Creating TTA dataset
     tta_dataset: 15909
### Creating tta dataloader
### be careful: func create_loader returns a list length of 1
     tta_loader: 497
### Configure adapted weights
     TTA Dropout Modules: 
 []
     TTA Require Gradient Params: 
 [('base_model.transformer.resblocks.1.ln_1.weight', torch.Size([512])), ('base_model.transformer.resblocks.1.ln_1.bias', torch.Size([512])), ('base_model.transformer.resblocks.1.ln_2.weight', torch.Size([512])), ('base_model.transformer.resblocks.1.ln_2.bias', torch.Size([512])), ('base_model.transformer.resblocks.2.ln_1.weight', torch.Size([512])), ('base_model.transformer.resblocks.2.ln_1.bias', torch.Size([512])), ('base_model.transformer.resblocks.2.ln_2.weight', torch.Size([512])), ('base_model.transformer.resblocks.2.ln_2.bias', torch.Size([512])), ('base_model.transformer.resblocks.3.ln_1.weight', torch.Size([512])), ('base_model.transformer.resblocks.3.ln_1.bias', torch.Size([512])), ('base_model.transformer.resblocks.3.ln_2.weight', torch.Size([512])), ('base_model.transformer.resblocks.3.ln_2.bias', torch.Size([512])), ('base_model.transformer.resblocks.4.ln_1.weight', torch.Size([512])), ('base_model.transformer.resblocks.4.ln_1.bias', torch.Size([512])), ('base_model.transformer.resblocks.4.ln_2.weight', torch.Size([512])), ('base_model.transformer.resblocks.4.ln_2.bias', torch.Size([512])), ('base_model.transformer.resblocks.5.ln_1.weight', torch.Size([512])), ('base_model.transformer.resblocks.5.ln_1.bias', torch.Size([512])), ('base_model.transformer.resblocks.5.ln_2.weight', torch.Size([512])), ('base_model.transformer.resblocks.5.ln_2.bias', torch.Size([512])), ('base_model.transformer.resblocks.7.ln_1.weight', torch.Size([512])), ('base_model.transformer.resblocks.7.ln_1.bias', torch.Size([512])), ('base_model.transformer.resblocks.7.ln_2.weight', torch.Size([512])), ('base_model.transformer.resblocks.7.ln_2.bias', torch.Size([512])), ('base_model.transformer.resblocks.8.ln_1.weight', torch.Size([512])), ('base_model.transformer.resblocks.8.ln_1.bias', torch.Size([512])), ('base_model.transformer.resblocks.8.ln_2.weight', torch.Size([512])), ('base_model.transformer.resblocks.8.ln_2.bias', torch.Size([512])), ('base_model.transformer.resblocks.9.ln_1.weight', torch.Size([512])), ('base_model.transformer.resblocks.9.ln_1.bias', torch.Size([512])), ('base_model.transformer.resblocks.9.ln_2.weight', torch.Size([512])), ('base_model.transformer.resblocks.9.ln_2.bias', torch.Size([512])), ('base_model.transformer.resblocks.10.ln_1.weight', torch.Size([512])), ('base_model.transformer.resblocks.10.ln_1.bias', torch.Size([512])), ('base_model.transformer.resblocks.10.ln_2.weight', torch.Size([512])), ('base_model.transformer.resblocks.10.ln_2.bias', torch.Size([512])), ('base_model.transformer.resblocks.11.ln_1.weight', torch.Size([512])), ('base_model.transformer.resblocks.11.ln_1.bias', torch.Size([512])), ('base_model.transformer.resblocks.11.ln_2.weight', torch.Size([512])), ('base_model.transformer.resblocks.11.ln_2.bias', torch.Size([512])), ('base_model.ln_final.weight', torch.Size([512])), ('base_model.ln_final.bias', torch.Size([512]))]
     TTA Dropout Modules Number: 
 0
     TTA Require Gradient Params Sum: 
 21504
Using 5.0 times learning rate for random init module 
### Start Test Time Adaptation : num_epoch = 10
/home/user/yc57963/task/IRRA/tta.py:67: FutureWarning: `torch.cuda.amp.autocast(args...)` is deprecated. Please use `torch.amp.autocast('cuda', args...)` instead.
  with torch.cuda.amp.autocast(enabled=True):
     Epoch[0] Iteration[10/497], entropy: 0.2425, uncertainty: 2.9291, uncertainty_coeffi: 0.0010, loss: 0.1103, lr: 0.00e+00
     Epoch[0] Iteration[20/497], entropy: 0.2005, uncertainty: 2.8527, uncertainty_coeffi: 0.0010, loss: 0.0705, lr: 0.00e+00
     Epoch[0] Iteration[30/497], entropy: 0.2856, uncertainty: 3.0651, uncertainty_coeffi: 0.0010, loss: 0.1200, lr: 0.00e+00
     Epoch[0] Iteration[40/497], entropy: 0.3020, uncertainty: 3.1091, uncertainty_coeffi: 0.0010, loss: 0.1023, lr: 0.00e+00
     Epoch[0] Iteration[50/497], entropy: 0.3466, uncertainty: 2.8768, uncertainty_coeffi: 0.0010, loss: 0.1466, lr: 0.00e+00
     Epoch[0] Iteration[60/497], entropy: 0.3600, uncertainty: 2.5320, uncertainty_coeffi: 0.0010, loss: 0.1753, lr: 0.00e+00
     Epoch[0] Iteration[70/497], entropy: 0.2225, uncertainty: 2.1632, uncertainty_coeffi: 0.0010, loss: 0.1206, lr: 0.00e+00
     Epoch[0] Iteration[80/497], entropy: 0.2983, uncertainty: 2.3834, uncertainty_coeffi: 0.0010, loss: 0.1690, lr: 0.00e+00
     Epoch[0] Iteration[90/497], entropy: 0.2980, uncertainty: 2.8994, uncertainty_coeffi: 0.0010, loss: 0.1327, lr: 0.00e+00
     Epoch[0] Iteration[100/497], entropy: 0.2589, uncertainty: 2.7700, uncertainty_coeffi: 0.0010, loss: 0.1283, lr: 0.00e+00
     Epoch[0] Iteration[110/497], entropy: 0.2656, uncertainty: 2.3344, uncertainty_coeffi: 0.0010, loss: 0.1673, lr: 0.00e+00
     Epoch[0] Iteration[120/497], entropy: 0.2785, uncertainty: 3.0610, uncertainty_coeffi: 0.0010, loss: 0.1019, lr: 0.00e+00
     Epoch[0] Iteration[130/497], entropy: 0.2031, uncertainty: 2.8258, uncertainty_coeffi: 0.0010, loss: 0.1020, lr: 0.00e+00
     Epoch[0] Iteration[140/497], entropy: 0.2700, uncertainty: 2.7163, uncertainty_coeffi: 0.0010, loss: 0.1361, lr: 0.00e+00
     Epoch[0] Iteration[150/497], entropy: 0.2595, uncertainty: 3.1045, uncertainty_coeffi: 0.0010, loss: 0.0893, lr: 0.00e+00
     Epoch[0] Iteration[160/497], entropy: 0.3213, uncertainty: 2.5165, uncertainty_coeffi: 0.0010, loss: 0.1643, lr: 0.00e+00
     Epoch[0] Iteration[170/497], entropy: 0.2585, uncertainty: 2.8297, uncertainty_coeffi: 0.0010, loss: 0.1103, lr: 0.00e+00
     Epoch[0] Iteration[180/497], entropy: 0.2942, uncertainty: 2.6212, uncertainty_coeffi: 0.0010, loss: 0.1601, lr: 0.00e+00
     Epoch[0] Iteration[190/497], entropy: 0.1912, uncertainty: 2.4693, uncertainty_coeffi: 0.0010, loss: 0.0926, lr: 0.00e+00
     Epoch[0] Iteration[200/497], entropy: 0.2355, uncertainty: 2.8642, uncertainty_coeffi: 0.0010, loss: 0.1092, lr: 0.00e+00
     Epoch[0] Iteration[210/497], entropy: 0.3186, uncertainty: 2.6147, uncertainty_coeffi: 0.0010, loss: 0.1765, lr: 0.00e+00
     Epoch[0] Iteration[220/497], entropy: 0.4376, uncertainty: 3.1112, uncertainty_coeffi: 0.0010, loss: 0.1452, lr: 0.00e+00
     Epoch[0] Iteration[230/497], entropy: 0.2818, uncertainty: 2.7683, uncertainty_coeffi: 0.0010, loss: 0.1089, lr: 0.00e+00
     Epoch[0] Iteration[240/497], entropy: 0.2735, uncertainty: 2.4596, uncertainty_coeffi: 0.0010, loss: 0.1306, lr: 0.00e+00
     Epoch[0] Iteration[250/497], entropy: 0.2823, uncertainty: 2.9070, uncertainty_coeffi: 0.0010, loss: 0.1198, lr: 0.00e+00
     Epoch[0] Iteration[260/497], entropy: 0.2920, uncertainty: 2.3890, uncertainty_coeffi: 0.0010, loss: 0.1338, lr: 0.00e+00
     Epoch[0] Iteration[270/497], entropy: 0.2062, uncertainty: 3.1054, uncertainty_coeffi: 0.0010, loss: 0.0860, lr: 0.00e+00
     Epoch[0] Iteration[280/497], entropy: 0.1838, uncertainty: 2.5017, uncertainty_coeffi: 0.0010, loss: 0.0944, lr: 0.00e+00
     Epoch[0] Iteration[290/497], entropy: 0.2208, uncertainty: 2.5425, uncertainty_coeffi: 0.0010, loss: 0.0884, lr: 0.00e+00
     Epoch[0] Iteration[300/497], entropy: 0.2635, uncertainty: 2.5510, uncertainty_coeffi: 0.0010, loss: 0.1413, lr: 0.00e+00
     Epoch[0] Iteration[310/497], entropy: 0.2856, uncertainty: 2.4347, uncertainty_coeffi: 0.0010, loss: 0.1443, lr: 0.00e+00
     Epoch[0] Iteration[320/497], entropy: 0.3505, uncertainty: 2.9337, uncertainty_coeffi: 0.0010, loss: 0.1620, lr: 0.00e+00
     Epoch[0] Iteration[330/497], entropy: 0.3441, uncertainty: 2.8963, uncertainty_coeffi: 0.0010, loss: 0.1528, lr: 0.00e+00
     Epoch[0] Iteration[340/497], entropy: 0.2140, uncertainty: 2.9066, uncertainty_coeffi: 0.0010, loss: 0.0722, lr: 0.00e+00
     Epoch[0] Iteration[350/497], entropy: 0.2327, uncertainty: 2.3080, uncertainty_coeffi: 0.0010, loss: 0.1470, lr: 0.00e+00
     Epoch[0] Iteration[360/497], entropy: 0.2909, uncertainty: 3.2522, uncertainty_coeffi: 0.0010, loss: 0.1110, lr: 0.00e+00
     Epoch[0] Iteration[370/497], entropy: 0.3004, uncertainty: 2.8301, uncertainty_coeffi: 0.0010, loss: 0.1296, lr: 0.00e+00
     Epoch[0] Iteration[380/497], entropy: 0.1914, uncertainty: 2.7477, uncertainty_coeffi: 0.0010, loss: 0.0983, lr: 0.00e+00
     Epoch[0] Iteration[390/497], entropy: 0.2043, uncertainty: 2.4088, uncertainty_coeffi: 0.0010, loss: 0.0990, lr: 0.00e+00
     Epoch[0] Iteration[400/497], entropy: 0.2070, uncertainty: 2.5933, uncertainty_coeffi: 0.0010, loss: 0.1048, lr: 0.00e+00
     Epoch[0] Iteration[410/497], entropy: 0.2664, uncertainty: 2.1093, uncertainty_coeffi: 0.0010, loss: 0.1379, lr: 0.00e+00
     Epoch[0] Iteration[420/497], entropy: 0.2699, uncertainty: 2.8390, uncertainty_coeffi: 0.0010, loss: 0.1196, lr: 0.00e+00
     Epoch[0] Iteration[430/497], entropy: 0.2200, uncertainty: 2.4523, uncertainty_coeffi: 0.0010, loss: 0.1089, lr: 0.00e+00
     Epoch[0] Iteration[440/497], entropy: 0.3143, uncertainty: 2.6284, uncertainty_coeffi: 0.0010, loss: 0.1444, lr: 0.00e+00
     Epoch[0] Iteration[450/497], entropy: 0.2030, uncertainty: 2.7135, uncertainty_coeffi: 0.0010, loss: 0.0905, lr: 0.00e+00
     Epoch[0] Iteration[460/497], entropy: 0.2408, uncertainty: 2.4310, uncertainty_coeffi: 0.0010, loss: 0.1266, lr: 0.00e+00
     Epoch[0] Iteration[470/497], entropy: 0.1931, uncertainty: 2.5654, uncertainty_coeffi: 0.0010, loss: 0.1018, lr: 0.00e+00
     Epoch[0] Iteration[480/497], entropy: 0.2958, uncertainty: 2.8271, uncertainty_coeffi: 0.0010, loss: 0.1386, lr: 0.00e+00
     Epoch[0] Iteration[490/497], entropy: 0.3417, uncertainty: 2.7529, uncertainty_coeffi: 0.0010, loss: 0.1702, lr: 0.00e+00
     Averaged stats: entropy_avg: 0.2677, uncertainty_avg: 2.7042, uncertainty_coeffi_avg: 0.0010, loss_avg: 0.1243, lr_avg: 0.00e+00
     itm tta time 0:00:49
### TTA Eval Score: 
+-------+--------+--------+--------+--------+-------+
| epoch |   R1   |   R5   |  R10   |  mAP   |  mINP |
+-------+--------+--------+--------+--------+-------+
|  -999 | 60.641 | 77.499 | 83.248 | 35.543 | 6.005 |
|   0   | 61.800 | 77.388 | 83.117 | 36.090 | 6.070 |
+-------+--------+--------+--------+--------+-------+
     logs:  {'epo': 0, 'R1': np.float32(61.8), 'R5': np.float32(77.388), 'R10': np.float32(83.117), 'mAP': np.float32(36.09), 'mINP': np.float32(6.07), 'entropy': 0.2677148030120499, 'uncertainty': 2.7041721246680437, 'uncertainty_coeffi': 0.0010000000474974513, 'loss': 0.12434518534918221, 'lr': 0.0}
     Epoch[1] Iteration[10/497], entropy: 0.2663, uncertainty: 2.8095, uncertainty_coeffi: 0.0010, loss: 0.1124, lr: 3.27e-04
     Epoch[1] Iteration[20/497], entropy: 0.2015, uncertainty: 2.3617, uncertainty_coeffi: 0.0010, loss: 0.1116, lr: 3.27e-04
     Epoch[1] Iteration[30/497], entropy: 0.2917, uncertainty: 3.1709, uncertainty_coeffi: 0.0010, loss: 0.1079, lr: 3.27e-04
     Epoch[1] Iteration[40/497], entropy: 0.1886, uncertainty: 3.0929, uncertainty_coeffi: 0.0010, loss: 0.0874, lr: 3.27e-04
     Epoch[1] Iteration[50/497], entropy: 0.2738, uncertainty: 2.4474, uncertainty_coeffi: 0.0010, loss: 0.1257, lr: 3.27e-04
     Epoch[1] Iteration[60/497], entropy: 0.2623, uncertainty: 2.5684, uncertainty_coeffi: 0.0010, loss: 0.1375, lr: 3.27e-04
     Epoch[1] Iteration[70/497], entropy: 0.3060, uncertainty: 2.7601, uncertainty_coeffi: 0.0010, loss: 0.1317, lr: 3.27e-04
     Epoch[1] Iteration[80/497], entropy: 0.2551, uncertainty: 3.1416, uncertainty_coeffi: 0.0010, loss: 0.1256, lr: 3.27e-04
     Epoch[1] Iteration[90/497], entropy: 0.2338, uncertainty: 3.0766, uncertainty_coeffi: 0.0010, loss: 0.0951, lr: 3.27e-04
     Epoch[1] Iteration[100/497], entropy: 0.2676, uncertainty: 2.8527, uncertainty_coeffi: 0.0010, loss: 0.1261, lr: 3.27e-04
     Epoch[1] Iteration[110/497], entropy: 0.2388, uncertainty: 2.8764, uncertainty_coeffi: 0.0010, loss: 0.0914, lr: 3.27e-04
     Epoch[1] Iteration[120/497], entropy: 0.2697, uncertainty: 2.4043, uncertainty_coeffi: 0.0010, loss: 0.1356, lr: 3.27e-04
     Epoch[1] Iteration[130/497], entropy: 0.3030, uncertainty: 2.8576, uncertainty_coeffi: 0.0010, loss: 0.1405, lr: 3.27e-04
     Epoch[1] Iteration[140/497], entropy: 0.3090, uncertainty: 2.7329, uncertainty_coeffi: 0.0010, loss: 0.1586, lr: 3.27e-04
     Epoch[1] Iteration[150/497], entropy: 0.2634, uncertainty: 2.7815, uncertainty_coeffi: 0.0010, loss: 0.1050, lr: 3.27e-04
     Epoch[1] Iteration[160/497], entropy: 0.2165, uncertainty: 2.7143, uncertainty_coeffi: 0.0010, loss: 0.0870, lr: 3.27e-04
     Epoch[1] Iteration[170/497], entropy: 0.2080, uncertainty: 2.9360, uncertainty_coeffi: 0.0010, loss: 0.0943, lr: 3.27e-04
     Epoch[1] Iteration[180/497], entropy: 0.2737, uncertainty: 2.7781, uncertainty_coeffi: 0.0010, loss: 0.1313, lr: 3.27e-04
     Epoch[1] Iteration[190/497], entropy: 0.1940, uncertainty: 2.9373, uncertainty_coeffi: 0.0010, loss: 0.0884, lr: 3.27e-04
     Epoch[1] Iteration[200/497], entropy: 0.2436, uncertainty: 2.9501, uncertainty_coeffi: 0.0010, loss: 0.1040, lr: 3.27e-04
     Epoch[1] Iteration[210/497], entropy: 0.3367, uncertainty: 2.8818, uncertainty_coeffi: 0.0010, loss: 0.1633, lr: 3.27e-04
     Epoch[1] Iteration[220/497], entropy: 0.2192, uncertainty: 2.4986, uncertainty_coeffi: 0.0010, loss: 0.1261, lr: 3.27e-04
     Epoch[1] Iteration[230/497], entropy: 0.1893, uncertainty: 2.5632, uncertainty_coeffi: 0.0010, loss: 0.0800, lr: 3.27e-04
     Epoch[1] Iteration[240/497], entropy: 0.2334, uncertainty: 2.9187, uncertainty_coeffi: 0.0010, loss: 0.0900, lr: 3.27e-04
     Epoch[1] Iteration[250/497], entropy: 0.2198, uncertainty: 2.8601, uncertainty_coeffi: 0.0010, loss: 0.0950, lr: 3.27e-04
     Epoch[1] Iteration[260/497], entropy: 0.2028, uncertainty: 2.8621, uncertainty_coeffi: 0.0010, loss: 0.1254, lr: 3.27e-04
     Epoch[1] Iteration[270/497], entropy: 0.1344, uncertainty: 2.8640, uncertainty_coeffi: 0.0010, loss: 0.0510, lr: 3.27e-04
     Epoch[1] Iteration[280/497], entropy: 0.2083, uncertainty: 2.9738, uncertainty_coeffi: 0.0010, loss: 0.0884, lr: 3.27e-04
     Epoch[1] Iteration[290/497], entropy: 0.2196, uncertainty: 2.7352, uncertainty_coeffi: 0.0010, loss: 0.0897, lr: 3.27e-04
     Epoch[1] Iteration[300/497], entropy: 0.1999, uncertainty: 2.1094, uncertainty_coeffi: 0.0010, loss: 0.1093, lr: 3.27e-04
     Epoch[1] Iteration[310/497], entropy: 0.2349, uncertainty: 2.4519, uncertainty_coeffi: 0.0010, loss: 0.1046, lr: 3.27e-04
     Epoch[1] Iteration[320/497], entropy: 0.3152, uncertainty: 3.1666, uncertainty_coeffi: 0.0010, loss: 0.1451, lr: 3.27e-04
     Epoch[1] Iteration[330/497], entropy: 0.2627, uncertainty: 2.9967, uncertainty_coeffi: 0.0010, loss: 0.1220, lr: 3.27e-04
     Epoch[1] Iteration[340/497], entropy: 0.2289, uncertainty: 2.9218, uncertainty_coeffi: 0.0010, loss: 0.1299, lr: 3.27e-04
     Epoch[1] Iteration[350/497], entropy: 0.2291, uncertainty: 2.8978, uncertainty_coeffi: 0.0010, loss: 0.1105, lr: 3.27e-04
     Epoch[1] Iteration[360/497], entropy: 0.2423, uncertainty: 2.6240, uncertainty_coeffi: 0.0010, loss: 0.1300, lr: 3.27e-04
     Epoch[1] Iteration[370/497], entropy: 0.2798, uncertainty: 3.1026, uncertainty_coeffi: 0.0010, loss: 0.0971, lr: 3.27e-04
     Epoch[1] Iteration[380/497], entropy: 0.2575, uncertainty: 3.1628, uncertainty_coeffi: 0.0010, loss: 0.1301, lr: 3.27e-04
     Epoch[1] Iteration[390/497], entropy: 0.2032, uncertainty: 2.5299, uncertainty_coeffi: 0.0010, loss: 0.0973, lr: 3.27e-04
     Epoch[1] Iteration[400/497], entropy: 0.2744, uncertainty: 2.4293, uncertainty_coeffi: 0.0010, loss: 0.1290, lr: 3.27e-04
     Epoch[1] Iteration[410/497], entropy: 0.1371, uncertainty: 3.3520, uncertainty_coeffi: 0.0010, loss: 0.0626, lr: 3.27e-04
     Epoch[1] Iteration[420/497], entropy: 0.1860, uncertainty: 2.7223, uncertainty_coeffi: 0.0010, loss: 0.0999, lr: 3.27e-04
     Epoch[1] Iteration[430/497], entropy: 0.1862, uncertainty: 2.8597, uncertainty_coeffi: 0.0010, loss: 0.0853, lr: 3.27e-04
     Epoch[1] Iteration[440/497], entropy: 0.2777, uncertainty: 2.9109, uncertainty_coeffi: 0.0010, loss: 0.1075, lr: 3.27e-04
     Epoch[1] Iteration[450/497], entropy: 0.2450, uncertainty: 2.9706, uncertainty_coeffi: 0.0010, loss: 0.1132, lr: 3.27e-04
     Epoch[1] Iteration[460/497], entropy: 0.2682, uncertainty: 3.3879, uncertainty_coeffi: 0.0010, loss: 0.1278, lr: 3.27e-04
     Epoch[1] Iteration[470/497], entropy: 0.3313, uncertainty: 3.1393, uncertainty_coeffi: 0.0010, loss: 0.1440, lr: 3.27e-04
     Epoch[1] Iteration[480/497], entropy: 0.2661, uncertainty: 2.3710, uncertainty_coeffi: 0.0010, loss: 0.1223, lr: 3.27e-04
     Epoch[1] Iteration[490/497], entropy: 0.2527, uncertainty: 3.0559, uncertainty_coeffi: 0.0010, loss: 0.0994, lr: 3.27e-04
     Averaged stats: entropy_avg: 0.2430, uncertainty_avg: 2.8280, uncertainty_coeffi_avg: 0.0010, loss_avg: 0.1117, lr_avg: 3.27e-04
     itm tta time 0:00:50
### TTA Eval Score: 
+-------+--------+--------+--------+--------+-------+
| epoch |   R1   |   R5   |  R10   |  mAP   |  mINP |
+-------+--------+--------+--------+--------+-------+
|  -999 | 60.641 | 77.499 | 83.248 | 35.543 | 6.005 |
|   0   | 61.800 | 77.388 | 83.117 | 36.090 | 6.070 |
|   1   | 61.830 | 77.323 | 83.152 | 36.022 | 6.006 |
+-------+--------+--------+--------+--------+-------+
     logs:  {'epo': 1, 'R1': np.float32(61.83), 'R5': np.float32(77.323), 'R10': np.float32(83.152), 'mAP': np.float32(36.022), 'mINP': np.float32(6.006), 'entropy': 0.2430224631513868, 'uncertainty': 2.8279644226541323, 'uncertainty_coeffi': 0.0010000000474974513, 'loss': 0.11169065869584376, 'lr': 0.000327254248593737}
     Epoch[2] Iteration[10/497], entropy: 0.2708, uncertainty: 2.4405, uncertainty_coeffi: 0.0010, loss: 0.1383, lr: 4.52e-04
     Epoch[2] Iteration[20/497], entropy: 0.2418, uncertainty: 3.1851, uncertainty_coeffi: 0.0010, loss: 0.0788, lr: 4.52e-04
     Epoch[2] Iteration[30/497], entropy: 0.1417, uncertainty: 3.1863, uncertainty_coeffi: 0.0010, loss: 0.0563, lr: 4.52e-04
     Epoch[2] Iteration[40/497], entropy: 0.2650, uncertainty: 2.9998, uncertainty_coeffi: 0.0010, loss: 0.1382, lr: 4.52e-04
     Epoch[2] Iteration[50/497], entropy: 0.1915, uncertainty: 2.5959, uncertainty_coeffi: 0.0010, loss: 0.0867, lr: 4.52e-04
     Epoch[2] Iteration[60/497], entropy: 0.2198, uncertainty: 2.4332, uncertainty_coeffi: 0.0010, loss: 0.1263, lr: 4.52e-04
     Epoch[2] Iteration[70/497], entropy: 0.2560, uncertainty: 2.6279, uncertainty_coeffi: 0.0010, loss: 0.1388, lr: 4.52e-04
     Epoch[2] Iteration[80/497], entropy: 0.1766, uncertainty: 2.9716, uncertainty_coeffi: 0.0010, loss: 0.0903, lr: 4.52e-04
     Epoch[2] Iteration[90/497], entropy: 0.2962, uncertainty: 3.0134, uncertainty_coeffi: 0.0010, loss: 0.1003, lr: 4.52e-04
     Epoch[2] Iteration[100/497], entropy: 0.1918, uncertainty: 2.4515, uncertainty_coeffi: 0.0010, loss: 0.0928, lr: 4.52e-04
     Epoch[2] Iteration[110/497], entropy: 0.2249, uncertainty: 2.3379, uncertainty_coeffi: 0.0010, loss: 0.1189, lr: 4.52e-04
     Epoch[2] Iteration[120/497], entropy: 0.2948, uncertainty: 2.8945, uncertainty_coeffi: 0.0010, loss: 0.1406, lr: 4.52e-04
     Epoch[2] Iteration[130/497], entropy: 0.2412, uncertainty: 2.6290, uncertainty_coeffi: 0.0010, loss: 0.1275, lr: 4.52e-04
     Epoch[2] Iteration[140/497], entropy: 0.2173, uncertainty: 2.9649, uncertainty_coeffi: 0.0010, loss: 0.0824, lr: 4.52e-04
     Epoch[2] Iteration[150/497], entropy: 0.2575, uncertainty: 2.7973, uncertainty_coeffi: 0.0010, loss: 0.1038, lr: 4.52e-04
     Epoch[2] Iteration[160/497], entropy: 0.2205, uncertainty: 2.5752, uncertainty_coeffi: 0.0010, loss: 0.1082, lr: 4.52e-04
     Epoch[2] Iteration[170/497], entropy: 0.1831, uncertainty: 2.7737, uncertainty_coeffi: 0.0010, loss: 0.0775, lr: 4.52e-04
     Epoch[2] Iteration[180/497], entropy: 0.2768, uncertainty: 2.7553, uncertainty_coeffi: 0.0010, loss: 0.1285, lr: 4.52e-04
     Epoch[2] Iteration[190/497], entropy: 0.1182, uncertainty: 2.9547, uncertainty_coeffi: 0.0010, loss: 0.0457, lr: 4.52e-04
     Epoch[2] Iteration[200/497], entropy: 0.2918, uncertainty: 2.6338, uncertainty_coeffi: 0.0010, loss: 0.1474, lr: 4.52e-04
     Epoch[2] Iteration[210/497], entropy: 0.2468, uncertainty: 2.3778, uncertainty_coeffi: 0.0010, loss: 0.1269, lr: 4.52e-04
     Epoch[2] Iteration[220/497], entropy: 0.2572, uncertainty: 2.4944, uncertainty_coeffi: 0.0010, loss: 0.1382, lr: 4.52e-04
     Epoch[2] Iteration[230/497], entropy: 0.1599, uncertainty: 1.9478, uncertainty_coeffi: 0.0010, loss: 0.0868, lr: 4.52e-04
     Epoch[2] Iteration[240/497], entropy: 0.2324, uncertainty: 2.4222, uncertainty_coeffi: 0.0010, loss: 0.1220, lr: 4.52e-04
     Epoch[2] Iteration[250/497], entropy: 0.2642, uncertainty: 2.5927, uncertainty_coeffi: 0.0010, loss: 0.1439, lr: 4.52e-04
     Epoch[2] Iteration[260/497], entropy: 0.2122, uncertainty: 2.7061, uncertainty_coeffi: 0.0010, loss: 0.1136, lr: 4.52e-04
     Epoch[2] Iteration[270/497], entropy: 0.2339, uncertainty: 2.7235, uncertainty_coeffi: 0.0010, loss: 0.0889, lr: 4.52e-04
     Epoch[2] Iteration[280/497], entropy: 0.2277, uncertainty: 2.4833, uncertainty_coeffi: 0.0010, loss: 0.1072, lr: 4.52e-04
     Epoch[2] Iteration[290/497], entropy: 0.1683, uncertainty: 2.9240, uncertainty_coeffi: 0.0010, loss: 0.0848, lr: 4.52e-04
     Epoch[2] Iteration[300/497], entropy: 0.2505, uncertainty: 3.0468, uncertainty_coeffi: 0.0010, loss: 0.1037, lr: 4.52e-04
     Epoch[2] Iteration[310/497], entropy: 0.2608, uncertainty: 2.7240, uncertainty_coeffi: 0.0010, loss: 0.1053, lr: 4.52e-04
     Epoch[2] Iteration[320/497], entropy: 0.3087, uncertainty: 2.6540, uncertainty_coeffi: 0.0010, loss: 0.1382, lr: 4.52e-04
     Epoch[2] Iteration[330/497], entropy: 0.2016, uncertainty: 2.7084, uncertainty_coeffi: 0.0010, loss: 0.0967, lr: 4.52e-04
     Epoch[2] Iteration[340/497], entropy: 0.1627, uncertainty: 2.6586, uncertainty_coeffi: 0.0010, loss: 0.0717, lr: 4.52e-04
     Epoch[2] Iteration[350/497], entropy: 0.2298, uncertainty: 2.6752, uncertainty_coeffi: 0.0010, loss: 0.1100, lr: 4.52e-04
     Epoch[2] Iteration[360/497], entropy: 0.2777, uncertainty: 3.4579, uncertainty_coeffi: 0.0010, loss: 0.1013, lr: 4.52e-04
     Epoch[2] Iteration[370/497], entropy: 0.1649, uncertainty: 2.9338, uncertainty_coeffi: 0.0010, loss: 0.0701, lr: 4.52e-04
     Epoch[2] Iteration[380/497], entropy: 0.1741, uncertainty: 2.7449, uncertainty_coeffi: 0.0010, loss: 0.0860, lr: 4.52e-04
     Epoch[2] Iteration[390/497], entropy: 0.2244, uncertainty: 2.6893, uncertainty_coeffi: 0.0010, loss: 0.1233, lr: 4.52e-04
     Epoch[2] Iteration[400/497], entropy: 0.3079, uncertainty: 2.2984, uncertainty_coeffi: 0.0010, loss: 0.1728, lr: 4.52e-04
     Epoch[2] Iteration[410/497], entropy: 0.3279, uncertainty: 2.7486, uncertainty_coeffi: 0.0010, loss: 0.1826, lr: 4.52e-04
     Epoch[2] Iteration[420/497], entropy: 0.2372, uncertainty: 2.4717, uncertainty_coeffi: 0.0010, loss: 0.1433, lr: 4.52e-04
     Epoch[2] Iteration[430/497], entropy: 0.2557, uncertainty: 2.6352, uncertainty_coeffi: 0.0010, loss: 0.1339, lr: 4.52e-04
     Epoch[2] Iteration[440/497], entropy: 0.2546, uncertainty: 2.5230, uncertainty_coeffi: 0.0010, loss: 0.1087, lr: 4.52e-04
     Epoch[2] Iteration[450/497], entropy: 0.1769, uncertainty: 2.7693, uncertainty_coeffi: 0.0010, loss: 0.0859, lr: 4.52e-04
     Epoch[2] Iteration[460/497], entropy: 0.2718, uncertainty: 2.8770, uncertainty_coeffi: 0.0010, loss: 0.0963, lr: 4.52e-04
     Epoch[2] Iteration[470/497], entropy: 0.2292, uncertainty: 2.9693, uncertainty_coeffi: 0.0010, loss: 0.0986, lr: 4.52e-04
     Epoch[2] Iteration[480/497], entropy: 0.2478, uncertainty: 2.8622, uncertainty_coeffi: 0.0010, loss: 0.1107, lr: 4.52e-04
     Epoch[2] Iteration[490/497], entropy: 0.2790, uncertainty: 2.9017, uncertainty_coeffi: 0.0010, loss: 0.1134, lr: 4.52e-04
     Averaged stats: entropy_avg: 0.2331, uncertainty_avg: 2.7192, uncertainty_coeffi_avg: 0.0010, loss_avg: 0.1101, lr_avg: 4.52e-04
     itm tta time 0:00:50
### TTA Eval Score: 
+-------+--------+--------+--------+--------+-------+
| epoch |   R1   |   R5   |  R10   |  mAP   |  mINP |
+-------+--------+--------+--------+--------+-------+
|  -999 | 60.641 | 77.499 | 83.248 | 35.543 | 6.005 |
|   0   | 61.800 | 77.388 | 83.117 | 36.090 | 6.070 |
|   1   | 61.830 | 77.323 | 83.152 | 36.022 | 6.006 |
|   2   | 61.840 | 77.348 | 83.056 | 36.036 | 5.990 |
+-------+--------+--------+--------+--------+-------+
     logs:  {'epo': 2, 'R1': np.float32(61.84), 'R5': np.float32(77.348), 'R10': np.float32(83.056), 'mAP': np.float32(36.036), 'mINP': np.float32(5.99), 'entropy': 0.23313076216347364, 'uncertainty': 2.7192362011695397, 'uncertainty_coeffi': 0.0010000000474974513, 'loss': 0.1100507371735816, 'lr': 0.00045225424859373763}
     Epoch[3] Iteration[10/497], entropy: 0.2097, uncertainty: 2.7196, uncertainty_coeffi: 0.0010, loss: 0.0705, lr: 4.77e-05
     Epoch[3] Iteration[20/497], entropy: 0.2513, uncertainty: 2.4846, uncertainty_coeffi: 0.0010, loss: 0.1187, lr: 4.77e-05
     Epoch[3] Iteration[30/497], entropy: 0.2414, uncertainty: 2.7232, uncertainty_coeffi: 0.0010, loss: 0.1185, lr: 4.77e-05
     Epoch[3] Iteration[40/497], entropy: 0.1851, uncertainty: 2.6401, uncertainty_coeffi: 0.0010, loss: 0.0816, lr: 4.77e-05
     Epoch[3] Iteration[50/497], entropy: 0.2937, uncertainty: 2.7818, uncertainty_coeffi: 0.0010, loss: 0.1104, lr: 4.77e-05
     Epoch[3] Iteration[60/497], entropy: 0.2347, uncertainty: 3.0544, uncertainty_coeffi: 0.0010, loss: 0.1111, lr: 4.77e-05
     Epoch[3] Iteration[70/497], entropy: 0.1475, uncertainty: 2.0912, uncertainty_coeffi: 0.0010, loss: 0.0793, lr: 4.77e-05
     Epoch[3] Iteration[80/497], entropy: 0.2510, uncertainty: 2.4211, uncertainty_coeffi: 0.0010, loss: 0.1367, lr: 4.77e-05
     Epoch[3] Iteration[90/497], entropy: 0.2218, uncertainty: 2.8101, uncertainty_coeffi: 0.0010, loss: 0.0859, lr: 4.77e-05
     Epoch[3] Iteration[100/497], entropy: 0.1473, uncertainty: 2.9817, uncertainty_coeffi: 0.0010, loss: 0.0730, lr: 4.77e-05
     Epoch[3] Iteration[110/497], entropy: 0.1836, uncertainty: 2.8620, uncertainty_coeffi: 0.0010, loss: 0.0872, lr: 4.77e-05
     Epoch[3] Iteration[120/497], entropy: 0.1738, uncertainty: 2.4170, uncertainty_coeffi: 0.0010, loss: 0.1121, lr: 4.77e-05
     Epoch[3] Iteration[130/497], entropy: 0.2680, uncertainty: 2.6170, uncertainty_coeffi: 0.0010, loss: 0.1424, lr: 4.77e-05
     Epoch[3] Iteration[140/497], entropy: 0.1917, uncertainty: 3.0817, uncertainty_coeffi: 0.0010, loss: 0.0803, lr: 4.77e-05
     Epoch[3] Iteration[150/497], entropy: 0.2272, uncertainty: 2.8462, uncertainty_coeffi: 0.0010, loss: 0.0988, lr: 4.77e-05
     Epoch[3] Iteration[160/497], entropy: 0.2052, uncertainty: 2.6121, uncertainty_coeffi: 0.0010, loss: 0.1154, lr: 4.77e-05
     Epoch[3] Iteration[170/497], entropy: 0.2513, uncertainty: 2.3812, uncertainty_coeffi: 0.0010, loss: 0.1604, lr: 4.77e-05
     Epoch[3] Iteration[180/497], entropy: 0.1735, uncertainty: 3.0917, uncertainty_coeffi: 0.0010, loss: 0.0848, lr: 4.77e-05
     Epoch[3] Iteration[190/497], entropy: 0.2342, uncertainty: 2.6652, uncertainty_coeffi: 0.0010, loss: 0.1170, lr: 4.77e-05
     Epoch[3] Iteration[200/497], entropy: 0.1501, uncertainty: 3.1046, uncertainty_coeffi: 0.0010, loss: 0.0594, lr: 4.77e-05
     Epoch[3] Iteration[210/497], entropy: 0.1921, uncertainty: 2.4044, uncertainty_coeffi: 0.0010, loss: 0.1181, lr: 4.77e-05
     Epoch[3] Iteration[220/497], entropy: 0.2784, uncertainty: 2.6263, uncertainty_coeffi: 0.0010, loss: 0.1368, lr: 4.77e-05
     Epoch[3] Iteration[230/497], entropy: 0.1803, uncertainty: 2.8009, uncertainty_coeffi: 0.0010, loss: 0.0897, lr: 4.77e-05
     Epoch[3] Iteration[240/497], entropy: 0.2490, uncertainty: 2.9391, uncertainty_coeffi: 0.0010, loss: 0.1102, lr: 4.77e-05
     Epoch[3] Iteration[250/497], entropy: 0.1850, uncertainty: 2.3428, uncertainty_coeffi: 0.0010, loss: 0.0893, lr: 4.77e-05
     Epoch[3] Iteration[260/497], entropy: 0.1909, uncertainty: 2.7623, uncertainty_coeffi: 0.0010, loss: 0.0857, lr: 4.77e-05
     Epoch[3] Iteration[270/497], entropy: 0.1691, uncertainty: 3.1632, uncertainty_coeffi: 0.0010, loss: 0.0793, lr: 4.77e-05
     Epoch[3] Iteration[280/497], entropy: 0.2102, uncertainty: 2.2308, uncertainty_coeffi: 0.0010, loss: 0.1116, lr: 4.77e-05
     Epoch[3] Iteration[290/497], entropy: 0.2226, uncertainty: 2.8580, uncertainty_coeffi: 0.0010, loss: 0.1065, lr: 4.77e-05
     Epoch[3] Iteration[300/497], entropy: 0.2145, uncertainty: 2.7589, uncertainty_coeffi: 0.0010, loss: 0.1050, lr: 4.77e-05
     Epoch[3] Iteration[310/497], entropy: 0.4048, uncertainty: 2.6477, uncertainty_coeffi: 0.0010, loss: 0.2431, lr: 4.77e-05
     Epoch[3] Iteration[320/497], entropy: 0.2349, uncertainty: 2.8480, uncertainty_coeffi: 0.0010, loss: 0.0891, lr: 4.77e-05
     Epoch[3] Iteration[330/497], entropy: 0.2123, uncertainty: 2.5961, uncertainty_coeffi: 0.0010, loss: 0.0890, lr: 4.77e-05
     Epoch[3] Iteration[340/497], entropy: 0.3214, uncertainty: 2.8377, uncertainty_coeffi: 0.0010, loss: 0.1425, lr: 4.77e-05
     Epoch[3] Iteration[350/497], entropy: 0.2381, uncertainty: 2.8049, uncertainty_coeffi: 0.0010, loss: 0.1074, lr: 4.77e-05
     Epoch[3] Iteration[360/497], entropy: 0.2299, uncertainty: 2.4323, uncertainty_coeffi: 0.0010, loss: 0.1199, lr: 4.77e-05
     Epoch[3] Iteration[370/497], entropy: 0.1903, uncertainty: 2.3351, uncertainty_coeffi: 0.0010, loss: 0.1079, lr: 4.77e-05
     Epoch[3] Iteration[380/497], entropy: 0.1983, uncertainty: 2.3098, uncertainty_coeffi: 0.0010, loss: 0.0965, lr: 4.77e-05
     Epoch[3] Iteration[390/497], entropy: 0.1564, uncertainty: 2.3221, uncertainty_coeffi: 0.0010, loss: 0.0896, lr: 4.77e-05
     Epoch[3] Iteration[400/497], entropy: 0.2052, uncertainty: 3.1421, uncertainty_coeffi: 0.0010, loss: 0.0843, lr: 4.77e-05
     Epoch[3] Iteration[410/497], entropy: 0.2389, uncertainty: 2.4916, uncertainty_coeffi: 0.0010, loss: 0.1318, lr: 4.77e-05
     Epoch[3] Iteration[420/497], entropy: 0.1770, uncertainty: 2.9358, uncertainty_coeffi: 0.0010, loss: 0.0742, lr: 4.77e-05
     Epoch[3] Iteration[430/497], entropy: 0.1963, uncertainty: 2.6799, uncertainty_coeffi: 0.0010, loss: 0.0806, lr: 4.77e-05
     Epoch[3] Iteration[440/497], entropy: 0.2174, uncertainty: 3.2166, uncertainty_coeffi: 0.0010, loss: 0.1079, lr: 4.77e-05
     Epoch[3] Iteration[450/497], entropy: 0.3531, uncertainty: 3.2785, uncertainty_coeffi: 0.0010, loss: 0.1505, lr: 4.77e-05
     Epoch[3] Iteration[460/497], entropy: 0.2253, uncertainty: 2.9796, uncertainty_coeffi: 0.0010, loss: 0.0862, lr: 4.77e-05
     Epoch[3] Iteration[470/497], entropy: 0.2246, uncertainty: 2.8979, uncertainty_coeffi: 0.0010, loss: 0.1030, lr: 4.77e-05
     Epoch[3] Iteration[480/497], entropy: 0.2226, uncertainty: 3.3348, uncertainty_coeffi: 0.0010, loss: 0.0938, lr: 4.77e-05
     Epoch[3] Iteration[490/497], entropy: 0.2354, uncertainty: 2.9053, uncertainty_coeffi: 0.0010, loss: 0.1061, lr: 4.77e-05
     Averaged stats: entropy_avg: 0.2207, uncertainty_avg: 2.7402, uncertainty_coeffi_avg: 0.0010, loss_avg: 0.1057, lr_avg: 4.77e-05
     itm tta time 0:00:50
     Epoch[4] Iteration[10/497], entropy: 0.2476, uncertainty: 2.5391, uncertainty_coeffi: 0.0010, loss: 0.1222, lr: 1.73e-04
     Epoch[4] Iteration[20/497], entropy: 0.1500, uncertainty: 2.4873, uncertainty_coeffi: 0.0010, loss: 0.0728, lr: 3.27e-04
     Epoch[4] Iteration[30/497], entropy: 0.2574, uncertainty: 2.2368, uncertainty_coeffi: 0.0010, loss: 0.1519, lr: 3.27e-04
     Epoch[4] Iteration[40/497], entropy: 0.1622, uncertainty: 2.5916, uncertainty_coeffi: 0.0010, loss: 0.0774, lr: 3.27e-04
     Epoch[4] Iteration[50/497], entropy: 0.2300, uncertainty: 2.8286, uncertainty_coeffi: 0.0010, loss: 0.1243, lr: 3.27e-04
     Epoch[4] Iteration[60/497], entropy: 0.2498, uncertainty: 3.0850, uncertainty_coeffi: 0.0010, loss: 0.1106, lr: 3.27e-04
     Epoch[4] Iteration[70/497], entropy: 0.2817, uncertainty: 2.9907, uncertainty_coeffi: 0.0010, loss: 0.1316, lr: 3.27e-04
     Epoch[4] Iteration[80/497], entropy: 0.1926, uncertainty: 3.0324, uncertainty_coeffi: 0.0010, loss: 0.0814, lr: 3.27e-04
     Epoch[4] Iteration[90/497], entropy: 0.1983, uncertainty: 2.4643, uncertainty_coeffi: 0.0010, loss: 0.1040, lr: 3.27e-04
     Epoch[4] Iteration[100/497], entropy: 0.2172, uncertainty: 2.6724, uncertainty_coeffi: 0.0010, loss: 0.0950, lr: 3.27e-04
     Epoch[4] Iteration[110/497], entropy: 0.1865, uncertainty: 2.8262, uncertainty_coeffi: 0.0010, loss: 0.1004, lr: 3.27e-04
     Epoch[4] Iteration[120/497], entropy: 0.1428, uncertainty: 2.3636, uncertainty_coeffi: 0.0010, loss: 0.0772, lr: 3.27e-04
     Epoch[4] Iteration[130/497], entropy: 0.2554, uncertainty: 3.2908, uncertainty_coeffi: 0.0010, loss: 0.1281, lr: 3.27e-04
     Epoch[4] Iteration[140/497], entropy: 0.1486, uncertainty: 2.4759, uncertainty_coeffi: 0.0010, loss: 0.0781, lr: 3.27e-04
     Epoch[4] Iteration[150/497], entropy: 0.2903, uncertainty: 2.6194, uncertainty_coeffi: 0.0010, loss: 0.1425, lr: 3.27e-04
     Epoch[4] Iteration[160/497], entropy: 0.1700, uncertainty: 2.7165, uncertainty_coeffi: 0.0010, loss: 0.0642, lr: 3.27e-04
     Epoch[4] Iteration[170/497], entropy: 0.3140, uncertainty: 3.1496, uncertainty_coeffi: 0.0010, loss: 0.1370, lr: 3.27e-04
     Epoch[4] Iteration[180/497], entropy: 0.1981, uncertainty: 2.9724, uncertainty_coeffi: 0.0010, loss: 0.0862, lr: 3.27e-04
     Epoch[4] Iteration[190/497], entropy: 0.1808, uncertainty: 2.6733, uncertainty_coeffi: 0.0010, loss: 0.1030, lr: 3.27e-04
     Epoch[4] Iteration[200/497], entropy: 0.2155, uncertainty: 2.0525, uncertainty_coeffi: 0.0010, loss: 0.1175, lr: 3.27e-04
     Epoch[4] Iteration[210/497], entropy: 0.1952, uncertainty: 2.7876, uncertainty_coeffi: 0.0010, loss: 0.0853, lr: 3.27e-04
     Epoch[4] Iteration[220/497], entropy: 0.1639, uncertainty: 2.8579, uncertainty_coeffi: 0.0010, loss: 0.0736, lr: 3.27e-04
     Epoch[4] Iteration[230/497], entropy: 0.2892, uncertainty: 2.4876, uncertainty_coeffi: 0.0010, loss: 0.1463, lr: 3.27e-04
     Epoch[4] Iteration[240/497], entropy: 0.2743, uncertainty: 2.2320, uncertainty_coeffi: 0.0010, loss: 0.1412, lr: 3.27e-04
     Epoch[4] Iteration[250/497], entropy: 0.1842, uncertainty: 2.6635, uncertainty_coeffi: 0.0010, loss: 0.0801, lr: 3.27e-04
     Epoch[4] Iteration[260/497], entropy: 0.2130, uncertainty: 2.7353, uncertainty_coeffi: 0.0010, loss: 0.1182, lr: 3.27e-04
     Epoch[4] Iteration[270/497], entropy: 0.1814, uncertainty: 2.7627, uncertainty_coeffi: 0.0010, loss: 0.0749, lr: 3.27e-04
     Epoch[4] Iteration[280/497], entropy: 0.2248, uncertainty: 2.4982, uncertainty_coeffi: 0.0010, loss: 0.0983, lr: 3.27e-04
     Epoch[4] Iteration[290/497], entropy: 0.2750, uncertainty: 2.7489, uncertainty_coeffi: 0.0010, loss: 0.1169, lr: 3.27e-04
     Epoch[4] Iteration[300/497], entropy: 0.1514, uncertainty: 2.7297, uncertainty_coeffi: 0.0010, loss: 0.0776, lr: 3.27e-04
     Epoch[4] Iteration[310/497], entropy: 0.1926, uncertainty: 2.3980, uncertainty_coeffi: 0.0010, loss: 0.0841, lr: 3.27e-04
     Epoch[4] Iteration[320/497], entropy: 0.1407, uncertainty: 2.8069, uncertainty_coeffi: 0.0010, loss: 0.0645, lr: 3.27e-04
     Epoch[4] Iteration[330/497], entropy: 0.2734, uncertainty: 2.9956, uncertainty_coeffi: 0.0010, loss: 0.1190, lr: 3.27e-04
     Epoch[4] Iteration[340/497], entropy: 0.2747, uncertainty: 2.5231, uncertainty_coeffi: 0.0010, loss: 0.1374, lr: 3.27e-04
     Epoch[4] Iteration[350/497], entropy: 0.2036, uncertainty: 2.5886, uncertainty_coeffi: 0.0010, loss: 0.0968, lr: 3.27e-04
     Epoch[4] Iteration[360/497], entropy: 0.2293, uncertainty: 3.0636, uncertainty_coeffi: 0.0010, loss: 0.0993, lr: 3.27e-04
     Epoch[4] Iteration[370/497], entropy: 0.1831, uncertainty: 2.3840, uncertainty_coeffi: 0.0010, loss: 0.0928, lr: 3.27e-04
     Epoch[4] Iteration[380/497], entropy: 0.3098, uncertainty: 2.8357, uncertainty_coeffi: 0.0010, loss: 0.1416, lr: 3.27e-04
     Epoch[4] Iteration[390/497], entropy: 0.2024, uncertainty: 2.8410, uncertainty_coeffi: 0.0010, loss: 0.0735, lr: 3.27e-04
     Epoch[4] Iteration[400/497], entropy: 0.2972, uncertainty: 2.8999, uncertainty_coeffi: 0.0010, loss: 0.1300, lr: 3.27e-04
     Epoch[4] Iteration[410/497], entropy: 0.2331, uncertainty: 2.8807, uncertainty_coeffi: 0.0010, loss: 0.1222, lr: 3.27e-04
     Epoch[4] Iteration[420/497], entropy: 0.1992, uncertainty: 2.6559, uncertainty_coeffi: 0.0010, loss: 0.0766, lr: 3.27e-04
     Epoch[4] Iteration[430/497], entropy: 0.2149, uncertainty: 2.4783, uncertainty_coeffi: 0.0010, loss: 0.1322, lr: 3.27e-04
     Epoch[4] Iteration[440/497], entropy: 0.2664, uncertainty: 2.5875, uncertainty_coeffi: 0.0010, loss: 0.1314, lr: 3.27e-04
     Epoch[4] Iteration[450/497], entropy: 0.2001, uncertainty: 2.9240, uncertainty_coeffi: 0.0010, loss: 0.0802, lr: 3.27e-04
     Epoch[4] Iteration[460/497], entropy: 0.1837, uncertainty: 3.0314, uncertainty_coeffi: 0.0010, loss: 0.0622, lr: 3.27e-04
     Epoch[4] Iteration[470/497], entropy: 0.2330, uncertainty: 2.4517, uncertainty_coeffi: 0.0010, loss: 0.1595, lr: 3.27e-04
     Epoch[4] Iteration[480/497], entropy: 0.2406, uncertainty: 2.7868, uncertainty_coeffi: 0.0010, loss: 0.1106, lr: 3.27e-04
     Epoch[4] Iteration[490/497], entropy: 0.4303, uncertainty: 2.6112, uncertainty_coeffi: 0.0010, loss: 0.2250, lr: 3.27e-04
     Averaged stats: entropy_avg: 0.2235, uncertainty_avg: 2.7003, uncertainty_coeffi_avg: 0.0010, loss_avg: 0.1073, lr_avg: 3.24e-04
     itm tta time 0:00:50
### TTA Eval Score: 
+-------+--------+--------+--------+--------+-------+
| epoch |   R1   |   R5   |  R10   |  mAP   |  mINP |
+-------+--------+--------+--------+--------+-------+
|  -999 | 60.641 | 77.499 | 83.248 | 35.543 | 6.005 |
|   0   | 61.800 | 77.388 | 83.117 | 36.090 | 6.070 |
|   1   | 61.830 | 77.323 | 83.152 | 36.022 | 6.006 |
|   2   | 61.840 | 77.348 | 83.056 | 36.036 | 5.990 |
|   4   | 61.855 | 77.297 | 83.127 | 35.978 | 5.987 |
+-------+--------+--------+--------+--------+-------+
     logs:  {'epo': 4, 'R1': np.float32(61.855), 'R5': np.float32(77.297), 'R10': np.float32(83.127), 'mAP': np.float32(35.978), 'mINP': np.float32(5.987), 'entropy': 0.22345419136845335, 'uncertainty': 2.7003242531601264, 'uncertainty_coeffi': 0.0010000000474974513, 'loss': 0.10727606660553388, 'lr': 0.0003241010139572876}
     Epoch[5] Iteration[10/497], entropy: 0.2786, uncertainty: 2.7793, uncertainty_coeffi: 0.0010, loss: 0.1066, lr: 4.52e-04
     Epoch[5] Iteration[20/497], entropy: 0.2634, uncertainty: 2.9002, uncertainty_coeffi: 0.0010, loss: 0.1169, lr: 4.52e-04
     Epoch[5] Iteration[30/497], entropy: 0.2017, uncertainty: 3.1541, uncertainty_coeffi: 0.0010, loss: 0.0877, lr: 4.52e-04
     Epoch[5] Iteration[40/497], entropy: 0.2608, uncertainty: 3.0150, uncertainty_coeffi: 0.0010, loss: 0.1166, lr: 4.52e-04
     Epoch[5] Iteration[50/497], entropy: 0.2860, uncertainty: 2.9021, uncertainty_coeffi: 0.0010, loss: 0.1341, lr: 4.52e-04
     Epoch[5] Iteration[60/497], entropy: 0.2451, uncertainty: 2.8943, uncertainty_coeffi: 0.0010, loss: 0.1222, lr: 4.52e-04
     Epoch[5] Iteration[70/497], entropy: 0.2279, uncertainty: 3.0330, uncertainty_coeffi: 0.0010, loss: 0.1124, lr: 4.52e-04
     Epoch[5] Iteration[80/497], entropy: 0.1773, uncertainty: 2.5839, uncertainty_coeffi: 0.0010, loss: 0.0844, lr: 4.52e-04
     Epoch[5] Iteration[90/497], entropy: 0.2414, uncertainty: 2.6191, uncertainty_coeffi: 0.0010, loss: 0.1140, lr: 4.52e-04
     Epoch[5] Iteration[100/497], entropy: 0.2482, uncertainty: 2.4971, uncertainty_coeffi: 0.0010, loss: 0.1230, lr: 4.52e-04
     Epoch[5] Iteration[110/497], entropy: 0.2742, uncertainty: 2.4833, uncertainty_coeffi: 0.0010, loss: 0.1203, lr: 4.52e-04
     Epoch[5] Iteration[120/497], entropy: 0.1917, uncertainty: 2.7034, uncertainty_coeffi: 0.0010, loss: 0.0865, lr: 4.52e-04
     Epoch[5] Iteration[130/497], entropy: 0.1745, uncertainty: 2.8753, uncertainty_coeffi: 0.0010, loss: 0.0727, lr: 4.52e-04
     Epoch[5] Iteration[140/497], entropy: 0.2010, uncertainty: 2.5568, uncertainty_coeffi: 0.0010, loss: 0.0969, lr: 4.52e-04
     Epoch[5] Iteration[150/497], entropy: 0.2190, uncertainty: 2.3226, uncertainty_coeffi: 0.0010, loss: 0.1224, lr: 4.52e-04
     Epoch[5] Iteration[160/497], entropy: 0.2518, uncertainty: 2.6792, uncertainty_coeffi: 0.0010, loss: 0.0939, lr: 4.52e-04
     Epoch[5] Iteration[170/497], entropy: 0.2259, uncertainty: 2.5909, uncertainty_coeffi: 0.0010, loss: 0.0919, lr: 4.52e-04
     Epoch[5] Iteration[180/497], entropy: 0.1495, uncertainty: 2.9564, uncertainty_coeffi: 0.0010, loss: 0.0604, lr: 4.52e-04
     Epoch[5] Iteration[190/497], entropy: 0.2568, uncertainty: 3.2924, uncertainty_coeffi: 0.0010, loss: 0.0838, lr: 4.52e-04
     Epoch[5] Iteration[200/497], entropy: 0.2650, uncertainty: 2.5840, uncertainty_coeffi: 0.0010, loss: 0.1358, lr: 4.52e-04
     Epoch[5] Iteration[210/497], entropy: 0.2073, uncertainty: 2.2283, uncertainty_coeffi: 0.0010, loss: 0.1105, lr: 4.52e-04
     Epoch[5] Iteration[220/497], entropy: 0.2383, uncertainty: 2.5579, uncertainty_coeffi: 0.0010, loss: 0.1046, lr: 4.52e-04
     Epoch[5] Iteration[230/497], entropy: 0.2630, uncertainty: 3.0317, uncertainty_coeffi: 0.0010, loss: 0.1139, lr: 4.52e-04
     Epoch[5] Iteration[240/497], entropy: 0.1780, uncertainty: 3.1553, uncertainty_coeffi: 0.0010, loss: 0.0795, lr: 4.52e-04
     Epoch[5] Iteration[250/497], entropy: 0.2976, uncertainty: 2.7930, uncertainty_coeffi: 0.0010, loss: 0.1621, lr: 4.52e-04
     Epoch[5] Iteration[260/497], entropy: 0.2251, uncertainty: 2.8143, uncertainty_coeffi: 0.0010, loss: 0.0877, lr: 4.52e-04
     Epoch[5] Iteration[270/497], entropy: 0.2240, uncertainty: 3.3365, uncertainty_coeffi: 0.0010, loss: 0.0874, lr: 4.52e-04
     Epoch[5] Iteration[280/497], entropy: 0.2204, uncertainty: 2.6740, uncertainty_coeffi: 0.0010, loss: 0.1203, lr: 4.52e-04
     Epoch[5] Iteration[290/497], entropy: 0.2499, uncertainty: 2.7911, uncertainty_coeffi: 0.0010, loss: 0.1191, lr: 4.52e-04
     Epoch[5] Iteration[300/497], entropy: 0.2242, uncertainty: 2.7188, uncertainty_coeffi: 0.0010, loss: 0.0883, lr: 4.52e-04
     Epoch[5] Iteration[310/497], entropy: 0.2037, uncertainty: 2.1527, uncertainty_coeffi: 0.0010, loss: 0.1099, lr: 4.52e-04
     Epoch[5] Iteration[320/497], entropy: 0.2006, uncertainty: 2.9238, uncertainty_coeffi: 0.0010, loss: 0.1056, lr: 4.52e-04
     Epoch[5] Iteration[330/497], entropy: 0.2251, uncertainty: 2.5803, uncertainty_coeffi: 0.0010, loss: 0.1094, lr: 4.52e-04
     Epoch[5] Iteration[340/497], entropy: 0.1821, uncertainty: 2.3249, uncertainty_coeffi: 0.0010, loss: 0.0963, lr: 4.52e-04
     Epoch[5] Iteration[350/497], entropy: 0.1742, uncertainty: 2.2380, uncertainty_coeffi: 0.0010, loss: 0.0972, lr: 4.52e-04
     Epoch[5] Iteration[360/497], entropy: 0.2154, uncertainty: 2.2485, uncertainty_coeffi: 0.0010, loss: 0.1107, lr: 4.52e-04
     Epoch[5] Iteration[370/497], entropy: 0.2127, uncertainty: 2.7174, uncertainty_coeffi: 0.0010, loss: 0.1134, lr: 4.52e-04
     Epoch[5] Iteration[380/497], entropy: 0.2358, uncertainty: 2.7638, uncertainty_coeffi: 0.0010, loss: 0.1162, lr: 4.52e-04
     Epoch[5] Iteration[390/497], entropy: 0.2301, uncertainty: 2.4240, uncertainty_coeffi: 0.0010, loss: 0.1059, lr: 4.52e-04
     Epoch[5] Iteration[400/497], entropy: 0.2109, uncertainty: 2.6484, uncertainty_coeffi: 0.0010, loss: 0.0957, lr: 4.52e-04
     Epoch[5] Iteration[410/497], entropy: 0.2698, uncertainty: 2.4981, uncertainty_coeffi: 0.0010, loss: 0.1379, lr: 4.52e-04
     Epoch[5] Iteration[420/497], entropy: 0.2947, uncertainty: 2.6764, uncertainty_coeffi: 0.0010, loss: 0.1318, lr: 4.52e-04
     Epoch[5] Iteration[430/497], entropy: 0.2038, uncertainty: 2.9119, uncertainty_coeffi: 0.0010, loss: 0.0826, lr: 4.52e-04
     Epoch[5] Iteration[440/497], entropy: 0.2385, uncertainty: 2.8152, uncertainty_coeffi: 0.0010, loss: 0.0909, lr: 4.52e-04
     Epoch[5] Iteration[450/497], entropy: 0.2006, uncertainty: 2.5814, uncertainty_coeffi: 0.0010, loss: 0.0851, lr: 4.52e-04
     Epoch[5] Iteration[460/497], entropy: 0.1720, uncertainty: 3.0284, uncertainty_coeffi: 0.0010, loss: 0.0668, lr: 4.52e-04
     Epoch[5] Iteration[470/497], entropy: 0.2281, uncertainty: 2.6664, uncertainty_coeffi: 0.0010, loss: 0.1056, lr: 4.52e-04
     Epoch[5] Iteration[480/497], entropy: 0.2486, uncertainty: 3.1853, uncertainty_coeffi: 0.0010, loss: 0.0938, lr: 4.52e-04
     Epoch[5] Iteration[490/497], entropy: 0.1257, uncertainty: 2.1947, uncertainty_coeffi: 0.0010, loss: 0.0615, lr: 4.52e-04
     Averaged stats: entropy_avg: 0.2253, uncertainty_avg: 2.7164, uncertainty_coeffi_avg: 0.0010, loss_avg: 0.1035, lr_avg: 4.52e-04
     itm tta time 0:00:50
     Epoch[6] Iteration[10/497], entropy: 0.2402, uncertainty: 3.0953, uncertainty_coeffi: 0.0010, loss: 0.0746, lr: 4.77e-05
     Epoch[6] Iteration[20/497], entropy: 0.2402, uncertainty: 3.0237, uncertainty_coeffi: 0.0010, loss: 0.0858, lr: 4.77e-05
     Epoch[6] Iteration[30/497], entropy: 0.1392, uncertainty: 2.5550, uncertainty_coeffi: 0.0010, loss: 0.0544, lr: 4.77e-05
     Epoch[6] Iteration[40/497], entropy: 0.1639, uncertainty: 2.7089, uncertainty_coeffi: 0.0010, loss: 0.0867, lr: 4.77e-05
     Epoch[6] Iteration[50/497], entropy: 0.1640, uncertainty: 2.4968, uncertainty_coeffi: 0.0010, loss: 0.0754, lr: 4.77e-05
     Epoch[6] Iteration[60/497], entropy: 0.2475, uncertainty: 3.3696, uncertainty_coeffi: 0.0010, loss: 0.0975, lr: 4.77e-05
     Epoch[6] Iteration[70/497], entropy: 0.2472, uncertainty: 2.7651, uncertainty_coeffi: 0.0010, loss: 0.1264, lr: 4.77e-05
     Epoch[6] Iteration[80/497], entropy: 0.2278, uncertainty: 2.2377, uncertainty_coeffi: 0.0010, loss: 0.1052, lr: 4.77e-05
     Epoch[6] Iteration[90/497], entropy: 0.2258, uncertainty: 2.5737, uncertainty_coeffi: 0.0010, loss: 0.0987, lr: 4.77e-05
     Epoch[6] Iteration[100/497], entropy: 0.2325, uncertainty: 2.8182, uncertainty_coeffi: 0.0010, loss: 0.1046, lr: 4.77e-05
     Epoch[6] Iteration[110/497], entropy: 0.2505, uncertainty: 3.5298, uncertainty_coeffi: 0.0010, loss: 0.0855, lr: 4.77e-05
     Epoch[6] Iteration[120/497], entropy: 0.2825, uncertainty: 2.7860, uncertainty_coeffi: 0.0010, loss: 0.1385, lr: 4.77e-05
     Epoch[6] Iteration[130/497], entropy: 0.1987, uncertainty: 2.8971, uncertainty_coeffi: 0.0010, loss: 0.0732, lr: 4.77e-05
     Epoch[6] Iteration[140/497], entropy: 0.2134, uncertainty: 2.9743, uncertainty_coeffi: 0.0010, loss: 0.0909, lr: 4.77e-05
     Epoch[6] Iteration[150/497], entropy: 0.2178, uncertainty: 2.9239, uncertainty_coeffi: 0.0010, loss: 0.1001, lr: 4.77e-05
     Epoch[6] Iteration[160/497], entropy: 0.2751, uncertainty: 2.2704, uncertainty_coeffi: 0.0010, loss: 0.1774, lr: 4.77e-05
     Epoch[6] Iteration[170/497], entropy: 0.2437, uncertainty: 2.6532, uncertainty_coeffi: 0.0010, loss: 0.1148, lr: 4.77e-05
     Epoch[6] Iteration[180/497], entropy: 0.2643, uncertainty: 2.6744, uncertainty_coeffi: 0.0010, loss: 0.1374, lr: 4.77e-05
     Epoch[6] Iteration[190/497], entropy: 0.1337, uncertainty: 2.9171, uncertainty_coeffi: 0.0010, loss: 0.0652, lr: 4.77e-05
     Epoch[6] Iteration[200/497], entropy: 0.2397, uncertainty: 2.5307, uncertainty_coeffi: 0.0010, loss: 0.1287, lr: 4.77e-05
     Epoch[6] Iteration[210/497], entropy: 0.2096, uncertainty: 2.8049, uncertainty_coeffi: 0.0010, loss: 0.0808, lr: 4.77e-05
     Epoch[6] Iteration[220/497], entropy: 0.1439, uncertainty: 2.9648, uncertainty_coeffi: 0.0010, loss: 0.0607, lr: 4.77e-05
     Epoch[6] Iteration[230/497], entropy: 0.2792, uncertainty: 2.7218, uncertainty_coeffi: 0.0010, loss: 0.1125, lr: 4.77e-05
     Epoch[6] Iteration[240/497], entropy: 0.1504, uncertainty: 2.3890, uncertainty_coeffi: 0.0010, loss: 0.0799, lr: 4.77e-05
     Epoch[6] Iteration[250/497], entropy: 0.1495, uncertainty: 2.8823, uncertainty_coeffi: 0.0010, loss: 0.0744, lr: 4.77e-05
     Epoch[6] Iteration[260/497], entropy: 0.1733, uncertainty: 2.6202, uncertainty_coeffi: 0.0010, loss: 0.0730, lr: 4.77e-05
     Epoch[6] Iteration[270/497], entropy: 0.2284, uncertainty: 2.3086, uncertainty_coeffi: 0.0010, loss: 0.1080, lr: 4.77e-05
     Epoch[6] Iteration[280/497], entropy: 0.2726, uncertainty: 2.5617, uncertainty_coeffi: 0.0010, loss: 0.1290, lr: 4.77e-05
     Epoch[6] Iteration[290/497], entropy: 0.2775, uncertainty: 2.7787, uncertainty_coeffi: 0.0010, loss: 0.1316, lr: 4.77e-05
     Epoch[6] Iteration[300/497], entropy: 0.1741, uncertainty: 2.5243, uncertainty_coeffi: 0.0010, loss: 0.0705, lr: 4.77e-05
     Epoch[6] Iteration[310/497], entropy: 0.2820, uncertainty: 3.0411, uncertainty_coeffi: 0.0010, loss: 0.1211, lr: 4.77e-05
     Epoch[6] Iteration[320/497], entropy: 0.2802, uncertainty: 2.6205, uncertainty_coeffi: 0.0010, loss: 0.1191, lr: 4.77e-05
     Epoch[6] Iteration[330/497], entropy: 0.1749, uncertainty: 2.5172, uncertainty_coeffi: 0.0010, loss: 0.0781, lr: 4.77e-05
     Epoch[6] Iteration[340/497], entropy: 0.2374, uncertainty: 2.7331, uncertainty_coeffi: 0.0010, loss: 0.1215, lr: 4.77e-05
     Epoch[6] Iteration[350/497], entropy: 0.2113, uncertainty: 2.6324, uncertainty_coeffi: 0.0010, loss: 0.1239, lr: 4.77e-05
     Epoch[6] Iteration[360/497], entropy: 0.2991, uncertainty: 3.0638, uncertainty_coeffi: 0.0010, loss: 0.1466, lr: 4.77e-05
     Epoch[6] Iteration[370/497], entropy: 0.2355, uncertainty: 2.6133, uncertainty_coeffi: 0.0010, loss: 0.1064, lr: 4.77e-05
     Epoch[6] Iteration[380/497], entropy: 0.1777, uncertainty: 2.9331, uncertainty_coeffi: 0.0010, loss: 0.0770, lr: 4.77e-05
     Epoch[6] Iteration[390/497], entropy: 0.1616, uncertainty: 3.0643, uncertainty_coeffi: 0.0010, loss: 0.0668, lr: 4.77e-05
     Epoch[6] Iteration[400/497], entropy: 0.1737, uncertainty: 2.9781, uncertainty_coeffi: 0.0010, loss: 0.0778, lr: 4.77e-05
     Epoch[6] Iteration[410/497], entropy: 0.2336, uncertainty: 2.4686, uncertainty_coeffi: 0.0010, loss: 0.1422, lr: 4.77e-05
     Epoch[6] Iteration[420/497], entropy: 0.2367, uncertainty: 2.6533, uncertainty_coeffi: 0.0010, loss: 0.1067, lr: 4.77e-05
     Epoch[6] Iteration[430/497], entropy: 0.1738, uncertainty: 2.3372, uncertainty_coeffi: 0.0010, loss: 0.0963, lr: 4.77e-05
     Epoch[6] Iteration[440/497], entropy: 0.2095, uncertainty: 2.7420, uncertainty_coeffi: 0.0010, loss: 0.0860, lr: 4.77e-05
     Epoch[6] Iteration[450/497], entropy: 0.2999, uncertainty: 2.5629, uncertainty_coeffi: 0.0010, loss: 0.1463, lr: 4.77e-05
     Epoch[6] Iteration[460/497], entropy: 0.1966, uncertainty: 2.8408, uncertainty_coeffi: 0.0010, loss: 0.0992, lr: 4.77e-05
     Epoch[6] Iteration[470/497], entropy: 0.1694, uncertainty: 2.4644, uncertainty_coeffi: 0.0010, loss: 0.0693, lr: 4.77e-05
     Epoch[6] Iteration[480/497], entropy: 0.2931, uncertainty: 2.5496, uncertainty_coeffi: 0.0010, loss: 0.1740, lr: 4.77e-05
     Epoch[6] Iteration[490/497], entropy: 0.2061, uncertainty: 2.3531, uncertainty_coeffi: 0.0010, loss: 0.1170, lr: 4.77e-05
     Averaged stats: entropy_avg: 0.2196, uncertainty_avg: 2.7250, uncertainty_coeffi_avg: 0.0010, loss_avg: 0.1024, lr_avg: 4.77e-05
     itm tta time 0:00:50
     Epoch[7] Iteration[10/497], entropy: 0.1812, uncertainty: 2.6983, uncertainty_coeffi: 0.0010, loss: 0.0799, lr: 1.73e-04
     Epoch[7] Iteration[20/497], entropy: 0.1792, uncertainty: 2.3842, uncertainty_coeffi: 0.0010, loss: 0.0861, lr: 1.73e-04
     Epoch[7] Iteration[30/497], entropy: 0.2947, uncertainty: 3.0292, uncertainty_coeffi: 0.0010, loss: 0.1126, lr: 1.73e-04
     Epoch[7] Iteration[40/497], entropy: 0.1781, uncertainty: 3.1725, uncertainty_coeffi: 0.0010, loss: 0.0731, lr: 1.73e-04
     Epoch[7] Iteration[50/497], entropy: 0.1651, uncertainty: 2.6841, uncertainty_coeffi: 0.0010, loss: 0.0763, lr: 1.73e-04
     Epoch[7] Iteration[60/497], entropy: 0.2297, uncertainty: 2.8106, uncertainty_coeffi: 0.0010, loss: 0.0938, lr: 1.73e-04
     Epoch[7] Iteration[70/497], entropy: 0.1771, uncertainty: 2.6695, uncertainty_coeffi: 0.0010, loss: 0.0773, lr: 1.73e-04
     Epoch[7] Iteration[80/497], entropy: 0.2820, uncertainty: 2.7867, uncertainty_coeffi: 0.0010, loss: 0.1273, lr: 1.73e-04
     Epoch[7] Iteration[90/497], entropy: 0.1416, uncertainty: 2.1785, uncertainty_coeffi: 0.0010, loss: 0.0876, lr: 1.73e-04
     Epoch[7] Iteration[100/497], entropy: 0.2274, uncertainty: 2.8126, uncertainty_coeffi: 0.0010, loss: 0.1072, lr: 1.73e-04
     Epoch[7] Iteration[110/497], entropy: 0.1252, uncertainty: 2.6688, uncertainty_coeffi: 0.0010, loss: 0.0644, lr: 1.73e-04
     Epoch[7] Iteration[120/497], entropy: 0.2439, uncertainty: 2.6720, uncertainty_coeffi: 0.0010, loss: 0.1294, lr: 1.73e-04
     Epoch[7] Iteration[130/497], entropy: 0.2188, uncertainty: 2.5355, uncertainty_coeffi: 0.0010, loss: 0.1087, lr: 1.73e-04
     Epoch[7] Iteration[140/497], entropy: 0.2171, uncertainty: 2.1397, uncertainty_coeffi: 0.0010, loss: 0.1149, lr: 1.73e-04
     Epoch[7] Iteration[150/497], entropy: 0.1889, uncertainty: 2.6962, uncertainty_coeffi: 0.0010, loss: 0.0950, lr: 1.73e-04
     Epoch[7] Iteration[160/497], entropy: 0.1999, uncertainty: 2.3768, uncertainty_coeffi: 0.0010, loss: 0.0885, lr: 1.73e-04
     Epoch[7] Iteration[170/497], entropy: 0.2658, uncertainty: 2.4321, uncertainty_coeffi: 0.0010, loss: 0.1294, lr: 1.73e-04
     Epoch[7] Iteration[180/497], entropy: 0.2745, uncertainty: 3.2189, uncertainty_coeffi: 0.0010, loss: 0.1147, lr: 1.73e-04
     Epoch[7] Iteration[190/497], entropy: 0.2327, uncertainty: 2.4758, uncertainty_coeffi: 0.0010, loss: 0.1123, lr: 1.73e-04
     Epoch[7] Iteration[200/497], entropy: 0.1305, uncertainty: 2.3187, uncertainty_coeffi: 0.0010, loss: 0.0613, lr: 1.73e-04
     Epoch[7] Iteration[210/497], entropy: 0.1956, uncertainty: 2.7551, uncertainty_coeffi: 0.0010, loss: 0.0796, lr: 1.73e-04
     Epoch[7] Iteration[220/497], entropy: 0.2329, uncertainty: 2.3367, uncertainty_coeffi: 0.0010, loss: 0.1158, lr: 1.73e-04
     Epoch[7] Iteration[230/497], entropy: 0.2318, uncertainty: 2.7270, uncertainty_coeffi: 0.0010, loss: 0.1047, lr: 1.73e-04
     Epoch[7] Iteration[240/497], entropy: 0.2216, uncertainty: 3.1529, uncertainty_coeffi: 0.0010, loss: 0.1059, lr: 1.73e-04
     Epoch[7] Iteration[250/497], entropy: 0.1823, uncertainty: 2.9052, uncertainty_coeffi: 0.0010, loss: 0.0732, lr: 1.73e-04
     Epoch[7] Iteration[260/497], entropy: 0.1380, uncertainty: 2.9412, uncertainty_coeffi: 0.0010, loss: 0.0569, lr: 1.73e-04
     Epoch[7] Iteration[270/497], entropy: 0.2048, uncertainty: 3.3219, uncertainty_coeffi: 0.0010, loss: 0.0673, lr: 1.73e-04
     Epoch[7] Iteration[280/497], entropy: 0.1918, uncertainty: 2.8595, uncertainty_coeffi: 0.0010, loss: 0.0822, lr: 1.73e-04
     Epoch[7] Iteration[290/497], entropy: 0.2786, uncertainty: 2.5665, uncertainty_coeffi: 0.0010, loss: 0.1054, lr: 1.73e-04
     Epoch[7] Iteration[300/497], entropy: 0.1891, uncertainty: 2.7436, uncertainty_coeffi: 0.0010, loss: 0.0853, lr: 1.73e-04
     Epoch[7] Iteration[310/497], entropy: 0.1674, uncertainty: 2.9592, uncertainty_coeffi: 0.0010, loss: 0.0779, lr: 1.73e-04
     Epoch[7] Iteration[320/497], entropy: 0.1473, uncertainty: 3.0121, uncertainty_coeffi: 0.0010, loss: 0.0571, lr: 1.73e-04
     Epoch[7] Iteration[330/497], entropy: 0.2368, uncertainty: 2.7236, uncertainty_coeffi: 0.0010, loss: 0.1131, lr: 1.73e-04
     Epoch[7] Iteration[340/497], entropy: 0.1850, uncertainty: 2.7274, uncertainty_coeffi: 0.0010, loss: 0.0669, lr: 1.73e-04
     Epoch[7] Iteration[350/497], entropy: 0.2183, uncertainty: 2.6565, uncertainty_coeffi: 0.0010, loss: 0.0833, lr: 1.73e-04
     Epoch[7] Iteration[360/497], entropy: 0.2884, uncertainty: 2.4616, uncertainty_coeffi: 0.0010, loss: 0.1344, lr: 1.73e-04
     Epoch[7] Iteration[370/497], entropy: 0.3495, uncertainty: 2.5898, uncertainty_coeffi: 0.0010, loss: 0.1499, lr: 1.73e-04
     Epoch[7] Iteration[380/497], entropy: 0.1858, uncertainty: 2.3576, uncertainty_coeffi: 0.0010, loss: 0.0902, lr: 1.73e-04
     Epoch[7] Iteration[390/497], entropy: 0.2063, uncertainty: 2.4670, uncertainty_coeffi: 0.0010, loss: 0.1167, lr: 1.73e-04
     Epoch[7] Iteration[400/497], entropy: 0.2874, uncertainty: 2.4797, uncertainty_coeffi: 0.0010, loss: 0.1332, lr: 1.73e-04
     Epoch[7] Iteration[410/497], entropy: 0.1613, uncertainty: 2.8583, uncertainty_coeffi: 0.0010, loss: 0.0661, lr: 1.73e-04
     Epoch[7] Iteration[420/497], entropy: 0.1132, uncertainty: 2.2456, uncertainty_coeffi: 0.0010, loss: 0.0600, lr: 1.73e-04
     Epoch[7] Iteration[430/497], entropy: 0.2228, uncertainty: 3.0350, uncertainty_coeffi: 0.0010, loss: 0.0978, lr: 1.73e-04
     Epoch[7] Iteration[440/497], entropy: 0.1979, uncertainty: 2.4544, uncertainty_coeffi: 0.0010, loss: 0.1133, lr: 1.73e-04
     Epoch[7] Iteration[450/497], entropy: 0.1457, uncertainty: 2.5371, uncertainty_coeffi: 0.0010, loss: 0.0701, lr: 1.73e-04
     Epoch[7] Iteration[460/497], entropy: 0.1875, uncertainty: 2.7542, uncertainty_coeffi: 0.0010, loss: 0.0880, lr: 1.73e-04
     Epoch[7] Iteration[470/497], entropy: 0.2045, uncertainty: 2.8336, uncertainty_coeffi: 0.0010, loss: 0.0959, lr: 1.73e-04
     Epoch[7] Iteration[480/497], entropy: 0.1757, uncertainty: 2.5963, uncertainty_coeffi: 0.0010, loss: 0.0860, lr: 1.73e-04
     Epoch[7] Iteration[490/497], entropy: 0.2659, uncertainty: 2.4190, uncertainty_coeffi: 0.0010, loss: 0.1439, lr: 1.73e-04
     Averaged stats: entropy_avg: 0.2075, uncertainty_avg: 2.6783, uncertainty_coeffi_avg: 0.0010, loss_avg: 0.0951, lr_avg: 1.73e-04
     itm tta time 0:00:50
     Epoch[8] Iteration[10/497], entropy: 0.2303, uncertainty: 2.8495, uncertainty_coeffi: 0.0010, loss: 0.0874, lr: 5.00e-04
     Epoch[8] Iteration[20/497], entropy: 0.1708, uncertainty: 2.9381, uncertainty_coeffi: 0.0010, loss: 0.0670, lr: 5.00e-04
     Epoch[8] Iteration[30/497], entropy: 0.2527, uncertainty: 2.6577, uncertainty_coeffi: 0.0010, loss: 0.1076, lr: 5.00e-04
     Epoch[8] Iteration[40/497], entropy: 0.2354, uncertainty: 3.1912, uncertainty_coeffi: 0.0010, loss: 0.0816, lr: 4.52e-04
     Epoch[8] Iteration[50/497], entropy: 0.2649, uncertainty: 2.9040, uncertainty_coeffi: 0.0010, loss: 0.1128, lr: 4.52e-04
     Epoch[8] Iteration[60/497], entropy: 0.2435, uncertainty: 2.8844, uncertainty_coeffi: 0.0010, loss: 0.1260, lr: 4.52e-04
     Epoch[8] Iteration[70/497], entropy: 0.1764, uncertainty: 2.4193, uncertainty_coeffi: 0.0010, loss: 0.1036, lr: 4.52e-04
     Epoch[8] Iteration[80/497], entropy: 0.2076, uncertainty: 2.2739, uncertainty_coeffi: 0.0010, loss: 0.1180, lr: 4.52e-04
     Epoch[8] Iteration[90/497], entropy: 0.1514, uncertainty: 3.2002, uncertainty_coeffi: 0.0010, loss: 0.0736, lr: 4.52e-04
     Epoch[8] Iteration[100/497], entropy: 0.1381, uncertainty: 2.3231, uncertainty_coeffi: 0.0010, loss: 0.0618, lr: 4.52e-04
     Epoch[8] Iteration[110/497], entropy: 0.2509, uncertainty: 2.7977, uncertainty_coeffi: 0.0010, loss: 0.1261, lr: 4.52e-04
     Epoch[8] Iteration[120/497], entropy: 0.2401, uncertainty: 3.0932, uncertainty_coeffi: 0.0010, loss: 0.1113, lr: 4.52e-04
     Epoch[8] Iteration[130/497], entropy: 0.1785, uncertainty: 2.2161, uncertainty_coeffi: 0.0010, loss: 0.1084, lr: 4.52e-04
     Epoch[8] Iteration[140/497], entropy: 0.1906, uncertainty: 2.5506, uncertainty_coeffi: 0.0010, loss: 0.0971, lr: 4.52e-04
     Epoch[8] Iteration[150/497], entropy: 0.1169, uncertainty: 2.6879, uncertainty_coeffi: 0.0010, loss: 0.0507, lr: 4.52e-04
     Epoch[8] Iteration[160/497], entropy: 0.2024, uncertainty: 2.5464, uncertainty_coeffi: 0.0010, loss: 0.0933, lr: 4.52e-04
     Epoch[8] Iteration[170/497], entropy: 0.2217, uncertainty: 2.9042, uncertainty_coeffi: 0.0010, loss: 0.1158, lr: 4.52e-04
     Epoch[8] Iteration[180/497], entropy: 0.2420, uncertainty: 3.2444, uncertainty_coeffi: 0.0010, loss: 0.0824, lr: 4.52e-04
     Epoch[8] Iteration[190/497], entropy: 0.2396, uncertainty: 2.9294, uncertainty_coeffi: 0.0010, loss: 0.1207, lr: 4.52e-04
     Epoch[8] Iteration[200/497], entropy: 0.2174, uncertainty: 2.8463, uncertainty_coeffi: 0.0010, loss: 0.0930, lr: 4.52e-04
     Epoch[8] Iteration[210/497], entropy: 0.1926, uncertainty: 2.9512, uncertainty_coeffi: 0.0010, loss: 0.0920, lr: 4.52e-04
     Epoch[8] Iteration[220/497], entropy: 0.2385, uncertainty: 2.6801, uncertainty_coeffi: 0.0010, loss: 0.1028, lr: 4.52e-04
     Epoch[8] Iteration[230/497], entropy: 0.3133, uncertainty: 2.4207, uncertainty_coeffi: 0.0010, loss: 0.1591, lr: 4.52e-04
     Epoch[8] Iteration[240/497], entropy: 0.1859, uncertainty: 2.5259, uncertainty_coeffi: 0.0010, loss: 0.1131, lr: 4.52e-04
     Epoch[8] Iteration[250/497], entropy: 0.1916, uncertainty: 2.1142, uncertainty_coeffi: 0.0010, loss: 0.1014, lr: 4.52e-04
     Epoch[8] Iteration[260/497], entropy: 0.2433, uncertainty: 3.0191, uncertainty_coeffi: 0.0010, loss: 0.0949, lr: 4.52e-04
     Epoch[8] Iteration[270/497], entropy: 0.1984, uncertainty: 3.6008, uncertainty_coeffi: 0.0010, loss: 0.0791, lr: 4.52e-04
     Epoch[8] Iteration[280/497], entropy: 0.2702, uncertainty: 2.6794, uncertainty_coeffi: 0.0010, loss: 0.1349, lr: 4.52e-04
     Epoch[8] Iteration[290/497], entropy: 0.1788, uncertainty: 2.8025, uncertainty_coeffi: 0.0010, loss: 0.0901, lr: 4.52e-04
     Epoch[8] Iteration[300/497], entropy: 0.2859, uncertainty: 2.7060, uncertainty_coeffi: 0.0010, loss: 0.1455, lr: 4.52e-04
     Epoch[8] Iteration[310/497], entropy: 0.2040, uncertainty: 2.6446, uncertainty_coeffi: 0.0010, loss: 0.0786, lr: 4.52e-04
     Epoch[8] Iteration[320/497], entropy: 0.2175, uncertainty: 2.7827, uncertainty_coeffi: 0.0010, loss: 0.1060, lr: 4.52e-04
     Epoch[8] Iteration[330/497], entropy: 0.1602, uncertainty: 2.6599, uncertainty_coeffi: 0.0010, loss: 0.0861, lr: 4.52e-04
     Epoch[8] Iteration[340/497], entropy: 0.1886, uncertainty: 2.3664, uncertainty_coeffi: 0.0010, loss: 0.0806, lr: 4.52e-04
     Epoch[8] Iteration[350/497], entropy: 0.2242, uncertainty: 2.1624, uncertainty_coeffi: 0.0010, loss: 0.1290, lr: 4.52e-04
     Epoch[8] Iteration[360/497], entropy: 0.1752, uncertainty: 2.8479, uncertainty_coeffi: 0.0010, loss: 0.0857, lr: 4.52e-04
     Epoch[8] Iteration[370/497], entropy: 0.1095, uncertainty: 2.5554, uncertainty_coeffi: 0.0010, loss: 0.0502, lr: 4.52e-04
     Epoch[8] Iteration[380/497], entropy: 0.1700, uncertainty: 2.9339, uncertainty_coeffi: 0.0010, loss: 0.0802, lr: 4.52e-04
     Epoch[8] Iteration[390/497], entropy: 0.2204, uncertainty: 2.7655, uncertainty_coeffi: 0.0010, loss: 0.0858, lr: 4.52e-04
     Epoch[8] Iteration[400/497], entropy: 0.1261, uncertainty: 2.5003, uncertainty_coeffi: 0.0010, loss: 0.0686, lr: 4.52e-04
     Epoch[8] Iteration[410/497], entropy: 0.1536, uncertainty: 2.6866, uncertainty_coeffi: 0.0010, loss: 0.1031, lr: 4.52e-04
     Epoch[8] Iteration[420/497], entropy: 0.1954, uncertainty: 2.6042, uncertainty_coeffi: 0.0010, loss: 0.0947, lr: 4.52e-04
     Epoch[8] Iteration[430/497], entropy: 0.2730, uncertainty: 2.5482, uncertainty_coeffi: 0.0010, loss: 0.1321, lr: 4.52e-04
     Epoch[8] Iteration[440/497], entropy: 0.2126, uncertainty: 3.1562, uncertainty_coeffi: 0.0010, loss: 0.0820, lr: 4.52e-04
     Epoch[8] Iteration[450/497], entropy: 0.2146, uncertainty: 2.8338, uncertainty_coeffi: 0.0010, loss: 0.1081, lr: 4.52e-04
     Epoch[8] Iteration[460/497], entropy: 0.2433, uncertainty: 2.6370, uncertainty_coeffi: 0.0010, loss: 0.1164, lr: 4.52e-04
     Epoch[8] Iteration[470/497], entropy: 0.2637, uncertainty: 3.2516, uncertainty_coeffi: 0.0010, loss: 0.0968, lr: 4.52e-04
     Epoch[8] Iteration[480/497], entropy: 0.2874, uncertainty: 2.4599, uncertainty_coeffi: 0.0010, loss: 0.1487, lr: 4.52e-04
     Epoch[8] Iteration[490/497], entropy: 0.1951, uncertainty: 2.8913, uncertainty_coeffi: 0.0010, loss: 0.0941, lr: 4.52e-04
     Averaged stats: entropy_avg: 0.2103, uncertainty_avg: 2.7397, uncertainty_coeffi_avg: 0.0010, loss_avg: 0.0995, lr_avg: 4.55e-04
     itm tta time 0:00:50
     Epoch[9] Iteration[10/497], entropy: 0.2064, uncertainty: 3.1100, uncertainty_coeffi: 0.0010, loss: 0.0944, lr: 4.77e-05
     Epoch[9] Iteration[20/497], entropy: 0.2134, uncertainty: 2.5069, uncertainty_coeffi: 0.0010, loss: 0.0814, lr: 4.77e-05
     Epoch[9] Iteration[30/497], entropy: 0.2002, uncertainty: 3.1607, uncertainty_coeffi: 0.0010, loss: 0.0648, lr: 4.77e-05
     Epoch[9] Iteration[40/497], entropy: 0.2859, uncertainty: 2.3985, uncertainty_coeffi: 0.0010, loss: 0.1717, lr: 4.77e-05
     Epoch[9] Iteration[50/497], entropy: 0.2528, uncertainty: 2.7174, uncertainty_coeffi: 0.0010, loss: 0.1093, lr: 4.77e-05
     Epoch[9] Iteration[60/497], entropy: 0.1896, uncertainty: 2.9162, uncertainty_coeffi: 0.0010, loss: 0.0710, lr: 4.77e-05
     Epoch[9] Iteration[70/497], entropy: 0.2819, uncertainty: 2.7191, uncertainty_coeffi: 0.0010, loss: 0.1164, lr: 4.77e-05
     Epoch[9] Iteration[80/497], entropy: 0.2037, uncertainty: 2.3864, uncertainty_coeffi: 0.0010, loss: 0.1063, lr: 4.77e-05
     Epoch[9] Iteration[90/497], entropy: 0.2283, uncertainty: 2.7904, uncertainty_coeffi: 0.0010, loss: 0.1016, lr: 4.77e-05
     Epoch[9] Iteration[100/497], entropy: 0.2084, uncertainty: 2.3097, uncertainty_coeffi: 0.0010, loss: 0.0835, lr: 4.77e-05
     Epoch[9] Iteration[110/497], entropy: 0.1608, uncertainty: 2.5683, uncertainty_coeffi: 0.0010, loss: 0.0855, lr: 4.77e-05
     Epoch[9] Iteration[120/497], entropy: 0.1911, uncertainty: 2.8782, uncertainty_coeffi: 0.0010, loss: 0.1024, lr: 4.77e-05
     Epoch[9] Iteration[130/497], entropy: 0.2175, uncertainty: 3.2625, uncertainty_coeffi: 0.0010, loss: 0.0840, lr: 4.77e-05
     Epoch[9] Iteration[140/497], entropy: 0.1748, uncertainty: 2.6879, uncertainty_coeffi: 0.0010, loss: 0.0883, lr: 4.77e-05
     Epoch[9] Iteration[150/497], entropy: 0.1797, uncertainty: 2.7482, uncertainty_coeffi: 0.0010, loss: 0.0924, lr: 4.77e-05
     Epoch[9] Iteration[160/497], entropy: 0.2260, uncertainty: 2.6495, uncertainty_coeffi: 0.0010, loss: 0.1037, lr: 4.77e-05
     Epoch[9] Iteration[170/497], entropy: 0.1619, uncertainty: 2.8238, uncertainty_coeffi: 0.0010, loss: 0.0696, lr: 4.77e-05
     Epoch[9] Iteration[180/497], entropy: 0.2700, uncertainty: 2.7193, uncertainty_coeffi: 0.0010, loss: 0.1174, lr: 4.77e-05
     Epoch[9] Iteration[190/497], entropy: 0.2186, uncertainty: 2.4849, uncertainty_coeffi: 0.0010, loss: 0.1222, lr: 4.77e-05
     Epoch[9] Iteration[200/497], entropy: 0.2435, uncertainty: 2.8566, uncertainty_coeffi: 0.0010, loss: 0.1210, lr: 4.77e-05
     Epoch[9] Iteration[210/497], entropy: 0.1794, uncertainty: 2.6731, uncertainty_coeffi: 0.0010, loss: 0.0918, lr: 4.77e-05
     Epoch[9] Iteration[220/497], entropy: 0.1973, uncertainty: 3.3937, uncertainty_coeffi: 0.0010, loss: 0.0811, lr: 4.77e-05
     Epoch[9] Iteration[230/497], entropy: 0.1711, uncertainty: 2.6958, uncertainty_coeffi: 0.0010, loss: 0.1024, lr: 4.77e-05
     Epoch[9] Iteration[240/497], entropy: 0.2963, uncertainty: 2.9655, uncertainty_coeffi: 0.0010, loss: 0.1092, lr: 4.77e-05
     Epoch[9] Iteration[250/497], entropy: 0.1573, uncertainty: 2.6572, uncertainty_coeffi: 0.0010, loss: 0.0694, lr: 4.77e-05
     Epoch[9] Iteration[260/497], entropy: 0.1496, uncertainty: 2.8572, uncertainty_coeffi: 0.0010, loss: 0.0644, lr: 4.77e-05
     Epoch[9] Iteration[270/497], entropy: 0.1922, uncertainty: 2.1615, uncertainty_coeffi: 0.0010, loss: 0.1162, lr: 4.77e-05
     Epoch[9] Iteration[280/497], entropy: 0.3460, uncertainty: 2.6302, uncertainty_coeffi: 0.0010, loss: 0.1708, lr: 4.77e-05
     Epoch[9] Iteration[290/497], entropy: 0.2723, uncertainty: 2.7273, uncertainty_coeffi: 0.0010, loss: 0.1049, lr: 4.77e-05
     Epoch[9] Iteration[300/497], entropy: 0.2039, uncertainty: 2.9291, uncertainty_coeffi: 0.0010, loss: 0.0784, lr: 4.77e-05
     Epoch[9] Iteration[310/497], entropy: 0.2542, uncertainty: 2.3902, uncertainty_coeffi: 0.0010, loss: 0.1246, lr: 4.77e-05
     Epoch[9] Iteration[320/497], entropy: 0.2212, uncertainty: 2.8693, uncertainty_coeffi: 0.0010, loss: 0.0876, lr: 4.77e-05
     Epoch[9] Iteration[330/497], entropy: 0.2621, uncertainty: 2.8449, uncertainty_coeffi: 0.0010, loss: 0.1128, lr: 4.77e-05
     Epoch[9] Iteration[340/497], entropy: 0.1569, uncertainty: 2.6466, uncertainty_coeffi: 0.0010, loss: 0.0762, lr: 4.77e-05
     Epoch[9] Iteration[350/497], entropy: 0.2386, uncertainty: 2.7786, uncertainty_coeffi: 0.0010, loss: 0.1221, lr: 4.77e-05
     Epoch[9] Iteration[360/497], entropy: 0.2048, uncertainty: 2.8750, uncertainty_coeffi: 0.0010, loss: 0.1099, lr: 4.77e-05
     Epoch[9] Iteration[370/497], entropy: 0.2242, uncertainty: 2.5426, uncertainty_coeffi: 0.0010, loss: 0.1198, lr: 4.77e-05
     Epoch[9] Iteration[380/497], entropy: 0.2203, uncertainty: 2.9071, uncertainty_coeffi: 0.0010, loss: 0.1005, lr: 4.77e-05
     Epoch[9] Iteration[390/497], entropy: 0.1893, uncertainty: 2.6841, uncertainty_coeffi: 0.0010, loss: 0.0946, lr: 4.77e-05
     Epoch[9] Iteration[400/497], entropy: 0.2495, uncertainty: 2.3496, uncertainty_coeffi: 0.0010, loss: 0.1345, lr: 4.77e-05
     Epoch[9] Iteration[410/497], entropy: 0.2362, uncertainty: 3.0379, uncertainty_coeffi: 0.0010, loss: 0.0845, lr: 4.77e-05
     Epoch[9] Iteration[420/497], entropy: 0.2199, uncertainty: 2.7896, uncertainty_coeffi: 0.0010, loss: 0.1074, lr: 4.77e-05
     Epoch[9] Iteration[430/497], entropy: 0.1752, uncertainty: 2.4139, uncertainty_coeffi: 0.0010, loss: 0.1076, lr: 4.77e-05
     Epoch[9] Iteration[440/497], entropy: 0.2283, uncertainty: 2.4984, uncertainty_coeffi: 0.0010, loss: 0.1238, lr: 4.77e-05
     Epoch[9] Iteration[450/497], entropy: 0.2429, uncertainty: 2.6529, uncertainty_coeffi: 0.0010, loss: 0.1334, lr: 4.77e-05
     Epoch[9] Iteration[460/497], entropy: 0.1678, uncertainty: 2.2643, uncertainty_coeffi: 0.0010, loss: 0.0937, lr: 4.77e-05
     Epoch[9] Iteration[470/497], entropy: 0.3101, uncertainty: 2.7070, uncertainty_coeffi: 0.0010, loss: 0.1166, lr: 4.77e-05
     Epoch[9] Iteration[480/497], entropy: 0.2498, uncertainty: 2.3044, uncertainty_coeffi: 0.0010, loss: 0.1454, lr: 4.77e-05
     Epoch[9] Iteration[490/497], entropy: 0.2007, uncertainty: 2.3559, uncertainty_coeffi: 0.0010, loss: 0.1001, lr: 4.77e-05
     Averaged stats: entropy_avg: 0.2190, uncertainty_avg: 2.6999, uncertainty_coeffi_avg: 0.0010, loss_avg: 0.1035, lr_avg: 4.77e-05
     itm tta time 0:00:50
### TTA Eval Score: 
+-------+--------+--------+--------+--------+-------+
| epoch |   R1   |   R5   |  R10   |  mAP   |  mINP |
+-------+--------+--------+--------+--------+-------+
|  -999 | 60.641 | 77.499 | 83.248 | 35.543 | 6.005 |
|   0   | 61.800 | 77.388 | 83.117 | 36.090 | 6.070 |
|   1   | 61.830 | 77.323 | 83.152 | 36.022 | 6.006 |
|   2   | 61.840 | 77.348 | 83.056 | 36.036 | 5.990 |
|   4   | 61.855 | 77.297 | 83.127 | 35.978 | 5.987 |
|   9   | 62.006 | 77.242 | 82.960 | 35.936 | 5.891 |
+-------+--------+--------+--------+--------+-------+
     logs:  {'epo': 9, 'R1': np.float32(62.006), 'R5': np.float32(77.242), 'R10': np.float32(82.96), 'mAP': np.float32(35.936), 'mINP': np.float32(5.891), 'entropy': 0.2190195610936807, 'uncertainty': 2.69994085662219, 'uncertainty_coeffi': 0.0010000000474974513, 'loss': 0.10347675425665719, 'lr': 4.774575140626743e-05}
### best epoch 9 : {'epo': '9', 'R1': '62.006', 'R5': '77.242', 'R10': '82.96', 'mAP': '35.936', 'mINP': '5.891', 'entropy': '0.2190195610936807', 'uncertainty': '2.69994085662219', 'uncertainty_coeffi': '0.0010000000474974513', 'loss': '0.10347675425665719', 'lr': '4.774575140626743e-05'}
### Time 0:16:22
