Not using distributed mode
### Hyper-parameters:
     output_dir: output_rerun2/ham_rstp_tta/exp8/exp8.5/2025091703473
     seed: 42
     device: cuda
     batch_size_tta: 32
     epochs: 60
     lr: 1e-05
### Creating test dataset
     test_txt_set: 2000    test_img_set: 1000
     test_txt_loader: 4    test_img_loader: 2
### Creating model
Training Model with ['sdm', 'id', 'mlm'] tasks
Resized position embedding from size:torch.Size([1, 197, 768]) to size: torch.Size([1, 193, 768]) with height:24 width: 8
     Total Params Sum:  190789493
### Zero-Shot Score: 
/home/jiahao/task/IRRA/tta.py:281: FutureWarning: `torch.cuda.amp.GradScaler(args...)` is deprecated. Please use `torch.amp.GradScaler('cuda', args...)` instead.
  scaler = GradScaler()  # bf16
+-------+--------+--------+--------+--------+--------+
| epoch |   R1   |   R5   |  R10   |  mAP   |  mINP  |
+-------+--------+--------+--------+--------+--------+
|  -999 | 59.500 | 80.050 | 87.050 | 44.116 | 20.549 |
+-------+--------+--------+--------+--------+--------+
### TTA:
### Compute Cos Similarity Uncertainty
     preprocess_tta_coefficients  start
     sample selection ...
     number of sample after sample_selection: 2000
     uncertainty ...
     pos/neg sampling ...
      number of sample after pos/neg sampling: torch.Size([2000, 4])
     preprocess_tta_coefficients  end
### Creating TTA dataset
     tta_dataset: 2000
### Creating tta dataloader
### be careful: func create_loader returns a list length of 1
     tta_loader: 62
### Configure adapted weights
     TTA Dropout Modules: 
 []
     TTA Require Gradient Params: 
 [('base_model.transformer.resblocks.1.ln_1.weight', torch.Size([512])), ('base_model.transformer.resblocks.1.ln_1.bias', torch.Size([512])), ('base_model.transformer.resblocks.1.ln_2.weight', torch.Size([512])), ('base_model.transformer.resblocks.1.ln_2.bias', torch.Size([512])), ('base_model.transformer.resblocks.2.ln_1.weight', torch.Size([512])), ('base_model.transformer.resblocks.2.ln_1.bias', torch.Size([512])), ('base_model.transformer.resblocks.2.ln_2.weight', torch.Size([512])), ('base_model.transformer.resblocks.2.ln_2.bias', torch.Size([512])), ('base_model.transformer.resblocks.3.ln_1.weight', torch.Size([512])), ('base_model.transformer.resblocks.3.ln_1.bias', torch.Size([512])), ('base_model.transformer.resblocks.3.ln_2.weight', torch.Size([512])), ('base_model.transformer.resblocks.3.ln_2.bias', torch.Size([512])), ('base_model.transformer.resblocks.4.ln_1.weight', torch.Size([512])), ('base_model.transformer.resblocks.4.ln_1.bias', torch.Size([512])), ('base_model.transformer.resblocks.4.ln_2.weight', torch.Size([512])), ('base_model.transformer.resblocks.4.ln_2.bias', torch.Size([512])), ('base_model.transformer.resblocks.5.ln_1.weight', torch.Size([512])), ('base_model.transformer.resblocks.5.ln_1.bias', torch.Size([512])), ('base_model.transformer.resblocks.5.ln_2.weight', torch.Size([512])), ('base_model.transformer.resblocks.5.ln_2.bias', torch.Size([512])), ('base_model.transformer.resblocks.7.ln_1.weight', torch.Size([512])), ('base_model.transformer.resblocks.7.ln_1.bias', torch.Size([512])), ('base_model.transformer.resblocks.7.ln_2.weight', torch.Size([512])), ('base_model.transformer.resblocks.7.ln_2.bias', torch.Size([512])), ('base_model.transformer.resblocks.8.ln_1.weight', torch.Size([512])), ('base_model.transformer.resblocks.8.ln_1.bias', torch.Size([512])), ('base_model.transformer.resblocks.8.ln_2.weight', torch.Size([512])), ('base_model.transformer.resblocks.8.ln_2.bias', torch.Size([512])), ('base_model.transformer.resblocks.9.ln_1.weight', torch.Size([512])), ('base_model.transformer.resblocks.9.ln_1.bias', torch.Size([512])), ('base_model.transformer.resblocks.9.ln_2.weight', torch.Size([512])), ('base_model.transformer.resblocks.9.ln_2.bias', torch.Size([512])), ('base_model.transformer.resblocks.10.ln_1.weight', torch.Size([512])), ('base_model.transformer.resblocks.10.ln_1.bias', torch.Size([512])), ('base_model.transformer.resblocks.10.ln_2.weight', torch.Size([512])), ('base_model.transformer.resblocks.10.ln_2.bias', torch.Size([512])), ('base_model.transformer.resblocks.11.ln_1.weight', torch.Size([512])), ('base_model.transformer.resblocks.11.ln_1.bias', torch.Size([512])), ('base_model.transformer.resblocks.11.ln_2.weight', torch.Size([512])), ('base_model.transformer.resblocks.11.ln_2.bias', torch.Size([512])), ('base_model.ln_final.weight', torch.Size([512])), ('base_model.ln_final.bias', torch.Size([512]))]
     TTA Dropout Modules Number: 
 0
     TTA Require Gradient Params Sum: 
 21504
Using 5.0 times learning rate for random init module 
### Start Test Time Adaptation : num_epoch = 60
/home/jiahao/task/IRRA/tta.py:67: FutureWarning: `torch.cuda.amp.autocast(args...)` is deprecated. Please use `torch.amp.autocast('cuda', args...)` instead.
  with torch.cuda.amp.autocast(enabled=True):
     Epoch[0] Iteration[10/62], entropy: 0.2917, uncertainty: 5.6106, uncertainty_coeffi: 0.0001, loss: 0.0512, lr: 9.80e-06
     Epoch[0] Iteration[20/62], entropy: 0.4251, uncertainty: 5.2003, uncertainty_coeffi: 0.0001, loss: 0.0947, lr: 8.27e-06
     Epoch[0] Iteration[30/62], entropy: 0.3217, uncertainty: 5.4522, uncertainty_coeffi: 0.0001, loss: 0.0872, lr: 5.71e-06
     Epoch[0] Iteration[40/62], entropy: 0.3266, uncertainty: 5.4950, uncertainty_coeffi: 0.0001, loss: 0.0818, lr: 2.92e-06
     Epoch[0] Iteration[50/62], entropy: 0.2690, uncertainty: 5.3630, uncertainty_coeffi: 0.0001, loss: 0.0478, lr: 7.94e-07
     Epoch[0] Iteration[60/62], entropy: 0.4106, uncertainty: 5.0878, uncertainty_coeffi: 0.0001, loss: 0.1068, lr: 0.00e+00
     Averaged stats: entropy_avg: 0.3408, uncertainty_avg: 5.3681, uncertainty_coeffi_avg: 0.0001, loss_avg: 0.0782, lr_avg: 4.58e-06
     itm tta time 0:00:12
### TTA Eval Score: 
+-------+--------+--------+--------+--------+--------+
| epoch |   R1   |   R5   |  R10   |  mAP   |  mINP  |
+-------+--------+--------+--------+--------+--------+
|  -999 | 59.500 | 80.050 | 87.050 | 44.116 | 20.549 |
|   0   | 59.550 | 80.100 | 87.050 | 44.128 | 20.547 |
+-------+--------+--------+--------+--------+--------+
     logs:  {'epo': 0, 'R1': np.float32(59.55), 'R5': np.float32(80.1), 'R10': np.float32(87.05), 'mAP': np.float32(44.128), 'mINP': np.float32(20.547), 'entropy': 0.34077347815036774, 'uncertainty': 5.36814014116923, 'uncertainty_coeffi': 9.999999747378752e-05, 'loss': 0.07823803337911765, 'lr': 4.583333333333334e-06}
     Epoch[1] Iteration[10/62], entropy: 0.3098, uncertainty: 5.5637, uncertainty_coeffi: 0.0001, loss: 0.0706, lr: 1.13e-06
     Epoch[1] Iteration[20/62], entropy: 0.3354, uncertainty: 5.7224, uncertainty_coeffi: 0.0001, loss: 0.0601, lr: 3.45e-06
     Epoch[1] Iteration[30/62], entropy: 0.2609, uncertainty: 5.9517, uncertainty_coeffi: 0.0001, loss: 0.0517, lr: 6.27e-06
     Epoch[1] Iteration[40/62], entropy: 0.1990, uncertainty: 5.6547, uncertainty_coeffi: 0.0001, loss: 0.0306, lr: 8.68e-06
     Epoch[1] Iteration[50/62], entropy: 0.3266, uncertainty: 5.4967, uncertainty_coeffi: 0.0001, loss: 0.0649, lr: 9.93e-06
     Epoch[1] Iteration[60/62], entropy: 0.4438, uncertainty: 5.7729, uncertainty_coeffi: 0.0001, loss: 0.0814, lr: 9.61e-06
     Averaged stats: entropy_avg: 0.3126, uncertainty_avg: 5.6937, uncertainty_coeffi_avg: 0.0001, loss_avg: 0.0599, lr_avg: 6.51e-06
     itm tta time 0:00:12
### TTA Eval Score: 
+-------+--------+--------+--------+--------+--------+
| epoch |   R1   |   R5   |  R10   |  mAP   |  mINP  |
+-------+--------+--------+--------+--------+--------+
|  -999 | 59.500 | 80.050 | 87.050 | 44.116 | 20.549 |
|   0   | 59.550 | 80.100 | 87.050 | 44.128 | 20.547 |
|   1   | 59.550 | 80.100 | 87.050 | 44.141 | 20.568 |
+-------+--------+--------+--------+--------+--------+
     logs:  {'epo': 1, 'R1': np.float32(59.55), 'R5': np.float32(80.1), 'R10': np.float32(87.05), 'mAP': np.float32(44.141), 'mINP': np.float32(20.568), 'entropy': 0.31259910265604657, 'uncertainty': 5.693665504455566, 'uncertainty_coeffi': 9.999999747378752e-05, 'loss': 0.05988320459922155, 'lr': 6.511898630015339e-06}
     Epoch[2] Iteration[10/62], entropy: 0.3099, uncertainty: 6.1785, uncertainty_coeffi: 0.0001, loss: 0.0772, lr: 7.33e-06
     Epoch[2] Iteration[20/62], entropy: 0.3808, uncertainty: 5.3341, uncertainty_coeffi: 0.0001, loss: 0.0638, lr: 4.57e-06
     Epoch[2] Iteration[30/62], entropy: 0.2655, uncertainty: 5.8153, uncertainty_coeffi: 0.0001, loss: 0.0587, lr: 1.95e-06
     Epoch[2] Iteration[40/62], entropy: 0.3236, uncertainty: 5.5510, uncertainty_coeffi: 0.0001, loss: 0.0552, lr: 2.91e-07
     Epoch[2] Iteration[50/62], entropy: 0.3083, uncertainty: 5.5022, uncertainty_coeffi: 0.0001, loss: 0.0672, lr: 1.30e-07
     Epoch[2] Iteration[60/62], entropy: 0.2829, uncertainty: 5.2889, uncertainty_coeffi: 0.0001, loss: 0.0569, lr: 1.52e-06
     Averaged stats: entropy_avg: 0.3118, uncertainty_avg: 5.6117, uncertainty_coeffi_avg: 0.0001, loss_avg: 0.0632, lr_avg: 2.63e-06
     itm tta time 0:00:12
### TTA Eval Score: 
+-------+--------+--------+--------+--------+--------+
| epoch |   R1   |   R5   |  R10   |  mAP   |  mINP  |
+-------+--------+--------+--------+--------+--------+
|  -999 | 59.500 | 80.050 | 87.050 | 44.116 | 20.549 |
|   0   | 59.550 | 80.100 | 87.050 | 44.128 | 20.547 |
|   1   | 59.550 | 80.100 | 87.050 | 44.141 | 20.568 |
|   2   | 59.600 | 80.100 | 87.050 | 44.151 | 20.550 |
+-------+--------+--------+--------+--------+--------+
     logs:  {'epo': 2, 'R1': np.float32(59.6), 'R5': np.float32(80.1), 'R10': np.float32(87.05), 'mAP': np.float32(44.151), 'mINP': np.float32(20.55), 'entropy': 0.3118389348189036, 'uncertainty': 5.6116727987925215, 'uncertainty_coeffi': 9.999999747378752e-05, 'loss': 0.06316896093388398, 'lr': 2.631375488228537e-06}
     Epoch[3] Iteration[10/62], entropy: 0.3274, uncertainty: 5.2139, uncertainty_coeffi: 0.0001, loss: 0.0673, lr: 4.57e-06
     Epoch[3] Iteration[20/62], entropy: 0.3246, uncertainty: 5.8762, uncertainty_coeffi: 0.0001, loss: 0.0546, lr: 7.33e-06
     Epoch[3] Iteration[30/62], entropy: 0.3076, uncertainty: 5.7302, uncertainty_coeffi: 0.0001, loss: 0.0519, lr: 9.35e-06
     Epoch[3] Iteration[40/62], entropy: 0.3072, uncertainty: 5.2139, uncertainty_coeffi: 0.0001, loss: 0.0515, lr: 9.99e-06
     Epoch[3] Iteration[50/62], entropy: 0.4059, uncertainty: 6.1993, uncertainty_coeffi: 0.0001, loss: 0.0675, lr: 9.05e-06
     Epoch[3] Iteration[60/62], entropy: 0.3693, uncertainty: 5.3523, uncertainty_coeffi: 0.0001, loss: 0.0635, lr: 6.81e-06
     Averaged stats: entropy_avg: 0.3403, uncertainty_avg: 5.5976, uncertainty_coeffi_avg: 0.0001, loss_avg: 0.0594, lr_avg: 7.85e-06
     itm tta time 0:00:12
     Epoch[4] Iteration[10/62], entropy: 0.2533, uncertainty: 5.9025, uncertainty_coeffi: 0.0001, loss: 0.0433, lr: 3.45e-06
     Epoch[4] Iteration[20/62], entropy: 0.2320, uncertainty: 4.9784, uncertainty_coeffi: 0.0001, loss: 0.0436, lr: 1.13e-06
     Epoch[4] Iteration[30/62], entropy: 0.3694, uncertainty: 5.5245, uncertainty_coeffi: 0.0001, loss: 0.0683, lr: 3.26e-08
     Epoch[4] Iteration[40/62], entropy: 0.3333, uncertainty: 5.8262, uncertainty_coeffi: 0.0001, loss: 0.0671, lr: 5.13e-07
     Epoch[4] Iteration[50/62], entropy: 0.3554, uncertainty: 5.4729, uncertainty_coeffi: 0.0001, loss: 0.0605, lr: 2.42e-06
     Epoch[4] Iteration[60/62], entropy: 0.2690, uncertainty: 4.9098, uncertainty_coeffi: 0.0001, loss: 0.0604, lr: 5.14e-06
     Averaged stats: entropy_avg: 0.3021, uncertainty_avg: 5.4357, uncertainty_coeffi_avg: 0.0001, loss_avg: 0.0572, lr_avg: 2.12e-06
     itm tta time 0:00:12
### TTA Eval Score: 
+-------+--------+--------+--------+--------+--------+
| epoch |   R1   |   R5   |  R10   |  mAP   |  mINP  |
+-------+--------+--------+--------+--------+--------+
|  -999 | 59.500 | 80.050 | 87.050 | 44.116 | 20.549 |
|   0   | 59.550 | 80.100 | 87.050 | 44.128 | 20.547 |
|   1   | 59.550 | 80.100 | 87.050 | 44.141 | 20.568 |
|   2   | 59.600 | 80.100 | 87.050 | 44.151 | 20.550 |
|   4   | 59.550 | 80.100 | 87.050 | 44.174 | 20.585 |
+-------+--------+--------+--------+--------+--------+
     logs:  {'epo': 4, 'R1': np.float32(59.55), 'R5': np.float32(80.1), 'R10': np.float32(87.05), 'mAP': np.float32(44.174), 'mINP': np.float32(20.585), 'entropy': 0.3020807032783826, 'uncertainty': 5.435729742050171, 'uncertainty_coeffi': 9.999999747378752e-05, 'loss': 0.05719465265671412, 'lr': 2.1150998500839943e-06}
     Epoch[5] Iteration[10/62], entropy: 0.4019, uncertainty: 5.6544, uncertainty_coeffi: 0.0001, loss: 0.0781, lr: 8.27e-06
     Epoch[5] Iteration[20/62], entropy: 0.2318, uncertainty: 4.4967, uncertainty_coeffi: 0.0001, loss: 0.0651, lr: 9.80e-06
     Epoch[5] Iteration[30/62], entropy: 0.3120, uncertainty: 5.7639, uncertainty_coeffi: 0.0001, loss: 0.0587, lr: 9.80e-06
     Epoch[5] Iteration[40/62], entropy: 0.3864, uncertainty: 5.8858, uncertainty_coeffi: 0.0001, loss: 0.0681, lr: 8.27e-06
     Epoch[5] Iteration[50/62], entropy: 0.2312, uncertainty: 5.3347, uncertainty_coeffi: 0.0001, loss: 0.0479, lr: 5.71e-06
     Epoch[5] Iteration[60/62], entropy: 0.2288, uncertainty: 5.2573, uncertainty_coeffi: 0.0001, loss: 0.0426, lr: 2.92e-06
     Averaged stats: entropy_avg: 0.2987, uncertainty_avg: 5.3988, uncertainty_coeffi_avg: 0.0001, loss_avg: 0.0601, lr_avg: 7.46e-06
     itm tta time 0:00:12
     Epoch[6] Iteration[10/62], entropy: 0.3359, uncertainty: 5.4192, uncertainty_coeffi: 0.0001, loss: 0.0734, lr: 5.13e-07
     Epoch[6] Iteration[20/62], entropy: 0.2590, uncertainty: 5.9006, uncertainty_coeffi: 0.0001, loss: 0.0443, lr: 3.26e-08
     Epoch[6] Iteration[30/62], entropy: 0.3477, uncertainty: 5.7019, uncertainty_coeffi: 0.0001, loss: 0.0596, lr: 1.13e-06
     Epoch[6] Iteration[40/62], entropy: 0.3053, uncertainty: 5.4969, uncertainty_coeffi: 0.0001, loss: 0.0544, lr: 3.45e-06
     Epoch[6] Iteration[50/62], entropy: 0.1677, uncertainty: 4.8347, uncertainty_coeffi: 0.0001, loss: 0.0576, lr: 6.27e-06
     Epoch[6] Iteration[60/62], entropy: 0.2127, uncertainty: 4.8754, uncertainty_coeffi: 0.0001, loss: 0.0511, lr: 8.68e-06
     Averaged stats: entropy_avg: 0.2714, uncertainty_avg: 5.3714, uncertainty_coeffi_avg: 0.0001, loss_avg: 0.0567, lr_avg: 3.35e-06
     itm tta time 0:00:12
     Epoch[7] Iteration[10/62], entropy: 0.4949, uncertainty: 5.7206, uncertainty_coeffi: 0.0001, loss: 0.1098, lr: 9.99e-06
     Epoch[7] Iteration[20/62], entropy: 0.2953, uncertainty: 5.7341, uncertainty_coeffi: 0.0001, loss: 0.0558, lr: 9.35e-06
     Epoch[7] Iteration[30/62], entropy: 0.3521, uncertainty: 4.9592, uncertainty_coeffi: 0.0001, loss: 0.0782, lr: 7.33e-06
     Epoch[7] Iteration[40/62], entropy: 0.2498, uncertainty: 5.6375, uncertainty_coeffi: 0.0001, loss: 0.0406, lr: 4.57e-06
     Epoch[7] Iteration[50/62], entropy: 0.3356, uncertainty: 5.7924, uncertainty_coeffi: 0.0001, loss: 0.0620, lr: 1.95e-06
     Epoch[7] Iteration[60/62], entropy: 0.3463, uncertainty: 5.8280, uncertainty_coeffi: 0.0001, loss: 0.0721, lr: 2.91e-07
     Averaged stats: entropy_avg: 0.3457, uncertainty_avg: 5.6120, uncertainty_coeffi_avg: 0.0001, loss_avg: 0.0697, lr_avg: 5.58e-06
     itm tta time 0:00:11
     Epoch[8] Iteration[10/62], entropy: 0.3630, uncertainty: 5.8062, uncertainty_coeffi: 0.0001, loss: 0.0592, lr: 2.91e-07
     Epoch[8] Iteration[20/62], entropy: 0.3200, uncertainty: 5.7007, uncertainty_coeffi: 0.0001, loss: 0.0522, lr: 1.95e-06
     Epoch[8] Iteration[30/62], entropy: 0.2544, uncertainty: 5.7970, uncertainty_coeffi: 0.0001, loss: 0.0404, lr: 4.57e-06
     Epoch[8] Iteration[40/62], entropy: 0.3388, uncertainty: 5.1788, uncertainty_coeffi: 0.0001, loss: 0.0733, lr: 7.33e-06
     Epoch[8] Iteration[50/62], entropy: 0.2941, uncertainty: 5.6296, uncertainty_coeffi: 0.0001, loss: 0.0754, lr: 9.35e-06
     Epoch[8] Iteration[60/62], entropy: 0.2873, uncertainty: 5.6768, uncertainty_coeffi: 0.0001, loss: 0.0673, lr: 9.99e-06
     Averaged stats: entropy_avg: 0.3096, uncertainty_avg: 5.6315, uncertainty_coeffi_avg: 0.0001, loss_avg: 0.0613, lr_avg: 5.58e-06
     itm tta time 0:00:13
     Epoch[9] Iteration[10/62], entropy: 0.3683, uncertainty: 5.2600, uncertainty_coeffi: 0.0001, loss: 0.0728, lr: 8.68e-06
     Epoch[9] Iteration[20/62], entropy: 0.3481, uncertainty: 5.1354, uncertainty_coeffi: 0.0001, loss: 0.1021, lr: 6.27e-06
     Epoch[9] Iteration[30/62], entropy: 0.4276, uncertainty: 5.7560, uncertainty_coeffi: 0.0001, loss: 0.0764, lr: 3.45e-06
     Epoch[9] Iteration[40/62], entropy: 0.1868, uncertainty: 5.9956, uncertainty_coeffi: 0.0001, loss: 0.0294, lr: 1.13e-06
     Epoch[9] Iteration[50/62], entropy: 0.3309, uncertainty: 5.3567, uncertainty_coeffi: 0.0001, loss: 0.0605, lr: 3.26e-08
     Epoch[9] Iteration[60/62], entropy: 0.2632, uncertainty: 4.8546, uncertainty_coeffi: 0.0001, loss: 0.0724, lr: 5.13e-07
     Averaged stats: entropy_avg: 0.3208, uncertainty_avg: 5.3931, uncertainty_coeffi_avg: 0.0001, loss_avg: 0.0689, lr_avg: 3.35e-06
     itm tta time 0:00:13
### TTA Eval Score: 
+-------+--------+--------+--------+--------+--------+
| epoch |   R1   |   R5   |  R10   |  mAP   |  mINP  |
+-------+--------+--------+--------+--------+--------+
|  -999 | 59.500 | 80.050 | 87.050 | 44.116 | 20.549 |
|   0   | 59.550 | 80.100 | 87.050 | 44.128 | 20.547 |
|   1   | 59.550 | 80.100 | 87.050 | 44.141 | 20.568 |
|   2   | 59.600 | 80.100 | 87.050 | 44.151 | 20.550 |
|   4   | 59.550 | 80.100 | 87.050 | 44.174 | 20.585 |
|   9   | 59.750 | 80.100 | 87.150 | 44.255 | 20.668 |
+-------+--------+--------+--------+--------+--------+
     logs:  {'epo': 9, 'R1': np.float32(59.75), 'R5': np.float32(80.1), 'R10': np.float32(87.15), 'mAP': np.float32(44.255), 'mINP': np.float32(20.668), 'entropy': 0.3208195020755132, 'uncertainty': 5.393052260080974, 'uncertainty_coeffi': 9.999999747378752e-05, 'loss': 0.06893032727142175, 'lr': 3.347433919179969e-06}
     Epoch[10] Iteration[10/62], entropy: 0.3080, uncertainty: 4.6890, uncertainty_coeffi: 0.0001, loss: 0.0773, lr: 2.92e-06
     Epoch[10] Iteration[20/62], entropy: 0.2710, uncertainty: 5.0738, uncertainty_coeffi: 0.0001, loss: 0.0629, lr: 5.71e-06
     Epoch[10] Iteration[30/62], entropy: 0.3186, uncertainty: 5.5024, uncertainty_coeffi: 0.0001, loss: 0.0790, lr: 8.27e-06
     Epoch[10] Iteration[40/62], entropy: 0.3775, uncertainty: 5.3322, uncertainty_coeffi: 0.0001, loss: 0.1124, lr: 9.80e-06
     Epoch[10] Iteration[50/62], entropy: 0.4514, uncertainty: 5.5511, uncertainty_coeffi: 0.0001, loss: 0.0911, lr: 9.80e-06
     Epoch[10] Iteration[60/62], entropy: 0.2464, uncertainty: 4.9177, uncertainty_coeffi: 0.0001, loss: 0.0461, lr: 8.27e-06
     Averaged stats: entropy_avg: 0.3288, uncertainty_avg: 5.1777, uncertainty_coeffi_avg: 0.0001, loss_avg: 0.0781, lr_avg: 7.46e-06
     itm tta time 0:00:13
     Epoch[11] Iteration[10/62], entropy: 0.3089, uncertainty: 5.0137, uncertainty_coeffi: 0.0001, loss: 0.0657, lr: 5.14e-06
     Epoch[11] Iteration[20/62], entropy: 0.3042, uncertainty: 5.5895, uncertainty_coeffi: 0.0001, loss: 0.0663, lr: 2.42e-06
     Epoch[11] Iteration[30/62], entropy: 0.3780, uncertainty: 5.9484, uncertainty_coeffi: 0.0001, loss: 0.0623, lr: 5.13e-07
     Epoch[11] Iteration[40/62], entropy: 0.2554, uncertainty: 5.3514, uncertainty_coeffi: 0.0001, loss: 0.0681, lr: 3.26e-08
     Epoch[11] Iteration[50/62], entropy: 0.2720, uncertainty: 5.3341, uncertainty_coeffi: 0.0001, loss: 0.0621, lr: 1.13e-06
     Epoch[11] Iteration[60/62], entropy: 0.4308, uncertainty: 5.0506, uncertainty_coeffi: 0.0001, loss: 0.0966, lr: 3.45e-06
     Averaged stats: entropy_avg: 0.3249, uncertainty_avg: 5.3813, uncertainty_coeffi_avg: 0.0001, loss_avg: 0.0702, lr_avg: 2.12e-06
     itm tta time 0:00:14
     Epoch[12] Iteration[10/62], entropy: 0.2493, uncertainty: 5.0782, uncertainty_coeffi: 0.0001, loss: 0.0725, lr: 6.81e-06
     Epoch[12] Iteration[20/62], entropy: 0.4139, uncertainty: 5.6585, uncertainty_coeffi: 0.0001, loss: 0.0724, lr: 9.05e-06
     Epoch[12] Iteration[30/62], entropy: 0.3344, uncertainty: 5.2126, uncertainty_coeffi: 0.0001, loss: 0.0819, lr: 9.99e-06
     Epoch[12] Iteration[40/62], entropy: 0.2777, uncertainty: 5.2049, uncertainty_coeffi: 0.0001, loss: 0.0549, lr: 9.35e-06
     Epoch[12] Iteration[50/62], entropy: 0.2849, uncertainty: 4.9259, uncertainty_coeffi: 0.0001, loss: 0.0562, lr: 7.33e-06
     Epoch[12] Iteration[60/62], entropy: 0.3249, uncertainty: 5.5209, uncertainty_coeffi: 0.0001, loss: 0.0584, lr: 4.57e-06
     Averaged stats: entropy_avg: 0.3142, uncertainty_avg: 5.2668, uncertainty_coeffi_avg: 0.0001, loss_avg: 0.0661, lr_avg: 7.85e-06
     itm tta time 0:00:13
     Epoch[13] Iteration[10/62], entropy: 0.3338, uncertainty: 5.1535, uncertainty_coeffi: 0.0001, loss: 0.0731, lr: 1.52e-06
     Epoch[13] Iteration[20/62], entropy: 0.3283, uncertainty: 5.5254, uncertainty_coeffi: 0.0001, loss: 0.0807, lr: 1.30e-07
     Epoch[13] Iteration[30/62], entropy: 0.4119, uncertainty: 4.9665, uncertainty_coeffi: 0.0001, loss: 0.0731, lr: 2.91e-07
     Epoch[13] Iteration[40/62], entropy: 0.3956, uncertainty: 6.3223, uncertainty_coeffi: 0.0001, loss: 0.0616, lr: 1.95e-06
     Epoch[13] Iteration[50/62], entropy: 0.3355, uncertainty: 5.8932, uncertainty_coeffi: 0.0001, loss: 0.0572, lr: 4.57e-06
     Epoch[13] Iteration[60/62], entropy: 0.2232, uncertainty: 5.3111, uncertainty_coeffi: 0.0001, loss: 0.0480, lr: 7.33e-06
     Averaged stats: entropy_avg: 0.3381, uncertainty_avg: 5.5287, uncertainty_coeffi_avg: 0.0001, loss_avg: 0.0656, lr_avg: 2.63e-06
     itm tta time 0:00:12
     Epoch[14] Iteration[10/62], entropy: 0.3005, uncertainty: 5.5394, uncertainty_coeffi: 0.0001, loss: 0.0552, lr: 9.61e-06
     Epoch[14] Iteration[20/62], entropy: 0.3995, uncertainty: 5.0151, uncertainty_coeffi: 0.0001, loss: 0.0985, lr: 9.93e-06
     Epoch[14] Iteration[30/62], entropy: 0.3122, uncertainty: 5.8444, uncertainty_coeffi: 0.0001, loss: 0.0562, lr: 8.68e-06
     Epoch[14] Iteration[40/62], entropy: 0.3152, uncertainty: 5.5895, uncertainty_coeffi: 0.0001, loss: 0.0650, lr: 6.27e-06
     Epoch[14] Iteration[50/62], entropy: 0.3101, uncertainty: 5.7577, uncertainty_coeffi: 0.0001, loss: 0.0552, lr: 3.45e-06
     Epoch[14] Iteration[60/62], entropy: 0.3434, uncertainty: 5.8760, uncertainty_coeffi: 0.0001, loss: 0.0531, lr: 1.13e-06
     Averaged stats: entropy_avg: 0.3302, uncertainty_avg: 5.6037, uncertainty_coeffi_avg: 0.0001, loss_avg: 0.0638, lr_avg: 6.51e-06
     itm tta time 0:00:12
### TTA Eval Score: 
+-------+--------+--------+--------+--------+--------+
| epoch |   R1   |   R5   |  R10   |  mAP   |  mINP  |
+-------+--------+--------+--------+--------+--------+
|  -999 | 59.500 | 80.050 | 87.050 | 44.116 | 20.549 |
|   0   | 59.550 | 80.100 | 87.050 | 44.128 | 20.547 |
|   1   | 59.550 | 80.100 | 87.050 | 44.141 | 20.568 |
|   2   | 59.600 | 80.100 | 87.050 | 44.151 | 20.550 |
|   4   | 59.550 | 80.100 | 87.050 | 44.174 | 20.585 |
|   9   | 59.750 | 80.100 | 87.150 | 44.255 | 20.668 |
|   14  | 59.900 | 80.100 | 87.150 | 44.310 | 20.701 |
+-------+--------+--------+--------+--------+--------+
     logs:  {'epo': 14, 'R1': np.float32(59.9), 'R5': np.float32(80.1), 'R10': np.float32(87.15), 'mAP': np.float32(44.31), 'mINP': np.float32(20.701), 'entropy': 0.33015913764635724, 'uncertainty': 5.603678305943807, 'uncertainty_coeffi': 9.999999747378752e-05, 'loss': 0.0638402911523978, 'lr': 6.511898630015337e-06}
     Epoch[15] Iteration[10/62], entropy: 0.2483, uncertainty: 5.5132, uncertainty_coeffi: 0.0001, loss: 0.0436, lr: 0.00e+00
     Epoch[15] Iteration[20/62], entropy: 0.3188, uncertainty: 5.1800, uncertainty_coeffi: 0.0001, loss: 0.0646, lr: 7.94e-07
     Epoch[15] Iteration[30/62], entropy: 0.5265, uncertainty: 5.7232, uncertainty_coeffi: 0.0001, loss: 0.1014, lr: 2.92e-06
     Epoch[15] Iteration[40/62], entropy: 0.2755, uncertainty: 5.0952, uncertainty_coeffi: 0.0001, loss: 0.0631, lr: 5.71e-06
     Epoch[15] Iteration[50/62], entropy: 0.4168, uncertainty: 6.0695, uncertainty_coeffi: 0.0001, loss: 0.0729, lr: 8.27e-06
     Epoch[15] Iteration[60/62], entropy: 0.3378, uncertainty: 5.0490, uncertainty_coeffi: 0.0001, loss: 0.0753, lr: 9.80e-06
     Averaged stats: entropy_avg: 0.3539, uncertainty_avg: 5.4383, uncertainty_coeffi_avg: 0.0001, loss_avg: 0.0701, lr_avg: 4.58e-06
     itm tta time 0:00:13
     Epoch[16] Iteration[10/62], entropy: 0.2052, uncertainty: 4.8062, uncertainty_coeffi: 0.0001, loss: 0.0363, lr: 9.61e-06
     Epoch[16] Iteration[20/62], entropy: 0.3101, uncertainty: 5.3865, uncertainty_coeffi: 0.0001, loss: 0.0762, lr: 7.82e-06
     Epoch[16] Iteration[30/62], entropy: 0.2897, uncertainty: 5.5811, uncertainty_coeffi: 0.0001, loss: 0.0556, lr: 5.14e-06
     Epoch[16] Iteration[40/62], entropy: 0.3786, uncertainty: 6.0068, uncertainty_coeffi: 0.0001, loss: 0.0769, lr: 2.42e-06
     Epoch[16] Iteration[50/62], entropy: 0.3936, uncertainty: 5.9483, uncertainty_coeffi: 0.0001, loss: 0.0729, lr: 5.13e-07
     Epoch[16] Iteration[60/62], entropy: 0.3033, uncertainty: 5.0764, uncertainty_coeffi: 0.0001, loss: 0.0586, lr: 3.26e-08
     Averaged stats: entropy_avg: 0.3134, uncertainty_avg: 5.4675, uncertainty_coeffi_avg: 0.0001, loss_avg: 0.0628, lr_avg: 4.26e-06
     itm tta time 0:00:12
     Epoch[17] Iteration[10/62], entropy: 0.3107, uncertainty: 4.7881, uncertainty_coeffi: 0.0001, loss: 0.0633, lr: 1.52e-06
     Epoch[17] Iteration[20/62], entropy: 0.3889, uncertainty: 5.5968, uncertainty_coeffi: 0.0001, loss: 0.0681, lr: 4.01e-06
     Epoch[17] Iteration[30/62], entropy: 0.2567, uncertainty: 5.1020, uncertainty_coeffi: 0.0001, loss: 0.0637, lr: 6.81e-06
     Epoch[17] Iteration[40/62], entropy: 0.2803, uncertainty: 5.5809, uncertainty_coeffi: 0.0001, loss: 0.0552, lr: 9.05e-06
     Epoch[17] Iteration[50/62], entropy: 0.3378, uncertainty: 5.2198, uncertainty_coeffi: 0.0001, loss: 0.0775, lr: 9.99e-06
     Epoch[17] Iteration[60/62], entropy: 0.4118, uncertainty: 5.5493, uncertainty_coeffi: 0.0001, loss: 0.0834, lr: 9.35e-06
     Averaged stats: entropy_avg: 0.3310, uncertainty_avg: 5.3061, uncertainty_coeffi_avg: 0.0001, loss_avg: 0.0685, lr_avg: 6.79e-06
     itm tta time 0:00:11
     Epoch[18] Iteration[10/62], entropy: 0.2541, uncertainty: 5.5066, uncertainty_coeffi: 0.0001, loss: 0.0484, lr: 6.81e-06
     Epoch[18] Iteration[20/62], entropy: 0.2894, uncertainty: 5.5970, uncertainty_coeffi: 0.0001, loss: 0.0451, lr: 4.01e-06
     Epoch[18] Iteration[30/62], entropy: 0.2997, uncertainty: 5.6431, uncertainty_coeffi: 0.0001, loss: 0.0581, lr: 1.52e-06
     Epoch[18] Iteration[40/62], entropy: 0.3915, uncertainty: 4.6995, uncertainty_coeffi: 0.0001, loss: 0.0984, lr: 1.30e-07
     Epoch[18] Iteration[50/62], entropy: 0.3178, uncertainty: 5.5139, uncertainty_coeffi: 0.0001, loss: 0.0575, lr: 2.91e-07
     Epoch[18] Iteration[60/62], entropy: 0.4377, uncertainty: 6.1628, uncertainty_coeffi: 0.0001, loss: 0.0687, lr: 1.95e-06
     Averaged stats: entropy_avg: 0.3317, uncertainty_avg: 5.5205, uncertainty_coeffi_avg: 0.0001, loss_avg: 0.0627, lr_avg: 2.45e-06
     itm tta time 0:00:12
     Epoch[19] Iteration[10/62], entropy: 0.3546, uncertainty: 5.8229, uncertainty_coeffi: 0.0001, loss: 0.0568, lr: 5.14e-06
     Epoch[19] Iteration[20/62], entropy: 0.3508, uncertainty: 5.6071, uncertainty_coeffi: 0.0001, loss: 0.0673, lr: 7.82e-06
     Epoch[19] Iteration[30/62], entropy: 0.3590, uncertainty: 5.4357, uncertainty_coeffi: 0.0001, loss: 0.0785, lr: 9.61e-06
     Epoch[19] Iteration[40/62], entropy: 0.3405, uncertainty: 5.5298, uncertainty_coeffi: 0.0001, loss: 0.0545, lr: 9.93e-06
     Epoch[19] Iteration[50/62], entropy: 0.2476, uncertainty: 5.2664, uncertainty_coeffi: 0.0001, loss: 0.0577, lr: 8.68e-06
     Epoch[19] Iteration[60/62], entropy: 0.2870, uncertainty: 5.5440, uncertainty_coeffi: 0.0001, loss: 0.0618, lr: 6.27e-06
     Averaged stats: entropy_avg: 0.3232, uncertainty_avg: 5.5343, uncertainty_coeffi_avg: 0.0001, loss_avg: 0.0627, lr_avg: 7.91e-06
     itm tta time 0:00:11
### TTA Eval Score: 
+-------+--------+--------+--------+--------+--------+
| epoch |   R1   |   R5   |  R10   |  mAP   |  mINP  |
+-------+--------+--------+--------+--------+--------+
|  -999 | 59.500 | 80.050 | 87.050 | 44.116 | 20.549 |
|   0   | 59.550 | 80.100 | 87.050 | 44.128 | 20.547 |
|   1   | 59.550 | 80.100 | 87.050 | 44.141 | 20.568 |
|   2   | 59.600 | 80.100 | 87.050 | 44.151 | 20.550 |
|   4   | 59.550 | 80.100 | 87.050 | 44.174 | 20.585 |
|   9   | 59.750 | 80.100 | 87.150 | 44.255 | 20.668 |
|   14  | 59.900 | 80.100 | 87.150 | 44.310 | 20.701 |
|   19  | 59.950 | 80.050 | 87.100 | 44.344 | 20.705 |
+-------+--------+--------+--------+--------+--------+
     logs:  {'epo': 19, 'R1': np.float32(59.95), 'R5': np.float32(80.05), 'R10': np.float32(87.1), 'mAP': np.float32(44.344), 'mINP': np.float32(20.705), 'entropy': 0.32324902961651486, 'uncertainty': 5.534314393997192, 'uncertainty_coeffi': 9.999999747378752e-05, 'loss': 0.06274667258063953, 'lr': 7.90869685891074e-06}
     Epoch[20] Iteration[10/62], entropy: 0.3386, uncertainty: 5.5091, uncertainty_coeffi: 0.0001, loss: 0.0630, lr: 2.92e-06
     Epoch[20] Iteration[20/62], entropy: 0.2478, uncertainty: 5.4213, uncertainty_coeffi: 0.0001, loss: 0.0583, lr: 7.94e-07
     Epoch[20] Iteration[30/62], entropy: 0.2681, uncertainty: 5.3165, uncertainty_coeffi: 0.0001, loss: 0.0493, lr: 0.00e+00
     Epoch[20] Iteration[40/62], entropy: 0.2400, uncertainty: 5.5463, uncertainty_coeffi: 0.0001, loss: 0.0413, lr: 7.94e-07
     Epoch[20] Iteration[50/62], entropy: 0.2855, uncertainty: 5.8978, uncertainty_coeffi: 0.0001, loss: 0.0485, lr: 2.92e-06
     Epoch[20] Iteration[60/62], entropy: 0.2681, uncertainty: 5.8299, uncertainty_coeffi: 0.0001, loss: 0.0413, lr: 5.71e-06
     Averaged stats: entropy_avg: 0.2747, uncertainty_avg: 5.5868, uncertainty_coeffi_avg: 0.0001, loss_avg: 0.0503, lr_avg: 2.19e-06
     itm tta time 0:00:12
     Epoch[21] Iteration[10/62], entropy: 0.2566, uncertainty: 5.2497, uncertainty_coeffi: 0.0001, loss: 0.0465, lr: 8.68e-06
     Epoch[21] Iteration[20/62], entropy: 0.3621, uncertainty: 5.8098, uncertainty_coeffi: 0.0001, loss: 0.0911, lr: 9.93e-06
     Epoch[21] Iteration[30/62], entropy: 0.4307, uncertainty: 5.7164, uncertainty_coeffi: 0.0001, loss: 0.0676, lr: 9.61e-06
     Epoch[21] Iteration[40/62], entropy: 0.1883, uncertainty: 5.4467, uncertainty_coeffi: 0.0001, loss: 0.0316, lr: 7.82e-06
     Epoch[21] Iteration[50/62], entropy: 0.3284, uncertainty: 5.2276, uncertainty_coeffi: 0.0001, loss: 0.0648, lr: 5.14e-06
     Epoch[21] Iteration[60/62], entropy: 0.3411, uncertainty: 4.5843, uncertainty_coeffi: 0.0001, loss: 0.1103, lr: 2.42e-06
     Averaged stats: entropy_avg: 0.3179, uncertainty_avg: 5.3391, uncertainty_coeffi_avg: 0.0001, loss_avg: 0.0686, lr_avg: 7.27e-06
     itm tta time 0:00:12
     Epoch[22] Iteration[10/62], entropy: 0.2758, uncertainty: 5.6186, uncertainty_coeffi: 0.0001, loss: 0.0616, lr: 2.91e-07
     Epoch[22] Iteration[20/62], entropy: 0.3159, uncertainty: 5.2713, uncertainty_coeffi: 0.0001, loss: 0.0833, lr: 1.30e-07
     Epoch[22] Iteration[30/62], entropy: 0.3543, uncertainty: 5.5135, uncertainty_coeffi: 0.0001, loss: 0.0816, lr: 1.52e-06
     Epoch[22] Iteration[40/62], entropy: 0.3056, uncertainty: 4.9539, uncertainty_coeffi: 0.0001, loss: 0.0566, lr: 4.01e-06
     Epoch[22] Iteration[50/62], entropy: 0.2291, uncertainty: 5.7074, uncertainty_coeffi: 0.0001, loss: 0.0445, lr: 6.81e-06
     Epoch[22] Iteration[60/62], entropy: 0.3731, uncertainty: 6.0485, uncertainty_coeffi: 0.0001, loss: 0.0594, lr: 9.05e-06
     Averaged stats: entropy_avg: 0.3090, uncertainty_avg: 5.5189, uncertainty_coeffi_avg: 0.0001, loss_avg: 0.0645, lr_avg: 3.63e-06
     itm tta time 0:00:12
     Epoch[23] Iteration[10/62], entropy: 0.3338, uncertainty: 5.6197, uncertainty_coeffi: 0.0001, loss: 0.0700, lr: 9.99e-06
     Epoch[23] Iteration[20/62], entropy: 0.3856, uncertainty: 5.3710, uncertainty_coeffi: 0.0001, loss: 0.1002, lr: 9.05e-06
     Epoch[23] Iteration[30/62], entropy: 0.2879, uncertainty: 5.9972, uncertainty_coeffi: 0.0001, loss: 0.0461, lr: 6.81e-06
     Epoch[23] Iteration[40/62], entropy: 0.3496, uncertainty: 5.4006, uncertainty_coeffi: 0.0001, loss: 0.0825, lr: 4.01e-06
     Epoch[23] Iteration[50/62], entropy: 0.3033, uncertainty: 5.6671, uncertainty_coeffi: 0.0001, loss: 0.0488, lr: 1.52e-06
     Epoch[23] Iteration[60/62], entropy: 0.3501, uncertainty: 5.4788, uncertainty_coeffi: 0.0001, loss: 0.0646, lr: 1.30e-07
     Averaged stats: entropy_avg: 0.3351, uncertainty_avg: 5.5891, uncertainty_coeffi_avg: 0.0001, loss_avg: 0.0687, lr_avg: 5.25e-06
     itm tta time 0:00:12
     Epoch[24] Iteration[10/62], entropy: 0.3298, uncertainty: 5.3539, uncertainty_coeffi: 0.0001, loss: 0.0711, lr: 5.13e-07
     Epoch[24] Iteration[20/62], entropy: 0.3194, uncertainty: 5.5848, uncertainty_coeffi: 0.0001, loss: 0.0575, lr: 2.42e-06
     Epoch[24] Iteration[30/62], entropy: 0.2918, uncertainty: 4.8763, uncertainty_coeffi: 0.0001, loss: 0.0662, lr: 5.14e-06
     Epoch[24] Iteration[40/62], entropy: 0.3266, uncertainty: 5.6666, uncertainty_coeffi: 0.0001, loss: 0.0602, lr: 7.82e-06
     Epoch[24] Iteration[50/62], entropy: 0.3932, uncertainty: 5.6873, uncertainty_coeffi: 0.0001, loss: 0.0689, lr: 9.61e-06
     Epoch[24] Iteration[60/62], entropy: 0.3479, uncertainty: 4.9728, uncertainty_coeffi: 0.0001, loss: 0.0835, lr: 9.93e-06
     Averaged stats: entropy_avg: 0.3348, uncertainty_avg: 5.3569, uncertainty_coeffi_avg: 0.0001, loss_avg: 0.0679, lr_avg: 5.90e-06
     itm tta time 0:00:12
     Epoch[25] Iteration[10/62], entropy: 0.3015, uncertainty: 5.9384, uncertainty_coeffi: 0.0001, loss: 0.0567, lr: 8.27e-06
     Epoch[25] Iteration[20/62], entropy: 0.3130, uncertainty: 5.5000, uncertainty_coeffi: 0.0001, loss: 0.0569, lr: 5.71e-06
     Epoch[25] Iteration[30/62], entropy: 0.2899, uncertainty: 5.5547, uncertainty_coeffi: 0.0001, loss: 0.0533, lr: 2.92e-06
     Epoch[25] Iteration[40/62], entropy: 0.2694, uncertainty: 5.5689, uncertainty_coeffi: 0.0001, loss: 0.0478, lr: 7.94e-07
     Epoch[25] Iteration[50/62], entropy: 0.2687, uncertainty: 5.7347, uncertainty_coeffi: 0.0001, loss: 0.0640, lr: 0.00e+00
     Epoch[25] Iteration[60/62], entropy: 0.2480, uncertainty: 5.6062, uncertainty_coeffi: 0.0001, loss: 0.0467, lr: 7.94e-07
     Averaged stats: entropy_avg: 0.2818, uncertainty_avg: 5.6505, uncertainty_coeffi_avg: 0.0001, loss_avg: 0.0542, lr_avg: 3.08e-06
     itm tta time 0:00:12
     Epoch[26] Iteration[10/62], entropy: 0.3341, uncertainty: 5.7662, uncertainty_coeffi: 0.0001, loss: 0.0720, lr: 3.45e-06
     Epoch[26] Iteration[20/62], entropy: 0.1975, uncertainty: 5.6042, uncertainty_coeffi: 0.0001, loss: 0.0377, lr: 6.27e-06
     Epoch[26] Iteration[30/62], entropy: 0.3359, uncertainty: 5.3292, uncertainty_coeffi: 0.0001, loss: 0.0678, lr: 8.68e-06
     Epoch[26] Iteration[40/62], entropy: 0.2481, uncertainty: 5.7850, uncertainty_coeffi: 0.0001, loss: 0.0397, lr: 9.93e-06
     Epoch[26] Iteration[50/62], entropy: 0.4367, uncertainty: 5.8316, uncertainty_coeffi: 0.0001, loss: 0.0769, lr: 9.61e-06
     Epoch[26] Iteration[60/62], entropy: 0.3957, uncertainty: 5.2305, uncertainty_coeffi: 0.0001, loss: 0.0727, lr: 7.82e-06
     Averaged stats: entropy_avg: 0.3247, uncertainty_avg: 5.5911, uncertainty_coeffi_avg: 0.0001, loss_avg: 0.0611, lr_avg: 7.63e-06
     itm tta time 0:00:12
     Epoch[27] Iteration[10/62], entropy: 0.3048, uncertainty: 5.5643, uncertainty_coeffi: 0.0001, loss: 0.0564, lr: 4.57e-06
     Epoch[27] Iteration[20/62], entropy: 0.3145, uncertainty: 5.8106, uncertainty_coeffi: 0.0001, loss: 0.0534, lr: 1.95e-06
     Epoch[27] Iteration[30/62], entropy: 0.2269, uncertainty: 5.4240, uncertainty_coeffi: 0.0001, loss: 0.0409, lr: 2.91e-07
     Epoch[27] Iteration[40/62], entropy: 0.1651, uncertainty: 5.7068, uncertainty_coeffi: 0.0001, loss: 0.0295, lr: 1.30e-07
     Epoch[27] Iteration[50/62], entropy: 0.2637, uncertainty: 5.0165, uncertainty_coeffi: 0.0001, loss: 0.0505, lr: 1.52e-06
     Epoch[27] Iteration[60/62], entropy: 0.2890, uncertainty: 5.3056, uncertainty_coeffi: 0.0001, loss: 0.0562, lr: 4.01e-06
     Averaged stats: entropy_avg: 0.2607, uncertainty_avg: 5.4713, uncertainty_coeffi_avg: 0.0001, loss_avg: 0.0478, lr_avg: 2.08e-06
     itm tta time 0:00:12
     Epoch[28] Iteration[10/62], entropy: 0.2985, uncertainty: 4.8614, uncertainty_coeffi: 0.0001, loss: 0.0678, lr: 7.33e-06
     Epoch[28] Iteration[20/62], entropy: 0.3470, uncertainty: 5.2480, uncertainty_coeffi: 0.0001, loss: 0.0676, lr: 9.35e-06
     Epoch[28] Iteration[30/62], entropy: 0.3270, uncertainty: 4.8880, uncertainty_coeffi: 0.0001, loss: 0.1044, lr: 9.99e-06
     Epoch[28] Iteration[40/62], entropy: 0.2984, uncertainty: 5.2827, uncertainty_coeffi: 0.0001, loss: 0.0599, lr: 9.05e-06
     Epoch[28] Iteration[50/62], entropy: 0.3105, uncertainty: 4.6475, uncertainty_coeffi: 0.0001, loss: 0.0826, lr: 6.81e-06
     Epoch[28] Iteration[60/62], entropy: 0.4015, uncertainty: 5.4573, uncertainty_coeffi: 0.0001, loss: 0.0927, lr: 4.01e-06
     Averaged stats: entropy_avg: 0.3305, uncertainty_avg: 5.0641, uncertainty_coeffi_avg: 0.0001, loss_avg: 0.0792, lr_avg: 7.76e-06
     itm tta time 0:00:12
     Epoch[29] Iteration[10/62], entropy: 0.3476, uncertainty: 5.2369, uncertainty_coeffi: 0.0001, loss: 0.0956, lr: 1.13e-06
     Epoch[29] Iteration[20/62], entropy: 0.3090, uncertainty: 5.7538, uncertainty_coeffi: 0.0001, loss: 0.0553, lr: 3.26e-08
     Epoch[29] Iteration[30/62], entropy: 0.2175, uncertainty: 5.1403, uncertainty_coeffi: 0.0001, loss: 0.0532, lr: 5.13e-07
     Epoch[29] Iteration[40/62], entropy: 0.3290, uncertainty: 5.5694, uncertainty_coeffi: 0.0001, loss: 0.0631, lr: 2.42e-06
     Epoch[29] Iteration[50/62], entropy: 0.2733, uncertainty: 5.7327, uncertainty_coeffi: 0.0001, loss: 0.0475, lr: 5.14e-06
     Epoch[29] Iteration[60/62], entropy: 0.3845, uncertainty: 5.5702, uncertainty_coeffi: 0.0001, loss: 0.0745, lr: 7.82e-06
     Averaged stats: entropy_avg: 0.3102, uncertainty_avg: 5.5006, uncertainty_coeffi_avg: 0.0001, loss_avg: 0.0649, lr_avg: 2.84e-06
     itm tta time 0:00:12
### TTA Eval Score: 
+-------+--------+--------+--------+--------+--------+
| epoch |   R1   |   R5   |  R10   |  mAP   |  mINP  |
+-------+--------+--------+--------+--------+--------+
|  -999 | 59.500 | 80.050 | 87.050 | 44.116 | 20.549 |
|   0   | 59.550 | 80.100 | 87.050 | 44.128 | 20.547 |
|   1   | 59.550 | 80.100 | 87.050 | 44.141 | 20.568 |
|   2   | 59.600 | 80.100 | 87.050 | 44.151 | 20.550 |
|   4   | 59.550 | 80.100 | 87.050 | 44.174 | 20.585 |
|   9   | 59.750 | 80.100 | 87.150 | 44.255 | 20.668 |
|   14  | 59.900 | 80.100 | 87.150 | 44.310 | 20.701 |
|   19  | 59.950 | 80.050 | 87.100 | 44.344 | 20.705 |
|   29  | 60.000 | 80.150 | 87.150 | 44.426 | 20.761 |
+-------+--------+--------+--------+--------+--------+
     logs:  {'epo': 29, 'R1': np.float32(60.0), 'R5': np.float32(80.15), 'R10': np.float32(87.15), 'mAP': np.float32(44.426), 'mINP': np.float32(20.761), 'entropy': 0.3101591318845749, 'uncertainty': 5.50057586034139, 'uncertainty_coeffi': 9.999999747378752e-05, 'loss': 0.06486933926741283, 'lr': 2.8429833611187526e-06}
     Epoch[30] Iteration[10/62], entropy: 0.3070, uncertainty: 5.3618, uncertainty_coeffi: 0.0001, loss: 0.0652, lr: 9.80e-06
     Epoch[30] Iteration[20/62], entropy: 0.2593, uncertainty: 4.6652, uncertainty_coeffi: 0.0001, loss: 0.0567, lr: 9.80e-06
     Epoch[30] Iteration[30/62], entropy: 0.3187, uncertainty: 5.3848, uncertainty_coeffi: 0.0001, loss: 0.0610, lr: 8.27e-06
     Epoch[30] Iteration[40/62], entropy: 0.3592, uncertainty: 5.8828, uncertainty_coeffi: 0.0001, loss: 0.0600, lr: 5.71e-06
     Epoch[30] Iteration[50/62], entropy: 0.2520, uncertainty: 4.9796, uncertainty_coeffi: 0.0001, loss: 0.0436, lr: 2.92e-06
     Epoch[30] Iteration[60/62], entropy: 0.3083, uncertainty: 4.9471, uncertainty_coeffi: 0.0001, loss: 0.0627, lr: 7.94e-07
     Averaged stats: entropy_avg: 0.3007, uncertainty_avg: 5.2035, uncertainty_coeffi_avg: 0.0001, loss_avg: 0.0582, lr_avg: 6.22e-06
     itm tta time 0:00:12
     Epoch[31] Iteration[10/62], entropy: 0.3995, uncertainty: 5.8258, uncertainty_coeffi: 0.0001, loss: 0.0652, lr: 3.26e-08
     Epoch[31] Iteration[20/62], entropy: 0.2840, uncertainty: 6.1258, uncertainty_coeffi: 0.0001, loss: 0.0441, lr: 1.13e-06
     Epoch[31] Iteration[30/62], entropy: 0.3117, uncertainty: 5.9309, uncertainty_coeffi: 0.0001, loss: 0.0652, lr: 3.45e-06
     Epoch[31] Iteration[40/62], entropy: 0.3521, uncertainty: 4.9536, uncertainty_coeffi: 0.0001, loss: 0.0883, lr: 6.27e-06
     Epoch[31] Iteration[50/62], entropy: 0.2648, uncertainty: 5.5583, uncertainty_coeffi: 0.0001, loss: 0.0529, lr: 8.68e-06
     Epoch[31] Iteration[60/62], entropy: 0.3429, uncertainty: 5.0831, uncertainty_coeffi: 0.0001, loss: 0.0861, lr: 9.93e-06
     Averaged stats: entropy_avg: 0.3258, uncertainty_avg: 5.5796, uncertainty_coeffi_avg: 0.0001, loss_avg: 0.0670, lr_avg: 4.92e-06
     itm tta time 0:00:12
     Epoch[32] Iteration[10/62], entropy: 0.2923, uncertainty: 4.8544, uncertainty_coeffi: 0.0001, loss: 0.0818, lr: 9.35e-06
     Epoch[32] Iteration[20/62], entropy: 0.3335, uncertainty: 5.8655, uncertainty_coeffi: 0.0001, loss: 0.0553, lr: 7.33e-06
     Epoch[32] Iteration[30/62], entropy: 0.2340, uncertainty: 5.0155, uncertainty_coeffi: 0.0001, loss: 0.0527, lr: 4.57e-06
     Epoch[32] Iteration[40/62], entropy: 0.4295, uncertainty: 6.1037, uncertainty_coeffi: 0.0001, loss: 0.0785, lr: 2.18e-06
     Epoch[32] Iteration[50/62], entropy: 0.3044, uncertainty: 5.2727, uncertainty_coeffi: 0.0001, loss: 0.0561, lr: 3.94e-07
     Epoch[32] Iteration[60/62], entropy: 0.3508, uncertainty: 5.5062, uncertainty_coeffi: 0.0001, loss: 0.0685, lr: 7.32e-08
     Averaged stats: entropy_avg: 0.3241, uncertainty_avg: 5.4364, uncertainty_coeffi_avg: 0.0001, loss_avg: 0.0655, lr_avg: 3.98e-06
     itm tta time 0:00:12
     Epoch[33] Iteration[10/62], entropy: 0.3926, uncertainty: 5.4308, uncertainty_coeffi: 0.0001, loss: 0.1124, lr: 1.73e-06
     Epoch[33] Iteration[20/62], entropy: 0.3487, uncertainty: 5.1749, uncertainty_coeffi: 0.0001, loss: 0.0730, lr: 4.29e-06
     Epoch[33] Iteration[30/62], entropy: 0.3270, uncertainty: 5.6907, uncertainty_coeffi: 0.0001, loss: 0.0708, lr: 7.08e-06
     Epoch[33] Iteration[40/62], entropy: 0.3241, uncertainty: 5.1688, uncertainty_coeffi: 0.0001, loss: 0.0591, lr: 9.21e-06
     Epoch[33] Iteration[50/62], entropy: 0.3492, uncertainty: 5.6640, uncertainty_coeffi: 0.0001, loss: 0.0639, lr: 1.00e-05
     Epoch[33] Iteration[60/62], entropy: 0.3824, uncertainty: 5.2976, uncertainty_coeffi: 0.0001, loss: 0.0743, lr: 9.21e-06
     Averaged stats: entropy_avg: 0.3540, uncertainty_avg: 5.4045, uncertainty_coeffi_avg: 0.0001, loss_avg: 0.0756, lr_avg: 6.92e-06
     itm tta time 0:00:12
     Epoch[34] Iteration[10/62], entropy: 0.2894, uncertainty: 5.3226, uncertainty_coeffi: 0.0001, loss: 0.0719, lr: 6.55e-06
     Epoch[34] Iteration[20/62], entropy: 0.3484, uncertainty: 5.2989, uncertainty_coeffi: 0.0001, loss: 0.0841, lr: 3.73e-06
     Epoch[34] Iteration[30/62], entropy: 0.3481, uncertainty: 5.6038, uncertainty_coeffi: 0.0001, loss: 0.0607, lr: 1.32e-06
     Epoch[34] Iteration[40/62], entropy: 0.2752, uncertainty: 5.2230, uncertainty_coeffi: 0.0001, loss: 0.0509, lr: 7.32e-08
     Epoch[34] Iteration[50/62], entropy: 0.2055, uncertainty: 4.7141, uncertainty_coeffi: 0.0001, loss: 0.0388, lr: 3.94e-07
     Epoch[34] Iteration[60/62], entropy: 0.3457, uncertainty: 5.3272, uncertainty_coeffi: 0.0001, loss: 0.0699, lr: 2.18e-06
     Averaged stats: entropy_avg: 0.3021, uncertainty_avg: 5.2483, uncertainty_coeffi_avg: 0.0001, loss_avg: 0.0627, lr_avg: 2.37e-06
     itm tta time 0:00:12
     Epoch[35] Iteration[10/62], entropy: 0.3183, uncertainty: 5.2864, uncertainty_coeffi: 0.0001, loss: 0.0637, lr: 5.43e-06
     Epoch[35] Iteration[20/62], entropy: 0.3567, uncertainty: 5.9927, uncertainty_coeffi: 0.0001, loss: 0.0598, lr: 8.05e-06
     Epoch[35] Iteration[30/62], entropy: 0.3751, uncertainty: 4.9386, uncertainty_coeffi: 0.0001, loss: 0.1218, lr: 9.71e-06
     Epoch[35] Iteration[40/62], entropy: 0.3282, uncertainty: 5.5539, uncertainty_coeffi: 0.0001, loss: 0.0796, lr: 9.87e-06
     Epoch[35] Iteration[50/62], entropy: 0.3417, uncertainty: 5.7936, uncertainty_coeffi: 0.0001, loss: 0.0615, lr: 8.48e-06
     Epoch[35] Iteration[60/62], entropy: 0.2579, uncertainty: 5.1802, uncertainty_coeffi: 0.0001, loss: 0.0618, lr: 5.99e-06
     Averaged stats: entropy_avg: 0.3296, uncertainty_avg: 5.4576, uncertainty_coeffi_avg: 0.0001, loss_avg: 0.0747, lr_avg: 7.92e-06
     itm tta time 0:00:12
     Epoch[36] Iteration[10/62], entropy: 0.2696, uncertainty: 4.5541, uncertainty_coeffi: 0.0001, loss: 0.0809, lr: 2.67e-06
     Epoch[36] Iteration[20/62], entropy: 0.3155, uncertainty: 5.3040, uncertainty_coeffi: 0.0001, loss: 0.0696, lr: 6.46e-07
     Epoch[36] Iteration[30/62], entropy: 0.3464, uncertainty: 6.1207, uncertainty_coeffi: 0.0001, loss: 0.0546, lr: 8.15e-09
     Epoch[36] Iteration[40/62], entropy: 0.2387, uncertainty: 4.8771, uncertainty_coeffi: 0.0001, loss: 0.0497, lr: 9.55e-07
     Epoch[36] Iteration[50/62], entropy: 0.2319, uncertainty: 5.8398, uncertainty_coeffi: 0.0001, loss: 0.0426, lr: 3.19e-06
     Epoch[36] Iteration[60/62], entropy: 0.4785, uncertainty: 5.2001, uncertainty_coeffi: 0.0001, loss: 0.1043, lr: 5.99e-06
     Averaged stats: entropy_avg: 0.3134, uncertainty_avg: 5.3160, uncertainty_coeffi_avg: 0.0001, loss_avg: 0.0669, lr_avg: 2.24e-06
     itm tta time 0:00:12
     Epoch[37] Iteration[10/62], entropy: 0.2870, uncertainty: 5.6756, uncertainty_coeffi: 0.0001, loss: 0.0528, lr: 8.87e-06
     Epoch[37] Iteration[20/62], entropy: 0.2362, uncertainty: 5.4238, uncertainty_coeffi: 0.0001, loss: 0.0500, lr: 9.97e-06
     Epoch[37] Iteration[30/62], entropy: 0.4717, uncertainty: 5.2901, uncertainty_coeffi: 0.0001, loss: 0.0805, lr: 9.49e-06
     Epoch[37] Iteration[40/62], entropy: 0.4120, uncertainty: 6.0234, uncertainty_coeffi: 0.0001, loss: 0.0920, lr: 7.58e-06
     Epoch[37] Iteration[50/62], entropy: 0.2786, uncertainty: 5.5077, uncertainty_coeffi: 0.0001, loss: 0.0472, lr: 4.86e-06
     Epoch[37] Iteration[60/62], entropy: 0.2896, uncertainty: 4.8994, uncertainty_coeffi: 0.0001, loss: 0.0699, lr: 2.18e-06
     Averaged stats: entropy_avg: 0.3292, uncertainty_avg: 5.4700, uncertainty_coeffi_avg: 0.0001, loss_avg: 0.0654, lr_avg: 7.16e-06
     itm tta time 0:00:12
     Epoch[38] Iteration[10/62], entropy: 0.2038, uncertainty: 5.1894, uncertainty_coeffi: 0.0001, loss: 0.0535, lr: 2.03e-07
     Epoch[38] Iteration[20/62], entropy: 0.3525, uncertainty: 5.0377, uncertainty_coeffi: 0.0001, loss: 0.0775, lr: 2.03e-07
     Epoch[38] Iteration[30/62], entropy: 0.2972, uncertainty: 5.5034, uncertainty_coeffi: 0.0001, loss: 0.0760, lr: 1.73e-06
     Epoch[38] Iteration[40/62], entropy: 0.3900, uncertainty: 5.8959, uncertainty_coeffi: 0.0001, loss: 0.0594, lr: 4.29e-06
     Epoch[38] Iteration[50/62], entropy: 0.3219, uncertainty: 4.9667, uncertainty_coeffi: 0.0001, loss: 0.0641, lr: 7.08e-06
     Epoch[38] Iteration[60/62], entropy: 0.3202, uncertainty: 5.2623, uncertainty_coeffi: 0.0001, loss: 0.0687, lr: 9.21e-06
     Averaged stats: entropy_avg: 0.3143, uncertainty_avg: 5.3092, uncertainty_coeffi_avg: 0.0001, loss_avg: 0.0665, lr_avg: 3.78e-06
     itm tta time 0:00:12
     Epoch[39] Iteration[10/62], entropy: 0.2555, uncertainty: 5.3150, uncertainty_coeffi: 0.0001, loss: 0.0500, lr: 9.97e-06
     Epoch[39] Iteration[20/62], entropy: 0.3328, uncertainty: 5.2566, uncertainty_coeffi: 0.0001, loss: 0.0601, lr: 8.87e-06
     Epoch[39] Iteration[30/62], entropy: 0.3516, uncertainty: 4.8672, uncertainty_coeffi: 0.0001, loss: 0.0665, lr: 6.55e-06
     Epoch[39] Iteration[40/62], entropy: 0.3071, uncertainty: 5.1212, uncertainty_coeffi: 0.0001, loss: 0.0760, lr: 3.73e-06
     Epoch[39] Iteration[50/62], entropy: 0.3356, uncertainty: 5.4461, uncertainty_coeffi: 0.0001, loss: 0.0661, lr: 1.32e-06
     Epoch[39] Iteration[60/62], entropy: 0.3300, uncertainty: 5.0734, uncertainty_coeffi: 0.0001, loss: 0.0577, lr: 7.32e-08
     Averaged stats: entropy_avg: 0.3187, uncertainty_avg: 5.1799, uncertainty_coeffi_avg: 0.0001, loss_avg: 0.0627, lr_avg: 5.08e-06
     itm tta time 0:00:12
### TTA Eval Score: 
+-------+--------+--------+--------+--------+--------+
| epoch |   R1   |   R5   |  R10   |  mAP   |  mINP  |
+-------+--------+--------+--------+--------+--------+
|  -999 | 59.500 | 80.050 | 87.050 | 44.116 | 20.549 |
|   0   | 59.550 | 80.100 | 87.050 | 44.128 | 20.547 |
|   1   | 59.550 | 80.100 | 87.050 | 44.141 | 20.568 |
|   2   | 59.600 | 80.100 | 87.050 | 44.151 | 20.550 |
|   4   | 59.550 | 80.100 | 87.050 | 44.174 | 20.585 |
|   9   | 59.750 | 80.100 | 87.150 | 44.255 | 20.668 |
|   14  | 59.900 | 80.100 | 87.150 | 44.310 | 20.701 |
|   19  | 59.950 | 80.050 | 87.100 | 44.344 | 20.705 |
|   29  | 60.000 | 80.150 | 87.150 | 44.426 | 20.761 |
|   39  | 60.000 | 80.250 | 87.400 | 44.517 | 20.827 |
+-------+--------+--------+--------+--------+--------+
     logs:  {'epo': 39, 'R1': np.float32(60.0), 'R5': np.float32(80.25), 'R10': np.float32(87.4), 'mAP': np.float32(44.517), 'mINP': np.float32(20.827), 'entropy': 0.31874649226665497, 'uncertainty': 5.179915030797322, 'uncertainty_coeffi': 9.999999747378752e-05, 'loss': 0.06274300999939442, 'lr': 5.0836058603708585e-06}
     Epoch[40] Iteration[10/62], entropy: 0.2204, uncertainty: 4.8829, uncertainty_coeffi: 0.0001, loss: 0.0676, lr: 6.46e-07
     Epoch[40] Iteration[20/62], entropy: 0.3835, uncertainty: 5.4891, uncertainty_coeffi: 0.0001, loss: 0.0764, lr: 2.67e-06
     Epoch[40] Iteration[30/62], entropy: 0.3346, uncertainty: 5.5100, uncertainty_coeffi: 0.0001, loss: 0.0671, lr: 5.43e-06
     Epoch[40] Iteration[40/62], entropy: 0.3810, uncertainty: 5.2239, uncertainty_coeffi: 0.0001, loss: 0.0886, lr: 8.05e-06
     Epoch[40] Iteration[50/62], entropy: 0.4164, uncertainty: 5.8142, uncertainty_coeffi: 0.0001, loss: 0.0739, lr: 9.71e-06
     Epoch[40] Iteration[60/62], entropy: 0.3011, uncertainty: 6.1843, uncertainty_coeffi: 0.0001, loss: 0.0470, lr: 9.87e-06
     Averaged stats: entropy_avg: 0.3395, uncertainty_avg: 5.5174, uncertainty_coeffi_avg: 0.0001, loss_avg: 0.0701, lr_avg: 6.06e-06
     itm tta time 0:00:12
     Epoch[41] Iteration[10/62], entropy: 0.4207, uncertainty: 6.1523, uncertainty_coeffi: 0.0001, loss: 0.0687, lr: 8.05e-06
     Epoch[41] Iteration[20/62], entropy: 0.4321, uncertainty: 5.0960, uncertainty_coeffi: 0.0001, loss: 0.0964, lr: 5.43e-06
     Epoch[41] Iteration[30/62], entropy: 0.4171, uncertainty: 5.5297, uncertainty_coeffi: 0.0001, loss: 0.0880, lr: 2.67e-06
     Epoch[41] Iteration[40/62], entropy: 0.2968, uncertainty: 5.5009, uncertainty_coeffi: 0.0001, loss: 0.0534, lr: 6.46e-07
     Epoch[41] Iteration[50/62], entropy: 0.3018, uncertainty: 5.8810, uncertainty_coeffi: 0.0001, loss: 0.0577, lr: 8.15e-09
     Epoch[41] Iteration[60/62], entropy: 0.2743, uncertainty: 5.3517, uncertainty_coeffi: 0.0001, loss: 0.0557, lr: 9.55e-07
     Averaged stats: entropy_avg: 0.3571, uncertainty_avg: 5.5853, uncertainty_coeffi_avg: 0.0001, loss_avg: 0.0700, lr_avg: 2.96e-06
     itm tta time 0:00:12
     Epoch[42] Iteration[10/62], entropy: 0.2140, uncertainty: 5.2132, uncertainty_coeffi: 0.0001, loss: 0.0479, lr: 3.73e-06
     Epoch[42] Iteration[20/62], entropy: 0.2475, uncertainty: 4.9423, uncertainty_coeffi: 0.0001, loss: 0.0815, lr: 6.55e-06
     Epoch[42] Iteration[30/62], entropy: 0.2220, uncertainty: 5.5457, uncertainty_coeffi: 0.0001, loss: 0.0490, lr: 8.87e-06
     Epoch[42] Iteration[40/62], entropy: 0.4183, uncertainty: 5.4334, uncertainty_coeffi: 0.0001, loss: 0.0786, lr: 9.97e-06
     Epoch[42] Iteration[50/62], entropy: 0.2849, uncertainty: 5.6513, uncertainty_coeffi: 0.0001, loss: 0.0430, lr: 9.49e-06
     Epoch[42] Iteration[60/62], entropy: 0.3592, uncertainty: 5.9115, uncertainty_coeffi: 0.0001, loss: 0.0599, lr: 7.58e-06
     Averaged stats: entropy_avg: 0.2910, uncertainty_avg: 5.4496, uncertainty_coeffi_avg: 0.0001, loss_avg: 0.0600, lr_avg: 7.70e-06
     itm tta time 0:00:12
     Epoch[43] Iteration[10/62], entropy: 0.3414, uncertainty: 5.3491, uncertainty_coeffi: 0.0001, loss: 0.0781, lr: 4.29e-06
     Epoch[43] Iteration[20/62], entropy: 0.2531, uncertainty: 4.5307, uncertainty_coeffi: 0.0001, loss: 0.0615, lr: 1.73e-06
     Epoch[43] Iteration[30/62], entropy: 0.2829, uncertainty: 5.1896, uncertainty_coeffi: 0.0001, loss: 0.0485, lr: 2.03e-07
     Epoch[43] Iteration[40/62], entropy: 0.4177, uncertainty: 5.5374, uncertainty_coeffi: 0.0001, loss: 0.0741, lr: 2.03e-07
     Epoch[43] Iteration[50/62], entropy: 0.3053, uncertainty: 5.3336, uncertainty_coeffi: 0.0001, loss: 0.0640, lr: 1.73e-06
     Epoch[43] Iteration[60/62], entropy: 0.3689, uncertainty: 5.1029, uncertainty_coeffi: 0.0001, loss: 0.0753, lr: 4.29e-06
     Averaged stats: entropy_avg: 0.3282, uncertainty_avg: 5.1739, uncertainty_coeffi_avg: 0.0001, loss_avg: 0.0669, lr_avg: 2.07e-06
     itm tta time 0:00:12
     Epoch[44] Iteration[10/62], entropy: 0.3778, uncertainty: 5.3916, uncertainty_coeffi: 0.0001, loss: 0.0653, lr: 7.58e-06
     Epoch[44] Iteration[20/62], entropy: 0.2632, uncertainty: 5.4812, uncertainty_coeffi: 0.0001, loss: 0.0451, lr: 9.49e-06
     Epoch[44] Iteration[30/62], entropy: 0.3468, uncertainty: 5.2527, uncertainty_coeffi: 0.0001, loss: 0.0682, lr: 9.97e-06
     Epoch[44] Iteration[40/62], entropy: 0.3459, uncertainty: 5.5540, uncertainty_coeffi: 0.0001, loss: 0.0578, lr: 8.87e-06
     Epoch[44] Iteration[50/62], entropy: 0.2633, uncertainty: 6.0165, uncertainty_coeffi: 0.0001, loss: 0.0445, lr: 6.55e-06
     Epoch[44] Iteration[60/62], entropy: 0.2895, uncertainty: 5.1936, uncertainty_coeffi: 0.0001, loss: 0.0568, lr: 3.73e-06
     Averaged stats: entropy_avg: 0.3144, uncertainty_avg: 5.4816, uncertainty_coeffi_avg: 0.0001, loss_avg: 0.0563, lr_avg: 7.70e-06
     itm tta time 0:00:12
     Epoch[45] Iteration[10/62], entropy: 0.2774, uncertainty: 4.9811, uncertainty_coeffi: 0.0001, loss: 0.0703, lr: 9.55e-07
     Epoch[45] Iteration[20/62], entropy: 0.3368, uncertainty: 5.3389, uncertainty_coeffi: 0.0001, loss: 0.0741, lr: 8.15e-09
     Epoch[45] Iteration[30/62], entropy: 0.3220, uncertainty: 5.5377, uncertainty_coeffi: 0.0001, loss: 0.0638, lr: 6.46e-07
     Epoch[45] Iteration[40/62], entropy: 0.3170, uncertainty: 4.8784, uncertainty_coeffi: 0.0001, loss: 0.0834, lr: 2.67e-06
     Epoch[45] Iteration[50/62], entropy: 0.4017, uncertainty: 5.2966, uncertainty_coeffi: 0.0001, loss: 0.0962, lr: 5.43e-06
     Epoch[45] Iteration[60/62], entropy: 0.4016, uncertainty: 5.4936, uncertainty_coeffi: 0.0001, loss: 0.0819, lr: 8.05e-06
     Averaged stats: entropy_avg: 0.3428, uncertainty_avg: 5.2544, uncertainty_coeffi_avg: 0.0001, loss_avg: 0.0783, lr_avg: 2.96e-06
     itm tta time 0:00:12
     Epoch[46] Iteration[10/62], entropy: 0.2763, uncertainty: 5.3048, uncertainty_coeffi: 0.0001, loss: 0.0548, lr: 9.87e-06
     Epoch[46] Iteration[20/62], entropy: 0.2774, uncertainty: 5.0276, uncertainty_coeffi: 0.0001, loss: 0.0499, lr: 9.71e-06
     Epoch[46] Iteration[30/62], entropy: 0.3674, uncertainty: 5.7780, uncertainty_coeffi: 0.0001, loss: 0.0747, lr: 8.05e-06
     Epoch[46] Iteration[40/62], entropy: 0.4114, uncertainty: 5.5415, uncertainty_coeffi: 0.0001, loss: 0.0796, lr: 5.43e-06
     Epoch[46] Iteration[50/62], entropy: 0.3835, uncertainty: 5.3514, uncertainty_coeffi: 0.0001, loss: 0.0820, lr: 2.67e-06
     Epoch[46] Iteration[60/62], entropy: 0.3598, uncertainty: 5.4949, uncertainty_coeffi: 0.0001, loss: 0.0648, lr: 6.46e-07
     Averaged stats: entropy_avg: 0.3460, uncertainty_avg: 5.4163, uncertainty_coeffi_avg: 0.0001, loss_avg: 0.0677, lr_avg: 6.06e-06
     itm tta time 0:00:12
     Epoch[47] Iteration[10/62], entropy: 0.3753, uncertainty: 6.0057, uncertainty_coeffi: 0.0001, loss: 0.0663, lr: 7.32e-08
     Epoch[47] Iteration[20/62], entropy: 0.3335, uncertainty: 5.4277, uncertainty_coeffi: 0.0001, loss: 0.0624, lr: 1.32e-06
     Epoch[47] Iteration[30/62], entropy: 0.2923, uncertainty: 6.0507, uncertainty_coeffi: 0.0001, loss: 0.0583, lr: 3.73e-06
     Epoch[47] Iteration[40/62], entropy: 0.3496, uncertainty: 5.5055, uncertainty_coeffi: 0.0001, loss: 0.0702, lr: 6.55e-06
     Epoch[47] Iteration[50/62], entropy: 0.3074, uncertainty: 5.2834, uncertainty_coeffi: 0.0001, loss: 0.0529, lr: 8.87e-06
     Epoch[47] Iteration[60/62], entropy: 0.3442, uncertainty: 5.1868, uncertainty_coeffi: 0.0001, loss: 0.0616, lr: 9.97e-06
     Averaged stats: entropy_avg: 0.3337, uncertainty_avg: 5.5766, uncertainty_coeffi_avg: 0.0001, loss_avg: 0.0619, lr_avg: 5.08e-06
     itm tta time 0:00:11
     Epoch[48] Iteration[10/62], entropy: 0.3333, uncertainty: 5.2364, uncertainty_coeffi: 0.0001, loss: 0.0637, lr: 9.21e-06
     Epoch[48] Iteration[20/62], entropy: 0.3497, uncertainty: 5.1407, uncertainty_coeffi: 0.0001, loss: 0.0787, lr: 7.08e-06
     Epoch[48] Iteration[30/62], entropy: 0.2366, uncertainty: 4.6624, uncertainty_coeffi: 0.0001, loss: 0.0437, lr: 4.29e-06
     Epoch[48] Iteration[40/62], entropy: 0.2702, uncertainty: 5.4180, uncertainty_coeffi: 0.0001, loss: 0.0495, lr: 1.73e-06
     Epoch[48] Iteration[50/62], entropy: 0.3266, uncertainty: 6.1740, uncertainty_coeffi: 0.0001, loss: 0.0506, lr: 2.03e-07
     Epoch[48] Iteration[60/62], entropy: 0.4187, uncertainty: 5.5363, uncertainty_coeffi: 0.0001, loss: 0.0967, lr: 2.03e-07
     Averaged stats: entropy_avg: 0.3225, uncertainty_avg: 5.3613, uncertainty_coeffi_avg: 0.0001, loss_avg: 0.0638, lr_avg: 3.78e-06
     itm tta time 0:00:11
     Epoch[49] Iteration[10/62], entropy: 0.2645, uncertainty: 5.3286, uncertainty_coeffi: 0.0001, loss: 0.0470, lr: 2.18e-06
     Epoch[49] Iteration[20/62], entropy: 0.3556, uncertainty: 5.6780, uncertainty_coeffi: 0.0001, loss: 0.0760, lr: 4.86e-06
     Epoch[49] Iteration[30/62], entropy: 0.3247, uncertainty: 5.6257, uncertainty_coeffi: 0.0001, loss: 0.0543, lr: 7.58e-06
     Epoch[49] Iteration[40/62], entropy: 0.2631, uncertainty: 5.2462, uncertainty_coeffi: 0.0001, loss: 0.0505, lr: 9.49e-06
     Epoch[49] Iteration[50/62], entropy: 0.2466, uncertainty: 5.5766, uncertainty_coeffi: 0.0001, loss: 0.0424, lr: 9.97e-06
     Epoch[49] Iteration[60/62], entropy: 0.3432, uncertainty: 5.5936, uncertainty_coeffi: 0.0001, loss: 0.0602, lr: 8.87e-06
     Averaged stats: entropy_avg: 0.2996, uncertainty_avg: 5.5081, uncertainty_coeffi_avg: 0.0001, loss_avg: 0.0551, lr_avg: 7.16e-06
     itm tta time 0:00:12
### TTA Eval Score: 
+-------+--------+--------+--------+--------+--------+
| epoch |   R1   |   R5   |  R10   |  mAP   |  mINP  |
+-------+--------+--------+--------+--------+--------+
|  -999 | 59.500 | 80.050 | 87.050 | 44.116 | 20.549 |
|   0   | 59.550 | 80.100 | 87.050 | 44.128 | 20.547 |
|   1   | 59.550 | 80.100 | 87.050 | 44.141 | 20.568 |
|   2   | 59.600 | 80.100 | 87.050 | 44.151 | 20.550 |
|   4   | 59.550 | 80.100 | 87.050 | 44.174 | 20.585 |
|   9   | 59.750 | 80.100 | 87.150 | 44.255 | 20.668 |
|   14  | 59.900 | 80.100 | 87.150 | 44.310 | 20.701 |
|   19  | 59.950 | 80.050 | 87.100 | 44.344 | 20.705 |
|   29  | 60.000 | 80.150 | 87.150 | 44.426 | 20.761 |
|   39  | 60.000 | 80.250 | 87.400 | 44.517 | 20.827 |
|   49  | 60.000 | 80.350 | 87.450 | 44.576 | 20.839 |
+-------+--------+--------+--------+--------+--------+
     logs:  {'epo': 49, 'R1': np.float32(60.0), 'R5': np.float32(80.35), 'R10': np.float32(87.45), 'mAP': np.float32(44.576), 'mINP': np.float32(20.839), 'entropy': 0.2996063033739726, 'uncertainty': 5.508106470108032, 'uncertainty_coeffi': 9.999999747378752e-05, 'loss': 0.05505377178390821, 'lr': 7.157016638881223e-06}
     Epoch[50] Iteration[10/62], entropy: 0.2754, uncertainty: 5.0810, uncertainty_coeffi: 0.0001, loss: 0.0603, lr: 5.99e-06
     Epoch[50] Iteration[20/62], entropy: 0.2772, uncertainty: 4.8344, uncertainty_coeffi: 0.0001, loss: 0.0841, lr: 3.19e-06
     Epoch[50] Iteration[30/62], entropy: 0.1980, uncertainty: 5.6119, uncertainty_coeffi: 0.0001, loss: 0.0498, lr: 9.55e-07
     Epoch[50] Iteration[40/62], entropy: 0.3157, uncertainty: 5.4181, uncertainty_coeffi: 0.0001, loss: 0.0501, lr: 8.15e-09
     Epoch[50] Iteration[50/62], entropy: 0.2871, uncertainty: 5.4275, uncertainty_coeffi: 0.0001, loss: 0.0452, lr: 6.46e-07
     Epoch[50] Iteration[60/62], entropy: 0.2805, uncertainty: 5.3960, uncertainty_coeffi: 0.0001, loss: 0.0480, lr: 2.67e-06
     Averaged stats: entropy_avg: 0.2723, uncertainty_avg: 5.2948, uncertainty_coeffi_avg: 0.0001, loss_avg: 0.0562, lr_avg: 2.24e-06
     itm tta time 0:00:11
     Epoch[51] Iteration[10/62], entropy: 0.3306, uncertainty: 5.1708, uncertainty_coeffi: 0.0001, loss: 0.0790, lr: 5.99e-06
     Epoch[51] Iteration[20/62], entropy: 0.3367, uncertainty: 5.2652, uncertainty_coeffi: 0.0001, loss: 0.0654, lr: 8.48e-06
     Epoch[51] Iteration[30/62], entropy: 0.2998, uncertainty: 5.1151, uncertainty_coeffi: 0.0001, loss: 0.0760, lr: 9.87e-06
     Epoch[51] Iteration[40/62], entropy: 0.3749, uncertainty: 6.0000, uncertainty_coeffi: 0.0001, loss: 0.0571, lr: 9.71e-06
     Epoch[51] Iteration[50/62], entropy: 0.3917, uncertainty: 5.9001, uncertainty_coeffi: 0.0001, loss: 0.0655, lr: 8.05e-06
     Epoch[51] Iteration[60/62], entropy: 0.3170, uncertainty: 5.3563, uncertainty_coeffi: 0.0001, loss: 0.0597, lr: 5.43e-06
     Averaged stats: entropy_avg: 0.3418, uncertainty_avg: 5.4679, uncertainty_coeffi_avg: 0.0001, loss_avg: 0.0671, lr_avg: 7.92e-06
     itm tta time 0:00:11
     Epoch[52] Iteration[10/62], entropy: 0.2214, uncertainty: 4.6952, uncertainty_coeffi: 0.0001, loss: 0.0716, lr: 2.18e-06
     Epoch[52] Iteration[20/62], entropy: 0.2122, uncertainty: 5.3720, uncertainty_coeffi: 0.0001, loss: 0.0398, lr: 3.94e-07
     Epoch[52] Iteration[30/62], entropy: 0.2095, uncertainty: 5.6877, uncertainty_coeffi: 0.0001, loss: 0.0345, lr: 7.32e-08
     Epoch[52] Iteration[40/62], entropy: 0.3675, uncertainty: 5.7647, uncertainty_coeffi: 0.0001, loss: 0.0636, lr: 1.32e-06
     Epoch[52] Iteration[50/62], entropy: 0.1834, uncertainty: 5.2859, uncertainty_coeffi: 0.0001, loss: 0.0318, lr: 3.73e-06
     Epoch[52] Iteration[60/62], entropy: 0.2466, uncertainty: 5.2712, uncertainty_coeffi: 0.0001, loss: 0.0502, lr: 6.55e-06
     Averaged stats: entropy_avg: 0.2401, uncertainty_avg: 5.3461, uncertainty_coeffi_avg: 0.0001, loss_avg: 0.0486, lr_avg: 2.37e-06
     itm tta time 0:00:11
     Epoch[53] Iteration[10/62], entropy: 0.2248, uncertainty: 4.9635, uncertainty_coeffi: 0.0001, loss: 0.0602, lr: 9.21e-06
     Epoch[53] Iteration[20/62], entropy: 0.2653, uncertainty: 4.9001, uncertainty_coeffi: 0.0001, loss: 0.0594, lr: 1.00e-05
     Epoch[53] Iteration[30/62], entropy: 0.2548, uncertainty: 5.0426, uncertainty_coeffi: 0.0001, loss: 0.0501, lr: 9.21e-06
     Epoch[53] Iteration[40/62], entropy: 0.3617, uncertainty: 5.7299, uncertainty_coeffi: 0.0001, loss: 0.0652, lr: 7.08e-06
     Epoch[53] Iteration[50/62], entropy: 0.3319, uncertainty: 5.8612, uncertainty_coeffi: 0.0001, loss: 0.0579, lr: 4.29e-06
     Epoch[53] Iteration[60/62], entropy: 0.3074, uncertainty: 5.8443, uncertainty_coeffi: 0.0001, loss: 0.0500, lr: 1.73e-06
     Averaged stats: entropy_avg: 0.2910, uncertainty_avg: 5.3902, uncertainty_coeffi_avg: 0.0001, loss_avg: 0.0571, lr_avg: 6.92e-06
     itm tta time 0:00:12
     Epoch[54] Iteration[10/62], entropy: 0.3195, uncertainty: 5.0753, uncertainty_coeffi: 0.0001, loss: 0.0636, lr: 7.32e-08
     Epoch[54] Iteration[20/62], entropy: 0.2272, uncertainty: 5.2419, uncertainty_coeffi: 0.0001, loss: 0.0413, lr: 3.94e-07
     Epoch[54] Iteration[30/62], entropy: 0.3210, uncertainty: 5.2096, uncertainty_coeffi: 0.0001, loss: 0.0806, lr: 2.18e-06
     Epoch[54] Iteration[40/62], entropy: 0.3195, uncertainty: 5.8026, uncertainty_coeffi: 0.0001, loss: 0.0584, lr: 4.86e-06
     Epoch[54] Iteration[50/62], entropy: 0.2274, uncertainty: 5.5595, uncertainty_coeffi: 0.0001, loss: 0.0354, lr: 7.58e-06
     Epoch[54] Iteration[60/62], entropy: 0.2752, uncertainty: 5.6515, uncertainty_coeffi: 0.0001, loss: 0.0545, lr: 9.49e-06
     Averaged stats: entropy_avg: 0.2817, uncertainty_avg: 5.4234, uncertainty_coeffi_avg: 0.0001, loss_avg: 0.0556, lr_avg: 4.10e-06
     itm tta time 0:00:12
     Epoch[55] Iteration[10/62], entropy: 0.3275, uncertainty: 5.1217, uncertainty_coeffi: 0.0001, loss: 0.0686, lr: 9.87e-06
     Epoch[55] Iteration[20/62], entropy: 0.3236, uncertainty: 5.5219, uncertainty_coeffi: 0.0001, loss: 0.0720, lr: 8.48e-06
     Epoch[55] Iteration[30/62], entropy: 0.3289, uncertainty: 6.1010, uncertainty_coeffi: 0.0001, loss: 0.0524, lr: 5.99e-06
     Epoch[55] Iteration[40/62], entropy: 0.3899, uncertainty: 5.7438, uncertainty_coeffi: 0.0001, loss: 0.0687, lr: 3.19e-06
     Epoch[55] Iteration[50/62], entropy: 0.3901, uncertainty: 5.6611, uncertainty_coeffi: 0.0001, loss: 0.0702, lr: 9.55e-07
     Epoch[55] Iteration[60/62], entropy: 0.2829, uncertainty: 5.2673, uncertainty_coeffi: 0.0001, loss: 0.0553, lr: 8.15e-09
     Averaged stats: entropy_avg: 0.3405, uncertainty_avg: 5.5695, uncertainty_coeffi_avg: 0.0001, loss_avg: 0.0645, lr_avg: 4.75e-06
     itm tta time 0:00:12
     Epoch[56] Iteration[10/62], entropy: 0.2839, uncertainty: 5.4220, uncertainty_coeffi: 0.0001, loss: 0.0535, lr: 9.55e-07
     Epoch[56] Iteration[20/62], entropy: 0.2186, uncertainty: 5.0604, uncertainty_coeffi: 0.0001, loss: 0.0470, lr: 3.19e-06
     Epoch[56] Iteration[30/62], entropy: 0.1712, uncertainty: 5.3572, uncertainty_coeffi: 0.0001, loss: 0.0331, lr: 5.99e-06
     Epoch[56] Iteration[40/62], entropy: 0.1887, uncertainty: 5.3408, uncertainty_coeffi: 0.0001, loss: 0.0354, lr: 8.48e-06
     Epoch[56] Iteration[50/62], entropy: 0.2733, uncertainty: 5.4103, uncertainty_coeffi: 0.0001, loss: 0.0584, lr: 9.87e-06
     Epoch[56] Iteration[60/62], entropy: 0.3032, uncertainty: 5.0167, uncertainty_coeffi: 0.0001, loss: 0.0598, lr: 9.71e-06
     Averaged stats: entropy_avg: 0.2398, uncertainty_avg: 5.2679, uncertainty_coeffi_avg: 0.0001, loss_avg: 0.0478, lr_avg: 6.37e-06
     itm tta time 0:00:12
     Epoch[57] Iteration[10/62], entropy: 0.3363, uncertainty: 5.5144, uncertainty_coeffi: 0.0001, loss: 0.0752, lr: 7.58e-06
     Epoch[57] Iteration[20/62], entropy: 0.3924, uncertainty: 5.9467, uncertainty_coeffi: 0.0001, loss: 0.0652, lr: 4.86e-06
     Epoch[57] Iteration[30/62], entropy: 0.3374, uncertainty: 5.3845, uncertainty_coeffi: 0.0001, loss: 0.0635, lr: 2.18e-06
     Epoch[57] Iteration[40/62], entropy: 0.2965, uncertainty: 5.7058, uncertainty_coeffi: 0.0001, loss: 0.0493, lr: 3.94e-07
     Epoch[57] Iteration[50/62], entropy: 0.3926, uncertainty: 5.7512, uncertainty_coeffi: 0.0001, loss: 0.0881, lr: 7.32e-08
     Epoch[57] Iteration[60/62], entropy: 0.2855, uncertainty: 5.4650, uncertainty_coeffi: 0.0001, loss: 0.0496, lr: 1.32e-06
     Averaged stats: entropy_avg: 0.3401, uncertainty_avg: 5.6279, uncertainty_coeffi_avg: 0.0001, loss_avg: 0.0652, lr_avg: 2.73e-06
     itm tta time 0:00:12
     Epoch[58] Iteration[10/62], entropy: 0.3728, uncertainty: 5.4860, uncertainty_coeffi: 0.0001, loss: 0.0794, lr: 4.29e-06
     Epoch[58] Iteration[20/62], entropy: 0.3116, uncertainty: 5.4331, uncertainty_coeffi: 0.0001, loss: 0.0547, lr: 7.08e-06
     Epoch[58] Iteration[30/62], entropy: 0.2544, uncertainty: 5.6133, uncertainty_coeffi: 0.0001, loss: 0.0579, lr: 9.21e-06
     Epoch[58] Iteration[40/62], entropy: 0.2549, uncertainty: 5.1662, uncertainty_coeffi: 0.0001, loss: 0.0534, lr: 1.00e-05
     Epoch[58] Iteration[50/62], entropy: 0.3641, uncertainty: 5.7285, uncertainty_coeffi: 0.0001, loss: 0.0745, lr: 9.21e-06
     Epoch[58] Iteration[60/62], entropy: 0.3856, uncertainty: 5.8526, uncertainty_coeffi: 0.0001, loss: 0.0615, lr: 7.08e-06
     Averaged stats: entropy_avg: 0.3239, uncertainty_avg: 5.5466, uncertainty_coeffi_avg: 0.0001, loss_avg: 0.0636, lr_avg: 7.81e-06
     itm tta time 0:00:12
     Epoch[59] Iteration[10/62], entropy: 0.3178, uncertainty: 5.5234, uncertainty_coeffi: 0.0001, loss: 0.0806, lr: 3.73e-06
     Epoch[59] Iteration[20/62], entropy: 0.2334, uncertainty: 5.0679, uncertainty_coeffi: 0.0001, loss: 0.0396, lr: 1.32e-06
     Epoch[59] Iteration[30/62], entropy: 0.3215, uncertainty: 4.8667, uncertainty_coeffi: 0.0001, loss: 0.0705, lr: 7.32e-08
     Epoch[59] Iteration[40/62], entropy: 0.4316, uncertainty: 5.7176, uncertainty_coeffi: 0.0001, loss: 0.0830, lr: 3.94e-07
     Epoch[59] Iteration[50/62], entropy: 0.3283, uncertainty: 4.9275, uncertainty_coeffi: 0.0001, loss: 0.0657, lr: 2.18e-06
     Epoch[59] Iteration[60/62], entropy: 0.2879, uncertainty: 5.2063, uncertainty_coeffi: 0.0001, loss: 0.0546, lr: 4.86e-06
     Averaged stats: entropy_avg: 0.3201, uncertainty_avg: 5.2182, uncertainty_coeffi_avg: 0.0001, loss_avg: 0.0657, lr_avg: 2.09e-06
     itm tta time 0:00:12
### TTA Eval Score: 
+-------+--------+--------+--------+--------+--------+
| epoch |   R1   |   R5   |  R10   |  mAP   |  mINP  |
+-------+--------+--------+--------+--------+--------+
|  -999 | 59.500 | 80.050 | 87.050 | 44.116 | 20.549 |
|   0   | 59.550 | 80.100 | 87.050 | 44.128 | 20.547 |
|   1   | 59.550 | 80.100 | 87.050 | 44.141 | 20.568 |
|   2   | 59.600 | 80.100 | 87.050 | 44.151 | 20.550 |
|   4   | 59.550 | 80.100 | 87.050 | 44.174 | 20.585 |
|   9   | 59.750 | 80.100 | 87.150 | 44.255 | 20.668 |
|   14  | 59.900 | 80.100 | 87.150 | 44.310 | 20.701 |
|   19  | 59.950 | 80.050 | 87.100 | 44.344 | 20.705 |
|   29  | 60.000 | 80.150 | 87.150 | 44.426 | 20.761 |
|   39  | 60.000 | 80.250 | 87.400 | 44.517 | 20.827 |
|   49  | 60.000 | 80.350 | 87.450 | 44.576 | 20.839 |
|   59  | 60.050 | 80.550 | 87.500 | 44.629 | 20.876 |
+-------+--------+--------+--------+--------+--------+
     logs:  {'epo': 59, 'R1': np.float32(60.05), 'R5': np.float32(80.55), 'R10': np.float32(87.5), 'mAP': np.float32(44.629), 'mINP': np.float32(20.876), 'entropy': 0.32008365044991177, 'uncertainty': 5.218214909235637, 'uncertainty_coeffi': 9.999999747378752e-05, 'loss': 0.06565133606394132, 'lr': 2.0913031410892384e-06}
### best epoch 59 : {'epo': '59', 'R1': '60.05', 'R5': '80.55', 'R10': '87.5', 'mAP': '44.629', 'mINP': '20.876', 'entropy': '0.32008365044991177', 'uncertainty': '5.218214909235637', 'uncertainty_coeffi': '9.999999747378752e-05', 'loss': '0.06565133606394132', 'lr': '2.0913031410892384e-06'}
### Time 0:13:21
