/home/jiahao/miniconda3/envs/irra/lib/python3.9/site-packages/torch/nn/functional.py:3609: UserWarning: Default upsampling behavior when mode=bilinear is changed to align_corners=False since 0.4.0. Please specify align_corners=True if the old behavior is desired. See the documentation of nn.Upsample for details.
  warnings.warn(
Not using distributed mode
### Hyper-parameters:
     output_dir: output_rerun2/ham_cuhk_tta/exp1/exp1.2/2025091410270
     seed: 42
     device: cuda
     batch_size_tta: 16
     epochs: 20
     lr: 1e-05
### Creating test dataset
     test_txt_set: 6156    test_img_set: 3074
     test_txt_loader: 13    test_img_loader: 7
### Creating model
Training Model with ['sdm', 'id', 'mlm'] tasks
Resized position embedding from size:torch.Size([1, 197, 768]) to size: torch.Size([1, 193, 768]) with height:24 width: 8
     Total Params Sum:  194535419
### Zero-Shot Score: 
+-------+--------+--------+--------+--------+--------+
| epoch |   R1   |   R5   |  R10   |  mAP   |  mINP  |
+-------+--------+--------+--------+--------+--------+
|  -999 | 70.598 | 86.891 | 91.780 | 63.391 | 47.063 |
+-------+--------+--------+--------+--------+--------+
### TTA:
### Compute Cos Similarity Uncertainty
     preprocess_tta_coefficients  start
     sample selection ...
     number of sample after sample_selection: 5165
     uncertainty ...
     pos/neg sampling ...
      number of sample after pos/neg sampling: torch.Size([6156, 8])
     preprocess_tta_coefficients  end
### Creating TTA dataset
     tta_dataset: 5165
### Creating tta dataloader
### be careful: func create_loader returns a list length of 1
     tta_loader: 322
### Configure adapted weights
     TTA Dropout Modules: 
 []
     TTA Require Gradient Params: 
 [('base_model.transformer.resblocks.1.ln_1.weight', torch.Size([512])), ('base_model.transformer.resblocks.1.ln_1.bias', torch.Size([512])), ('base_model.transformer.resblocks.1.ln_2.weight', torch.Size([512])), ('base_model.transformer.resblocks.1.ln_2.bias', torch.Size([512])), ('base_model.transformer.resblocks.2.ln_1.weight', torch.Size([512])), ('base_model.transformer.resblocks.2.ln_1.bias', torch.Size([512])), ('base_model.transformer.resblocks.2.ln_2.weight', torch.Size([512])), ('base_model.transformer.resblocks.2.ln_2.bias', torch.Size([512])), ('base_model.transformer.resblocks.3.ln_1.weight', torch.Size([512])), ('base_model.transformer.resblocks.3.ln_1.bias', torch.Size([512])), ('base_model.transformer.resblocks.3.ln_2.weight', torch.Size([512])), ('base_model.transformer.resblocks.3.ln_2.bias', torch.Size([512])), ('base_model.transformer.resblocks.4.ln_1.weight', torch.Size([512])), ('base_model.transformer.resblocks.4.ln_1.bias', torch.Size([512])), ('base_model.transformer.resblocks.4.ln_2.weight', torch.Size([512])), ('base_model.transformer.resblocks.4.ln_2.bias', torch.Size([512])), ('base_model.transformer.resblocks.5.ln_1.weight', torch.Size([512])), ('base_model.transformer.resblocks.5.ln_1.bias', torch.Size([512])), ('base_model.transformer.resblocks.5.ln_2.weight', torch.Size([512])), ('base_model.transformer.resblocks.5.ln_2.bias', torch.Size([512])), ('base_model.transformer.resblocks.7.ln_1.weight', torch.Size([512])), ('base_model.transformer.resblocks.7.ln_1.bias', torch.Size([512])), ('base_model.transformer.resblocks.7.ln_2.weight', torch.Size([512])), ('base_model.transformer.resblocks.7.ln_2.bias', torch.Size([512])), ('base_model.transformer.resblocks.8.ln_1.weight', torch.Size([512])), ('base_model.transformer.resblocks.8.ln_1.bias', torch.Size([512])), ('base_model.transformer.resblocks.8.ln_2.weight', torch.Size([512])), ('base_model.transformer.resblocks.8.ln_2.bias', torch.Size([512])), ('base_model.transformer.resblocks.9.ln_1.weight', torch.Size([512])), ('base_model.transformer.resblocks.9.ln_1.bias', torch.Size([512])), ('base_model.transformer.resblocks.9.ln_2.weight', torch.Size([512])), ('base_model.transformer.resblocks.9.ln_2.bias', torch.Size([512])), ('base_model.transformer.resblocks.10.ln_1.weight', torch.Size([512])), ('base_model.transformer.resblocks.10.ln_1.bias', torch.Size([512])), ('base_model.transformer.resblocks.10.ln_2.weight', torch.Size([512])), ('base_model.transformer.resblocks.10.ln_2.bias', torch.Size([512])), ('base_model.transformer.resblocks.11.ln_1.weight', torch.Size([512])), ('base_model.transformer.resblocks.11.ln_1.bias', torch.Size([512])), ('base_model.transformer.resblocks.11.ln_2.weight', torch.Size([512])), ('base_model.transformer.resblocks.11.ln_2.bias', torch.Size([512])), ('base_model.ln_final.weight', torch.Size([512])), ('base_model.ln_final.bias', torch.Size([512]))]
     TTA Dropout Modules Number: 
 0
     TTA Require Gradient Params Sum: 
 21504
Using 5.0 times learning rate for random init module 
### Start Test Time Adaptation : num_epoch = 20
     Epoch[0] Iteration[10/322], entropy: 0.3036, uncertainty: 4.4649, uncertainty_coeffi: 0.0001, loss: 0.0811, lr: 8.35e-06
     Epoch[0] Iteration[20/322], entropy: 0.1856, uncertainty: 2.3600, uncertainty_coeffi: 0.0001, loss: 0.0735, lr: 1.09e-07
     Epoch[0] Iteration[30/322], entropy: 0.2764, uncertainty: 4.1617, uncertainty_coeffi: 0.0001, loss: 0.0575, lr: 6.55e-06
     Epoch[0] Iteration[40/322], entropy: 0.2301, uncertainty: 2.5955, uncertainty_coeffi: 0.0001, loss: 0.1148, lr: 8.35e-06
     Epoch[0] Iteration[50/322], entropy: 0.4086, uncertainty: 4.3258, uncertainty_coeffi: 0.0001, loss: 0.0702, lr: 1.09e-07
     Epoch[0] Iteration[60/322], entropy: 0.2360, uncertainty: 3.2276, uncertainty_coeffi: 0.0001, loss: 0.0601, lr: 6.55e-06
     Epoch[0] Iteration[70/322], entropy: 0.1944, uncertainty: 3.0047, uncertainty_coeffi: 0.0001, loss: 0.0465, lr: 8.35e-06
     Epoch[0] Iteration[80/322], entropy: 0.2212, uncertainty: 3.1443, uncertainty_coeffi: 0.0001, loss: 0.1181, lr: 1.09e-07
     Epoch[0] Iteration[90/322], entropy: 0.4035, uncertainty: 3.5554, uncertainty_coeffi: 0.0001, loss: 0.1174, lr: 6.55e-06
     Epoch[0] Iteration[100/322], entropy: 0.1198, uncertainty: 3.7260, uncertainty_coeffi: 0.0001, loss: 0.0244, lr: 8.35e-06
     Epoch[0] Iteration[110/322], entropy: 0.2174, uncertainty: 4.2053, uncertainty_coeffi: 0.0001, loss: 0.0399, lr: 1.09e-07
     Epoch[0] Iteration[120/322], entropy: 0.3964, uncertainty: 3.8833, uncertainty_coeffi: 0.0001, loss: 0.0963, lr: 6.55e-06
     Epoch[0] Iteration[130/322], entropy: 0.2851, uncertainty: 3.2512, uncertainty_coeffi: 0.0001, loss: 0.1009, lr: 8.35e-06
     Epoch[0] Iteration[140/322], entropy: 0.1586, uncertainty: 2.9443, uncertainty_coeffi: 0.0001, loss: 0.0536, lr: 1.09e-07
     Epoch[0] Iteration[150/322], entropy: 0.2701, uncertainty: 3.3103, uncertainty_coeffi: 0.0001, loss: 0.0789, lr: 6.55e-06
     Epoch[0] Iteration[160/322], entropy: 0.3846, uncertainty: 3.6832, uncertainty_coeffi: 0.0001, loss: 0.0818, lr: 8.35e-06
     Epoch[0] Iteration[170/322], entropy: 0.1573, uncertainty: 3.9723, uncertainty_coeffi: 0.0001, loss: 0.0299, lr: 1.09e-07
     Epoch[0] Iteration[180/322], entropy: 0.4356, uncertainty: 3.1083, uncertainty_coeffi: 0.0001, loss: 0.1426, lr: 6.55e-06
     Epoch[0] Iteration[190/322], entropy: 0.4549, uncertainty: 2.7233, uncertainty_coeffi: 0.0001, loss: 0.1761, lr: 8.35e-06
     Epoch[0] Iteration[200/322], entropy: 0.0891, uncertainty: 3.1473, uncertainty_coeffi: 0.0001, loss: 0.0279, lr: 1.09e-07
     Epoch[0] Iteration[210/322], entropy: 0.2418, uncertainty: 3.3545, uncertainty_coeffi: 0.0001, loss: 0.0695, lr: 6.55e-06
     Epoch[0] Iteration[220/322], entropy: 0.3167, uncertainty: 4.0187, uncertainty_coeffi: 0.0001, loss: 0.0813, lr: 8.35e-06
     Epoch[0] Iteration[230/322], entropy: 0.5101, uncertainty: 3.8703, uncertainty_coeffi: 0.0001, loss: 0.1084, lr: 1.09e-07
     Epoch[0] Iteration[240/322], entropy: 0.3016, uncertainty: 2.8145, uncertainty_coeffi: 0.0001, loss: 0.1104, lr: 6.55e-06
     Epoch[0] Iteration[250/322], entropy: 0.4324, uncertainty: 4.3261, uncertainty_coeffi: 0.0001, loss: 0.0686, lr: 8.35e-06
     Epoch[0] Iteration[260/322], entropy: 0.2507, uncertainty: 2.9137, uncertainty_coeffi: 0.0001, loss: 0.0812, lr: 1.09e-07
     Epoch[0] Iteration[270/322], entropy: 0.5045, uncertainty: 5.0328, uncertainty_coeffi: 0.0001, loss: 0.1104, lr: 6.55e-06
     Epoch[0] Iteration[280/322], entropy: 0.3655, uncertainty: 3.6195, uncertainty_coeffi: 0.0001, loss: 0.1477, lr: 8.35e-06
     Epoch[0] Iteration[290/322], entropy: 0.1474, uncertainty: 4.0443, uncertainty_coeffi: 0.0001, loss: 0.0357, lr: 1.09e-07
     Epoch[0] Iteration[300/322], entropy: 0.1891, uncertainty: 2.8072, uncertainty_coeffi: 0.0001, loss: 0.1044, lr: 6.55e-06
     Epoch[0] Iteration[310/322], entropy: 0.2615, uncertainty: 3.4085, uncertainty_coeffi: 0.0001, loss: 0.0656, lr: 8.35e-06
     Epoch[0] Iteration[320/322], entropy: 0.3418, uncertainty: 3.9133, uncertainty_coeffi: 0.0001, loss: 0.0805, lr: 1.09e-07
     Averaged stats: entropy_avg: 0.2904, uncertainty_avg: 3.5287, uncertainty_coeffi_avg: 0.0001, loss_avg: 0.0830, lr_avg: 4.95e-06
     itm tta time 0:00:57
### TTA Eval Score: 
+-------+--------+--------+--------+--------+--------+
| epoch |   R1   |   R5   |  R10   |  mAP   |  mINP  |
+-------+--------+--------+--------+--------+--------+
|  -999 | 70.598 | 86.891 | 91.780 | 63.391 | 47.063 |
|   0   | 70.647 | 86.891 | 91.813 | 63.413 | 47.088 |
+-------+--------+--------+--------+--------+--------+
     logs:  {'epo': 0, 'R1': 70.647, 'R5': 86.891, 'R10': 91.813, 'mAP': 63.413, 'mINP': 47.088, 'entropy': 0.2903515985235572, 'uncertainty': 3.528675712645054, 'uncertainty_coeffi': 9.999999747378752e-05, 'loss': 0.08297575428150594, 'lr': 4.951716094628916e-06}
     Epoch[1] Iteration[10/322], entropy: 0.3003, uncertainty: 3.7444, uncertainty_coeffi: 0.0001, loss: 0.0941, lr: 8.35e-06
     Epoch[1] Iteration[20/322], entropy: 0.2016, uncertainty: 2.8232, uncertainty_coeffi: 0.0001, loss: 0.0771, lr: 6.55e-06
     Epoch[1] Iteration[30/322], entropy: 0.1313, uncertainty: 3.8034, uncertainty_coeffi: 0.0001, loss: 0.0356, lr: 1.09e-07
     Epoch[1] Iteration[40/322], entropy: 0.5964, uncertainty: 4.6730, uncertainty_coeffi: 0.0001, loss: 0.1386, lr: 8.35e-06
     Epoch[1] Iteration[50/322], entropy: 0.3966, uncertainty: 3.4208, uncertainty_coeffi: 0.0001, loss: 0.1083, lr: 6.55e-06
     Epoch[1] Iteration[60/322], entropy: 0.1330, uncertainty: 3.5923, uncertainty_coeffi: 0.0001, loss: 0.0265, lr: 1.09e-07
     Epoch[1] Iteration[70/322], entropy: 0.3025, uncertainty: 3.9723, uncertainty_coeffi: 0.0001, loss: 0.1146, lr: 8.35e-06
     Epoch[1] Iteration[80/322], entropy: 0.2829, uncertainty: 3.0854, uncertainty_coeffi: 0.0001, loss: 0.0764, lr: 6.55e-06
     Epoch[1] Iteration[90/322], entropy: 0.2316, uncertainty: 3.6448, uncertainty_coeffi: 0.0001, loss: 0.0490, lr: 1.09e-07
     Epoch[1] Iteration[100/322], entropy: 0.3997, uncertainty: 4.5667, uncertainty_coeffi: 0.0001, loss: 0.0819, lr: 8.35e-06
     Epoch[1] Iteration[110/322], entropy: 0.2077, uncertainty: 3.7677, uncertainty_coeffi: 0.0001, loss: 0.0670, lr: 6.55e-06
     Epoch[1] Iteration[120/322], entropy: 0.4611, uncertainty: 3.4880, uncertainty_coeffi: 0.0001, loss: 0.1429, lr: 1.09e-07
     Epoch[1] Iteration[130/322], entropy: 0.2645, uncertainty: 3.7771, uncertainty_coeffi: 0.0001, loss: 0.0676, lr: 8.35e-06
     Epoch[1] Iteration[140/322], entropy: 0.1362, uncertainty: 3.2094, uncertainty_coeffi: 0.0001, loss: 0.0344, lr: 6.55e-06
     Epoch[1] Iteration[150/322], entropy: 0.2879, uncertainty: 3.0402, uncertainty_coeffi: 0.0001, loss: 0.0810, lr: 1.09e-07
     Epoch[1] Iteration[160/322], entropy: 0.2976, uncertainty: 2.8280, uncertainty_coeffi: 0.0001, loss: 0.1480, lr: 8.35e-06
     Epoch[1] Iteration[170/322], entropy: 0.2458, uncertainty: 3.8881, uncertainty_coeffi: 0.0001, loss: 0.0499, lr: 6.55e-06
     Epoch[1] Iteration[180/322], entropy: 0.2267, uncertainty: 4.2757, uncertainty_coeffi: 0.0001, loss: 0.0367, lr: 1.09e-07
     Epoch[1] Iteration[190/322], entropy: 0.1818, uncertainty: 3.7676, uncertainty_coeffi: 0.0001, loss: 0.0638, lr: 8.35e-06
     Epoch[1] Iteration[200/322], entropy: 0.3396, uncertainty: 3.7732, uncertainty_coeffi: 0.0001, loss: 0.0702, lr: 6.55e-06
     Epoch[1] Iteration[210/322], entropy: 0.2805, uncertainty: 4.1564, uncertainty_coeffi: 0.0001, loss: 0.0996, lr: 1.09e-07
     Epoch[1] Iteration[220/322], entropy: 0.2691, uncertainty: 4.4650, uncertainty_coeffi: 0.0001, loss: 0.0673, lr: 8.35e-06
     Epoch[1] Iteration[230/322], entropy: 0.2107, uncertainty: 3.0343, uncertainty_coeffi: 0.0001, loss: 0.0748, lr: 6.55e-06
     Epoch[1] Iteration[240/322], entropy: 0.3453, uncertainty: 4.1398, uncertainty_coeffi: 0.0001, loss: 0.0888, lr: 1.09e-07
     Epoch[1] Iteration[250/322], entropy: 0.1923, uncertainty: 3.9820, uncertainty_coeffi: 0.0001, loss: 0.0449, lr: 8.35e-06
     Epoch[1] Iteration[260/322], entropy: 0.2005, uncertainty: 3.7596, uncertainty_coeffi: 0.0001, loss: 0.1165, lr: 6.55e-06
     Epoch[1] Iteration[270/322], entropy: 0.2323, uncertainty: 4.0569, uncertainty_coeffi: 0.0001, loss: 0.0582, lr: 1.09e-07
     Epoch[1] Iteration[280/322], entropy: 0.3823, uncertainty: 3.9534, uncertainty_coeffi: 0.0001, loss: 0.0767, lr: 8.35e-06
     Epoch[1] Iteration[290/322], entropy: 0.3228, uncertainty: 3.9034, uncertainty_coeffi: 0.0001, loss: 0.1452, lr: 6.55e-06
     Epoch[1] Iteration[300/322], entropy: 0.4400, uncertainty: 3.9747, uncertainty_coeffi: 0.0001, loss: 0.1370, lr: 1.09e-07
     Epoch[1] Iteration[310/322], entropy: 0.1862, uncertainty: 2.4534, uncertainty_coeffi: 0.0001, loss: 0.0894, lr: 8.35e-06
     Epoch[1] Iteration[320/322], entropy: 0.3972, uncertainty: 4.3626, uncertainty_coeffi: 0.0001, loss: 0.0876, lr: 6.55e-06
     Averaged stats: entropy_avg: 0.2839, uncertainty_avg: 3.7307, uncertainty_coeffi_avg: 0.0001, loss_avg: 0.0828, lr_avg: 5.15e-06
     itm tta time 0:00:57
### TTA Eval Score: 
+-------+--------+--------+--------+--------+--------+
| epoch |   R1   |   R5   |  R10   |  mAP   |  mINP  |
+-------+--------+--------+--------+--------+--------+
|  -999 | 70.598 | 86.891 | 91.780 | 63.391 | 47.063 |
|   0   | 70.647 | 86.891 | 91.813 | 63.413 | 47.088 |
|   1   | 70.712 | 86.907 | 91.829 | 63.430 | 47.116 |
+-------+--------+--------+--------+--------+--------+
     logs:  {'epo': 1, 'R1': 70.712, 'R5': 86.907, 'R10': 91.829, 'mAP': 63.43, 'mINP': 47.116, 'entropy': 0.283881186041981, 'uncertainty': 3.7307064533233643, 'uncertainty_coeffi': 9.999999747378752e-05, 'loss': 0.08279569249134511, 'lr': 5.152835562614674e-06}
     Epoch[2] Iteration[10/322], entropy: 0.2542, uncertainty: 3.7182, uncertainty_coeffi: 0.0001, loss: 0.0480, lr: 9.55e-07
     Epoch[2] Iteration[20/322], entropy: 0.2519, uncertainty: 3.6460, uncertainty_coeffi: 0.0001, loss: 0.0729, lr: 9.57e-06
     Epoch[2] Iteration[30/322], entropy: 0.2859, uncertainty: 3.2484, uncertainty_coeffi: 0.0001, loss: 0.1320, lr: 4.48e-06
     Epoch[2] Iteration[40/322], entropy: 0.2702, uncertainty: 3.1977, uncertainty_coeffi: 0.0001, loss: 0.0706, lr: 9.55e-07
     Epoch[2] Iteration[50/322], entropy: 0.1428, uncertainty: 3.1404, uncertainty_coeffi: 0.0001, loss: 0.0483, lr: 9.57e-06
     Epoch[2] Iteration[60/322], entropy: 0.1280, uncertainty: 3.8507, uncertainty_coeffi: 0.0001, loss: 0.0271, lr: 4.48e-06
     Epoch[2] Iteration[70/322], entropy: 0.1732, uncertainty: 4.3649, uncertainty_coeffi: 0.0001, loss: 0.0356, lr: 9.55e-07
     Epoch[2] Iteration[80/322], entropy: 0.3559, uncertainty: 3.8667, uncertainty_coeffi: 0.0001, loss: 0.0766, lr: 9.57e-06
     Epoch[2] Iteration[90/322], entropy: 0.3812, uncertainty: 4.0376, uncertainty_coeffi: 0.0001, loss: 0.1361, lr: 4.48e-06
     Epoch[2] Iteration[100/322], entropy: 0.2866, uncertainty: 3.8126, uncertainty_coeffi: 0.0001, loss: 0.0833, lr: 9.55e-07
     Epoch[2] Iteration[110/322], entropy: 0.2280, uncertainty: 3.6299, uncertainty_coeffi: 0.0001, loss: 0.0575, lr: 9.57e-06
     Epoch[2] Iteration[120/322], entropy: 0.2780, uncertainty: 3.8299, uncertainty_coeffi: 0.0001, loss: 0.0515, lr: 4.48e-06
     Epoch[2] Iteration[130/322], entropy: 0.2636, uncertainty: 3.6552, uncertainty_coeffi: 0.0001, loss: 0.0787, lr: 9.55e-07
     Epoch[2] Iteration[140/322], entropy: 0.3078, uncertainty: 3.2475, uncertainty_coeffi: 0.0001, loss: 0.1245, lr: 9.57e-06
     Epoch[2] Iteration[150/322], entropy: 0.1017, uncertainty: 2.8908, uncertainty_coeffi: 0.0001, loss: 0.0481, lr: 4.48e-06
     Epoch[2] Iteration[160/322], entropy: 0.2706, uncertainty: 3.5691, uncertainty_coeffi: 0.0001, loss: 0.0633, lr: 9.55e-07
     Epoch[2] Iteration[170/322], entropy: 0.3584, uncertainty: 3.4489, uncertainty_coeffi: 0.0001, loss: 0.1013, lr: 9.57e-06
     Epoch[2] Iteration[180/322], entropy: 0.4205, uncertainty: 3.6232, uncertainty_coeffi: 0.0001, loss: 0.0845, lr: 4.48e-06
     Epoch[2] Iteration[190/322], entropy: 0.2667, uncertainty: 4.2017, uncertainty_coeffi: 0.0001, loss: 0.0773, lr: 9.55e-07
     Epoch[2] Iteration[200/322], entropy: 0.2589, uncertainty: 4.5076, uncertainty_coeffi: 0.0001, loss: 0.0891, lr: 9.57e-06
     Epoch[2] Iteration[210/322], entropy: 0.1383, uncertainty: 3.3605, uncertainty_coeffi: 0.0001, loss: 0.0516, lr: 4.48e-06
     Epoch[2] Iteration[220/322], entropy: 0.3734, uncertainty: 4.7017, uncertainty_coeffi: 0.0001, loss: 0.0745, lr: 9.55e-07
     Epoch[2] Iteration[230/322], entropy: 0.3819, uncertainty: 3.9284, uncertainty_coeffi: 0.0001, loss: 0.0848, lr: 9.57e-06
     Epoch[2] Iteration[240/322], entropy: 0.2505, uncertainty: 2.5057, uncertainty_coeffi: 0.0001, loss: 0.0777, lr: 4.48e-06
     Epoch[2] Iteration[250/322], entropy: 0.2614, uncertainty: 3.1666, uncertainty_coeffi: 0.0001, loss: 0.0854, lr: 9.55e-07
     Epoch[2] Iteration[260/322], entropy: 0.3929, uncertainty: 3.7992, uncertainty_coeffi: 0.0001, loss: 0.1108, lr: 9.57e-06
     Epoch[2] Iteration[270/322], entropy: 0.3538, uncertainty: 3.2815, uncertainty_coeffi: 0.0001, loss: 0.1153, lr: 4.48e-06
     Epoch[2] Iteration[280/322], entropy: 0.3107, uncertainty: 4.8419, uncertainty_coeffi: 0.0001, loss: 0.0788, lr: 9.55e-07
     Epoch[2] Iteration[290/322], entropy: 0.4637, uncertainty: 4.4864, uncertainty_coeffi: 0.0001, loss: 0.1349, lr: 9.57e-06
     Epoch[2] Iteration[300/322], entropy: 0.2993, uncertainty: 3.8825, uncertainty_coeffi: 0.0001, loss: 0.0630, lr: 4.48e-06
     Epoch[2] Iteration[310/322], entropy: 0.0975, uncertainty: 3.6767, uncertainty_coeffi: 0.0001, loss: 0.0209, lr: 9.55e-07
     Epoch[2] Iteration[320/322], entropy: 0.3029, uncertainty: 3.1464, uncertainty_coeffi: 0.0001, loss: 0.1305, lr: 9.57e-06
     Averaged stats: entropy_avg: 0.2785, uncertainty_avg: 3.6958, uncertainty_coeffi_avg: 0.0001, loss_avg: 0.0792, lr_avg: 5.02e-06
     itm tta time 0:00:57
### TTA Eval Score: 
+-------+--------+--------+--------+--------+--------+
| epoch |   R1   |   R5   |  R10   |  mAP   |  mINP  |
+-------+--------+--------+--------+--------+--------+
|  -999 | 70.598 | 86.891 | 91.780 | 63.391 | 47.063 |
|   0   | 70.647 | 86.891 | 91.813 | 63.413 | 47.088 |
|   1   | 70.712 | 86.907 | 91.829 | 63.430 | 47.116 |
|   2   | 70.614 | 86.923 | 91.829 | 63.425 | 47.144 |
+-------+--------+--------+--------+--------+--------+
     logs:  {'epo': 2, 'R1': 70.614, 'R5': 86.923, 'R10': 91.829, 'mAP': 63.425, 'mINP': 47.144, 'entropy': 0.278455947060138, 'uncertainty': 3.6957576870918274, 'uncertainty_coeffi': 9.999999747378752e-05, 'loss': 0.07920202030800283, 'lr': 5.016332572385591e-06}
     Epoch[3] Iteration[10/322], entropy: 0.4867, uncertainty: 4.5010, uncertainty_coeffi: 0.0001, loss: 0.1251, lr: 2.50e-06
     Epoch[3] Iteration[20/322], entropy: 0.1352, uncertainty: 4.5564, uncertainty_coeffi: 0.0001, loss: 0.0279, lr: 2.50e-06
     Epoch[3] Iteration[30/322], entropy: 0.3521, uncertainty: 3.5395, uncertainty_coeffi: 0.0001, loss: 0.1057, lr: 1.00e-05
     Epoch[3] Iteration[40/322], entropy: 0.1542, uncertainty: 3.1013, uncertainty_coeffi: 0.0001, loss: 0.0391, lr: 2.50e-06
     Epoch[3] Iteration[50/322], entropy: 0.1535, uncertainty: 2.7810, uncertainty_coeffi: 0.0001, loss: 0.0413, lr: 2.50e-06
     Epoch[3] Iteration[60/322], entropy: 0.1996, uncertainty: 2.7728, uncertainty_coeffi: 0.0001, loss: 0.0420, lr: 1.00e-05
     Epoch[3] Iteration[70/322], entropy: 0.1345, uncertainty: 2.9252, uncertainty_coeffi: 0.0001, loss: 0.0359, lr: 2.50e-06
     Epoch[3] Iteration[80/322], entropy: 0.3458, uncertainty: 4.2224, uncertainty_coeffi: 0.0001, loss: 0.1143, lr: 2.50e-06
     Epoch[3] Iteration[90/322], entropy: 0.2565, uncertainty: 4.4188, uncertainty_coeffi: 0.0001, loss: 0.0449, lr: 1.00e-05
     Epoch[3] Iteration[100/322], entropy: 0.6621, uncertainty: 4.3654, uncertainty_coeffi: 0.0001, loss: 0.1795, lr: 2.50e-06
     Epoch[3] Iteration[110/322], entropy: 0.2066, uncertainty: 3.5618, uncertainty_coeffi: 0.0001, loss: 0.0850, lr: 2.50e-06
     Epoch[3] Iteration[120/322], entropy: 0.1536, uncertainty: 3.6193, uncertainty_coeffi: 0.0001, loss: 0.0362, lr: 1.00e-05
     Epoch[3] Iteration[130/322], entropy: 0.5314, uncertainty: 3.9617, uncertainty_coeffi: 0.0001, loss: 0.0993, lr: 2.50e-06
     Epoch[3] Iteration[140/322], entropy: 0.1781, uncertainty: 2.8081, uncertainty_coeffi: 0.0001, loss: 0.0584, lr: 2.50e-06
     Epoch[3] Iteration[150/322], entropy: 0.4103, uncertainty: 3.6970, uncertainty_coeffi: 0.0001, loss: 0.0993, lr: 1.00e-05
     Epoch[3] Iteration[160/322], entropy: 0.3844, uncertainty: 3.8087, uncertainty_coeffi: 0.0001, loss: 0.1549, lr: 2.50e-06
     Epoch[3] Iteration[170/322], entropy: 0.2015, uncertainty: 3.1679, uncertainty_coeffi: 0.0001, loss: 0.0684, lr: 2.50e-06
     Epoch[3] Iteration[180/322], entropy: 0.1808, uncertainty: 4.5287, uncertainty_coeffi: 0.0001, loss: 0.0335, lr: 1.00e-05
     Epoch[3] Iteration[190/322], entropy: 0.1557, uncertainty: 3.2950, uncertainty_coeffi: 0.0001, loss: 0.0446, lr: 2.50e-06
     Epoch[3] Iteration[200/322], entropy: 0.2167, uncertainty: 2.7805, uncertainty_coeffi: 0.0001, loss: 0.0571, lr: 2.50e-06
     Epoch[3] Iteration[210/322], entropy: 0.1812, uncertainty: 2.4015, uncertainty_coeffi: 0.0001, loss: 0.0786, lr: 1.00e-05
     Epoch[3] Iteration[220/322], entropy: 0.2179, uncertainty: 3.2929, uncertainty_coeffi: 0.0001, loss: 0.0632, lr: 2.50e-06
     Epoch[3] Iteration[230/322], entropy: 0.2170, uncertainty: 4.8068, uncertainty_coeffi: 0.0001, loss: 0.0402, lr: 2.50e-06
     Epoch[3] Iteration[240/322], entropy: 0.2269, uncertainty: 2.7793, uncertainty_coeffi: 0.0001, loss: 0.0957, lr: 1.00e-05
     Epoch[3] Iteration[250/322], entropy: 0.1829, uncertainty: 2.9611, uncertainty_coeffi: 0.0001, loss: 0.0431, lr: 2.50e-06
     Epoch[3] Iteration[260/322], entropy: 0.1556, uncertainty: 3.4558, uncertainty_coeffi: 0.0001, loss: 0.0397, lr: 2.50e-06
     Epoch[3] Iteration[270/322], entropy: 0.2707, uncertainty: 3.5017, uncertainty_coeffi: 0.0001, loss: 0.0714, lr: 1.00e-05
     Epoch[3] Iteration[280/322], entropy: 0.3103, uncertainty: 3.1564, uncertainty_coeffi: 0.0001, loss: 0.1036, lr: 2.50e-06
     Epoch[3] Iteration[290/322], entropy: 0.2643, uncertainty: 3.9247, uncertainty_coeffi: 0.0001, loss: 0.0578, lr: 2.50e-06
     Epoch[3] Iteration[300/322], entropy: 0.3221, uncertainty: 3.6080, uncertainty_coeffi: 0.0001, loss: 0.0668, lr: 1.00e-05
     Epoch[3] Iteration[310/322], entropy: 0.3640, uncertainty: 3.1302, uncertainty_coeffi: 0.0001, loss: 0.1556, lr: 2.50e-06
     Epoch[3] Iteration[320/322], entropy: 0.4008, uncertainty: 3.1015, uncertainty_coeffi: 0.0001, loss: 0.1219, lr: 2.50e-06
     Averaged stats: entropy_avg: 0.2692, uncertainty_avg: 3.5166, uncertainty_coeffi_avg: 0.0001, loss_avg: 0.0759, lr_avg: 4.84e-06
     itm tta time 0:00:58
     Epoch[4] Iteration[10/322], entropy: 0.4322, uncertainty: 4.6500, uncertainty_coeffi: 0.0001, loss: 0.0870, lr: 9.57e-06
     Epoch[4] Iteration[20/322], entropy: 0.1565, uncertainty: 3.2695, uncertainty_coeffi: 0.0001, loss: 0.0364, lr: 9.55e-07
     Epoch[4] Iteration[30/322], entropy: 0.3607, uncertainty: 3.1371, uncertainty_coeffi: 0.0001, loss: 0.1357, lr: 4.48e-06
     Epoch[4] Iteration[40/322], entropy: 0.2874, uncertainty: 4.0029, uncertainty_coeffi: 0.0001, loss: 0.0896, lr: 9.57e-06
     Epoch[4] Iteration[50/322], entropy: 0.3143, uncertainty: 3.1103, uncertainty_coeffi: 0.0001, loss: 0.1182, lr: 9.55e-07
     Epoch[4] Iteration[60/322], entropy: 0.2406, uncertainty: 3.1149, uncertainty_coeffi: 0.0001, loss: 0.0772, lr: 4.48e-06
     Epoch[4] Iteration[70/322], entropy: 0.1378, uncertainty: 3.5744, uncertainty_coeffi: 0.0001, loss: 0.0305, lr: 9.57e-06
     Epoch[4] Iteration[80/322], entropy: 0.1358, uncertainty: 4.0007, uncertainty_coeffi: 0.0001, loss: 0.0244, lr: 9.55e-07
     Epoch[4] Iteration[90/322], entropy: 0.4921, uncertainty: 4.4242, uncertainty_coeffi: 0.0001, loss: 0.1050, lr: 4.48e-06
     Epoch[4] Iteration[100/322], entropy: 0.1199, uncertainty: 4.0020, uncertainty_coeffi: 0.0001, loss: 0.0347, lr: 9.57e-06
     Epoch[4] Iteration[110/322], entropy: 0.1595, uncertainty: 4.1302, uncertainty_coeffi: 0.0001, loss: 0.0523, lr: 9.55e-07
     Epoch[4] Iteration[120/322], entropy: 0.3255, uncertainty: 3.2192, uncertainty_coeffi: 0.0001, loss: 0.0959, lr: 4.48e-06
     Epoch[4] Iteration[130/322], entropy: 0.2397, uncertainty: 3.6668, uncertainty_coeffi: 0.0001, loss: 0.0416, lr: 9.57e-06
     Epoch[4] Iteration[140/322], entropy: 0.4320, uncertainty: 3.3549, uncertainty_coeffi: 0.0001, loss: 0.1225, lr: 9.55e-07
     Epoch[4] Iteration[150/322], entropy: 0.4008, uncertainty: 4.1323, uncertainty_coeffi: 0.0001, loss: 0.1028, lr: 4.48e-06
     Epoch[4] Iteration[160/322], entropy: 0.1269, uncertainty: 3.6230, uncertainty_coeffi: 0.0001, loss: 0.0353, lr: 9.57e-06
     Epoch[4] Iteration[170/322], entropy: 0.3278, uncertainty: 4.3859, uncertainty_coeffi: 0.0001, loss: 0.0594, lr: 9.55e-07
     Epoch[4] Iteration[180/322], entropy: 0.3086, uncertainty: 4.3077, uncertainty_coeffi: 0.0001, loss: 0.0644, lr: 4.48e-06
     Epoch[4] Iteration[190/322], entropy: 0.2598, uncertainty: 3.1028, uncertainty_coeffi: 0.0001, loss: 0.0611, lr: 9.57e-06
     Epoch[4] Iteration[200/322], entropy: 0.4418, uncertainty: 3.8963, uncertainty_coeffi: 0.0001, loss: 0.1182, lr: 9.55e-07
     Epoch[4] Iteration[210/322], entropy: 0.2107, uncertainty: 3.3774, uncertainty_coeffi: 0.0001, loss: 0.0577, lr: 4.48e-06
     Epoch[4] Iteration[220/322], entropy: 0.2277, uncertainty: 3.0994, uncertainty_coeffi: 0.0001, loss: 0.1267, lr: 9.57e-06
     Epoch[4] Iteration[230/322], entropy: 0.2874, uncertainty: 2.6070, uncertainty_coeffi: 0.0001, loss: 0.0893, lr: 9.55e-07
     Epoch[4] Iteration[240/322], entropy: 0.1033, uncertainty: 3.7219, uncertainty_coeffi: 0.0001, loss: 0.0191, lr: 4.48e-06
     Epoch[4] Iteration[250/322], entropy: 0.3735, uncertainty: 5.0779, uncertainty_coeffi: 0.0001, loss: 0.0655, lr: 9.57e-06
     Epoch[4] Iteration[260/322], entropy: 0.2443, uncertainty: 3.0995, uncertainty_coeffi: 0.0001, loss: 0.0740, lr: 9.55e-07
     Epoch[4] Iteration[270/322], entropy: 0.1673, uncertainty: 4.2302, uncertainty_coeffi: 0.0001, loss: 0.0319, lr: 4.48e-06
     Epoch[4] Iteration[280/322], entropy: 0.2893, uncertainty: 2.6563, uncertainty_coeffi: 0.0001, loss: 0.1198, lr: 9.57e-06
     Epoch[4] Iteration[290/322], entropy: 0.3610, uncertainty: 3.6947, uncertainty_coeffi: 0.0001, loss: 0.1540, lr: 9.55e-07
     Epoch[4] Iteration[300/322], entropy: 0.2703, uncertainty: 3.7100, uncertainty_coeffi: 0.0001, loss: 0.0917, lr: 4.48e-06
     Epoch[4] Iteration[310/322], entropy: 0.2753, uncertainty: 4.5080, uncertainty_coeffi: 0.0001, loss: 0.0437, lr: 9.57e-06
     Epoch[4] Iteration[320/322], entropy: 0.2365, uncertainty: 3.7360, uncertainty_coeffi: 0.0001, loss: 0.0670, lr: 9.55e-07
     Averaged stats: entropy_avg: 0.2733, uncertainty_avg: 3.7070, uncertainty_coeffi_avg: 0.0001, loss_avg: 0.0760, lr_avg: 5.02e-06
     itm tta time 0:00:58
### TTA Eval Score: 
+-------+--------+--------+--------+--------+--------+
| epoch |   R1   |   R5   |  R10   |  mAP   |  mINP  |
+-------+--------+--------+--------+--------+--------+
|  -999 | 70.598 | 86.891 | 91.780 | 63.391 | 47.063 |
|   0   | 70.647 | 86.891 | 91.813 | 63.413 | 47.088 |
|   1   | 70.712 | 86.907 | 91.829 | 63.430 | 47.116 |
|   2   | 70.614 | 86.923 | 91.829 | 63.425 | 47.144 |
|   4   | 70.728 | 86.875 | 91.862 | 63.467 | 47.175 |
+-------+--------+--------+--------+--------+--------+
     logs:  {'epo': 4, 'R1': 70.728, 'R5': 86.875, 'R10': 91.862, 'mAP': 63.467, 'mINP': 47.175, 'entropy': 0.273329125251621, 'uncertainty': 3.7069900557398796, 'uncertainty_coeffi': 9.999999747378752e-05, 'loss': 0.07601684564724565, 'lr': 5.016332572385585e-06}
     Epoch[5] Iteration[10/322], entropy: 0.3234, uncertainty: 4.0883, uncertainty_coeffi: 0.0001, loss: 0.0659, lr: 6.55e-06
     Epoch[5] Iteration[20/322], entropy: 0.3143, uncertainty: 3.7221, uncertainty_coeffi: 0.0001, loss: 0.1279, lr: 8.35e-06
     Epoch[5] Iteration[30/322], entropy: 0.3013, uncertainty: 3.1808, uncertainty_coeffi: 0.0001, loss: 0.0719, lr: 1.09e-07
     Epoch[5] Iteration[40/322], entropy: 0.3076, uncertainty: 3.1903, uncertainty_coeffi: 0.0001, loss: 0.0944, lr: 6.55e-06
     Epoch[5] Iteration[50/322], entropy: 0.2477, uncertainty: 3.7461, uncertainty_coeffi: 0.0001, loss: 0.1259, lr: 8.35e-06
     Epoch[5] Iteration[60/322], entropy: 0.4998, uncertainty: 3.5237, uncertainty_coeffi: 0.0001, loss: 0.1329, lr: 1.09e-07
     Epoch[5] Iteration[70/322], entropy: 0.1959, uncertainty: 3.7338, uncertainty_coeffi: 0.0001, loss: 0.0685, lr: 6.55e-06
     Epoch[5] Iteration[80/322], entropy: 0.2552, uncertainty: 3.4868, uncertainty_coeffi: 0.0001, loss: 0.0604, lr: 8.35e-06
     Epoch[5] Iteration[90/322], entropy: 0.4858, uncertainty: 3.8487, uncertainty_coeffi: 0.0001, loss: 0.1029, lr: 1.09e-07
     Epoch[5] Iteration[100/322], entropy: 0.3119, uncertainty: 3.8107, uncertainty_coeffi: 0.0001, loss: 0.0721, lr: 6.55e-06
     Epoch[5] Iteration[110/322], entropy: 0.2132, uncertainty: 3.0926, uncertainty_coeffi: 0.0001, loss: 0.0723, lr: 8.35e-06
     Epoch[5] Iteration[120/322], entropy: 0.1627, uncertainty: 4.0306, uncertainty_coeffi: 0.0001, loss: 0.0356, lr: 1.09e-07
     Epoch[5] Iteration[130/322], entropy: 0.2157, uncertainty: 2.8186, uncertainty_coeffi: 0.0001, loss: 0.1048, lr: 6.55e-06
     Epoch[5] Iteration[140/322], entropy: 0.1476, uncertainty: 3.0934, uncertainty_coeffi: 0.0001, loss: 0.0488, lr: 8.35e-06
     Epoch[5] Iteration[150/322], entropy: 0.3331, uncertainty: 3.4524, uncertainty_coeffi: 0.0001, loss: 0.1861, lr: 1.09e-07
     Epoch[5] Iteration[160/322], entropy: 0.3917, uncertainty: 3.4237, uncertainty_coeffi: 0.0001, loss: 0.0992, lr: 6.55e-06
     Epoch[5] Iteration[170/322], entropy: 0.3680, uncertainty: 3.7874, uncertainty_coeffi: 0.0001, loss: 0.1359, lr: 8.35e-06
     Epoch[5] Iteration[180/322], entropy: 0.2262, uncertainty: 3.6793, uncertainty_coeffi: 0.0001, loss: 0.0543, lr: 1.09e-07
     Epoch[5] Iteration[190/322], entropy: 0.2630, uncertainty: 3.4980, uncertainty_coeffi: 0.0001, loss: 0.0985, lr: 6.55e-06
     Epoch[5] Iteration[200/322], entropy: 0.3899, uncertainty: 3.6334, uncertainty_coeffi: 0.0001, loss: 0.0910, lr: 8.35e-06
     Epoch[5] Iteration[210/322], entropy: 0.2371, uncertainty: 3.3201, uncertainty_coeffi: 0.0001, loss: 0.0754, lr: 1.09e-07
     Epoch[5] Iteration[220/322], entropy: 0.2085, uncertainty: 3.5748, uncertainty_coeffi: 0.0001, loss: 0.0700, lr: 6.55e-06
     Epoch[5] Iteration[230/322], entropy: 0.1355, uncertainty: 3.4447, uncertainty_coeffi: 0.0001, loss: 0.0252, lr: 8.35e-06
     Epoch[5] Iteration[240/322], entropy: 0.2450, uncertainty: 3.4032, uncertainty_coeffi: 0.0001, loss: 0.0591, lr: 1.09e-07
     Epoch[5] Iteration[250/322], entropy: 0.2784, uncertainty: 3.5719, uncertainty_coeffi: 0.0001, loss: 0.0935, lr: 6.55e-06
     Epoch[5] Iteration[260/322], entropy: 0.3554, uncertainty: 4.0935, uncertainty_coeffi: 0.0001, loss: 0.0818, lr: 8.35e-06
     Epoch[5] Iteration[270/322], entropy: 0.1288, uncertainty: 4.2530, uncertainty_coeffi: 0.0001, loss: 0.0354, lr: 1.09e-07
     Epoch[5] Iteration[280/322], entropy: 0.2707, uncertainty: 3.3638, uncertainty_coeffi: 0.0001, loss: 0.0860, lr: 6.55e-06
     Epoch[5] Iteration[290/322], entropy: 0.2271, uncertainty: 4.8348, uncertainty_coeffi: 0.0001, loss: 0.0448, lr: 8.35e-06
     Epoch[5] Iteration[300/322], entropy: 0.2688, uncertainty: 2.9922, uncertainty_coeffi: 0.0001, loss: 0.1050, lr: 1.09e-07
     Epoch[5] Iteration[310/322], entropy: 0.0893, uncertainty: 3.6734, uncertainty_coeffi: 0.0001, loss: 0.0284, lr: 6.55e-06
     Epoch[5] Iteration[320/322], entropy: 0.2781, uncertainty: 2.9835, uncertainty_coeffi: 0.0001, loss: 0.1456, lr: 8.35e-06
     Averaged stats: entropy_avg: 0.2712, uncertainty_avg: 3.5734, uncertainty_coeffi_avg: 0.0001, loss_avg: 0.0844, lr_avg: 5.15e-06
     itm tta time 0:00:58
     Epoch[6] Iteration[10/322], entropy: 0.2257, uncertainty: 3.8762, uncertainty_coeffi: 0.0001, loss: 0.0571, lr: 1.09e-07
     Epoch[6] Iteration[20/322], entropy: 0.3780, uncertainty: 4.1559, uncertainty_coeffi: 0.0001, loss: 0.0920, lr: 8.35e-06
     Epoch[6] Iteration[30/322], entropy: 0.3398, uncertainty: 3.5497, uncertainty_coeffi: 0.0001, loss: 0.1326, lr: 6.55e-06
     Epoch[6] Iteration[40/322], entropy: 0.1463, uncertainty: 3.5630, uncertainty_coeffi: 0.0001, loss: 0.0378, lr: 1.09e-07
     Epoch[6] Iteration[50/322], entropy: 0.2712, uncertainty: 3.4024, uncertainty_coeffi: 0.0001, loss: 0.1118, lr: 8.35e-06
     Epoch[6] Iteration[60/322], entropy: 0.2432, uncertainty: 3.8296, uncertainty_coeffi: 0.0001, loss: 0.1416, lr: 6.55e-06
     Epoch[6] Iteration[70/322], entropy: 0.2751, uncertainty: 3.6736, uncertainty_coeffi: 0.0001, loss: 0.0803, lr: 1.09e-07
     Epoch[6] Iteration[80/322], entropy: 0.2797, uncertainty: 3.8282, uncertainty_coeffi: 0.0001, loss: 0.1682, lr: 7.50e-06
     Epoch[6] Iteration[90/322], entropy: 0.2333, uncertainty: 2.9605, uncertainty_coeffi: 0.0001, loss: 0.0660, lr: 7.50e-06
     Epoch[6] Iteration[100/322], entropy: 0.4134, uncertainty: 3.5289, uncertainty_coeffi: 0.0001, loss: 0.0926, lr: 0.00e+00
     Epoch[6] Iteration[110/322], entropy: 0.2834, uncertainty: 3.4087, uncertainty_coeffi: 0.0001, loss: 0.0906, lr: 7.50e-06
     Epoch[6] Iteration[120/322], entropy: 0.2538, uncertainty: 3.4471, uncertainty_coeffi: 0.0001, loss: 0.0751, lr: 7.50e-06
     Epoch[6] Iteration[130/322], entropy: 0.1909, uncertainty: 3.5157, uncertainty_coeffi: 0.0001, loss: 0.0467, lr: 0.00e+00
     Epoch[6] Iteration[140/322], entropy: 0.2589, uncertainty: 2.6836, uncertainty_coeffi: 0.0001, loss: 0.1575, lr: 7.50e-06
     Epoch[6] Iteration[150/322], entropy: 0.3291, uncertainty: 3.2770, uncertainty_coeffi: 0.0001, loss: 0.0750, lr: 7.50e-06
     Epoch[6] Iteration[160/322], entropy: 0.2525, uncertainty: 3.7530, uncertainty_coeffi: 0.0001, loss: 0.0456, lr: 0.00e+00
     Epoch[6] Iteration[170/322], entropy: 0.2421, uncertainty: 3.0858, uncertainty_coeffi: 0.0001, loss: 0.0679, lr: 7.50e-06
     Epoch[6] Iteration[180/322], entropy: 0.2872, uncertainty: 3.6338, uncertainty_coeffi: 0.0001, loss: 0.0934, lr: 7.50e-06
     Epoch[6] Iteration[190/322], entropy: 0.0964, uncertainty: 3.5160, uncertainty_coeffi: 0.0001, loss: 0.0239, lr: 0.00e+00
     Epoch[6] Iteration[200/322], entropy: 0.3083, uncertainty: 2.7546, uncertainty_coeffi: 0.0001, loss: 0.1363, lr: 7.50e-06
     Epoch[6] Iteration[210/322], entropy: 0.1737, uncertainty: 4.0910, uncertainty_coeffi: 0.0001, loss: 0.0367, lr: 7.50e-06
     Epoch[6] Iteration[220/322], entropy: 0.4113, uncertainty: 4.1463, uncertainty_coeffi: 0.0001, loss: 0.0787, lr: 0.00e+00
     Epoch[6] Iteration[230/322], entropy: 0.1628, uncertainty: 3.2551, uncertainty_coeffi: 0.0001, loss: 0.0346, lr: 7.50e-06
     Epoch[6] Iteration[240/322], entropy: 0.2213, uncertainty: 3.3508, uncertainty_coeffi: 0.0001, loss: 0.0540, lr: 7.50e-06
     Epoch[6] Iteration[250/322], entropy: 0.5319, uncertainty: 4.9595, uncertainty_coeffi: 0.0001, loss: 0.1097, lr: 0.00e+00
     Epoch[6] Iteration[260/322], entropy: 0.3213, uncertainty: 3.4148, uncertainty_coeffi: 0.0001, loss: 0.0945, lr: 7.50e-06
     Epoch[6] Iteration[270/322], entropy: 0.2187, uncertainty: 3.7568, uncertainty_coeffi: 0.0001, loss: 0.0541, lr: 7.50e-06
     Epoch[6] Iteration[280/322], entropy: 0.4031, uncertainty: 4.4365, uncertainty_coeffi: 0.0001, loss: 0.0770, lr: 0.00e+00
     Epoch[6] Iteration[290/322], entropy: 0.4017, uncertainty: 3.6591, uncertainty_coeffi: 0.0001, loss: 0.1255, lr: 7.50e-06
     Epoch[6] Iteration[300/322], entropy: 0.0928, uncertainty: 3.2460, uncertainty_coeffi: 0.0001, loss: 0.0244, lr: 7.50e-06
     Epoch[6] Iteration[310/322], entropy: 0.4672, uncertainty: 4.4371, uncertainty_coeffi: 0.0001, loss: 0.1046, lr: 0.00e+00
     Epoch[6] Iteration[320/322], entropy: 0.2046, uncertainty: 3.6421, uncertainty_coeffi: 0.0001, loss: 0.0407, lr: 7.50e-06
     Averaged stats: entropy_avg: 0.2787, uncertainty_avg: 3.6200, uncertainty_coeffi_avg: 0.0001, loss_avg: 0.0821, lr_avg: 4.93e-06
     itm tta time 0:00:58
     Epoch[7] Iteration[10/322], entropy: 0.2339, uncertainty: 3.5358, uncertainty_coeffi: 0.0001, loss: 0.0730, lr: 5.52e-06
     Epoch[7] Iteration[20/322], entropy: 0.3503, uncertainty: 4.4128, uncertainty_coeffi: 0.0001, loss: 0.0750, lr: 4.32e-07
     Epoch[7] Iteration[30/322], entropy: 0.2070, uncertainty: 4.1625, uncertainty_coeffi: 0.0001, loss: 0.0415, lr: 9.05e-06
     Epoch[7] Iteration[40/322], entropy: 0.3433, uncertainty: 3.4791, uncertainty_coeffi: 0.0001, loss: 0.0711, lr: 5.52e-06
     Epoch[7] Iteration[50/322], entropy: 0.2671, uncertainty: 3.2097, uncertainty_coeffi: 0.0001, loss: 0.0700, lr: 4.32e-07
     Epoch[7] Iteration[60/322], entropy: 0.1359, uncertainty: 4.1150, uncertainty_coeffi: 0.0001, loss: 0.0604, lr: 9.05e-06
     Epoch[7] Iteration[70/322], entropy: 0.2579, uncertainty: 3.0023, uncertainty_coeffi: 0.0001, loss: 0.0706, lr: 5.52e-06
     Epoch[7] Iteration[80/322], entropy: 0.4981, uncertainty: 2.6206, uncertainty_coeffi: 0.0001, loss: 0.1635, lr: 4.32e-07
     Epoch[7] Iteration[90/322], entropy: 0.3284, uncertainty: 3.9346, uncertainty_coeffi: 0.0001, loss: 0.1530, lr: 9.05e-06
     Epoch[7] Iteration[100/322], entropy: 0.2044, uncertainty: 3.9965, uncertainty_coeffi: 0.0001, loss: 0.0742, lr: 5.52e-06
     Epoch[7] Iteration[110/322], entropy: 0.1756, uncertainty: 3.0721, uncertainty_coeffi: 0.0001, loss: 0.0889, lr: 4.32e-07
     Epoch[7] Iteration[120/322], entropy: 0.5199, uncertainty: 4.1073, uncertainty_coeffi: 0.0001, loss: 0.1482, lr: 9.05e-06
     Epoch[7] Iteration[130/322], entropy: 0.2688, uncertainty: 3.8732, uncertainty_coeffi: 0.0001, loss: 0.0910, lr: 5.52e-06
     Epoch[7] Iteration[140/322], entropy: 0.3035, uncertainty: 3.3196, uncertainty_coeffi: 0.0001, loss: 0.0720, lr: 4.32e-07
     Epoch[7] Iteration[150/322], entropy: 0.4585, uncertainty: 4.6157, uncertainty_coeffi: 0.0001, loss: 0.0808, lr: 9.05e-06
     Epoch[7] Iteration[160/322], entropy: 0.0664, uncertainty: 3.2035, uncertainty_coeffi: 0.0001, loss: 0.0222, lr: 5.52e-06
     Epoch[7] Iteration[170/322], entropy: 0.3210, uncertainty: 3.0115, uncertainty_coeffi: 0.0001, loss: 0.1514, lr: 4.32e-07
     Epoch[7] Iteration[180/322], entropy: 0.2968, uncertainty: 3.8118, uncertainty_coeffi: 0.0001, loss: 0.0751, lr: 9.05e-06
     Epoch[7] Iteration[190/322], entropy: 0.2887, uncertainty: 3.7277, uncertainty_coeffi: 0.0001, loss: 0.0745, lr: 5.52e-06
     Epoch[7] Iteration[200/322], entropy: 0.2296, uncertainty: 2.9844, uncertainty_coeffi: 0.0001, loss: 0.0681, lr: 4.32e-07
     Epoch[7] Iteration[210/322], entropy: 0.4153, uncertainty: 4.8435, uncertainty_coeffi: 0.0001, loss: 0.0829, lr: 9.05e-06
     Epoch[7] Iteration[220/322], entropy: 0.2317, uncertainty: 3.6204, uncertainty_coeffi: 0.0001, loss: 0.0723, lr: 5.52e-06
     Epoch[7] Iteration[230/322], entropy: 0.2728, uncertainty: 4.2824, uncertainty_coeffi: 0.0001, loss: 0.0543, lr: 4.32e-07
     Epoch[7] Iteration[240/322], entropy: 0.3345, uncertainty: 3.1277, uncertainty_coeffi: 0.0001, loss: 0.1213, lr: 9.05e-06
     Epoch[7] Iteration[250/322], entropy: 0.3859, uncertainty: 3.5957, uncertainty_coeffi: 0.0001, loss: 0.1333, lr: 5.52e-06
     Epoch[7] Iteration[260/322], entropy: 0.5146, uncertainty: 3.8210, uncertainty_coeffi: 0.0001, loss: 0.1426, lr: 4.32e-07
     Epoch[7] Iteration[270/322], entropy: 0.4432, uncertainty: 4.7631, uncertainty_coeffi: 0.0001, loss: 0.0711, lr: 9.05e-06
     Epoch[7] Iteration[280/322], entropy: 0.3360, uncertainty: 3.4717, uncertainty_coeffi: 0.0001, loss: 0.1280, lr: 5.52e-06
     Epoch[7] Iteration[290/322], entropy: 0.3267, uncertainty: 3.5752, uncertainty_coeffi: 0.0001, loss: 0.0672, lr: 4.32e-07
     Epoch[7] Iteration[300/322], entropy: 0.3543, uncertainty: 3.7159, uncertainty_coeffi: 0.0001, loss: 0.0833, lr: 9.05e-06
     Epoch[7] Iteration[310/322], entropy: 0.1873, uncertainty: 3.8177, uncertainty_coeffi: 0.0001, loss: 0.0608, lr: 5.52e-06
     Epoch[7] Iteration[320/322], entropy: 0.2261, uncertainty: 3.5407, uncertainty_coeffi: 0.0001, loss: 0.0454, lr: 4.32e-07
     Averaged stats: entropy_avg: 0.3057, uncertainty_avg: 3.6991, uncertainty_coeffi_avg: 0.0001, loss_avg: 0.0871, lr_avg: 4.87e-06
     itm tta time 0:00:58
     Epoch[8] Iteration[10/322], entropy: 0.2967, uncertainty: 4.1771, uncertainty_coeffi: 0.0001, loss: 0.0627, lr: 9.89e-06
     Epoch[8] Iteration[20/322], entropy: 0.2519, uncertainty: 4.0007, uncertainty_coeffi: 0.0001, loss: 0.0460, lr: 3.45e-06
     Epoch[8] Iteration[30/322], entropy: 0.1819, uncertainty: 3.7190, uncertainty_coeffi: 0.0001, loss: 0.0473, lr: 1.65e-06
     Epoch[8] Iteration[40/322], entropy: 0.1739, uncertainty: 3.9399, uncertainty_coeffi: 0.0001, loss: 0.0467, lr: 9.89e-06
     Epoch[8] Iteration[50/322], entropy: 0.2879, uncertainty: 4.5019, uncertainty_coeffi: 0.0001, loss: 0.0833, lr: 3.45e-06
     Epoch[8] Iteration[60/322], entropy: 0.2545, uncertainty: 3.3211, uncertainty_coeffi: 0.0001, loss: 0.0613, lr: 1.65e-06
     Epoch[8] Iteration[70/322], entropy: 0.3144, uncertainty: 4.8184, uncertainty_coeffi: 0.0001, loss: 0.0604, lr: 9.89e-06
     Epoch[8] Iteration[80/322], entropy: 0.3057, uncertainty: 3.9272, uncertainty_coeffi: 0.0001, loss: 0.0680, lr: 3.45e-06
     Epoch[8] Iteration[90/322], entropy: 0.2334, uncertainty: 3.8812, uncertainty_coeffi: 0.0001, loss: 0.0712, lr: 1.65e-06
     Epoch[8] Iteration[100/322], entropy: 0.3938, uncertainty: 3.7606, uncertainty_coeffi: 0.0001, loss: 0.1958, lr: 9.89e-06
     Epoch[8] Iteration[110/322], entropy: 0.2134, uncertainty: 3.6785, uncertainty_coeffi: 0.0001, loss: 0.0395, lr: 3.45e-06
     Epoch[8] Iteration[120/322], entropy: 0.2281, uncertainty: 3.2065, uncertainty_coeffi: 0.0001, loss: 0.0457, lr: 1.65e-06
     Epoch[8] Iteration[130/322], entropy: 0.2235, uncertainty: 4.3507, uncertainty_coeffi: 0.0001, loss: 0.0599, lr: 9.89e-06
     Epoch[8] Iteration[140/322], entropy: 0.4233, uncertainty: 2.9731, uncertainty_coeffi: 0.0001, loss: 0.1765, lr: 3.45e-06
     Epoch[8] Iteration[150/322], entropy: 0.4713, uncertainty: 4.6240, uncertainty_coeffi: 0.0001, loss: 0.0929, lr: 1.65e-06
     Epoch[8] Iteration[160/322], entropy: 0.2105, uncertainty: 4.2597, uncertainty_coeffi: 0.0001, loss: 0.0354, lr: 9.89e-06
     Epoch[8] Iteration[170/322], entropy: 0.2697, uncertainty: 4.1736, uncertainty_coeffi: 0.0001, loss: 0.0766, lr: 3.45e-06
     Epoch[8] Iteration[180/322], entropy: 0.3236, uncertainty: 3.9004, uncertainty_coeffi: 0.0001, loss: 0.0828, lr: 1.65e-06
     Epoch[8] Iteration[190/322], entropy: 0.3601, uncertainty: 4.0562, uncertainty_coeffi: 0.0001, loss: 0.1273, lr: 9.89e-06
     Epoch[8] Iteration[200/322], entropy: 0.1634, uncertainty: 3.3589, uncertainty_coeffi: 0.0001, loss: 0.0704, lr: 3.45e-06
     Epoch[8] Iteration[210/322], entropy: 0.3853, uncertainty: 3.2290, uncertainty_coeffi: 0.0001, loss: 0.1206, lr: 1.65e-06
     Epoch[8] Iteration[220/322], entropy: 0.3145, uncertainty: 3.7226, uncertainty_coeffi: 0.0001, loss: 0.0988, lr: 9.89e-06
     Epoch[8] Iteration[230/322], entropy: 0.3089, uncertainty: 3.2062, uncertainty_coeffi: 0.0001, loss: 0.1186, lr: 3.45e-06
     Epoch[8] Iteration[240/322], entropy: 0.2935, uncertainty: 4.1340, uncertainty_coeffi: 0.0001, loss: 0.1177, lr: 1.65e-06
     Epoch[8] Iteration[250/322], entropy: 0.2741, uncertainty: 2.9865, uncertainty_coeffi: 0.0001, loss: 0.1082, lr: 9.89e-06
     Epoch[8] Iteration[260/322], entropy: 0.3283, uncertainty: 3.3763, uncertainty_coeffi: 0.0001, loss: 0.1152, lr: 3.45e-06
     Epoch[8] Iteration[270/322], entropy: 0.2365, uncertainty: 3.6183, uncertainty_coeffi: 0.0001, loss: 0.0579, lr: 1.65e-06
     Epoch[8] Iteration[280/322], entropy: 0.2628, uncertainty: 3.4312, uncertainty_coeffi: 0.0001, loss: 0.0684, lr: 9.89e-06
     Epoch[8] Iteration[290/322], entropy: 0.4393, uncertainty: 3.8097, uncertainty_coeffi: 0.0001, loss: 0.0916, lr: 3.45e-06
     Epoch[8] Iteration[300/322], entropy: 0.3631, uncertainty: 3.3652, uncertainty_coeffi: 0.0001, loss: 0.1672, lr: 1.65e-06
     Epoch[8] Iteration[310/322], entropy: 0.3096, uncertainty: 3.6839, uncertainty_coeffi: 0.0001, loss: 0.0816, lr: 9.89e-06
     Epoch[8] Iteration[320/322], entropy: 0.1812, uncertainty: 4.1745, uncertainty_coeffi: 0.0001, loss: 0.0749, lr: 3.45e-06
     Averaged stats: entropy_avg: 0.2899, uncertainty_avg: 3.7927, uncertainty_coeffi_avg: 0.0001, loss_avg: 0.0866, lr_avg: 5.10e-06
     itm tta time 0:00:58
     Epoch[9] Iteration[10/322], entropy: 0.4280, uncertainty: 3.9300, uncertainty_coeffi: 0.0001, loss: 0.1091, lr: 3.45e-06
     Epoch[9] Iteration[20/322], entropy: 0.4291, uncertainty: 4.3417, uncertainty_coeffi: 0.0001, loss: 0.1402, lr: 9.89e-06
     Epoch[9] Iteration[30/322], entropy: 0.4924, uncertainty: 4.0480, uncertainty_coeffi: 0.0001, loss: 0.1764, lr: 1.65e-06
     Epoch[9] Iteration[40/322], entropy: 0.1783, uncertainty: 4.0579, uncertainty_coeffi: 0.0001, loss: 0.0760, lr: 3.45e-06
     Epoch[9] Iteration[50/322], entropy: 0.3674, uncertainty: 3.7253, uncertainty_coeffi: 0.0001, loss: 0.1806, lr: 9.89e-06
     Epoch[9] Iteration[60/322], entropy: 0.4308, uncertainty: 4.2905, uncertainty_coeffi: 0.0001, loss: 0.1054, lr: 1.65e-06
     Epoch[9] Iteration[70/322], entropy: 0.3114, uncertainty: 2.7631, uncertainty_coeffi: 0.0001, loss: 0.1326, lr: 3.45e-06
     Epoch[9] Iteration[80/322], entropy: 0.1714, uncertainty: 3.3252, uncertainty_coeffi: 0.0001, loss: 0.0831, lr: 9.89e-06
     Epoch[9] Iteration[90/322], entropy: 0.3338, uncertainty: 4.2879, uncertainty_coeffi: 0.0001, loss: 0.1079, lr: 1.65e-06
     Epoch[9] Iteration[100/322], entropy: 0.4606, uncertainty: 3.8616, uncertainty_coeffi: 0.0001, loss: 0.1316, lr: 3.45e-06
     Epoch[9] Iteration[110/322], entropy: 0.2863, uncertainty: 3.8109, uncertainty_coeffi: 0.0001, loss: 0.0744, lr: 9.89e-06
     Epoch[9] Iteration[120/322], entropy: 0.4736, uncertainty: 3.8651, uncertainty_coeffi: 0.0001, loss: 0.1882, lr: 1.65e-06
     Epoch[9] Iteration[130/322], entropy: 0.1994, uncertainty: 3.2806, uncertainty_coeffi: 0.0001, loss: 0.0657, lr: 3.45e-06
     Epoch[9] Iteration[140/322], entropy: 0.2911, uncertainty: 3.7369, uncertainty_coeffi: 0.0001, loss: 0.0747, lr: 9.89e-06
     Epoch[9] Iteration[150/322], entropy: 0.1559, uncertainty: 2.8505, uncertainty_coeffi: 0.0001, loss: 0.0553, lr: 1.65e-06
     Epoch[9] Iteration[160/322], entropy: 0.3388, uncertainty: 3.6465, uncertainty_coeffi: 0.0001, loss: 0.0948, lr: 3.45e-06
     Epoch[9] Iteration[170/322], entropy: 0.2039, uncertainty: 3.8505, uncertainty_coeffi: 0.0001, loss: 0.0580, lr: 9.89e-06
     Epoch[9] Iteration[180/322], entropy: 0.2964, uncertainty: 5.1606, uncertainty_coeffi: 0.0001, loss: 0.0647, lr: 1.65e-06
     Epoch[9] Iteration[190/322], entropy: 0.2233, uncertainty: 4.0289, uncertainty_coeffi: 0.0001, loss: 0.0691, lr: 3.45e-06
     Epoch[9] Iteration[200/322], entropy: 0.2513, uncertainty: 3.6361, uncertainty_coeffi: 0.0001, loss: 0.0612, lr: 9.89e-06
     Epoch[9] Iteration[210/322], entropy: 0.2970, uncertainty: 3.3518, uncertainty_coeffi: 0.0001, loss: 0.1158, lr: 1.65e-06
     Epoch[9] Iteration[220/322], entropy: 0.1614, uncertainty: 3.0194, uncertainty_coeffi: 0.0001, loss: 0.0557, lr: 3.45e-06
     Epoch[9] Iteration[230/322], entropy: 0.2317, uncertainty: 3.9974, uncertainty_coeffi: 0.0001, loss: 0.0470, lr: 9.89e-06
     Epoch[9] Iteration[240/322], entropy: 0.2288, uncertainty: 2.8390, uncertainty_coeffi: 0.0001, loss: 0.0902, lr: 1.65e-06
     Epoch[9] Iteration[250/322], entropy: 0.1014, uncertainty: 4.5391, uncertainty_coeffi: 0.0001, loss: 0.0208, lr: 3.45e-06
     Epoch[9] Iteration[260/322], entropy: 0.3169, uncertainty: 3.6161, uncertainty_coeffi: 0.0001, loss: 0.0786, lr: 9.89e-06
     Epoch[9] Iteration[270/322], entropy: 0.2642, uncertainty: 3.7620, uncertainty_coeffi: 0.0001, loss: 0.0883, lr: 1.65e-06
     Epoch[9] Iteration[280/322], entropy: 0.1577, uncertainty: 3.8188, uncertainty_coeffi: 0.0001, loss: 0.0552, lr: 3.45e-06
     Epoch[9] Iteration[290/322], entropy: 0.4445, uncertainty: 3.7640, uncertainty_coeffi: 0.0001, loss: 0.1370, lr: 9.89e-06
     Epoch[9] Iteration[300/322], entropy: 0.1968, uncertainty: 3.3962, uncertainty_coeffi: 0.0001, loss: 0.0420, lr: 1.65e-06
     Epoch[9] Iteration[310/322], entropy: 0.3674, uncertainty: 3.1929, uncertainty_coeffi: 0.0001, loss: 0.1628, lr: 3.45e-06
     Epoch[9] Iteration[320/322], entropy: 0.1849, uncertainty: 4.0724, uncertainty_coeffi: 0.0001, loss: 0.0318, lr: 9.89e-06
     Averaged stats: entropy_avg: 0.2899, uncertainty_avg: 3.7458, uncertainty_coeffi_avg: 0.0001, loss_avg: 0.0929, lr_avg: 5.10e-06
     itm tta time 0:00:58
### TTA Eval Score: 
+-------+--------+--------+--------+--------+--------+
| epoch |   R1   |   R5   |  R10   |  mAP   |  mINP  |
+-------+--------+--------+--------+--------+--------+
|  -999 | 70.598 | 86.891 | 91.780 | 63.391 | 47.063 |
|   0   | 70.647 | 86.891 | 91.813 | 63.413 | 47.088 |
|   1   | 70.712 | 86.907 | 91.829 | 63.430 | 47.116 |
|   2   | 70.614 | 86.923 | 91.829 | 63.425 | 47.144 |
|   4   | 70.728 | 86.875 | 91.862 | 63.467 | 47.175 |
|   9   | 70.760 | 86.842 | 91.894 | 63.487 | 47.225 |
+-------+--------+--------+--------+--------+--------+
     logs:  {'epo': 9, 'R1': 70.76, 'R5': 86.842, 'R10': 91.894, 'mAP': 63.487, 'mINP': 47.225, 'entropy': 0.28986748843453825, 'uncertainty': 3.7458366304636, 'uncertainty_coeffi': 9.999999747378752e-05, 'loss': 0.09294147283071652, 'lr': 5.1045516572436495e-06}
     Epoch[10] Iteration[10/322], entropy: 0.2350, uncertainty: 3.2955, uncertainty_coeffi: 0.0001, loss: 0.1207, lr: 4.32e-07
     Epoch[10] Iteration[20/322], entropy: 0.2808, uncertainty: 3.9446, uncertainty_coeffi: 0.0001, loss: 0.0789, lr: 5.52e-06
     Epoch[10] Iteration[30/322], entropy: 0.3153, uncertainty: 4.0030, uncertainty_coeffi: 0.0001, loss: 0.0737, lr: 9.05e-06
     Epoch[10] Iteration[40/322], entropy: 0.2397, uncertainty: 2.6084, uncertainty_coeffi: 0.0001, loss: 0.0781, lr: 4.32e-07
     Epoch[10] Iteration[50/322], entropy: 0.2793, uncertainty: 3.6206, uncertainty_coeffi: 0.0001, loss: 0.0975, lr: 5.52e-06
     Epoch[10] Iteration[60/322], entropy: 0.4050, uncertainty: 3.8240, uncertainty_coeffi: 0.0001, loss: 0.1033, lr: 9.05e-06
     Epoch[10] Iteration[70/322], entropy: 0.3487, uncertainty: 3.7897, uncertainty_coeffi: 0.0001, loss: 0.1213, lr: 4.32e-07
     Epoch[10] Iteration[80/322], entropy: 0.2466, uncertainty: 3.7763, uncertainty_coeffi: 0.0001, loss: 0.0577, lr: 5.52e-06
     Epoch[10] Iteration[90/322], entropy: 0.4987, uncertainty: 3.8372, uncertainty_coeffi: 0.0001, loss: 0.1171, lr: 9.05e-06
     Epoch[10] Iteration[100/322], entropy: 0.1742, uncertainty: 3.5446, uncertainty_coeffi: 0.0001, loss: 0.0339, lr: 4.32e-07
     Epoch[10] Iteration[110/322], entropy: 0.1800, uncertainty: 4.0222, uncertainty_coeffi: 0.0001, loss: 0.0602, lr: 5.52e-06
     Epoch[10] Iteration[120/322], entropy: 0.2518, uncertainty: 3.0571, uncertainty_coeffi: 0.0001, loss: 0.0718, lr: 9.05e-06
     Epoch[10] Iteration[130/322], entropy: 0.3644, uncertainty: 3.9853, uncertainty_coeffi: 0.0001, loss: 0.0812, lr: 4.32e-07
     Epoch[10] Iteration[140/322], entropy: 0.2366, uncertainty: 4.0760, uncertainty_coeffi: 0.0001, loss: 0.0712, lr: 5.52e-06
     Epoch[10] Iteration[150/322], entropy: 0.1882, uncertainty: 3.5117, uncertainty_coeffi: 0.0001, loss: 0.0496, lr: 9.05e-06
     Epoch[10] Iteration[160/322], entropy: 0.3001, uncertainty: 3.0142, uncertainty_coeffi: 0.0001, loss: 0.1169, lr: 4.32e-07
     Epoch[10] Iteration[170/322], entropy: 0.3606, uncertainty: 4.6358, uncertainty_coeffi: 0.0001, loss: 0.1054, lr: 5.52e-06
     Epoch[10] Iteration[180/322], entropy: 0.4379, uncertainty: 4.4116, uncertainty_coeffi: 0.0001, loss: 0.1374, lr: 9.05e-06
     Epoch[10] Iteration[190/322], entropy: 0.5494, uncertainty: 4.3664, uncertainty_coeffi: 0.0001, loss: 0.1300, lr: 4.32e-07
     Epoch[10] Iteration[200/322], entropy: 0.3134, uncertainty: 3.1550, uncertainty_coeffi: 0.0001, loss: 0.1541, lr: 5.52e-06
     Epoch[10] Iteration[210/322], entropy: 0.2378, uncertainty: 3.7935, uncertainty_coeffi: 0.0001, loss: 0.0967, lr: 9.05e-06
     Epoch[10] Iteration[220/322], entropy: 0.3297, uncertainty: 4.0655, uncertainty_coeffi: 0.0001, loss: 0.0859, lr: 4.32e-07
     Epoch[10] Iteration[230/322], entropy: 0.3442, uncertainty: 2.7340, uncertainty_coeffi: 0.0001, loss: 0.1200, lr: 5.52e-06
     Epoch[10] Iteration[240/322], entropy: 0.2333, uncertainty: 2.5804, uncertainty_coeffi: 0.0001, loss: 0.1067, lr: 9.05e-06
     Epoch[10] Iteration[250/322], entropy: 0.3821, uncertainty: 3.8552, uncertainty_coeffi: 0.0001, loss: 0.1423, lr: 4.32e-07
     Epoch[10] Iteration[260/322], entropy: 0.1526, uncertainty: 2.9689, uncertainty_coeffi: 0.0001, loss: 0.0491, lr: 5.52e-06
     Epoch[10] Iteration[270/322], entropy: 0.2928, uncertainty: 3.4334, uncertainty_coeffi: 0.0001, loss: 0.0810, lr: 9.05e-06
     Epoch[10] Iteration[280/322], entropy: 0.3352, uncertainty: 3.7852, uncertainty_coeffi: 0.0001, loss: 0.0797, lr: 4.32e-07
     Epoch[10] Iteration[290/322], entropy: 0.1672, uncertainty: 3.4059, uncertainty_coeffi: 0.0001, loss: 0.0762, lr: 5.52e-06
     Epoch[10] Iteration[300/322], entropy: 0.2933, uncertainty: 3.1950, uncertainty_coeffi: 0.0001, loss: 0.0967, lr: 9.05e-06
     Epoch[10] Iteration[310/322], entropy: 0.2897, uncertainty: 3.3889, uncertainty_coeffi: 0.0001, loss: 0.0660, lr: 4.32e-07
     Epoch[10] Iteration[320/322], entropy: 0.3798, uncertainty: 4.2161, uncertainty_coeffi: 0.0001, loss: 0.1029, lr: 5.52e-06
     Averaged stats: entropy_avg: 0.3014, uncertainty_avg: 3.6219, uncertainty_coeffi_avg: 0.0001, loss_avg: 0.0926, lr_avg: 4.87e-06
     itm tta time 0:00:58
     Epoch[11] Iteration[10/322], entropy: 0.3412, uncertainty: 2.9316, uncertainty_coeffi: 0.0001, loss: 0.1343, lr: 7.50e-06
     Epoch[11] Iteration[20/322], entropy: 0.3622, uncertainty: 3.9427, uncertainty_coeffi: 0.0001, loss: 0.1128, lr: 0.00e+00
     Epoch[11] Iteration[30/322], entropy: 0.1530, uncertainty: 3.5289, uncertainty_coeffi: 0.0001, loss: 0.0327, lr: 7.50e-06
     Epoch[11] Iteration[40/322], entropy: 0.1752, uncertainty: 3.2015, uncertainty_coeffi: 0.0001, loss: 0.0498, lr: 7.50e-06
     Epoch[11] Iteration[50/322], entropy: 0.1917, uncertainty: 2.9707, uncertainty_coeffi: 0.0001, loss: 0.0605, lr: 0.00e+00
     Epoch[11] Iteration[60/322], entropy: 0.3543, uncertainty: 3.7105, uncertainty_coeffi: 0.0001, loss: 0.0965, lr: 7.50e-06
     Epoch[11] Iteration[70/322], entropy: 0.4069, uncertainty: 3.2015, uncertainty_coeffi: 0.0001, loss: 0.1323, lr: 7.50e-06
     Epoch[11] Iteration[80/322], entropy: 0.4347, uncertainty: 3.8706, uncertainty_coeffi: 0.0001, loss: 0.1314, lr: 0.00e+00
     Epoch[11] Iteration[90/322], entropy: 0.3914, uncertainty: 4.0405, uncertainty_coeffi: 0.0001, loss: 0.0814, lr: 7.50e-06
     Epoch[11] Iteration[100/322], entropy: 0.4175, uncertainty: 3.9697, uncertainty_coeffi: 0.0001, loss: 0.0907, lr: 7.50e-06
     Epoch[11] Iteration[110/322], entropy: 0.3128, uncertainty: 3.8441, uncertainty_coeffi: 0.0001, loss: 0.0806, lr: 0.00e+00
     Epoch[11] Iteration[120/322], entropy: 0.3156, uncertainty: 3.4571, uncertainty_coeffi: 0.0001, loss: 0.0758, lr: 7.50e-06
     Epoch[11] Iteration[130/322], entropy: 0.1303, uncertainty: 3.7404, uncertainty_coeffi: 0.0001, loss: 0.0318, lr: 7.50e-06
     Epoch[11] Iteration[140/322], entropy: 0.1977, uncertainty: 3.2448, uncertainty_coeffi: 0.0001, loss: 0.0833, lr: 0.00e+00
     Epoch[11] Iteration[150/322], entropy: 0.1713, uncertainty: 4.4562, uncertainty_coeffi: 0.0001, loss: 0.0309, lr: 7.50e-06
     Epoch[11] Iteration[160/322], entropy: 0.2274, uncertainty: 4.0513, uncertainty_coeffi: 0.0001, loss: 0.0834, lr: 7.50e-06
     Epoch[11] Iteration[170/322], entropy: 0.3713, uncertainty: 3.9066, uncertainty_coeffi: 0.0001, loss: 0.1042, lr: 0.00e+00
     Epoch[11] Iteration[180/322], entropy: 0.2729, uncertainty: 3.4184, uncertainty_coeffi: 0.0001, loss: 0.1241, lr: 7.50e-06
     Epoch[11] Iteration[190/322], entropy: 0.4516, uncertainty: 3.5679, uncertainty_coeffi: 0.0001, loss: 0.1901, lr: 7.50e-06
     Epoch[11] Iteration[200/322], entropy: 0.3355, uncertainty: 3.7163, uncertainty_coeffi: 0.0001, loss: 0.1140, lr: 0.00e+00
     Epoch[11] Iteration[210/322], entropy: 0.1766, uncertainty: 3.1007, uncertainty_coeffi: 0.0001, loss: 0.0672, lr: 7.50e-06
     Epoch[11] Iteration[220/322], entropy: 0.3668, uncertainty: 4.1354, uncertainty_coeffi: 0.0001, loss: 0.0964, lr: 7.50e-06
     Epoch[11] Iteration[230/322], entropy: 0.2364, uncertainty: 3.1817, uncertainty_coeffi: 0.0001, loss: 0.0556, lr: 0.00e+00
     Epoch[11] Iteration[240/322], entropy: 0.1940, uncertainty: 3.8052, uncertainty_coeffi: 0.0001, loss: 0.0326, lr: 7.50e-06
     Epoch[11] Iteration[250/322], entropy: 0.4273, uncertainty: 4.0869, uncertainty_coeffi: 0.0001, loss: 0.0818, lr: 7.50e-06
     Epoch[11] Iteration[260/322], entropy: 0.2483, uncertainty: 4.1589, uncertainty_coeffi: 0.0001, loss: 0.0516, lr: 0.00e+00
     Epoch[11] Iteration[270/322], entropy: 0.1159, uncertainty: 2.9030, uncertainty_coeffi: 0.0001, loss: 0.0403, lr: 7.50e-06
     Epoch[11] Iteration[280/322], entropy: 0.1070, uncertainty: 3.6367, uncertainty_coeffi: 0.0001, loss: 0.0311, lr: 7.50e-06
     Epoch[11] Iteration[290/322], entropy: 0.2808, uncertainty: 2.7231, uncertainty_coeffi: 0.0001, loss: 0.1075, lr: 0.00e+00
     Epoch[11] Iteration[300/322], entropy: 0.3742, uncertainty: 4.5213, uncertainty_coeffi: 0.0001, loss: 0.1127, lr: 7.50e-06
     Epoch[11] Iteration[310/322], entropy: 0.2884, uncertainty: 3.7170, uncertainty_coeffi: 0.0001, loss: 0.0864, lr: 7.50e-06
     Epoch[11] Iteration[320/322], entropy: 0.1794, uncertainty: 3.7223, uncertainty_coeffi: 0.0001, loss: 0.0492, lr: 0.00e+00
     Averaged stats: entropy_avg: 0.2815, uncertainty_avg: 3.6395, uncertainty_coeffi_avg: 0.0001, loss_avg: 0.0829, lr_avg: 4.92e-06
     itm tta time 0:00:58
     Epoch[12] Iteration[10/322], entropy: 0.1119, uncertainty: 3.3696, uncertainty_coeffi: 0.0001, loss: 0.0294, lr: 9.05e-06
     Epoch[12] Iteration[20/322], entropy: 0.4198, uncertainty: 4.0816, uncertainty_coeffi: 0.0001, loss: 0.1000, lr: 5.52e-06
     Epoch[12] Iteration[30/322], entropy: 0.2238, uncertainty: 3.3828, uncertainty_coeffi: 0.0001, loss: 0.0384, lr: 4.32e-07
     Epoch[12] Iteration[40/322], entropy: 0.2635, uncertainty: 2.9723, uncertainty_coeffi: 0.0001, loss: 0.0823, lr: 9.05e-06
     Epoch[12] Iteration[50/322], entropy: 0.2991, uncertainty: 2.7391, uncertainty_coeffi: 0.0001, loss: 0.1691, lr: 5.52e-06
     Epoch[12] Iteration[60/322], entropy: 0.2913, uncertainty: 3.2250, uncertainty_coeffi: 0.0001, loss: 0.1097, lr: 4.32e-07
     Epoch[12] Iteration[70/322], entropy: 0.3662, uncertainty: 3.5024, uncertainty_coeffi: 0.0001, loss: 0.1155, lr: 9.05e-06
     Epoch[12] Iteration[80/322], entropy: 0.3176, uncertainty: 4.1503, uncertainty_coeffi: 0.0001, loss: 0.0588, lr: 5.52e-06
     Epoch[12] Iteration[90/322], entropy: 0.2595, uncertainty: 3.0918, uncertainty_coeffi: 0.0001, loss: 0.0681, lr: 4.32e-07
     Epoch[12] Iteration[100/322], entropy: 0.1156, uncertainty: 4.3372, uncertainty_coeffi: 0.0001, loss: 0.0377, lr: 9.05e-06
     Epoch[12] Iteration[110/322], entropy: 0.4439, uncertainty: 3.6364, uncertainty_coeffi: 0.0001, loss: 0.1599, lr: 5.52e-06
     Epoch[12] Iteration[120/322], entropy: 0.1990, uncertainty: 3.2650, uncertainty_coeffi: 0.0001, loss: 0.0413, lr: 4.32e-07
     Epoch[12] Iteration[130/322], entropy: 0.2995, uncertainty: 4.0875, uncertainty_coeffi: 0.0001, loss: 0.0806, lr: 9.05e-06
     Epoch[12] Iteration[140/322], entropy: 0.3800, uncertainty: 3.5540, uncertainty_coeffi: 0.0001, loss: 0.1413, lr: 5.52e-06
     Epoch[12] Iteration[150/322], entropy: 0.4622, uncertainty: 3.9999, uncertainty_coeffi: 0.0001, loss: 0.1268, lr: 1.09e-07
     Epoch[12] Iteration[160/322], entropy: 0.3581, uncertainty: 3.2060, uncertainty_coeffi: 0.0001, loss: 0.1312, lr: 8.35e-06
     Epoch[12] Iteration[170/322], entropy: 0.1654, uncertainty: 3.5205, uncertainty_coeffi: 0.0001, loss: 0.0496, lr: 6.55e-06
     Epoch[12] Iteration[180/322], entropy: 0.3385, uncertainty: 4.0278, uncertainty_coeffi: 0.0001, loss: 0.1404, lr: 1.09e-07
     Epoch[12] Iteration[190/322], entropy: 0.3591, uncertainty: 2.8067, uncertainty_coeffi: 0.0001, loss: 0.1379, lr: 8.35e-06
     Epoch[12] Iteration[200/322], entropy: 0.3338, uncertainty: 3.5171, uncertainty_coeffi: 0.0001, loss: 0.1208, lr: 6.55e-06
     Epoch[12] Iteration[210/322], entropy: 0.1209, uncertainty: 2.7997, uncertainty_coeffi: 0.0001, loss: 0.0540, lr: 1.09e-07
     Epoch[12] Iteration[220/322], entropy: 0.2850, uncertainty: 4.2527, uncertainty_coeffi: 0.0001, loss: 0.0839, lr: 8.35e-06
     Epoch[12] Iteration[230/322], entropy: 0.3471, uncertainty: 4.1017, uncertainty_coeffi: 0.0001, loss: 0.1186, lr: 6.55e-06
     Epoch[12] Iteration[240/322], entropy: 0.1926, uncertainty: 3.4593, uncertainty_coeffi: 0.0001, loss: 0.0662, lr: 1.09e-07
     Epoch[12] Iteration[250/322], entropy: 0.2386, uncertainty: 3.2386, uncertainty_coeffi: 0.0001, loss: 0.0988, lr: 8.35e-06
     Epoch[12] Iteration[260/322], entropy: 0.2582, uncertainty: 3.1445, uncertainty_coeffi: 0.0001, loss: 0.0613, lr: 6.55e-06
     Epoch[12] Iteration[270/322], entropy: 0.3137, uncertainty: 3.4801, uncertainty_coeffi: 0.0001, loss: 0.1208, lr: 1.09e-07
     Epoch[12] Iteration[280/322], entropy: 0.2876, uncertainty: 3.3824, uncertainty_coeffi: 0.0001, loss: 0.0642, lr: 8.35e-06
     Epoch[12] Iteration[290/322], entropy: 0.2439, uncertainty: 3.5101, uncertainty_coeffi: 0.0001, loss: 0.0457, lr: 6.55e-06
     Epoch[12] Iteration[300/322], entropy: 0.1606, uncertainty: 2.9759, uncertainty_coeffi: 0.0001, loss: 0.0345, lr: 1.09e-07
     Epoch[12] Iteration[310/322], entropy: 0.3668, uncertainty: 3.9975, uncertainty_coeffi: 0.0001, loss: 0.1118, lr: 8.35e-06
     Epoch[12] Iteration[320/322], entropy: 0.1519, uncertainty: 3.7069, uncertainty_coeffi: 0.0001, loss: 0.0450, lr: 6.55e-06
     Averaged stats: entropy_avg: 0.2805, uncertainty_avg: 3.5163, uncertainty_coeffi_avg: 0.0001, loss_avg: 0.0889, lr_avg: 5.14e-06
     itm tta time 0:00:58
     Epoch[13] Iteration[10/322], entropy: 0.1811, uncertainty: 2.6250, uncertainty_coeffi: 0.0001, loss: 0.0628, lr: 9.55e-07
     Epoch[13] Iteration[20/322], entropy: 0.4169, uncertainty: 3.4301, uncertainty_coeffi: 0.0001, loss: 0.1028, lr: 9.57e-06
     Epoch[13] Iteration[30/322], entropy: 0.1958, uncertainty: 2.6248, uncertainty_coeffi: 0.0001, loss: 0.0953, lr: 4.48e-06
     Epoch[13] Iteration[40/322], entropy: 0.2555, uncertainty: 3.1111, uncertainty_coeffi: 0.0001, loss: 0.0713, lr: 9.55e-07
     Epoch[13] Iteration[50/322], entropy: 0.1781, uncertainty: 2.9322, uncertainty_coeffi: 0.0001, loss: 0.0848, lr: 9.57e-06
     Epoch[13] Iteration[60/322], entropy: 0.2760, uncertainty: 3.1363, uncertainty_coeffi: 0.0001, loss: 0.0725, lr: 4.48e-06
     Epoch[13] Iteration[70/322], entropy: 0.2883, uncertainty: 3.3733, uncertainty_coeffi: 0.0001, loss: 0.0766, lr: 9.55e-07
     Epoch[13] Iteration[80/322], entropy: 0.3211, uncertainty: 3.3997, uncertainty_coeffi: 0.0001, loss: 0.1250, lr: 9.57e-06
     Epoch[13] Iteration[90/322], entropy: 0.2883, uncertainty: 3.4103, uncertainty_coeffi: 0.0001, loss: 0.1550, lr: 4.48e-06
     Epoch[13] Iteration[100/322], entropy: 0.3599, uncertainty: 3.6571, uncertainty_coeffi: 0.0001, loss: 0.0805, lr: 9.55e-07
     Epoch[13] Iteration[110/322], entropy: 0.2078, uncertainty: 3.7836, uncertainty_coeffi: 0.0001, loss: 0.0823, lr: 9.57e-06
     Epoch[13] Iteration[120/322], entropy: 0.3098, uncertainty: 4.1634, uncertainty_coeffi: 0.0001, loss: 0.0603, lr: 4.48e-06
     Epoch[13] Iteration[130/322], entropy: 0.1568, uncertainty: 4.3154, uncertainty_coeffi: 0.0001, loss: 0.0334, lr: 9.55e-07
     Epoch[13] Iteration[140/322], entropy: 0.3514, uncertainty: 3.7110, uncertainty_coeffi: 0.0001, loss: 0.0784, lr: 9.57e-06
     Epoch[13] Iteration[150/322], entropy: 0.3953, uncertainty: 4.1680, uncertainty_coeffi: 0.0001, loss: 0.1199, lr: 4.48e-06
     Epoch[13] Iteration[160/322], entropy: 0.2716, uncertainty: 3.5675, uncertainty_coeffi: 0.0001, loss: 0.1128, lr: 9.55e-07
     Epoch[13] Iteration[170/322], entropy: 0.3770, uncertainty: 4.0905, uncertainty_coeffi: 0.0001, loss: 0.0878, lr: 9.57e-06
     Epoch[13] Iteration[180/322], entropy: 0.1424, uncertainty: 3.4059, uncertainty_coeffi: 0.0001, loss: 0.0357, lr: 4.48e-06
     Epoch[13] Iteration[190/322], entropy: 0.4858, uncertainty: 3.8294, uncertainty_coeffi: 0.0001, loss: 0.1288, lr: 9.55e-07
     Epoch[13] Iteration[200/322], entropy: 0.2058, uncertainty: 3.8014, uncertainty_coeffi: 0.0001, loss: 0.0634, lr: 9.57e-06
     Epoch[13] Iteration[210/322], entropy: 0.3237, uncertainty: 3.0697, uncertainty_coeffi: 0.0001, loss: 0.1089, lr: 4.48e-06
     Epoch[13] Iteration[220/322], entropy: 0.2724, uncertainty: 3.8691, uncertainty_coeffi: 0.0001, loss: 0.0631, lr: 9.55e-07
     Epoch[13] Iteration[230/322], entropy: 0.1129, uncertainty: 2.4199, uncertainty_coeffi: 0.0001, loss: 0.0395, lr: 9.57e-06
     Epoch[13] Iteration[240/322], entropy: 0.1073, uncertainty: 3.2509, uncertainty_coeffi: 0.0001, loss: 0.0255, lr: 4.48e-06
     Epoch[13] Iteration[250/322], entropy: 0.1658, uncertainty: 4.1405, uncertainty_coeffi: 0.0001, loss: 0.0388, lr: 9.55e-07
     Epoch[13] Iteration[260/322], entropy: 0.1707, uncertainty: 4.0516, uncertainty_coeffi: 0.0001, loss: 0.0457, lr: 9.57e-06
     Epoch[13] Iteration[270/322], entropy: 0.2700, uncertainty: 3.7519, uncertainty_coeffi: 0.0001, loss: 0.0770, lr: 4.48e-06
     Epoch[13] Iteration[280/322], entropy: 0.1623, uncertainty: 3.9041, uncertainty_coeffi: 0.0001, loss: 0.0370, lr: 9.55e-07
     Epoch[13] Iteration[290/322], entropy: 0.2855, uncertainty: 3.9269, uncertainty_coeffi: 0.0001, loss: 0.1107, lr: 9.57e-06
     Epoch[13] Iteration[300/322], entropy: 0.1784, uncertainty: 3.3361, uncertainty_coeffi: 0.0001, loss: 0.0707, lr: 4.48e-06
     Epoch[13] Iteration[310/322], entropy: 0.2419, uncertainty: 3.6784, uncertainty_coeffi: 0.0001, loss: 0.0583, lr: 9.55e-07
     Epoch[13] Iteration[320/322], entropy: 0.2615, uncertainty: 4.2338, uncertainty_coeffi: 0.0001, loss: 0.0663, lr: 9.57e-06
     Averaged stats: entropy_avg: 0.2568, uncertainty_avg: 3.5678, uncertainty_coeffi_avg: 0.0001, loss_avg: 0.0772, lr_avg: 5.02e-06
     itm tta time 0:00:58
     Epoch[14] Iteration[10/322], entropy: 0.3291, uncertainty: 4.3456, uncertainty_coeffi: 0.0001, loss: 0.0653, lr: 2.50e-06
     Epoch[14] Iteration[20/322], entropy: 0.0897, uncertainty: 3.6200, uncertainty_coeffi: 0.0001, loss: 0.0498, lr: 2.50e-06
     Epoch[14] Iteration[30/322], entropy: 0.4138, uncertainty: 4.2726, uncertainty_coeffi: 0.0001, loss: 0.1240, lr: 1.00e-05
     Epoch[14] Iteration[40/322], entropy: 0.3115, uncertainty: 2.8114, uncertainty_coeffi: 0.0001, loss: 0.1188, lr: 2.50e-06
     Epoch[14] Iteration[50/322], entropy: 0.2858, uncertainty: 2.9766, uncertainty_coeffi: 0.0001, loss: 0.1246, lr: 2.50e-06
     Epoch[14] Iteration[60/322], entropy: 0.3488, uncertainty: 4.0072, uncertainty_coeffi: 0.0001, loss: 0.0837, lr: 1.00e-05
     Epoch[14] Iteration[70/322], entropy: 0.3743, uncertainty: 2.8854, uncertainty_coeffi: 0.0001, loss: 0.1895, lr: 2.50e-06
     Epoch[14] Iteration[80/322], entropy: 0.1797, uncertainty: 3.2829, uncertainty_coeffi: 0.0001, loss: 0.0492, lr: 2.50e-06
     Epoch[14] Iteration[90/322], entropy: 0.2777, uncertainty: 2.8658, uncertainty_coeffi: 0.0001, loss: 0.0935, lr: 1.00e-05
     Epoch[14] Iteration[100/322], entropy: 0.3836, uncertainty: 3.3598, uncertainty_coeffi: 0.0001, loss: 0.1369, lr: 2.50e-06
     Epoch[14] Iteration[110/322], entropy: 0.2926, uncertainty: 4.6567, uncertainty_coeffi: 0.0001, loss: 0.0622, lr: 2.50e-06
     Epoch[14] Iteration[120/322], entropy: 0.4742, uncertainty: 3.7854, uncertainty_coeffi: 0.0001, loss: 0.1261, lr: 1.00e-05
     Epoch[14] Iteration[130/322], entropy: 0.1852, uncertainty: 3.1775, uncertainty_coeffi: 0.0001, loss: 0.0567, lr: 2.50e-06
     Epoch[14] Iteration[140/322], entropy: 0.1232, uncertainty: 4.6070, uncertainty_coeffi: 0.0001, loss: 0.0224, lr: 2.50e-06
     Epoch[14] Iteration[150/322], entropy: 0.2826, uncertainty: 3.3331, uncertainty_coeffi: 0.0001, loss: 0.0876, lr: 1.00e-05
     Epoch[14] Iteration[160/322], entropy: 0.1774, uncertainty: 3.4449, uncertainty_coeffi: 0.0001, loss: 0.0421, lr: 2.50e-06
     Epoch[14] Iteration[170/322], entropy: 0.0895, uncertainty: 2.9647, uncertainty_coeffi: 0.0001, loss: 0.0270, lr: 2.50e-06
     Epoch[14] Iteration[180/322], entropy: 0.2079, uncertainty: 2.3890, uncertainty_coeffi: 0.0001, loss: 0.0834, lr: 1.00e-05
     Epoch[14] Iteration[190/322], entropy: 0.0681, uncertainty: 3.3992, uncertainty_coeffi: 0.0001, loss: 0.0241, lr: 2.50e-06
     Epoch[14] Iteration[200/322], entropy: 0.4446, uncertainty: 3.6076, uncertainty_coeffi: 0.0001, loss: 0.1702, lr: 2.50e-06
     Epoch[14] Iteration[210/322], entropy: 0.2548, uncertainty: 3.1529, uncertainty_coeffi: 0.0001, loss: 0.1150, lr: 1.00e-05
     Epoch[14] Iteration[220/322], entropy: 0.4647, uncertainty: 3.6956, uncertainty_coeffi: 0.0001, loss: 0.1507, lr: 2.50e-06
     Epoch[14] Iteration[230/322], entropy: 0.2923, uncertainty: 4.1291, uncertainty_coeffi: 0.0001, loss: 0.0567, lr: 2.50e-06
     Epoch[14] Iteration[240/322], entropy: 0.2933, uncertainty: 3.9797, uncertainty_coeffi: 0.0001, loss: 0.0653, lr: 1.00e-05
     Epoch[14] Iteration[250/322], entropy: 0.2800, uncertainty: 3.4764, uncertainty_coeffi: 0.0001, loss: 0.0554, lr: 2.50e-06
     Epoch[14] Iteration[260/322], entropy: 0.2739, uncertainty: 3.4418, uncertainty_coeffi: 0.0001, loss: 0.0776, lr: 2.50e-06
     Epoch[14] Iteration[270/322], entropy: 0.2975, uncertainty: 3.4895, uncertainty_coeffi: 0.0001, loss: 0.0792, lr: 1.00e-05
     Epoch[14] Iteration[280/322], entropy: 0.1009, uncertainty: 3.4056, uncertainty_coeffi: 0.0001, loss: 0.0190, lr: 2.50e-06
     Epoch[14] Iteration[290/322], entropy: 0.3447, uncertainty: 4.4901, uncertainty_coeffi: 0.0001, loss: 0.0683, lr: 2.50e-06
     Epoch[14] Iteration[300/322], entropy: 0.2289, uncertainty: 3.9852, uncertainty_coeffi: 0.0001, loss: 0.0753, lr: 1.00e-05
     Epoch[14] Iteration[310/322], entropy: 0.1357, uncertainty: 3.0198, uncertainty_coeffi: 0.0001, loss: 0.0592, lr: 2.50e-06
     Epoch[14] Iteration[320/322], entropy: 0.2930, uncertainty: 3.3600, uncertainty_coeffi: 0.0001, loss: 0.1068, lr: 2.50e-06
     Averaged stats: entropy_avg: 0.2687, uncertainty_avg: 3.5443, uncertainty_coeffi_avg: 0.0001, loss_avg: 0.0833, lr_avg: 4.84e-06
     itm tta time 0:00:58
### TTA Eval Score: 
+-------+--------+--------+--------+--------+--------+
| epoch |   R1   |   R5   |  R10   |  mAP   |  mINP  |
+-------+--------+--------+--------+--------+--------+
|  -999 | 70.598 | 86.891 | 91.780 | 63.391 | 47.063 |
|   0   | 70.647 | 86.891 | 91.813 | 63.413 | 47.088 |
|   1   | 70.712 | 86.907 | 91.829 | 63.430 | 47.116 |
|   2   | 70.614 | 86.923 | 91.829 | 63.425 | 47.144 |
|   4   | 70.728 | 86.875 | 91.862 | 63.467 | 47.175 |
|   9   | 70.760 | 86.842 | 91.894 | 63.487 | 47.225 |
|   14  | 70.776 | 86.891 | 91.959 | 63.522 | 47.277 |
+-------+--------+--------+--------+--------+--------+
     logs:  {'epo': 14, 'R1': 70.776, 'R5': 86.891, 'R10': 91.959, 'mAP': 63.522, 'mINP': 47.277, 'entropy': 0.26871710061095655, 'uncertainty': 3.544318377971649, 'uncertainty_coeffi': 9.999999747378752e-05, 'loss': 0.08329933974891901, 'lr': 4.843749999999825e-06}
     Epoch[15] Iteration[10/322], entropy: 0.2017, uncertainty: 4.2655, uncertainty_coeffi: 0.0001, loss: 0.0606, lr: 9.57e-06
     Epoch[15] Iteration[20/322], entropy: 0.1195, uncertainty: 2.9228, uncertainty_coeffi: 0.0001, loss: 0.0457, lr: 9.55e-07
     Epoch[15] Iteration[30/322], entropy: 0.1871, uncertainty: 4.1227, uncertainty_coeffi: 0.0001, loss: 0.0436, lr: 4.48e-06
     Epoch[15] Iteration[40/322], entropy: 0.2502, uncertainty: 3.7777, uncertainty_coeffi: 0.0001, loss: 0.0475, lr: 9.57e-06
     Epoch[15] Iteration[50/322], entropy: 0.3019, uncertainty: 4.6106, uncertainty_coeffi: 0.0001, loss: 0.0760, lr: 9.55e-07
     Epoch[15] Iteration[60/322], entropy: 0.4230, uncertainty: 4.3165, uncertainty_coeffi: 0.0001, loss: 0.1299, lr: 4.48e-06
     Epoch[15] Iteration[70/322], entropy: 0.3172, uncertainty: 4.2281, uncertainty_coeffi: 0.0001, loss: 0.1060, lr: 9.57e-06
     Epoch[15] Iteration[80/322], entropy: 0.1355, uncertainty: 3.1121, uncertainty_coeffi: 0.0001, loss: 0.0450, lr: 9.55e-07
     Epoch[15] Iteration[90/322], entropy: 0.1689, uncertainty: 3.2414, uncertainty_coeffi: 0.0001, loss: 0.0441, lr: 4.48e-06
     Epoch[15] Iteration[100/322], entropy: 0.2831, uncertainty: 3.5214, uncertainty_coeffi: 0.0001, loss: 0.0964, lr: 9.57e-06
     Epoch[15] Iteration[110/322], entropy: 0.2253, uncertainty: 4.6807, uncertainty_coeffi: 0.0001, loss: 0.0637, lr: 9.55e-07
     Epoch[15] Iteration[120/322], entropy: 0.1945, uncertainty: 2.8452, uncertainty_coeffi: 0.0001, loss: 0.0637, lr: 4.48e-06
     Epoch[15] Iteration[130/322], entropy: 0.1415, uncertainty: 3.2034, uncertainty_coeffi: 0.0001, loss: 0.0380, lr: 9.57e-06
     Epoch[15] Iteration[140/322], entropy: 0.3030, uncertainty: 3.6890, uncertainty_coeffi: 0.0001, loss: 0.1203, lr: 9.55e-07
     Epoch[15] Iteration[150/322], entropy: 0.4632, uncertainty: 3.4980, uncertainty_coeffi: 0.0001, loss: 0.1460, lr: 4.48e-06
     Epoch[15] Iteration[160/322], entropy: 0.2306, uncertainty: 3.4755, uncertainty_coeffi: 0.0001, loss: 0.0527, lr: 9.57e-06
     Epoch[15] Iteration[170/322], entropy: 0.4569, uncertainty: 3.3751, uncertainty_coeffi: 0.0001, loss: 0.1092, lr: 9.55e-07
     Epoch[15] Iteration[180/322], entropy: 0.4109, uncertainty: 4.4719, uncertainty_coeffi: 0.0001, loss: 0.0998, lr: 4.48e-06
     Epoch[15] Iteration[190/322], entropy: 0.1250, uncertainty: 2.7450, uncertainty_coeffi: 0.0001, loss: 0.0421, lr: 9.57e-06
     Epoch[15] Iteration[200/322], entropy: 0.5233, uncertainty: 4.5772, uncertainty_coeffi: 0.0001, loss: 0.1033, lr: 9.55e-07
     Epoch[15] Iteration[210/322], entropy: 0.1979, uncertainty: 3.6373, uncertainty_coeffi: 0.0001, loss: 0.0616, lr: 4.48e-06
     Epoch[15] Iteration[220/322], entropy: 0.4110, uncertainty: 3.9209, uncertainty_coeffi: 0.0001, loss: 0.1207, lr: 9.57e-06
     Epoch[15] Iteration[230/322], entropy: 0.2534, uncertainty: 3.5062, uncertainty_coeffi: 0.0001, loss: 0.0655, lr: 9.55e-07
     Epoch[15] Iteration[240/322], entropy: 0.3228, uncertainty: 3.5558, uncertainty_coeffi: 0.0001, loss: 0.0724, lr: 4.48e-06
     Epoch[15] Iteration[250/322], entropy: 0.5167, uncertainty: 4.0123, uncertainty_coeffi: 0.0001, loss: 0.1807, lr: 9.57e-06
     Epoch[15] Iteration[260/322], entropy: 0.4829, uncertainty: 4.2508, uncertainty_coeffi: 0.0001, loss: 0.0862, lr: 9.55e-07
     Epoch[15] Iteration[270/322], entropy: 0.0496, uncertainty: 2.3598, uncertainty_coeffi: 0.0001, loss: 0.0236, lr: 4.48e-06
     Epoch[15] Iteration[280/322], entropy: 0.2529, uncertainty: 3.3420, uncertainty_coeffi: 0.0001, loss: 0.0940, lr: 9.57e-06
     Epoch[15] Iteration[290/322], entropy: 0.3148, uncertainty: 3.7711, uncertainty_coeffi: 0.0001, loss: 0.1359, lr: 9.55e-07
     Epoch[15] Iteration[300/322], entropy: 0.1316, uncertainty: 4.4027, uncertainty_coeffi: 0.0001, loss: 0.0265, lr: 4.48e-06
     Epoch[15] Iteration[310/322], entropy: 0.2970, uncertainty: 3.4297, uncertainty_coeffi: 0.0001, loss: 0.1109, lr: 9.57e-06
     Epoch[15] Iteration[320/322], entropy: 0.4605, uncertainty: 4.4870, uncertainty_coeffi: 0.0001, loss: 0.0919, lr: 9.55e-07
     Averaged stats: entropy_avg: 0.2860, uncertainty_avg: 3.7299, uncertainty_coeffi_avg: 0.0001, loss_avg: 0.0814, lr_avg: 5.02e-06
     itm tta time 0:00:58
     Epoch[16] Iteration[10/322], entropy: 0.1324, uncertainty: 3.8520, uncertainty_coeffi: 0.0001, loss: 0.0333, lr: 6.55e-06
     Epoch[16] Iteration[20/322], entropy: 0.6652, uncertainty: 4.1538, uncertainty_coeffi: 0.0001, loss: 0.2266, lr: 8.35e-06
     Epoch[16] Iteration[30/322], entropy: 0.3098, uncertainty: 4.5111, uncertainty_coeffi: 0.0001, loss: 0.0610, lr: 1.09e-07
     Epoch[16] Iteration[40/322], entropy: 0.4334, uncertainty: 3.3904, uncertainty_coeffi: 0.0001, loss: 0.1125, lr: 6.55e-06
     Epoch[16] Iteration[50/322], entropy: 0.3574, uncertainty: 3.5371, uncertainty_coeffi: 0.0001, loss: 0.1108, lr: 8.35e-06
     Epoch[16] Iteration[60/322], entropy: 0.2625, uncertainty: 4.2175, uncertainty_coeffi: 0.0001, loss: 0.0733, lr: 1.09e-07
     Epoch[16] Iteration[70/322], entropy: 0.2601, uncertainty: 4.5898, uncertainty_coeffi: 0.0001, loss: 0.0429, lr: 6.55e-06
     Epoch[16] Iteration[80/322], entropy: 0.1602, uncertainty: 3.4354, uncertainty_coeffi: 0.0001, loss: 0.0448, lr: 8.35e-06
     Epoch[16] Iteration[90/322], entropy: 0.2658, uncertainty: 3.6335, uncertainty_coeffi: 0.0001, loss: 0.0546, lr: 1.09e-07
     Epoch[16] Iteration[100/322], entropy: 0.1003, uncertainty: 3.0723, uncertainty_coeffi: 0.0001, loss: 0.0181, lr: 6.55e-06
     Epoch[16] Iteration[110/322], entropy: 0.3099, uncertainty: 4.5165, uncertainty_coeffi: 0.0001, loss: 0.0587, lr: 8.35e-06
     Epoch[16] Iteration[120/322], entropy: 0.4344, uncertainty: 2.3821, uncertainty_coeffi: 0.0001, loss: 0.1733, lr: 1.09e-07
     Epoch[16] Iteration[130/322], entropy: 0.1686, uncertainty: 4.0826, uncertainty_coeffi: 0.0001, loss: 0.0514, lr: 6.55e-06
     Epoch[16] Iteration[140/322], entropy: 0.3620, uncertainty: 3.8729, uncertainty_coeffi: 0.0001, loss: 0.0883, lr: 8.35e-06
     Epoch[16] Iteration[150/322], entropy: 0.3816, uncertainty: 4.1334, uncertainty_coeffi: 0.0001, loss: 0.0648, lr: 1.09e-07
     Epoch[16] Iteration[160/322], entropy: 0.1788, uncertainty: 3.3898, uncertainty_coeffi: 0.0001, loss: 0.0572, lr: 6.55e-06
     Epoch[16] Iteration[170/322], entropy: 0.3620, uncertainty: 3.5272, uncertainty_coeffi: 0.0001, loss: 0.1044, lr: 8.35e-06
     Epoch[16] Iteration[180/322], entropy: 0.4020, uncertainty: 4.2177, uncertainty_coeffi: 0.0001, loss: 0.1212, lr: 1.09e-07
     Epoch[16] Iteration[190/322], entropy: 0.2677, uncertainty: 3.5649, uncertainty_coeffi: 0.0001, loss: 0.0846, lr: 6.55e-06
     Epoch[16] Iteration[200/322], entropy: 0.4532, uncertainty: 3.7558, uncertainty_coeffi: 0.0001, loss: 0.1446, lr: 8.35e-06
     Epoch[16] Iteration[210/322], entropy: 0.2093, uncertainty: 3.6822, uncertainty_coeffi: 0.0001, loss: 0.0478, lr: 1.09e-07
     Epoch[16] Iteration[220/322], entropy: 0.3727, uncertainty: 3.6972, uncertainty_coeffi: 0.0001, loss: 0.1159, lr: 6.55e-06
     Epoch[16] Iteration[230/322], entropy: 0.1168, uncertainty: 3.6886, uncertainty_coeffi: 0.0001, loss: 0.0386, lr: 8.35e-06
     Epoch[16] Iteration[240/322], entropy: 0.5815, uncertainty: 4.3671, uncertainty_coeffi: 0.0001, loss: 0.1730, lr: 1.09e-07
     Epoch[16] Iteration[250/322], entropy: 0.2551, uncertainty: 3.8885, uncertainty_coeffi: 0.0001, loss: 0.0830, lr: 6.55e-06
     Epoch[16] Iteration[260/322], entropy: 0.3496, uncertainty: 3.4803, uncertainty_coeffi: 0.0001, loss: 0.0933, lr: 8.35e-06
     Epoch[16] Iteration[270/322], entropy: 0.2642, uncertainty: 2.9743, uncertainty_coeffi: 0.0001, loss: 0.0844, lr: 1.09e-07
     Epoch[16] Iteration[280/322], entropy: 0.1532, uncertainty: 3.6988, uncertainty_coeffi: 0.0001, loss: 0.0840, lr: 6.55e-06
     Epoch[16] Iteration[290/322], entropy: 0.2447, uncertainty: 3.4273, uncertainty_coeffi: 0.0001, loss: 0.0998, lr: 8.35e-06
     Epoch[16] Iteration[300/322], entropy: 0.2730, uncertainty: 4.2340, uncertainty_coeffi: 0.0001, loss: 0.0651, lr: 1.09e-07
     Epoch[16] Iteration[310/322], entropy: 0.1498, uncertainty: 2.9965, uncertainty_coeffi: 0.0001, loss: 0.0539, lr: 6.55e-06
     Epoch[16] Iteration[320/322], entropy: 0.2606, uncertainty: 3.1042, uncertainty_coeffi: 0.0001, loss: 0.1326, lr: 8.35e-06
     Averaged stats: entropy_avg: 0.2968, uncertainty_avg: 3.7211, uncertainty_coeffi_avg: 0.0001, loss_avg: 0.0874, lr_avg: 5.15e-06
     itm tta time 0:00:58
     Epoch[17] Iteration[10/322], entropy: 0.3621, uncertainty: 4.2500, uncertainty_coeffi: 0.0001, loss: 0.0607, lr: 1.09e-07
     Epoch[17] Iteration[20/322], entropy: 0.4423, uncertainty: 4.5413, uncertainty_coeffi: 0.0001, loss: 0.0992, lr: 8.35e-06
     Epoch[17] Iteration[30/322], entropy: 0.3505, uncertainty: 3.6518, uncertainty_coeffi: 0.0001, loss: 0.1034, lr: 6.55e-06
     Epoch[17] Iteration[40/322], entropy: 0.2857, uncertainty: 3.1760, uncertainty_coeffi: 0.0001, loss: 0.0851, lr: 1.09e-07
     Epoch[17] Iteration[50/322], entropy: 0.3095, uncertainty: 3.9516, uncertainty_coeffi: 0.0001, loss: 0.0914, lr: 8.35e-06
     Epoch[17] Iteration[60/322], entropy: 0.3126, uncertainty: 3.3566, uncertainty_coeffi: 0.0001, loss: 0.1274, lr: 6.55e-06
     Epoch[17] Iteration[70/322], entropy: 0.1901, uncertainty: 2.6703, uncertainty_coeffi: 0.0001, loss: 0.0904, lr: 1.09e-07
     Epoch[17] Iteration[80/322], entropy: 0.1898, uncertainty: 2.8110, uncertainty_coeffi: 0.0001, loss: 0.0490, lr: 8.35e-06
     Epoch[17] Iteration[90/322], entropy: 0.2543, uncertainty: 3.3714, uncertainty_coeffi: 0.0001, loss: 0.0651, lr: 6.55e-06
     Epoch[17] Iteration[100/322], entropy: 0.3405, uncertainty: 2.8284, uncertainty_coeffi: 0.0001, loss: 0.1511, lr: 1.09e-07
     Epoch[17] Iteration[110/322], entropy: 0.2273, uncertainty: 3.6045, uncertainty_coeffi: 0.0001, loss: 0.0476, lr: 8.35e-06
     Epoch[17] Iteration[120/322], entropy: 0.2530, uncertainty: 3.4582, uncertainty_coeffi: 0.0001, loss: 0.0630, lr: 6.55e-06
     Epoch[17] Iteration[130/322], entropy: 0.0949, uncertainty: 3.1542, uncertainty_coeffi: 0.0001, loss: 0.0285, lr: 1.09e-07
     Epoch[17] Iteration[140/322], entropy: 0.2089, uncertainty: 3.6780, uncertainty_coeffi: 0.0001, loss: 0.0353, lr: 8.35e-06
     Epoch[17] Iteration[150/322], entropy: 0.2650, uncertainty: 3.6596, uncertainty_coeffi: 0.0001, loss: 0.0582, lr: 6.55e-06
     Epoch[17] Iteration[160/322], entropy: 0.2331, uncertainty: 3.6194, uncertainty_coeffi: 0.0001, loss: 0.1257, lr: 1.09e-07
     Epoch[17] Iteration[170/322], entropy: 0.3186, uncertainty: 5.0932, uncertainty_coeffi: 0.0001, loss: 0.0573, lr: 8.35e-06
     Epoch[17] Iteration[180/322], entropy: 0.3126, uncertainty: 3.9276, uncertainty_coeffi: 0.0001, loss: 0.0696, lr: 6.55e-06
     Epoch[17] Iteration[190/322], entropy: 0.2375, uncertainty: 4.7154, uncertainty_coeffi: 0.0001, loss: 0.0477, lr: 1.09e-07
     Epoch[17] Iteration[200/322], entropy: 0.2858, uncertainty: 2.5639, uncertainty_coeffi: 0.0001, loss: 0.0954, lr: 8.35e-06
     Epoch[17] Iteration[210/322], entropy: 0.2416, uncertainty: 4.1678, uncertainty_coeffi: 0.0001, loss: 0.0597, lr: 6.55e-06
     Epoch[17] Iteration[220/322], entropy: 0.2408, uncertainty: 3.8103, uncertainty_coeffi: 0.0001, loss: 0.0794, lr: 1.09e-07
     Epoch[17] Iteration[230/322], entropy: 0.2320, uncertainty: 3.7643, uncertainty_coeffi: 0.0001, loss: 0.0639, lr: 8.35e-06
     Epoch[17] Iteration[240/322], entropy: 0.4489, uncertainty: 3.9425, uncertainty_coeffi: 0.0001, loss: 0.1090, lr: 6.55e-06
     Epoch[17] Iteration[250/322], entropy: 0.1016, uncertainty: 4.3708, uncertainty_coeffi: 0.0001, loss: 0.0195, lr: 1.09e-07
     Epoch[17] Iteration[260/322], entropy: 0.3122, uncertainty: 3.7087, uncertainty_coeffi: 0.0001, loss: 0.0810, lr: 8.35e-06
     Epoch[17] Iteration[270/322], entropy: 0.2314, uncertainty: 4.0107, uncertainty_coeffi: 0.0001, loss: 0.0669, lr: 6.55e-06
     Epoch[17] Iteration[280/322], entropy: 0.2790, uncertainty: 2.9957, uncertainty_coeffi: 0.0001, loss: 0.0988, lr: 1.09e-07
     Epoch[17] Iteration[290/322], entropy: 0.2869, uncertainty: 3.5474, uncertainty_coeffi: 0.0001, loss: 0.0733, lr: 8.35e-06
     Epoch[17] Iteration[300/322], entropy: 0.1973, uncertainty: 3.3771, uncertainty_coeffi: 0.0001, loss: 0.0626, lr: 6.55e-06
     Epoch[17] Iteration[310/322], entropy: 0.3288, uncertainty: 3.9772, uncertainty_coeffi: 0.0001, loss: 0.1213, lr: 1.09e-07
     Epoch[17] Iteration[320/322], entropy: 0.1874, uncertainty: 3.4111, uncertainty_coeffi: 0.0001, loss: 0.0551, lr: 8.35e-06
     Averaged stats: entropy_avg: 0.2676, uncertainty_avg: 3.6614, uncertainty_coeffi_avg: 0.0001, loss_avg: 0.0763, lr_avg: 4.95e-06
     itm tta time 0:00:58
     Epoch[18] Iteration[10/322], entropy: 0.1648, uncertainty: 3.5068, uncertainty_coeffi: 0.0001, loss: 0.0369, lr: 4.48e-06
     Epoch[18] Iteration[20/322], entropy: 0.2344, uncertainty: 2.8909, uncertainty_coeffi: 0.0001, loss: 0.0897, lr: 9.55e-07
     Epoch[18] Iteration[30/322], entropy: 0.2808, uncertainty: 3.1489, uncertainty_coeffi: 0.0001, loss: 0.0601, lr: 9.57e-06
     Epoch[18] Iteration[40/322], entropy: 0.2902, uncertainty: 3.5404, uncertainty_coeffi: 0.0001, loss: 0.0785, lr: 4.48e-06
     Epoch[18] Iteration[50/322], entropy: 0.3569, uncertainty: 3.8654, uncertainty_coeffi: 0.0001, loss: 0.0602, lr: 9.55e-07
     Epoch[18] Iteration[60/322], entropy: 0.3097, uncertainty: 3.5412, uncertainty_coeffi: 0.0001, loss: 0.1063, lr: 9.57e-06
     Epoch[18] Iteration[70/322], entropy: 0.2484, uncertainty: 3.0703, uncertainty_coeffi: 0.0001, loss: 0.0683, lr: 4.48e-06
     Epoch[18] Iteration[80/322], entropy: 0.3024, uncertainty: 2.7727, uncertainty_coeffi: 0.0001, loss: 0.1251, lr: 9.55e-07
     Epoch[18] Iteration[90/322], entropy: 0.2113, uncertainty: 3.5930, uncertainty_coeffi: 0.0001, loss: 0.0538, lr: 9.57e-06
     Epoch[18] Iteration[100/322], entropy: 0.2726, uncertainty: 3.1299, uncertainty_coeffi: 0.0001, loss: 0.0810, lr: 4.48e-06
     Epoch[18] Iteration[110/322], entropy: 0.3874, uncertainty: 3.8357, uncertainty_coeffi: 0.0001, loss: 0.1046, lr: 9.55e-07
     Epoch[18] Iteration[120/322], entropy: 0.2503, uncertainty: 3.3778, uncertainty_coeffi: 0.0001, loss: 0.0843, lr: 9.57e-06
     Epoch[18] Iteration[130/322], entropy: 0.2461, uncertainty: 4.2936, uncertainty_coeffi: 0.0001, loss: 0.0492, lr: 4.48e-06
     Epoch[18] Iteration[140/322], entropy: 0.2680, uncertainty: 3.4446, uncertainty_coeffi: 0.0001, loss: 0.0672, lr: 9.55e-07
     Epoch[18] Iteration[150/322], entropy: 0.1943, uncertainty: 3.2176, uncertainty_coeffi: 0.0001, loss: 0.0722, lr: 9.57e-06
     Epoch[18] Iteration[160/322], entropy: 0.5122, uncertainty: 4.5577, uncertainty_coeffi: 0.0001, loss: 0.1735, lr: 4.48e-06
     Epoch[18] Iteration[170/322], entropy: 0.0627, uncertainty: 3.0624, uncertainty_coeffi: 0.0001, loss: 0.0318, lr: 9.55e-07
     Epoch[18] Iteration[180/322], entropy: 0.1509, uncertainty: 3.2494, uncertainty_coeffi: 0.0001, loss: 0.0358, lr: 9.57e-06
     Epoch[18] Iteration[190/322], entropy: 0.0978, uncertainty: 2.7522, uncertainty_coeffi: 0.0001, loss: 0.0725, lr: 4.48e-06
     Epoch[18] Iteration[200/322], entropy: 0.2354, uncertainty: 4.5691, uncertainty_coeffi: 0.0001, loss: 0.0685, lr: 9.55e-07
     Epoch[18] Iteration[210/322], entropy: 0.3636, uncertainty: 4.5744, uncertainty_coeffi: 0.0001, loss: 0.1007, lr: 9.57e-06
     Epoch[18] Iteration[220/322], entropy: 0.1461, uncertainty: 3.4059, uncertainty_coeffi: 0.0001, loss: 0.0402, lr: 5.52e-06
     Epoch[18] Iteration[230/322], entropy: 0.1384, uncertainty: 2.9515, uncertainty_coeffi: 0.0001, loss: 0.0615, lr: 4.32e-07
     Epoch[18] Iteration[240/322], entropy: 0.3869, uncertainty: 3.7210, uncertainty_coeffi: 0.0001, loss: 0.1222, lr: 9.05e-06
     Epoch[18] Iteration[250/322], entropy: 0.2232, uncertainty: 2.8842, uncertainty_coeffi: 0.0001, loss: 0.1012, lr: 5.52e-06
     Epoch[18] Iteration[260/322], entropy: 0.2874, uncertainty: 4.2679, uncertainty_coeffi: 0.0001, loss: 0.0792, lr: 4.32e-07
     Epoch[18] Iteration[270/322], entropy: 0.1762, uncertainty: 4.2966, uncertainty_coeffi: 0.0001, loss: 0.0424, lr: 9.05e-06
     Epoch[18] Iteration[280/322], entropy: 0.1424, uncertainty: 3.4142, uncertainty_coeffi: 0.0001, loss: 0.0687, lr: 5.52e-06
     Epoch[18] Iteration[290/322], entropy: 0.2732, uncertainty: 3.3356, uncertainty_coeffi: 0.0001, loss: 0.1252, lr: 4.32e-07
     Epoch[18] Iteration[300/322], entropy: 0.2561, uncertainty: 3.9769, uncertainty_coeffi: 0.0001, loss: 0.0559, lr: 9.05e-06
     Epoch[18] Iteration[310/322], entropy: 0.4437, uncertainty: 3.7836, uncertainty_coeffi: 0.0001, loss: 0.1875, lr: 5.52e-06
     Epoch[18] Iteration[320/322], entropy: 0.5072, uncertainty: 4.3077, uncertainty_coeffi: 0.0001, loss: 0.1059, lr: 4.32e-07
     Averaged stats: entropy_avg: 0.2631, uncertainty_avg: 3.5731, uncertainty_coeffi_avg: 0.0001, loss_avg: 0.0816, lr_avg: 4.87e-06
     itm tta time 0:00:58
     Epoch[19] Iteration[10/322], entropy: 0.1088, uncertainty: 3.7379, uncertainty_coeffi: 0.0001, loss: 0.0218, lr: 9.89e-06
     Epoch[19] Iteration[20/322], entropy: 0.3171, uncertainty: 3.9141, uncertainty_coeffi: 0.0001, loss: 0.0771, lr: 3.45e-06
     Epoch[19] Iteration[30/322], entropy: 0.1883, uncertainty: 3.9622, uncertainty_coeffi: 0.0001, loss: 0.0443, lr: 1.65e-06
     Epoch[19] Iteration[40/322], entropy: 0.2686, uncertainty: 3.9507, uncertainty_coeffi: 0.0001, loss: 0.0978, lr: 9.89e-06
     Epoch[19] Iteration[50/322], entropy: 0.3959, uncertainty: 4.5032, uncertainty_coeffi: 0.0001, loss: 0.0988, lr: 3.45e-06
     Epoch[19] Iteration[60/322], entropy: 0.1799, uncertainty: 3.1702, uncertainty_coeffi: 0.0001, loss: 0.0454, lr: 1.65e-06
     Epoch[19] Iteration[70/322], entropy: 0.3017, uncertainty: 3.4907, uncertainty_coeffi: 0.0001, loss: 0.1176, lr: 9.89e-06
     Epoch[19] Iteration[80/322], entropy: 0.4060, uncertainty: 4.0038, uncertainty_coeffi: 0.0001, loss: 0.1255, lr: 3.45e-06
     Epoch[19] Iteration[90/322], entropy: 0.3008, uncertainty: 3.4869, uncertainty_coeffi: 0.0001, loss: 0.1106, lr: 1.65e-06
     Epoch[19] Iteration[100/322], entropy: 0.2026, uncertainty: 2.2950, uncertainty_coeffi: 0.0001, loss: 0.1094, lr: 9.89e-06
     Epoch[19] Iteration[110/322], entropy: 0.1689, uncertainty: 3.3374, uncertainty_coeffi: 0.0001, loss: 0.0361, lr: 3.45e-06
     Epoch[19] Iteration[120/322], entropy: 0.3869, uncertainty: 3.1960, uncertainty_coeffi: 0.0001, loss: 0.1117, lr: 1.65e-06
     Epoch[19] Iteration[130/322], entropy: 0.2724, uncertainty: 2.8415, uncertainty_coeffi: 0.0001, loss: 0.1016, lr: 9.89e-06
     Epoch[19] Iteration[140/322], entropy: 0.2411, uncertainty: 3.3543, uncertainty_coeffi: 0.0001, loss: 0.0671, lr: 3.45e-06
     Epoch[19] Iteration[150/322], entropy: 0.2181, uncertainty: 3.8583, uncertainty_coeffi: 0.0001, loss: 0.1175, lr: 1.65e-06
     Epoch[19] Iteration[160/322], entropy: 0.1610, uncertainty: 4.1701, uncertainty_coeffi: 0.0001, loss: 0.0307, lr: 9.89e-06
     Epoch[19] Iteration[170/322], entropy: 0.2704, uncertainty: 3.0093, uncertainty_coeffi: 0.0001, loss: 0.1084, lr: 3.45e-06
     Epoch[19] Iteration[180/322], entropy: 0.3337, uncertainty: 3.6569, uncertainty_coeffi: 0.0001, loss: 0.1121, lr: 1.65e-06
     Epoch[19] Iteration[190/322], entropy: 0.2748, uncertainty: 4.2378, uncertainty_coeffi: 0.0001, loss: 0.0645, lr: 9.89e-06
     Epoch[19] Iteration[200/322], entropy: 0.4764, uncertainty: 4.2168, uncertainty_coeffi: 0.0001, loss: 0.1621, lr: 3.45e-06
     Epoch[19] Iteration[210/322], entropy: 0.1041, uncertainty: 3.6343, uncertainty_coeffi: 0.0001, loss: 0.0302, lr: 1.65e-06
     Epoch[19] Iteration[220/322], entropy: 0.2730, uncertainty: 3.2229, uncertainty_coeffi: 0.0001, loss: 0.0752, lr: 9.89e-06
     Epoch[19] Iteration[230/322], entropy: 0.3060, uncertainty: 4.5452, uncertainty_coeffi: 0.0001, loss: 0.0738, lr: 3.45e-06
     Epoch[19] Iteration[240/322], entropy: 0.1036, uncertainty: 3.1735, uncertainty_coeffi: 0.0001, loss: 0.0345, lr: 1.65e-06
     Epoch[19] Iteration[250/322], entropy: 0.2335, uncertainty: 4.0392, uncertainty_coeffi: 0.0001, loss: 0.0682, lr: 9.89e-06
     Epoch[19] Iteration[260/322], entropy: 0.1909, uncertainty: 2.4745, uncertainty_coeffi: 0.0001, loss: 0.1059, lr: 3.45e-06
     Epoch[19] Iteration[270/322], entropy: 0.3476, uncertainty: 2.7214, uncertainty_coeffi: 0.0001, loss: 0.1125, lr: 1.65e-06
     Epoch[19] Iteration[280/322], entropy: 0.3606, uncertainty: 4.4523, uncertainty_coeffi: 0.0001, loss: 0.0957, lr: 9.89e-06
     Epoch[19] Iteration[290/322], entropy: 0.4863, uncertainty: 4.2492, uncertainty_coeffi: 0.0001, loss: 0.1079, lr: 3.45e-06
     Epoch[19] Iteration[300/322], entropy: 0.3222, uncertainty: 3.0398, uncertainty_coeffi: 0.0001, loss: 0.0914, lr: 1.65e-06
     Epoch[19] Iteration[310/322], entropy: 0.2283, uncertainty: 2.5830, uncertainty_coeffi: 0.0001, loss: 0.0588, lr: 9.89e-06
     Epoch[19] Iteration[320/322], entropy: 0.1568, uncertainty: 3.4926, uncertainty_coeffi: 0.0001, loss: 0.0400, lr: 3.45e-06
     Averaged stats: entropy_avg: 0.2683, uncertainty_avg: 3.5632, uncertainty_coeffi_avg: 0.0001, loss_avg: 0.0829, lr_avg: 5.10e-06
     itm tta time 0:00:58
### TTA Eval Score: 
+-------+--------+--------+--------+--------+--------+
| epoch |   R1   |   R5   |  R10   |  mAP   |  mINP  |
+-------+--------+--------+--------+--------+--------+
|  -999 | 70.598 | 86.891 | 91.780 | 63.391 | 47.063 |
|   0   | 70.647 | 86.891 | 91.813 | 63.413 | 47.088 |
|   1   | 70.712 | 86.907 | 91.829 | 63.430 | 47.116 |
|   2   | 70.614 | 86.923 | 91.829 | 63.425 | 47.144 |
|   4   | 70.728 | 86.875 | 91.862 | 63.467 | 47.175 |
|   9   | 70.760 | 86.842 | 91.894 | 63.487 | 47.225 |
|   14  | 70.776 | 86.891 | 91.959 | 63.522 | 47.277 |
|   19  | 70.809 | 86.858 | 91.975 | 63.512 | 47.277 |
+-------+--------+--------+--------+--------+--------+
     logs:  {'epo': 19, 'R1': 70.809, 'R5': 86.858, 'R10': 91.975, 'mAP': 63.512, 'mINP': 47.277, 'entropy': 0.2683183797635138, 'uncertainty': 3.563166208565235, 'uncertainty_coeffi': 9.999999747378752e-05, 'loss': 0.08293787488946691, 'lr': 5.104551657243406e-06}
### best epoch 19 : {'epo': '19', 'R1': '70.809', 'R5': '86.858', 'R10': '91.975', 'mAP': '63.512', 'mINP': '47.277', 'entropy': '0.2683183797635138', 'uncertainty': '3.563166208565235', 'uncertainty_coeffi': '9.999999747378752e-05', 'loss': '0.08293787488946691', 'lr': '5.104551657243406e-06'}
### Time 0:20:28
