Not using distributed mode
### Hyper-parameters:
     output_dir: output_rerun/mllm_rstp_tta/exp1.1.0/2025090521395
     seed: 42
     device: cuda
     batch_size_tta: 32
     epochs: 30
     lr: 1e-05
### Creating test dataset
     test_txt_set: 2000    test_img_set: 1000
     test_txt_loader: 4    test_img_loader: 2
### Creating model
Training Model with ['sdm', 'id', 'mlm'] tasks
Resized position embedding from size:torch.Size([1, 197, 768]) to size: torch.Size([1, 193, 768]) with height:24 width: 8
     Total Params Sum:  190789493
### Zero-Shot Score: 
/home/jiahao/task/IRRA/tta.py:261: FutureWarning: `torch.cuda.amp.GradScaler(args...)` is deprecated. Please use `torch.amp.GradScaler('cuda', args...)` instead.
  scaler = GradScaler()  # bf16
+-------+--------+--------+--------+--------+--------+
| epoch |   R1   |   R5   |  R10   |  mAP   |  mINP  |
+-------+--------+--------+--------+--------+--------+
|  -999 | 49.050 | 73.450 | 82.150 | 37.244 | 15.907 |
+-------+--------+--------+--------+--------+--------+
### TTA:
### Compute Cos Similarity Uncertainty
     preprocess_tta_coefficients  start
     sample selection ...
     number of sample after sample_selection: 359
     uncertainty ...
     pos/neg sampling ...
      number of sample after pos/neg sampling: torch.Size([2000, 4])
     preprocess_tta_coefficients  end
### Creating TTA dataset
     tta_dataset: 359
### Creating tta dataloader
### be careful: func create_loader returns a list length of 1
     tta_loader: 11
### Configure adapted weights
     TTA Dropout Modules: 
 []
     TTA Require Gradient Params: 
 [('base_model.transformer.resblocks.1.ln_1.weight', torch.Size([512])), ('base_model.transformer.resblocks.1.ln_1.bias', torch.Size([512])), ('base_model.transformer.resblocks.1.ln_2.weight', torch.Size([512])), ('base_model.transformer.resblocks.1.ln_2.bias', torch.Size([512])), ('base_model.transformer.resblocks.2.ln_1.weight', torch.Size([512])), ('base_model.transformer.resblocks.2.ln_1.bias', torch.Size([512])), ('base_model.transformer.resblocks.2.ln_2.weight', torch.Size([512])), ('base_model.transformer.resblocks.2.ln_2.bias', torch.Size([512])), ('base_model.transformer.resblocks.3.ln_1.weight', torch.Size([512])), ('base_model.transformer.resblocks.3.ln_1.bias', torch.Size([512])), ('base_model.transformer.resblocks.3.ln_2.weight', torch.Size([512])), ('base_model.transformer.resblocks.3.ln_2.bias', torch.Size([512])), ('base_model.transformer.resblocks.4.ln_1.weight', torch.Size([512])), ('base_model.transformer.resblocks.4.ln_1.bias', torch.Size([512])), ('base_model.transformer.resblocks.4.ln_2.weight', torch.Size([512])), ('base_model.transformer.resblocks.4.ln_2.bias', torch.Size([512])), ('base_model.transformer.resblocks.5.ln_1.weight', torch.Size([512])), ('base_model.transformer.resblocks.5.ln_1.bias', torch.Size([512])), ('base_model.transformer.resblocks.5.ln_2.weight', torch.Size([512])), ('base_model.transformer.resblocks.5.ln_2.bias', torch.Size([512])), ('base_model.transformer.resblocks.7.ln_1.weight', torch.Size([512])), ('base_model.transformer.resblocks.7.ln_1.bias', torch.Size([512])), ('base_model.transformer.resblocks.7.ln_2.weight', torch.Size([512])), ('base_model.transformer.resblocks.7.ln_2.bias', torch.Size([512])), ('base_model.transformer.resblocks.8.ln_1.weight', torch.Size([512])), ('base_model.transformer.resblocks.8.ln_1.bias', torch.Size([512])), ('base_model.transformer.resblocks.8.ln_2.weight', torch.Size([512])), ('base_model.transformer.resblocks.8.ln_2.bias', torch.Size([512])), ('base_model.transformer.resblocks.9.ln_1.weight', torch.Size([512])), ('base_model.transformer.resblocks.9.ln_1.bias', torch.Size([512])), ('base_model.transformer.resblocks.9.ln_2.weight', torch.Size([512])), ('base_model.transformer.resblocks.9.ln_2.bias', torch.Size([512])), ('base_model.transformer.resblocks.10.ln_1.weight', torch.Size([512])), ('base_model.transformer.resblocks.10.ln_1.bias', torch.Size([512])), ('base_model.transformer.resblocks.10.ln_2.weight', torch.Size([512])), ('base_model.transformer.resblocks.10.ln_2.bias', torch.Size([512])), ('base_model.transformer.resblocks.11.ln_1.weight', torch.Size([512])), ('base_model.transformer.resblocks.11.ln_1.bias', torch.Size([512])), ('base_model.transformer.resblocks.11.ln_2.weight', torch.Size([512])), ('base_model.transformer.resblocks.11.ln_2.bias', torch.Size([512])), ('base_model.ln_final.weight', torch.Size([512])), ('base_model.ln_final.bias', torch.Size([512]))]
     TTA Dropout Modules Number: 
 0
     TTA Require Gradient Params Sum: 
 21504
Using 5.0 times learning rate for random init module 
### Start Test Time Adaptation
/home/jiahao/task/IRRA/tta.py:65: FutureWarning: `torch.cuda.amp.autocast(args...)` is deprecated. Please use `torch.amp.autocast('cuda', args...)` instead.
  with torch.cuda.amp.autocast(enabled=True):
     Epoch[0] Iteration[10/11], entropy: 0.2445, loss: 0.2445, lr: 9.05e-06
     Averaged stats: entropy: 0.1821, loss: 0.1821, lr: 8.64e-06
     itm tta time 0:00:02
### TTA Eval Score: 
+-------+--------+--------+--------+--------+--------+
| epoch |   R1   |   R5   |  R10   |  mAP   |  mINP  |
+-------+--------+--------+--------+--------+--------+
|  -999 | 49.050 | 73.450 | 82.150 | 37.244 | 15.907 |
|   0   | 49.000 | 73.450 | 82.150 | 37.246 | 15.919 |
+-------+--------+--------+--------+--------+--------+
     logs:  {'epo': 0, 'R1': np.float32(49.0), 'R5': np.float32(73.45), 'R10': np.float32(82.15), 'mAP': np.float32(37.246), 'mINP': np.float32(15.919), 'entropy': 0.24449212849140167, 'loss': 0.24449212849140167, 'lr': 9.045084971874738e-06}
     Epoch[1] Iteration[10/11], entropy: 0.2191, loss: 0.2191, lr: 2.87e-06
     Averaged stats: entropy: 0.2293, loss: 0.2293, lr: 2.32e-06
     itm tta time 0:00:02
### TTA Eval Score: 
+-------+--------+--------+--------+--------+--------+
| epoch |   R1   |   R5   |  R10   |  mAP   |  mINP  |
+-------+--------+--------+--------+--------+--------+
|  -999 | 49.050 | 73.450 | 82.150 | 37.244 | 15.907 |
|   0   | 49.000 | 73.450 | 82.150 | 37.246 | 15.919 |
|   1   | 49.000 | 73.450 | 82.150 | 37.247 | 15.920 |
+-------+--------+--------+--------+--------+--------+
     logs:  {'epo': 1, 'R1': np.float32(49.0), 'R5': np.float32(73.45), 'R10': np.float32(82.15), 'mAP': np.float32(37.247), 'mINP': np.float32(15.92), 'entropy': 0.21914967894554138, 'loss': 0.21914967894554138, 'lr': 2.871103542174637e-06}
     Epoch[2] Iteration[10/11], entropy: 0.1564, loss: 0.1564, lr: 1.57e-07
     Averaged stats: entropy: 0.2369, loss: 0.2369, lr: 3.51e-07
     itm tta time 0:00:02
### TTA Eval Score: 
+-------+--------+--------+--------+--------+--------+
| epoch |   R1   |   R5   |  R10   |  mAP   |  mINP  |
+-------+--------+--------+--------+--------+--------+
|  -999 | 49.050 | 73.450 | 82.150 | 37.244 | 15.907 |
|   0   | 49.000 | 73.450 | 82.150 | 37.246 | 15.919 |
|   1   | 49.000 | 73.450 | 82.150 | 37.247 | 15.920 |
|   2   | 49.000 | 73.450 | 82.150 | 37.246 | 15.918 |
+-------+--------+--------+--------+--------+--------+
     logs:  {'epo': 2, 'R1': np.float32(49.0), 'R5': np.float32(73.45), 'R10': np.float32(82.15), 'mAP': np.float32(37.246), 'mINP': np.float32(15.918), 'entropy': 0.15638846158981323, 'loss': 0.15638846158981323, 'lr': 1.5708419435684463e-07}
     Epoch[3] Iteration[10/11], entropy: 0.1335, loss: 0.1335, lr: 5.31e-06
     Averaged stats: entropy: 0.1557, loss: 0.1557, lr: 5.94e-06
     itm tta time 0:00:02
### TTA Eval Score: 
+-------+--------+--------+--------+--------+--------+
| epoch |   R1   |   R5   |  R10   |  mAP   |  mINP  |
+-------+--------+--------+--------+--------+--------+
|  -999 | 49.050 | 73.450 | 82.150 | 37.244 | 15.907 |
|   0   | 49.000 | 73.450 | 82.150 | 37.246 | 15.919 |
|   1   | 49.000 | 73.450 | 82.150 | 37.247 | 15.920 |
|   2   | 49.000 | 73.450 | 82.150 | 37.246 | 15.918 |
|   3   | 49.050 | 73.450 | 82.150 | 37.254 | 15.912 |
+-------+--------+--------+--------+--------+--------+
     logs:  {'epo': 3, 'R1': np.float32(49.05), 'R5': np.float32(73.45), 'R10': np.float32(82.15), 'mAP': np.float32(37.254), 'mINP': np.float32(15.912), 'entropy': 0.13346193730831146, 'loss': 0.13346193730831146, 'lr': 5.313952597646564e-06}
     Epoch[4] Iteration[10/11], entropy: 0.1614, loss: 0.1614, lr: 9.96e-06
     Averaged stats: entropy: 0.1847, loss: 0.1847, lr: 1.00e-05
     itm tta time 0:00:02
### TTA Eval Score: 
+-------+--------+--------+--------+--------+--------+
| epoch |   R1   |   R5   |  R10   |  mAP   |  mINP  |
+-------+--------+--------+--------+--------+--------+
|  -999 | 49.050 | 73.450 | 82.150 | 37.244 | 15.907 |
|   0   | 49.000 | 73.450 | 82.150 | 37.246 | 15.919 |
|   1   | 49.000 | 73.450 | 82.150 | 37.247 | 15.920 |
|   2   | 49.000 | 73.450 | 82.150 | 37.246 | 15.918 |
|   3   | 49.050 | 73.450 | 82.150 | 37.254 | 15.912 |
|   4   | 49.000 | 73.400 | 82.150 | 37.269 | 15.921 |
+-------+--------+--------+--------+--------+--------+
     logs:  {'epo': 4, 'R1': np.float32(49.0), 'R5': np.float32(73.4), 'R10': np.float32(82.15), 'mAP': np.float32(37.269), 'mINP': np.float32(15.921), 'entropy': 0.1614258587360382, 'loss': 0.1614258587360382, 'lr': 9.96057350657239e-06}
     Epoch[5] Iteration[10/11], entropy: 0.1894, loss: 0.1894, lr: 6.55e-06
     Averaged stats: entropy: 0.1256, loss: 0.1256, lr: 5.94e-06
     itm tta time 0:00:02
### TTA Eval Score: 
+-------+--------+--------+--------+--------+--------+
| epoch |   R1   |   R5   |  R10   |  mAP   |  mINP  |
+-------+--------+--------+--------+--------+--------+
|  -999 | 49.050 | 73.450 | 82.150 | 37.244 | 15.907 |
|   0   | 49.000 | 73.450 | 82.150 | 37.246 | 15.919 |
|   1   | 49.000 | 73.450 | 82.150 | 37.247 | 15.920 |
|   2   | 49.000 | 73.450 | 82.150 | 37.246 | 15.918 |
|   3   | 49.050 | 73.450 | 82.150 | 37.254 | 15.912 |
|   4   | 49.000 | 73.400 | 82.150 | 37.269 | 15.921 |
|   5   | 49.050 | 73.400 | 82.150 | 37.286 | 15.934 |
+-------+--------+--------+--------+--------+--------+
     logs:  {'epo': 5, 'R1': np.float32(49.05), 'R5': np.float32(73.4), 'R10': np.float32(82.15), 'mAP': np.float32(37.286), 'mINP': np.float32(15.934), 'entropy': 0.18941915035247803, 'loss': 0.18941915035247803, 'lr': 6.545084971874739e-06}
     Epoch[6] Iteration[10/11], entropy: 0.1372, loss: 0.1372, lr: 6.18e-07
     Averaged stats: entropy: 0.2438, loss: 0.2438, lr: 3.51e-07
     itm tta time 0:00:02
### TTA Eval Score: 
+-------+--------+--------+--------+--------+--------+
| epoch |   R1   |   R5   |  R10   |  mAP   |  mINP  |
+-------+--------+--------+--------+--------+--------+
|  -999 | 49.050 | 73.450 | 82.150 | 37.244 | 15.907 |
|   0   | 49.000 | 73.450 | 82.150 | 37.246 | 15.919 |
|   1   | 49.000 | 73.450 | 82.150 | 37.247 | 15.920 |
|   2   | 49.000 | 73.450 | 82.150 | 37.246 | 15.918 |
|   3   | 49.050 | 73.450 | 82.150 | 37.254 | 15.912 |
|   4   | 49.000 | 73.400 | 82.150 | 37.269 | 15.921 |
|   5   | 49.050 | 73.400 | 82.150 | 37.286 | 15.934 |
|   6   | 49.050 | 73.400 | 82.200 | 37.280 | 15.938 |
+-------+--------+--------+--------+--------+--------+
     logs:  {'epo': 6, 'R1': np.float32(49.05), 'R5': np.float32(73.4), 'R10': np.float32(82.2), 'mAP': np.float32(37.28), 'mINP': np.float32(15.938), 'entropy': 0.13722708821296692, 'loss': 0.13722708821296692, 'lr': 6.184665997806849e-07}
     Epoch[7] Iteration[10/11], entropy: 0.1378, loss: 0.1378, lr: 1.81e-06
     Averaged stats: entropy: 0.2712, loss: 0.2712, lr: 2.32e-06
     itm tta time 0:00:02
### TTA Eval Score: 
+-------+--------+--------+--------+--------+--------+
| epoch |   R1   |   R5   |  R10   |  mAP   |  mINP  |
+-------+--------+--------+--------+--------+--------+
|  -999 | 49.050 | 73.450 | 82.150 | 37.244 | 15.907 |
|   0   | 49.000 | 73.450 | 82.150 | 37.246 | 15.919 |
|   1   | 49.000 | 73.450 | 82.150 | 37.247 | 15.920 |
|   2   | 49.000 | 73.450 | 82.150 | 37.246 | 15.918 |
|   3   | 49.050 | 73.450 | 82.150 | 37.254 | 15.912 |
|   4   | 49.000 | 73.400 | 82.150 | 37.269 | 15.921 |
|   5   | 49.050 | 73.400 | 82.150 | 37.286 | 15.934 |
|   6   | 49.050 | 73.400 | 82.200 | 37.280 | 15.938 |
|   7   | 49.050 | 73.400 | 82.150 | 37.282 | 15.944 |
+-------+--------+--------+--------+--------+--------+
     logs:  {'epo': 7, 'R1': np.float32(49.05), 'R5': np.float32(73.4), 'R10': np.float32(82.15), 'mAP': np.float32(37.282), 'mINP': np.float32(15.944), 'entropy': 0.13776439428329468, 'loss': 0.13776439428329468, 'lr': 1.8128800512565447e-06}
     Epoch[8] Iteration[10/11], entropy: 0.2196, loss: 0.2196, lr: 8.19e-06
     Averaged stats: entropy: 0.1413, loss: 0.1413, lr: 8.64e-06
     itm tta time 0:00:02
### TTA Eval Score: 
+-------+--------+--------+--------+--------+--------+
| epoch |   R1   |   R5   |  R10   |  mAP   |  mINP  |
+-------+--------+--------+--------+--------+--------+
|  -999 | 49.050 | 73.450 | 82.150 | 37.244 | 15.907 |
|   0   | 49.000 | 73.450 | 82.150 | 37.246 | 15.919 |
|   1   | 49.000 | 73.450 | 82.150 | 37.247 | 15.920 |
|   2   | 49.000 | 73.450 | 82.150 | 37.246 | 15.918 |
|   3   | 49.050 | 73.450 | 82.150 | 37.254 | 15.912 |
|   4   | 49.000 | 73.400 | 82.150 | 37.269 | 15.921 |
|   5   | 49.050 | 73.400 | 82.150 | 37.286 | 15.934 |
|   6   | 49.050 | 73.400 | 82.200 | 37.280 | 15.938 |
|   7   | 49.050 | 73.400 | 82.150 | 37.282 | 15.944 |
|   8   | 49.050 | 73.400 | 82.100 | 37.289 | 15.946 |
+-------+--------+--------+--------+--------+--------+
     logs:  {'epo': 8, 'R1': np.float32(49.05), 'R5': np.float32(73.4), 'R10': np.float32(82.1), 'mAP': np.float32(37.289), 'mINP': np.float32(15.946), 'entropy': 0.2195766568183899, 'loss': 0.2195766568183899, 'lr': 8.187119948743453e-06}
     Epoch[9] Iteration[10/11], entropy: 0.1568, loss: 0.1568, lr: 9.38e-06
     Averaged stats: entropy: 0.2503, loss: 0.2503, lr: 9.05e-06
     itm tta time 0:00:02
### TTA Eval Score: 
+-------+--------+--------+--------+--------+--------+
| epoch |   R1   |   R5   |  R10   |  mAP   |  mINP  |
+-------+--------+--------+--------+--------+--------+
|  -999 | 49.050 | 73.450 | 82.150 | 37.244 | 15.907 |
|   0   | 49.000 | 73.450 | 82.150 | 37.246 | 15.919 |
|   1   | 49.000 | 73.450 | 82.150 | 37.247 | 15.920 |
|   2   | 49.000 | 73.450 | 82.150 | 37.246 | 15.918 |
|   3   | 49.050 | 73.450 | 82.150 | 37.254 | 15.912 |
|   4   | 49.000 | 73.400 | 82.150 | 37.269 | 15.921 |
|   5   | 49.050 | 73.400 | 82.150 | 37.286 | 15.934 |
|   6   | 49.050 | 73.400 | 82.200 | 37.280 | 15.938 |
|   7   | 49.050 | 73.400 | 82.150 | 37.282 | 15.944 |
|   8   | 49.050 | 73.400 | 82.100 | 37.289 | 15.946 |
|   9   | 49.100 | 73.400 | 82.300 | 37.312 | 15.952 |
+-------+--------+--------+--------+--------+--------+
     logs:  {'epo': 9, 'R1': np.float32(49.1), 'R5': np.float32(73.4), 'R10': np.float32(82.3), 'mAP': np.float32(37.312), 'mINP': np.float32(15.952), 'entropy': 0.15679597854614258, 'loss': 0.15679597854614258, 'lr': 9.381533400219319e-06}
     Epoch[10] Iteration[10/11], entropy: 0.1898, loss: 0.1898, lr: 3.45e-06
     Averaged stats: entropy: 0.1115, loss: 0.1115, lr: 2.87e-06
     itm tta time 0:00:02
### TTA Eval Score: 
+-------+--------+--------+--------+--------+--------+
| epoch |   R1   |   R5   |  R10   |  mAP   |  mINP  |
+-------+--------+--------+--------+--------+--------+
|  -999 | 49.050 | 73.450 | 82.150 | 37.244 | 15.907 |
|   0   | 49.000 | 73.450 | 82.150 | 37.246 | 15.919 |
|   1   | 49.000 | 73.450 | 82.150 | 37.247 | 15.920 |
|   2   | 49.000 | 73.450 | 82.150 | 37.246 | 15.918 |
|   3   | 49.050 | 73.450 | 82.150 | 37.254 | 15.912 |
|   4   | 49.000 | 73.400 | 82.150 | 37.269 | 15.921 |
|   5   | 49.050 | 73.400 | 82.150 | 37.286 | 15.934 |
|   6   | 49.050 | 73.400 | 82.200 | 37.280 | 15.938 |
|   7   | 49.050 | 73.400 | 82.150 | 37.282 | 15.944 |
|   8   | 49.050 | 73.400 | 82.100 | 37.289 | 15.946 |
|   9   | 49.100 | 73.400 | 82.300 | 37.312 | 15.952 |
|   10  | 49.100 | 73.400 | 82.250 | 37.309 | 15.950 |
+-------+--------+--------+--------+--------+--------+
     logs:  {'epo': 10, 'R1': np.float32(49.1), 'R5': np.float32(73.4), 'R10': np.float32(82.25), 'mAP': np.float32(37.309), 'mINP': np.float32(15.95), 'entropy': 0.1897796392440796, 'loss': 0.1897796392440796, 'lr': 3.454915028125274e-06}
     Epoch[11] Iteration[10/11], entropy: 0.1249, loss: 0.1249, lr: 3.94e-08
     Averaged stats: entropy: 0.1205, loss: 0.1205, lr: 1.57e-07
     itm tta time 0:00:02
### TTA Eval Score: 
+-------+--------+--------+--------+--------+--------+
| epoch |   R1   |   R5   |  R10   |  mAP   |  mINP  |
+-------+--------+--------+--------+--------+--------+
|  -999 | 49.050 | 73.450 | 82.150 | 37.244 | 15.907 |
|   0   | 49.000 | 73.450 | 82.150 | 37.246 | 15.919 |
|   1   | 49.000 | 73.450 | 82.150 | 37.247 | 15.920 |
|   2   | 49.000 | 73.450 | 82.150 | 37.246 | 15.918 |
|   3   | 49.050 | 73.450 | 82.150 | 37.254 | 15.912 |
|   4   | 49.000 | 73.400 | 82.150 | 37.269 | 15.921 |
|   5   | 49.050 | 73.400 | 82.150 | 37.286 | 15.934 |
|   6   | 49.050 | 73.400 | 82.200 | 37.280 | 15.938 |
|   7   | 49.050 | 73.400 | 82.150 | 37.282 | 15.944 |
|   8   | 49.050 | 73.400 | 82.100 | 37.289 | 15.946 |
|   9   | 49.100 | 73.400 | 82.300 | 37.312 | 15.952 |
|   10  | 49.100 | 73.400 | 82.250 | 37.309 | 15.950 |
|   11  | 49.100 | 73.400 | 82.350 | 37.309 | 15.951 |
+-------+--------+--------+--------+--------+--------+
     logs:  {'epo': 11, 'R1': np.float32(49.1), 'R5': np.float32(73.4), 'R10': np.float32(82.35), 'mAP': np.float32(37.309), 'mINP': np.float32(15.951), 'entropy': 0.12485861778259277, 'loss': 0.12485861778259277, 'lr': 3.942649342761007e-08}
     Epoch[12] Iteration[10/11], entropy: 0.1449, loss: 0.1449, lr: 4.69e-06
     Averaged stats: entropy: 0.1603, loss: 0.1603, lr: 5.31e-06
     itm tta time 0:00:02
### TTA Eval Score: 
+-------+--------+--------+--------+--------+--------+
| epoch |   R1   |   R5   |  R10   |  mAP   |  mINP  |
+-------+--------+--------+--------+--------+--------+
|  -999 | 49.050 | 73.450 | 82.150 | 37.244 | 15.907 |
|   0   | 49.000 | 73.450 | 82.150 | 37.246 | 15.919 |
|   1   | 49.000 | 73.450 | 82.150 | 37.247 | 15.920 |
|   2   | 49.000 | 73.450 | 82.150 | 37.246 | 15.918 |
|   3   | 49.050 | 73.450 | 82.150 | 37.254 | 15.912 |
|   4   | 49.000 | 73.400 | 82.150 | 37.269 | 15.921 |
|   5   | 49.050 | 73.400 | 82.150 | 37.286 | 15.934 |
|   6   | 49.050 | 73.400 | 82.200 | 37.280 | 15.938 |
|   7   | 49.050 | 73.400 | 82.150 | 37.282 | 15.944 |
|   8   | 49.050 | 73.400 | 82.100 | 37.289 | 15.946 |
|   9   | 49.100 | 73.400 | 82.300 | 37.312 | 15.952 |
|   10  | 49.100 | 73.400 | 82.250 | 37.309 | 15.950 |
|   11  | 49.100 | 73.400 | 82.350 | 37.309 | 15.951 |
|   12  | 49.100 | 73.400 | 82.300 | 37.310 | 15.956 |
+-------+--------+--------+--------+--------+--------+
     logs:  {'epo': 12, 'R1': np.float32(49.1), 'R5': np.float32(73.4), 'R10': np.float32(82.3), 'mAP': np.float32(37.31), 'mINP': np.float32(15.956), 'entropy': 0.1448909342288971, 'loss': 0.1448909342288971, 'lr': 4.686047402353441e-06}
     Epoch[13] Iteration[10/11], entropy: 0.2176, loss: 0.2176, lr: 9.84e-06
     Averaged stats: entropy: 0.1625, loss: 0.1625, lr: 9.96e-06
     itm tta time 0:00:02
### TTA Eval Score: 
+-------+--------+--------+--------+--------+--------+
| epoch |   R1   |   R5   |  R10   |  mAP   |  mINP  |
+-------+--------+--------+--------+--------+--------+
|  -999 | 49.050 | 73.450 | 82.150 | 37.244 | 15.907 |
|   0   | 49.000 | 73.450 | 82.150 | 37.246 | 15.919 |
|   1   | 49.000 | 73.450 | 82.150 | 37.247 | 15.920 |
|   2   | 49.000 | 73.450 | 82.150 | 37.246 | 15.918 |
|   3   | 49.050 | 73.450 | 82.150 | 37.254 | 15.912 |
|   4   | 49.000 | 73.400 | 82.150 | 37.269 | 15.921 |
|   5   | 49.050 | 73.400 | 82.150 | 37.286 | 15.934 |
|   6   | 49.050 | 73.400 | 82.200 | 37.280 | 15.938 |
|   7   | 49.050 | 73.400 | 82.150 | 37.282 | 15.944 |
|   8   | 49.050 | 73.400 | 82.100 | 37.289 | 15.946 |
|   9   | 49.100 | 73.400 | 82.300 | 37.312 | 15.952 |
|   10  | 49.100 | 73.400 | 82.250 | 37.309 | 15.950 |
|   11  | 49.100 | 73.400 | 82.350 | 37.309 | 15.951 |
|   12  | 49.100 | 73.400 | 82.300 | 37.310 | 15.956 |
|   13  | 49.100 | 73.400 | 82.350 | 37.314 | 15.950 |
+-------+--------+--------+--------+--------+--------+
     logs:  {'epo': 13, 'R1': np.float32(49.1), 'R5': np.float32(73.4), 'R10': np.float32(82.35), 'mAP': np.float32(37.314), 'mINP': np.float32(15.95), 'entropy': 0.21760667860507965, 'loss': 0.21760667860507965, 'lr': 9.842915805643158e-06}
     Epoch[14] Iteration[10/11], entropy: 0.2278, loss: 0.2278, lr: 7.13e-06
     Averaged stats: entropy: 0.1755, loss: 0.1755, lr: 6.55e-06
     itm tta time 0:00:02
### TTA Eval Score: 
+-------+--------+--------+--------+--------+--------+
| epoch |   R1   |   R5   |  R10   |  mAP   |  mINP  |
+-------+--------+--------+--------+--------+--------+
|  -999 | 49.050 | 73.450 | 82.150 | 37.244 | 15.907 |
|   0   | 49.000 | 73.450 | 82.150 | 37.246 | 15.919 |
|   1   | 49.000 | 73.450 | 82.150 | 37.247 | 15.920 |
|   2   | 49.000 | 73.450 | 82.150 | 37.246 | 15.918 |
|   3   | 49.050 | 73.450 | 82.150 | 37.254 | 15.912 |
|   4   | 49.000 | 73.400 | 82.150 | 37.269 | 15.921 |
|   5   | 49.050 | 73.400 | 82.150 | 37.286 | 15.934 |
|   6   | 49.050 | 73.400 | 82.200 | 37.280 | 15.938 |
|   7   | 49.050 | 73.400 | 82.150 | 37.282 | 15.944 |
|   8   | 49.050 | 73.400 | 82.100 | 37.289 | 15.946 |
|   9   | 49.100 | 73.400 | 82.300 | 37.312 | 15.952 |
|   10  | 49.100 | 73.400 | 82.250 | 37.309 | 15.950 |
|   11  | 49.100 | 73.400 | 82.350 | 37.309 | 15.951 |
|   12  | 49.100 | 73.400 | 82.300 | 37.310 | 15.956 |
|   13  | 49.100 | 73.400 | 82.350 | 37.314 | 15.950 |
|   14  | 49.050 | 73.300 | 82.350 | 37.315 | 15.962 |
+-------+--------+--------+--------+--------+--------+
     logs:  {'epo': 14, 'R1': np.float32(49.05), 'R5': np.float32(73.3), 'R10': np.float32(82.35), 'mAP': np.float32(37.315), 'mINP': np.float32(15.962), 'entropy': 0.22782325744628906, 'loss': 0.22782325744628906, 'lr': 7.128896457825364e-06}
     Epoch[15] Iteration[10/11], entropy: 0.2782, loss: 0.2782, lr: 9.55e-07
     Averaged stats: entropy: 0.1806, loss: 0.1806, lr: 6.18e-07
     itm tta time 0:00:02
### TTA Eval Score: 
+-------+--------+--------+--------+--------+--------+
| epoch |   R1   |   R5   |  R10   |  mAP   |  mINP  |
+-------+--------+--------+--------+--------+--------+
|  -999 | 49.050 | 73.450 | 82.150 | 37.244 | 15.907 |
|   0   | 49.000 | 73.450 | 82.150 | 37.246 | 15.919 |
|   1   | 49.000 | 73.450 | 82.150 | 37.247 | 15.920 |
|   2   | 49.000 | 73.450 | 82.150 | 37.246 | 15.918 |
|   3   | 49.050 | 73.450 | 82.150 | 37.254 | 15.912 |
|   4   | 49.000 | 73.400 | 82.150 | 37.269 | 15.921 |
|   5   | 49.050 | 73.400 | 82.150 | 37.286 | 15.934 |
|   6   | 49.050 | 73.400 | 82.200 | 37.280 | 15.938 |
|   7   | 49.050 | 73.400 | 82.150 | 37.282 | 15.944 |
|   8   | 49.050 | 73.400 | 82.100 | 37.289 | 15.946 |
|   9   | 49.100 | 73.400 | 82.300 | 37.312 | 15.952 |
|   10  | 49.100 | 73.400 | 82.250 | 37.309 | 15.950 |
|   11  | 49.100 | 73.400 | 82.350 | 37.309 | 15.951 |
|   12  | 49.100 | 73.400 | 82.300 | 37.310 | 15.956 |
|   13  | 49.100 | 73.400 | 82.350 | 37.314 | 15.950 |
|   14  | 49.050 | 73.300 | 82.350 | 37.315 | 15.962 |
|   15  | 49.100 | 73.300 | 82.350 | 37.334 | 15.967 |
+-------+--------+--------+--------+--------+--------+
     logs:  {'epo': 15, 'R1': np.float32(49.1), 'R5': np.float32(73.3), 'R10': np.float32(82.35), 'mAP': np.float32(37.334), 'mINP': np.float32(15.967), 'entropy': 0.2781544327735901, 'loss': 0.2781544327735901, 'lr': 9.549150281252656e-07}
     Epoch[16] Iteration[10/11], entropy: 0.1112, loss: 0.1112, lr: 1.36e-06
     Averaged stats: entropy: 0.2134, loss: 0.2134, lr: 1.81e-06
     itm tta time 0:00:02
### TTA Eval Score: 
+-------+--------+--------+--------+--------+--------+
| epoch |   R1   |   R5   |  R10   |  mAP   |  mINP  |
+-------+--------+--------+--------+--------+--------+
|  -999 | 49.050 | 73.450 | 82.150 | 37.244 | 15.907 |
|   0   | 49.000 | 73.450 | 82.150 | 37.246 | 15.919 |
|   1   | 49.000 | 73.450 | 82.150 | 37.247 | 15.920 |
|   2   | 49.000 | 73.450 | 82.150 | 37.246 | 15.918 |
|   3   | 49.050 | 73.450 | 82.150 | 37.254 | 15.912 |
|   4   | 49.000 | 73.400 | 82.150 | 37.269 | 15.921 |
|   5   | 49.050 | 73.400 | 82.150 | 37.286 | 15.934 |
|   6   | 49.050 | 73.400 | 82.200 | 37.280 | 15.938 |
|   7   | 49.050 | 73.400 | 82.150 | 37.282 | 15.944 |
|   8   | 49.050 | 73.400 | 82.100 | 37.289 | 15.946 |
|   9   | 49.100 | 73.400 | 82.300 | 37.312 | 15.952 |
|   10  | 49.100 | 73.400 | 82.250 | 37.309 | 15.950 |
|   11  | 49.100 | 73.400 | 82.350 | 37.309 | 15.951 |
|   12  | 49.100 | 73.400 | 82.300 | 37.310 | 15.956 |
|   13  | 49.100 | 73.400 | 82.350 | 37.314 | 15.950 |
|   14  | 49.050 | 73.300 | 82.350 | 37.315 | 15.962 |
|   15  | 49.100 | 73.300 | 82.350 | 37.334 | 15.967 |
|   16  | 49.100 | 73.300 | 82.350 | 37.337 | 15.962 |
+-------+--------+--------+--------+--------+--------+
     logs:  {'epo': 16, 'R1': np.float32(49.1), 'R5': np.float32(73.3), 'R10': np.float32(82.35), 'mAP': np.float32(37.337), 'mINP': np.float32(15.962), 'entropy': 0.11119228601455688, 'loss': 0.11119228601455688, 'lr': 1.3551568628929368e-06}
     Epoch[17] Iteration[10/11], entropy: 0.2254, loss: 0.2254, lr: 7.68e-06
     Averaged stats: entropy: 0.1598, loss: 0.1598, lr: 8.19e-06
     itm tta time 0:00:02
### TTA Eval Score: 
+-------+--------+--------+--------+--------+--------+
| epoch |   R1   |   R5   |  R10   |  mAP   |  mINP  |
+-------+--------+--------+--------+--------+--------+
|  -999 | 49.050 | 73.450 | 82.150 | 37.244 | 15.907 |
|   0   | 49.000 | 73.450 | 82.150 | 37.246 | 15.919 |
|   1   | 49.000 | 73.450 | 82.150 | 37.247 | 15.920 |
|   2   | 49.000 | 73.450 | 82.150 | 37.246 | 15.918 |
|   3   | 49.050 | 73.450 | 82.150 | 37.254 | 15.912 |
|   4   | 49.000 | 73.400 | 82.150 | 37.269 | 15.921 |
|   5   | 49.050 | 73.400 | 82.150 | 37.286 | 15.934 |
|   6   | 49.050 | 73.400 | 82.200 | 37.280 | 15.938 |
|   7   | 49.050 | 73.400 | 82.150 | 37.282 | 15.944 |
|   8   | 49.050 | 73.400 | 82.100 | 37.289 | 15.946 |
|   9   | 49.100 | 73.400 | 82.300 | 37.312 | 15.952 |
|   10  | 49.100 | 73.400 | 82.250 | 37.309 | 15.950 |
|   11  | 49.100 | 73.400 | 82.350 | 37.309 | 15.951 |
|   12  | 49.100 | 73.400 | 82.300 | 37.310 | 15.956 |
|   13  | 49.100 | 73.400 | 82.350 | 37.314 | 15.950 |
|   14  | 49.050 | 73.300 | 82.350 | 37.315 | 15.962 |
|   15  | 49.100 | 73.300 | 82.350 | 37.334 | 15.967 |
|   16  | 49.100 | 73.300 | 82.350 | 37.337 | 15.962 |
|   17  | 49.100 | 73.300 | 82.350 | 37.337 | 15.968 |
+-------+--------+--------+--------+--------+--------+
     logs:  {'epo': 17, 'R1': np.float32(49.1), 'R5': np.float32(73.3), 'R10': np.float32(82.35), 'mAP': np.float32(37.337), 'mINP': np.float32(15.968), 'entropy': 0.22536414861679077, 'loss': 0.22536414861679077, 'lr': 7.679133974894974e-06}
     Epoch[18] Iteration[10/11], entropy: 0.1839, loss: 0.1839, lr: 9.65e-06
     Averaged stats: entropy: 0.1502, loss: 0.1502, lr: 9.38e-06
     itm tta time 0:00:02
### TTA Eval Score: 
+-------+--------+--------+--------+--------+--------+
| epoch |   R1   |   R5   |  R10   |  mAP   |  mINP  |
+-------+--------+--------+--------+--------+--------+
|  -999 | 49.050 | 73.450 | 82.150 | 37.244 | 15.907 |
|   0   | 49.000 | 73.450 | 82.150 | 37.246 | 15.919 |
|   1   | 49.000 | 73.450 | 82.150 | 37.247 | 15.920 |
|   2   | 49.000 | 73.450 | 82.150 | 37.246 | 15.918 |
|   3   | 49.050 | 73.450 | 82.150 | 37.254 | 15.912 |
|   4   | 49.000 | 73.400 | 82.150 | 37.269 | 15.921 |
|   5   | 49.050 | 73.400 | 82.150 | 37.286 | 15.934 |
|   6   | 49.050 | 73.400 | 82.200 | 37.280 | 15.938 |
|   7   | 49.050 | 73.400 | 82.150 | 37.282 | 15.944 |
|   8   | 49.050 | 73.400 | 82.100 | 37.289 | 15.946 |
|   9   | 49.100 | 73.400 | 82.300 | 37.312 | 15.952 |
|   10  | 49.100 | 73.400 | 82.250 | 37.309 | 15.950 |
|   11  | 49.100 | 73.400 | 82.350 | 37.309 | 15.951 |
|   12  | 49.100 | 73.400 | 82.300 | 37.310 | 15.956 |
|   13  | 49.100 | 73.400 | 82.350 | 37.314 | 15.950 |
|   14  | 49.050 | 73.300 | 82.350 | 37.315 | 15.962 |
|   15  | 49.100 | 73.300 | 82.350 | 37.334 | 15.967 |
|   16  | 49.100 | 73.300 | 82.350 | 37.337 | 15.962 |
|   17  | 49.100 | 73.300 | 82.350 | 37.337 | 15.968 |
|   18  | 49.100 | 73.300 | 82.350 | 37.344 | 15.971 |
+-------+--------+--------+--------+--------+--------+
     logs:  {'epo': 18, 'R1': np.float32(49.1), 'R5': np.float32(73.3), 'R10': np.float32(82.35), 'mAP': np.float32(37.344), 'mINP': np.float32(15.971), 'entropy': 0.18392804265022278, 'loss': 0.18392804265022278, 'lr': 9.648882429441265e-06}
     Epoch[19] Iteration[10/11], entropy: 0.2123, loss: 0.2123, lr: 4.06e-06
     Averaged stats: entropy: 0.1977, loss: 0.1977, lr: 3.45e-06
     itm tta time 0:00:02
### TTA Eval Score: 
+-------+--------+--------+--------+--------+--------+
| epoch |   R1   |   R5   |  R10   |  mAP   |  mINP  |
+-------+--------+--------+--------+--------+--------+
|  -999 | 49.050 | 73.450 | 82.150 | 37.244 | 15.907 |
|   0   | 49.000 | 73.450 | 82.150 | 37.246 | 15.919 |
|   1   | 49.000 | 73.450 | 82.150 | 37.247 | 15.920 |
|   2   | 49.000 | 73.450 | 82.150 | 37.246 | 15.918 |
|   3   | 49.050 | 73.450 | 82.150 | 37.254 | 15.912 |
|   4   | 49.000 | 73.400 | 82.150 | 37.269 | 15.921 |
|   5   | 49.050 | 73.400 | 82.150 | 37.286 | 15.934 |
|   6   | 49.050 | 73.400 | 82.200 | 37.280 | 15.938 |
|   7   | 49.050 | 73.400 | 82.150 | 37.282 | 15.944 |
|   8   | 49.050 | 73.400 | 82.100 | 37.289 | 15.946 |
|   9   | 49.100 | 73.400 | 82.300 | 37.312 | 15.952 |
|   10  | 49.100 | 73.400 | 82.250 | 37.309 | 15.950 |
|   11  | 49.100 | 73.400 | 82.350 | 37.309 | 15.951 |
|   12  | 49.100 | 73.400 | 82.300 | 37.310 | 15.956 |
|   13  | 49.100 | 73.400 | 82.350 | 37.314 | 15.950 |
|   14  | 49.050 | 73.300 | 82.350 | 37.315 | 15.962 |
|   15  | 49.100 | 73.300 | 82.350 | 37.334 | 15.967 |
|   16  | 49.100 | 73.300 | 82.350 | 37.337 | 15.962 |
|   17  | 49.100 | 73.300 | 82.350 | 37.337 | 15.968 |
|   18  | 49.100 | 73.300 | 82.350 | 37.344 | 15.971 |
|   19  | 49.100 | 73.350 | 82.300 | 37.340 | 15.976 |
+-------+--------+--------+--------+--------+--------+
     logs:  {'epo': 19, 'R1': np.float32(49.1), 'R5': np.float32(73.35), 'R10': np.float32(82.3), 'mAP': np.float32(37.34), 'mINP': np.float32(15.976), 'entropy': 0.2122991681098938, 'loss': 0.2122991681098938, 'lr': 4.063093427071379e-06}
     Epoch[20] Iteration[10/11], entropy: 0.1932, loss: 0.1932, lr: 0.00e+00
     Averaged stats: entropy: 0.1979, loss: 0.1979, lr: 3.94e-08
     itm tta time 0:00:02
### TTA Eval Score: 
+-------+--------+--------+--------+--------+--------+
| epoch |   R1   |   R5   |  R10   |  mAP   |  mINP  |
+-------+--------+--------+--------+--------+--------+
|  -999 | 49.050 | 73.450 | 82.150 | 37.244 | 15.907 |
|   0   | 49.000 | 73.450 | 82.150 | 37.246 | 15.919 |
|   1   | 49.000 | 73.450 | 82.150 | 37.247 | 15.920 |
|   2   | 49.000 | 73.450 | 82.150 | 37.246 | 15.918 |
|   3   | 49.050 | 73.450 | 82.150 | 37.254 | 15.912 |
|   4   | 49.000 | 73.400 | 82.150 | 37.269 | 15.921 |
|   5   | 49.050 | 73.400 | 82.150 | 37.286 | 15.934 |
|   6   | 49.050 | 73.400 | 82.200 | 37.280 | 15.938 |
|   7   | 49.050 | 73.400 | 82.150 | 37.282 | 15.944 |
|   8   | 49.050 | 73.400 | 82.100 | 37.289 | 15.946 |
|   9   | 49.100 | 73.400 | 82.300 | 37.312 | 15.952 |
|   10  | 49.100 | 73.400 | 82.250 | 37.309 | 15.950 |
|   11  | 49.100 | 73.400 | 82.350 | 37.309 | 15.951 |
|   12  | 49.100 | 73.400 | 82.300 | 37.310 | 15.956 |
|   13  | 49.100 | 73.400 | 82.350 | 37.314 | 15.950 |
|   14  | 49.050 | 73.300 | 82.350 | 37.315 | 15.962 |
|   15  | 49.100 | 73.300 | 82.350 | 37.334 | 15.967 |
|   16  | 49.100 | 73.300 | 82.350 | 37.337 | 15.962 |
|   17  | 49.100 | 73.300 | 82.350 | 37.337 | 15.968 |
|   18  | 49.100 | 73.300 | 82.350 | 37.344 | 15.971 |
|   19  | 49.100 | 73.350 | 82.300 | 37.340 | 15.976 |
|   20  | 49.150 | 73.350 | 82.300 | 37.344 | 15.983 |
+-------+--------+--------+--------+--------+--------+
     logs:  {'epo': 20, 'R1': np.float32(49.15), 'R5': np.float32(73.35), 'R10': np.float32(82.3), 'mAP': np.float32(37.344), 'mINP': np.float32(15.983), 'entropy': 0.19322025775909424, 'loss': 0.19322025775909424, 'lr': 0.0}
     Epoch[21] Iteration[10/11], entropy: 0.1347, loss: 0.1347, lr: 4.06e-06
     Averaged stats: entropy: 0.1631, loss: 0.1631, lr: 4.69e-06
     itm tta time 0:00:02
### TTA Eval Score: 
+-------+--------+--------+--------+--------+--------+
| epoch |   R1   |   R5   |  R10   |  mAP   |  mINP  |
+-------+--------+--------+--------+--------+--------+
|  -999 | 49.050 | 73.450 | 82.150 | 37.244 | 15.907 |
|   0   | 49.000 | 73.450 | 82.150 | 37.246 | 15.919 |
|   1   | 49.000 | 73.450 | 82.150 | 37.247 | 15.920 |
|   2   | 49.000 | 73.450 | 82.150 | 37.246 | 15.918 |
|   3   | 49.050 | 73.450 | 82.150 | 37.254 | 15.912 |
|   4   | 49.000 | 73.400 | 82.150 | 37.269 | 15.921 |
|   5   | 49.050 | 73.400 | 82.150 | 37.286 | 15.934 |
|   6   | 49.050 | 73.400 | 82.200 | 37.280 | 15.938 |
|   7   | 49.050 | 73.400 | 82.150 | 37.282 | 15.944 |
|   8   | 49.050 | 73.400 | 82.100 | 37.289 | 15.946 |
|   9   | 49.100 | 73.400 | 82.300 | 37.312 | 15.952 |
|   10  | 49.100 | 73.400 | 82.250 | 37.309 | 15.950 |
|   11  | 49.100 | 73.400 | 82.350 | 37.309 | 15.951 |
|   12  | 49.100 | 73.400 | 82.300 | 37.310 | 15.956 |
|   13  | 49.100 | 73.400 | 82.350 | 37.314 | 15.950 |
|   14  | 49.050 | 73.300 | 82.350 | 37.315 | 15.962 |
|   15  | 49.100 | 73.300 | 82.350 | 37.334 | 15.967 |
|   16  | 49.100 | 73.300 | 82.350 | 37.337 | 15.962 |
|   17  | 49.100 | 73.300 | 82.350 | 37.337 | 15.968 |
|   18  | 49.100 | 73.300 | 82.350 | 37.344 | 15.971 |
|   19  | 49.100 | 73.350 | 82.300 | 37.340 | 15.976 |
|   20  | 49.150 | 73.350 | 82.300 | 37.344 | 15.983 |
|   21  | 49.150 | 73.350 | 82.300 | 37.342 | 15.978 |
+-------+--------+--------+--------+--------+--------+
     logs:  {'epo': 21, 'R1': np.float32(49.15), 'R5': np.float32(73.35), 'R10': np.float32(82.3), 'mAP': np.float32(37.342), 'mINP': np.float32(15.978), 'entropy': 0.13466376066207886, 'loss': 0.13466376066207886, 'lr': 4.063093427071368e-06}
     Epoch[22] Iteration[10/11], entropy: 0.1744, loss: 0.1744, lr: 9.65e-06
     Averaged stats: entropy: 0.1571, loss: 0.1571, lr: 9.84e-06
     itm tta time 0:00:02
### TTA Eval Score: 
+-------+--------+--------+--------+--------+--------+
| epoch |   R1   |   R5   |  R10   |  mAP   |  mINP  |
+-------+--------+--------+--------+--------+--------+
|  -999 | 49.050 | 73.450 | 82.150 | 37.244 | 15.907 |
|   0   | 49.000 | 73.450 | 82.150 | 37.246 | 15.919 |
|   1   | 49.000 | 73.450 | 82.150 | 37.247 | 15.920 |
|   2   | 49.000 | 73.450 | 82.150 | 37.246 | 15.918 |
|   3   | 49.050 | 73.450 | 82.150 | 37.254 | 15.912 |
|   4   | 49.000 | 73.400 | 82.150 | 37.269 | 15.921 |
|   5   | 49.050 | 73.400 | 82.150 | 37.286 | 15.934 |
|   6   | 49.050 | 73.400 | 82.200 | 37.280 | 15.938 |
|   7   | 49.050 | 73.400 | 82.150 | 37.282 | 15.944 |
|   8   | 49.050 | 73.400 | 82.100 | 37.289 | 15.946 |
|   9   | 49.100 | 73.400 | 82.300 | 37.312 | 15.952 |
|   10  | 49.100 | 73.400 | 82.250 | 37.309 | 15.950 |
|   11  | 49.100 | 73.400 | 82.350 | 37.309 | 15.951 |
|   12  | 49.100 | 73.400 | 82.300 | 37.310 | 15.956 |
|   13  | 49.100 | 73.400 | 82.350 | 37.314 | 15.950 |
|   14  | 49.050 | 73.300 | 82.350 | 37.315 | 15.962 |
|   15  | 49.100 | 73.300 | 82.350 | 37.334 | 15.967 |
|   16  | 49.100 | 73.300 | 82.350 | 37.337 | 15.962 |
|   17  | 49.100 | 73.300 | 82.350 | 37.337 | 15.968 |
|   18  | 49.100 | 73.300 | 82.350 | 37.344 | 15.971 |
|   19  | 49.100 | 73.350 | 82.300 | 37.340 | 15.976 |
|   20  | 49.150 | 73.350 | 82.300 | 37.344 | 15.983 |
|   21  | 49.150 | 73.350 | 82.300 | 37.342 | 15.978 |
|   22  | 49.150 | 73.350 | 82.350 | 37.346 | 15.979 |
+-------+--------+--------+--------+--------+--------+
     logs:  {'epo': 22, 'R1': np.float32(49.15), 'R5': np.float32(73.35), 'R10': np.float32(82.35), 'mAP': np.float32(37.346), 'mINP': np.float32(15.979), 'entropy': 0.17443154752254486, 'loss': 0.17443154752254486, 'lr': 9.64888242944126e-06}
     Epoch[23] Iteration[10/11], entropy: 0.1552, loss: 0.1552, lr: 7.68e-06
     Averaged stats: entropy: 0.1172, loss: 0.1172, lr: 7.13e-06
     itm tta time 0:00:02
### TTA Eval Score: 
+-------+--------+--------+--------+--------+--------+
| epoch |   R1   |   R5   |  R10   |  mAP   |  mINP  |
+-------+--------+--------+--------+--------+--------+
|  -999 | 49.050 | 73.450 | 82.150 | 37.244 | 15.907 |
|   0   | 49.000 | 73.450 | 82.150 | 37.246 | 15.919 |
|   1   | 49.000 | 73.450 | 82.150 | 37.247 | 15.920 |
|   2   | 49.000 | 73.450 | 82.150 | 37.246 | 15.918 |
|   3   | 49.050 | 73.450 | 82.150 | 37.254 | 15.912 |
|   4   | 49.000 | 73.400 | 82.150 | 37.269 | 15.921 |
|   5   | 49.050 | 73.400 | 82.150 | 37.286 | 15.934 |
|   6   | 49.050 | 73.400 | 82.200 | 37.280 | 15.938 |
|   7   | 49.050 | 73.400 | 82.150 | 37.282 | 15.944 |
|   8   | 49.050 | 73.400 | 82.100 | 37.289 | 15.946 |
|   9   | 49.100 | 73.400 | 82.300 | 37.312 | 15.952 |
|   10  | 49.100 | 73.400 | 82.250 | 37.309 | 15.950 |
|   11  | 49.100 | 73.400 | 82.350 | 37.309 | 15.951 |
|   12  | 49.100 | 73.400 | 82.300 | 37.310 | 15.956 |
|   13  | 49.100 | 73.400 | 82.350 | 37.314 | 15.950 |
|   14  | 49.050 | 73.300 | 82.350 | 37.315 | 15.962 |
|   15  | 49.100 | 73.300 | 82.350 | 37.334 | 15.967 |
|   16  | 49.100 | 73.300 | 82.350 | 37.337 | 15.962 |
|   17  | 49.100 | 73.300 | 82.350 | 37.337 | 15.968 |
|   18  | 49.100 | 73.300 | 82.350 | 37.344 | 15.971 |
|   19  | 49.100 | 73.350 | 82.300 | 37.340 | 15.976 |
|   20  | 49.150 | 73.350 | 82.300 | 37.344 | 15.983 |
|   21  | 49.150 | 73.350 | 82.300 | 37.342 | 15.978 |
|   22  | 49.150 | 73.350 | 82.350 | 37.346 | 15.979 |
|   23  | 49.200 | 73.400 | 82.350 | 37.358 | 15.989 |
+-------+--------+--------+--------+--------+--------+
     logs:  {'epo': 23, 'R1': np.float32(49.2), 'R5': np.float32(73.4), 'R10': np.float32(82.35), 'mAP': np.float32(37.358), 'mINP': np.float32(15.989), 'entropy': 0.1552499681711197, 'loss': 0.1552499681711197, 'lr': 7.679133974894984e-06}
     Epoch[24] Iteration[10/11], entropy: 0.2818, loss: 0.2818, lr: 1.36e-06
     Averaged stats: entropy: 0.1756, loss: 0.1756, lr: 9.55e-07
     itm tta time 0:00:02
### TTA Eval Score: 
+-------+--------+--------+--------+--------+--------+
| epoch |   R1   |   R5   |  R10   |  mAP   |  mINP  |
+-------+--------+--------+--------+--------+--------+
|  -999 | 49.050 | 73.450 | 82.150 | 37.244 | 15.907 |
|   0   | 49.000 | 73.450 | 82.150 | 37.246 | 15.919 |
|   1   | 49.000 | 73.450 | 82.150 | 37.247 | 15.920 |
|   2   | 49.000 | 73.450 | 82.150 | 37.246 | 15.918 |
|   3   | 49.050 | 73.450 | 82.150 | 37.254 | 15.912 |
|   4   | 49.000 | 73.400 | 82.150 | 37.269 | 15.921 |
|   5   | 49.050 | 73.400 | 82.150 | 37.286 | 15.934 |
|   6   | 49.050 | 73.400 | 82.200 | 37.280 | 15.938 |
|   7   | 49.050 | 73.400 | 82.150 | 37.282 | 15.944 |
|   8   | 49.050 | 73.400 | 82.100 | 37.289 | 15.946 |
|   9   | 49.100 | 73.400 | 82.300 | 37.312 | 15.952 |
|   10  | 49.100 | 73.400 | 82.250 | 37.309 | 15.950 |
|   11  | 49.100 | 73.400 | 82.350 | 37.309 | 15.951 |
|   12  | 49.100 | 73.400 | 82.300 | 37.310 | 15.956 |
|   13  | 49.100 | 73.400 | 82.350 | 37.314 | 15.950 |
|   14  | 49.050 | 73.300 | 82.350 | 37.315 | 15.962 |
|   15  | 49.100 | 73.300 | 82.350 | 37.334 | 15.967 |
|   16  | 49.100 | 73.300 | 82.350 | 37.337 | 15.962 |
|   17  | 49.100 | 73.300 | 82.350 | 37.337 | 15.968 |
|   18  | 49.100 | 73.300 | 82.350 | 37.344 | 15.971 |
|   19  | 49.100 | 73.350 | 82.300 | 37.340 | 15.976 |
|   20  | 49.150 | 73.350 | 82.300 | 37.344 | 15.983 |
|   21  | 49.150 | 73.350 | 82.300 | 37.342 | 15.978 |
|   22  | 49.150 | 73.350 | 82.350 | 37.346 | 15.979 |
|   23  | 49.200 | 73.400 | 82.350 | 37.358 | 15.989 |
|   24  | 49.150 | 73.350 | 82.350 | 37.344 | 15.993 |
+-------+--------+--------+--------+--------+--------+
     logs:  {'epo': 24, 'R1': np.float32(49.15), 'R5': np.float32(73.35), 'R10': np.float32(82.35), 'mAP': np.float32(37.344), 'mINP': np.float32(15.993), 'entropy': 0.281841516494751, 'loss': 0.281841516494751, 'lr': 1.3551568628929446e-06}
     Epoch[25] Iteration[10/11], entropy: 0.2408, loss: 0.2408, lr: 9.55e-07
     Averaged stats: entropy: 0.1567, loss: 0.1567, lr: 1.36e-06
     itm tta time 0:00:02
### TTA Eval Score: 
+-------+--------+--------+--------+--------+--------+
| epoch |   R1   |   R5   |  R10   |  mAP   |  mINP  |
+-------+--------+--------+--------+--------+--------+
|  -999 | 49.050 | 73.450 | 82.150 | 37.244 | 15.907 |
|   0   | 49.000 | 73.450 | 82.150 | 37.246 | 15.919 |
|   1   | 49.000 | 73.450 | 82.150 | 37.247 | 15.920 |
|   2   | 49.000 | 73.450 | 82.150 | 37.246 | 15.918 |
|   3   | 49.050 | 73.450 | 82.150 | 37.254 | 15.912 |
|   4   | 49.000 | 73.400 | 82.150 | 37.269 | 15.921 |
|   5   | 49.050 | 73.400 | 82.150 | 37.286 | 15.934 |
|   6   | 49.050 | 73.400 | 82.200 | 37.280 | 15.938 |
|   7   | 49.050 | 73.400 | 82.150 | 37.282 | 15.944 |
|   8   | 49.050 | 73.400 | 82.100 | 37.289 | 15.946 |
|   9   | 49.100 | 73.400 | 82.300 | 37.312 | 15.952 |
|   10  | 49.100 | 73.400 | 82.250 | 37.309 | 15.950 |
|   11  | 49.100 | 73.400 | 82.350 | 37.309 | 15.951 |
|   12  | 49.100 | 73.400 | 82.300 | 37.310 | 15.956 |
|   13  | 49.100 | 73.400 | 82.350 | 37.314 | 15.950 |
|   14  | 49.050 | 73.300 | 82.350 | 37.315 | 15.962 |
|   15  | 49.100 | 73.300 | 82.350 | 37.334 | 15.967 |
|   16  | 49.100 | 73.300 | 82.350 | 37.337 | 15.962 |
|   17  | 49.100 | 73.300 | 82.350 | 37.337 | 15.968 |
|   18  | 49.100 | 73.300 | 82.350 | 37.344 | 15.971 |
|   19  | 49.100 | 73.350 | 82.300 | 37.340 | 15.976 |
|   20  | 49.150 | 73.350 | 82.300 | 37.344 | 15.983 |
|   21  | 49.150 | 73.350 | 82.300 | 37.342 | 15.978 |
|   22  | 49.150 | 73.350 | 82.350 | 37.346 | 15.979 |
|   23  | 49.200 | 73.400 | 82.350 | 37.358 | 15.989 |
|   24  | 49.150 | 73.350 | 82.350 | 37.344 | 15.993 |
|   25  | 49.150 | 73.400 | 82.350 | 37.356 | 15.992 |
+-------+--------+--------+--------+--------+--------+
     logs:  {'epo': 25, 'R1': np.float32(49.15), 'R5': np.float32(73.4), 'R10': np.float32(82.35), 'mAP': np.float32(37.356), 'mINP': np.float32(15.992), 'entropy': 0.24079307913780212, 'loss': 0.24079307913780212, 'lr': 9.549150281252589e-07}
     Epoch[26] Iteration[10/11], entropy: 0.2799, loss: 0.2799, lr: 7.13e-06
     Averaged stats: entropy: 0.1940, loss: 0.1940, lr: 7.68e-06
     itm tta time 0:00:02
### TTA Eval Score: 
+-------+--------+--------+--------+--------+--------+
| epoch |   R1   |   R5   |  R10   |  mAP   |  mINP  |
+-------+--------+--------+--------+--------+--------+
|  -999 | 49.050 | 73.450 | 82.150 | 37.244 | 15.907 |
|   0   | 49.000 | 73.450 | 82.150 | 37.246 | 15.919 |
|   1   | 49.000 | 73.450 | 82.150 | 37.247 | 15.920 |
|   2   | 49.000 | 73.450 | 82.150 | 37.246 | 15.918 |
|   3   | 49.050 | 73.450 | 82.150 | 37.254 | 15.912 |
|   4   | 49.000 | 73.400 | 82.150 | 37.269 | 15.921 |
|   5   | 49.050 | 73.400 | 82.150 | 37.286 | 15.934 |
|   6   | 49.050 | 73.400 | 82.200 | 37.280 | 15.938 |
|   7   | 49.050 | 73.400 | 82.150 | 37.282 | 15.944 |
|   8   | 49.050 | 73.400 | 82.100 | 37.289 | 15.946 |
|   9   | 49.100 | 73.400 | 82.300 | 37.312 | 15.952 |
|   10  | 49.100 | 73.400 | 82.250 | 37.309 | 15.950 |
|   11  | 49.100 | 73.400 | 82.350 | 37.309 | 15.951 |
|   12  | 49.100 | 73.400 | 82.300 | 37.310 | 15.956 |
|   13  | 49.100 | 73.400 | 82.350 | 37.314 | 15.950 |
|   14  | 49.050 | 73.300 | 82.350 | 37.315 | 15.962 |
|   15  | 49.100 | 73.300 | 82.350 | 37.334 | 15.967 |
|   16  | 49.100 | 73.300 | 82.350 | 37.337 | 15.962 |
|   17  | 49.100 | 73.300 | 82.350 | 37.337 | 15.968 |
|   18  | 49.100 | 73.300 | 82.350 | 37.344 | 15.971 |
|   19  | 49.100 | 73.350 | 82.300 | 37.340 | 15.976 |
|   20  | 49.150 | 73.350 | 82.300 | 37.344 | 15.983 |
|   21  | 49.150 | 73.350 | 82.300 | 37.342 | 15.978 |
|   22  | 49.150 | 73.350 | 82.350 | 37.346 | 15.979 |
|   23  | 49.200 | 73.400 | 82.350 | 37.358 | 15.989 |
|   24  | 49.150 | 73.350 | 82.350 | 37.344 | 15.993 |
|   25  | 49.150 | 73.400 | 82.350 | 37.356 | 15.992 |
|   26  | 49.200 | 73.400 | 82.350 | 37.356 | 15.998 |
+-------+--------+--------+--------+--------+--------+
     logs:  {'epo': 26, 'R1': np.float32(49.2), 'R5': np.float32(73.4), 'R10': np.float32(82.35), 'mAP': np.float32(37.356), 'mINP': np.float32(15.998), 'entropy': 0.27986618876457214, 'loss': 0.27986618876457214, 'lr': 7.128896457825354e-06}
     Epoch[27] Iteration[10/11], entropy: 0.1586, loss: 0.1586, lr: 9.84e-06
     Averaged stats: entropy: 0.1342, loss: 0.1342, lr: 9.65e-06
     itm tta time 0:00:02
### TTA Eval Score: 
+-------+--------+--------+--------+--------+--------+
| epoch |   R1   |   R5   |  R10   |  mAP   |  mINP  |
+-------+--------+--------+--------+--------+--------+
|  -999 | 49.050 | 73.450 | 82.150 | 37.244 | 15.907 |
|   0   | 49.000 | 73.450 | 82.150 | 37.246 | 15.919 |
|   1   | 49.000 | 73.450 | 82.150 | 37.247 | 15.920 |
|   2   | 49.000 | 73.450 | 82.150 | 37.246 | 15.918 |
|   3   | 49.050 | 73.450 | 82.150 | 37.254 | 15.912 |
|   4   | 49.000 | 73.400 | 82.150 | 37.269 | 15.921 |
|   5   | 49.050 | 73.400 | 82.150 | 37.286 | 15.934 |
|   6   | 49.050 | 73.400 | 82.200 | 37.280 | 15.938 |
|   7   | 49.050 | 73.400 | 82.150 | 37.282 | 15.944 |
|   8   | 49.050 | 73.400 | 82.100 | 37.289 | 15.946 |
|   9   | 49.100 | 73.400 | 82.300 | 37.312 | 15.952 |
|   10  | 49.100 | 73.400 | 82.250 | 37.309 | 15.950 |
|   11  | 49.100 | 73.400 | 82.350 | 37.309 | 15.951 |
|   12  | 49.100 | 73.400 | 82.300 | 37.310 | 15.956 |
|   13  | 49.100 | 73.400 | 82.350 | 37.314 | 15.950 |
|   14  | 49.050 | 73.300 | 82.350 | 37.315 | 15.962 |
|   15  | 49.100 | 73.300 | 82.350 | 37.334 | 15.967 |
|   16  | 49.100 | 73.300 | 82.350 | 37.337 | 15.962 |
|   17  | 49.100 | 73.300 | 82.350 | 37.337 | 15.968 |
|   18  | 49.100 | 73.300 | 82.350 | 37.344 | 15.971 |
|   19  | 49.100 | 73.350 | 82.300 | 37.340 | 15.976 |
|   20  | 49.150 | 73.350 | 82.300 | 37.344 | 15.983 |
|   21  | 49.150 | 73.350 | 82.300 | 37.342 | 15.978 |
|   22  | 49.150 | 73.350 | 82.350 | 37.346 | 15.979 |
|   23  | 49.200 | 73.400 | 82.350 | 37.358 | 15.989 |
|   24  | 49.150 | 73.350 | 82.350 | 37.344 | 15.993 |
|   25  | 49.150 | 73.400 | 82.350 | 37.356 | 15.992 |
|   26  | 49.200 | 73.400 | 82.350 | 37.356 | 15.998 |
|   27  | 49.250 | 73.400 | 82.350 | 37.372 | 16.010 |
+-------+--------+--------+--------+--------+--------+
     logs:  {'epo': 27, 'R1': np.float32(49.25), 'R5': np.float32(73.4), 'R10': np.float32(82.35), 'mAP': np.float32(37.372), 'mINP': np.float32(16.01), 'entropy': 0.15864689648151398, 'loss': 0.15864689648151398, 'lr': 9.842915805643161e-06}
     Epoch[28] Iteration[10/11], entropy: 0.2586, loss: 0.2586, lr: 4.69e-06
     Averaged stats: entropy: 0.1806, loss: 0.1806, lr: 4.06e-06
     itm tta time 0:00:02
### TTA Eval Score: 
+-------+--------+--------+--------+--------+--------+
| epoch |   R1   |   R5   |  R10   |  mAP   |  mINP  |
+-------+--------+--------+--------+--------+--------+
|  -999 | 49.050 | 73.450 | 82.150 | 37.244 | 15.907 |
|   0   | 49.000 | 73.450 | 82.150 | 37.246 | 15.919 |
|   1   | 49.000 | 73.450 | 82.150 | 37.247 | 15.920 |
|   2   | 49.000 | 73.450 | 82.150 | 37.246 | 15.918 |
|   3   | 49.050 | 73.450 | 82.150 | 37.254 | 15.912 |
|   4   | 49.000 | 73.400 | 82.150 | 37.269 | 15.921 |
|   5   | 49.050 | 73.400 | 82.150 | 37.286 | 15.934 |
|   6   | 49.050 | 73.400 | 82.200 | 37.280 | 15.938 |
|   7   | 49.050 | 73.400 | 82.150 | 37.282 | 15.944 |
|   8   | 49.050 | 73.400 | 82.100 | 37.289 | 15.946 |
|   9   | 49.100 | 73.400 | 82.300 | 37.312 | 15.952 |
|   10  | 49.100 | 73.400 | 82.250 | 37.309 | 15.950 |
|   11  | 49.100 | 73.400 | 82.350 | 37.309 | 15.951 |
|   12  | 49.100 | 73.400 | 82.300 | 37.310 | 15.956 |
|   13  | 49.100 | 73.400 | 82.350 | 37.314 | 15.950 |
|   14  | 49.050 | 73.300 | 82.350 | 37.315 | 15.962 |
|   15  | 49.100 | 73.300 | 82.350 | 37.334 | 15.967 |
|   16  | 49.100 | 73.300 | 82.350 | 37.337 | 15.962 |
|   17  | 49.100 | 73.300 | 82.350 | 37.337 | 15.968 |
|   18  | 49.100 | 73.300 | 82.350 | 37.344 | 15.971 |
|   19  | 49.100 | 73.350 | 82.300 | 37.340 | 15.976 |
|   20  | 49.150 | 73.350 | 82.300 | 37.344 | 15.983 |
|   21  | 49.150 | 73.350 | 82.300 | 37.342 | 15.978 |
|   22  | 49.150 | 73.350 | 82.350 | 37.346 | 15.979 |
|   23  | 49.200 | 73.400 | 82.350 | 37.358 | 15.989 |
|   24  | 49.150 | 73.350 | 82.350 | 37.344 | 15.993 |
|   25  | 49.150 | 73.400 | 82.350 | 37.356 | 15.992 |
|   26  | 49.200 | 73.400 | 82.350 | 37.356 | 15.998 |
|   27  | 49.250 | 73.400 | 82.350 | 37.372 | 16.010 |
|   28  | 49.200 | 73.450 | 82.350 | 37.371 | 16.018 |
+-------+--------+--------+--------+--------+--------+
     logs:  {'epo': 28, 'R1': np.float32(49.2), 'R5': np.float32(73.45), 'R10': np.float32(82.35), 'mAP': np.float32(37.371), 'mINP': np.float32(16.018), 'entropy': 0.25864580273628235, 'loss': 0.25864580273628235, 'lr': 4.686047402353452e-06}
     Epoch[29] Iteration[10/11], entropy: 0.1939, loss: 0.1939, lr: 3.94e-08
     Averaged stats: entropy: 0.2024, loss: 0.2024, lr: 0.00e+00
     itm tta time 0:00:02
### TTA Eval Score: 
+-------+--------+--------+--------+--------+--------+
| epoch |   R1   |   R5   |  R10   |  mAP   |  mINP  |
+-------+--------+--------+--------+--------+--------+
|  -999 | 49.050 | 73.450 | 82.150 | 37.244 | 15.907 |
|   0   | 49.000 | 73.450 | 82.150 | 37.246 | 15.919 |
|   1   | 49.000 | 73.450 | 82.150 | 37.247 | 15.920 |
|   2   | 49.000 | 73.450 | 82.150 | 37.246 | 15.918 |
|   3   | 49.050 | 73.450 | 82.150 | 37.254 | 15.912 |
|   4   | 49.000 | 73.400 | 82.150 | 37.269 | 15.921 |
|   5   | 49.050 | 73.400 | 82.150 | 37.286 | 15.934 |
|   6   | 49.050 | 73.400 | 82.200 | 37.280 | 15.938 |
|   7   | 49.050 | 73.400 | 82.150 | 37.282 | 15.944 |
|   8   | 49.050 | 73.400 | 82.100 | 37.289 | 15.946 |
|   9   | 49.100 | 73.400 | 82.300 | 37.312 | 15.952 |
|   10  | 49.100 | 73.400 | 82.250 | 37.309 | 15.950 |
|   11  | 49.100 | 73.400 | 82.350 | 37.309 | 15.951 |
|   12  | 49.100 | 73.400 | 82.300 | 37.310 | 15.956 |
|   13  | 49.100 | 73.400 | 82.350 | 37.314 | 15.950 |
|   14  | 49.050 | 73.300 | 82.350 | 37.315 | 15.962 |
|   15  | 49.100 | 73.300 | 82.350 | 37.334 | 15.967 |
|   16  | 49.100 | 73.300 | 82.350 | 37.337 | 15.962 |
|   17  | 49.100 | 73.300 | 82.350 | 37.337 | 15.968 |
|   18  | 49.100 | 73.300 | 82.350 | 37.344 | 15.971 |
|   19  | 49.100 | 73.350 | 82.300 | 37.340 | 15.976 |
|   20  | 49.150 | 73.350 | 82.300 | 37.344 | 15.983 |
|   21  | 49.150 | 73.350 | 82.300 | 37.342 | 15.978 |
|   22  | 49.150 | 73.350 | 82.350 | 37.346 | 15.979 |
|   23  | 49.200 | 73.400 | 82.350 | 37.358 | 15.989 |
|   24  | 49.150 | 73.350 | 82.350 | 37.344 | 15.993 |
|   25  | 49.150 | 73.400 | 82.350 | 37.356 | 15.992 |
|   26  | 49.200 | 73.400 | 82.350 | 37.356 | 15.998 |
|   27  | 49.250 | 73.400 | 82.350 | 37.372 | 16.010 |
|   28  | 49.200 | 73.450 | 82.350 | 37.371 | 16.018 |
|   29  | 49.150 | 73.450 | 82.350 | 37.370 | 16.020 |
+-------+--------+--------+--------+--------+--------+
     logs:  {'epo': 29, 'R1': np.float32(49.15), 'R5': np.float32(73.45), 'R10': np.float32(82.35), 'mAP': np.float32(37.37), 'mINP': np.float32(16.02), 'entropy': 0.1938980668783188, 'loss': 0.1938980668783188, 'lr': 3.942649342760896e-08}
### best epoch 27 : {'epo': '27', 'R1': '49.25', 'R5': '73.4', 'R10': '82.35', 'mAP': '37.372', 'mINP': '16.01', 'entropy': '0.15864689648151398', 'loss': '0.15864689648151398', 'lr': '9.842915805643161e-06'}
### Time 0:03:37
