Not using distributed mode
### Hyper-parameters:
     output_dir: output_rerun2/ham_rstp_tta/exp3/exp3.2.3/2025091508445
     seed: 42
     device: cuda
     batch_size_tta: 16
     epochs: 60
     lr: 0.0005
### Creating test dataset
     test_txt_set: 2000    test_img_set: 1000
     test_txt_loader: 4    test_img_loader: 2
### Creating model
Training Model with ['sdm', 'id', 'mlm'] tasks
Resized position embedding from size:torch.Size([1, 197, 768]) to size: torch.Size([1, 193, 768]) with height:24 width: 8
     Total Params Sum:  190789493
### Zero-Shot Score: 
/home/jiahao/task/IRRA/tta.py:281: FutureWarning: `torch.cuda.amp.GradScaler(args...)` is deprecated. Please use `torch.amp.GradScaler('cuda', args...)` instead.
  scaler = GradScaler()  # bf16
+-------+--------+--------+--------+--------+--------+
| epoch |   R1   |   R5   |  R10   |  mAP   |  mINP  |
+-------+--------+--------+--------+--------+--------+
|  -999 | 59.500 | 80.050 | 87.050 | 44.116 | 20.549 |
+-------+--------+--------+--------+--------+--------+
### TTA:
### Compute Cos Similarity Uncertainty
     preprocess_tta_coefficients  start
     sample selection ...
     number of sample after sample_selection: 1378
     uncertainty ...
     pos/neg sampling ...
      number of sample after pos/neg sampling: torch.Size([2000, 8])
     preprocess_tta_coefficients  end
### Creating TTA dataset
     tta_dataset: 1378
### Creating tta dataloader
### be careful: func create_loader returns a list length of 1
     tta_loader: 86
### Configure adapted weights
     TTA Dropout Modules: 
 []
     TTA Require Gradient Params: 
 [('base_model.transformer.resblocks.1.ln_1.weight', torch.Size([512])), ('base_model.transformer.resblocks.1.ln_1.bias', torch.Size([512])), ('base_model.transformer.resblocks.1.ln_2.weight', torch.Size([512])), ('base_model.transformer.resblocks.1.ln_2.bias', torch.Size([512])), ('base_model.transformer.resblocks.2.ln_1.weight', torch.Size([512])), ('base_model.transformer.resblocks.2.ln_1.bias', torch.Size([512])), ('base_model.transformer.resblocks.2.ln_2.weight', torch.Size([512])), ('base_model.transformer.resblocks.2.ln_2.bias', torch.Size([512])), ('base_model.transformer.resblocks.3.ln_1.weight', torch.Size([512])), ('base_model.transformer.resblocks.3.ln_1.bias', torch.Size([512])), ('base_model.transformer.resblocks.3.ln_2.weight', torch.Size([512])), ('base_model.transformer.resblocks.3.ln_2.bias', torch.Size([512])), ('base_model.transformer.resblocks.4.ln_1.weight', torch.Size([512])), ('base_model.transformer.resblocks.4.ln_1.bias', torch.Size([512])), ('base_model.transformer.resblocks.4.ln_2.weight', torch.Size([512])), ('base_model.transformer.resblocks.4.ln_2.bias', torch.Size([512])), ('base_model.transformer.resblocks.5.ln_1.weight', torch.Size([512])), ('base_model.transformer.resblocks.5.ln_1.bias', torch.Size([512])), ('base_model.transformer.resblocks.5.ln_2.weight', torch.Size([512])), ('base_model.transformer.resblocks.5.ln_2.bias', torch.Size([512])), ('base_model.transformer.resblocks.7.ln_1.weight', torch.Size([512])), ('base_model.transformer.resblocks.7.ln_1.bias', torch.Size([512])), ('base_model.transformer.resblocks.7.ln_2.weight', torch.Size([512])), ('base_model.transformer.resblocks.7.ln_2.bias', torch.Size([512])), ('base_model.transformer.resblocks.8.ln_1.weight', torch.Size([512])), ('base_model.transformer.resblocks.8.ln_1.bias', torch.Size([512])), ('base_model.transformer.resblocks.8.ln_2.weight', torch.Size([512])), ('base_model.transformer.resblocks.8.ln_2.bias', torch.Size([512])), ('base_model.transformer.resblocks.9.ln_1.weight', torch.Size([512])), ('base_model.transformer.resblocks.9.ln_1.bias', torch.Size([512])), ('base_model.transformer.resblocks.9.ln_2.weight', torch.Size([512])), ('base_model.transformer.resblocks.9.ln_2.bias', torch.Size([512])), ('base_model.transformer.resblocks.10.ln_1.weight', torch.Size([512])), ('base_model.transformer.resblocks.10.ln_1.bias', torch.Size([512])), ('base_model.transformer.resblocks.10.ln_2.weight', torch.Size([512])), ('base_model.transformer.resblocks.10.ln_2.bias', torch.Size([512])), ('base_model.transformer.resblocks.11.ln_1.weight', torch.Size([512])), ('base_model.transformer.resblocks.11.ln_1.bias', torch.Size([512])), ('base_model.transformer.resblocks.11.ln_2.weight', torch.Size([512])), ('base_model.transformer.resblocks.11.ln_2.bias', torch.Size([512])), ('base_model.ln_final.weight', torch.Size([512])), ('base_model.ln_final.bias', torch.Size([512]))]
     TTA Dropout Modules Number: 
 0
     TTA Require Gradient Params Sum: 
 21504
Using 5.0 times learning rate for random init module 
### Start Test Time Adaptation : num_epoch = 60
/home/jiahao/task/IRRA/tta.py:67: FutureWarning: `torch.cuda.amp.autocast(args...)` is deprecated. Please use `torch.amp.autocast('cuda', args...)` instead.
  with torch.cuda.amp.autocast(enabled=True):
     Epoch[0] Iteration[10/86], entropy: 0.4159, uncertainty: 1.8696, uncertainty_coeffi: 0.0001, loss: 1.4717, lr: 4.10e-04
     Epoch[0] Iteration[20/86], entropy: 0.3066, uncertainty: 1.0372, uncertainty_coeffi: 0.0001, loss: 0.4764, lr: 4.74e-04
     Epoch[0] Iteration[30/86], entropy: 0.4339, uncertainty: 1.1141, uncertainty_coeffi: 0.0001, loss: 1.0747, lr: 3.79e-04
     Epoch[0] Iteration[40/86], entropy: 0.1900, uncertainty: 1.2632, uncertainty_coeffi: 0.0001, loss: 0.4884, lr: 2.43e-04
     Epoch[0] Iteration[50/86], entropy: 0.3763, uncertainty: 1.8769, uncertainty_coeffi: 0.0001, loss: 0.2116, lr: 1.09e-04
     Epoch[0] Iteration[60/86], entropy: 0.6347, uncertainty: 1.9177, uncertainty_coeffi: 0.0001, loss: 0.4438, lr: 1.97e-05
     Epoch[0] Iteration[70/86], entropy: 0.5004, uncertainty: 1.7468, uncertainty_coeffi: 0.0001, loss: 0.6624, lr: 3.66e-06
     Epoch[0] Iteration[80/86], entropy: 0.5010, uncertainty: 1.6163, uncertainty_coeffi: 0.0001, loss: 0.4228, lr: 6.58e-05
     Averaged stats: entropy_avg: 0.4198, uncertainty_avg: 1.5552, uncertainty_coeffi_avg: 0.0001, loss_avg: 0.6565, lr_avg: 2.13e-04
     itm tta time 0:00:27
### TTA Eval Score: 
+-------+--------+--------+--------+--------+--------+
| epoch |   R1   |   R5   |  R10   |  mAP   |  mINP  |
+-------+--------+--------+--------+--------+--------+
|  -999 | 59.500 | 80.050 | 87.050 | 44.116 | 20.549 |
|   0   | 60.500 | 81.200 | 87.800 | 45.253 | 21.557 |
+-------+--------+--------+--------+--------+--------+
     logs:  {'epo': 0, 'R1': np.float32(60.5), 'R5': np.float32(81.2), 'R10': np.float32(87.8), 'mAP': np.float32(45.253), 'mINP': np.float32(21.557), 'entropy': 0.4198484066873789, 'uncertainty': 1.5552135556936264, 'uncertainty_coeffi': 9.999999747378752e-05, 'loss': 0.6564732193946838, 'lr': 0.00021304931230721585}
     Epoch[1] Iteration[10/86], entropy: 0.2121, uncertainty: 1.2531, uncertainty_coeffi: 0.0001, loss: 0.2149, lr: 2.71e-04
     Epoch[1] Iteration[20/86], entropy: 0.2824, uncertainty: 1.8903, uncertainty_coeffi: 0.0001, loss: 0.2288, lr: 3.91e-04
     Epoch[1] Iteration[30/86], entropy: 0.2587, uncertainty: 0.9731, uncertainty_coeffi: 0.0001, loss: 0.3712, lr: 4.74e-04
     Epoch[1] Iteration[40/86], entropy: 0.3679, uncertainty: 1.6562, uncertainty_coeffi: 0.0001, loss: 0.2855, lr: 4.98e-04
     Epoch[1] Iteration[50/86], entropy: 0.2604, uncertainty: 1.1871, uncertainty_coeffi: 0.0001, loss: 34.1573, lr: 4.52e-04
     Epoch[1] Iteration[60/86], entropy: 0.2135, uncertainty: 1.8941, uncertainty_coeffi: 0.0001, loss: 0.3206, lr: 3.41e-04
     Epoch[1] Iteration[70/86], entropy: 0.3732, uncertainty: 1.4882, uncertainty_coeffi: 0.0001, loss: 0.2412, lr: 2.00e-04
     Epoch[1] Iteration[80/86], entropy: 0.3088, uncertainty: 1.4680, uncertainty_coeffi: 0.0001, loss: 0.1569, lr: 7.58e-05
     Averaged stats: entropy_avg: 0.2846, uncertainty_avg: 1.4763, uncertainty_coeffi_avg: 0.0001, loss_avg: 4.4970, lr_avg: 3.38e-04
     itm tta time 0:00:26
### TTA Eval Score: 
+-------+--------+--------+--------+--------+--------+
| epoch |   R1   |   R5   |  R10   |  mAP   |  mINP  |
+-------+--------+--------+--------+--------+--------+
|  -999 | 59.500 | 80.050 | 87.050 | 44.116 | 20.549 |
|   0   | 60.500 | 81.200 | 87.800 | 45.253 | 21.557 |
|   1   | 61.100 | 81.800 | 88.300 | 45.554 | 21.701 |
+-------+--------+--------+--------+--------+--------+
     logs:  {'epo': 1, 'R1': np.float32(61.1), 'R5': np.float32(81.8), 'R10': np.float32(88.3), 'mAP': np.float32(45.554), 'mINP': np.float32(21.701), 'entropy': 0.28463341295719147, 'uncertainty': 1.47625133395195, 'uncertainty_coeffi': 9.999999747378752e-05, 'loss': 4.49704179726541, 'lr': 0.00033803734549406463}
     Epoch[2] Iteration[10/86], entropy: 0.3570, uncertainty: 1.5910, uncertainty_coeffi: 0.0001, loss: 0.4107, lr: 1.63e-06
     Epoch[2] Iteration[20/86], entropy: 0.2669, uncertainty: 1.0004, uncertainty_coeffi: 0.0001, loss: 0.7446, lr: 5.65e-05
     Epoch[2] Iteration[30/86], entropy: 0.4169, uncertainty: 1.6038, uncertainty_coeffi: 0.0001, loss: 0.4509, lr: 1.73e-04
     Epoch[2] Iteration[40/86], entropy: 0.1523, uncertainty: 1.6897, uncertainty_coeffi: 0.0001, loss: 0.1884, lr: 3.14e-04
     Epoch[2] Iteration[50/86], entropy: 0.3297, uncertainty: 1.6024, uncertainty_coeffi: 0.0001, loss: 0.2267, lr: 4.24e-04
     Epoch[2] Iteration[60/86], entropy: 0.2214, uncertainty: 1.4330, uncertainty_coeffi: 0.0001, loss: 0.2460, lr: 4.94e-04
     Epoch[2] Iteration[70/86], entropy: 0.2565, uncertainty: 1.2398, uncertainty_coeffi: 0.0001, loss: 0.4392, lr: 4.85e-04
     Epoch[2] Iteration[80/86], entropy: 0.5154, uncertainty: 1.3382, uncertainty_coeffi: 0.0001, loss: 1.8002, lr: 4.03e-04
     Averaged stats: entropy_avg: 0.3145, uncertainty_avg: 1.4373, uncertainty_coeffi_avg: 0.0001, loss_avg: 0.5633, lr_avg: 2.94e-04
     itm tta time 0:00:24
### TTA Eval Score: 
+-------+--------+--------+--------+--------+--------+
| epoch |   R1   |   R5   |  R10   |  mAP   |  mINP  |
+-------+--------+--------+--------+--------+--------+
|  -999 | 59.500 | 80.050 | 87.050 | 44.116 | 20.549 |
|   0   | 60.500 | 81.200 | 87.800 | 45.253 | 21.557 |
|   1   | 61.100 | 81.800 | 88.300 | 45.554 | 21.701 |
|   2   | 59.750 | 81.100 | 87.900 | 44.928 | 21.726 |
+-------+--------+--------+--------+--------+--------+
     logs:  {'epo': 2, 'R1': np.float32(59.75), 'R5': np.float32(81.1), 'R10': np.float32(87.9), 'mAP': np.float32(44.928), 'mINP': np.float32(21.726), 'entropy': 0.3145144507288933, 'uncertainty': 1.437289997935295, 'uncertainty_coeffi': 9.999999747378752e-05, 'loss': 0.563331950455904, 'lr': 0.0002937818663344843}
     Epoch[3] Iteration[10/86], entropy: 0.1646, uncertainty: 1.5351, uncertainty_coeffi: 0.0001, loss: 0.1622, lr: 1.86e-04
     Epoch[3] Iteration[20/86], entropy: 0.2474, uncertainty: 1.8410, uncertainty_coeffi: 0.0001, loss: 0.1580, lr: 6.58e-05
     Epoch[3] Iteration[30/86], entropy: 0.1605, uncertainty: 1.8092, uncertainty_coeffi: 0.0001, loss: 0.1388, lr: 3.66e-06
     Epoch[3] Iteration[40/86], entropy: 0.4447, uncertainty: 1.4864, uncertainty_coeffi: 0.0001, loss: 0.5949, lr: 1.97e-05
     Epoch[3] Iteration[50/86], entropy: 0.2293, uncertainty: 2.2056, uncertainty_coeffi: 0.0001, loss: 0.1158, lr: 1.09e-04
     Epoch[3] Iteration[60/86], entropy: 0.4034, uncertainty: 1.6488, uncertainty_coeffi: 0.0001, loss: 0.2985, lr: 2.43e-04
     Epoch[3] Iteration[70/86], entropy: 0.3406, uncertainty: 2.0105, uncertainty_coeffi: 0.0001, loss: 0.3210, lr: 3.79e-04
     Epoch[3] Iteration[80/86], entropy: 0.4021, uncertainty: 1.9137, uncertainty_coeffi: 0.0001, loss: 0.1882, lr: 4.74e-04
     Averaged stats: entropy_avg: 0.2991, uncertainty_avg: 1.8063, uncertainty_coeffi_avg: 0.0001, loss_avg: 0.2472, lr_avg: 1.85e-04
     itm tta time 0:00:25
     Epoch[4] Iteration[10/86], entropy: 0.3231, uncertainty: 2.0784, uncertainty_coeffi: 0.0001, loss: 0.1787, lr: 4.74e-04
     Epoch[4] Iteration[20/86], entropy: 0.2238, uncertainty: 2.1557, uncertainty_coeffi: 0.0001, loss: 0.7966, lr: 3.79e-04
     Epoch[4] Iteration[30/86], entropy: 0.4641, uncertainty: 1.4833, uncertainty_coeffi: 0.0001, loss: 0.5283, lr: 2.43e-04
     Epoch[4] Iteration[40/86], entropy: 0.4643, uncertainty: 1.6256, uncertainty_coeffi: 0.0001, loss: 0.4851, lr: 1.09e-04
     Epoch[4] Iteration[50/86], entropy: 0.2456, uncertainty: 1.3683, uncertainty_coeffi: 0.0001, loss: 0.2864, lr: 1.97e-05
     Epoch[4] Iteration[60/86], entropy: 0.3216, uncertainty: 1.5268, uncertainty_coeffi: 0.0001, loss: 0.1987, lr: 3.66e-06
     Epoch[4] Iteration[70/86], entropy: 0.2334, uncertainty: 1.7914, uncertainty_coeffi: 0.0001, loss: 0.9535, lr: 6.58e-05
     Epoch[4] Iteration[80/86], entropy: 0.3987, uncertainty: 1.8016, uncertainty_coeffi: 0.0001, loss: 0.3837, lr: 1.86e-04
     Averaged stats: entropy_avg: 0.3343, uncertainty_avg: 1.7289, uncertainty_coeffi_avg: 0.0001, loss_avg: 0.4764, lr_avg: 1.85e-04
     itm tta time 0:00:27
### TTA Eval Score: 
+-------+--------+--------+--------+--------+--------+
| epoch |   R1   |   R5   |  R10   |  mAP   |  mINP  |
+-------+--------+--------+--------+--------+--------+
|  -999 | 59.500 | 80.050 | 87.050 | 44.116 | 20.549 |
|   0   | 60.500 | 81.200 | 87.800 | 45.253 | 21.557 |
|   1   | 61.100 | 81.800 | 88.300 | 45.554 | 21.701 |
|   2   | 59.750 | 81.100 | 87.900 | 44.928 | 21.726 |
|   4   | 60.200 | 81.500 | 88.450 | 45.231 | 21.793 |
+-------+--------+--------+--------+--------+--------+
     logs:  {'epo': 4, 'R1': np.float32(60.2), 'R5': np.float32(81.5), 'R10': np.float32(88.45), 'mAP': np.float32(45.231), 'mINP': np.float32(21.793), 'entropy': 0.3343395423144102, 'uncertainty': 1.7288971543312073, 'uncertainty_coeffi': 9.999999747378752e-05, 'loss': 0.47637463733553886, 'lr': 0.00018510498936366958}
     Epoch[5] Iteration[10/86], entropy: 0.3838, uncertainty: 1.6836, uncertainty_coeffi: 0.0001, loss: 0.3000, lr: 4.03e-04
     Epoch[5] Iteration[20/86], entropy: 0.3279, uncertainty: 1.7949, uncertainty_coeffi: 0.0001, loss: 0.8209, lr: 4.85e-04
     Epoch[5] Iteration[30/86], entropy: 0.2581, uncertainty: 1.7611, uncertainty_coeffi: 0.0001, loss: 1.5487, lr: 4.94e-04
     Epoch[5] Iteration[40/86], entropy: 0.4682, uncertainty: 1.6750, uncertainty_coeffi: 0.0001, loss: 0.4632, lr: 4.24e-04
     Epoch[5] Iteration[50/86], entropy: 0.4719, uncertainty: 1.3047, uncertainty_coeffi: 0.0001, loss: 0.3808, lr: 3.00e-04
     Epoch[5] Iteration[60/86], entropy: 0.4521, uncertainty: 1.8807, uncertainty_coeffi: 0.0001, loss: 0.2814, lr: 1.59e-04
     Epoch[5] Iteration[70/86], entropy: 0.2732, uncertainty: 1.5881, uncertainty_coeffi: 0.0001, loss: 1.0737, lr: 4.77e-05
     Epoch[5] Iteration[80/86], entropy: 0.2499, uncertainty: 1.5165, uncertainty_coeffi: 0.0001, loss: 0.2974, lr: 4.08e-07
     Averaged stats: entropy_avg: 0.3606, uncertainty_avg: 1.6506, uncertainty_coeffi_avg: 0.0001, loss_avg: 0.6458, lr_avg: 2.89e-04
     itm tta time 0:00:28
     Epoch[6] Iteration[10/86], entropy: 0.6186, uncertainty: 1.8426, uncertainty_coeffi: 0.0001, loss: 0.7513, lr: 8.63e-05
     Epoch[6] Iteration[20/86], entropy: 0.3369, uncertainty: 1.4005, uncertainty_coeffi: 0.0001, loss: 0.4144, lr: 2.14e-04
     Epoch[6] Iteration[30/86], entropy: 0.1622, uncertainty: 1.4051, uncertainty_coeffi: 0.0001, loss: 0.1655, lr: 3.54e-04
     Epoch[6] Iteration[40/86], entropy: 0.3952, uncertainty: 1.4868, uncertainty_coeffi: 0.0001, loss: 0.2017, lr: 4.60e-04
     Epoch[6] Iteration[50/86], entropy: 0.3429, uncertainty: 1.4449, uncertainty_coeffi: 0.0001, loss: 0.1849, lr: 5.00e-04
     Epoch[6] Iteration[60/86], entropy: 0.2920, uncertainty: 1.2513, uncertainty_coeffi: 0.0001, loss: 0.4015, lr: 4.60e-04
     Epoch[6] Iteration[70/86], entropy: 0.0927, uncertainty: 1.5608, uncertainty_coeffi: 0.0001, loss: 0.1815, lr: 3.54e-04
     Epoch[6] Iteration[80/86], entropy: 0.2455, uncertainty: 2.0418, uncertainty_coeffi: 0.0001, loss: 0.1128, lr: 2.14e-04
     Averaged stats: entropy_avg: 0.3107, uncertainty_avg: 1.5542, uncertainty_coeffi_avg: 0.0001, loss_avg: 0.3017, lr_avg: 3.30e-04
     itm tta time 0:00:27
     Epoch[7] Iteration[10/86], entropy: 0.0714, uncertainty: 1.2309, uncertainty_coeffi: 0.0001, loss: 0.0658, lr: 3.23e-05
     Epoch[7] Iteration[20/86], entropy: 0.1393, uncertainty: 1.7712, uncertainty_coeffi: 0.0001, loss: 0.4666, lr: 4.08e-07
     Epoch[7] Iteration[30/86], entropy: 0.5194, uncertainty: 1.2161, uncertainty_coeffi: 0.0001, loss: 0.6377, lr: 4.77e-05
     Epoch[7] Iteration[40/86], entropy: 0.3074, uncertainty: 1.2546, uncertainty_coeffi: 0.0001, loss: 0.3901, lr: 1.59e-04
     Epoch[7] Iteration[50/86], entropy: 0.3174, uncertainty: 1.4746, uncertainty_coeffi: 0.0001, loss: 1.2498, lr: 3.00e-04
     Epoch[7] Iteration[60/86], entropy: 0.4378, uncertainty: 1.5715, uncertainty_coeffi: 0.0001, loss: 0.6550, lr: 4.24e-04
     Epoch[7] Iteration[70/86], entropy: 0.3580, uncertainty: 1.3561, uncertainty_coeffi: 0.0001, loss: 0.6183, lr: 4.94e-04
     Epoch[7] Iteration[80/86], entropy: 0.3643, uncertainty: 1.4702, uncertainty_coeffi: 0.0001, loss: 0.2020, lr: 4.85e-04
     Averaged stats: entropy_avg: 0.3144, uncertainty_avg: 1.4181, uncertainty_coeffi_avg: 0.0001, loss_avg: 0.5357, lr_avg: 2.43e-04
     itm tta time 0:00:28
     Epoch[8] Iteration[10/86], entropy: 0.3199, uncertainty: 1.0873, uncertainty_coeffi: 0.0001, loss: 0.7487, lr: 3.27e-04
     Epoch[8] Iteration[20/86], entropy: 0.5307, uncertainty: 1.6130, uncertainty_coeffi: 0.0001, loss: 0.3773, lr: 1.86e-04
     Epoch[8] Iteration[30/86], entropy: 0.2175, uncertainty: 1.4535, uncertainty_coeffi: 0.0001, loss: 0.2057, lr: 6.58e-05
     Epoch[8] Iteration[40/86], entropy: 0.4909, uncertainty: 1.5161, uncertainty_coeffi: 0.0001, loss: 0.4255, lr: 3.66e-06
     Epoch[8] Iteration[50/86], entropy: 0.3879, uncertainty: 1.2605, uncertainty_coeffi: 0.0001, loss: 0.4782, lr: 1.97e-05
     Epoch[8] Iteration[60/86], entropy: 0.5562, uncertainty: 1.2643, uncertainty_coeffi: 0.0001, loss: 0.5000, lr: 1.09e-04
     Epoch[8] Iteration[70/86], entropy: 0.1344, uncertainty: 0.8010, uncertainty_coeffi: 0.0001, loss: 0.1716, lr: 2.43e-04
     Epoch[8] Iteration[80/86], entropy: 0.2044, uncertainty: 1.5953, uncertainty_coeffi: 0.0001, loss: 0.1072, lr: 3.79e-04
     Averaged stats: entropy_avg: 0.3552, uncertainty_avg: 1.3239, uncertainty_coeffi_avg: 0.0001, loss_avg: 0.3768, lr_avg: 1.67e-04
     itm tta time 0:00:28
     Epoch[9] Iteration[10/86], entropy: 0.2423, uncertainty: 1.5230, uncertainty_coeffi: 0.0001, loss: 0.1920, lr: 4.98e-04
     Epoch[9] Iteration[20/86], entropy: 0.5338, uncertainty: 1.3606, uncertainty_coeffi: 0.0001, loss: 0.4182, lr: 4.74e-04
     Epoch[9] Iteration[30/86], entropy: 0.4981, uncertainty: 1.6456, uncertainty_coeffi: 0.0001, loss: 0.4174, lr: 3.79e-04
     Epoch[9] Iteration[40/86], entropy: 0.2854, uncertainty: 1.6966, uncertainty_coeffi: 0.0001, loss: 0.2259, lr: 2.43e-04
     Epoch[9] Iteration[50/86], entropy: 0.3765, uncertainty: 1.7012, uncertainty_coeffi: 0.0001, loss: 0.1920, lr: 1.09e-04
     Epoch[9] Iteration[60/86], entropy: 0.2575, uncertainty: 1.4260, uncertainty_coeffi: 0.0001, loss: 0.2229, lr: 1.97e-05
     Epoch[9] Iteration[70/86], entropy: 0.3340, uncertainty: 1.6394, uncertainty_coeffi: 0.0001, loss: 0.9673, lr: 3.66e-06
     Epoch[9] Iteration[80/86], entropy: 0.4636, uncertainty: 2.1479, uncertainty_coeffi: 0.0001, loss: 0.1988, lr: 6.58e-05
     Averaged stats: entropy_avg: 0.3739, uncertainty_avg: 1.6426, uncertainty_coeffi_avg: 0.0001, loss_avg: 0.3543, lr_avg: 2.24e-04
     itm tta time 0:00:28
### TTA Eval Score: 
+-------+--------+--------+--------+--------+--------+
| epoch |   R1   |   R5   |  R10   |  mAP   |  mINP  |
+-------+--------+--------+--------+--------+--------+
|  -999 | 59.500 | 80.050 | 87.050 | 44.116 | 20.549 |
|   0   | 60.500 | 81.200 | 87.800 | 45.253 | 21.557 |
|   1   | 61.100 | 81.800 | 88.300 | 45.554 | 21.701 |
|   2   | 59.750 | 81.100 | 87.900 | 44.928 | 21.726 |
|   4   | 60.200 | 81.500 | 88.450 | 45.231 | 21.793 |
|   9   | 60.650 | 81.450 | 88.650 | 45.403 | 21.836 |
+-------+--------+--------+--------+--------+--------+
     logs:  {'epo': 9, 'R1': np.float32(60.65), 'R5': np.float32(81.45), 'R10': np.float32(88.65), 'mAP': np.float32(45.403), 'mINP': np.float32(21.836), 'entropy': 0.3739001490175724, 'uncertainty': 1.642555832862854, 'uncertainty_coeffi': 9.999999747378752e-05, 'loss': 0.35431210324168205, 'lr': 0.00022409561653685808}
     Epoch[10] Iteration[10/86], entropy: 0.4786, uncertainty: 1.9122, uncertainty_coeffi: 0.0001, loss: 0.2788, lr: 2.71e-04
     Epoch[10] Iteration[20/86], entropy: 0.5184, uncertainty: 1.6163, uncertainty_coeffi: 0.0001, loss: 0.5256, lr: 4.03e-04
     Epoch[10] Iteration[30/86], entropy: 0.4980, uncertainty: 1.6670, uncertainty_coeffi: 0.0001, loss: 1.2379, lr: 4.85e-04
     Epoch[10] Iteration[40/86], entropy: 0.3508, uncertainty: 1.6154, uncertainty_coeffi: 0.0001, loss: 0.5270, lr: 4.94e-04
     Epoch[10] Iteration[50/86], entropy: 0.6798, uncertainty: 2.0179, uncertainty_coeffi: 0.0001, loss: 0.4304, lr: 4.24e-04
     Epoch[10] Iteration[60/86], entropy: 0.4230, uncertainty: 1.5287, uncertainty_coeffi: 0.0001, loss: 0.4522, lr: 3.00e-04
     Epoch[10] Iteration[70/86], entropy: 0.3951, uncertainty: 2.4504, uncertainty_coeffi: 0.0001, loss: 0.1425, lr: 1.59e-04
     Epoch[10] Iteration[80/86], entropy: 0.2438, uncertainty: 0.8335, uncertainty_coeffi: 0.0001, loss: 0.5349, lr: 4.77e-05
     Averaged stats: entropy_avg: 0.4484, uncertainty_avg: 1.7052, uncertainty_coeffi_avg: 0.0001, loss_avg: 0.5161, lr_avg: 3.23e-04
     itm tta time 0:00:28
     Epoch[11] Iteration[10/86], entropy: 0.4374, uncertainty: 1.9369, uncertainty_coeffi: 0.0001, loss: 0.3895, lr: 1.01e-05
     Epoch[11] Iteration[20/86], entropy: 0.4478, uncertainty: 1.8437, uncertainty_coeffi: 0.0001, loss: 0.2514, lr: 8.63e-05
     Epoch[11] Iteration[30/86], entropy: 0.2361, uncertainty: 1.8789, uncertainty_coeffi: 0.0001, loss: 0.1713, lr: 2.14e-04
     Epoch[11] Iteration[40/86], entropy: 0.5065, uncertainty: 1.2666, uncertainty_coeffi: 0.0001, loss: 0.5223, lr: 3.54e-04
     Epoch[11] Iteration[50/86], entropy: 0.3159, uncertainty: 1.4845, uncertainty_coeffi: 0.0001, loss: 0.3051, lr: 4.60e-04
     Epoch[11] Iteration[60/86], entropy: 0.5769, uncertainty: 1.5827, uncertainty_coeffi: 0.0001, loss: 0.6308, lr: 5.00e-04
     Epoch[11] Iteration[70/86], entropy: 0.4259, uncertainty: 1.8983, uncertainty_coeffi: 0.0001, loss: 0.2797, lr: 4.60e-04
     Epoch[11] Iteration[80/86], entropy: 0.2942, uncertainty: 1.6373, uncertainty_coeffi: 0.0001, loss: 0.3641, lr: 3.54e-04
     Averaged stats: entropy_avg: 0.4051, uncertainty_avg: 1.6911, uncertainty_coeffi_avg: 0.0001, loss_avg: 0.3643, lr_avg: 3.05e-04
     itm tta time 0:00:25
     Epoch[12] Iteration[10/86], entropy: 0.0846, uncertainty: 1.7534, uncertainty_coeffi: 0.0001, loss: 0.1422, lr: 1.33e-04
     Epoch[12] Iteration[20/86], entropy: 0.4814, uncertainty: 1.9481, uncertainty_coeffi: 0.0001, loss: 0.3493, lr: 3.23e-05
     Epoch[12] Iteration[30/86], entropy: 0.3310, uncertainty: 1.5182, uncertainty_coeffi: 0.0001, loss: 0.3443, lr: 4.08e-07
     Epoch[12] Iteration[40/86], entropy: 0.3133, uncertainty: 2.2265, uncertainty_coeffi: 0.0001, loss: 0.2172, lr: 4.77e-05
     Epoch[12] Iteration[50/86], entropy: 0.3292, uncertainty: 1.4584, uncertainty_coeffi: 0.0001, loss: 0.2695, lr: 1.59e-04
     Epoch[12] Iteration[60/86], entropy: 0.3213, uncertainty: 1.1319, uncertainty_coeffi: 0.0001, loss: 0.3869, lr: 3.00e-04
     Epoch[12] Iteration[70/86], entropy: 0.4102, uncertainty: 1.5030, uncertainty_coeffi: 0.0001, loss: 0.3908, lr: 4.24e-04
     Epoch[12] Iteration[80/86], entropy: 0.2325, uncertainty: 1.0931, uncertainty_coeffi: 0.0001, loss: 0.3176, lr: 4.94e-04
     Averaged stats: entropy_avg: 0.3129, uncertainty_avg: 1.5791, uncertainty_coeffi_avg: 0.0001, loss_avg: 0.3022, lr_avg: 1.99e-04
     itm tta time 0:00:25
     Epoch[13] Iteration[10/86], entropy: 0.3189, uncertainty: 1.4522, uncertainty_coeffi: 0.0001, loss: 0.3705, lr: 4.44e-04
     Epoch[13] Iteration[20/86], entropy: 0.5053, uncertainty: 1.3885, uncertainty_coeffi: 0.0001, loss: 0.4883, lr: 3.27e-04
     Epoch[13] Iteration[30/86], entropy: 0.3223, uncertainty: 1.5472, uncertainty_coeffi: 0.0001, loss: 0.2315, lr: 1.86e-04
     Epoch[13] Iteration[40/86], entropy: 0.3472, uncertainty: 1.6074, uncertainty_coeffi: 0.0001, loss: 0.2842, lr: 6.58e-05
     Epoch[13] Iteration[50/86], entropy: 0.4057, uncertainty: 1.6120, uncertainty_coeffi: 0.0001, loss: 0.5484, lr: 3.66e-06
     Epoch[13] Iteration[60/86], entropy: 0.3642, uncertainty: 1.7322, uncertainty_coeffi: 0.0001, loss: 0.4595, lr: 1.97e-05
     Epoch[13] Iteration[70/86], entropy: 0.4033, uncertainty: 1.4283, uncertainty_coeffi: 0.0001, loss: 0.4738, lr: 1.09e-04
     Epoch[13] Iteration[80/86], entropy: 0.3619, uncertainty: 1.3478, uncertainty_coeffi: 0.0001, loss: 0.2256, lr: 2.43e-04
     Averaged stats: entropy_avg: 0.3786, uncertainty_avg: 1.5144, uncertainty_coeffi_avg: 0.0001, loss_avg: 0.3852, lr_avg: 1.75e-04
     itm tta time 0:00:26
     Epoch[14] Iteration[10/86], entropy: 0.2600, uncertainty: 1.4761, uncertainty_coeffi: 0.0001, loss: 0.3932, lr: 4.44e-04
     Epoch[14] Iteration[20/86], entropy: 0.3006, uncertainty: 1.7289, uncertainty_coeffi: 0.0001, loss: 0.3382, lr: 4.98e-04
     Epoch[14] Iteration[30/86], entropy: 0.3901, uncertainty: 1.7841, uncertainty_coeffi: 0.0001, loss: 0.2540, lr: 4.74e-04
     Epoch[14] Iteration[40/86], entropy: 0.3801, uncertainty: 1.4027, uncertainty_coeffi: 0.0001, loss: 0.2304, lr: 3.79e-04
     Epoch[14] Iteration[50/86], entropy: 0.3421, uncertainty: 1.7559, uncertainty_coeffi: 0.0001, loss: 0.2059, lr: 2.43e-04
     Epoch[14] Iteration[60/86], entropy: 0.1851, uncertainty: 0.9509, uncertainty_coeffi: 0.0001, loss: 0.4255, lr: 1.09e-04
     Epoch[14] Iteration[70/86], entropy: 0.1841, uncertainty: 1.3203, uncertainty_coeffi: 0.0001, loss: 0.1241, lr: 1.97e-05
     Epoch[14] Iteration[80/86], entropy: 0.4230, uncertainty: 1.0821, uncertainty_coeffi: 0.0001, loss: 0.5896, lr: 3.66e-06
     Averaged stats: entropy_avg: 0.3081, uncertainty_avg: 1.4376, uncertainty_coeffi_avg: 0.0001, loss_avg: 0.3201, lr_avg: 2.71e-04
     itm tta time 0:00:29
### TTA Eval Score: 
+-------+--------+--------+--------+--------+--------+
| epoch |   R1   |   R5   |  R10   |  mAP   |  mINP  |
+-------+--------+--------+--------+--------+--------+
|  -999 | 59.500 | 80.050 | 87.050 | 44.116 | 20.549 |
|   0   | 60.500 | 81.200 | 87.800 | 45.253 | 21.557 |
|   1   | 61.100 | 81.800 | 88.300 | 45.554 | 21.701 |
|   2   | 59.750 | 81.100 | 87.900 | 44.928 | 21.726 |
|   4   | 60.200 | 81.500 | 88.450 | 45.231 | 21.793 |
|   9   | 60.650 | 81.450 | 88.650 | 45.403 | 21.836 |
|   14  | 61.450 | 81.400 | 88.600 | 45.663 | 22.000 |
+-------+--------+--------+--------+--------+--------+
     logs:  {'epo': 14, 'R1': np.float32(61.45), 'R5': np.float32(81.4), 'R10': np.float32(88.6), 'mAP': np.float32(45.663), 'mINP': np.float32(22.0), 'entropy': 0.3081299141049385, 'uncertainty': 1.437619425356388, 'uncertainty_coeffi': 9.999999747378752e-05, 'loss': 0.32010832242667675, 'lr': 0.0002713107024279673}
     Epoch[15] Iteration[10/86], entropy: 0.5510, uncertainty: 1.6770, uncertainty_coeffi: 0.0001, loss: 0.3704, lr: 1.33e-04
     Epoch[15] Iteration[20/86], entropy: 0.2662, uncertainty: 1.8012, uncertainty_coeffi: 0.0001, loss: 0.7103, lr: 2.71e-04
     Epoch[15] Iteration[30/86], entropy: 0.3382, uncertainty: 1.3329, uncertainty_coeffi: 0.0001, loss: 0.5188, lr: 4.03e-04
     Epoch[15] Iteration[40/86], entropy: 0.2742, uncertainty: 1.4899, uncertainty_coeffi: 0.0001, loss: 0.6090, lr: 4.85e-04
     Epoch[15] Iteration[50/86], entropy: 0.2111, uncertainty: 1.3357, uncertainty_coeffi: 0.0001, loss: 0.5149, lr: 4.94e-04
     Epoch[15] Iteration[60/86], entropy: 0.1845, uncertainty: 1.0666, uncertainty_coeffi: 0.0001, loss: 0.1876, lr: 4.24e-04
     Epoch[15] Iteration[70/86], entropy: 0.3729, uncertainty: 1.8247, uncertainty_coeffi: 0.0001, loss: 0.3651, lr: 3.00e-04
     Epoch[15] Iteration[80/86], entropy: 0.2196, uncertainty: 1.2486, uncertainty_coeffi: 0.0001, loss: 0.2118, lr: 1.59e-04
     Averaged stats: entropy_avg: 0.3022, uncertainty_avg: 1.4721, uncertainty_coeffi_avg: 0.0001, loss_avg: 0.4360, lr_avg: 3.34e-04
     itm tta time 0:00:28
     Epoch[16] Iteration[10/86], entropy: 0.3352, uncertainty: 1.5586, uncertainty_coeffi: 0.0001, loss: 0.6789, lr: 1.01e-05
     Epoch[16] Iteration[20/86], entropy: 0.3150, uncertainty: 1.5829, uncertainty_coeffi: 0.0001, loss: 0.2845, lr: 1.01e-05
     Epoch[16] Iteration[30/86], entropy: 0.1456, uncertainty: 1.4943, uncertainty_coeffi: 0.0001, loss: 0.0930, lr: 8.63e-05
     Epoch[16] Iteration[40/86], entropy: 0.5545, uncertainty: 1.6933, uncertainty_coeffi: 0.0001, loss: 0.3385, lr: 2.14e-04
     Epoch[16] Iteration[50/86], entropy: 0.2676, uncertainty: 1.2923, uncertainty_coeffi: 0.0001, loss: 0.2238, lr: 3.54e-04
     Epoch[16] Iteration[60/86], entropy: 0.2964, uncertainty: 1.6806, uncertainty_coeffi: 0.0001, loss: 0.4700, lr: 4.60e-04
     Epoch[16] Iteration[70/86], entropy: 0.3708, uncertainty: 2.0515, uncertainty_coeffi: 0.0001, loss: 0.7748, lr: 5.00e-04
     Epoch[16] Iteration[80/86], entropy: 0.5092, uncertainty: 1.4603, uncertainty_coeffi: 0.0001, loss: 0.7193, lr: 4.60e-04
     Averaged stats: entropy_avg: 0.3493, uncertainty_avg: 1.6017, uncertainty_coeffi_avg: 0.0001, loss_avg: 0.4479, lr_avg: 2.62e-04
     itm tta time 0:00:28
     Epoch[17] Iteration[10/86], entropy: 0.4959, uncertainty: 1.6162, uncertainty_coeffi: 0.0001, loss: 0.4626, lr: 2.71e-04
     Epoch[17] Iteration[20/86], entropy: 0.3944, uncertainty: 1.4947, uncertainty_coeffi: 0.0001, loss: 0.1965, lr: 1.33e-04
     Epoch[17] Iteration[30/86], entropy: 0.3572, uncertainty: 1.4472, uncertainty_coeffi: 0.0001, loss: 0.2760, lr: 3.23e-05
     Epoch[17] Iteration[40/86], entropy: 0.2338, uncertainty: 1.8039, uncertainty_coeffi: 0.0001, loss: 0.3377, lr: 4.08e-07
     Epoch[17] Iteration[50/86], entropy: 0.4146, uncertainty: 1.6094, uncertainty_coeffi: 0.0001, loss: 0.2629, lr: 4.77e-05
     Epoch[17] Iteration[60/86], entropy: 0.5724, uncertainty: 1.7137, uncertainty_coeffi: 0.0001, loss: 0.3396, lr: 1.59e-04
     Epoch[17] Iteration[70/86], entropy: 0.4002, uncertainty: 1.7467, uncertainty_coeffi: 0.0001, loss: 0.2934, lr: 3.00e-04
     Epoch[17] Iteration[80/86], entropy: 0.3082, uncertainty: 1.5539, uncertainty_coeffi: 0.0001, loss: 0.4204, lr: 4.24e-04
     Averaged stats: entropy_avg: 0.3971, uncertainty_avg: 1.6232, uncertainty_coeffi_avg: 0.0001, loss_avg: 0.3237, lr_avg: 1.71e-04
     itm tta time 0:00:29
     Epoch[18] Iteration[10/86], entropy: 0.5214, uncertainty: 1.1627, uncertainty_coeffi: 0.0001, loss: 0.5621, lr: 4.98e-04
     Epoch[18] Iteration[20/86], entropy: 0.0906, uncertainty: 1.8409, uncertainty_coeffi: 0.0001, loss: 0.0604, lr: 4.44e-04
     Epoch[18] Iteration[30/86], entropy: 0.2406, uncertainty: 1.5266, uncertainty_coeffi: 0.0001, loss: 0.3328, lr: 3.27e-04
     Epoch[18] Iteration[40/86], entropy: 0.2611, uncertainty: 1.4086, uncertainty_coeffi: 0.0001, loss: 0.2616, lr: 1.86e-04
     Epoch[18] Iteration[50/86], entropy: 0.5218, uncertainty: 1.7983, uncertainty_coeffi: 0.0001, loss: 0.2887, lr: 6.58e-05
     Epoch[18] Iteration[60/86], entropy: 0.3441, uncertainty: 1.5962, uncertainty_coeffi: 0.0001, loss: 0.2778, lr: 3.66e-06
     Epoch[18] Iteration[70/86], entropy: 0.2608, uncertainty: 1.6450, uncertainty_coeffi: 0.0001, loss: 0.1868, lr: 1.97e-05
     Epoch[18] Iteration[80/86], entropy: 0.3285, uncertainty: 1.5011, uncertainty_coeffi: 0.0001, loss: 0.1578, lr: 1.09e-04
     Averaged stats: entropy_avg: 0.3211, uncertainty_avg: 1.5599, uncertainty_coeffi_avg: 0.0001, loss_avg: 0.2660, lr_avg: 2.07e-04
     itm tta time 0:00:28
     Epoch[19] Iteration[10/86], entropy: 0.1201, uncertainty: 1.9091, uncertainty_coeffi: 0.0001, loss: 0.0820, lr: 3.27e-04
     Epoch[19] Iteration[20/86], entropy: 0.1909, uncertainty: 1.4328, uncertainty_coeffi: 0.0001, loss: 0.1512, lr: 4.44e-04
     Epoch[19] Iteration[30/86], entropy: 0.1878, uncertainty: 1.5455, uncertainty_coeffi: 0.0001, loss: 0.2418, lr: 4.98e-04
     Epoch[19] Iteration[40/86], entropy: 0.5108, uncertainty: 1.5700, uncertainty_coeffi: 0.0001, loss: 0.4162, lr: 4.74e-04
     Epoch[19] Iteration[50/86], entropy: 0.3735, uncertainty: 1.4869, uncertainty_coeffi: 0.0001, loss: 0.5635, lr: 3.79e-04
     Epoch[19] Iteration[60/86], entropy: 0.2580, uncertainty: 1.4263, uncertainty_coeffi: 0.0001, loss: 0.1531, lr: 2.43e-04
     Epoch[19] Iteration[70/86], entropy: 0.3029, uncertainty: 1.4562, uncertainty_coeffi: 0.0001, loss: 0.2281, lr: 1.09e-04
     Epoch[19] Iteration[80/86], entropy: 0.3475, uncertainty: 1.6405, uncertainty_coeffi: 0.0001, loss: 0.2837, lr: 1.97e-05
     Averaged stats: entropy_avg: 0.2864, uncertainty_avg: 1.5584, uncertainty_coeffi_avg: 0.0001, loss_avg: 0.2650, lr_avg: 3.12e-04
     itm tta time 0:00:29
### TTA Eval Score: 
+-------+--------+--------+--------+--------+--------+
| epoch |   R1   |   R5   |  R10   |  mAP   |  mINP  |
+-------+--------+--------+--------+--------+--------+
|  -999 | 59.500 | 80.050 | 87.050 | 44.116 | 20.549 |
|   0   | 60.500 | 81.200 | 87.800 | 45.253 | 21.557 |
|   1   | 61.100 | 81.800 | 88.300 | 45.554 | 21.701 |
|   2   | 59.750 | 81.100 | 87.900 | 44.928 | 21.726 |
|   4   | 60.200 | 81.500 | 88.450 | 45.231 | 21.793 |
|   9   | 60.650 | 81.450 | 88.650 | 45.403 | 21.836 |
|   14  | 61.450 | 81.400 | 88.600 | 45.663 | 22.000 |
|   19  | 61.100 | 81.250 | 88.600 | 45.526 | 21.921 |
+-------+--------+--------+--------+--------+--------+
     logs:  {'epo': 19, 'R1': np.float32(61.1), 'R5': np.float32(81.25), 'R10': np.float32(88.6), 'mAP': np.float32(45.526), 'mINP': np.float32(21.921), 'entropy': 0.2864435091614723, 'uncertainty': 1.5584066212177277, 'uncertainty_coeffi': 9.999999747378752e-05, 'loss': 0.26495975255966187, 'lr': 0.00031175979087242484}
     Epoch[20] Iteration[10/86], entropy: 0.2187, uncertainty: 1.0568, uncertainty_coeffi: 0.0001, loss: 0.2234, lr: 3.23e-05
     Epoch[20] Iteration[20/86], entropy: 0.3441, uncertainty: 1.5599, uncertainty_coeffi: 0.0001, loss: 0.2635, lr: 1.33e-04
     Epoch[20] Iteration[30/86], entropy: 0.5270, uncertainty: 1.8066, uncertainty_coeffi: 0.0001, loss: 0.6579, lr: 2.71e-04
     Epoch[20] Iteration[40/86], entropy: 0.4315, uncertainty: 1.6530, uncertainty_coeffi: 0.0001, loss: 0.2139, lr: 4.03e-04
     Epoch[20] Iteration[50/86], entropy: 0.3491, uncertainty: 1.7870, uncertainty_coeffi: 0.0001, loss: 0.2203, lr: 4.85e-04
     Epoch[20] Iteration[60/86], entropy: 0.4682, uncertainty: 1.8314, uncertainty_coeffi: 0.0001, loss: 0.2271, lr: 4.94e-04
     Epoch[20] Iteration[70/86], entropy: 0.2939, uncertainty: 0.9708, uncertainty_coeffi: 0.0001, loss: 0.3210, lr: 4.24e-04
     Epoch[20] Iteration[80/86], entropy: 0.2605, uncertainty: 1.1805, uncertainty_coeffi: 0.0001, loss: 0.3137, lr: 3.00e-04
     Averaged stats: entropy_avg: 0.3616, uncertainty_avg: 1.4808, uncertainty_coeffi_avg: 0.0001, loss_avg: 0.3051, lr_avg: 3.18e-04
     itm tta time 0:00:28
     Epoch[21] Iteration[10/86], entropy: 0.2378, uncertainty: 1.3608, uncertainty_coeffi: 0.0001, loss: 0.1652, lr: 8.63e-05
     Epoch[21] Iteration[20/86], entropy: 0.2201, uncertainty: 1.3207, uncertainty_coeffi: 0.0001, loss: 0.3774, lr: 1.01e-05
     Epoch[21] Iteration[30/86], entropy: 0.1090, uncertainty: 1.0155, uncertainty_coeffi: 0.0001, loss: 0.5203, lr: 1.01e-05
     Epoch[21] Iteration[40/86], entropy: 0.4025, uncertainty: 1.5423, uncertainty_coeffi: 0.0001, loss: 0.3514, lr: 8.63e-05
     Epoch[21] Iteration[50/86], entropy: 0.1883, uncertainty: 1.2589, uncertainty_coeffi: 0.0001, loss: 0.2491, lr: 2.14e-04
     Epoch[21] Iteration[60/86], entropy: 0.3578, uncertainty: 1.2224, uncertainty_coeffi: 0.0001, loss: 0.8148, lr: 3.54e-04
     Epoch[21] Iteration[70/86], entropy: 0.2033, uncertainty: 1.5641, uncertainty_coeffi: 0.0001, loss: 0.1323, lr: 4.60e-04
     Epoch[21] Iteration[80/86], entropy: 0.1588, uncertainty: 1.1208, uncertainty_coeffi: 0.0001, loss: 0.1927, lr: 5.00e-04
     Averaged stats: entropy_avg: 0.2347, uncertainty_avg: 1.3007, uncertainty_coeffi_avg: 0.0001, loss_avg: 0.3504, lr_avg: 2.15e-04
     itm tta time 0:00:20
     Epoch[22] Iteration[10/86], entropy: 0.4742, uncertainty: 1.2445, uncertainty_coeffi: 0.0001, loss: 0.4341, lr: 4.03e-04
     Epoch[22] Iteration[20/86], entropy: 0.3585, uncertainty: 1.4758, uncertainty_coeffi: 0.0001, loss: 0.2859, lr: 2.71e-04
     Epoch[22] Iteration[30/86], entropy: 0.1336, uncertainty: 1.5524, uncertainty_coeffi: 0.0001, loss: 0.2518, lr: 1.33e-04
     Epoch[22] Iteration[40/86], entropy: 0.2197, uncertainty: 1.0210, uncertainty_coeffi: 0.0001, loss: 0.4171, lr: 3.23e-05
     Epoch[22] Iteration[50/86], entropy: 0.4588, uncertainty: 1.7959, uncertainty_coeffi: 0.0001, loss: 0.2358, lr: 4.08e-07
     Epoch[22] Iteration[60/86], entropy: 0.5096, uncertainty: 1.9463, uncertainty_coeffi: 0.0001, loss: 0.2913, lr: 4.77e-05
     Epoch[22] Iteration[70/86], entropy: 0.2705, uncertainty: 1.0890, uncertainty_coeffi: 0.0001, loss: 0.2728, lr: 1.59e-04
     Epoch[22] Iteration[80/86], entropy: 0.0795, uncertainty: 1.3709, uncertainty_coeffi: 0.0001, loss: 0.2005, lr: 3.00e-04
     Averaged stats: entropy_avg: 0.3130, uncertainty_avg: 1.4370, uncertainty_coeffi_avg: 0.0001, loss_avg: 0.2987, lr_avg: 1.68e-04
     itm tta time 0:00:28
     Epoch[23] Iteration[10/86], entropy: 0.2693, uncertainty: 1.5198, uncertainty_coeffi: 0.0001, loss: 0.4136, lr: 4.74e-04
     Epoch[23] Iteration[20/86], entropy: 0.2754, uncertainty: 1.4423, uncertainty_coeffi: 0.0001, loss: 0.2561, lr: 4.98e-04
     Epoch[23] Iteration[30/86], entropy: 0.5333, uncertainty: 1.7962, uncertainty_coeffi: 0.0001, loss: 0.3726, lr: 4.44e-04
     Epoch[23] Iteration[40/86], entropy: 0.4636, uncertainty: 1.8615, uncertainty_coeffi: 0.0001, loss: 0.2586, lr: 3.27e-04
     Epoch[23] Iteration[50/86], entropy: 0.3605, uncertainty: 1.5077, uncertainty_coeffi: 0.0001, loss: 0.4346, lr: 1.86e-04
     Epoch[23] Iteration[60/86], entropy: 0.2105, uncertainty: 1.4473, uncertainty_coeffi: 0.0001, loss: 0.1321, lr: 6.58e-05
     Epoch[23] Iteration[70/86], entropy: 0.6592, uncertainty: 1.4152, uncertainty_coeffi: 0.0001, loss: 0.4459, lr: 3.66e-06
     Epoch[23] Iteration[80/86], entropy: 0.3732, uncertainty: 1.8158, uncertainty_coeffi: 0.0001, loss: 0.4612, lr: 1.97e-05
     Averaged stats: entropy_avg: 0.3931, uncertainty_avg: 1.6007, uncertainty_coeffi_avg: 0.0001, loss_avg: 0.3468, lr_avg: 2.52e-04
     itm tta time 0:00:29
     Epoch[24] Iteration[10/86], entropy: 0.4277, uncertainty: 1.3465, uncertainty_coeffi: 0.0001, loss: 0.9238, lr: 1.86e-04
     Epoch[24] Iteration[20/86], entropy: 0.4253, uncertainty: 1.6360, uncertainty_coeffi: 0.0001, loss: 0.3610, lr: 3.27e-04
     Epoch[24] Iteration[30/86], entropy: 0.2567, uncertainty: 1.4998, uncertainty_coeffi: 0.0001, loss: 0.1861, lr: 4.44e-04
     Epoch[24] Iteration[40/86], entropy: 0.4481, uncertainty: 1.4323, uncertainty_coeffi: 0.0001, loss: 0.4168, lr: 4.98e-04
     Epoch[24] Iteration[50/86], entropy: 0.2338, uncertainty: 1.6614, uncertainty_coeffi: 0.0001, loss: 1.0345, lr: 4.74e-04
     Epoch[24] Iteration[60/86], entropy: 0.5078, uncertainty: 1.1737, uncertainty_coeffi: 0.0001, loss: 0.5434, lr: 3.79e-04
     Epoch[24] Iteration[70/86], entropy: 0.2680, uncertainty: 1.5114, uncertainty_coeffi: 0.0001, loss: 0.1820, lr: 2.43e-04
     Epoch[24] Iteration[80/86], entropy: 0.3192, uncertainty: 1.7579, uncertainty_coeffi: 0.0001, loss: 0.1531, lr: 1.09e-04
     Averaged stats: entropy_avg: 0.3608, uncertainty_avg: 1.5024, uncertainty_coeffi_avg: 0.0001, loss_avg: 0.4751, lr_avg: 3.33e-04
     itm tta time 0:00:28
     Epoch[25] Iteration[10/86], entropy: 0.2099, uncertainty: 1.4087, uncertainty_coeffi: 0.0001, loss: 0.2238, lr: 4.08e-07
     Epoch[25] Iteration[20/86], entropy: 0.3231, uncertainty: 1.6017, uncertainty_coeffi: 0.0001, loss: 0.1907, lr: 3.23e-05
     Epoch[25] Iteration[30/86], entropy: 0.1602, uncertainty: 1.3759, uncertainty_coeffi: 0.0001, loss: 0.1756, lr: 1.33e-04
     Epoch[25] Iteration[40/86], entropy: 0.3498, uncertainty: 1.3053, uncertainty_coeffi: 0.0001, loss: 0.3214, lr: 2.71e-04
     Epoch[25] Iteration[50/86], entropy: 0.2724, uncertainty: 1.7114, uncertainty_coeffi: 0.0001, loss: 0.1583, lr: 4.03e-04
     Epoch[25] Iteration[60/86], entropy: 0.3992, uncertainty: 1.9543, uncertainty_coeffi: 0.0001, loss: 0.3393, lr: 4.85e-04
     Epoch[25] Iteration[70/86], entropy: 0.3324, uncertainty: 1.5234, uncertainty_coeffi: 0.0001, loss: 0.2697, lr: 4.94e-04
     Epoch[25] Iteration[80/86], entropy: 0.3914, uncertainty: 1.7548, uncertainty_coeffi: 0.0001, loss: 0.4277, lr: 4.24e-04
     Averaged stats: entropy_avg: 0.3048, uncertainty_avg: 1.5794, uncertainty_coeffi_avg: 0.0001, loss_avg: 0.2633, lr_avg: 2.80e-04
     itm tta time 0:00:27
     Epoch[26] Iteration[10/86], entropy: 0.3073, uncertainty: 1.3946, uncertainty_coeffi: 0.0001, loss: 0.4192, lr: 2.14e-04
     Epoch[26] Iteration[20/86], entropy: 0.1575, uncertainty: 1.0771, uncertainty_coeffi: 0.0001, loss: 0.4925, lr: 8.63e-05
     Epoch[26] Iteration[30/86], entropy: 0.2518, uncertainty: 1.4854, uncertainty_coeffi: 0.0001, loss: 0.1787, lr: 1.01e-05
     Epoch[26] Iteration[40/86], entropy: 0.2346, uncertainty: 1.6907, uncertainty_coeffi: 0.0001, loss: 0.2818, lr: 1.01e-05
     Epoch[26] Iteration[50/86], entropy: 0.3916, uncertainty: 1.9869, uncertainty_coeffi: 0.0001, loss: 0.3186, lr: 8.63e-05
     Epoch[26] Iteration[60/86], entropy: 0.4251, uncertainty: 1.8123, uncertainty_coeffi: 0.0001, loss: 0.3507, lr: 2.14e-04
     Epoch[26] Iteration[70/86], entropy: 0.3207, uncertainty: 1.5157, uncertainty_coeffi: 0.0001, loss: 0.1960, lr: 3.54e-04
     Epoch[26] Iteration[80/86], entropy: 0.4650, uncertainty: 1.7117, uncertainty_coeffi: 0.0001, loss: 0.5693, lr: 4.60e-04
     Averaged stats: entropy_avg: 0.3192, uncertainty_avg: 1.5843, uncertainty_coeffi_avg: 0.0001, loss_avg: 0.3509, lr_avg: 1.79e-04
     itm tta time 0:00:27
     Epoch[27] Iteration[10/86], entropy: 0.3749, uncertainty: 1.7796, uncertainty_coeffi: 0.0001, loss: 0.2857, lr: 4.85e-04
     Epoch[27] Iteration[20/86], entropy: 0.4800, uncertainty: 1.2833, uncertainty_coeffi: 0.0001, loss: 0.6703, lr: 4.03e-04
     Epoch[27] Iteration[30/86], entropy: 0.2983, uncertainty: 1.2494, uncertainty_coeffi: 0.0001, loss: 0.5097, lr: 2.71e-04
     Epoch[27] Iteration[40/86], entropy: 0.2836, uncertainty: 1.7147, uncertainty_coeffi: 0.0001, loss: 0.4987, lr: 1.33e-04
     Epoch[27] Iteration[50/86], entropy: 0.2219, uncertainty: 1.4213, uncertainty_coeffi: 0.0001, loss: 0.2712, lr: 3.23e-05
     Epoch[27] Iteration[60/86], entropy: 0.2185, uncertainty: 1.7963, uncertainty_coeffi: 0.0001, loss: 0.1957, lr: 4.08e-07
     Epoch[27] Iteration[70/86], entropy: 0.3543, uncertainty: 1.7262, uncertainty_coeffi: 0.0001, loss: 0.1805, lr: 4.77e-05
     Epoch[27] Iteration[80/86], entropy: 0.3500, uncertainty: 1.6228, uncertainty_coeffi: 0.0001, loss: 0.3726, lr: 1.59e-04
     Averaged stats: entropy_avg: 0.3227, uncertainty_avg: 1.5742, uncertainty_coeffi_avg: 0.0001, loss_avg: 0.3730, lr_avg: 1.92e-04
     itm tta time 0:00:28
     Epoch[28] Iteration[10/86], entropy: 0.2126, uncertainty: 1.8980, uncertainty_coeffi: 0.0001, loss: 0.2298, lr: 3.79e-04
     Epoch[28] Iteration[20/86], entropy: 0.2580, uncertainty: 1.6297, uncertainty_coeffi: 0.0001, loss: 0.2069, lr: 4.74e-04
     Epoch[28] Iteration[30/86], entropy: 0.4235, uncertainty: 1.4587, uncertainty_coeffi: 0.0001, loss: 0.3452, lr: 4.98e-04
     Epoch[28] Iteration[40/86], entropy: 0.1611, uncertainty: 1.6782, uncertainty_coeffi: 0.0001, loss: 0.1220, lr: 4.44e-04
     Epoch[28] Iteration[50/86], entropy: 0.4180, uncertainty: 1.5290, uncertainty_coeffi: 0.0001, loss: 0.3277, lr: 3.27e-04
     Epoch[28] Iteration[60/86], entropy: 0.2077, uncertainty: 1.1576, uncertainty_coeffi: 0.0001, loss: 0.1574, lr: 1.86e-04
     Epoch[28] Iteration[70/86], entropy: 0.3416, uncertainty: 1.9985, uncertainty_coeffi: 0.0001, loss: 0.2043, lr: 6.58e-05
     Epoch[28] Iteration[80/86], entropy: 0.3031, uncertainty: 1.5211, uncertainty_coeffi: 0.0001, loss: 0.4448, lr: 3.66e-06
     Averaged stats: entropy_avg: 0.2907, uncertainty_avg: 1.6088, uncertainty_coeffi_avg: 0.0001, loss_avg: 0.2548, lr_avg: 2.97e-04
     itm tta time 0:00:27
     Epoch[29] Iteration[10/86], entropy: 0.2458, uncertainty: 1.6896, uncertainty_coeffi: 0.0001, loss: 0.6847, lr: 6.58e-05
     Epoch[29] Iteration[20/86], entropy: 0.1188, uncertainty: 1.3437, uncertainty_coeffi: 0.0001, loss: 0.0602, lr: 1.86e-04
     Epoch[29] Iteration[30/86], entropy: 0.4538, uncertainty: 1.6695, uncertainty_coeffi: 0.0001, loss: 0.3702, lr: 3.27e-04
     Epoch[29] Iteration[40/86], entropy: 0.2919, uncertainty: 1.5993, uncertainty_coeffi: 0.0001, loss: 0.2090, lr: 4.44e-04
     Epoch[29] Iteration[50/86], entropy: 0.1469, uncertainty: 1.0678, uncertainty_coeffi: 0.0001, loss: 0.4515, lr: 4.98e-04
     Epoch[29] Iteration[60/86], entropy: 0.2639, uncertainty: 1.3610, uncertainty_coeffi: 0.0001, loss: 0.2871, lr: 4.74e-04
     Epoch[29] Iteration[70/86], entropy: 0.2965, uncertainty: 1.1886, uncertainty_coeffi: 0.0001, loss: 0.4537, lr: 3.79e-04
     Epoch[29] Iteration[80/86], entropy: 0.4110, uncertainty: 1.6904, uncertainty_coeffi: 0.0001, loss: 0.3654, lr: 2.43e-04
     Averaged stats: entropy_avg: 0.2786, uncertainty_avg: 1.4512, uncertainty_coeffi_avg: 0.0001, loss_avg: 0.3602, lr_avg: 3.27e-04
     itm tta time 0:00:26
### TTA Eval Score: 
+-------+--------+--------+--------+--------+--------+
| epoch |   R1   |   R5   |  R10   |  mAP   |  mINP  |
+-------+--------+--------+--------+--------+--------+
|  -999 | 59.500 | 80.050 | 87.050 | 44.116 | 20.549 |
|   0   | 60.500 | 81.200 | 87.800 | 45.253 | 21.557 |
|   1   | 61.100 | 81.800 | 88.300 | 45.554 | 21.701 |
|   2   | 59.750 | 81.100 | 87.900 | 44.928 | 21.726 |
|   4   | 60.200 | 81.500 | 88.450 | 45.231 | 21.793 |
|   9   | 60.650 | 81.450 | 88.650 | 45.403 | 21.836 |
|   14  | 61.450 | 81.400 | 88.600 | 45.663 | 22.000 |
|   19  | 61.100 | 81.250 | 88.600 | 45.526 | 21.921 |
|   29  | 61.450 | 81.750 | 88.550 | 45.827 | 21.970 |
+-------+--------+--------+--------+--------+--------+
     logs:  {'epo': 29, 'R1': np.float32(61.45), 'R5': np.float32(81.75), 'R10': np.float32(88.55), 'mAP': np.float32(45.827), 'mINP': np.float32(21.97), 'entropy': 0.2785683963447809, 'uncertainty': 1.451236680150032, 'uncertainty_coeffi': 9.999999747378752e-05, 'loss': 0.360232796985656, 'lr': 0.00032721627211966655}
     Epoch[30] Iteration[10/86], entropy: 0.3337, uncertainty: 1.7259, uncertainty_coeffi: 0.0001, loss: 0.4009, lr: 4.77e-05
     Epoch[30] Iteration[20/86], entropy: 0.4861, uncertainty: 2.1394, uncertainty_coeffi: 0.0001, loss: 0.2829, lr: 4.08e-07
     Epoch[30] Iteration[30/86], entropy: 0.3590, uncertainty: 1.4404, uncertainty_coeffi: 0.0001, loss: 0.2802, lr: 3.23e-05
     Epoch[30] Iteration[40/86], entropy: 0.3673, uncertainty: 1.8650, uncertainty_coeffi: 0.0001, loss: 0.4456, lr: 1.33e-04
     Epoch[30] Iteration[50/86], entropy: 0.3189, uncertainty: 1.3405, uncertainty_coeffi: 0.0001, loss: 0.8194, lr: 2.71e-04
     Epoch[30] Iteration[60/86], entropy: 0.5000, uncertainty: 1.7079, uncertainty_coeffi: 0.0001, loss: 0.3640, lr: 4.03e-04
     Epoch[30] Iteration[70/86], entropy: 0.3215, uncertainty: 1.3321, uncertainty_coeffi: 0.0001, loss: 0.2965, lr: 4.85e-04
     Epoch[30] Iteration[80/86], entropy: 0.4675, uncertainty: 1.5298, uncertainty_coeffi: 0.0001, loss: 0.3364, lr: 4.94e-04
     Averaged stats: entropy_avg: 0.3943, uncertainty_avg: 1.6351, uncertainty_coeffi_avg: 0.0001, loss_avg: 0.4032, lr_avg: 2.33e-04
     itm tta time 0:00:27
     Epoch[31] Iteration[10/86], entropy: 0.3305, uncertainty: 1.6168, uncertainty_coeffi: 0.0001, loss: 0.2337, lr: 3.54e-04
     Epoch[31] Iteration[20/86], entropy: 0.0903, uncertainty: 1.2062, uncertainty_coeffi: 0.0001, loss: 0.1999, lr: 2.14e-04
     Epoch[31] Iteration[30/86], entropy: 0.2111, uncertainty: 1.2795, uncertainty_coeffi: 0.0001, loss: 0.1700, lr: 8.63e-05
     Epoch[31] Iteration[40/86], entropy: 0.4514, uncertainty: 1.7106, uncertainty_coeffi: 0.0001, loss: 0.4562, lr: 1.01e-05
     Epoch[31] Iteration[50/86], entropy: 0.2449, uncertainty: 1.4790, uncertainty_coeffi: 0.0001, loss: 0.2830, lr: 1.01e-05
     Epoch[31] Iteration[60/86], entropy: 0.1357, uncertainty: 1.5322, uncertainty_coeffi: 0.0001, loss: 0.2900, lr: 8.63e-05
     Epoch[31] Iteration[70/86], entropy: 0.5883, uncertainty: 1.8360, uncertainty_coeffi: 0.0001, loss: 0.3861, lr: 2.14e-04
     Epoch[31] Iteration[80/86], entropy: 0.4196, uncertainty: 1.5023, uncertainty_coeffi: 0.0001, loss: 0.5064, lr: 3.54e-04
     Averaged stats: entropy_avg: 0.3090, uncertainty_avg: 1.5203, uncertainty_coeffi_avg: 0.0001, loss_avg: 0.3157, lr_avg: 1.66e-04
     itm tta time 0:00:28
     Epoch[32] Iteration[10/86], entropy: 0.3066, uncertainty: 1.5533, uncertainty_coeffi: 0.0001, loss: 0.4323, lr: 4.94e-04
     Epoch[32] Iteration[20/86], entropy: 0.4171, uncertainty: 2.4285, uncertainty_coeffi: 0.0001, loss: 0.2152, lr: 4.85e-04
     Epoch[32] Iteration[30/86], entropy: 0.4715, uncertainty: 1.3809, uncertainty_coeffi: 0.0001, loss: 0.5931, lr: 4.03e-04
     Epoch[32] Iteration[40/86], entropy: 0.4837, uncertainty: 1.7440, uncertainty_coeffi: 0.0001, loss: 0.4663, lr: 2.71e-04
     Epoch[32] Iteration[50/86], entropy: 0.4209, uncertainty: 1.8962, uncertainty_coeffi: 0.0001, loss: 0.2083, lr: 1.33e-04
     Epoch[32] Iteration[60/86], entropy: 0.2255, uncertainty: 1.6657, uncertainty_coeffi: 0.0001, loss: 0.1726, lr: 3.23e-05
     Epoch[32] Iteration[70/86], entropy: 0.1671, uncertainty: 1.7224, uncertainty_coeffi: 0.0001, loss: 0.0985, lr: 4.08e-07
     Epoch[32] Iteration[80/86], entropy: 0.3162, uncertainty: 1.5891, uncertainty_coeffi: 0.0001, loss: 0.4258, lr: 4.77e-05
     Averaged stats: entropy_avg: 0.3511, uncertainty_avg: 1.7475, uncertainty_coeffi_avg: 0.0001, loss_avg: 0.3265, lr_avg: 2.33e-04
     itm tta time 0:00:28
     Epoch[33] Iteration[10/86], entropy: 0.3412, uncertainty: 1.1342, uncertainty_coeffi: 0.0001, loss: 0.4788, lr: 2.43e-04
     Epoch[33] Iteration[20/86], entropy: 0.1868, uncertainty: 1.5316, uncertainty_coeffi: 0.0001, loss: 0.2468, lr: 3.79e-04
     Epoch[33] Iteration[30/86], entropy: 0.2157, uncertainty: 1.4370, uncertainty_coeffi: 0.0001, loss: 0.1446, lr: 4.74e-04
     Epoch[33] Iteration[40/86], entropy: 0.3353, uncertainty: 1.9161, uncertainty_coeffi: 0.0001, loss: 0.1849, lr: 4.98e-04
     Epoch[33] Iteration[50/86], entropy: 0.3790, uncertainty: 1.4688, uncertainty_coeffi: 0.0001, loss: 0.3132, lr: 4.44e-04
     Epoch[33] Iteration[60/86], entropy: 0.3793, uncertainty: 1.3752, uncertainty_coeffi: 0.0001, loss: 0.3287, lr: 3.27e-04
     Epoch[33] Iteration[70/86], entropy: 0.3234, uncertainty: 1.7969, uncertainty_coeffi: 0.0001, loss: 0.2016, lr: 1.86e-04
     Epoch[33] Iteration[80/86], entropy: 0.4113, uncertainty: 1.7183, uncertainty_coeffi: 0.0001, loss: 0.3055, lr: 6.58e-05
     Averaged stats: entropy_avg: 0.3215, uncertainty_avg: 1.5473, uncertainty_coeffi_avg: 0.0001, loss_avg: 0.2755, lr_avg: 3.27e-04
     itm tta time 0:00:29
     Epoch[34] Iteration[10/86], entropy: 0.3379, uncertainty: 1.6698, uncertainty_coeffi: 0.0001, loss: 0.2006, lr: 3.66e-06
     Epoch[34] Iteration[20/86], entropy: 0.4015, uncertainty: 1.7704, uncertainty_coeffi: 0.0001, loss: 0.2301, lr: 6.58e-05
     Epoch[34] Iteration[30/86], entropy: 0.3279, uncertainty: 1.8233, uncertainty_coeffi: 0.0001, loss: 0.2234, lr: 1.86e-04
     Epoch[34] Iteration[40/86], entropy: 0.2378, uncertainty: 1.7054, uncertainty_coeffi: 0.0001, loss: 0.2720, lr: 3.27e-04
     Epoch[34] Iteration[50/86], entropy: 0.2133, uncertainty: 1.9898, uncertainty_coeffi: 0.0001, loss: 0.2357, lr: 4.44e-04
     Epoch[34] Iteration[60/86], entropy: 0.1556, uncertainty: 1.3242, uncertainty_coeffi: 0.0001, loss: 0.1769, lr: 4.98e-04
     Epoch[34] Iteration[70/86], entropy: 0.3266, uncertainty: 1.3430, uncertainty_coeffi: 0.0001, loss: 0.2413, lr: 4.74e-04
     Epoch[34] Iteration[80/86], entropy: 0.3313, uncertainty: 2.3331, uncertainty_coeffi: 0.0001, loss: 0.1753, lr: 3.79e-04
     Averaged stats: entropy_avg: 0.2915, uncertainty_avg: 1.7449, uncertainty_coeffi_avg: 0.0001, loss_avg: 0.2194, lr_avg: 2.97e-04
     itm tta time 0:00:27
     Epoch[35] Iteration[10/86], entropy: 0.3632, uncertainty: 1.6004, uncertainty_coeffi: 0.0001, loss: 0.5733, lr: 1.59e-04
     Epoch[35] Iteration[20/86], entropy: 0.2953, uncertainty: 1.7110, uncertainty_coeffi: 0.0001, loss: 0.2053, lr: 4.77e-05
     Epoch[35] Iteration[30/86], entropy: 0.3663, uncertainty: 1.4377, uncertainty_coeffi: 0.0001, loss: 0.3219, lr: 4.08e-07
     Epoch[35] Iteration[40/86], entropy: 0.2800, uncertainty: 1.3948, uncertainty_coeffi: 0.0001, loss: 0.2758, lr: 3.23e-05
     Epoch[35] Iteration[50/86], entropy: 0.2523, uncertainty: 1.3392, uncertainty_coeffi: 0.0001, loss: 0.4859, lr: 1.33e-04
     Epoch[35] Iteration[60/86], entropy: 0.2929, uncertainty: 1.8935, uncertainty_coeffi: 0.0001, loss: 0.1858, lr: 2.71e-04
     Epoch[35] Iteration[70/86], entropy: 0.3060, uncertainty: 1.9808, uncertainty_coeffi: 0.0001, loss: 0.1832, lr: 4.03e-04
     Epoch[35] Iteration[80/86], entropy: 0.2663, uncertainty: 1.2455, uncertainty_coeffi: 0.0001, loss: 0.3236, lr: 4.85e-04
     Averaged stats: entropy_avg: 0.3028, uncertainty_avg: 1.5754, uncertainty_coeffi_avg: 0.0001, loss_avg: 0.3194, lr_avg: 1.92e-04
     itm tta time 0:00:28
     Epoch[36] Iteration[10/86], entropy: 0.5905, uncertainty: 1.6385, uncertainty_coeffi: 0.0001, loss: 0.4808, lr: 4.60e-04
     Epoch[36] Iteration[20/86], entropy: 0.2663, uncertainty: 2.1202, uncertainty_coeffi: 0.0001, loss: 0.1249, lr: 3.54e-04
     Epoch[36] Iteration[30/86], entropy: 0.2834, uncertainty: 1.5000, uncertainty_coeffi: 0.0001, loss: 0.1637, lr: 2.14e-04
     Epoch[36] Iteration[40/86], entropy: 0.2443, uncertainty: 1.0870, uncertainty_coeffi: 0.0001, loss: 0.2669, lr: 8.63e-05
     Epoch[36] Iteration[50/86], entropy: 0.2188, uncertainty: 1.6988, uncertainty_coeffi: 0.0001, loss: 0.2225, lr: 1.01e-05
     Epoch[36] Iteration[60/86], entropy: 0.5905, uncertainty: 1.5974, uncertainty_coeffi: 0.0001, loss: 0.6081, lr: 1.01e-05
     Epoch[36] Iteration[70/86], entropy: 0.2678, uncertainty: 1.4902, uncertainty_coeffi: 0.0001, loss: 0.1800, lr: 8.63e-05
     Epoch[36] Iteration[80/86], entropy: 0.2023, uncertainty: 1.9759, uncertainty_coeffi: 0.0001, loss: 0.1039, lr: 2.14e-04
     Averaged stats: entropy_avg: 0.3330, uncertainty_avg: 1.6385, uncertainty_coeffi_avg: 0.0001, loss_avg: 0.2688, lr_avg: 1.79e-04
     itm tta time 0:00:27
     Epoch[37] Iteration[10/86], entropy: 0.5250, uncertainty: 1.3033, uncertainty_coeffi: 0.0001, loss: 0.5052, lr: 4.24e-04
     Epoch[37] Iteration[20/86], entropy: 0.2006, uncertainty: 1.5172, uncertainty_coeffi: 0.0001, loss: 0.2593, lr: 4.94e-04
     Epoch[37] Iteration[30/86], entropy: 0.3525, uncertainty: 1.4530, uncertainty_coeffi: 0.0001, loss: 0.2790, lr: 4.85e-04
     Epoch[37] Iteration[40/86], entropy: 0.2726, uncertainty: 1.4543, uncertainty_coeffi: 0.0001, loss: 0.3078, lr: 4.03e-04
     Epoch[37] Iteration[50/86], entropy: 0.2962, uncertainty: 1.5102, uncertainty_coeffi: 0.0001, loss: 0.3793, lr: 2.71e-04
     Epoch[37] Iteration[60/86], entropy: 0.2947, uncertainty: 1.2525, uncertainty_coeffi: 0.0001, loss: 0.4772, lr: 1.33e-04
     Epoch[37] Iteration[70/86], entropy: 0.1984, uncertainty: 1.0814, uncertainty_coeffi: 0.0001, loss: 0.5305, lr: 3.23e-05
     Epoch[37] Iteration[80/86], entropy: 0.1867, uncertainty: 1.1371, uncertainty_coeffi: 0.0001, loss: 0.1263, lr: 4.08e-07
     Averaged stats: entropy_avg: 0.2908, uncertainty_avg: 1.3386, uncertainty_coeffi_avg: 0.0001, loss_avg: 0.3581, lr_avg: 2.80e-04
     itm tta time 0:00:26
     Epoch[38] Iteration[10/86], entropy: 0.2669, uncertainty: 1.4293, uncertainty_coeffi: 0.0001, loss: 0.3670, lr: 1.09e-04
     Epoch[38] Iteration[20/86], entropy: 0.1671, uncertainty: 1.6285, uncertainty_coeffi: 0.0001, loss: 0.2231, lr: 2.43e-04
     Epoch[38] Iteration[30/86], entropy: 0.3992, uncertainty: 1.8027, uncertainty_coeffi: 0.0001, loss: 0.2503, lr: 3.79e-04
     Epoch[38] Iteration[40/86], entropy: 0.2241, uncertainty: 1.0720, uncertainty_coeffi: 0.0001, loss: 0.1632, lr: 4.74e-04
     Epoch[38] Iteration[50/86], entropy: 0.3846, uncertainty: 1.5971, uncertainty_coeffi: 0.0001, loss: 0.3275, lr: 4.98e-04
     Epoch[38] Iteration[60/86], entropy: 0.3538, uncertainty: 1.5967, uncertainty_coeffi: 0.0001, loss: 0.5822, lr: 4.44e-04
     Epoch[38] Iteration[70/86], entropy: 0.1924, uncertainty: 1.4130, uncertainty_coeffi: 0.0001, loss: 0.1939, lr: 3.27e-04
     Epoch[38] Iteration[80/86], entropy: 0.1778, uncertainty: 1.4861, uncertainty_coeffi: 0.0001, loss: 0.2351, lr: 1.86e-04
     Averaged stats: entropy_avg: 0.2708, uncertainty_avg: 1.5032, uncertainty_coeffi_avg: 0.0001, loss_avg: 0.2928, lr_avg: 3.33e-04
     itm tta time 0:00:27
     Epoch[39] Iteration[10/86], entropy: 0.2633, uncertainty: 1.9011, uncertainty_coeffi: 0.0001, loss: 0.1449, lr: 1.97e-05
     Epoch[39] Iteration[20/86], entropy: 0.0624, uncertainty: 1.1380, uncertainty_coeffi: 0.0001, loss: 0.1552, lr: 3.66e-06
     Epoch[39] Iteration[30/86], entropy: 0.1180, uncertainty: 1.7815, uncertainty_coeffi: 0.0001, loss: 0.1886, lr: 6.58e-05
     Epoch[39] Iteration[40/86], entropy: 0.1947, uncertainty: 1.3908, uncertainty_coeffi: 0.0001, loss: 0.1583, lr: 1.86e-04
     Epoch[39] Iteration[50/86], entropy: 0.2344, uncertainty: 1.5678, uncertainty_coeffi: 0.0001, loss: 0.1601, lr: 3.27e-04
     Epoch[39] Iteration[60/86], entropy: 0.2274, uncertainty: 1.9545, uncertainty_coeffi: 0.0001, loss: 0.1427, lr: 4.44e-04
     Epoch[39] Iteration[70/86], entropy: 0.1831, uncertainty: 1.5644, uncertainty_coeffi: 0.0001, loss: 0.1486, lr: 4.98e-04
     Epoch[39] Iteration[80/86], entropy: 0.4521, uncertainty: 1.9434, uncertainty_coeffi: 0.0001, loss: 0.4874, lr: 4.74e-04
     Averaged stats: entropy_avg: 0.2169, uncertainty_avg: 1.6552, uncertainty_coeffi_avg: 0.0001, loss_avg: 0.1982, lr_avg: 2.52e-04
     itm tta time 0:00:27
### TTA Eval Score: 
+-------+--------+--------+--------+--------+--------+
| epoch |   R1   |   R5   |  R10   |  mAP   |  mINP  |
+-------+--------+--------+--------+--------+--------+
|  -999 | 59.500 | 80.050 | 87.050 | 44.116 | 20.549 |
|   0   | 60.500 | 81.200 | 87.800 | 45.253 | 21.557 |
|   1   | 61.100 | 81.800 | 88.300 | 45.554 | 21.701 |
|   2   | 59.750 | 81.100 | 87.900 | 44.928 | 21.726 |
|   4   | 60.200 | 81.500 | 88.450 | 45.231 | 21.793 |
|   9   | 60.650 | 81.450 | 88.650 | 45.403 | 21.836 |
|   14  | 61.450 | 81.400 | 88.600 | 45.663 | 22.000 |
|   19  | 61.100 | 81.250 | 88.600 | 45.526 | 21.921 |
|   29  | 61.450 | 81.750 | 88.550 | 45.827 | 21.970 |
|   39  | 61.350 | 81.650 | 88.300 | 45.727 | 21.865 |
+-------+--------+--------+--------+--------+--------+
     logs:  {'epo': 39, 'R1': np.float32(61.35), 'R5': np.float32(81.65), 'R10': np.float32(88.3), 'mAP': np.float32(45.727), 'mINP': np.float32(21.865), 'entropy': 0.21692008804529905, 'uncertainty': 1.6551946103572845, 'uncertainty_coeffi': 9.999999747378752e-05, 'loss': 0.19822250306606293, 'lr': 0.0002523938065006721}
     Epoch[40] Iteration[10/86], entropy: 0.2953, uncertainty: 1.4253, uncertainty_coeffi: 0.0001, loss: 0.2950, lr: 3.00e-04
     Epoch[40] Iteration[20/86], entropy: 0.3581, uncertainty: 1.8803, uncertainty_coeffi: 0.0001, loss: 0.2539, lr: 1.59e-04
     Epoch[40] Iteration[30/86], entropy: 0.3558, uncertainty: 1.2453, uncertainty_coeffi: 0.0001, loss: 0.4434, lr: 4.77e-05
     Epoch[40] Iteration[40/86], entropy: 0.2304, uncertainty: 1.5520, uncertainty_coeffi: 0.0001, loss: 0.1698, lr: 4.08e-07
     Epoch[40] Iteration[50/86], entropy: 0.1960, uncertainty: 1.0789, uncertainty_coeffi: 0.0001, loss: 0.2841, lr: 3.23e-05
     Epoch[40] Iteration[60/86], entropy: 0.3833, uncertainty: 1.1195, uncertainty_coeffi: 0.0001, loss: 0.4702, lr: 1.33e-04
     Epoch[40] Iteration[70/86], entropy: 0.1990, uncertainty: 1.8200, uncertainty_coeffi: 0.0001, loss: 0.1266, lr: 2.71e-04
     Epoch[40] Iteration[80/86], entropy: 0.2411, uncertainty: 1.4060, uncertainty_coeffi: 0.0001, loss: 0.2071, lr: 4.03e-04
     Averaged stats: entropy_avg: 0.2824, uncertainty_avg: 1.4409, uncertainty_coeffi_avg: 0.0001, loss_avg: 0.2813, lr_avg: 1.68e-04
     itm tta time 0:00:27
     Epoch[41] Iteration[10/86], entropy: 0.0992, uncertainty: 1.4068, uncertainty_coeffi: 0.0001, loss: 0.1224, lr: 5.00e-04
     Epoch[41] Iteration[20/86], entropy: 0.1449, uncertainty: 1.4028, uncertainty_coeffi: 0.0001, loss: 0.4000, lr: 4.60e-04
     Epoch[41] Iteration[30/86], entropy: 0.2355, uncertainty: 1.9190, uncertainty_coeffi: 0.0001, loss: 0.5394, lr: 3.54e-04
     Epoch[41] Iteration[40/86], entropy: 0.2180, uncertainty: 1.8602, uncertainty_coeffi: 0.0001, loss: 0.2152, lr: 2.14e-04
     Epoch[41] Iteration[50/86], entropy: 0.2603, uncertainty: 1.5985, uncertainty_coeffi: 0.0001, loss: 0.2054, lr: 8.63e-05
     Epoch[41] Iteration[60/86], entropy: 0.1860, uncertainty: 1.7003, uncertainty_coeffi: 0.0001, loss: 0.1194, lr: 1.01e-05
     Epoch[41] Iteration[70/86], entropy: 0.3092, uncertainty: 1.8494, uncertainty_coeffi: 0.0001, loss: 0.2931, lr: 1.01e-05
     Epoch[41] Iteration[80/86], entropy: 0.3971, uncertainty: 1.5539, uncertainty_coeffi: 0.0001, loss: 0.4219, lr: 8.63e-05
     Averaged stats: entropy_avg: 0.2313, uncertainty_avg: 1.6614, uncertainty_coeffi_avg: 0.0001, loss_avg: 0.2896, lr_avg: 2.15e-04
     itm tta time 0:00:27
     Epoch[42] Iteration[10/86], entropy: 0.2060, uncertainty: 1.9638, uncertainty_coeffi: 0.0001, loss: 0.0923, lr: 3.00e-04
     Epoch[42] Iteration[20/86], entropy: 0.4822, uncertainty: 1.4752, uncertainty_coeffi: 0.0001, loss: 0.3661, lr: 4.24e-04
     Epoch[42] Iteration[30/86], entropy: 0.3338, uncertainty: 1.6118, uncertainty_coeffi: 0.0001, loss: 0.6080, lr: 4.94e-04
     Epoch[42] Iteration[40/86], entropy: 0.2894, uncertainty: 1.3683, uncertainty_coeffi: 0.0001, loss: 0.3140, lr: 4.85e-04
     Epoch[42] Iteration[50/86], entropy: 0.2062, uncertainty: 1.4067, uncertainty_coeffi: 0.0001, loss: 0.2046, lr: 4.03e-04
     Epoch[42] Iteration[60/86], entropy: 0.2599, uncertainty: 1.1808, uncertainty_coeffi: 0.0001, loss: 0.3448, lr: 2.71e-04
     Epoch[42] Iteration[70/86], entropy: 0.4218, uncertainty: 1.3947, uncertainty_coeffi: 0.0001, loss: 0.3025, lr: 1.33e-04
     Epoch[42] Iteration[80/86], entropy: 0.2688, uncertainty: 1.5678, uncertainty_coeffi: 0.0001, loss: 0.2706, lr: 3.23e-05
     Averaged stats: entropy_avg: 0.3085, uncertainty_avg: 1.4962, uncertainty_coeffi_avg: 0.0001, loss_avg: 0.3129, lr_avg: 3.18e-04
     itm tta time 0:00:27
     Epoch[43] Iteration[10/86], entropy: 0.2770, uncertainty: 1.8594, uncertainty_coeffi: 0.0001, loss: 0.1776, lr: 1.97e-05
     Epoch[43] Iteration[20/86], entropy: 0.2905, uncertainty: 0.6787, uncertainty_coeffi: 0.0001, loss: 0.6304, lr: 1.09e-04
     Epoch[43] Iteration[30/86], entropy: 0.2632, uncertainty: 1.4185, uncertainty_coeffi: 0.0001, loss: 0.4084, lr: 2.43e-04
     Epoch[43] Iteration[40/86], entropy: 0.3077, uncertainty: 1.4252, uncertainty_coeffi: 0.0001, loss: 0.4821, lr: 3.79e-04
     Epoch[43] Iteration[50/86], entropy: 0.4463, uncertainty: 1.5730, uncertainty_coeffi: 0.0001, loss: 0.3374, lr: 4.74e-04
     Epoch[43] Iteration[60/86], entropy: 0.2355, uncertainty: 1.3080, uncertainty_coeffi: 0.0001, loss: 0.2807, lr: 4.98e-04
     Epoch[43] Iteration[70/86], entropy: 0.2836, uncertainty: 1.8928, uncertainty_coeffi: 0.0001, loss: 0.1633, lr: 4.44e-04
     Epoch[43] Iteration[80/86], entropy: 0.2619, uncertainty: 1.8498, uncertainty_coeffi: 0.0001, loss: 0.2600, lr: 3.27e-04
     Averaged stats: entropy_avg: 0.2957, uncertainty_avg: 1.5007, uncertainty_coeffi_avg: 0.0001, loss_avg: 0.3425, lr_avg: 3.12e-04
     itm tta time 0:00:27
     Epoch[44] Iteration[10/86], entropy: 0.2133, uncertainty: 1.3448, uncertainty_coeffi: 0.0001, loss: 0.2308, lr: 1.09e-04
     Epoch[44] Iteration[20/86], entropy: 0.3159, uncertainty: 0.8597, uncertainty_coeffi: 0.0001, loss: 0.6563, lr: 1.97e-05
     Epoch[44] Iteration[30/86], entropy: 0.2536, uncertainty: 1.5383, uncertainty_coeffi: 0.0001, loss: 0.1680, lr: 3.66e-06
     Epoch[44] Iteration[40/86], entropy: 0.2888, uncertainty: 1.6286, uncertainty_coeffi: 0.0001, loss: 0.2016, lr: 6.58e-05
     Epoch[44] Iteration[50/86], entropy: 0.2536, uncertainty: 1.2326, uncertainty_coeffi: 0.0001, loss: 0.3213, lr: 1.86e-04
     Epoch[44] Iteration[60/86], entropy: 0.2303, uncertainty: 1.4376, uncertainty_coeffi: 0.0001, loss: 0.1798, lr: 3.27e-04
     Epoch[44] Iteration[70/86], entropy: 0.2017, uncertainty: 1.5693, uncertainty_coeffi: 0.0001, loss: 0.2952, lr: 4.44e-04
     Epoch[44] Iteration[80/86], entropy: 0.2949, uncertainty: 1.9898, uncertainty_coeffi: 0.0001, loss: 0.1970, lr: 4.98e-04
     Averaged stats: entropy_avg: 0.2565, uncertainty_avg: 1.4501, uncertainty_coeffi_avg: 0.0001, loss_avg: 0.2812, lr_avg: 2.07e-04
     itm tta time 0:00:27
     Epoch[45] Iteration[10/86], entropy: 0.5139, uncertainty: 2.0869, uncertainty_coeffi: 0.0001, loss: 0.2842, lr: 4.24e-04
     Epoch[45] Iteration[20/86], entropy: 0.3499, uncertainty: 1.9237, uncertainty_coeffi: 0.0001, loss: 0.1719, lr: 3.00e-04
     Epoch[45] Iteration[30/86], entropy: 0.2878, uncertainty: 1.5698, uncertainty_coeffi: 0.0001, loss: 0.1577, lr: 1.59e-04
     Epoch[45] Iteration[40/86], entropy: 0.3788, uncertainty: 1.4831, uncertainty_coeffi: 0.0001, loss: 0.5006, lr: 4.77e-05
     Epoch[45] Iteration[50/86], entropy: 0.2159, uncertainty: 1.6851, uncertainty_coeffi: 0.0001, loss: 0.1821, lr: 4.08e-07
     Epoch[45] Iteration[60/86], entropy: 0.1706, uncertainty: 1.4842, uncertainty_coeffi: 0.0001, loss: 0.2770, lr: 3.23e-05
     Epoch[45] Iteration[70/86], entropy: 0.1817, uncertainty: 1.6920, uncertainty_coeffi: 0.0001, loss: 0.2251, lr: 1.33e-04
     Epoch[45] Iteration[80/86], entropy: 0.2007, uncertainty: 1.3913, uncertainty_coeffi: 0.0001, loss: 0.1890, lr: 2.71e-04
     Averaged stats: entropy_avg: 0.2874, uncertainty_avg: 1.6645, uncertainty_coeffi_avg: 0.0001, loss_avg: 0.2485, lr_avg: 1.71e-04
     itm tta time 0:00:27
     Epoch[46] Iteration[10/86], entropy: 0.3201, uncertainty: 1.5449, uncertainty_coeffi: 0.0001, loss: 0.2450, lr: 4.60e-04
     Epoch[46] Iteration[20/86], entropy: 0.3686, uncertainty: 1.8234, uncertainty_coeffi: 0.0001, loss: 0.2104, lr: 5.00e-04
     Epoch[46] Iteration[30/86], entropy: 0.2902, uncertainty: 1.3048, uncertainty_coeffi: 0.0001, loss: 0.5197, lr: 4.60e-04
     Epoch[46] Iteration[40/86], entropy: 0.2126, uncertainty: 0.8559, uncertainty_coeffi: 0.0001, loss: 0.3278, lr: 3.54e-04
     Epoch[46] Iteration[50/86], entropy: 0.1903, uncertainty: 1.7854, uncertainty_coeffi: 0.0001, loss: 0.2111, lr: 2.14e-04
     Epoch[46] Iteration[60/86], entropy: 0.5197, uncertainty: 1.7506, uncertainty_coeffi: 0.0001, loss: 0.3687, lr: 8.63e-05
     Epoch[46] Iteration[70/86], entropy: 0.3234, uncertainty: 1.5014, uncertainty_coeffi: 0.0001, loss: 0.2436, lr: 1.01e-05
     Epoch[46] Iteration[80/86], entropy: 0.3765, uncertainty: 1.8725, uncertainty_coeffi: 0.0001, loss: 0.1589, lr: 1.01e-05
     Averaged stats: entropy_avg: 0.3252, uncertainty_avg: 1.5549, uncertainty_coeffi_avg: 0.0001, loss_avg: 0.2856, lr_avg: 2.62e-04
     itm tta time 0:00:27
     Epoch[47] Iteration[10/86], entropy: 0.3445, uncertainty: 1.6855, uncertainty_coeffi: 0.0001, loss: 0.2103, lr: 1.59e-04
     Epoch[47] Iteration[20/86], entropy: 0.2652, uncertainty: 1.3660, uncertainty_coeffi: 0.0001, loss: 0.3328, lr: 3.00e-04
     Epoch[47] Iteration[30/86], entropy: 0.1200, uncertainty: 1.6769, uncertainty_coeffi: 0.0001, loss: 0.1178, lr: 4.24e-04
     Epoch[47] Iteration[40/86], entropy: 0.1468, uncertainty: 1.1729, uncertainty_coeffi: 0.0001, loss: 0.2626, lr: 4.94e-04
     Epoch[47] Iteration[50/86], entropy: 0.4660, uncertainty: 1.8192, uncertainty_coeffi: 0.0001, loss: 0.2201, lr: 4.85e-04
     Epoch[47] Iteration[60/86], entropy: 0.3684, uncertainty: 1.6391, uncertainty_coeffi: 0.0001, loss: 0.2221, lr: 4.03e-04
     Epoch[47] Iteration[70/86], entropy: 0.1314, uncertainty: 1.5282, uncertainty_coeffi: 0.0001, loss: 0.1782, lr: 2.71e-04
     Epoch[47] Iteration[80/86], entropy: 0.3773, uncertainty: 1.4680, uncertainty_coeffi: 0.0001, loss: 0.3869, lr: 1.33e-04
     Averaged stats: entropy_avg: 0.2775, uncertainty_avg: 1.5445, uncertainty_coeffi_avg: 0.0001, loss_avg: 0.2414, lr_avg: 3.34e-04
     itm tta time 0:00:28
     Epoch[48] Iteration[10/86], entropy: 0.3842, uncertainty: 1.3759, uncertainty_coeffi: 0.0001, loss: 0.5118, lr: 3.66e-06
     Epoch[48] Iteration[20/86], entropy: 0.4279, uncertainty: 1.6838, uncertainty_coeffi: 0.0001, loss: 0.2087, lr: 1.97e-05
     Epoch[48] Iteration[30/86], entropy: 0.1934, uncertainty: 1.8477, uncertainty_coeffi: 0.0001, loss: 0.0898, lr: 1.09e-04
     Epoch[48] Iteration[40/86], entropy: 0.3434, uncertainty: 1.8059, uncertainty_coeffi: 0.0001, loss: 0.2367, lr: 2.43e-04
     Epoch[48] Iteration[50/86], entropy: 0.2277, uncertainty: 1.3611, uncertainty_coeffi: 0.0001, loss: 0.1799, lr: 3.79e-04
     Epoch[48] Iteration[60/86], entropy: 0.2697, uncertainty: 1.6958, uncertainty_coeffi: 0.0001, loss: 0.2156, lr: 4.74e-04
     Epoch[48] Iteration[70/86], entropy: 0.3197, uncertainty: 1.6204, uncertainty_coeffi: 0.0001, loss: 0.2365, lr: 4.98e-04
     Epoch[48] Iteration[80/86], entropy: 0.3801, uncertainty: 1.3405, uncertainty_coeffi: 0.0001, loss: 0.6871, lr: 4.44e-04
     Averaged stats: entropy_avg: 0.3183, uncertainty_avg: 1.5914, uncertainty_coeffi_avg: 0.0001, loss_avg: 0.2958, lr_avg: 2.71e-04
     itm tta time 0:00:28
     Epoch[49] Iteration[10/86], entropy: 0.2913, uncertainty: 1.5775, uncertainty_coeffi: 0.0001, loss: 0.2226, lr: 2.43e-04
     Epoch[49] Iteration[20/86], entropy: 0.3320, uncertainty: 1.5454, uncertainty_coeffi: 0.0001, loss: 0.3040, lr: 1.09e-04
     Epoch[49] Iteration[30/86], entropy: 0.3026, uncertainty: 1.1338, uncertainty_coeffi: 0.0001, loss: 0.3613, lr: 1.97e-05
     Epoch[49] Iteration[40/86], entropy: 0.2300, uncertainty: 1.5184, uncertainty_coeffi: 0.0001, loss: 0.2556, lr: 3.66e-06
     Epoch[49] Iteration[50/86], entropy: 0.1895, uncertainty: 1.3590, uncertainty_coeffi: 0.0001, loss: 0.1015, lr: 6.58e-05
     Epoch[49] Iteration[60/86], entropy: 0.3440, uncertainty: 1.3510, uncertainty_coeffi: 0.0001, loss: 0.3364, lr: 1.86e-04
     Epoch[49] Iteration[70/86], entropy: 0.3070, uncertainty: 2.1743, uncertainty_coeffi: 0.0001, loss: 0.3915, lr: 3.27e-04
     Epoch[49] Iteration[80/86], entropy: 0.2775, uncertainty: 1.7001, uncertainty_coeffi: 0.0001, loss: 0.1541, lr: 4.44e-04
     Averaged stats: entropy_avg: 0.2842, uncertainty_avg: 1.5449, uncertainty_coeffi_avg: 0.0001, loss_avg: 0.2659, lr_avg: 1.75e-04
     itm tta time 0:00:28
### TTA Eval Score: 
+-------+--------+--------+--------+--------+--------+
| epoch |   R1   |   R5   |  R10   |  mAP   |  mINP  |
+-------+--------+--------+--------+--------+--------+
|  -999 | 59.500 | 80.050 | 87.050 | 44.116 | 20.549 |
|   0   | 60.500 | 81.200 | 87.800 | 45.253 | 21.557 |
|   1   | 61.100 | 81.800 | 88.300 | 45.554 | 21.701 |
|   2   | 59.750 | 81.100 | 87.900 | 44.928 | 21.726 |
|   4   | 60.200 | 81.500 | 88.450 | 45.231 | 21.793 |
|   9   | 60.650 | 81.450 | 88.650 | 45.403 | 21.836 |
|   14  | 61.450 | 81.400 | 88.600 | 45.663 | 22.000 |
|   19  | 61.100 | 81.250 | 88.600 | 45.526 | 21.921 |
|   29  | 61.450 | 81.750 | 88.550 | 45.827 | 21.970 |
|   39  | 61.350 | 81.650 | 88.300 | 45.727 | 21.865 |
|   49  | 61.300 | 81.450 | 88.350 | 45.957 | 21.989 |
+-------+--------+--------+--------+--------+--------+
     logs:  {'epo': 49, 'R1': np.float32(61.3), 'R5': np.float32(81.45), 'R10': np.float32(88.35), 'mAP': np.float32(45.957), 'mINP': np.float32(21.989), 'entropy': 0.28423103876411915, 'uncertainty': 1.5449353158473969, 'uncertainty_coeffi': 9.999999747378752e-05, 'loss': 0.2658720426261425, 'lr': 0.000174772574197534}
     Epoch[50] Iteration[10/86], entropy: 0.3995, uncertainty: 1.3506, uncertainty_coeffi: 0.0001, loss: 0.3790, lr: 4.94e-04
     Epoch[50] Iteration[20/86], entropy: 0.2659, uncertainty: 1.7455, uncertainty_coeffi: 0.0001, loss: 0.1929, lr: 4.24e-04
     Epoch[50] Iteration[30/86], entropy: 0.4383, uncertainty: 1.6165, uncertainty_coeffi: 0.0001, loss: 0.3134, lr: 3.00e-04
     Epoch[50] Iteration[40/86], entropy: 0.4164, uncertainty: 1.6837, uncertainty_coeffi: 0.0001, loss: 0.4422, lr: 1.59e-04
     Epoch[50] Iteration[50/86], entropy: 0.2332, uncertainty: 1.2996, uncertainty_coeffi: 0.0001, loss: 0.1526, lr: 4.77e-05
     Epoch[50] Iteration[60/86], entropy: 0.2436, uncertainty: 1.9789, uncertainty_coeffi: 0.0001, loss: 0.1635, lr: 4.08e-07
     Epoch[50] Iteration[70/86], entropy: 0.4016, uncertainty: 1.6964, uncertainty_coeffi: 0.0001, loss: 0.3556, lr: 3.23e-05
     Epoch[50] Iteration[80/86], entropy: 0.2229, uncertainty: 1.2568, uncertainty_coeffi: 0.0001, loss: 0.4001, lr: 1.33e-04
     Averaged stats: entropy_avg: 0.3277, uncertainty_avg: 1.5785, uncertainty_coeffi_avg: 0.0001, loss_avg: 0.2999, lr_avg: 1.99e-04
     itm tta time 0:00:27
     Epoch[51] Iteration[10/86], entropy: 0.3383, uncertainty: 1.2903, uncertainty_coeffi: 0.0001, loss: 0.3288, lr: 3.54e-04
     Epoch[51] Iteration[20/86], entropy: 0.1217, uncertainty: 1.2285, uncertainty_coeffi: 0.0001, loss: 0.2250, lr: 4.60e-04
     Epoch[51] Iteration[30/86], entropy: 0.4114, uncertainty: 2.0299, uncertainty_coeffi: 0.0001, loss: 0.2277, lr: 5.00e-04
     Epoch[51] Iteration[40/86], entropy: 0.2740, uncertainty: 1.5114, uncertainty_coeffi: 0.0001, loss: 0.1934, lr: 4.60e-04
     Epoch[51] Iteration[50/86], entropy: 0.3221, uncertainty: 1.2586, uncertainty_coeffi: 0.0001, loss: 0.4395, lr: 3.54e-04
     Epoch[51] Iteration[60/86], entropy: 0.2083, uncertainty: 1.8973, uncertainty_coeffi: 0.0001, loss: 0.1325, lr: 2.14e-04
     Epoch[51] Iteration[70/86], entropy: 0.2321, uncertainty: 1.6081, uncertainty_coeffi: 0.0001, loss: 0.2010, lr: 8.63e-05
     Epoch[51] Iteration[80/86], entropy: 0.3569, uncertainty: 1.4377, uncertainty_coeffi: 0.0001, loss: 0.3514, lr: 1.01e-05
     Averaged stats: entropy_avg: 0.2831, uncertainty_avg: 1.5327, uncertainty_coeffi_avg: 0.0001, loss_avg: 0.2624, lr_avg: 3.05e-04
     itm tta time 0:00:28
     Epoch[52] Iteration[10/86], entropy: 0.3237, uncertainty: 1.6779, uncertainty_coeffi: 0.0001, loss: 0.3133, lr: 4.77e-05
     Epoch[52] Iteration[20/86], entropy: 0.2971, uncertainty: 2.0018, uncertainty_coeffi: 0.0001, loss: 0.1943, lr: 1.59e-04
     Epoch[52] Iteration[30/86], entropy: 0.1961, uncertainty: 1.5922, uncertainty_coeffi: 0.0001, loss: 0.1716, lr: 3.00e-04
     Epoch[52] Iteration[40/86], entropy: 0.3079, uncertainty: 1.4184, uncertainty_coeffi: 0.0001, loss: 0.3175, lr: 4.24e-04
     Epoch[52] Iteration[50/86], entropy: 0.4327, uncertainty: 2.0287, uncertainty_coeffi: 0.0001, loss: 0.2882, lr: 4.94e-04
     Epoch[52] Iteration[60/86], entropy: 0.2883, uncertainty: 1.4713, uncertainty_coeffi: 0.0001, loss: 0.2630, lr: 4.85e-04
     Epoch[52] Iteration[70/86], entropy: 0.1063, uncertainty: 1.2292, uncertainty_coeffi: 0.0001, loss: 0.1514, lr: 4.03e-04
     Epoch[52] Iteration[80/86], entropy: 0.2656, uncertainty: 1.6762, uncertainty_coeffi: 0.0001, loss: 0.1838, lr: 2.71e-04
     Averaged stats: entropy_avg: 0.2772, uncertainty_avg: 1.6370, uncertainty_coeffi_avg: 0.0001, loss_avg: 0.2354, lr_avg: 3.23e-04
     itm tta time 0:00:27
     Epoch[53] Iteration[10/86], entropy: 0.2525, uncertainty: 1.8730, uncertainty_coeffi: 0.0001, loss: 0.1407, lr: 6.58e-05
     Epoch[53] Iteration[20/86], entropy: 0.3274, uncertainty: 1.5871, uncertainty_coeffi: 0.0001, loss: 0.4002, lr: 3.66e-06
     Epoch[53] Iteration[30/86], entropy: 0.2535, uncertainty: 1.8940, uncertainty_coeffi: 0.0001, loss: 0.1545, lr: 1.97e-05
     Epoch[53] Iteration[40/86], entropy: 0.2514, uncertainty: 1.4363, uncertainty_coeffi: 0.0001, loss: 0.2151, lr: 1.09e-04
     Epoch[53] Iteration[50/86], entropy: 0.3418, uncertainty: 1.8197, uncertainty_coeffi: 0.0001, loss: 0.1454, lr: 2.43e-04
     Epoch[53] Iteration[60/86], entropy: 0.3391, uncertainty: 1.2891, uncertainty_coeffi: 0.0001, loss: 0.2187, lr: 3.79e-04
     Epoch[53] Iteration[70/86], entropy: 0.4707, uncertainty: 1.8137, uncertainty_coeffi: 0.0001, loss: 0.2441, lr: 4.74e-04
     Epoch[53] Iteration[80/86], entropy: 0.2933, uncertainty: 1.6851, uncertainty_coeffi: 0.0001, loss: 0.1933, lr: 4.98e-04
     Averaged stats: entropy_avg: 0.3162, uncertainty_avg: 1.6748, uncertainty_coeffi_avg: 0.0001, loss_avg: 0.2140, lr_avg: 2.24e-04
     itm tta time 0:00:28
     Epoch[54] Iteration[10/86], entropy: 0.2232, uncertainty: 1.7142, uncertainty_coeffi: 0.0001, loss: 0.1503, lr: 3.79e-04
     Epoch[54] Iteration[20/86], entropy: 0.2381, uncertainty: 1.8690, uncertainty_coeffi: 0.0001, loss: 0.2011, lr: 2.43e-04
     Epoch[54] Iteration[30/86], entropy: 0.2029, uncertainty: 1.2798, uncertainty_coeffi: 0.0001, loss: 0.1789, lr: 1.09e-04
     Epoch[54] Iteration[40/86], entropy: 0.4222, uncertainty: 1.7505, uncertainty_coeffi: 0.0001, loss: 0.3062, lr: 1.97e-05
     Epoch[54] Iteration[50/86], entropy: 0.2586, uncertainty: 1.6931, uncertainty_coeffi: 0.0001, loss: 0.1754, lr: 3.66e-06
     Epoch[54] Iteration[60/86], entropy: 0.4313, uncertainty: 1.8280, uncertainty_coeffi: 0.0001, loss: 0.2678, lr: 6.58e-05
     Epoch[54] Iteration[70/86], entropy: 0.2488, uncertainty: 2.1612, uncertainty_coeffi: 0.0001, loss: 0.0985, lr: 1.86e-04
     Epoch[54] Iteration[80/86], entropy: 0.1257, uncertainty: 1.3936, uncertainty_coeffi: 0.0001, loss: 0.0718, lr: 3.27e-04
     Averaged stats: entropy_avg: 0.2689, uncertainty_avg: 1.7112, uncertainty_coeffi_avg: 0.0001, loss_avg: 0.1813, lr_avg: 1.67e-04
     itm tta time 0:00:24
     Epoch[55] Iteration[10/86], entropy: 0.3379, uncertainty: 1.5269, uncertainty_coeffi: 0.0001, loss: 0.1843, lr: 4.85e-04
     Epoch[55] Iteration[20/86], entropy: 0.4179, uncertainty: 1.6954, uncertainty_coeffi: 0.0001, loss: 0.1940, lr: 4.94e-04
     Epoch[55] Iteration[30/86], entropy: 0.2609, uncertainty: 1.3723, uncertainty_coeffi: 0.0001, loss: 0.2621, lr: 4.24e-04
     Epoch[55] Iteration[40/86], entropy: 0.2318, uncertainty: 1.5855, uncertainty_coeffi: 0.0001, loss: 0.1994, lr: 3.00e-04
     Epoch[55] Iteration[50/86], entropy: 0.1668, uncertainty: 1.1196, uncertainty_coeffi: 0.0001, loss: 0.2319, lr: 1.59e-04
     Epoch[55] Iteration[60/86], entropy: 0.3005, uncertainty: 1.7954, uncertainty_coeffi: 0.0001, loss: 0.2924, lr: 4.77e-05
     Epoch[55] Iteration[70/86], entropy: 0.3175, uncertainty: 1.8943, uncertainty_coeffi: 0.0001, loss: 0.1657, lr: 4.08e-07
     Epoch[55] Iteration[80/86], entropy: 0.1903, uncertainty: 1.3481, uncertainty_coeffi: 0.0001, loss: 0.3363, lr: 3.23e-05
     Averaged stats: entropy_avg: 0.2780, uncertainty_avg: 1.5422, uncertainty_coeffi_avg: 0.0001, loss_avg: 0.2333, lr_avg: 2.43e-04
     itm tta time 0:00:26
     Epoch[56] Iteration[10/86], entropy: 0.2645, uncertainty: 1.5048, uncertainty_coeffi: 0.0001, loss: 0.1484, lr: 2.14e-04
     Epoch[56] Iteration[20/86], entropy: 0.1820, uncertainty: 1.7585, uncertainty_coeffi: 0.0001, loss: 0.2672, lr: 3.54e-04
     Epoch[56] Iteration[30/86], entropy: 0.4326, uncertainty: 1.9469, uncertainty_coeffi: 0.0001, loss: 0.2606, lr: 4.60e-04
     Epoch[56] Iteration[40/86], entropy: 0.2053, uncertainty: 1.5462, uncertainty_coeffi: 0.0001, loss: 0.1292, lr: 5.00e-04
     Epoch[56] Iteration[50/86], entropy: 0.1573, uncertainty: 1.8363, uncertainty_coeffi: 0.0001, loss: 0.1653, lr: 4.60e-04
     Epoch[56] Iteration[60/86], entropy: 0.4563, uncertainty: 2.2400, uncertainty_coeffi: 0.0001, loss: 0.2158, lr: 3.54e-04
     Epoch[56] Iteration[70/86], entropy: 0.2460, uncertainty: 1.9282, uncertainty_coeffi: 0.0001, loss: 0.2226, lr: 2.14e-04
     Epoch[56] Iteration[80/86], entropy: 0.2477, uncertainty: 1.8488, uncertainty_coeffi: 0.0001, loss: 0.1674, lr: 8.63e-05
     Averaged stats: entropy_avg: 0.2740, uncertainty_avg: 1.8262, uncertainty_coeffi_avg: 0.0001, loss_avg: 0.1971, lr_avg: 3.30e-04
     itm tta time 0:00:27
     Epoch[57] Iteration[10/86], entropy: 0.2060, uncertainty: 1.4251, uncertainty_coeffi: 0.0001, loss: 0.2005, lr: 4.08e-07
     Epoch[57] Iteration[20/86], entropy: 0.3359, uncertainty: 1.7860, uncertainty_coeffi: 0.0001, loss: 0.2252, lr: 4.77e-05
     Epoch[57] Iteration[30/86], entropy: 0.3343, uncertainty: 1.7598, uncertainty_coeffi: 0.0001, loss: 0.2642, lr: 1.59e-04
     Epoch[57] Iteration[40/86], entropy: 0.4502, uncertainty: 1.7374, uncertainty_coeffi: 0.0001, loss: 0.3423, lr: 3.00e-04
     Epoch[57] Iteration[50/86], entropy: 0.3158, uncertainty: 1.7818, uncertainty_coeffi: 0.0001, loss: 0.1818, lr: 4.24e-04
     Epoch[57] Iteration[60/86], entropy: 0.4055, uncertainty: 1.5444, uncertainty_coeffi: 0.0001, loss: 0.2193, lr: 4.94e-04
     Epoch[57] Iteration[70/86], entropy: 0.2044, uncertainty: 1.3237, uncertainty_coeffi: 0.0001, loss: 0.3574, lr: 4.85e-04
     Epoch[57] Iteration[80/86], entropy: 0.2145, uncertainty: 1.4773, uncertainty_coeffi: 0.0001, loss: 0.1616, lr: 4.03e-04
     Averaged stats: entropy_avg: 0.3083, uncertainty_avg: 1.6044, uncertainty_coeffi_avg: 0.0001, loss_avg: 0.2441, lr_avg: 2.89e-04
     itm tta time 0:00:27
     Epoch[58] Iteration[10/86], entropy: 0.4199, uncertainty: 1.6391, uncertainty_coeffi: 0.0001, loss: 0.2063, lr: 1.86e-04
     Epoch[58] Iteration[20/86], entropy: 0.2528, uncertainty: 1.4781, uncertainty_coeffi: 0.0001, loss: 0.1663, lr: 6.58e-05
     Epoch[58] Iteration[30/86], entropy: 0.2445, uncertainty: 1.5329, uncertainty_coeffi: 0.0001, loss: 0.1761, lr: 3.66e-06
     Epoch[58] Iteration[40/86], entropy: 0.1623, uncertainty: 1.4815, uncertainty_coeffi: 0.0001, loss: 0.2267, lr: 1.97e-05
     Epoch[58] Iteration[50/86], entropy: 0.4288, uncertainty: 1.4486, uncertainty_coeffi: 0.0001, loss: 0.3407, lr: 1.09e-04
     Epoch[58] Iteration[60/86], entropy: 0.2122, uncertainty: 0.8464, uncertainty_coeffi: 0.0001, loss: 0.4170, lr: 2.43e-04
     Epoch[58] Iteration[70/86], entropy: 0.2697, uncertainty: 1.3618, uncertainty_coeffi: 0.0001, loss: 0.4170, lr: 3.79e-04
     Epoch[58] Iteration[80/86], entropy: 0.3536, uncertainty: 2.0221, uncertainty_coeffi: 0.0001, loss: 0.2355, lr: 4.74e-04
     Averaged stats: entropy_avg: 0.2930, uncertainty_avg: 1.4763, uncertainty_coeffi_avg: 0.0001, loss_avg: 0.2732, lr_avg: 1.85e-04
     itm tta time 0:00:27
     Epoch[59] Iteration[10/86], entropy: 0.2612, uncertainty: 1.8190, uncertainty_coeffi: 0.0001, loss: 0.1986, lr: 4.74e-04
     Epoch[59] Iteration[20/86], entropy: 0.1916, uncertainty: 1.5419, uncertainty_coeffi: 0.0001, loss: 0.2083, lr: 3.79e-04
     Epoch[59] Iteration[30/86], entropy: 0.2244, uncertainty: 1.7751, uncertainty_coeffi: 0.0001, loss: 0.1453, lr: 2.43e-04
     Epoch[59] Iteration[40/86], entropy: 0.1922, uncertainty: 1.7270, uncertainty_coeffi: 0.0001, loss: 0.1826, lr: 1.09e-04
     Epoch[59] Iteration[50/86], entropy: 0.2135, uncertainty: 1.8878, uncertainty_coeffi: 0.0001, loss: 0.2383, lr: 1.97e-05
     Epoch[59] Iteration[60/86], entropy: 0.3231, uncertainty: 1.4923, uncertainty_coeffi: 0.0001, loss: 0.3012, lr: 3.66e-06
     Epoch[59] Iteration[70/86], entropy: 0.5049, uncertainty: 1.4186, uncertainty_coeffi: 0.0001, loss: 0.3349, lr: 6.58e-05
     Epoch[59] Iteration[80/86], entropy: 0.1139, uncertainty: 1.8954, uncertainty_coeffi: 0.0001, loss: 0.1144, lr: 1.86e-04
     Averaged stats: entropy_avg: 0.2531, uncertainty_avg: 1.6946, uncertainty_coeffi_avg: 0.0001, loss_avg: 0.2154, lr_avg: 1.85e-04
     itm tta time 0:00:28
### TTA Eval Score: 
+-------+--------+--------+--------+--------+--------+
| epoch |   R1   |   R5   |  R10   |  mAP   |  mINP  |
+-------+--------+--------+--------+--------+--------+
|  -999 | 59.500 | 80.050 | 87.050 | 44.116 | 20.549 |
|   0   | 60.500 | 81.200 | 87.800 | 45.253 | 21.557 |
|   1   | 61.100 | 81.800 | 88.300 | 45.554 | 21.701 |
|   2   | 59.750 | 81.100 | 87.900 | 44.928 | 21.726 |
|   4   | 60.200 | 81.500 | 88.450 | 45.231 | 21.793 |
|   9   | 60.650 | 81.450 | 88.650 | 45.403 | 21.836 |
|   14  | 61.450 | 81.400 | 88.600 | 45.663 | 22.000 |
|   19  | 61.100 | 81.250 | 88.600 | 45.526 | 21.921 |
|   29  | 61.450 | 81.750 | 88.550 | 45.827 | 21.970 |
|   39  | 61.350 | 81.650 | 88.300 | 45.727 | 21.865 |
|   49  | 61.300 | 81.450 | 88.350 | 45.957 | 21.989 |
|   59  | 61.350 | 81.550 | 88.250 | 46.005 | 22.077 |
+-------+--------+--------+--------+--------+--------+
     logs:  {'epo': 59, 'R1': np.float32(61.35), 'R5': np.float32(81.55), 'R10': np.float32(88.25), 'mAP': np.float32(46.005), 'mINP': np.float32(22.077), 'entropy': 0.25308591313660145, 'uncertainty': 1.6946340799331665, 'uncertainty_coeffi': 9.999999747378752e-05, 'loss': 0.21544373035430908, 'lr': 0.00018510498936367108}
### best epoch 14 : {'epo': '14', 'R1': '61.45', 'R5': '81.4', 'R10': '88.6', 'mAP': '45.663', 'mINP': '22.0', 'entropy': '0.3081299141049385', 'uncertainty': '1.437619425356388', 'uncertainty_coeffi': '9.999999747378752e-05', 'loss': '0.32010832242667675', 'lr': '0.0002713107024279673'}
### Time 0:28:50
