Not using distributed mode
### Hyper-parameters:
     output_dir: output_rerun/mllm_rstp_tta_best2/exp1.1.0/2025090819280
     seed: 42
     device: cuda
     batch_size_tta: 32
     epochs: 30
     lr: 1e-05
### Creating test dataset
     test_txt_set: 2000    test_img_set: 1000
     test_txt_loader: 4    test_img_loader: 2
### Creating model
Training Model with ['sdm', 'id', 'mlm'] tasks
Resized position embedding from size:torch.Size([1, 197, 768]) to size: torch.Size([1, 193, 768]) with height:24 width: 8
     Total Params Sum:  190789493
### Zero-Shot Score: 
/home/jiahao/task/IRRA/tta.py:261: FutureWarning: `torch.cuda.amp.GradScaler(args...)` is deprecated. Please use `torch.amp.GradScaler('cuda', args...)` instead.
  scaler = GradScaler()  # bf16
+-------+--------+--------+--------+--------+--------+
| epoch |   R1   |   R5   |  R10   |  mAP   |  mINP  |
+-------+--------+--------+--------+--------+--------+
|  -999 | 51.700 | 74.200 | 82.900 | 38.320 | 16.763 |
+-------+--------+--------+--------+--------+--------+
### TTA:
### Compute Cos Similarity Uncertainty
     preprocess_tta_coefficients  start
     sample selection ...
     number of sample after sample_selection: 321
     uncertainty ...
     pos/neg sampling ...
      number of sample after pos/neg sampling: torch.Size([2000, 4])
     preprocess_tta_coefficients  end
### Creating TTA dataset
     tta_dataset: 321
### Creating tta dataloader
### be careful: func create_loader returns a list length of 1
     tta_loader: 10
### Configure adapted weights
     TTA Dropout Modules: 
 []
     TTA Require Gradient Params: 
 [('base_model.transformer.resblocks.1.ln_1.weight', torch.Size([512])), ('base_model.transformer.resblocks.1.ln_1.bias', torch.Size([512])), ('base_model.transformer.resblocks.1.ln_2.weight', torch.Size([512])), ('base_model.transformer.resblocks.1.ln_2.bias', torch.Size([512])), ('base_model.transformer.resblocks.2.ln_1.weight', torch.Size([512])), ('base_model.transformer.resblocks.2.ln_1.bias', torch.Size([512])), ('base_model.transformer.resblocks.2.ln_2.weight', torch.Size([512])), ('base_model.transformer.resblocks.2.ln_2.bias', torch.Size([512])), ('base_model.transformer.resblocks.3.ln_1.weight', torch.Size([512])), ('base_model.transformer.resblocks.3.ln_1.bias', torch.Size([512])), ('base_model.transformer.resblocks.3.ln_2.weight', torch.Size([512])), ('base_model.transformer.resblocks.3.ln_2.bias', torch.Size([512])), ('base_model.transformer.resblocks.4.ln_1.weight', torch.Size([512])), ('base_model.transformer.resblocks.4.ln_1.bias', torch.Size([512])), ('base_model.transformer.resblocks.4.ln_2.weight', torch.Size([512])), ('base_model.transformer.resblocks.4.ln_2.bias', torch.Size([512])), ('base_model.transformer.resblocks.5.ln_1.weight', torch.Size([512])), ('base_model.transformer.resblocks.5.ln_1.bias', torch.Size([512])), ('base_model.transformer.resblocks.5.ln_2.weight', torch.Size([512])), ('base_model.transformer.resblocks.5.ln_2.bias', torch.Size([512])), ('base_model.transformer.resblocks.7.ln_1.weight', torch.Size([512])), ('base_model.transformer.resblocks.7.ln_1.bias', torch.Size([512])), ('base_model.transformer.resblocks.7.ln_2.weight', torch.Size([512])), ('base_model.transformer.resblocks.7.ln_2.bias', torch.Size([512])), ('base_model.transformer.resblocks.8.ln_1.weight', torch.Size([512])), ('base_model.transformer.resblocks.8.ln_1.bias', torch.Size([512])), ('base_model.transformer.resblocks.8.ln_2.weight', torch.Size([512])), ('base_model.transformer.resblocks.8.ln_2.bias', torch.Size([512])), ('base_model.transformer.resblocks.9.ln_1.weight', torch.Size([512])), ('base_model.transformer.resblocks.9.ln_1.bias', torch.Size([512])), ('base_model.transformer.resblocks.9.ln_2.weight', torch.Size([512])), ('base_model.transformer.resblocks.9.ln_2.bias', torch.Size([512])), ('base_model.transformer.resblocks.10.ln_1.weight', torch.Size([512])), ('base_model.transformer.resblocks.10.ln_1.bias', torch.Size([512])), ('base_model.transformer.resblocks.10.ln_2.weight', torch.Size([512])), ('base_model.transformer.resblocks.10.ln_2.bias', torch.Size([512])), ('base_model.transformer.resblocks.11.ln_1.weight', torch.Size([512])), ('base_model.transformer.resblocks.11.ln_1.bias', torch.Size([512])), ('base_model.transformer.resblocks.11.ln_2.weight', torch.Size([512])), ('base_model.transformer.resblocks.11.ln_2.bias', torch.Size([512])), ('base_model.ln_final.weight', torch.Size([512])), ('base_model.ln_final.bias', torch.Size([512]))]
     TTA Dropout Modules Number: 
 0
     TTA Require Gradient Params Sum: 
 21504
Using 5.0 times learning rate for random init module 
### Start Test Time Adaptation
/home/jiahao/task/IRRA/tta.py:65: FutureWarning: `torch.cuda.amp.autocast(args...)` is deprecated. Please use `torch.amp.autocast('cuda', args...)` instead.
  with torch.cuda.amp.autocast(enabled=True):
     Epoch[0] Iteration[10/10], entropy: 0.2337, loss: 0.2337, lr: 9.05e-06
     Averaged stats: entropy: 0.2337, loss: 0.2337, lr: 9.05e-06
     itm tta time 0:00:03
### TTA Eval Score: 
+-------+--------+--------+--------+--------+--------+
| epoch |   R1   |   R5   |  R10   |  mAP   |  mINP  |
+-------+--------+--------+--------+--------+--------+
|  -999 | 51.700 | 74.200 | 82.900 | 38.320 | 16.763 |
|   0   | 51.700 | 74.200 | 82.900 | 38.325 | 16.768 |
+-------+--------+--------+--------+--------+--------+
     logs:  {'epo': 0, 'R1': np.float32(51.7), 'R5': np.float32(74.2), 'R10': np.float32(82.9), 'mAP': np.float32(38.325), 'mINP': np.float32(16.768), 'entropy': 0.2336939573287964, 'loss': 0.2336939573287964, 'lr': 9.045084971874738e-06}
     Epoch[1] Iteration[10/10], entropy: 0.1987, loss: 0.1987, lr: 3.45e-06
     Averaged stats: entropy: 0.1987, loss: 0.1987, lr: 3.45e-06
     itm tta time 0:00:03
### TTA Eval Score: 
+-------+--------+--------+--------+--------+--------+
| epoch |   R1   |   R5   |  R10   |  mAP   |  mINP  |
+-------+--------+--------+--------+--------+--------+
|  -999 | 51.700 | 74.200 | 82.900 | 38.320 | 16.763 |
|   0   | 51.700 | 74.200 | 82.900 | 38.325 | 16.768 |
|   1   | 51.700 | 74.250 | 82.900 | 38.340 | 16.771 |
+-------+--------+--------+--------+--------+--------+
     logs:  {'epo': 1, 'R1': np.float32(51.7), 'R5': np.float32(74.25), 'R10': np.float32(82.9), 'mAP': np.float32(38.34), 'mINP': np.float32(16.771), 'entropy': 0.19865036010742188, 'loss': 0.19865036010742188, 'lr': 3.4549150281252635e-06}
     Epoch[2] Iteration[10/10], entropy: 0.1575, loss: 0.1575, lr: 0.00e+00
     Averaged stats: entropy: 0.1575, loss: 0.1575, lr: 0.00e+00
     itm tta time 0:00:02
### TTA Eval Score: 
+-------+--------+--------+--------+--------+--------+
| epoch |   R1   |   R5   |  R10   |  mAP   |  mINP  |
+-------+--------+--------+--------+--------+--------+
|  -999 | 51.700 | 74.200 | 82.900 | 38.320 | 16.763 |
|   0   | 51.700 | 74.200 | 82.900 | 38.325 | 16.768 |
|   1   | 51.700 | 74.250 | 82.900 | 38.340 | 16.771 |
|   2   | 51.700 | 74.200 | 82.950 | 38.338 | 16.771 |
+-------+--------+--------+--------+--------+--------+
     logs:  {'epo': 2, 'R1': np.float32(51.7), 'R5': np.float32(74.2), 'R10': np.float32(82.95), 'mAP': np.float32(38.338), 'mINP': np.float32(16.771), 'entropy': 0.1574917435646057, 'loss': 0.1574917435646057, 'lr': 0.0}
     Epoch[3] Iteration[10/10], entropy: 0.1985, loss: 0.1985, lr: 3.45e-06
     Averaged stats: entropy: 0.1985, loss: 0.1985, lr: 3.45e-06
     itm tta time 0:00:03
### TTA Eval Score: 
+-------+--------+--------+--------+--------+--------+
| epoch |   R1   |   R5   |  R10   |  mAP   |  mINP  |
+-------+--------+--------+--------+--------+--------+
|  -999 | 51.700 | 74.200 | 82.900 | 38.320 | 16.763 |
|   0   | 51.700 | 74.200 | 82.900 | 38.325 | 16.768 |
|   1   | 51.700 | 74.250 | 82.900 | 38.340 | 16.771 |
|   2   | 51.700 | 74.200 | 82.950 | 38.338 | 16.771 |
|   3   | 51.750 | 74.250 | 82.900 | 38.343 | 16.775 |
+-------+--------+--------+--------+--------+--------+
     logs:  {'epo': 3, 'R1': np.float32(51.75), 'R5': np.float32(74.25), 'R10': np.float32(82.9), 'mAP': np.float32(38.343), 'mINP': np.float32(16.775), 'entropy': 0.19853124022483826, 'loss': 0.19853124022483826, 'lr': 3.4549150281252627e-06}
     Epoch[4] Iteration[10/10], entropy: 0.1888, loss: 0.1888, lr: 9.05e-06
     Averaged stats: entropy: 0.1888, loss: 0.1888, lr: 9.05e-06
     itm tta time 0:00:03
### TTA Eval Score: 
+-------+--------+--------+--------+--------+--------+
| epoch |   R1   |   R5   |  R10   |  mAP   |  mINP  |
+-------+--------+--------+--------+--------+--------+
|  -999 | 51.700 | 74.200 | 82.900 | 38.320 | 16.763 |
|   0   | 51.700 | 74.200 | 82.900 | 38.325 | 16.768 |
|   1   | 51.700 | 74.250 | 82.900 | 38.340 | 16.771 |
|   2   | 51.700 | 74.200 | 82.950 | 38.338 | 16.771 |
|   3   | 51.750 | 74.250 | 82.900 | 38.343 | 16.775 |
|   4   | 51.700 | 74.300 | 83.000 | 38.339 | 16.774 |
+-------+--------+--------+--------+--------+--------+
     logs:  {'epo': 4, 'R1': np.float32(51.7), 'R5': np.float32(74.3), 'R10': np.float32(83.0), 'mAP': np.float32(38.339), 'mINP': np.float32(16.774), 'entropy': 0.18876226246356964, 'loss': 0.18876226246356964, 'lr': 9.045084971874738e-06}
     Epoch[5] Iteration[10/10], entropy: 0.2112, loss: 0.2112, lr: 9.05e-06
     Averaged stats: entropy: 0.2112, loss: 0.2112, lr: 9.05e-06
     itm tta time 0:00:03
### TTA Eval Score: 
+-------+--------+--------+--------+--------+--------+
| epoch |   R1   |   R5   |  R10   |  mAP   |  mINP  |
+-------+--------+--------+--------+--------+--------+
|  -999 | 51.700 | 74.200 | 82.900 | 38.320 | 16.763 |
|   0   | 51.700 | 74.200 | 82.900 | 38.325 | 16.768 |
|   1   | 51.700 | 74.250 | 82.900 | 38.340 | 16.771 |
|   2   | 51.700 | 74.200 | 82.950 | 38.338 | 16.771 |
|   3   | 51.750 | 74.250 | 82.900 | 38.343 | 16.775 |
|   4   | 51.700 | 74.300 | 83.000 | 38.339 | 16.774 |
|   5   | 51.750 | 74.300 | 83.100 | 38.343 | 16.742 |
+-------+--------+--------+--------+--------+--------+
     logs:  {'epo': 5, 'R1': np.float32(51.75), 'R5': np.float32(74.3), 'R10': np.float32(83.1), 'mAP': np.float32(38.343), 'mINP': np.float32(16.742), 'entropy': 0.21117204427719116, 'loss': 0.21117204427719116, 'lr': 9.045084971874735e-06}
     Epoch[6] Iteration[10/10], entropy: 0.2278, loss: 0.2278, lr: 3.45e-06
     Averaged stats: entropy: 0.2278, loss: 0.2278, lr: 3.45e-06
     itm tta time 0:00:03
### TTA Eval Score: 
+-------+--------+--------+--------+--------+--------+
| epoch |   R1   |   R5   |  R10   |  mAP   |  mINP  |
+-------+--------+--------+--------+--------+--------+
|  -999 | 51.700 | 74.200 | 82.900 | 38.320 | 16.763 |
|   0   | 51.700 | 74.200 | 82.900 | 38.325 | 16.768 |
|   1   | 51.700 | 74.250 | 82.900 | 38.340 | 16.771 |
|   2   | 51.700 | 74.200 | 82.950 | 38.338 | 16.771 |
|   3   | 51.750 | 74.250 | 82.900 | 38.343 | 16.775 |
|   4   | 51.700 | 74.300 | 83.000 | 38.339 | 16.774 |
|   5   | 51.750 | 74.300 | 83.100 | 38.343 | 16.742 |
|   6   | 51.700 | 74.300 | 83.000 | 38.336 | 16.739 |
+-------+--------+--------+--------+--------+--------+
     logs:  {'epo': 6, 'R1': np.float32(51.7), 'R5': np.float32(74.3), 'R10': np.float32(83.0), 'mAP': np.float32(38.336), 'mINP': np.float32(16.739), 'entropy': 0.22780168056488037, 'loss': 0.22780168056488037, 'lr': 3.4549150281252648e-06}
     Epoch[7] Iteration[10/10], entropy: 0.2236, loss: 0.2236, lr: 0.00e+00
     Averaged stats: entropy: 0.2236, loss: 0.2236, lr: 0.00e+00
     itm tta time 0:00:02
### TTA Eval Score: 
+-------+--------+--------+--------+--------+--------+
| epoch |   R1   |   R5   |  R10   |  mAP   |  mINP  |
+-------+--------+--------+--------+--------+--------+
|  -999 | 51.700 | 74.200 | 82.900 | 38.320 | 16.763 |
|   0   | 51.700 | 74.200 | 82.900 | 38.325 | 16.768 |
|   1   | 51.700 | 74.250 | 82.900 | 38.340 | 16.771 |
|   2   | 51.700 | 74.200 | 82.950 | 38.338 | 16.771 |
|   3   | 51.750 | 74.250 | 82.900 | 38.343 | 16.775 |
|   4   | 51.700 | 74.300 | 83.000 | 38.339 | 16.774 |
|   5   | 51.750 | 74.300 | 83.100 | 38.343 | 16.742 |
|   6   | 51.700 | 74.300 | 83.000 | 38.336 | 16.739 |
|   7   | 51.750 | 74.300 | 82.950 | 38.344 | 16.731 |
+-------+--------+--------+--------+--------+--------+
     logs:  {'epo': 7, 'R1': np.float32(51.75), 'R5': np.float32(74.3), 'R10': np.float32(82.95), 'mAP': np.float32(38.344), 'mINP': np.float32(16.731), 'entropy': 0.22357596457004547, 'loss': 0.22357596457004547, 'lr': 0.0}
     Epoch[8] Iteration[10/10], entropy: 0.2542, loss: 0.2542, lr: 3.45e-06
     Averaged stats: entropy: 0.2542, loss: 0.2542, lr: 3.45e-06
     itm tta time 0:00:02
### TTA Eval Score: 
+-------+--------+--------+--------+--------+--------+
| epoch |   R1   |   R5   |  R10   |  mAP   |  mINP  |
+-------+--------+--------+--------+--------+--------+
|  -999 | 51.700 | 74.200 | 82.900 | 38.320 | 16.763 |
|   0   | 51.700 | 74.200 | 82.900 | 38.325 | 16.768 |
|   1   | 51.700 | 74.250 | 82.900 | 38.340 | 16.771 |
|   2   | 51.700 | 74.200 | 82.950 | 38.338 | 16.771 |
|   3   | 51.750 | 74.250 | 82.900 | 38.343 | 16.775 |
|   4   | 51.700 | 74.300 | 83.000 | 38.339 | 16.774 |
|   5   | 51.750 | 74.300 | 83.100 | 38.343 | 16.742 |
|   6   | 51.700 | 74.300 | 83.000 | 38.336 | 16.739 |
|   7   | 51.750 | 74.300 | 82.950 | 38.344 | 16.731 |
|   8   | 51.750 | 74.250 | 82.950 | 38.343 | 16.743 |
+-------+--------+--------+--------+--------+--------+
     logs:  {'epo': 8, 'R1': np.float32(51.75), 'R5': np.float32(74.25), 'R10': np.float32(82.95), 'mAP': np.float32(38.343), 'mINP': np.float32(16.743), 'entropy': 0.25417807698249817, 'loss': 0.25417807698249817, 'lr': 3.454915028125261e-06}
     Epoch[9] Iteration[10/10], entropy: 0.2033, loss: 0.2033, lr: 9.05e-06
     Averaged stats: entropy: 0.2033, loss: 0.2033, lr: 9.05e-06
     itm tta time 0:00:02
### TTA Eval Score: 
+-------+--------+--------+--------+--------+--------+
| epoch |   R1   |   R5   |  R10   |  mAP   |  mINP  |
+-------+--------+--------+--------+--------+--------+
|  -999 | 51.700 | 74.200 | 82.900 | 38.320 | 16.763 |
|   0   | 51.700 | 74.200 | 82.900 | 38.325 | 16.768 |
|   1   | 51.700 | 74.250 | 82.900 | 38.340 | 16.771 |
|   2   | 51.700 | 74.200 | 82.950 | 38.338 | 16.771 |
|   3   | 51.750 | 74.250 | 82.900 | 38.343 | 16.775 |
|   4   | 51.700 | 74.300 | 83.000 | 38.339 | 16.774 |
|   5   | 51.750 | 74.300 | 83.100 | 38.343 | 16.742 |
|   6   | 51.700 | 74.300 | 83.000 | 38.336 | 16.739 |
|   7   | 51.750 | 74.300 | 82.950 | 38.344 | 16.731 |
|   8   | 51.750 | 74.250 | 82.950 | 38.343 | 16.743 |
|   9   | 51.850 | 74.300 | 83.000 | 38.366 | 16.754 |
+-------+--------+--------+--------+--------+--------+
     logs:  {'epo': 9, 'R1': np.float32(51.85), 'R5': np.float32(74.3), 'R10': np.float32(83.0), 'mAP': np.float32(38.366), 'mINP': np.float32(16.754), 'entropy': 0.20331239700317383, 'loss': 0.20331239700317383, 'lr': 9.045084971874735e-06}
     Epoch[10] Iteration[10/10], entropy: 0.2404, loss: 0.2404, lr: 9.05e-06
     Averaged stats: entropy: 0.2404, loss: 0.2404, lr: 9.05e-06
     itm tta time 0:00:03
### TTA Eval Score: 
+-------+--------+--------+--------+--------+--------+
| epoch |   R1   |   R5   |  R10   |  mAP   |  mINP  |
+-------+--------+--------+--------+--------+--------+
|  -999 | 51.700 | 74.200 | 82.900 | 38.320 | 16.763 |
|   0   | 51.700 | 74.200 | 82.900 | 38.325 | 16.768 |
|   1   | 51.700 | 74.250 | 82.900 | 38.340 | 16.771 |
|   2   | 51.700 | 74.200 | 82.950 | 38.338 | 16.771 |
|   3   | 51.750 | 74.250 | 82.900 | 38.343 | 16.775 |
|   4   | 51.700 | 74.300 | 83.000 | 38.339 | 16.774 |
|   5   | 51.750 | 74.300 | 83.100 | 38.343 | 16.742 |
|   6   | 51.700 | 74.300 | 83.000 | 38.336 | 16.739 |
|   7   | 51.750 | 74.300 | 82.950 | 38.344 | 16.731 |
|   8   | 51.750 | 74.250 | 82.950 | 38.343 | 16.743 |
|   9   | 51.850 | 74.300 | 83.000 | 38.366 | 16.754 |
|   10  | 51.750 | 74.300 | 83.100 | 38.363 | 16.752 |
+-------+--------+--------+--------+--------+--------+
     logs:  {'epo': 10, 'R1': np.float32(51.75), 'R5': np.float32(74.3), 'R10': np.float32(83.1), 'mAP': np.float32(38.363), 'mINP': np.float32(16.752), 'entropy': 0.24037405848503113, 'loss': 0.24037405848503113, 'lr': 9.045084971874738e-06}
     Epoch[11] Iteration[10/10], entropy: 0.2034, loss: 0.2034, lr: 3.45e-06
     Averaged stats: entropy: 0.2034, loss: 0.2034, lr: 3.45e-06
     itm tta time 0:00:03
### TTA Eval Score: 
+-------+--------+--------+--------+--------+--------+
| epoch |   R1   |   R5   |  R10   |  mAP   |  mINP  |
+-------+--------+--------+--------+--------+--------+
|  -999 | 51.700 | 74.200 | 82.900 | 38.320 | 16.763 |
|   0   | 51.700 | 74.200 | 82.900 | 38.325 | 16.768 |
|   1   | 51.700 | 74.250 | 82.900 | 38.340 | 16.771 |
|   2   | 51.700 | 74.200 | 82.950 | 38.338 | 16.771 |
|   3   | 51.750 | 74.250 | 82.900 | 38.343 | 16.775 |
|   4   | 51.700 | 74.300 | 83.000 | 38.339 | 16.774 |
|   5   | 51.750 | 74.300 | 83.100 | 38.343 | 16.742 |
|   6   | 51.700 | 74.300 | 83.000 | 38.336 | 16.739 |
|   7   | 51.750 | 74.300 | 82.950 | 38.344 | 16.731 |
|   8   | 51.750 | 74.250 | 82.950 | 38.343 | 16.743 |
|   9   | 51.850 | 74.300 | 83.000 | 38.366 | 16.754 |
|   10  | 51.750 | 74.300 | 83.100 | 38.363 | 16.752 |
|   11  | 51.700 | 74.300 | 83.100 | 38.368 | 16.748 |
+-------+--------+--------+--------+--------+--------+
     logs:  {'epo': 11, 'R1': np.float32(51.7), 'R5': np.float32(74.3), 'R10': np.float32(83.1), 'mAP': np.float32(38.368), 'mINP': np.float32(16.748), 'entropy': 0.20336642861366272, 'loss': 0.20336642861366272, 'lr': 3.454915028125274e-06}
     Epoch[12] Iteration[10/10], entropy: 0.2200, loss: 0.2200, lr: 0.00e+00
     Averaged stats: entropy: 0.2200, loss: 0.2200, lr: 0.00e+00
     itm tta time 0:00:03
### TTA Eval Score: 
+-------+--------+--------+--------+--------+--------+
| epoch |   R1   |   R5   |  R10   |  mAP   |  mINP  |
+-------+--------+--------+--------+--------+--------+
|  -999 | 51.700 | 74.200 | 82.900 | 38.320 | 16.763 |
|   0   | 51.700 | 74.200 | 82.900 | 38.325 | 16.768 |
|   1   | 51.700 | 74.250 | 82.900 | 38.340 | 16.771 |
|   2   | 51.700 | 74.200 | 82.950 | 38.338 | 16.771 |
|   3   | 51.750 | 74.250 | 82.900 | 38.343 | 16.775 |
|   4   | 51.700 | 74.300 | 83.000 | 38.339 | 16.774 |
|   5   | 51.750 | 74.300 | 83.100 | 38.343 | 16.742 |
|   6   | 51.700 | 74.300 | 83.000 | 38.336 | 16.739 |
|   7   | 51.750 | 74.300 | 82.950 | 38.344 | 16.731 |
|   8   | 51.750 | 74.250 | 82.950 | 38.343 | 16.743 |
|   9   | 51.850 | 74.300 | 83.000 | 38.366 | 16.754 |
|   10  | 51.750 | 74.300 | 83.100 | 38.363 | 16.752 |
|   11  | 51.700 | 74.300 | 83.100 | 38.368 | 16.748 |
|   12  | 51.800 | 74.300 | 83.150 | 38.380 | 16.745 |
+-------+--------+--------+--------+--------+--------+
     logs:  {'epo': 12, 'R1': np.float32(51.8), 'R5': np.float32(74.3), 'R10': np.float32(83.15), 'mAP': np.float32(38.38), 'mINP': np.float32(16.745), 'entropy': 0.22003579139709473, 'loss': 0.22003579139709473, 'lr': 0.0}
     Epoch[13] Iteration[10/10], entropy: 0.1746, loss: 0.1746, lr: 3.45e-06
     Averaged stats: entropy: 0.1746, loss: 0.1746, lr: 3.45e-06
     itm tta time 0:00:03
### TTA Eval Score: 
+-------+--------+--------+--------+--------+--------+
| epoch |   R1   |   R5   |  R10   |  mAP   |  mINP  |
+-------+--------+--------+--------+--------+--------+
|  -999 | 51.700 | 74.200 | 82.900 | 38.320 | 16.763 |
|   0   | 51.700 | 74.200 | 82.900 | 38.325 | 16.768 |
|   1   | 51.700 | 74.250 | 82.900 | 38.340 | 16.771 |
|   2   | 51.700 | 74.200 | 82.950 | 38.338 | 16.771 |
|   3   | 51.750 | 74.250 | 82.900 | 38.343 | 16.775 |
|   4   | 51.700 | 74.300 | 83.000 | 38.339 | 16.774 |
|   5   | 51.750 | 74.300 | 83.100 | 38.343 | 16.742 |
|   6   | 51.700 | 74.300 | 83.000 | 38.336 | 16.739 |
|   7   | 51.750 | 74.300 | 82.950 | 38.344 | 16.731 |
|   8   | 51.750 | 74.250 | 82.950 | 38.343 | 16.743 |
|   9   | 51.850 | 74.300 | 83.000 | 38.366 | 16.754 |
|   10  | 51.750 | 74.300 | 83.100 | 38.363 | 16.752 |
|   11  | 51.700 | 74.300 | 83.100 | 38.368 | 16.748 |
|   12  | 51.800 | 74.300 | 83.150 | 38.380 | 16.745 |
|   13  | 51.850 | 74.300 | 83.100 | 38.385 | 16.756 |
+-------+--------+--------+--------+--------+--------+
     logs:  {'epo': 13, 'R1': np.float32(51.85), 'R5': np.float32(74.3), 'R10': np.float32(83.1), 'mAP': np.float32(38.385), 'mINP': np.float32(16.756), 'entropy': 0.17459061741828918, 'loss': 0.17459061741828918, 'lr': 3.4549150281252597e-06}
     Epoch[14] Iteration[10/10], entropy: 0.2366, loss: 0.2366, lr: 9.05e-06
     Averaged stats: entropy: 0.2366, loss: 0.2366, lr: 9.05e-06
     itm tta time 0:00:03
### TTA Eval Score: 
+-------+--------+--------+--------+--------+--------+
| epoch |   R1   |   R5   |  R10   |  mAP   |  mINP  |
+-------+--------+--------+--------+--------+--------+
|  -999 | 51.700 | 74.200 | 82.900 | 38.320 | 16.763 |
|   0   | 51.700 | 74.200 | 82.900 | 38.325 | 16.768 |
|   1   | 51.700 | 74.250 | 82.900 | 38.340 | 16.771 |
|   2   | 51.700 | 74.200 | 82.950 | 38.338 | 16.771 |
|   3   | 51.750 | 74.250 | 82.900 | 38.343 | 16.775 |
|   4   | 51.700 | 74.300 | 83.000 | 38.339 | 16.774 |
|   5   | 51.750 | 74.300 | 83.100 | 38.343 | 16.742 |
|   6   | 51.700 | 74.300 | 83.000 | 38.336 | 16.739 |
|   7   | 51.750 | 74.300 | 82.950 | 38.344 | 16.731 |
|   8   | 51.750 | 74.250 | 82.950 | 38.343 | 16.743 |
|   9   | 51.850 | 74.300 | 83.000 | 38.366 | 16.754 |
|   10  | 51.750 | 74.300 | 83.100 | 38.363 | 16.752 |
|   11  | 51.700 | 74.300 | 83.100 | 38.368 | 16.748 |
|   12  | 51.800 | 74.300 | 83.150 | 38.380 | 16.745 |
|   13  | 51.850 | 74.300 | 83.100 | 38.385 | 16.756 |
|   14  | 51.900 | 74.300 | 83.200 | 38.392 | 16.750 |
+-------+--------+--------+--------+--------+--------+
     logs:  {'epo': 14, 'R1': np.float32(51.9), 'R5': np.float32(74.3), 'R10': np.float32(83.2), 'mAP': np.float32(38.392), 'mINP': np.float32(16.75), 'entropy': 0.23655571043491364, 'loss': 0.23655571043491364, 'lr': 9.045084971874735e-06}
     Epoch[15] Iteration[10/10], entropy: 0.2451, loss: 0.2451, lr: 9.05e-06
     Averaged stats: entropy: 0.2451, loss: 0.2451, lr: 9.05e-06
     itm tta time 0:00:03
### TTA Eval Score: 
+-------+--------+--------+--------+--------+--------+
| epoch |   R1   |   R5   |  R10   |  mAP   |  mINP  |
+-------+--------+--------+--------+--------+--------+
|  -999 | 51.700 | 74.200 | 82.900 | 38.320 | 16.763 |
|   0   | 51.700 | 74.200 | 82.900 | 38.325 | 16.768 |
|   1   | 51.700 | 74.250 | 82.900 | 38.340 | 16.771 |
|   2   | 51.700 | 74.200 | 82.950 | 38.338 | 16.771 |
|   3   | 51.750 | 74.250 | 82.900 | 38.343 | 16.775 |
|   4   | 51.700 | 74.300 | 83.000 | 38.339 | 16.774 |
|   5   | 51.750 | 74.300 | 83.100 | 38.343 | 16.742 |
|   6   | 51.700 | 74.300 | 83.000 | 38.336 | 16.739 |
|   7   | 51.750 | 74.300 | 82.950 | 38.344 | 16.731 |
|   8   | 51.750 | 74.250 | 82.950 | 38.343 | 16.743 |
|   9   | 51.850 | 74.300 | 83.000 | 38.366 | 16.754 |
|   10  | 51.750 | 74.300 | 83.100 | 38.363 | 16.752 |
|   11  | 51.700 | 74.300 | 83.100 | 38.368 | 16.748 |
|   12  | 51.800 | 74.300 | 83.150 | 38.380 | 16.745 |
|   13  | 51.850 | 74.300 | 83.100 | 38.385 | 16.756 |
|   14  | 51.900 | 74.300 | 83.200 | 38.392 | 16.750 |
|   15  | 51.850 | 74.250 | 83.200 | 38.394 | 16.760 |
+-------+--------+--------+--------+--------+--------+
     logs:  {'epo': 15, 'R1': np.float32(51.85), 'R5': np.float32(74.25), 'R10': np.float32(83.2), 'mAP': np.float32(38.394), 'mINP': np.float32(16.76), 'entropy': 0.245055690407753, 'loss': 0.245055690407753, 'lr': 9.04508497187474e-06}
     Epoch[16] Iteration[10/10], entropy: 0.2422, loss: 0.2422, lr: 3.45e-06
     Averaged stats: entropy: 0.2422, loss: 0.2422, lr: 3.45e-06
     itm tta time 0:00:03
### TTA Eval Score: 
+-------+--------+--------+--------+--------+--------+
| epoch |   R1   |   R5   |  R10   |  mAP   |  mINP  |
+-------+--------+--------+--------+--------+--------+
|  -999 | 51.700 | 74.200 | 82.900 | 38.320 | 16.763 |
|   0   | 51.700 | 74.200 | 82.900 | 38.325 | 16.768 |
|   1   | 51.700 | 74.250 | 82.900 | 38.340 | 16.771 |
|   2   | 51.700 | 74.200 | 82.950 | 38.338 | 16.771 |
|   3   | 51.750 | 74.250 | 82.900 | 38.343 | 16.775 |
|   4   | 51.700 | 74.300 | 83.000 | 38.339 | 16.774 |
|   5   | 51.750 | 74.300 | 83.100 | 38.343 | 16.742 |
|   6   | 51.700 | 74.300 | 83.000 | 38.336 | 16.739 |
|   7   | 51.750 | 74.300 | 82.950 | 38.344 | 16.731 |
|   8   | 51.750 | 74.250 | 82.950 | 38.343 | 16.743 |
|   9   | 51.850 | 74.300 | 83.000 | 38.366 | 16.754 |
|   10  | 51.750 | 74.300 | 83.100 | 38.363 | 16.752 |
|   11  | 51.700 | 74.300 | 83.100 | 38.368 | 16.748 |
|   12  | 51.800 | 74.300 | 83.150 | 38.380 | 16.745 |
|   13  | 51.850 | 74.300 | 83.100 | 38.385 | 16.756 |
|   14  | 51.900 | 74.300 | 83.200 | 38.392 | 16.750 |
|   15  | 51.850 | 74.250 | 83.200 | 38.394 | 16.760 |
|   16  | 51.900 | 74.250 | 83.200 | 38.411 | 16.777 |
+-------+--------+--------+--------+--------+--------+
     logs:  {'epo': 16, 'R1': np.float32(51.9), 'R5': np.float32(74.25), 'R10': np.float32(83.2), 'mAP': np.float32(38.411), 'mINP': np.float32(16.777), 'entropy': 0.2422138750553131, 'loss': 0.2422138750553131, 'lr': 3.454915028125267e-06}
     Epoch[17] Iteration[10/10], entropy: 0.2263, loss: 0.2263, lr: 0.00e+00
     Averaged stats: entropy: 0.2263, loss: 0.2263, lr: 0.00e+00
     itm tta time 0:00:03
### TTA Eval Score: 
+-------+--------+--------+--------+--------+--------+
| epoch |   R1   |   R5   |  R10   |  mAP   |  mINP  |
+-------+--------+--------+--------+--------+--------+
|  -999 | 51.700 | 74.200 | 82.900 | 38.320 | 16.763 |
|   0   | 51.700 | 74.200 | 82.900 | 38.325 | 16.768 |
|   1   | 51.700 | 74.250 | 82.900 | 38.340 | 16.771 |
|   2   | 51.700 | 74.200 | 82.950 | 38.338 | 16.771 |
|   3   | 51.750 | 74.250 | 82.900 | 38.343 | 16.775 |
|   4   | 51.700 | 74.300 | 83.000 | 38.339 | 16.774 |
|   5   | 51.750 | 74.300 | 83.100 | 38.343 | 16.742 |
|   6   | 51.700 | 74.300 | 83.000 | 38.336 | 16.739 |
|   7   | 51.750 | 74.300 | 82.950 | 38.344 | 16.731 |
|   8   | 51.750 | 74.250 | 82.950 | 38.343 | 16.743 |
|   9   | 51.850 | 74.300 | 83.000 | 38.366 | 16.754 |
|   10  | 51.750 | 74.300 | 83.100 | 38.363 | 16.752 |
|   11  | 51.700 | 74.300 | 83.100 | 38.368 | 16.748 |
|   12  | 51.800 | 74.300 | 83.150 | 38.380 | 16.745 |
|   13  | 51.850 | 74.300 | 83.100 | 38.385 | 16.756 |
|   14  | 51.900 | 74.300 | 83.200 | 38.392 | 16.750 |
|   15  | 51.850 | 74.250 | 83.200 | 38.394 | 16.760 |
|   16  | 51.900 | 74.250 | 83.200 | 38.411 | 16.777 |
|   17  | 51.900 | 74.300 | 83.200 | 38.417 | 16.777 |
+-------+--------+--------+--------+--------+--------+
     logs:  {'epo': 17, 'R1': np.float32(51.9), 'R5': np.float32(74.3), 'R10': np.float32(83.2), 'mAP': np.float32(38.417), 'mINP': np.float32(16.777), 'entropy': 0.226319819688797, 'loss': 0.226319819688797, 'lr': 0.0}
     Epoch[18] Iteration[10/10], entropy: 0.1627, loss: 0.1627, lr: 3.45e-06
     Averaged stats: entropy: 0.1627, loss: 0.1627, lr: 3.45e-06
     itm tta time 0:00:03
### TTA Eval Score: 
+-------+--------+--------+--------+--------+--------+
| epoch |   R1   |   R5   |  R10   |  mAP   |  mINP  |
+-------+--------+--------+--------+--------+--------+
|  -999 | 51.700 | 74.200 | 82.900 | 38.320 | 16.763 |
|   0   | 51.700 | 74.200 | 82.900 | 38.325 | 16.768 |
|   1   | 51.700 | 74.250 | 82.900 | 38.340 | 16.771 |
|   2   | 51.700 | 74.200 | 82.950 | 38.338 | 16.771 |
|   3   | 51.750 | 74.250 | 82.900 | 38.343 | 16.775 |
|   4   | 51.700 | 74.300 | 83.000 | 38.339 | 16.774 |
|   5   | 51.750 | 74.300 | 83.100 | 38.343 | 16.742 |
|   6   | 51.700 | 74.300 | 83.000 | 38.336 | 16.739 |
|   7   | 51.750 | 74.300 | 82.950 | 38.344 | 16.731 |
|   8   | 51.750 | 74.250 | 82.950 | 38.343 | 16.743 |
|   9   | 51.850 | 74.300 | 83.000 | 38.366 | 16.754 |
|   10  | 51.750 | 74.300 | 83.100 | 38.363 | 16.752 |
|   11  | 51.700 | 74.300 | 83.100 | 38.368 | 16.748 |
|   12  | 51.800 | 74.300 | 83.150 | 38.380 | 16.745 |
|   13  | 51.850 | 74.300 | 83.100 | 38.385 | 16.756 |
|   14  | 51.900 | 74.300 | 83.200 | 38.392 | 16.750 |
|   15  | 51.850 | 74.250 | 83.200 | 38.394 | 16.760 |
|   16  | 51.900 | 74.250 | 83.200 | 38.411 | 16.777 |
|   17  | 51.900 | 74.300 | 83.200 | 38.417 | 16.777 |
|   18  | 51.900 | 74.250 | 83.200 | 38.415 | 16.774 |
+-------+--------+--------+--------+--------+--------+
     logs:  {'epo': 18, 'R1': np.float32(51.9), 'R5': np.float32(74.25), 'R10': np.float32(83.2), 'mAP': np.float32(38.415), 'mINP': np.float32(16.774), 'entropy': 0.16265547275543213, 'loss': 0.16265547275543213, 'lr': 3.4549150281252584e-06}
     Epoch[19] Iteration[10/10], entropy: 0.2184, loss: 0.2184, lr: 9.05e-06
     Averaged stats: entropy: 0.2184, loss: 0.2184, lr: 9.05e-06
     itm tta time 0:00:03
### TTA Eval Score: 
+-------+--------+--------+--------+--------+--------+
| epoch |   R1   |   R5   |  R10   |  mAP   |  mINP  |
+-------+--------+--------+--------+--------+--------+
|  -999 | 51.700 | 74.200 | 82.900 | 38.320 | 16.763 |
|   0   | 51.700 | 74.200 | 82.900 | 38.325 | 16.768 |
|   1   | 51.700 | 74.250 | 82.900 | 38.340 | 16.771 |
|   2   | 51.700 | 74.200 | 82.950 | 38.338 | 16.771 |
|   3   | 51.750 | 74.250 | 82.900 | 38.343 | 16.775 |
|   4   | 51.700 | 74.300 | 83.000 | 38.339 | 16.774 |
|   5   | 51.750 | 74.300 | 83.100 | 38.343 | 16.742 |
|   6   | 51.700 | 74.300 | 83.000 | 38.336 | 16.739 |
|   7   | 51.750 | 74.300 | 82.950 | 38.344 | 16.731 |
|   8   | 51.750 | 74.250 | 82.950 | 38.343 | 16.743 |
|   9   | 51.850 | 74.300 | 83.000 | 38.366 | 16.754 |
|   10  | 51.750 | 74.300 | 83.100 | 38.363 | 16.752 |
|   11  | 51.700 | 74.300 | 83.100 | 38.368 | 16.748 |
|   12  | 51.800 | 74.300 | 83.150 | 38.380 | 16.745 |
|   13  | 51.850 | 74.300 | 83.100 | 38.385 | 16.756 |
|   14  | 51.900 | 74.300 | 83.200 | 38.392 | 16.750 |
|   15  | 51.850 | 74.250 | 83.200 | 38.394 | 16.760 |
|   16  | 51.900 | 74.250 | 83.200 | 38.411 | 16.777 |
|   17  | 51.900 | 74.300 | 83.200 | 38.417 | 16.777 |
|   18  | 51.900 | 74.250 | 83.200 | 38.415 | 16.774 |
|   19  | 51.850 | 74.250 | 83.200 | 38.412 | 16.779 |
+-------+--------+--------+--------+--------+--------+
     logs:  {'epo': 19, 'R1': np.float32(51.85), 'R5': np.float32(74.25), 'R10': np.float32(83.2), 'mAP': np.float32(38.412), 'mINP': np.float32(16.779), 'entropy': 0.2183741182088852, 'loss': 0.2183741182088852, 'lr': 9.045084971874735e-06}
     Epoch[20] Iteration[10/10], entropy: 0.2115, loss: 0.2115, lr: 9.05e-06
     Averaged stats: entropy: 0.2115, loss: 0.2115, lr: 9.05e-06
     itm tta time 0:00:03
### TTA Eval Score: 
+-------+--------+--------+--------+--------+--------+
| epoch |   R1   |   R5   |  R10   |  mAP   |  mINP  |
+-------+--------+--------+--------+--------+--------+
|  -999 | 51.700 | 74.200 | 82.900 | 38.320 | 16.763 |
|   0   | 51.700 | 74.200 | 82.900 | 38.325 | 16.768 |
|   1   | 51.700 | 74.250 | 82.900 | 38.340 | 16.771 |
|   2   | 51.700 | 74.200 | 82.950 | 38.338 | 16.771 |
|   3   | 51.750 | 74.250 | 82.900 | 38.343 | 16.775 |
|   4   | 51.700 | 74.300 | 83.000 | 38.339 | 16.774 |
|   5   | 51.750 | 74.300 | 83.100 | 38.343 | 16.742 |
|   6   | 51.700 | 74.300 | 83.000 | 38.336 | 16.739 |
|   7   | 51.750 | 74.300 | 82.950 | 38.344 | 16.731 |
|   8   | 51.750 | 74.250 | 82.950 | 38.343 | 16.743 |
|   9   | 51.850 | 74.300 | 83.000 | 38.366 | 16.754 |
|   10  | 51.750 | 74.300 | 83.100 | 38.363 | 16.752 |
|   11  | 51.700 | 74.300 | 83.100 | 38.368 | 16.748 |
|   12  | 51.800 | 74.300 | 83.150 | 38.380 | 16.745 |
|   13  | 51.850 | 74.300 | 83.100 | 38.385 | 16.756 |
|   14  | 51.900 | 74.300 | 83.200 | 38.392 | 16.750 |
|   15  | 51.850 | 74.250 | 83.200 | 38.394 | 16.760 |
|   16  | 51.900 | 74.250 | 83.200 | 38.411 | 16.777 |
|   17  | 51.900 | 74.300 | 83.200 | 38.417 | 16.777 |
|   18  | 51.900 | 74.250 | 83.200 | 38.415 | 16.774 |
|   19  | 51.850 | 74.250 | 83.200 | 38.412 | 16.779 |
|   20  | 51.900 | 74.200 | 83.200 | 38.426 | 16.793 |
+-------+--------+--------+--------+--------+--------+
     logs:  {'epo': 20, 'R1': np.float32(51.9), 'R5': np.float32(74.2), 'R10': np.float32(83.2), 'mAP': np.float32(38.426), 'mINP': np.float32(16.793), 'entropy': 0.2114773839712143, 'loss': 0.2114773839712143, 'lr': 9.045084971874752e-06}
     Epoch[21] Iteration[10/10], entropy: 0.2239, loss: 0.2239, lr: 3.45e-06
     Averaged stats: entropy: 0.2239, loss: 0.2239, lr: 3.45e-06
     itm tta time 0:00:03
### TTA Eval Score: 
+-------+--------+--------+--------+--------+--------+
| epoch |   R1   |   R5   |  R10   |  mAP   |  mINP  |
+-------+--------+--------+--------+--------+--------+
|  -999 | 51.700 | 74.200 | 82.900 | 38.320 | 16.763 |
|   0   | 51.700 | 74.200 | 82.900 | 38.325 | 16.768 |
|   1   | 51.700 | 74.250 | 82.900 | 38.340 | 16.771 |
|   2   | 51.700 | 74.200 | 82.950 | 38.338 | 16.771 |
|   3   | 51.750 | 74.250 | 82.900 | 38.343 | 16.775 |
|   4   | 51.700 | 74.300 | 83.000 | 38.339 | 16.774 |
|   5   | 51.750 | 74.300 | 83.100 | 38.343 | 16.742 |
|   6   | 51.700 | 74.300 | 83.000 | 38.336 | 16.739 |
|   7   | 51.750 | 74.300 | 82.950 | 38.344 | 16.731 |
|   8   | 51.750 | 74.250 | 82.950 | 38.343 | 16.743 |
|   9   | 51.850 | 74.300 | 83.000 | 38.366 | 16.754 |
|   10  | 51.750 | 74.300 | 83.100 | 38.363 | 16.752 |
|   11  | 51.700 | 74.300 | 83.100 | 38.368 | 16.748 |
|   12  | 51.800 | 74.300 | 83.150 | 38.380 | 16.745 |
|   13  | 51.850 | 74.300 | 83.100 | 38.385 | 16.756 |
|   14  | 51.900 | 74.300 | 83.200 | 38.392 | 16.750 |
|   15  | 51.850 | 74.250 | 83.200 | 38.394 | 16.760 |
|   16  | 51.900 | 74.250 | 83.200 | 38.411 | 16.777 |
|   17  | 51.900 | 74.300 | 83.200 | 38.417 | 16.777 |
|   18  | 51.900 | 74.250 | 83.200 | 38.415 | 16.774 |
|   19  | 51.850 | 74.250 | 83.200 | 38.412 | 16.779 |
|   20  | 51.900 | 74.200 | 83.200 | 38.426 | 16.793 |
|   21  | 51.900 | 74.250 | 83.200 | 38.430 | 16.788 |
+-------+--------+--------+--------+--------+--------+
     logs:  {'epo': 21, 'R1': np.float32(51.9), 'R5': np.float32(74.25), 'R10': np.float32(83.2), 'mAP': np.float32(38.43), 'mINP': np.float32(16.788), 'entropy': 0.2239178717136383, 'loss': 0.2239178717136383, 'lr': 3.4549150281252686e-06}
     Epoch[22] Iteration[10/10], entropy: 0.1700, loss: 0.1700, lr: 0.00e+00
     Averaged stats: entropy: 0.1700, loss: 0.1700, lr: 0.00e+00
     itm tta time 0:00:03
### TTA Eval Score: 
+-------+--------+--------+--------+--------+--------+
| epoch |   R1   |   R5   |  R10   |  mAP   |  mINP  |
+-------+--------+--------+--------+--------+--------+
|  -999 | 51.700 | 74.200 | 82.900 | 38.320 | 16.763 |
|   0   | 51.700 | 74.200 | 82.900 | 38.325 | 16.768 |
|   1   | 51.700 | 74.250 | 82.900 | 38.340 | 16.771 |
|   2   | 51.700 | 74.200 | 82.950 | 38.338 | 16.771 |
|   3   | 51.750 | 74.250 | 82.900 | 38.343 | 16.775 |
|   4   | 51.700 | 74.300 | 83.000 | 38.339 | 16.774 |
|   5   | 51.750 | 74.300 | 83.100 | 38.343 | 16.742 |
|   6   | 51.700 | 74.300 | 83.000 | 38.336 | 16.739 |
|   7   | 51.750 | 74.300 | 82.950 | 38.344 | 16.731 |
|   8   | 51.750 | 74.250 | 82.950 | 38.343 | 16.743 |
|   9   | 51.850 | 74.300 | 83.000 | 38.366 | 16.754 |
|   10  | 51.750 | 74.300 | 83.100 | 38.363 | 16.752 |
|   11  | 51.700 | 74.300 | 83.100 | 38.368 | 16.748 |
|   12  | 51.800 | 74.300 | 83.150 | 38.380 | 16.745 |
|   13  | 51.850 | 74.300 | 83.100 | 38.385 | 16.756 |
|   14  | 51.900 | 74.300 | 83.200 | 38.392 | 16.750 |
|   15  | 51.850 | 74.250 | 83.200 | 38.394 | 16.760 |
|   16  | 51.900 | 74.250 | 83.200 | 38.411 | 16.777 |
|   17  | 51.900 | 74.300 | 83.200 | 38.417 | 16.777 |
|   18  | 51.900 | 74.250 | 83.200 | 38.415 | 16.774 |
|   19  | 51.850 | 74.250 | 83.200 | 38.412 | 16.779 |
|   20  | 51.900 | 74.200 | 83.200 | 38.426 | 16.793 |
|   21  | 51.900 | 74.250 | 83.200 | 38.430 | 16.788 |
|   22  | 51.900 | 74.250 | 83.200 | 38.436 | 16.791 |
+-------+--------+--------+--------+--------+--------+
     logs:  {'epo': 22, 'R1': np.float32(51.9), 'R5': np.float32(74.25), 'R10': np.float32(83.2), 'mAP': np.float32(38.436), 'mINP': np.float32(16.791), 'entropy': 0.1700422465801239, 'loss': 0.1700422465801239, 'lr': 0.0}
     Epoch[23] Iteration[10/10], entropy: 0.2533, loss: 0.2533, lr: 3.45e-06
     Averaged stats: entropy: 0.2533, loss: 0.2533, lr: 3.45e-06
     itm tta time 0:00:03
### TTA Eval Score: 
+-------+--------+--------+--------+--------+--------+
| epoch |   R1   |   R5   |  R10   |  mAP   |  mINP  |
+-------+--------+--------+--------+--------+--------+
|  -999 | 51.700 | 74.200 | 82.900 | 38.320 | 16.763 |
|   0   | 51.700 | 74.200 | 82.900 | 38.325 | 16.768 |
|   1   | 51.700 | 74.250 | 82.900 | 38.340 | 16.771 |
|   2   | 51.700 | 74.200 | 82.950 | 38.338 | 16.771 |
|   3   | 51.750 | 74.250 | 82.900 | 38.343 | 16.775 |
|   4   | 51.700 | 74.300 | 83.000 | 38.339 | 16.774 |
|   5   | 51.750 | 74.300 | 83.100 | 38.343 | 16.742 |
|   6   | 51.700 | 74.300 | 83.000 | 38.336 | 16.739 |
|   7   | 51.750 | 74.300 | 82.950 | 38.344 | 16.731 |
|   8   | 51.750 | 74.250 | 82.950 | 38.343 | 16.743 |
|   9   | 51.850 | 74.300 | 83.000 | 38.366 | 16.754 |
|   10  | 51.750 | 74.300 | 83.100 | 38.363 | 16.752 |
|   11  | 51.700 | 74.300 | 83.100 | 38.368 | 16.748 |
|   12  | 51.800 | 74.300 | 83.150 | 38.380 | 16.745 |
|   13  | 51.850 | 74.300 | 83.100 | 38.385 | 16.756 |
|   14  | 51.900 | 74.300 | 83.200 | 38.392 | 16.750 |
|   15  | 51.850 | 74.250 | 83.200 | 38.394 | 16.760 |
|   16  | 51.900 | 74.250 | 83.200 | 38.411 | 16.777 |
|   17  | 51.900 | 74.300 | 83.200 | 38.417 | 16.777 |
|   18  | 51.900 | 74.250 | 83.200 | 38.415 | 16.774 |
|   19  | 51.850 | 74.250 | 83.200 | 38.412 | 16.779 |
|   20  | 51.900 | 74.200 | 83.200 | 38.426 | 16.793 |
|   21  | 51.900 | 74.250 | 83.200 | 38.430 | 16.788 |
|   22  | 51.900 | 74.250 | 83.200 | 38.436 | 16.791 |
|   23  | 51.900 | 74.250 | 83.200 | 38.439 | 16.792 |
+-------+--------+--------+--------+--------+--------+
     logs:  {'epo': 23, 'R1': np.float32(51.9), 'R5': np.float32(74.25), 'R10': np.float32(83.2), 'mAP': np.float32(38.439), 'mINP': np.float32(16.792), 'entropy': 0.25325533747673035, 'loss': 0.25325533747673035, 'lr': 3.4549150281252576e-06}
     Epoch[24] Iteration[10/10], entropy: 0.2076, loss: 0.2076, lr: 9.05e-06
     Averaged stats: entropy: 0.2076, loss: 0.2076, lr: 9.05e-06
     itm tta time 0:00:03
### TTA Eval Score: 
+-------+--------+--------+--------+--------+--------+
| epoch |   R1   |   R5   |  R10   |  mAP   |  mINP  |
+-------+--------+--------+--------+--------+--------+
|  -999 | 51.700 | 74.200 | 82.900 | 38.320 | 16.763 |
|   0   | 51.700 | 74.200 | 82.900 | 38.325 | 16.768 |
|   1   | 51.700 | 74.250 | 82.900 | 38.340 | 16.771 |
|   2   | 51.700 | 74.200 | 82.950 | 38.338 | 16.771 |
|   3   | 51.750 | 74.250 | 82.900 | 38.343 | 16.775 |
|   4   | 51.700 | 74.300 | 83.000 | 38.339 | 16.774 |
|   5   | 51.750 | 74.300 | 83.100 | 38.343 | 16.742 |
|   6   | 51.700 | 74.300 | 83.000 | 38.336 | 16.739 |
|   7   | 51.750 | 74.300 | 82.950 | 38.344 | 16.731 |
|   8   | 51.750 | 74.250 | 82.950 | 38.343 | 16.743 |
|   9   | 51.850 | 74.300 | 83.000 | 38.366 | 16.754 |
|   10  | 51.750 | 74.300 | 83.100 | 38.363 | 16.752 |
|   11  | 51.700 | 74.300 | 83.100 | 38.368 | 16.748 |
|   12  | 51.800 | 74.300 | 83.150 | 38.380 | 16.745 |
|   13  | 51.850 | 74.300 | 83.100 | 38.385 | 16.756 |
|   14  | 51.900 | 74.300 | 83.200 | 38.392 | 16.750 |
|   15  | 51.850 | 74.250 | 83.200 | 38.394 | 16.760 |
|   16  | 51.900 | 74.250 | 83.200 | 38.411 | 16.777 |
|   17  | 51.900 | 74.300 | 83.200 | 38.417 | 16.777 |
|   18  | 51.900 | 74.250 | 83.200 | 38.415 | 16.774 |
|   19  | 51.850 | 74.250 | 83.200 | 38.412 | 16.779 |
|   20  | 51.900 | 74.200 | 83.200 | 38.426 | 16.793 |
|   21  | 51.900 | 74.250 | 83.200 | 38.430 | 16.788 |
|   22  | 51.900 | 74.250 | 83.200 | 38.436 | 16.791 |
|   23  | 51.900 | 74.250 | 83.200 | 38.439 | 16.792 |
|   24  | 51.900 | 74.250 | 83.200 | 38.439 | 16.798 |
+-------+--------+--------+--------+--------+--------+
     logs:  {'epo': 24, 'R1': np.float32(51.9), 'R5': np.float32(74.25), 'R10': np.float32(83.2), 'mAP': np.float32(38.439), 'mINP': np.float32(16.798), 'entropy': 0.20764468610286713, 'loss': 0.20764468610286713, 'lr': 9.045084971874745e-06}
     Epoch[25] Iteration[10/10], entropy: 0.2464, loss: 0.2464, lr: 9.05e-06
     Averaged stats: entropy: 0.2464, loss: 0.2464, lr: 9.05e-06
     itm tta time 0:00:03
### TTA Eval Score: 
+-------+--------+--------+--------+--------+--------+
| epoch |   R1   |   R5   |  R10   |  mAP   |  mINP  |
+-------+--------+--------+--------+--------+--------+
|  -999 | 51.700 | 74.200 | 82.900 | 38.320 | 16.763 |
|   0   | 51.700 | 74.200 | 82.900 | 38.325 | 16.768 |
|   1   | 51.700 | 74.250 | 82.900 | 38.340 | 16.771 |
|   2   | 51.700 | 74.200 | 82.950 | 38.338 | 16.771 |
|   3   | 51.750 | 74.250 | 82.900 | 38.343 | 16.775 |
|   4   | 51.700 | 74.300 | 83.000 | 38.339 | 16.774 |
|   5   | 51.750 | 74.300 | 83.100 | 38.343 | 16.742 |
|   6   | 51.700 | 74.300 | 83.000 | 38.336 | 16.739 |
|   7   | 51.750 | 74.300 | 82.950 | 38.344 | 16.731 |
|   8   | 51.750 | 74.250 | 82.950 | 38.343 | 16.743 |
|   9   | 51.850 | 74.300 | 83.000 | 38.366 | 16.754 |
|   10  | 51.750 | 74.300 | 83.100 | 38.363 | 16.752 |
|   11  | 51.700 | 74.300 | 83.100 | 38.368 | 16.748 |
|   12  | 51.800 | 74.300 | 83.150 | 38.380 | 16.745 |
|   13  | 51.850 | 74.300 | 83.100 | 38.385 | 16.756 |
|   14  | 51.900 | 74.300 | 83.200 | 38.392 | 16.750 |
|   15  | 51.850 | 74.250 | 83.200 | 38.394 | 16.760 |
|   16  | 51.900 | 74.250 | 83.200 | 38.411 | 16.777 |
|   17  | 51.900 | 74.300 | 83.200 | 38.417 | 16.777 |
|   18  | 51.900 | 74.250 | 83.200 | 38.415 | 16.774 |
|   19  | 51.850 | 74.250 | 83.200 | 38.412 | 16.779 |
|   20  | 51.900 | 74.200 | 83.200 | 38.426 | 16.793 |
|   21  | 51.900 | 74.250 | 83.200 | 38.430 | 16.788 |
|   22  | 51.900 | 74.250 | 83.200 | 38.436 | 16.791 |
|   23  | 51.900 | 74.250 | 83.200 | 38.439 | 16.792 |
|   24  | 51.900 | 74.250 | 83.200 | 38.439 | 16.798 |
|   25  | 51.900 | 74.250 | 83.200 | 38.454 | 16.800 |
+-------+--------+--------+--------+--------+--------+
     logs:  {'epo': 25, 'R1': np.float32(51.9), 'R5': np.float32(74.25), 'R10': np.float32(83.2), 'mAP': np.float32(38.454), 'mINP': np.float32(16.8), 'entropy': 0.24636302888393402, 'loss': 0.24636302888393402, 'lr': 9.045084971874752e-06}
     Epoch[26] Iteration[10/10], entropy: 0.2018, loss: 0.2018, lr: 3.45e-06
     Averaged stats: entropy: 0.2018, loss: 0.2018, lr: 3.45e-06
     itm tta time 0:00:02
### TTA Eval Score: 
+-------+--------+--------+--------+--------+--------+
| epoch |   R1   |   R5   |  R10   |  mAP   |  mINP  |
+-------+--------+--------+--------+--------+--------+
|  -999 | 51.700 | 74.200 | 82.900 | 38.320 | 16.763 |
|   0   | 51.700 | 74.200 | 82.900 | 38.325 | 16.768 |
|   1   | 51.700 | 74.250 | 82.900 | 38.340 | 16.771 |
|   2   | 51.700 | 74.200 | 82.950 | 38.338 | 16.771 |
|   3   | 51.750 | 74.250 | 82.900 | 38.343 | 16.775 |
|   4   | 51.700 | 74.300 | 83.000 | 38.339 | 16.774 |
|   5   | 51.750 | 74.300 | 83.100 | 38.343 | 16.742 |
|   6   | 51.700 | 74.300 | 83.000 | 38.336 | 16.739 |
|   7   | 51.750 | 74.300 | 82.950 | 38.344 | 16.731 |
|   8   | 51.750 | 74.250 | 82.950 | 38.343 | 16.743 |
|   9   | 51.850 | 74.300 | 83.000 | 38.366 | 16.754 |
|   10  | 51.750 | 74.300 | 83.100 | 38.363 | 16.752 |
|   11  | 51.700 | 74.300 | 83.100 | 38.368 | 16.748 |
|   12  | 51.800 | 74.300 | 83.150 | 38.380 | 16.745 |
|   13  | 51.850 | 74.300 | 83.100 | 38.385 | 16.756 |
|   14  | 51.900 | 74.300 | 83.200 | 38.392 | 16.750 |
|   15  | 51.850 | 74.250 | 83.200 | 38.394 | 16.760 |
|   16  | 51.900 | 74.250 | 83.200 | 38.411 | 16.777 |
|   17  | 51.900 | 74.300 | 83.200 | 38.417 | 16.777 |
|   18  | 51.900 | 74.250 | 83.200 | 38.415 | 16.774 |
|   19  | 51.850 | 74.250 | 83.200 | 38.412 | 16.779 |
|   20  | 51.900 | 74.200 | 83.200 | 38.426 | 16.793 |
|   21  | 51.900 | 74.250 | 83.200 | 38.430 | 16.788 |
|   22  | 51.900 | 74.250 | 83.200 | 38.436 | 16.791 |
|   23  | 51.900 | 74.250 | 83.200 | 38.439 | 16.792 |
|   24  | 51.900 | 74.250 | 83.200 | 38.439 | 16.798 |
|   25  | 51.900 | 74.250 | 83.200 | 38.454 | 16.800 |
|   26  | 51.900 | 74.250 | 83.200 | 38.459 | 16.807 |
+-------+--------+--------+--------+--------+--------+
     logs:  {'epo': 26, 'R1': np.float32(51.9), 'R5': np.float32(74.25), 'R10': np.float32(83.2), 'mAP': np.float32(38.459), 'mINP': np.float32(16.807), 'entropy': 0.20183208584785461, 'loss': 0.20183208584785461, 'lr': 3.4549150281252864e-06}
     Epoch[27] Iteration[10/10], entropy: 0.1174, loss: 0.1174, lr: 0.00e+00
     Averaged stats: entropy: 0.1174, loss: 0.1174, lr: 0.00e+00
     itm tta time 0:00:03
### TTA Eval Score: 
+-------+--------+--------+--------+--------+--------+
| epoch |   R1   |   R5   |  R10   |  mAP   |  mINP  |
+-------+--------+--------+--------+--------+--------+
|  -999 | 51.700 | 74.200 | 82.900 | 38.320 | 16.763 |
|   0   | 51.700 | 74.200 | 82.900 | 38.325 | 16.768 |
|   1   | 51.700 | 74.250 | 82.900 | 38.340 | 16.771 |
|   2   | 51.700 | 74.200 | 82.950 | 38.338 | 16.771 |
|   3   | 51.750 | 74.250 | 82.900 | 38.343 | 16.775 |
|   4   | 51.700 | 74.300 | 83.000 | 38.339 | 16.774 |
|   5   | 51.750 | 74.300 | 83.100 | 38.343 | 16.742 |
|   6   | 51.700 | 74.300 | 83.000 | 38.336 | 16.739 |
|   7   | 51.750 | 74.300 | 82.950 | 38.344 | 16.731 |
|   8   | 51.750 | 74.250 | 82.950 | 38.343 | 16.743 |
|   9   | 51.850 | 74.300 | 83.000 | 38.366 | 16.754 |
|   10  | 51.750 | 74.300 | 83.100 | 38.363 | 16.752 |
|   11  | 51.700 | 74.300 | 83.100 | 38.368 | 16.748 |
|   12  | 51.800 | 74.300 | 83.150 | 38.380 | 16.745 |
|   13  | 51.850 | 74.300 | 83.100 | 38.385 | 16.756 |
|   14  | 51.900 | 74.300 | 83.200 | 38.392 | 16.750 |
|   15  | 51.850 | 74.250 | 83.200 | 38.394 | 16.760 |
|   16  | 51.900 | 74.250 | 83.200 | 38.411 | 16.777 |
|   17  | 51.900 | 74.300 | 83.200 | 38.417 | 16.777 |
|   18  | 51.900 | 74.250 | 83.200 | 38.415 | 16.774 |
|   19  | 51.850 | 74.250 | 83.200 | 38.412 | 16.779 |
|   20  | 51.900 | 74.200 | 83.200 | 38.426 | 16.793 |
|   21  | 51.900 | 74.250 | 83.200 | 38.430 | 16.788 |
|   22  | 51.900 | 74.250 | 83.200 | 38.436 | 16.791 |
|   23  | 51.900 | 74.250 | 83.200 | 38.439 | 16.792 |
|   24  | 51.900 | 74.250 | 83.200 | 38.439 | 16.798 |
|   25  | 51.900 | 74.250 | 83.200 | 38.454 | 16.800 |
|   26  | 51.900 | 74.250 | 83.200 | 38.459 | 16.807 |
|   27  | 51.900 | 74.250 | 83.200 | 38.455 | 16.806 |
+-------+--------+--------+--------+--------+--------+
     logs:  {'epo': 27, 'R1': np.float32(51.9), 'R5': np.float32(74.25), 'R10': np.float32(83.2), 'mAP': np.float32(38.455), 'mINP': np.float32(16.806), 'entropy': 0.11737507581710815, 'loss': 0.11737507581710815, 'lr': 0.0}
     Epoch[28] Iteration[10/10], entropy: 0.2602, loss: 0.2602, lr: 3.45e-06
     Averaged stats: entropy: 0.2602, loss: 0.2602, lr: 3.45e-06
     itm tta time 0:00:03
### TTA Eval Score: 
+-------+--------+--------+--------+--------+--------+
| epoch |   R1   |   R5   |  R10   |  mAP   |  mINP  |
+-------+--------+--------+--------+--------+--------+
|  -999 | 51.700 | 74.200 | 82.900 | 38.320 | 16.763 |
|   0   | 51.700 | 74.200 | 82.900 | 38.325 | 16.768 |
|   1   | 51.700 | 74.250 | 82.900 | 38.340 | 16.771 |
|   2   | 51.700 | 74.200 | 82.950 | 38.338 | 16.771 |
|   3   | 51.750 | 74.250 | 82.900 | 38.343 | 16.775 |
|   4   | 51.700 | 74.300 | 83.000 | 38.339 | 16.774 |
|   5   | 51.750 | 74.300 | 83.100 | 38.343 | 16.742 |
|   6   | 51.700 | 74.300 | 83.000 | 38.336 | 16.739 |
|   7   | 51.750 | 74.300 | 82.950 | 38.344 | 16.731 |
|   8   | 51.750 | 74.250 | 82.950 | 38.343 | 16.743 |
|   9   | 51.850 | 74.300 | 83.000 | 38.366 | 16.754 |
|   10  | 51.750 | 74.300 | 83.100 | 38.363 | 16.752 |
|   11  | 51.700 | 74.300 | 83.100 | 38.368 | 16.748 |
|   12  | 51.800 | 74.300 | 83.150 | 38.380 | 16.745 |
|   13  | 51.850 | 74.300 | 83.100 | 38.385 | 16.756 |
|   14  | 51.900 | 74.300 | 83.200 | 38.392 | 16.750 |
|   15  | 51.850 | 74.250 | 83.200 | 38.394 | 16.760 |
|   16  | 51.900 | 74.250 | 83.200 | 38.411 | 16.777 |
|   17  | 51.900 | 74.300 | 83.200 | 38.417 | 16.777 |
|   18  | 51.900 | 74.250 | 83.200 | 38.415 | 16.774 |
|   19  | 51.850 | 74.250 | 83.200 | 38.412 | 16.779 |
|   20  | 51.900 | 74.200 | 83.200 | 38.426 | 16.793 |
|   21  | 51.900 | 74.250 | 83.200 | 38.430 | 16.788 |
|   22  | 51.900 | 74.250 | 83.200 | 38.436 | 16.791 |
|   23  | 51.900 | 74.250 | 83.200 | 38.439 | 16.792 |
|   24  | 51.900 | 74.250 | 83.200 | 38.439 | 16.798 |
|   25  | 51.900 | 74.250 | 83.200 | 38.454 | 16.800 |
|   26  | 51.900 | 74.250 | 83.200 | 38.459 | 16.807 |
|   27  | 51.900 | 74.250 | 83.200 | 38.455 | 16.806 |
|   28  | 51.900 | 74.250 | 83.200 | 38.459 | 16.809 |
+-------+--------+--------+--------+--------+--------+
     logs:  {'epo': 28, 'R1': np.float32(51.9), 'R5': np.float32(74.25), 'R10': np.float32(83.2), 'mAP': np.float32(38.459), 'mINP': np.float32(16.809), 'entropy': 0.2601909637451172, 'loss': 0.2601909637451172, 'lr': 3.454915028125273e-06}
     Epoch[29] Iteration[10/10], entropy: 0.1985, loss: 0.1985, lr: 9.05e-06
     Averaged stats: entropy: 0.1985, loss: 0.1985, lr: 9.05e-06
     itm tta time 0:00:03
### TTA Eval Score: 
+-------+--------+--------+--------+--------+--------+
| epoch |   R1   |   R5   |  R10   |  mAP   |  mINP  |
+-------+--------+--------+--------+--------+--------+
|  -999 | 51.700 | 74.200 | 82.900 | 38.320 | 16.763 |
|   0   | 51.700 | 74.200 | 82.900 | 38.325 | 16.768 |
|   1   | 51.700 | 74.250 | 82.900 | 38.340 | 16.771 |
|   2   | 51.700 | 74.200 | 82.950 | 38.338 | 16.771 |
|   3   | 51.750 | 74.250 | 82.900 | 38.343 | 16.775 |
|   4   | 51.700 | 74.300 | 83.000 | 38.339 | 16.774 |
|   5   | 51.750 | 74.300 | 83.100 | 38.343 | 16.742 |
|   6   | 51.700 | 74.300 | 83.000 | 38.336 | 16.739 |
|   7   | 51.750 | 74.300 | 82.950 | 38.344 | 16.731 |
|   8   | 51.750 | 74.250 | 82.950 | 38.343 | 16.743 |
|   9   | 51.850 | 74.300 | 83.000 | 38.366 | 16.754 |
|   10  | 51.750 | 74.300 | 83.100 | 38.363 | 16.752 |
|   11  | 51.700 | 74.300 | 83.100 | 38.368 | 16.748 |
|   12  | 51.800 | 74.300 | 83.150 | 38.380 | 16.745 |
|   13  | 51.850 | 74.300 | 83.100 | 38.385 | 16.756 |
|   14  | 51.900 | 74.300 | 83.200 | 38.392 | 16.750 |
|   15  | 51.850 | 74.250 | 83.200 | 38.394 | 16.760 |
|   16  | 51.900 | 74.250 | 83.200 | 38.411 | 16.777 |
|   17  | 51.900 | 74.300 | 83.200 | 38.417 | 16.777 |
|   18  | 51.900 | 74.250 | 83.200 | 38.415 | 16.774 |
|   19  | 51.850 | 74.250 | 83.200 | 38.412 | 16.779 |
|   20  | 51.900 | 74.200 | 83.200 | 38.426 | 16.793 |
|   21  | 51.900 | 74.250 | 83.200 | 38.430 | 16.788 |
|   22  | 51.900 | 74.250 | 83.200 | 38.436 | 16.791 |
|   23  | 51.900 | 74.250 | 83.200 | 38.439 | 16.792 |
|   24  | 51.900 | 74.250 | 83.200 | 38.439 | 16.798 |
|   25  | 51.900 | 74.250 | 83.200 | 38.454 | 16.800 |
|   26  | 51.900 | 74.250 | 83.200 | 38.459 | 16.807 |
|   27  | 51.900 | 74.250 | 83.200 | 38.455 | 16.806 |
|   28  | 51.900 | 74.250 | 83.200 | 38.459 | 16.809 |
|   29  | 51.900 | 74.250 | 83.200 | 38.462 | 16.809 |
+-------+--------+--------+--------+--------+--------+
     logs:  {'epo': 29, 'R1': np.float32(51.9), 'R5': np.float32(74.25), 'R10': np.float32(83.2), 'mAP': np.float32(38.462), 'mINP': np.float32(16.809), 'entropy': 0.1984817236661911, 'loss': 0.1984817236661911, 'lr': 9.045084971874745e-06}
### best epoch 14 : {'epo': '14', 'R1': '51.9', 'R5': '74.3', 'R10': '83.2', 'mAP': '38.392', 'mINP': '16.75', 'entropy': '0.23655571043491364', 'loss': '0.23655571043491364', 'lr': '9.045084971874735e-06'}
### Time 0:04:19
