Not using distributed mode
### Hyper-parameters:
     output_dir: output_rerun/mllm_rstp_tta_best2/exp2.0.3/2025090821174
     seed: 42
     device: cuda
     batch_size_tta: 16
     epochs: 30
     lr: 0.0005
### Creating test dataset
     test_txt_set: 2000    test_img_set: 1000
     test_txt_loader: 4    test_img_loader: 2
### Creating model
Training Model with ['sdm', 'id', 'mlm'] tasks
Resized position embedding from size:torch.Size([1, 197, 768]) to size: torch.Size([1, 193, 768]) with height:24 width: 8
     Total Params Sum:  190789493
### Zero-Shot Score: 
/home/jiahao/task/IRRA/tta.py:261: FutureWarning: `torch.cuda.amp.GradScaler(args...)` is deprecated. Please use `torch.amp.GradScaler('cuda', args...)` instead.
  scaler = GradScaler()  # bf16
+-------+--------+--------+--------+--------+--------+
| epoch |   R1   |   R5   |  R10   |  mAP   |  mINP  |
+-------+--------+--------+--------+--------+--------+
|  -999 | 51.700 | 74.200 | 82.900 | 38.320 | 16.763 |
+-------+--------+--------+--------+--------+--------+
### TTA:
### Compute Cos Similarity Uncertainty
     preprocess_tta_coefficients  start
     sample selection ...
     number of sample after sample_selection: 321
     uncertainty ...
     pos/neg sampling ...
      number of sample after pos/neg sampling: torch.Size([2000, 8])
     preprocess_tta_coefficients  end
### Creating TTA dataset
     tta_dataset: 321
### Creating tta dataloader
### be careful: func create_loader returns a list length of 1
     tta_loader: 20
### Configure adapted weights
     TTA Dropout Modules: 
 []
     TTA Require Gradient Params: 
 [('base_model.transformer.resblocks.1.ln_1.weight', torch.Size([512])), ('base_model.transformer.resblocks.1.ln_1.bias', torch.Size([512])), ('base_model.transformer.resblocks.1.ln_2.weight', torch.Size([512])), ('base_model.transformer.resblocks.1.ln_2.bias', torch.Size([512])), ('base_model.transformer.resblocks.2.ln_1.weight', torch.Size([512])), ('base_model.transformer.resblocks.2.ln_1.bias', torch.Size([512])), ('base_model.transformer.resblocks.2.ln_2.weight', torch.Size([512])), ('base_model.transformer.resblocks.2.ln_2.bias', torch.Size([512])), ('base_model.transformer.resblocks.3.ln_1.weight', torch.Size([512])), ('base_model.transformer.resblocks.3.ln_1.bias', torch.Size([512])), ('base_model.transformer.resblocks.3.ln_2.weight', torch.Size([512])), ('base_model.transformer.resblocks.3.ln_2.bias', torch.Size([512])), ('base_model.transformer.resblocks.4.ln_1.weight', torch.Size([512])), ('base_model.transformer.resblocks.4.ln_1.bias', torch.Size([512])), ('base_model.transformer.resblocks.4.ln_2.weight', torch.Size([512])), ('base_model.transformer.resblocks.4.ln_2.bias', torch.Size([512])), ('base_model.transformer.resblocks.5.ln_1.weight', torch.Size([512])), ('base_model.transformer.resblocks.5.ln_1.bias', torch.Size([512])), ('base_model.transformer.resblocks.5.ln_2.weight', torch.Size([512])), ('base_model.transformer.resblocks.5.ln_2.bias', torch.Size([512])), ('base_model.transformer.resblocks.7.ln_1.weight', torch.Size([512])), ('base_model.transformer.resblocks.7.ln_1.bias', torch.Size([512])), ('base_model.transformer.resblocks.7.ln_2.weight', torch.Size([512])), ('base_model.transformer.resblocks.7.ln_2.bias', torch.Size([512])), ('base_model.transformer.resblocks.8.ln_1.weight', torch.Size([512])), ('base_model.transformer.resblocks.8.ln_1.bias', torch.Size([512])), ('base_model.transformer.resblocks.8.ln_2.weight', torch.Size([512])), ('base_model.transformer.resblocks.8.ln_2.bias', torch.Size([512])), ('base_model.transformer.resblocks.9.ln_1.weight', torch.Size([512])), ('base_model.transformer.resblocks.9.ln_1.bias', torch.Size([512])), ('base_model.transformer.resblocks.9.ln_2.weight', torch.Size([512])), ('base_model.transformer.resblocks.9.ln_2.bias', torch.Size([512])), ('base_model.transformer.resblocks.10.ln_1.weight', torch.Size([512])), ('base_model.transformer.resblocks.10.ln_1.bias', torch.Size([512])), ('base_model.transformer.resblocks.10.ln_2.weight', torch.Size([512])), ('base_model.transformer.resblocks.10.ln_2.bias', torch.Size([512])), ('base_model.transformer.resblocks.11.ln_1.weight', torch.Size([512])), ('base_model.transformer.resblocks.11.ln_1.bias', torch.Size([512])), ('base_model.transformer.resblocks.11.ln_2.weight', torch.Size([512])), ('base_model.transformer.resblocks.11.ln_2.bias', torch.Size([512])), ('base_model.ln_final.weight', torch.Size([512])), ('base_model.ln_final.bias', torch.Size([512]))]
     TTA Dropout Modules Number: 
 0
     TTA Require Gradient Params Sum: 
 21504
Using 5.0 times learning rate for random init module 
### Start Test Time Adaptation
/home/jiahao/task/IRRA/tta.py:65: FutureWarning: `torch.cuda.amp.autocast(args...)` is deprecated. Please use `torch.amp.autocast('cuda', args...)` instead.
  with torch.cuda.amp.autocast(enabled=True):
     Epoch[0] Iteration[10/20], entropy: 0.5409, loss: 1.9513, lr: 4.69e-04
     Epoch[0] Iteration[20/20], entropy: 0.3068, loss: 1.6671, lr: 2.03e-04
     Averaged stats: entropy: 0.3068, loss: 1.6671, lr: 2.03e-04
     itm tta time 0:00:04
### TTA Eval Score: 
+-------+--------+--------+--------+--------+--------+
| epoch |   R1   |   R5   |  R10   |  mAP   |  mINP  |
+-------+--------+--------+--------+--------+--------+
|  -999 | 51.700 | 74.200 | 82.900 | 38.320 | 16.763 |
|   0   | 52.000 | 74.650 | 83.600 | 38.776 | 17.022 |
+-------+--------+--------+--------+--------+--------+
     logs:  {'epo': 0, 'R1': np.float32(52.0), 'R5': np.float32(74.65), 'R10': np.float32(83.6), 'mAP': np.float32(38.776), 'mINP': np.float32(17.022), 'entropy': 0.4238496720790863, 'loss': 1.8091895580291748, 'lr': 0.0003361156706822673}
     Epoch[1] Iteration[10/20], entropy: 0.2959, loss: 1.7844, lr: 1.97e-06
     Epoch[1] Iteration[20/20], entropy: 0.3756, loss: 1.8015, lr: 1.44e-04
     Averaged stats: entropy: 0.3756, loss: 1.8015, lr: 1.44e-04
     itm tta time 0:00:04
### TTA Eval Score: 
+-------+--------+--------+--------+--------+--------+
| epoch |   R1   |   R5   |  R10   |  mAP   |  mINP  |
+-------+--------+--------+--------+--------+--------+
|  -999 | 51.700 | 74.200 | 82.900 | 38.320 | 16.763 |
|   0   | 52.000 | 74.650 | 83.600 | 38.776 | 17.022 |
|   1   | 51.950 | 75.000 | 83.600 | 38.856 | 17.058 |
+-------+--------+--------+--------+--------+--------+
     logs:  {'epo': 1, 'R1': np.float32(51.95), 'R5': np.float32(75.0), 'R10': np.float32(83.6), 'mAP': np.float32(38.856), 'mINP': np.float32(17.058), 'entropy': 0.33577871322631836, 'loss': 1.792951226234436, 'lr': 7.276325089005626e-05}
     Epoch[2] Iteration[10/20], entropy: 0.2043, loss: 1.6150, lr: 4.32e-04
     Epoch[2] Iteration[20/20], entropy: 0.4524, loss: 1.9214, lr: 4.69e-04
     Averaged stats: entropy: 0.4524, loss: 1.9214, lr: 4.69e-04
     itm tta time 0:00:04
### TTA Eval Score: 
+-------+--------+--------+--------+--------+--------+
| epoch |   R1   |   R5   |  R10   |  mAP   |  mINP  |
+-------+--------+--------+--------+--------+--------+
|  -999 | 51.700 | 74.200 | 82.900 | 38.320 | 16.763 |
|   0   | 52.000 | 74.650 | 83.600 | 38.776 | 17.022 |
|   1   | 51.950 | 75.000 | 83.600 | 38.856 | 17.058 |
|   2   | 52.050 | 75.450 | 83.900 | 39.188 | 17.283 |
+-------+--------+--------+--------+--------+--------+
     logs:  {'epo': 2, 'R1': np.float32(52.05), 'R5': np.float32(75.45), 'R10': np.float32(83.9), 'mAP': np.float32(39.188), 'mINP': np.float32(17.283), 'entropy': 0.32835356146097183, 'loss': 1.7682154178619385, 'lr': 0.00045065941343315935}
     Epoch[3] Iteration[10/20], entropy: 0.3318, loss: 1.8622, lr: 2.03e-04
     Epoch[3] Iteration[20/20], entropy: 0.2379, loss: 1.6452, lr: 1.97e-06
     Averaged stats: entropy: 0.2379, loss: 1.6452, lr: 1.97e-06
     itm tta time 0:00:05
### TTA Eval Score: 
+-------+--------+--------+--------+--------+--------+
| epoch |   R1   |   R5   |  R10   |  mAP   |  mINP  |
+-------+--------+--------+--------+--------+--------+
|  -999 | 51.700 | 74.200 | 82.900 | 38.320 | 16.763 |
|   0   | 52.000 | 74.650 | 83.600 | 38.776 | 17.022 |
|   1   | 51.950 | 75.000 | 83.600 | 38.856 | 17.058 |
|   2   | 52.050 | 75.450 | 83.900 | 39.188 | 17.283 |
|   3   | 52.300 | 75.400 | 84.050 | 39.289 | 17.398 |
+-------+--------+--------+--------+--------+--------+
     logs:  {'epo': 3, 'R1': np.float32(52.3), 'R5': np.float32(75.4), 'R10': np.float32(84.05), 'mAP': np.float32(39.289), 'mINP': np.float32(17.398), 'entropy': 0.28482943028211594, 'loss': 1.7537410259246826, 'lr': 0.00010256299801247464}
     Epoch[4] Iteration[10/20], entropy: 0.3033, loss: 1.7991, lr: 1.44e-04
     Epoch[4] Iteration[20/20], entropy: 0.4069, loss: 1.8660, lr: 4.32e-04
     Averaged stats: entropy: 0.4069, loss: 1.8660, lr: 4.32e-04
     itm tta time 0:00:05
### TTA Eval Score: 
+-------+--------+--------+--------+--------+--------+
| epoch |   R1   |   R5   |  R10   |  mAP   |  mINP  |
+-------+--------+--------+--------+--------+--------+
|  -999 | 51.700 | 74.200 | 82.900 | 38.320 | 16.763 |
|   0   | 52.000 | 74.650 | 83.600 | 38.776 | 17.022 |
|   1   | 51.950 | 75.000 | 83.600 | 38.856 | 17.058 |
|   2   | 52.050 | 75.450 | 83.900 | 39.188 | 17.283 |
|   3   | 52.300 | 75.400 | 84.050 | 39.289 | 17.398 |
|   4   | 52.600 | 75.450 | 84.100 | 39.397 | 17.462 |
+-------+--------+--------+--------+--------+--------+
     logs:  {'epo': 4, 'R1': np.float32(52.6), 'R5': np.float32(75.45), 'R10': np.float32(84.1), 'mAP': np.float32(39.397), 'mINP': np.float32(17.462), 'entropy': 0.35508987307548523, 'loss': 1.8325812220573425, 'lr': 0.00028789866698204205}
     Epoch[5] Iteration[10/20], entropy: 0.1645, loss: 1.6383, lr: 4.69e-04
     Epoch[5] Iteration[20/20], entropy: 0.3435, loss: 1.8163, lr: 2.03e-04
     Averaged stats: entropy: 0.3435, loss: 1.8163, lr: 2.03e-04
     itm tta time 0:00:04
### TTA Eval Score: 
+-------+--------+--------+--------+--------+--------+
| epoch |   R1   |   R5   |  R10   |  mAP   |  mINP  |
+-------+--------+--------+--------+--------+--------+
|  -999 | 51.700 | 74.200 | 82.900 | 38.320 | 16.763 |
|   0   | 52.000 | 74.650 | 83.600 | 38.776 | 17.022 |
|   1   | 51.950 | 75.000 | 83.600 | 38.856 | 17.058 |
|   2   | 52.050 | 75.450 | 83.900 | 39.188 | 17.283 |
|   3   | 52.300 | 75.400 | 84.050 | 39.289 | 17.398 |
|   4   | 52.600 | 75.450 | 84.100 | 39.397 | 17.462 |
|   5   | 52.550 | 75.800 | 84.300 | 39.539 | 17.610 |
+-------+--------+--------+--------+--------+--------+
     logs:  {'epo': 5, 'R1': np.float32(52.55), 'R5': np.float32(75.8), 'R10': np.float32(84.3), 'mAP': np.float32(39.539), 'mINP': np.float32(17.61), 'entropy': 0.25399191677570343, 'loss': 1.7272724509239197, 'lr': 0.00033611567068226754}
     Epoch[6] Iteration[10/20], entropy: 0.1054, loss: 1.6471, lr: 1.97e-06
     Epoch[6] Iteration[20/20], entropy: 0.2297, loss: 1.7133, lr: 1.44e-04
     Averaged stats: entropy: 0.2297, loss: 1.7133, lr: 1.44e-04
     itm tta time 0:00:04
### TTA Eval Score: 
+-------+--------+--------+--------+--------+--------+
| epoch |   R1   |   R5   |  R10   |  mAP   |  mINP  |
+-------+--------+--------+--------+--------+--------+
|  -999 | 51.700 | 74.200 | 82.900 | 38.320 | 16.763 |
|   0   | 52.000 | 74.650 | 83.600 | 38.776 | 17.022 |
|   1   | 51.950 | 75.000 | 83.600 | 38.856 | 17.058 |
|   2   | 52.050 | 75.450 | 83.900 | 39.188 | 17.283 |
|   3   | 52.300 | 75.400 | 84.050 | 39.289 | 17.398 |
|   4   | 52.600 | 75.450 | 84.100 | 39.397 | 17.462 |
|   5   | 52.550 | 75.800 | 84.300 | 39.539 | 17.610 |
|   6   | 52.500 | 75.800 | 84.300 | 39.544 | 17.612 |
+-------+--------+--------+--------+--------+--------+
     logs:  {'epo': 6, 'R1': np.float32(52.5), 'R5': np.float32(75.8), 'R10': np.float32(84.3), 'mAP': np.float32(39.544), 'mINP': np.float32(17.612), 'entropy': 0.16753792017698288, 'loss': 1.68022620677948, 'lr': 7.276325089005617e-05}
     Epoch[7] Iteration[10/20], entropy: 0.1384, loss: 1.6142, lr: 4.32e-04
     Epoch[7] Iteration[20/20], entropy: 0.2415, loss: 1.6759, lr: 4.69e-04
     Averaged stats: entropy: 0.2415, loss: 1.6759, lr: 4.69e-04
     itm tta time 0:00:05
### TTA Eval Score: 
+-------+--------+--------+--------+--------+--------+
| epoch |   R1   |   R5   |  R10   |  mAP   |  mINP  |
+-------+--------+--------+--------+--------+--------+
|  -999 | 51.700 | 74.200 | 82.900 | 38.320 | 16.763 |
|   0   | 52.000 | 74.650 | 83.600 | 38.776 | 17.022 |
|   1   | 51.950 | 75.000 | 83.600 | 38.856 | 17.058 |
|   2   | 52.050 | 75.450 | 83.900 | 39.188 | 17.283 |
|   3   | 52.300 | 75.400 | 84.050 | 39.289 | 17.398 |
|   4   | 52.600 | 75.450 | 84.100 | 39.397 | 17.462 |
|   5   | 52.550 | 75.800 | 84.300 | 39.539 | 17.610 |
|   6   | 52.500 | 75.800 | 84.300 | 39.544 | 17.612 |
|   7   | 53.000 | 75.750 | 84.450 | 39.713 | 17.663 |
+-------+--------+--------+--------+--------+--------+
     logs:  {'epo': 7, 'R1': np.float32(53.0), 'R5': np.float32(75.75), 'R10': np.float32(84.45), 'mAP': np.float32(39.713), 'mINP': np.float32(17.663), 'entropy': 0.18995459377765656, 'loss': 1.6450517177581787, 'lr': 0.0004506594134331594}
     Epoch[8] Iteration[10/20], entropy: 0.4078, loss: 1.8314, lr: 2.03e-04
     Epoch[8] Iteration[20/20], entropy: 0.1317, loss: 1.5768, lr: 1.97e-06
     Averaged stats: entropy: 0.1317, loss: 1.5768, lr: 1.97e-06
     itm tta time 0:00:05
### TTA Eval Score: 
+-------+--------+--------+--------+--------+--------+
| epoch |   R1   |   R5   |  R10   |  mAP   |  mINP  |
+-------+--------+--------+--------+--------+--------+
|  -999 | 51.700 | 74.200 | 82.900 | 38.320 | 16.763 |
|   0   | 52.000 | 74.650 | 83.600 | 38.776 | 17.022 |
|   1   | 51.950 | 75.000 | 83.600 | 38.856 | 17.058 |
|   2   | 52.050 | 75.450 | 83.900 | 39.188 | 17.283 |
|   3   | 52.300 | 75.400 | 84.050 | 39.289 | 17.398 |
|   4   | 52.600 | 75.450 | 84.100 | 39.397 | 17.462 |
|   5   | 52.550 | 75.800 | 84.300 | 39.539 | 17.610 |
|   6   | 52.500 | 75.800 | 84.300 | 39.544 | 17.612 |
|   7   | 53.000 | 75.750 | 84.450 | 39.713 | 17.663 |
|   8   | 53.150 | 76.000 | 84.500 | 39.811 | 17.691 |
+-------+--------+--------+--------+--------+--------+
     logs:  {'epo': 8, 'R1': np.float32(53.15), 'R5': np.float32(76.0), 'R10': np.float32(84.5), 'mAP': np.float32(39.811), 'mINP': np.float32(17.691), 'entropy': 0.26975588500499725, 'loss': 1.7041199803352356, 'lr': 0.00010256299801247515}
     Epoch[9] Iteration[10/20], entropy: 0.3120, loss: 1.8456, lr: 1.44e-04
     Epoch[9] Iteration[20/20], entropy: 0.1652, loss: 1.6437, lr: 4.32e-04
     Averaged stats: entropy: 0.1652, loss: 1.6437, lr: 4.32e-04
     itm tta time 0:00:05
### TTA Eval Score: 
+-------+--------+--------+--------+--------+--------+
| epoch |   R1   |   R5   |  R10   |  mAP   |  mINP  |
+-------+--------+--------+--------+--------+--------+
|  -999 | 51.700 | 74.200 | 82.900 | 38.320 | 16.763 |
|   0   | 52.000 | 74.650 | 83.600 | 38.776 | 17.022 |
|   1   | 51.950 | 75.000 | 83.600 | 38.856 | 17.058 |
|   2   | 52.050 | 75.450 | 83.900 | 39.188 | 17.283 |
|   3   | 52.300 | 75.400 | 84.050 | 39.289 | 17.398 |
|   4   | 52.600 | 75.450 | 84.100 | 39.397 | 17.462 |
|   5   | 52.550 | 75.800 | 84.300 | 39.539 | 17.610 |
|   6   | 52.500 | 75.800 | 84.300 | 39.544 | 17.612 |
|   7   | 53.000 | 75.750 | 84.450 | 39.713 | 17.663 |
|   8   | 53.150 | 76.000 | 84.500 | 39.811 | 17.691 |
|   9   | 53.100 | 76.150 | 84.550 | 39.840 | 17.688 |
+-------+--------+--------+--------+--------+--------+
     logs:  {'epo': 9, 'R1': np.float32(53.1), 'R5': np.float32(76.15), 'R10': np.float32(84.55), 'mAP': np.float32(39.84), 'mINP': np.float32(17.688), 'entropy': 0.23858685791492462, 'loss': 1.7446606159210205, 'lr': 0.00028789866698204227}
     Epoch[10] Iteration[10/20], entropy: 0.2012, loss: 1.6832, lr: 4.69e-04
     Epoch[10] Iteration[20/20], entropy: 0.2684, loss: 1.7386, lr: 2.03e-04
     Averaged stats: entropy: 0.2684, loss: 1.7386, lr: 2.03e-04
     itm tta time 0:00:05
### TTA Eval Score: 
+-------+--------+--------+--------+--------+--------+
| epoch |   R1   |   R5   |  R10   |  mAP   |  mINP  |
+-------+--------+--------+--------+--------+--------+
|  -999 | 51.700 | 74.200 | 82.900 | 38.320 | 16.763 |
|   0   | 52.000 | 74.650 | 83.600 | 38.776 | 17.022 |
|   1   | 51.950 | 75.000 | 83.600 | 38.856 | 17.058 |
|   2   | 52.050 | 75.450 | 83.900 | 39.188 | 17.283 |
|   3   | 52.300 | 75.400 | 84.050 | 39.289 | 17.398 |
|   4   | 52.600 | 75.450 | 84.100 | 39.397 | 17.462 |
|   5   | 52.550 | 75.800 | 84.300 | 39.539 | 17.610 |
|   6   | 52.500 | 75.800 | 84.300 | 39.544 | 17.612 |
|   7   | 53.000 | 75.750 | 84.450 | 39.713 | 17.663 |
|   8   | 53.150 | 76.000 | 84.500 | 39.811 | 17.691 |
|   9   | 53.100 | 76.150 | 84.550 | 39.840 | 17.688 |
|   10  | 53.200 | 76.450 | 84.450 | 39.912 | 17.738 |
+-------+--------+--------+--------+--------+--------+
     logs:  {'epo': 10, 'R1': np.float32(53.2), 'R5': np.float32(76.45), 'R10': np.float32(84.45), 'mAP': np.float32(39.912), 'mINP': np.float32(17.738), 'entropy': 0.2347862720489502, 'loss': 1.7109037637710571, 'lr': 0.00033611567068226743}
     Epoch[11] Iteration[10/20], entropy: 0.1124, loss: 1.5968, lr: 1.97e-06
     Epoch[11] Iteration[20/20], entropy: 0.3502, loss: 1.7862, lr: 1.44e-04
     Averaged stats: entropy: 0.3502, loss: 1.7862, lr: 1.44e-04
     itm tta time 0:00:03
### TTA Eval Score: 
+-------+--------+--------+--------+--------+--------+
| epoch |   R1   |   R5   |  R10   |  mAP   |  mINP  |
+-------+--------+--------+--------+--------+--------+
|  -999 | 51.700 | 74.200 | 82.900 | 38.320 | 16.763 |
|   0   | 52.000 | 74.650 | 83.600 | 38.776 | 17.022 |
|   1   | 51.950 | 75.000 | 83.600 | 38.856 | 17.058 |
|   2   | 52.050 | 75.450 | 83.900 | 39.188 | 17.283 |
|   3   | 52.300 | 75.400 | 84.050 | 39.289 | 17.398 |
|   4   | 52.600 | 75.450 | 84.100 | 39.397 | 17.462 |
|   5   | 52.550 | 75.800 | 84.300 | 39.539 | 17.610 |
|   6   | 52.500 | 75.800 | 84.300 | 39.544 | 17.612 |
|   7   | 53.000 | 75.750 | 84.450 | 39.713 | 17.663 |
|   8   | 53.150 | 76.000 | 84.500 | 39.811 | 17.691 |
|   9   | 53.100 | 76.150 | 84.550 | 39.840 | 17.688 |
|   10  | 53.200 | 76.450 | 84.450 | 39.912 | 17.738 |
|   11  | 53.400 | 76.450 | 84.450 | 39.937 | 17.738 |
+-------+--------+--------+--------+--------+--------+
     logs:  {'epo': 11, 'R1': np.float32(53.4), 'R5': np.float32(76.45), 'R10': np.float32(84.45), 'mAP': np.float32(39.937), 'mINP': np.float32(17.738), 'entropy': 0.23132732510566711, 'loss': 1.6914982199668884, 'lr': 7.276325089005569e-05}
     Epoch[12] Iteration[10/20], entropy: 0.3822, loss: 1.9434, lr: 4.32e-04
     Epoch[12] Iteration[20/20], entropy: 0.2292, loss: 1.7174, lr: 4.69e-04
     Averaged stats: entropy: 0.2292, loss: 1.7174, lr: 4.69e-04
     itm tta time 0:00:03
### TTA Eval Score: 
+-------+--------+--------+--------+--------+--------+
| epoch |   R1   |   R5   |  R10   |  mAP   |  mINP  |
+-------+--------+--------+--------+--------+--------+
|  -999 | 51.700 | 74.200 | 82.900 | 38.320 | 16.763 |
|   0   | 52.000 | 74.650 | 83.600 | 38.776 | 17.022 |
|   1   | 51.950 | 75.000 | 83.600 | 38.856 | 17.058 |
|   2   | 52.050 | 75.450 | 83.900 | 39.188 | 17.283 |
|   3   | 52.300 | 75.400 | 84.050 | 39.289 | 17.398 |
|   4   | 52.600 | 75.450 | 84.100 | 39.397 | 17.462 |
|   5   | 52.550 | 75.800 | 84.300 | 39.539 | 17.610 |
|   6   | 52.500 | 75.800 | 84.300 | 39.544 | 17.612 |
|   7   | 53.000 | 75.750 | 84.450 | 39.713 | 17.663 |
|   8   | 53.150 | 76.000 | 84.500 | 39.811 | 17.691 |
|   9   | 53.100 | 76.150 | 84.550 | 39.840 | 17.688 |
|   10  | 53.200 | 76.450 | 84.450 | 39.912 | 17.738 |
|   11  | 53.400 | 76.450 | 84.450 | 39.937 | 17.738 |
|   12  | 53.300 | 76.350 | 84.700 | 39.917 | 17.691 |
+-------+--------+--------+--------+--------+--------+
     logs:  {'epo': 12, 'R1': np.float32(53.3), 'R5': np.float32(76.35), 'R10': np.float32(84.7), 'mAP': np.float32(39.917), 'mINP': np.float32(17.691), 'entropy': 0.305682435631752, 'loss': 1.830413043498993, 'lr': 0.0004506594134331594}
     Epoch[13] Iteration[10/20], entropy: 0.2845, loss: 1.8211, lr: 2.03e-04
     Epoch[13] Iteration[20/20], entropy: 0.1699, loss: 1.5911, lr: 1.97e-06
     Averaged stats: entropy: 0.1699, loss: 1.5911, lr: 1.97e-06
     itm tta time 0:00:05
### TTA Eval Score: 
+-------+--------+--------+--------+--------+--------+
| epoch |   R1   |   R5   |  R10   |  mAP   |  mINP  |
+-------+--------+--------+--------+--------+--------+
|  -999 | 51.700 | 74.200 | 82.900 | 38.320 | 16.763 |
|   0   | 52.000 | 74.650 | 83.600 | 38.776 | 17.022 |
|   1   | 51.950 | 75.000 | 83.600 | 38.856 | 17.058 |
|   2   | 52.050 | 75.450 | 83.900 | 39.188 | 17.283 |
|   3   | 52.300 | 75.400 | 84.050 | 39.289 | 17.398 |
|   4   | 52.600 | 75.450 | 84.100 | 39.397 | 17.462 |
|   5   | 52.550 | 75.800 | 84.300 | 39.539 | 17.610 |
|   6   | 52.500 | 75.800 | 84.300 | 39.544 | 17.612 |
|   7   | 53.000 | 75.750 | 84.450 | 39.713 | 17.663 |
|   8   | 53.150 | 76.000 | 84.500 | 39.811 | 17.691 |
|   9   | 53.100 | 76.150 | 84.550 | 39.840 | 17.688 |
|   10  | 53.200 | 76.450 | 84.450 | 39.912 | 17.738 |
|   11  | 53.400 | 76.450 | 84.450 | 39.937 | 17.738 |
|   12  | 53.300 | 76.350 | 84.700 | 39.917 | 17.691 |
|   13  | 53.350 | 76.400 | 84.650 | 39.955 | 17.757 |
+-------+--------+--------+--------+--------+--------+
     logs:  {'epo': 13, 'R1': np.float32(53.35), 'R5': np.float32(76.4), 'R10': np.float32(84.65), 'mAP': np.float32(39.955), 'mINP': np.float32(17.757), 'entropy': 0.22720002382993698, 'loss': 1.7061318755149841, 'lr': 0.00010256299801247428}
     Epoch[14] Iteration[10/20], entropy: 0.2016, loss: 1.6378, lr: 1.44e-04
     Epoch[14] Iteration[20/20], entropy: 0.1989, loss: 1.7058, lr: 4.32e-04
     Averaged stats: entropy: 0.1989, loss: 1.7058, lr: 4.32e-04
     itm tta time 0:00:05
### TTA Eval Score: 
+-------+--------+--------+--------+--------+--------+
| epoch |   R1   |   R5   |  R10   |  mAP   |  mINP  |
+-------+--------+--------+--------+--------+--------+
|  -999 | 51.700 | 74.200 | 82.900 | 38.320 | 16.763 |
|   0   | 52.000 | 74.650 | 83.600 | 38.776 | 17.022 |
|   1   | 51.950 | 75.000 | 83.600 | 38.856 | 17.058 |
|   2   | 52.050 | 75.450 | 83.900 | 39.188 | 17.283 |
|   3   | 52.300 | 75.400 | 84.050 | 39.289 | 17.398 |
|   4   | 52.600 | 75.450 | 84.100 | 39.397 | 17.462 |
|   5   | 52.550 | 75.800 | 84.300 | 39.539 | 17.610 |
|   6   | 52.500 | 75.800 | 84.300 | 39.544 | 17.612 |
|   7   | 53.000 | 75.750 | 84.450 | 39.713 | 17.663 |
|   8   | 53.150 | 76.000 | 84.500 | 39.811 | 17.691 |
|   9   | 53.100 | 76.150 | 84.550 | 39.840 | 17.688 |
|   10  | 53.200 | 76.450 | 84.450 | 39.912 | 17.738 |
|   11  | 53.400 | 76.450 | 84.450 | 39.937 | 17.738 |
|   12  | 53.300 | 76.350 | 84.700 | 39.917 | 17.691 |
|   13  | 53.350 | 76.400 | 84.650 | 39.955 | 17.757 |
|   14  | 53.200 | 76.450 | 84.600 | 39.970 | 17.754 |
+-------+--------+--------+--------+--------+--------+
     logs:  {'epo': 14, 'R1': np.float32(53.2), 'R5': np.float32(76.45), 'R10': np.float32(84.6), 'mAP': np.float32(39.97), 'mINP': np.float32(17.754), 'entropy': 0.2002492919564247, 'loss': 1.6718035340309143, 'lr': 0.0002878986669820415}
     Epoch[15] Iteration[10/20], entropy: 0.3680, loss: 1.8287, lr: 4.69e-04
     Epoch[15] Iteration[20/20], entropy: 0.2178, loss: 1.6722, lr: 2.03e-04
     Averaged stats: entropy: 0.2178, loss: 1.6722, lr: 2.03e-04
     itm tta time 0:00:05
### TTA Eval Score: 
+-------+--------+--------+--------+--------+--------+
| epoch |   R1   |   R5   |  R10   |  mAP   |  mINP  |
+-------+--------+--------+--------+--------+--------+
|  -999 | 51.700 | 74.200 | 82.900 | 38.320 | 16.763 |
|   0   | 52.000 | 74.650 | 83.600 | 38.776 | 17.022 |
|   1   | 51.950 | 75.000 | 83.600 | 38.856 | 17.058 |
|   2   | 52.050 | 75.450 | 83.900 | 39.188 | 17.283 |
|   3   | 52.300 | 75.400 | 84.050 | 39.289 | 17.398 |
|   4   | 52.600 | 75.450 | 84.100 | 39.397 | 17.462 |
|   5   | 52.550 | 75.800 | 84.300 | 39.539 | 17.610 |
|   6   | 52.500 | 75.800 | 84.300 | 39.544 | 17.612 |
|   7   | 53.000 | 75.750 | 84.450 | 39.713 | 17.663 |
|   8   | 53.150 | 76.000 | 84.500 | 39.811 | 17.691 |
|   9   | 53.100 | 76.150 | 84.550 | 39.840 | 17.688 |
|   10  | 53.200 | 76.450 | 84.450 | 39.912 | 17.738 |
|   11  | 53.400 | 76.450 | 84.450 | 39.937 | 17.738 |
|   12  | 53.300 | 76.350 | 84.700 | 39.917 | 17.691 |
|   13  | 53.350 | 76.400 | 84.650 | 39.955 | 17.757 |
|   14  | 53.200 | 76.450 | 84.600 | 39.970 | 17.754 |
|   15  | 52.850 | 76.350 | 84.700 | 39.951 | 17.788 |
+-------+--------+--------+--------+--------+--------+
     logs:  {'epo': 15, 'R1': np.float32(52.85), 'R5': np.float32(76.35), 'R10': np.float32(84.7), 'mAP': np.float32(39.951), 'mINP': np.float32(17.788), 'entropy': 0.29287339746952057, 'loss': 1.7504628896713257, 'lr': 0.0003361156706822673}
     Epoch[16] Iteration[10/20], entropy: 0.2048, loss: 1.7305, lr: 1.97e-06
     Epoch[16] Iteration[20/20], entropy: 0.1129, loss: 1.6664, lr: 1.44e-04
     Averaged stats: entropy: 0.1129, loss: 1.6664, lr: 1.44e-04
     itm tta time 0:00:06
### TTA Eval Score: 
+-------+--------+--------+--------+--------+--------+
| epoch |   R1   |   R5   |  R10   |  mAP   |  mINP  |
+-------+--------+--------+--------+--------+--------+
|  -999 | 51.700 | 74.200 | 82.900 | 38.320 | 16.763 |
|   0   | 52.000 | 74.650 | 83.600 | 38.776 | 17.022 |
|   1   | 51.950 | 75.000 | 83.600 | 38.856 | 17.058 |
|   2   | 52.050 | 75.450 | 83.900 | 39.188 | 17.283 |
|   3   | 52.300 | 75.400 | 84.050 | 39.289 | 17.398 |
|   4   | 52.600 | 75.450 | 84.100 | 39.397 | 17.462 |
|   5   | 52.550 | 75.800 | 84.300 | 39.539 | 17.610 |
|   6   | 52.500 | 75.800 | 84.300 | 39.544 | 17.612 |
|   7   | 53.000 | 75.750 | 84.450 | 39.713 | 17.663 |
|   8   | 53.150 | 76.000 | 84.500 | 39.811 | 17.691 |
|   9   | 53.100 | 76.150 | 84.550 | 39.840 | 17.688 |
|   10  | 53.200 | 76.450 | 84.450 | 39.912 | 17.738 |
|   11  | 53.400 | 76.450 | 84.450 | 39.937 | 17.738 |
|   12  | 53.300 | 76.350 | 84.700 | 39.917 | 17.691 |
|   13  | 53.350 | 76.400 | 84.650 | 39.955 | 17.757 |
|   14  | 53.200 | 76.450 | 84.600 | 39.970 | 17.754 |
|   15  | 52.850 | 76.350 | 84.700 | 39.951 | 17.788 |
|   16  | 52.850 | 76.450 | 84.750 | 39.963 | 17.767 |
+-------+--------+--------+--------+--------+--------+
     logs:  {'epo': 16, 'R1': np.float32(52.85), 'R5': np.float32(76.45), 'R10': np.float32(84.75), 'mAP': np.float32(39.963), 'mINP': np.float32(17.767), 'entropy': 0.15885424613952637, 'loss': 1.6984368562698364, 'lr': 7.276325089005563e-05}
     Epoch[17] Iteration[10/20], entropy: 0.2222, loss: 1.6738, lr: 4.32e-04
     Epoch[17] Iteration[20/20], entropy: 0.2351, loss: 1.6238, lr: 4.69e-04
     Averaged stats: entropy: 0.2351, loss: 1.6238, lr: 4.69e-04
     itm tta time 0:00:05
### TTA Eval Score: 
+-------+--------+--------+--------+--------+--------+
| epoch |   R1   |   R5   |  R10   |  mAP   |  mINP  |
+-------+--------+--------+--------+--------+--------+
|  -999 | 51.700 | 74.200 | 82.900 | 38.320 | 16.763 |
|   0   | 52.000 | 74.650 | 83.600 | 38.776 | 17.022 |
|   1   | 51.950 | 75.000 | 83.600 | 38.856 | 17.058 |
|   2   | 52.050 | 75.450 | 83.900 | 39.188 | 17.283 |
|   3   | 52.300 | 75.400 | 84.050 | 39.289 | 17.398 |
|   4   | 52.600 | 75.450 | 84.100 | 39.397 | 17.462 |
|   5   | 52.550 | 75.800 | 84.300 | 39.539 | 17.610 |
|   6   | 52.500 | 75.800 | 84.300 | 39.544 | 17.612 |
|   7   | 53.000 | 75.750 | 84.450 | 39.713 | 17.663 |
|   8   | 53.150 | 76.000 | 84.500 | 39.811 | 17.691 |
|   9   | 53.100 | 76.150 | 84.550 | 39.840 | 17.688 |
|   10  | 53.200 | 76.450 | 84.450 | 39.912 | 17.738 |
|   11  | 53.400 | 76.450 | 84.450 | 39.937 | 17.738 |
|   12  | 53.300 | 76.350 | 84.700 | 39.917 | 17.691 |
|   13  | 53.350 | 76.400 | 84.650 | 39.955 | 17.757 |
|   14  | 53.200 | 76.450 | 84.600 | 39.970 | 17.754 |
|   15  | 52.850 | 76.350 | 84.700 | 39.951 | 17.788 |
|   16  | 52.850 | 76.450 | 84.750 | 39.963 | 17.767 |
|   17  | 52.950 | 76.500 | 84.700 | 40.018 | 17.797 |
+-------+--------+--------+--------+--------+--------+
     logs:  {'epo': 17, 'R1': np.float32(52.95), 'R5': np.float32(76.5), 'R10': np.float32(84.7), 'mAP': np.float32(40.018), 'mINP': np.float32(17.797), 'entropy': 0.2286563366651535, 'loss': 1.6488015055656433, 'lr': 0.0004506594134331593}
     Epoch[18] Iteration[10/20], entropy: 0.1960, loss: 1.7122, lr: 2.03e-04
     Epoch[18] Iteration[20/20], entropy: 0.3418, loss: 1.9228, lr: 1.97e-06
     Averaged stats: entropy: 0.3418, loss: 1.9228, lr: 1.97e-06
     itm tta time 0:00:05
### TTA Eval Score: 
+-------+--------+--------+--------+--------+--------+
| epoch |   R1   |   R5   |  R10   |  mAP   |  mINP  |
+-------+--------+--------+--------+--------+--------+
|  -999 | 51.700 | 74.200 | 82.900 | 38.320 | 16.763 |
|   0   | 52.000 | 74.650 | 83.600 | 38.776 | 17.022 |
|   1   | 51.950 | 75.000 | 83.600 | 38.856 | 17.058 |
|   2   | 52.050 | 75.450 | 83.900 | 39.188 | 17.283 |
|   3   | 52.300 | 75.400 | 84.050 | 39.289 | 17.398 |
|   4   | 52.600 | 75.450 | 84.100 | 39.397 | 17.462 |
|   5   | 52.550 | 75.800 | 84.300 | 39.539 | 17.610 |
|   6   | 52.500 | 75.800 | 84.300 | 39.544 | 17.612 |
|   7   | 53.000 | 75.750 | 84.450 | 39.713 | 17.663 |
|   8   | 53.150 | 76.000 | 84.500 | 39.811 | 17.691 |
|   9   | 53.100 | 76.150 | 84.550 | 39.840 | 17.688 |
|   10  | 53.200 | 76.450 | 84.450 | 39.912 | 17.738 |
|   11  | 53.400 | 76.450 | 84.450 | 39.937 | 17.738 |
|   12  | 53.300 | 76.350 | 84.700 | 39.917 | 17.691 |
|   13  | 53.350 | 76.400 | 84.650 | 39.955 | 17.757 |
|   14  | 53.200 | 76.450 | 84.600 | 39.970 | 17.754 |
|   15  | 52.850 | 76.350 | 84.700 | 39.951 | 17.788 |
|   16  | 52.850 | 76.450 | 84.750 | 39.963 | 17.767 |
|   17  | 52.950 | 76.500 | 84.700 | 40.018 | 17.797 |
|   18  | 53.150 | 76.450 | 84.800 | 40.052 | 17.824 |
+-------+--------+--------+--------+--------+--------+
     logs:  {'epo': 18, 'R1': np.float32(53.15), 'R5': np.float32(76.45), 'R10': np.float32(84.8), 'mAP': np.float32(40.052), 'mINP': np.float32(17.824), 'entropy': 0.2689036950469017, 'loss': 1.817499041557312, 'lr': 0.00010256299801247435}
     Epoch[19] Iteration[10/20], entropy: 0.3024, loss: 1.8151, lr: 1.44e-04
     Epoch[19] Iteration[20/20], entropy: 0.2216, loss: 1.6873, lr: 4.32e-04
     Averaged stats: entropy: 0.2216, loss: 1.6873, lr: 4.32e-04
     itm tta time 0:00:05
### TTA Eval Score: 
+-------+--------+--------+--------+--------+--------+
| epoch |   R1   |   R5   |  R10   |  mAP   |  mINP  |
+-------+--------+--------+--------+--------+--------+
|  -999 | 51.700 | 74.200 | 82.900 | 38.320 | 16.763 |
|   0   | 52.000 | 74.650 | 83.600 | 38.776 | 17.022 |
|   1   | 51.950 | 75.000 | 83.600 | 38.856 | 17.058 |
|   2   | 52.050 | 75.450 | 83.900 | 39.188 | 17.283 |
|   3   | 52.300 | 75.400 | 84.050 | 39.289 | 17.398 |
|   4   | 52.600 | 75.450 | 84.100 | 39.397 | 17.462 |
|   5   | 52.550 | 75.800 | 84.300 | 39.539 | 17.610 |
|   6   | 52.500 | 75.800 | 84.300 | 39.544 | 17.612 |
|   7   | 53.000 | 75.750 | 84.450 | 39.713 | 17.663 |
|   8   | 53.150 | 76.000 | 84.500 | 39.811 | 17.691 |
|   9   | 53.100 | 76.150 | 84.550 | 39.840 | 17.688 |
|   10  | 53.200 | 76.450 | 84.450 | 39.912 | 17.738 |
|   11  | 53.400 | 76.450 | 84.450 | 39.937 | 17.738 |
|   12  | 53.300 | 76.350 | 84.700 | 39.917 | 17.691 |
|   13  | 53.350 | 76.400 | 84.650 | 39.955 | 17.757 |
|   14  | 53.200 | 76.450 | 84.600 | 39.970 | 17.754 |
|   15  | 52.850 | 76.350 | 84.700 | 39.951 | 17.788 |
|   16  | 52.850 | 76.450 | 84.750 | 39.963 | 17.767 |
|   17  | 52.950 | 76.500 | 84.700 | 40.018 | 17.797 |
|   18  | 53.150 | 76.450 | 84.800 | 40.052 | 17.824 |
|   19  | 53.150 | 76.550 | 84.700 | 40.045 | 17.828 |
+-------+--------+--------+--------+--------+--------+
     logs:  {'epo': 19, 'R1': np.float32(53.15), 'R5': np.float32(76.55), 'R10': np.float32(84.7), 'mAP': np.float32(40.045), 'mINP': np.float32(17.828), 'entropy': 0.2620368003845215, 'loss': 1.7512149810791016, 'lr': 0.0002878986669820414}
     Epoch[20] Iteration[10/20], entropy: 0.3304, loss: 1.8588, lr: 4.69e-04
     Epoch[20] Iteration[20/20], entropy: 0.1668, loss: 1.6618, lr: 2.03e-04
     Averaged stats: entropy: 0.1668, loss: 1.6618, lr: 2.03e-04
     itm tta time 0:00:05
### TTA Eval Score: 
+-------+--------+--------+--------+--------+--------+
| epoch |   R1   |   R5   |  R10   |  mAP   |  mINP  |
+-------+--------+--------+--------+--------+--------+
|  -999 | 51.700 | 74.200 | 82.900 | 38.320 | 16.763 |
|   0   | 52.000 | 74.650 | 83.600 | 38.776 | 17.022 |
|   1   | 51.950 | 75.000 | 83.600 | 38.856 | 17.058 |
|   2   | 52.050 | 75.450 | 83.900 | 39.188 | 17.283 |
|   3   | 52.300 | 75.400 | 84.050 | 39.289 | 17.398 |
|   4   | 52.600 | 75.450 | 84.100 | 39.397 | 17.462 |
|   5   | 52.550 | 75.800 | 84.300 | 39.539 | 17.610 |
|   6   | 52.500 | 75.800 | 84.300 | 39.544 | 17.612 |
|   7   | 53.000 | 75.750 | 84.450 | 39.713 | 17.663 |
|   8   | 53.150 | 76.000 | 84.500 | 39.811 | 17.691 |
|   9   | 53.100 | 76.150 | 84.550 | 39.840 | 17.688 |
|   10  | 53.200 | 76.450 | 84.450 | 39.912 | 17.738 |
|   11  | 53.400 | 76.450 | 84.450 | 39.937 | 17.738 |
|   12  | 53.300 | 76.350 | 84.700 | 39.917 | 17.691 |
|   13  | 53.350 | 76.400 | 84.650 | 39.955 | 17.757 |
|   14  | 53.200 | 76.450 | 84.600 | 39.970 | 17.754 |
|   15  | 52.850 | 76.350 | 84.700 | 39.951 | 17.788 |
|   16  | 52.850 | 76.450 | 84.750 | 39.963 | 17.767 |
|   17  | 52.950 | 76.500 | 84.700 | 40.018 | 17.797 |
|   18  | 53.150 | 76.450 | 84.800 | 40.052 | 17.824 |
|   19  | 53.150 | 76.550 | 84.700 | 40.045 | 17.828 |
|   20  | 53.050 | 76.400 | 84.850 | 40.048 | 17.819 |
+-------+--------+--------+--------+--------+--------+
     logs:  {'epo': 20, 'R1': np.float32(53.05), 'R5': np.float32(76.4), 'R10': np.float32(84.85), 'mAP': np.float32(40.048), 'mINP': np.float32(17.819), 'entropy': 0.24858859926462173, 'loss': 1.7602832317352295, 'lr': 0.0003361156706822683}
     Epoch[21] Iteration[10/20], entropy: 0.1972, loss: 1.7126, lr: 1.97e-06
     Epoch[21] Iteration[20/20], entropy: 0.2152, loss: 1.7334, lr: 1.44e-04
     Averaged stats: entropy: 0.2152, loss: 1.7334, lr: 1.44e-04
     itm tta time 0:00:03
### TTA Eval Score: 
+-------+--------+--------+--------+--------+--------+
| epoch |   R1   |   R5   |  R10   |  mAP   |  mINP  |
+-------+--------+--------+--------+--------+--------+
|  -999 | 51.700 | 74.200 | 82.900 | 38.320 | 16.763 |
|   0   | 52.000 | 74.650 | 83.600 | 38.776 | 17.022 |
|   1   | 51.950 | 75.000 | 83.600 | 38.856 | 17.058 |
|   2   | 52.050 | 75.450 | 83.900 | 39.188 | 17.283 |
|   3   | 52.300 | 75.400 | 84.050 | 39.289 | 17.398 |
|   4   | 52.600 | 75.450 | 84.100 | 39.397 | 17.462 |
|   5   | 52.550 | 75.800 | 84.300 | 39.539 | 17.610 |
|   6   | 52.500 | 75.800 | 84.300 | 39.544 | 17.612 |
|   7   | 53.000 | 75.750 | 84.450 | 39.713 | 17.663 |
|   8   | 53.150 | 76.000 | 84.500 | 39.811 | 17.691 |
|   9   | 53.100 | 76.150 | 84.550 | 39.840 | 17.688 |
|   10  | 53.200 | 76.450 | 84.450 | 39.912 | 17.738 |
|   11  | 53.400 | 76.450 | 84.450 | 39.937 | 17.738 |
|   12  | 53.300 | 76.350 | 84.700 | 39.917 | 17.691 |
|   13  | 53.350 | 76.400 | 84.650 | 39.955 | 17.757 |
|   14  | 53.200 | 76.450 | 84.600 | 39.970 | 17.754 |
|   15  | 52.850 | 76.350 | 84.700 | 39.951 | 17.788 |
|   16  | 52.850 | 76.450 | 84.750 | 39.963 | 17.767 |
|   17  | 52.950 | 76.500 | 84.700 | 40.018 | 17.797 |
|   18  | 53.150 | 76.450 | 84.800 | 40.052 | 17.824 |
|   19  | 53.150 | 76.550 | 84.700 | 40.045 | 17.828 |
|   20  | 53.050 | 76.400 | 84.850 | 40.048 | 17.819 |
|   21  | 53.050 | 76.350 | 84.900 | 40.056 | 17.827 |
+-------+--------+--------+--------+--------+--------+
     logs:  {'epo': 21, 'R1': np.float32(53.05), 'R5': np.float32(76.35), 'R10': np.float32(84.9), 'mAP': np.float32(40.056), 'mINP': np.float32(17.827), 'entropy': 0.20616594702005386, 'loss': 1.7230037450790405, 'lr': 7.276325089005559e-05}
     Epoch[22] Iteration[10/20], entropy: 0.1811, loss: 1.6051, lr: 4.32e-04
     Epoch[22] Iteration[20/20], entropy: 0.1921, loss: 1.6792, lr: 4.69e-04
     Averaged stats: entropy: 0.1921, loss: 1.6792, lr: 4.69e-04
     itm tta time 0:00:04
### TTA Eval Score: 
+-------+--------+--------+--------+--------+--------+
| epoch |   R1   |   R5   |  R10   |  mAP   |  mINP  |
+-------+--------+--------+--------+--------+--------+
|  -999 | 51.700 | 74.200 | 82.900 | 38.320 | 16.763 |
|   0   | 52.000 | 74.650 | 83.600 | 38.776 | 17.022 |
|   1   | 51.950 | 75.000 | 83.600 | 38.856 | 17.058 |
|   2   | 52.050 | 75.450 | 83.900 | 39.188 | 17.283 |
|   3   | 52.300 | 75.400 | 84.050 | 39.289 | 17.398 |
|   4   | 52.600 | 75.450 | 84.100 | 39.397 | 17.462 |
|   5   | 52.550 | 75.800 | 84.300 | 39.539 | 17.610 |
|   6   | 52.500 | 75.800 | 84.300 | 39.544 | 17.612 |
|   7   | 53.000 | 75.750 | 84.450 | 39.713 | 17.663 |
|   8   | 53.150 | 76.000 | 84.500 | 39.811 | 17.691 |
|   9   | 53.100 | 76.150 | 84.550 | 39.840 | 17.688 |
|   10  | 53.200 | 76.450 | 84.450 | 39.912 | 17.738 |
|   11  | 53.400 | 76.450 | 84.450 | 39.937 | 17.738 |
|   12  | 53.300 | 76.350 | 84.700 | 39.917 | 17.691 |
|   13  | 53.350 | 76.400 | 84.650 | 39.955 | 17.757 |
|   14  | 53.200 | 76.450 | 84.600 | 39.970 | 17.754 |
|   15  | 52.850 | 76.350 | 84.700 | 39.951 | 17.788 |
|   16  | 52.850 | 76.450 | 84.750 | 39.963 | 17.767 |
|   17  | 52.950 | 76.500 | 84.700 | 40.018 | 17.797 |
|   18  | 53.150 | 76.450 | 84.800 | 40.052 | 17.824 |
|   19  | 53.150 | 76.550 | 84.700 | 40.045 | 17.828 |
|   20  | 53.050 | 76.400 | 84.850 | 40.048 | 17.819 |
|   21  | 53.050 | 76.350 | 84.900 | 40.056 | 17.827 |
|   22  | 53.100 | 76.450 | 84.950 | 40.078 | 17.820 |
+-------+--------+--------+--------+--------+--------+
     logs:  {'epo': 22, 'R1': np.float32(53.1), 'R5': np.float32(76.45), 'R10': np.float32(84.95), 'mAP': np.float32(40.078), 'mINP': np.float32(17.82), 'entropy': 0.18656691908836365, 'loss': 1.6421473622322083, 'lr': 0.00045065941343315995}
     Epoch[23] Iteration[10/20], entropy: 0.1258, loss: 1.7185, lr: 2.03e-04
     Epoch[23] Iteration[20/20], entropy: 0.1919, loss: 1.7082, lr: 1.97e-06
     Averaged stats: entropy: 0.1919, loss: 1.7082, lr: 1.97e-06
     itm tta time 0:00:04
### TTA Eval Score: 
+-------+--------+--------+--------+--------+--------+
| epoch |   R1   |   R5   |  R10   |  mAP   |  mINP  |
+-------+--------+--------+--------+--------+--------+
|  -999 | 51.700 | 74.200 | 82.900 | 38.320 | 16.763 |
|   0   | 52.000 | 74.650 | 83.600 | 38.776 | 17.022 |
|   1   | 51.950 | 75.000 | 83.600 | 38.856 | 17.058 |
|   2   | 52.050 | 75.450 | 83.900 | 39.188 | 17.283 |
|   3   | 52.300 | 75.400 | 84.050 | 39.289 | 17.398 |
|   4   | 52.600 | 75.450 | 84.100 | 39.397 | 17.462 |
|   5   | 52.550 | 75.800 | 84.300 | 39.539 | 17.610 |
|   6   | 52.500 | 75.800 | 84.300 | 39.544 | 17.612 |
|   7   | 53.000 | 75.750 | 84.450 | 39.713 | 17.663 |
|   8   | 53.150 | 76.000 | 84.500 | 39.811 | 17.691 |
|   9   | 53.100 | 76.150 | 84.550 | 39.840 | 17.688 |
|   10  | 53.200 | 76.450 | 84.450 | 39.912 | 17.738 |
|   11  | 53.400 | 76.450 | 84.450 | 39.937 | 17.738 |
|   12  | 53.300 | 76.350 | 84.700 | 39.917 | 17.691 |
|   13  | 53.350 | 76.400 | 84.650 | 39.955 | 17.757 |
|   14  | 53.200 | 76.450 | 84.600 | 39.970 | 17.754 |
|   15  | 52.850 | 76.350 | 84.700 | 39.951 | 17.788 |
|   16  | 52.850 | 76.450 | 84.750 | 39.963 | 17.767 |
|   17  | 52.950 | 76.500 | 84.700 | 40.018 | 17.797 |
|   18  | 53.150 | 76.450 | 84.800 | 40.052 | 17.824 |
|   19  | 53.150 | 76.550 | 84.700 | 40.045 | 17.828 |
|   20  | 53.050 | 76.400 | 84.850 | 40.048 | 17.819 |
|   21  | 53.050 | 76.350 | 84.900 | 40.056 | 17.827 |
|   22  | 53.100 | 76.450 | 84.950 | 40.078 | 17.820 |
|   23  | 53.350 | 76.450 | 84.900 | 40.129 | 17.839 |
+-------+--------+--------+--------+--------+--------+
     logs:  {'epo': 23, 'R1': np.float32(53.35), 'R5': np.float32(76.45), 'R10': np.float32(84.9), 'mAP': np.float32(40.129), 'mINP': np.float32(17.839), 'entropy': 0.15886157751083374, 'loss': 1.71330726146698, 'lr': 0.00010256299801247529}
     Epoch[24] Iteration[10/20], entropy: 0.1861, loss: 1.7523, lr: 1.44e-04
     Epoch[24] Iteration[20/20], entropy: 0.1516, loss: 1.5530, lr: 4.32e-04
     Averaged stats: entropy: 0.1516, loss: 1.5530, lr: 4.32e-04
     itm tta time 0:00:05
### TTA Eval Score: 
+-------+--------+--------+--------+--------+--------+
| epoch |   R1   |   R5   |  R10   |  mAP   |  mINP  |
+-------+--------+--------+--------+--------+--------+
|  -999 | 51.700 | 74.200 | 82.900 | 38.320 | 16.763 |
|   0   | 52.000 | 74.650 | 83.600 | 38.776 | 17.022 |
|   1   | 51.950 | 75.000 | 83.600 | 38.856 | 17.058 |
|   2   | 52.050 | 75.450 | 83.900 | 39.188 | 17.283 |
|   3   | 52.300 | 75.400 | 84.050 | 39.289 | 17.398 |
|   4   | 52.600 | 75.450 | 84.100 | 39.397 | 17.462 |
|   5   | 52.550 | 75.800 | 84.300 | 39.539 | 17.610 |
|   6   | 52.500 | 75.800 | 84.300 | 39.544 | 17.612 |
|   7   | 53.000 | 75.750 | 84.450 | 39.713 | 17.663 |
|   8   | 53.150 | 76.000 | 84.500 | 39.811 | 17.691 |
|   9   | 53.100 | 76.150 | 84.550 | 39.840 | 17.688 |
|   10  | 53.200 | 76.450 | 84.450 | 39.912 | 17.738 |
|   11  | 53.400 | 76.450 | 84.450 | 39.937 | 17.738 |
|   12  | 53.300 | 76.350 | 84.700 | 39.917 | 17.691 |
|   13  | 53.350 | 76.400 | 84.650 | 39.955 | 17.757 |
|   14  | 53.200 | 76.450 | 84.600 | 39.970 | 17.754 |
|   15  | 52.850 | 76.350 | 84.700 | 39.951 | 17.788 |
|   16  | 52.850 | 76.450 | 84.750 | 39.963 | 17.767 |
|   17  | 52.950 | 76.500 | 84.700 | 40.018 | 17.797 |
|   18  | 53.150 | 76.450 | 84.800 | 40.052 | 17.824 |
|   19  | 53.150 | 76.550 | 84.700 | 40.045 | 17.828 |
|   20  | 53.050 | 76.400 | 84.850 | 40.048 | 17.819 |
|   21  | 53.050 | 76.350 | 84.900 | 40.056 | 17.827 |
|   22  | 53.100 | 76.450 | 84.950 | 40.078 | 17.820 |
|   23  | 53.350 | 76.450 | 84.900 | 40.129 | 17.839 |
|   24  | 53.300 | 76.350 | 84.950 | 40.106 | 17.827 |
+-------+--------+--------+--------+--------+--------+
     logs:  {'epo': 24, 'R1': np.float32(53.3), 'R5': np.float32(76.35), 'R10': np.float32(84.95), 'mAP': np.float32(40.106), 'mINP': np.float32(17.827), 'entropy': 0.16881626844406128, 'loss': 1.6526030898094177, 'lr': 0.00028789866698204194}
     Epoch[25] Iteration[10/20], entropy: 0.1635, loss: 1.6471, lr: 4.69e-04
     Epoch[25] Iteration[20/20], entropy: 0.1604, loss: 1.5884, lr: 2.03e-04
     Averaged stats: entropy: 0.1604, loss: 1.5884, lr: 2.03e-04
     itm tta time 0:00:05
### TTA Eval Score: 
+-------+--------+--------+--------+--------+--------+
| epoch |   R1   |   R5   |  R10   |  mAP   |  mINP  |
+-------+--------+--------+--------+--------+--------+
|  -999 | 51.700 | 74.200 | 82.900 | 38.320 | 16.763 |
|   0   | 52.000 | 74.650 | 83.600 | 38.776 | 17.022 |
|   1   | 51.950 | 75.000 | 83.600 | 38.856 | 17.058 |
|   2   | 52.050 | 75.450 | 83.900 | 39.188 | 17.283 |
|   3   | 52.300 | 75.400 | 84.050 | 39.289 | 17.398 |
|   4   | 52.600 | 75.450 | 84.100 | 39.397 | 17.462 |
|   5   | 52.550 | 75.800 | 84.300 | 39.539 | 17.610 |
|   6   | 52.500 | 75.800 | 84.300 | 39.544 | 17.612 |
|   7   | 53.000 | 75.750 | 84.450 | 39.713 | 17.663 |
|   8   | 53.150 | 76.000 | 84.500 | 39.811 | 17.691 |
|   9   | 53.100 | 76.150 | 84.550 | 39.840 | 17.688 |
|   10  | 53.200 | 76.450 | 84.450 | 39.912 | 17.738 |
|   11  | 53.400 | 76.450 | 84.450 | 39.937 | 17.738 |
|   12  | 53.300 | 76.350 | 84.700 | 39.917 | 17.691 |
|   13  | 53.350 | 76.400 | 84.650 | 39.955 | 17.757 |
|   14  | 53.200 | 76.450 | 84.600 | 39.970 | 17.754 |
|   15  | 52.850 | 76.350 | 84.700 | 39.951 | 17.788 |
|   16  | 52.850 | 76.450 | 84.750 | 39.963 | 17.767 |
|   17  | 52.950 | 76.500 | 84.700 | 40.018 | 17.797 |
|   18  | 53.150 | 76.450 | 84.800 | 40.052 | 17.824 |
|   19  | 53.150 | 76.550 | 84.700 | 40.045 | 17.828 |
|   20  | 53.050 | 76.400 | 84.850 | 40.048 | 17.819 |
|   21  | 53.050 | 76.350 | 84.900 | 40.056 | 17.827 |
|   22  | 53.100 | 76.450 | 84.950 | 40.078 | 17.820 |
|   23  | 53.350 | 76.450 | 84.900 | 40.129 | 17.839 |
|   24  | 53.300 | 76.350 | 84.950 | 40.106 | 17.827 |
|   25  | 53.300 | 76.350 | 84.800 | 40.064 | 17.800 |
+-------+--------+--------+--------+--------+--------+
     logs:  {'epo': 25, 'R1': np.float32(53.3), 'R5': np.float32(76.35), 'R10': np.float32(84.8), 'mAP': np.float32(40.064), 'mINP': np.float32(17.8), 'entropy': 0.16195613890886307, 'loss': 1.617775559425354, 'lr': 0.0003361156706822692}
     Epoch[26] Iteration[10/20], entropy: 0.1760, loss: 1.7093, lr: 1.97e-06
     Epoch[26] Iteration[20/20], entropy: 0.3151, loss: 1.8631, lr: 1.44e-04
     Averaged stats: entropy: 0.3151, loss: 1.8631, lr: 1.44e-04
     itm tta time 0:00:05
### TTA Eval Score: 
+-------+--------+--------+--------+--------+--------+
| epoch |   R1   |   R5   |  R10   |  mAP   |  mINP  |
+-------+--------+--------+--------+--------+--------+
|  -999 | 51.700 | 74.200 | 82.900 | 38.320 | 16.763 |
|   0   | 52.000 | 74.650 | 83.600 | 38.776 | 17.022 |
|   1   | 51.950 | 75.000 | 83.600 | 38.856 | 17.058 |
|   2   | 52.050 | 75.450 | 83.900 | 39.188 | 17.283 |
|   3   | 52.300 | 75.400 | 84.050 | 39.289 | 17.398 |
|   4   | 52.600 | 75.450 | 84.100 | 39.397 | 17.462 |
|   5   | 52.550 | 75.800 | 84.300 | 39.539 | 17.610 |
|   6   | 52.500 | 75.800 | 84.300 | 39.544 | 17.612 |
|   7   | 53.000 | 75.750 | 84.450 | 39.713 | 17.663 |
|   8   | 53.150 | 76.000 | 84.500 | 39.811 | 17.691 |
|   9   | 53.100 | 76.150 | 84.550 | 39.840 | 17.688 |
|   10  | 53.200 | 76.450 | 84.450 | 39.912 | 17.738 |
|   11  | 53.400 | 76.450 | 84.450 | 39.937 | 17.738 |
|   12  | 53.300 | 76.350 | 84.700 | 39.917 | 17.691 |
|   13  | 53.350 | 76.400 | 84.650 | 39.955 | 17.757 |
|   14  | 53.200 | 76.450 | 84.600 | 39.970 | 17.754 |
|   15  | 52.850 | 76.350 | 84.700 | 39.951 | 17.788 |
|   16  | 52.850 | 76.450 | 84.750 | 39.963 | 17.767 |
|   17  | 52.950 | 76.500 | 84.700 | 40.018 | 17.797 |
|   18  | 53.150 | 76.450 | 84.800 | 40.052 | 17.824 |
|   19  | 53.150 | 76.550 | 84.700 | 40.045 | 17.828 |
|   20  | 53.050 | 76.400 | 84.850 | 40.048 | 17.819 |
|   21  | 53.050 | 76.350 | 84.900 | 40.056 | 17.827 |
|   22  | 53.100 | 76.450 | 84.950 | 40.078 | 17.820 |
|   23  | 53.350 | 76.450 | 84.900 | 40.129 | 17.839 |
|   24  | 53.300 | 76.350 | 84.950 | 40.106 | 17.827 |
|   25  | 53.300 | 76.350 | 84.800 | 40.064 | 17.800 |
|   26  | 53.350 | 76.300 | 84.800 | 40.078 | 17.797 |
+-------+--------+--------+--------+--------+--------+
     logs:  {'epo': 26, 'R1': np.float32(53.35), 'R5': np.float32(76.3), 'R10': np.float32(84.8), 'mAP': np.float32(40.078), 'mINP': np.float32(17.797), 'entropy': 0.245561882853508, 'loss': 1.7861990928649902, 'lr': 7.276325089005649e-05}
     Epoch[27] Iteration[10/20], entropy: 0.3254, loss: 1.9026, lr: 4.32e-04
     Epoch[27] Iteration[20/20], entropy: 0.2848, loss: 1.7373, lr: 4.69e-04
     Averaged stats: entropy: 0.2848, loss: 1.7373, lr: 4.69e-04
     itm tta time 0:00:04
### TTA Eval Score: 
+-------+--------+--------+--------+--------+--------+
| epoch |   R1   |   R5   |  R10   |  mAP   |  mINP  |
+-------+--------+--------+--------+--------+--------+
|  -999 | 51.700 | 74.200 | 82.900 | 38.320 | 16.763 |
|   0   | 52.000 | 74.650 | 83.600 | 38.776 | 17.022 |
|   1   | 51.950 | 75.000 | 83.600 | 38.856 | 17.058 |
|   2   | 52.050 | 75.450 | 83.900 | 39.188 | 17.283 |
|   3   | 52.300 | 75.400 | 84.050 | 39.289 | 17.398 |
|   4   | 52.600 | 75.450 | 84.100 | 39.397 | 17.462 |
|   5   | 52.550 | 75.800 | 84.300 | 39.539 | 17.610 |
|   6   | 52.500 | 75.800 | 84.300 | 39.544 | 17.612 |
|   7   | 53.000 | 75.750 | 84.450 | 39.713 | 17.663 |
|   8   | 53.150 | 76.000 | 84.500 | 39.811 | 17.691 |
|   9   | 53.100 | 76.150 | 84.550 | 39.840 | 17.688 |
|   10  | 53.200 | 76.450 | 84.450 | 39.912 | 17.738 |
|   11  | 53.400 | 76.450 | 84.450 | 39.937 | 17.738 |
|   12  | 53.300 | 76.350 | 84.700 | 39.917 | 17.691 |
|   13  | 53.350 | 76.400 | 84.650 | 39.955 | 17.757 |
|   14  | 53.200 | 76.450 | 84.600 | 39.970 | 17.754 |
|   15  | 52.850 | 76.350 | 84.700 | 39.951 | 17.788 |
|   16  | 52.850 | 76.450 | 84.750 | 39.963 | 17.767 |
|   17  | 52.950 | 76.500 | 84.700 | 40.018 | 17.797 |
|   18  | 53.150 | 76.450 | 84.800 | 40.052 | 17.824 |
|   19  | 53.150 | 76.550 | 84.700 | 40.045 | 17.828 |
|   20  | 53.050 | 76.400 | 84.850 | 40.048 | 17.819 |
|   21  | 53.050 | 76.350 | 84.900 | 40.056 | 17.827 |
|   22  | 53.100 | 76.450 | 84.950 | 40.078 | 17.820 |
|   23  | 53.350 | 76.450 | 84.900 | 40.129 | 17.839 |
|   24  | 53.300 | 76.350 | 84.950 | 40.106 | 17.827 |
|   25  | 53.300 | 76.350 | 84.800 | 40.064 | 17.800 |
|   26  | 53.350 | 76.300 | 84.800 | 40.078 | 17.797 |
|   27  | 53.450 | 76.250 | 84.950 | 40.080 | 17.812 |
+-------+--------+--------+--------+--------+--------+
     logs:  {'epo': 27, 'R1': np.float32(53.45), 'R5': np.float32(76.25), 'R10': np.float32(84.95), 'mAP': np.float32(40.08), 'mINP': np.float32(17.812), 'entropy': 0.30509378015995026, 'loss': 1.8199419975280762, 'lr': 0.00045065941343316006}
     Epoch[28] Iteration[10/20], entropy: 0.1732, loss: 1.6565, lr: 2.03e-04
     Epoch[28] Iteration[20/20], entropy: 0.2792, loss: 1.7480, lr: 1.97e-06
     Averaged stats: entropy: 0.2792, loss: 1.7480, lr: 1.97e-06
     itm tta time 0:00:05
### TTA Eval Score: 
+-------+--------+--------+--------+--------+--------+
| epoch |   R1   |   R5   |  R10   |  mAP   |  mINP  |
+-------+--------+--------+--------+--------+--------+
|  -999 | 51.700 | 74.200 | 82.900 | 38.320 | 16.763 |
|   0   | 52.000 | 74.650 | 83.600 | 38.776 | 17.022 |
|   1   | 51.950 | 75.000 | 83.600 | 38.856 | 17.058 |
|   2   | 52.050 | 75.450 | 83.900 | 39.188 | 17.283 |
|   3   | 52.300 | 75.400 | 84.050 | 39.289 | 17.398 |
|   4   | 52.600 | 75.450 | 84.100 | 39.397 | 17.462 |
|   5   | 52.550 | 75.800 | 84.300 | 39.539 | 17.610 |
|   6   | 52.500 | 75.800 | 84.300 | 39.544 | 17.612 |
|   7   | 53.000 | 75.750 | 84.450 | 39.713 | 17.663 |
|   8   | 53.150 | 76.000 | 84.500 | 39.811 | 17.691 |
|   9   | 53.100 | 76.150 | 84.550 | 39.840 | 17.688 |
|   10  | 53.200 | 76.450 | 84.450 | 39.912 | 17.738 |
|   11  | 53.400 | 76.450 | 84.450 | 39.937 | 17.738 |
|   12  | 53.300 | 76.350 | 84.700 | 39.917 | 17.691 |
|   13  | 53.350 | 76.400 | 84.650 | 39.955 | 17.757 |
|   14  | 53.200 | 76.450 | 84.600 | 39.970 | 17.754 |
|   15  | 52.850 | 76.350 | 84.700 | 39.951 | 17.788 |
|   16  | 52.850 | 76.450 | 84.750 | 39.963 | 17.767 |
|   17  | 52.950 | 76.500 | 84.700 | 40.018 | 17.797 |
|   18  | 53.150 | 76.450 | 84.800 | 40.052 | 17.824 |
|   19  | 53.150 | 76.550 | 84.700 | 40.045 | 17.828 |
|   20  | 53.050 | 76.400 | 84.850 | 40.048 | 17.819 |
|   21  | 53.050 | 76.350 | 84.900 | 40.056 | 17.827 |
|   22  | 53.100 | 76.450 | 84.950 | 40.078 | 17.820 |
|   23  | 53.350 | 76.450 | 84.900 | 40.129 | 17.839 |
|   24  | 53.300 | 76.350 | 84.950 | 40.106 | 17.827 |
|   25  | 53.300 | 76.350 | 84.800 | 40.064 | 17.800 |
|   26  | 53.350 | 76.300 | 84.800 | 40.078 | 17.797 |
|   27  | 53.450 | 76.250 | 84.950 | 40.080 | 17.812 |
|   28  | 53.300 | 76.350 | 84.900 | 40.089 | 17.850 |
+-------+--------+--------+--------+--------+--------+
     logs:  {'epo': 28, 'R1': np.float32(53.3), 'R5': np.float32(76.35), 'R10': np.float32(84.9), 'mAP': np.float32(40.089), 'mINP': np.float32(17.85), 'entropy': 0.226176455616951, 'loss': 1.7022655606269836, 'lr': 0.00010256299801247535}
     Epoch[29] Iteration[10/20], entropy: 0.1865, loss: 1.6730, lr: 1.44e-04
     Epoch[29] Iteration[20/20], entropy: 0.2277, loss: 1.7461, lr: 4.32e-04
     Averaged stats: entropy: 0.2277, loss: 1.7461, lr: 4.32e-04
     itm tta time 0:00:05
### TTA Eval Score: 
+-------+--------+--------+--------+--------+--------+
| epoch |   R1   |   R5   |  R10   |  mAP   |  mINP  |
+-------+--------+--------+--------+--------+--------+
|  -999 | 51.700 | 74.200 | 82.900 | 38.320 | 16.763 |
|   0   | 52.000 | 74.650 | 83.600 | 38.776 | 17.022 |
|   1   | 51.950 | 75.000 | 83.600 | 38.856 | 17.058 |
|   2   | 52.050 | 75.450 | 83.900 | 39.188 | 17.283 |
|   3   | 52.300 | 75.400 | 84.050 | 39.289 | 17.398 |
|   4   | 52.600 | 75.450 | 84.100 | 39.397 | 17.462 |
|   5   | 52.550 | 75.800 | 84.300 | 39.539 | 17.610 |
|   6   | 52.500 | 75.800 | 84.300 | 39.544 | 17.612 |
|   7   | 53.000 | 75.750 | 84.450 | 39.713 | 17.663 |
|   8   | 53.150 | 76.000 | 84.500 | 39.811 | 17.691 |
|   9   | 53.100 | 76.150 | 84.550 | 39.840 | 17.688 |
|   10  | 53.200 | 76.450 | 84.450 | 39.912 | 17.738 |
|   11  | 53.400 | 76.450 | 84.450 | 39.937 | 17.738 |
|   12  | 53.300 | 76.350 | 84.700 | 39.917 | 17.691 |
|   13  | 53.350 | 76.400 | 84.650 | 39.955 | 17.757 |
|   14  | 53.200 | 76.450 | 84.600 | 39.970 | 17.754 |
|   15  | 52.850 | 76.350 | 84.700 | 39.951 | 17.788 |
|   16  | 52.850 | 76.450 | 84.750 | 39.963 | 17.767 |
|   17  | 52.950 | 76.500 | 84.700 | 40.018 | 17.797 |
|   18  | 53.150 | 76.450 | 84.800 | 40.052 | 17.824 |
|   19  | 53.150 | 76.550 | 84.700 | 40.045 | 17.828 |
|   20  | 53.050 | 76.400 | 84.850 | 40.048 | 17.819 |
|   21  | 53.050 | 76.350 | 84.900 | 40.056 | 17.827 |
|   22  | 53.100 | 76.450 | 84.950 | 40.078 | 17.820 |
|   23  | 53.350 | 76.450 | 84.900 | 40.129 | 17.839 |
|   24  | 53.300 | 76.350 | 84.950 | 40.106 | 17.827 |
|   25  | 53.300 | 76.350 | 84.800 | 40.064 | 17.800 |
|   26  | 53.350 | 76.300 | 84.800 | 40.078 | 17.797 |
|   27  | 53.450 | 76.250 | 84.950 | 40.080 | 17.812 |
|   28  | 53.300 | 76.350 | 84.900 | 40.089 | 17.850 |
|   29  | 53.300 | 76.300 | 84.850 | 40.093 | 17.843 |
+-------+--------+--------+--------+--------+--------+
     logs:  {'epo': 29, 'R1': np.float32(53.3), 'R5': np.float32(76.3), 'R10': np.float32(84.85), 'mAP': np.float32(40.093), 'mINP': np.float32(17.843), 'entropy': 0.2071034535765648, 'loss': 1.709567666053772, 'lr': 0.00028789866698204184}
### best epoch 27 : {'epo': '27', 'R1': '53.45', 'R5': '76.25', 'R10': '84.95', 'mAP': '40.08', 'mINP': '17.812', 'entropy': '0.30509378015995026', 'loss': '1.8199419975280762', 'lr': '0.00045065941343316006'}
### Time 0:05:09
