Not using distributed mode
### Hyper-parameters:
     output_dir: output_rerun/mllm_rstp_tta_best2/exp2.0.2.3/2025090821060
     seed: 42
     device: cuda
     batch_size_tta: 16
     epochs: 30
     lr: 0.0001
### Creating test dataset
     test_txt_set: 2000    test_img_set: 1000
     test_txt_loader: 4    test_img_loader: 2
### Creating model
Training Model with ['sdm', 'id', 'mlm'] tasks
Resized position embedding from size:torch.Size([1, 197, 768]) to size: torch.Size([1, 193, 768]) with height:24 width: 8
     Total Params Sum:  190789493
### Zero-Shot Score: 
/home/jiahao/task/IRRA/tta.py:261: FutureWarning: `torch.cuda.amp.GradScaler(args...)` is deprecated. Please use `torch.amp.GradScaler('cuda', args...)` instead.
  scaler = GradScaler()  # bf16
+-------+--------+--------+--------+--------+--------+
| epoch |   R1   |   R5   |  R10   |  mAP   |  mINP  |
+-------+--------+--------+--------+--------+--------+
|  -999 | 51.650 | 74.250 | 82.900 | 38.313 | 16.768 |
+-------+--------+--------+--------+--------+--------+
### TTA:
### Compute Cos Similarity Uncertainty
     preprocess_tta_coefficients  start
     sample selection ...
     number of sample after sample_selection: 321
     uncertainty ...
     pos/neg sampling ...
      number of sample after pos/neg sampling: torch.Size([2000, 8])
     preprocess_tta_coefficients  end
### Creating TTA dataset
     tta_dataset: 321
### Creating tta dataloader
### be careful: func create_loader returns a list length of 1
     tta_loader: 20
### Configure adapted weights
     TTA Dropout Modules: 
 []
     TTA Require Gradient Params: 
 [('base_model.transformer.resblocks.1.ln_1.weight', torch.Size([512])), ('base_model.transformer.resblocks.1.ln_1.bias', torch.Size([512])), ('base_model.transformer.resblocks.1.ln_2.weight', torch.Size([512])), ('base_model.transformer.resblocks.1.ln_2.bias', torch.Size([512])), ('base_model.transformer.resblocks.2.ln_1.weight', torch.Size([512])), ('base_model.transformer.resblocks.2.ln_1.bias', torch.Size([512])), ('base_model.transformer.resblocks.2.ln_2.weight', torch.Size([512])), ('base_model.transformer.resblocks.2.ln_2.bias', torch.Size([512])), ('base_model.transformer.resblocks.3.ln_1.weight', torch.Size([512])), ('base_model.transformer.resblocks.3.ln_1.bias', torch.Size([512])), ('base_model.transformer.resblocks.3.ln_2.weight', torch.Size([512])), ('base_model.transformer.resblocks.3.ln_2.bias', torch.Size([512])), ('base_model.transformer.resblocks.4.ln_1.weight', torch.Size([512])), ('base_model.transformer.resblocks.4.ln_1.bias', torch.Size([512])), ('base_model.transformer.resblocks.4.ln_2.weight', torch.Size([512])), ('base_model.transformer.resblocks.4.ln_2.bias', torch.Size([512])), ('base_model.transformer.resblocks.5.ln_1.weight', torch.Size([512])), ('base_model.transformer.resblocks.5.ln_1.bias', torch.Size([512])), ('base_model.transformer.resblocks.5.ln_2.weight', torch.Size([512])), ('base_model.transformer.resblocks.5.ln_2.bias', torch.Size([512])), ('base_model.transformer.resblocks.7.ln_1.weight', torch.Size([512])), ('base_model.transformer.resblocks.7.ln_1.bias', torch.Size([512])), ('base_model.transformer.resblocks.7.ln_2.weight', torch.Size([512])), ('base_model.transformer.resblocks.7.ln_2.bias', torch.Size([512])), ('base_model.transformer.resblocks.8.ln_1.weight', torch.Size([512])), ('base_model.transformer.resblocks.8.ln_1.bias', torch.Size([512])), ('base_model.transformer.resblocks.8.ln_2.weight', torch.Size([512])), ('base_model.transformer.resblocks.8.ln_2.bias', torch.Size([512])), ('base_model.transformer.resblocks.9.ln_1.weight', torch.Size([512])), ('base_model.transformer.resblocks.9.ln_1.bias', torch.Size([512])), ('base_model.transformer.resblocks.9.ln_2.weight', torch.Size([512])), ('base_model.transformer.resblocks.9.ln_2.bias', torch.Size([512])), ('base_model.transformer.resblocks.10.ln_1.weight', torch.Size([512])), ('base_model.transformer.resblocks.10.ln_1.bias', torch.Size([512])), ('base_model.transformer.resblocks.10.ln_2.weight', torch.Size([512])), ('base_model.transformer.resblocks.10.ln_2.bias', torch.Size([512])), ('base_model.transformer.resblocks.11.ln_1.weight', torch.Size([512])), ('base_model.transformer.resblocks.11.ln_1.bias', torch.Size([512])), ('base_model.transformer.resblocks.11.ln_2.weight', torch.Size([512])), ('base_model.transformer.resblocks.11.ln_2.bias', torch.Size([512])), ('base_model.ln_final.weight', torch.Size([512])), ('base_model.ln_final.bias', torch.Size([512]))]
     TTA Dropout Modules Number: 
 0
     TTA Require Gradient Params Sum: 
 21504
Using 5.0 times learning rate for random init module 
### Start Test Time Adaptation
/home/jiahao/task/IRRA/tta.py:65: FutureWarning: `torch.cuda.amp.autocast(args...)` is deprecated. Please use `torch.amp.autocast('cuda', args...)` instead.
  with torch.cuda.amp.autocast(enabled=True):
     Epoch[0] Iteration[10/20], entropy: 0.5533, loss: 1.6121, lr: 9.38e-05
     Epoch[0] Iteration[20/20], entropy: 0.3039, loss: 1.3481, lr: 4.06e-05
     Averaged stats: entropy: 0.3039, loss: 1.3481, lr: 4.06e-05
     itm tta time 0:00:06
### TTA Eval Score: 
+-------+--------+--------+--------+--------+--------+
| epoch |   R1   |   R5   |  R10   |  mAP   |  mINP  |
+-------+--------+--------+--------+--------+--------+
|  -999 | 51.650 | 74.250 | 82.900 | 38.313 | 16.768 |
|   0   | 51.900 | 74.200 | 83.250 | 38.461 | 16.827 |
+-------+--------+--------+--------+--------+--------+
     logs:  {'epo': 0, 'R1': np.float32(51.9), 'R5': np.float32(74.2), 'R10': np.float32(83.25), 'mAP': np.float32(38.461), 'mINP': np.float32(16.827), 'entropy': 0.4285905808210373, 'loss': 1.4800639748573303, 'lr': 6.722313413645347e-05}
     Epoch[1] Iteration[10/20], entropy: 0.3150, loss: 1.3827, lr: 3.94e-07
     Epoch[1] Iteration[20/20], entropy: 0.3947, loss: 1.4148, lr: 2.87e-05
     Averaged stats: entropy: 0.3947, loss: 1.4148, lr: 2.87e-05
     itm tta time 0:00:06
### TTA Eval Score: 
+-------+--------+--------+--------+--------+--------+
| epoch |   R1   |   R5   |  R10   |  mAP   |  mINP  |
+-------+--------+--------+--------+--------+--------+
|  -999 | 51.650 | 74.250 | 82.900 | 38.313 | 16.768 |
|   0   | 51.900 | 74.200 | 83.250 | 38.461 | 16.827 |
|   1   | 51.900 | 74.250 | 83.250 | 38.471 | 16.838 |
+-------+--------+--------+--------+--------+--------+
     logs:  {'epo': 1, 'R1': np.float32(51.9), 'R5': np.float32(74.25), 'R10': np.float32(83.25), 'mAP': np.float32(38.471), 'mINP': np.float32(16.838), 'entropy': 0.3548332750797272, 'loss': 1.3987741470336914, 'lr': 1.4552650178011252e-05}
     Epoch[2] Iteration[10/20], entropy: 0.2179, loss: 1.2433, lr: 8.64e-05
     Epoch[2] Iteration[20/20], entropy: 0.4926, loss: 1.5335, lr: 9.38e-05
     Averaged stats: entropy: 0.4926, loss: 1.5335, lr: 9.38e-05
     itm tta time 0:00:06
### TTA Eval Score: 
+-------+--------+--------+--------+--------+--------+
| epoch |   R1   |   R5   |  R10   |  mAP   |  mINP  |
+-------+--------+--------+--------+--------+--------+
|  -999 | 51.650 | 74.250 | 82.900 | 38.313 | 16.768 |
|   0   | 51.900 | 74.200 | 83.250 | 38.461 | 16.827 |
|   1   | 51.900 | 74.250 | 83.250 | 38.471 | 16.838 |
|   2   | 51.900 | 74.550 | 83.400 | 38.567 | 16.889 |
+-------+--------+--------+--------+--------+--------+
     logs:  {'epo': 2, 'R1': np.float32(51.9), 'R5': np.float32(74.55), 'R10': np.float32(83.4), 'mAP': np.float32(38.567), 'mINP': np.float32(16.889), 'entropy': 0.35524728894233704, 'loss': 1.3884025812149048, 'lr': 9.013188268663187e-05}
     Epoch[3] Iteration[10/20], entropy: 0.3913, loss: 1.4458, lr: 4.06e-05
     Epoch[3] Iteration[20/20], entropy: 0.2598, loss: 1.3188, lr: 3.94e-07
     Averaged stats: entropy: 0.2598, loss: 1.3188, lr: 3.94e-07
     itm tta time 0:00:05
### TTA Eval Score: 
+-------+--------+--------+--------+--------+--------+
| epoch |   R1   |   R5   |  R10   |  mAP   |  mINP  |
+-------+--------+--------+--------+--------+--------+
|  -999 | 51.650 | 74.250 | 82.900 | 38.313 | 16.768 |
|   0   | 51.900 | 74.200 | 83.250 | 38.461 | 16.827 |
|   1   | 51.900 | 74.250 | 83.250 | 38.471 | 16.838 |
|   2   | 51.900 | 74.550 | 83.400 | 38.567 | 16.889 |
|   3   | 51.800 | 74.600 | 83.500 | 38.616 | 16.967 |
+-------+--------+--------+--------+--------+--------+
     logs:  {'epo': 3, 'R1': np.float32(51.8), 'R5': np.float32(74.6), 'R10': np.float32(83.5), 'mAP': np.float32(38.616), 'mINP': np.float32(16.967), 'entropy': 0.3255458176136017, 'loss': 1.3822856545448303, 'lr': 2.0512599602494926e-05}
     Epoch[4] Iteration[10/20], entropy: 0.3402, loss: 1.3900, lr: 2.87e-05
     Epoch[4] Iteration[20/20], entropy: 0.4446, loss: 1.5213, lr: 8.64e-05
     Averaged stats: entropy: 0.4446, loss: 1.5213, lr: 8.64e-05
     itm tta time 0:00:05
### TTA Eval Score: 
+-------+--------+--------+--------+--------+--------+
| epoch |   R1   |   R5   |  R10   |  mAP   |  mINP  |
+-------+--------+--------+--------+--------+--------+
|  -999 | 51.650 | 74.250 | 82.900 | 38.313 | 16.768 |
|   0   | 51.900 | 74.200 | 83.250 | 38.461 | 16.827 |
|   1   | 51.900 | 74.250 | 83.250 | 38.471 | 16.838 |
|   2   | 51.900 | 74.550 | 83.400 | 38.567 | 16.889 |
|   3   | 51.800 | 74.600 | 83.500 | 38.616 | 16.967 |
|   4   | 51.650 | 74.550 | 83.550 | 38.637 | 16.999 |
+-------+--------+--------+--------+--------+--------+
     logs:  {'epo': 4, 'R1': np.float32(51.65), 'R5': np.float32(74.55), 'R10': np.float32(83.55), 'mAP': np.float32(38.637), 'mINP': np.float32(16.999), 'entropy': 0.3924171030521393, 'loss': 1.455617904663086, 'lr': 5.757973339640841e-05}
     Epoch[5] Iteration[10/20], entropy: 0.2017, loss: 1.2193, lr: 9.38e-05
     Epoch[5] Iteration[20/20], entropy: 0.3985, loss: 1.4105, lr: 4.06e-05
     Averaged stats: entropy: 0.3985, loss: 1.4105, lr: 4.06e-05
     itm tta time 0:00:06
### TTA Eval Score: 
+-------+--------+--------+--------+--------+--------+
| epoch |   R1   |   R5   |  R10   |  mAP   |  mINP  |
+-------+--------+--------+--------+--------+--------+
|  -999 | 51.650 | 74.250 | 82.900 | 38.313 | 16.768 |
|   0   | 51.900 | 74.200 | 83.250 | 38.461 | 16.827 |
|   1   | 51.900 | 74.250 | 83.250 | 38.471 | 16.838 |
|   2   | 51.900 | 74.550 | 83.400 | 38.567 | 16.889 |
|   3   | 51.800 | 74.600 | 83.500 | 38.616 | 16.967 |
|   4   | 51.650 | 74.550 | 83.550 | 38.637 | 16.999 |
|   5   | 51.750 | 74.650 | 83.650 | 38.756 | 17.041 |
+-------+--------+--------+--------+--------+--------+
     logs:  {'epo': 5, 'R1': np.float32(51.75), 'R5': np.float32(74.65), 'R10': np.float32(83.65), 'mAP': np.float32(38.756), 'mINP': np.float32(17.041), 'entropy': 0.30008943378925323, 'loss': 1.3148987293243408, 'lr': 6.722313413645351e-05}
     Epoch[6] Iteration[10/20], entropy: 0.1324, loss: 1.2186, lr: 3.94e-07
     Epoch[6] Iteration[20/20], entropy: 0.2662, loss: 1.3100, lr: 2.87e-05
     Averaged stats: entropy: 0.2662, loss: 1.3100, lr: 2.87e-05
     itm tta time 0:00:06
### TTA Eval Score: 
+-------+--------+--------+--------+--------+--------+
| epoch |   R1   |   R5   |  R10   |  mAP   |  mINP  |
+-------+--------+--------+--------+--------+--------+
|  -999 | 51.650 | 74.250 | 82.900 | 38.313 | 16.768 |
|   0   | 51.900 | 74.200 | 83.250 | 38.461 | 16.827 |
|   1   | 51.900 | 74.250 | 83.250 | 38.471 | 16.838 |
|   2   | 51.900 | 74.550 | 83.400 | 38.567 | 16.889 |
|   3   | 51.800 | 74.600 | 83.500 | 38.616 | 16.967 |
|   4   | 51.650 | 74.550 | 83.550 | 38.637 | 16.999 |
|   5   | 51.750 | 74.650 | 83.650 | 38.756 | 17.041 |
|   6   | 51.800 | 74.700 | 83.650 | 38.775 | 17.073 |
+-------+--------+--------+--------+--------+--------+
     logs:  {'epo': 6, 'R1': np.float32(51.8), 'R5': np.float32(74.7), 'R10': np.float32(83.65), 'mAP': np.float32(38.775), 'mINP': np.float32(17.073), 'entropy': 0.1992972046136856, 'loss': 1.2643303275108337, 'lr': 1.4552650178011237e-05}
     Epoch[7] Iteration[10/20], entropy: 0.2047, loss: 1.2884, lr: 8.64e-05
     Epoch[7] Iteration[20/20], entropy: 0.3180, loss: 1.3699, lr: 9.38e-05
     Averaged stats: entropy: 0.3180, loss: 1.3699, lr: 9.38e-05
     itm tta time 0:00:05
### TTA Eval Score: 
+-------+--------+--------+--------+--------+--------+
| epoch |   R1   |   R5   |  R10   |  mAP   |  mINP  |
+-------+--------+--------+--------+--------+--------+
|  -999 | 51.650 | 74.250 | 82.900 | 38.313 | 16.768 |
|   0   | 51.900 | 74.200 | 83.250 | 38.461 | 16.827 |
|   1   | 51.900 | 74.250 | 83.250 | 38.471 | 16.838 |
|   2   | 51.900 | 74.550 | 83.400 | 38.567 | 16.889 |
|   3   | 51.800 | 74.600 | 83.500 | 38.616 | 16.967 |
|   4   | 51.650 | 74.550 | 83.550 | 38.637 | 16.999 |
|   5   | 51.750 | 74.650 | 83.650 | 38.756 | 17.041 |
|   6   | 51.800 | 74.700 | 83.650 | 38.775 | 17.073 |
|   7   | 52.050 | 74.750 | 83.800 | 38.881 | 17.121 |
+-------+--------+--------+--------+--------+--------+
     logs:  {'epo': 7, 'R1': np.float32(52.05), 'R5': np.float32(74.75), 'R10': np.float32(83.8), 'mAP': np.float32(38.881), 'mINP': np.float32(17.121), 'entropy': 0.26136401295661926, 'loss': 1.3291658163070679, 'lr': 9.013188268663188e-05}
     Epoch[8] Iteration[10/20], entropy: 0.4337, loss: 1.4653, lr: 4.06e-05
     Epoch[8] Iteration[20/20], entropy: 0.1567, loss: 1.2300, lr: 3.94e-07
     Averaged stats: entropy: 0.1567, loss: 1.2300, lr: 3.94e-07
     itm tta time 0:00:04
### TTA Eval Score: 
+-------+--------+--------+--------+--------+--------+
| epoch |   R1   |   R5   |  R10   |  mAP   |  mINP  |
+-------+--------+--------+--------+--------+--------+
|  -999 | 51.650 | 74.250 | 82.900 | 38.313 | 16.768 |
|   0   | 51.900 | 74.200 | 83.250 | 38.461 | 16.827 |
|   1   | 51.900 | 74.250 | 83.250 | 38.471 | 16.838 |
|   2   | 51.900 | 74.550 | 83.400 | 38.567 | 16.889 |
|   3   | 51.800 | 74.600 | 83.500 | 38.616 | 16.967 |
|   4   | 51.650 | 74.550 | 83.550 | 38.637 | 16.999 |
|   5   | 51.750 | 74.650 | 83.650 | 38.756 | 17.041 |
|   6   | 51.800 | 74.700 | 83.650 | 38.775 | 17.073 |
|   7   | 52.050 | 74.750 | 83.800 | 38.881 | 17.121 |
|   8   | 52.050 | 75.150 | 83.800 | 38.917 | 17.146 |
+-------+--------+--------+--------+--------+--------+
     logs:  {'epo': 8, 'R1': np.float32(52.05), 'R5': np.float32(75.15), 'R10': np.float32(83.8), 'mAP': np.float32(38.917), 'mINP': np.float32(17.146), 'entropy': 0.2952318415045738, 'loss': 1.3476397395133972, 'lr': 2.051259960249503e-05}
     Epoch[9] Iteration[10/20], entropy: 0.3832, loss: 1.4788, lr: 2.87e-05
     Epoch[9] Iteration[20/20], entropy: 0.1797, loss: 1.2773, lr: 8.64e-05
     Averaged stats: entropy: 0.1797, loss: 1.2773, lr: 8.64e-05
     itm tta time 0:00:05
### TTA Eval Score: 
+-------+--------+--------+--------+--------+--------+
| epoch |   R1   |   R5   |  R10   |  mAP   |  mINP  |
+-------+--------+--------+--------+--------+--------+
|  -999 | 51.650 | 74.250 | 82.900 | 38.313 | 16.768 |
|   0   | 51.900 | 74.200 | 83.250 | 38.461 | 16.827 |
|   1   | 51.900 | 74.250 | 83.250 | 38.471 | 16.838 |
|   2   | 51.900 | 74.550 | 83.400 | 38.567 | 16.889 |
|   3   | 51.800 | 74.600 | 83.500 | 38.616 | 16.967 |
|   4   | 51.650 | 74.550 | 83.550 | 38.637 | 16.999 |
|   5   | 51.750 | 74.650 | 83.650 | 38.756 | 17.041 |
|   6   | 51.800 | 74.700 | 83.650 | 38.775 | 17.073 |
|   7   | 52.050 | 74.750 | 83.800 | 38.881 | 17.121 |
|   8   | 52.050 | 75.150 | 83.800 | 38.917 | 17.146 |
|   9   | 52.150 | 75.200 | 83.900 | 38.977 | 17.160 |
+-------+--------+--------+--------+--------+--------+
     logs:  {'epo': 9, 'R1': np.float32(52.15), 'R5': np.float32(75.2), 'R10': np.float32(83.9), 'mAP': np.float32(38.977), 'mINP': np.float32(17.16), 'entropy': 0.2814273089170456, 'loss': 1.37806898355484, 'lr': 5.757973339640846e-05}
     Epoch[10] Iteration[10/20], entropy: 0.2453, loss: 1.3124, lr: 9.38e-05
     Epoch[10] Iteration[20/20], entropy: 0.3289, loss: 1.3886, lr: 4.06e-05
     Averaged stats: entropy: 0.3289, loss: 1.3886, lr: 4.06e-05
     itm tta time 0:00:05
### TTA Eval Score: 
+-------+--------+--------+--------+--------+--------+
| epoch |   R1   |   R5   |  R10   |  mAP   |  mINP  |
+-------+--------+--------+--------+--------+--------+
|  -999 | 51.650 | 74.250 | 82.900 | 38.313 | 16.768 |
|   0   | 51.900 | 74.200 | 83.250 | 38.461 | 16.827 |
|   1   | 51.900 | 74.250 | 83.250 | 38.471 | 16.838 |
|   2   | 51.900 | 74.550 | 83.400 | 38.567 | 16.889 |
|   3   | 51.800 | 74.600 | 83.500 | 38.616 | 16.967 |
|   4   | 51.650 | 74.550 | 83.550 | 38.637 | 16.999 |
|   5   | 51.750 | 74.650 | 83.650 | 38.756 | 17.041 |
|   6   | 51.800 | 74.700 | 83.650 | 38.775 | 17.073 |
|   7   | 52.050 | 74.750 | 83.800 | 38.881 | 17.121 |
|   8   | 52.050 | 75.150 | 83.800 | 38.917 | 17.146 |
|   9   | 52.150 | 75.200 | 83.900 | 38.977 | 17.160 |
|   10  | 52.100 | 75.100 | 84.000 | 39.021 | 17.193 |
+-------+--------+--------+--------+--------+--------+
     logs:  {'epo': 10, 'R1': np.float32(52.1), 'R5': np.float32(75.1), 'R10': np.float32(84.0), 'mAP': np.float32(39.021), 'mINP': np.float32(17.193), 'entropy': 0.2870951145887375, 'loss': 1.3504672050476074, 'lr': 6.72231341364535e-05}
     Epoch[11] Iteration[10/20], entropy: 0.1483, loss: 1.2358, lr: 3.94e-07
     Epoch[11] Iteration[20/20], entropy: 0.4262, loss: 1.4695, lr: 2.87e-05
     Averaged stats: entropy: 0.4262, loss: 1.4695, lr: 2.87e-05
     itm tta time 0:00:06
### TTA Eval Score: 
+-------+--------+--------+--------+--------+--------+
| epoch |   R1   |   R5   |  R10   |  mAP   |  mINP  |
+-------+--------+--------+--------+--------+--------+
|  -999 | 51.650 | 74.250 | 82.900 | 38.313 | 16.768 |
|   0   | 51.900 | 74.200 | 83.250 | 38.461 | 16.827 |
|   1   | 51.900 | 74.250 | 83.250 | 38.471 | 16.838 |
|   2   | 51.900 | 74.550 | 83.400 | 38.567 | 16.889 |
|   3   | 51.800 | 74.600 | 83.500 | 38.616 | 16.967 |
|   4   | 51.650 | 74.550 | 83.550 | 38.637 | 16.999 |
|   5   | 51.750 | 74.650 | 83.650 | 38.756 | 17.041 |
|   6   | 51.800 | 74.700 | 83.650 | 38.775 | 17.073 |
|   7   | 52.050 | 74.750 | 83.800 | 38.881 | 17.121 |
|   8   | 52.050 | 75.150 | 83.800 | 38.917 | 17.146 |
|   9   | 52.150 | 75.200 | 83.900 | 38.977 | 17.160 |
|   10  | 52.100 | 75.100 | 84.000 | 39.021 | 17.193 |
|   11  | 52.100 | 75.150 | 84.000 | 39.036 | 17.210 |
+-------+--------+--------+--------+--------+--------+
     logs:  {'epo': 11, 'R1': np.float32(52.1), 'R5': np.float32(75.15), 'R10': np.float32(84.0), 'mAP': np.float32(39.036), 'mINP': np.float32(17.21), 'entropy': 0.28725653886795044, 'loss': 1.3526321053504944, 'lr': 1.455265017801114e-05}
     Epoch[12] Iteration[10/20], entropy: 0.4884, loss: 1.5434, lr: 8.64e-05
     Epoch[12] Iteration[20/20], entropy: 0.2728, loss: 1.3297, lr: 9.38e-05
     Averaged stats: entropy: 0.2728, loss: 1.3297, lr: 9.38e-05
     itm tta time 0:00:04
### TTA Eval Score: 
+-------+--------+--------+--------+--------+--------+
| epoch |   R1   |   R5   |  R10   |  mAP   |  mINP  |
+-------+--------+--------+--------+--------+--------+
|  -999 | 51.650 | 74.250 | 82.900 | 38.313 | 16.768 |
|   0   | 51.900 | 74.200 | 83.250 | 38.461 | 16.827 |
|   1   | 51.900 | 74.250 | 83.250 | 38.471 | 16.838 |
|   2   | 51.900 | 74.550 | 83.400 | 38.567 | 16.889 |
|   3   | 51.800 | 74.600 | 83.500 | 38.616 | 16.967 |
|   4   | 51.650 | 74.550 | 83.550 | 38.637 | 16.999 |
|   5   | 51.750 | 74.650 | 83.650 | 38.756 | 17.041 |
|   6   | 51.800 | 74.700 | 83.650 | 38.775 | 17.073 |
|   7   | 52.050 | 74.750 | 83.800 | 38.881 | 17.121 |
|   8   | 52.050 | 75.150 | 83.800 | 38.917 | 17.146 |
|   9   | 52.150 | 75.200 | 83.900 | 38.977 | 17.160 |
|   10  | 52.100 | 75.100 | 84.000 | 39.021 | 17.193 |
|   11  | 52.100 | 75.150 | 84.000 | 39.036 | 17.210 |
|   12  | 52.100 | 75.200 | 84.000 | 39.076 | 17.243 |
+-------+--------+--------+--------+--------+--------+
     logs:  {'epo': 12, 'R1': np.float32(52.1), 'R5': np.float32(75.2), 'R10': np.float32(84.0), 'mAP': np.float32(39.076), 'mINP': np.float32(17.243), 'entropy': 0.38061656057834625, 'loss': 1.436579704284668, 'lr': 9.013188268663188e-05}
     Epoch[13] Iteration[10/20], entropy: 0.3545, loss: 1.4080, lr: 4.06e-05
     Epoch[13] Iteration[20/20], entropy: 0.2603, loss: 1.3087, lr: 3.94e-07
     Averaged stats: entropy: 0.2603, loss: 1.3087, lr: 3.94e-07
     itm tta time 0:00:04
### TTA Eval Score: 
+-------+--------+--------+--------+--------+--------+
| epoch |   R1   |   R5   |  R10   |  mAP   |  mINP  |
+-------+--------+--------+--------+--------+--------+
|  -999 | 51.650 | 74.250 | 82.900 | 38.313 | 16.768 |
|   0   | 51.900 | 74.200 | 83.250 | 38.461 | 16.827 |
|   1   | 51.900 | 74.250 | 83.250 | 38.471 | 16.838 |
|   2   | 51.900 | 74.550 | 83.400 | 38.567 | 16.889 |
|   3   | 51.800 | 74.600 | 83.500 | 38.616 | 16.967 |
|   4   | 51.650 | 74.550 | 83.550 | 38.637 | 16.999 |
|   5   | 51.750 | 74.650 | 83.650 | 38.756 | 17.041 |
|   6   | 51.800 | 74.700 | 83.650 | 38.775 | 17.073 |
|   7   | 52.050 | 74.750 | 83.800 | 38.881 | 17.121 |
|   8   | 52.050 | 75.150 | 83.800 | 38.917 | 17.146 |
|   9   | 52.150 | 75.200 | 83.900 | 38.977 | 17.160 |
|   10  | 52.100 | 75.100 | 84.000 | 39.021 | 17.193 |
|   11  | 52.100 | 75.150 | 84.000 | 39.036 | 17.210 |
|   12  | 52.100 | 75.200 | 84.000 | 39.076 | 17.243 |
|   13  | 52.000 | 75.150 | 83.950 | 39.098 | 17.264 |
+-------+--------+--------+--------+--------+--------+
     logs:  {'epo': 13, 'R1': np.float32(52.0), 'R5': np.float32(75.15), 'R10': np.float32(83.95), 'mAP': np.float32(39.098), 'mINP': np.float32(17.264), 'entropy': 0.30739253759384155, 'loss': 1.358379602432251, 'lr': 2.051259960249486e-05}
     Epoch[14] Iteration[10/20], entropy: 0.2963, loss: 1.3326, lr: 2.87e-05
     Epoch[14] Iteration[20/20], entropy: 0.2547, loss: 1.3442, lr: 8.64e-05
     Averaged stats: entropy: 0.2547, loss: 1.3442, lr: 8.64e-05
     itm tta time 0:00:05
### TTA Eval Score: 
+-------+--------+--------+--------+--------+--------+
| epoch |   R1   |   R5   |  R10   |  mAP   |  mINP  |
+-------+--------+--------+--------+--------+--------+
|  -999 | 51.650 | 74.250 | 82.900 | 38.313 | 16.768 |
|   0   | 51.900 | 74.200 | 83.250 | 38.461 | 16.827 |
|   1   | 51.900 | 74.250 | 83.250 | 38.471 | 16.838 |
|   2   | 51.900 | 74.550 | 83.400 | 38.567 | 16.889 |
|   3   | 51.800 | 74.600 | 83.500 | 38.616 | 16.967 |
|   4   | 51.650 | 74.550 | 83.550 | 38.637 | 16.999 |
|   5   | 51.750 | 74.650 | 83.650 | 38.756 | 17.041 |
|   6   | 51.800 | 74.700 | 83.650 | 38.775 | 17.073 |
|   7   | 52.050 | 74.750 | 83.800 | 38.881 | 17.121 |
|   8   | 52.050 | 75.150 | 83.800 | 38.917 | 17.146 |
|   9   | 52.150 | 75.200 | 83.900 | 38.977 | 17.160 |
|   10  | 52.100 | 75.100 | 84.000 | 39.021 | 17.193 |
|   11  | 52.100 | 75.150 | 84.000 | 39.036 | 17.210 |
|   12  | 52.100 | 75.200 | 84.000 | 39.076 | 17.243 |
|   13  | 52.000 | 75.150 | 83.950 | 39.098 | 17.264 |
|   14  | 52.050 | 75.150 | 83.950 | 39.129 | 17.275 |
+-------+--------+--------+--------+--------+--------+
     logs:  {'epo': 14, 'R1': np.float32(52.05), 'R5': np.float32(75.15), 'R10': np.float32(83.95), 'mAP': np.float32(39.129), 'mINP': np.float32(17.275), 'entropy': 0.27545541524887085, 'loss': 1.3383827805519104, 'lr': 5.757973339640831e-05}
     Epoch[15] Iteration[10/20], entropy: 0.4599, loss: 1.5508, lr: 9.38e-05
     Epoch[15] Iteration[20/20], entropy: 0.2335, loss: 1.2756, lr: 4.06e-05
     Averaged stats: entropy: 0.2335, loss: 1.2756, lr: 4.06e-05
     itm tta time 0:00:05
### TTA Eval Score: 
+-------+--------+--------+--------+--------+--------+
| epoch |   R1   |   R5   |  R10   |  mAP   |  mINP  |
+-------+--------+--------+--------+--------+--------+
|  -999 | 51.650 | 74.250 | 82.900 | 38.313 | 16.768 |
|   0   | 51.900 | 74.200 | 83.250 | 38.461 | 16.827 |
|   1   | 51.900 | 74.250 | 83.250 | 38.471 | 16.838 |
|   2   | 51.900 | 74.550 | 83.400 | 38.567 | 16.889 |
|   3   | 51.800 | 74.600 | 83.500 | 38.616 | 16.967 |
|   4   | 51.650 | 74.550 | 83.550 | 38.637 | 16.999 |
|   5   | 51.750 | 74.650 | 83.650 | 38.756 | 17.041 |
|   6   | 51.800 | 74.700 | 83.650 | 38.775 | 17.073 |
|   7   | 52.050 | 74.750 | 83.800 | 38.881 | 17.121 |
|   8   | 52.050 | 75.150 | 83.800 | 38.917 | 17.146 |
|   9   | 52.150 | 75.200 | 83.900 | 38.977 | 17.160 |
|   10  | 52.100 | 75.100 | 84.000 | 39.021 | 17.193 |
|   11  | 52.100 | 75.150 | 84.000 | 39.036 | 17.210 |
|   12  | 52.100 | 75.200 | 84.000 | 39.076 | 17.243 |
|   13  | 52.000 | 75.150 | 83.950 | 39.098 | 17.264 |
|   14  | 52.050 | 75.150 | 83.950 | 39.129 | 17.275 |
|   15  | 52.100 | 75.250 | 84.100 | 39.162 | 17.331 |
+-------+--------+--------+--------+--------+--------+
     logs:  {'epo': 15, 'R1': np.float32(52.1), 'R5': np.float32(75.25), 'R10': np.float32(84.1), 'mAP': np.float32(39.162), 'mINP': np.float32(17.331), 'entropy': 0.34670619666576385, 'loss': 1.4131773114204407, 'lr': 6.722313413645347e-05}
     Epoch[16] Iteration[10/20], entropy: 0.2458, loss: 1.2989, lr: 3.94e-07
     Epoch[16] Iteration[20/20], entropy: 0.1644, loss: 1.2882, lr: 2.87e-05
     Averaged stats: entropy: 0.1644, loss: 1.2882, lr: 2.87e-05
     itm tta time 0:00:05
### TTA Eval Score: 
+-------+--------+--------+--------+--------+--------+
| epoch |   R1   |   R5   |  R10   |  mAP   |  mINP  |
+-------+--------+--------+--------+--------+--------+
|  -999 | 51.650 | 74.250 | 82.900 | 38.313 | 16.768 |
|   0   | 51.900 | 74.200 | 83.250 | 38.461 | 16.827 |
|   1   | 51.900 | 74.250 | 83.250 | 38.471 | 16.838 |
|   2   | 51.900 | 74.550 | 83.400 | 38.567 | 16.889 |
|   3   | 51.800 | 74.600 | 83.500 | 38.616 | 16.967 |
|   4   | 51.650 | 74.550 | 83.550 | 38.637 | 16.999 |
|   5   | 51.750 | 74.650 | 83.650 | 38.756 | 17.041 |
|   6   | 51.800 | 74.700 | 83.650 | 38.775 | 17.073 |
|   7   | 52.050 | 74.750 | 83.800 | 38.881 | 17.121 |
|   8   | 52.050 | 75.150 | 83.800 | 38.917 | 17.146 |
|   9   | 52.150 | 75.200 | 83.900 | 38.977 | 17.160 |
|   10  | 52.100 | 75.100 | 84.000 | 39.021 | 17.193 |
|   11  | 52.100 | 75.150 | 84.000 | 39.036 | 17.210 |
|   12  | 52.100 | 75.200 | 84.000 | 39.076 | 17.243 |
|   13  | 52.000 | 75.150 | 83.950 | 39.098 | 17.264 |
|   14  | 52.050 | 75.150 | 83.950 | 39.129 | 17.275 |
|   15  | 52.100 | 75.250 | 84.100 | 39.162 | 17.331 |
|   16  | 52.050 | 75.300 | 84.100 | 39.161 | 17.330 |
+-------+--------+--------+--------+--------+--------+
     logs:  {'epo': 16, 'R1': np.float32(52.05), 'R5': np.float32(75.3), 'R10': np.float32(84.1), 'mAP': np.float32(39.161), 'mINP': np.float32(17.33), 'entropy': 0.20509005337953568, 'loss': 1.293548822402954, 'lr': 1.4552650178011128e-05}
     Epoch[17] Iteration[10/20], entropy: 0.2698, loss: 1.3198, lr: 8.64e-05
     Epoch[17] Iteration[20/20], entropy: 0.3315, loss: 1.3634, lr: 9.38e-05
     Averaged stats: entropy: 0.3315, loss: 1.3634, lr: 9.38e-05
     itm tta time 0:00:05
### TTA Eval Score: 
+-------+--------+--------+--------+--------+--------+
| epoch |   R1   |   R5   |  R10   |  mAP   |  mINP  |
+-------+--------+--------+--------+--------+--------+
|  -999 | 51.650 | 74.250 | 82.900 | 38.313 | 16.768 |
|   0   | 51.900 | 74.200 | 83.250 | 38.461 | 16.827 |
|   1   | 51.900 | 74.250 | 83.250 | 38.471 | 16.838 |
|   2   | 51.900 | 74.550 | 83.400 | 38.567 | 16.889 |
|   3   | 51.800 | 74.600 | 83.500 | 38.616 | 16.967 |
|   4   | 51.650 | 74.550 | 83.550 | 38.637 | 16.999 |
|   5   | 51.750 | 74.650 | 83.650 | 38.756 | 17.041 |
|   6   | 51.800 | 74.700 | 83.650 | 38.775 | 17.073 |
|   7   | 52.050 | 74.750 | 83.800 | 38.881 | 17.121 |
|   8   | 52.050 | 75.150 | 83.800 | 38.917 | 17.146 |
|   9   | 52.150 | 75.200 | 83.900 | 38.977 | 17.160 |
|   10  | 52.100 | 75.100 | 84.000 | 39.021 | 17.193 |
|   11  | 52.100 | 75.150 | 84.000 | 39.036 | 17.210 |
|   12  | 52.100 | 75.200 | 84.000 | 39.076 | 17.243 |
|   13  | 52.000 | 75.150 | 83.950 | 39.098 | 17.264 |
|   14  | 52.050 | 75.150 | 83.950 | 39.129 | 17.275 |
|   15  | 52.100 | 75.250 | 84.100 | 39.162 | 17.331 |
|   16  | 52.050 | 75.300 | 84.100 | 39.161 | 17.330 |
|   17  | 52.050 | 75.350 | 84.100 | 39.193 | 17.372 |
+-------+--------+--------+--------+--------+--------+
     logs:  {'epo': 17, 'R1': np.float32(52.05), 'R5': np.float32(75.35), 'R10': np.float32(84.1), 'mAP': np.float32(39.193), 'mINP': np.float32(17.372), 'entropy': 0.30064666271209717, 'loss': 1.3415899872779846, 'lr': 9.013188268663186e-05}
     Epoch[18] Iteration[10/20], entropy: 0.3079, loss: 1.3537, lr: 4.06e-05
     Epoch[18] Iteration[20/20], entropy: 0.4713, loss: 1.5283, lr: 3.94e-07
     Averaged stats: entropy: 0.4713, loss: 1.5283, lr: 3.94e-07
     itm tta time 0:00:05
### TTA Eval Score: 
+-------+--------+--------+--------+--------+--------+
| epoch |   R1   |   R5   |  R10   |  mAP   |  mINP  |
+-------+--------+--------+--------+--------+--------+
|  -999 | 51.650 | 74.250 | 82.900 | 38.313 | 16.768 |
|   0   | 51.900 | 74.200 | 83.250 | 38.461 | 16.827 |
|   1   | 51.900 | 74.250 | 83.250 | 38.471 | 16.838 |
|   2   | 51.900 | 74.550 | 83.400 | 38.567 | 16.889 |
|   3   | 51.800 | 74.600 | 83.500 | 38.616 | 16.967 |
|   4   | 51.650 | 74.550 | 83.550 | 38.637 | 16.999 |
|   5   | 51.750 | 74.650 | 83.650 | 38.756 | 17.041 |
|   6   | 51.800 | 74.700 | 83.650 | 38.775 | 17.073 |
|   7   | 52.050 | 74.750 | 83.800 | 38.881 | 17.121 |
|   8   | 52.050 | 75.150 | 83.800 | 38.917 | 17.146 |
|   9   | 52.150 | 75.200 | 83.900 | 38.977 | 17.160 |
|   10  | 52.100 | 75.100 | 84.000 | 39.021 | 17.193 |
|   11  | 52.100 | 75.150 | 84.000 | 39.036 | 17.210 |
|   12  | 52.100 | 75.200 | 84.000 | 39.076 | 17.243 |
|   13  | 52.000 | 75.150 | 83.950 | 39.098 | 17.264 |
|   14  | 52.050 | 75.150 | 83.950 | 39.129 | 17.275 |
|   15  | 52.100 | 75.250 | 84.100 | 39.162 | 17.331 |
|   16  | 52.050 | 75.300 | 84.100 | 39.161 | 17.330 |
|   17  | 52.050 | 75.350 | 84.100 | 39.193 | 17.372 |
|   18  | 52.250 | 75.350 | 84.100 | 39.229 | 17.377 |
+-------+--------+--------+--------+--------+--------+
     logs:  {'epo': 18, 'R1': np.float32(52.25), 'R5': np.float32(75.35), 'R10': np.float32(84.1), 'mAP': np.float32(39.229), 'mINP': np.float32(17.377), 'entropy': 0.38958120346069336, 'loss': 1.4410261511802673, 'lr': 2.0512599602494872e-05}
     Epoch[19] Iteration[10/20], entropy: 0.4173, loss: 1.5096, lr: 2.87e-05
     Epoch[19] Iteration[20/20], entropy: 0.2814, loss: 1.3604, lr: 8.64e-05
     Averaged stats: entropy: 0.2814, loss: 1.3604, lr: 8.64e-05
     itm tta time 0:00:05
### TTA Eval Score: 
+-------+--------+--------+--------+--------+--------+
| epoch |   R1   |   R5   |  R10   |  mAP   |  mINP  |
+-------+--------+--------+--------+--------+--------+
|  -999 | 51.650 | 74.250 | 82.900 | 38.313 | 16.768 |
|   0   | 51.900 | 74.200 | 83.250 | 38.461 | 16.827 |
|   1   | 51.900 | 74.250 | 83.250 | 38.471 | 16.838 |
|   2   | 51.900 | 74.550 | 83.400 | 38.567 | 16.889 |
|   3   | 51.800 | 74.600 | 83.500 | 38.616 | 16.967 |
|   4   | 51.650 | 74.550 | 83.550 | 38.637 | 16.999 |
|   5   | 51.750 | 74.650 | 83.650 | 38.756 | 17.041 |
|   6   | 51.800 | 74.700 | 83.650 | 38.775 | 17.073 |
|   7   | 52.050 | 74.750 | 83.800 | 38.881 | 17.121 |
|   8   | 52.050 | 75.150 | 83.800 | 38.917 | 17.146 |
|   9   | 52.150 | 75.200 | 83.900 | 38.977 | 17.160 |
|   10  | 52.100 | 75.100 | 84.000 | 39.021 | 17.193 |
|   11  | 52.100 | 75.150 | 84.000 | 39.036 | 17.210 |
|   12  | 52.100 | 75.200 | 84.000 | 39.076 | 17.243 |
|   13  | 52.000 | 75.150 | 83.950 | 39.098 | 17.264 |
|   14  | 52.050 | 75.150 | 83.950 | 39.129 | 17.275 |
|   15  | 52.100 | 75.250 | 84.100 | 39.162 | 17.331 |
|   16  | 52.050 | 75.300 | 84.100 | 39.161 | 17.330 |
|   17  | 52.050 | 75.350 | 84.100 | 39.193 | 17.372 |
|   18  | 52.250 | 75.350 | 84.100 | 39.229 | 17.377 |
|   19  | 52.300 | 75.350 | 84.050 | 39.256 | 17.417 |
+-------+--------+--------+--------+--------+--------+
     logs:  {'epo': 19, 'R1': np.float32(52.3), 'R5': np.float32(75.35), 'R10': np.float32(84.05), 'mAP': np.float32(39.256), 'mINP': np.float32(17.417), 'entropy': 0.3493497371673584, 'loss': 1.4349579215049744, 'lr': 5.7579733396408286e-05}
     Epoch[20] Iteration[10/20], entropy: 0.3993, loss: 1.4710, lr: 9.38e-05
     Epoch[20] Iteration[20/20], entropy: 0.2282, loss: 1.2646, lr: 4.06e-05
     Averaged stats: entropy: 0.2282, loss: 1.2646, lr: 4.06e-05
     itm tta time 0:00:05
### TTA Eval Score: 
+-------+--------+--------+--------+--------+--------+
| epoch |   R1   |   R5   |  R10   |  mAP   |  mINP  |
+-------+--------+--------+--------+--------+--------+
|  -999 | 51.650 | 74.250 | 82.900 | 38.313 | 16.768 |
|   0   | 51.900 | 74.200 | 83.250 | 38.461 | 16.827 |
|   1   | 51.900 | 74.250 | 83.250 | 38.471 | 16.838 |
|   2   | 51.900 | 74.550 | 83.400 | 38.567 | 16.889 |
|   3   | 51.800 | 74.600 | 83.500 | 38.616 | 16.967 |
|   4   | 51.650 | 74.550 | 83.550 | 38.637 | 16.999 |
|   5   | 51.750 | 74.650 | 83.650 | 38.756 | 17.041 |
|   6   | 51.800 | 74.700 | 83.650 | 38.775 | 17.073 |
|   7   | 52.050 | 74.750 | 83.800 | 38.881 | 17.121 |
|   8   | 52.050 | 75.150 | 83.800 | 38.917 | 17.146 |
|   9   | 52.150 | 75.200 | 83.900 | 38.977 | 17.160 |
|   10  | 52.100 | 75.100 | 84.000 | 39.021 | 17.193 |
|   11  | 52.100 | 75.150 | 84.000 | 39.036 | 17.210 |
|   12  | 52.100 | 75.200 | 84.000 | 39.076 | 17.243 |
|   13  | 52.000 | 75.150 | 83.950 | 39.098 | 17.264 |
|   14  | 52.050 | 75.150 | 83.950 | 39.129 | 17.275 |
|   15  | 52.100 | 75.250 | 84.100 | 39.162 | 17.331 |
|   16  | 52.050 | 75.300 | 84.100 | 39.161 | 17.330 |
|   17  | 52.050 | 75.350 | 84.100 | 39.193 | 17.372 |
|   18  | 52.250 | 75.350 | 84.100 | 39.229 | 17.377 |
|   19  | 52.300 | 75.350 | 84.050 | 39.256 | 17.417 |
|   20  | 52.350 | 75.250 | 84.000 | 39.282 | 17.406 |
+-------+--------+--------+--------+--------+--------+
     logs:  {'epo': 20, 'R1': np.float32(52.35), 'R5': np.float32(75.25), 'R10': np.float32(84.0), 'mAP': np.float32(39.282), 'mINP': np.float32(17.406), 'entropy': 0.3137550354003906, 'loss': 1.3677777647972107, 'lr': 6.722313413645366e-05}
     Epoch[21] Iteration[10/20], entropy: 0.2567, loss: 1.3206, lr: 3.94e-07
     Epoch[21] Iteration[20/20], entropy: 0.3060, loss: 1.3715, lr: 2.87e-05
     Averaged stats: entropy: 0.3060, loss: 1.3715, lr: 2.87e-05
     itm tta time 0:00:05
### TTA Eval Score: 
+-------+--------+--------+--------+--------+--------+
| epoch |   R1   |   R5   |  R10   |  mAP   |  mINP  |
+-------+--------+--------+--------+--------+--------+
|  -999 | 51.650 | 74.250 | 82.900 | 38.313 | 16.768 |
|   0   | 51.900 | 74.200 | 83.250 | 38.461 | 16.827 |
|   1   | 51.900 | 74.250 | 83.250 | 38.471 | 16.838 |
|   2   | 51.900 | 74.550 | 83.400 | 38.567 | 16.889 |
|   3   | 51.800 | 74.600 | 83.500 | 38.616 | 16.967 |
|   4   | 51.650 | 74.550 | 83.550 | 38.637 | 16.999 |
|   5   | 51.750 | 74.650 | 83.650 | 38.756 | 17.041 |
|   6   | 51.800 | 74.700 | 83.650 | 38.775 | 17.073 |
|   7   | 52.050 | 74.750 | 83.800 | 38.881 | 17.121 |
|   8   | 52.050 | 75.150 | 83.800 | 38.917 | 17.146 |
|   9   | 52.150 | 75.200 | 83.900 | 38.977 | 17.160 |
|   10  | 52.100 | 75.100 | 84.000 | 39.021 | 17.193 |
|   11  | 52.100 | 75.150 | 84.000 | 39.036 | 17.210 |
|   12  | 52.100 | 75.200 | 84.000 | 39.076 | 17.243 |
|   13  | 52.000 | 75.150 | 83.950 | 39.098 | 17.264 |
|   14  | 52.050 | 75.150 | 83.950 | 39.129 | 17.275 |
|   15  | 52.100 | 75.250 | 84.100 | 39.162 | 17.331 |
|   16  | 52.050 | 75.300 | 84.100 | 39.161 | 17.330 |
|   17  | 52.050 | 75.350 | 84.100 | 39.193 | 17.372 |
|   18  | 52.250 | 75.350 | 84.100 | 39.229 | 17.377 |
|   19  | 52.300 | 75.350 | 84.050 | 39.256 | 17.417 |
|   20  | 52.350 | 75.250 | 84.000 | 39.282 | 17.406 |
|   21  | 52.400 | 75.300 | 84.000 | 39.291 | 17.393 |
+-------+--------+--------+--------+--------+--------+
     logs:  {'epo': 21, 'R1': np.float32(52.4), 'R5': np.float32(75.3), 'R10': np.float32(84.0), 'mAP': np.float32(39.291), 'mINP': np.float32(17.393), 'entropy': 0.2813841551542282, 'loss': 1.3460712432861328, 'lr': 1.4552650178011121e-05}
     Epoch[22] Iteration[10/20], entropy: 0.2434, loss: 1.2539, lr: 8.64e-05
     Epoch[22] Iteration[20/20], entropy: 0.2585, loss: 1.3206, lr: 9.38e-05
     Averaged stats: entropy: 0.2585, loss: 1.3206, lr: 9.38e-05
     itm tta time 0:00:05
### TTA Eval Score: 
+-------+--------+--------+--------+--------+--------+
| epoch |   R1   |   R5   |  R10   |  mAP   |  mINP  |
+-------+--------+--------+--------+--------+--------+
|  -999 | 51.650 | 74.250 | 82.900 | 38.313 | 16.768 |
|   0   | 51.900 | 74.200 | 83.250 | 38.461 | 16.827 |
|   1   | 51.900 | 74.250 | 83.250 | 38.471 | 16.838 |
|   2   | 51.900 | 74.550 | 83.400 | 38.567 | 16.889 |
|   3   | 51.800 | 74.600 | 83.500 | 38.616 | 16.967 |
|   4   | 51.650 | 74.550 | 83.550 | 38.637 | 16.999 |
|   5   | 51.750 | 74.650 | 83.650 | 38.756 | 17.041 |
|   6   | 51.800 | 74.700 | 83.650 | 38.775 | 17.073 |
|   7   | 52.050 | 74.750 | 83.800 | 38.881 | 17.121 |
|   8   | 52.050 | 75.150 | 83.800 | 38.917 | 17.146 |
|   9   | 52.150 | 75.200 | 83.900 | 38.977 | 17.160 |
|   10  | 52.100 | 75.100 | 84.000 | 39.021 | 17.193 |
|   11  | 52.100 | 75.150 | 84.000 | 39.036 | 17.210 |
|   12  | 52.100 | 75.200 | 84.000 | 39.076 | 17.243 |
|   13  | 52.000 | 75.150 | 83.950 | 39.098 | 17.264 |
|   14  | 52.050 | 75.150 | 83.950 | 39.129 | 17.275 |
|   15  | 52.100 | 75.250 | 84.100 | 39.162 | 17.331 |
|   16  | 52.050 | 75.300 | 84.100 | 39.161 | 17.330 |
|   17  | 52.050 | 75.350 | 84.100 | 39.193 | 17.372 |
|   18  | 52.250 | 75.350 | 84.100 | 39.229 | 17.377 |
|   19  | 52.300 | 75.350 | 84.050 | 39.256 | 17.417 |
|   20  | 52.350 | 75.250 | 84.000 | 39.282 | 17.406 |
|   21  | 52.400 | 75.300 | 84.000 | 39.291 | 17.393 |
|   22  | 52.500 | 75.250 | 84.000 | 39.354 | 17.433 |
+-------+--------+--------+--------+--------+--------+
     logs:  {'epo': 22, 'R1': np.float32(52.5), 'R5': np.float32(75.25), 'R10': np.float32(84.0), 'mAP': np.float32(39.354), 'mINP': np.float32(17.433), 'entropy': 0.25096410512924194, 'loss': 1.2872514724731445, 'lr': 9.013188268663198e-05}
     Epoch[23] Iteration[10/20], entropy: 0.2023, loss: 1.3164, lr: 4.06e-05
     Epoch[23] Iteration[20/20], entropy: 0.2807, loss: 1.3468, lr: 3.94e-07
     Averaged stats: entropy: 0.2807, loss: 1.3468, lr: 3.94e-07
     itm tta time 0:00:05
### TTA Eval Score: 
+-------+--------+--------+--------+--------+--------+
| epoch |   R1   |   R5   |  R10   |  mAP   |  mINP  |
+-------+--------+--------+--------+--------+--------+
|  -999 | 51.650 | 74.250 | 82.900 | 38.313 | 16.768 |
|   0   | 51.900 | 74.200 | 83.250 | 38.461 | 16.827 |
|   1   | 51.900 | 74.250 | 83.250 | 38.471 | 16.838 |
|   2   | 51.900 | 74.550 | 83.400 | 38.567 | 16.889 |
|   3   | 51.800 | 74.600 | 83.500 | 38.616 | 16.967 |
|   4   | 51.650 | 74.550 | 83.550 | 38.637 | 16.999 |
|   5   | 51.750 | 74.650 | 83.650 | 38.756 | 17.041 |
|   6   | 51.800 | 74.700 | 83.650 | 38.775 | 17.073 |
|   7   | 52.050 | 74.750 | 83.800 | 38.881 | 17.121 |
|   8   | 52.050 | 75.150 | 83.800 | 38.917 | 17.146 |
|   9   | 52.150 | 75.200 | 83.900 | 38.977 | 17.160 |
|   10  | 52.100 | 75.100 | 84.000 | 39.021 | 17.193 |
|   11  | 52.100 | 75.150 | 84.000 | 39.036 | 17.210 |
|   12  | 52.100 | 75.200 | 84.000 | 39.076 | 17.243 |
|   13  | 52.000 | 75.150 | 83.950 | 39.098 | 17.264 |
|   14  | 52.050 | 75.150 | 83.950 | 39.129 | 17.275 |
|   15  | 52.100 | 75.250 | 84.100 | 39.162 | 17.331 |
|   16  | 52.050 | 75.300 | 84.100 | 39.161 | 17.330 |
|   17  | 52.050 | 75.350 | 84.100 | 39.193 | 17.372 |
|   18  | 52.250 | 75.350 | 84.100 | 39.229 | 17.377 |
|   19  | 52.300 | 75.350 | 84.050 | 39.256 | 17.417 |
|   20  | 52.350 | 75.250 | 84.000 | 39.282 | 17.406 |
|   21  | 52.400 | 75.300 | 84.000 | 39.291 | 17.393 |
|   22  | 52.500 | 75.250 | 84.000 | 39.354 | 17.433 |
|   23  | 52.650 | 75.400 | 84.100 | 39.395 | 17.442 |
+-------+--------+--------+--------+--------+--------+
     logs:  {'epo': 23, 'R1': np.float32(52.65), 'R5': np.float32(75.4), 'R10': np.float32(84.1), 'mAP': np.float32(39.395), 'mINP': np.float32(17.442), 'entropy': 0.24150067567825317, 'loss': 1.3316280841827393, 'lr': 2.051259960249506e-05}
     Epoch[24] Iteration[10/20], entropy: 0.2757, loss: 1.3427, lr: 2.87e-05
     Epoch[24] Iteration[20/20], entropy: 0.2000, loss: 1.2996, lr: 8.64e-05
     Averaged stats: entropy: 0.2000, loss: 1.2996, lr: 8.64e-05
     itm tta time 0:00:05
### TTA Eval Score: 
+-------+--------+--------+--------+--------+--------+
| epoch |   R1   |   R5   |  R10   |  mAP   |  mINP  |
+-------+--------+--------+--------+--------+--------+
|  -999 | 51.650 | 74.250 | 82.900 | 38.313 | 16.768 |
|   0   | 51.900 | 74.200 | 83.250 | 38.461 | 16.827 |
|   1   | 51.900 | 74.250 | 83.250 | 38.471 | 16.838 |
|   2   | 51.900 | 74.550 | 83.400 | 38.567 | 16.889 |
|   3   | 51.800 | 74.600 | 83.500 | 38.616 | 16.967 |
|   4   | 51.650 | 74.550 | 83.550 | 38.637 | 16.999 |
|   5   | 51.750 | 74.650 | 83.650 | 38.756 | 17.041 |
|   6   | 51.800 | 74.700 | 83.650 | 38.775 | 17.073 |
|   7   | 52.050 | 74.750 | 83.800 | 38.881 | 17.121 |
|   8   | 52.050 | 75.150 | 83.800 | 38.917 | 17.146 |
|   9   | 52.150 | 75.200 | 83.900 | 38.977 | 17.160 |
|   10  | 52.100 | 75.100 | 84.000 | 39.021 | 17.193 |
|   11  | 52.100 | 75.150 | 84.000 | 39.036 | 17.210 |
|   12  | 52.100 | 75.200 | 84.000 | 39.076 | 17.243 |
|   13  | 52.000 | 75.150 | 83.950 | 39.098 | 17.264 |
|   14  | 52.050 | 75.150 | 83.950 | 39.129 | 17.275 |
|   15  | 52.100 | 75.250 | 84.100 | 39.162 | 17.331 |
|   16  | 52.050 | 75.300 | 84.100 | 39.161 | 17.330 |
|   17  | 52.050 | 75.350 | 84.100 | 39.193 | 17.372 |
|   18  | 52.250 | 75.350 | 84.100 | 39.229 | 17.377 |
|   19  | 52.300 | 75.350 | 84.050 | 39.256 | 17.417 |
|   20  | 52.350 | 75.250 | 84.000 | 39.282 | 17.406 |
|   21  | 52.400 | 75.300 | 84.000 | 39.291 | 17.393 |
|   22  | 52.500 | 75.250 | 84.000 | 39.354 | 17.433 |
|   23  | 52.650 | 75.400 | 84.100 | 39.395 | 17.442 |
|   24  | 52.650 | 75.600 | 84.100 | 39.399 | 17.438 |
+-------+--------+--------+--------+--------+--------+
     logs:  {'epo': 24, 'R1': np.float32(52.65), 'R5': np.float32(75.6), 'R10': np.float32(84.1), 'mAP': np.float32(39.399), 'mINP': np.float32(17.438), 'entropy': 0.2378203123807907, 'loss': 1.3211522102355957, 'lr': 5.757973339640839e-05}
     Epoch[25] Iteration[10/20], entropy: 0.2486, loss: 1.2935, lr: 9.38e-05
     Epoch[25] Iteration[20/20], entropy: 0.2319, loss: 1.2931, lr: 4.06e-05
     Averaged stats: entropy: 0.2319, loss: 1.2931, lr: 4.06e-05
     itm tta time 0:00:05
### TTA Eval Score: 
+-------+--------+--------+--------+--------+--------+
| epoch |   R1   |   R5   |  R10   |  mAP   |  mINP  |
+-------+--------+--------+--------+--------+--------+
|  -999 | 51.650 | 74.250 | 82.900 | 38.313 | 16.768 |
|   0   | 51.900 | 74.200 | 83.250 | 38.461 | 16.827 |
|   1   | 51.900 | 74.250 | 83.250 | 38.471 | 16.838 |
|   2   | 51.900 | 74.550 | 83.400 | 38.567 | 16.889 |
|   3   | 51.800 | 74.600 | 83.500 | 38.616 | 16.967 |
|   4   | 51.650 | 74.550 | 83.550 | 38.637 | 16.999 |
|   5   | 51.750 | 74.650 | 83.650 | 38.756 | 17.041 |
|   6   | 51.800 | 74.700 | 83.650 | 38.775 | 17.073 |
|   7   | 52.050 | 74.750 | 83.800 | 38.881 | 17.121 |
|   8   | 52.050 | 75.150 | 83.800 | 38.917 | 17.146 |
|   9   | 52.150 | 75.200 | 83.900 | 38.977 | 17.160 |
|   10  | 52.100 | 75.100 | 84.000 | 39.021 | 17.193 |
|   11  | 52.100 | 75.150 | 84.000 | 39.036 | 17.210 |
|   12  | 52.100 | 75.200 | 84.000 | 39.076 | 17.243 |
|   13  | 52.000 | 75.150 | 83.950 | 39.098 | 17.264 |
|   14  | 52.050 | 75.150 | 83.950 | 39.129 | 17.275 |
|   15  | 52.100 | 75.250 | 84.100 | 39.162 | 17.331 |
|   16  | 52.050 | 75.300 | 84.100 | 39.161 | 17.330 |
|   17  | 52.050 | 75.350 | 84.100 | 39.193 | 17.372 |
|   18  | 52.250 | 75.350 | 84.100 | 39.229 | 17.377 |
|   19  | 52.300 | 75.350 | 84.050 | 39.256 | 17.417 |
|   20  | 52.350 | 75.250 | 84.000 | 39.282 | 17.406 |
|   21  | 52.400 | 75.300 | 84.000 | 39.291 | 17.393 |
|   22  | 52.500 | 75.250 | 84.000 | 39.354 | 17.433 |
|   23  | 52.650 | 75.400 | 84.100 | 39.395 | 17.442 |
|   24  | 52.650 | 75.600 | 84.100 | 39.399 | 17.438 |
|   25  | 52.600 | 75.650 | 84.150 | 39.398 | 17.493 |
+-------+--------+--------+--------+--------+--------+
     logs:  {'epo': 25, 'R1': np.float32(52.6), 'R5': np.float32(75.65), 'R10': np.float32(84.15), 'mAP': np.float32(39.398), 'mINP': np.float32(17.493), 'entropy': 0.24022508412599564, 'loss': 1.2932952642440796, 'lr': 6.722313413645385e-05}
     Epoch[26] Iteration[10/20], entropy: 0.2111, loss: 1.2756, lr: 3.94e-07
     Epoch[26] Iteration[20/20], entropy: 0.4068, loss: 1.4858, lr: 2.87e-05
     Averaged stats: entropy: 0.4068, loss: 1.4858, lr: 2.87e-05
     itm tta time 0:00:06
### TTA Eval Score: 
+-------+--------+--------+--------+--------+--------+
| epoch |   R1   |   R5   |  R10   |  mAP   |  mINP  |
+-------+--------+--------+--------+--------+--------+
|  -999 | 51.650 | 74.250 | 82.900 | 38.313 | 16.768 |
|   0   | 51.900 | 74.200 | 83.250 | 38.461 | 16.827 |
|   1   | 51.900 | 74.250 | 83.250 | 38.471 | 16.838 |
|   2   | 51.900 | 74.550 | 83.400 | 38.567 | 16.889 |
|   3   | 51.800 | 74.600 | 83.500 | 38.616 | 16.967 |
|   4   | 51.650 | 74.550 | 83.550 | 38.637 | 16.999 |
|   5   | 51.750 | 74.650 | 83.650 | 38.756 | 17.041 |
|   6   | 51.800 | 74.700 | 83.650 | 38.775 | 17.073 |
|   7   | 52.050 | 74.750 | 83.800 | 38.881 | 17.121 |
|   8   | 52.050 | 75.150 | 83.800 | 38.917 | 17.146 |
|   9   | 52.150 | 75.200 | 83.900 | 38.977 | 17.160 |
|   10  | 52.100 | 75.100 | 84.000 | 39.021 | 17.193 |
|   11  | 52.100 | 75.150 | 84.000 | 39.036 | 17.210 |
|   12  | 52.100 | 75.200 | 84.000 | 39.076 | 17.243 |
|   13  | 52.000 | 75.150 | 83.950 | 39.098 | 17.264 |
|   14  | 52.050 | 75.150 | 83.950 | 39.129 | 17.275 |
|   15  | 52.100 | 75.250 | 84.100 | 39.162 | 17.331 |
|   16  | 52.050 | 75.300 | 84.100 | 39.161 | 17.330 |
|   17  | 52.050 | 75.350 | 84.100 | 39.193 | 17.372 |
|   18  | 52.250 | 75.350 | 84.100 | 39.229 | 17.377 |
|   19  | 52.300 | 75.350 | 84.050 | 39.256 | 17.417 |
|   20  | 52.350 | 75.250 | 84.000 | 39.282 | 17.406 |
|   21  | 52.400 | 75.300 | 84.000 | 39.291 | 17.393 |
|   22  | 52.500 | 75.250 | 84.000 | 39.354 | 17.433 |
|   23  | 52.650 | 75.400 | 84.100 | 39.395 | 17.442 |
|   24  | 52.650 | 75.600 | 84.100 | 39.399 | 17.438 |
|   25  | 52.600 | 75.650 | 84.150 | 39.398 | 17.493 |
|   26  | 52.600 | 75.750 | 84.150 | 39.402 | 17.489 |
+-------+--------+--------+--------+--------+--------+
     logs:  {'epo': 26, 'R1': np.float32(52.6), 'R5': np.float32(75.75), 'R10': np.float32(84.15), 'mAP': np.float32(39.402), 'mINP': np.float32(17.489), 'entropy': 0.3089292496442795, 'loss': 1.3806803226470947, 'lr': 1.4552650178011294e-05}
     Epoch[27] Iteration[10/20], entropy: 0.4511, loss: 1.5233, lr: 8.64e-05
     Epoch[27] Iteration[20/20], entropy: 0.3829, loss: 1.3900, lr: 9.38e-05
     Averaged stats: entropy: 0.3829, loss: 1.3900, lr: 9.38e-05
     itm tta time 0:00:04
### TTA Eval Score: 
+-------+--------+--------+--------+--------+--------+
| epoch |   R1   |   R5   |  R10   |  mAP   |  mINP  |
+-------+--------+--------+--------+--------+--------+
|  -999 | 51.650 | 74.250 | 82.900 | 38.313 | 16.768 |
|   0   | 51.900 | 74.200 | 83.250 | 38.461 | 16.827 |
|   1   | 51.900 | 74.250 | 83.250 | 38.471 | 16.838 |
|   2   | 51.900 | 74.550 | 83.400 | 38.567 | 16.889 |
|   3   | 51.800 | 74.600 | 83.500 | 38.616 | 16.967 |
|   4   | 51.650 | 74.550 | 83.550 | 38.637 | 16.999 |
|   5   | 51.750 | 74.650 | 83.650 | 38.756 | 17.041 |
|   6   | 51.800 | 74.700 | 83.650 | 38.775 | 17.073 |
|   7   | 52.050 | 74.750 | 83.800 | 38.881 | 17.121 |
|   8   | 52.050 | 75.150 | 83.800 | 38.917 | 17.146 |
|   9   | 52.150 | 75.200 | 83.900 | 38.977 | 17.160 |
|   10  | 52.100 | 75.100 | 84.000 | 39.021 | 17.193 |
|   11  | 52.100 | 75.150 | 84.000 | 39.036 | 17.210 |
|   12  | 52.100 | 75.200 | 84.000 | 39.076 | 17.243 |
|   13  | 52.000 | 75.150 | 83.950 | 39.098 | 17.264 |
|   14  | 52.050 | 75.150 | 83.950 | 39.129 | 17.275 |
|   15  | 52.100 | 75.250 | 84.100 | 39.162 | 17.331 |
|   16  | 52.050 | 75.300 | 84.100 | 39.161 | 17.330 |
|   17  | 52.050 | 75.350 | 84.100 | 39.193 | 17.372 |
|   18  | 52.250 | 75.350 | 84.100 | 39.229 | 17.377 |
|   19  | 52.300 | 75.350 | 84.050 | 39.256 | 17.417 |
|   20  | 52.350 | 75.250 | 84.000 | 39.282 | 17.406 |
|   21  | 52.400 | 75.300 | 84.000 | 39.291 | 17.393 |
|   22  | 52.500 | 75.250 | 84.000 | 39.354 | 17.433 |
|   23  | 52.650 | 75.400 | 84.100 | 39.395 | 17.442 |
|   24  | 52.650 | 75.600 | 84.100 | 39.399 | 17.438 |
|   25  | 52.600 | 75.650 | 84.150 | 39.398 | 17.493 |
|   26  | 52.600 | 75.750 | 84.150 | 39.402 | 17.489 |
|   27  | 52.650 | 75.650 | 84.100 | 39.452 | 17.541 |
+-------+--------+--------+--------+--------+--------+
     logs:  {'epo': 27, 'R1': np.float32(52.65), 'R5': np.float32(75.65), 'R10': np.float32(84.1), 'mAP': np.float32(39.452), 'mINP': np.float32(17.541), 'entropy': 0.417004331946373, 'loss': 1.4566563367843628, 'lr': 9.0131882686632e-05}
     Epoch[28] Iteration[10/20], entropy: 0.2199, loss: 1.2681, lr: 4.06e-05
     Epoch[28] Iteration[20/20], entropy: 0.3901, loss: 1.4122, lr: 3.94e-07
     Averaged stats: entropy: 0.3901, loss: 1.4122, lr: 3.94e-07
     itm tta time 0:00:04
### TTA Eval Score: 
+-------+--------+--------+--------+--------+--------+
| epoch |   R1   |   R5   |  R10   |  mAP   |  mINP  |
+-------+--------+--------+--------+--------+--------+
|  -999 | 51.650 | 74.250 | 82.900 | 38.313 | 16.768 |
|   0   | 51.900 | 74.200 | 83.250 | 38.461 | 16.827 |
|   1   | 51.900 | 74.250 | 83.250 | 38.471 | 16.838 |
|   2   | 51.900 | 74.550 | 83.400 | 38.567 | 16.889 |
|   3   | 51.800 | 74.600 | 83.500 | 38.616 | 16.967 |
|   4   | 51.650 | 74.550 | 83.550 | 38.637 | 16.999 |
|   5   | 51.750 | 74.650 | 83.650 | 38.756 | 17.041 |
|   6   | 51.800 | 74.700 | 83.650 | 38.775 | 17.073 |
|   7   | 52.050 | 74.750 | 83.800 | 38.881 | 17.121 |
|   8   | 52.050 | 75.150 | 83.800 | 38.917 | 17.146 |
|   9   | 52.150 | 75.200 | 83.900 | 38.977 | 17.160 |
|   10  | 52.100 | 75.100 | 84.000 | 39.021 | 17.193 |
|   11  | 52.100 | 75.150 | 84.000 | 39.036 | 17.210 |
|   12  | 52.100 | 75.200 | 84.000 | 39.076 | 17.243 |
|   13  | 52.000 | 75.150 | 83.950 | 39.098 | 17.264 |
|   14  | 52.050 | 75.150 | 83.950 | 39.129 | 17.275 |
|   15  | 52.100 | 75.250 | 84.100 | 39.162 | 17.331 |
|   16  | 52.050 | 75.300 | 84.100 | 39.161 | 17.330 |
|   17  | 52.050 | 75.350 | 84.100 | 39.193 | 17.372 |
|   18  | 52.250 | 75.350 | 84.100 | 39.229 | 17.377 |
|   19  | 52.300 | 75.350 | 84.050 | 39.256 | 17.417 |
|   20  | 52.350 | 75.250 | 84.000 | 39.282 | 17.406 |
|   21  | 52.400 | 75.300 | 84.000 | 39.291 | 17.393 |
|   22  | 52.500 | 75.250 | 84.000 | 39.354 | 17.433 |
|   23  | 52.650 | 75.400 | 84.100 | 39.395 | 17.442 |
|   24  | 52.650 | 75.600 | 84.100 | 39.399 | 17.438 |
|   25  | 52.600 | 75.650 | 84.150 | 39.398 | 17.493 |
|   26  | 52.600 | 75.750 | 84.150 | 39.402 | 17.489 |
|   27  | 52.650 | 75.650 | 84.100 | 39.452 | 17.541 |
|   28  | 52.650 | 75.650 | 84.200 | 39.475 | 17.558 |
+-------+--------+--------+--------+--------+--------+
     logs:  {'epo': 28, 'R1': np.float32(52.65), 'R5': np.float32(75.65), 'R10': np.float32(84.2), 'mAP': np.float32(39.475), 'mINP': np.float32(17.558), 'entropy': 0.3049689084291458, 'loss': 1.3401175141334534, 'lr': 2.0512599602495072e-05}
     Epoch[29] Iteration[10/20], entropy: 0.2519, loss: 1.3219, lr: 2.87e-05
     Epoch[29] Iteration[20/20], entropy: 0.3783, loss: 1.4291, lr: 8.64e-05
     Averaged stats: entropy: 0.3783, loss: 1.4291, lr: 8.64e-05
     itm tta time 0:00:05
### TTA Eval Score: 
+-------+--------+--------+--------+--------+--------+
| epoch |   R1   |   R5   |  R10   |  mAP   |  mINP  |
+-------+--------+--------+--------+--------+--------+
|  -999 | 51.650 | 74.250 | 82.900 | 38.313 | 16.768 |
|   0   | 51.900 | 74.200 | 83.250 | 38.461 | 16.827 |
|   1   | 51.900 | 74.250 | 83.250 | 38.471 | 16.838 |
|   2   | 51.900 | 74.550 | 83.400 | 38.567 | 16.889 |
|   3   | 51.800 | 74.600 | 83.500 | 38.616 | 16.967 |
|   4   | 51.650 | 74.550 | 83.550 | 38.637 | 16.999 |
|   5   | 51.750 | 74.650 | 83.650 | 38.756 | 17.041 |
|   6   | 51.800 | 74.700 | 83.650 | 38.775 | 17.073 |
|   7   | 52.050 | 74.750 | 83.800 | 38.881 | 17.121 |
|   8   | 52.050 | 75.150 | 83.800 | 38.917 | 17.146 |
|   9   | 52.150 | 75.200 | 83.900 | 38.977 | 17.160 |
|   10  | 52.100 | 75.100 | 84.000 | 39.021 | 17.193 |
|   11  | 52.100 | 75.150 | 84.000 | 39.036 | 17.210 |
|   12  | 52.100 | 75.200 | 84.000 | 39.076 | 17.243 |
|   13  | 52.000 | 75.150 | 83.950 | 39.098 | 17.264 |
|   14  | 52.050 | 75.150 | 83.950 | 39.129 | 17.275 |
|   15  | 52.100 | 75.250 | 84.100 | 39.162 | 17.331 |
|   16  | 52.050 | 75.300 | 84.100 | 39.161 | 17.330 |
|   17  | 52.050 | 75.350 | 84.100 | 39.193 | 17.372 |
|   18  | 52.250 | 75.350 | 84.100 | 39.229 | 17.377 |
|   19  | 52.300 | 75.350 | 84.050 | 39.256 | 17.417 |
|   20  | 52.350 | 75.250 | 84.000 | 39.282 | 17.406 |
|   21  | 52.400 | 75.300 | 84.000 | 39.291 | 17.393 |
|   22  | 52.500 | 75.250 | 84.000 | 39.354 | 17.433 |
|   23  | 52.650 | 75.400 | 84.100 | 39.395 | 17.442 |
|   24  | 52.650 | 75.600 | 84.100 | 39.399 | 17.438 |
|   25  | 52.600 | 75.650 | 84.150 | 39.398 | 17.493 |
|   26  | 52.600 | 75.750 | 84.150 | 39.402 | 17.489 |
|   27  | 52.650 | 75.650 | 84.100 | 39.452 | 17.541 |
|   28  | 52.650 | 75.650 | 84.200 | 39.475 | 17.558 |
|   29  | 52.650 | 75.600 | 84.250 | 39.482 | 17.564 |
+-------+--------+--------+--------+--------+--------+
     logs:  {'epo': 29, 'R1': np.float32(52.65), 'R5': np.float32(75.6), 'R10': np.float32(84.25), 'mAP': np.float32(39.482), 'mINP': np.float32(17.564), 'entropy': 0.31511925160884857, 'loss': 1.375527262687683, 'lr': 5.757973339640837e-05}
### best epoch 23 : {'epo': '23', 'R1': '52.65', 'R5': '75.4', 'R10': '84.1', 'mAP': '39.395', 'mINP': '17.442', 'entropy': '0.24150067567825317', 'loss': '1.3316280841827393', 'lr': '2.051259960249506e-05'}
### Time 0:05:43
