Not using distributed mode
### Hyper-parameters:
     output_dir: output_rerun/mllm_rstp_tta_best2/exp3.1.1/2025090900152
     seed: 42
     device: cuda
     batch_size_tta: 32
     epochs: 30
     lr: 5e-05
### Creating test dataset
     test_txt_set: 2000    test_img_set: 1000
     test_txt_loader: 4    test_img_loader: 2
### Creating model
Training Model with ['sdm', 'id', 'mlm'] tasks
Resized position embedding from size:torch.Size([1, 197, 768]) to size: torch.Size([1, 193, 768]) with height:24 width: 8
     Total Params Sum:  190789493
### Zero-Shot Score: 
/home/jiahao/task/IRRA/tta.py:261: FutureWarning: `torch.cuda.amp.GradScaler(args...)` is deprecated. Please use `torch.amp.GradScaler('cuda', args...)` instead.
  scaler = GradScaler()  # bf16
+-------+--------+--------+--------+--------+--------+
| epoch |   R1   |   R5   |  R10   |  mAP   |  mINP  |
+-------+--------+--------+--------+--------+--------+
|  -999 | 51.700 | 74.200 | 82.900 | 38.320 | 16.763 |
+-------+--------+--------+--------+--------+--------+
### TTA:
### Compute Cos Similarity Uncertainty
     preprocess_tta_coefficients  start
     sample selection ...
     number of sample after sample_selection: 2000
     uncertainty ...
     pos/neg sampling ...
      number of sample after pos/neg sampling: torch.Size([2000, 4])
     preprocess_tta_coefficients  end
### Creating TTA dataset
     tta_dataset: 2000
### Creating tta dataloader
### be careful: func create_loader returns a list length of 1
     tta_loader: 62
### Configure adapted weights
     TTA Dropout Modules: 
 []
     TTA Require Gradient Params: 
 [('base_model.transformer.resblocks.1.ln_1.weight', torch.Size([512])), ('base_model.transformer.resblocks.1.ln_1.bias', torch.Size([512])), ('base_model.transformer.resblocks.1.ln_2.weight', torch.Size([512])), ('base_model.transformer.resblocks.1.ln_2.bias', torch.Size([512])), ('base_model.transformer.resblocks.2.ln_1.weight', torch.Size([512])), ('base_model.transformer.resblocks.2.ln_1.bias', torch.Size([512])), ('base_model.transformer.resblocks.2.ln_2.weight', torch.Size([512])), ('base_model.transformer.resblocks.2.ln_2.bias', torch.Size([512])), ('base_model.transformer.resblocks.3.ln_1.weight', torch.Size([512])), ('base_model.transformer.resblocks.3.ln_1.bias', torch.Size([512])), ('base_model.transformer.resblocks.3.ln_2.weight', torch.Size([512])), ('base_model.transformer.resblocks.3.ln_2.bias', torch.Size([512])), ('base_model.transformer.resblocks.4.ln_1.weight', torch.Size([512])), ('base_model.transformer.resblocks.4.ln_1.bias', torch.Size([512])), ('base_model.transformer.resblocks.4.ln_2.weight', torch.Size([512])), ('base_model.transformer.resblocks.4.ln_2.bias', torch.Size([512])), ('base_model.transformer.resblocks.5.ln_1.weight', torch.Size([512])), ('base_model.transformer.resblocks.5.ln_1.bias', torch.Size([512])), ('base_model.transformer.resblocks.5.ln_2.weight', torch.Size([512])), ('base_model.transformer.resblocks.5.ln_2.bias', torch.Size([512])), ('base_model.transformer.resblocks.7.ln_1.weight', torch.Size([512])), ('base_model.transformer.resblocks.7.ln_1.bias', torch.Size([512])), ('base_model.transformer.resblocks.7.ln_2.weight', torch.Size([512])), ('base_model.transformer.resblocks.7.ln_2.bias', torch.Size([512])), ('base_model.transformer.resblocks.8.ln_1.weight', torch.Size([512])), ('base_model.transformer.resblocks.8.ln_1.bias', torch.Size([512])), ('base_model.transformer.resblocks.8.ln_2.weight', torch.Size([512])), ('base_model.transformer.resblocks.8.ln_2.bias', torch.Size([512])), ('base_model.transformer.resblocks.9.ln_1.weight', torch.Size([512])), ('base_model.transformer.resblocks.9.ln_1.bias', torch.Size([512])), ('base_model.transformer.resblocks.9.ln_2.weight', torch.Size([512])), ('base_model.transformer.resblocks.9.ln_2.bias', torch.Size([512])), ('base_model.transformer.resblocks.10.ln_1.weight', torch.Size([512])), ('base_model.transformer.resblocks.10.ln_1.bias', torch.Size([512])), ('base_model.transformer.resblocks.10.ln_2.weight', torch.Size([512])), ('base_model.transformer.resblocks.10.ln_2.bias', torch.Size([512])), ('base_model.transformer.resblocks.11.ln_1.weight', torch.Size([512])), ('base_model.transformer.resblocks.11.ln_1.bias', torch.Size([512])), ('base_model.transformer.resblocks.11.ln_2.weight', torch.Size([512])), ('base_model.transformer.resblocks.11.ln_2.bias', torch.Size([512])), ('base_model.ln_final.weight', torch.Size([512])), ('base_model.ln_final.bias', torch.Size([512]))]
     TTA Dropout Modules Number: 
 0
     TTA Require Gradient Params Sum: 
 21504
Using 5.0 times learning rate for random init module 
### Start Test Time Adaptation
/home/jiahao/task/IRRA/tta.py:65: FutureWarning: `torch.cuda.amp.autocast(args...)` is deprecated. Please use `torch.amp.autocast('cuda', args...)` instead.
  with torch.cuda.amp.autocast(enabled=True):
     Epoch[0] Iteration[10/62], entropy: 0.5066, loss: 2.2507, lr: 4.52e-05
     Epoch[0] Iteration[20/62], entropy: 0.5126, loss: 2.2627, lr: 1.73e-05
     Epoch[0] Iteration[30/62], entropy: 0.3497, loss: 2.1501, lr: 0.00e+00
     Epoch[0] Iteration[40/62], entropy: 0.4341, loss: 2.2142, lr: 1.73e-05
     Epoch[0] Iteration[50/62], entropy: 0.5277, loss: 2.3482, lr: 4.52e-05
     Epoch[0] Iteration[60/62], entropy: 0.4861, loss: 2.2669, lr: 4.52e-05
     Averaged stats: entropy: 0.4520, loss: 2.2614, lr: 4.09e-05
     itm tta time 0:00:17
### TTA Eval Score: 
+-------+--------+--------+--------+--------+--------+
| epoch |   R1   |   R5   |  R10   |  mAP   |  mINP  |
+-------+--------+--------+--------+--------+--------+
|  -999 | 51.700 | 74.200 | 82.900 | 38.320 | 16.763 |
|   0   | 51.800 | 74.200 | 83.050 | 38.374 | 16.780 |
+-------+--------+--------+--------+--------+--------+
     logs:  {'epo': 0, 'R1': np.float32(51.8), 'R5': np.float32(74.2), 'R10': np.float32(83.05), 'mAP': np.float32(38.374), 'mINP': np.float32(16.78), 'entropy': 0.4694876621166865, 'loss': 2.2487866481145224, 'lr': 2.8370904143228945e-05}
     Epoch[1] Iteration[10/62], entropy: 0.5164, loss: 2.2143, lr: 1.16e-05
     Epoch[1] Iteration[20/62], entropy: 0.4406, loss: 2.2479, lr: 7.85e-07
     Epoch[1] Iteration[30/62], entropy: 0.3213, loss: 2.1649, lr: 2.34e-05
     Epoch[1] Iteration[40/62], entropy: 0.4015, loss: 2.2096, lr: 4.82e-05
     Epoch[1] Iteration[50/62], entropy: 0.4399, loss: 2.2827, lr: 4.09e-05
     Epoch[1] Iteration[60/62], entropy: 0.5292, loss: 2.3483, lr: 1.16e-05
     Averaged stats: entropy: 0.4513, loss: 2.2199, lr: 6.78e-06
     itm tta time 0:00:15
### TTA Eval Score: 
+-------+--------+--------+--------+--------+--------+
| epoch |   R1   |   R5   |  R10   |  mAP   |  mINP  |
+-------+--------+--------+--------+--------+--------+
|  -999 | 51.700 | 74.200 | 82.900 | 38.320 | 16.763 |
|   0   | 51.800 | 74.200 | 83.050 | 38.374 | 16.780 |
|   1   | 51.850 | 74.300 | 83.050 | 38.439 | 16.796 |
+-------+--------+--------+--------+--------+--------+
     logs:  {'epo': 1, 'R1': np.float32(51.85), 'R5': np.float32(74.3), 'R10': np.float32(83.05), 'mAP': np.float32(38.439), 'mINP': np.float32(16.796), 'entropy': 0.44147587815920514, 'loss': 2.2446144819259644, 'lr': 2.276738835425419e-05}
     Epoch[2] Iteration[10/62], entropy: 0.5415, loss: 2.3716, lr: 3.09e-06
     Epoch[2] Iteration[20/62], entropy: 0.5408, loss: 2.3312, lr: 2.97e-05
     Epoch[2] Iteration[30/62], entropy: 0.4902, loss: 2.3088, lr: 4.98e-05
     Epoch[2] Iteration[40/62], entropy: 0.5122, loss: 2.3490, lr: 3.56e-05
     Epoch[2] Iteration[50/62], entropy: 0.4421, loss: 2.3011, lr: 6.78e-06
     Epoch[2] Iteration[60/62], entropy: 0.5199, loss: 2.3473, lr: 3.09e-06
     Averaged stats: entropy: 0.5100, loss: 2.3443, lr: 6.78e-06
     itm tta time 0:00:17
### TTA Eval Score: 
+-------+--------+--------+--------+--------+--------+
| epoch |   R1   |   R5   |  R10   |  mAP   |  mINP  |
+-------+--------+--------+--------+--------+--------+
|  -999 | 51.700 | 74.200 | 82.900 | 38.320 | 16.763 |
|   0   | 51.800 | 74.200 | 83.050 | 38.374 | 16.780 |
|   1   | 51.850 | 74.300 | 83.050 | 38.439 | 16.796 |
|   2   | 51.850 | 74.400 | 83.150 | 38.464 | 16.802 |
+-------+--------+--------+--------+--------+--------+
     logs:  {'epo': 2, 'R1': np.float32(51.85), 'R5': np.float32(74.4), 'R10': np.float32(83.15), 'mAP': np.float32(38.464), 'mINP': np.float32(16.802), 'entropy': 0.507781520485878, 'loss': 2.3348262310028076, 'lr': 2.134872216648389e-05}
     Epoch[3] Iteration[10/62], entropy: 0.5111, loss: 2.2774, lr: 3.56e-05
     Epoch[3] Iteration[20/62], entropy: 0.4826, loss: 2.2814, lr: 4.98e-05
     Epoch[3] Iteration[30/62], entropy: 0.5006, loss: 2.3194, lr: 2.97e-05
     Epoch[3] Iteration[40/62], entropy: 0.4565, loss: 2.2174, lr: 3.09e-06
     Epoch[3] Iteration[50/62], entropy: 0.5192, loss: 2.3568, lr: 6.78e-06
     Epoch[3] Iteration[60/62], entropy: 0.5532, loss: 2.3624, lr: 3.56e-05
     Averaged stats: entropy: 0.5327, loss: 2.3450, lr: 4.09e-05
     itm tta time 0:00:16
### TTA Eval Score: 
+-------+--------+--------+--------+--------+--------+
| epoch |   R1   |   R5   |  R10   |  mAP   |  mINP  |
+-------+--------+--------+--------+--------+--------+
|  -999 | 51.700 | 74.200 | 82.900 | 38.320 | 16.763 |
|   0   | 51.800 | 74.200 | 83.050 | 38.374 | 16.780 |
|   1   | 51.850 | 74.300 | 83.050 | 38.439 | 16.796 |
|   2   | 51.850 | 74.400 | 83.150 | 38.464 | 16.802 |
|   3   | 51.850 | 74.400 | 83.150 | 38.498 | 16.790 |
+-------+--------+--------+--------+--------+--------+
     logs:  {'epo': 3, 'R1': np.float32(51.85), 'R5': np.float32(74.4), 'R10': np.float32(83.15), 'mAP': np.float32(38.498), 'mINP': np.float32(16.79), 'entropy': 0.5038705517848333, 'loss': 2.302474061648051, 'lr': 2.677408038152115e-05}
     Epoch[4] Iteration[10/62], entropy: 0.5746, loss: 2.3979, lr: 4.82e-05
     Epoch[4] Iteration[20/62], entropy: 0.6675, loss: 2.4589, lr: 2.34e-05
     Epoch[4] Iteration[30/62], entropy: 0.4232, loss: 2.2076, lr: 7.85e-07
     Epoch[4] Iteration[40/62], entropy: 0.5159, loss: 2.3483, lr: 1.16e-05
     Epoch[4] Iteration[50/62], entropy: 0.5698, loss: 2.3921, lr: 4.09e-05
     Epoch[4] Iteration[60/62], entropy: 0.4887, loss: 2.2604, lr: 4.82e-05
     Averaged stats: entropy: 0.3623, loss: 2.1878, lr: 4.52e-05
     itm tta time 0:00:11
### TTA Eval Score: 
+-------+--------+--------+--------+--------+--------+
| epoch |   R1   |   R5   |  R10   |  mAP   |  mINP  |
+-------+--------+--------+--------+--------+--------+
|  -999 | 51.700 | 74.200 | 82.900 | 38.320 | 16.763 |
|   0   | 51.800 | 74.200 | 83.050 | 38.374 | 16.780 |
|   1   | 51.850 | 74.300 | 83.050 | 38.439 | 16.796 |
|   2   | 51.850 | 74.400 | 83.150 | 38.464 | 16.802 |
|   3   | 51.850 | 74.400 | 83.150 | 38.498 | 16.790 |
|   4   | 51.850 | 74.400 | 83.150 | 38.541 | 16.813 |
+-------+--------+--------+--------+--------+--------+
     logs:  {'epo': 4, 'R1': np.float32(51.85), 'R5': np.float32(74.4), 'R10': np.float32(83.15), 'mAP': np.float32(38.541), 'mINP': np.float32(16.813), 'entropy': 0.539962649345398, 'loss': 2.344201405843099, 'lr': 2.8874068691201078e-05}
     Epoch[5] Iteration[10/62], entropy: 0.5236, loss: 2.3043, lr: 1.73e-05
     Epoch[5] Iteration[20/62], entropy: 0.5512, loss: 2.4120, lr: 0.00e+00
     Epoch[5] Iteration[30/62], entropy: 0.5285, loss: 2.3623, lr: 1.73e-05
     Epoch[5] Iteration[40/62], entropy: 0.4780, loss: 2.2085, lr: 4.52e-05
     Epoch[5] Iteration[50/62], entropy: 0.3360, loss: 2.1080, lr: 4.52e-05
     Epoch[5] Iteration[60/62], entropy: 0.5964, loss: 2.4205, lr: 1.73e-05
     Averaged stats: entropy: 0.4314, loss: 2.2659, lr: 1.16e-05
     itm tta time 0:00:16
### TTA Eval Score: 
+-------+--------+--------+--------+--------+--------+
| epoch |   R1   |   R5   |  R10   |  mAP   |  mINP  |
+-------+--------+--------+--------+--------+--------+
|  -999 | 51.700 | 74.200 | 82.900 | 38.320 | 16.763 |
|   0   | 51.800 | 74.200 | 83.050 | 38.374 | 16.780 |
|   1   | 51.850 | 74.300 | 83.050 | 38.439 | 16.796 |
|   2   | 51.850 | 74.400 | 83.150 | 38.464 | 16.802 |
|   3   | 51.850 | 74.400 | 83.150 | 38.498 | 16.790 |
|   4   | 51.850 | 74.400 | 83.150 | 38.541 | 16.813 |
|   5   | 51.800 | 74.500 | 83.150 | 38.556 | 16.792 |
+-------+--------+--------+--------+--------+--------+
     logs:  {'epo': 5, 'R1': np.float32(51.8), 'R5': np.float32(74.5), 'R10': np.float32(83.15), 'mAP': np.float32(38.556), 'mINP': np.float32(16.792), 'entropy': 0.5022973418235779, 'loss': 2.302597403526306, 'lr': 2.3712429190104452e-05}
     Epoch[6] Iteration[10/62], entropy: 0.4993, loss: 2.3122, lr: 7.85e-07
     Epoch[6] Iteration[20/62], entropy: 0.4300, loss: 2.2757, lr: 2.34e-05
     Epoch[6] Iteration[30/62], entropy: 0.4892, loss: 2.3370, lr: 4.82e-05
     Epoch[6] Iteration[40/62], entropy: 0.5036, loss: 2.2628, lr: 4.09e-05
     Epoch[6] Iteration[50/62], entropy: 0.5066, loss: 2.2779, lr: 1.16e-05
     Epoch[6] Iteration[60/62], entropy: 0.4273, loss: 2.2319, lr: 7.85e-07
     Averaged stats: entropy: 0.3651, loss: 2.1494, lr: 3.09e-06
     itm tta time 0:00:16
### TTA Eval Score: 
+-------+--------+--------+--------+--------+--------+
| epoch |   R1   |   R5   |  R10   |  mAP   |  mINP  |
+-------+--------+--------+--------+--------+--------+
|  -999 | 51.700 | 74.200 | 82.900 | 38.320 | 16.763 |
|   0   | 51.800 | 74.200 | 83.050 | 38.374 | 16.780 |
|   1   | 51.850 | 74.300 | 83.050 | 38.439 | 16.796 |
|   2   | 51.850 | 74.400 | 83.150 | 38.464 | 16.802 |
|   3   | 51.850 | 74.400 | 83.150 | 38.498 | 16.790 |
|   4   | 51.850 | 74.400 | 83.150 | 38.541 | 16.813 |
|   5   | 51.800 | 74.500 | 83.150 | 38.556 | 16.792 |
|   6   | 51.900 | 74.600 | 83.200 | 38.572 | 16.813 |
+-------+--------+--------+--------+--------+--------+
     logs:  {'epo': 6, 'R1': np.float32(51.9), 'R5': np.float32(74.6), 'R10': np.float32(83.2), 'mAP': np.float32(38.572), 'mINP': np.float32(16.813), 'entropy': 0.47600651780764264, 'loss': 2.2829232215881348, 'lr': 2.0964236828630696e-05}
     Epoch[7] Iteration[10/62], entropy: 0.5602, loss: 2.4375, lr: 2.97e-05
     Epoch[7] Iteration[20/62], entropy: 0.3990, loss: 2.2186, lr: 4.98e-05
     Epoch[7] Iteration[30/62], entropy: 0.4611, loss: 2.2384, lr: 3.56e-05
     Epoch[7] Iteration[40/62], entropy: 0.5420, loss: 2.3556, lr: 6.78e-06
     Epoch[7] Iteration[50/62], entropy: 0.5143, loss: 2.3489, lr: 3.09e-06
     Epoch[7] Iteration[60/62], entropy: 0.4435, loss: 2.2707, lr: 2.97e-05
     Averaged stats: entropy: 0.5401, loss: 2.3293, lr: 3.56e-05
     itm tta time 0:00:16
### TTA Eval Score: 
+-------+--------+--------+--------+--------+--------+
| epoch |   R1   |   R5   |  R10   |  mAP   |  mINP  |
+-------+--------+--------+--------+--------+--------+
|  -999 | 51.700 | 74.200 | 82.900 | 38.320 | 16.763 |
|   0   | 51.800 | 74.200 | 83.050 | 38.374 | 16.780 |
|   1   | 51.850 | 74.300 | 83.050 | 38.439 | 16.796 |
|   2   | 51.850 | 74.400 | 83.150 | 38.464 | 16.802 |
|   3   | 51.850 | 74.400 | 83.150 | 38.498 | 16.790 |
|   4   | 51.850 | 74.400 | 83.150 | 38.541 | 16.813 |
|   5   | 51.800 | 74.500 | 83.150 | 38.556 | 16.792 |
|   6   | 51.900 | 74.600 | 83.200 | 38.572 | 16.813 |
|   7   | 51.950 | 74.500 | 83.150 | 38.604 | 16.838 |
+-------+--------+--------+--------+--------+--------+
     logs:  {'epo': 7, 'R1': np.float32(51.95), 'R5': np.float32(74.5), 'R10': np.float32(83.15), 'mAP': np.float32(38.604), 'mINP': np.float32(16.838), 'entropy': 0.48666875064373016, 'loss': 2.3116217454274497, 'lr': 2.5780755477440437e-05}
     Epoch[8] Iteration[10/62], entropy: 0.4308, loss: 2.1818, lr: 4.98e-05
     Epoch[8] Iteration[20/62], entropy: 0.4416, loss: 2.2328, lr: 2.97e-05
     Epoch[8] Iteration[30/62], entropy: 0.4560, loss: 2.2898, lr: 3.09e-06
     Epoch[8] Iteration[40/62], entropy: 0.4527, loss: 2.1993, lr: 6.78e-06
     Epoch[8] Iteration[50/62], entropy: 0.4767, loss: 2.2685, lr: 3.56e-05
     Epoch[8] Iteration[60/62], entropy: 0.4838, loss: 2.3086, lr: 4.98e-05
     Averaged stats: entropy: 0.4247, loss: 2.2267, lr: 4.82e-05
     itm tta time 0:00:17
### TTA Eval Score: 
+-------+--------+--------+--------+--------+--------+
| epoch |   R1   |   R5   |  R10   |  mAP   |  mINP  |
+-------+--------+--------+--------+--------+--------+
|  -999 | 51.700 | 74.200 | 82.900 | 38.320 | 16.763 |
|   0   | 51.800 | 74.200 | 83.050 | 38.374 | 16.780 |
|   1   | 51.850 | 74.300 | 83.050 | 38.439 | 16.796 |
|   2   | 51.850 | 74.400 | 83.150 | 38.464 | 16.802 |
|   3   | 51.850 | 74.400 | 83.150 | 38.498 | 16.790 |
|   4   | 51.850 | 74.400 | 83.150 | 38.541 | 16.813 |
|   5   | 51.800 | 74.500 | 83.150 | 38.556 | 16.792 |
|   6   | 51.900 | 74.600 | 83.200 | 38.572 | 16.813 |
|   7   | 51.950 | 74.500 | 83.150 | 38.604 | 16.838 |
|   8   | 51.950 | 74.650 | 83.150 | 38.643 | 16.834 |
+-------+--------+--------+--------+--------+--------+
     logs:  {'epo': 8, 'R1': np.float32(51.95), 'R5': np.float32(74.65), 'R10': np.float32(83.15), 'mAP': np.float32(38.643), 'mINP': np.float32(16.834), 'entropy': 0.4569101929664612, 'loss': 2.2468031644821167, 'lr': 2.9133811255477e-05}
     Epoch[9] Iteration[10/62], entropy: 0.4938, loss: 2.3388, lr: 2.34e-05
     Epoch[9] Iteration[20/62], entropy: 0.4997, loss: 2.3214, lr: 7.85e-07
     Epoch[9] Iteration[30/62], entropy: 0.4362, loss: 2.2170, lr: 1.16e-05
     Epoch[9] Iteration[40/62], entropy: 0.5520, loss: 2.3644, lr: 4.09e-05
     Epoch[9] Iteration[50/62], entropy: 0.4398, loss: 2.2201, lr: 4.82e-05
     Epoch[9] Iteration[60/62], entropy: 0.4117, loss: 2.1889, lr: 2.34e-05
     Averaged stats: entropy: 0.4760, loss: 2.2998, lr: 1.73e-05
     itm tta time 0:00:12
### TTA Eval Score: 
+-------+--------+--------+--------+--------+--------+
| epoch |   R1   |   R5   |  R10   |  mAP   |  mINP  |
+-------+--------+--------+--------+--------+--------+
|  -999 | 51.700 | 74.200 | 82.900 | 38.320 | 16.763 |
|   0   | 51.800 | 74.200 | 83.050 | 38.374 | 16.780 |
|   1   | 51.850 | 74.300 | 83.050 | 38.439 | 16.796 |
|   2   | 51.850 | 74.400 | 83.150 | 38.464 | 16.802 |
|   3   | 51.850 | 74.400 | 83.150 | 38.498 | 16.790 |
|   4   | 51.850 | 74.400 | 83.150 | 38.541 | 16.813 |
|   5   | 51.800 | 74.500 | 83.150 | 38.556 | 16.792 |
|   6   | 51.900 | 74.600 | 83.200 | 38.572 | 16.813 |
|   7   | 51.950 | 74.500 | 83.150 | 38.604 | 16.838 |
|   8   | 51.950 | 74.650 | 83.150 | 38.643 | 16.834 |
|   9   | 51.900 | 74.950 | 83.250 | 38.647 | 16.843 |
+-------+--------+--------+--------+--------+--------+
     logs:  {'epo': 9, 'R1': np.float32(51.9), 'R5': np.float32(74.95), 'R10': np.float32(83.25), 'mAP': np.float32(38.647), 'mINP': np.float32(16.843), 'entropy': 0.4721963107585907, 'loss': 2.2750959396362305, 'lr': 2.4738372835294518e-05}
     Epoch[10] Iteration[10/62], entropy: 0.3858, loss: 2.0798, lr: 0.00e+00
     Epoch[10] Iteration[20/62], entropy: 0.4545, loss: 2.2986, lr: 1.73e-05
     Epoch[10] Iteration[30/62], entropy: 0.4817, loss: 2.3310, lr: 4.52e-05
     Epoch[10] Iteration[40/62], entropy: 0.5766, loss: 2.4551, lr: 4.52e-05
     Epoch[10] Iteration[50/62], entropy: 0.5117, loss: 2.3124, lr: 1.73e-05
     Epoch[10] Iteration[60/62], entropy: 0.4247, loss: 2.2470, lr: 0.00e+00
     Averaged stats: entropy: 0.5520, loss: 2.3593, lr: 7.85e-07
     itm tta time 0:00:16
### TTA Eval Score: 
+-------+--------+--------+--------+--------+--------+
| epoch |   R1   |   R5   |  R10   |  mAP   |  mINP  |
+-------+--------+--------+--------+--------+--------+
|  -999 | 51.700 | 74.200 | 82.900 | 38.320 | 16.763 |
|   0   | 51.800 | 74.200 | 83.050 | 38.374 | 16.780 |
|   1   | 51.850 | 74.300 | 83.050 | 38.439 | 16.796 |
|   2   | 51.850 | 74.400 | 83.150 | 38.464 | 16.802 |
|   3   | 51.850 | 74.400 | 83.150 | 38.498 | 16.790 |
|   4   | 51.850 | 74.400 | 83.150 | 38.541 | 16.813 |
|   5   | 51.800 | 74.500 | 83.150 | 38.556 | 16.792 |
|   6   | 51.900 | 74.600 | 83.200 | 38.572 | 16.813 |
|   7   | 51.950 | 74.500 | 83.150 | 38.604 | 16.838 |
|   8   | 51.950 | 74.650 | 83.150 | 38.643 | 16.834 |
|   9   | 51.900 | 74.950 | 83.250 | 38.647 | 16.843 |
|   10  | 52.100 | 75.000 | 83.250 | 38.694 | 16.877 |
+-------+--------+--------+--------+--------+--------+
     logs:  {'epo': 10, 'R1': np.float32(52.1), 'R5': np.float32(75.0), 'R10': np.float32(83.25), 'mAP': np.float32(38.694), 'mINP': np.float32(16.877), 'entropy': 0.4724842756986618, 'loss': 2.287298242251078, 'lr': 2.0833333333333326e-05}
     Epoch[11] Iteration[10/62], entropy: 0.2790, loss: 2.0379, lr: 2.34e-05
     Epoch[11] Iteration[20/62], entropy: 0.4908, loss: 2.3268, lr: 4.82e-05
     Epoch[11] Iteration[30/62], entropy: 0.4605, loss: 2.2595, lr: 4.09e-05
     Epoch[11] Iteration[40/62], entropy: 0.4905, loss: 2.3435, lr: 1.16e-05
     Epoch[11] Iteration[50/62], entropy: 0.4886, loss: 2.2832, lr: 7.85e-07
     Epoch[11] Iteration[60/62], entropy: 0.4657, loss: 2.1916, lr: 2.34e-05
     Averaged stats: entropy: 0.4792, loss: 2.2854, lr: 2.97e-05
     itm tta time 0:00:15
### TTA Eval Score: 
+-------+--------+--------+--------+--------+--------+
| epoch |   R1   |   R5   |  R10   |  mAP   |  mINP  |
+-------+--------+--------+--------+--------+--------+
|  -999 | 51.700 | 74.200 | 82.900 | 38.320 | 16.763 |
|   0   | 51.800 | 74.200 | 83.050 | 38.374 | 16.780 |
|   1   | 51.850 | 74.300 | 83.050 | 38.439 | 16.796 |
|   2   | 51.850 | 74.400 | 83.150 | 38.464 | 16.802 |
|   3   | 51.850 | 74.400 | 83.150 | 38.498 | 16.790 |
|   4   | 51.850 | 74.400 | 83.150 | 38.541 | 16.813 |
|   5   | 51.800 | 74.500 | 83.150 | 38.556 | 16.792 |
|   6   | 51.900 | 74.600 | 83.200 | 38.572 | 16.813 |
|   7   | 51.950 | 74.500 | 83.150 | 38.604 | 16.838 |
|   8   | 51.950 | 74.650 | 83.150 | 38.643 | 16.834 |
|   9   | 51.900 | 74.950 | 83.250 | 38.647 | 16.843 |
|   10  | 52.100 | 75.000 | 83.250 | 38.694 | 16.877 |
|   11  | 52.250 | 75.100 | 83.250 | 38.742 | 16.882 |
+-------+--------+--------+--------+--------+--------+
     logs:  {'epo': 11, 'R1': np.float32(52.25), 'R5': np.float32(75.1), 'R10': np.float32(83.25), 'mAP': np.float32(38.742), 'mINP': np.float32(16.882), 'entropy': 0.44585177799065906, 'loss': 2.2403934796651206, 'lr': 2.473837283529449e-05}
     Epoch[12] Iteration[10/62], entropy: 0.4512, loss: 2.2991, lr: 4.98e-05
     Epoch[12] Iteration[20/62], entropy: 0.4469, loss: 2.2402, lr: 3.56e-05
     Epoch[12] Iteration[30/62], entropy: 0.4718, loss: 2.2744, lr: 6.78e-06
     Epoch[12] Iteration[40/62], entropy: 0.4892, loss: 2.2392, lr: 3.09e-06
     Epoch[12] Iteration[50/62], entropy: 0.5125, loss: 2.3082, lr: 2.97e-05
     Epoch[12] Iteration[60/62], entropy: 0.5397, loss: 2.3698, lr: 4.98e-05
     Averaged stats: entropy: 0.4759, loss: 2.3056, lr: 4.98e-05
     itm tta time 0:00:15
### TTA Eval Score: 
+-------+--------+--------+--------+--------+--------+
| epoch |   R1   |   R5   |  R10   |  mAP   |  mINP  |
+-------+--------+--------+--------+--------+--------+
|  -999 | 51.700 | 74.200 | 82.900 | 38.320 | 16.763 |
|   0   | 51.800 | 74.200 | 83.050 | 38.374 | 16.780 |
|   1   | 51.850 | 74.300 | 83.050 | 38.439 | 16.796 |
|   2   | 51.850 | 74.400 | 83.150 | 38.464 | 16.802 |
|   3   | 51.850 | 74.400 | 83.150 | 38.498 | 16.790 |
|   4   | 51.850 | 74.400 | 83.150 | 38.541 | 16.813 |
|   5   | 51.800 | 74.500 | 83.150 | 38.556 | 16.792 |
|   6   | 51.900 | 74.600 | 83.200 | 38.572 | 16.813 |
|   7   | 51.950 | 74.500 | 83.150 | 38.604 | 16.838 |
|   8   | 51.950 | 74.650 | 83.150 | 38.643 | 16.834 |
|   9   | 51.900 | 74.950 | 83.250 | 38.647 | 16.843 |
|   10  | 52.100 | 75.000 | 83.250 | 38.694 | 16.877 |
|   11  | 52.250 | 75.100 | 83.250 | 38.742 | 16.882 |
|   12  | 52.350 | 75.100 | 83.250 | 38.738 | 16.892 |
+-------+--------+--------+--------+--------+--------+
     logs:  {'epo': 12, 'R1': np.float32(52.35), 'R5': np.float32(75.1), 'R10': np.float32(83.25), 'mAP': np.float32(38.738), 'mINP': np.float32(16.892), 'entropy': 0.48521052797635394, 'loss': 2.2884837786356607, 'lr': 2.913381125547701e-05}
     Epoch[13] Iteration[10/62], entropy: 0.5143, loss: 2.3406, lr: 2.97e-05
     Epoch[13] Iteration[20/62], entropy: 0.4715, loss: 2.2957, lr: 3.09e-06
     Epoch[13] Iteration[30/62], entropy: 0.4426, loss: 2.2657, lr: 6.78e-06
     Epoch[13] Iteration[40/62], entropy: 0.4399, loss: 2.1781, lr: 3.56e-05
     Epoch[13] Iteration[50/62], entropy: 0.4168, loss: 2.2697, lr: 4.98e-05
     Epoch[13] Iteration[60/62], entropy: 0.4136, loss: 2.2165, lr: 2.97e-05
     Averaged stats: entropy: 0.4752, loss: 2.3058, lr: 2.34e-05
     itm tta time 0:00:17
### TTA Eval Score: 
+-------+--------+--------+--------+--------+--------+
| epoch |   R1   |   R5   |  R10   |  mAP   |  mINP  |
+-------+--------+--------+--------+--------+--------+
|  -999 | 51.700 | 74.200 | 82.900 | 38.320 | 16.763 |
|   0   | 51.800 | 74.200 | 83.050 | 38.374 | 16.780 |
|   1   | 51.850 | 74.300 | 83.050 | 38.439 | 16.796 |
|   2   | 51.850 | 74.400 | 83.150 | 38.464 | 16.802 |
|   3   | 51.850 | 74.400 | 83.150 | 38.498 | 16.790 |
|   4   | 51.850 | 74.400 | 83.150 | 38.541 | 16.813 |
|   5   | 51.800 | 74.500 | 83.150 | 38.556 | 16.792 |
|   6   | 51.900 | 74.600 | 83.200 | 38.572 | 16.813 |
|   7   | 51.950 | 74.500 | 83.150 | 38.604 | 16.838 |
|   8   | 51.950 | 74.650 | 83.150 | 38.643 | 16.834 |
|   9   | 51.900 | 74.950 | 83.250 | 38.647 | 16.843 |
|   10  | 52.100 | 75.000 | 83.250 | 38.694 | 16.877 |
|   11  | 52.250 | 75.100 | 83.250 | 38.742 | 16.882 |
|   12  | 52.350 | 75.100 | 83.250 | 38.738 | 16.892 |
|   13  | 52.300 | 75.200 | 83.300 | 38.765 | 16.899 |
+-------+--------+--------+--------+--------+--------+
     logs:  {'epo': 13, 'R1': np.float32(52.3), 'R5': np.float32(75.2), 'R10': np.float32(83.3), 'mAP': np.float32(38.765), 'mINP': np.float32(16.899), 'entropy': 0.44978224237759906, 'loss': 2.2610220114390054, 'lr': 2.5780755477440576e-05}
     Epoch[14] Iteration[10/62], entropy: 0.3094, loss: 2.1227, lr: 7.85e-07
     Epoch[14] Iteration[20/62], entropy: 0.5353, loss: 2.3446, lr: 1.16e-05
     Epoch[14] Iteration[30/62], entropy: 0.4744, loss: 2.3275, lr: 4.09e-05
     Epoch[14] Iteration[40/62], entropy: 0.3741, loss: 2.1821, lr: 4.82e-05
     Epoch[14] Iteration[50/62], entropy: 0.3716, loss: 2.2099, lr: 2.34e-05
     Epoch[14] Iteration[60/62], entropy: 0.4287, loss: 2.2081, lr: 7.85e-07
     Averaged stats: entropy: 0.4082, loss: 2.2392, lr: 0.00e+00
     itm tta time 0:00:13
### TTA Eval Score: 
+-------+--------+--------+--------+--------+--------+
| epoch |   R1   |   R5   |  R10   |  mAP   |  mINP  |
+-------+--------+--------+--------+--------+--------+
|  -999 | 51.700 | 74.200 | 82.900 | 38.320 | 16.763 |
|   0   | 51.800 | 74.200 | 83.050 | 38.374 | 16.780 |
|   1   | 51.850 | 74.300 | 83.050 | 38.439 | 16.796 |
|   2   | 51.850 | 74.400 | 83.150 | 38.464 | 16.802 |
|   3   | 51.850 | 74.400 | 83.150 | 38.498 | 16.790 |
|   4   | 51.850 | 74.400 | 83.150 | 38.541 | 16.813 |
|   5   | 51.800 | 74.500 | 83.150 | 38.556 | 16.792 |
|   6   | 51.900 | 74.600 | 83.200 | 38.572 | 16.813 |
|   7   | 51.950 | 74.500 | 83.150 | 38.604 | 16.838 |
|   8   | 51.950 | 74.650 | 83.150 | 38.643 | 16.834 |
|   9   | 51.900 | 74.950 | 83.250 | 38.647 | 16.843 |
|   10  | 52.100 | 75.000 | 83.250 | 38.694 | 16.877 |
|   11  | 52.250 | 75.100 | 83.250 | 38.742 | 16.882 |
|   12  | 52.350 | 75.100 | 83.250 | 38.738 | 16.892 |
|   13  | 52.300 | 75.200 | 83.300 | 38.765 | 16.899 |
|   14  | 52.250 | 75.250 | 83.300 | 38.774 | 16.899 |
+-------+--------+--------+--------+--------+--------+
     logs:  {'epo': 14, 'R1': np.float32(52.25), 'R5': np.float32(75.25), 'R10': np.float32(83.3), 'mAP': np.float32(38.774), 'mINP': np.float32(16.899), 'entropy': 0.4155927499135335, 'loss': 2.2324833075205484, 'lr': 2.096423682863067e-05}
     Epoch[15] Iteration[10/62], entropy: 0.4934, loss: 2.3113, lr: 1.73e-05
     Epoch[15] Iteration[20/62], entropy: 0.4557, loss: 2.3347, lr: 4.52e-05
     Epoch[15] Iteration[30/62], entropy: 0.5532, loss: 2.4154, lr: 4.52e-05
     Epoch[15] Iteration[40/62], entropy: 0.5256, loss: 2.3939, lr: 1.73e-05
     Epoch[15] Iteration[50/62], entropy: 0.4232, loss: 2.3315, lr: 0.00e+00
     Epoch[15] Iteration[60/62], entropy: 0.4981, loss: 2.2906, lr: 1.73e-05
     Averaged stats: entropy: 0.4379, loss: 2.2166, lr: 2.34e-05
     itm tta time 0:00:14
### TTA Eval Score: 
+-------+--------+--------+--------+--------+--------+
| epoch |   R1   |   R5   |  R10   |  mAP   |  mINP  |
+-------+--------+--------+--------+--------+--------+
|  -999 | 51.700 | 74.200 | 82.900 | 38.320 | 16.763 |
|   0   | 51.800 | 74.200 | 83.050 | 38.374 | 16.780 |
|   1   | 51.850 | 74.300 | 83.050 | 38.439 | 16.796 |
|   2   | 51.850 | 74.400 | 83.150 | 38.464 | 16.802 |
|   3   | 51.850 | 74.400 | 83.150 | 38.498 | 16.790 |
|   4   | 51.850 | 74.400 | 83.150 | 38.541 | 16.813 |
|   5   | 51.800 | 74.500 | 83.150 | 38.556 | 16.792 |
|   6   | 51.900 | 74.600 | 83.200 | 38.572 | 16.813 |
|   7   | 51.950 | 74.500 | 83.150 | 38.604 | 16.838 |
|   8   | 51.950 | 74.650 | 83.150 | 38.643 | 16.834 |
|   9   | 51.900 | 74.950 | 83.250 | 38.647 | 16.843 |
|   10  | 52.100 | 75.000 | 83.250 | 38.694 | 16.877 |
|   11  | 52.250 | 75.100 | 83.250 | 38.742 | 16.882 |
|   12  | 52.350 | 75.100 | 83.250 | 38.738 | 16.892 |
|   13  | 52.300 | 75.200 | 83.300 | 38.765 | 16.899 |
|   14  | 52.250 | 75.250 | 83.300 | 38.774 | 16.899 |
|   15  | 52.250 | 75.300 | 83.350 | 38.795 | 16.896 |
+-------+--------+--------+--------+--------+--------+
     logs:  {'epo': 15, 'R1': np.float32(52.25), 'R5': np.float32(75.3), 'R10': np.float32(83.35), 'mAP': np.float32(38.795), 'mINP': np.float32(16.896), 'entropy': 0.49154184261957806, 'loss': 2.3462342023849487, 'lr': 2.371242919010425e-05}
     Epoch[16] Iteration[10/62], entropy: 0.5224, loss: 2.3719, lr: 4.82e-05
     Epoch[16] Iteration[20/62], entropy: 0.4603, loss: 2.2716, lr: 4.09e-05
     Epoch[16] Iteration[30/62], entropy: 0.5037, loss: 2.3382, lr: 1.16e-05
     Epoch[16] Iteration[40/62], entropy: 0.4388, loss: 2.2008, lr: 7.85e-07
     Epoch[16] Iteration[50/62], entropy: 0.3881, loss: 2.1728, lr: 2.34e-05
     Epoch[16] Iteration[60/62], entropy: 0.5701, loss: 2.3863, lr: 4.82e-05
     Averaged stats: entropy: 0.4029, loss: 2.2638, lr: 4.98e-05
     itm tta time 0:00:17
### TTA Eval Score: 
+-------+--------+--------+--------+--------+--------+
| epoch |   R1   |   R5   |  R10   |  mAP   |  mINP  |
+-------+--------+--------+--------+--------+--------+
|  -999 | 51.700 | 74.200 | 82.900 | 38.320 | 16.763 |
|   0   | 51.800 | 74.200 | 83.050 | 38.374 | 16.780 |
|   1   | 51.850 | 74.300 | 83.050 | 38.439 | 16.796 |
|   2   | 51.850 | 74.400 | 83.150 | 38.464 | 16.802 |
|   3   | 51.850 | 74.400 | 83.150 | 38.498 | 16.790 |
|   4   | 51.850 | 74.400 | 83.150 | 38.541 | 16.813 |
|   5   | 51.800 | 74.500 | 83.150 | 38.556 | 16.792 |
|   6   | 51.900 | 74.600 | 83.200 | 38.572 | 16.813 |
|   7   | 51.950 | 74.500 | 83.150 | 38.604 | 16.838 |
|   8   | 51.950 | 74.650 | 83.150 | 38.643 | 16.834 |
|   9   | 51.900 | 74.950 | 83.250 | 38.647 | 16.843 |
|   10  | 52.100 | 75.000 | 83.250 | 38.694 | 16.877 |
|   11  | 52.250 | 75.100 | 83.250 | 38.742 | 16.882 |
|   12  | 52.350 | 75.100 | 83.250 | 38.738 | 16.892 |
|   13  | 52.300 | 75.200 | 83.300 | 38.765 | 16.899 |
|   14  | 52.250 | 75.250 | 83.300 | 38.774 | 16.899 |
|   15  | 52.250 | 75.300 | 83.350 | 38.795 | 16.896 |
|   16  | 52.200 | 75.350 | 83.300 | 38.816 | 16.898 |
+-------+--------+--------+--------+--------+--------+
     logs:  {'epo': 16, 'R1': np.float32(52.2), 'R5': np.float32(75.35), 'R10': np.float32(83.3), 'mAP': np.float32(38.816), 'mINP': np.float32(16.898), 'entropy': 0.4805520425240199, 'loss': 2.290274500846863, 'lr': 2.8874068691201014e-05}
     Epoch[17] Iteration[10/62], entropy: 0.4883, loss: 2.3134, lr: 3.56e-05
     Epoch[17] Iteration[20/62], entropy: 0.2968, loss: 2.1058, lr: 6.78e-06
     Epoch[17] Iteration[30/62], entropy: 0.4643, loss: 2.2256, lr: 3.09e-06
     Epoch[17] Iteration[40/62], entropy: 0.4662, loss: 2.2987, lr: 2.97e-05
     Epoch[17] Iteration[50/62], entropy: 0.3337, loss: 2.0779, lr: 4.98e-05
     Epoch[17] Iteration[60/62], entropy: 0.2941, loss: 2.1164, lr: 3.56e-05
     Averaged stats: entropy: 0.5103, loss: 2.3591, lr: 2.97e-05
     itm tta time 0:00:15
### TTA Eval Score: 
+-------+--------+--------+--------+--------+--------+
| epoch |   R1   |   R5   |  R10   |  mAP   |  mINP  |
+-------+--------+--------+--------+--------+--------+
|  -999 | 51.700 | 74.200 | 82.900 | 38.320 | 16.763 |
|   0   | 51.800 | 74.200 | 83.050 | 38.374 | 16.780 |
|   1   | 51.850 | 74.300 | 83.050 | 38.439 | 16.796 |
|   2   | 51.850 | 74.400 | 83.150 | 38.464 | 16.802 |
|   3   | 51.850 | 74.400 | 83.150 | 38.498 | 16.790 |
|   4   | 51.850 | 74.400 | 83.150 | 38.541 | 16.813 |
|   5   | 51.800 | 74.500 | 83.150 | 38.556 | 16.792 |
|   6   | 51.900 | 74.600 | 83.200 | 38.572 | 16.813 |
|   7   | 51.950 | 74.500 | 83.150 | 38.604 | 16.838 |
|   8   | 51.950 | 74.650 | 83.150 | 38.643 | 16.834 |
|   9   | 51.900 | 74.950 | 83.250 | 38.647 | 16.843 |
|   10  | 52.100 | 75.000 | 83.250 | 38.694 | 16.877 |
|   11  | 52.250 | 75.100 | 83.250 | 38.742 | 16.882 |
|   12  | 52.350 | 75.100 | 83.250 | 38.738 | 16.892 |
|   13  | 52.300 | 75.200 | 83.300 | 38.765 | 16.899 |
|   14  | 52.250 | 75.250 | 83.300 | 38.774 | 16.899 |
|   15  | 52.250 | 75.300 | 83.350 | 38.795 | 16.896 |
|   16  | 52.200 | 75.350 | 83.300 | 38.816 | 16.898 |
|   17  | 52.250 | 75.350 | 83.250 | 38.847 | 16.896 |
+-------+--------+--------+--------+--------+--------+
     logs:  {'epo': 17, 'R1': np.float32(52.25), 'R5': np.float32(75.35), 'R10': np.float32(83.25), 'mAP': np.float32(38.847), 'mINP': np.float32(16.896), 'entropy': 0.39055979748566944, 'loss': 2.1896321773529053, 'lr': 2.6774080381521207e-05}
     Epoch[18] Iteration[10/62], entropy: 0.4502, loss: 2.2123, lr: 3.09e-06
     Epoch[18] Iteration[20/62], entropy: 0.4628, loss: 2.2994, lr: 6.78e-06
     Epoch[18] Iteration[30/62], entropy: 0.3841, loss: 2.1632, lr: 3.56e-05
     Epoch[18] Iteration[40/62], entropy: 0.3834, loss: 2.1847, lr: 4.98e-05
     Epoch[18] Iteration[50/62], entropy: 0.4134, loss: 2.2360, lr: 2.97e-05
     Epoch[18] Iteration[60/62], entropy: 0.4422, loss: 2.3049, lr: 3.09e-06
     Averaged stats: entropy: 0.4157, loss: 2.1624, lr: 7.85e-07
     itm tta time 0:00:17
### TTA Eval Score: 
+-------+--------+--------+--------+--------+--------+
| epoch |   R1   |   R5   |  R10   |  mAP   |  mINP  |
+-------+--------+--------+--------+--------+--------+
|  -999 | 51.700 | 74.200 | 82.900 | 38.320 | 16.763 |
|   0   | 51.800 | 74.200 | 83.050 | 38.374 | 16.780 |
|   1   | 51.850 | 74.300 | 83.050 | 38.439 | 16.796 |
|   2   | 51.850 | 74.400 | 83.150 | 38.464 | 16.802 |
|   3   | 51.850 | 74.400 | 83.150 | 38.498 | 16.790 |
|   4   | 51.850 | 74.400 | 83.150 | 38.541 | 16.813 |
|   5   | 51.800 | 74.500 | 83.150 | 38.556 | 16.792 |
|   6   | 51.900 | 74.600 | 83.200 | 38.572 | 16.813 |
|   7   | 51.950 | 74.500 | 83.150 | 38.604 | 16.838 |
|   8   | 51.950 | 74.650 | 83.150 | 38.643 | 16.834 |
|   9   | 51.900 | 74.950 | 83.250 | 38.647 | 16.843 |
|   10  | 52.100 | 75.000 | 83.250 | 38.694 | 16.877 |
|   11  | 52.250 | 75.100 | 83.250 | 38.742 | 16.882 |
|   12  | 52.350 | 75.100 | 83.250 | 38.738 | 16.892 |
|   13  | 52.300 | 75.200 | 83.300 | 38.765 | 16.899 |
|   14  | 52.250 | 75.250 | 83.300 | 38.774 | 16.899 |
|   15  | 52.250 | 75.300 | 83.350 | 38.795 | 16.896 |
|   16  | 52.200 | 75.350 | 83.300 | 38.816 | 16.898 |
|   17  | 52.250 | 75.350 | 83.250 | 38.847 | 16.896 |
|   18  | 52.250 | 75.350 | 83.250 | 38.854 | 16.902 |
+-------+--------+--------+--------+--------+--------+
     logs:  {'epo': 18, 'R1': np.float32(52.25), 'R5': np.float32(75.35), 'R10': np.float32(83.25), 'mAP': np.float32(38.854), 'mINP': np.float32(16.902), 'entropy': 0.42266817887624103, 'loss': 2.233410914738973, 'lr': 2.1348722166483856e-05}
     Epoch[19] Iteration[10/62], entropy: 0.3702, loss: 2.1834, lr: 1.16e-05
     Epoch[19] Iteration[20/62], entropy: 0.3857, loss: 2.1237, lr: 4.09e-05
     Epoch[19] Iteration[30/62], entropy: 0.5029, loss: 2.3280, lr: 4.82e-05
     Epoch[19] Iteration[40/62], entropy: 0.4536, loss: 2.2108, lr: 2.34e-05
     Epoch[19] Iteration[50/62], entropy: 0.4543, loss: 2.2825, lr: 7.85e-07
     Epoch[19] Iteration[60/62], entropy: 0.3941, loss: 2.2100, lr: 1.16e-05
     Averaged stats: entropy: 0.5369, loss: 2.4141, lr: 1.73e-05
     itm tta time 0:00:16
### TTA Eval Score: 
+-------+--------+--------+--------+--------+--------+
| epoch |   R1   |   R5   |  R10   |  mAP   |  mINP  |
+-------+--------+--------+--------+--------+--------+
|  -999 | 51.700 | 74.200 | 82.900 | 38.320 | 16.763 |
|   0   | 51.800 | 74.200 | 83.050 | 38.374 | 16.780 |
|   1   | 51.850 | 74.300 | 83.050 | 38.439 | 16.796 |
|   2   | 51.850 | 74.400 | 83.150 | 38.464 | 16.802 |
|   3   | 51.850 | 74.400 | 83.150 | 38.498 | 16.790 |
|   4   | 51.850 | 74.400 | 83.150 | 38.541 | 16.813 |
|   5   | 51.800 | 74.500 | 83.150 | 38.556 | 16.792 |
|   6   | 51.900 | 74.600 | 83.200 | 38.572 | 16.813 |
|   7   | 51.950 | 74.500 | 83.150 | 38.604 | 16.838 |
|   8   | 51.950 | 74.650 | 83.150 | 38.643 | 16.834 |
|   9   | 51.900 | 74.950 | 83.250 | 38.647 | 16.843 |
|   10  | 52.100 | 75.000 | 83.250 | 38.694 | 16.877 |
|   11  | 52.250 | 75.100 | 83.250 | 38.742 | 16.882 |
|   12  | 52.350 | 75.100 | 83.250 | 38.738 | 16.892 |
|   13  | 52.300 | 75.200 | 83.300 | 38.765 | 16.899 |
|   14  | 52.250 | 75.250 | 83.300 | 38.774 | 16.899 |
|   15  | 52.250 | 75.300 | 83.350 | 38.795 | 16.896 |
|   16  | 52.200 | 75.350 | 83.300 | 38.816 | 16.898 |
|   17  | 52.250 | 75.350 | 83.250 | 38.847 | 16.896 |
|   18  | 52.250 | 75.350 | 83.250 | 38.854 | 16.902 |
|   19  | 52.250 | 75.250 | 83.250 | 38.854 | 16.912 |
+-------+--------+--------+--------+--------+--------+
     logs:  {'epo': 19, 'R1': np.float32(52.25), 'R5': np.float32(75.25), 'R10': np.float32(83.25), 'mAP': np.float32(38.854), 'mINP': np.float32(16.912), 'entropy': 0.42680808901786804, 'loss': 2.22306760152181, 'lr': 2.276738835425419e-05}
     Epoch[20] Iteration[10/62], entropy: 0.3655, loss: 2.1441, lr: 4.52e-05
     Epoch[20] Iteration[20/62], entropy: 0.4689, loss: 2.3109, lr: 4.52e-05
     Epoch[20] Iteration[30/62], entropy: 0.3753, loss: 2.2278, lr: 1.73e-05
     Epoch[20] Iteration[40/62], entropy: 0.5502, loss: 2.3278, lr: 0.00e+00
     Epoch[20] Iteration[50/62], entropy: 0.5173, loss: 2.3282, lr: 1.73e-05
     Epoch[20] Iteration[60/62], entropy: 0.4332, loss: 2.2110, lr: 4.52e-05
     Averaged stats: entropy: 0.4618, loss: 2.2837, lr: 4.82e-05
     itm tta time 0:00:11
### TTA Eval Score: 
+-------+--------+--------+--------+--------+--------+
| epoch |   R1   |   R5   |  R10   |  mAP   |  mINP  |
+-------+--------+--------+--------+--------+--------+
|  -999 | 51.700 | 74.200 | 82.900 | 38.320 | 16.763 |
|   0   | 51.800 | 74.200 | 83.050 | 38.374 | 16.780 |
|   1   | 51.850 | 74.300 | 83.050 | 38.439 | 16.796 |
|   2   | 51.850 | 74.400 | 83.150 | 38.464 | 16.802 |
|   3   | 51.850 | 74.400 | 83.150 | 38.498 | 16.790 |
|   4   | 51.850 | 74.400 | 83.150 | 38.541 | 16.813 |
|   5   | 51.800 | 74.500 | 83.150 | 38.556 | 16.792 |
|   6   | 51.900 | 74.600 | 83.200 | 38.572 | 16.813 |
|   7   | 51.950 | 74.500 | 83.150 | 38.604 | 16.838 |
|   8   | 51.950 | 74.650 | 83.150 | 38.643 | 16.834 |
|   9   | 51.900 | 74.950 | 83.250 | 38.647 | 16.843 |
|   10  | 52.100 | 75.000 | 83.250 | 38.694 | 16.877 |
|   11  | 52.250 | 75.100 | 83.250 | 38.742 | 16.882 |
|   12  | 52.350 | 75.100 | 83.250 | 38.738 | 16.892 |
|   13  | 52.300 | 75.200 | 83.300 | 38.765 | 16.899 |
|   14  | 52.250 | 75.250 | 83.300 | 38.774 | 16.899 |
|   15  | 52.250 | 75.300 | 83.350 | 38.795 | 16.896 |
|   16  | 52.200 | 75.350 | 83.300 | 38.816 | 16.898 |
|   17  | 52.250 | 75.350 | 83.250 | 38.847 | 16.896 |
|   18  | 52.250 | 75.350 | 83.250 | 38.854 | 16.902 |
|   19  | 52.250 | 75.250 | 83.250 | 38.854 | 16.912 |
|   20  | 52.350 | 75.300 | 83.300 | 38.877 | 16.913 |
+-------+--------+--------+--------+--------+--------+
     logs:  {'epo': 20, 'R1': np.float32(52.35), 'R5': np.float32(75.3), 'R10': np.float32(83.3), 'mAP': np.float32(38.877), 'mINP': np.float32(16.913), 'entropy': 0.4517497917016347, 'loss': 2.2583067814509072, 'lr': 2.8370904143228817e-05}
     Epoch[21] Iteration[10/62], entropy: 0.3826, loss: 2.1528, lr: 4.09e-05
     Epoch[21] Iteration[20/62], entropy: 0.5383, loss: 2.3577, lr: 1.16e-05
     Epoch[21] Iteration[30/62], entropy: 0.4524, loss: 2.2572, lr: 7.85e-07
     Epoch[21] Iteration[40/62], entropy: 0.3752, loss: 2.1707, lr: 2.34e-05
     Epoch[21] Iteration[50/62], entropy: 0.3143, loss: 2.1066, lr: 4.82e-05
     Epoch[21] Iteration[60/62], entropy: 0.4596, loss: 2.3028, lr: 4.09e-05
     Averaged stats: entropy: 0.5063, loss: 2.3374, lr: 3.56e-05
     itm tta time 0:00:17
### TTA Eval Score: 
+-------+--------+--------+--------+--------+--------+
| epoch |   R1   |   R5   |  R10   |  mAP   |  mINP  |
+-------+--------+--------+--------+--------+--------+
|  -999 | 51.700 | 74.200 | 82.900 | 38.320 | 16.763 |
|   0   | 51.800 | 74.200 | 83.050 | 38.374 | 16.780 |
|   1   | 51.850 | 74.300 | 83.050 | 38.439 | 16.796 |
|   2   | 51.850 | 74.400 | 83.150 | 38.464 | 16.802 |
|   3   | 51.850 | 74.400 | 83.150 | 38.498 | 16.790 |
|   4   | 51.850 | 74.400 | 83.150 | 38.541 | 16.813 |
|   5   | 51.800 | 74.500 | 83.150 | 38.556 | 16.792 |
|   6   | 51.900 | 74.600 | 83.200 | 38.572 | 16.813 |
|   7   | 51.950 | 74.500 | 83.150 | 38.604 | 16.838 |
|   8   | 51.950 | 74.650 | 83.150 | 38.643 | 16.834 |
|   9   | 51.900 | 74.950 | 83.250 | 38.647 | 16.843 |
|   10  | 52.100 | 75.000 | 83.250 | 38.694 | 16.877 |
|   11  | 52.250 | 75.100 | 83.250 | 38.742 | 16.882 |
|   12  | 52.350 | 75.100 | 83.250 | 38.738 | 16.892 |
|   13  | 52.300 | 75.200 | 83.300 | 38.765 | 16.899 |
|   14  | 52.250 | 75.250 | 83.300 | 38.774 | 16.899 |
|   15  | 52.250 | 75.300 | 83.350 | 38.795 | 16.896 |
|   16  | 52.200 | 75.350 | 83.300 | 38.816 | 16.898 |
|   17  | 52.250 | 75.350 | 83.250 | 38.847 | 16.896 |
|   18  | 52.250 | 75.350 | 83.250 | 38.854 | 16.902 |
|   19  | 52.250 | 75.250 | 83.250 | 38.854 | 16.912 |
|   20  | 52.350 | 75.300 | 83.300 | 38.877 | 16.913 |
|   21  | 52.400 | 75.300 | 83.550 | 38.892 | 16.934 |
+-------+--------+--------+--------+--------+--------+
     logs:  {'epo': 21, 'R1': np.float32(52.4), 'R5': np.float32(75.3), 'R10': np.float32(83.55), 'mAP': np.float32(38.892), 'mINP': np.float32(16.934), 'entropy': 0.4204116761684418, 'loss': 2.224648396174113, 'lr': 2.765593329061946e-05}
     Epoch[22] Iteration[10/62], entropy: 0.3221, loss: 2.1021, lr: 6.78e-06
     Epoch[22] Iteration[20/62], entropy: 0.4326, loss: 2.2330, lr: 3.09e-06
     Epoch[22] Iteration[30/62], entropy: 0.4658, loss: 2.3532, lr: 2.97e-05
     Epoch[22] Iteration[40/62], entropy: 0.3576, loss: 2.1695, lr: 4.98e-05
     Epoch[22] Iteration[50/62], entropy: 0.4476, loss: 2.2409, lr: 3.56e-05
     Epoch[22] Iteration[60/62], entropy: 0.4613, loss: 2.2344, lr: 6.78e-06
     Averaged stats: entropy: 0.4218, loss: 2.2273, lr: 3.09e-06
     itm tta time 0:00:16
### TTA Eval Score: 
+-------+--------+--------+--------+--------+--------+
| epoch |   R1   |   R5   |  R10   |  mAP   |  mINP  |
+-------+--------+--------+--------+--------+--------+
|  -999 | 51.700 | 74.200 | 82.900 | 38.320 | 16.763 |
|   0   | 51.800 | 74.200 | 83.050 | 38.374 | 16.780 |
|   1   | 51.850 | 74.300 | 83.050 | 38.439 | 16.796 |
|   2   | 51.850 | 74.400 | 83.150 | 38.464 | 16.802 |
|   3   | 51.850 | 74.400 | 83.150 | 38.498 | 16.790 |
|   4   | 51.850 | 74.400 | 83.150 | 38.541 | 16.813 |
|   5   | 51.800 | 74.500 | 83.150 | 38.556 | 16.792 |
|   6   | 51.900 | 74.600 | 83.200 | 38.572 | 16.813 |
|   7   | 51.950 | 74.500 | 83.150 | 38.604 | 16.838 |
|   8   | 51.950 | 74.650 | 83.150 | 38.643 | 16.834 |
|   9   | 51.900 | 74.950 | 83.250 | 38.647 | 16.843 |
|   10  | 52.100 | 75.000 | 83.250 | 38.694 | 16.877 |
|   11  | 52.250 | 75.100 | 83.250 | 38.742 | 16.882 |
|   12  | 52.350 | 75.100 | 83.250 | 38.738 | 16.892 |
|   13  | 52.300 | 75.200 | 83.300 | 38.765 | 16.899 |
|   14  | 52.250 | 75.250 | 83.300 | 38.774 | 16.899 |
|   15  | 52.250 | 75.300 | 83.350 | 38.795 | 16.896 |
|   16  | 52.200 | 75.350 | 83.300 | 38.816 | 16.898 |
|   17  | 52.250 | 75.350 | 83.250 | 38.847 | 16.896 |
|   18  | 52.250 | 75.350 | 83.250 | 38.854 | 16.902 |
|   19  | 52.250 | 75.250 | 83.250 | 38.854 | 16.912 |
|   20  | 52.350 | 75.300 | 83.300 | 38.877 | 16.913 |
|   21  | 52.400 | 75.300 | 83.550 | 38.892 | 16.934 |
|   22  | 52.400 | 75.300 | 83.550 | 38.920 | 16.931 |
+-------+--------+--------+--------+--------+--------+
     logs:  {'epo': 22, 'R1': np.float32(52.4), 'R5': np.float32(75.3), 'R10': np.float32(83.55), 'mAP': np.float32(38.92), 'mINP': np.float32(16.931), 'entropy': 0.41449230412642163, 'loss': 2.2221856911977134, 'lr': 2.196263071907746e-05}
     Epoch[23] Iteration[10/62], entropy: 0.4766, loss: 2.2230, lr: 6.78e-06
     Epoch[23] Iteration[20/62], entropy: 0.4256, loss: 2.2641, lr: 3.56e-05
     Epoch[23] Iteration[30/62], entropy: 0.5324, loss: 2.3566, lr: 4.98e-05
     Epoch[23] Iteration[40/62], entropy: 0.4636, loss: 2.2632, lr: 2.97e-05
     Epoch[23] Iteration[50/62], entropy: 0.3613, loss: 2.1786, lr: 3.09e-06
     Epoch[23] Iteration[60/62], entropy: 0.5965, loss: 2.4000, lr: 6.78e-06
     Averaged stats: entropy: 0.4173, loss: 2.2775, lr: 1.16e-05
     itm tta time 0:00:17
### TTA Eval Score: 
+-------+--------+--------+--------+--------+--------+
| epoch |   R1   |   R5   |  R10   |  mAP   |  mINP  |
+-------+--------+--------+--------+--------+--------+
|  -999 | 51.700 | 74.200 | 82.900 | 38.320 | 16.763 |
|   0   | 51.800 | 74.200 | 83.050 | 38.374 | 16.780 |
|   1   | 51.850 | 74.300 | 83.050 | 38.439 | 16.796 |
|   2   | 51.850 | 74.400 | 83.150 | 38.464 | 16.802 |
|   3   | 51.850 | 74.400 | 83.150 | 38.498 | 16.790 |
|   4   | 51.850 | 74.400 | 83.150 | 38.541 | 16.813 |
|   5   | 51.800 | 74.500 | 83.150 | 38.556 | 16.792 |
|   6   | 51.900 | 74.600 | 83.200 | 38.572 | 16.813 |
|   7   | 51.950 | 74.500 | 83.150 | 38.604 | 16.838 |
|   8   | 51.950 | 74.650 | 83.150 | 38.643 | 16.834 |
|   9   | 51.900 | 74.950 | 83.250 | 38.647 | 16.843 |
|   10  | 52.100 | 75.000 | 83.250 | 38.694 | 16.877 |
|   11  | 52.250 | 75.100 | 83.250 | 38.742 | 16.882 |
|   12  | 52.350 | 75.100 | 83.250 | 38.738 | 16.892 |
|   13  | 52.300 | 75.200 | 83.300 | 38.765 | 16.899 |
|   14  | 52.250 | 75.250 | 83.300 | 38.774 | 16.899 |
|   15  | 52.250 | 75.300 | 83.350 | 38.795 | 16.896 |
|   16  | 52.200 | 75.350 | 83.300 | 38.816 | 16.898 |
|   17  | 52.250 | 75.350 | 83.250 | 38.847 | 16.896 |
|   18  | 52.250 | 75.350 | 83.250 | 38.854 | 16.902 |
|   19  | 52.250 | 75.250 | 83.250 | 38.854 | 16.912 |
|   20  | 52.350 | 75.300 | 83.300 | 38.877 | 16.913 |
|   21  | 52.400 | 75.300 | 83.550 | 38.892 | 16.934 |
|   22  | 52.400 | 75.300 | 83.550 | 38.920 | 16.931 |
|   23  | 52.400 | 75.200 | 83.550 | 38.928 | 16.930 |
+-------+--------+--------+--------+--------+--------+
     logs:  {'epo': 23, 'R1': np.float32(52.4), 'R5': np.float32(75.2), 'R10': np.float32(83.55), 'mAP': np.float32(38.928), 'mINP': np.float32(16.93), 'entropy': 0.47600079079469043, 'loss': 2.280919075012207, 'lr': 2.1962630719077515e-05}
     Epoch[24] Iteration[10/62], entropy: 0.5150, loss: 2.3807, lr: 4.09e-05
     Epoch[24] Iteration[20/62], entropy: 0.4565, loss: 2.2975, lr: 4.82e-05
     Epoch[24] Iteration[30/62], entropy: 0.4462, loss: 2.2951, lr: 2.34e-05
     Epoch[24] Iteration[40/62], entropy: 0.4170, loss: 2.2997, lr: 7.85e-07
     Epoch[24] Iteration[50/62], entropy: 0.4110, loss: 2.2374, lr: 1.16e-05
     Epoch[24] Iteration[60/62], entropy: 0.4052, loss: 2.2316, lr: 4.09e-05
     Averaged stats: entropy: 0.3215, loss: 2.1253, lr: 4.52e-05
     itm tta time 0:00:17
### TTA Eval Score: 
+-------+--------+--------+--------+--------+--------+
| epoch |   R1   |   R5   |  R10   |  mAP   |  mINP  |
+-------+--------+--------+--------+--------+--------+
|  -999 | 51.700 | 74.200 | 82.900 | 38.320 | 16.763 |
|   0   | 51.800 | 74.200 | 83.050 | 38.374 | 16.780 |
|   1   | 51.850 | 74.300 | 83.050 | 38.439 | 16.796 |
|   2   | 51.850 | 74.400 | 83.150 | 38.464 | 16.802 |
|   3   | 51.850 | 74.400 | 83.150 | 38.498 | 16.790 |
|   4   | 51.850 | 74.400 | 83.150 | 38.541 | 16.813 |
|   5   | 51.800 | 74.500 | 83.150 | 38.556 | 16.792 |
|   6   | 51.900 | 74.600 | 83.200 | 38.572 | 16.813 |
|   7   | 51.950 | 74.500 | 83.150 | 38.604 | 16.838 |
|   8   | 51.950 | 74.650 | 83.150 | 38.643 | 16.834 |
|   9   | 51.900 | 74.950 | 83.250 | 38.647 | 16.843 |
|   10  | 52.100 | 75.000 | 83.250 | 38.694 | 16.877 |
|   11  | 52.250 | 75.100 | 83.250 | 38.742 | 16.882 |
|   12  | 52.350 | 75.100 | 83.250 | 38.738 | 16.892 |
|   13  | 52.300 | 75.200 | 83.300 | 38.765 | 16.899 |
|   14  | 52.250 | 75.250 | 83.300 | 38.774 | 16.899 |
|   15  | 52.250 | 75.300 | 83.350 | 38.795 | 16.896 |
|   16  | 52.200 | 75.350 | 83.300 | 38.816 | 16.898 |
|   17  | 52.250 | 75.350 | 83.250 | 38.847 | 16.896 |
|   18  | 52.250 | 75.350 | 83.250 | 38.854 | 16.902 |
|   19  | 52.250 | 75.250 | 83.250 | 38.854 | 16.912 |
|   20  | 52.350 | 75.300 | 83.300 | 38.877 | 16.913 |
|   21  | 52.400 | 75.300 | 83.550 | 38.892 | 16.934 |
|   22  | 52.400 | 75.300 | 83.550 | 38.920 | 16.931 |
|   23  | 52.400 | 75.200 | 83.550 | 38.928 | 16.930 |
|   24  | 52.350 | 75.250 | 83.600 | 38.951 | 16.924 |
+-------+--------+--------+--------+--------+--------+
     logs:  {'epo': 24, 'R1': np.float32(52.35), 'R5': np.float32(75.25), 'R10': np.float32(83.6), 'mAP': np.float32(38.951), 'mINP': np.float32(16.924), 'entropy': 0.44180580973625183, 'loss': 2.2903194030125937, 'lr': 2.7655933290619445e-05}
     Epoch[25] Iteration[10/62], entropy: 0.4417, loss: 2.3693, lr: 4.52e-05
     Epoch[25] Iteration[20/62], entropy: 0.3774, loss: 2.0589, lr: 1.73e-05
     Epoch[25] Iteration[30/62], entropy: 0.4223, loss: 2.2766, lr: 0.00e+00
     Epoch[25] Iteration[40/62], entropy: 0.4473, loss: 2.2799, lr: 1.73e-05
     Epoch[25] Iteration[50/62], entropy: 0.3940, loss: 2.2617, lr: 4.52e-05
     Epoch[25] Iteration[60/62], entropy: 0.4312, loss: 2.2392, lr: 4.52e-05
     Averaged stats: entropy: 0.4218, loss: 2.2622, lr: 4.09e-05
     itm tta time 0:00:12
### TTA Eval Score: 
+-------+--------+--------+--------+--------+--------+
| epoch |   R1   |   R5   |  R10   |  mAP   |  mINP  |
+-------+--------+--------+--------+--------+--------+
|  -999 | 51.700 | 74.200 | 82.900 | 38.320 | 16.763 |
|   0   | 51.800 | 74.200 | 83.050 | 38.374 | 16.780 |
|   1   | 51.850 | 74.300 | 83.050 | 38.439 | 16.796 |
|   2   | 51.850 | 74.400 | 83.150 | 38.464 | 16.802 |
|   3   | 51.850 | 74.400 | 83.150 | 38.498 | 16.790 |
|   4   | 51.850 | 74.400 | 83.150 | 38.541 | 16.813 |
|   5   | 51.800 | 74.500 | 83.150 | 38.556 | 16.792 |
|   6   | 51.900 | 74.600 | 83.200 | 38.572 | 16.813 |
|   7   | 51.950 | 74.500 | 83.150 | 38.604 | 16.838 |
|   8   | 51.950 | 74.650 | 83.150 | 38.643 | 16.834 |
|   9   | 51.900 | 74.950 | 83.250 | 38.647 | 16.843 |
|   10  | 52.100 | 75.000 | 83.250 | 38.694 | 16.877 |
|   11  | 52.250 | 75.100 | 83.250 | 38.742 | 16.882 |
|   12  | 52.350 | 75.100 | 83.250 | 38.738 | 16.892 |
|   13  | 52.300 | 75.200 | 83.300 | 38.765 | 16.899 |
|   14  | 52.250 | 75.250 | 83.300 | 38.774 | 16.899 |
|   15  | 52.250 | 75.300 | 83.350 | 38.795 | 16.896 |
|   16  | 52.200 | 75.350 | 83.300 | 38.816 | 16.898 |
|   17  | 52.250 | 75.350 | 83.250 | 38.847 | 16.896 |
|   18  | 52.250 | 75.350 | 83.250 | 38.854 | 16.902 |
|   19  | 52.250 | 75.250 | 83.250 | 38.854 | 16.912 |
|   20  | 52.350 | 75.300 | 83.300 | 38.877 | 16.913 |
|   21  | 52.400 | 75.300 | 83.550 | 38.892 | 16.934 |
|   22  | 52.400 | 75.300 | 83.550 | 38.920 | 16.931 |
|   23  | 52.400 | 75.200 | 83.550 | 38.928 | 16.930 |
|   24  | 52.350 | 75.250 | 83.600 | 38.951 | 16.924 |
|   25  | 52.250 | 75.200 | 83.600 | 38.977 | 16.929 |
+-------+--------+--------+--------+--------+--------+
     logs:  {'epo': 25, 'R1': np.float32(52.25), 'R5': np.float32(75.2), 'R10': np.float32(83.6), 'mAP': np.float32(38.977), 'mINP': np.float32(16.929), 'entropy': 0.4189881384372711, 'loss': 2.2476152976353965, 'lr': 2.8370904143228905e-05}
     Epoch[26] Iteration[10/62], entropy: 0.4480, loss: 2.2345, lr: 1.16e-05
     Epoch[26] Iteration[20/62], entropy: 0.4446, loss: 2.2397, lr: 7.85e-07
     Epoch[26] Iteration[30/62], entropy: 0.3752, loss: 2.1746, lr: 2.34e-05
     Epoch[26] Iteration[40/62], entropy: 0.4615, loss: 2.2671, lr: 4.82e-05
     Epoch[26] Iteration[50/62], entropy: 0.4444, loss: 2.2849, lr: 4.09e-05
     Epoch[26] Iteration[60/62], entropy: 0.4218, loss: 2.1947, lr: 1.16e-05
     Averaged stats: entropy: 0.5558, loss: 2.3610, lr: 6.78e-06
     itm tta time 0:00:16
### TTA Eval Score: 
+-------+--------+--------+--------+--------+--------+
| epoch |   R1   |   R5   |  R10   |  mAP   |  mINP  |
+-------+--------+--------+--------+--------+--------+
|  -999 | 51.700 | 74.200 | 82.900 | 38.320 | 16.763 |
|   0   | 51.800 | 74.200 | 83.050 | 38.374 | 16.780 |
|   1   | 51.850 | 74.300 | 83.050 | 38.439 | 16.796 |
|   2   | 51.850 | 74.400 | 83.150 | 38.464 | 16.802 |
|   3   | 51.850 | 74.400 | 83.150 | 38.498 | 16.790 |
|   4   | 51.850 | 74.400 | 83.150 | 38.541 | 16.813 |
|   5   | 51.800 | 74.500 | 83.150 | 38.556 | 16.792 |
|   6   | 51.900 | 74.600 | 83.200 | 38.572 | 16.813 |
|   7   | 51.950 | 74.500 | 83.150 | 38.604 | 16.838 |
|   8   | 51.950 | 74.650 | 83.150 | 38.643 | 16.834 |
|   9   | 51.900 | 74.950 | 83.250 | 38.647 | 16.843 |
|   10  | 52.100 | 75.000 | 83.250 | 38.694 | 16.877 |
|   11  | 52.250 | 75.100 | 83.250 | 38.742 | 16.882 |
|   12  | 52.350 | 75.100 | 83.250 | 38.738 | 16.892 |
|   13  | 52.300 | 75.200 | 83.300 | 38.765 | 16.899 |
|   14  | 52.250 | 75.250 | 83.300 | 38.774 | 16.899 |
|   15  | 52.250 | 75.300 | 83.350 | 38.795 | 16.896 |
|   16  | 52.200 | 75.350 | 83.300 | 38.816 | 16.898 |
|   17  | 52.250 | 75.350 | 83.250 | 38.847 | 16.896 |
|   18  | 52.250 | 75.350 | 83.250 | 38.854 | 16.902 |
|   19  | 52.250 | 75.250 | 83.250 | 38.854 | 16.912 |
|   20  | 52.350 | 75.300 | 83.300 | 38.877 | 16.913 |
|   21  | 52.400 | 75.300 | 83.550 | 38.892 | 16.934 |
|   22  | 52.400 | 75.300 | 83.550 | 38.920 | 16.931 |
|   23  | 52.400 | 75.200 | 83.550 | 38.928 | 16.930 |
|   24  | 52.350 | 75.250 | 83.600 | 38.951 | 16.924 |
|   25  | 52.250 | 75.200 | 83.600 | 38.977 | 16.929 |
|   26  | 52.350 | 75.250 | 83.650 | 39.002 | 16.952 |
+-------+--------+--------+--------+--------+--------+
     logs:  {'epo': 26, 'R1': np.float32(52.35), 'R5': np.float32(75.25), 'R10': np.float32(83.65), 'mAP': np.float32(39.002), 'mINP': np.float32(16.952), 'entropy': 0.43256934980551404, 'loss': 2.2325731913248696, 'lr': 2.276738835425406e-05}
     Epoch[27] Iteration[10/62], entropy: 0.3509, loss: 2.0806, lr: 3.09e-06
     Epoch[27] Iteration[20/62], entropy: 0.5322, loss: 2.3530, lr: 2.97e-05
     Epoch[27] Iteration[30/62], entropy: 0.4223, loss: 2.2837, lr: 4.98e-05
     Epoch[27] Iteration[40/62], entropy: 0.3875, loss: 2.1764, lr: 3.56e-05
     Epoch[27] Iteration[50/62], entropy: 0.3887, loss: 2.1682, lr: 6.78e-06
     Epoch[27] Iteration[60/62], entropy: 0.5121, loss: 2.3298, lr: 3.09e-06
     Averaged stats: entropy: 0.4464, loss: 2.2852, lr: 6.78e-06
     itm tta time 0:00:17
### TTA Eval Score: 
+-------+--------+--------+--------+--------+--------+
| epoch |   R1   |   R5   |  R10   |  mAP   |  mINP  |
+-------+--------+--------+--------+--------+--------+
|  -999 | 51.700 | 74.200 | 82.900 | 38.320 | 16.763 |
|   0   | 51.800 | 74.200 | 83.050 | 38.374 | 16.780 |
|   1   | 51.850 | 74.300 | 83.050 | 38.439 | 16.796 |
|   2   | 51.850 | 74.400 | 83.150 | 38.464 | 16.802 |
|   3   | 51.850 | 74.400 | 83.150 | 38.498 | 16.790 |
|   4   | 51.850 | 74.400 | 83.150 | 38.541 | 16.813 |
|   5   | 51.800 | 74.500 | 83.150 | 38.556 | 16.792 |
|   6   | 51.900 | 74.600 | 83.200 | 38.572 | 16.813 |
|   7   | 51.950 | 74.500 | 83.150 | 38.604 | 16.838 |
|   8   | 51.950 | 74.650 | 83.150 | 38.643 | 16.834 |
|   9   | 51.900 | 74.950 | 83.250 | 38.647 | 16.843 |
|   10  | 52.100 | 75.000 | 83.250 | 38.694 | 16.877 |
|   11  | 52.250 | 75.100 | 83.250 | 38.742 | 16.882 |
|   12  | 52.350 | 75.100 | 83.250 | 38.738 | 16.892 |
|   13  | 52.300 | 75.200 | 83.300 | 38.765 | 16.899 |
|   14  | 52.250 | 75.250 | 83.300 | 38.774 | 16.899 |
|   15  | 52.250 | 75.300 | 83.350 | 38.795 | 16.896 |
|   16  | 52.200 | 75.350 | 83.300 | 38.816 | 16.898 |
|   17  | 52.250 | 75.350 | 83.250 | 38.847 | 16.896 |
|   18  | 52.250 | 75.350 | 83.250 | 38.854 | 16.902 |
|   19  | 52.250 | 75.250 | 83.250 | 38.854 | 16.912 |
|   20  | 52.350 | 75.300 | 83.300 | 38.877 | 16.913 |
|   21  | 52.400 | 75.300 | 83.550 | 38.892 | 16.934 |
|   22  | 52.400 | 75.300 | 83.550 | 38.920 | 16.931 |
|   23  | 52.400 | 75.200 | 83.550 | 38.928 | 16.930 |
|   24  | 52.350 | 75.250 | 83.600 | 38.951 | 16.924 |
|   25  | 52.250 | 75.200 | 83.600 | 38.977 | 16.929 |
|   26  | 52.350 | 75.250 | 83.650 | 39.002 | 16.952 |
|   27  | 52.300 | 75.300 | 83.600 | 39.000 | 16.947 |
+-------+--------+--------+--------+--------+--------+
     logs:  {'epo': 27, 'R1': np.float32(52.3), 'R5': np.float32(75.3), 'R10': np.float32(83.6), 'mAP': np.float32(39.0), 'mINP': np.float32(16.947), 'entropy': 0.4322901765505473, 'loss': 2.231965184211731, 'lr': 2.1348722166483856e-05}
     Epoch[28] Iteration[10/62], entropy: 0.4475, loss: 2.3239, lr: 3.56e-05
     Epoch[28] Iteration[20/62], entropy: 0.4187, loss: 2.2254, lr: 4.98e-05
     Epoch[28] Iteration[30/62], entropy: 0.4661, loss: 2.3503, lr: 2.97e-05
     Epoch[28] Iteration[40/62], entropy: 0.5736, loss: 2.4202, lr: 3.09e-06
     Epoch[28] Iteration[50/62], entropy: 0.2821, loss: 2.0489, lr: 6.78e-06
     Epoch[28] Iteration[60/62], entropy: 0.4414, loss: 2.2968, lr: 3.56e-05
     Averaged stats: entropy: 0.4937, loss: 2.3215, lr: 4.09e-05
     itm tta time 0:00:17
### TTA Eval Score: 
+-------+--------+--------+--------+--------+--------+
| epoch |   R1   |   R5   |  R10   |  mAP   |  mINP  |
+-------+--------+--------+--------+--------+--------+
|  -999 | 51.700 | 74.200 | 82.900 | 38.320 | 16.763 |
|   0   | 51.800 | 74.200 | 83.050 | 38.374 | 16.780 |
|   1   | 51.850 | 74.300 | 83.050 | 38.439 | 16.796 |
|   2   | 51.850 | 74.400 | 83.150 | 38.464 | 16.802 |
|   3   | 51.850 | 74.400 | 83.150 | 38.498 | 16.790 |
|   4   | 51.850 | 74.400 | 83.150 | 38.541 | 16.813 |
|   5   | 51.800 | 74.500 | 83.150 | 38.556 | 16.792 |
|   6   | 51.900 | 74.600 | 83.200 | 38.572 | 16.813 |
|   7   | 51.950 | 74.500 | 83.150 | 38.604 | 16.838 |
|   8   | 51.950 | 74.650 | 83.150 | 38.643 | 16.834 |
|   9   | 51.900 | 74.950 | 83.250 | 38.647 | 16.843 |
|   10  | 52.100 | 75.000 | 83.250 | 38.694 | 16.877 |
|   11  | 52.250 | 75.100 | 83.250 | 38.742 | 16.882 |
|   12  | 52.350 | 75.100 | 83.250 | 38.738 | 16.892 |
|   13  | 52.300 | 75.200 | 83.300 | 38.765 | 16.899 |
|   14  | 52.250 | 75.250 | 83.300 | 38.774 | 16.899 |
|   15  | 52.250 | 75.300 | 83.350 | 38.795 | 16.896 |
|   16  | 52.200 | 75.350 | 83.300 | 38.816 | 16.898 |
|   17  | 52.250 | 75.350 | 83.250 | 38.847 | 16.896 |
|   18  | 52.250 | 75.350 | 83.250 | 38.854 | 16.902 |
|   19  | 52.250 | 75.250 | 83.250 | 38.854 | 16.912 |
|   20  | 52.350 | 75.300 | 83.300 | 38.877 | 16.913 |
|   21  | 52.400 | 75.300 | 83.550 | 38.892 | 16.934 |
|   22  | 52.400 | 75.300 | 83.550 | 38.920 | 16.931 |
|   23  | 52.400 | 75.200 | 83.550 | 38.928 | 16.930 |
|   24  | 52.350 | 75.250 | 83.600 | 38.951 | 16.924 |
|   25  | 52.250 | 75.200 | 83.600 | 38.977 | 16.929 |
|   26  | 52.350 | 75.250 | 83.650 | 39.002 | 16.952 |
|   27  | 52.300 | 75.300 | 83.600 | 39.000 | 16.947 |
|   28  | 52.300 | 75.250 | 83.600 | 39.015 | 16.957 |
+-------+--------+--------+--------+--------+--------+
     logs:  {'epo': 28, 'R1': np.float32(52.3), 'R5': np.float32(75.25), 'R10': np.float32(83.6), 'mAP': np.float32(39.015), 'mINP': np.float32(16.957), 'entropy': 0.43824897706508636, 'loss': 2.2776002883911133, 'lr': 2.677408038152098e-05}
     Epoch[29] Iteration[10/62], entropy: 0.5001, loss: 2.3731, lr: 4.82e-05
     Epoch[29] Iteration[20/62], entropy: 0.4647, loss: 2.2953, lr: 2.34e-05
     Epoch[29] Iteration[30/62], entropy: 0.5394, loss: 2.4200, lr: 7.85e-07
     Epoch[29] Iteration[40/62], entropy: 0.4334, loss: 2.2525, lr: 1.16e-05
     Epoch[29] Iteration[50/62], entropy: 0.4109, loss: 2.2130, lr: 4.09e-05
     Epoch[29] Iteration[60/62], entropy: 0.4505, loss: 2.2510, lr: 4.82e-05
     Averaged stats: entropy: 0.5731, loss: 2.3579, lr: 4.52e-05
     itm tta time 0:00:17
### TTA Eval Score: 
+-------+--------+--------+--------+--------+--------+
| epoch |   R1   |   R5   |  R10   |  mAP   |  mINP  |
+-------+--------+--------+--------+--------+--------+
|  -999 | 51.700 | 74.200 | 82.900 | 38.320 | 16.763 |
|   0   | 51.800 | 74.200 | 83.050 | 38.374 | 16.780 |
|   1   | 51.850 | 74.300 | 83.050 | 38.439 | 16.796 |
|   2   | 51.850 | 74.400 | 83.150 | 38.464 | 16.802 |
|   3   | 51.850 | 74.400 | 83.150 | 38.498 | 16.790 |
|   4   | 51.850 | 74.400 | 83.150 | 38.541 | 16.813 |
|   5   | 51.800 | 74.500 | 83.150 | 38.556 | 16.792 |
|   6   | 51.900 | 74.600 | 83.200 | 38.572 | 16.813 |
|   7   | 51.950 | 74.500 | 83.150 | 38.604 | 16.838 |
|   8   | 51.950 | 74.650 | 83.150 | 38.643 | 16.834 |
|   9   | 51.900 | 74.950 | 83.250 | 38.647 | 16.843 |
|   10  | 52.100 | 75.000 | 83.250 | 38.694 | 16.877 |
|   11  | 52.250 | 75.100 | 83.250 | 38.742 | 16.882 |
|   12  | 52.350 | 75.100 | 83.250 | 38.738 | 16.892 |
|   13  | 52.300 | 75.200 | 83.300 | 38.765 | 16.899 |
|   14  | 52.250 | 75.250 | 83.300 | 38.774 | 16.899 |
|   15  | 52.250 | 75.300 | 83.350 | 38.795 | 16.896 |
|   16  | 52.200 | 75.350 | 83.300 | 38.816 | 16.898 |
|   17  | 52.250 | 75.350 | 83.250 | 38.847 | 16.896 |
|   18  | 52.250 | 75.350 | 83.250 | 38.854 | 16.902 |
|   19  | 52.250 | 75.250 | 83.250 | 38.854 | 16.912 |
|   20  | 52.350 | 75.300 | 83.300 | 38.877 | 16.913 |
|   21  | 52.400 | 75.300 | 83.550 | 38.892 | 16.934 |
|   22  | 52.400 | 75.300 | 83.550 | 38.920 | 16.931 |
|   23  | 52.400 | 75.200 | 83.550 | 38.928 | 16.930 |
|   24  | 52.350 | 75.250 | 83.600 | 38.951 | 16.924 |
|   25  | 52.250 | 75.200 | 83.600 | 38.977 | 16.929 |
|   26  | 52.350 | 75.250 | 83.650 | 39.002 | 16.952 |
|   27  | 52.300 | 75.300 | 83.600 | 39.000 | 16.947 |
|   28  | 52.300 | 75.250 | 83.600 | 39.015 | 16.957 |
|   29  | 52.300 | 75.300 | 83.650 | 39.039 | 17.003 |
+-------+--------+--------+--------+--------+--------+
     logs:  {'epo': 29, 'R1': np.float32(52.3), 'R5': np.float32(75.3), 'R10': np.float32(83.65), 'mAP': np.float32(39.039), 'mINP': np.float32(17.003), 'entropy': 0.4665013204018275, 'loss': 2.300836682319641, 'lr': 2.8874068691200905e-05}
### best epoch 21 : {'epo': '21', 'R1': '52.4', 'R5': '75.3', 'R10': '83.55', 'mAP': '38.892', 'mINP': '16.934', 'entropy': '0.4204116761684418', 'loss': '2.224648396174113', 'lr': '2.765593329061946e-05'}
### Time 0:10:46
