Not using distributed mode
### Hyper-parameters:
     output_dir: output_rerun2/ham_rstp_tta/exp5/exp5.2.3/2025091608440
     seed: 42
     device: cuda
     batch_size_tta: 16
     epochs: 60
     lr: 0.0005
### Creating test dataset
     test_txt_set: 2000    test_img_set: 1000
     test_txt_loader: 4    test_img_loader: 2
### Creating model
Training Model with ['sdm', 'id', 'mlm'] tasks
Resized position embedding from size:torch.Size([1, 197, 768]) to size: torch.Size([1, 193, 768]) with height:24 width: 8
     Total Params Sum:  190789493
### Zero-Shot Score: 
/home/jiahao/task/IRRA/tta.py:281: FutureWarning: `torch.cuda.amp.GradScaler(args...)` is deprecated. Please use `torch.amp.GradScaler('cuda', args...)` instead.
  scaler = GradScaler()  # bf16
+-------+--------+--------+--------+--------+--------+
| epoch |   R1   |   R5   |  R10   |  mAP   |  mINP  |
+-------+--------+--------+--------+--------+--------+
|  -999 | 59.500 | 80.050 | 87.050 | 44.116 | 20.549 |
+-------+--------+--------+--------+--------+--------+
### TTA:
### Compute Cos Similarity Uncertainty
     preprocess_tta_coefficients  start
     sample selection ...
     number of sample after sample_selection: 1378
     uncertainty ...
     pos/neg sampling ...
      number of sample after pos/neg sampling: torch.Size([2000, 8])
     preprocess_tta_coefficients  end
### Creating TTA dataset
     tta_dataset: 1378
### Creating tta dataloader
### be careful: func create_loader returns a list length of 1
     tta_loader: 86
### Configure adapted weights
     TTA Dropout Modules: 
 []
     TTA Require Gradient Params: 
 [('base_model.transformer.resblocks.1.ln_1.weight', torch.Size([512])), ('base_model.transformer.resblocks.1.ln_1.bias', torch.Size([512])), ('base_model.transformer.resblocks.1.ln_2.weight', torch.Size([512])), ('base_model.transformer.resblocks.1.ln_2.bias', torch.Size([512])), ('base_model.transformer.resblocks.2.ln_1.weight', torch.Size([512])), ('base_model.transformer.resblocks.2.ln_1.bias', torch.Size([512])), ('base_model.transformer.resblocks.2.ln_2.weight', torch.Size([512])), ('base_model.transformer.resblocks.2.ln_2.bias', torch.Size([512])), ('base_model.transformer.resblocks.3.ln_1.weight', torch.Size([512])), ('base_model.transformer.resblocks.3.ln_1.bias', torch.Size([512])), ('base_model.transformer.resblocks.3.ln_2.weight', torch.Size([512])), ('base_model.transformer.resblocks.3.ln_2.bias', torch.Size([512])), ('base_model.transformer.resblocks.4.ln_1.weight', torch.Size([512])), ('base_model.transformer.resblocks.4.ln_1.bias', torch.Size([512])), ('base_model.transformer.resblocks.4.ln_2.weight', torch.Size([512])), ('base_model.transformer.resblocks.4.ln_2.bias', torch.Size([512])), ('base_model.transformer.resblocks.5.ln_1.weight', torch.Size([512])), ('base_model.transformer.resblocks.5.ln_1.bias', torch.Size([512])), ('base_model.transformer.resblocks.5.ln_2.weight', torch.Size([512])), ('base_model.transformer.resblocks.5.ln_2.bias', torch.Size([512])), ('base_model.transformer.resblocks.7.ln_1.weight', torch.Size([512])), ('base_model.transformer.resblocks.7.ln_1.bias', torch.Size([512])), ('base_model.transformer.resblocks.7.ln_2.weight', torch.Size([512])), ('base_model.transformer.resblocks.7.ln_2.bias', torch.Size([512])), ('base_model.transformer.resblocks.8.ln_1.weight', torch.Size([512])), ('base_model.transformer.resblocks.8.ln_1.bias', torch.Size([512])), ('base_model.transformer.resblocks.8.ln_2.weight', torch.Size([512])), ('base_model.transformer.resblocks.8.ln_2.bias', torch.Size([512])), ('base_model.transformer.resblocks.9.ln_1.weight', torch.Size([512])), ('base_model.transformer.resblocks.9.ln_1.bias', torch.Size([512])), ('base_model.transformer.resblocks.9.ln_2.weight', torch.Size([512])), ('base_model.transformer.resblocks.9.ln_2.bias', torch.Size([512])), ('base_model.transformer.resblocks.10.ln_1.weight', torch.Size([512])), ('base_model.transformer.resblocks.10.ln_1.bias', torch.Size([512])), ('base_model.transformer.resblocks.10.ln_2.weight', torch.Size([512])), ('base_model.transformer.resblocks.10.ln_2.bias', torch.Size([512])), ('base_model.transformer.resblocks.11.ln_1.weight', torch.Size([512])), ('base_model.transformer.resblocks.11.ln_1.bias', torch.Size([512])), ('base_model.transformer.resblocks.11.ln_2.weight', torch.Size([512])), ('base_model.transformer.resblocks.11.ln_2.bias', torch.Size([512])), ('base_model.ln_final.weight', torch.Size([512])), ('base_model.ln_final.bias', torch.Size([512]))]
     TTA Dropout Modules Number: 
 0
     TTA Require Gradient Params Sum: 
 21504
Using 5.0 times learning rate for random init module 
### Start Test Time Adaptation : num_epoch = 60
/home/jiahao/task/IRRA/tta.py:67: FutureWarning: `torch.cuda.amp.autocast(args...)` is deprecated. Please use `torch.amp.autocast('cuda', args...)` instead.
  with torch.cuda.amp.autocast(enabled=True):
     Epoch[0] Iteration[10/86], entropy: 0.4221, uncertainty: 1.9542, uncertainty_coeffi: 0.0001, loss: 0.1977, lr: 4.94e-04
     Epoch[0] Iteration[20/86], entropy: 0.3046, uncertainty: 1.6978, uncertainty_coeffi: 0.0001, loss: 0.1496, lr: 4.24e-04
     Epoch[0] Iteration[30/86], entropy: 0.4350, uncertainty: 1.7527, uncertainty_coeffi: 0.0001, loss: 0.2017, lr: 3.00e-04
     Epoch[0] Iteration[40/86], entropy: 0.1756, uncertainty: 1.7247, uncertainty_coeffi: 0.0001, loss: 0.0932, lr: 1.59e-04
     Epoch[0] Iteration[50/86], entropy: 0.3307, uncertainty: 1.9765, uncertainty_coeffi: 0.0001, loss: 0.1506, lr: 4.77e-05
     Epoch[0] Iteration[60/86], entropy: 0.5993, uncertainty: 2.0032, uncertainty_coeffi: 0.0001, loss: 0.2728, lr: 4.08e-07
     Epoch[0] Iteration[70/86], entropy: 0.5038, uncertainty: 2.0263, uncertainty_coeffi: 0.0001, loss: 0.2274, lr: 3.23e-05
     Epoch[0] Iteration[80/86], entropy: 0.5386, uncertainty: 1.9916, uncertainty_coeffi: 0.0001, loss: 0.2345, lr: 1.33e-04
     Averaged stats: entropy_avg: 0.4137, uncertainty_avg: 1.8909, uncertainty_coeffi_avg: 0.0001, loss_avg: 0.1909, lr_avg: 1.99e-04
     itm tta time 0:00:16
### TTA Eval Score: 
+-------+--------+--------+--------+--------+--------+
| epoch |   R1   |   R5   |  R10   |  mAP   |  mINP  |
+-------+--------+--------+--------+--------+--------+
|  -999 | 59.500 | 80.050 | 87.050 | 44.116 | 20.549 |
|   0   | 61.050 | 81.350 | 87.700 | 45.142 | 21.237 |
+-------+--------+--------+--------+--------+--------+
     logs:  {'epo': 0, 'R1': np.float32(61.05), 'R5': np.float32(81.35), 'R10': np.float32(87.7), 'mAP': np.float32(45.142), 'mINP': np.float32(21.237), 'entropy': 0.41370244696736336, 'uncertainty': 1.8908659517765045, 'uncertainty_coeffi': 9.999999747378752e-05, 'loss': 0.19093046057969332, 'lr': 0.0001988103983826937}
     Epoch[1] Iteration[10/86], entropy: 0.2108, uncertainty: 1.6975, uncertainty_coeffi: 0.0001, loss: 0.0992, lr: 3.54e-04
     Epoch[1] Iteration[20/86], entropy: 0.2714, uncertainty: 1.8910, uncertainty_coeffi: 0.0001, loss: 0.1288, lr: 4.60e-04
     Epoch[1] Iteration[30/86], entropy: 0.2492, uncertainty: 1.7353, uncertainty_coeffi: 0.0001, loss: 0.1114, lr: 5.00e-04
     Epoch[1] Iteration[40/86], entropy: 0.3316, uncertainty: 1.8935, uncertainty_coeffi: 0.0001, loss: 0.1520, lr: 4.60e-04
     Epoch[1] Iteration[50/86], entropy: 0.2528, uncertainty: 1.7069, uncertainty_coeffi: 0.0001, loss: 0.1322, lr: 3.54e-04
     Epoch[1] Iteration[60/86], entropy: 0.2076, uncertainty: 1.8831, uncertainty_coeffi: 0.0001, loss: 0.1025, lr: 2.14e-04
     Epoch[1] Iteration[70/86], entropy: 0.3421, uncertainty: 1.8052, uncertainty_coeffi: 0.0001, loss: 0.1529, lr: 8.63e-05
     Epoch[1] Iteration[80/86], entropy: 0.2653, uncertainty: 1.8214, uncertainty_coeffi: 0.0001, loss: 0.1223, lr: 1.01e-05
     Averaged stats: entropy_avg: 0.2663, uncertainty_avg: 1.8042, uncertainty_coeffi_avg: 0.0001, loss_avg: 0.1252, lr_avg: 3.05e-04
     itm tta time 0:00:16
### TTA Eval Score: 
+-------+--------+--------+--------+--------+--------+
| epoch |   R1   |   R5   |  R10   |  mAP   |  mINP  |
+-------+--------+--------+--------+--------+--------+
|  -999 | 59.500 | 80.050 | 87.050 | 44.116 | 20.549 |
|   0   | 61.050 | 81.350 | 87.700 | 45.142 | 21.237 |
|   1   | 61.300 | 81.350 | 88.400 | 45.510 | 21.462 |
+-------+--------+--------+--------+--------+--------+
     logs:  {'epo': 1, 'R1': np.float32(61.3), 'R5': np.float32(81.35), 'R10': np.float32(88.4), 'mAP': np.float32(45.51), 'mINP': np.float32(21.462), 'entropy': 0.26633596420288086, 'uncertainty': 1.8042490929365158, 'uncertainty_coeffi': 9.999999747378752e-05, 'loss': 0.1251534940674901, 'lr': 0.0003048958920572834}
     Epoch[2] Iteration[10/86], entropy: 0.3127, uncertainty: 1.7881, uncertainty_coeffi: 0.0001, loss: 0.1597, lr: 4.77e-05
     Epoch[2] Iteration[20/86], entropy: 0.2532, uncertainty: 1.7820, uncertainty_coeffi: 0.0001, loss: 0.1225, lr: 1.59e-04
     Epoch[2] Iteration[30/86], entropy: 0.4335, uncertainty: 1.8981, uncertainty_coeffi: 0.0001, loss: 0.2104, lr: 3.00e-04
     Epoch[2] Iteration[40/86], entropy: 0.1609, uncertainty: 1.7991, uncertainty_coeffi: 0.0001, loss: 0.0788, lr: 4.24e-04
     Epoch[2] Iteration[50/86], entropy: 0.3171, uncertainty: 1.8846, uncertainty_coeffi: 0.0001, loss: 0.1491, lr: 4.94e-04
     Epoch[2] Iteration[60/86], entropy: 0.1793, uncertainty: 1.7412, uncertainty_coeffi: 0.0001, loss: 0.0966, lr: 4.85e-04
     Epoch[2] Iteration[70/86], entropy: 0.2466, uncertainty: 1.8848, uncertainty_coeffi: 0.0001, loss: 0.1194, lr: 4.03e-04
     Epoch[2] Iteration[80/86], entropy: 0.4959, uncertainty: 1.8972, uncertainty_coeffi: 0.0001, loss: 0.2216, lr: 2.71e-04
     Averaged stats: entropy_avg: 0.2999, uncertainty_avg: 1.8344, uncertainty_coeffi_avg: 0.0001, loss_avg: 0.1448, lr_avg: 3.23e-04
     itm tta time 0:00:16
### TTA Eval Score: 
+-------+--------+--------+--------+--------+--------+
| epoch |   R1   |   R5   |  R10   |  mAP   |  mINP  |
+-------+--------+--------+--------+--------+--------+
|  -999 | 59.500 | 80.050 | 87.050 | 44.116 | 20.549 |
|   0   | 61.050 | 81.350 | 87.700 | 45.142 | 21.237 |
|   1   | 61.300 | 81.350 | 88.400 | 45.510 | 21.462 |
|   2   | 60.950 | 80.950 | 88.300 | 45.603 | 21.593 |
+-------+--------+--------+--------+--------+--------+
     logs:  {'epo': 2, 'R1': np.float32(60.95), 'R5': np.float32(80.95), 'R10': np.float32(88.3), 'mAP': np.float32(45.603), 'mINP': np.float32(21.593), 'entropy': 0.2999002020806074, 'uncertainty': 1.834378108382225, 'uncertainty_coeffi': 9.999999747378752e-05, 'loss': 0.14475326705724, 'lr': 0.0003229932032584871}
     Epoch[3] Iteration[10/86], entropy: 0.1610, uncertainty: 1.8177, uncertainty_coeffi: 0.0001, loss: 0.0789, lr: 6.58e-05
     Epoch[3] Iteration[20/86], entropy: 0.2072, uncertainty: 1.8639, uncertainty_coeffi: 0.0001, loss: 0.0941, lr: 3.66e-06
     Epoch[3] Iteration[30/86], entropy: 0.1269, uncertainty: 1.6836, uncertainty_coeffi: 0.0001, loss: 0.0653, lr: 1.97e-05
     Epoch[3] Iteration[40/86], entropy: 0.3394, uncertainty: 1.9302, uncertainty_coeffi: 0.0001, loss: 0.1563, lr: 1.09e-04
     Epoch[3] Iteration[50/86], entropy: 0.2010, uncertainty: 1.9065, uncertainty_coeffi: 0.0001, loss: 0.0913, lr: 2.43e-04
     Epoch[3] Iteration[60/86], entropy: 0.3336, uncertainty: 1.8452, uncertainty_coeffi: 0.0001, loss: 0.1523, lr: 3.79e-04
     Epoch[3] Iteration[70/86], entropy: 0.2569, uncertainty: 1.9491, uncertainty_coeffi: 0.0001, loss: 0.1147, lr: 4.74e-04
     Epoch[3] Iteration[80/86], entropy: 0.3634, uncertainty: 1.8927, uncertainty_coeffi: 0.0001, loss: 0.1563, lr: 4.98e-04
     Averaged stats: entropy_avg: 0.2487, uncertainty_avg: 1.8611, uncertainty_coeffi_avg: 0.0001, loss_avg: 0.1136, lr_avg: 2.24e-04
     itm tta time 0:00:16
     Epoch[4] Iteration[10/86], entropy: 0.2807, uncertainty: 1.9015, uncertainty_coeffi: 0.0001, loss: 0.1308, lr: 3.79e-04
     Epoch[4] Iteration[20/86], entropy: 0.1830, uncertainty: 1.8678, uncertainty_coeffi: 0.0001, loss: 0.0875, lr: 2.43e-04
     Epoch[4] Iteration[30/86], entropy: 0.3607, uncertainty: 2.0052, uncertainty_coeffi: 0.0001, loss: 0.1685, lr: 1.09e-04
     Epoch[4] Iteration[40/86], entropy: 0.3432, uncertainty: 1.8194, uncertainty_coeffi: 0.0001, loss: 0.1598, lr: 1.97e-05
     Epoch[4] Iteration[50/86], entropy: 0.2397, uncertainty: 1.7578, uncertainty_coeffi: 0.0001, loss: 0.1242, lr: 3.66e-06
     Epoch[4] Iteration[60/86], entropy: 0.2801, uncertainty: 1.8506, uncertainty_coeffi: 0.0001, loss: 0.1302, lr: 6.58e-05
     Epoch[4] Iteration[70/86], entropy: 0.1996, uncertainty: 1.8203, uncertainty_coeffi: 0.0001, loss: 0.1130, lr: 1.86e-04
     Epoch[4] Iteration[80/86], entropy: 0.3445, uncertainty: 1.9066, uncertainty_coeffi: 0.0001, loss: 0.1636, lr: 3.27e-04
     Averaged stats: entropy_avg: 0.2789, uncertainty_avg: 1.8662, uncertainty_coeffi_avg: 0.0001, loss_avg: 0.1347, lr_avg: 1.67e-04
     itm tta time 0:00:16
### TTA Eval Score: 
+-------+--------+--------+--------+--------+--------+
| epoch |   R1   |   R5   |  R10   |  mAP   |  mINP  |
+-------+--------+--------+--------+--------+--------+
|  -999 | 59.500 | 80.050 | 87.050 | 44.116 | 20.549 |
|   0   | 61.050 | 81.350 | 87.700 | 45.142 | 21.237 |
|   1   | 61.300 | 81.350 | 88.400 | 45.510 | 21.462 |
|   2   | 60.950 | 80.950 | 88.300 | 45.603 | 21.593 |
|   4   | 60.950 | 81.150 | 88.450 | 45.821 | 21.861 |
+-------+--------+--------+--------+--------+--------+
     logs:  {'epo': 4, 'R1': np.float32(60.95), 'R5': np.float32(81.15), 'R10': np.float32(88.45), 'mAP': np.float32(45.821), 'mINP': np.float32(21.861), 'entropy': 0.27892469242215157, 'uncertainty': 1.8661623895168304, 'uncertainty_coeffi': 9.999999747378752e-05, 'loss': 0.1347142392769456, 'lr': 0.00016671806954128167}
     Epoch[5] Iteration[10/86], entropy: 0.3853, uncertainty: 1.7942, uncertainty_coeffi: 0.0001, loss: 0.1783, lr: 4.85e-04
     Epoch[5] Iteration[20/86], entropy: 0.2593, uncertainty: 1.9174, uncertainty_coeffi: 0.0001, loss: 0.1237, lr: 4.94e-04
     Epoch[5] Iteration[30/86], entropy: 0.2961, uncertainty: 1.8800, uncertainty_coeffi: 0.0001, loss: 0.1506, lr: 4.24e-04
     Epoch[5] Iteration[40/86], entropy: 0.3765, uncertainty: 1.9429, uncertainty_coeffi: 0.0001, loss: 0.1679, lr: 3.00e-04
     Epoch[5] Iteration[50/86], entropy: 0.4031, uncertainty: 1.9004, uncertainty_coeffi: 0.0001, loss: 0.1772, lr: 1.59e-04
     Epoch[5] Iteration[60/86], entropy: 0.3079, uncertainty: 1.9405, uncertainty_coeffi: 0.0001, loss: 0.1432, lr: 4.77e-05
     Epoch[5] Iteration[70/86], entropy: 0.2626, uncertainty: 1.9335, uncertainty_coeffi: 0.0001, loss: 0.1288, lr: 4.08e-07
     Epoch[5] Iteration[80/86], entropy: 0.2109, uncertainty: 1.8520, uncertainty_coeffi: 0.0001, loss: 0.1076, lr: 3.23e-05
     Averaged stats: entropy_avg: 0.3127, uncertainty_avg: 1.8951, uncertainty_coeffi_avg: 0.0001, loss_avg: 0.1472, lr_avg: 2.43e-04
     itm tta time 0:00:16
     Epoch[6] Iteration[10/86], entropy: 0.4863, uncertainty: 2.0606, uncertainty_coeffi: 0.0001, loss: 0.2211, lr: 2.14e-04
     Epoch[6] Iteration[20/86], entropy: 0.2170, uncertainty: 1.8318, uncertainty_coeffi: 0.0001, loss: 0.1070, lr: 3.54e-04
     Epoch[6] Iteration[30/86], entropy: 0.1453, uncertainty: 1.6892, uncertainty_coeffi: 0.0001, loss: 0.0742, lr: 4.60e-04
     Epoch[6] Iteration[40/86], entropy: 0.1991, uncertainty: 1.6528, uncertainty_coeffi: 0.0001, loss: 0.0981, lr: 5.00e-04
     Epoch[6] Iteration[50/86], entropy: 0.2301, uncertainty: 1.7466, uncertainty_coeffi: 0.0001, loss: 0.1054, lr: 4.60e-04
     Epoch[6] Iteration[60/86], entropy: 0.2829, uncertainty: 1.7700, uncertainty_coeffi: 0.0001, loss: 0.1278, lr: 3.54e-04
     Epoch[6] Iteration[70/86], entropy: 0.1029, uncertainty: 1.8003, uncertainty_coeffi: 0.0001, loss: 0.0520, lr: 2.14e-04
     Epoch[6] Iteration[80/86], entropy: 0.2067, uncertainty: 1.8304, uncertainty_coeffi: 0.0001, loss: 0.1031, lr: 8.63e-05
     Averaged stats: entropy_avg: 0.2338, uncertainty_avg: 1.7977, uncertainty_coeffi_avg: 0.0001, loss_avg: 0.1111, lr_avg: 3.30e-04
     itm tta time 0:00:16
     Epoch[7] Iteration[10/86], entropy: 0.0626, uncertainty: 1.6812, uncertainty_coeffi: 0.0001, loss: 0.0313, lr: 4.08e-07
     Epoch[7] Iteration[20/86], entropy: 0.1267, uncertainty: 1.7944, uncertainty_coeffi: 0.0001, loss: 0.0606, lr: 4.77e-05
     Epoch[7] Iteration[30/86], entropy: 0.4348, uncertainty: 1.9233, uncertainty_coeffi: 0.0001, loss: 0.2074, lr: 1.59e-04
     Epoch[7] Iteration[40/86], entropy: 0.2130, uncertainty: 1.6840, uncertainty_coeffi: 0.0001, loss: 0.0963, lr: 3.00e-04
     Epoch[7] Iteration[50/86], entropy: 0.2361, uncertainty: 1.7987, uncertainty_coeffi: 0.0001, loss: 0.1237, lr: 4.24e-04
     Epoch[7] Iteration[60/86], entropy: 0.3958, uncertainty: 1.9026, uncertainty_coeffi: 0.0001, loss: 0.1815, lr: 4.94e-04
     Epoch[7] Iteration[70/86], entropy: 0.2341, uncertainty: 1.8590, uncertainty_coeffi: 0.0001, loss: 0.1224, lr: 4.85e-04
     Epoch[7] Iteration[80/86], entropy: 0.2006, uncertainty: 1.7456, uncertainty_coeffi: 0.0001, loss: 0.0950, lr: 4.03e-04
     Averaged stats: entropy_avg: 0.2380, uncertainty_avg: 1.7986, uncertainty_coeffi_avg: 0.0001, loss_avg: 0.1148, lr_avg: 2.89e-04
     itm tta time 0:00:16
     Epoch[8] Iteration[10/86], entropy: 0.2569, uncertainty: 1.7439, uncertainty_coeffi: 0.0001, loss: 0.1320, lr: 1.86e-04
     Epoch[8] Iteration[20/86], entropy: 0.4776, uncertainty: 1.9700, uncertainty_coeffi: 0.0001, loss: 0.2177, lr: 6.58e-05
     Epoch[8] Iteration[30/86], entropy: 0.1506, uncertainty: 1.7919, uncertainty_coeffi: 0.0001, loss: 0.0751, lr: 3.66e-06
     Epoch[8] Iteration[40/86], entropy: 0.5011, uncertainty: 1.8701, uncertainty_coeffi: 0.0001, loss: 0.2126, lr: 1.97e-05
     Epoch[8] Iteration[50/86], entropy: 0.3242, uncertainty: 1.8924, uncertainty_coeffi: 0.0001, loss: 0.1505, lr: 1.09e-04
     Epoch[8] Iteration[60/86], entropy: 0.5207, uncertainty: 1.8876, uncertainty_coeffi: 0.0001, loss: 0.2541, lr: 2.43e-04
     Epoch[8] Iteration[70/86], entropy: 0.0639, uncertainty: 1.5753, uncertainty_coeffi: 0.0001, loss: 0.0330, lr: 3.79e-04
     Epoch[8] Iteration[80/86], entropy: 0.1593, uncertainty: 1.7951, uncertainty_coeffi: 0.0001, loss: 0.0769, lr: 4.74e-04
     Averaged stats: entropy_avg: 0.3068, uncertainty_avg: 1.8158, uncertainty_coeffi_avg: 0.0001, loss_avg: 0.1440, lr_avg: 1.85e-04
     itm tta time 0:00:16
     Epoch[9] Iteration[10/86], entropy: 0.1502, uncertainty: 1.8942, uncertainty_coeffi: 0.0001, loss: 0.0687, lr: 4.74e-04
     Epoch[9] Iteration[20/86], entropy: 0.3665, uncertainty: 1.8986, uncertainty_coeffi: 0.0001, loss: 0.1716, lr: 3.79e-04
     Epoch[9] Iteration[30/86], entropy: 0.3871, uncertainty: 1.8327, uncertainty_coeffi: 0.0001, loss: 0.1671, lr: 2.43e-04
     Epoch[9] Iteration[40/86], entropy: 0.1570, uncertainty: 1.9035, uncertainty_coeffi: 0.0001, loss: 0.0791, lr: 1.09e-04
     Epoch[9] Iteration[50/86], entropy: 0.3274, uncertainty: 1.9577, uncertainty_coeffi: 0.0001, loss: 0.1467, lr: 1.97e-05
     Epoch[9] Iteration[60/86], entropy: 0.1950, uncertainty: 1.7922, uncertainty_coeffi: 0.0001, loss: 0.0930, lr: 3.66e-06
     Epoch[9] Iteration[70/86], entropy: 0.3363, uncertainty: 1.8790, uncertainty_coeffi: 0.0001, loss: 0.1578, lr: 6.58e-05
     Epoch[9] Iteration[80/86], entropy: 0.2879, uncertainty: 1.9226, uncertainty_coeffi: 0.0001, loss: 0.1322, lr: 1.86e-04
     Averaged stats: entropy_avg: 0.2759, uncertainty_avg: 1.8851, uncertainty_coeffi_avg: 0.0001, loss_avg: 0.1270, lr_avg: 1.85e-04
     itm tta time 0:00:16
### TTA Eval Score: 
+-------+--------+--------+--------+--------+--------+
| epoch |   R1   |   R5   |  R10   |  mAP   |  mINP  |
+-------+--------+--------+--------+--------+--------+
|  -999 | 59.500 | 80.050 | 87.050 | 44.116 | 20.549 |
|   0   | 61.050 | 81.350 | 87.700 | 45.142 | 21.237 |
|   1   | 61.300 | 81.350 | 88.400 | 45.510 | 21.462 |
|   2   | 60.950 | 80.950 | 88.300 | 45.603 | 21.593 |
|   4   | 60.950 | 81.150 | 88.450 | 45.821 | 21.861 |
|   9   | 60.800 | 80.350 | 88.300 | 45.806 | 21.933 |
+-------+--------+--------+--------+--------+--------+
     logs:  {'epo': 9, 'R1': np.float32(60.8), 'R5': np.float32(80.35), 'R10': np.float32(88.3), 'mAP': np.float32(45.806), 'mINP': np.float32(21.933), 'entropy': 0.27593414299190044, 'uncertainty': 1.8850549310445786, 'uncertainty_coeffi': 9.999999747378752e-05, 'loss': 0.12702889554202557, 'lr': 0.00018510498936366923}
     Epoch[10] Iteration[10/86], entropy: 0.2984, uncertainty: 1.8892, uncertainty_coeffi: 0.0001, loss: 0.1364, lr: 4.03e-04
     Epoch[10] Iteration[20/86], entropy: 0.3953, uncertainty: 1.9546, uncertainty_coeffi: 0.0001, loss: 0.1828, lr: 4.85e-04
     Epoch[10] Iteration[30/86], entropy: 0.3777, uncertainty: 1.9360, uncertainty_coeffi: 0.0001, loss: 0.1724, lr: 4.94e-04
     Epoch[10] Iteration[40/86], entropy: 0.3556, uncertainty: 1.7979, uncertainty_coeffi: 0.0001, loss: 0.1526, lr: 4.24e-04
     Epoch[10] Iteration[50/86], entropy: 0.5294, uncertainty: 2.0286, uncertainty_coeffi: 0.0001, loss: 0.2367, lr: 3.00e-04
     Epoch[10] Iteration[60/86], entropy: 0.3355, uncertainty: 1.8854, uncertainty_coeffi: 0.0001, loss: 0.1703, lr: 1.59e-04
     Epoch[10] Iteration[70/86], entropy: 0.2200, uncertainty: 1.9101, uncertainty_coeffi: 0.0001, loss: 0.1055, lr: 4.77e-05
     Epoch[10] Iteration[80/86], entropy: 0.2254, uncertainty: 1.7356, uncertainty_coeffi: 0.0001, loss: 0.1157, lr: 4.08e-07
     Averaged stats: entropy_avg: 0.3422, uncertainty_avg: 1.8922, uncertainty_coeffi_avg: 0.0001, loss_avg: 0.1590, lr_avg: 2.89e-04
     itm tta time 0:00:16
     Epoch[11] Iteration[10/86], entropy: 0.2488, uncertainty: 1.9588, uncertainty_coeffi: 0.0001, loss: 0.1134, lr: 8.63e-05
     Epoch[11] Iteration[20/86], entropy: 0.3118, uncertainty: 1.8600, uncertainty_coeffi: 0.0001, loss: 0.1430, lr: 2.14e-04
     Epoch[11] Iteration[30/86], entropy: 0.1657, uncertainty: 1.7736, uncertainty_coeffi: 0.0001, loss: 0.0824, lr: 3.54e-04
     Epoch[11] Iteration[40/86], entropy: 0.4100, uncertainty: 1.8618, uncertainty_coeffi: 0.0001, loss: 0.1878, lr: 4.60e-04
     Epoch[11] Iteration[50/86], entropy: 0.3377, uncertainty: 1.8821, uncertainty_coeffi: 0.0001, loss: 0.1516, lr: 5.00e-04
     Epoch[11] Iteration[60/86], entropy: 0.3915, uncertainty: 1.8463, uncertainty_coeffi: 0.0001, loss: 0.1781, lr: 4.60e-04
     Epoch[11] Iteration[70/86], entropy: 0.2519, uncertainty: 1.9103, uncertainty_coeffi: 0.0001, loss: 0.1167, lr: 3.54e-04
     Epoch[11] Iteration[80/86], entropy: 0.2215, uncertainty: 1.8459, uncertainty_coeffi: 0.0001, loss: 0.1100, lr: 2.14e-04
     Averaged stats: entropy_avg: 0.2924, uncertainty_avg: 1.8674, uncertainty_coeffi_avg: 0.0001, loss_avg: 0.1354, lr_avg: 3.30e-04
     itm tta time 0:00:16
     Epoch[12] Iteration[10/86], entropy: 0.0762, uncertainty: 1.7235, uncertainty_coeffi: 0.0001, loss: 0.0405, lr: 3.23e-05
     Epoch[12] Iteration[20/86], entropy: 0.2625, uncertainty: 1.9092, uncertainty_coeffi: 0.0001, loss: 0.1249, lr: 4.08e-07
     Epoch[12] Iteration[30/86], entropy: 0.2729, uncertainty: 1.7841, uncertainty_coeffi: 0.0001, loss: 0.1194, lr: 4.77e-05
     Epoch[12] Iteration[40/86], entropy: 0.2677, uncertainty: 1.9421, uncertainty_coeffi: 0.0001, loss: 0.1179, lr: 1.59e-04
     Epoch[12] Iteration[50/86], entropy: 0.2256, uncertainty: 1.8370, uncertainty_coeffi: 0.0001, loss: 0.1038, lr: 3.00e-04
     Epoch[12] Iteration[60/86], entropy: 0.3416, uncertainty: 1.7972, uncertainty_coeffi: 0.0001, loss: 0.1591, lr: 4.24e-04
     Epoch[12] Iteration[70/86], entropy: 0.3185, uncertainty: 1.8604, uncertainty_coeffi: 0.0001, loss: 0.1537, lr: 4.94e-04
     Epoch[12] Iteration[80/86], entropy: 0.1314, uncertainty: 1.7020, uncertainty_coeffi: 0.0001, loss: 0.0652, lr: 4.85e-04
     Averaged stats: entropy_avg: 0.2371, uncertainty_avg: 1.8194, uncertainty_coeffi_avg: 0.0001, loss_avg: 0.1106, lr_avg: 2.43e-04
     itm tta time 0:00:16
     Epoch[13] Iteration[10/86], entropy: 0.2877, uncertainty: 1.7668, uncertainty_coeffi: 0.0001, loss: 0.1381, lr: 3.27e-04
     Epoch[13] Iteration[20/86], entropy: 0.3788, uncertainty: 2.0183, uncertainty_coeffi: 0.0001, loss: 0.1702, lr: 1.86e-04
     Epoch[13] Iteration[30/86], entropy: 0.2211, uncertainty: 1.8806, uncertainty_coeffi: 0.0001, loss: 0.1047, lr: 6.58e-05
     Epoch[13] Iteration[40/86], entropy: 0.2635, uncertainty: 1.9443, uncertainty_coeffi: 0.0001, loss: 0.1246, lr: 3.66e-06
     Epoch[13] Iteration[50/86], entropy: 0.3605, uncertainty: 1.9074, uncertainty_coeffi: 0.0001, loss: 0.1668, lr: 1.97e-05
     Epoch[13] Iteration[60/86], entropy: 0.2590, uncertainty: 1.8638, uncertainty_coeffi: 0.0001, loss: 0.1249, lr: 1.09e-04
     Epoch[13] Iteration[70/86], entropy: 0.3722, uncertainty: 1.8078, uncertainty_coeffi: 0.0001, loss: 0.1711, lr: 2.43e-04
     Epoch[13] Iteration[80/86], entropy: 0.2278, uncertainty: 1.8143, uncertainty_coeffi: 0.0001, loss: 0.1142, lr: 3.79e-04
     Averaged stats: entropy_avg: 0.2963, uncertainty_avg: 1.8754, uncertainty_coeffi_avg: 0.0001, loss_avg: 0.1393, lr_avg: 1.67e-04
     itm tta time 0:00:16
     Epoch[14] Iteration[10/86], entropy: 0.1770, uncertainty: 1.8530, uncertainty_coeffi: 0.0001, loss: 0.0899, lr: 4.98e-04
     Epoch[14] Iteration[20/86], entropy: 0.2042, uncertainty: 1.8935, uncertainty_coeffi: 0.0001, loss: 0.0971, lr: 4.74e-04
     Epoch[14] Iteration[30/86], entropy: 0.2665, uncertainty: 1.8945, uncertainty_coeffi: 0.0001, loss: 0.1219, lr: 3.79e-04
     Epoch[14] Iteration[40/86], entropy: 0.2836, uncertainty: 1.8259, uncertainty_coeffi: 0.0001, loss: 0.1282, lr: 2.43e-04
     Epoch[14] Iteration[50/86], entropy: 0.3119, uncertainty: 1.8971, uncertainty_coeffi: 0.0001, loss: 0.1480, lr: 1.09e-04
     Epoch[14] Iteration[60/86], entropy: 0.1591, uncertainty: 1.6072, uncertainty_coeffi: 0.0001, loss: 0.0812, lr: 1.97e-05
     Epoch[14] Iteration[70/86], entropy: 0.1471, uncertainty: 1.7656, uncertainty_coeffi: 0.0001, loss: 0.0702, lr: 3.66e-06
     Epoch[14] Iteration[80/86], entropy: 0.3984, uncertainty: 1.8917, uncertainty_coeffi: 0.0001, loss: 0.1860, lr: 6.58e-05
     Averaged stats: entropy_avg: 0.2435, uncertainty_avg: 1.8285, uncertainty_coeffi_avg: 0.0001, loss_avg: 0.1153, lr_avg: 2.24e-04
     itm tta time 0:00:16
### TTA Eval Score: 
+-------+--------+--------+--------+--------+--------+
| epoch |   R1   |   R5   |  R10   |  mAP   |  mINP  |
+-------+--------+--------+--------+--------+--------+
|  -999 | 59.500 | 80.050 | 87.050 | 44.116 | 20.549 |
|   0   | 61.050 | 81.350 | 87.700 | 45.142 | 21.237 |
|   1   | 61.300 | 81.350 | 88.400 | 45.510 | 21.462 |
|   2   | 60.950 | 80.950 | 88.300 | 45.603 | 21.593 |
|   4   | 60.950 | 81.150 | 88.450 | 45.821 | 21.861 |
|   9   | 60.800 | 80.350 | 88.300 | 45.806 | 21.933 |
|   14  | 61.050 | 80.500 | 88.450 | 45.980 | 22.091 |
+-------+--------+--------+--------+--------+--------+
     logs:  {'epo': 14, 'R1': np.float32(61.05), 'R5': np.float32(80.5), 'R10': np.float32(88.45), 'mAP': np.float32(45.98), 'mINP': np.float32(22.091), 'entropy': 0.24346714839339256, 'uncertainty': 1.8285462409257889, 'uncertainty_coeffi': 9.999999747378752e-05, 'loss': 0.11531213205307722, 'lr': 0.00022409561653685822}
     Epoch[15] Iteration[10/86], entropy: 0.5235, uncertainty: 1.9730, uncertainty_coeffi: 0.0001, loss: 0.2289, lr: 2.71e-04
     Epoch[15] Iteration[20/86], entropy: 0.2338, uncertainty: 1.8638, uncertainty_coeffi: 0.0001, loss: 0.1144, lr: 4.03e-04
     Epoch[15] Iteration[30/86], entropy: 0.1658, uncertainty: 1.7943, uncertainty_coeffi: 0.0001, loss: 0.0758, lr: 4.85e-04
     Epoch[15] Iteration[40/86], entropy: 0.2756, uncertainty: 1.8838, uncertainty_coeffi: 0.0001, loss: 0.1271, lr: 4.94e-04
     Epoch[15] Iteration[50/86], entropy: 0.1566, uncertainty: 1.7475, uncertainty_coeffi: 0.0001, loss: 0.0768, lr: 4.24e-04
     Epoch[15] Iteration[60/86], entropy: 0.1751, uncertainty: 1.5668, uncertainty_coeffi: 0.0001, loss: 0.0767, lr: 3.00e-04
     Epoch[15] Iteration[70/86], entropy: 0.2810, uncertainty: 1.8654, uncertainty_coeffi: 0.0001, loss: 0.1262, lr: 1.59e-04
     Epoch[15] Iteration[80/86], entropy: 0.1647, uncertainty: 1.7609, uncertainty_coeffi: 0.0001, loss: 0.0810, lr: 4.77e-05
     Averaged stats: entropy_avg: 0.2470, uncertainty_avg: 1.8070, uncertainty_coeffi_avg: 0.0001, loss_avg: 0.1134, lr_avg: 3.23e-04
     itm tta time 0:00:16
     Epoch[16] Iteration[10/86], entropy: 0.2641, uncertainty: 1.7806, uncertainty_coeffi: 0.0001, loss: 0.1149, lr: 1.01e-05
     Epoch[16] Iteration[20/86], entropy: 0.2461, uncertainty: 1.8489, uncertainty_coeffi: 0.0001, loss: 0.1126, lr: 8.63e-05
     Epoch[16] Iteration[30/86], entropy: 0.1083, uncertainty: 1.6997, uncertainty_coeffi: 0.0001, loss: 0.0536, lr: 2.14e-04
     Epoch[16] Iteration[40/86], entropy: 0.3568, uncertainty: 1.9207, uncertainty_coeffi: 0.0001, loss: 0.1620, lr: 3.54e-04
     Epoch[16] Iteration[50/86], entropy: 0.1749, uncertainty: 1.7443, uncertainty_coeffi: 0.0001, loss: 0.0836, lr: 4.60e-04
     Epoch[16] Iteration[60/86], entropy: 0.2516, uncertainty: 1.8633, uncertainty_coeffi: 0.0001, loss: 0.1256, lr: 5.00e-04
     Epoch[16] Iteration[70/86], entropy: 0.2915, uncertainty: 1.8387, uncertainty_coeffi: 0.0001, loss: 0.1425, lr: 4.60e-04
     Epoch[16] Iteration[80/86], entropy: 0.4151, uncertainty: 1.9667, uncertainty_coeffi: 0.0001, loss: 0.1885, lr: 3.54e-04
     Averaged stats: entropy_avg: 0.2636, uncertainty_avg: 1.8329, uncertainty_coeffi_avg: 0.0001, loss_avg: 0.1229, lr_avg: 3.05e-04
     itm tta time 0:00:16
     Epoch[17] Iteration[10/86], entropy: 0.4288, uncertainty: 1.9841, uncertainty_coeffi: 0.0001, loss: 0.2000, lr: 1.33e-04
     Epoch[17] Iteration[20/86], entropy: 0.2158, uncertainty: 1.8034, uncertainty_coeffi: 0.0001, loss: 0.1015, lr: 3.23e-05
     Epoch[17] Iteration[30/86], entropy: 0.2576, uncertainty: 1.8361, uncertainty_coeffi: 0.0001, loss: 0.1259, lr: 4.08e-07
     Epoch[17] Iteration[40/86], entropy: 0.2326, uncertainty: 1.8015, uncertainty_coeffi: 0.0001, loss: 0.1055, lr: 4.77e-05
     Epoch[17] Iteration[50/86], entropy: 0.2910, uncertainty: 1.8943, uncertainty_coeffi: 0.0001, loss: 0.1294, lr: 1.59e-04
     Epoch[17] Iteration[60/86], entropy: 0.3460, uncertainty: 1.8564, uncertainty_coeffi: 0.0001, loss: 0.1612, lr: 3.00e-04
     Epoch[17] Iteration[70/86], entropy: 0.2727, uncertainty: 2.0388, uncertainty_coeffi: 0.0001, loss: 0.1178, lr: 4.24e-04
     Epoch[17] Iteration[80/86], entropy: 0.1936, uncertainty: 1.9192, uncertainty_coeffi: 0.0001, loss: 0.0904, lr: 4.94e-04
     Averaged stats: entropy_avg: 0.2798, uncertainty_avg: 1.8917, uncertainty_coeffi_avg: 0.0001, loss_avg: 0.1290, lr_avg: 1.99e-04
     itm tta time 0:00:16
     Epoch[18] Iteration[10/86], entropy: 0.3793, uncertainty: 1.8923, uncertainty_coeffi: 0.0001, loss: 0.1740, lr: 4.44e-04
     Epoch[18] Iteration[20/86], entropy: 0.0690, uncertainty: 1.7413, uncertainty_coeffi: 0.0001, loss: 0.0362, lr: 3.27e-04
     Epoch[18] Iteration[30/86], entropy: 0.1800, uncertainty: 1.7839, uncertainty_coeffi: 0.0001, loss: 0.0872, lr: 1.86e-04
     Epoch[18] Iteration[40/86], entropy: 0.1977, uncertainty: 1.8043, uncertainty_coeffi: 0.0001, loss: 0.0948, lr: 6.58e-05
     Epoch[18] Iteration[50/86], entropy: 0.3765, uncertainty: 1.9783, uncertainty_coeffi: 0.0001, loss: 0.1644, lr: 3.66e-06
     Epoch[18] Iteration[60/86], entropy: 0.2237, uncertainty: 1.8639, uncertainty_coeffi: 0.0001, loss: 0.1037, lr: 1.97e-05
     Epoch[18] Iteration[70/86], entropy: 0.1770, uncertainty: 1.7139, uncertainty_coeffi: 0.0001, loss: 0.0787, lr: 1.09e-04
     Epoch[18] Iteration[80/86], entropy: 0.2114, uncertainty: 1.8474, uncertainty_coeffi: 0.0001, loss: 0.0949, lr: 2.43e-04
     Averaged stats: entropy_avg: 0.2268, uncertainty_avg: 1.8282, uncertainty_coeffi_avg: 0.0001, loss_avg: 0.1042, lr_avg: 1.75e-04
     itm tta time 0:00:16
     Epoch[19] Iteration[10/86], entropy: 0.1073, uncertainty: 1.7809, uncertainty_coeffi: 0.0001, loss: 0.0652, lr: 4.44e-04
     Epoch[19] Iteration[20/86], entropy: 0.2014, uncertainty: 1.8277, uncertainty_coeffi: 0.0001, loss: 0.0968, lr: 4.98e-04
     Epoch[19] Iteration[30/86], entropy: 0.1394, uncertainty: 1.8030, uncertainty_coeffi: 0.0001, loss: 0.0718, lr: 4.74e-04
     Epoch[19] Iteration[40/86], entropy: 0.4084, uncertainty: 1.9463, uncertainty_coeffi: 0.0001, loss: 0.1716, lr: 3.79e-04
     Epoch[19] Iteration[50/86], entropy: 0.3048, uncertainty: 1.9686, uncertainty_coeffi: 0.0001, loss: 0.1393, lr: 2.43e-04
     Epoch[19] Iteration[60/86], entropy: 0.1852, uncertainty: 1.7162, uncertainty_coeffi: 0.0001, loss: 0.0839, lr: 1.09e-04
     Epoch[19] Iteration[70/86], entropy: 0.2859, uncertainty: 1.8337, uncertainty_coeffi: 0.0001, loss: 0.1301, lr: 1.97e-05
     Epoch[19] Iteration[80/86], entropy: 0.2742, uncertainty: 1.8346, uncertainty_coeffi: 0.0001, loss: 0.1256, lr: 3.66e-06
     Averaged stats: entropy_avg: 0.2383, uncertainty_avg: 1.8389, uncertainty_coeffi_avg: 0.0001, loss_avg: 0.1105, lr_avg: 2.71e-04
     itm tta time 0:00:16
### TTA Eval Score: 
+-------+--------+--------+--------+--------+--------+
| epoch |   R1   |   R5   |  R10   |  mAP   |  mINP  |
+-------+--------+--------+--------+--------+--------+
|  -999 | 59.500 | 80.050 | 87.050 | 44.116 | 20.549 |
|   0   | 61.050 | 81.350 | 87.700 | 45.142 | 21.237 |
|   1   | 61.300 | 81.350 | 88.400 | 45.510 | 21.462 |
|   2   | 60.950 | 80.950 | 88.300 | 45.603 | 21.593 |
|   4   | 60.950 | 81.150 | 88.450 | 45.821 | 21.861 |
|   9   | 60.800 | 80.350 | 88.300 | 45.806 | 21.933 |
|   14  | 61.050 | 80.500 | 88.450 | 45.980 | 22.091 |
|   19  | 60.500 | 80.250 | 88.300 | 45.868 | 22.058 |
+-------+--------+--------+--------+--------+--------+
     logs:  {'epo': 19, 'R1': np.float32(60.5), 'R5': np.float32(80.25), 'R10': np.float32(88.3), 'mAP': np.float32(45.868), 'mINP': np.float32(22.058), 'entropy': 0.23832440841943026, 'uncertainty': 1.838865339756012, 'uncertainty_coeffi': 9.999999747378752e-05, 'loss': 0.11054183077067137, 'lr': 0.0002713107024279674}
     Epoch[20] Iteration[10/86], entropy: 0.1497, uncertainty: 1.7568, uncertainty_coeffi: 0.0001, loss: 0.0734, lr: 1.33e-04
     Epoch[20] Iteration[20/86], entropy: 0.2319, uncertainty: 1.8540, uncertainty_coeffi: 0.0001, loss: 0.1140, lr: 2.71e-04
     Epoch[20] Iteration[30/86], entropy: 0.4018, uncertainty: 1.9546, uncertainty_coeffi: 0.0001, loss: 0.1755, lr: 4.03e-04
     Epoch[20] Iteration[40/86], entropy: 0.3374, uncertainty: 1.9480, uncertainty_coeffi: 0.0001, loss: 0.1461, lr: 4.85e-04
     Epoch[20] Iteration[50/86], entropy: 0.2205, uncertainty: 1.8565, uncertainty_coeffi: 0.0001, loss: 0.0956, lr: 4.94e-04
     Epoch[20] Iteration[60/86], entropy: 0.3063, uncertainty: 1.9692, uncertainty_coeffi: 0.0001, loss: 0.1386, lr: 4.24e-04
     Epoch[20] Iteration[70/86], entropy: 0.2062, uncertainty: 1.7097, uncertainty_coeffi: 0.0001, loss: 0.0982, lr: 3.00e-04
     Epoch[20] Iteration[80/86], entropy: 0.1956, uncertainty: 1.6262, uncertainty_coeffi: 0.0001, loss: 0.0948, lr: 1.59e-04
     Averaged stats: entropy_avg: 0.2562, uncertainty_avg: 1.8344, uncertainty_coeffi_avg: 0.0001, loss_avg: 0.1170, lr_avg: 3.34e-04
     itm tta time 0:00:16
     Epoch[21] Iteration[10/86], entropy: 0.2184, uncertainty: 1.7897, uncertainty_coeffi: 0.0001, loss: 0.1011, lr: 1.01e-05
     Epoch[21] Iteration[20/86], entropy: 0.1590, uncertainty: 1.7748, uncertainty_coeffi: 0.0001, loss: 0.0719, lr: 1.01e-05
     Epoch[21] Iteration[30/86], entropy: 0.1379, uncertainty: 1.6895, uncertainty_coeffi: 0.0001, loss: 0.0762, lr: 8.63e-05
     Epoch[21] Iteration[40/86], entropy: 0.3211, uncertainty: 1.8469, uncertainty_coeffi: 0.0001, loss: 0.1528, lr: 2.14e-04
     Epoch[21] Iteration[50/86], entropy: 0.1322, uncertainty: 1.7130, uncertainty_coeffi: 0.0001, loss: 0.0654, lr: 3.54e-04
     Epoch[21] Iteration[60/86], entropy: 0.2791, uncertainty: 1.8776, uncertainty_coeffi: 0.0001, loss: 0.1309, lr: 4.60e-04
     Epoch[21] Iteration[70/86], entropy: 0.1735, uncertainty: 1.7683, uncertainty_coeffi: 0.0001, loss: 0.0809, lr: 5.00e-04
     Epoch[21] Iteration[80/86], entropy: 0.1162, uncertainty: 1.6887, uncertainty_coeffi: 0.0001, loss: 0.0628, lr: 4.60e-04
     Averaged stats: entropy_avg: 0.1922, uncertainty_avg: 1.7686, uncertainty_coeffi_avg: 0.0001, loss_avg: 0.0927, lr_avg: 2.62e-04
     itm tta time 0:00:16
     Epoch[22] Iteration[10/86], entropy: 0.4044, uncertainty: 1.9518, uncertainty_coeffi: 0.0001, loss: 0.1909, lr: 2.71e-04
     Epoch[22] Iteration[20/86], entropy: 0.2923, uncertainty: 1.8715, uncertainty_coeffi: 0.0001, loss: 0.1338, lr: 1.33e-04
     Epoch[22] Iteration[30/86], entropy: 0.1046, uncertainty: 1.7628, uncertainty_coeffi: 0.0001, loss: 0.0521, lr: 3.23e-05
     Epoch[22] Iteration[40/86], entropy: 0.1424, uncertainty: 1.7064, uncertainty_coeffi: 0.0001, loss: 0.0705, lr: 4.08e-07
     Epoch[22] Iteration[50/86], entropy: 0.2410, uncertainty: 1.8400, uncertainty_coeffi: 0.0001, loss: 0.1113, lr: 4.77e-05
     Epoch[22] Iteration[60/86], entropy: 0.2338, uncertainty: 1.9676, uncertainty_coeffi: 0.0001, loss: 0.1098, lr: 1.59e-04
     Epoch[22] Iteration[70/86], entropy: 0.2224, uncertainty: 1.7367, uncertainty_coeffi: 0.0001, loss: 0.1031, lr: 3.00e-04
     Epoch[22] Iteration[80/86], entropy: 0.0693, uncertainty: 1.6727, uncertainty_coeffi: 0.0001, loss: 0.0384, lr: 4.24e-04
     Averaged stats: entropy_avg: 0.2138, uncertainty_avg: 1.8137, uncertainty_coeffi_avg: 0.0001, loss_avg: 0.1012, lr_avg: 1.71e-04
     itm tta time 0:00:16
     Epoch[23] Iteration[10/86], entropy: 0.2346, uncertainty: 1.8367, uncertainty_coeffi: 0.0001, loss: 0.1071, lr: 4.98e-04
     Epoch[23] Iteration[20/86], entropy: 0.2418, uncertainty: 1.8391, uncertainty_coeffi: 0.0001, loss: 0.1175, lr: 4.44e-04
     Epoch[23] Iteration[30/86], entropy: 0.4165, uncertainty: 1.9659, uncertainty_coeffi: 0.0001, loss: 0.1806, lr: 3.27e-04
     Epoch[23] Iteration[40/86], entropy: 0.3466, uncertainty: 1.9328, uncertainty_coeffi: 0.0001, loss: 0.1568, lr: 1.86e-04
     Epoch[23] Iteration[50/86], entropy: 0.2485, uncertainty: 1.8586, uncertainty_coeffi: 0.0001, loss: 0.1232, lr: 6.58e-05
     Epoch[23] Iteration[60/86], entropy: 0.1442, uncertainty: 1.8800, uncertainty_coeffi: 0.0001, loss: 0.0700, lr: 3.66e-06
     Epoch[23] Iteration[70/86], entropy: 0.4819, uncertainty: 1.9156, uncertainty_coeffi: 0.0001, loss: 0.2071, lr: 1.97e-05
     Epoch[23] Iteration[80/86], entropy: 0.3004, uncertainty: 1.8262, uncertainty_coeffi: 0.0001, loss: 0.1399, lr: 1.09e-04
     Averaged stats: entropy_avg: 0.3018, uncertainty_avg: 1.8819, uncertainty_coeffi_avg: 0.0001, loss_avg: 0.1378, lr_avg: 2.07e-04
     itm tta time 0:00:16
     Epoch[24] Iteration[10/86], entropy: 0.4183, uncertainty: 1.8729, uncertainty_coeffi: 0.0001, loss: 0.1831, lr: 3.27e-04
     Epoch[24] Iteration[20/86], entropy: 0.2866, uncertainty: 1.7802, uncertainty_coeffi: 0.0001, loss: 0.1396, lr: 4.44e-04
     Epoch[24] Iteration[30/86], entropy: 0.2162, uncertainty: 1.8412, uncertainty_coeffi: 0.0001, loss: 0.1061, lr: 4.98e-04
     Epoch[24] Iteration[40/86], entropy: 0.3868, uncertainty: 1.9274, uncertainty_coeffi: 0.0001, loss: 0.1728, lr: 4.74e-04
     Epoch[24] Iteration[50/86], entropy: 0.2023, uncertainty: 1.8673, uncertainty_coeffi: 0.0001, loss: 0.0914, lr: 3.79e-04
     Epoch[24] Iteration[60/86], entropy: 0.2716, uncertainty: 1.7737, uncertainty_coeffi: 0.0001, loss: 0.1397, lr: 2.43e-04
     Epoch[24] Iteration[70/86], entropy: 0.1838, uncertainty: 1.7909, uncertainty_coeffi: 0.0001, loss: 0.0831, lr: 1.09e-04
     Epoch[24] Iteration[80/86], entropy: 0.2106, uncertainty: 1.9619, uncertainty_coeffi: 0.0001, loss: 0.0944, lr: 1.97e-05
     Averaged stats: entropy_avg: 0.2720, uncertainty_avg: 1.8519, uncertainty_coeffi_avg: 0.0001, loss_avg: 0.1263, lr_avg: 3.12e-04
     itm tta time 0:00:16
     Epoch[25] Iteration[10/86], entropy: 0.1436, uncertainty: 1.6838, uncertainty_coeffi: 0.0001, loss: 0.0724, lr: 3.23e-05
     Epoch[25] Iteration[20/86], entropy: 0.1927, uncertainty: 1.8670, uncertainty_coeffi: 0.0001, loss: 0.0939, lr: 1.33e-04
     Epoch[25] Iteration[30/86], entropy: 0.1007, uncertainty: 1.7243, uncertainty_coeffi: 0.0001, loss: 0.0513, lr: 2.71e-04
     Epoch[25] Iteration[40/86], entropy: 0.2389, uncertainty: 1.7152, uncertainty_coeffi: 0.0001, loss: 0.1165, lr: 4.03e-04
     Epoch[25] Iteration[50/86], entropy: 0.1849, uncertainty: 1.7863, uncertainty_coeffi: 0.0001, loss: 0.0860, lr: 4.85e-04
     Epoch[25] Iteration[60/86], entropy: 0.2856, uncertainty: 1.9270, uncertainty_coeffi: 0.0001, loss: 0.1402, lr: 4.94e-04
     Epoch[25] Iteration[70/86], entropy: 0.3017, uncertainty: 1.8450, uncertainty_coeffi: 0.0001, loss: 0.1312, lr: 4.24e-04
     Epoch[25] Iteration[80/86], entropy: 0.2157, uncertainty: 1.8350, uncertainty_coeffi: 0.0001, loss: 0.1048, lr: 3.00e-04
     Averaged stats: entropy_avg: 0.2080, uncertainty_avg: 1.7979, uncertainty_coeffi_avg: 0.0001, loss_avg: 0.0995, lr_avg: 3.18e-04
     itm tta time 0:00:16
     Epoch[26] Iteration[10/86], entropy: 0.2820, uncertainty: 1.8225, uncertainty_coeffi: 0.0001, loss: 0.1338, lr: 8.63e-05
     Epoch[26] Iteration[20/86], entropy: 0.1565, uncertainty: 1.6849, uncertainty_coeffi: 0.0001, loss: 0.0766, lr: 1.01e-05
     Epoch[26] Iteration[30/86], entropy: 0.1661, uncertainty: 1.8062, uncertainty_coeffi: 0.0001, loss: 0.0832, lr: 1.01e-05
     Epoch[26] Iteration[40/86], entropy: 0.2261, uncertainty: 1.8259, uncertainty_coeffi: 0.0001, loss: 0.1176, lr: 8.63e-05
     Epoch[26] Iteration[50/86], entropy: 0.2756, uncertainty: 1.9549, uncertainty_coeffi: 0.0001, loss: 0.1279, lr: 2.14e-04
     Epoch[26] Iteration[60/86], entropy: 0.2177, uncertainty: 1.8209, uncertainty_coeffi: 0.0001, loss: 0.1038, lr: 3.54e-04
     Epoch[26] Iteration[70/86], entropy: 0.1921, uncertainty: 1.8424, uncertainty_coeffi: 0.0001, loss: 0.0881, lr: 4.60e-04
     Epoch[26] Iteration[80/86], entropy: 0.4062, uncertainty: 2.0112, uncertainty_coeffi: 0.0001, loss: 0.1754, lr: 5.00e-04
     Averaged stats: entropy_avg: 0.2403, uncertainty_avg: 1.8461, uncertainty_coeffi_avg: 0.0001, loss_avg: 0.1133, lr_avg: 2.15e-04
     itm tta time 0:00:16
     Epoch[27] Iteration[10/86], entropy: 0.2986, uncertainty: 1.8743, uncertainty_coeffi: 0.0001, loss: 0.1366, lr: 4.03e-04
     Epoch[27] Iteration[20/86], entropy: 0.4161, uncertainty: 1.7916, uncertainty_coeffi: 0.0001, loss: 0.1966, lr: 2.71e-04
     Epoch[27] Iteration[30/86], entropy: 0.2084, uncertainty: 1.7860, uncertainty_coeffi: 0.0001, loss: 0.1023, lr: 1.33e-04
     Epoch[27] Iteration[40/86], entropy: 0.2885, uncertainty: 1.7960, uncertainty_coeffi: 0.0001, loss: 0.1366, lr: 3.23e-05
     Epoch[27] Iteration[50/86], entropy: 0.1716, uncertainty: 1.7234, uncertainty_coeffi: 0.0001, loss: 0.0786, lr: 4.08e-07
     Epoch[27] Iteration[60/86], entropy: 0.2126, uncertainty: 1.9108, uncertainty_coeffi: 0.0001, loss: 0.0986, lr: 4.77e-05
     Epoch[27] Iteration[70/86], entropy: 0.2491, uncertainty: 1.9169, uncertainty_coeffi: 0.0001, loss: 0.1064, lr: 1.59e-04
     Epoch[27] Iteration[80/86], entropy: 0.2571, uncertainty: 1.8133, uncertainty_coeffi: 0.0001, loss: 0.1315, lr: 3.00e-04
     Averaged stats: entropy_avg: 0.2627, uncertainty_avg: 1.8266, uncertainty_coeffi_avg: 0.0001, loss_avg: 0.1234, lr_avg: 1.68e-04
     itm tta time 0:00:16
     Epoch[28] Iteration[10/86], entropy: 0.1579, uncertainty: 1.7994, uncertainty_coeffi: 0.0001, loss: 0.0862, lr: 4.74e-04
     Epoch[28] Iteration[20/86], entropy: 0.1788, uncertainty: 1.8621, uncertainty_coeffi: 0.0001, loss: 0.0825, lr: 4.98e-04
     Epoch[28] Iteration[30/86], entropy: 0.3805, uncertainty: 1.9000, uncertainty_coeffi: 0.0001, loss: 0.1705, lr: 4.44e-04
     Epoch[28] Iteration[40/86], entropy: 0.1125, uncertainty: 1.7615, uncertainty_coeffi: 0.0001, loss: 0.0556, lr: 3.27e-04
     Epoch[28] Iteration[50/86], entropy: 0.2712, uncertainty: 1.8947, uncertainty_coeffi: 0.0001, loss: 0.1273, lr: 1.86e-04
     Epoch[28] Iteration[60/86], entropy: 0.1345, uncertainty: 1.8130, uncertainty_coeffi: 0.0001, loss: 0.0658, lr: 6.58e-05
     Epoch[28] Iteration[70/86], entropy: 0.2456, uncertainty: 1.8938, uncertainty_coeffi: 0.0001, loss: 0.1166, lr: 3.66e-06
     Epoch[28] Iteration[80/86], entropy: 0.2801, uncertainty: 1.7140, uncertainty_coeffi: 0.0001, loss: 0.1392, lr: 1.97e-05
     Averaged stats: entropy_avg: 0.2201, uncertainty_avg: 1.8298, uncertainty_coeffi_avg: 0.0001, loss_avg: 0.1055, lr_avg: 2.52e-04
     itm tta time 0:00:16
     Epoch[29] Iteration[10/86], entropy: 0.2237, uncertainty: 1.9205, uncertainty_coeffi: 0.0001, loss: 0.1122, lr: 1.86e-04
     Epoch[29] Iteration[20/86], entropy: 0.1170, uncertainty: 1.7235, uncertainty_coeffi: 0.0001, loss: 0.0553, lr: 3.27e-04
     Epoch[29] Iteration[30/86], entropy: 0.3821, uncertainty: 2.0805, uncertainty_coeffi: 0.0001, loss: 0.1686, lr: 4.44e-04
     Epoch[29] Iteration[40/86], entropy: 0.2149, uncertainty: 1.8108, uncertainty_coeffi: 0.0001, loss: 0.1040, lr: 4.98e-04
     Epoch[29] Iteration[50/86], entropy: 0.1610, uncertainty: 1.7880, uncertainty_coeffi: 0.0001, loss: 0.0823, lr: 4.74e-04
     Epoch[29] Iteration[60/86], entropy: 0.2396, uncertainty: 1.8624, uncertainty_coeffi: 0.0001, loss: 0.1135, lr: 3.79e-04
     Epoch[29] Iteration[70/86], entropy: 0.2537, uncertainty: 1.7548, uncertainty_coeffi: 0.0001, loss: 0.1165, lr: 2.43e-04
     Epoch[29] Iteration[80/86], entropy: 0.3337, uncertainty: 1.9076, uncertainty_coeffi: 0.0001, loss: 0.1475, lr: 1.09e-04
     Averaged stats: entropy_avg: 0.2407, uncertainty_avg: 1.8560, uncertainty_coeffi_avg: 0.0001, loss_avg: 0.1125, lr_avg: 3.33e-04
     itm tta time 0:00:16
### TTA Eval Score: 
+-------+--------+--------+--------+--------+--------+
| epoch |   R1   |   R5   |  R10   |  mAP   |  mINP  |
+-------+--------+--------+--------+--------+--------+
|  -999 | 59.500 | 80.050 | 87.050 | 44.116 | 20.549 |
|   0   | 61.050 | 81.350 | 87.700 | 45.142 | 21.237 |
|   1   | 61.300 | 81.350 | 88.400 | 45.510 | 21.462 |
|   2   | 60.950 | 80.950 | 88.300 | 45.603 | 21.593 |
|   4   | 60.950 | 81.150 | 88.450 | 45.821 | 21.861 |
|   9   | 60.800 | 80.350 | 88.300 | 45.806 | 21.933 |
|   14  | 61.050 | 80.500 | 88.450 | 45.980 | 22.091 |
|   19  | 60.500 | 80.250 | 88.300 | 45.868 | 22.058 |
|   29  | 60.800 | 80.300 | 88.300 | 46.040 | 22.210 |
+-------+--------+--------+--------+--------+--------+
     logs:  {'epo': 29, 'R1': np.float32(60.8), 'R5': np.float32(80.3), 'R10': np.float32(88.3), 'mAP': np.float32(46.04), 'mINP': np.float32(22.21), 'entropy': 0.24070655927062035, 'uncertainty': 1.856016457080841, 'uncertainty_coeffi': 9.999999747378752e-05, 'loss': 0.11246303608641028, 'lr': 0.0003326005820887184}
     Epoch[30] Iteration[10/86], entropy: 0.1814, uncertainty: 1.8962, uncertainty_coeffi: 0.0001, loss: 0.0886, lr: 4.08e-07
     Epoch[30] Iteration[20/86], entropy: 0.2870, uncertainty: 1.9967, uncertainty_coeffi: 0.0001, loss: 0.1326, lr: 3.23e-05
     Epoch[30] Iteration[30/86], entropy: 0.2515, uncertainty: 1.8902, uncertainty_coeffi: 0.0001, loss: 0.1129, lr: 1.33e-04
     Epoch[30] Iteration[40/86], entropy: 0.2517, uncertainty: 1.9269, uncertainty_coeffi: 0.0001, loss: 0.1163, lr: 2.71e-04
     Epoch[30] Iteration[50/86], entropy: 0.2560, uncertainty: 1.9309, uncertainty_coeffi: 0.0001, loss: 0.1190, lr: 4.03e-04
     Epoch[30] Iteration[60/86], entropy: 0.3613, uncertainty: 1.9440, uncertainty_coeffi: 0.0001, loss: 0.1599, lr: 4.85e-04
     Epoch[30] Iteration[70/86], entropy: 0.2368, uncertainty: 1.8453, uncertainty_coeffi: 0.0001, loss: 0.1121, lr: 4.94e-04
     Epoch[30] Iteration[80/86], entropy: 0.2660, uncertainty: 1.8773, uncertainty_coeffi: 0.0001, loss: 0.1199, lr: 4.24e-04
     Averaged stats: entropy_avg: 0.2615, uncertainty_avg: 1.9134, uncertainty_coeffi_avg: 0.0001, loss_avg: 0.1202, lr_avg: 2.80e-04
     itm tta time 0:00:16
     Epoch[31] Iteration[10/86], entropy: 0.2880, uncertainty: 1.9183, uncertainty_coeffi: 0.0001, loss: 0.1214, lr: 2.14e-04
     Epoch[31] Iteration[20/86], entropy: 0.0731, uncertainty: 1.7138, uncertainty_coeffi: 0.0001, loss: 0.0377, lr: 8.63e-05
     Epoch[31] Iteration[30/86], entropy: 0.1276, uncertainty: 1.7410, uncertainty_coeffi: 0.0001, loss: 0.0633, lr: 1.01e-05
     Epoch[31] Iteration[40/86], entropy: 0.2822, uncertainty: 1.9326, uncertainty_coeffi: 0.0001, loss: 0.1311, lr: 1.01e-05
     Epoch[31] Iteration[50/86], entropy: 0.1677, uncertainty: 1.8595, uncertainty_coeffi: 0.0001, loss: 0.0780, lr: 8.63e-05
     Epoch[31] Iteration[60/86], entropy: 0.0869, uncertainty: 1.7587, uncertainty_coeffi: 0.0001, loss: 0.0473, lr: 2.14e-04
     Epoch[31] Iteration[70/86], entropy: 0.3901, uncertainty: 1.9182, uncertainty_coeffi: 0.0001, loss: 0.1872, lr: 3.54e-04
     Epoch[31] Iteration[80/86], entropy: 0.3255, uncertainty: 1.9157, uncertainty_coeffi: 0.0001, loss: 0.1546, lr: 4.60e-04
     Averaged stats: entropy_avg: 0.2176, uncertainty_avg: 1.8447, uncertainty_coeffi_avg: 0.0001, loss_avg: 0.1026, lr_avg: 1.79e-04
     itm tta time 0:00:17
     Epoch[32] Iteration[10/86], entropy: 0.2875, uncertainty: 1.8801, uncertainty_coeffi: 0.0001, loss: 0.1353, lr: 4.85e-04
     Epoch[32] Iteration[20/86], entropy: 0.2343, uncertainty: 2.0128, uncertainty_coeffi: 0.0001, loss: 0.1117, lr: 4.03e-04
     Epoch[32] Iteration[30/86], entropy: 0.3800, uncertainty: 1.9601, uncertainty_coeffi: 0.0001, loss: 0.1672, lr: 2.71e-04
     Epoch[32] Iteration[40/86], entropy: 0.3185, uncertainty: 1.8846, uncertainty_coeffi: 0.0001, loss: 0.1623, lr: 1.33e-04
     Epoch[32] Iteration[50/86], entropy: 0.3124, uncertainty: 1.9352, uncertainty_coeffi: 0.0001, loss: 0.1362, lr: 3.23e-05
     Epoch[32] Iteration[60/86], entropy: 0.1819, uncertainty: 1.8680, uncertainty_coeffi: 0.0001, loss: 0.0904, lr: 4.08e-07
     Epoch[32] Iteration[70/86], entropy: 0.1498, uncertainty: 1.8148, uncertainty_coeffi: 0.0001, loss: 0.0755, lr: 4.77e-05
     Epoch[32] Iteration[80/86], entropy: 0.2248, uncertainty: 1.8461, uncertainty_coeffi: 0.0001, loss: 0.1022, lr: 1.59e-04
     Averaged stats: entropy_avg: 0.2611, uncertainty_avg: 1.9002, uncertainty_coeffi_avg: 0.0001, loss_avg: 0.1226, lr_avg: 1.92e-04
     itm tta time 0:00:16
     Epoch[33] Iteration[10/86], entropy: 0.2747, uncertainty: 1.8045, uncertainty_coeffi: 0.0001, loss: 0.1248, lr: 3.79e-04
     Epoch[33] Iteration[20/86], entropy: 0.1786, uncertainty: 1.9003, uncertainty_coeffi: 0.0001, loss: 0.0952, lr: 4.74e-04
     Epoch[33] Iteration[30/86], entropy: 0.1240, uncertainty: 1.8319, uncertainty_coeffi: 0.0001, loss: 0.0657, lr: 4.98e-04
     Epoch[33] Iteration[40/86], entropy: 0.2581, uncertainty: 1.8648, uncertainty_coeffi: 0.0001, loss: 0.1167, lr: 4.44e-04
     Epoch[33] Iteration[50/86], entropy: 0.2785, uncertainty: 1.8438, uncertainty_coeffi: 0.0001, loss: 0.1298, lr: 3.27e-04
     Epoch[33] Iteration[60/86], entropy: 0.2351, uncertainty: 1.8096, uncertainty_coeffi: 0.0001, loss: 0.1117, lr: 1.86e-04
     Epoch[33] Iteration[70/86], entropy: 0.1969, uncertainty: 1.8201, uncertainty_coeffi: 0.0001, loss: 0.0926, lr: 6.58e-05
     Epoch[33] Iteration[80/86], entropy: 0.2396, uncertainty: 1.8874, uncertainty_coeffi: 0.0001, loss: 0.1159, lr: 3.66e-06
     Averaged stats: entropy_avg: 0.2232, uncertainty_avg: 1.8453, uncertainty_coeffi_avg: 0.0001, loss_avg: 0.1066, lr_avg: 2.97e-04
     itm tta time 0:00:16
     Epoch[34] Iteration[10/86], entropy: 0.2936, uncertainty: 1.9193, uncertainty_coeffi: 0.0001, loss: 0.1327, lr: 6.58e-05
     Epoch[34] Iteration[20/86], entropy: 0.3209, uncertainty: 1.9107, uncertainty_coeffi: 0.0001, loss: 0.1445, lr: 1.86e-04
     Epoch[34] Iteration[30/86], entropy: 0.1993, uncertainty: 1.9333, uncertainty_coeffi: 0.0001, loss: 0.0955, lr: 3.27e-04
     Epoch[34] Iteration[40/86], entropy: 0.1775, uncertainty: 1.7674, uncertainty_coeffi: 0.0001, loss: 0.0881, lr: 4.44e-04
     Epoch[34] Iteration[50/86], entropy: 0.1832, uncertainty: 1.8322, uncertainty_coeffi: 0.0001, loss: 0.0902, lr: 4.98e-04
     Epoch[34] Iteration[60/86], entropy: 0.0901, uncertainty: 1.7218, uncertainty_coeffi: 0.0001, loss: 0.0471, lr: 4.74e-04
     Epoch[34] Iteration[70/86], entropy: 0.2479, uncertainty: 1.8488, uncertainty_coeffi: 0.0001, loss: 0.1125, lr: 3.79e-04
     Epoch[34] Iteration[80/86], entropy: 0.2244, uncertainty: 1.9344, uncertainty_coeffi: 0.0001, loss: 0.1053, lr: 2.43e-04
     Averaged stats: entropy_avg: 0.2171, uncertainty_avg: 1.8585, uncertainty_coeffi_avg: 0.0001, loss_avg: 0.1020, lr_avg: 3.27e-04
     itm tta time 0:00:16
     Epoch[35] Iteration[10/86], entropy: 0.3115, uncertainty: 1.9193, uncertainty_coeffi: 0.0001, loss: 0.1365, lr: 4.77e-05
     Epoch[35] Iteration[20/86], entropy: 0.2114, uncertainty: 1.7891, uncertainty_coeffi: 0.0001, loss: 0.0961, lr: 4.08e-07
     Epoch[35] Iteration[30/86], entropy: 0.3252, uncertainty: 1.9134, uncertainty_coeffi: 0.0001, loss: 0.1510, lr: 3.23e-05
     Epoch[35] Iteration[40/86], entropy: 0.2284, uncertainty: 1.8139, uncertainty_coeffi: 0.0001, loss: 0.1066, lr: 1.33e-04
     Epoch[35] Iteration[50/86], entropy: 0.1672, uncertainty: 1.8183, uncertainty_coeffi: 0.0001, loss: 0.0813, lr: 2.71e-04
     Epoch[35] Iteration[60/86], entropy: 0.2094, uncertainty: 1.8476, uncertainty_coeffi: 0.0001, loss: 0.0992, lr: 4.03e-04
     Epoch[35] Iteration[70/86], entropy: 0.2109, uncertainty: 1.8792, uncertainty_coeffi: 0.0001, loss: 0.0980, lr: 4.85e-04
     Epoch[35] Iteration[80/86], entropy: 0.2413, uncertainty: 1.7722, uncertainty_coeffi: 0.0001, loss: 0.1156, lr: 4.94e-04
     Averaged stats: entropy_avg: 0.2382, uncertainty_avg: 1.8441, uncertainty_coeffi_avg: 0.0001, loss_avg: 0.1105, lr_avg: 2.33e-04
     itm tta time 0:00:16
     Epoch[36] Iteration[10/86], entropy: 0.3413, uncertainty: 1.9081, uncertainty_coeffi: 0.0001, loss: 0.1526, lr: 3.54e-04
     Epoch[36] Iteration[20/86], entropy: 0.1948, uncertainty: 1.9643, uncertainty_coeffi: 0.0001, loss: 0.0844, lr: 2.14e-04
     Epoch[36] Iteration[30/86], entropy: 0.2024, uncertainty: 1.7998, uncertainty_coeffi: 0.0001, loss: 0.0905, lr: 8.63e-05
     Epoch[36] Iteration[40/86], entropy: 0.2200, uncertainty: 1.7857, uncertainty_coeffi: 0.0001, loss: 0.0983, lr: 1.01e-05
     Epoch[36] Iteration[50/86], entropy: 0.2384, uncertainty: 1.9619, uncertainty_coeffi: 0.0001, loss: 0.1075, lr: 1.01e-05
     Epoch[36] Iteration[60/86], entropy: 0.4090, uncertainty: 2.0314, uncertainty_coeffi: 0.0001, loss: 0.1751, lr: 8.63e-05
     Epoch[36] Iteration[70/86], entropy: 0.2193, uncertainty: 1.8132, uncertainty_coeffi: 0.0001, loss: 0.1024, lr: 2.14e-04
     Epoch[36] Iteration[80/86], entropy: 0.1527, uncertainty: 1.7523, uncertainty_coeffi: 0.0001, loss: 0.0679, lr: 3.54e-04
     Averaged stats: entropy_avg: 0.2472, uncertainty_avg: 1.8771, uncertainty_coeffi_avg: 0.0001, loss_avg: 0.1098, lr_avg: 1.66e-04
     itm tta time 0:00:16
     Epoch[37] Iteration[10/86], entropy: 0.4461, uncertainty: 1.9124, uncertainty_coeffi: 0.0001, loss: 0.1926, lr: 4.94e-04
     Epoch[37] Iteration[20/86], entropy: 0.1211, uncertainty: 1.8618, uncertainty_coeffi: 0.0001, loss: 0.0606, lr: 4.85e-04
     Epoch[37] Iteration[30/86], entropy: 0.2874, uncertainty: 1.9233, uncertainty_coeffi: 0.0001, loss: 0.1325, lr: 4.03e-04
     Epoch[37] Iteration[40/86], entropy: 0.1980, uncertainty: 1.8138, uncertainty_coeffi: 0.0001, loss: 0.0948, lr: 2.71e-04
     Epoch[37] Iteration[50/86], entropy: 0.2754, uncertainty: 1.9157, uncertainty_coeffi: 0.0001, loss: 0.1307, lr: 1.33e-04
     Epoch[37] Iteration[60/86], entropy: 0.2285, uncertainty: 1.8916, uncertainty_coeffi: 0.0001, loss: 0.1073, lr: 3.23e-05
     Epoch[37] Iteration[70/86], entropy: 0.2083, uncertainty: 1.8237, uncertainty_coeffi: 0.0001, loss: 0.1042, lr: 4.08e-07
     Epoch[37] Iteration[80/86], entropy: 0.0842, uncertainty: 1.7106, uncertainty_coeffi: 0.0001, loss: 0.0430, lr: 4.77e-05
     Averaged stats: entropy_avg: 0.2311, uncertainty_avg: 1.8566, uncertainty_coeffi_avg: 0.0001, loss_avg: 0.1082, lr_avg: 2.33e-04
     itm tta time 0:00:16
     Epoch[38] Iteration[10/86], entropy: 0.2348, uncertainty: 1.7819, uncertainty_coeffi: 0.0001, loss: 0.1084, lr: 2.43e-04
     Epoch[38] Iteration[20/86], entropy: 0.1502, uncertainty: 1.7652, uncertainty_coeffi: 0.0001, loss: 0.0728, lr: 3.79e-04
     Epoch[38] Iteration[30/86], entropy: 0.2767, uncertainty: 1.9633, uncertainty_coeffi: 0.0001, loss: 0.1235, lr: 4.74e-04
     Epoch[38] Iteration[40/86], entropy: 0.1587, uncertainty: 1.6309, uncertainty_coeffi: 0.0001, loss: 0.0708, lr: 4.98e-04
     Epoch[38] Iteration[50/86], entropy: 0.2177, uncertainty: 1.8490, uncertainty_coeffi: 0.0001, loss: 0.1048, lr: 4.44e-04
     Epoch[38] Iteration[60/86], entropy: 0.2940, uncertainty: 1.8743, uncertainty_coeffi: 0.0001, loss: 0.1388, lr: 3.27e-04
     Epoch[38] Iteration[70/86], entropy: 0.1380, uncertainty: 1.8179, uncertainty_coeffi: 0.0001, loss: 0.0707, lr: 1.86e-04
     Epoch[38] Iteration[80/86], entropy: 0.1069, uncertainty: 1.7861, uncertainty_coeffi: 0.0001, loss: 0.0549, lr: 6.58e-05
     Averaged stats: entropy_avg: 0.1971, uncertainty_avg: 1.8086, uncertainty_coeffi_avg: 0.0001, loss_avg: 0.0931, lr_avg: 3.27e-04
     itm tta time 0:00:16
     Epoch[39] Iteration[10/86], entropy: 0.1784, uncertainty: 1.8337, uncertainty_coeffi: 0.0001, loss: 0.0789, lr: 3.66e-06
     Epoch[39] Iteration[20/86], entropy: 0.0711, uncertainty: 1.7824, uncertainty_coeffi: 0.0001, loss: 0.0395, lr: 6.58e-05
     Epoch[39] Iteration[30/86], entropy: 0.1104, uncertainty: 1.8092, uncertainty_coeffi: 0.0001, loss: 0.0583, lr: 1.86e-04
     Epoch[39] Iteration[40/86], entropy: 0.1915, uncertainty: 1.8193, uncertainty_coeffi: 0.0001, loss: 0.0877, lr: 3.27e-04
     Epoch[39] Iteration[50/86], entropy: 0.1548, uncertainty: 1.8149, uncertainty_coeffi: 0.0001, loss: 0.0731, lr: 4.44e-04
     Epoch[39] Iteration[60/86], entropy: 0.1189, uncertainty: 1.9346, uncertainty_coeffi: 0.0001, loss: 0.0596, lr: 4.98e-04
     Epoch[39] Iteration[70/86], entropy: 0.1258, uncertainty: 1.7614, uncertainty_coeffi: 0.0001, loss: 0.0624, lr: 4.74e-04
     Epoch[39] Iteration[80/86], entropy: 0.3697, uncertainty: 1.9575, uncertainty_coeffi: 0.0001, loss: 0.1710, lr: 3.79e-04
     Averaged stats: entropy_avg: 0.1651, uncertainty_avg: 1.8391, uncertainty_coeffi_avg: 0.0001, loss_avg: 0.0788, lr_avg: 2.97e-04
     itm tta time 0:00:15
### TTA Eval Score: 
+-------+--------+--------+--------+--------+--------+
| epoch |   R1   |   R5   |  R10   |  mAP   |  mINP  |
+-------+--------+--------+--------+--------+--------+
|  -999 | 59.500 | 80.050 | 87.050 | 44.116 | 20.549 |
|   0   | 61.050 | 81.350 | 87.700 | 45.142 | 21.237 |
|   1   | 61.300 | 81.350 | 88.400 | 45.510 | 21.462 |
|   2   | 60.950 | 80.950 | 88.300 | 45.603 | 21.593 |
|   4   | 60.950 | 81.150 | 88.450 | 45.821 | 21.861 |
|   9   | 60.800 | 80.350 | 88.300 | 45.806 | 21.933 |
|   14  | 61.050 | 80.500 | 88.450 | 45.980 | 22.091 |
|   19  | 60.500 | 80.250 | 88.300 | 45.868 | 22.058 |
|   29  | 60.800 | 80.300 | 88.300 | 46.040 | 22.210 |
|   39  | 60.600 | 80.500 | 88.050 | 45.968 | 22.157 |
+-------+--------+--------+--------+--------+--------+
     logs:  {'epo': 39, 'R1': np.float32(60.6), 'R5': np.float32(80.5), 'R10': np.float32(88.05), 'mAP': np.float32(45.968), 'mINP': np.float32(22.157), 'entropy': 0.16507185716181993, 'uncertainty': 1.8391336649656296, 'uncertainty_coeffi': 9.999999747378752e-05, 'loss': 0.07880843011662364, 'lr': 0.0002973163413367289}
     Epoch[40] Iteration[10/86], entropy: 0.2295, uncertainty: 1.7486, uncertainty_coeffi: 0.0001, loss: 0.1050, lr: 1.59e-04
     Epoch[40] Iteration[20/86], entropy: 0.2841, uncertainty: 1.9297, uncertainty_coeffi: 0.0001, loss: 0.1250, lr: 4.77e-05
     Epoch[40] Iteration[30/86], entropy: 0.3666, uncertainty: 1.9945, uncertainty_coeffi: 0.0001, loss: 0.1612, lr: 4.08e-07
     Epoch[40] Iteration[40/86], entropy: 0.1401, uncertainty: 1.8132, uncertainty_coeffi: 0.0001, loss: 0.0637, lr: 3.23e-05
     Epoch[40] Iteration[50/86], entropy: 0.1654, uncertainty: 1.8141, uncertainty_coeffi: 0.0001, loss: 0.0751, lr: 1.33e-04
     Epoch[40] Iteration[60/86], entropy: 0.3254, uncertainty: 1.8439, uncertainty_coeffi: 0.0001, loss: 0.1451, lr: 2.71e-04
     Epoch[40] Iteration[70/86], entropy: 0.1395, uncertainty: 1.8599, uncertainty_coeffi: 0.0001, loss: 0.0655, lr: 4.03e-04
     Epoch[40] Iteration[80/86], entropy: 0.1117, uncertainty: 1.7810, uncertainty_coeffi: 0.0001, loss: 0.0564, lr: 4.85e-04
     Averaged stats: entropy_avg: 0.2203, uncertainty_avg: 1.8481, uncertainty_coeffi_avg: 0.0001, loss_avg: 0.0996, lr_avg: 1.92e-04
     itm tta time 0:00:15
     Epoch[41] Iteration[10/86], entropy: 0.0688, uncertainty: 1.6396, uncertainty_coeffi: 0.0001, loss: 0.0363, lr: 4.60e-04
     Epoch[41] Iteration[20/86], entropy: 0.1634, uncertainty: 1.7514, uncertainty_coeffi: 0.0001, loss: 0.0813, lr: 3.54e-04
     Epoch[41] Iteration[30/86], entropy: 0.1417, uncertainty: 1.8389, uncertainty_coeffi: 0.0001, loss: 0.0703, lr: 2.14e-04
     Epoch[41] Iteration[40/86], entropy: 0.1515, uncertainty: 1.8457, uncertainty_coeffi: 0.0001, loss: 0.0742, lr: 8.63e-05
     Epoch[41] Iteration[50/86], entropy: 0.1541, uncertainty: 1.8489, uncertainty_coeffi: 0.0001, loss: 0.0764, lr: 1.01e-05
     Epoch[41] Iteration[60/86], entropy: 0.1216, uncertainty: 1.7481, uncertainty_coeffi: 0.0001, loss: 0.0576, lr: 1.01e-05
     Epoch[41] Iteration[70/86], entropy: 0.2496, uncertainty: 1.9340, uncertainty_coeffi: 0.0001, loss: 0.1187, lr: 8.63e-05
     Epoch[41] Iteration[80/86], entropy: 0.2956, uncertainty: 1.8121, uncertainty_coeffi: 0.0001, loss: 0.1349, lr: 2.14e-04
     Averaged stats: entropy_avg: 0.1683, uncertainty_avg: 1.8023, uncertainty_coeffi_avg: 0.0001, loss_avg: 0.0812, lr_avg: 1.79e-04
     itm tta time 0:00:15
     Epoch[42] Iteration[10/86], entropy: 0.1262, uncertainty: 1.7755, uncertainty_coeffi: 0.0001, loss: 0.0606, lr: 4.24e-04
     Epoch[42] Iteration[20/86], entropy: 0.3074, uncertainty: 1.8291, uncertainty_coeffi: 0.0001, loss: 0.1443, lr: 4.94e-04
     Epoch[42] Iteration[30/86], entropy: 0.3357, uncertainty: 1.9558, uncertainty_coeffi: 0.0001, loss: 0.1499, lr: 4.85e-04
     Epoch[42] Iteration[40/86], entropy: 0.2373, uncertainty: 1.8440, uncertainty_coeffi: 0.0001, loss: 0.1056, lr: 4.03e-04
     Epoch[42] Iteration[50/86], entropy: 0.1470, uncertainty: 1.8317, uncertainty_coeffi: 0.0001, loss: 0.0731, lr: 2.71e-04
     Epoch[42] Iteration[60/86], entropy: 0.1195, uncertainty: 1.6748, uncertainty_coeffi: 0.0001, loss: 0.0650, lr: 1.33e-04
     Epoch[42] Iteration[70/86], entropy: 0.3060, uncertainty: 1.8575, uncertainty_coeffi: 0.0001, loss: 0.1410, lr: 3.23e-05
     Epoch[42] Iteration[80/86], entropy: 0.1850, uncertainty: 1.8118, uncertainty_coeffi: 0.0001, loss: 0.0898, lr: 4.08e-07
     Averaged stats: entropy_avg: 0.2205, uncertainty_avg: 1.8225, uncertainty_coeffi_avg: 0.0001, loss_avg: 0.1037, lr_avg: 2.80e-04
     itm tta time 0:00:15
     Epoch[43] Iteration[10/86], entropy: 0.1954, uncertainty: 1.8583, uncertainty_coeffi: 0.0001, loss: 0.0870, lr: 1.09e-04
     Epoch[43] Iteration[20/86], entropy: 0.1976, uncertainty: 1.8017, uncertainty_coeffi: 0.0001, loss: 0.0930, lr: 2.43e-04
     Epoch[43] Iteration[30/86], entropy: 0.1822, uncertainty: 1.8310, uncertainty_coeffi: 0.0001, loss: 0.0906, lr: 3.79e-04
     Epoch[43] Iteration[40/86], entropy: 0.1689, uncertainty: 1.8237, uncertainty_coeffi: 0.0001, loss: 0.0775, lr: 4.74e-04
     Epoch[43] Iteration[50/86], entropy: 0.4269, uncertainty: 1.9955, uncertainty_coeffi: 0.0001, loss: 0.1930, lr: 4.98e-04
     Epoch[43] Iteration[60/86], entropy: 0.1432, uncertainty: 1.8058, uncertainty_coeffi: 0.0001, loss: 0.0701, lr: 4.44e-04
     Epoch[43] Iteration[70/86], entropy: 0.2011, uncertainty: 1.8816, uncertainty_coeffi: 0.0001, loss: 0.0943, lr: 3.27e-04
     Epoch[43] Iteration[80/86], entropy: 0.2026, uncertainty: 1.9740, uncertainty_coeffi: 0.0001, loss: 0.0971, lr: 1.86e-04
     Averaged stats: entropy_avg: 0.2147, uncertainty_avg: 1.8715, uncertainty_coeffi_avg: 0.0001, loss_avg: 0.1003, lr_avg: 3.33e-04
     itm tta time 0:00:15
     Epoch[44] Iteration[10/86], entropy: 0.1719, uncertainty: 1.8296, uncertainty_coeffi: 0.0001, loss: 0.0840, lr: 1.97e-05
     Epoch[44] Iteration[20/86], entropy: 0.2868, uncertainty: 1.9079, uncertainty_coeffi: 0.0001, loss: 0.1354, lr: 3.66e-06
     Epoch[44] Iteration[30/86], entropy: 0.1147, uncertainty: 1.7945, uncertainty_coeffi: 0.0001, loss: 0.0592, lr: 6.58e-05
     Epoch[44] Iteration[40/86], entropy: 0.2012, uncertainty: 1.8371, uncertainty_coeffi: 0.0001, loss: 0.0916, lr: 1.86e-04
     Epoch[44] Iteration[50/86], entropy: 0.2407, uncertainty: 1.8568, uncertainty_coeffi: 0.0001, loss: 0.1101, lr: 3.27e-04
     Epoch[44] Iteration[60/86], entropy: 0.1280, uncertainty: 1.8189, uncertainty_coeffi: 0.0001, loss: 0.0596, lr: 4.44e-04
     Epoch[44] Iteration[70/86], entropy: 0.1694, uncertainty: 1.8910, uncertainty_coeffi: 0.0001, loss: 0.0796, lr: 4.98e-04
     Epoch[44] Iteration[80/86], entropy: 0.2695, uncertainty: 1.9177, uncertainty_coeffi: 0.0001, loss: 0.1255, lr: 4.74e-04
     Averaged stats: entropy_avg: 0.1978, uncertainty_avg: 1.8567, uncertainty_coeffi_avg: 0.0001, loss_avg: 0.0931, lr_avg: 2.52e-04
     itm tta time 0:00:16
     Epoch[45] Iteration[10/86], entropy: 0.3150, uncertainty: 1.9814, uncertainty_coeffi: 0.0001, loss: 0.1458, lr: 3.00e-04
     Epoch[45] Iteration[20/86], entropy: 0.2668, uncertainty: 1.9381, uncertainty_coeffi: 0.0001, loss: 0.1210, lr: 1.59e-04
     Epoch[45] Iteration[30/86], entropy: 0.2107, uncertainty: 1.8060, uncertainty_coeffi: 0.0001, loss: 0.0990, lr: 4.77e-05
     Epoch[45] Iteration[40/86], entropy: 0.2566, uncertainty: 1.9703, uncertainty_coeffi: 0.0001, loss: 0.1262, lr: 4.08e-07
     Epoch[45] Iteration[50/86], entropy: 0.2365, uncertainty: 1.8896, uncertainty_coeffi: 0.0001, loss: 0.1020, lr: 3.23e-05
     Epoch[45] Iteration[60/86], entropy: 0.0987, uncertainty: 1.7420, uncertainty_coeffi: 0.0001, loss: 0.0507, lr: 1.33e-04
     Epoch[45] Iteration[70/86], entropy: 0.1713, uncertainty: 1.8656, uncertainty_coeffi: 0.0001, loss: 0.0839, lr: 2.71e-04
     Epoch[45] Iteration[80/86], entropy: 0.1292, uncertainty: 1.7228, uncertainty_coeffi: 0.0001, loss: 0.0646, lr: 4.03e-04
     Averaged stats: entropy_avg: 0.2106, uncertainty_avg: 1.8644, uncertainty_coeffi_avg: 0.0001, loss_avg: 0.0991, lr_avg: 1.68e-04
     itm tta time 0:00:15
     Epoch[46] Iteration[10/86], entropy: 0.2008, uncertainty: 1.8320, uncertainty_coeffi: 0.0001, loss: 0.1008, lr: 5.00e-04
     Epoch[46] Iteration[20/86], entropy: 0.1668, uncertainty: 1.8708, uncertainty_coeffi: 0.0001, loss: 0.0786, lr: 4.60e-04
     Epoch[46] Iteration[30/86], entropy: 0.2572, uncertainty: 1.8439, uncertainty_coeffi: 0.0001, loss: 0.1239, lr: 3.54e-04
     Epoch[46] Iteration[40/86], entropy: 0.1896, uncertainty: 1.6287, uncertainty_coeffi: 0.0001, loss: 0.0947, lr: 2.14e-04
     Epoch[46] Iteration[50/86], entropy: 0.1519, uncertainty: 1.7777, uncertainty_coeffi: 0.0001, loss: 0.0742, lr: 9.73e-05
     Epoch[46] Iteration[60/86], entropy: 0.4154, uncertainty: 2.0312, uncertainty_coeffi: 0.0001, loss: 0.1788, lr: 1.45e-05
     Epoch[46] Iteration[70/86], entropy: 0.2212, uncertainty: 1.9066, uncertainty_coeffi: 0.0001, loss: 0.1031, lr: 6.50e-06
     Epoch[46] Iteration[80/86], entropy: 0.2325, uncertainty: 1.8972, uncertainty_coeffi: 0.0001, loss: 0.1053, lr: 7.58e-05
     Averaged stats: entropy_avg: 0.2294, uncertainty_avg: 1.8485, uncertainty_coeffi_avg: 0.0001, loss_avg: 0.1074, lr_avg: 2.15e-04
     itm tta time 0:00:15
     Epoch[47] Iteration[10/86], entropy: 0.2008, uncertainty: 1.8053, uncertainty_coeffi: 0.0001, loss: 0.0934, lr: 2.86e-04
     Epoch[47] Iteration[20/86], entropy: 0.1703, uncertainty: 1.8740, uncertainty_coeffi: 0.0001, loss: 0.0799, lr: 4.14e-04
     Epoch[47] Iteration[30/86], entropy: 0.0878, uncertainty: 1.7887, uncertainty_coeffi: 0.0001, loss: 0.0438, lr: 4.90e-04
     Epoch[47] Iteration[40/86], entropy: 0.0965, uncertainty: 1.6719, uncertainty_coeffi: 0.0001, loss: 0.0512, lr: 4.90e-04
     Epoch[47] Iteration[50/86], entropy: 0.2383, uncertainty: 1.9090, uncertainty_coeffi: 0.0001, loss: 0.1081, lr: 4.14e-04
     Epoch[47] Iteration[60/86], entropy: 0.2350, uncertainty: 1.9020, uncertainty_coeffi: 0.0001, loss: 0.1023, lr: 2.86e-04
     Epoch[47] Iteration[70/86], entropy: 0.1204, uncertainty: 1.8109, uncertainty_coeffi: 0.0001, loss: 0.0625, lr: 1.46e-04
     Epoch[47] Iteration[80/86], entropy: 0.2781, uncertainty: 1.8730, uncertainty_coeffi: 0.0001, loss: 0.1288, lr: 3.97e-05
     Averaged stats: entropy_avg: 0.1784, uncertainty_avg: 1.8293, uncertainty_coeffi_avg: 0.0001, loss_avg: 0.0838, lr_avg: 3.21e-04
     itm tta time 0:00:15
     Epoch[48] Iteration[10/86], entropy: 0.3476, uncertainty: 2.0626, uncertainty_coeffi: 0.0001, loss: 0.1528, lr: 1.45e-05
     Epoch[48] Iteration[20/86], entropy: 0.2564, uncertainty: 1.8799, uncertainty_coeffi: 0.0001, loss: 0.1118, lr: 9.73e-05
     Epoch[48] Iteration[30/86], entropy: 0.0825, uncertainty: 1.7647, uncertainty_coeffi: 0.0001, loss: 0.0416, lr: 2.29e-04
     Epoch[48] Iteration[40/86], entropy: 0.2044, uncertainty: 1.9293, uncertainty_coeffi: 0.0001, loss: 0.0963, lr: 3.67e-04
     Epoch[48] Iteration[50/86], entropy: 0.1488, uncertainty: 1.9378, uncertainty_coeffi: 0.0001, loss: 0.0716, lr: 4.68e-04
     Epoch[48] Iteration[60/86], entropy: 0.1982, uncertainty: 1.8822, uncertainty_coeffi: 0.0001, loss: 0.0942, lr: 5.00e-04
     Epoch[48] Iteration[70/86], entropy: 0.2589, uncertainty: 1.8570, uncertainty_coeffi: 0.0001, loss: 0.1209, lr: 4.52e-04
     Epoch[48] Iteration[80/86], entropy: 0.3148, uncertainty: 1.8656, uncertainty_coeffi: 0.0001, loss: 0.1507, lr: 3.41e-04
     Averaged stats: entropy_avg: 0.2265, uncertainty_avg: 1.8974, uncertainty_coeffi_avg: 0.0001, loss_avg: 0.1050, lr_avg: 3.08e-04
     itm tta time 0:00:15
     Epoch[49] Iteration[10/86], entropy: 0.2195, uncertainty: 1.8529, uncertainty_coeffi: 0.0001, loss: 0.1040, lr: 1.21e-04
     Epoch[49] Iteration[20/86], entropy: 0.2561, uncertainty: 1.9008, uncertainty_coeffi: 0.0001, loss: 0.1152, lr: 2.57e-05
     Epoch[49] Iteration[30/86], entropy: 0.1924, uncertainty: 1.7031, uncertainty_coeffi: 0.0001, loss: 0.0980, lr: 1.63e-06
     Epoch[49] Iteration[40/86], entropy: 0.0910, uncertainty: 1.8650, uncertainty_coeffi: 0.0001, loss: 0.0454, lr: 5.65e-05
     Epoch[49] Iteration[50/86], entropy: 0.1267, uncertainty: 1.7279, uncertainty_coeffi: 0.0001, loss: 0.0604, lr: 1.73e-04
     Epoch[49] Iteration[60/86], entropy: 0.2576, uncertainty: 1.8250, uncertainty_coeffi: 0.0001, loss: 0.1210, lr: 3.14e-04
     Epoch[49] Iteration[70/86], entropy: 0.2003, uncertainty: 2.0340, uncertainty_coeffi: 0.0001, loss: 0.0920, lr: 4.34e-04
     Epoch[49] Iteration[80/86], entropy: 0.1323, uncertainty: 1.8537, uncertainty_coeffi: 0.0001, loss: 0.0621, lr: 4.96e-04
     Averaged stats: entropy_avg: 0.1845, uncertainty_avg: 1.8453, uncertainty_coeffi_avg: 0.0001, loss_avg: 0.0873, lr_avg: 2.03e-04
     itm tta time 0:00:15
### TTA Eval Score: 
+-------+--------+--------+--------+--------+--------+
| epoch |   R1   |   R5   |  R10   |  mAP   |  mINP  |
+-------+--------+--------+--------+--------+--------+
|  -999 | 59.500 | 80.050 | 87.050 | 44.116 | 20.549 |
|   0   | 61.050 | 81.350 | 87.700 | 45.142 | 21.237 |
|   1   | 61.300 | 81.350 | 88.400 | 45.510 | 21.462 |
|   2   | 60.950 | 80.950 | 88.300 | 45.603 | 21.593 |
|   4   | 60.950 | 81.150 | 88.450 | 45.821 | 21.861 |
|   9   | 60.800 | 80.350 | 88.300 | 45.806 | 21.933 |
|   14  | 61.050 | 80.500 | 88.450 | 45.980 | 22.091 |
|   19  | 60.500 | 80.250 | 88.300 | 45.868 | 22.058 |
|   29  | 60.800 | 80.300 | 88.300 | 46.040 | 22.210 |
|   39  | 60.600 | 80.500 | 88.050 | 45.968 | 22.157 |
|   49  | 60.750 | 80.450 | 87.950 | 45.973 | 22.140 |
+-------+--------+--------+--------+--------+--------+
     logs:  {'epo': 49, 'R1': np.float32(60.75), 'R5': np.float32(80.45), 'R10': np.float32(87.95), 'mAP': np.float32(45.973), 'mINP': np.float32(22.14), 'entropy': 0.18448291346430779, 'uncertainty': 1.8453106880187988, 'uncertainty_coeffi': 9.999999747378752e-05, 'loss': 0.08726781141012907, 'lr': 0.00020268365866327122}
     Epoch[50] Iteration[10/86], entropy: 0.2759, uncertainty: 1.7991, uncertainty_coeffi: 0.0001, loss: 0.1320, lr: 4.34e-04
     Epoch[50] Iteration[20/86], entropy: 0.2030, uncertainty: 1.9339, uncertainty_coeffi: 0.0001, loss: 0.0958, lr: 3.14e-04
     Epoch[50] Iteration[30/86], entropy: 0.2834, uncertainty: 2.0686, uncertainty_coeffi: 0.0001, loss: 0.1306, lr: 1.73e-04
     Epoch[50] Iteration[40/86], entropy: 0.3095, uncertainty: 1.9316, uncertainty_coeffi: 0.0001, loss: 0.1401, lr: 5.65e-05
     Epoch[50] Iteration[50/86], entropy: 0.1828, uncertainty: 1.8536, uncertainty_coeffi: 0.0001, loss: 0.0815, lr: 1.63e-06
     Epoch[50] Iteration[60/86], entropy: 0.1998, uncertainty: 1.8864, uncertainty_coeffi: 0.0001, loss: 0.0920, lr: 2.57e-05
     Epoch[50] Iteration[70/86], entropy: 0.2401, uncertainty: 1.9149, uncertainty_coeffi: 0.0001, loss: 0.1107, lr: 1.21e-04
     Epoch[50] Iteration[80/86], entropy: 0.1578, uncertainty: 1.7306, uncertainty_coeffi: 0.0001, loss: 0.0774, lr: 2.57e-04
     Averaged stats: entropy_avg: 0.2315, uncertainty_avg: 1.8898, uncertainty_coeffi_avg: 0.0001, loss_avg: 0.1075, lr_avg: 1.73e-04
     itm tta time 0:00:17
     Epoch[51] Iteration[10/86], entropy: 0.1706, uncertainty: 1.8902, uncertainty_coeffi: 0.0001, loss: 0.0799, lr: 4.52e-04
     Epoch[51] Iteration[20/86], entropy: 0.1587, uncertainty: 1.7756, uncertainty_coeffi: 0.0001, loss: 0.0768, lr: 5.00e-04
     Epoch[51] Iteration[30/86], entropy: 0.2327, uncertainty: 1.8456, uncertainty_coeffi: 0.0001, loss: 0.1019, lr: 4.68e-04
     Epoch[51] Iteration[40/86], entropy: 0.2456, uncertainty: 1.8285, uncertainty_coeffi: 0.0001, loss: 0.1082, lr: 3.67e-04
     Epoch[51] Iteration[50/86], entropy: 0.2650, uncertainty: 1.8084, uncertainty_coeffi: 0.0001, loss: 0.1288, lr: 2.29e-04
     Epoch[51] Iteration[60/86], entropy: 0.1328, uncertainty: 1.7786, uncertainty_coeffi: 0.0001, loss: 0.0659, lr: 9.73e-05
     Epoch[51] Iteration[70/86], entropy: 0.1634, uncertainty: 1.9118, uncertainty_coeffi: 0.0001, loss: 0.0779, lr: 1.45e-05
     Epoch[51] Iteration[80/86], entropy: 0.2394, uncertainty: 1.7709, uncertainty_coeffi: 0.0001, loss: 0.1173, lr: 6.50e-06
     Averaged stats: entropy_avg: 0.2010, uncertainty_avg: 1.8262, uncertainty_coeffi_avg: 0.0001, loss_avg: 0.0946, lr_avg: 2.67e-04
     itm tta time 0:00:17
     Epoch[52] Iteration[10/86], entropy: 0.3246, uncertainty: 1.8785, uncertainty_coeffi: 0.0001, loss: 0.1569, lr: 1.46e-04
     Epoch[52] Iteration[20/86], entropy: 0.2280, uncertainty: 2.0641, uncertainty_coeffi: 0.0001, loss: 0.1070, lr: 2.86e-04
     Epoch[52] Iteration[30/86], entropy: 0.1547, uncertainty: 1.8094, uncertainty_coeffi: 0.0001, loss: 0.0708, lr: 4.14e-04
     Epoch[52] Iteration[40/86], entropy: 0.1998, uncertainty: 1.7946, uncertainty_coeffi: 0.0001, loss: 0.0908, lr: 4.90e-04
     Epoch[52] Iteration[50/86], entropy: 0.3771, uncertainty: 1.9923, uncertainty_coeffi: 0.0001, loss: 0.1704, lr: 4.90e-04
     Epoch[52] Iteration[60/86], entropy: 0.2086, uncertainty: 1.9105, uncertainty_coeffi: 0.0001, loss: 0.0951, lr: 4.14e-04
     Epoch[52] Iteration[70/86], entropy: 0.0922, uncertainty: 1.6889, uncertainty_coeffi: 0.0001, loss: 0.0465, lr: 2.86e-04
     Epoch[52] Iteration[80/86], entropy: 0.1902, uncertainty: 1.9549, uncertainty_coeffi: 0.0001, loss: 0.0866, lr: 1.46e-04
     Averaged stats: entropy_avg: 0.2219, uncertainty_avg: 1.8867, uncertainty_coeffi_avg: 0.0001, loss_avg: 0.1030, lr_avg: 3.34e-04
     itm tta time 0:00:17
     Epoch[53] Iteration[10/86], entropy: 0.2012, uncertainty: 1.9390, uncertainty_coeffi: 0.0001, loss: 0.0890, lr: 6.50e-06
     Epoch[53] Iteration[20/86], entropy: 0.3357, uncertainty: 1.9817, uncertainty_coeffi: 0.0001, loss: 0.1538, lr: 1.45e-05
     Epoch[53] Iteration[30/86], entropy: 0.2054, uncertainty: 1.8586, uncertainty_coeffi: 0.0001, loss: 0.0966, lr: 9.73e-05
     Epoch[53] Iteration[40/86], entropy: 0.2060, uncertainty: 1.8386, uncertainty_coeffi: 0.0001, loss: 0.0935, lr: 2.29e-04
     Epoch[53] Iteration[50/86], entropy: 0.2096, uncertainty: 1.8506, uncertainty_coeffi: 0.0001, loss: 0.0946, lr: 3.67e-04
     Epoch[53] Iteration[60/86], entropy: 0.2218, uncertainty: 1.8902, uncertainty_coeffi: 0.0001, loss: 0.1000, lr: 4.68e-04
     Epoch[53] Iteration[70/86], entropy: 0.3948, uncertainty: 2.0438, uncertainty_coeffi: 0.0001, loss: 0.1727, lr: 5.00e-04
     Epoch[53] Iteration[80/86], entropy: 0.1341, uncertainty: 1.8848, uncertainty_coeffi: 0.0001, loss: 0.0625, lr: 4.52e-04
     Averaged stats: entropy_avg: 0.2386, uncertainty_avg: 1.9109, uncertainty_coeffi_avg: 0.0001, loss_avg: 0.1078, lr_avg: 2.67e-04
     itm tta time 0:00:16
     Epoch[54] Iteration[10/86], entropy: 0.1053, uncertainty: 1.8082, uncertainty_coeffi: 0.0001, loss: 0.0517, lr: 2.57e-04
     Epoch[54] Iteration[20/86], entropy: 0.1797, uncertainty: 1.9182, uncertainty_coeffi: 0.0001, loss: 0.0796, lr: 1.21e-04
     Epoch[54] Iteration[30/86], entropy: 0.2133, uncertainty: 1.7482, uncertainty_coeffi: 0.0001, loss: 0.0995, lr: 2.57e-05
     Epoch[54] Iteration[40/86], entropy: 0.3267, uncertainty: 1.9353, uncertainty_coeffi: 0.0001, loss: 0.1486, lr: 1.63e-06
     Epoch[54] Iteration[50/86], entropy: 0.1267, uncertainty: 1.7998, uncertainty_coeffi: 0.0001, loss: 0.0618, lr: 5.65e-05
     Epoch[54] Iteration[60/86], entropy: 0.2521, uncertainty: 1.9826, uncertainty_coeffi: 0.0001, loss: 0.1131, lr: 1.73e-04
     Epoch[54] Iteration[70/86], entropy: 0.1543, uncertainty: 1.9048, uncertainty_coeffi: 0.0001, loss: 0.0715, lr: 3.14e-04
     Epoch[54] Iteration[80/86], entropy: 0.1119, uncertainty: 1.7505, uncertainty_coeffi: 0.0001, loss: 0.0519, lr: 4.34e-04
     Averaged stats: entropy_avg: 0.1837, uncertainty_avg: 1.8560, uncertainty_coeffi_avg: 0.0001, loss_avg: 0.0847, lr_avg: 1.73e-04
     itm tta time 0:00:16
     Epoch[55] Iteration[10/86], entropy: 0.1546, uncertainty: 1.9351, uncertainty_coeffi: 0.0001, loss: 0.0738, lr: 4.96e-04
     Epoch[55] Iteration[20/86], entropy: 0.2896, uncertainty: 1.9718, uncertainty_coeffi: 0.0001, loss: 0.1238, lr: 4.34e-04
     Epoch[55] Iteration[30/86], entropy: 0.1358, uncertainty: 1.8453, uncertainty_coeffi: 0.0001, loss: 0.0680, lr: 3.14e-04
     Epoch[55] Iteration[40/86], entropy: 0.1508, uncertainty: 1.8970, uncertainty_coeffi: 0.0001, loss: 0.0794, lr: 1.73e-04
     Epoch[55] Iteration[50/86], entropy: 0.1139, uncertainty: 1.6858, uncertainty_coeffi: 0.0001, loss: 0.0611, lr: 5.65e-05
     Epoch[55] Iteration[60/86], entropy: 0.1838, uncertainty: 1.8509, uncertainty_coeffi: 0.0001, loss: 0.0827, lr: 1.63e-06
     Epoch[55] Iteration[70/86], entropy: 0.2285, uncertainty: 1.9860, uncertainty_coeffi: 0.0001, loss: 0.1035, lr: 2.57e-05
     Epoch[55] Iteration[80/86], entropy: 0.2202, uncertainty: 1.7682, uncertainty_coeffi: 0.0001, loss: 0.0990, lr: 1.21e-04
     Averaged stats: entropy_avg: 0.1846, uncertainty_avg: 1.8675, uncertainty_coeffi_avg: 0.0001, loss_avg: 0.0864, lr_avg: 2.03e-04
     itm tta time 0:00:15
     Epoch[56] Iteration[10/86], entropy: 0.1921, uncertainty: 1.8150, uncertainty_coeffi: 0.0001, loss: 0.0905, lr: 3.41e-04
     Epoch[56] Iteration[20/86], entropy: 0.1520, uncertainty: 1.8038, uncertainty_coeffi: 0.0001, loss: 0.0765, lr: 4.52e-04
     Epoch[56] Iteration[30/86], entropy: 0.2368, uncertainty: 1.8150, uncertainty_coeffi: 0.0001, loss: 0.1110, lr: 5.00e-04
     Epoch[56] Iteration[40/86], entropy: 0.1324, uncertainty: 1.6809, uncertainty_coeffi: 0.0001, loss: 0.0597, lr: 4.68e-04
     Epoch[56] Iteration[50/86], entropy: 0.1015, uncertainty: 1.9198, uncertainty_coeffi: 0.0001, loss: 0.0472, lr: 3.67e-04
     Epoch[56] Iteration[60/86], entropy: 0.3209, uncertainty: 2.0268, uncertainty_coeffi: 0.0001, loss: 0.1449, lr: 2.29e-04
     Epoch[56] Iteration[70/86], entropy: 0.1442, uncertainty: 1.8792, uncertainty_coeffi: 0.0001, loss: 0.0766, lr: 9.73e-05
     Epoch[56] Iteration[80/86], entropy: 0.2069, uncertainty: 1.8733, uncertainty_coeffi: 0.0001, loss: 0.0934, lr: 1.45e-05
     Averaged stats: entropy_avg: 0.1858, uncertainty_avg: 1.8517, uncertainty_coeffi_avg: 0.0001, loss_avg: 0.0875, lr_avg: 3.08e-04
     itm tta time 0:00:15
     Epoch[57] Iteration[10/86], entropy: 0.2036, uncertainty: 1.8285, uncertainty_coeffi: 0.0001, loss: 0.0908, lr: 3.97e-05
     Epoch[57] Iteration[20/86], entropy: 0.2824, uncertainty: 2.0179, uncertainty_coeffi: 0.0001, loss: 0.1306, lr: 1.46e-04
     Epoch[57] Iteration[30/86], entropy: 0.1680, uncertainty: 1.8568, uncertainty_coeffi: 0.0001, loss: 0.0833, lr: 2.86e-04
     Epoch[57] Iteration[40/86], entropy: 0.2728, uncertainty: 1.9641, uncertainty_coeffi: 0.0001, loss: 0.1244, lr: 4.14e-04
     Epoch[57] Iteration[50/86], entropy: 0.2733, uncertainty: 1.9086, uncertainty_coeffi: 0.0001, loss: 0.1143, lr: 4.90e-04
     Epoch[57] Iteration[60/86], entropy: 0.2388, uncertainty: 1.9361, uncertainty_coeffi: 0.0001, loss: 0.1103, lr: 4.90e-04
     Epoch[57] Iteration[70/86], entropy: 0.1929, uncertainty: 1.7513, uncertainty_coeffi: 0.0001, loss: 0.0923, lr: 4.14e-04
     Epoch[57] Iteration[80/86], entropy: 0.1234, uncertainty: 1.7610, uncertainty_coeffi: 0.0001, loss: 0.0587, lr: 2.86e-04
     Averaged stats: entropy_avg: 0.2194, uncertainty_avg: 1.8780, uncertainty_coeffi_avg: 0.0001, loss_avg: 0.1006, lr_avg: 3.21e-04
     itm tta time 0:00:15
     Epoch[58] Iteration[10/86], entropy: 0.2422, uncertainty: 1.9162, uncertainty_coeffi: 0.0001, loss: 0.1135, lr: 7.58e-05
     Epoch[58] Iteration[20/86], entropy: 0.1776, uncertainty: 1.8315, uncertainty_coeffi: 0.0001, loss: 0.0794, lr: 6.50e-06
     Epoch[58] Iteration[30/86], entropy: 0.1417, uncertainty: 1.8024, uncertainty_coeffi: 0.0001, loss: 0.0712, lr: 1.45e-05
     Epoch[58] Iteration[40/86], entropy: 0.1435, uncertainty: 1.8316, uncertainty_coeffi: 0.0001, loss: 0.0648, lr: 9.73e-05
     Epoch[58] Iteration[50/86], entropy: 0.4112, uncertainty: 2.0034, uncertainty_coeffi: 0.0001, loss: 0.1782, lr: 2.29e-04
     Epoch[58] Iteration[60/86], entropy: 0.2010, uncertainty: 1.7618, uncertainty_coeffi: 0.0001, loss: 0.0974, lr: 3.67e-04
     Epoch[58] Iteration[70/86], entropy: 0.2814, uncertainty: 1.8164, uncertainty_coeffi: 0.0001, loss: 0.1342, lr: 4.68e-04
     Epoch[58] Iteration[80/86], entropy: 0.2429, uncertainty: 1.9192, uncertainty_coeffi: 0.0001, loss: 0.1113, lr: 5.00e-04
     Averaged stats: entropy_avg: 0.2302, uncertainty_avg: 1.8603, uncertainty_coeffi_avg: 0.0001, loss_avg: 0.1062, lr_avg: 2.20e-04
     itm tta time 0:00:16
     Epoch[59] Iteration[10/86], entropy: 0.2241, uncertainty: 1.8658, uncertainty_coeffi: 0.0001, loss: 0.1038, lr: 3.91e-04
     Epoch[59] Iteration[20/86], entropy: 0.1862, uncertainty: 1.9588, uncertainty_coeffi: 0.0001, loss: 0.0843, lr: 2.57e-04
     Epoch[59] Iteration[30/86], entropy: 0.1507, uncertainty: 1.9539, uncertainty_coeffi: 0.0001, loss: 0.0722, lr: 1.21e-04
     Epoch[59] Iteration[40/86], entropy: 0.1076, uncertainty: 1.7219, uncertainty_coeffi: 0.0001, loss: 0.0534, lr: 2.57e-05
     Epoch[59] Iteration[50/86], entropy: 0.2403, uncertainty: 1.9066, uncertainty_coeffi: 0.0001, loss: 0.1153, lr: 1.63e-06
     Epoch[59] Iteration[60/86], entropy: 0.3068, uncertainty: 1.9742, uncertainty_coeffi: 0.0001, loss: 0.1354, lr: 5.65e-05
     Epoch[59] Iteration[70/86], entropy: 0.3005, uncertainty: 1.8056, uncertainty_coeffi: 0.0001, loss: 0.1344, lr: 1.73e-04
     Epoch[59] Iteration[80/86], entropy: 0.0958, uncertainty: 1.8235, uncertainty_coeffi: 0.0001, loss: 0.0506, lr: 3.14e-04
     Averaged stats: entropy_avg: 0.2015, uncertainty_avg: 1.8763, uncertainty_coeffi_avg: 0.0001, loss_avg: 0.0937, lr_avg: 1.67e-04
     itm tta time 0:00:15
### TTA Eval Score: 
+-------+--------+--------+--------+--------+--------+
| epoch |   R1   |   R5   |  R10   |  mAP   |  mINP  |
+-------+--------+--------+--------+--------+--------+
|  -999 | 59.500 | 80.050 | 87.050 | 44.116 | 20.549 |
|   0   | 61.050 | 81.350 | 87.700 | 45.142 | 21.237 |
|   1   | 61.300 | 81.350 | 88.400 | 45.510 | 21.462 |
|   2   | 60.950 | 80.950 | 88.300 | 45.603 | 21.593 |
|   4   | 60.950 | 81.150 | 88.450 | 45.821 | 21.861 |
|   9   | 60.800 | 80.350 | 88.300 | 45.806 | 21.933 |
|   14  | 61.050 | 80.500 | 88.450 | 45.980 | 22.091 |
|   19  | 60.500 | 80.250 | 88.300 | 45.868 | 22.058 |
|   29  | 60.800 | 80.300 | 88.300 | 46.040 | 22.210 |
|   39  | 60.600 | 80.500 | 88.050 | 45.968 | 22.157 |
|   49  | 60.750 | 80.450 | 87.950 | 45.973 | 22.140 |
|   59  | 60.750 | 80.650 | 87.900 | 46.002 | 22.079 |
+-------+--------+--------+--------+--------+--------+
     logs:  {'epo': 59, 'R1': np.float32(60.75), 'R5': np.float32(80.65), 'R10': np.float32(87.9), 'mAP': np.float32(46.002), 'mINP': np.float32(22.079), 'entropy': 0.2015145355835557, 'uncertainty': 1.8762763142585754, 'uncertainty_coeffi': 9.999999747378752e-05, 'loss': 0.09365309309214354, 'lr': 0.00016739941791128423}
### best epoch 1 : {'epo': '1', 'R1': '61.3', 'R5': '81.35', 'R10': '88.4', 'mAP': '45.51', 'mINP': '21.462', 'entropy': '0.26633596420288086', 'uncertainty': '1.8042490929365158', 'uncertainty_coeffi': '9.999999747378752e-05', 'loss': '0.1251534940674901', 'lr': '0.0003048958920572834'}
### Time 0:17:08
