Not using distributed mode
### Hyper-parameters:
     output_dir: output_rerun/ham_icfg_tta/exp1.0.0/2025090821165
     seed: 42
     device: cuda
     batch_size_tta: 16
     epochs: 30
     lr: 1e-05
### Creating test dataset
     test_txt_set: 19848    test_img_set: 19848
     test_txt_loader: 39    test_img_loader: 39
### Creating model
Training Model with ['sdm', 'id', 'mlm'] tasks
Resized position embedding from size:torch.Size([1, 197, 768]) to size: torch.Size([1, 193, 768]) with height:24 width: 8
     Total Params Sum:  190482206
### Zero-Shot Score: 
/home/jiahao/task/IRRA/tta.py:261: FutureWarning: `torch.cuda.amp.GradScaler(args...)` is deprecated. Please use `torch.amp.GradScaler('cuda', args...)` instead.
  scaler = GradScaler()  # bf16
+-------+--------+--------+--------+--------+-------+
| epoch |   R1   |   R5   |  R10   |  mAP   |  mINP |
+-------+--------+--------+--------+--------+-------+
|  -999 | 37.304 | 55.557 | 63.548 | 20.140 | 2.213 |
+-------+--------+--------+--------+--------+-------+
### TTA:
### Compute Cos Similarity Uncertainty
     preprocess_tta_coefficients  start
     sample selection ...
     number of sample after sample_selection: 1757
     uncertainty ...
     pos/neg sampling ...
      number of sample after pos/neg sampling: torch.Size([19848, 8])
     preprocess_tta_coefficients  end
### Creating TTA dataset
     tta_dataset: 1757
### Creating tta dataloader
### be careful: func create_loader returns a list length of 1
     tta_loader: 109
### Configure adapted weights
     TTA Dropout Modules: 
 []
     TTA Require Gradient Params: 
 [('base_model.transformer.resblocks.1.ln_1.weight', torch.Size([512])), ('base_model.transformer.resblocks.1.ln_1.bias', torch.Size([512])), ('base_model.transformer.resblocks.1.ln_2.weight', torch.Size([512])), ('base_model.transformer.resblocks.1.ln_2.bias', torch.Size([512])), ('base_model.transformer.resblocks.2.ln_1.weight', torch.Size([512])), ('base_model.transformer.resblocks.2.ln_1.bias', torch.Size([512])), ('base_model.transformer.resblocks.2.ln_2.weight', torch.Size([512])), ('base_model.transformer.resblocks.2.ln_2.bias', torch.Size([512])), ('base_model.transformer.resblocks.3.ln_1.weight', torch.Size([512])), ('base_model.transformer.resblocks.3.ln_1.bias', torch.Size([512])), ('base_model.transformer.resblocks.3.ln_2.weight', torch.Size([512])), ('base_model.transformer.resblocks.3.ln_2.bias', torch.Size([512])), ('base_model.transformer.resblocks.4.ln_1.weight', torch.Size([512])), ('base_model.transformer.resblocks.4.ln_1.bias', torch.Size([512])), ('base_model.transformer.resblocks.4.ln_2.weight', torch.Size([512])), ('base_model.transformer.resblocks.4.ln_2.bias', torch.Size([512])), ('base_model.transformer.resblocks.5.ln_1.weight', torch.Size([512])), ('base_model.transformer.resblocks.5.ln_1.bias', torch.Size([512])), ('base_model.transformer.resblocks.5.ln_2.weight', torch.Size([512])), ('base_model.transformer.resblocks.5.ln_2.bias', torch.Size([512])), ('base_model.transformer.resblocks.7.ln_1.weight', torch.Size([512])), ('base_model.transformer.resblocks.7.ln_1.bias', torch.Size([512])), ('base_model.transformer.resblocks.7.ln_2.weight', torch.Size([512])), ('base_model.transformer.resblocks.7.ln_2.bias', torch.Size([512])), ('base_model.transformer.resblocks.8.ln_1.weight', torch.Size([512])), ('base_model.transformer.resblocks.8.ln_1.bias', torch.Size([512])), ('base_model.transformer.resblocks.8.ln_2.weight', torch.Size([512])), ('base_model.transformer.resblocks.8.ln_2.bias', torch.Size([512])), ('base_model.transformer.resblocks.9.ln_1.weight', torch.Size([512])), ('base_model.transformer.resblocks.9.ln_1.bias', torch.Size([512])), ('base_model.transformer.resblocks.9.ln_2.weight', torch.Size([512])), ('base_model.transformer.resblocks.9.ln_2.bias', torch.Size([512])), ('base_model.transformer.resblocks.10.ln_1.weight', torch.Size([512])), ('base_model.transformer.resblocks.10.ln_1.bias', torch.Size([512])), ('base_model.transformer.resblocks.10.ln_2.weight', torch.Size([512])), ('base_model.transformer.resblocks.10.ln_2.bias', torch.Size([512])), ('base_model.transformer.resblocks.11.ln_1.weight', torch.Size([512])), ('base_model.transformer.resblocks.11.ln_1.bias', torch.Size([512])), ('base_model.transformer.resblocks.11.ln_2.weight', torch.Size([512])), ('base_model.transformer.resblocks.11.ln_2.bias', torch.Size([512])), ('base_model.ln_final.weight', torch.Size([512])), ('base_model.ln_final.bias', torch.Size([512]))]
     TTA Dropout Modules Number: 
 0
     TTA Require Gradient Params Sum: 
 21504
Using 5.0 times learning rate for random init module 
### Start Test Time Adaptation
/home/jiahao/task/IRRA/tta.py:65: FutureWarning: `torch.cuda.amp.autocast(args...)` is deprecated. Please use `torch.amp.autocast('cuda', args...)` instead.
  with torch.cuda.amp.autocast(enabled=True):
     Epoch[0] Iteration[10/109], entropy: 0.4194, loss: 0.4194, lr: 9.38e-06
     Epoch[0] Iteration[20/109], entropy: 0.2110, loss: 0.2110, lr: 4.06e-06
     Epoch[0] Iteration[30/109], entropy: 0.0931, loss: 0.0931, lr: 3.94e-08
     Epoch[0] Iteration[40/109], entropy: 0.3034, loss: 0.3034, lr: 2.87e-06
     Epoch[0] Iteration[50/109], entropy: 0.1465, loss: 0.1465, lr: 8.64e-06
     Epoch[0] Iteration[60/109], entropy: 0.3208, loss: 0.3208, lr: 9.38e-06
     Epoch[0] Iteration[70/109], entropy: 0.3470, loss: 0.3470, lr: 4.06e-06
     Epoch[0] Iteration[80/109], entropy: 0.2546, loss: 0.2546, lr: 3.94e-08
     Epoch[0] Iteration[90/109], entropy: 0.3071, loss: 0.3071, lr: 2.87e-06
     Epoch[0] Iteration[100/109], entropy: 0.3580, loss: 0.3580, lr: 8.64e-06
     Averaged stats: entropy: 0.3190, loss: 0.3190, lr: 9.65e-06
     itm tta time 0:00:28
### TTA Eval Score: 
+-------+--------+--------+--------+--------+-------+
| epoch |   R1   |   R5   |  R10   |  mAP   |  mINP |
+-------+--------+--------+--------+--------+-------+
|  -999 | 37.304 | 55.557 | 63.548 | 20.140 | 2.213 |
|   0   | 37.314 | 55.598 | 63.583 | 20.165 | 2.213 |
+-------+--------+--------+--------+--------+-------+
     logs:  {'epo': 0, 'R1': np.float32(37.314), 'R5': np.float32(55.598), 'R10': np.float32(63.583), 'mAP': np.float32(20.165), 'mINP': np.float32(2.213), 'entropy': 0.27608619034290316, 'loss': 0.27608619034290316, 'lr': 4.999999999999999e-06}
     Epoch[1] Iteration[10/109], entropy: 0.2009, loss: 0.2009, lr: 4.69e-06
     Epoch[1] Iteration[20/109], entropy: 0.1296, loss: 0.1296, lr: 1.57e-07
     Epoch[1] Iteration[30/109], entropy: 0.2801, loss: 0.2801, lr: 2.32e-06
     Epoch[1] Iteration[40/109], entropy: 0.1408, loss: 0.1408, lr: 8.19e-06
     Epoch[1] Iteration[50/109], entropy: 0.1502, loss: 0.1502, lr: 9.65e-06
     Epoch[1] Iteration[60/109], entropy: 0.0998, loss: 0.0998, lr: 4.69e-06
     Epoch[1] Iteration[70/109], entropy: 0.3411, loss: 0.3411, lr: 1.57e-07
     Epoch[1] Iteration[80/109], entropy: 0.2364, loss: 0.2364, lr: 2.32e-06
     Epoch[1] Iteration[90/109], entropy: 0.2327, loss: 0.2327, lr: 8.19e-06
     Epoch[1] Iteration[100/109], entropy: 0.1985, loss: 0.1985, lr: 9.65e-06
     Averaged stats: entropy: 0.3654, loss: 0.3654, lr: 5.31e-06
     itm tta time 0:00:31
### TTA Eval Score: 
+-------+--------+--------+--------+--------+-------+
| epoch |   R1   |   R5   |  R10   |  mAP   |  mINP |
+-------+--------+--------+--------+--------+-------+
|  -999 | 37.304 | 55.557 | 63.548 | 20.140 | 2.213 |
|   0   | 37.314 | 55.598 | 63.583 | 20.165 | 2.213 |
|   1   | 37.339 | 55.668 | 63.624 | 20.193 | 2.214 |
+-------+--------+--------+--------+--------+-------+
     logs:  {'epo': 1, 'R1': np.float32(37.339), 'R5': np.float32(55.668), 'R10': np.float32(63.624), 'mAP': np.float32(20.193), 'mINP': np.float32(2.214), 'entropy': 0.20101544708013536, 'loss': 0.20101544708013536, 'lr': 5.000000000000002e-06}
     Epoch[2] Iteration[10/109], entropy: 0.3142, loss: 0.3142, lr: 3.51e-07
     Epoch[2] Iteration[20/109], entropy: 0.3150, loss: 0.3150, lr: 1.81e-06
     Epoch[2] Iteration[30/109], entropy: 0.2907, loss: 0.2907, lr: 7.68e-06
     Epoch[2] Iteration[40/109], entropy: 0.1861, loss: 0.1861, lr: 9.84e-06
     Epoch[2] Iteration[50/109], entropy: 0.1965, loss: 0.1965, lr: 5.31e-06
     Epoch[2] Iteration[60/109], entropy: 0.2291, loss: 0.2291, lr: 3.51e-07
     Epoch[2] Iteration[70/109], entropy: 0.4147, loss: 0.4147, lr: 1.81e-06
     Epoch[2] Iteration[80/109], entropy: 0.1565, loss: 0.1565, lr: 7.68e-06
     Epoch[2] Iteration[90/109], entropy: 0.2875, loss: 0.2875, lr: 9.84e-06
     Epoch[2] Iteration[100/109], entropy: 0.3458, loss: 0.3458, lr: 5.31e-06
     Averaged stats: entropy: 0.2562, loss: 0.2562, lr: 6.18e-07
     itm tta time 0:00:28
### TTA Eval Score: 
+-------+--------+--------+--------+--------+-------+
| epoch |   R1   |   R5   |  R10   |  mAP   |  mINP |
+-------+--------+--------+--------+--------+-------+
|  -999 | 37.304 | 55.557 | 63.548 | 20.140 | 2.213 |
|   0   | 37.314 | 55.598 | 63.583 | 20.165 | 2.213 |
|   1   | 37.339 | 55.668 | 63.624 | 20.193 | 2.214 |
|   2   | 37.404 | 55.749 | 63.674 | 20.218 | 2.212 |
+-------+--------+--------+--------+--------+-------+
     logs:  {'epo': 2, 'R1': np.float32(37.404), 'R5': np.float32(55.749), 'R10': np.float32(63.674), 'mAP': np.float32(20.218), 'mINP': np.float32(2.212), 'entropy': 0.27360776960849764, 'loss': 0.27360776960849764, 'lr': 4.999999999999998e-06}
     Epoch[3] Iteration[10/109], entropy: 0.2862, loss: 0.2862, lr: 1.36e-06
     Epoch[3] Iteration[20/109], entropy: 0.3195, loss: 0.3195, lr: 7.13e-06
     Epoch[3] Iteration[30/109], entropy: 0.1922, loss: 0.1922, lr: 9.96e-06
     Epoch[3] Iteration[40/109], entropy: 0.1670, loss: 0.1670, lr: 5.94e-06
     Epoch[3] Iteration[50/109], entropy: 0.2460, loss: 0.2460, lr: 6.18e-07
     Epoch[3] Iteration[60/109], entropy: 0.2004, loss: 0.2004, lr: 1.36e-06
     Epoch[3] Iteration[70/109], entropy: 0.1752, loss: 0.1752, lr: 7.13e-06
     Epoch[3] Iteration[80/109], entropy: 0.1777, loss: 0.1777, lr: 9.96e-06
     Epoch[3] Iteration[90/109], entropy: 0.2839, loss: 0.2839, lr: 5.94e-06
     Epoch[3] Iteration[100/109], entropy: 0.2048, loss: 0.2048, lr: 6.18e-07
     Averaged stats: entropy: 0.2522, loss: 0.2522, lr: 9.55e-07
     itm tta time 0:00:27
### TTA Eval Score: 
+-------+--------+--------+--------+--------+-------+
| epoch |   R1   |   R5   |  R10   |  mAP   |  mINP |
+-------+--------+--------+--------+--------+-------+
|  -999 | 37.304 | 55.557 | 63.548 | 20.140 | 2.213 |
|   0   | 37.314 | 55.598 | 63.583 | 20.165 | 2.213 |
|   1   | 37.339 | 55.668 | 63.624 | 20.193 | 2.214 |
|   2   | 37.404 | 55.749 | 63.674 | 20.218 | 2.212 |
|   3   | 37.475 | 55.804 | 63.704 | 20.242 | 2.212 |
+-------+--------+--------+--------+--------+-------+
     logs:  {'epo': 3, 'R1': np.float32(37.475), 'R5': np.float32(55.804), 'R10': np.float32(63.704), 'mAP': np.float32(20.242), 'mINP': np.float32(2.212), 'entropy': 0.22528890073299407, 'loss': 0.22528890073299407, 'lr': 4.999999999999997e-06}
     Epoch[4] Iteration[10/109], entropy: 0.2392, loss: 0.2392, lr: 6.55e-06
     Epoch[4] Iteration[20/109], entropy: 0.3659, loss: 0.3659, lr: 1.00e-05
     Epoch[4] Iteration[30/109], entropy: 0.2480, loss: 0.2480, lr: 6.55e-06
     Epoch[4] Iteration[40/109], entropy: 0.2689, loss: 0.2689, lr: 9.55e-07
     Epoch[4] Iteration[50/109], entropy: 0.2051, loss: 0.2051, lr: 9.55e-07
     Epoch[4] Iteration[60/109], entropy: 0.4418, loss: 0.4418, lr: 6.55e-06
     Epoch[4] Iteration[70/109], entropy: 0.0898, loss: 0.0898, lr: 1.00e-05
     Epoch[4] Iteration[80/109], entropy: 0.1216, loss: 0.1216, lr: 6.55e-06
     Epoch[4] Iteration[90/109], entropy: 0.1680, loss: 0.1680, lr: 9.55e-07
     Epoch[4] Iteration[100/109], entropy: 0.2787, loss: 0.2787, lr: 9.55e-07
     Averaged stats: entropy: 0.2804, loss: 0.2804, lr: 5.94e-06
     itm tta time 0:00:28
### TTA Eval Score: 
+-------+--------+--------+--------+--------+-------+
| epoch |   R1   |   R5   |  R10   |  mAP   |  mINP |
+-------+--------+--------+--------+--------+-------+
|  -999 | 37.304 | 55.557 | 63.548 | 20.140 | 2.213 |
|   0   | 37.314 | 55.598 | 63.583 | 20.165 | 2.213 |
|   1   | 37.339 | 55.668 | 63.624 | 20.193 | 2.214 |
|   2   | 37.404 | 55.749 | 63.674 | 20.218 | 2.212 |
|   3   | 37.475 | 55.804 | 63.704 | 20.242 | 2.212 |
|   4   | 37.525 | 55.824 | 63.739 | 20.265 | 2.211 |
+-------+--------+--------+--------+--------+-------+
     logs:  {'epo': 4, 'R1': np.float32(37.525), 'R5': np.float32(55.824), 'R10': np.float32(63.739), 'mAP': np.float32(20.265), 'mINP': np.float32(2.211), 'entropy': 0.2426939956843853, 'loss': 0.2426939956843853, 'lr': 5.000000000000011e-06}
     Epoch[5] Iteration[10/109], entropy: 0.3050, loss: 0.3050, lr: 9.96e-06
     Epoch[5] Iteration[20/109], entropy: 0.1326, loss: 0.1326, lr: 7.13e-06
     Epoch[5] Iteration[30/109], entropy: 0.1360, loss: 0.1360, lr: 1.36e-06
     Epoch[5] Iteration[40/109], entropy: 0.1485, loss: 0.1485, lr: 6.18e-07
     Epoch[5] Iteration[50/109], entropy: 0.1692, loss: 0.1692, lr: 5.94e-06
     Epoch[5] Iteration[60/109], entropy: 0.3470, loss: 0.3470, lr: 9.96e-06
     Epoch[5] Iteration[70/109], entropy: 0.2384, loss: 0.2384, lr: 7.13e-06
     Epoch[5] Iteration[80/109], entropy: 0.2847, loss: 0.2847, lr: 1.36e-06
     Epoch[5] Iteration[90/109], entropy: 0.2950, loss: 0.2950, lr: 6.18e-07
     Epoch[5] Iteration[100/109], entropy: 0.1716, loss: 0.1716, lr: 5.94e-06
     Averaged stats: entropy: 0.1738, loss: 0.1738, lr: 9.84e-06
     itm tta time 0:00:27
### TTA Eval Score: 
+-------+--------+--------+--------+--------+-------+
| epoch |   R1   |   R5   |  R10   |  mAP   |  mINP |
+-------+--------+--------+--------+--------+-------+
|  -999 | 37.304 | 55.557 | 63.548 | 20.140 | 2.213 |
|   0   | 37.314 | 55.598 | 63.583 | 20.165 | 2.213 |
|   1   | 37.339 | 55.668 | 63.624 | 20.193 | 2.214 |
|   2   | 37.404 | 55.749 | 63.674 | 20.218 | 2.212 |
|   3   | 37.475 | 55.804 | 63.704 | 20.242 | 2.212 |
|   4   | 37.525 | 55.824 | 63.739 | 20.265 | 2.211 |
|   5   | 37.581 | 55.849 | 63.815 | 20.292 | 2.211 |
+-------+--------+--------+--------+--------+-------+
     logs:  {'epo': 5, 'R1': np.float32(37.581), 'R5': np.float32(55.849), 'R10': np.float32(63.815), 'mAP': np.float32(20.292), 'mINP': np.float32(2.211), 'entropy': 0.22280368506908416, 'loss': 0.22280368506908416, 'lr': 4.999999999999996e-06}
     Epoch[6] Iteration[10/109], entropy: 0.2651, loss: 0.2651, lr: 7.68e-06
     Epoch[6] Iteration[20/109], entropy: 0.3625, loss: 0.3625, lr: 1.81e-06
     Epoch[6] Iteration[30/109], entropy: 0.2586, loss: 0.2586, lr: 3.51e-07
     Epoch[6] Iteration[40/109], entropy: 0.3206, loss: 0.3206, lr: 5.31e-06
     Epoch[6] Iteration[50/109], entropy: 0.0951, loss: 0.0951, lr: 9.84e-06
     Epoch[6] Iteration[60/109], entropy: 0.1944, loss: 0.1944, lr: 7.68e-06
     Epoch[6] Iteration[70/109], entropy: 0.2311, loss: 0.2311, lr: 1.81e-06
     Epoch[6] Iteration[80/109], entropy: 0.1579, loss: 0.1579, lr: 3.51e-07
     Epoch[6] Iteration[90/109], entropy: 0.3088, loss: 0.3088, lr: 5.31e-06
     Epoch[6] Iteration[100/109], entropy: 0.2954, loss: 0.2954, lr: 9.84e-06
     Averaged stats: entropy: 0.3725, loss: 0.3725, lr: 8.19e-06
     itm tta time 0:00:28
### TTA Eval Score: 
+-------+--------+--------+--------+--------+-------+
| epoch |   R1   |   R5   |  R10   |  mAP   |  mINP |
+-------+--------+--------+--------+--------+-------+
|  -999 | 37.304 | 55.557 | 63.548 | 20.140 | 2.213 |
|   0   | 37.314 | 55.598 | 63.583 | 20.165 | 2.213 |
|   1   | 37.339 | 55.668 | 63.624 | 20.193 | 2.214 |
|   2   | 37.404 | 55.749 | 63.674 | 20.218 | 2.212 |
|   3   | 37.475 | 55.804 | 63.704 | 20.242 | 2.212 |
|   4   | 37.525 | 55.824 | 63.739 | 20.265 | 2.211 |
|   5   | 37.581 | 55.849 | 63.815 | 20.292 | 2.211 |
|   6   | 37.656 | 55.880 | 63.860 | 20.318 | 2.211 |
+-------+--------+--------+--------+--------+-------+
     logs:  {'epo': 6, 'R1': np.float32(37.656), 'R5': np.float32(55.88), 'R10': np.float32(63.86), 'mAP': np.float32(20.318), 'mINP': np.float32(2.211), 'entropy': 0.2489440321922302, 'loss': 0.2489440321922302, 'lr': 5.000000000000005e-06}
     Epoch[7] Iteration[10/109], entropy: 0.4560, loss: 0.4560, lr: 2.32e-06
     Epoch[7] Iteration[20/109], entropy: 0.3694, loss: 0.3694, lr: 1.57e-07
     Epoch[7] Iteration[30/109], entropy: 0.3250, loss: 0.3250, lr: 4.69e-06
     Epoch[7] Iteration[40/109], entropy: 0.3370, loss: 0.3370, lr: 9.65e-06
     Epoch[7] Iteration[50/109], entropy: 0.4784, loss: 0.4784, lr: 8.19e-06
     Epoch[7] Iteration[60/109], entropy: 0.1759, loss: 0.1759, lr: 2.32e-06
     Epoch[7] Iteration[70/109], entropy: 0.2122, loss: 0.2122, lr: 1.57e-07
     Epoch[7] Iteration[80/109], entropy: 0.1531, loss: 0.1531, lr: 4.69e-06
     Epoch[7] Iteration[90/109], entropy: 0.1831, loss: 0.1831, lr: 9.65e-06
     Epoch[7] Iteration[100/109], entropy: 0.3090, loss: 0.3090, lr: 8.19e-06
     Averaged stats: entropy: 0.1335, loss: 0.1335, lr: 2.87e-06
     itm tta time 0:00:28
### TTA Eval Score: 
+-------+--------+--------+--------+--------+-------+
| epoch |   R1   |   R5   |  R10   |  mAP   |  mINP |
+-------+--------+--------+--------+--------+-------+
|  -999 | 37.304 | 55.557 | 63.548 | 20.140 | 2.213 |
|   0   | 37.314 | 55.598 | 63.583 | 20.165 | 2.213 |
|   1   | 37.339 | 55.668 | 63.624 | 20.193 | 2.214 |
|   2   | 37.404 | 55.749 | 63.674 | 20.218 | 2.212 |
|   3   | 37.475 | 55.804 | 63.704 | 20.242 | 2.212 |
|   4   | 37.525 | 55.824 | 63.739 | 20.265 | 2.211 |
|   5   | 37.581 | 55.849 | 63.815 | 20.292 | 2.211 |
|   6   | 37.656 | 55.880 | 63.860 | 20.318 | 2.211 |
|   7   | 37.752 | 55.900 | 63.886 | 20.343 | 2.212 |
+-------+--------+--------+--------+--------+-------+
     logs:  {'epo': 7, 'R1': np.float32(37.752), 'R5': np.float32(55.9), 'R10': np.float32(63.886), 'mAP': np.float32(20.343), 'mINP': np.float32(2.212), 'entropy': 0.29991459250450136, 'loss': 0.29991459250450136, 'lr': 4.999999999999994e-06}
     Epoch[8] Iteration[10/109], entropy: 0.1607, loss: 0.1607, lr: 3.94e-08
     Epoch[8] Iteration[20/109], entropy: 0.1839, loss: 0.1839, lr: 4.06e-06
     Epoch[8] Iteration[30/109], entropy: 0.3482, loss: 0.3482, lr: 9.38e-06
     Epoch[8] Iteration[40/109], entropy: 0.2575, loss: 0.2575, lr: 8.64e-06
     Epoch[8] Iteration[50/109], entropy: 0.1827, loss: 0.1827, lr: 2.87e-06
     Epoch[8] Iteration[60/109], entropy: 0.1212, loss: 0.1212, lr: 3.94e-08
     Epoch[8] Iteration[70/109], entropy: 0.1621, loss: 0.1621, lr: 4.06e-06
     Epoch[8] Iteration[80/109], entropy: 0.1845, loss: 0.1845, lr: 9.38e-06
     Epoch[8] Iteration[90/109], entropy: 0.1287, loss: 0.1287, lr: 8.64e-06
     Epoch[8] Iteration[100/109], entropy: 0.2997, loss: 0.2997, lr: 2.87e-06
     Averaged stats: entropy: 0.2904, loss: 0.2904, lr: 0.00e+00
     itm tta time 0:00:28
### TTA Eval Score: 
+-------+--------+--------+--------+--------+-------+
| epoch |   R1   |   R5   |  R10   |  mAP   |  mINP |
+-------+--------+--------+--------+--------+-------+
|  -999 | 37.304 | 55.557 | 63.548 | 20.140 | 2.213 |
|   0   | 37.314 | 55.598 | 63.583 | 20.165 | 2.213 |
|   1   | 37.339 | 55.668 | 63.624 | 20.193 | 2.214 |
|   2   | 37.404 | 55.749 | 63.674 | 20.218 | 2.212 |
|   3   | 37.475 | 55.804 | 63.704 | 20.242 | 2.212 |
|   4   | 37.525 | 55.824 | 63.739 | 20.265 | 2.211 |
|   5   | 37.581 | 55.849 | 63.815 | 20.292 | 2.211 |
|   6   | 37.656 | 55.880 | 63.860 | 20.318 | 2.211 |
|   7   | 37.752 | 55.900 | 63.886 | 20.343 | 2.212 |
|   8   | 37.792 | 55.970 | 63.916 | 20.362 | 2.211 |
+-------+--------+--------+--------+--------+-------+
     logs:  {'epo': 8, 'R1': np.float32(37.792), 'R5': np.float32(55.97), 'R10': np.float32(63.916), 'mAP': np.float32(20.362), 'mINP': np.float32(2.211), 'entropy': 0.20291746780276299, 'loss': 0.20291746780276299, 'lr': 4.999999999999995e-06}
     Epoch[9] Iteration[10/109], entropy: 0.1930, loss: 0.1930, lr: 3.45e-06
     Epoch[9] Iteration[20/109], entropy: 0.2577, loss: 0.2577, lr: 9.05e-06
     Epoch[9] Iteration[30/109], entropy: 0.1954, loss: 0.1954, lr: 9.05e-06
     Epoch[9] Iteration[40/109], entropy: 0.1356, loss: 0.1356, lr: 3.45e-06
     Epoch[9] Iteration[50/109], entropy: 0.1853, loss: 0.1853, lr: 0.00e+00
     Epoch[9] Iteration[60/109], entropy: 0.2755, loss: 0.2755, lr: 3.45e-06
     Epoch[9] Iteration[70/109], entropy: 0.3451, loss: 0.3451, lr: 9.05e-06
     Epoch[9] Iteration[80/109], entropy: 0.3161, loss: 0.3161, lr: 9.05e-06
     Epoch[9] Iteration[90/109], entropy: 0.2173, loss: 0.2173, lr: 3.45e-06
     Epoch[9] Iteration[100/109], entropy: 0.2618, loss: 0.2618, lr: 0.00e+00
     Averaged stats: entropy: 0.3217, loss: 0.3217, lr: 2.87e-06
     itm tta time 0:00:25
### TTA Eval Score: 
+-------+--------+--------+--------+--------+-------+
| epoch |   R1   |   R5   |  R10   |  mAP   |  mINP |
+-------+--------+--------+--------+--------+-------+
|  -999 | 37.304 | 55.557 | 63.548 | 20.140 | 2.213 |
|   0   | 37.314 | 55.598 | 63.583 | 20.165 | 2.213 |
|   1   | 37.339 | 55.668 | 63.624 | 20.193 | 2.214 |
|   2   | 37.404 | 55.749 | 63.674 | 20.218 | 2.212 |
|   3   | 37.475 | 55.804 | 63.704 | 20.242 | 2.212 |
|   4   | 37.525 | 55.824 | 63.739 | 20.265 | 2.211 |
|   5   | 37.581 | 55.849 | 63.815 | 20.292 | 2.211 |
|   6   | 37.656 | 55.880 | 63.860 | 20.318 | 2.211 |
|   7   | 37.752 | 55.900 | 63.886 | 20.343 | 2.212 |
|   8   | 37.792 | 55.970 | 63.916 | 20.362 | 2.211 |
|   9   | 37.822 | 55.975 | 63.951 | 20.380 | 2.212 |
+-------+--------+--------+--------+--------+-------+
     logs:  {'epo': 9, 'R1': np.float32(37.822), 'R5': np.float32(55.975), 'R10': np.float32(63.951), 'mAP': np.float32(20.38), 'mINP': np.float32(2.212), 'entropy': 0.23829614818096162, 'loss': 0.23829614818096162, 'lr': 4.999999999999976e-06}
     Epoch[10] Iteration[10/109], entropy: 0.3437, loss: 0.3437, lr: 8.64e-06
     Epoch[10] Iteration[20/109], entropy: 0.1942, loss: 0.1942, lr: 9.38e-06
     Epoch[10] Iteration[30/109], entropy: 0.2465, loss: 0.2465, lr: 4.06e-06
     Epoch[10] Iteration[40/109], entropy: 0.2864, loss: 0.2864, lr: 3.94e-08
     Epoch[10] Iteration[50/109], entropy: 0.1206, loss: 0.1206, lr: 2.87e-06
     Epoch[10] Iteration[60/109], entropy: 0.2225, loss: 0.2225, lr: 8.64e-06
     Epoch[10] Iteration[70/109], entropy: 0.1583, loss: 0.1583, lr: 9.38e-06
     Epoch[10] Iteration[80/109], entropy: 0.3074, loss: 0.3074, lr: 4.06e-06
     Epoch[10] Iteration[90/109], entropy: 0.2296, loss: 0.2296, lr: 3.94e-08
     Epoch[10] Iteration[100/109], entropy: 0.2201, loss: 0.2201, lr: 2.87e-06
     Averaged stats: entropy: 0.1167, loss: 0.1167, lr: 8.19e-06
     itm tta time 0:00:27
### TTA Eval Score: 
+-------+--------+--------+--------+--------+-------+
| epoch |   R1   |   R5   |  R10   |  mAP   |  mINP |
+-------+--------+--------+--------+--------+-------+
|  -999 | 37.304 | 55.557 | 63.548 | 20.140 | 2.213 |
|   0   | 37.314 | 55.598 | 63.583 | 20.165 | 2.213 |
|   1   | 37.339 | 55.668 | 63.624 | 20.193 | 2.214 |
|   2   | 37.404 | 55.749 | 63.674 | 20.218 | 2.212 |
|   3   | 37.475 | 55.804 | 63.704 | 20.242 | 2.212 |
|   4   | 37.525 | 55.824 | 63.739 | 20.265 | 2.211 |
|   5   | 37.581 | 55.849 | 63.815 | 20.292 | 2.211 |
|   6   | 37.656 | 55.880 | 63.860 | 20.318 | 2.211 |
|   7   | 37.752 | 55.900 | 63.886 | 20.343 | 2.212 |
|   8   | 37.792 | 55.970 | 63.916 | 20.362 | 2.211 |
|   9   | 37.822 | 55.975 | 63.951 | 20.380 | 2.212 |
|   10  | 37.873 | 56.006 | 63.961 | 20.399 | 2.211 |
+-------+--------+--------+--------+--------+-------+
     logs:  {'epo': 10, 'R1': np.float32(37.873), 'R5': np.float32(56.006), 'R10': np.float32(63.961), 'mAP': np.float32(20.399), 'mINP': np.float32(2.211), 'entropy': 0.23293096274137498, 'loss': 0.23293096274137498, 'lr': 5.000000000000002e-06}
     Epoch[11] Iteration[10/109], entropy: 0.1506, loss: 0.1506, lr: 9.65e-06
     Epoch[11] Iteration[20/109], entropy: 0.1758, loss: 0.1758, lr: 4.69e-06
     Epoch[11] Iteration[30/109], entropy: 0.1769, loss: 0.1769, lr: 1.57e-07
     Epoch[11] Iteration[40/109], entropy: 0.3522, loss: 0.3522, lr: 2.32e-06
     Epoch[11] Iteration[50/109], entropy: 0.3237, loss: 0.3237, lr: 8.19e-06
     Epoch[11] Iteration[60/109], entropy: 0.2445, loss: 0.2445, lr: 9.65e-06
     Epoch[11] Iteration[70/109], entropy: 0.2714, loss: 0.2714, lr: 4.69e-06
     Epoch[11] Iteration[80/109], entropy: 0.2285, loss: 0.2285, lr: 1.57e-07
     Epoch[11] Iteration[90/109], entropy: 0.1553, loss: 0.1553, lr: 2.32e-06
     Epoch[11] Iteration[100/109], entropy: 0.2384, loss: 0.2384, lr: 8.19e-06
     Averaged stats: entropy: 0.1788, loss: 0.1788, lr: 9.84e-06
     itm tta time 0:00:28
### TTA Eval Score: 
+-------+--------+--------+--------+--------+-------+
| epoch |   R1   |   R5   |  R10   |  mAP   |  mINP |
+-------+--------+--------+--------+--------+-------+
|  -999 | 37.304 | 55.557 | 63.548 | 20.140 | 2.213 |
|   0   | 37.314 | 55.598 | 63.583 | 20.165 | 2.213 |
|   1   | 37.339 | 55.668 | 63.624 | 20.193 | 2.214 |
|   2   | 37.404 | 55.749 | 63.674 | 20.218 | 2.212 |
|   3   | 37.475 | 55.804 | 63.704 | 20.242 | 2.212 |
|   4   | 37.525 | 55.824 | 63.739 | 20.265 | 2.211 |
|   5   | 37.581 | 55.849 | 63.815 | 20.292 | 2.211 |
|   6   | 37.656 | 55.880 | 63.860 | 20.318 | 2.211 |
|   7   | 37.752 | 55.900 | 63.886 | 20.343 | 2.212 |
|   8   | 37.792 | 55.970 | 63.916 | 20.362 | 2.211 |
|   9   | 37.822 | 55.975 | 63.951 | 20.380 | 2.212 |
|   10  | 37.873 | 56.006 | 63.961 | 20.399 | 2.211 |
|   11  | 37.903 | 56.036 | 63.996 | 20.424 | 2.212 |
+-------+--------+--------+--------+--------+-------+
     logs:  {'epo': 11, 'R1': np.float32(37.903), 'R5': np.float32(56.036), 'R10': np.float32(63.996), 'mAP': np.float32(20.424), 'mINP': np.float32(2.212), 'entropy': 0.23173511028289795, 'loss': 0.23173511028289795, 'lr': 4.999999999999995e-06}
     Epoch[12] Iteration[10/109], entropy: 0.2959, loss: 0.2959, lr: 5.31e-06
     Epoch[12] Iteration[20/109], entropy: 0.1987, loss: 0.1987, lr: 3.51e-07
     Epoch[12] Iteration[30/109], entropy: 0.1747, loss: 0.1747, lr: 1.81e-06
     Epoch[12] Iteration[40/109], entropy: 0.2779, loss: 0.2779, lr: 7.68e-06
     Epoch[12] Iteration[50/109], entropy: 0.3440, loss: 0.3440, lr: 9.84e-06
     Epoch[12] Iteration[60/109], entropy: 0.2077, loss: 0.2077, lr: 5.31e-06
     Epoch[12] Iteration[70/109], entropy: 0.2681, loss: 0.2681, lr: 3.51e-07
     Epoch[12] Iteration[80/109], entropy: 0.3074, loss: 0.3074, lr: 1.81e-06
     Epoch[12] Iteration[90/109], entropy: 0.2322, loss: 0.2322, lr: 7.68e-06
     Epoch[12] Iteration[100/109], entropy: 0.3938, loss: 0.3938, lr: 9.84e-06
     Averaged stats: entropy: 0.1933, loss: 0.1933, lr: 5.94e-06
     itm tta time 0:00:28
### TTA Eval Score: 
+-------+--------+--------+--------+--------+-------+
| epoch |   R1   |   R5   |  R10   |  mAP   |  mINP |
+-------+--------+--------+--------+--------+-------+
|  -999 | 37.304 | 55.557 | 63.548 | 20.140 | 2.213 |
|   0   | 37.314 | 55.598 | 63.583 | 20.165 | 2.213 |
|   1   | 37.339 | 55.668 | 63.624 | 20.193 | 2.214 |
|   2   | 37.404 | 55.749 | 63.674 | 20.218 | 2.212 |
|   3   | 37.475 | 55.804 | 63.704 | 20.242 | 2.212 |
|   4   | 37.525 | 55.824 | 63.739 | 20.265 | 2.211 |
|   5   | 37.581 | 55.849 | 63.815 | 20.292 | 2.211 |
|   6   | 37.656 | 55.880 | 63.860 | 20.318 | 2.211 |
|   7   | 37.752 | 55.900 | 63.886 | 20.343 | 2.212 |
|   8   | 37.792 | 55.970 | 63.916 | 20.362 | 2.211 |
|   9   | 37.822 | 55.975 | 63.951 | 20.380 | 2.212 |
|   10  | 37.873 | 56.006 | 63.961 | 20.399 | 2.211 |
|   11  | 37.903 | 56.036 | 63.996 | 20.424 | 2.212 |
|   12  | 37.969 | 56.061 | 63.996 | 20.447 | 2.212 |
+-------+--------+--------+--------+--------+-------+
     logs:  {'epo': 12, 'R1': np.float32(37.969), 'R5': np.float32(56.061), 'R10': np.float32(63.996), 'mAP': np.float32(20.447), 'mINP': np.float32(2.212), 'entropy': 0.27004832327365874, 'loss': 0.27004832327365874, 'lr': 5.000000000000012e-06}
     Epoch[13] Iteration[10/109], entropy: 0.2039, loss: 0.2039, lr: 6.18e-07
     Epoch[13] Iteration[20/109], entropy: 0.1482, loss: 0.1482, lr: 1.36e-06
     Epoch[13] Iteration[30/109], entropy: 0.1892, loss: 0.1892, lr: 7.13e-06
     Epoch[13] Iteration[40/109], entropy: 0.3168, loss: 0.3168, lr: 9.96e-06
     Epoch[13] Iteration[50/109], entropy: 0.1398, loss: 0.1398, lr: 5.94e-06
     Epoch[13] Iteration[60/109], entropy: 0.2659, loss: 0.2659, lr: 6.18e-07
     Epoch[13] Iteration[70/109], entropy: 0.2155, loss: 0.2155, lr: 1.36e-06
     Epoch[13] Iteration[80/109], entropy: 0.1003, loss: 0.1003, lr: 7.13e-06
     Epoch[13] Iteration[90/109], entropy: 0.1589, loss: 0.1589, lr: 9.96e-06
     Epoch[13] Iteration[100/109], entropy: 0.2615, loss: 0.2615, lr: 5.94e-06
     Averaged stats: entropy: 0.3077, loss: 0.3077, lr: 9.55e-07
     itm tta time 0:00:28
### TTA Eval Score: 
+-------+--------+--------+--------+--------+-------+
| epoch |   R1   |   R5   |  R10   |  mAP   |  mINP |
+-------+--------+--------+--------+--------+-------+
|  -999 | 37.304 | 55.557 | 63.548 | 20.140 | 2.213 |
|   0   | 37.314 | 55.598 | 63.583 | 20.165 | 2.213 |
|   1   | 37.339 | 55.668 | 63.624 | 20.193 | 2.214 |
|   2   | 37.404 | 55.749 | 63.674 | 20.218 | 2.212 |
|   3   | 37.475 | 55.804 | 63.704 | 20.242 | 2.212 |
|   4   | 37.525 | 55.824 | 63.739 | 20.265 | 2.211 |
|   5   | 37.581 | 55.849 | 63.815 | 20.292 | 2.211 |
|   6   | 37.656 | 55.880 | 63.860 | 20.318 | 2.211 |
|   7   | 37.752 | 55.900 | 63.886 | 20.343 | 2.212 |
|   8   | 37.792 | 55.970 | 63.916 | 20.362 | 2.211 |
|   9   | 37.822 | 55.975 | 63.951 | 20.380 | 2.212 |
|   10  | 37.873 | 56.006 | 63.961 | 20.399 | 2.211 |
|   11  | 37.903 | 56.036 | 63.996 | 20.424 | 2.212 |
|   12  | 37.969 | 56.061 | 63.996 | 20.447 | 2.212 |
|   13  | 38.019 | 56.086 | 64.037 | 20.464 | 2.213 |
+-------+--------+--------+--------+--------+-------+
     logs:  {'epo': 13, 'R1': np.float32(38.019), 'R5': np.float32(56.086), 'R10': np.float32(64.037), 'mAP': np.float32(20.464), 'mINP': np.float32(2.213), 'entropy': 0.19999769628047942, 'loss': 0.19999769628047942, 'lr': 5.000000000000012e-06}
     Epoch[14] Iteration[10/109], entropy: 0.2291, loss: 0.2291, lr: 9.55e-07
     Epoch[14] Iteration[20/109], entropy: 0.1650, loss: 0.1650, lr: 6.55e-06
     Epoch[14] Iteration[30/109], entropy: 0.1925, loss: 0.1925, lr: 1.00e-05
     Epoch[14] Iteration[40/109], entropy: 0.1842, loss: 0.1842, lr: 6.55e-06
     Epoch[14] Iteration[50/109], entropy: 0.2601, loss: 0.2601, lr: 9.55e-07
     Epoch[14] Iteration[60/109], entropy: 0.1686, loss: 0.1686, lr: 9.55e-07
     Epoch[14] Iteration[70/109], entropy: 0.3105, loss: 0.3105, lr: 6.55e-06
     Epoch[14] Iteration[80/109], entropy: 0.2487, loss: 0.2487, lr: 1.00e-05
     Epoch[14] Iteration[90/109], entropy: 0.1670, loss: 0.1670, lr: 6.55e-06
     Epoch[14] Iteration[100/109], entropy: 0.1454, loss: 0.1454, lr: 9.55e-07
     Averaged stats: entropy: 0.0984, loss: 0.0984, lr: 6.18e-07
     itm tta time 0:00:28
### TTA Eval Score: 
+-------+--------+--------+--------+--------+-------+
| epoch |   R1   |   R5   |  R10   |  mAP   |  mINP |
+-------+--------+--------+--------+--------+-------+
|  -999 | 37.304 | 55.557 | 63.548 | 20.140 | 2.213 |
|   0   | 37.314 | 55.598 | 63.583 | 20.165 | 2.213 |
|   1   | 37.339 | 55.668 | 63.624 | 20.193 | 2.214 |
|   2   | 37.404 | 55.749 | 63.674 | 20.218 | 2.212 |
|   3   | 37.475 | 55.804 | 63.704 | 20.242 | 2.212 |
|   4   | 37.525 | 55.824 | 63.739 | 20.265 | 2.211 |
|   5   | 37.581 | 55.849 | 63.815 | 20.292 | 2.211 |
|   6   | 37.656 | 55.880 | 63.860 | 20.318 | 2.211 |
|   7   | 37.752 | 55.900 | 63.886 | 20.343 | 2.212 |
|   8   | 37.792 | 55.970 | 63.916 | 20.362 | 2.211 |
|   9   | 37.822 | 55.975 | 63.951 | 20.380 | 2.212 |
|   10  | 37.873 | 56.006 | 63.961 | 20.399 | 2.211 |
|   11  | 37.903 | 56.036 | 63.996 | 20.424 | 2.212 |
|   12  | 37.969 | 56.061 | 63.996 | 20.447 | 2.212 |
|   13  | 38.019 | 56.086 | 64.037 | 20.464 | 2.213 |
|   14  | 38.064 | 56.111 | 64.057 | 20.482 | 2.213 |
+-------+--------+--------+--------+--------+-------+
     logs:  {'epo': 14, 'R1': np.float32(38.064), 'R5': np.float32(56.111), 'R10': np.float32(64.057), 'mAP': np.float32(20.482), 'mINP': np.float32(2.213), 'entropy': 0.20710996240377427, 'loss': 0.20710996240377427, 'lr': 5.000000000000017e-06}
     Epoch[15] Iteration[10/109], entropy: 0.0805, loss: 0.0805, lr: 5.94e-06
     Epoch[15] Iteration[20/109], entropy: 0.1632, loss: 0.1632, lr: 9.96e-06
     Epoch[15] Iteration[30/109], entropy: 0.1376, loss: 0.1376, lr: 7.13e-06
     Epoch[15] Iteration[40/109], entropy: 0.2802, loss: 0.2802, lr: 1.36e-06
     Epoch[15] Iteration[50/109], entropy: 0.1835, loss: 0.1835, lr: 6.18e-07
     Epoch[15] Iteration[60/109], entropy: 0.2725, loss: 0.2725, lr: 5.94e-06
     Epoch[15] Iteration[70/109], entropy: 0.1786, loss: 0.1786, lr: 9.96e-06
     Epoch[15] Iteration[80/109], entropy: 0.1693, loss: 0.1693, lr: 7.13e-06
     Epoch[15] Iteration[90/109], entropy: 0.2042, loss: 0.2042, lr: 1.36e-06
     Epoch[15] Iteration[100/109], entropy: 0.1217, loss: 0.1217, lr: 6.18e-07
     Averaged stats: entropy: 0.2348, loss: 0.2348, lr: 5.31e-06
     itm tta time 0:00:28
### TTA Eval Score: 
+-------+--------+--------+--------+--------+-------+
| epoch |   R1   |   R5   |  R10   |  mAP   |  mINP |
+-------+--------+--------+--------+--------+-------+
|  -999 | 37.304 | 55.557 | 63.548 | 20.140 | 2.213 |
|   0   | 37.314 | 55.598 | 63.583 | 20.165 | 2.213 |
|   1   | 37.339 | 55.668 | 63.624 | 20.193 | 2.214 |
|   2   | 37.404 | 55.749 | 63.674 | 20.218 | 2.212 |
|   3   | 37.475 | 55.804 | 63.704 | 20.242 | 2.212 |
|   4   | 37.525 | 55.824 | 63.739 | 20.265 | 2.211 |
|   5   | 37.581 | 55.849 | 63.815 | 20.292 | 2.211 |
|   6   | 37.656 | 55.880 | 63.860 | 20.318 | 2.211 |
|   7   | 37.752 | 55.900 | 63.886 | 20.343 | 2.212 |
|   8   | 37.792 | 55.970 | 63.916 | 20.362 | 2.211 |
|   9   | 37.822 | 55.975 | 63.951 | 20.380 | 2.212 |
|   10  | 37.873 | 56.006 | 63.961 | 20.399 | 2.211 |
|   11  | 37.903 | 56.036 | 63.996 | 20.424 | 2.212 |
|   12  | 37.969 | 56.061 | 63.996 | 20.447 | 2.212 |
|   13  | 38.019 | 56.086 | 64.037 | 20.464 | 2.213 |
|   14  | 38.064 | 56.111 | 64.057 | 20.482 | 2.213 |
|   15  | 38.110 | 56.127 | 64.127 | 20.499 | 2.214 |
+-------+--------+--------+--------+--------+-------+
     logs:  {'epo': 15, 'R1': np.float32(38.11), 'R5': np.float32(56.127), 'R10': np.float32(64.127), 'mAP': np.float32(20.499), 'mINP': np.float32(2.214), 'entropy': 0.17913148626685144, 'loss': 0.17913148626685144, 'lr': 4.9999999999999835e-06}
     Epoch[16] Iteration[10/109], entropy: 0.1757, loss: 0.1757, lr: 9.84e-06
     Epoch[16] Iteration[20/109], entropy: 0.3155, loss: 0.3155, lr: 7.68e-06
     Epoch[16] Iteration[30/109], entropy: 0.2340, loss: 0.2340, lr: 1.81e-06
     Epoch[16] Iteration[40/109], entropy: 0.2711, loss: 0.2711, lr: 3.51e-07
     Epoch[16] Iteration[50/109], entropy: 0.2925, loss: 0.2925, lr: 5.31e-06
     Epoch[16] Iteration[60/109], entropy: 0.3004, loss: 0.3004, lr: 9.84e-06
     Epoch[16] Iteration[70/109], entropy: 0.2438, loss: 0.2438, lr: 7.68e-06
     Epoch[16] Iteration[80/109], entropy: 0.3693, loss: 0.3693, lr: 1.81e-06
     Epoch[16] Iteration[90/109], entropy: 0.2344, loss: 0.2344, lr: 3.51e-07
     Epoch[16] Iteration[100/109], entropy: 0.2597, loss: 0.2597, lr: 5.31e-06
     Averaged stats: entropy: 0.1686, loss: 0.1686, lr: 9.65e-06
     itm tta time 0:00:28
### TTA Eval Score: 
+-------+--------+--------+--------+--------+-------+
| epoch |   R1   |   R5   |  R10   |  mAP   |  mINP |
+-------+--------+--------+--------+--------+-------+
|  -999 | 37.304 | 55.557 | 63.548 | 20.140 | 2.213 |
|   0   | 37.314 | 55.598 | 63.583 | 20.165 | 2.213 |
|   1   | 37.339 | 55.668 | 63.624 | 20.193 | 2.214 |
|   2   | 37.404 | 55.749 | 63.674 | 20.218 | 2.212 |
|   3   | 37.475 | 55.804 | 63.704 | 20.242 | 2.212 |
|   4   | 37.525 | 55.824 | 63.739 | 20.265 | 2.211 |
|   5   | 37.581 | 55.849 | 63.815 | 20.292 | 2.211 |
|   6   | 37.656 | 55.880 | 63.860 | 20.318 | 2.211 |
|   7   | 37.752 | 55.900 | 63.886 | 20.343 | 2.212 |
|   8   | 37.792 | 55.970 | 63.916 | 20.362 | 2.211 |
|   9   | 37.822 | 55.975 | 63.951 | 20.380 | 2.212 |
|   10  | 37.873 | 56.006 | 63.961 | 20.399 | 2.211 |
|   11  | 37.903 | 56.036 | 63.996 | 20.424 | 2.212 |
|   12  | 37.969 | 56.061 | 63.996 | 20.447 | 2.212 |
|   13  | 38.019 | 56.086 | 64.037 | 20.464 | 2.213 |
|   14  | 38.064 | 56.111 | 64.057 | 20.482 | 2.213 |
|   15  | 38.110 | 56.127 | 64.127 | 20.499 | 2.214 |
|   16  | 38.160 | 56.182 | 64.203 | 20.518 | 2.215 |
+-------+--------+--------+--------+--------+-------+
     logs:  {'epo': 16, 'R1': np.float32(38.16), 'R5': np.float32(56.182), 'R10': np.float32(64.203), 'mAP': np.float32(20.518), 'mINP': np.float32(2.215), 'entropy': 0.26963409036397934, 'loss': 0.26963409036397934, 'lr': 5.0000000000000106e-06}
     Epoch[17] Iteration[10/109], entropy: 0.3458, loss: 0.3458, lr: 8.19e-06
     Epoch[17] Iteration[20/109], entropy: 0.1928, loss: 0.1928, lr: 2.32e-06
     Epoch[17] Iteration[30/109], entropy: 0.2249, loss: 0.2249, lr: 1.57e-07
     Epoch[17] Iteration[40/109], entropy: 0.1912, loss: 0.1912, lr: 4.69e-06
     Epoch[17] Iteration[50/109], entropy: 0.1481, loss: 0.1481, lr: 9.65e-06
     Epoch[17] Iteration[60/109], entropy: 0.3939, loss: 0.3939, lr: 8.19e-06
     Epoch[17] Iteration[70/109], entropy: 0.4119, loss: 0.4119, lr: 2.32e-06
     Epoch[17] Iteration[80/109], entropy: 0.2452, loss: 0.2452, lr: 1.57e-07
     Epoch[17] Iteration[90/109], entropy: 0.2145, loss: 0.2145, lr: 4.69e-06
     Epoch[17] Iteration[100/109], entropy: 0.3108, loss: 0.3108, lr: 9.65e-06
     Averaged stats: entropy: 0.1753, loss: 0.1753, lr: 8.64e-06
     itm tta time 0:00:28
### TTA Eval Score: 
+-------+--------+--------+--------+--------+-------+
| epoch |   R1   |   R5   |  R10   |  mAP   |  mINP |
+-------+--------+--------+--------+--------+-------+
|  -999 | 37.304 | 55.557 | 63.548 | 20.140 | 2.213 |
|   0   | 37.314 | 55.598 | 63.583 | 20.165 | 2.213 |
|   1   | 37.339 | 55.668 | 63.624 | 20.193 | 2.214 |
|   2   | 37.404 | 55.749 | 63.674 | 20.218 | 2.212 |
|   3   | 37.475 | 55.804 | 63.704 | 20.242 | 2.212 |
|   4   | 37.525 | 55.824 | 63.739 | 20.265 | 2.211 |
|   5   | 37.581 | 55.849 | 63.815 | 20.292 | 2.211 |
|   6   | 37.656 | 55.880 | 63.860 | 20.318 | 2.211 |
|   7   | 37.752 | 55.900 | 63.886 | 20.343 | 2.212 |
|   8   | 37.792 | 55.970 | 63.916 | 20.362 | 2.211 |
|   9   | 37.822 | 55.975 | 63.951 | 20.380 | 2.212 |
|   10  | 37.873 | 56.006 | 63.961 | 20.399 | 2.211 |
|   11  | 37.903 | 56.036 | 63.996 | 20.424 | 2.212 |
|   12  | 37.969 | 56.061 | 63.996 | 20.447 | 2.212 |
|   13  | 38.019 | 56.086 | 64.037 | 20.464 | 2.213 |
|   14  | 38.064 | 56.111 | 64.057 | 20.482 | 2.213 |
|   15  | 38.110 | 56.127 | 64.127 | 20.499 | 2.214 |
|   16  | 38.160 | 56.182 | 64.203 | 20.518 | 2.215 |
|   17  | 38.226 | 56.187 | 64.203 | 20.536 | 2.216 |
+-------+--------+--------+--------+--------+-------+
     logs:  {'epo': 17, 'R1': np.float32(38.226), 'R5': np.float32(56.187), 'R10': np.float32(64.203), 'mAP': np.float32(20.536), 'mINP': np.float32(2.216), 'entropy': 0.2678973123431206, 'loss': 0.2678973123431206, 'lr': 4.9999999999999945e-06}
     Epoch[18] Iteration[10/109], entropy: 0.2026, loss: 0.2026, lr: 2.87e-06
     Epoch[18] Iteration[20/109], entropy: 0.3272, loss: 0.3272, lr: 3.94e-08
     Epoch[18] Iteration[30/109], entropy: 0.1694, loss: 0.1694, lr: 4.06e-06
     Epoch[18] Iteration[40/109], entropy: 0.3595, loss: 0.3595, lr: 9.05e-06
     Epoch[18] Iteration[50/109], entropy: 0.3483, loss: 0.3483, lr: 9.05e-06
     Epoch[18] Iteration[60/109], entropy: 0.1386, loss: 0.1386, lr: 3.45e-06
     Epoch[18] Iteration[70/109], entropy: 0.1982, loss: 0.1982, lr: 0.00e+00
     Epoch[18] Iteration[80/109], entropy: 0.2454, loss: 0.2454, lr: 3.45e-06
     Epoch[18] Iteration[90/109], entropy: 0.1612, loss: 0.1612, lr: 9.05e-06
     Epoch[18] Iteration[100/109], entropy: 0.1930, loss: 0.1930, lr: 9.05e-06
     Averaged stats: entropy: 0.3342, loss: 0.3342, lr: 4.06e-06
     itm tta time 0:00:29
### TTA Eval Score: 
+-------+--------+--------+--------+--------+-------+
| epoch |   R1   |   R5   |  R10   |  mAP   |  mINP |
+-------+--------+--------+--------+--------+-------+
|  -999 | 37.304 | 55.557 | 63.548 | 20.140 | 2.213 |
|   0   | 37.314 | 55.598 | 63.583 | 20.165 | 2.213 |
|   1   | 37.339 | 55.668 | 63.624 | 20.193 | 2.214 |
|   2   | 37.404 | 55.749 | 63.674 | 20.218 | 2.212 |
|   3   | 37.475 | 55.804 | 63.704 | 20.242 | 2.212 |
|   4   | 37.525 | 55.824 | 63.739 | 20.265 | 2.211 |
|   5   | 37.581 | 55.849 | 63.815 | 20.292 | 2.211 |
|   6   | 37.656 | 55.880 | 63.860 | 20.318 | 2.211 |
|   7   | 37.752 | 55.900 | 63.886 | 20.343 | 2.212 |
|   8   | 37.792 | 55.970 | 63.916 | 20.362 | 2.211 |
|   9   | 37.822 | 55.975 | 63.951 | 20.380 | 2.212 |
|   10  | 37.873 | 56.006 | 63.961 | 20.399 | 2.211 |
|   11  | 37.903 | 56.036 | 63.996 | 20.424 | 2.212 |
|   12  | 37.969 | 56.061 | 63.996 | 20.447 | 2.212 |
|   13  | 38.019 | 56.086 | 64.037 | 20.464 | 2.213 |
|   14  | 38.064 | 56.111 | 64.057 | 20.482 | 2.213 |
|   15  | 38.110 | 56.127 | 64.127 | 20.499 | 2.214 |
|   16  | 38.160 | 56.182 | 64.203 | 20.518 | 2.215 |
|   17  | 38.226 | 56.187 | 64.203 | 20.536 | 2.216 |
|   18  | 38.266 | 56.242 | 64.228 | 20.555 | 2.217 |
+-------+--------+--------+--------+--------+-------+
     logs:  {'epo': 18, 'R1': np.float32(38.266), 'R5': np.float32(56.242), 'R10': np.float32(64.228), 'mAP': np.float32(20.555), 'mINP': np.float32(2.217), 'entropy': 0.23435270488262178, 'loss': 0.23435270488262178, 'lr': 5.0063793406423195e-06}
     Epoch[19] Iteration[10/109], entropy: 0.1335, loss: 0.1335, lr: 3.94e-08
     Epoch[19] Iteration[20/109], entropy: 0.2749, loss: 0.2749, lr: 2.87e-06
     Epoch[19] Iteration[30/109], entropy: 0.1647, loss: 0.1647, lr: 8.64e-06
     Epoch[19] Iteration[40/109], entropy: 0.1811, loss: 0.1811, lr: 9.38e-06
     Epoch[19] Iteration[50/109], entropy: 0.2687, loss: 0.2687, lr: 4.06e-06
     Epoch[19] Iteration[60/109], entropy: 0.3438, loss: 0.3438, lr: 3.94e-08
     Epoch[19] Iteration[70/109], entropy: 0.2722, loss: 0.2722, lr: 2.87e-06
     Epoch[19] Iteration[80/109], entropy: 0.2100, loss: 0.2100, lr: 8.64e-06
     Epoch[19] Iteration[90/109], entropy: 0.1261, loss: 0.1261, lr: 9.38e-06
     Epoch[19] Iteration[100/109], entropy: 0.2161, loss: 0.2161, lr: 4.06e-06
     Averaged stats: entropy: 0.2611, loss: 0.2611, lr: 1.57e-07
     itm tta time 0:00:28
### TTA Eval Score: 
+-------+--------+--------+--------+--------+-------+
| epoch |   R1   |   R5   |  R10   |  mAP   |  mINP |
+-------+--------+--------+--------+--------+-------+
|  -999 | 37.304 | 55.557 | 63.548 | 20.140 | 2.213 |
|   0   | 37.314 | 55.598 | 63.583 | 20.165 | 2.213 |
|   1   | 37.339 | 55.668 | 63.624 | 20.193 | 2.214 |
|   2   | 37.404 | 55.749 | 63.674 | 20.218 | 2.212 |
|   3   | 37.475 | 55.804 | 63.704 | 20.242 | 2.212 |
|   4   | 37.525 | 55.824 | 63.739 | 20.265 | 2.211 |
|   5   | 37.581 | 55.849 | 63.815 | 20.292 | 2.211 |
|   6   | 37.656 | 55.880 | 63.860 | 20.318 | 2.211 |
|   7   | 37.752 | 55.900 | 63.886 | 20.343 | 2.212 |
|   8   | 37.792 | 55.970 | 63.916 | 20.362 | 2.211 |
|   9   | 37.822 | 55.975 | 63.951 | 20.380 | 2.212 |
|   10  | 37.873 | 56.006 | 63.961 | 20.399 | 2.211 |
|   11  | 37.903 | 56.036 | 63.996 | 20.424 | 2.212 |
|   12  | 37.969 | 56.061 | 63.996 | 20.447 | 2.212 |
|   13  | 38.019 | 56.086 | 64.037 | 20.464 | 2.213 |
|   14  | 38.064 | 56.111 | 64.057 | 20.482 | 2.213 |
|   15  | 38.110 | 56.127 | 64.127 | 20.499 | 2.214 |
|   16  | 38.160 | 56.182 | 64.203 | 20.518 | 2.215 |
|   17  | 38.226 | 56.187 | 64.203 | 20.536 | 2.216 |
|   18  | 38.266 | 56.242 | 64.228 | 20.555 | 2.217 |
|   19  | 38.276 | 56.273 | 64.248 | 20.572 | 2.218 |
+-------+--------+--------+--------+--------+-------+
     logs:  {'epo': 19, 'R1': np.float32(38.276), 'R5': np.float32(56.273), 'R10': np.float32(64.248), 'mAP': np.float32(20.572), 'mINP': np.float32(2.218), 'entropy': 0.21910959035158156, 'loss': 0.21910959035158156, 'lr': 5.000000000000037e-06}
     Epoch[20] Iteration[10/109], entropy: 0.1527, loss: 0.1527, lr: 2.32e-06
     Epoch[20] Iteration[20/109], entropy: 0.1394, loss: 0.1394, lr: 8.19e-06
     Epoch[20] Iteration[30/109], entropy: 0.2881, loss: 0.2881, lr: 9.65e-06
     Epoch[20] Iteration[40/109], entropy: 0.1555, loss: 0.1555, lr: 4.69e-06
     Epoch[20] Iteration[50/109], entropy: 0.1366, loss: 0.1366, lr: 1.57e-07
     Epoch[20] Iteration[60/109], entropy: 0.2050, loss: 0.2050, lr: 2.32e-06
     Epoch[20] Iteration[70/109], entropy: 0.3695, loss: 0.3695, lr: 8.19e-06
     Epoch[20] Iteration[80/109], entropy: 0.2655, loss: 0.2655, lr: 9.65e-06
     Epoch[20] Iteration[90/109], entropy: 0.2043, loss: 0.2043, lr: 4.69e-06
     Epoch[20] Iteration[100/109], entropy: 0.1806, loss: 0.1806, lr: 1.57e-07
     Averaged stats: entropy: 0.1489, loss: 0.1489, lr: 1.81e-06
     itm tta time 0:00:29
### TTA Eval Score: 
+-------+--------+--------+--------+--------+-------+
| epoch |   R1   |   R5   |  R10   |  mAP   |  mINP |
+-------+--------+--------+--------+--------+-------+
|  -999 | 37.304 | 55.557 | 63.548 | 20.140 | 2.213 |
|   0   | 37.314 | 55.598 | 63.583 | 20.165 | 2.213 |
|   1   | 37.339 | 55.668 | 63.624 | 20.193 | 2.214 |
|   2   | 37.404 | 55.749 | 63.674 | 20.218 | 2.212 |
|   3   | 37.475 | 55.804 | 63.704 | 20.242 | 2.212 |
|   4   | 37.525 | 55.824 | 63.739 | 20.265 | 2.211 |
|   5   | 37.581 | 55.849 | 63.815 | 20.292 | 2.211 |
|   6   | 37.656 | 55.880 | 63.860 | 20.318 | 2.211 |
|   7   | 37.752 | 55.900 | 63.886 | 20.343 | 2.212 |
|   8   | 37.792 | 55.970 | 63.916 | 20.362 | 2.211 |
|   9   | 37.822 | 55.975 | 63.951 | 20.380 | 2.212 |
|   10  | 37.873 | 56.006 | 63.961 | 20.399 | 2.211 |
|   11  | 37.903 | 56.036 | 63.996 | 20.424 | 2.212 |
|   12  | 37.969 | 56.061 | 63.996 | 20.447 | 2.212 |
|   13  | 38.019 | 56.086 | 64.037 | 20.464 | 2.213 |
|   14  | 38.064 | 56.111 | 64.057 | 20.482 | 2.213 |
|   15  | 38.110 | 56.127 | 64.127 | 20.499 | 2.214 |
|   16  | 38.160 | 56.182 | 64.203 | 20.518 | 2.215 |
|   17  | 38.226 | 56.187 | 64.203 | 20.536 | 2.216 |
|   18  | 38.266 | 56.242 | 64.228 | 20.555 | 2.217 |
|   19  | 38.276 | 56.273 | 64.248 | 20.572 | 2.218 |
|   20  | 38.346 | 56.283 | 64.289 | 20.588 | 2.218 |
+-------+--------+--------+--------+--------+-------+
     logs:  {'epo': 20, 'R1': np.float32(38.346), 'R5': np.float32(56.283), 'R10': np.float32(64.289), 'mAP': np.float32(20.588), 'mINP': np.float32(2.218), 'entropy': 0.20971982628107072, 'loss': 0.20971982628107072, 'lr': 4.999999999999984e-06}
     Epoch[21] Iteration[10/109], entropy: 0.4883, loss: 0.4883, lr: 7.68e-06
     Epoch[21] Iteration[20/109], entropy: 0.1968, loss: 0.1968, lr: 9.84e-06
     Epoch[21] Iteration[30/109], entropy: 0.0875, loss: 0.0875, lr: 5.31e-06
     Epoch[21] Iteration[40/109], entropy: 0.2611, loss: 0.2611, lr: 3.51e-07
     Epoch[21] Iteration[50/109], entropy: 0.1155, loss: 0.1155, lr: 1.81e-06
     Epoch[21] Iteration[60/109], entropy: 0.3571, loss: 0.3571, lr: 7.68e-06
     Epoch[21] Iteration[70/109], entropy: 0.2769, loss: 0.2769, lr: 9.84e-06
     Epoch[21] Iteration[80/109], entropy: 0.2090, loss: 0.2090, lr: 5.31e-06
     Epoch[21] Iteration[90/109], entropy: 0.2771, loss: 0.2771, lr: 3.51e-07
     Epoch[21] Iteration[100/109], entropy: 0.1658, loss: 0.1658, lr: 1.81e-06
     Averaged stats: entropy: 0.3196, loss: 0.3196, lr: 7.13e-06
     itm tta time 0:00:27
### TTA Eval Score: 
+-------+--------+--------+--------+--------+-------+
| epoch |   R1   |   R5   |  R10   |  mAP   |  mINP |
+-------+--------+--------+--------+--------+-------+
|  -999 | 37.304 | 55.557 | 63.548 | 20.140 | 2.213 |
|   0   | 37.314 | 55.598 | 63.583 | 20.165 | 2.213 |
|   1   | 37.339 | 55.668 | 63.624 | 20.193 | 2.214 |
|   2   | 37.404 | 55.749 | 63.674 | 20.218 | 2.212 |
|   3   | 37.475 | 55.804 | 63.704 | 20.242 | 2.212 |
|   4   | 37.525 | 55.824 | 63.739 | 20.265 | 2.211 |
|   5   | 37.581 | 55.849 | 63.815 | 20.292 | 2.211 |
|   6   | 37.656 | 55.880 | 63.860 | 20.318 | 2.211 |
|   7   | 37.752 | 55.900 | 63.886 | 20.343 | 2.212 |
|   8   | 37.792 | 55.970 | 63.916 | 20.362 | 2.211 |
|   9   | 37.822 | 55.975 | 63.951 | 20.380 | 2.212 |
|   10  | 37.873 | 56.006 | 63.961 | 20.399 | 2.211 |
|   11  | 37.903 | 56.036 | 63.996 | 20.424 | 2.212 |
|   12  | 37.969 | 56.061 | 63.996 | 20.447 | 2.212 |
|   13  | 38.019 | 56.086 | 64.037 | 20.464 | 2.213 |
|   14  | 38.064 | 56.111 | 64.057 | 20.482 | 2.213 |
|   15  | 38.110 | 56.127 | 64.127 | 20.499 | 2.214 |
|   16  | 38.160 | 56.182 | 64.203 | 20.518 | 2.215 |
|   17  | 38.226 | 56.187 | 64.203 | 20.536 | 2.216 |
|   18  | 38.266 | 56.242 | 64.228 | 20.555 | 2.217 |
|   19  | 38.276 | 56.273 | 64.248 | 20.572 | 2.218 |
|   20  | 38.346 | 56.283 | 64.289 | 20.588 | 2.218 |
|   21  | 38.382 | 56.303 | 64.304 | 20.603 | 2.218 |
+-------+--------+--------+--------+--------+-------+
     logs:  {'epo': 21, 'R1': np.float32(38.382), 'R5': np.float32(56.303), 'R10': np.float32(64.304), 'mAP': np.float32(20.603), 'mINP': np.float32(2.218), 'entropy': 0.24351440593600274, 'loss': 0.24351440593600274, 'lr': 5.000000000000046e-06}
     Epoch[22] Iteration[10/109], entropy: 0.1995, loss: 0.1995, lr: 9.96e-06
     Epoch[22] Iteration[20/109], entropy: 0.2302, loss: 0.2302, lr: 5.94e-06
     Epoch[22] Iteration[30/109], entropy: 0.2036, loss: 0.2036, lr: 6.18e-07
     Epoch[22] Iteration[40/109], entropy: 0.3504, loss: 0.3504, lr: 1.36e-06
     Epoch[22] Iteration[50/109], entropy: 0.2888, loss: 0.2888, lr: 7.13e-06
     Epoch[22] Iteration[60/109], entropy: 0.3084, loss: 0.3084, lr: 9.96e-06
     Epoch[22] Iteration[70/109], entropy: 0.2182, loss: 0.2182, lr: 5.94e-06
     Epoch[22] Iteration[80/109], entropy: 0.2135, loss: 0.2135, lr: 6.18e-07
     Epoch[22] Iteration[90/109], entropy: 0.2696, loss: 0.2696, lr: 1.36e-06
     Epoch[22] Iteration[100/109], entropy: 0.1750, loss: 0.1750, lr: 7.13e-06
     Averaged stats: entropy: 0.2032, loss: 0.2032, lr: 1.00e-05
     itm tta time 0:00:29
### TTA Eval Score: 
+-------+--------+--------+--------+--------+-------+
| epoch |   R1   |   R5   |  R10   |  mAP   |  mINP |
+-------+--------+--------+--------+--------+-------+
|  -999 | 37.304 | 55.557 | 63.548 | 20.140 | 2.213 |
|   0   | 37.314 | 55.598 | 63.583 | 20.165 | 2.213 |
|   1   | 37.339 | 55.668 | 63.624 | 20.193 | 2.214 |
|   2   | 37.404 | 55.749 | 63.674 | 20.218 | 2.212 |
|   3   | 37.475 | 55.804 | 63.704 | 20.242 | 2.212 |
|   4   | 37.525 | 55.824 | 63.739 | 20.265 | 2.211 |
|   5   | 37.581 | 55.849 | 63.815 | 20.292 | 2.211 |
|   6   | 37.656 | 55.880 | 63.860 | 20.318 | 2.211 |
|   7   | 37.752 | 55.900 | 63.886 | 20.343 | 2.212 |
|   8   | 37.792 | 55.970 | 63.916 | 20.362 | 2.211 |
|   9   | 37.822 | 55.975 | 63.951 | 20.380 | 2.212 |
|   10  | 37.873 | 56.006 | 63.961 | 20.399 | 2.211 |
|   11  | 37.903 | 56.036 | 63.996 | 20.424 | 2.212 |
|   12  | 37.969 | 56.061 | 63.996 | 20.447 | 2.212 |
|   13  | 38.019 | 56.086 | 64.037 | 20.464 | 2.213 |
|   14  | 38.064 | 56.111 | 64.057 | 20.482 | 2.213 |
|   15  | 38.110 | 56.127 | 64.127 | 20.499 | 2.214 |
|   16  | 38.160 | 56.182 | 64.203 | 20.518 | 2.215 |
|   17  | 38.226 | 56.187 | 64.203 | 20.536 | 2.216 |
|   18  | 38.266 | 56.242 | 64.228 | 20.555 | 2.217 |
|   19  | 38.276 | 56.273 | 64.248 | 20.572 | 2.218 |
|   20  | 38.346 | 56.283 | 64.289 | 20.588 | 2.218 |
|   21  | 38.382 | 56.303 | 64.304 | 20.603 | 2.218 |
|   22  | 38.422 | 56.308 | 64.258 | 20.619 | 2.219 |
+-------+--------+--------+--------+--------+-------+
     logs:  {'epo': 22, 'R1': np.float32(38.422), 'R5': np.float32(56.308), 'R10': np.float32(64.258), 'mAP': np.float32(20.619), 'mINP': np.float32(2.219), 'entropy': 0.2457202449440956, 'loss': 0.2457202449440956, 'lr': 4.9999999999999775e-06}
     Epoch[23] Iteration[10/109], entropy: 0.2136, loss: 0.2136, lr: 6.55e-06
     Epoch[23] Iteration[20/109], entropy: 0.3127, loss: 0.3127, lr: 9.55e-07
     Epoch[23] Iteration[30/109], entropy: 0.2378, loss: 0.2378, lr: 9.55e-07
     Epoch[23] Iteration[40/109], entropy: 0.1893, loss: 0.1893, lr: 6.55e-06
     Epoch[23] Iteration[50/109], entropy: 0.3185, loss: 0.3185, lr: 1.00e-05
     Epoch[23] Iteration[60/109], entropy: 0.2061, loss: 0.2061, lr: 6.55e-06
     Epoch[23] Iteration[70/109], entropy: 0.3040, loss: 0.3040, lr: 9.55e-07
     Epoch[23] Iteration[80/109], entropy: 0.1573, loss: 0.1573, lr: 9.55e-07
     Epoch[23] Iteration[90/109], entropy: 0.1762, loss: 0.1762, lr: 6.55e-06
     Epoch[23] Iteration[100/109], entropy: 0.1703, loss: 0.1703, lr: 1.00e-05
     Averaged stats: entropy: 0.2783, loss: 0.2783, lr: 7.13e-06
     itm tta time 0:00:28
### TTA Eval Score: 
+-------+--------+--------+--------+--------+-------+
| epoch |   R1   |   R5   |  R10   |  mAP   |  mINP |
+-------+--------+--------+--------+--------+-------+
|  -999 | 37.304 | 55.557 | 63.548 | 20.140 | 2.213 |
|   0   | 37.314 | 55.598 | 63.583 | 20.165 | 2.213 |
|   1   | 37.339 | 55.668 | 63.624 | 20.193 | 2.214 |
|   2   | 37.404 | 55.749 | 63.674 | 20.218 | 2.212 |
|   3   | 37.475 | 55.804 | 63.704 | 20.242 | 2.212 |
|   4   | 37.525 | 55.824 | 63.739 | 20.265 | 2.211 |
|   5   | 37.581 | 55.849 | 63.815 | 20.292 | 2.211 |
|   6   | 37.656 | 55.880 | 63.860 | 20.318 | 2.211 |
|   7   | 37.752 | 55.900 | 63.886 | 20.343 | 2.212 |
|   8   | 37.792 | 55.970 | 63.916 | 20.362 | 2.211 |
|   9   | 37.822 | 55.975 | 63.951 | 20.380 | 2.212 |
|   10  | 37.873 | 56.006 | 63.961 | 20.399 | 2.211 |
|   11  | 37.903 | 56.036 | 63.996 | 20.424 | 2.212 |
|   12  | 37.969 | 56.061 | 63.996 | 20.447 | 2.212 |
|   13  | 38.019 | 56.086 | 64.037 | 20.464 | 2.213 |
|   14  | 38.064 | 56.111 | 64.057 | 20.482 | 2.213 |
|   15  | 38.110 | 56.127 | 64.127 | 20.499 | 2.214 |
|   16  | 38.160 | 56.182 | 64.203 | 20.518 | 2.215 |
|   17  | 38.226 | 56.187 | 64.203 | 20.536 | 2.216 |
|   18  | 38.266 | 56.242 | 64.228 | 20.555 | 2.217 |
|   19  | 38.276 | 56.273 | 64.248 | 20.572 | 2.218 |
|   20  | 38.346 | 56.283 | 64.289 | 20.588 | 2.218 |
|   21  | 38.382 | 56.303 | 64.304 | 20.603 | 2.218 |
|   22  | 38.422 | 56.308 | 64.258 | 20.619 | 2.219 |
|   23  | 38.442 | 56.333 | 64.314 | 20.635 | 2.220 |
+-------+--------+--------+--------+--------+-------+
     logs:  {'epo': 23, 'R1': np.float32(38.442), 'R5': np.float32(56.333), 'R10': np.float32(64.314), 'mAP': np.float32(20.635), 'mINP': np.float32(2.22), 'entropy': 0.22858279645442964, 'loss': 0.22858279645442964, 'lr': 4.999999999999987e-06}
     Epoch[24] Iteration[10/109], entropy: 0.1349, loss: 0.1349, lr: 1.36e-06
     Epoch[24] Iteration[20/109], entropy: 0.2604, loss: 0.2604, lr: 6.18e-07
     Epoch[24] Iteration[30/109], entropy: 0.2130, loss: 0.2130, lr: 5.94e-06
     Epoch[24] Iteration[40/109], entropy: 0.3334, loss: 0.3334, lr: 9.96e-06
     Epoch[24] Iteration[50/109], entropy: 0.1785, loss: 0.1785, lr: 7.13e-06
     Epoch[24] Iteration[60/109], entropy: 0.2681, loss: 0.2681, lr: 1.36e-06
     Epoch[24] Iteration[70/109], entropy: 0.2144, loss: 0.2144, lr: 6.18e-07
     Epoch[24] Iteration[80/109], entropy: 0.2214, loss: 0.2214, lr: 5.94e-06
     Epoch[24] Iteration[90/109], entropy: 0.2290, loss: 0.2290, lr: 9.96e-06
     Epoch[24] Iteration[100/109], entropy: 0.1555, loss: 0.1555, lr: 7.13e-06
     Averaged stats: entropy: 0.2519, loss: 0.2519, lr: 1.81e-06
     itm tta time 0:00:28
### TTA Eval Score: 
+-------+--------+--------+--------+--------+-------+
| epoch |   R1   |   R5   |  R10   |  mAP   |  mINP |
+-------+--------+--------+--------+--------+-------+
|  -999 | 37.304 | 55.557 | 63.548 | 20.140 | 2.213 |
|   0   | 37.314 | 55.598 | 63.583 | 20.165 | 2.213 |
|   1   | 37.339 | 55.668 | 63.624 | 20.193 | 2.214 |
|   2   | 37.404 | 55.749 | 63.674 | 20.218 | 2.212 |
|   3   | 37.475 | 55.804 | 63.704 | 20.242 | 2.212 |
|   4   | 37.525 | 55.824 | 63.739 | 20.265 | 2.211 |
|   5   | 37.581 | 55.849 | 63.815 | 20.292 | 2.211 |
|   6   | 37.656 | 55.880 | 63.860 | 20.318 | 2.211 |
|   7   | 37.752 | 55.900 | 63.886 | 20.343 | 2.212 |
|   8   | 37.792 | 55.970 | 63.916 | 20.362 | 2.211 |
|   9   | 37.822 | 55.975 | 63.951 | 20.380 | 2.212 |
|   10  | 37.873 | 56.006 | 63.961 | 20.399 | 2.211 |
|   11  | 37.903 | 56.036 | 63.996 | 20.424 | 2.212 |
|   12  | 37.969 | 56.061 | 63.996 | 20.447 | 2.212 |
|   13  | 38.019 | 56.086 | 64.037 | 20.464 | 2.213 |
|   14  | 38.064 | 56.111 | 64.057 | 20.482 | 2.213 |
|   15  | 38.110 | 56.127 | 64.127 | 20.499 | 2.214 |
|   16  | 38.160 | 56.182 | 64.203 | 20.518 | 2.215 |
|   17  | 38.226 | 56.187 | 64.203 | 20.536 | 2.216 |
|   18  | 38.266 | 56.242 | 64.228 | 20.555 | 2.217 |
|   19  | 38.276 | 56.273 | 64.248 | 20.572 | 2.218 |
|   20  | 38.346 | 56.283 | 64.289 | 20.588 | 2.218 |
|   21  | 38.382 | 56.303 | 64.304 | 20.603 | 2.218 |
|   22  | 38.422 | 56.308 | 64.258 | 20.619 | 2.219 |
|   23  | 38.442 | 56.333 | 64.314 | 20.635 | 2.220 |
|   24  | 38.498 | 56.368 | 64.384 | 20.651 | 2.220 |
+-------+--------+--------+--------+--------+-------+
     logs:  {'epo': 24, 'R1': np.float32(38.498), 'R5': np.float32(56.368), 'R10': np.float32(64.384), 'mAP': np.float32(20.651), 'mINP': np.float32(2.22), 'entropy': 0.22085850536823273, 'loss': 0.22085850536823273, 'lr': 4.999999999999984e-06}
     Epoch[25] Iteration[10/109], entropy: 0.0703, loss: 0.0703, lr: 3.51e-07
     Epoch[25] Iteration[20/109], entropy: 0.3404, loss: 0.3404, lr: 5.31e-06
     Epoch[25] Iteration[30/109], entropy: 0.3066, loss: 0.3066, lr: 9.84e-06
     Epoch[25] Iteration[40/109], entropy: 0.1278, loss: 0.1278, lr: 7.68e-06
     Epoch[25] Iteration[50/109], entropy: 0.2177, loss: 0.2177, lr: 1.81e-06
     Epoch[25] Iteration[60/109], entropy: 0.2316, loss: 0.2316, lr: 3.51e-07
     Epoch[25] Iteration[70/109], entropy: 0.3699, loss: 0.3699, lr: 5.31e-06
     Epoch[25] Iteration[80/109], entropy: 0.3056, loss: 0.3056, lr: 9.84e-06
     Epoch[25] Iteration[90/109], entropy: 0.2534, loss: 0.2534, lr: 7.68e-06
     Epoch[25] Iteration[100/109], entropy: 0.0891, loss: 0.0891, lr: 1.81e-06
     Averaged stats: entropy: 0.1244, loss: 0.1244, lr: 1.57e-07
     itm tta time 0:00:28
### TTA Eval Score: 
+-------+--------+--------+--------+--------+-------+
| epoch |   R1   |   R5   |  R10   |  mAP   |  mINP |
+-------+--------+--------+--------+--------+-------+
|  -999 | 37.304 | 55.557 | 63.548 | 20.140 | 2.213 |
|   0   | 37.314 | 55.598 | 63.583 | 20.165 | 2.213 |
|   1   | 37.339 | 55.668 | 63.624 | 20.193 | 2.214 |
|   2   | 37.404 | 55.749 | 63.674 | 20.218 | 2.212 |
|   3   | 37.475 | 55.804 | 63.704 | 20.242 | 2.212 |
|   4   | 37.525 | 55.824 | 63.739 | 20.265 | 2.211 |
|   5   | 37.581 | 55.849 | 63.815 | 20.292 | 2.211 |
|   6   | 37.656 | 55.880 | 63.860 | 20.318 | 2.211 |
|   7   | 37.752 | 55.900 | 63.886 | 20.343 | 2.212 |
|   8   | 37.792 | 55.970 | 63.916 | 20.362 | 2.211 |
|   9   | 37.822 | 55.975 | 63.951 | 20.380 | 2.212 |
|   10  | 37.873 | 56.006 | 63.961 | 20.399 | 2.211 |
|   11  | 37.903 | 56.036 | 63.996 | 20.424 | 2.212 |
|   12  | 37.969 | 56.061 | 63.996 | 20.447 | 2.212 |
|   13  | 38.019 | 56.086 | 64.037 | 20.464 | 2.213 |
|   14  | 38.064 | 56.111 | 64.057 | 20.482 | 2.213 |
|   15  | 38.110 | 56.127 | 64.127 | 20.499 | 2.214 |
|   16  | 38.160 | 56.182 | 64.203 | 20.518 | 2.215 |
|   17  | 38.226 | 56.187 | 64.203 | 20.536 | 2.216 |
|   18  | 38.266 | 56.242 | 64.228 | 20.555 | 2.217 |
|   19  | 38.276 | 56.273 | 64.248 | 20.572 | 2.218 |
|   20  | 38.346 | 56.283 | 64.289 | 20.588 | 2.218 |
|   21  | 38.382 | 56.303 | 64.304 | 20.603 | 2.218 |
|   22  | 38.422 | 56.308 | 64.258 | 20.619 | 2.219 |
|   23  | 38.442 | 56.333 | 64.314 | 20.635 | 2.220 |
|   24  | 38.498 | 56.368 | 64.384 | 20.651 | 2.220 |
|   25  | 38.518 | 56.419 | 64.399 | 20.664 | 2.221 |
+-------+--------+--------+--------+--------+-------+
     logs:  {'epo': 25, 'R1': np.float32(38.518), 'R5': np.float32(56.419), 'R10': np.float32(64.399), 'mAP': np.float32(20.664), 'mINP': np.float32(2.221), 'entropy': 0.23124995306134224, 'loss': 0.23124995306134224, 'lr': 5.000000000000006e-06}
     Epoch[26] Iteration[10/109], entropy: 0.1611, loss: 0.1611, lr: 4.69e-06
     Epoch[26] Iteration[20/109], entropy: 0.3125, loss: 0.3125, lr: 9.65e-06
     Epoch[26] Iteration[30/109], entropy: 0.3293, loss: 0.3293, lr: 8.19e-06
     Epoch[26] Iteration[40/109], entropy: 0.1226, loss: 0.1226, lr: 2.32e-06
     Epoch[26] Iteration[50/109], entropy: 0.2007, loss: 0.2007, lr: 1.57e-07
     Epoch[26] Iteration[60/109], entropy: 0.1422, loss: 0.1422, lr: 4.69e-06
     Epoch[26] Iteration[70/109], entropy: 0.4155, loss: 0.4155, lr: 9.65e-06
     Epoch[26] Iteration[80/109], entropy: 0.2436, loss: 0.2436, lr: 8.19e-06
     Epoch[26] Iteration[90/109], entropy: 0.0807, loss: 0.0807, lr: 2.32e-06
     Epoch[26] Iteration[100/109], entropy: 0.2217, loss: 0.2217, lr: 1.57e-07
     Averaged stats: entropy: 0.2706, loss: 0.2706, lr: 4.06e-06
     itm tta time 0:00:27
### TTA Eval Score: 
+-------+--------+--------+--------+--------+-------+
| epoch |   R1   |   R5   |  R10   |  mAP   |  mINP |
+-------+--------+--------+--------+--------+-------+
|  -999 | 37.304 | 55.557 | 63.548 | 20.140 | 2.213 |
|   0   | 37.314 | 55.598 | 63.583 | 20.165 | 2.213 |
|   1   | 37.339 | 55.668 | 63.624 | 20.193 | 2.214 |
|   2   | 37.404 | 55.749 | 63.674 | 20.218 | 2.212 |
|   3   | 37.475 | 55.804 | 63.704 | 20.242 | 2.212 |
|   4   | 37.525 | 55.824 | 63.739 | 20.265 | 2.211 |
|   5   | 37.581 | 55.849 | 63.815 | 20.292 | 2.211 |
|   6   | 37.656 | 55.880 | 63.860 | 20.318 | 2.211 |
|   7   | 37.752 | 55.900 | 63.886 | 20.343 | 2.212 |
|   8   | 37.792 | 55.970 | 63.916 | 20.362 | 2.211 |
|   9   | 37.822 | 55.975 | 63.951 | 20.380 | 2.212 |
|   10  | 37.873 | 56.006 | 63.961 | 20.399 | 2.211 |
|   11  | 37.903 | 56.036 | 63.996 | 20.424 | 2.212 |
|   12  | 37.969 | 56.061 | 63.996 | 20.447 | 2.212 |
|   13  | 38.019 | 56.086 | 64.037 | 20.464 | 2.213 |
|   14  | 38.064 | 56.111 | 64.057 | 20.482 | 2.213 |
|   15  | 38.110 | 56.127 | 64.127 | 20.499 | 2.214 |
|   16  | 38.160 | 56.182 | 64.203 | 20.518 | 2.215 |
|   17  | 38.226 | 56.187 | 64.203 | 20.536 | 2.216 |
|   18  | 38.266 | 56.242 | 64.228 | 20.555 | 2.217 |
|   19  | 38.276 | 56.273 | 64.248 | 20.572 | 2.218 |
|   20  | 38.346 | 56.283 | 64.289 | 20.588 | 2.218 |
|   21  | 38.382 | 56.303 | 64.304 | 20.603 | 2.218 |
|   22  | 38.422 | 56.308 | 64.258 | 20.619 | 2.219 |
|   23  | 38.442 | 56.333 | 64.314 | 20.635 | 2.220 |
|   24  | 38.498 | 56.368 | 64.384 | 20.651 | 2.220 |
|   25  | 38.518 | 56.419 | 64.399 | 20.664 | 2.221 |
|   26  | 38.528 | 56.429 | 64.404 | 20.678 | 2.222 |
+-------+--------+--------+--------+--------+-------+
     logs:  {'epo': 26, 'R1': np.float32(38.528), 'R5': np.float32(56.429), 'R10': np.float32(64.404), 'mAP': np.float32(20.678), 'mINP': np.float32(2.222), 'entropy': 0.22298551350831985, 'loss': 0.22298551350831985, 'lr': 4.999999999999964e-06}
     Epoch[27] Iteration[10/109], entropy: 0.2335, loss: 0.2335, lr: 9.38e-06
     Epoch[27] Iteration[20/109], entropy: 0.1991, loss: 0.1991, lr: 8.64e-06
     Epoch[27] Iteration[30/109], entropy: 0.2424, loss: 0.2424, lr: 2.87e-06
     Epoch[27] Iteration[40/109], entropy: 0.2769, loss: 0.2769, lr: 3.94e-08
     Epoch[27] Iteration[50/109], entropy: 0.2371, loss: 0.2371, lr: 4.06e-06
     Epoch[27] Iteration[60/109], entropy: 0.1361, loss: 0.1361, lr: 9.38e-06
     Epoch[27] Iteration[70/109], entropy: 0.1796, loss: 0.1796, lr: 8.64e-06
     Epoch[27] Iteration[80/109], entropy: 0.2164, loss: 0.2164, lr: 2.87e-06
     Epoch[27] Iteration[90/109], entropy: 0.3476, loss: 0.3476, lr: 3.94e-08
     Epoch[27] Iteration[100/109], entropy: 0.2419, loss: 0.2419, lr: 4.06e-06
     Averaged stats: entropy: 0.2678, loss: 0.2678, lr: 9.05e-06
     itm tta time 0:00:28
### TTA Eval Score: 
+-------+--------+--------+--------+--------+-------+
| epoch |   R1   |   R5   |  R10   |  mAP   |  mINP |
+-------+--------+--------+--------+--------+-------+
|  -999 | 37.304 | 55.557 | 63.548 | 20.140 | 2.213 |
|   0   | 37.314 | 55.598 | 63.583 | 20.165 | 2.213 |
|   1   | 37.339 | 55.668 | 63.624 | 20.193 | 2.214 |
|   2   | 37.404 | 55.749 | 63.674 | 20.218 | 2.212 |
|   3   | 37.475 | 55.804 | 63.704 | 20.242 | 2.212 |
|   4   | 37.525 | 55.824 | 63.739 | 20.265 | 2.211 |
|   5   | 37.581 | 55.849 | 63.815 | 20.292 | 2.211 |
|   6   | 37.656 | 55.880 | 63.860 | 20.318 | 2.211 |
|   7   | 37.752 | 55.900 | 63.886 | 20.343 | 2.212 |
|   8   | 37.792 | 55.970 | 63.916 | 20.362 | 2.211 |
|   9   | 37.822 | 55.975 | 63.951 | 20.380 | 2.212 |
|   10  | 37.873 | 56.006 | 63.961 | 20.399 | 2.211 |
|   11  | 37.903 | 56.036 | 63.996 | 20.424 | 2.212 |
|   12  | 37.969 | 56.061 | 63.996 | 20.447 | 2.212 |
|   13  | 38.019 | 56.086 | 64.037 | 20.464 | 2.213 |
|   14  | 38.064 | 56.111 | 64.057 | 20.482 | 2.213 |
|   15  | 38.110 | 56.127 | 64.127 | 20.499 | 2.214 |
|   16  | 38.160 | 56.182 | 64.203 | 20.518 | 2.215 |
|   17  | 38.226 | 56.187 | 64.203 | 20.536 | 2.216 |
|   18  | 38.266 | 56.242 | 64.228 | 20.555 | 2.217 |
|   19  | 38.276 | 56.273 | 64.248 | 20.572 | 2.218 |
|   20  | 38.346 | 56.283 | 64.289 | 20.588 | 2.218 |
|   21  | 38.382 | 56.303 | 64.304 | 20.603 | 2.218 |
|   22  | 38.422 | 56.308 | 64.258 | 20.619 | 2.219 |
|   23  | 38.442 | 56.333 | 64.314 | 20.635 | 2.220 |
|   24  | 38.498 | 56.368 | 64.384 | 20.651 | 2.220 |
|   25  | 38.518 | 56.419 | 64.399 | 20.664 | 2.221 |
|   26  | 38.528 | 56.429 | 64.404 | 20.678 | 2.222 |
|   27  | 38.553 | 56.489 | 64.404 | 20.689 | 2.221 |
+-------+--------+--------+--------+--------+-------+
     logs:  {'epo': 27, 'R1': np.float32(38.553), 'R5': np.float32(56.489), 'R10': np.float32(64.404), 'mAP': np.float32(20.689), 'mINP': np.float32(2.221), 'entropy': 0.23106978386640548, 'loss': 0.23106978386640548, 'lr': 5.000000000000002e-06}
     Epoch[28] Iteration[10/109], entropy: 0.1510, loss: 0.1510, lr: 9.05e-06
     Epoch[28] Iteration[20/109], entropy: 0.4359, loss: 0.4359, lr: 3.45e-06
     Epoch[28] Iteration[30/109], entropy: 0.1770, loss: 0.1770, lr: 0.00e+00
     Epoch[28] Iteration[40/109], entropy: 0.2670, loss: 0.2670, lr: 3.45e-06
     Epoch[28] Iteration[50/109], entropy: 0.1782, loss: 0.1782, lr: 9.05e-06
     Epoch[28] Iteration[60/109], entropy: 0.2701, loss: 0.2701, lr: 9.05e-06
     Epoch[28] Iteration[70/109], entropy: 0.2646, loss: 0.2646, lr: 3.45e-06
     Epoch[28] Iteration[80/109], entropy: 0.1968, loss: 0.1968, lr: 0.00e+00
     Epoch[28] Iteration[90/109], entropy: 0.3047, loss: 0.3047, lr: 3.45e-06
     Epoch[28] Iteration[100/109], entropy: 0.1873, loss: 0.1873, lr: 9.05e-06
     Averaged stats: entropy: 0.1795, loss: 0.1795, lr: 9.38e-06
     itm tta time 0:00:28
### TTA Eval Score: 
+-------+--------+--------+--------+--------+-------+
| epoch |   R1   |   R5   |  R10   |  mAP   |  mINP |
+-------+--------+--------+--------+--------+-------+
|  -999 | 37.304 | 55.557 | 63.548 | 20.140 | 2.213 |
|   0   | 37.314 | 55.598 | 63.583 | 20.165 | 2.213 |
|   1   | 37.339 | 55.668 | 63.624 | 20.193 | 2.214 |
|   2   | 37.404 | 55.749 | 63.674 | 20.218 | 2.212 |
|   3   | 37.475 | 55.804 | 63.704 | 20.242 | 2.212 |
|   4   | 37.525 | 55.824 | 63.739 | 20.265 | 2.211 |
|   5   | 37.581 | 55.849 | 63.815 | 20.292 | 2.211 |
|   6   | 37.656 | 55.880 | 63.860 | 20.318 | 2.211 |
|   7   | 37.752 | 55.900 | 63.886 | 20.343 | 2.212 |
|   8   | 37.792 | 55.970 | 63.916 | 20.362 | 2.211 |
|   9   | 37.822 | 55.975 | 63.951 | 20.380 | 2.212 |
|   10  | 37.873 | 56.006 | 63.961 | 20.399 | 2.211 |
|   11  | 37.903 | 56.036 | 63.996 | 20.424 | 2.212 |
|   12  | 37.969 | 56.061 | 63.996 | 20.447 | 2.212 |
|   13  | 38.019 | 56.086 | 64.037 | 20.464 | 2.213 |
|   14  | 38.064 | 56.111 | 64.057 | 20.482 | 2.213 |
|   15  | 38.110 | 56.127 | 64.127 | 20.499 | 2.214 |
|   16  | 38.160 | 56.182 | 64.203 | 20.518 | 2.215 |
|   17  | 38.226 | 56.187 | 64.203 | 20.536 | 2.216 |
|   18  | 38.266 | 56.242 | 64.228 | 20.555 | 2.217 |
|   19  | 38.276 | 56.273 | 64.248 | 20.572 | 2.218 |
|   20  | 38.346 | 56.283 | 64.289 | 20.588 | 2.218 |
|   21  | 38.382 | 56.303 | 64.304 | 20.603 | 2.218 |
|   22  | 38.422 | 56.308 | 64.258 | 20.619 | 2.219 |
|   23  | 38.442 | 56.333 | 64.314 | 20.635 | 2.220 |
|   24  | 38.498 | 56.368 | 64.384 | 20.651 | 2.220 |
|   25  | 38.518 | 56.419 | 64.399 | 20.664 | 2.221 |
|   26  | 38.528 | 56.429 | 64.404 | 20.678 | 2.222 |
|   27  | 38.553 | 56.489 | 64.404 | 20.689 | 2.221 |
|   28  | 38.583 | 56.509 | 64.455 | 20.704 | 2.221 |
+-------+--------+--------+--------+--------+-------+
     logs:  {'epo': 28, 'R1': np.float32(38.583), 'R5': np.float32(56.509), 'R10': np.float32(64.455), 'mAP': np.float32(20.704), 'mINP': np.float32(2.221), 'entropy': 0.2432604655623436, 'loss': 0.2432604655623436, 'lr': 5.000000000000041e-06}
     Epoch[29] Iteration[10/109], entropy: 0.3449, loss: 0.3449, lr: 4.06e-06
     Epoch[29] Iteration[20/109], entropy: 0.4395, loss: 0.4395, lr: 3.94e-08
     Epoch[29] Iteration[30/109], entropy: 0.3376, loss: 0.3376, lr: 2.87e-06
     Epoch[29] Iteration[40/109], entropy: 0.2513, loss: 0.2513, lr: 8.64e-06
     Epoch[29] Iteration[50/109], entropy: 0.3753, loss: 0.3753, lr: 9.38e-06
     Epoch[29] Iteration[60/109], entropy: 0.3435, loss: 0.3435, lr: 4.06e-06
     Epoch[29] Iteration[70/109], entropy: 0.3138, loss: 0.3138, lr: 3.94e-08
     Epoch[29] Iteration[80/109], entropy: 0.2001, loss: 0.2001, lr: 2.87e-06
     Epoch[29] Iteration[90/109], entropy: 0.2537, loss: 0.2537, lr: 8.64e-06
     Epoch[29] Iteration[100/109], entropy: 0.2800, loss: 0.2800, lr: 9.38e-06
     Averaged stats: entropy: 0.1376, loss: 0.1376, lr: 4.69e-06
     itm tta time 0:00:28
### TTA Eval Score: 
+-------+--------+--------+--------+--------+-------+
| epoch |   R1   |   R5   |  R10   |  mAP   |  mINP |
+-------+--------+--------+--------+--------+-------+
|  -999 | 37.304 | 55.557 | 63.548 | 20.140 | 2.213 |
|   0   | 37.314 | 55.598 | 63.583 | 20.165 | 2.213 |
|   1   | 37.339 | 55.668 | 63.624 | 20.193 | 2.214 |
|   2   | 37.404 | 55.749 | 63.674 | 20.218 | 2.212 |
|   3   | 37.475 | 55.804 | 63.704 | 20.242 | 2.212 |
|   4   | 37.525 | 55.824 | 63.739 | 20.265 | 2.211 |
|   5   | 37.581 | 55.849 | 63.815 | 20.292 | 2.211 |
|   6   | 37.656 | 55.880 | 63.860 | 20.318 | 2.211 |
|   7   | 37.752 | 55.900 | 63.886 | 20.343 | 2.212 |
|   8   | 37.792 | 55.970 | 63.916 | 20.362 | 2.211 |
|   9   | 37.822 | 55.975 | 63.951 | 20.380 | 2.212 |
|   10  | 37.873 | 56.006 | 63.961 | 20.399 | 2.211 |
|   11  | 37.903 | 56.036 | 63.996 | 20.424 | 2.212 |
|   12  | 37.969 | 56.061 | 63.996 | 20.447 | 2.212 |
|   13  | 38.019 | 56.086 | 64.037 | 20.464 | 2.213 |
|   14  | 38.064 | 56.111 | 64.057 | 20.482 | 2.213 |
|   15  | 38.110 | 56.127 | 64.127 | 20.499 | 2.214 |
|   16  | 38.160 | 56.182 | 64.203 | 20.518 | 2.215 |
|   17  | 38.226 | 56.187 | 64.203 | 20.536 | 2.216 |
|   18  | 38.266 | 56.242 | 64.228 | 20.555 | 2.217 |
|   19  | 38.276 | 56.273 | 64.248 | 20.572 | 2.218 |
|   20  | 38.346 | 56.283 | 64.289 | 20.588 | 2.218 |
|   21  | 38.382 | 56.303 | 64.304 | 20.603 | 2.218 |
|   22  | 38.422 | 56.308 | 64.258 | 20.619 | 2.219 |
|   23  | 38.442 | 56.333 | 64.314 | 20.635 | 2.220 |
|   24  | 38.498 | 56.368 | 64.384 | 20.651 | 2.220 |
|   25  | 38.518 | 56.419 | 64.399 | 20.664 | 2.221 |
|   26  | 38.528 | 56.429 | 64.404 | 20.678 | 2.222 |
|   27  | 38.553 | 56.489 | 64.404 | 20.689 | 2.221 |
|   28  | 38.583 | 56.509 | 64.455 | 20.704 | 2.221 |
|   29  | 38.644 | 56.555 | 64.460 | 20.719 | 2.222 |
+-------+--------+--------+--------+--------+-------+
     logs:  {'epo': 29, 'R1': np.float32(38.644), 'R5': np.float32(56.555), 'R10': np.float32(64.46), 'mAP': np.float32(20.719), 'mINP': np.float32(2.222), 'entropy': 0.3139597222208977, 'loss': 0.3139597222208977, 'lr': 5.000000000000022e-06}
### best epoch 29 : {'epo': '29', 'R1': '38.644', 'R5': '56.555', 'R10': '64.46', 'mAP': '20.719', 'mINP': '2.222', 'entropy': '0.3139597222208977', 'loss': '0.3139597222208977', 'lr': '5.000000000000022e-06'}
### Time 0:52:12
