Not using distributed mode
### Hyper-parameters:
     output_dir: output_rerun/ham_icfg_tta/exp2.0.4.2/2025090922243
     seed: 42
     device: cuda
     batch_size_tta: 16
     epochs: 30
     lr: 0.001
### Creating test dataset
     test_txt_set: 19848    test_img_set: 19848
     test_txt_loader: 39    test_img_loader: 39
### Creating model
Training Model with ['sdm', 'id', 'mlm'] tasks
Resized position embedding from size:torch.Size([1, 197, 768]) to size: torch.Size([1, 193, 768]) with height:24 width: 8
     Total Params Sum:  190482206
### Zero-Shot Score: 
/home/jiahao/task/IRRA/tta.py:261: FutureWarning: `torch.cuda.amp.GradScaler(args...)` is deprecated. Please use `torch.amp.GradScaler('cuda', args...)` instead.
  scaler = GradScaler()  # bf16
+-------+--------+--------+--------+--------+-------+
| epoch |   R1   |   R5   |  R10   |  mAP   |  mINP |
+-------+--------+--------+--------+--------+-------+
|  -999 | 37.304 | 55.557 | 63.548 | 20.140 | 2.213 |
+-------+--------+--------+--------+--------+-------+
### TTA:
### Compute Cos Similarity Uncertainty
     preprocess_tta_coefficients  start
     sample selection ...
     number of sample after sample_selection: 1757
     uncertainty ...
     pos/neg sampling ...
      number of sample after pos/neg sampling: torch.Size([19848, 8])
     preprocess_tta_coefficients  end
### Creating TTA dataset
     tta_dataset: 1757
### Creating tta dataloader
### be careful: func create_loader returns a list length of 1
     tta_loader: 109
### Configure adapted weights
     TTA Dropout Modules: 
 []
     TTA Require Gradient Params: 
 [('base_model.transformer.resblocks.1.ln_1.weight', torch.Size([512])), ('base_model.transformer.resblocks.1.ln_1.bias', torch.Size([512])), ('base_model.transformer.resblocks.1.ln_2.weight', torch.Size([512])), ('base_model.transformer.resblocks.1.ln_2.bias', torch.Size([512])), ('base_model.transformer.resblocks.2.ln_1.weight', torch.Size([512])), ('base_model.transformer.resblocks.2.ln_1.bias', torch.Size([512])), ('base_model.transformer.resblocks.2.ln_2.weight', torch.Size([512])), ('base_model.transformer.resblocks.2.ln_2.bias', torch.Size([512])), ('base_model.transformer.resblocks.3.ln_1.weight', torch.Size([512])), ('base_model.transformer.resblocks.3.ln_1.bias', torch.Size([512])), ('base_model.transformer.resblocks.3.ln_2.weight', torch.Size([512])), ('base_model.transformer.resblocks.3.ln_2.bias', torch.Size([512])), ('base_model.transformer.resblocks.4.ln_1.weight', torch.Size([512])), ('base_model.transformer.resblocks.4.ln_1.bias', torch.Size([512])), ('base_model.transformer.resblocks.4.ln_2.weight', torch.Size([512])), ('base_model.transformer.resblocks.4.ln_2.bias', torch.Size([512])), ('base_model.transformer.resblocks.5.ln_1.weight', torch.Size([512])), ('base_model.transformer.resblocks.5.ln_1.bias', torch.Size([512])), ('base_model.transformer.resblocks.5.ln_2.weight', torch.Size([512])), ('base_model.transformer.resblocks.5.ln_2.bias', torch.Size([512])), ('base_model.transformer.resblocks.7.ln_1.weight', torch.Size([512])), ('base_model.transformer.resblocks.7.ln_1.bias', torch.Size([512])), ('base_model.transformer.resblocks.7.ln_2.weight', torch.Size([512])), ('base_model.transformer.resblocks.7.ln_2.bias', torch.Size([512])), ('base_model.transformer.resblocks.8.ln_1.weight', torch.Size([512])), ('base_model.transformer.resblocks.8.ln_1.bias', torch.Size([512])), ('base_model.transformer.resblocks.8.ln_2.weight', torch.Size([512])), ('base_model.transformer.resblocks.8.ln_2.bias', torch.Size([512])), ('base_model.transformer.resblocks.9.ln_1.weight', torch.Size([512])), ('base_model.transformer.resblocks.9.ln_1.bias', torch.Size([512])), ('base_model.transformer.resblocks.9.ln_2.weight', torch.Size([512])), ('base_model.transformer.resblocks.9.ln_2.bias', torch.Size([512])), ('base_model.transformer.resblocks.10.ln_1.weight', torch.Size([512])), ('base_model.transformer.resblocks.10.ln_1.bias', torch.Size([512])), ('base_model.transformer.resblocks.10.ln_2.weight', torch.Size([512])), ('base_model.transformer.resblocks.10.ln_2.bias', torch.Size([512])), ('base_model.transformer.resblocks.11.ln_1.weight', torch.Size([512])), ('base_model.transformer.resblocks.11.ln_1.bias', torch.Size([512])), ('base_model.transformer.resblocks.11.ln_2.weight', torch.Size([512])), ('base_model.transformer.resblocks.11.ln_2.bias', torch.Size([512])), ('base_model.ln_final.weight', torch.Size([512])), ('base_model.ln_final.bias', torch.Size([512]))]
     TTA Dropout Modules Number: 
 0
     TTA Require Gradient Params Sum: 
 21504
Using 5.0 times learning rate for random init module 
### Start Test Time Adaptation
/home/jiahao/task/IRRA/tta.py:65: FutureWarning: `torch.cuda.amp.autocast(args...)` is deprecated. Please use `torch.amp.autocast('cuda', args...)` instead.
  with torch.cuda.amp.autocast(enabled=True):
     Epoch[0] Iteration[10/109], entropy: 0.3881, loss: 1.4676, lr: 9.38e-04
     Epoch[0] Iteration[20/109], entropy: 0.1770, loss: 1.2744, lr: 4.06e-04
     Epoch[0] Iteration[30/109], entropy: 0.0799, loss: 1.1992, lr: 3.94e-06
     Epoch[0] Iteration[40/109], entropy: 0.2614, loss: 1.3607, lr: 2.87e-04
     Epoch[0] Iteration[50/109], entropy: 0.1181, loss: 1.2286, lr: 8.64e-04
     Epoch[0] Iteration[60/109], entropy: 0.2977, loss: 1.3754, lr: 9.38e-04
     Epoch[0] Iteration[70/109], entropy: 0.3198, loss: 1.4850, lr: 4.06e-04
     Epoch[0] Iteration[80/109], entropy: 0.2099, loss: 1.2925, lr: 3.94e-06
     Epoch[0] Iteration[90/109], entropy: 0.2558, loss: 1.3294, lr: 2.87e-04
     Epoch[0] Iteration[100/109], entropy: 0.3079, loss: 1.4193, lr: 8.64e-04
     Averaged stats: entropy: 0.3631, loss: 1.4617, lr: 9.65e-04
     itm tta time 0:00:22
### TTA Eval Score: 
+-------+--------+--------+--------+--------+-------+
| epoch |   R1   |   R5   |  R10   |  mAP   |  mINP |
+-------+--------+--------+--------+--------+-------+
|  -999 | 37.304 | 55.557 | 63.548 | 20.140 | 2.213 |
|   0   | 39.661 | 57.275 | 65.387 | 21.378 | 2.319 |
+-------+--------+--------+--------+--------+-------+
     logs:  {'epo': 0, 'R1': np.float32(39.661), 'R5': np.float32(57.275), 'R10': np.float32(65.387), 'mAP': np.float32(21.378), 'mINP': np.float32(2.319), 'entropy': 0.24156292527914047, 'loss': 1.343218457698822, 'lr': 0.0004999999999999998}
     Epoch[1] Iteration[10/109], entropy: 0.1530, loss: 1.2526, lr: 4.69e-04
     Epoch[1] Iteration[20/109], entropy: 0.0774, loss: 1.1645, lr: 1.57e-05
     Epoch[1] Iteration[30/109], entropy: 0.2286, loss: 1.3540, lr: 2.32e-04
     Epoch[1] Iteration[40/109], entropy: 0.1035, loss: 1.1900, lr: 8.19e-04
     Epoch[1] Iteration[50/109], entropy: 0.1093, loss: 1.2027, lr: 9.65e-04
     Epoch[1] Iteration[60/109], entropy: 0.0587, loss: 1.1327, lr: 4.69e-04
     Epoch[1] Iteration[70/109], entropy: 0.3105, loss: 1.3394, lr: 1.57e-05
     Epoch[1] Iteration[80/109], entropy: 0.2136, loss: 1.2769, lr: 2.32e-04
     Epoch[1] Iteration[90/109], entropy: 0.1992, loss: 1.3154, lr: 8.19e-04
     Epoch[1] Iteration[100/109], entropy: 0.1665, loss: 1.2521, lr: 9.65e-04
     Averaged stats: entropy: 0.2541, loss: 1.4090, lr: 5.31e-04
     itm tta time 0:00:22
### TTA Eval Score: 
+-------+--------+--------+--------+--------+-------+
| epoch |   R1   |   R5   |  R10   |  mAP   |  mINP |
+-------+--------+--------+--------+--------+-------+
|  -999 | 37.304 | 55.557 | 63.548 | 20.140 | 2.213 |
|   0   | 39.661 | 57.275 | 65.387 | 21.378 | 2.319 |
|   1   | 40.014 | 57.522 | 65.604 | 21.557 | 2.320 |
+-------+--------+--------+--------+--------+-------+
     logs:  {'epo': 1, 'R1': np.float32(40.014), 'R5': np.float32(57.522), 'R10': np.float32(65.604), 'mAP': np.float32(21.557), 'mINP': np.float32(2.32), 'entropy': 0.16202424727380277, 'loss': 1.2480295658111573, 'lr': 0.0005000000000000002}
     Epoch[2] Iteration[10/109], entropy: 0.2291, loss: 1.3380, lr: 3.51e-05
     Epoch[2] Iteration[20/109], entropy: 0.2016, loss: 1.2764, lr: 1.81e-04
     Epoch[2] Iteration[30/109], entropy: 0.2559, loss: 1.3620, lr: 7.68e-04
     Epoch[2] Iteration[40/109], entropy: 0.1515, loss: 1.2577, lr: 9.84e-04
     Epoch[2] Iteration[50/109], entropy: 0.1284, loss: 1.2660, lr: 5.31e-04
     Epoch[2] Iteration[60/109], entropy: 0.1584, loss: 1.2755, lr: 3.51e-05
     Epoch[2] Iteration[70/109], entropy: 0.2861, loss: 1.4365, lr: 1.81e-04
     Epoch[2] Iteration[80/109], entropy: 0.0986, loss: 1.2113, lr: 7.68e-04
     Epoch[2] Iteration[90/109], entropy: 0.1968, loss: 1.3105, lr: 9.84e-04
     Epoch[2] Iteration[100/109], entropy: 0.2893, loss: 1.3833, lr: 5.31e-04
     Averaged stats: entropy: 0.2002, loss: 1.2781, lr: 6.18e-05
     itm tta time 0:00:23
### TTA Eval Score: 
+-------+--------+--------+--------+--------+-------+
| epoch |   R1   |   R5   |  R10   |  mAP   |  mINP |
+-------+--------+--------+--------+--------+-------+
|  -999 | 37.304 | 55.557 | 63.548 | 20.140 | 2.213 |
|   0   | 39.661 | 57.275 | 65.387 | 21.378 | 2.319 |
|   1   | 40.014 | 57.522 | 65.604 | 21.557 | 2.320 |
|   2   | 40.044 | 57.668 | 65.725 | 21.416 | 2.226 |
+-------+--------+--------+--------+--------+-------+
     logs:  {'epo': 2, 'R1': np.float32(40.044), 'R5': np.float32(57.668), 'R10': np.float32(65.724), 'mAP': np.float32(21.416), 'mINP': np.float32(2.226), 'entropy': 0.19958671405911446, 'loss': 1.3117130994796753, 'lr': 0.0004999999999999998}
     Epoch[3] Iteration[10/109], entropy: 0.1470, loss: 1.2652, lr: 1.36e-04
     Epoch[3] Iteration[20/109], entropy: 0.2641, loss: 1.3326, lr: 7.13e-04
     Epoch[3] Iteration[30/109], entropy: 0.1286, loss: 1.2350, lr: 9.96e-04
     Epoch[3] Iteration[40/109], entropy: 0.1222, loss: 1.2482, lr: 5.94e-04
     Epoch[3] Iteration[50/109], entropy: 0.2028, loss: 1.3681, lr: 6.18e-05
     Epoch[3] Iteration[60/109], entropy: 0.1393, loss: 1.2160, lr: 1.36e-04
     Epoch[3] Iteration[70/109], entropy: 0.1271, loss: 1.2621, lr: 7.13e-04
     Epoch[3] Iteration[80/109], entropy: 0.0992, loss: 1.2278, lr: 9.96e-04
     Epoch[3] Iteration[90/109], entropy: 0.2477, loss: 1.3657, lr: 5.94e-04
     Epoch[3] Iteration[100/109], entropy: 0.1546, loss: 1.2381, lr: 6.18e-05
     Averaged stats: entropy: 0.2050, loss: 1.3154, lr: 9.55e-05
     itm tta time 0:00:21
### TTA Eval Score: 
+-------+--------+--------+--------+--------+-------+
| epoch |   R1   |   R5   |  R10   |  mAP   |  mINP |
+-------+--------+--------+--------+--------+-------+
|  -999 | 37.304 | 55.557 | 63.548 | 20.140 | 2.213 |
|   0   | 39.661 | 57.275 | 65.387 | 21.378 | 2.319 |
|   1   | 40.014 | 57.522 | 65.604 | 21.557 | 2.320 |
|   2   | 40.044 | 57.668 | 65.725 | 21.416 | 2.226 |
|   3   | 40.160 | 57.527 | 65.624 | 21.480 | 2.267 |
+-------+--------+--------+--------+--------+-------+
     logs:  {'epo': 3, 'R1': np.float32(40.16), 'R5': np.float32(57.527), 'R10': np.float32(65.624), 'mAP': np.float32(21.48), 'mINP': np.float32(2.267), 'entropy': 0.1632556289434433, 'loss': 1.2758704543113708, 'lr': 0.0004999999999999997}
     Epoch[4] Iteration[10/109], entropy: 0.1199, loss: 1.2003, lr: 6.55e-04
     Epoch[4] Iteration[20/109], entropy: 0.2696, loss: 1.3958, lr: 1.00e-03
     Epoch[4] Iteration[30/109], entropy: 0.1903, loss: 1.2870, lr: 6.55e-04
     Epoch[4] Iteration[40/109], entropy: 0.2307, loss: 1.3113, lr: 9.55e-05
     Epoch[4] Iteration[50/109], entropy: 0.1355, loss: 1.2234, lr: 9.55e-05
     Epoch[4] Iteration[60/109], entropy: 0.2885, loss: 1.3689, lr: 6.55e-04
     Epoch[4] Iteration[70/109], entropy: 0.0541, loss: 1.1522, lr: 1.00e-03
     Epoch[4] Iteration[80/109], entropy: 0.0694, loss: 1.1349, lr: 6.55e-04
     Epoch[4] Iteration[90/109], entropy: 0.1044, loss: 1.1735, lr: 9.55e-05
     Epoch[4] Iteration[100/109], entropy: 0.2308, loss: 1.3097, lr: 9.55e-05
     Averaged stats: entropy: 0.1370, loss: 1.2215, lr: 5.94e-04
     itm tta time 0:00:22
### TTA Eval Score: 
+-------+--------+--------+--------+--------+-------+
| epoch |   R1   |   R5   |  R10   |  mAP   |  mINP |
+-------+--------+--------+--------+--------+-------+
|  -999 | 37.304 | 55.557 | 63.548 | 20.140 | 2.213 |
|   0   | 39.661 | 57.275 | 65.387 | 21.378 | 2.319 |
|   1   | 40.014 | 57.522 | 65.604 | 21.557 | 2.320 |
|   2   | 40.044 | 57.668 | 65.725 | 21.416 | 2.226 |
|   3   | 40.160 | 57.527 | 65.624 | 21.480 | 2.267 |
|   4   | 40.674 | 58.086 | 65.966 | 21.732 | 2.294 |
+-------+--------+--------+--------+--------+-------+
     logs:  {'epo': 4, 'R1': np.float32(40.674), 'R5': np.float32(58.086), 'R10': np.float32(65.966), 'mAP': np.float32(21.732), 'mINP': np.float32(2.294), 'entropy': 0.16931950971484183, 'loss': 1.255687952041626, 'lr': 0.0005000000000000011}
     Epoch[5] Iteration[10/109], entropy: 0.1928, loss: 1.2998, lr: 9.96e-04
     Epoch[5] Iteration[20/109], entropy: 0.0890, loss: 1.1864, lr: 7.13e-04
     Epoch[5] Iteration[30/109], entropy: 0.0787, loss: 1.1330, lr: 1.36e-04
     Epoch[5] Iteration[40/109], entropy: 0.1152, loss: 1.1695, lr: 6.18e-05
     Epoch[5] Iteration[50/109], entropy: 0.0675, loss: 1.1970, lr: 5.94e-04
     Epoch[5] Iteration[60/109], entropy: 0.2805, loss: 1.3818, lr: 9.96e-04
     Epoch[5] Iteration[70/109], entropy: 0.1425, loss: 1.2194, lr: 7.13e-04
     Epoch[5] Iteration[80/109], entropy: 0.1883, loss: 1.3849, lr: 1.36e-04
     Epoch[5] Iteration[90/109], entropy: 0.1751, loss: 1.2675, lr: 6.18e-05
     Epoch[5] Iteration[100/109], entropy: 0.1181, loss: 1.2055, lr: 5.94e-04
     Averaged stats: entropy: 0.1151, loss: 1.2181, lr: 9.84e-04
     itm tta time 0:00:21
### TTA Eval Score: 
+-------+--------+--------+--------+--------+-------+
| epoch |   R1   |   R5   |  R10   |  mAP   |  mINP |
+-------+--------+--------+--------+--------+-------+
|  -999 | 37.304 | 55.557 | 63.548 | 20.140 | 2.213 |
|   0   | 39.661 | 57.275 | 65.387 | 21.378 | 2.319 |
|   1   | 40.014 | 57.522 | 65.604 | 21.557 | 2.320 |
|   2   | 40.044 | 57.668 | 65.725 | 21.416 | 2.226 |
|   3   | 40.160 | 57.527 | 65.624 | 21.480 | 2.267 |
|   4   | 40.674 | 58.086 | 65.966 | 21.732 | 2.294 |
|   5   | 40.730 | 58.177 | 66.102 | 21.779 | 2.313 |
+-------+--------+--------+--------+--------+-------+
     logs:  {'epo': 5, 'R1': np.float32(40.73), 'R5': np.float32(58.177), 'R10': np.float32(66.102), 'mAP': np.float32(21.779), 'mINP': np.float32(2.313), 'entropy': 0.14477649629116057, 'loss': 1.2444691896438598, 'lr': 0.0004999999999999996}
     Epoch[6] Iteration[10/109], entropy: 0.1829, loss: 1.3184, lr: 7.68e-04
     Epoch[6] Iteration[20/109], entropy: 0.2630, loss: 1.3441, lr: 1.81e-04
     Epoch[6] Iteration[30/109], entropy: 0.1441, loss: 1.2971, lr: 3.51e-05
     Epoch[6] Iteration[40/109], entropy: 0.1867, loss: 1.2702, lr: 5.31e-04
     Epoch[6] Iteration[50/109], entropy: 0.0621, loss: 1.1105, lr: 9.84e-04
     Epoch[6] Iteration[60/109], entropy: 0.1093, loss: 1.2016, lr: 7.68e-04
     Epoch[6] Iteration[70/109], entropy: 0.1178, loss: 1.2275, lr: 1.81e-04
     Epoch[6] Iteration[80/109], entropy: 0.1272, loss: 1.1984, lr: 3.51e-05
     Epoch[6] Iteration[90/109], entropy: 0.1622, loss: 1.2593, lr: 5.31e-04
     Epoch[6] Iteration[100/109], entropy: 0.1661, loss: 1.2803, lr: 9.84e-04
     Averaged stats: entropy: 0.2813, loss: 1.4549, lr: 8.19e-04
     itm tta time 0:00:22
### TTA Eval Score: 
+-------+--------+--------+--------+--------+-------+
| epoch |   R1   |   R5   |  R10   |  mAP   |  mINP |
+-------+--------+--------+--------+--------+-------+
|  -999 | 37.304 | 55.557 | 63.548 | 20.140 | 2.213 |
|   0   | 39.661 | 57.275 | 65.387 | 21.378 | 2.319 |
|   1   | 40.014 | 57.522 | 65.604 | 21.557 | 2.320 |
|   2   | 40.044 | 57.668 | 65.725 | 21.416 | 2.226 |
|   3   | 40.160 | 57.527 | 65.624 | 21.480 | 2.267 |
|   4   | 40.674 | 58.086 | 65.966 | 21.732 | 2.294 |
|   5   | 40.730 | 58.177 | 66.102 | 21.779 | 2.313 |
|   6   | 40.871 | 58.238 | 66.294 | 21.877 | 2.340 |
+-------+--------+--------+--------+--------+-------+
     logs:  {'epo': 6, 'R1': np.float32(40.871), 'R5': np.float32(58.238), 'R10': np.float32(66.294), 'mAP': np.float32(21.877), 'mINP': np.float32(2.34), 'entropy': 0.15215187668800353, 'loss': 1.250743556022644, 'lr': 0.0005000000000000004}
     Epoch[7] Iteration[10/109], entropy: 0.2603, loss: 1.3963, lr: 2.32e-04
     Epoch[7] Iteration[20/109], entropy: 0.2098, loss: 1.3589, lr: 1.57e-05
     Epoch[7] Iteration[30/109], entropy: 0.2131, loss: 1.2982, lr: 4.69e-04
     Epoch[7] Iteration[40/109], entropy: 0.2415, loss: 1.3024, lr: 9.65e-04
     Epoch[7] Iteration[50/109], entropy: 0.3142, loss: 1.4309, lr: 8.19e-04
     Epoch[7] Iteration[60/109], entropy: 0.1056, loss: 1.2281, lr: 2.32e-04
     Epoch[7] Iteration[70/109], entropy: 0.1316, loss: 1.2507, lr: 1.57e-05
     Epoch[7] Iteration[80/109], entropy: 0.0901, loss: 1.1593, lr: 4.69e-04
     Epoch[7] Iteration[90/109], entropy: 0.1322, loss: 1.2483, lr: 9.65e-04
     Epoch[7] Iteration[100/109], entropy: 0.2075, loss: 1.3397, lr: 8.19e-04
     Averaged stats: entropy: 0.1227, loss: 1.1780, lr: 2.87e-04
     itm tta time 0:00:22
### TTA Eval Score: 
+-------+--------+--------+--------+--------+-------+
| epoch |   R1   |   R5   |  R10   |  mAP   |  mINP |
+-------+--------+--------+--------+--------+-------+
|  -999 | 37.304 | 55.557 | 63.548 | 20.140 | 2.213 |
|   0   | 39.661 | 57.275 | 65.387 | 21.378 | 2.319 |
|   1   | 40.014 | 57.522 | 65.604 | 21.557 | 2.320 |
|   2   | 40.044 | 57.668 | 65.725 | 21.416 | 2.226 |
|   3   | 40.160 | 57.527 | 65.624 | 21.480 | 2.267 |
|   4   | 40.674 | 58.086 | 65.966 | 21.732 | 2.294 |
|   5   | 40.730 | 58.177 | 66.102 | 21.779 | 2.313 |
|   6   | 40.871 | 58.238 | 66.294 | 21.877 | 2.340 |
|   7   | 40.639 | 58.207 | 66.238 | 21.892 | 2.368 |
+-------+--------+--------+--------+--------+-------+
     logs:  {'epo': 7, 'R1': np.float32(40.639), 'R5': np.float32(58.207), 'R10': np.float32(66.238), 'mAP': np.float32(21.892), 'mINP': np.float32(2.368), 'entropy': 0.19058846011757852, 'loss': 1.3012802362442017, 'lr': 0.0004999999999999994}
     Epoch[8] Iteration[10/109], entropy: 0.1097, loss: 1.1741, lr: 3.94e-06
     Epoch[8] Iteration[20/109], entropy: 0.1096, loss: 1.1804, lr: 4.06e-04
     Epoch[8] Iteration[30/109], entropy: 0.2076, loss: 1.2894, lr: 9.38e-04
     Epoch[8] Iteration[40/109], entropy: 0.1501, loss: 1.2764, lr: 8.64e-04
     Epoch[8] Iteration[50/109], entropy: 0.1383, loss: 1.2481, lr: 2.87e-04
     Epoch[8] Iteration[60/109], entropy: 0.0656, loss: 1.1429, lr: 3.94e-06
     Epoch[8] Iteration[70/109], entropy: 0.0881, loss: 1.1972, lr: 4.06e-04
     Epoch[8] Iteration[80/109], entropy: 0.1388, loss: 1.2321, lr: 9.38e-04
     Epoch[8] Iteration[90/109], entropy: 0.0746, loss: 1.2349, lr: 8.64e-04
     Epoch[8] Iteration[100/109], entropy: 0.2017, loss: 1.2934, lr: 2.87e-04
     Averaged stats: entropy: 0.1802, loss: 1.2748, lr: 0.00e+00
     itm tta time 0:00:22
### TTA Eval Score: 
+-------+--------+--------+--------+--------+-------+
| epoch |   R1   |   R5   |  R10   |  mAP   |  mINP |
+-------+--------+--------+--------+--------+-------+
|  -999 | 37.304 | 55.557 | 63.548 | 20.140 | 2.213 |
|   0   | 39.661 | 57.275 | 65.387 | 21.378 | 2.319 |
|   1   | 40.014 | 57.522 | 65.604 | 21.557 | 2.320 |
|   2   | 40.044 | 57.668 | 65.725 | 21.416 | 2.226 |
|   3   | 40.160 | 57.527 | 65.624 | 21.480 | 2.267 |
|   4   | 40.674 | 58.086 | 65.966 | 21.732 | 2.294 |
|   5   | 40.730 | 58.177 | 66.102 | 21.779 | 2.313 |
|   6   | 40.871 | 58.238 | 66.294 | 21.877 | 2.340 |
|   7   | 40.639 | 58.207 | 66.238 | 21.892 | 2.368 |
|   8   | 40.840 | 58.263 | 66.238 | 21.833 | 2.294 |
+-------+--------+--------+--------+--------+-------+
     logs:  {'epo': 8, 'R1': np.float32(40.84), 'R5': np.float32(58.263), 'R10': np.float32(66.238), 'mAP': np.float32(21.833), 'mINP': np.float32(2.294), 'entropy': 0.12841775342822076, 'loss': 1.2268947958946228, 'lr': 0.0004999999999999996}
     Epoch[9] Iteration[10/109], entropy: 0.1214, loss: 1.2800, lr: 3.45e-04
     Epoch[9] Iteration[20/109], entropy: 0.1830, loss: 1.2847, lr: 9.05e-04
     Epoch[9] Iteration[30/109], entropy: 0.1356, loss: 1.1989, lr: 9.05e-04
     Epoch[9] Iteration[40/109], entropy: 0.0935, loss: 1.1695, lr: 3.45e-04
     Epoch[9] Iteration[50/109], entropy: 0.1014, loss: 1.1557, lr: 0.00e+00
     Epoch[9] Iteration[60/109], entropy: 0.1703, loss: 1.2786, lr: 3.45e-04
     Epoch[9] Iteration[70/109], entropy: 0.1769, loss: 1.3099, lr: 9.05e-04
     Epoch[9] Iteration[80/109], entropy: 0.1776, loss: 1.3042, lr: 9.05e-04
     Epoch[9] Iteration[90/109], entropy: 0.1230, loss: 1.2130, lr: 3.45e-04
     Epoch[9] Iteration[100/109], entropy: 0.1715, loss: 1.2770, lr: 0.00e+00
     Averaged stats: entropy: 0.2470, loss: 1.3249, lr: 2.87e-04
     itm tta time 0:00:23
### TTA Eval Score: 
+-------+--------+--------+--------+--------+-------+
| epoch |   R1   |   R5   |  R10   |  mAP   |  mINP |
+-------+--------+--------+--------+--------+-------+
|  -999 | 37.304 | 55.557 | 63.548 | 20.140 | 2.213 |
|   0   | 39.661 | 57.275 | 65.387 | 21.378 | 2.319 |
|   1   | 40.014 | 57.522 | 65.604 | 21.557 | 2.320 |
|   2   | 40.044 | 57.668 | 65.725 | 21.416 | 2.226 |
|   3   | 40.160 | 57.527 | 65.624 | 21.480 | 2.267 |
|   4   | 40.674 | 58.086 | 65.966 | 21.732 | 2.294 |
|   5   | 40.730 | 58.177 | 66.102 | 21.779 | 2.313 |
|   6   | 40.871 | 58.238 | 66.294 | 21.877 | 2.340 |
|   7   | 40.639 | 58.207 | 66.238 | 21.892 | 2.368 |
|   8   | 40.840 | 58.263 | 66.238 | 21.833 | 2.294 |
|   9   | 40.508 | 57.976 | 65.946 | 21.658 | 2.291 |
+-------+--------+--------+--------+--------+-------+
     logs:  {'epo': 9, 'R1': np.float32(40.508), 'R5': np.float32(57.976), 'R10': np.float32(65.946), 'mAP': np.float32(21.658), 'mINP': np.float32(2.291), 'entropy': 0.14541853219270706, 'loss': 1.2471412897109986, 'lr': 0.0004999999999999976}
     Epoch[10] Iteration[10/109], entropy: 0.2018, loss: 1.3019, lr: 8.64e-04
     Epoch[10] Iteration[20/109], entropy: 0.1010, loss: 1.2439, lr: 9.38e-04
     Epoch[10] Iteration[30/109], entropy: 0.1666, loss: 1.2656, lr: 4.06e-04
     Epoch[10] Iteration[40/109], entropy: 0.1597, loss: 1.2735, lr: 3.94e-06
     Epoch[10] Iteration[50/109], entropy: 0.0665, loss: 1.2124, lr: 2.87e-04
     Epoch[10] Iteration[60/109], entropy: 0.1524, loss: 1.2142, lr: 8.64e-04
     Epoch[10] Iteration[70/109], entropy: 0.0692, loss: 1.2097, lr: 9.38e-04
     Epoch[10] Iteration[80/109], entropy: 0.1972, loss: 1.3512, lr: 4.06e-04
     Epoch[10] Iteration[90/109], entropy: 0.1129, loss: 1.2267, lr: 3.94e-06
     Epoch[10] Iteration[100/109], entropy: 0.1181, loss: 1.1951, lr: 2.87e-04
     Averaged stats: entropy: 0.0740, loss: 1.1687, lr: 8.19e-04
     itm tta time 0:00:23
### TTA Eval Score: 
+-------+--------+--------+--------+--------+-------+
| epoch |   R1   |   R5   |  R10   |  mAP   |  mINP |
+-------+--------+--------+--------+--------+-------+
|  -999 | 37.304 | 55.557 | 63.548 | 20.140 | 2.213 |
|   0   | 39.661 | 57.275 | 65.387 | 21.378 | 2.319 |
|   1   | 40.014 | 57.522 | 65.604 | 21.557 | 2.320 |
|   2   | 40.044 | 57.668 | 65.725 | 21.416 | 2.226 |
|   3   | 40.160 | 57.527 | 65.624 | 21.480 | 2.267 |
|   4   | 40.674 | 58.086 | 65.966 | 21.732 | 2.294 |
|   5   | 40.730 | 58.177 | 66.102 | 21.779 | 2.313 |
|   6   | 40.871 | 58.238 | 66.294 | 21.877 | 2.340 |
|   7   | 40.639 | 58.207 | 66.238 | 21.892 | 2.368 |
|   8   | 40.840 | 58.263 | 66.238 | 21.833 | 2.294 |
|   9   | 40.508 | 57.976 | 65.946 | 21.658 | 2.291 |
|   10  | 40.795 | 58.243 | 66.223 | 21.783 | 2.297 |
+-------+--------+--------+--------+--------+-------+
     logs:  {'epo': 10, 'R1': np.float32(40.795), 'R5': np.float32(58.243), 'R10': np.float32(66.223), 'mAP': np.float32(21.783), 'mINP': np.float32(2.297), 'entropy': 0.13452071696519852, 'loss': 1.2494353532791138, 'lr': 0.0005000000000000002}
     Epoch[11] Iteration[10/109], entropy: 0.0912, loss: 1.2503, lr: 9.65e-04
     Epoch[11] Iteration[20/109], entropy: 0.1030, loss: 1.1858, lr: 4.69e-04
     Epoch[11] Iteration[30/109], entropy: 0.0961, loss: 1.1803, lr: 1.57e-05
     Epoch[11] Iteration[40/109], entropy: 0.2193, loss: 1.3203, lr: 2.32e-04
     Epoch[11] Iteration[50/109], entropy: 0.2046, loss: 1.3679, lr: 8.19e-04
     Epoch[11] Iteration[60/109], entropy: 0.2020, loss: 1.3634, lr: 9.65e-04
     Epoch[11] Iteration[70/109], entropy: 0.2272, loss: 1.3762, lr: 4.69e-04
     Epoch[11] Iteration[80/109], entropy: 0.1464, loss: 1.2852, lr: 1.57e-05
     Epoch[11] Iteration[90/109], entropy: 0.0746, loss: 1.1608, lr: 2.32e-04
     Epoch[11] Iteration[100/109], entropy: 0.1373, loss: 1.2055, lr: 8.19e-04
     Averaged stats: entropy: 0.1442, loss: 1.2215, lr: 9.84e-04
     itm tta time 0:00:22
### TTA Eval Score: 
+-------+--------+--------+--------+--------+-------+
| epoch |   R1   |   R5   |  R10   |  mAP   |  mINP |
+-------+--------+--------+--------+--------+-------+
|  -999 | 37.304 | 55.557 | 63.548 | 20.140 | 2.213 |
|   0   | 39.661 | 57.275 | 65.387 | 21.378 | 2.319 |
|   1   | 40.014 | 57.522 | 65.604 | 21.557 | 2.320 |
|   2   | 40.044 | 57.668 | 65.725 | 21.416 | 2.226 |
|   3   | 40.160 | 57.527 | 65.624 | 21.480 | 2.267 |
|   4   | 40.674 | 58.086 | 65.966 | 21.732 | 2.294 |
|   5   | 40.730 | 58.177 | 66.102 | 21.779 | 2.313 |
|   6   | 40.871 | 58.238 | 66.294 | 21.877 | 2.340 |
|   7   | 40.639 | 58.207 | 66.238 | 21.892 | 2.368 |
|   8   | 40.840 | 58.263 | 66.238 | 21.833 | 2.294 |
|   9   | 40.508 | 57.976 | 65.946 | 21.658 | 2.291 |
|   10  | 40.795 | 58.243 | 66.223 | 21.783 | 2.297 |
|   11  | 41.067 | 58.429 | 66.339 | 21.923 | 2.320 |
+-------+--------+--------+--------+--------+-------+
     logs:  {'epo': 11, 'R1': np.float32(41.067), 'R5': np.float32(58.429), 'R10': np.float32(66.339), 'mAP': np.float32(21.923), 'mINP': np.float32(2.32), 'entropy': 0.15017212182283401, 'loss': 1.2695595622062683, 'lr': 0.0004999999999999995}
     Epoch[12] Iteration[10/109], entropy: 0.1791, loss: 1.2850, lr: 5.31e-04
     Epoch[12] Iteration[20/109], entropy: 0.0945, loss: 1.2040, lr: 3.51e-05
     Epoch[12] Iteration[30/109], entropy: 0.1358, loss: 1.2538, lr: 1.81e-04
     Epoch[12] Iteration[40/109], entropy: 0.1331, loss: 1.2553, lr: 7.68e-04
     Epoch[12] Iteration[50/109], entropy: 0.2474, loss: 1.3856, lr: 9.84e-04
     Epoch[12] Iteration[60/109], entropy: 0.1627, loss: 1.2390, lr: 5.31e-04
     Epoch[12] Iteration[70/109], entropy: 0.2348, loss: 1.2811, lr: 3.51e-05
     Epoch[12] Iteration[80/109], entropy: 0.1668, loss: 1.3475, lr: 1.81e-04
     Epoch[12] Iteration[90/109], entropy: 0.1629, loss: 1.2722, lr: 7.68e-04
     Epoch[12] Iteration[100/109], entropy: 0.2187, loss: 1.2951, lr: 9.84e-04
     Averaged stats: entropy: 0.1127, loss: 1.1958, lr: 5.94e-04
     itm tta time 0:00:22
### TTA Eval Score: 
+-------+--------+--------+--------+--------+-------+
| epoch |   R1   |   R5   |  R10   |  mAP   |  mINP |
+-------+--------+--------+--------+--------+-------+
|  -999 | 37.304 | 55.557 | 63.548 | 20.140 | 2.213 |
|   0   | 39.661 | 57.275 | 65.387 | 21.378 | 2.319 |
|   1   | 40.014 | 57.522 | 65.604 | 21.557 | 2.320 |
|   2   | 40.044 | 57.668 | 65.725 | 21.416 | 2.226 |
|   3   | 40.160 | 57.527 | 65.624 | 21.480 | 2.267 |
|   4   | 40.674 | 58.086 | 65.966 | 21.732 | 2.294 |
|   5   | 40.730 | 58.177 | 66.102 | 21.779 | 2.313 |
|   6   | 40.871 | 58.238 | 66.294 | 21.877 | 2.340 |
|   7   | 40.639 | 58.207 | 66.238 | 21.892 | 2.368 |
|   8   | 40.840 | 58.263 | 66.238 | 21.833 | 2.294 |
|   9   | 40.508 | 57.976 | 65.946 | 21.658 | 2.291 |
|   10  | 40.795 | 58.243 | 66.223 | 21.783 | 2.297 |
|   11  | 41.067 | 58.429 | 66.339 | 21.923 | 2.320 |
|   12  | 40.871 | 58.338 | 66.193 | 21.969 | 2.390 |
+-------+--------+--------+--------+--------+-------+
     logs:  {'epo': 12, 'R1': np.float32(40.871), 'R5': np.float32(58.338), 'R10': np.float32(66.193), 'mAP': np.float32(21.969), 'mINP': np.float32(2.39), 'entropy': 0.17359073087573051, 'loss': 1.2818533778190613, 'lr': 0.0005000000000000013}
     Epoch[13] Iteration[10/109], entropy: 0.1415, loss: 1.2993, lr: 6.18e-05
     Epoch[13] Iteration[20/109], entropy: 0.0889, loss: 1.1696, lr: 1.36e-04
     Epoch[13] Iteration[30/109], entropy: 0.1020, loss: 1.1985, lr: 7.13e-04
     Epoch[13] Iteration[40/109], entropy: 0.2524, loss: 1.3754, lr: 9.96e-04
     Epoch[13] Iteration[50/109], entropy: 0.0784, loss: 1.2198, lr: 5.94e-04
     Epoch[13] Iteration[60/109], entropy: 0.1624, loss: 1.3420, lr: 6.18e-05
     Epoch[13] Iteration[70/109], entropy: 0.1466, loss: 1.2531, lr: 1.36e-04
     Epoch[13] Iteration[80/109], entropy: 0.0440, loss: 1.1545, lr: 7.13e-04
     Epoch[13] Iteration[90/109], entropy: 0.0909, loss: 1.1966, lr: 9.96e-04
     Epoch[13] Iteration[100/109], entropy: 0.1174, loss: 1.2291, lr: 5.94e-04
     Averaged stats: entropy: 0.1488, loss: 1.2536, lr: 9.55e-05
     itm tta time 0:00:23
### TTA Eval Score: 
+-------+--------+--------+--------+--------+-------+
| epoch |   R1   |   R5   |  R10   |  mAP   |  mINP |
+-------+--------+--------+--------+--------+-------+
|  -999 | 37.304 | 55.557 | 63.548 | 20.140 | 2.213 |
|   0   | 39.661 | 57.275 | 65.387 | 21.378 | 2.319 |
|   1   | 40.014 | 57.522 | 65.604 | 21.557 | 2.320 |
|   2   | 40.044 | 57.668 | 65.725 | 21.416 | 2.226 |
|   3   | 40.160 | 57.527 | 65.624 | 21.480 | 2.267 |
|   4   | 40.674 | 58.086 | 65.966 | 21.732 | 2.294 |
|   5   | 40.730 | 58.177 | 66.102 | 21.779 | 2.313 |
|   6   | 40.871 | 58.238 | 66.294 | 21.877 | 2.340 |
|   7   | 40.639 | 58.207 | 66.238 | 21.892 | 2.368 |
|   8   | 40.840 | 58.263 | 66.238 | 21.833 | 2.294 |
|   9   | 40.508 | 57.976 | 65.946 | 21.658 | 2.291 |
|   10  | 40.795 | 58.243 | 66.223 | 21.783 | 2.297 |
|   11  | 41.067 | 58.429 | 66.339 | 21.923 | 2.320 |
|   12  | 40.871 | 58.338 | 66.193 | 21.969 | 2.390 |
|   13  | 40.936 | 58.273 | 66.183 | 21.808 | 2.313 |
+-------+--------+--------+--------+--------+-------+
     logs:  {'epo': 13, 'R1': np.float32(40.936), 'R5': np.float32(58.273), 'R10': np.float32(66.183), 'mAP': np.float32(21.808), 'mINP': np.float32(2.313), 'entropy': 0.12245172336697578, 'loss': 1.2438120245933533, 'lr': 0.0005000000000000011}
     Epoch[14] Iteration[10/109], entropy: 0.1071, loss: 1.1681, lr: 9.55e-05
     Epoch[14] Iteration[20/109], entropy: 0.1160, loss: 1.1945, lr: 6.55e-04
     Epoch[14] Iteration[30/109], entropy: 0.1254, loss: 1.2591, lr: 1.00e-03
     Epoch[14] Iteration[40/109], entropy: 0.1248, loss: 1.2488, lr: 6.55e-04
     Epoch[14] Iteration[50/109], entropy: 0.1918, loss: 1.2841, lr: 9.55e-05
     Epoch[14] Iteration[60/109], entropy: 0.1316, loss: 1.2504, lr: 9.55e-05
     Epoch[14] Iteration[70/109], entropy: 0.1883, loss: 1.2702, lr: 6.55e-04
     Epoch[14] Iteration[80/109], entropy: 0.1882, loss: 1.2957, lr: 1.00e-03
     Epoch[14] Iteration[90/109], entropy: 0.0899, loss: 1.2951, lr: 6.55e-04
     Epoch[14] Iteration[100/109], entropy: 0.0828, loss: 1.2236, lr: 9.55e-05
     Averaged stats: entropy: 0.0409, loss: 1.1137, lr: 6.18e-05
     itm tta time 0:00:23
### TTA Eval Score: 
+-------+--------+--------+--------+--------+-------+
| epoch |   R1   |   R5   |  R10   |  mAP   |  mINP |
+-------+--------+--------+--------+--------+-------+
|  -999 | 37.304 | 55.557 | 63.548 | 20.140 | 2.213 |
|   0   | 39.661 | 57.275 | 65.387 | 21.378 | 2.319 |
|   1   | 40.014 | 57.522 | 65.604 | 21.557 | 2.320 |
|   2   | 40.044 | 57.668 | 65.725 | 21.416 | 2.226 |
|   3   | 40.160 | 57.527 | 65.624 | 21.480 | 2.267 |
|   4   | 40.674 | 58.086 | 65.966 | 21.732 | 2.294 |
|   5   | 40.730 | 58.177 | 66.102 | 21.779 | 2.313 |
|   6   | 40.871 | 58.238 | 66.294 | 21.877 | 2.340 |
|   7   | 40.639 | 58.207 | 66.238 | 21.892 | 2.368 |
|   8   | 40.840 | 58.263 | 66.238 | 21.833 | 2.294 |
|   9   | 40.508 | 57.976 | 65.946 | 21.658 | 2.291 |
|   10  | 40.795 | 58.243 | 66.223 | 21.783 | 2.297 |
|   11  | 41.067 | 58.429 | 66.339 | 21.923 | 2.320 |
|   12  | 40.871 | 58.338 | 66.193 | 21.969 | 2.390 |
|   13  | 40.936 | 58.273 | 66.183 | 21.808 | 2.313 |
|   14  | 41.002 | 58.399 | 66.208 | 21.875 | 2.296 |
+-------+--------+--------+--------+--------+-------+
     logs:  {'epo': 14, 'R1': np.float32(41.002), 'R5': np.float32(58.399), 'R10': np.float32(66.208), 'mAP': np.float32(21.875), 'mINP': np.float32(2.296), 'entropy': 0.13460558503866196, 'loss': 1.2489627003669739, 'lr': 0.0005000000000000016}
     Epoch[15] Iteration[10/109], entropy: 0.0472, loss: 1.1315, lr: 5.94e-04
     Epoch[15] Iteration[20/109], entropy: 0.1093, loss: 1.2202, lr: 9.96e-04
     Epoch[15] Iteration[30/109], entropy: 0.0919, loss: 1.2619, lr: 7.13e-04
     Epoch[15] Iteration[40/109], entropy: 0.1897, loss: 1.2938, lr: 1.36e-04
     Epoch[15] Iteration[50/109], entropy: 0.1557, loss: 1.2701, lr: 6.18e-05
     Epoch[15] Iteration[60/109], entropy: 0.1587, loss: 1.2679, lr: 5.94e-04
     Epoch[15] Iteration[70/109], entropy: 0.0768, loss: 1.1594, lr: 9.96e-04
     Epoch[15] Iteration[80/109], entropy: 0.0979, loss: 1.2256, lr: 7.13e-04
     Epoch[15] Iteration[90/109], entropy: 0.1187, loss: 1.1982, lr: 1.36e-04
     Epoch[15] Iteration[100/109], entropy: 0.0925, loss: 1.2050, lr: 6.18e-05
     Averaged stats: entropy: 0.1626, loss: 1.2518, lr: 5.31e-04
     itm tta time 0:00:23
### TTA Eval Score: 
+-------+--------+--------+--------+--------+-------+
| epoch |   R1   |   R5   |  R10   |  mAP   |  mINP |
+-------+--------+--------+--------+--------+-------+
|  -999 | 37.304 | 55.557 | 63.548 | 20.140 | 2.213 |
|   0   | 39.661 | 57.275 | 65.387 | 21.378 | 2.319 |
|   1   | 40.014 | 57.522 | 65.604 | 21.557 | 2.320 |
|   2   | 40.044 | 57.668 | 65.725 | 21.416 | 2.226 |
|   3   | 40.160 | 57.527 | 65.624 | 21.480 | 2.267 |
|   4   | 40.674 | 58.086 | 65.966 | 21.732 | 2.294 |
|   5   | 40.730 | 58.177 | 66.102 | 21.779 | 2.313 |
|   6   | 40.871 | 58.238 | 66.294 | 21.877 | 2.340 |
|   7   | 40.639 | 58.207 | 66.238 | 21.892 | 2.368 |
|   8   | 40.840 | 58.263 | 66.238 | 21.833 | 2.294 |
|   9   | 40.508 | 57.976 | 65.946 | 21.658 | 2.291 |
|   10  | 40.795 | 58.243 | 66.223 | 21.783 | 2.297 |
|   11  | 41.067 | 58.429 | 66.339 | 21.923 | 2.320 |
|   12  | 40.871 | 58.338 | 66.193 | 21.969 | 2.390 |
|   13  | 40.936 | 58.273 | 66.183 | 21.808 | 2.313 |
|   14  | 41.002 | 58.399 | 66.208 | 21.875 | 2.296 |
|   15  | 41.168 | 58.459 | 66.440 | 22.012 | 2.347 |
+-------+--------+--------+--------+--------+-------+
     logs:  {'epo': 15, 'R1': np.float32(41.168), 'R5': np.float32(58.459), 'R10': np.float32(66.44), 'mAP': np.float32(22.012), 'mINP': np.float32(2.347), 'entropy': 0.11384156793355941, 'loss': 1.2233545422554015, 'lr': 0.0004999999999999983}
     Epoch[16] Iteration[10/109], entropy: 0.1058, loss: 1.2012, lr: 9.84e-04
     Epoch[16] Iteration[20/109], entropy: 0.1696, loss: 1.2987, lr: 7.68e-04
     Epoch[16] Iteration[30/109], entropy: 0.1422, loss: 1.2152, lr: 1.81e-04
     Epoch[16] Iteration[40/109], entropy: 0.1488, loss: 1.2080, lr: 3.51e-05
     Epoch[16] Iteration[50/109], entropy: 0.1626, loss: 1.3070, lr: 5.31e-04
     Epoch[16] Iteration[60/109], entropy: 0.1397, loss: 1.2771, lr: 9.84e-04
     Epoch[16] Iteration[70/109], entropy: 0.1584, loss: 1.3059, lr: 7.68e-04
     Epoch[16] Iteration[80/109], entropy: 0.2372, loss: 1.3670, lr: 1.81e-04
     Epoch[16] Iteration[90/109], entropy: 0.1486, loss: 1.2388, lr: 3.51e-05
     Epoch[16] Iteration[100/109], entropy: 0.1486, loss: 1.2739, lr: 5.31e-04
     Averaged stats: entropy: 0.0976, loss: 1.2007, lr: 9.65e-04
     itm tta time 0:00:23
### TTA Eval Score: 
+-------+--------+--------+--------+--------+-------+
| epoch |   R1   |   R5   |  R10   |  mAP   |  mINP |
+-------+--------+--------+--------+--------+-------+
|  -999 | 37.304 | 55.557 | 63.548 | 20.140 | 2.213 |
|   0   | 39.661 | 57.275 | 65.387 | 21.378 | 2.319 |
|   1   | 40.014 | 57.522 | 65.604 | 21.557 | 2.320 |
|   2   | 40.044 | 57.668 | 65.725 | 21.416 | 2.226 |
|   3   | 40.160 | 57.527 | 65.624 | 21.480 | 2.267 |
|   4   | 40.674 | 58.086 | 65.966 | 21.732 | 2.294 |
|   5   | 40.730 | 58.177 | 66.102 | 21.779 | 2.313 |
|   6   | 40.871 | 58.238 | 66.294 | 21.877 | 2.340 |
|   7   | 40.639 | 58.207 | 66.238 | 21.892 | 2.368 |
|   8   | 40.840 | 58.263 | 66.238 | 21.833 | 2.294 |
|   9   | 40.508 | 57.976 | 65.946 | 21.658 | 2.291 |
|   10  | 40.795 | 58.243 | 66.223 | 21.783 | 2.297 |
|   11  | 41.067 | 58.429 | 66.339 | 21.923 | 2.320 |
|   12  | 40.871 | 58.338 | 66.193 | 21.969 | 2.390 |
|   13  | 40.936 | 58.273 | 66.183 | 21.808 | 2.313 |
|   14  | 41.002 | 58.399 | 66.208 | 21.875 | 2.296 |
|   15  | 41.168 | 58.459 | 66.440 | 22.012 | 2.347 |
|   16  | 40.981 | 58.379 | 66.395 | 21.939 | 2.326 |
+-------+--------+--------+--------+--------+-------+
     logs:  {'epo': 16, 'R1': np.float32(40.981), 'R5': np.float32(58.379), 'R10': np.float32(66.395), 'mAP': np.float32(21.939), 'mINP': np.float32(2.326), 'entropy': 0.1561586558818817, 'loss': 1.269268774986267, 'lr': 0.0005000000000000011}
     Epoch[17] Iteration[10/109], entropy: 0.1772, loss: 1.2765, lr: 8.19e-04
     Epoch[17] Iteration[20/109], entropy: 0.0955, loss: 1.1843, lr: 2.32e-04
     Epoch[17] Iteration[30/109], entropy: 0.1333, loss: 1.2683, lr: 1.57e-05
     Epoch[17] Iteration[40/109], entropy: 0.1093, loss: 1.2255, lr: 4.69e-04
     Epoch[17] Iteration[50/109], entropy: 0.1024, loss: 1.2634, lr: 9.65e-04
     Epoch[17] Iteration[60/109], entropy: 0.2474, loss: 1.3949, lr: 8.19e-04
     Epoch[17] Iteration[70/109], entropy: 0.2744, loss: 1.3881, lr: 2.32e-04
     Epoch[17] Iteration[80/109], entropy: 0.1466, loss: 1.2472, lr: 1.57e-05
     Epoch[17] Iteration[90/109], entropy: 0.1267, loss: 1.1995, lr: 4.69e-04
     Epoch[17] Iteration[100/109], entropy: 0.1870, loss: 1.3042, lr: 9.65e-04
     Averaged stats: entropy: 0.0989, loss: 1.1987, lr: 8.64e-04
     itm tta time 0:00:22
### TTA Eval Score: 
+-------+--------+--------+--------+--------+-------+
| epoch |   R1   |   R5   |  R10   |  mAP   |  mINP |
+-------+--------+--------+--------+--------+-------+
|  -999 | 37.304 | 55.557 | 63.548 | 20.140 | 2.213 |
|   0   | 39.661 | 57.275 | 65.387 | 21.378 | 2.319 |
|   1   | 40.014 | 57.522 | 65.604 | 21.557 | 2.320 |
|   2   | 40.044 | 57.668 | 65.725 | 21.416 | 2.226 |
|   3   | 40.160 | 57.527 | 65.624 | 21.480 | 2.267 |
|   4   | 40.674 | 58.086 | 65.966 | 21.732 | 2.294 |
|   5   | 40.730 | 58.177 | 66.102 | 21.779 | 2.313 |
|   6   | 40.871 | 58.238 | 66.294 | 21.877 | 2.340 |
|   7   | 40.639 | 58.207 | 66.238 | 21.892 | 2.368 |
|   8   | 40.840 | 58.263 | 66.238 | 21.833 | 2.294 |
|   9   | 40.508 | 57.976 | 65.946 | 21.658 | 2.291 |
|   10  | 40.795 | 58.243 | 66.223 | 21.783 | 2.297 |
|   11  | 41.067 | 58.429 | 66.339 | 21.923 | 2.320 |
|   12  | 40.871 | 58.338 | 66.193 | 21.969 | 2.390 |
|   13  | 40.936 | 58.273 | 66.183 | 21.808 | 2.313 |
|   14  | 41.002 | 58.399 | 66.208 | 21.875 | 2.296 |
|   15  | 41.168 | 58.459 | 66.440 | 22.012 | 2.347 |
|   16  | 40.981 | 58.379 | 66.395 | 21.939 | 2.326 |
|   17  | 40.815 | 58.238 | 66.269 | 21.804 | 2.302 |
+-------+--------+--------+--------+--------+-------+
     logs:  {'epo': 17, 'R1': np.float32(40.815), 'R5': np.float32(58.238), 'R10': np.float32(66.269), 'mAP': np.float32(21.804), 'mINP': np.float32(2.302), 'entropy': 0.1599806547164917, 'loss': 1.2751888751983642, 'lr': 0.0004999999999999995}
     Epoch[18] Iteration[10/109], entropy: 0.1150, loss: 1.1645, lr: 2.87e-04
     Epoch[18] Iteration[20/109], entropy: 0.1828, loss: 1.3179, lr: 3.94e-06
     Epoch[18] Iteration[30/109], entropy: 0.0859, loss: 1.1585, lr: 4.06e-04
     Epoch[18] Iteration[40/109], entropy: 0.2318, loss: 1.3551, lr: 9.05e-04
     Epoch[18] Iteration[50/109], entropy: 0.1925, loss: 1.3316, lr: 9.05e-04
     Epoch[18] Iteration[60/109], entropy: 0.0719, loss: 1.2011, lr: 3.45e-04
     Epoch[18] Iteration[70/109], entropy: 0.1442, loss: 1.2201, lr: 0.00e+00
     Epoch[18] Iteration[80/109], entropy: 0.1604, loss: 1.2402, lr: 3.45e-04
     Epoch[18] Iteration[90/109], entropy: 0.0818, loss: 1.1750, lr: 9.05e-04
     Epoch[18] Iteration[100/109], entropy: 0.1263, loss: 1.2539, lr: 9.05e-04
     Averaged stats: entropy: 0.2185, loss: 1.3497, lr: 4.06e-04
     itm tta time 0:00:23
### TTA Eval Score: 
+-------+--------+--------+--------+--------+-------+
| epoch |   R1   |   R5   |  R10   |  mAP   |  mINP |
+-------+--------+--------+--------+--------+-------+
|  -999 | 37.304 | 55.557 | 63.548 | 20.140 | 2.213 |
|   0   | 39.661 | 57.275 | 65.387 | 21.378 | 2.319 |
|   1   | 40.014 | 57.522 | 65.604 | 21.557 | 2.320 |
|   2   | 40.044 | 57.668 | 65.725 | 21.416 | 2.226 |
|   3   | 40.160 | 57.527 | 65.624 | 21.480 | 2.267 |
|   4   | 40.674 | 58.086 | 65.966 | 21.732 | 2.294 |
|   5   | 40.730 | 58.177 | 66.102 | 21.779 | 2.313 |
|   6   | 40.871 | 58.238 | 66.294 | 21.877 | 2.340 |
|   7   | 40.639 | 58.207 | 66.238 | 21.892 | 2.368 |
|   8   | 40.840 | 58.263 | 66.238 | 21.833 | 2.294 |
|   9   | 40.508 | 57.976 | 65.946 | 21.658 | 2.291 |
|   10  | 40.795 | 58.243 | 66.223 | 21.783 | 2.297 |
|   11  | 41.067 | 58.429 | 66.339 | 21.923 | 2.320 |
|   12  | 40.871 | 58.338 | 66.193 | 21.969 | 2.390 |
|   13  | 40.936 | 58.273 | 66.183 | 21.808 | 2.313 |
|   14  | 41.002 | 58.399 | 66.208 | 21.875 | 2.296 |
|   15  | 41.168 | 58.459 | 66.440 | 22.012 | 2.347 |
|   16  | 40.981 | 58.379 | 66.395 | 21.939 | 2.326 |
|   17  | 40.815 | 58.238 | 66.269 | 21.804 | 2.302 |
|   18  | 41.168 | 58.454 | 66.510 | 22.024 | 2.358 |
+-------+--------+--------+--------+--------+-------+
     logs:  {'epo': 18, 'R1': np.float32(41.168), 'R5': np.float32(58.454), 'R10': np.float32(66.51), 'mAP': np.float32(22.024), 'mINP': np.float32(2.358), 'entropy': 0.13926898688077927, 'loss': 1.2418013215065002, 'lr': 0.000500637934064232}
     Epoch[19] Iteration[10/109], entropy: 0.0712, loss: 1.1501, lr: 3.94e-06
     Epoch[19] Iteration[20/109], entropy: 0.1185, loss: 1.2259, lr: 2.87e-04
     Epoch[19] Iteration[30/109], entropy: 0.1094, loss: 1.2506, lr: 8.64e-04
     Epoch[19] Iteration[40/109], entropy: 0.1125, loss: 1.2189, lr: 9.38e-04
     Epoch[19] Iteration[50/109], entropy: 0.1735, loss: 1.2438, lr: 4.06e-04
     Epoch[19] Iteration[60/109], entropy: 0.1811, loss: 1.2978, lr: 3.94e-06
     Epoch[19] Iteration[70/109], entropy: 0.2069, loss: 1.3391, lr: 2.87e-04
     Epoch[19] Iteration[80/109], entropy: 0.0916, loss: 1.1975, lr: 8.64e-04
     Epoch[19] Iteration[90/109], entropy: 0.0610, loss: 1.1495, lr: 9.38e-04
     Epoch[19] Iteration[100/109], entropy: 0.0988, loss: 1.2213, lr: 4.06e-04
     Averaged stats: entropy: 0.1598, loss: 1.2737, lr: 1.57e-05
     itm tta time 0:00:22
### TTA Eval Score: 
+-------+--------+--------+--------+--------+-------+
| epoch |   R1   |   R5   |  R10   |  mAP   |  mINP |
+-------+--------+--------+--------+--------+-------+
|  -999 | 37.304 | 55.557 | 63.548 | 20.140 | 2.213 |
|   0   | 39.661 | 57.275 | 65.387 | 21.378 | 2.319 |
|   1   | 40.014 | 57.522 | 65.604 | 21.557 | 2.320 |
|   2   | 40.044 | 57.668 | 65.725 | 21.416 | 2.226 |
|   3   | 40.160 | 57.527 | 65.624 | 21.480 | 2.267 |
|   4   | 40.674 | 58.086 | 65.966 | 21.732 | 2.294 |
|   5   | 40.730 | 58.177 | 66.102 | 21.779 | 2.313 |
|   6   | 40.871 | 58.238 | 66.294 | 21.877 | 2.340 |
|   7   | 40.639 | 58.207 | 66.238 | 21.892 | 2.368 |
|   8   | 40.840 | 58.263 | 66.238 | 21.833 | 2.294 |
|   9   | 40.508 | 57.976 | 65.946 | 21.658 | 2.291 |
|   10  | 40.795 | 58.243 | 66.223 | 21.783 | 2.297 |
|   11  | 41.067 | 58.429 | 66.339 | 21.923 | 2.320 |
|   12  | 40.871 | 58.338 | 66.193 | 21.969 | 2.390 |
|   13  | 40.936 | 58.273 | 66.183 | 21.808 | 2.313 |
|   14  | 41.002 | 58.399 | 66.208 | 21.875 | 2.296 |
|   15  | 41.168 | 58.459 | 66.440 | 22.012 | 2.347 |
|   16  | 40.981 | 58.379 | 66.395 | 21.939 | 2.326 |
|   17  | 40.815 | 58.238 | 66.269 | 21.804 | 2.302 |
|   18  | 41.168 | 58.454 | 66.510 | 22.024 | 2.358 |
|   19  | 40.694 | 58.102 | 65.992 | 21.816 | 2.356 |
+-------+--------+--------+--------+--------+-------+
     logs:  {'epo': 19, 'R1': np.float32(40.694), 'R5': np.float32(58.102), 'R10': np.float32(65.992), 'mAP': np.float32(21.816), 'mINP': np.float32(2.356), 'entropy': 0.12244755551218986, 'loss': 1.229443407058716, 'lr': 0.0005000000000000037}
     Epoch[20] Iteration[10/109], entropy: 0.0898, loss: 1.1594, lr: 2.32e-04
     Epoch[20] Iteration[20/109], entropy: 0.0798, loss: 1.1961, lr: 8.19e-04
     Epoch[20] Iteration[30/109], entropy: 0.1470, loss: 1.2657, lr: 9.65e-04
     Epoch[20] Iteration[40/109], entropy: 0.0951, loss: 1.2340, lr: 4.69e-04
     Epoch[20] Iteration[50/109], entropy: 0.0672, loss: 1.2079, lr: 1.57e-05
     Epoch[20] Iteration[60/109], entropy: 0.1533, loss: 1.3266, lr: 2.32e-04
     Epoch[20] Iteration[70/109], entropy: 0.1798, loss: 1.2869, lr: 8.19e-04
     Epoch[20] Iteration[80/109], entropy: 0.1585, loss: 1.2525, lr: 9.65e-04
     Epoch[20] Iteration[90/109], entropy: 0.1578, loss: 1.3145, lr: 4.69e-04
     Epoch[20] Iteration[100/109], entropy: 0.0740, loss: 1.2163, lr: 1.57e-05
     Averaged stats: entropy: 0.0804, loss: 1.1755, lr: 1.81e-04
     itm tta time 0:00:22
### TTA Eval Score: 
+-------+--------+--------+--------+--------+-------+
| epoch |   R1   |   R5   |  R10   |  mAP   |  mINP |
+-------+--------+--------+--------+--------+-------+
|  -999 | 37.304 | 55.557 | 63.548 | 20.140 | 2.213 |
|   0   | 39.661 | 57.275 | 65.387 | 21.378 | 2.319 |
|   1   | 40.014 | 57.522 | 65.604 | 21.557 | 2.320 |
|   2   | 40.044 | 57.668 | 65.725 | 21.416 | 2.226 |
|   3   | 40.160 | 57.527 | 65.624 | 21.480 | 2.267 |
|   4   | 40.674 | 58.086 | 65.966 | 21.732 | 2.294 |
|   5   | 40.730 | 58.177 | 66.102 | 21.779 | 2.313 |
|   6   | 40.871 | 58.238 | 66.294 | 21.877 | 2.340 |
|   7   | 40.639 | 58.207 | 66.238 | 21.892 | 2.368 |
|   8   | 40.840 | 58.263 | 66.238 | 21.833 | 2.294 |
|   9   | 40.508 | 57.976 | 65.946 | 21.658 | 2.291 |
|   10  | 40.795 | 58.243 | 66.223 | 21.783 | 2.297 |
|   11  | 41.067 | 58.429 | 66.339 | 21.923 | 2.320 |
|   12  | 40.871 | 58.338 | 66.193 | 21.969 | 2.390 |
|   13  | 40.936 | 58.273 | 66.183 | 21.808 | 2.313 |
|   14  | 41.002 | 58.399 | 66.208 | 21.875 | 2.296 |
|   15  | 41.168 | 58.459 | 66.440 | 22.012 | 2.347 |
|   16  | 40.981 | 58.379 | 66.395 | 21.939 | 2.326 |
|   17  | 40.815 | 58.238 | 66.269 | 21.804 | 2.302 |
|   18  | 41.168 | 58.454 | 66.510 | 22.024 | 2.358 |
|   19  | 40.694 | 58.102 | 65.992 | 21.816 | 2.356 |
|   20  | 41.243 | 58.590 | 66.354 | 21.916 | 2.284 |
+-------+--------+--------+--------+--------+-------+
     logs:  {'epo': 20, 'R1': np.float32(41.243), 'R5': np.float32(58.59), 'R10': np.float32(66.354), 'mAP': np.float32(21.916), 'mINP': np.float32(2.284), 'entropy': 0.12023687958717347, 'loss': 1.2459868907928466, 'lr': 0.0004999999999999985}
     Epoch[21] Iteration[10/109], entropy: 0.2951, loss: 1.3657, lr: 7.68e-04
     Epoch[21] Iteration[20/109], entropy: 0.0965, loss: 1.1657, lr: 9.84e-04
     Epoch[21] Iteration[30/109], entropy: 0.0526, loss: 1.1588, lr: 5.31e-04
     Epoch[21] Iteration[40/109], entropy: 0.1338, loss: 1.2092, lr: 3.51e-05
     Epoch[21] Iteration[50/109], entropy: 0.0576, loss: 1.1612, lr: 1.81e-04
     Epoch[21] Iteration[60/109], entropy: 0.1997, loss: 1.2594, lr: 7.68e-04
     Epoch[21] Iteration[70/109], entropy: 0.2064, loss: 1.2975, lr: 9.84e-04
     Epoch[21] Iteration[80/109], entropy: 0.0930, loss: 1.1865, lr: 5.31e-04
     Epoch[21] Iteration[90/109], entropy: 0.1713, loss: 1.2594, lr: 3.51e-05
     Epoch[21] Iteration[100/109], entropy: 0.0905, loss: 1.2203, lr: 1.81e-04
     Averaged stats: entropy: 0.1913, loss: 1.3074, lr: 7.13e-04
     itm tta time 0:00:22
### TTA Eval Score: 
+-------+--------+--------+--------+--------+-------+
| epoch |   R1   |   R5   |  R10   |  mAP   |  mINP |
+-------+--------+--------+--------+--------+-------+
|  -999 | 37.304 | 55.557 | 63.548 | 20.140 | 2.213 |
|   0   | 39.661 | 57.275 | 65.387 | 21.378 | 2.319 |
|   1   | 40.014 | 57.522 | 65.604 | 21.557 | 2.320 |
|   2   | 40.044 | 57.668 | 65.725 | 21.416 | 2.226 |
|   3   | 40.160 | 57.527 | 65.624 | 21.480 | 2.267 |
|   4   | 40.674 | 58.086 | 65.966 | 21.732 | 2.294 |
|   5   | 40.730 | 58.177 | 66.102 | 21.779 | 2.313 |
|   6   | 40.871 | 58.238 | 66.294 | 21.877 | 2.340 |
|   7   | 40.639 | 58.207 | 66.238 | 21.892 | 2.368 |
|   8   | 40.840 | 58.263 | 66.238 | 21.833 | 2.294 |
|   9   | 40.508 | 57.976 | 65.946 | 21.658 | 2.291 |
|   10  | 40.795 | 58.243 | 66.223 | 21.783 | 2.297 |
|   11  | 41.067 | 58.429 | 66.339 | 21.923 | 2.320 |
|   12  | 40.871 | 58.338 | 66.193 | 21.969 | 2.390 |
|   13  | 40.936 | 58.273 | 66.183 | 21.808 | 2.313 |
|   14  | 41.002 | 58.399 | 66.208 | 21.875 | 2.296 |
|   15  | 41.168 | 58.459 | 66.440 | 22.012 | 2.347 |
|   16  | 40.981 | 58.379 | 66.395 | 21.939 | 2.326 |
|   17  | 40.815 | 58.238 | 66.269 | 21.804 | 2.302 |
|   18  | 41.168 | 58.454 | 66.510 | 22.024 | 2.358 |
|   19  | 40.694 | 58.102 | 65.992 | 21.816 | 2.356 |
|   20  | 41.243 | 58.590 | 66.354 | 21.916 | 2.284 |
|   21  | 40.997 | 58.469 | 66.324 | 21.876 | 2.295 |
+-------+--------+--------+--------+--------+-------+
     logs:  {'epo': 21, 'R1': np.float32(40.997), 'R5': np.float32(58.469), 'R10': np.float32(66.324), 'mAP': np.float32(21.876), 'mINP': np.float32(2.295), 'entropy': 0.13964581228792666, 'loss': 1.228368604183197, 'lr': 0.0005000000000000046}
     Epoch[22] Iteration[10/109], entropy: 0.0905, loss: 1.2099, lr: 9.96e-04
     Epoch[22] Iteration[20/109], entropy: 0.1417, loss: 1.3195, lr: 5.94e-04
     Epoch[22] Iteration[30/109], entropy: 0.1654, loss: 1.2953, lr: 6.18e-05
     Epoch[22] Iteration[40/109], entropy: 0.2090, loss: 1.3136, lr: 1.36e-04
     Epoch[22] Iteration[50/109], entropy: 0.1707, loss: 1.2528, lr: 7.13e-04
     Epoch[22] Iteration[60/109], entropy: 0.1756, loss: 1.2901, lr: 9.96e-04
     Epoch[22] Iteration[70/109], entropy: 0.1119, loss: 1.2007, lr: 5.94e-04
     Epoch[22] Iteration[80/109], entropy: 0.1430, loss: 1.2286, lr: 6.18e-05
     Epoch[22] Iteration[90/109], entropy: 0.1764, loss: 1.2812, lr: 1.36e-04
     Epoch[22] Iteration[100/109], entropy: 0.1110, loss: 1.1629, lr: 7.13e-04
     Averaged stats: entropy: 0.1111, loss: 1.1911, lr: 1.00e-03
     itm tta time 0:00:23
### TTA Eval Score: 
+-------+--------+--------+--------+--------+-------+
| epoch |   R1   |   R5   |  R10   |  mAP   |  mINP |
+-------+--------+--------+--------+--------+-------+
|  -999 | 37.304 | 55.557 | 63.548 | 20.140 | 2.213 |
|   0   | 39.661 | 57.275 | 65.387 | 21.378 | 2.319 |
|   1   | 40.014 | 57.522 | 65.604 | 21.557 | 2.320 |
|   2   | 40.044 | 57.668 | 65.725 | 21.416 | 2.226 |
|   3   | 40.160 | 57.527 | 65.624 | 21.480 | 2.267 |
|   4   | 40.674 | 58.086 | 65.966 | 21.732 | 2.294 |
|   5   | 40.730 | 58.177 | 66.102 | 21.779 | 2.313 |
|   6   | 40.871 | 58.238 | 66.294 | 21.877 | 2.340 |
|   7   | 40.639 | 58.207 | 66.238 | 21.892 | 2.368 |
|   8   | 40.840 | 58.263 | 66.238 | 21.833 | 2.294 |
|   9   | 40.508 | 57.976 | 65.946 | 21.658 | 2.291 |
|   10  | 40.795 | 58.243 | 66.223 | 21.783 | 2.297 |
|   11  | 41.067 | 58.429 | 66.339 | 21.923 | 2.320 |
|   12  | 40.871 | 58.338 | 66.193 | 21.969 | 2.390 |
|   13  | 40.936 | 58.273 | 66.183 | 21.808 | 2.313 |
|   14  | 41.002 | 58.399 | 66.208 | 21.875 | 2.296 |
|   15  | 41.168 | 58.459 | 66.440 | 22.012 | 2.347 |
|   16  | 40.981 | 58.379 | 66.395 | 21.939 | 2.326 |
|   17  | 40.815 | 58.238 | 66.269 | 21.804 | 2.302 |
|   18  | 41.168 | 58.454 | 66.510 | 22.024 | 2.358 |
|   19  | 40.694 | 58.102 | 65.992 | 21.816 | 2.356 |
|   20  | 41.243 | 58.590 | 66.354 | 21.916 | 2.284 |
|   21  | 40.997 | 58.469 | 66.324 | 21.876 | 2.295 |
|   22  | 40.916 | 58.258 | 66.218 | 21.898 | 2.338 |
+-------+--------+--------+--------+--------+-------+
     logs:  {'epo': 22, 'R1': np.float32(40.916), 'R5': np.float32(58.258), 'R10': np.float32(66.218), 'mAP': np.float32(21.898), 'mINP': np.float32(2.338), 'entropy': 0.1495223216712475, 'loss': 1.255469262599945, 'lr': 0.0004999999999999977}
     Epoch[23] Iteration[10/109], entropy: 0.1577, loss: 1.2621, lr: 6.55e-04
     Epoch[23] Iteration[20/109], entropy: 0.1529, loss: 1.3128, lr: 9.55e-05
     Epoch[23] Iteration[30/109], entropy: 0.1453, loss: 1.3052, lr: 9.55e-05
     Epoch[23] Iteration[40/109], entropy: 0.1147, loss: 1.2200, lr: 6.55e-04
     Epoch[23] Iteration[50/109], entropy: 0.1619, loss: 1.2395, lr: 1.00e-03
     Epoch[23] Iteration[60/109], entropy: 0.1310, loss: 1.2456, lr: 6.55e-04
     Epoch[23] Iteration[70/109], entropy: 0.1671, loss: 1.3025, lr: 9.55e-05
     Epoch[23] Iteration[80/109], entropy: 0.0826, loss: 1.1621, lr: 9.55e-05
     Epoch[23] Iteration[90/109], entropy: 0.0798, loss: 1.2143, lr: 6.55e-04
     Epoch[23] Iteration[100/109], entropy: 0.0754, loss: 1.1727, lr: 1.00e-03
     Averaged stats: entropy: 0.1254, loss: 1.2159, lr: 7.13e-04
     itm tta time 0:00:22
### TTA Eval Score: 
+-------+--------+--------+--------+--------+-------+
| epoch |   R1   |   R5   |  R10   |  mAP   |  mINP |
+-------+--------+--------+--------+--------+-------+
|  -999 | 37.304 | 55.557 | 63.548 | 20.140 | 2.213 |
|   0   | 39.661 | 57.275 | 65.387 | 21.378 | 2.319 |
|   1   | 40.014 | 57.522 | 65.604 | 21.557 | 2.320 |
|   2   | 40.044 | 57.668 | 65.725 | 21.416 | 2.226 |
|   3   | 40.160 | 57.527 | 65.624 | 21.480 | 2.267 |
|   4   | 40.674 | 58.086 | 65.966 | 21.732 | 2.294 |
|   5   | 40.730 | 58.177 | 66.102 | 21.779 | 2.313 |
|   6   | 40.871 | 58.238 | 66.294 | 21.877 | 2.340 |
|   7   | 40.639 | 58.207 | 66.238 | 21.892 | 2.368 |
|   8   | 40.840 | 58.263 | 66.238 | 21.833 | 2.294 |
|   9   | 40.508 | 57.976 | 65.946 | 21.658 | 2.291 |
|   10  | 40.795 | 58.243 | 66.223 | 21.783 | 2.297 |
|   11  | 41.067 | 58.429 | 66.339 | 21.923 | 2.320 |
|   12  | 40.871 | 58.338 | 66.193 | 21.969 | 2.390 |
|   13  | 40.936 | 58.273 | 66.183 | 21.808 | 2.313 |
|   14  | 41.002 | 58.399 | 66.208 | 21.875 | 2.296 |
|   15  | 41.168 | 58.459 | 66.440 | 22.012 | 2.347 |
|   16  | 40.981 | 58.379 | 66.395 | 21.939 | 2.326 |
|   17  | 40.815 | 58.238 | 66.269 | 21.804 | 2.302 |
|   18  | 41.168 | 58.454 | 66.510 | 22.024 | 2.358 |
|   19  | 40.694 | 58.102 | 65.992 | 21.816 | 2.356 |
|   20  | 41.243 | 58.590 | 66.354 | 21.916 | 2.284 |
|   21  | 40.997 | 58.469 | 66.324 | 21.876 | 2.295 |
|   22  | 40.916 | 58.258 | 66.218 | 21.898 | 2.338 |
|   23  | 40.815 | 58.278 | 66.178 | 21.872 | 2.334 |
+-------+--------+--------+--------+--------+-------+
     logs:  {'epo': 23, 'R1': np.float32(40.815), 'R5': np.float32(58.278), 'R10': np.float32(66.178), 'mAP': np.float32(21.872), 'mINP': np.float32(2.334), 'entropy': 0.12684230431914328, 'loss': 1.2436749339103699, 'lr': 0.0004999999999999987}
     Epoch[24] Iteration[10/109], entropy: 0.0687, loss: 1.2122, lr: 1.36e-04
     Epoch[24] Iteration[20/109], entropy: 0.1681, loss: 1.2690, lr: 6.18e-05
     Epoch[24] Iteration[30/109], entropy: 0.1119, loss: 1.2852, lr: 5.94e-04
     Epoch[24] Iteration[40/109], entropy: 0.1855, loss: 1.2624, lr: 9.96e-04
     Epoch[24] Iteration[50/109], entropy: 0.0753, loss: 1.1681, lr: 7.13e-04
     Epoch[24] Iteration[60/109], entropy: 0.1347, loss: 1.2381, lr: 1.36e-04
     Epoch[24] Iteration[70/109], entropy: 0.1355, loss: 1.2451, lr: 6.18e-05
     Epoch[24] Iteration[80/109], entropy: 0.1416, loss: 1.2335, lr: 5.94e-04
     Epoch[24] Iteration[90/109], entropy: 0.1335, loss: 1.1964, lr: 9.96e-04
     Epoch[24] Iteration[100/109], entropy: 0.1039, loss: 1.1581, lr: 7.13e-04
     Averaged stats: entropy: 0.1332, loss: 1.2662, lr: 1.81e-04
     itm tta time 0:00:22
### TTA Eval Score: 
+-------+--------+--------+--------+--------+-------+
| epoch |   R1   |   R5   |  R10   |  mAP   |  mINP |
+-------+--------+--------+--------+--------+-------+
|  -999 | 37.304 | 55.557 | 63.548 | 20.140 | 2.213 |
|   0   | 39.661 | 57.275 | 65.387 | 21.378 | 2.319 |
|   1   | 40.014 | 57.522 | 65.604 | 21.557 | 2.320 |
|   2   | 40.044 | 57.668 | 65.725 | 21.416 | 2.226 |
|   3   | 40.160 | 57.527 | 65.624 | 21.480 | 2.267 |
|   4   | 40.674 | 58.086 | 65.966 | 21.732 | 2.294 |
|   5   | 40.730 | 58.177 | 66.102 | 21.779 | 2.313 |
|   6   | 40.871 | 58.238 | 66.294 | 21.877 | 2.340 |
|   7   | 40.639 | 58.207 | 66.238 | 21.892 | 2.368 |
|   8   | 40.840 | 58.263 | 66.238 | 21.833 | 2.294 |
|   9   | 40.508 | 57.976 | 65.946 | 21.658 | 2.291 |
|   10  | 40.795 | 58.243 | 66.223 | 21.783 | 2.297 |
|   11  | 41.067 | 58.429 | 66.339 | 21.923 | 2.320 |
|   12  | 40.871 | 58.338 | 66.193 | 21.969 | 2.390 |
|   13  | 40.936 | 58.273 | 66.183 | 21.808 | 2.313 |
|   14  | 41.002 | 58.399 | 66.208 | 21.875 | 2.296 |
|   15  | 41.168 | 58.459 | 66.440 | 22.012 | 2.347 |
|   16  | 40.981 | 58.379 | 66.395 | 21.939 | 2.326 |
|   17  | 40.815 | 58.238 | 66.269 | 21.804 | 2.302 |
|   18  | 41.168 | 58.454 | 66.510 | 22.024 | 2.358 |
|   19  | 40.694 | 58.102 | 65.992 | 21.816 | 2.356 |
|   20  | 41.243 | 58.590 | 66.354 | 21.916 | 2.284 |
|   21  | 40.997 | 58.469 | 66.324 | 21.876 | 2.295 |
|   22  | 40.916 | 58.258 | 66.218 | 21.898 | 2.338 |
|   23  | 40.815 | 58.278 | 66.178 | 21.872 | 2.334 |
|   24  | 41.087 | 58.540 | 66.435 | 21.890 | 2.280 |
+-------+--------+--------+--------+--------+-------+
     logs:  {'epo': 24, 'R1': np.float32(41.087), 'R5': np.float32(58.54), 'R10': np.float32(66.435), 'mAP': np.float32(21.89), 'mINP': np.float32(2.28), 'entropy': 0.12587393969297409, 'loss': 1.2268110036849975, 'lr': 0.0004999999999999984}
     Epoch[25] Iteration[10/109], entropy: 0.0289, loss: 1.1588, lr: 3.51e-05
     Epoch[25] Iteration[20/109], entropy: 0.1733, loss: 1.2888, lr: 5.31e-04
     Epoch[25] Iteration[30/109], entropy: 0.1949, loss: 1.2732, lr: 9.84e-04
     Epoch[25] Iteration[40/109], entropy: 0.0764, loss: 1.1805, lr: 7.68e-04
     Epoch[25] Iteration[50/109], entropy: 0.1361, loss: 1.2354, lr: 1.81e-04
     Epoch[25] Iteration[60/109], entropy: 0.1305, loss: 1.2538, lr: 3.51e-05
     Epoch[25] Iteration[70/109], entropy: 0.2050, loss: 1.3698, lr: 5.31e-04
     Epoch[25] Iteration[80/109], entropy: 0.1486, loss: 1.3188, lr: 9.84e-04
     Epoch[25] Iteration[90/109], entropy: 0.1174, loss: 1.2032, lr: 7.68e-04
     Epoch[25] Iteration[100/109], entropy: 0.0500, loss: 1.1008, lr: 1.81e-04
     Averaged stats: entropy: 0.0668, loss: 1.1390, lr: 1.57e-05
     itm tta time 0:00:24
### TTA Eval Score: 
+-------+--------+--------+--------+--------+-------+
| epoch |   R1   |   R5   |  R10   |  mAP   |  mINP |
+-------+--------+--------+--------+--------+-------+
|  -999 | 37.304 | 55.557 | 63.548 | 20.140 | 2.213 |
|   0   | 39.661 | 57.275 | 65.387 | 21.378 | 2.319 |
|   1   | 40.014 | 57.522 | 65.604 | 21.557 | 2.320 |
|   2   | 40.044 | 57.668 | 65.725 | 21.416 | 2.226 |
|   3   | 40.160 | 57.527 | 65.624 | 21.480 | 2.267 |
|   4   | 40.674 | 58.086 | 65.966 | 21.732 | 2.294 |
|   5   | 40.730 | 58.177 | 66.102 | 21.779 | 2.313 |
|   6   | 40.871 | 58.238 | 66.294 | 21.877 | 2.340 |
|   7   | 40.639 | 58.207 | 66.238 | 21.892 | 2.368 |
|   8   | 40.840 | 58.263 | 66.238 | 21.833 | 2.294 |
|   9   | 40.508 | 57.976 | 65.946 | 21.658 | 2.291 |
|   10  | 40.795 | 58.243 | 66.223 | 21.783 | 2.297 |
|   11  | 41.067 | 58.429 | 66.339 | 21.923 | 2.320 |
|   12  | 40.871 | 58.338 | 66.193 | 21.969 | 2.390 |
|   13  | 40.936 | 58.273 | 66.183 | 21.808 | 2.313 |
|   14  | 41.002 | 58.399 | 66.208 | 21.875 | 2.296 |
|   15  | 41.168 | 58.459 | 66.440 | 22.012 | 2.347 |
|   16  | 40.981 | 58.379 | 66.395 | 21.939 | 2.326 |
|   17  | 40.815 | 58.238 | 66.269 | 21.804 | 2.302 |
|   18  | 41.168 | 58.454 | 66.510 | 22.024 | 2.358 |
|   19  | 40.694 | 58.102 | 65.992 | 21.816 | 2.356 |
|   20  | 41.243 | 58.590 | 66.354 | 21.916 | 2.284 |
|   21  | 40.997 | 58.469 | 66.324 | 21.876 | 2.295 |
|   22  | 40.916 | 58.258 | 66.218 | 21.898 | 2.338 |
|   23  | 40.815 | 58.278 | 66.178 | 21.872 | 2.334 |
|   24  | 41.087 | 58.540 | 66.435 | 21.890 | 2.280 |
|   25  | 41.072 | 58.459 | 66.420 | 21.972 | 2.324 |
+-------+--------+--------+--------+--------+-------+
     logs:  {'epo': 25, 'R1': np.float32(41.072), 'R5': np.float32(58.459), 'R10': np.float32(66.42), 'mAP': np.float32(21.972), 'mINP': np.float32(2.324), 'entropy': 0.1261084657162428, 'loss': 1.2383012890815734, 'lr': 0.0005000000000000007}
     Epoch[26] Iteration[10/109], entropy: 0.0870, loss: 1.1844, lr: 4.69e-04
     Epoch[26] Iteration[20/109], entropy: 0.1930, loss: 1.3387, lr: 9.65e-04
     Epoch[26] Iteration[30/109], entropy: 0.1978, loss: 1.2656, lr: 8.19e-04
     Epoch[26] Iteration[40/109], entropy: 0.0610, loss: 1.1825, lr: 2.32e-04
     Epoch[26] Iteration[50/109], entropy: 0.0992, loss: 1.2236, lr: 1.57e-05
     Epoch[26] Iteration[60/109], entropy: 0.0866, loss: 1.1801, lr: 4.69e-04
     Epoch[26] Iteration[70/109], entropy: 0.2427, loss: 1.3364, lr: 9.65e-04
     Epoch[26] Iteration[80/109], entropy: 0.1080, loss: 1.2698, lr: 8.19e-04
     Epoch[26] Iteration[90/109], entropy: 0.0351, loss: 1.1720, lr: 2.32e-04
     Epoch[26] Iteration[100/109], entropy: 0.1574, loss: 1.2569, lr: 1.57e-05
     Averaged stats: entropy: 0.1318, loss: 1.2682, lr: 4.06e-04
     itm tta time 0:00:22
### TTA Eval Score: 
+-------+--------+--------+--------+--------+-------+
| epoch |   R1   |   R5   |  R10   |  mAP   |  mINP |
+-------+--------+--------+--------+--------+-------+
|  -999 | 37.304 | 55.557 | 63.548 | 20.140 | 2.213 |
|   0   | 39.661 | 57.275 | 65.387 | 21.378 | 2.319 |
|   1   | 40.014 | 57.522 | 65.604 | 21.557 | 2.320 |
|   2   | 40.044 | 57.668 | 65.725 | 21.416 | 2.226 |
|   3   | 40.160 | 57.527 | 65.624 | 21.480 | 2.267 |
|   4   | 40.674 | 58.086 | 65.966 | 21.732 | 2.294 |
|   5   | 40.730 | 58.177 | 66.102 | 21.779 | 2.313 |
|   6   | 40.871 | 58.238 | 66.294 | 21.877 | 2.340 |
|   7   | 40.639 | 58.207 | 66.238 | 21.892 | 2.368 |
|   8   | 40.840 | 58.263 | 66.238 | 21.833 | 2.294 |
|   9   | 40.508 | 57.976 | 65.946 | 21.658 | 2.291 |
|   10  | 40.795 | 58.243 | 66.223 | 21.783 | 2.297 |
|   11  | 41.067 | 58.429 | 66.339 | 21.923 | 2.320 |
|   12  | 40.871 | 58.338 | 66.193 | 21.969 | 2.390 |
|   13  | 40.936 | 58.273 | 66.183 | 21.808 | 2.313 |
|   14  | 41.002 | 58.399 | 66.208 | 21.875 | 2.296 |
|   15  | 41.168 | 58.459 | 66.440 | 22.012 | 2.347 |
|   16  | 40.981 | 58.379 | 66.395 | 21.939 | 2.326 |
|   17  | 40.815 | 58.238 | 66.269 | 21.804 | 2.302 |
|   18  | 41.168 | 58.454 | 66.510 | 22.024 | 2.358 |
|   19  | 40.694 | 58.102 | 65.992 | 21.816 | 2.356 |
|   20  | 41.243 | 58.590 | 66.354 | 21.916 | 2.284 |
|   21  | 40.997 | 58.469 | 66.324 | 21.876 | 2.295 |
|   22  | 40.916 | 58.258 | 66.218 | 21.898 | 2.338 |
|   23  | 40.815 | 58.278 | 66.178 | 21.872 | 2.334 |
|   24  | 41.087 | 58.540 | 66.435 | 21.890 | 2.280 |
|   25  | 41.072 | 58.459 | 66.420 | 21.972 | 2.324 |
|   26  | 40.866 | 58.409 | 66.344 | 21.740 | 2.238 |
+-------+--------+--------+--------+--------+-------+
     logs:  {'epo': 26, 'R1': np.float32(40.866), 'R5': np.float32(58.409), 'R10': np.float32(66.344), 'mAP': np.float32(21.74), 'mINP': np.float32(2.238), 'entropy': 0.12679197825491428, 'loss': 1.2410027503967285, 'lr': 0.0004999999999999963}
     Epoch[27] Iteration[10/109], entropy: 0.1380, loss: 1.2633, lr: 9.38e-04
     Epoch[27] Iteration[20/109], entropy: 0.1182, loss: 1.1945, lr: 8.64e-04
     Epoch[27] Iteration[30/109], entropy: 0.1436, loss: 1.2317, lr: 2.87e-04
     Epoch[27] Iteration[40/109], entropy: 0.1703, loss: 1.2896, lr: 3.94e-06
     Epoch[27] Iteration[50/109], entropy: 0.1910, loss: 1.2566, lr: 4.06e-04
     Epoch[27] Iteration[60/109], entropy: 0.0845, loss: 1.2156, lr: 9.38e-04
     Epoch[27] Iteration[70/109], entropy: 0.1189, loss: 1.2214, lr: 8.64e-04
     Epoch[27] Iteration[80/109], entropy: 0.0752, loss: 1.2313, lr: 2.87e-04
     Epoch[27] Iteration[90/109], entropy: 0.2227, loss: 1.3362, lr: 3.94e-06
     Epoch[27] Iteration[100/109], entropy: 0.1687, loss: 1.2762, lr: 4.06e-04
     Averaged stats: entropy: 0.1299, loss: 1.2614, lr: 9.05e-04
     itm tta time 0:00:22
### TTA Eval Score: 
+-------+--------+--------+--------+--------+-------+
| epoch |   R1   |   R5   |  R10   |  mAP   |  mINP |
+-------+--------+--------+--------+--------+-------+
|  -999 | 37.304 | 55.557 | 63.548 | 20.140 | 2.213 |
|   0   | 39.661 | 57.275 | 65.387 | 21.378 | 2.319 |
|   1   | 40.014 | 57.522 | 65.604 | 21.557 | 2.320 |
|   2   | 40.044 | 57.668 | 65.725 | 21.416 | 2.226 |
|   3   | 40.160 | 57.527 | 65.624 | 21.480 | 2.267 |
|   4   | 40.674 | 58.086 | 65.966 | 21.732 | 2.294 |
|   5   | 40.730 | 58.177 | 66.102 | 21.779 | 2.313 |
|   6   | 40.871 | 58.238 | 66.294 | 21.877 | 2.340 |
|   7   | 40.639 | 58.207 | 66.238 | 21.892 | 2.368 |
|   8   | 40.840 | 58.263 | 66.238 | 21.833 | 2.294 |
|   9   | 40.508 | 57.976 | 65.946 | 21.658 | 2.291 |
|   10  | 40.795 | 58.243 | 66.223 | 21.783 | 2.297 |
|   11  | 41.067 | 58.429 | 66.339 | 21.923 | 2.320 |
|   12  | 40.871 | 58.338 | 66.193 | 21.969 | 2.390 |
|   13  | 40.936 | 58.273 | 66.183 | 21.808 | 2.313 |
|   14  | 41.002 | 58.399 | 66.208 | 21.875 | 2.296 |
|   15  | 41.168 | 58.459 | 66.440 | 22.012 | 2.347 |
|   16  | 40.981 | 58.379 | 66.395 | 21.939 | 2.326 |
|   17  | 40.815 | 58.238 | 66.269 | 21.804 | 2.302 |
|   18  | 41.168 | 58.454 | 66.510 | 22.024 | 2.358 |
|   19  | 40.694 | 58.102 | 65.992 | 21.816 | 2.356 |
|   20  | 41.243 | 58.590 | 66.354 | 21.916 | 2.284 |
|   21  | 40.997 | 58.469 | 66.324 | 21.876 | 2.295 |
|   22  | 40.916 | 58.258 | 66.218 | 21.898 | 2.338 |
|   23  | 40.815 | 58.278 | 66.178 | 21.872 | 2.334 |
|   24  | 41.087 | 58.540 | 66.435 | 21.890 | 2.280 |
|   25  | 41.072 | 58.459 | 66.420 | 21.972 | 2.324 |
|   26  | 40.866 | 58.409 | 66.344 | 21.740 | 2.238 |
|   27  | 41.082 | 58.459 | 66.379 | 21.871 | 2.277 |
+-------+--------+--------+--------+--------+-------+
     logs:  {'epo': 27, 'R1': np.float32(41.082), 'R5': np.float32(58.459), 'R10': np.float32(66.379), 'mAP': np.float32(21.871), 'mINP': np.float32(2.277), 'entropy': 0.143099844455719, 'loss': 1.2516290068626403, 'lr': 0.0005000000000000002}
     Epoch[28] Iteration[10/109], entropy: 0.0794, loss: 1.1956, lr: 9.05e-04
     Epoch[28] Iteration[20/109], entropy: 0.2640, loss: 1.3880, lr: 3.45e-04
     Epoch[28] Iteration[30/109], entropy: 0.0958, loss: 1.2585, lr: 0.00e+00
     Epoch[28] Iteration[40/109], entropy: 0.1210, loss: 1.2324, lr: 3.45e-04
     Epoch[28] Iteration[50/109], entropy: 0.0853, loss: 1.2020, lr: 9.05e-04
     Epoch[28] Iteration[60/109], entropy: 0.1806, loss: 1.3067, lr: 9.05e-04
     Epoch[28] Iteration[70/109], entropy: 0.1659, loss: 1.2893, lr: 3.45e-04
     Epoch[28] Iteration[80/109], entropy: 0.0954, loss: 1.2608, lr: 0.00e+00
     Epoch[28] Iteration[90/109], entropy: 0.1681, loss: 1.2988, lr: 3.45e-04
     Epoch[28] Iteration[100/109], entropy: 0.1092, loss: 1.2394, lr: 9.05e-04
     Averaged stats: entropy: 0.1090, loss: 1.2241, lr: 9.38e-04
     itm tta time 0:00:22
### TTA Eval Score: 
+-------+--------+--------+--------+--------+-------+
| epoch |   R1   |   R5   |  R10   |  mAP   |  mINP |
+-------+--------+--------+--------+--------+-------+
|  -999 | 37.304 | 55.557 | 63.548 | 20.140 | 2.213 |
|   0   | 39.661 | 57.275 | 65.387 | 21.378 | 2.319 |
|   1   | 40.014 | 57.522 | 65.604 | 21.557 | 2.320 |
|   2   | 40.044 | 57.668 | 65.725 | 21.416 | 2.226 |
|   3   | 40.160 | 57.527 | 65.624 | 21.480 | 2.267 |
|   4   | 40.674 | 58.086 | 65.966 | 21.732 | 2.294 |
|   5   | 40.730 | 58.177 | 66.102 | 21.779 | 2.313 |
|   6   | 40.871 | 58.238 | 66.294 | 21.877 | 2.340 |
|   7   | 40.639 | 58.207 | 66.238 | 21.892 | 2.368 |
|   8   | 40.840 | 58.263 | 66.238 | 21.833 | 2.294 |
|   9   | 40.508 | 57.976 | 65.946 | 21.658 | 2.291 |
|   10  | 40.795 | 58.243 | 66.223 | 21.783 | 2.297 |
|   11  | 41.067 | 58.429 | 66.339 | 21.923 | 2.320 |
|   12  | 40.871 | 58.338 | 66.193 | 21.969 | 2.390 |
|   13  | 40.936 | 58.273 | 66.183 | 21.808 | 2.313 |
|   14  | 41.002 | 58.399 | 66.208 | 21.875 | 2.296 |
|   15  | 41.168 | 58.459 | 66.440 | 22.012 | 2.347 |
|   16  | 40.981 | 58.379 | 66.395 | 21.939 | 2.326 |
|   17  | 40.815 | 58.238 | 66.269 | 21.804 | 2.302 |
|   18  | 41.168 | 58.454 | 66.510 | 22.024 | 2.358 |
|   19  | 40.694 | 58.102 | 65.992 | 21.816 | 2.356 |
|   20  | 41.243 | 58.590 | 66.354 | 21.916 | 2.284 |
|   21  | 40.997 | 58.469 | 66.324 | 21.876 | 2.295 |
|   22  | 40.916 | 58.258 | 66.218 | 21.898 | 2.338 |
|   23  | 40.815 | 58.278 | 66.178 | 21.872 | 2.334 |
|   24  | 41.087 | 58.540 | 66.435 | 21.890 | 2.280 |
|   25  | 41.072 | 58.459 | 66.420 | 21.972 | 2.324 |
|   26  | 40.866 | 58.409 | 66.344 | 21.740 | 2.238 |
|   27  | 41.082 | 58.459 | 66.379 | 21.871 | 2.277 |
|   28  | 41.188 | 58.520 | 66.475 | 21.944 | 2.281 |
+-------+--------+--------+--------+--------+-------+
     logs:  {'epo': 28, 'R1': np.float32(41.188), 'R5': np.float32(58.52), 'R10': np.float32(66.475), 'mAP': np.float32(21.944), 'mINP': np.float32(2.281), 'entropy': 0.13646796867251396, 'loss': 1.2671552777290345, 'lr': 0.000500000000000004}
     Epoch[29] Iteration[10/109], entropy: 0.1645, loss: 1.2643, lr: 4.06e-04
     Epoch[29] Iteration[20/109], entropy: 0.2261, loss: 1.3557, lr: 3.94e-06
     Epoch[29] Iteration[30/109], entropy: 0.1950, loss: 1.2901, lr: 2.87e-04
     Epoch[29] Iteration[40/109], entropy: 0.1366, loss: 1.2921, lr: 8.64e-04
     Epoch[29] Iteration[50/109], entropy: 0.2400, loss: 1.3397, lr: 9.38e-04
     Epoch[29] Iteration[60/109], entropy: 0.2568, loss: 1.4254, lr: 4.06e-04
     Epoch[29] Iteration[70/109], entropy: 0.1795, loss: 1.2733, lr: 3.94e-06
     Epoch[29] Iteration[80/109], entropy: 0.1022, loss: 1.1926, lr: 2.87e-04
     Epoch[29] Iteration[90/109], entropy: 0.1257, loss: 1.2360, lr: 8.64e-04
     Epoch[29] Iteration[100/109], entropy: 0.1314, loss: 1.1962, lr: 9.38e-04
     Averaged stats: entropy: 0.0925, loss: 1.2042, lr: 4.69e-04
     itm tta time 0:00:24
### TTA Eval Score: 
+-------+--------+--------+--------+--------+-------+
| epoch |   R1   |   R5   |  R10   |  mAP   |  mINP |
+-------+--------+--------+--------+--------+-------+
|  -999 | 37.304 | 55.557 | 63.548 | 20.140 | 2.213 |
|   0   | 39.661 | 57.275 | 65.387 | 21.378 | 2.319 |
|   1   | 40.014 | 57.522 | 65.604 | 21.557 | 2.320 |
|   2   | 40.044 | 57.668 | 65.725 | 21.416 | 2.226 |
|   3   | 40.160 | 57.527 | 65.624 | 21.480 | 2.267 |
|   4   | 40.674 | 58.086 | 65.966 | 21.732 | 2.294 |
|   5   | 40.730 | 58.177 | 66.102 | 21.779 | 2.313 |
|   6   | 40.871 | 58.238 | 66.294 | 21.877 | 2.340 |
|   7   | 40.639 | 58.207 | 66.238 | 21.892 | 2.368 |
|   8   | 40.840 | 58.263 | 66.238 | 21.833 | 2.294 |
|   9   | 40.508 | 57.976 | 65.946 | 21.658 | 2.291 |
|   10  | 40.795 | 58.243 | 66.223 | 21.783 | 2.297 |
|   11  | 41.067 | 58.429 | 66.339 | 21.923 | 2.320 |
|   12  | 40.871 | 58.338 | 66.193 | 21.969 | 2.390 |
|   13  | 40.936 | 58.273 | 66.183 | 21.808 | 2.313 |
|   14  | 41.002 | 58.399 | 66.208 | 21.875 | 2.296 |
|   15  | 41.168 | 58.459 | 66.440 | 22.012 | 2.347 |
|   16  | 40.981 | 58.379 | 66.395 | 21.939 | 2.326 |
|   17  | 40.815 | 58.238 | 66.269 | 21.804 | 2.302 |
|   18  | 41.168 | 58.454 | 66.510 | 22.024 | 2.358 |
|   19  | 40.694 | 58.102 | 65.992 | 21.816 | 2.356 |
|   20  | 41.243 | 58.590 | 66.354 | 21.916 | 2.284 |
|   21  | 40.997 | 58.469 | 66.324 | 21.876 | 2.295 |
|   22  | 40.916 | 58.258 | 66.218 | 21.898 | 2.338 |
|   23  | 40.815 | 58.278 | 66.178 | 21.872 | 2.334 |
|   24  | 41.087 | 58.540 | 66.435 | 21.890 | 2.280 |
|   25  | 41.072 | 58.459 | 66.420 | 21.972 | 2.324 |
|   26  | 40.866 | 58.409 | 66.344 | 21.740 | 2.238 |
|   27  | 41.082 | 58.459 | 66.379 | 21.871 | 2.277 |
|   28  | 41.188 | 58.520 | 66.475 | 21.944 | 2.281 |
|   29  | 40.976 | 58.328 | 66.248 | 22.010 | 2.389 |
+-------+--------+--------+--------+--------+-------+
     logs:  {'epo': 29, 'R1': np.float32(40.976), 'R5': np.float32(58.328), 'R10': np.float32(66.248), 'mAP': np.float32(22.01), 'mINP': np.float32(2.389), 'entropy': 0.17576647698879241, 'loss': 1.2865405321121215, 'lr': 0.0005000000000000021}
### best epoch 20 : {'epo': '20', 'R1': '41.243', 'R5': '58.59', 'R10': '66.354', 'mAP': '21.916', 'mINP': '2.284', 'entropy': '0.12023687958717347', 'loss': '1.2459868907928466', 'lr': '0.0004999999999999985'}
### Time 0:44:32
