Not using distributed mode
### Hyper-parameters:
     output_dir: output_rerun/ham_icfg_tta/exp2.0.1/2025090909193
     seed: 42
     device: cuda
     batch_size_tta: 16
     epochs: 30
     lr: 5e-05
### Creating test dataset
     test_txt_set: 19848    test_img_set: 19848
     test_txt_loader: 39    test_img_loader: 39
### Creating model
Training Model with ['sdm', 'id', 'mlm'] tasks
Resized position embedding from size:torch.Size([1, 197, 768]) to size: torch.Size([1, 193, 768]) with height:24 width: 8
     Total Params Sum:  190482206
### Zero-Shot Score: 
/home/jiahao/task/IRRA/tta.py:261: FutureWarning: `torch.cuda.amp.GradScaler(args...)` is deprecated. Please use `torch.amp.GradScaler('cuda', args...)` instead.
  scaler = GradScaler()  # bf16
+-------+--------+--------+--------+--------+-------+
| epoch |   R1   |   R5   |  R10   |  mAP   |  mINP |
+-------+--------+--------+--------+--------+-------+
|  -999 | 37.304 | 55.557 | 63.548 | 20.140 | 2.213 |
+-------+--------+--------+--------+--------+-------+
### TTA:
### Compute Cos Similarity Uncertainty
     preprocess_tta_coefficients  start
     sample selection ...
     number of sample after sample_selection: 1757
     uncertainty ...
     pos/neg sampling ...
      number of sample after pos/neg sampling: torch.Size([19848, 8])
     preprocess_tta_coefficients  end
### Creating TTA dataset
     tta_dataset: 1757
### Creating tta dataloader
### be careful: func create_loader returns a list length of 1
     tta_loader: 109
### Configure adapted weights
     TTA Dropout Modules: 
 []
     TTA Require Gradient Params: 
 [('base_model.transformer.resblocks.1.ln_1.weight', torch.Size([512])), ('base_model.transformer.resblocks.1.ln_1.bias', torch.Size([512])), ('base_model.transformer.resblocks.1.ln_2.weight', torch.Size([512])), ('base_model.transformer.resblocks.1.ln_2.bias', torch.Size([512])), ('base_model.transformer.resblocks.2.ln_1.weight', torch.Size([512])), ('base_model.transformer.resblocks.2.ln_1.bias', torch.Size([512])), ('base_model.transformer.resblocks.2.ln_2.weight', torch.Size([512])), ('base_model.transformer.resblocks.2.ln_2.bias', torch.Size([512])), ('base_model.transformer.resblocks.3.ln_1.weight', torch.Size([512])), ('base_model.transformer.resblocks.3.ln_1.bias', torch.Size([512])), ('base_model.transformer.resblocks.3.ln_2.weight', torch.Size([512])), ('base_model.transformer.resblocks.3.ln_2.bias', torch.Size([512])), ('base_model.transformer.resblocks.4.ln_1.weight', torch.Size([512])), ('base_model.transformer.resblocks.4.ln_1.bias', torch.Size([512])), ('base_model.transformer.resblocks.4.ln_2.weight', torch.Size([512])), ('base_model.transformer.resblocks.4.ln_2.bias', torch.Size([512])), ('base_model.transformer.resblocks.5.ln_1.weight', torch.Size([512])), ('base_model.transformer.resblocks.5.ln_1.bias', torch.Size([512])), ('base_model.transformer.resblocks.5.ln_2.weight', torch.Size([512])), ('base_model.transformer.resblocks.5.ln_2.bias', torch.Size([512])), ('base_model.transformer.resblocks.7.ln_1.weight', torch.Size([512])), ('base_model.transformer.resblocks.7.ln_1.bias', torch.Size([512])), ('base_model.transformer.resblocks.7.ln_2.weight', torch.Size([512])), ('base_model.transformer.resblocks.7.ln_2.bias', torch.Size([512])), ('base_model.transformer.resblocks.8.ln_1.weight', torch.Size([512])), ('base_model.transformer.resblocks.8.ln_1.bias', torch.Size([512])), ('base_model.transformer.resblocks.8.ln_2.weight', torch.Size([512])), ('base_model.transformer.resblocks.8.ln_2.bias', torch.Size([512])), ('base_model.transformer.resblocks.9.ln_1.weight', torch.Size([512])), ('base_model.transformer.resblocks.9.ln_1.bias', torch.Size([512])), ('base_model.transformer.resblocks.9.ln_2.weight', torch.Size([512])), ('base_model.transformer.resblocks.9.ln_2.bias', torch.Size([512])), ('base_model.transformer.resblocks.10.ln_1.weight', torch.Size([512])), ('base_model.transformer.resblocks.10.ln_1.bias', torch.Size([512])), ('base_model.transformer.resblocks.10.ln_2.weight', torch.Size([512])), ('base_model.transformer.resblocks.10.ln_2.bias', torch.Size([512])), ('base_model.transformer.resblocks.11.ln_1.weight', torch.Size([512])), ('base_model.transformer.resblocks.11.ln_1.bias', torch.Size([512])), ('base_model.transformer.resblocks.11.ln_2.weight', torch.Size([512])), ('base_model.transformer.resblocks.11.ln_2.bias', torch.Size([512])), ('base_model.ln_final.weight', torch.Size([512])), ('base_model.ln_final.bias', torch.Size([512]))]
     TTA Dropout Modules Number: 
 0
     TTA Require Gradient Params Sum: 
 21504
Using 5.0 times learning rate for random init module 
### Start Test Time Adaptation
/home/jiahao/task/IRRA/tta.py:65: FutureWarning: `torch.cuda.amp.autocast(args...)` is deprecated. Please use `torch.amp.autocast('cuda', args...)` instead.
  with torch.cuda.amp.autocast(enabled=True):
     Epoch[0] Iteration[10/109], entropy: 0.4198, loss: 2.0483, lr: 4.52e-05
     Epoch[0] Iteration[20/109], entropy: 0.2091, loss: 1.9335, lr: 1.73e-05
     Epoch[0] Iteration[30/109], entropy: 0.0924, loss: 1.8244, lr: 0.00e+00
     Epoch[0] Iteration[40/109], entropy: 0.3028, loss: 1.9267, lr: 1.73e-05
     Epoch[0] Iteration[50/109], entropy: 0.1446, loss: 1.8285, lr: 4.32e-05
     Epoch[0] Iteration[60/109], entropy: 0.3182, loss: 2.0379, lr: 4.69e-05
     Epoch[0] Iteration[70/109], entropy: 0.3452, loss: 2.1103, lr: 2.03e-05
     Epoch[0] Iteration[80/109], entropy: 0.2524, loss: 1.9764, lr: 1.97e-07
     Epoch[0] Iteration[90/109], entropy: 0.3035, loss: 1.9291, lr: 1.44e-05
     Epoch[0] Iteration[100/109], entropy: 0.3545, loss: 2.0805, lr: 4.32e-05
     Averaged stats: entropy: 0.3227, loss: 2.0188, lr: 4.82e-05
     itm tta time 0:00:22
### TTA Eval Score: 
+-------+--------+--------+--------+--------+-------+
| epoch |   R1   |   R5   |  R10   |  mAP   |  mINP |
+-------+--------+--------+--------+--------+-------+
|  -999 | 37.304 | 55.557 | 63.548 | 20.140 | 2.213 |
|   0   | 37.470 | 55.799 | 63.729 | 20.250 | 2.211 |
+-------+--------+--------+--------+--------+-------+
     logs:  {'epo': 0, 'R1': np.float32(37.47), 'R5': np.float32(55.799), 'R10': np.float32(63.729), 'mAP': np.float32(20.25), 'mINP': np.float32(2.211), 'entropy': 0.27425580769777297, 'loss': 1.969551110267639, 'lr': 2.4799879082616153e-05}
     Epoch[1] Iteration[10/109], entropy: 0.1969, loss: 1.9213, lr: 2.34e-05
     Epoch[1] Iteration[20/109], entropy: 0.1230, loss: 1.8380, lr: 7.85e-07
     Epoch[1] Iteration[30/109], entropy: 0.2753, loss: 1.9511, lr: 1.16e-05
     Epoch[1] Iteration[40/109], entropy: 0.1357, loss: 1.8511, lr: 4.09e-05
     Epoch[1] Iteration[50/109], entropy: 0.1468, loss: 1.8299, lr: 4.82e-05
     Epoch[1] Iteration[60/109], entropy: 0.0946, loss: 1.6580, lr: 2.34e-05
     Epoch[1] Iteration[70/109], entropy: 0.3381, loss: 2.0419, lr: 7.85e-07
     Epoch[1] Iteration[80/109], entropy: 0.2344, loss: 1.9333, lr: 1.16e-05
     Epoch[1] Iteration[90/109], entropy: 0.2294, loss: 1.9220, lr: 4.09e-05
     Epoch[1] Iteration[100/109], entropy: 0.1936, loss: 1.8175, lr: 4.82e-05
     Averaged stats: entropy: 0.3542, loss: 2.0477, lr: 2.66e-05
     itm tta time 0:00:22
### TTA Eval Score: 
+-------+--------+--------+--------+--------+-------+
| epoch |   R1   |   R5   |  R10   |  mAP   |  mINP |
+-------+--------+--------+--------+--------+-------+
|  -999 | 37.304 | 55.557 | 63.548 | 20.140 | 2.213 |
|   0   | 37.470 | 55.799 | 63.729 | 20.250 | 2.211 |
|   1   | 37.757 | 55.930 | 63.901 | 20.355 | 2.214 |
+-------+--------+--------+--------+--------+-------+
     logs:  {'epo': 1, 'R1': np.float32(37.757), 'R5': np.float32(55.93), 'R10': np.float32(63.901), 'mAP': np.float32(20.355), 'mINP': np.float32(2.214), 'entropy': 0.1967805378139019, 'loss': 1.8764125108718872, 'lr': 2.5000000000000005e-05}
     Epoch[2] Iteration[10/109], entropy: 0.3017, loss: 2.0777, lr: 1.76e-06
     Epoch[2] Iteration[20/109], entropy: 0.3059, loss: 2.0751, lr: 9.06e-06
     Epoch[2] Iteration[30/109], entropy: 0.2831, loss: 2.0526, lr: 3.84e-05
     Epoch[2] Iteration[40/109], entropy: 0.1809, loss: 1.8301, lr: 4.92e-05
     Epoch[2] Iteration[50/109], entropy: 0.1863, loss: 1.8989, lr: 2.66e-05
     Epoch[2] Iteration[60/109], entropy: 0.2140, loss: 1.9328, lr: 1.76e-06
     Epoch[2] Iteration[70/109], entropy: 0.3999, loss: 2.1957, lr: 9.06e-06
     Epoch[2] Iteration[80/109], entropy: 0.1441, loss: 1.7973, lr: 3.84e-05
     Epoch[2] Iteration[90/109], entropy: 0.2762, loss: 1.9733, lr: 4.92e-05
     Epoch[2] Iteration[100/109], entropy: 0.3405, loss: 2.1107, lr: 2.66e-05
     Averaged stats: entropy: 0.2461, loss: 1.9216, lr: 3.09e-06
     itm tta time 0:00:22
### TTA Eval Score: 
+-------+--------+--------+--------+--------+-------+
| epoch |   R1   |   R5   |  R10   |  mAP   |  mINP |
+-------+--------+--------+--------+--------+-------+
|  -999 | 37.304 | 55.557 | 63.548 | 20.140 | 2.213 |
|   0   | 37.470 | 55.799 | 63.729 | 20.250 | 2.211 |
|   1   | 37.757 | 55.930 | 63.901 | 20.355 | 2.214 |
|   2   | 37.974 | 56.026 | 64.001 | 20.433 | 2.211 |
+-------+--------+--------+--------+--------+-------+
     logs:  {'epo': 2, 'R1': np.float32(37.974), 'R5': np.float32(56.026), 'R10': np.float32(64.001), 'mAP': np.float32(20.433), 'mINP': np.float32(2.211), 'entropy': 0.2632653623819351, 'loss': 1.9944238305091857, 'lr': 2.4999999999999994e-05}
     Epoch[3] Iteration[10/109], entropy: 0.2658, loss: 1.9953, lr: 6.78e-06
     Epoch[3] Iteration[20/109], entropy: 0.3101, loss: 1.9905, lr: 3.56e-05
     Epoch[3] Iteration[30/109], entropy: 0.1813, loss: 1.9465, lr: 4.98e-05
     Epoch[3] Iteration[40/109], entropy: 0.1629, loss: 1.8822, lr: 2.97e-05
     Epoch[3] Iteration[50/109], entropy: 0.2359, loss: 1.9462, lr: 3.09e-06
     Epoch[3] Iteration[60/109], entropy: 0.1881, loss: 1.8388, lr: 6.78e-06
     Epoch[3] Iteration[70/109], entropy: 0.1635, loss: 1.9121, lr: 3.56e-05
     Epoch[3] Iteration[80/109], entropy: 0.1608, loss: 1.8112, lr: 4.98e-05
     Epoch[3] Iteration[90/109], entropy: 0.2730, loss: 1.9552, lr: 2.97e-05
     Epoch[3] Iteration[100/109], entropy: 0.1937, loss: 1.8905, lr: 3.09e-06
     Averaged stats: entropy: 0.2481, loss: 1.9560, lr: 4.77e-06
     itm tta time 0:00:23
### TTA Eval Score: 
+-------+--------+--------+--------+--------+-------+
| epoch |   R1   |   R5   |  R10   |  mAP   |  mINP |
+-------+--------+--------+--------+--------+-------+
|  -999 | 37.304 | 55.557 | 63.548 | 20.140 | 2.213 |
|   0   | 37.470 | 55.799 | 63.729 | 20.250 | 2.211 |
|   1   | 37.757 | 55.930 | 63.901 | 20.355 | 2.214 |
|   2   | 37.974 | 56.026 | 64.001 | 20.433 | 2.211 |
|   3   | 38.145 | 56.147 | 64.117 | 20.503 | 2.213 |
+-------+--------+--------+--------+--------+-------+
     logs:  {'epo': 3, 'R1': np.float32(38.145), 'R5': np.float32(56.147), 'R10': np.float32(64.117), 'mAP': np.float32(20.503), 'mINP': np.float32(2.213), 'entropy': 0.21350469440221786, 'loss': 1.9168452739715576, 'lr': 2.4999999999999984e-05}
     Epoch[4] Iteration[10/109], entropy: 0.2159, loss: 1.9621, lr: 3.27e-05
     Epoch[4] Iteration[20/109], entropy: 0.3479, loss: 2.0931, lr: 5.00e-05
     Epoch[4] Iteration[30/109], entropy: 0.2454, loss: 1.9044, lr: 3.27e-05
     Epoch[4] Iteration[40/109], entropy: 0.2644, loss: 1.8823, lr: 4.77e-06
     Epoch[4] Iteration[50/109], entropy: 0.1916, loss: 1.8644, lr: 4.77e-06
     Epoch[4] Iteration[60/109], entropy: 0.4146, loss: 2.1665, lr: 3.27e-05
     Epoch[4] Iteration[70/109], entropy: 0.0832, loss: 1.7936, lr: 5.00e-05
     Epoch[4] Iteration[80/109], entropy: 0.1088, loss: 1.8408, lr: 3.27e-05
     Epoch[4] Iteration[90/109], entropy: 0.1519, loss: 1.8651, lr: 4.77e-06
     Epoch[4] Iteration[100/109], entropy: 0.2691, loss: 1.9091, lr: 4.77e-06
     Averaged stats: entropy: 0.2432, loss: 1.9464, lr: 2.97e-05
     itm tta time 0:00:22
### TTA Eval Score: 
+-------+--------+--------+--------+--------+-------+
| epoch |   R1   |   R5   |  R10   |  mAP   |  mINP |
+-------+--------+--------+--------+--------+-------+
|  -999 | 37.304 | 55.557 | 63.548 | 20.140 | 2.213 |
|   0   | 37.470 | 55.799 | 63.729 | 20.250 | 2.211 |
|   1   | 37.757 | 55.930 | 63.901 | 20.355 | 2.214 |
|   2   | 37.974 | 56.026 | 64.001 | 20.433 | 2.211 |
|   3   | 38.145 | 56.147 | 64.117 | 20.503 | 2.213 |
|   4   | 38.311 | 56.242 | 64.268 | 20.572 | 2.215 |
+-------+--------+--------+--------+--------+-------+
     logs:  {'epo': 4, 'R1': np.float32(38.311), 'R5': np.float32(56.242), 'R10': np.float32(64.268), 'mAP': np.float32(20.572), 'mINP': np.float32(2.215), 'entropy': 0.2292678698897362, 'loss': 1.9281494736671447, 'lr': 2.500000000000006e-05}
     Epoch[5] Iteration[10/109], entropy: 0.2812, loss: 1.9158, lr: 4.98e-05
     Epoch[5] Iteration[20/109], entropy: 0.1248, loss: 1.8528, lr: 3.56e-05
     Epoch[5] Iteration[30/109], entropy: 0.1222, loss: 1.8157, lr: 6.78e-06
     Epoch[5] Iteration[40/109], entropy: 0.1434, loss: 1.8423, lr: 3.09e-06
     Epoch[5] Iteration[50/109], entropy: 0.1485, loss: 1.8173, lr: 2.97e-05
     Epoch[5] Iteration[60/109], entropy: 0.3271, loss: 2.0308, lr: 4.98e-05
     Epoch[5] Iteration[70/109], entropy: 0.2132, loss: 1.9038, lr: 3.56e-05
     Epoch[5] Iteration[80/109], entropy: 0.2659, loss: 2.0341, lr: 6.78e-06
     Epoch[5] Iteration[90/109], entropy: 0.2670, loss: 2.0025, lr: 3.09e-06
     Epoch[5] Iteration[100/109], entropy: 0.1611, loss: 1.8684, lr: 2.97e-05
     Averaged stats: entropy: 0.1575, loss: 1.8232, lr: 4.92e-05
     itm tta time 0:00:22
### TTA Eval Score: 
+-------+--------+--------+--------+--------+-------+
| epoch |   R1   |   R5   |  R10   |  mAP   |  mINP |
+-------+--------+--------+--------+--------+-------+
|  -999 | 37.304 | 55.557 | 63.548 | 20.140 | 2.213 |
|   0   | 37.470 | 55.799 | 63.729 | 20.250 | 2.211 |
|   1   | 37.757 | 55.930 | 63.901 | 20.355 | 2.214 |
|   2   | 37.974 | 56.026 | 64.001 | 20.433 | 2.211 |
|   3   | 38.145 | 56.147 | 64.117 | 20.503 | 2.213 |
|   4   | 38.311 | 56.242 | 64.268 | 20.572 | 2.215 |
|   5   | 38.488 | 56.363 | 64.329 | 20.635 | 2.215 |
+-------+--------+--------+--------+--------+-------+
     logs:  {'epo': 5, 'R1': np.float32(38.488), 'R5': np.float32(56.363), 'R10': np.float32(64.329), 'mAP': np.float32(20.635), 'mINP': np.float32(2.215), 'entropy': 0.2054367706179619, 'loss': 1.9083626508712768, 'lr': 2.4999999999999977e-05}
     Epoch[6] Iteration[10/109], entropy: 0.2412, loss: 2.0188, lr: 3.84e-05
     Epoch[6] Iteration[20/109], entropy: 0.3488, loss: 1.9835, lr: 9.06e-06
     Epoch[6] Iteration[30/109], entropy: 0.2350, loss: 2.0328, lr: 1.76e-06
     Epoch[6] Iteration[40/109], entropy: 0.3005, loss: 1.9487, lr: 2.66e-05
     Epoch[6] Iteration[50/109], entropy: 0.0888, loss: 1.7785, lr: 4.92e-05
     Epoch[6] Iteration[60/109], entropy: 0.1781, loss: 1.8605, lr: 3.84e-05
     Epoch[6] Iteration[70/109], entropy: 0.2062, loss: 1.8723, lr: 9.06e-06
     Epoch[6] Iteration[80/109], entropy: 0.1509, loss: 1.7831, lr: 1.76e-06
     Epoch[6] Iteration[90/109], entropy: 0.2695, loss: 1.9668, lr: 2.66e-05
     Epoch[6] Iteration[100/109], entropy: 0.2619, loss: 2.0228, lr: 4.92e-05
     Averaged stats: entropy: 0.3442, loss: 2.1416, lr: 4.09e-05
     itm tta time 0:00:22
### TTA Eval Score: 
+-------+--------+--------+--------+--------+-------+
| epoch |   R1   |   R5   |  R10   |  mAP   |  mINP |
+-------+--------+--------+--------+--------+-------+
|  -999 | 37.304 | 55.557 | 63.548 | 20.140 | 2.213 |
|   0   | 37.470 | 55.799 | 63.729 | 20.250 | 2.211 |
|   1   | 37.757 | 55.930 | 63.901 | 20.355 | 2.214 |
|   2   | 37.974 | 56.026 | 64.001 | 20.433 | 2.211 |
|   3   | 38.145 | 56.147 | 64.117 | 20.503 | 2.213 |
|   4   | 38.311 | 56.242 | 64.268 | 20.572 | 2.215 |
|   5   | 38.488 | 56.363 | 64.329 | 20.635 | 2.215 |
|   6   | 38.649 | 56.504 | 64.415 | 20.706 | 2.219 |
+-------+--------+--------+--------+--------+-------+
     logs:  {'epo': 6, 'R1': np.float32(38.649), 'R5': np.float32(56.504), 'R10': np.float32(64.415), 'mAP': np.float32(20.706), 'mINP': np.float32(2.219), 'entropy': 0.22807855233550073, 'loss': 1.92676442861557, 'lr': 2.500000000000002e-05}
     Epoch[7] Iteration[10/109], entropy: 0.4222, loss: 2.1323, lr: 1.16e-05
     Epoch[7] Iteration[20/109], entropy: 0.3467, loss: 2.1208, lr: 7.85e-07
     Epoch[7] Iteration[30/109], entropy: 0.3058, loss: 2.0521, lr: 2.34e-05
     Epoch[7] Iteration[40/109], entropy: 0.3033, loss: 1.9506, lr: 4.82e-05
     Epoch[7] Iteration[50/109], entropy: 0.4257, loss: 2.1934, lr: 4.09e-05
     Epoch[7] Iteration[60/109], entropy: 0.1537, loss: 1.8277, lr: 1.16e-05
     Epoch[7] Iteration[70/109], entropy: 0.1917, loss: 1.8155, lr: 7.85e-07
     Epoch[7] Iteration[80/109], entropy: 0.1411, loss: 1.7973, lr: 2.34e-05
     Epoch[7] Iteration[90/109], entropy: 0.1754, loss: 1.8936, lr: 4.82e-05
     Epoch[7] Iteration[100/109], entropy: 0.2931, loss: 2.0484, lr: 4.09e-05
     Averaged stats: entropy: 0.1382, loss: 1.8074, lr: 1.44e-05
     itm tta time 0:00:23
### TTA Eval Score: 
+-------+--------+--------+--------+--------+-------+
| epoch |   R1   |   R5   |  R10   |  mAP   |  mINP |
+-------+--------+--------+--------+--------+-------+
|  -999 | 37.304 | 55.557 | 63.548 | 20.140 | 2.213 |
|   0   | 37.470 | 55.799 | 63.729 | 20.250 | 2.211 |
|   1   | 37.757 | 55.930 | 63.901 | 20.355 | 2.214 |
|   2   | 37.974 | 56.026 | 64.001 | 20.433 | 2.211 |
|   3   | 38.145 | 56.147 | 64.117 | 20.503 | 2.213 |
|   4   | 38.311 | 56.242 | 64.268 | 20.572 | 2.215 |
|   5   | 38.488 | 56.363 | 64.329 | 20.635 | 2.215 |
|   6   | 38.649 | 56.504 | 64.415 | 20.706 | 2.219 |
|   7   | 38.765 | 56.625 | 64.520 | 20.763 | 2.224 |
+-------+--------+--------+--------+--------+-------+
     logs:  {'epo': 7, 'R1': np.float32(38.765), 'R5': np.float32(56.625), 'R10': np.float32(64.52), 'mAP': np.float32(20.763), 'mINP': np.float32(2.224), 'entropy': 0.27586212009191513, 'loss': 1.9831754684448242, 'lr': 2.4999999999999967e-05}
     Epoch[8] Iteration[10/109], entropy: 0.1486, loss: 1.8641, lr: 1.97e-07
     Epoch[8] Iteration[20/109], entropy: 0.1597, loss: 1.8182, lr: 2.03e-05
     Epoch[8] Iteration[30/109], entropy: 0.3271, loss: 2.0663, lr: 4.69e-05
     Epoch[8] Iteration[40/109], entropy: 0.2290, loss: 1.9823, lr: 4.32e-05
     Epoch[8] Iteration[50/109], entropy: 0.1747, loss: 1.8245, lr: 1.44e-05
     Epoch[8] Iteration[60/109], entropy: 0.1084, loss: 1.7143, lr: 1.97e-07
     Epoch[8] Iteration[70/109], entropy: 0.1371, loss: 1.8644, lr: 2.03e-05
     Epoch[8] Iteration[80/109], entropy: 0.1807, loss: 1.8827, lr: 4.69e-05
     Epoch[8] Iteration[90/109], entropy: 0.1083, loss: 1.8825, lr: 4.32e-05
     Epoch[8] Iteration[100/109], entropy: 0.2783, loss: 1.9740, lr: 1.44e-05
     Averaged stats: entropy: 0.2607, loss: 1.9648, lr: 0.00e+00
     itm tta time 0:00:22
### TTA Eval Score: 
+-------+--------+--------+--------+--------+-------+
| epoch |   R1   |   R5   |  R10   |  mAP   |  mINP |
+-------+--------+--------+--------+--------+-------+
|  -999 | 37.304 | 55.557 | 63.548 | 20.140 | 2.213 |
|   0   | 37.470 | 55.799 | 63.729 | 20.250 | 2.211 |
|   1   | 37.757 | 55.930 | 63.901 | 20.355 | 2.214 |
|   2   | 37.974 | 56.026 | 64.001 | 20.433 | 2.211 |
|   3   | 38.145 | 56.147 | 64.117 | 20.503 | 2.213 |
|   4   | 38.311 | 56.242 | 64.268 | 20.572 | 2.215 |
|   5   | 38.488 | 56.363 | 64.329 | 20.635 | 2.215 |
|   6   | 38.649 | 56.504 | 64.415 | 20.706 | 2.219 |
|   7   | 38.765 | 56.625 | 64.520 | 20.763 | 2.224 |
|   8   | 38.875 | 56.696 | 64.551 | 20.808 | 2.226 |
+-------+--------+--------+--------+--------+-------+
     logs:  {'epo': 8, 'R1': np.float32(38.875), 'R5': np.float32(56.696), 'R10': np.float32(64.551), 'mAP': np.float32(20.808), 'mINP': np.float32(2.226), 'entropy': 0.18517940863966942, 'loss': 1.8873296141624452, 'lr': 2.4999999999999977e-05}
     Epoch[9] Iteration[10/109], entropy: 0.1750, loss: 1.9026, lr: 1.73e-05
     Epoch[9] Iteration[20/109], entropy: 0.2408, loss: 1.9456, lr: 4.52e-05
     Epoch[9] Iteration[30/109], entropy: 0.1831, loss: 1.8409, lr: 4.52e-05
     Epoch[9] Iteration[40/109], entropy: 0.1204, loss: 1.7186, lr: 1.73e-05
     Epoch[9] Iteration[50/109], entropy: 0.1497, loss: 1.7659, lr: 0.00e+00
     Epoch[9] Iteration[60/109], entropy: 0.2556, loss: 1.8725, lr: 1.73e-05
     Epoch[9] Iteration[70/109], entropy: 0.3002, loss: 2.0009, lr: 4.52e-05
     Epoch[9] Iteration[80/109], entropy: 0.2959, loss: 1.9634, lr: 4.52e-05
     Epoch[9] Iteration[90/109], entropy: 0.1744, loss: 1.8873, lr: 1.73e-05
     Epoch[9] Iteration[100/109], entropy: 0.2403, loss: 2.0150, lr: 0.00e+00
     Averaged stats: entropy: 0.2935, loss: 1.9388, lr: 1.44e-05
     itm tta time 0:00:22
### TTA Eval Score: 
+-------+--------+--------+--------+--------+-------+
| epoch |   R1   |   R5   |  R10   |  mAP   |  mINP |
+-------+--------+--------+--------+--------+-------+
|  -999 | 37.304 | 55.557 | 63.548 | 20.140 | 2.213 |
|   0   | 37.470 | 55.799 | 63.729 | 20.250 | 2.211 |
|   1   | 37.757 | 55.930 | 63.901 | 20.355 | 2.214 |
|   2   | 37.974 | 56.026 | 64.001 | 20.433 | 2.211 |
|   3   | 38.145 | 56.147 | 64.117 | 20.503 | 2.213 |
|   4   | 38.311 | 56.242 | 64.268 | 20.572 | 2.215 |
|   5   | 38.488 | 56.363 | 64.329 | 20.635 | 2.215 |
|   6   | 38.649 | 56.504 | 64.415 | 20.706 | 2.219 |
|   7   | 38.765 | 56.625 | 64.520 | 20.763 | 2.224 |
|   8   | 38.875 | 56.696 | 64.551 | 20.808 | 2.226 |
|   9   | 38.966 | 56.802 | 64.641 | 20.843 | 2.227 |
+-------+--------+--------+--------+--------+-------+
     logs:  {'epo': 9, 'R1': np.float32(38.966), 'R5': np.float32(56.802), 'R10': np.float32(64.641), 'mAP': np.float32(20.843), 'mINP': np.float32(2.227), 'entropy': 0.21355195119976997, 'loss': 1.8912765860557557, 'lr': 2.4999999999999883e-05}
     Epoch[10] Iteration[10/109], entropy: 0.3074, loss: 1.9603, lr: 4.32e-05
     Epoch[10] Iteration[20/109], entropy: 0.1732, loss: 1.9418, lr: 4.69e-05
     Epoch[10] Iteration[30/109], entropy: 0.2203, loss: 1.9441, lr: 2.03e-05
     Epoch[10] Iteration[40/109], entropy: 0.2570, loss: 1.9629, lr: 1.97e-07
     Epoch[10] Iteration[50/109], entropy: 0.1030, loss: 1.9500, lr: 1.44e-05
     Epoch[10] Iteration[60/109], entropy: 0.2082, loss: 1.7982, lr: 4.32e-05
     Epoch[10] Iteration[70/109], entropy: 0.1293, loss: 1.8948, lr: 4.69e-05
     Epoch[10] Iteration[80/109], entropy: 0.2783, loss: 2.0259, lr: 2.03e-05
     Epoch[10] Iteration[90/109], entropy: 0.1941, loss: 1.8246, lr: 1.97e-07
     Epoch[10] Iteration[100/109], entropy: 0.1866, loss: 1.9022, lr: 1.44e-05
     Averaged stats: entropy: 0.1086, loss: 1.7494, lr: 4.09e-05
     itm tta time 0:00:22
### TTA Eval Score: 
+-------+--------+--------+--------+--------+-------+
| epoch |   R1   |   R5   |  R10   |  mAP   |  mINP |
+-------+--------+--------+--------+--------+-------+
|  -999 | 37.304 | 55.557 | 63.548 | 20.140 | 2.213 |
|   0   | 37.470 | 55.799 | 63.729 | 20.250 | 2.211 |
|   1   | 37.757 | 55.930 | 63.901 | 20.355 | 2.214 |
|   2   | 37.974 | 56.026 | 64.001 | 20.433 | 2.211 |
|   3   | 38.145 | 56.147 | 64.117 | 20.503 | 2.213 |
|   4   | 38.311 | 56.242 | 64.268 | 20.572 | 2.215 |
|   5   | 38.488 | 56.363 | 64.329 | 20.635 | 2.215 |
|   6   | 38.649 | 56.504 | 64.415 | 20.706 | 2.219 |
|   7   | 38.765 | 56.625 | 64.520 | 20.763 | 2.224 |
|   8   | 38.875 | 56.696 | 64.551 | 20.808 | 2.226 |
|   9   | 38.966 | 56.802 | 64.641 | 20.843 | 2.227 |
|   10  | 38.991 | 56.827 | 64.722 | 20.874 | 2.228 |
+-------+--------+--------+--------+--------+-------+
     logs:  {'epo': 10, 'R1': np.float32(38.991), 'R5': np.float32(56.827), 'R10': np.float32(64.722), 'mAP': np.float32(20.874), 'mINP': np.float32(2.228), 'entropy': 0.2057389110326767, 'loss': 1.9204826831817627, 'lr': 2.5000000000000005e-05}
     Epoch[11] Iteration[10/109], entropy: 0.1339, loss: 1.8648, lr: 4.82e-05
     Epoch[11] Iteration[20/109], entropy: 0.1572, loss: 1.8445, lr: 2.34e-05
     Epoch[11] Iteration[30/109], entropy: 0.1510, loss: 1.9034, lr: 7.85e-07
     Epoch[11] Iteration[40/109], entropy: 0.3263, loss: 2.0805, lr: 1.16e-05
     Epoch[11] Iteration[50/109], entropy: 0.2954, loss: 2.0095, lr: 4.09e-05
     Epoch[11] Iteration[60/109], entropy: 0.2378, loss: 2.0575, lr: 4.82e-05
     Epoch[11] Iteration[70/109], entropy: 0.2635, loss: 2.0347, lr: 2.34e-05
     Epoch[11] Iteration[80/109], entropy: 0.2147, loss: 1.9733, lr: 7.85e-07
     Epoch[11] Iteration[90/109], entropy: 0.1263, loss: 1.8508, lr: 1.16e-05
     Epoch[11] Iteration[100/109], entropy: 0.2031, loss: 1.8903, lr: 4.09e-05
     Averaged stats: entropy: 0.1843, loss: 1.8459, lr: 4.92e-05
     itm tta time 0:00:22
### TTA Eval Score: 
+-------+--------+--------+--------+--------+-------+
| epoch |   R1   |   R5   |  R10   |  mAP   |  mINP |
+-------+--------+--------+--------+--------+-------+
|  -999 | 37.304 | 55.557 | 63.548 | 20.140 | 2.213 |
|   0   | 37.470 | 55.799 | 63.729 | 20.250 | 2.211 |
|   1   | 37.757 | 55.930 | 63.901 | 20.355 | 2.214 |
|   2   | 37.974 | 56.026 | 64.001 | 20.433 | 2.211 |
|   3   | 38.145 | 56.147 | 64.117 | 20.503 | 2.213 |
|   4   | 38.311 | 56.242 | 64.268 | 20.572 | 2.215 |
|   5   | 38.488 | 56.363 | 64.329 | 20.635 | 2.215 |
|   6   | 38.649 | 56.504 | 64.415 | 20.706 | 2.219 |
|   7   | 38.765 | 56.625 | 64.520 | 20.763 | 2.224 |
|   8   | 38.875 | 56.696 | 64.551 | 20.808 | 2.226 |
|   9   | 38.966 | 56.802 | 64.641 | 20.843 | 2.227 |
|   10  | 38.991 | 56.827 | 64.722 | 20.874 | 2.228 |
|   11  | 39.127 | 56.913 | 64.858 | 20.929 | 2.231 |
+-------+--------+--------+--------+--------+-------+
     logs:  {'epo': 11, 'R1': np.float32(39.127), 'R5': np.float32(56.913), 'R10': np.float32(64.858), 'mAP': np.float32(20.929), 'mINP': np.float32(2.231), 'entropy': 0.2109161600470543, 'loss': 1.9509498715400695, 'lr': 2.4999999999999977e-05}
     Epoch[12] Iteration[10/109], entropy: 0.2777, loss: 2.0009, lr: 2.66e-05
     Epoch[12] Iteration[20/109], entropy: 0.1643, loss: 1.8832, lr: 1.76e-06
     Epoch[12] Iteration[30/109], entropy: 0.1610, loss: 1.9036, lr: 9.06e-06
     Epoch[12] Iteration[40/109], entropy: 0.2369, loss: 2.0029, lr: 3.84e-05
     Epoch[12] Iteration[50/109], entropy: 0.3110, loss: 2.0370, lr: 4.92e-05
     Epoch[12] Iteration[60/109], entropy: 0.1957, loss: 1.8542, lr: 2.66e-05
     Epoch[12] Iteration[70/109], entropy: 0.2617, loss: 1.9288, lr: 1.76e-06
     Epoch[12] Iteration[80/109], entropy: 0.2642, loss: 2.0759, lr: 9.06e-06
     Epoch[12] Iteration[90/109], entropy: 0.2222, loss: 1.9738, lr: 3.84e-05
     Epoch[12] Iteration[100/109], entropy: 0.3658, loss: 2.0719, lr: 4.92e-05
     Averaged stats: entropy: 0.1793, loss: 1.8281, lr: 2.97e-05
     itm tta time 0:00:22
### TTA Eval Score: 
+-------+--------+--------+--------+--------+-------+
| epoch |   R1   |   R5   |  R10   |  mAP   |  mINP |
+-------+--------+--------+--------+--------+-------+
|  -999 | 37.304 | 55.557 | 63.548 | 20.140 | 2.213 |
|   0   | 37.470 | 55.799 | 63.729 | 20.250 | 2.211 |
|   1   | 37.757 | 55.930 | 63.901 | 20.355 | 2.214 |
|   2   | 37.974 | 56.026 | 64.001 | 20.433 | 2.211 |
|   3   | 38.145 | 56.147 | 64.117 | 20.503 | 2.213 |
|   4   | 38.311 | 56.242 | 64.268 | 20.572 | 2.215 |
|   5   | 38.488 | 56.363 | 64.329 | 20.635 | 2.215 |
|   6   | 38.649 | 56.504 | 64.415 | 20.706 | 2.219 |
|   7   | 38.765 | 56.625 | 64.520 | 20.763 | 2.224 |
|   8   | 38.875 | 56.696 | 64.551 | 20.808 | 2.226 |
|   9   | 38.966 | 56.802 | 64.641 | 20.843 | 2.227 |
|   10  | 38.991 | 56.827 | 64.722 | 20.874 | 2.228 |
|   11  | 39.127 | 56.913 | 64.858 | 20.929 | 2.231 |
|   12  | 39.208 | 56.948 | 64.908 | 20.968 | 2.235 |
+-------+--------+--------+--------+--------+-------+
     logs:  {'epo': 12, 'R1': np.float32(39.208), 'R5': np.float32(56.948), 'R10': np.float32(64.908), 'mAP': np.float32(20.968), 'mINP': np.float32(2.235), 'entropy': 0.2460552215576172, 'loss': 1.9732312202453612, 'lr': 2.5000000000000066e-05}
     Epoch[13] Iteration[10/109], entropy: 0.1876, loss: 2.0529, lr: 3.09e-06
     Epoch[13] Iteration[20/109], entropy: 0.1300, loss: 1.8130, lr: 6.78e-06
     Epoch[13] Iteration[30/109], entropy: 0.1662, loss: 1.8907, lr: 3.56e-05
     Epoch[13] Iteration[40/109], entropy: 0.3127, loss: 2.0755, lr: 4.98e-05
     Epoch[13] Iteration[50/109], entropy: 0.1223, loss: 1.8931, lr: 2.97e-05
     Epoch[13] Iteration[60/109], entropy: 0.2264, loss: 2.0557, lr: 3.09e-06
     Epoch[13] Iteration[70/109], entropy: 0.1968, loss: 1.8820, lr: 6.78e-06
     Epoch[13] Iteration[80/109], entropy: 0.0794, loss: 1.7340, lr: 3.56e-05
     Epoch[13] Iteration[90/109], entropy: 0.1306, loss: 1.8189, lr: 4.98e-05
     Epoch[13] Iteration[100/109], entropy: 0.2086, loss: 1.8863, lr: 2.97e-05
     Averaged stats: entropy: 0.2593, loss: 2.0289, lr: 4.77e-06
     itm tta time 0:00:22
### TTA Eval Score: 
+-------+--------+--------+--------+--------+-------+
| epoch |   R1   |   R5   |  R10   |  mAP   |  mINP |
+-------+--------+--------+--------+--------+-------+
|  -999 | 37.304 | 55.557 | 63.548 | 20.140 | 2.213 |
|   0   | 37.470 | 55.799 | 63.729 | 20.250 | 2.211 |
|   1   | 37.757 | 55.930 | 63.901 | 20.355 | 2.214 |
|   2   | 37.974 | 56.026 | 64.001 | 20.433 | 2.211 |
|   3   | 38.145 | 56.147 | 64.117 | 20.503 | 2.213 |
|   4   | 38.311 | 56.242 | 64.268 | 20.572 | 2.215 |
|   5   | 38.488 | 56.363 | 64.329 | 20.635 | 2.215 |
|   6   | 38.649 | 56.504 | 64.415 | 20.706 | 2.219 |
|   7   | 38.765 | 56.625 | 64.520 | 20.763 | 2.224 |
|   8   | 38.875 | 56.696 | 64.551 | 20.808 | 2.226 |
|   9   | 38.966 | 56.802 | 64.641 | 20.843 | 2.227 |
|   10  | 38.991 | 56.827 | 64.722 | 20.874 | 2.228 |
|   11  | 39.127 | 56.913 | 64.858 | 20.929 | 2.231 |
|   12  | 39.208 | 56.948 | 64.908 | 20.968 | 2.235 |
|   13  | 39.243 | 57.033 | 64.918 | 21.001 | 2.238 |
+-------+--------+--------+--------+--------+-------+
     logs:  {'epo': 13, 'R1': np.float32(39.243), 'R5': np.float32(57.033), 'R10': np.float32(64.918), 'mAP': np.float32(21.001), 'mINP': np.float32(2.238), 'entropy': 0.17605165839195253, 'loss': 1.9102059245109557, 'lr': 2.5000000000000055e-05}
     Epoch[14] Iteration[10/109], entropy: 0.1958, loss: 1.8367, lr: 4.77e-06
     Epoch[14] Iteration[20/109], entropy: 0.1533, loss: 1.8821, lr: 3.27e-05
     Epoch[14] Iteration[30/109], entropy: 0.1829, loss: 1.9090, lr: 5.00e-05
     Epoch[14] Iteration[40/109], entropy: 0.1683, loss: 1.8949, lr: 3.27e-05
     Epoch[14] Iteration[50/109], entropy: 0.2363, loss: 1.9473, lr: 4.77e-06
     Epoch[14] Iteration[60/109], entropy: 0.1604, loss: 1.8039, lr: 4.77e-06
     Epoch[14] Iteration[70/109], entropy: 0.2840, loss: 2.0494, lr: 3.27e-05
     Epoch[14] Iteration[80/109], entropy: 0.2409, loss: 2.0127, lr: 5.00e-05
     Epoch[14] Iteration[90/109], entropy: 0.1373, loss: 1.9182, lr: 3.27e-05
     Epoch[14] Iteration[100/109], entropy: 0.1314, loss: 1.8170, lr: 4.77e-06
     Averaged stats: entropy: 0.0673, loss: 1.6527, lr: 3.09e-06
     itm tta time 0:00:23
### TTA Eval Score: 
+-------+--------+--------+--------+--------+-------+
| epoch |   R1   |   R5   |  R10   |  mAP   |  mINP |
+-------+--------+--------+--------+--------+-------+
|  -999 | 37.304 | 55.557 | 63.548 | 20.140 | 2.213 |
|   0   | 37.470 | 55.799 | 63.729 | 20.250 | 2.211 |
|   1   | 37.757 | 55.930 | 63.901 | 20.355 | 2.214 |
|   2   | 37.974 | 56.026 | 64.001 | 20.433 | 2.211 |
|   3   | 38.145 | 56.147 | 64.117 | 20.503 | 2.213 |
|   4   | 38.311 | 56.242 | 64.268 | 20.572 | 2.215 |
|   5   | 38.488 | 56.363 | 64.329 | 20.635 | 2.215 |
|   6   | 38.649 | 56.504 | 64.415 | 20.706 | 2.219 |
|   7   | 38.765 | 56.625 | 64.520 | 20.763 | 2.224 |
|   8   | 38.875 | 56.696 | 64.551 | 20.808 | 2.226 |
|   9   | 38.966 | 56.802 | 64.641 | 20.843 | 2.227 |
|   10  | 38.991 | 56.827 | 64.722 | 20.874 | 2.228 |
|   11  | 39.127 | 56.913 | 64.858 | 20.929 | 2.231 |
|   12  | 39.208 | 56.948 | 64.908 | 20.968 | 2.235 |
|   13  | 39.243 | 57.033 | 64.918 | 21.001 | 2.238 |
|   14  | 39.364 | 57.084 | 64.984 | 21.034 | 2.239 |
+-------+--------+--------+--------+--------+-------+
     logs:  {'epo': 14, 'R1': np.float32(39.364), 'R5': np.float32(57.084), 'R10': np.float32(64.984), 'mAP': np.float32(21.034), 'mINP': np.float32(2.239), 'entropy': 0.18905335962772368, 'loss': 1.9071112990379333, 'lr': 2.5000000000000083e-05}
     Epoch[15] Iteration[10/109], entropy: 0.0689, loss: 1.7238, lr: 2.97e-05
     Epoch[15] Iteration[20/109], entropy: 0.1580, loss: 1.9228, lr: 4.98e-05
     Epoch[15] Iteration[30/109], entropy: 0.1177, loss: 1.9325, lr: 3.56e-05
     Epoch[15] Iteration[40/109], entropy: 0.2522, loss: 1.9779, lr: 6.78e-06
     Epoch[15] Iteration[50/109], entropy: 0.1799, loss: 1.9364, lr: 3.09e-06
     Epoch[15] Iteration[60/109], entropy: 0.2268, loss: 1.8957, lr: 2.97e-05
     Epoch[15] Iteration[70/109], entropy: 0.1466, loss: 1.8613, lr: 4.98e-05
     Epoch[15] Iteration[80/109], entropy: 0.1485, loss: 1.8513, lr: 3.56e-05
     Epoch[15] Iteration[90/109], entropy: 0.1947, loss: 1.8462, lr: 6.78e-06
     Epoch[15] Iteration[100/109], entropy: 0.1054, loss: 1.8544, lr: 3.09e-06
     Averaged stats: entropy: 0.2277, loss: 1.9103, lr: 2.66e-05
     itm tta time 0:00:22
### TTA Eval Score: 
+-------+--------+--------+--------+--------+-------+
| epoch |   R1   |   R5   |  R10   |  mAP   |  mINP |
+-------+--------+--------+--------+--------+-------+
|  -999 | 37.304 | 55.557 | 63.548 | 20.140 | 2.213 |
|   0   | 37.470 | 55.799 | 63.729 | 20.250 | 2.211 |
|   1   | 37.757 | 55.930 | 63.901 | 20.355 | 2.214 |
|   2   | 37.974 | 56.026 | 64.001 | 20.433 | 2.211 |
|   3   | 38.145 | 56.147 | 64.117 | 20.503 | 2.213 |
|   4   | 38.311 | 56.242 | 64.268 | 20.572 | 2.215 |
|   5   | 38.488 | 56.363 | 64.329 | 20.635 | 2.215 |
|   6   | 38.649 | 56.504 | 64.415 | 20.706 | 2.219 |
|   7   | 38.765 | 56.625 | 64.520 | 20.763 | 2.224 |
|   8   | 38.875 | 56.696 | 64.551 | 20.808 | 2.226 |
|   9   | 38.966 | 56.802 | 64.641 | 20.843 | 2.227 |
|   10  | 38.991 | 56.827 | 64.722 | 20.874 | 2.228 |
|   11  | 39.127 | 56.913 | 64.858 | 20.929 | 2.231 |
|   12  | 39.208 | 56.948 | 64.908 | 20.968 | 2.235 |
|   13  | 39.243 | 57.033 | 64.918 | 21.001 | 2.238 |
|   14  | 39.364 | 57.084 | 64.984 | 21.034 | 2.239 |
|   15  | 39.440 | 57.119 | 64.994 | 21.062 | 2.242 |
+-------+--------+--------+--------+--------+-------+
     logs:  {'epo': 15, 'R1': np.float32(39.44), 'R5': np.float32(57.119), 'R10': np.float32(64.994), 'mAP': np.float32(21.062), 'mINP': np.float32(2.242), 'entropy': 0.15987472906708716, 'loss': 1.8802364945411683, 'lr': 2.4999999999999913e-05}
     Epoch[16] Iteration[10/109], entropy: 0.1478, loss: 1.8482, lr: 4.92e-05
     Epoch[16] Iteration[20/109], entropy: 0.2756, loss: 1.9457, lr: 3.84e-05
     Epoch[16] Iteration[30/109], entropy: 0.2057, loss: 1.8018, lr: 9.06e-06
     Epoch[16] Iteration[40/109], entropy: 0.2251, loss: 2.0039, lr: 1.76e-06
     Epoch[16] Iteration[50/109], entropy: 0.2624, loss: 1.9826, lr: 2.66e-05
     Epoch[16] Iteration[60/109], entropy: 0.2772, loss: 2.0716, lr: 4.92e-05
     Epoch[16] Iteration[70/109], entropy: 0.2102, loss: 2.0285, lr: 3.84e-05
     Epoch[16] Iteration[80/109], entropy: 0.3457, loss: 2.0754, lr: 9.06e-06
     Epoch[16] Iteration[90/109], entropy: 0.2081, loss: 1.8534, lr: 1.76e-06
     Epoch[16] Iteration[100/109], entropy: 0.2040, loss: 1.9837, lr: 2.66e-05
     Averaged stats: entropy: 0.1495, loss: 1.8152, lr: 4.82e-05
     itm tta time 0:00:23
### TTA Eval Score: 
+-------+--------+--------+--------+--------+-------+
| epoch |   R1   |   R5   |  R10   |  mAP   |  mINP |
+-------+--------+--------+--------+--------+-------+
|  -999 | 37.304 | 55.557 | 63.548 | 20.140 | 2.213 |
|   0   | 37.470 | 55.799 | 63.729 | 20.250 | 2.211 |
|   1   | 37.757 | 55.930 | 63.901 | 20.355 | 2.214 |
|   2   | 37.974 | 56.026 | 64.001 | 20.433 | 2.211 |
|   3   | 38.145 | 56.147 | 64.117 | 20.503 | 2.213 |
|   4   | 38.311 | 56.242 | 64.268 | 20.572 | 2.215 |
|   5   | 38.488 | 56.363 | 64.329 | 20.635 | 2.215 |
|   6   | 38.649 | 56.504 | 64.415 | 20.706 | 2.219 |
|   7   | 38.765 | 56.625 | 64.520 | 20.763 | 2.224 |
|   8   | 38.875 | 56.696 | 64.551 | 20.808 | 2.226 |
|   9   | 38.966 | 56.802 | 64.641 | 20.843 | 2.227 |
|   10  | 38.991 | 56.827 | 64.722 | 20.874 | 2.228 |
|   11  | 39.127 | 56.913 | 64.858 | 20.929 | 2.231 |
|   12  | 39.208 | 56.948 | 64.908 | 20.968 | 2.235 |
|   13  | 39.243 | 57.033 | 64.918 | 21.001 | 2.238 |
|   14  | 39.364 | 57.084 | 64.984 | 21.034 | 2.239 |
|   15  | 39.440 | 57.119 | 64.994 | 21.062 | 2.242 |
|   16  | 39.465 | 57.164 | 65.019 | 21.094 | 2.245 |
+-------+--------+--------+--------+--------+-------+
     logs:  {'epo': 16, 'R1': np.float32(39.465), 'R5': np.float32(57.164), 'R10': np.float32(65.019), 'mAP': np.float32(21.094), 'mINP': np.float32(2.245), 'entropy': 0.236186483502388, 'loss': 1.9594783544540406, 'lr': 2.500000000000005e-05}
     Epoch[17] Iteration[10/109], entropy: 0.3137, loss: 2.0157, lr: 4.09e-05
     Epoch[17] Iteration[20/109], entropy: 0.1553, loss: 1.8409, lr: 1.16e-05
     Epoch[17] Iteration[30/109], entropy: 0.2217, loss: 2.0099, lr: 7.85e-07
     Epoch[17] Iteration[40/109], entropy: 0.1671, loss: 1.9009, lr: 2.34e-05
     Epoch[17] Iteration[50/109], entropy: 0.1324, loss: 1.8980, lr: 4.82e-05
     Epoch[17] Iteration[60/109], entropy: 0.3485, loss: 2.0495, lr: 4.09e-05
     Epoch[17] Iteration[70/109], entropy: 0.3909, loss: 2.1537, lr: 1.16e-05
     Epoch[17] Iteration[80/109], entropy: 0.2186, loss: 1.9024, lr: 7.85e-07
     Epoch[17] Iteration[90/109], entropy: 0.1889, loss: 1.8169, lr: 2.34e-05
     Epoch[17] Iteration[100/109], entropy: 0.2644, loss: 2.0632, lr: 4.82e-05
     Averaged stats: entropy: 0.1557, loss: 1.8904, lr: 4.32e-05
     itm tta time 0:00:24
### TTA Eval Score: 
+-------+--------+--------+--------+--------+-------+
| epoch |   R1   |   R5   |  R10   |  mAP   |  mINP |
+-------+--------+--------+--------+--------+-------+
|  -999 | 37.304 | 55.557 | 63.548 | 20.140 | 2.213 |
|   0   | 37.470 | 55.799 | 63.729 | 20.250 | 2.211 |
|   1   | 37.757 | 55.930 | 63.901 | 20.355 | 2.214 |
|   2   | 37.974 | 56.026 | 64.001 | 20.433 | 2.211 |
|   3   | 38.145 | 56.147 | 64.117 | 20.503 | 2.213 |
|   4   | 38.311 | 56.242 | 64.268 | 20.572 | 2.215 |
|   5   | 38.488 | 56.363 | 64.329 | 20.635 | 2.215 |
|   6   | 38.649 | 56.504 | 64.415 | 20.706 | 2.219 |
|   7   | 38.765 | 56.625 | 64.520 | 20.763 | 2.224 |
|   8   | 38.875 | 56.696 | 64.551 | 20.808 | 2.226 |
|   9   | 38.966 | 56.802 | 64.641 | 20.843 | 2.227 |
|   10  | 38.991 | 56.827 | 64.722 | 20.874 | 2.228 |
|   11  | 39.127 | 56.913 | 64.858 | 20.929 | 2.231 |
|   12  | 39.208 | 56.948 | 64.908 | 20.968 | 2.235 |
|   13  | 39.243 | 57.033 | 64.918 | 21.001 | 2.238 |
|   14  | 39.364 | 57.084 | 64.984 | 21.034 | 2.239 |
|   15  | 39.440 | 57.119 | 64.994 | 21.062 | 2.242 |
|   16  | 39.465 | 57.164 | 65.019 | 21.094 | 2.245 |
|   17  | 39.490 | 57.185 | 65.064 | 21.123 | 2.247 |
+-------+--------+--------+--------+--------+-------+
     logs:  {'epo': 17, 'R1': np.float32(39.49), 'R5': np.float32(57.185), 'R10': np.float32(65.064), 'mAP': np.float32(21.123), 'mINP': np.float32(2.247), 'entropy': 0.2401343822479248, 'loss': 1.9651127815246583, 'lr': 2.4999999999999974e-05}
     Epoch[18] Iteration[10/109], entropy: 0.1800, loss: 1.8897, lr: 1.44e-05
     Epoch[18] Iteration[20/109], entropy: 0.3025, loss: 2.0312, lr: 1.97e-07
     Epoch[18] Iteration[30/109], entropy: 0.1488, loss: 1.8726, lr: 2.03e-05
     Epoch[18] Iteration[40/109], entropy: 0.3145, loss: 1.9895, lr: 4.69e-05
     Epoch[18] Iteration[50/109], entropy: 0.3013, loss: 2.0952, lr: 4.32e-05
     Epoch[18] Iteration[60/109], entropy: 0.1199, loss: 1.8693, lr: 1.44e-05
     Epoch[18] Iteration[70/109], entropy: 0.1862, loss: 1.8318, lr: 1.97e-07
     Epoch[18] Iteration[80/109], entropy: 0.2245, loss: 1.8919, lr: 2.03e-05
     Epoch[18] Iteration[90/109], entropy: 0.1334, loss: 1.9591, lr: 4.69e-05
     Epoch[18] Iteration[100/109], entropy: 0.1721, loss: 1.9670, lr: 4.32e-05
     Averaged stats: entropy: 0.3103, loss: 1.9132, lr: 1.73e-05
     itm tta time 0:00:22
### TTA Eval Score: 
+-------+--------+--------+--------+--------+-------+
| epoch |   R1   |   R5   |  R10   |  mAP   |  mINP |
+-------+--------+--------+--------+--------+-------+
|  -999 | 37.304 | 55.557 | 63.548 | 20.140 | 2.213 |
|   0   | 37.470 | 55.799 | 63.729 | 20.250 | 2.211 |
|   1   | 37.757 | 55.930 | 63.901 | 20.355 | 2.214 |
|   2   | 37.974 | 56.026 | 64.001 | 20.433 | 2.211 |
|   3   | 38.145 | 56.147 | 64.117 | 20.503 | 2.213 |
|   4   | 38.311 | 56.242 | 64.268 | 20.572 | 2.215 |
|   5   | 38.488 | 56.363 | 64.329 | 20.635 | 2.215 |
|   6   | 38.649 | 56.504 | 64.415 | 20.706 | 2.219 |
|   7   | 38.765 | 56.625 | 64.520 | 20.763 | 2.224 |
|   8   | 38.875 | 56.696 | 64.551 | 20.808 | 2.226 |
|   9   | 38.966 | 56.802 | 64.641 | 20.843 | 2.227 |
|   10  | 38.991 | 56.827 | 64.722 | 20.874 | 2.228 |
|   11  | 39.127 | 56.913 | 64.858 | 20.929 | 2.231 |
|   12  | 39.208 | 56.948 | 64.908 | 20.968 | 2.235 |
|   13  | 39.243 | 57.033 | 64.918 | 21.001 | 2.238 |
|   14  | 39.364 | 57.084 | 64.984 | 21.034 | 2.239 |
|   15  | 39.440 | 57.119 | 64.994 | 21.062 | 2.242 |
|   16  | 39.465 | 57.164 | 65.019 | 21.094 | 2.245 |
|   17  | 39.490 | 57.185 | 65.064 | 21.123 | 2.247 |
|   18  | 39.561 | 57.225 | 65.115 | 21.160 | 2.251 |
+-------+--------+--------+--------+--------+-------+
     logs:  {'epo': 18, 'R1': np.float32(39.561), 'R5': np.float32(57.225), 'R10': np.float32(65.115), 'mAP': np.float32(21.16), 'mINP': np.float32(2.251), 'entropy': 0.20830712988972663, 'loss': 1.939727258682251, 'lr': 2.500000000000013e-05}
     Epoch[19] Iteration[10/109], entropy: 0.1117, loss: 1.7917, lr: 0.00e+00
     Epoch[19] Iteration[20/109], entropy: 0.2184, loss: 2.0151, lr: 1.73e-05
     Epoch[19] Iteration[30/109], entropy: 0.1389, loss: 1.8289, lr: 4.52e-05
     Epoch[19] Iteration[40/109], entropy: 0.1755, loss: 1.8444, lr: 4.52e-05
     Epoch[19] Iteration[50/109], entropy: 0.2362, loss: 1.9100, lr: 1.73e-05
     Epoch[19] Iteration[60/109], entropy: 0.3100, loss: 2.0142, lr: 0.00e+00
     Epoch[19] Iteration[70/109], entropy: 0.2750, loss: 2.0956, lr: 1.73e-05
     Epoch[19] Iteration[80/109], entropy: 0.1700, loss: 1.8947, lr: 4.52e-05
     Epoch[19] Iteration[90/109], entropy: 0.1034, loss: 1.7717, lr: 4.52e-05
     Epoch[19] Iteration[100/109], entropy: 0.1814, loss: 1.9589, lr: 1.73e-05
     Averaged stats: entropy: 0.2352, loss: 1.9505, lr: 7.85e-07
     itm tta time 0:00:22
### TTA Eval Score: 
+-------+--------+--------+--------+--------+-------+
| epoch |   R1   |   R5   |  R10   |  mAP   |  mINP |
+-------+--------+--------+--------+--------+-------+
|  -999 | 37.304 | 55.557 | 63.548 | 20.140 | 2.213 |
|   0   | 37.470 | 55.799 | 63.729 | 20.250 | 2.211 |
|   1   | 37.757 | 55.930 | 63.901 | 20.355 | 2.214 |
|   2   | 37.974 | 56.026 | 64.001 | 20.433 | 2.211 |
|   3   | 38.145 | 56.147 | 64.117 | 20.503 | 2.213 |
|   4   | 38.311 | 56.242 | 64.268 | 20.572 | 2.215 |
|   5   | 38.488 | 56.363 | 64.329 | 20.635 | 2.215 |
|   6   | 38.649 | 56.504 | 64.415 | 20.706 | 2.219 |
|   7   | 38.765 | 56.625 | 64.520 | 20.763 | 2.224 |
|   8   | 38.875 | 56.696 | 64.551 | 20.808 | 2.226 |
|   9   | 38.966 | 56.802 | 64.641 | 20.843 | 2.227 |
|   10  | 38.991 | 56.827 | 64.722 | 20.874 | 2.228 |
|   11  | 39.127 | 56.913 | 64.858 | 20.929 | 2.231 |
|   12  | 39.208 | 56.948 | 64.908 | 20.968 | 2.235 |
|   13  | 39.243 | 57.033 | 64.918 | 21.001 | 2.238 |
|   14  | 39.364 | 57.084 | 64.984 | 21.034 | 2.239 |
|   15  | 39.440 | 57.119 | 64.994 | 21.062 | 2.242 |
|   16  | 39.465 | 57.164 | 65.019 | 21.094 | 2.245 |
|   17  | 39.490 | 57.185 | 65.064 | 21.123 | 2.247 |
|   18  | 39.561 | 57.225 | 65.115 | 21.160 | 2.251 |
|   19  | 39.576 | 57.275 | 65.115 | 21.182 | 2.254 |
+-------+--------+--------+--------+--------+-------+
     logs:  {'epo': 19, 'R1': np.float32(39.576), 'R5': np.float32(57.275), 'R10': np.float32(65.115), 'mAP': np.float32(21.182), 'mINP': np.float32(2.254), 'entropy': 0.1920534685254097, 'loss': 1.9125110626220703, 'lr': 2.5000000000000154e-05}
     Epoch[20] Iteration[10/109], entropy: 0.1334, loss: 1.8646, lr: 1.16e-05
     Epoch[20] Iteration[20/109], entropy: 0.1258, loss: 1.7934, lr: 4.09e-05
     Epoch[20] Iteration[30/109], entropy: 0.2479, loss: 1.8779, lr: 4.82e-05
     Epoch[20] Iteration[40/109], entropy: 0.1470, loss: 1.9107, lr: 2.34e-05
     Epoch[20] Iteration[50/109], entropy: 0.1097, loss: 1.8472, lr: 7.85e-07
     Epoch[20] Iteration[60/109], entropy: 0.1814, loss: 1.8616, lr: 1.16e-05
     Epoch[20] Iteration[70/109], entropy: 0.3014, loss: 2.0189, lr: 4.09e-05
     Epoch[20] Iteration[80/109], entropy: 0.2189, loss: 1.9716, lr: 4.82e-05
     Epoch[20] Iteration[90/109], entropy: 0.1989, loss: 1.9643, lr: 2.34e-05
     Epoch[20] Iteration[100/109], entropy: 0.1470, loss: 1.8821, lr: 7.85e-07
     Averaged stats: entropy: 0.1321, loss: 1.8416, lr: 9.06e-06
     itm tta time 0:00:23
### TTA Eval Score: 
+-------+--------+--------+--------+--------+-------+
| epoch |   R1   |   R5   |  R10   |  mAP   |  mINP |
+-------+--------+--------+--------+--------+-------+
|  -999 | 37.304 | 55.557 | 63.548 | 20.140 | 2.213 |
|   0   | 37.470 | 55.799 | 63.729 | 20.250 | 2.211 |
|   1   | 37.757 | 55.930 | 63.901 | 20.355 | 2.214 |
|   2   | 37.974 | 56.026 | 64.001 | 20.433 | 2.211 |
|   3   | 38.145 | 56.147 | 64.117 | 20.503 | 2.213 |
|   4   | 38.311 | 56.242 | 64.268 | 20.572 | 2.215 |
|   5   | 38.488 | 56.363 | 64.329 | 20.635 | 2.215 |
|   6   | 38.649 | 56.504 | 64.415 | 20.706 | 2.219 |
|   7   | 38.765 | 56.625 | 64.520 | 20.763 | 2.224 |
|   8   | 38.875 | 56.696 | 64.551 | 20.808 | 2.226 |
|   9   | 38.966 | 56.802 | 64.641 | 20.843 | 2.227 |
|   10  | 38.991 | 56.827 | 64.722 | 20.874 | 2.228 |
|   11  | 39.127 | 56.913 | 64.858 | 20.929 | 2.231 |
|   12  | 39.208 | 56.948 | 64.908 | 20.968 | 2.235 |
|   13  | 39.243 | 57.033 | 64.918 | 21.001 | 2.238 |
|   14  | 39.364 | 57.084 | 64.984 | 21.034 | 2.239 |
|   15  | 39.440 | 57.119 | 64.994 | 21.062 | 2.242 |
|   16  | 39.465 | 57.164 | 65.019 | 21.094 | 2.245 |
|   17  | 39.490 | 57.185 | 65.064 | 21.123 | 2.247 |
|   18  | 39.561 | 57.225 | 65.115 | 21.160 | 2.251 |
|   19  | 39.576 | 57.275 | 65.115 | 21.182 | 2.254 |
|   20  | 39.611 | 57.300 | 65.140 | 21.206 | 2.255 |
+-------+--------+--------+--------+--------+-------+
     logs:  {'epo': 20, 'R1': np.float32(39.611), 'R5': np.float32(57.3), 'R10': np.float32(65.14), 'mAP': np.float32(21.206), 'mINP': np.float32(2.255), 'entropy': 0.1811368390917778, 'loss': 1.8992231845855714, 'lr': 2.4999999999999923e-05}
     Epoch[21] Iteration[10/109], entropy: 0.4424, loss: 2.0346, lr: 3.84e-05
     Epoch[21] Iteration[20/109], entropy: 0.1581, loss: 1.8584, lr: 4.92e-05
     Epoch[21] Iteration[30/109], entropy: 0.0758, loss: 1.7279, lr: 2.66e-05
     Epoch[21] Iteration[40/109], entropy: 0.2297, loss: 1.9540, lr: 1.76e-06
     Epoch[21] Iteration[50/109], entropy: 0.0980, loss: 1.8096, lr: 9.06e-06
     Epoch[21] Iteration[60/109], entropy: 0.3024, loss: 1.9659, lr: 3.84e-05
     Epoch[21] Iteration[70/109], entropy: 0.2494, loss: 1.9552, lr: 4.92e-05
     Epoch[21] Iteration[80/109], entropy: 0.1843, loss: 1.9200, lr: 2.66e-05
     Epoch[21] Iteration[90/109], entropy: 0.2501, loss: 1.9632, lr: 1.76e-06
     Epoch[21] Iteration[100/109], entropy: 0.1405, loss: 1.8717, lr: 9.06e-06
     Averaged stats: entropy: 0.2794, loss: 1.9950, lr: 3.56e-05
     itm tta time 0:00:22
### TTA Eval Score: 
+-------+--------+--------+--------+--------+-------+
| epoch |   R1   |   R5   |  R10   |  mAP   |  mINP |
+-------+--------+--------+--------+--------+-------+
|  -999 | 37.304 | 55.557 | 63.548 | 20.140 | 2.213 |
|   0   | 37.470 | 55.799 | 63.729 | 20.250 | 2.211 |
|   1   | 37.757 | 55.930 | 63.901 | 20.355 | 2.214 |
|   2   | 37.974 | 56.026 | 64.001 | 20.433 | 2.211 |
|   3   | 38.145 | 56.147 | 64.117 | 20.503 | 2.213 |
|   4   | 38.311 | 56.242 | 64.268 | 20.572 | 2.215 |
|   5   | 38.488 | 56.363 | 64.329 | 20.635 | 2.215 |
|   6   | 38.649 | 56.504 | 64.415 | 20.706 | 2.219 |
|   7   | 38.765 | 56.625 | 64.520 | 20.763 | 2.224 |
|   8   | 38.875 | 56.696 | 64.551 | 20.808 | 2.226 |
|   9   | 38.966 | 56.802 | 64.641 | 20.843 | 2.227 |
|   10  | 38.991 | 56.827 | 64.722 | 20.874 | 2.228 |
|   11  | 39.127 | 56.913 | 64.858 | 20.929 | 2.231 |
|   12  | 39.208 | 56.948 | 64.908 | 20.968 | 2.235 |
|   13  | 39.243 | 57.033 | 64.918 | 21.001 | 2.238 |
|   14  | 39.364 | 57.084 | 64.984 | 21.034 | 2.239 |
|   15  | 39.440 | 57.119 | 64.994 | 21.062 | 2.242 |
|   16  | 39.465 | 57.164 | 65.019 | 21.094 | 2.245 |
|   17  | 39.490 | 57.185 | 65.064 | 21.123 | 2.247 |
|   18  | 39.561 | 57.225 | 65.115 | 21.160 | 2.251 |
|   19  | 39.576 | 57.275 | 65.115 | 21.182 | 2.254 |
|   20  | 39.611 | 57.300 | 65.140 | 21.206 | 2.255 |
|   21  | 39.621 | 57.321 | 65.165 | 21.227 | 2.258 |
+-------+--------+--------+--------+--------+-------+
     logs:  {'epo': 21, 'R1': np.float32(39.621), 'R5': np.float32(57.321), 'R10': np.float32(65.165), 'mAP': np.float32(21.227), 'mINP': np.float32(2.258), 'entropy': 0.21308863162994385, 'loss': 1.9060672879219056, 'lr': 2.5000000000000235e-05}
     Epoch[22] Iteration[10/109], entropy: 0.1583, loss: 1.9361, lr: 4.98e-05
     Epoch[22] Iteration[20/109], entropy: 0.2133, loss: 1.9403, lr: 2.97e-05
     Epoch[22] Iteration[30/109], entropy: 0.1991, loss: 1.8721, lr: 3.09e-06
     Epoch[22] Iteration[40/109], entropy: 0.3051, loss: 2.0889, lr: 6.78e-06
     Epoch[22] Iteration[50/109], entropy: 0.2489, loss: 1.8882, lr: 3.56e-05
     Epoch[22] Iteration[60/109], entropy: 0.2588, loss: 2.0274, lr: 4.98e-05
     Epoch[22] Iteration[70/109], entropy: 0.1872, loss: 1.9642, lr: 2.97e-05
     Epoch[22] Iteration[80/109], entropy: 0.1861, loss: 1.8489, lr: 3.09e-06
     Epoch[22] Iteration[90/109], entropy: 0.2500, loss: 1.9125, lr: 6.78e-06
     Epoch[22] Iteration[100/109], entropy: 0.1574, loss: 1.8446, lr: 3.56e-05
     Averaged stats: entropy: 0.1693, loss: 1.8429, lr: 5.00e-05
     itm tta time 0:00:22
### TTA Eval Score: 
+-------+--------+--------+--------+--------+-------+
| epoch |   R1   |   R5   |  R10   |  mAP   |  mINP |
+-------+--------+--------+--------+--------+-------+
|  -999 | 37.304 | 55.557 | 63.548 | 20.140 | 2.213 |
|   0   | 37.470 | 55.799 | 63.729 | 20.250 | 2.211 |
|   1   | 37.757 | 55.930 | 63.901 | 20.355 | 2.214 |
|   2   | 37.974 | 56.026 | 64.001 | 20.433 | 2.211 |
|   3   | 38.145 | 56.147 | 64.117 | 20.503 | 2.213 |
|   4   | 38.311 | 56.242 | 64.268 | 20.572 | 2.215 |
|   5   | 38.488 | 56.363 | 64.329 | 20.635 | 2.215 |
|   6   | 38.649 | 56.504 | 64.415 | 20.706 | 2.219 |
|   7   | 38.765 | 56.625 | 64.520 | 20.763 | 2.224 |
|   8   | 38.875 | 56.696 | 64.551 | 20.808 | 2.226 |
|   9   | 38.966 | 56.802 | 64.641 | 20.843 | 2.227 |
|   10  | 38.991 | 56.827 | 64.722 | 20.874 | 2.228 |
|   11  | 39.127 | 56.913 | 64.858 | 20.929 | 2.231 |
|   12  | 39.208 | 56.948 | 64.908 | 20.968 | 2.235 |
|   13  | 39.243 | 57.033 | 64.918 | 21.001 | 2.238 |
|   14  | 39.364 | 57.084 | 64.984 | 21.034 | 2.239 |
|   15  | 39.440 | 57.119 | 64.994 | 21.062 | 2.242 |
|   16  | 39.465 | 57.164 | 65.019 | 21.094 | 2.245 |
|   17  | 39.490 | 57.185 | 65.064 | 21.123 | 2.247 |
|   18  | 39.561 | 57.225 | 65.115 | 21.160 | 2.251 |
|   19  | 39.576 | 57.275 | 65.115 | 21.182 | 2.254 |
|   20  | 39.611 | 57.300 | 65.140 | 21.206 | 2.255 |
|   21  | 39.621 | 57.321 | 65.165 | 21.227 | 2.258 |
|   22  | 39.677 | 57.321 | 65.206 | 21.250 | 2.261 |
+-------+--------+--------+--------+--------+-------+
     logs:  {'epo': 22, 'R1': np.float32(39.677), 'R5': np.float32(57.321), 'R10': np.float32(65.206), 'mAP': np.float32(21.25), 'mINP': np.float32(2.261), 'entropy': 0.21642309725284575, 'loss': 1.93231760263443, 'lr': 2.4999999999999893e-05}
     Epoch[23] Iteration[10/109], entropy: 0.2073, loss: 1.9150, lr: 3.27e-05
     Epoch[23] Iteration[20/109], entropy: 0.2609, loss: 2.0913, lr: 4.77e-06
     Epoch[23] Iteration[30/109], entropy: 0.2066, loss: 2.0438, lr: 4.77e-06
     Epoch[23] Iteration[40/109], entropy: 0.1693, loss: 1.8456, lr: 3.27e-05
     Epoch[23] Iteration[50/109], entropy: 0.2869, loss: 2.0300, lr: 5.00e-05
     Epoch[23] Iteration[60/109], entropy: 0.1920, loss: 1.9001, lr: 3.27e-05
     Epoch[23] Iteration[70/109], entropy: 0.2656, loss: 1.9557, lr: 4.77e-06
     Epoch[23] Iteration[80/109], entropy: 0.1327, loss: 1.7985, lr: 4.77e-06
     Epoch[23] Iteration[90/109], entropy: 0.1420, loss: 1.9407, lr: 3.27e-05
     Epoch[23] Iteration[100/109], entropy: 0.1351, loss: 1.8820, lr: 5.00e-05
     Averaged stats: entropy: 0.2339, loss: 1.9794, lr: 3.56e-05
     itm tta time 0:00:23
### TTA Eval Score: 
+-------+--------+--------+--------+--------+-------+
| epoch |   R1   |   R5   |  R10   |  mAP   |  mINP |
+-------+--------+--------+--------+--------+-------+
|  -999 | 37.304 | 55.557 | 63.548 | 20.140 | 2.213 |
|   0   | 37.470 | 55.799 | 63.729 | 20.250 | 2.211 |
|   1   | 37.757 | 55.930 | 63.901 | 20.355 | 2.214 |
|   2   | 37.974 | 56.026 | 64.001 | 20.433 | 2.211 |
|   3   | 38.145 | 56.147 | 64.117 | 20.503 | 2.213 |
|   4   | 38.311 | 56.242 | 64.268 | 20.572 | 2.215 |
|   5   | 38.488 | 56.363 | 64.329 | 20.635 | 2.215 |
|   6   | 38.649 | 56.504 | 64.415 | 20.706 | 2.219 |
|   7   | 38.765 | 56.625 | 64.520 | 20.763 | 2.224 |
|   8   | 38.875 | 56.696 | 64.551 | 20.808 | 2.226 |
|   9   | 38.966 | 56.802 | 64.641 | 20.843 | 2.227 |
|   10  | 38.991 | 56.827 | 64.722 | 20.874 | 2.228 |
|   11  | 39.127 | 56.913 | 64.858 | 20.929 | 2.231 |
|   12  | 39.208 | 56.948 | 64.908 | 20.968 | 2.235 |
|   13  | 39.243 | 57.033 | 64.918 | 21.001 | 2.238 |
|   14  | 39.364 | 57.084 | 64.984 | 21.034 | 2.239 |
|   15  | 39.440 | 57.119 | 64.994 | 21.062 | 2.242 |
|   16  | 39.465 | 57.164 | 65.019 | 21.094 | 2.245 |
|   17  | 39.490 | 57.185 | 65.064 | 21.123 | 2.247 |
|   18  | 39.561 | 57.225 | 65.115 | 21.160 | 2.251 |
|   19  | 39.576 | 57.275 | 65.115 | 21.182 | 2.254 |
|   20  | 39.611 | 57.300 | 65.140 | 21.206 | 2.255 |
|   21  | 39.621 | 57.321 | 65.165 | 21.227 | 2.258 |
|   22  | 39.677 | 57.321 | 65.206 | 21.250 | 2.261 |
|   23  | 39.707 | 57.321 | 65.216 | 21.265 | 2.261 |
+-------+--------+--------+--------+--------+-------+
     logs:  {'epo': 23, 'R1': np.float32(39.707), 'R5': np.float32(57.321), 'R10': np.float32(65.216), 'mAP': np.float32(21.265), 'mINP': np.float32(2.261), 'entropy': 0.19985116571187972, 'loss': 1.9402788519859313, 'lr': 2.4999999999999937e-05}
     Epoch[24] Iteration[10/109], entropy: 0.1184, loss: 1.8801, lr: 6.78e-06
     Epoch[24] Iteration[20/109], entropy: 0.2468, loss: 1.9478, lr: 3.09e-06
     Epoch[24] Iteration[30/109], entropy: 0.1871, loss: 2.0112, lr: 2.97e-05
     Epoch[24] Iteration[40/109], entropy: 0.2788, loss: 1.9562, lr: 4.98e-05
     Epoch[24] Iteration[50/109], entropy: 0.1550, loss: 1.7926, lr: 3.56e-05
     Epoch[24] Iteration[60/109], entropy: 0.2149, loss: 1.9626, lr: 6.78e-06
     Epoch[24] Iteration[70/109], entropy: 0.1870, loss: 1.9249, lr: 3.09e-06
     Epoch[24] Iteration[80/109], entropy: 0.2003, loss: 1.8509, lr: 2.97e-05
     Epoch[24] Iteration[90/109], entropy: 0.2024, loss: 1.8650, lr: 4.98e-05
     Epoch[24] Iteration[100/109], entropy: 0.1316, loss: 1.7043, lr: 3.56e-05
     Averaged stats: entropy: 0.2148, loss: 1.9724, lr: 9.06e-06
     itm tta time 0:00:22
### TTA Eval Score: 
+-------+--------+--------+--------+--------+-------+
| epoch |   R1   |   R5   |  R10   |  mAP   |  mINP |
+-------+--------+--------+--------+--------+-------+
|  -999 | 37.304 | 55.557 | 63.548 | 20.140 | 2.213 |
|   0   | 37.470 | 55.799 | 63.729 | 20.250 | 2.211 |
|   1   | 37.757 | 55.930 | 63.901 | 20.355 | 2.214 |
|   2   | 37.974 | 56.026 | 64.001 | 20.433 | 2.211 |
|   3   | 38.145 | 56.147 | 64.117 | 20.503 | 2.213 |
|   4   | 38.311 | 56.242 | 64.268 | 20.572 | 2.215 |
|   5   | 38.488 | 56.363 | 64.329 | 20.635 | 2.215 |
|   6   | 38.649 | 56.504 | 64.415 | 20.706 | 2.219 |
|   7   | 38.765 | 56.625 | 64.520 | 20.763 | 2.224 |
|   8   | 38.875 | 56.696 | 64.551 | 20.808 | 2.226 |
|   9   | 38.966 | 56.802 | 64.641 | 20.843 | 2.227 |
|   10  | 38.991 | 56.827 | 64.722 | 20.874 | 2.228 |
|   11  | 39.127 | 56.913 | 64.858 | 20.929 | 2.231 |
|   12  | 39.208 | 56.948 | 64.908 | 20.968 | 2.235 |
|   13  | 39.243 | 57.033 | 64.918 | 21.001 | 2.238 |
|   14  | 39.364 | 57.084 | 64.984 | 21.034 | 2.239 |
|   15  | 39.440 | 57.119 | 64.994 | 21.062 | 2.242 |
|   16  | 39.465 | 57.164 | 65.019 | 21.094 | 2.245 |
|   17  | 39.490 | 57.185 | 65.064 | 21.123 | 2.247 |
|   18  | 39.561 | 57.225 | 65.115 | 21.160 | 2.251 |
|   19  | 39.576 | 57.275 | 65.115 | 21.182 | 2.254 |
|   20  | 39.611 | 57.300 | 65.140 | 21.206 | 2.255 |
|   21  | 39.621 | 57.321 | 65.165 | 21.227 | 2.258 |
|   22  | 39.677 | 57.321 | 65.206 | 21.250 | 2.261 |
|   23  | 39.707 | 57.321 | 65.216 | 21.265 | 2.261 |
|   24  | 39.722 | 57.366 | 65.236 | 21.278 | 2.262 |
+-------+--------+--------+--------+--------+-------+
     logs:  {'epo': 24, 'R1': np.float32(39.722), 'R5': np.float32(57.366), 'R10': np.float32(65.236), 'mAP': np.float32(21.278), 'mINP': np.float32(2.262), 'entropy': 0.19223195686936378, 'loss': 1.8895607233047484, 'lr': 2.499999999999992e-05}
     Epoch[25] Iteration[10/109], entropy: 0.0549, loss: 1.7601, lr: 1.76e-06
     Epoch[25] Iteration[20/109], entropy: 0.2958, loss: 1.9751, lr: 2.66e-05
     Epoch[25] Iteration[30/109], entropy: 0.2915, loss: 1.9635, lr: 4.92e-05
     Epoch[25] Iteration[40/109], entropy: 0.1126, loss: 1.7821, lr: 3.84e-05
     Epoch[25] Iteration[50/109], entropy: 0.1803, loss: 1.9435, lr: 9.06e-06
     Epoch[25] Iteration[60/109], entropy: 0.1925, loss: 1.9101, lr: 1.76e-06
     Epoch[25] Iteration[70/109], entropy: 0.3176, loss: 2.0418, lr: 2.66e-05
     Epoch[25] Iteration[80/109], entropy: 0.2651, loss: 2.1102, lr: 4.92e-05
     Epoch[25] Iteration[90/109], entropy: 0.2124, loss: 1.9171, lr: 3.84e-05
     Epoch[25] Iteration[100/109], entropy: 0.0731, loss: 1.7458, lr: 9.06e-06
     Averaged stats: entropy: 0.1089, loss: 1.8249, lr: 7.85e-07
     itm tta time 0:00:23
### TTA Eval Score: 
+-------+--------+--------+--------+--------+-------+
| epoch |   R1   |   R5   |  R10   |  mAP   |  mINP |
+-------+--------+--------+--------+--------+-------+
|  -999 | 37.304 | 55.557 | 63.548 | 20.140 | 2.213 |
|   0   | 37.470 | 55.799 | 63.729 | 20.250 | 2.211 |
|   1   | 37.757 | 55.930 | 63.901 | 20.355 | 2.214 |
|   2   | 37.974 | 56.026 | 64.001 | 20.433 | 2.211 |
|   3   | 38.145 | 56.147 | 64.117 | 20.503 | 2.213 |
|   4   | 38.311 | 56.242 | 64.268 | 20.572 | 2.215 |
|   5   | 38.488 | 56.363 | 64.329 | 20.635 | 2.215 |
|   6   | 38.649 | 56.504 | 64.415 | 20.706 | 2.219 |
|   7   | 38.765 | 56.625 | 64.520 | 20.763 | 2.224 |
|   8   | 38.875 | 56.696 | 64.551 | 20.808 | 2.226 |
|   9   | 38.966 | 56.802 | 64.641 | 20.843 | 2.227 |
|   10  | 38.991 | 56.827 | 64.722 | 20.874 | 2.228 |
|   11  | 39.127 | 56.913 | 64.858 | 20.929 | 2.231 |
|   12  | 39.208 | 56.948 | 64.908 | 20.968 | 2.235 |
|   13  | 39.243 | 57.033 | 64.918 | 21.001 | 2.238 |
|   14  | 39.364 | 57.084 | 64.984 | 21.034 | 2.239 |
|   15  | 39.440 | 57.119 | 64.994 | 21.062 | 2.242 |
|   16  | 39.465 | 57.164 | 65.019 | 21.094 | 2.245 |
|   17  | 39.490 | 57.185 | 65.064 | 21.123 | 2.247 |
|   18  | 39.561 | 57.225 | 65.115 | 21.160 | 2.251 |
|   19  | 39.576 | 57.275 | 65.115 | 21.182 | 2.254 |
|   20  | 39.611 | 57.300 | 65.140 | 21.206 | 2.255 |
|   21  | 39.621 | 57.321 | 65.165 | 21.227 | 2.258 |
|   22  | 39.677 | 57.321 | 65.206 | 21.250 | 2.261 |
|   23  | 39.707 | 57.321 | 65.216 | 21.265 | 2.261 |
|   24  | 39.722 | 57.366 | 65.236 | 21.278 | 2.262 |
|   25  | 39.732 | 57.391 | 65.236 | 21.295 | 2.263 |
+-------+--------+--------+--------+--------+-------+
     logs:  {'epo': 25, 'R1': np.float32(39.732), 'R5': np.float32(57.391), 'R10': np.float32(65.236), 'mAP': np.float32(21.295), 'mINP': np.float32(2.263), 'entropy': 0.19958317764103412, 'loss': 1.9149256467819213, 'lr': 2.5000000000000028e-05}
     Epoch[26] Iteration[10/109], entropy: 0.1279, loss: 1.8158, lr: 2.34e-05
     Epoch[26] Iteration[20/109], entropy: 0.2824, loss: 2.1249, lr: 4.82e-05
     Epoch[26] Iteration[30/109], entropy: 0.2905, loss: 1.9391, lr: 4.09e-05
     Epoch[26] Iteration[40/109], entropy: 0.0894, loss: 1.8211, lr: 1.16e-05
     Epoch[26] Iteration[50/109], entropy: 0.1745, loss: 1.9096, lr: 7.85e-07
     Epoch[26] Iteration[60/109], entropy: 0.1217, loss: 1.8312, lr: 2.34e-05
     Epoch[26] Iteration[70/109], entropy: 0.3699, loss: 2.0782, lr: 4.82e-05
     Epoch[26] Iteration[80/109], entropy: 0.2219, loss: 1.9641, lr: 4.09e-05
     Epoch[26] Iteration[90/109], entropy: 0.0596, loss: 1.7909, lr: 1.16e-05
     Epoch[26] Iteration[100/109], entropy: 0.2167, loss: 1.9134, lr: 7.85e-07
     Averaged stats: entropy: 0.2188, loss: 1.9234, lr: 2.03e-05
     itm tta time 0:00:22
### TTA Eval Score: 
+-------+--------+--------+--------+--------+-------+
| epoch |   R1   |   R5   |  R10   |  mAP   |  mINP |
+-------+--------+--------+--------+--------+-------+
|  -999 | 37.304 | 55.557 | 63.548 | 20.140 | 2.213 |
|   0   | 37.470 | 55.799 | 63.729 | 20.250 | 2.211 |
|   1   | 37.757 | 55.930 | 63.901 | 20.355 | 2.214 |
|   2   | 37.974 | 56.026 | 64.001 | 20.433 | 2.211 |
|   3   | 38.145 | 56.147 | 64.117 | 20.503 | 2.213 |
|   4   | 38.311 | 56.242 | 64.268 | 20.572 | 2.215 |
|   5   | 38.488 | 56.363 | 64.329 | 20.635 | 2.215 |
|   6   | 38.649 | 56.504 | 64.415 | 20.706 | 2.219 |
|   7   | 38.765 | 56.625 | 64.520 | 20.763 | 2.224 |
|   8   | 38.875 | 56.696 | 64.551 | 20.808 | 2.226 |
|   9   | 38.966 | 56.802 | 64.641 | 20.843 | 2.227 |
|   10  | 38.991 | 56.827 | 64.722 | 20.874 | 2.228 |
|   11  | 39.127 | 56.913 | 64.858 | 20.929 | 2.231 |
|   12  | 39.208 | 56.948 | 64.908 | 20.968 | 2.235 |
|   13  | 39.243 | 57.033 | 64.918 | 21.001 | 2.238 |
|   14  | 39.364 | 57.084 | 64.984 | 21.034 | 2.239 |
|   15  | 39.440 | 57.119 | 64.994 | 21.062 | 2.242 |
|   16  | 39.465 | 57.164 | 65.019 | 21.094 | 2.245 |
|   17  | 39.490 | 57.185 | 65.064 | 21.123 | 2.247 |
|   18  | 39.561 | 57.225 | 65.115 | 21.160 | 2.251 |
|   19  | 39.576 | 57.275 | 65.115 | 21.182 | 2.254 |
|   20  | 39.611 | 57.300 | 65.140 | 21.206 | 2.255 |
|   21  | 39.621 | 57.321 | 65.165 | 21.227 | 2.258 |
|   22  | 39.677 | 57.321 | 65.206 | 21.250 | 2.261 |
|   23  | 39.707 | 57.321 | 65.216 | 21.265 | 2.261 |
|   24  | 39.722 | 57.366 | 65.236 | 21.278 | 2.262 |
|   25  | 39.732 | 57.391 | 65.236 | 21.295 | 2.263 |
|   26  | 39.792 | 57.411 | 65.296 | 21.312 | 2.265 |
+-------+--------+--------+--------+--------+-------+
     logs:  {'epo': 26, 'R1': np.float32(39.792), 'R5': np.float32(57.411), 'R10': np.float32(65.296), 'mAP': np.float32(21.312), 'mINP': np.float32(2.265), 'entropy': 0.1954556845128536, 'loss': 1.918841254711151, 'lr': 2.4999999999999815e-05}
     Epoch[27] Iteration[10/109], entropy: 0.2269, loss: 1.9058, lr: 4.69e-05
     Epoch[27] Iteration[20/109], entropy: 0.1817, loss: 1.9163, lr: 4.32e-05
     Epoch[27] Iteration[30/109], entropy: 0.2161, loss: 1.9221, lr: 1.44e-05
     Epoch[27] Iteration[40/109], entropy: 0.2546, loss: 1.9368, lr: 1.97e-07
     Epoch[27] Iteration[50/109], entropy: 0.2292, loss: 1.9154, lr: 2.03e-05
     Epoch[27] Iteration[60/109], entropy: 0.1228, loss: 1.8310, lr: 4.69e-05
     Epoch[27] Iteration[70/109], entropy: 0.1693, loss: 1.8490, lr: 4.32e-05
     Epoch[27] Iteration[80/109], entropy: 0.1622, loss: 1.9014, lr: 1.44e-05
     Epoch[27] Iteration[90/109], entropy: 0.3154, loss: 2.0720, lr: 1.97e-07
     Epoch[27] Iteration[100/109], entropy: 0.2311, loss: 1.9249, lr: 2.03e-05
     Averaged stats: entropy: 0.2413, loss: 1.9518, lr: 4.52e-05
     itm tta time 0:00:23
### TTA Eval Score: 
+-------+--------+--------+--------+--------+-------+
| epoch |   R1   |   R5   |  R10   |  mAP   |  mINP |
+-------+--------+--------+--------+--------+-------+
|  -999 | 37.304 | 55.557 | 63.548 | 20.140 | 2.213 |
|   0   | 37.470 | 55.799 | 63.729 | 20.250 | 2.211 |
|   1   | 37.757 | 55.930 | 63.901 | 20.355 | 2.214 |
|   2   | 37.974 | 56.026 | 64.001 | 20.433 | 2.211 |
|   3   | 38.145 | 56.147 | 64.117 | 20.503 | 2.213 |
|   4   | 38.311 | 56.242 | 64.268 | 20.572 | 2.215 |
|   5   | 38.488 | 56.363 | 64.329 | 20.635 | 2.215 |
|   6   | 38.649 | 56.504 | 64.415 | 20.706 | 2.219 |
|   7   | 38.765 | 56.625 | 64.520 | 20.763 | 2.224 |
|   8   | 38.875 | 56.696 | 64.551 | 20.808 | 2.226 |
|   9   | 38.966 | 56.802 | 64.641 | 20.843 | 2.227 |
|   10  | 38.991 | 56.827 | 64.722 | 20.874 | 2.228 |
|   11  | 39.127 | 56.913 | 64.858 | 20.929 | 2.231 |
|   12  | 39.208 | 56.948 | 64.908 | 20.968 | 2.235 |
|   13  | 39.243 | 57.033 | 64.918 | 21.001 | 2.238 |
|   14  | 39.364 | 57.084 | 64.984 | 21.034 | 2.239 |
|   15  | 39.440 | 57.119 | 64.994 | 21.062 | 2.242 |
|   16  | 39.465 | 57.164 | 65.019 | 21.094 | 2.245 |
|   17  | 39.490 | 57.185 | 65.064 | 21.123 | 2.247 |
|   18  | 39.561 | 57.225 | 65.115 | 21.160 | 2.251 |
|   19  | 39.576 | 57.275 | 65.115 | 21.182 | 2.254 |
|   20  | 39.611 | 57.300 | 65.140 | 21.206 | 2.255 |
|   21  | 39.621 | 57.321 | 65.165 | 21.227 | 2.258 |
|   22  | 39.677 | 57.321 | 65.206 | 21.250 | 2.261 |
|   23  | 39.707 | 57.321 | 65.216 | 21.265 | 2.261 |
|   24  | 39.722 | 57.366 | 65.236 | 21.278 | 2.262 |
|   25  | 39.732 | 57.391 | 65.236 | 21.295 | 2.263 |
|   26  | 39.792 | 57.411 | 65.296 | 21.312 | 2.265 |
|   27  | 39.818 | 57.421 | 65.326 | 21.320 | 2.262 |
+-------+--------+--------+--------+--------+-------+
     logs:  {'epo': 27, 'R1': np.float32(39.818), 'R5': np.float32(57.421), 'R10': np.float32(65.326), 'mAP': np.float32(21.32), 'mINP': np.float32(2.262), 'entropy': 0.21092789471149445, 'loss': 1.9174818754196168, 'lr': 2.500000000000001e-05}
     Epoch[28] Iteration[10/109], entropy: 0.1284, loss: 1.8513, lr: 4.52e-05
     Epoch[28] Iteration[20/109], entropy: 0.4043, loss: 2.0670, lr: 1.73e-05
     Epoch[28] Iteration[30/109], entropy: 0.1453, loss: 1.9355, lr: 0.00e+00
     Epoch[28] Iteration[40/109], entropy: 0.2150, loss: 2.0170, lr: 1.73e-05
     Epoch[28] Iteration[50/109], entropy: 0.1436, loss: 1.8717, lr: 4.52e-05
     Epoch[28] Iteration[60/109], entropy: 0.2579, loss: 2.0413, lr: 4.52e-05
     Epoch[28] Iteration[70/109], entropy: 0.2273, loss: 1.9957, lr: 1.73e-05
     Epoch[28] Iteration[80/109], entropy: 0.1691, loss: 1.8465, lr: 0.00e+00
     Epoch[28] Iteration[90/109], entropy: 0.2757, loss: 2.0440, lr: 1.73e-05
     Epoch[28] Iteration[100/109], entropy: 0.1676, loss: 1.9360, lr: 4.52e-05
     Averaged stats: entropy: 0.1829, loss: 1.8406, lr: 4.69e-05
     itm tta time 0:00:22
### TTA Eval Score: 
+-------+--------+--------+--------+--------+-------+
| epoch |   R1   |   R5   |  R10   |  mAP   |  mINP |
+-------+--------+--------+--------+--------+-------+
|  -999 | 37.304 | 55.557 | 63.548 | 20.140 | 2.213 |
|   0   | 37.470 | 55.799 | 63.729 | 20.250 | 2.211 |
|   1   | 37.757 | 55.930 | 63.901 | 20.355 | 2.214 |
|   2   | 37.974 | 56.026 | 64.001 | 20.433 | 2.211 |
|   3   | 38.145 | 56.147 | 64.117 | 20.503 | 2.213 |
|   4   | 38.311 | 56.242 | 64.268 | 20.572 | 2.215 |
|   5   | 38.488 | 56.363 | 64.329 | 20.635 | 2.215 |
|   6   | 38.649 | 56.504 | 64.415 | 20.706 | 2.219 |
|   7   | 38.765 | 56.625 | 64.520 | 20.763 | 2.224 |
|   8   | 38.875 | 56.696 | 64.551 | 20.808 | 2.226 |
|   9   | 38.966 | 56.802 | 64.641 | 20.843 | 2.227 |
|   10  | 38.991 | 56.827 | 64.722 | 20.874 | 2.228 |
|   11  | 39.127 | 56.913 | 64.858 | 20.929 | 2.231 |
|   12  | 39.208 | 56.948 | 64.908 | 20.968 | 2.235 |
|   13  | 39.243 | 57.033 | 64.918 | 21.001 | 2.238 |
|   14  | 39.364 | 57.084 | 64.984 | 21.034 | 2.239 |
|   15  | 39.440 | 57.119 | 64.994 | 21.062 | 2.242 |
|   16  | 39.465 | 57.164 | 65.019 | 21.094 | 2.245 |
|   17  | 39.490 | 57.185 | 65.064 | 21.123 | 2.247 |
|   18  | 39.561 | 57.225 | 65.115 | 21.160 | 2.251 |
|   19  | 39.576 | 57.275 | 65.115 | 21.182 | 2.254 |
|   20  | 39.611 | 57.300 | 65.140 | 21.206 | 2.255 |
|   21  | 39.621 | 57.321 | 65.165 | 21.227 | 2.258 |
|   22  | 39.677 | 57.321 | 65.206 | 21.250 | 2.261 |
|   23  | 39.707 | 57.321 | 65.216 | 21.265 | 2.261 |
|   24  | 39.722 | 57.366 | 65.236 | 21.278 | 2.262 |
|   25  | 39.732 | 57.391 | 65.236 | 21.295 | 2.263 |
|   26  | 39.792 | 57.411 | 65.296 | 21.312 | 2.265 |
|   27  | 39.818 | 57.421 | 65.326 | 21.320 | 2.262 |
|   28  | 39.808 | 57.482 | 65.367 | 21.331 | 2.261 |
+-------+--------+--------+--------+--------+-------+
     logs:  {'epo': 28, 'R1': np.float32(39.808), 'R5': np.float32(57.482), 'R10': np.float32(65.367), 'mAP': np.float32(21.331), 'mINP': np.float32(2.261), 'entropy': 0.21341154724359512, 'loss': 1.9606062769889832, 'lr': 2.50000000000002e-05}
     Epoch[29] Iteration[10/109], entropy: 0.3239, loss: 2.0182, lr: 2.03e-05
     Epoch[29] Iteration[20/109], entropy: 0.3923, loss: 2.1091, lr: 1.97e-07
     Epoch[29] Iteration[30/109], entropy: 0.2854, loss: 2.0604, lr: 1.44e-05
     Epoch[29] Iteration[40/109], entropy: 0.2125, loss: 1.9727, lr: 4.32e-05
     Epoch[29] Iteration[50/109], entropy: 0.3265, loss: 2.0550, lr: 4.69e-05
     Epoch[29] Iteration[60/109], entropy: 0.3211, loss: 2.1941, lr: 2.03e-05
     Epoch[29] Iteration[70/109], entropy: 0.2796, loss: 2.0335, lr: 1.97e-07
     Epoch[29] Iteration[80/109], entropy: 0.1683, loss: 1.8794, lr: 1.44e-05
     Epoch[29] Iteration[90/109], entropy: 0.2365, loss: 1.9719, lr: 4.32e-05
     Epoch[29] Iteration[100/109], entropy: 0.2287, loss: 1.9218, lr: 4.69e-05
     Averaged stats: entropy: 0.1250, loss: 1.7960, lr: 2.34e-05
     itm tta time 0:00:22
### TTA Eval Score: 
+-------+--------+--------+--------+--------+-------+
| epoch |   R1   |   R5   |  R10   |  mAP   |  mINP |
+-------+--------+--------+--------+--------+-------+
|  -999 | 37.304 | 55.557 | 63.548 | 20.140 | 2.213 |
|   0   | 37.470 | 55.799 | 63.729 | 20.250 | 2.211 |
|   1   | 37.757 | 55.930 | 63.901 | 20.355 | 2.214 |
|   2   | 37.974 | 56.026 | 64.001 | 20.433 | 2.211 |
|   3   | 38.145 | 56.147 | 64.117 | 20.503 | 2.213 |
|   4   | 38.311 | 56.242 | 64.268 | 20.572 | 2.215 |
|   5   | 38.488 | 56.363 | 64.329 | 20.635 | 2.215 |
|   6   | 38.649 | 56.504 | 64.415 | 20.706 | 2.219 |
|   7   | 38.765 | 56.625 | 64.520 | 20.763 | 2.224 |
|   8   | 38.875 | 56.696 | 64.551 | 20.808 | 2.226 |
|   9   | 38.966 | 56.802 | 64.641 | 20.843 | 2.227 |
|   10  | 38.991 | 56.827 | 64.722 | 20.874 | 2.228 |
|   11  | 39.127 | 56.913 | 64.858 | 20.929 | 2.231 |
|   12  | 39.208 | 56.948 | 64.908 | 20.968 | 2.235 |
|   13  | 39.243 | 57.033 | 64.918 | 21.001 | 2.238 |
|   14  | 39.364 | 57.084 | 64.984 | 21.034 | 2.239 |
|   15  | 39.440 | 57.119 | 64.994 | 21.062 | 2.242 |
|   16  | 39.465 | 57.164 | 65.019 | 21.094 | 2.245 |
|   17  | 39.490 | 57.185 | 65.064 | 21.123 | 2.247 |
|   18  | 39.561 | 57.225 | 65.115 | 21.160 | 2.251 |
|   19  | 39.576 | 57.275 | 65.115 | 21.182 | 2.254 |
|   20  | 39.611 | 57.300 | 65.140 | 21.206 | 2.255 |
|   21  | 39.621 | 57.321 | 65.165 | 21.227 | 2.258 |
|   22  | 39.677 | 57.321 | 65.206 | 21.250 | 2.261 |
|   23  | 39.707 | 57.321 | 65.216 | 21.265 | 2.261 |
|   24  | 39.722 | 57.366 | 65.236 | 21.278 | 2.262 |
|   25  | 39.732 | 57.391 | 65.236 | 21.295 | 2.263 |
|   26  | 39.792 | 57.411 | 65.296 | 21.312 | 2.265 |
|   27  | 39.818 | 57.421 | 65.326 | 21.320 | 2.262 |
|   28  | 39.808 | 57.482 | 65.367 | 21.331 | 2.261 |
|   29  | 39.772 | 57.502 | 65.392 | 21.347 | 2.266 |
+-------+--------+--------+--------+--------+-------+
     logs:  {'epo': 29, 'R1': np.float32(39.772), 'R5': np.float32(57.502), 'R10': np.float32(65.392), 'mAP': np.float32(21.347), 'mINP': np.float32(2.266), 'entropy': 0.27746756970882414, 'loss': 2.0216156363487245, 'lr': 2.5000000000000103e-05}
### best epoch 27 : {'epo': '27', 'R1': '39.818', 'R5': '57.421', 'R10': '65.326', 'mAP': '21.32', 'mINP': '2.262', 'entropy': '0.21092789471149445', 'loss': '1.9174818754196168', 'lr': '2.500000000000001e-05'}
### Time 0:43:58
