Not using distributed mode
### Hyper-parameters:
     output_dir: output_rerun/ham_icfg_tta/exp2.0.3.3/2025090919193
     seed: 42
     device: cuda
     batch_size_tta: 16
     epochs: 30
     lr: 0.0005
### Creating test dataset
     test_txt_set: 19848    test_img_set: 19848
     test_txt_loader: 39    test_img_loader: 39
### Creating model
Training Model with ['sdm', 'id', 'mlm'] tasks
Resized position embedding from size:torch.Size([1, 197, 768]) to size: torch.Size([1, 193, 768]) with height:24 width: 8
     Total Params Sum:  190482206
### Zero-Shot Score: 
/home/jiahao/task/IRRA/tta.py:261: FutureWarning: `torch.cuda.amp.GradScaler(args...)` is deprecated. Please use `torch.amp.GradScaler('cuda', args...)` instead.
  scaler = GradScaler()  # bf16
+-------+--------+--------+--------+--------+-------+
| epoch |   R1   |   R5   |  R10   |  mAP   |  mINP |
+-------+--------+--------+--------+--------+-------+
|  -999 | 37.304 | 55.557 | 63.548 | 20.140 | 2.213 |
+-------+--------+--------+--------+--------+-------+
### TTA:
### Compute Cos Similarity Uncertainty
     preprocess_tta_coefficients  start
     sample selection ...
     number of sample after sample_selection: 1757
     uncertainty ...
     pos/neg sampling ...
      number of sample after pos/neg sampling: torch.Size([19848, 8])
     preprocess_tta_coefficients  end
### Creating TTA dataset
     tta_dataset: 1757
### Creating tta dataloader
### be careful: func create_loader returns a list length of 1
     tta_loader: 109
### Configure adapted weights
     TTA Dropout Modules: 
 []
     TTA Require Gradient Params: 
 [('base_model.transformer.resblocks.1.ln_1.weight', torch.Size([512])), ('base_model.transformer.resblocks.1.ln_1.bias', torch.Size([512])), ('base_model.transformer.resblocks.1.ln_2.weight', torch.Size([512])), ('base_model.transformer.resblocks.1.ln_2.bias', torch.Size([512])), ('base_model.transformer.resblocks.2.ln_1.weight', torch.Size([512])), ('base_model.transformer.resblocks.2.ln_1.bias', torch.Size([512])), ('base_model.transformer.resblocks.2.ln_2.weight', torch.Size([512])), ('base_model.transformer.resblocks.2.ln_2.bias', torch.Size([512])), ('base_model.transformer.resblocks.3.ln_1.weight', torch.Size([512])), ('base_model.transformer.resblocks.3.ln_1.bias', torch.Size([512])), ('base_model.transformer.resblocks.3.ln_2.weight', torch.Size([512])), ('base_model.transformer.resblocks.3.ln_2.bias', torch.Size([512])), ('base_model.transformer.resblocks.4.ln_1.weight', torch.Size([512])), ('base_model.transformer.resblocks.4.ln_1.bias', torch.Size([512])), ('base_model.transformer.resblocks.4.ln_2.weight', torch.Size([512])), ('base_model.transformer.resblocks.4.ln_2.bias', torch.Size([512])), ('base_model.transformer.resblocks.5.ln_1.weight', torch.Size([512])), ('base_model.transformer.resblocks.5.ln_1.bias', torch.Size([512])), ('base_model.transformer.resblocks.5.ln_2.weight', torch.Size([512])), ('base_model.transformer.resblocks.5.ln_2.bias', torch.Size([512])), ('base_model.transformer.resblocks.7.ln_1.weight', torch.Size([512])), ('base_model.transformer.resblocks.7.ln_1.bias', torch.Size([512])), ('base_model.transformer.resblocks.7.ln_2.weight', torch.Size([512])), ('base_model.transformer.resblocks.7.ln_2.bias', torch.Size([512])), ('base_model.transformer.resblocks.8.ln_1.weight', torch.Size([512])), ('base_model.transformer.resblocks.8.ln_1.bias', torch.Size([512])), ('base_model.transformer.resblocks.8.ln_2.weight', torch.Size([512])), ('base_model.transformer.resblocks.8.ln_2.bias', torch.Size([512])), ('base_model.transformer.resblocks.9.ln_1.weight', torch.Size([512])), ('base_model.transformer.resblocks.9.ln_1.bias', torch.Size([512])), ('base_model.transformer.resblocks.9.ln_2.weight', torch.Size([512])), ('base_model.transformer.resblocks.9.ln_2.bias', torch.Size([512])), ('base_model.transformer.resblocks.10.ln_1.weight', torch.Size([512])), ('base_model.transformer.resblocks.10.ln_1.bias', torch.Size([512])), ('base_model.transformer.resblocks.10.ln_2.weight', torch.Size([512])), ('base_model.transformer.resblocks.10.ln_2.bias', torch.Size([512])), ('base_model.transformer.resblocks.11.ln_1.weight', torch.Size([512])), ('base_model.transformer.resblocks.11.ln_1.bias', torch.Size([512])), ('base_model.transformer.resblocks.11.ln_2.weight', torch.Size([512])), ('base_model.transformer.resblocks.11.ln_2.bias', torch.Size([512])), ('base_model.ln_final.weight', torch.Size([512])), ('base_model.ln_final.bias', torch.Size([512]))]
     TTA Dropout Modules Number: 
 0
     TTA Require Gradient Params Sum: 
 21504
Using 5.0 times learning rate for random init module 
### Start Test Time Adaptation
/home/jiahao/task/IRRA/tta.py:65: FutureWarning: `torch.cuda.amp.autocast(args...)` is deprecated. Please use `torch.amp.autocast('cuda', args...)` instead.
  with torch.cuda.amp.autocast(enabled=True):
     Epoch[0] Iteration[10/109], entropy: 0.4021, loss: 1.4412, lr: 4.69e-04
     Epoch[0] Iteration[20/109], entropy: 0.1910, loss: 1.2223, lr: 2.03e-04
     Epoch[0] Iteration[30/109], entropy: 0.0839, loss: 1.1351, lr: 1.97e-06
     Epoch[0] Iteration[40/109], entropy: 0.2769, loss: 1.3240, lr: 1.44e-04
     Epoch[0] Iteration[50/109], entropy: 0.1300, loss: 1.1743, lr: 4.32e-04
     Epoch[0] Iteration[60/109], entropy: 0.3086, loss: 1.3268, lr: 4.69e-04
     Epoch[0] Iteration[70/109], entropy: 0.3283, loss: 1.4234, lr: 2.03e-04
     Epoch[0] Iteration[80/109], entropy: 0.2228, loss: 1.2407, lr: 1.97e-06
     Epoch[0] Iteration[90/109], entropy: 0.2755, loss: 1.2993, lr: 1.44e-04
     Epoch[0] Iteration[100/109], entropy: 0.3268, loss: 1.3644, lr: 4.32e-04
     Averaged stats: entropy: 0.3491, loss: 1.3957, lr: 4.82e-04
     itm tta time 0:00:22
### TTA Eval Score: 
+-------+--------+--------+--------+--------+-------+
| epoch |   R1   |   R5   |  R10   |  mAP   |  mINP |
+-------+--------+--------+--------+--------+-------+
|  -999 | 37.304 | 55.557 | 63.548 | 20.140 | 2.213 |
|   0   | 39.168 | 56.948 | 64.944 | 21.015 | 2.259 |
+-------+--------+--------+--------+--------+-------+
     logs:  {'epo': 0, 'R1': np.float32(39.168), 'R5': np.float32(56.948), 'R10': np.float32(64.944), 'mAP': np.float32(21.015), 'mINP': np.float32(2.259), 'entropy': 0.2545880347490311, 'loss': 1.29515643119812, 'lr': 0.0002499999999999999}
     Epoch[1] Iteration[10/109], entropy: 0.1675, loss: 1.2152, lr: 2.34e-04
     Epoch[1] Iteration[20/109], entropy: 0.0880, loss: 1.1300, lr: 7.85e-06
     Epoch[1] Iteration[30/109], entropy: 0.2403, loss: 1.2900, lr: 1.16e-04
     Epoch[1] Iteration[40/109], entropy: 0.1083, loss: 1.1393, lr: 4.09e-04
     Epoch[1] Iteration[50/109], entropy: 0.1204, loss: 1.1580, lr: 4.82e-04
     Epoch[1] Iteration[60/109], entropy: 0.0670, loss: 1.1088, lr: 2.34e-04
     Epoch[1] Iteration[70/109], entropy: 0.3183, loss: 1.3193, lr: 7.85e-06
     Epoch[1] Iteration[80/109], entropy: 0.2199, loss: 1.2406, lr: 1.16e-04
     Epoch[1] Iteration[90/109], entropy: 0.2118, loss: 1.2718, lr: 4.09e-04
     Epoch[1] Iteration[100/109], entropy: 0.1699, loss: 1.1990, lr: 4.82e-04
     Averaged stats: entropy: 0.2811, loss: 1.3498, lr: 2.66e-04
     itm tta time 0:00:23
### TTA Eval Score: 
+-------+--------+--------+--------+--------+-------+
| epoch |   R1   |   R5   |  R10   |  mAP   |  mINP |
+-------+--------+--------+--------+--------+-------+
|  -999 | 37.304 | 55.557 | 63.548 | 20.140 | 2.213 |
|   0   | 39.168 | 56.948 | 64.944 | 21.015 | 2.259 |
|   1   | 39.666 | 57.351 | 65.306 | 21.340 | 2.298 |
+-------+--------+--------+--------+--------+-------+
     logs:  {'epo': 1, 'R1': np.float32(39.666), 'R5': np.float32(57.351), 'R10': np.float32(65.306), 'mAP': np.float32(21.34), 'mINP': np.float32(2.298), 'entropy': 0.17113485857844352, 'loss': 1.2071839570999146, 'lr': 0.0002500000000000001}
     Epoch[2] Iteration[10/109], entropy: 0.2402, loss: 1.2826, lr: 1.76e-05
     Epoch[2] Iteration[20/109], entropy: 0.2319, loss: 1.2485, lr: 9.06e-05
     Epoch[2] Iteration[30/109], entropy: 0.2617, loss: 1.3072, lr: 3.84e-04
     Epoch[2] Iteration[40/109], entropy: 0.1590, loss: 1.2032, lr: 4.92e-04
     Epoch[2] Iteration[50/109], entropy: 0.1384, loss: 1.2071, lr: 2.66e-04
     Epoch[2] Iteration[60/109], entropy: 0.1653, loss: 1.2207, lr: 1.76e-05
     Epoch[2] Iteration[70/109], entropy: 0.3168, loss: 1.3893, lr: 9.06e-05
     Epoch[2] Iteration[80/109], entropy: 0.1069, loss: 1.1588, lr: 3.84e-04
     Epoch[2] Iteration[90/109], entropy: 0.2095, loss: 1.2823, lr: 4.92e-04
     Epoch[2] Iteration[100/109], entropy: 0.3078, loss: 1.3407, lr: 2.66e-04
     Averaged stats: entropy: 0.2087, loss: 1.2415, lr: 3.09e-05
     itm tta time 0:00:21
### TTA Eval Score: 
+-------+--------+--------+--------+--------+-------+
| epoch |   R1   |   R5   |  R10   |  mAP   |  mINP |
+-------+--------+--------+--------+--------+-------+
|  -999 | 37.304 | 55.557 | 63.548 | 20.140 | 2.213 |
|   0   | 39.168 | 56.948 | 64.944 | 21.015 | 2.259 |
|   1   | 39.666 | 57.351 | 65.306 | 21.340 | 2.298 |
|   2   | 39.843 | 57.522 | 65.447 | 21.347 | 2.249 |
+-------+--------+--------+--------+--------+-------+
     logs:  {'epo': 2, 'R1': np.float32(39.843), 'R5': np.float32(57.522), 'R10': np.float32(65.447), 'mAP': np.float32(21.347), 'mINP': np.float32(2.249), 'entropy': 0.21375505477190018, 'loss': 1.2640554308891296, 'lr': 0.0002499999999999999}
     Epoch[3] Iteration[10/109], entropy: 0.1675, loss: 1.2167, lr: 6.78e-05
     Epoch[3] Iteration[20/109], entropy: 0.2771, loss: 1.3115, lr: 3.56e-04
     Epoch[3] Iteration[30/109], entropy: 0.1391, loss: 1.1892, lr: 4.98e-04
     Epoch[3] Iteration[40/109], entropy: 0.1329, loss: 1.1875, lr: 2.97e-04
     Epoch[3] Iteration[50/109], entropy: 0.2087, loss: 1.2988, lr: 3.09e-05
     Epoch[3] Iteration[60/109], entropy: 0.1496, loss: 1.1861, lr: 6.78e-05
     Epoch[3] Iteration[70/109], entropy: 0.1311, loss: 1.1896, lr: 3.56e-04
     Epoch[3] Iteration[80/109], entropy: 0.1093, loss: 1.1884, lr: 4.98e-04
     Epoch[3] Iteration[90/109], entropy: 0.2544, loss: 1.2974, lr: 2.97e-04
     Epoch[3] Iteration[100/109], entropy: 0.1642, loss: 1.1855, lr: 3.09e-05
     Averaged stats: entropy: 0.2153, loss: 1.2673, lr: 4.77e-05
     itm tta time 0:00:23
### TTA Eval Score: 
+-------+--------+--------+--------+--------+-------+
| epoch |   R1   |   R5   |  R10   |  mAP   |  mINP |
+-------+--------+--------+--------+--------+-------+
|  -999 | 37.304 | 55.557 | 63.548 | 20.140 | 2.213 |
|   0   | 39.168 | 56.948 | 64.944 | 21.015 | 2.259 |
|   1   | 39.666 | 57.351 | 65.306 | 21.340 | 2.298 |
|   2   | 39.843 | 57.522 | 65.447 | 21.347 | 2.249 |
|   3   | 40.014 | 57.442 | 65.503 | 21.442 | 2.282 |
+-------+--------+--------+--------+--------+-------+
     logs:  {'epo': 3, 'R1': np.float32(40.014), 'R5': np.float32(57.442), 'R10': np.float32(65.503), 'mAP': np.float32(21.442), 'mINP': np.float32(2.282), 'entropy': 0.1733955882489681, 'loss': 1.2250741362571715, 'lr': 0.00024999999999999984}
     Epoch[4] Iteration[10/109], entropy: 0.1466, loss: 1.1831, lr: 3.27e-04
     Epoch[4] Iteration[20/109], entropy: 0.2874, loss: 1.3549, lr: 5.00e-04
     Epoch[4] Iteration[30/109], entropy: 0.2025, loss: 1.2407, lr: 3.27e-04
     Epoch[4] Iteration[40/109], entropy: 0.2418, loss: 1.2814, lr: 4.77e-05
     Epoch[4] Iteration[50/109], entropy: 0.1448, loss: 1.1796, lr: 4.77e-05
     Epoch[4] Iteration[60/109], entropy: 0.3126, loss: 1.3385, lr: 3.27e-04
     Epoch[4] Iteration[70/109], entropy: 0.0599, loss: 1.1050, lr: 5.00e-04
     Epoch[4] Iteration[80/109], entropy: 0.0768, loss: 1.0974, lr: 3.27e-04
     Epoch[4] Iteration[90/109], entropy: 0.1073, loss: 1.1283, lr: 4.77e-05
     Epoch[4] Iteration[100/109], entropy: 0.2385, loss: 1.2692, lr: 4.77e-05
     Averaged stats: entropy: 0.1523, loss: 1.1863, lr: 2.97e-04
     itm tta time 0:00:22
### TTA Eval Score: 
+-------+--------+--------+--------+--------+-------+
| epoch |   R1   |   R5   |  R10   |  mAP   |  mINP |
+-------+--------+--------+--------+--------+-------+
|  -999 | 37.304 | 55.557 | 63.548 | 20.140 | 2.213 |
|   0   | 39.168 | 56.948 | 64.944 | 21.015 | 2.259 |
|   1   | 39.666 | 57.351 | 65.306 | 21.340 | 2.298 |
|   2   | 39.843 | 57.522 | 65.447 | 21.347 | 2.249 |
|   3   | 40.014 | 57.442 | 65.503 | 21.442 | 2.282 |
|   4   | 40.175 | 57.724 | 65.714 | 21.575 | 2.281 |
+-------+--------+--------+--------+--------+-------+
     logs:  {'epo': 4, 'R1': np.float32(40.175), 'R5': np.float32(57.724), 'R10': np.float32(65.714), 'mAP': np.float32(21.575), 'mINP': np.float32(2.281), 'entropy': 0.18183219879865647, 'loss': 1.217809009552002, 'lr': 0.00025000000000000055}
     Epoch[5] Iteration[10/109], entropy: 0.2068, loss: 1.2618, lr: 4.98e-04
     Epoch[5] Iteration[20/109], entropy: 0.0971, loss: 1.1306, lr: 3.56e-04
     Epoch[5] Iteration[30/109], entropy: 0.0869, loss: 1.0985, lr: 6.78e-05
     Epoch[5] Iteration[40/109], entropy: 0.1213, loss: 1.1384, lr: 3.09e-05
     Epoch[5] Iteration[50/109], entropy: 0.0798, loss: 1.1467, lr: 2.97e-04
     Epoch[5] Iteration[60/109], entropy: 0.2903, loss: 1.3351, lr: 4.98e-04
     Epoch[5] Iteration[70/109], entropy: 0.1557, loss: 1.1912, lr: 3.56e-04
     Epoch[5] Iteration[80/109], entropy: 0.2004, loss: 1.3101, lr: 6.78e-05
     Epoch[5] Iteration[90/109], entropy: 0.1895, loss: 1.2249, lr: 3.09e-05
     Epoch[5] Iteration[100/109], entropy: 0.1252, loss: 1.1608, lr: 2.97e-04
     Averaged stats: entropy: 0.1194, loss: 1.1830, lr: 4.92e-04
     itm tta time 0:00:22
### TTA Eval Score: 
+-------+--------+--------+--------+--------+-------+
| epoch |   R1   |   R5   |  R10   |  mAP   |  mINP |
+-------+--------+--------+--------+--------+-------+
|  -999 | 37.304 | 55.557 | 63.548 | 20.140 | 2.213 |
|   0   | 39.168 | 56.948 | 64.944 | 21.015 | 2.259 |
|   1   | 39.666 | 57.351 | 65.306 | 21.340 | 2.298 |
|   2   | 39.843 | 57.522 | 65.447 | 21.347 | 2.249 |
|   3   | 40.014 | 57.442 | 65.503 | 21.442 | 2.282 |
|   4   | 40.175 | 57.724 | 65.714 | 21.575 | 2.281 |
|   5   | 40.326 | 57.865 | 65.830 | 21.632 | 2.290 |
+-------+--------+--------+--------+--------+-------+
     logs:  {'epo': 5, 'R1': np.float32(40.326), 'R5': np.float32(57.865), 'R10': np.float32(65.83), 'mAP': np.float32(21.632), 'mINP': np.float32(2.29), 'entropy': 0.1552886761724949, 'loss': 1.199814462661743, 'lr': 0.0002499999999999998}
     Epoch[6] Iteration[10/109], entropy: 0.1967, loss: 1.2630, lr: 3.84e-04
     Epoch[6] Iteration[20/109], entropy: 0.2911, loss: 1.3176, lr: 9.06e-05
     Epoch[6] Iteration[30/109], entropy: 0.1643, loss: 1.2391, lr: 1.76e-05
     Epoch[6] Iteration[40/109], entropy: 0.2088, loss: 1.2468, lr: 2.66e-04
     Epoch[6] Iteration[50/109], entropy: 0.0680, loss: 1.0836, lr: 4.92e-04
     Epoch[6] Iteration[60/109], entropy: 0.1242, loss: 1.1605, lr: 3.84e-04
     Epoch[6] Iteration[70/109], entropy: 0.1341, loss: 1.1891, lr: 9.06e-05
     Epoch[6] Iteration[80/109], entropy: 0.1355, loss: 1.1596, lr: 1.76e-05
     Epoch[6] Iteration[90/109], entropy: 0.1790, loss: 1.2210, lr: 2.66e-04
     Epoch[6] Iteration[100/109], entropy: 0.1800, loss: 1.2328, lr: 4.92e-04
     Averaged stats: entropy: 0.2873, loss: 1.3690, lr: 4.09e-04
     itm tta time 0:00:22
### TTA Eval Score: 
+-------+--------+--------+--------+--------+-------+
| epoch |   R1   |   R5   |  R10   |  mAP   |  mINP |
+-------+--------+--------+--------+--------+-------+
|  -999 | 37.304 | 55.557 | 63.548 | 20.140 | 2.213 |
|   0   | 39.168 | 56.948 | 64.944 | 21.015 | 2.259 |
|   1   | 39.666 | 57.351 | 65.306 | 21.340 | 2.298 |
|   2   | 39.843 | 57.522 | 65.447 | 21.347 | 2.249 |
|   3   | 40.014 | 57.442 | 65.503 | 21.442 | 2.282 |
|   4   | 40.175 | 57.724 | 65.714 | 21.575 | 2.281 |
|   5   | 40.326 | 57.865 | 65.830 | 21.632 | 2.290 |
|   6   | 40.518 | 57.966 | 65.976 | 21.735 | 2.314 |
+-------+--------+--------+--------+--------+-------+
     logs:  {'epo': 6, 'R1': np.float32(40.518), 'R5': np.float32(57.966), 'R10': np.float32(65.976), 'mAP': np.float32(21.735), 'mINP': np.float32(2.314), 'entropy': 0.16817233487963676, 'loss': 1.211302149295807, 'lr': 0.0002500000000000002}
     Epoch[7] Iteration[10/109], entropy: 0.2911, loss: 1.3758, lr: 1.16e-04
     Epoch[7] Iteration[20/109], entropy: 0.2432, loss: 1.3041, lr: 7.85e-06
     Epoch[7] Iteration[30/109], entropy: 0.2354, loss: 1.2624, lr: 2.34e-04
     Epoch[7] Iteration[40/109], entropy: 0.2528, loss: 1.2785, lr: 4.82e-04
     Epoch[7] Iteration[50/109], entropy: 0.3326, loss: 1.3789, lr: 4.09e-04
     Epoch[7] Iteration[60/109], entropy: 0.1163, loss: 1.1721, lr: 1.16e-04
     Epoch[7] Iteration[70/109], entropy: 0.1456, loss: 1.1925, lr: 7.85e-06
     Epoch[7] Iteration[80/109], entropy: 0.0986, loss: 1.1180, lr: 2.34e-04
     Epoch[7] Iteration[90/109], entropy: 0.1415, loss: 1.1997, lr: 4.82e-04
     Epoch[7] Iteration[100/109], entropy: 0.2254, loss: 1.2888, lr: 4.09e-04
     Averaged stats: entropy: 0.1334, loss: 1.1493, lr: 1.44e-04
     itm tta time 0:00:22
### TTA Eval Score: 
+-------+--------+--------+--------+--------+-------+
| epoch |   R1   |   R5   |  R10   |  mAP   |  mINP |
+-------+--------+--------+--------+--------+-------+
|  -999 | 37.304 | 55.557 | 63.548 | 20.140 | 2.213 |
|   0   | 39.168 | 56.948 | 64.944 | 21.015 | 2.259 |
|   1   | 39.666 | 57.351 | 65.306 | 21.340 | 2.298 |
|   2   | 39.843 | 57.522 | 65.447 | 21.347 | 2.249 |
|   3   | 40.014 | 57.442 | 65.503 | 21.442 | 2.282 |
|   4   | 40.175 | 57.724 | 65.714 | 21.575 | 2.281 |
|   5   | 40.326 | 57.865 | 65.830 | 21.632 | 2.290 |
|   6   | 40.518 | 57.966 | 65.976 | 21.735 | 2.314 |
|   7   | 40.518 | 57.960 | 65.976 | 21.773 | 2.340 |
+-------+--------+--------+--------+--------+-------+
     logs:  {'epo': 7, 'R1': np.float32(40.518), 'R5': np.float32(57.96), 'R10': np.float32(65.976), 'mAP': np.float32(21.773), 'mINP': np.float32(2.34), 'entropy': 0.20824408903717995, 'loss': 1.2570584297180176, 'lr': 0.0002499999999999997}
     Epoch[8] Iteration[10/109], entropy: 0.1205, loss: 1.1324, lr: 1.97e-06
     Epoch[8] Iteration[20/109], entropy: 0.1188, loss: 1.1504, lr: 2.03e-04
     Epoch[8] Iteration[30/109], entropy: 0.2385, loss: 1.2766, lr: 4.69e-04
     Epoch[8] Iteration[40/109], entropy: 0.1646, loss: 1.2389, lr: 4.32e-04
     Epoch[8] Iteration[50/109], entropy: 0.1470, loss: 1.1891, lr: 1.44e-04
     Epoch[8] Iteration[60/109], entropy: 0.0722, loss: 1.0999, lr: 1.97e-06
     Epoch[8] Iteration[70/109], entropy: 0.0956, loss: 1.1486, lr: 2.03e-04
     Epoch[8] Iteration[80/109], entropy: 0.1467, loss: 1.1850, lr: 4.69e-04
     Epoch[8] Iteration[90/109], entropy: 0.0784, loss: 1.1670, lr: 4.32e-04
     Epoch[8] Iteration[100/109], entropy: 0.2068, loss: 1.2543, lr: 1.44e-04
     Averaged stats: entropy: 0.1975, loss: 1.2458, lr: 0.00e+00
     itm tta time 0:00:22
### TTA Eval Score: 
+-------+--------+--------+--------+--------+-------+
| epoch |   R1   |   R5   |  R10   |  mAP   |  mINP |
+-------+--------+--------+--------+--------+-------+
|  -999 | 37.304 | 55.557 | 63.548 | 20.140 | 2.213 |
|   0   | 39.168 | 56.948 | 64.944 | 21.015 | 2.259 |
|   1   | 39.666 | 57.351 | 65.306 | 21.340 | 2.298 |
|   2   | 39.843 | 57.522 | 65.447 | 21.347 | 2.249 |
|   3   | 40.014 | 57.442 | 65.503 | 21.442 | 2.282 |
|   4   | 40.175 | 57.724 | 65.714 | 21.575 | 2.281 |
|   5   | 40.326 | 57.865 | 65.830 | 21.632 | 2.290 |
|   6   | 40.518 | 57.966 | 65.976 | 21.735 | 2.314 |
|   7   | 40.518 | 57.960 | 65.976 | 21.773 | 2.340 |
|   8   | 40.503 | 57.971 | 66.012 | 21.728 | 2.304 |
+-------+--------+--------+--------+--------+-------+
     logs:  {'epo': 8, 'R1': np.float32(40.503), 'R5': np.float32(57.971), 'R10': np.float32(66.012), 'mAP': np.float32(21.728), 'mINP': np.float32(2.304), 'entropy': 0.1389026388525963, 'loss': 1.1842176914215088, 'lr': 0.0002499999999999998}
     Epoch[9] Iteration[10/109], entropy: 0.1297, loss: 1.2055, lr: 1.73e-04
     Epoch[9] Iteration[20/109], entropy: 0.2000, loss: 1.2447, lr: 4.52e-04
     Epoch[9] Iteration[30/109], entropy: 0.1470, loss: 1.1699, lr: 4.52e-04
     Epoch[9] Iteration[40/109], entropy: 0.0966, loss: 1.1396, lr: 1.73e-04
     Epoch[9] Iteration[50/109], entropy: 0.1042, loss: 1.1138, lr: 0.00e+00
     Epoch[9] Iteration[60/109], entropy: 0.1909, loss: 1.2395, lr: 1.73e-04
     Epoch[9] Iteration[70/109], entropy: 0.1955, loss: 1.2693, lr: 4.52e-04
     Epoch[9] Iteration[80/109], entropy: 0.1976, loss: 1.2531, lr: 4.52e-04
     Epoch[9] Iteration[90/109], entropy: 0.1307, loss: 1.1625, lr: 1.73e-04
     Epoch[9] Iteration[100/109], entropy: 0.1887, loss: 1.2478, lr: 0.00e+00
     Averaged stats: entropy: 0.2566, loss: 1.2770, lr: 1.44e-04
     itm tta time 0:00:24
### TTA Eval Score: 
+-------+--------+--------+--------+--------+-------+
| epoch |   R1   |   R5   |  R10   |  mAP   |  mINP |
+-------+--------+--------+--------+--------+-------+
|  -999 | 37.304 | 55.557 | 63.548 | 20.140 | 2.213 |
|   0   | 39.168 | 56.948 | 64.944 | 21.015 | 2.259 |
|   1   | 39.666 | 57.351 | 65.306 | 21.340 | 2.298 |
|   2   | 39.843 | 57.522 | 65.447 | 21.347 | 2.249 |
|   3   | 40.014 | 57.442 | 65.503 | 21.442 | 2.282 |
|   4   | 40.175 | 57.724 | 65.714 | 21.575 | 2.281 |
|   5   | 40.326 | 57.865 | 65.830 | 21.632 | 2.290 |
|   6   | 40.518 | 57.966 | 65.976 | 21.735 | 2.314 |
|   7   | 40.518 | 57.960 | 65.976 | 21.773 | 2.340 |
|   8   | 40.503 | 57.971 | 66.012 | 21.728 | 2.304 |
|   9   | 40.347 | 57.754 | 65.906 | 21.648 | 2.301 |
+-------+--------+--------+--------+--------+-------+
     logs:  {'epo': 9, 'R1': np.float32(40.347), 'R5': np.float32(57.754), 'R10': np.float32(65.906), 'mAP': np.float32(21.648), 'mINP': np.float32(2.301), 'entropy': 0.15810060501098633, 'loss': 1.2045692920684814, 'lr': 0.0002499999999999988}
     Epoch[10] Iteration[10/109], entropy: 0.2263, loss: 1.2853, lr: 4.32e-04
     Epoch[10] Iteration[20/109], entropy: 0.1169, loss: 1.2020, lr: 4.69e-04
     Epoch[10] Iteration[30/109], entropy: 0.1775, loss: 1.2236, lr: 2.03e-04
     Epoch[10] Iteration[40/109], entropy: 0.1780, loss: 1.2273, lr: 1.97e-06
     Epoch[10] Iteration[50/109], entropy: 0.0706, loss: 1.1274, lr: 1.44e-04
     Epoch[10] Iteration[60/109], entropy: 0.1732, loss: 1.1879, lr: 4.32e-04
     Epoch[10] Iteration[70/109], entropy: 0.0783, loss: 1.1518, lr: 4.69e-04
     Epoch[10] Iteration[80/109], entropy: 0.2137, loss: 1.2960, lr: 2.03e-04
     Epoch[10] Iteration[90/109], entropy: 0.1250, loss: 1.1801, lr: 1.97e-06
     Epoch[10] Iteration[100/109], entropy: 0.1271, loss: 1.1479, lr: 1.44e-04
     Averaged stats: entropy: 0.0803, loss: 1.1329, lr: 4.09e-04
     itm tta time 0:00:22
### TTA Eval Score: 
+-------+--------+--------+--------+--------+-------+
| epoch |   R1   |   R5   |  R10   |  mAP   |  mINP |
+-------+--------+--------+--------+--------+-------+
|  -999 | 37.304 | 55.557 | 63.548 | 20.140 | 2.213 |
|   0   | 39.168 | 56.948 | 64.944 | 21.015 | 2.259 |
|   1   | 39.666 | 57.351 | 65.306 | 21.340 | 2.298 |
|   2   | 39.843 | 57.522 | 65.447 | 21.347 | 2.249 |
|   3   | 40.014 | 57.442 | 65.503 | 21.442 | 2.282 |
|   4   | 40.175 | 57.724 | 65.714 | 21.575 | 2.281 |
|   5   | 40.326 | 57.865 | 65.830 | 21.632 | 2.290 |
|   6   | 40.518 | 57.966 | 65.976 | 21.735 | 2.314 |
|   7   | 40.518 | 57.960 | 65.976 | 21.773 | 2.340 |
|   8   | 40.503 | 57.971 | 66.012 | 21.728 | 2.304 |
|   9   | 40.347 | 57.754 | 65.906 | 21.648 | 2.301 |
|   10  | 40.508 | 58.031 | 65.986 | 21.670 | 2.292 |
+-------+--------+--------+--------+--------+-------+
     logs:  {'epo': 10, 'R1': np.float32(40.508), 'R5': np.float32(58.031), 'R10': np.float32(65.986), 'mAP': np.float32(21.67), 'mINP': np.float32(2.292), 'entropy': 0.14865661263465882, 'loss': 1.2029178977012633, 'lr': 0.0002500000000000001}
     Epoch[11] Iteration[10/109], entropy: 0.1031, loss: 1.1939, lr: 4.82e-04
     Epoch[11] Iteration[20/109], entropy: 0.1138, loss: 1.1488, lr: 2.34e-04
     Epoch[11] Iteration[30/109], entropy: 0.1034, loss: 1.1264, lr: 7.85e-06
     Epoch[11] Iteration[40/109], entropy: 0.2434, loss: 1.2771, lr: 1.16e-04
     Epoch[11] Iteration[50/109], entropy: 0.2195, loss: 1.3215, lr: 4.09e-04
     Epoch[11] Iteration[60/109], entropy: 0.2168, loss: 1.2973, lr: 4.82e-04
     Epoch[11] Iteration[70/109], entropy: 0.2361, loss: 1.3113, lr: 2.34e-04
     Epoch[11] Iteration[80/109], entropy: 0.1628, loss: 1.2190, lr: 7.85e-06
     Epoch[11] Iteration[90/109], entropy: 0.0825, loss: 1.1201, lr: 1.16e-04
     Epoch[11] Iteration[100/109], entropy: 0.1426, loss: 1.1615, lr: 4.09e-04
     Averaged stats: entropy: 0.1698, loss: 1.1935, lr: 4.92e-04
     itm tta time 0:00:23
### TTA Eval Score: 
+-------+--------+--------+--------+--------+-------+
| epoch |   R1   |   R5   |  R10   |  mAP   |  mINP |
+-------+--------+--------+--------+--------+-------+
|  -999 | 37.304 | 55.557 | 63.548 | 20.140 | 2.213 |
|   0   | 39.168 | 56.948 | 64.944 | 21.015 | 2.259 |
|   1   | 39.666 | 57.351 | 65.306 | 21.340 | 2.298 |
|   2   | 39.843 | 57.522 | 65.447 | 21.347 | 2.249 |
|   3   | 40.014 | 57.442 | 65.503 | 21.442 | 2.282 |
|   4   | 40.175 | 57.724 | 65.714 | 21.575 | 2.281 |
|   5   | 40.326 | 57.865 | 65.830 | 21.632 | 2.290 |
|   6   | 40.518 | 57.966 | 65.976 | 21.735 | 2.314 |
|   7   | 40.518 | 57.960 | 65.976 | 21.773 | 2.340 |
|   8   | 40.503 | 57.971 | 66.012 | 21.728 | 2.304 |
|   9   | 40.347 | 57.754 | 65.906 | 21.648 | 2.301 |
|   10  | 40.508 | 58.031 | 65.986 | 21.670 | 2.292 |
|   11  | 40.785 | 58.228 | 66.228 | 21.804 | 2.311 |
+-------+--------+--------+--------+--------+-------+
     logs:  {'epo': 11, 'R1': np.float32(40.785), 'R5': np.float32(58.228), 'R10': np.float32(66.228), 'mAP': np.float32(21.804), 'mINP': np.float32(2.311), 'entropy': 0.16240499615669252, 'loss': 1.2176806807518006, 'lr': 0.00024999999999999973}
     Epoch[12] Iteration[10/109], entropy: 0.1976, loss: 1.2471, lr: 2.66e-04
     Epoch[12] Iteration[20/109], entropy: 0.1067, loss: 1.1448, lr: 1.76e-05
     Epoch[12] Iteration[30/109], entropy: 0.1390, loss: 1.1954, lr: 9.06e-05
     Epoch[12] Iteration[40/109], entropy: 0.1476, loss: 1.1902, lr: 3.84e-04
     Epoch[12] Iteration[50/109], entropy: 0.2599, loss: 1.3170, lr: 4.92e-04
     Epoch[12] Iteration[60/109], entropy: 0.1678, loss: 1.1944, lr: 2.66e-04
     Epoch[12] Iteration[70/109], entropy: 0.2404, loss: 1.2499, lr: 1.76e-05
     Epoch[12] Iteration[80/109], entropy: 0.1867, loss: 1.2685, lr: 9.06e-05
     Epoch[12] Iteration[90/109], entropy: 0.1780, loss: 1.2275, lr: 3.84e-04
     Epoch[12] Iteration[100/109], entropy: 0.2493, loss: 1.2742, lr: 4.92e-04
     Averaged stats: entropy: 0.1295, loss: 1.1656, lr: 2.97e-04
     itm tta time 0:00:23
### TTA Eval Score: 
+-------+--------+--------+--------+--------+-------+
| epoch |   R1   |   R5   |  R10   |  mAP   |  mINP |
+-------+--------+--------+--------+--------+-------+
|  -999 | 37.304 | 55.557 | 63.548 | 20.140 | 2.213 |
|   0   | 39.168 | 56.948 | 64.944 | 21.015 | 2.259 |
|   1   | 39.666 | 57.351 | 65.306 | 21.340 | 2.298 |
|   2   | 39.843 | 57.522 | 65.447 | 21.347 | 2.249 |
|   3   | 40.014 | 57.442 | 65.503 | 21.442 | 2.282 |
|   4   | 40.175 | 57.724 | 65.714 | 21.575 | 2.281 |
|   5   | 40.326 | 57.865 | 65.830 | 21.632 | 2.290 |
|   6   | 40.518 | 57.966 | 65.976 | 21.735 | 2.314 |
|   7   | 40.518 | 57.960 | 65.976 | 21.773 | 2.340 |
|   8   | 40.503 | 57.971 | 66.012 | 21.728 | 2.304 |
|   9   | 40.347 | 57.754 | 65.906 | 21.648 | 2.301 |
|   10  | 40.508 | 58.031 | 65.986 | 21.670 | 2.292 |
|   11  | 40.785 | 58.228 | 66.228 | 21.804 | 2.311 |
|   12  | 40.750 | 58.197 | 66.168 | 21.844 | 2.343 |
+-------+--------+--------+--------+--------+-------+
     logs:  {'epo': 12, 'R1': np.float32(40.75), 'R5': np.float32(58.197), 'R10': np.float32(66.168), 'mAP': np.float32(21.844), 'mINP': np.float32(2.343), 'entropy': 0.18729642778635025, 'loss': 1.230899453163147, 'lr': 0.00025000000000000066}
     Epoch[13] Iteration[10/109], entropy: 0.1553, loss: 1.2328, lr: 3.09e-05
     Epoch[13] Iteration[20/109], entropy: 0.0962, loss: 1.1276, lr: 6.78e-05
     Epoch[13] Iteration[30/109], entropy: 0.1186, loss: 1.1550, lr: 3.56e-04
     Epoch[13] Iteration[40/109], entropy: 0.2695, loss: 1.3139, lr: 4.98e-04
     Epoch[13] Iteration[50/109], entropy: 0.0884, loss: 1.1741, lr: 2.97e-04
     Epoch[13] Iteration[60/109], entropy: 0.1761, loss: 1.2574, lr: 3.09e-05
     Epoch[13] Iteration[70/109], entropy: 0.1499, loss: 1.2051, lr: 6.78e-05
     Epoch[13] Iteration[80/109], entropy: 0.0470, loss: 1.1087, lr: 3.56e-04
     Epoch[13] Iteration[90/109], entropy: 0.0976, loss: 1.1454, lr: 4.98e-04
     Epoch[13] Iteration[100/109], entropy: 0.1335, loss: 1.1852, lr: 2.97e-04
     Averaged stats: entropy: 0.1648, loss: 1.1937, lr: 4.77e-05
     itm tta time 0:00:23
### TTA Eval Score: 
+-------+--------+--------+--------+--------+-------+
| epoch |   R1   |   R5   |  R10   |  mAP   |  mINP |
+-------+--------+--------+--------+--------+-------+
|  -999 | 37.304 | 55.557 | 63.548 | 20.140 | 2.213 |
|   0   | 39.168 | 56.948 | 64.944 | 21.015 | 2.259 |
|   1   | 39.666 | 57.351 | 65.306 | 21.340 | 2.298 |
|   2   | 39.843 | 57.522 | 65.447 | 21.347 | 2.249 |
|   3   | 40.014 | 57.442 | 65.503 | 21.442 | 2.282 |
|   4   | 40.175 | 57.724 | 65.714 | 21.575 | 2.281 |
|   5   | 40.326 | 57.865 | 65.830 | 21.632 | 2.290 |
|   6   | 40.518 | 57.966 | 65.976 | 21.735 | 2.314 |
|   7   | 40.518 | 57.960 | 65.976 | 21.773 | 2.340 |
|   8   | 40.503 | 57.971 | 66.012 | 21.728 | 2.304 |
|   9   | 40.347 | 57.754 | 65.906 | 21.648 | 2.301 |
|   10  | 40.508 | 58.031 | 65.986 | 21.670 | 2.292 |
|   11  | 40.785 | 58.228 | 66.228 | 21.804 | 2.311 |
|   12  | 40.750 | 58.197 | 66.168 | 21.844 | 2.343 |
|   13  | 40.725 | 58.071 | 66.072 | 21.778 | 2.323 |
+-------+--------+--------+--------+--------+-------+
     logs:  {'epo': 13, 'R1': np.float32(40.725), 'R5': np.float32(58.071), 'R10': np.float32(66.072), 'mAP': np.float32(21.778), 'mINP': np.float32(2.323), 'entropy': 0.13321542479097842, 'loss': 1.1905294179916381, 'lr': 0.00025000000000000055}
     Epoch[14] Iteration[10/109], entropy: 0.1252, loss: 1.1480, lr: 4.77e-05
     Epoch[14] Iteration[20/109], entropy: 0.1256, loss: 1.1429, lr: 3.27e-04
     Epoch[14] Iteration[30/109], entropy: 0.1382, loss: 1.2067, lr: 5.00e-04
     Epoch[14] Iteration[40/109], entropy: 0.1362, loss: 1.2006, lr: 3.27e-04
     Epoch[14] Iteration[50/109], entropy: 0.2131, loss: 1.2437, lr: 4.77e-05
     Epoch[14] Iteration[60/109], entropy: 0.1365, loss: 1.1971, lr: 4.77e-05
     Epoch[14] Iteration[70/109], entropy: 0.2047, loss: 1.2306, lr: 3.27e-04
     Epoch[14] Iteration[80/109], entropy: 0.1997, loss: 1.2432, lr: 5.00e-04
     Epoch[14] Iteration[90/109], entropy: 0.0978, loss: 1.2121, lr: 3.27e-04
     Epoch[14] Iteration[100/109], entropy: 0.0921, loss: 1.1677, lr: 4.77e-05
     Averaged stats: entropy: 0.0425, loss: 1.0699, lr: 3.09e-05
     itm tta time 0:00:23
### TTA Eval Score: 
+-------+--------+--------+--------+--------+-------+
| epoch |   R1   |   R5   |  R10   |  mAP   |  mINP |
+-------+--------+--------+--------+--------+-------+
|  -999 | 37.304 | 55.557 | 63.548 | 20.140 | 2.213 |
|   0   | 39.168 | 56.948 | 64.944 | 21.015 | 2.259 |
|   1   | 39.666 | 57.351 | 65.306 | 21.340 | 2.298 |
|   2   | 39.843 | 57.522 | 65.447 | 21.347 | 2.249 |
|   3   | 40.014 | 57.442 | 65.503 | 21.442 | 2.282 |
|   4   | 40.175 | 57.724 | 65.714 | 21.575 | 2.281 |
|   5   | 40.326 | 57.865 | 65.830 | 21.632 | 2.290 |
|   6   | 40.518 | 57.966 | 65.976 | 21.735 | 2.314 |
|   7   | 40.518 | 57.960 | 65.976 | 21.773 | 2.340 |
|   8   | 40.503 | 57.971 | 66.012 | 21.728 | 2.304 |
|   9   | 40.347 | 57.754 | 65.906 | 21.648 | 2.301 |
|   10  | 40.508 | 58.031 | 65.986 | 21.670 | 2.292 |
|   11  | 40.785 | 58.228 | 66.228 | 21.804 | 2.311 |
|   12  | 40.750 | 58.197 | 66.168 | 21.844 | 2.343 |
|   13  | 40.725 | 58.071 | 66.072 | 21.778 | 2.323 |
|   14  | 40.815 | 58.253 | 66.173 | 21.811 | 2.311 |
+-------+--------+--------+--------+--------+-------+
     logs:  {'epo': 14, 'R1': np.float32(40.815), 'R5': np.float32(58.253), 'R10': np.float32(66.173), 'mAP': np.float32(21.811), 'mINP': np.float32(2.311), 'entropy': 0.14690447971224785, 'loss': 1.1992480039596558, 'lr': 0.0002500000000000008}
     Epoch[15] Iteration[10/109], entropy: 0.0516, loss: 1.0825, lr: 2.97e-04
     Epoch[15] Iteration[20/109], entropy: 0.1171, loss: 1.1611, lr: 4.98e-04
     Epoch[15] Iteration[30/109], entropy: 0.0958, loss: 1.1853, lr: 3.56e-04
     Epoch[15] Iteration[40/109], entropy: 0.2046, loss: 1.2568, lr: 6.78e-05
     Epoch[15] Iteration[50/109], entropy: 0.1777, loss: 1.2242, lr: 3.09e-05
     Epoch[15] Iteration[60/109], entropy: 0.1681, loss: 1.2189, lr: 2.97e-04
     Epoch[15] Iteration[70/109], entropy: 0.0900, loss: 1.1158, lr: 4.98e-04
     Epoch[15] Iteration[80/109], entropy: 0.1155, loss: 1.1661, lr: 3.56e-04
     Epoch[15] Iteration[90/109], entropy: 0.1465, loss: 1.1795, lr: 6.78e-05
     Epoch[15] Iteration[100/109], entropy: 0.0954, loss: 1.1501, lr: 3.09e-05
     Averaged stats: entropy: 0.1835, loss: 1.2272, lr: 2.66e-04
     itm tta time 0:00:24
### TTA Eval Score: 
+-------+--------+--------+--------+--------+-------+
| epoch |   R1   |   R5   |  R10   |  mAP   |  mINP |
+-------+--------+--------+--------+--------+-------+
|  -999 | 37.304 | 55.557 | 63.548 | 20.140 | 2.213 |
|   0   | 39.168 | 56.948 | 64.944 | 21.015 | 2.259 |
|   1   | 39.666 | 57.351 | 65.306 | 21.340 | 2.298 |
|   2   | 39.843 | 57.522 | 65.447 | 21.347 | 2.249 |
|   3   | 40.014 | 57.442 | 65.503 | 21.442 | 2.282 |
|   4   | 40.175 | 57.724 | 65.714 | 21.575 | 2.281 |
|   5   | 40.326 | 57.865 | 65.830 | 21.632 | 2.290 |
|   6   | 40.518 | 57.966 | 65.976 | 21.735 | 2.314 |
|   7   | 40.518 | 57.960 | 65.976 | 21.773 | 2.340 |
|   8   | 40.503 | 57.971 | 66.012 | 21.728 | 2.304 |
|   9   | 40.347 | 57.754 | 65.906 | 21.648 | 2.301 |
|   10  | 40.508 | 58.031 | 65.986 | 21.670 | 2.292 |
|   11  | 40.785 | 58.228 | 66.228 | 21.804 | 2.311 |
|   12  | 40.750 | 58.197 | 66.168 | 21.844 | 2.343 |
|   13  | 40.725 | 58.071 | 66.072 | 21.778 | 2.323 |
|   14  | 40.815 | 58.253 | 66.173 | 21.811 | 2.311 |
|   15  | 40.871 | 58.288 | 66.203 | 21.875 | 2.333 |
+-------+--------+--------+--------+--------+-------+
     logs:  {'epo': 15, 'R1': np.float32(40.871), 'R5': np.float32(58.288), 'R10': np.float32(66.203), 'mAP': np.float32(21.875), 'mINP': np.float32(2.333), 'entropy': 0.1262275107204914, 'loss': 1.1740427017211914, 'lr': 0.00024999999999999914}
     Epoch[16] Iteration[10/109], entropy: 0.1163, loss: 1.1642, lr: 4.92e-04
     Epoch[16] Iteration[20/109], entropy: 0.1922, loss: 1.2624, lr: 3.84e-04
     Epoch[16] Iteration[30/109], entropy: 0.1513, loss: 1.1747, lr: 9.06e-05
     Epoch[16] Iteration[40/109], entropy: 0.1651, loss: 1.1782, lr: 1.76e-05
     Epoch[16] Iteration[50/109], entropy: 0.1791, loss: 1.2447, lr: 2.66e-04
     Epoch[16] Iteration[60/109], entropy: 0.1678, loss: 1.2162, lr: 4.92e-04
     Epoch[16] Iteration[70/109], entropy: 0.1715, loss: 1.2343, lr: 3.84e-04
     Epoch[16] Iteration[80/109], entropy: 0.2567, loss: 1.3348, lr: 9.06e-05
     Epoch[16] Iteration[90/109], entropy: 0.1620, loss: 1.1930, lr: 1.76e-05
     Epoch[16] Iteration[100/109], entropy: 0.1576, loss: 1.2213, lr: 2.66e-04
     Averaged stats: entropy: 0.1077, loss: 1.1672, lr: 4.82e-04
     itm tta time 0:00:24
### TTA Eval Score: 
+-------+--------+--------+--------+--------+-------+
| epoch |   R1   |   R5   |  R10   |  mAP   |  mINP |
+-------+--------+--------+--------+--------+-------+
|  -999 | 37.304 | 55.557 | 63.548 | 20.140 | 2.213 |
|   0   | 39.168 | 56.948 | 64.944 | 21.015 | 2.259 |
|   1   | 39.666 | 57.351 | 65.306 | 21.340 | 2.298 |
|   2   | 39.843 | 57.522 | 65.447 | 21.347 | 2.249 |
|   3   | 40.014 | 57.442 | 65.503 | 21.442 | 2.282 |
|   4   | 40.175 | 57.724 | 65.714 | 21.575 | 2.281 |
|   5   | 40.326 | 57.865 | 65.830 | 21.632 | 2.290 |
|   6   | 40.518 | 57.966 | 65.976 | 21.735 | 2.314 |
|   7   | 40.518 | 57.960 | 65.976 | 21.773 | 2.340 |
|   8   | 40.503 | 57.971 | 66.012 | 21.728 | 2.304 |
|   9   | 40.347 | 57.754 | 65.906 | 21.648 | 2.301 |
|   10  | 40.508 | 58.031 | 65.986 | 21.670 | 2.292 |
|   11  | 40.785 | 58.228 | 66.228 | 21.804 | 2.311 |
|   12  | 40.750 | 58.197 | 66.168 | 21.844 | 2.343 |
|   13  | 40.725 | 58.071 | 66.072 | 21.778 | 2.323 |
|   14  | 40.815 | 58.253 | 66.173 | 21.811 | 2.311 |
|   15  | 40.871 | 58.288 | 66.203 | 21.875 | 2.333 |
|   16  | 40.840 | 58.243 | 66.264 | 21.880 | 2.332 |
+-------+--------+--------+--------+--------+-------+
     logs:  {'epo': 16, 'R1': np.float32(40.84), 'R5': np.float32(58.243), 'R10': np.float32(66.264), 'mAP': np.float32(21.88), 'mINP': np.float32(2.332), 'entropy': 0.17195263281464576, 'loss': 1.222385787963867, 'lr': 0.00025000000000000055}
     Epoch[17] Iteration[10/109], entropy: 0.2092, loss: 1.2601, lr: 4.09e-04
     Epoch[17] Iteration[20/109], entropy: 0.1064, loss: 1.1382, lr: 1.16e-04
     Epoch[17] Iteration[30/109], entropy: 0.1542, loss: 1.2177, lr: 7.85e-06
     Epoch[17] Iteration[40/109], entropy: 0.1217, loss: 1.1761, lr: 2.34e-04
     Epoch[17] Iteration[50/109], entropy: 0.1065, loss: 1.1931, lr: 4.82e-04
     Epoch[17] Iteration[60/109], entropy: 0.2698, loss: 1.3481, lr: 4.09e-04
     Epoch[17] Iteration[70/109], entropy: 0.2980, loss: 1.3297, lr: 1.16e-04
     Epoch[17] Iteration[80/109], entropy: 0.1619, loss: 1.2074, lr: 7.85e-06
     Epoch[17] Iteration[90/109], entropy: 0.1426, loss: 1.1683, lr: 2.34e-04
     Epoch[17] Iteration[100/109], entropy: 0.1994, loss: 1.2394, lr: 4.82e-04
     Averaged stats: entropy: 0.1089, loss: 1.1513, lr: 4.32e-04
     itm tta time 0:00:23
### TTA Eval Score: 
+-------+--------+--------+--------+--------+-------+
| epoch |   R1   |   R5   |  R10   |  mAP   |  mINP |
+-------+--------+--------+--------+--------+-------+
|  -999 | 37.304 | 55.557 | 63.548 | 20.140 | 2.213 |
|   0   | 39.168 | 56.948 | 64.944 | 21.015 | 2.259 |
|   1   | 39.666 | 57.351 | 65.306 | 21.340 | 2.298 |
|   2   | 39.843 | 57.522 | 65.447 | 21.347 | 2.249 |
|   3   | 40.014 | 57.442 | 65.503 | 21.442 | 2.282 |
|   4   | 40.175 | 57.724 | 65.714 | 21.575 | 2.281 |
|   5   | 40.326 | 57.865 | 65.830 | 21.632 | 2.290 |
|   6   | 40.518 | 57.966 | 65.976 | 21.735 | 2.314 |
|   7   | 40.518 | 57.960 | 65.976 | 21.773 | 2.340 |
|   8   | 40.503 | 57.971 | 66.012 | 21.728 | 2.304 |
|   9   | 40.347 | 57.754 | 65.906 | 21.648 | 2.301 |
|   10  | 40.508 | 58.031 | 65.986 | 21.670 | 2.292 |
|   11  | 40.785 | 58.228 | 66.228 | 21.804 | 2.311 |
|   12  | 40.750 | 58.197 | 66.168 | 21.844 | 2.343 |
|   13  | 40.725 | 58.071 | 66.072 | 21.778 | 2.323 |
|   14  | 40.815 | 58.253 | 66.173 | 21.811 | 2.311 |
|   15  | 40.871 | 58.288 | 66.203 | 21.875 | 2.333 |
|   16  | 40.840 | 58.243 | 66.264 | 21.880 | 2.332 |
|   17  | 40.765 | 58.263 | 66.208 | 21.799 | 2.311 |
+-------+--------+--------+--------+--------+-------+
     logs:  {'epo': 17, 'R1': np.float32(40.765), 'R5': np.float32(58.263), 'R10': np.float32(66.208), 'mAP': np.float32(21.799), 'mINP': np.float32(2.311), 'entropy': 0.17696089893579484, 'loss': 1.2278093695640564, 'lr': 0.00024999999999999973}
     Epoch[18] Iteration[10/109], entropy: 0.1342, loss: 1.1445, lr: 1.44e-04
     Epoch[18] Iteration[20/109], entropy: 0.2129, loss: 1.2842, lr: 1.97e-06
     Epoch[18] Iteration[30/109], entropy: 0.0991, loss: 1.1163, lr: 2.03e-04
     Epoch[18] Iteration[40/109], entropy: 0.2499, loss: 1.3034, lr: 4.52e-04
     Epoch[18] Iteration[50/109], entropy: 0.2124, loss: 1.2767, lr: 4.52e-04
     Epoch[18] Iteration[60/109], entropy: 0.0850, loss: 1.1329, lr: 1.73e-04
     Epoch[18] Iteration[70/109], entropy: 0.1559, loss: 1.1800, lr: 0.00e+00
     Epoch[18] Iteration[80/109], entropy: 0.1735, loss: 1.2012, lr: 1.73e-04
     Epoch[18] Iteration[90/109], entropy: 0.0911, loss: 1.1177, lr: 4.52e-04
     Epoch[18] Iteration[100/109], entropy: 0.1367, loss: 1.1861, lr: 4.52e-04
     Averaged stats: entropy: 0.2403, loss: 1.3089, lr: 2.03e-04
     itm tta time 0:00:23
### TTA Eval Score: 
+-------+--------+--------+--------+--------+-------+
| epoch |   R1   |   R5   |  R10   |  mAP   |  mINP |
+-------+--------+--------+--------+--------+-------+
|  -999 | 37.304 | 55.557 | 63.548 | 20.140 | 2.213 |
|   0   | 39.168 | 56.948 | 64.944 | 21.015 | 2.259 |
|   1   | 39.666 | 57.351 | 65.306 | 21.340 | 2.298 |
|   2   | 39.843 | 57.522 | 65.447 | 21.347 | 2.249 |
|   3   | 40.014 | 57.442 | 65.503 | 21.442 | 2.282 |
|   4   | 40.175 | 57.724 | 65.714 | 21.575 | 2.281 |
|   5   | 40.326 | 57.865 | 65.830 | 21.632 | 2.290 |
|   6   | 40.518 | 57.966 | 65.976 | 21.735 | 2.314 |
|   7   | 40.518 | 57.960 | 65.976 | 21.773 | 2.340 |
|   8   | 40.503 | 57.971 | 66.012 | 21.728 | 2.304 |
|   9   | 40.347 | 57.754 | 65.906 | 21.648 | 2.301 |
|   10  | 40.508 | 58.031 | 65.986 | 21.670 | 2.292 |
|   11  | 40.785 | 58.228 | 66.228 | 21.804 | 2.311 |
|   12  | 40.750 | 58.197 | 66.168 | 21.844 | 2.343 |
|   13  | 40.725 | 58.071 | 66.072 | 21.778 | 2.323 |
|   14  | 40.815 | 58.253 | 66.173 | 21.811 | 2.311 |
|   15  | 40.871 | 58.288 | 66.203 | 21.875 | 2.333 |
|   16  | 40.840 | 58.243 | 66.264 | 21.880 | 2.332 |
|   17  | 40.765 | 58.263 | 66.208 | 21.799 | 2.311 |
|   18  | 40.901 | 58.318 | 66.405 | 21.931 | 2.347 |
+-------+--------+--------+--------+--------+-------+
     logs:  {'epo': 18, 'R1': np.float32(40.901), 'R5': np.float32(58.318), 'R10': np.float32(66.405), 'mAP': np.float32(21.931), 'mINP': np.float32(2.347), 'entropy': 0.1550707273185253, 'loss': 1.194282352924347, 'lr': 0.000250318967032116}
     Epoch[19] Iteration[10/109], entropy: 0.0794, loss: 1.1043, lr: 1.97e-06
     Epoch[19] Iteration[20/109], entropy: 0.1335, loss: 1.1666, lr: 1.44e-04
     Epoch[19] Iteration[30/109], entropy: 0.1184, loss: 1.1859, lr: 4.32e-04
     Epoch[19] Iteration[40/109], entropy: 0.1272, loss: 1.1663, lr: 4.69e-04
     Epoch[19] Iteration[50/109], entropy: 0.1887, loss: 1.2106, lr: 2.03e-04
     Epoch[19] Iteration[60/109], entropy: 0.2044, loss: 1.2598, lr: 1.97e-06
     Epoch[19] Iteration[70/109], entropy: 0.2374, loss: 1.2935, lr: 1.44e-04
     Epoch[19] Iteration[80/109], entropy: 0.1084, loss: 1.1654, lr: 4.32e-04
     Epoch[19] Iteration[90/109], entropy: 0.0690, loss: 1.1232, lr: 4.69e-04
     Epoch[19] Iteration[100/109], entropy: 0.1174, loss: 1.1670, lr: 2.03e-04
     Averaged stats: entropy: 0.1770, loss: 1.2506, lr: 7.85e-06
     itm tta time 0:00:25
### TTA Eval Score: 
+-------+--------+--------+--------+--------+-------+
| epoch |   R1   |   R5   |  R10   |  mAP   |  mINP |
+-------+--------+--------+--------+--------+-------+
|  -999 | 37.304 | 55.557 | 63.548 | 20.140 | 2.213 |
|   0   | 39.168 | 56.948 | 64.944 | 21.015 | 2.259 |
|   1   | 39.666 | 57.351 | 65.306 | 21.340 | 2.298 |
|   2   | 39.843 | 57.522 | 65.447 | 21.347 | 2.249 |
|   3   | 40.014 | 57.442 | 65.503 | 21.442 | 2.282 |
|   4   | 40.175 | 57.724 | 65.714 | 21.575 | 2.281 |
|   5   | 40.326 | 57.865 | 65.830 | 21.632 | 2.290 |
|   6   | 40.518 | 57.966 | 65.976 | 21.735 | 2.314 |
|   7   | 40.518 | 57.960 | 65.976 | 21.773 | 2.340 |
|   8   | 40.503 | 57.971 | 66.012 | 21.728 | 2.304 |
|   9   | 40.347 | 57.754 | 65.906 | 21.648 | 2.301 |
|   10  | 40.508 | 58.031 | 65.986 | 21.670 | 2.292 |
|   11  | 40.785 | 58.228 | 66.228 | 21.804 | 2.311 |
|   12  | 40.750 | 58.197 | 66.168 | 21.844 | 2.343 |
|   13  | 40.725 | 58.071 | 66.072 | 21.778 | 2.323 |
|   14  | 40.815 | 58.253 | 66.173 | 21.811 | 2.311 |
|   15  | 40.871 | 58.288 | 66.203 | 21.875 | 2.333 |
|   16  | 40.840 | 58.243 | 66.264 | 21.880 | 2.332 |
|   17  | 40.765 | 58.263 | 66.208 | 21.799 | 2.311 |
|   18  | 40.901 | 58.318 | 66.405 | 21.931 | 2.347 |
|   19  | 40.810 | 58.167 | 66.193 | 21.862 | 2.351 |
+-------+--------+--------+--------+--------+-------+
     logs:  {'epo': 19, 'R1': np.float32(40.81), 'R5': np.float32(58.167), 'R10': np.float32(66.193), 'mAP': np.float32(21.862), 'mINP': np.float32(2.351), 'entropy': 0.13837200477719308, 'loss': 1.184268307685852, 'lr': 0.00025000000000000185}
     Epoch[20] Iteration[10/109], entropy: 0.1007, loss: 1.1263, lr: 1.16e-04
     Epoch[20] Iteration[20/109], entropy: 0.0908, loss: 1.1582, lr: 4.09e-04
     Epoch[20] Iteration[30/109], entropy: 0.1655, loss: 1.2092, lr: 4.82e-04
     Epoch[20] Iteration[40/109], entropy: 0.1095, loss: 1.1797, lr: 2.34e-04
     Epoch[20] Iteration[50/109], entropy: 0.0713, loss: 1.1430, lr: 7.85e-06
     Epoch[20] Iteration[60/109], entropy: 0.1661, loss: 1.2690, lr: 1.16e-04
     Epoch[20] Iteration[70/109], entropy: 0.2026, loss: 1.2491, lr: 4.09e-04
     Epoch[20] Iteration[80/109], entropy: 0.1681, loss: 1.2017, lr: 4.82e-04
     Epoch[20] Iteration[90/109], entropy: 0.1729, loss: 1.2416, lr: 2.34e-04
     Epoch[20] Iteration[100/109], entropy: 0.0836, loss: 1.1516, lr: 7.85e-06
     Averaged stats: entropy: 0.0937, loss: 1.1191, lr: 9.06e-05
     itm tta time 0:00:22
### TTA Eval Score: 
+-------+--------+--------+--------+--------+-------+
| epoch |   R1   |   R5   |  R10   |  mAP   |  mINP |
+-------+--------+--------+--------+--------+-------+
|  -999 | 37.304 | 55.557 | 63.548 | 20.140 | 2.213 |
|   0   | 39.168 | 56.948 | 64.944 | 21.015 | 2.259 |
|   1   | 39.666 | 57.351 | 65.306 | 21.340 | 2.298 |
|   2   | 39.843 | 57.522 | 65.447 | 21.347 | 2.249 |
|   3   | 40.014 | 57.442 | 65.503 | 21.442 | 2.282 |
|   4   | 40.175 | 57.724 | 65.714 | 21.575 | 2.281 |
|   5   | 40.326 | 57.865 | 65.830 | 21.632 | 2.290 |
|   6   | 40.518 | 57.966 | 65.976 | 21.735 | 2.314 |
|   7   | 40.518 | 57.960 | 65.976 | 21.773 | 2.340 |
|   8   | 40.503 | 57.971 | 66.012 | 21.728 | 2.304 |
|   9   | 40.347 | 57.754 | 65.906 | 21.648 | 2.301 |
|   10  | 40.508 | 58.031 | 65.986 | 21.670 | 2.292 |
|   11  | 40.785 | 58.228 | 66.228 | 21.804 | 2.311 |
|   12  | 40.750 | 58.197 | 66.168 | 21.844 | 2.343 |
|   13  | 40.725 | 58.071 | 66.072 | 21.778 | 2.323 |
|   14  | 40.815 | 58.253 | 66.173 | 21.811 | 2.311 |
|   15  | 40.871 | 58.288 | 66.203 | 21.875 | 2.333 |
|   16  | 40.840 | 58.243 | 66.264 | 21.880 | 2.332 |
|   17  | 40.765 | 58.263 | 66.208 | 21.799 | 2.311 |
|   18  | 40.901 | 58.318 | 66.405 | 21.931 | 2.347 |
|   19  | 40.810 | 58.167 | 66.193 | 21.862 | 2.351 |
|   20  | 41.042 | 58.439 | 66.314 | 21.881 | 2.309 |
+-------+--------+--------+--------+--------+-------+
     logs:  {'epo': 20, 'R1': np.float32(41.042), 'R5': np.float32(58.439), 'R10': np.float32(66.314), 'mAP': np.float32(21.881), 'mINP': np.float32(2.309), 'entropy': 0.13309972435235978, 'loss': 1.1929417371749877, 'lr': 0.00024999999999999925}
     Epoch[21] Iteration[10/109], entropy: 0.3256, loss: 1.3535, lr: 3.84e-04
     Epoch[21] Iteration[20/109], entropy: 0.1065, loss: 1.1362, lr: 4.92e-04
     Epoch[21] Iteration[30/109], entropy: 0.0593, loss: 1.1201, lr: 2.66e-04
     Epoch[21] Iteration[40/109], entropy: 0.1492, loss: 1.1794, lr: 1.76e-05
     Epoch[21] Iteration[50/109], entropy: 0.0648, loss: 1.1075, lr: 9.06e-05
     Epoch[21] Iteration[60/109], entropy: 0.2195, loss: 1.2393, lr: 3.84e-04
     Epoch[21] Iteration[70/109], entropy: 0.2115, loss: 1.2517, lr: 4.92e-04
     Epoch[21] Iteration[80/109], entropy: 0.1083, loss: 1.1505, lr: 2.66e-04
     Epoch[21] Iteration[90/109], entropy: 0.1867, loss: 1.2371, lr: 1.76e-05
     Epoch[21] Iteration[100/109], entropy: 0.0974, loss: 1.1668, lr: 9.06e-05
     Averaged stats: entropy: 0.2137, loss: 1.2629, lr: 3.56e-04
     itm tta time 0:00:22
### TTA Eval Score: 
+-------+--------+--------+--------+--------+-------+
| epoch |   R1   |   R5   |  R10   |  mAP   |  mINP |
+-------+--------+--------+--------+--------+-------+
|  -999 | 37.304 | 55.557 | 63.548 | 20.140 | 2.213 |
|   0   | 39.168 | 56.948 | 64.944 | 21.015 | 2.259 |
|   1   | 39.666 | 57.351 | 65.306 | 21.340 | 2.298 |
|   2   | 39.843 | 57.522 | 65.447 | 21.347 | 2.249 |
|   3   | 40.014 | 57.442 | 65.503 | 21.442 | 2.282 |
|   4   | 40.175 | 57.724 | 65.714 | 21.575 | 2.281 |
|   5   | 40.326 | 57.865 | 65.830 | 21.632 | 2.290 |
|   6   | 40.518 | 57.966 | 65.976 | 21.735 | 2.314 |
|   7   | 40.518 | 57.960 | 65.976 | 21.773 | 2.340 |
|   8   | 40.503 | 57.971 | 66.012 | 21.728 | 2.304 |
|   9   | 40.347 | 57.754 | 65.906 | 21.648 | 2.301 |
|   10  | 40.508 | 58.031 | 65.986 | 21.670 | 2.292 |
|   11  | 40.785 | 58.228 | 66.228 | 21.804 | 2.311 |
|   12  | 40.750 | 58.197 | 66.168 | 21.844 | 2.343 |
|   13  | 40.725 | 58.071 | 66.072 | 21.778 | 2.323 |
|   14  | 40.815 | 58.253 | 66.173 | 21.811 | 2.311 |
|   15  | 40.871 | 58.288 | 66.203 | 21.875 | 2.333 |
|   16  | 40.840 | 58.243 | 66.264 | 21.880 | 2.332 |
|   17  | 40.765 | 58.263 | 66.208 | 21.799 | 2.311 |
|   18  | 40.901 | 58.318 | 66.405 | 21.931 | 2.347 |
|   19  | 40.810 | 58.167 | 66.193 | 21.862 | 2.351 |
|   20  | 41.042 | 58.439 | 66.314 | 21.881 | 2.309 |
|   21  | 41.002 | 58.394 | 66.354 | 21.883 | 2.314 |
+-------+--------+--------+--------+--------+-------+
     logs:  {'epo': 21, 'R1': np.float32(41.002), 'R5': np.float32(58.394), 'R10': np.float32(66.354), 'mAP': np.float32(21.883), 'mINP': np.float32(2.314), 'entropy': 0.15286912396550179, 'loss': 1.1941977620124817, 'lr': 0.0002500000000000023}
     Epoch[22] Iteration[10/109], entropy: 0.1045, loss: 1.1483, lr: 4.98e-04
     Epoch[22] Iteration[20/109], entropy: 0.1621, loss: 1.2544, lr: 2.97e-04
     Epoch[22] Iteration[30/109], entropy: 0.1767, loss: 1.2426, lr: 3.09e-05
     Epoch[22] Iteration[40/109], entropy: 0.2293, loss: 1.2546, lr: 6.78e-05
     Epoch[22] Iteration[50/109], entropy: 0.1850, loss: 1.2172, lr: 3.56e-04
     Epoch[22] Iteration[60/109], entropy: 0.1963, loss: 1.2597, lr: 4.98e-04
     Epoch[22] Iteration[70/109], entropy: 0.1305, loss: 1.1646, lr: 2.97e-04
     Epoch[22] Iteration[80/109], entropy: 0.1531, loss: 1.1830, lr: 3.09e-05
     Epoch[22] Iteration[90/109], entropy: 0.1926, loss: 1.2348, lr: 6.78e-05
     Epoch[22] Iteration[100/109], entropy: 0.1230, loss: 1.1372, lr: 3.56e-04
     Averaged stats: entropy: 0.1262, loss: 1.1581, lr: 5.00e-04
     itm tta time 0:00:23
### TTA Eval Score: 
+-------+--------+--------+--------+--------+-------+
| epoch |   R1   |   R5   |  R10   |  mAP   |  mINP |
+-------+--------+--------+--------+--------+-------+
|  -999 | 37.304 | 55.557 | 63.548 | 20.140 | 2.213 |
|   0   | 39.168 | 56.948 | 64.944 | 21.015 | 2.259 |
|   1   | 39.666 | 57.351 | 65.306 | 21.340 | 2.298 |
|   2   | 39.843 | 57.522 | 65.447 | 21.347 | 2.249 |
|   3   | 40.014 | 57.442 | 65.503 | 21.442 | 2.282 |
|   4   | 40.175 | 57.724 | 65.714 | 21.575 | 2.281 |
|   5   | 40.326 | 57.865 | 65.830 | 21.632 | 2.290 |
|   6   | 40.518 | 57.966 | 65.976 | 21.735 | 2.314 |
|   7   | 40.518 | 57.960 | 65.976 | 21.773 | 2.340 |
|   8   | 40.503 | 57.971 | 66.012 | 21.728 | 2.304 |
|   9   | 40.347 | 57.754 | 65.906 | 21.648 | 2.301 |
|   10  | 40.508 | 58.031 | 65.986 | 21.670 | 2.292 |
|   11  | 40.785 | 58.228 | 66.228 | 21.804 | 2.311 |
|   12  | 40.750 | 58.197 | 66.168 | 21.844 | 2.343 |
|   13  | 40.725 | 58.071 | 66.072 | 21.778 | 2.323 |
|   14  | 40.815 | 58.253 | 66.173 | 21.811 | 2.311 |
|   15  | 40.871 | 58.288 | 66.203 | 21.875 | 2.333 |
|   16  | 40.840 | 58.243 | 66.264 | 21.880 | 2.332 |
|   17  | 40.765 | 58.263 | 66.208 | 21.799 | 2.311 |
|   18  | 40.901 | 58.318 | 66.405 | 21.931 | 2.347 |
|   19  | 40.810 | 58.167 | 66.193 | 21.862 | 2.351 |
|   20  | 41.042 | 58.439 | 66.314 | 21.881 | 2.309 |
|   21  | 41.002 | 58.394 | 66.354 | 21.883 | 2.314 |
|   22  | 40.956 | 58.278 | 66.274 | 21.885 | 2.336 |
+-------+--------+--------+--------+--------+-------+
     logs:  {'epo': 22, 'R1': np.float32(40.956), 'R5': np.float32(58.278), 'R10': np.float32(66.274), 'mAP': np.float32(21.885), 'mINP': np.float32(2.336), 'entropy': 0.16532798558473588, 'loss': 1.2096287488937378, 'lr': 0.00024999999999999887}
     Epoch[23] Iteration[10/109], entropy: 0.1791, loss: 1.2148, lr: 3.27e-04
     Epoch[23] Iteration[20/109], entropy: 0.1775, loss: 1.2478, lr: 4.77e-05
     Epoch[23] Iteration[30/109], entropy: 0.1534, loss: 1.2254, lr: 4.77e-05
     Epoch[23] Iteration[40/109], entropy: 0.1308, loss: 1.1749, lr: 3.27e-04
     Epoch[23] Iteration[50/109], entropy: 0.1898, loss: 1.2187, lr: 5.00e-04
     Epoch[23] Iteration[60/109], entropy: 0.1467, loss: 1.1958, lr: 3.27e-04
     Epoch[23] Iteration[70/109], entropy: 0.2165, loss: 1.2723, lr: 4.77e-05
     Epoch[23] Iteration[80/109], entropy: 0.0943, loss: 1.1244, lr: 4.77e-05
     Epoch[23] Iteration[90/109], entropy: 0.0932, loss: 1.1518, lr: 3.27e-04
     Epoch[23] Iteration[100/109], entropy: 0.0832, loss: 1.1203, lr: 5.00e-04
     Averaged stats: entropy: 0.1448, loss: 1.1783, lr: 3.56e-04
     itm tta time 0:00:23
### TTA Eval Score: 
+-------+--------+--------+--------+--------+-------+
| epoch |   R1   |   R5   |  R10   |  mAP   |  mINP |
+-------+--------+--------+--------+--------+-------+
|  -999 | 37.304 | 55.557 | 63.548 | 20.140 | 2.213 |
|   0   | 39.168 | 56.948 | 64.944 | 21.015 | 2.259 |
|   1   | 39.666 | 57.351 | 65.306 | 21.340 | 2.298 |
|   2   | 39.843 | 57.522 | 65.447 | 21.347 | 2.249 |
|   3   | 40.014 | 57.442 | 65.503 | 21.442 | 2.282 |
|   4   | 40.175 | 57.724 | 65.714 | 21.575 | 2.281 |
|   5   | 40.326 | 57.865 | 65.830 | 21.632 | 2.290 |
|   6   | 40.518 | 57.966 | 65.976 | 21.735 | 2.314 |
|   7   | 40.518 | 57.960 | 65.976 | 21.773 | 2.340 |
|   8   | 40.503 | 57.971 | 66.012 | 21.728 | 2.304 |
|   9   | 40.347 | 57.754 | 65.906 | 21.648 | 2.301 |
|   10  | 40.508 | 58.031 | 65.986 | 21.670 | 2.292 |
|   11  | 40.785 | 58.228 | 66.228 | 21.804 | 2.311 |
|   12  | 40.750 | 58.197 | 66.168 | 21.844 | 2.343 |
|   13  | 40.725 | 58.071 | 66.072 | 21.778 | 2.323 |
|   14  | 40.815 | 58.253 | 66.173 | 21.811 | 2.311 |
|   15  | 40.871 | 58.288 | 66.203 | 21.875 | 2.333 |
|   16  | 40.840 | 58.243 | 66.264 | 21.880 | 2.332 |
|   17  | 40.765 | 58.263 | 66.208 | 21.799 | 2.311 |
|   18  | 40.901 | 58.318 | 66.405 | 21.931 | 2.347 |
|   19  | 40.810 | 58.167 | 66.193 | 21.862 | 2.351 |
|   20  | 41.042 | 58.439 | 66.314 | 21.881 | 2.309 |
|   21  | 41.002 | 58.394 | 66.354 | 21.883 | 2.314 |
|   22  | 40.956 | 58.278 | 66.274 | 21.885 | 2.336 |
|   23  | 40.800 | 58.202 | 66.198 | 21.841 | 2.324 |
+-------+--------+--------+--------+--------+-------+
     logs:  {'epo': 23, 'R1': np.float32(40.8), 'R5': np.float32(58.202), 'R10': np.float32(66.198), 'mAP': np.float32(21.841), 'mINP': np.float32(2.324), 'entropy': 0.14646366462111474, 'loss': 1.194612729549408, 'lr': 0.00024999999999999935}
     Epoch[24] Iteration[10/109], entropy: 0.0796, loss: 1.1489, lr: 6.78e-05
     Epoch[24] Iteration[20/109], entropy: 0.1929, loss: 1.2349, lr: 3.09e-05
     Epoch[24] Iteration[30/109], entropy: 0.1266, loss: 1.1991, lr: 2.97e-04
     Epoch[24] Iteration[40/109], entropy: 0.1994, loss: 1.2337, lr: 4.98e-04
     Epoch[24] Iteration[50/109], entropy: 0.0942, loss: 1.1384, lr: 3.56e-04
     Epoch[24] Iteration[60/109], entropy: 0.1555, loss: 1.1965, lr: 6.78e-05
     Epoch[24] Iteration[70/109], entropy: 0.1414, loss: 1.2051, lr: 3.09e-05
     Epoch[24] Iteration[80/109], entropy: 0.1603, loss: 1.2088, lr: 2.97e-04
     Epoch[24] Iteration[90/109], entropy: 0.1455, loss: 1.1661, lr: 4.98e-04
     Epoch[24] Iteration[100/109], entropy: 0.1058, loss: 1.1301, lr: 3.56e-04
     Averaged stats: entropy: 0.1508, loss: 1.2242, lr: 9.06e-05
     itm tta time 0:00:23
### TTA Eval Score: 
+-------+--------+--------+--------+--------+-------+
| epoch |   R1   |   R5   |  R10   |  mAP   |  mINP |
+-------+--------+--------+--------+--------+-------+
|  -999 | 37.304 | 55.557 | 63.548 | 20.140 | 2.213 |
|   0   | 39.168 | 56.948 | 64.944 | 21.015 | 2.259 |
|   1   | 39.666 | 57.351 | 65.306 | 21.340 | 2.298 |
|   2   | 39.843 | 57.522 | 65.447 | 21.347 | 2.249 |
|   3   | 40.014 | 57.442 | 65.503 | 21.442 | 2.282 |
|   4   | 40.175 | 57.724 | 65.714 | 21.575 | 2.281 |
|   5   | 40.326 | 57.865 | 65.830 | 21.632 | 2.290 |
|   6   | 40.518 | 57.966 | 65.976 | 21.735 | 2.314 |
|   7   | 40.518 | 57.960 | 65.976 | 21.773 | 2.340 |
|   8   | 40.503 | 57.971 | 66.012 | 21.728 | 2.304 |
|   9   | 40.347 | 57.754 | 65.906 | 21.648 | 2.301 |
|   10  | 40.508 | 58.031 | 65.986 | 21.670 | 2.292 |
|   11  | 40.785 | 58.228 | 66.228 | 21.804 | 2.311 |
|   12  | 40.750 | 58.197 | 66.168 | 21.844 | 2.343 |
|   13  | 40.725 | 58.071 | 66.072 | 21.778 | 2.323 |
|   14  | 40.815 | 58.253 | 66.173 | 21.811 | 2.311 |
|   15  | 40.871 | 58.288 | 66.203 | 21.875 | 2.333 |
|   16  | 40.840 | 58.243 | 66.264 | 21.880 | 2.332 |
|   17  | 40.765 | 58.263 | 66.208 | 21.799 | 2.311 |
|   18  | 40.901 | 58.318 | 66.405 | 21.931 | 2.347 |
|   19  | 40.810 | 58.167 | 66.193 | 21.862 | 2.351 |
|   20  | 41.042 | 58.439 | 66.314 | 21.881 | 2.309 |
|   21  | 41.002 | 58.394 | 66.354 | 21.883 | 2.314 |
|   22  | 40.956 | 58.278 | 66.274 | 21.885 | 2.336 |
|   23  | 40.800 | 58.202 | 66.198 | 21.841 | 2.324 |
|   24  | 40.876 | 58.293 | 66.294 | 21.841 | 2.306 |
+-------+--------+--------+--------+--------+-------+
     logs:  {'epo': 24, 'R1': np.float32(40.876), 'R5': np.float32(58.293), 'R10': np.float32(66.294), 'mAP': np.float32(21.841), 'mINP': np.float32(2.306), 'entropy': 0.14010758623480796, 'loss': 1.1861672043800353, 'lr': 0.0002499999999999992}
     Epoch[25] Iteration[10/109], entropy: 0.0329, loss: 1.1083, lr: 1.76e-05
     Epoch[25] Iteration[20/109], entropy: 0.1992, loss: 1.2509, lr: 2.66e-04
     Epoch[25] Iteration[30/109], entropy: 0.2161, loss: 1.2376, lr: 4.92e-04
     Epoch[25] Iteration[40/109], entropy: 0.0863, loss: 1.1452, lr: 3.84e-04
     Epoch[25] Iteration[50/109], entropy: 0.1454, loss: 1.1877, lr: 9.06e-05
     Epoch[25] Iteration[60/109], entropy: 0.1401, loss: 1.1970, lr: 1.76e-05
     Epoch[25] Iteration[70/109], entropy: 0.2186, loss: 1.2911, lr: 2.66e-04
     Epoch[25] Iteration[80/109], entropy: 0.1717, loss: 1.2465, lr: 4.92e-04
     Epoch[25] Iteration[90/109], entropy: 0.1324, loss: 1.1727, lr: 3.84e-04
     Epoch[25] Iteration[100/109], entropy: 0.0548, loss: 1.0695, lr: 9.06e-05
     Averaged stats: entropy: 0.0743, loss: 1.0916, lr: 7.85e-06
     itm tta time 0:00:23
### TTA Eval Score: 
+-------+--------+--------+--------+--------+-------+
| epoch |   R1   |   R5   |  R10   |  mAP   |  mINP |
+-------+--------+--------+--------+--------+-------+
|  -999 | 37.304 | 55.557 | 63.548 | 20.140 | 2.213 |
|   0   | 39.168 | 56.948 | 64.944 | 21.015 | 2.259 |
|   1   | 39.666 | 57.351 | 65.306 | 21.340 | 2.298 |
|   2   | 39.843 | 57.522 | 65.447 | 21.347 | 2.249 |
|   3   | 40.014 | 57.442 | 65.503 | 21.442 | 2.282 |
|   4   | 40.175 | 57.724 | 65.714 | 21.575 | 2.281 |
|   5   | 40.326 | 57.865 | 65.830 | 21.632 | 2.290 |
|   6   | 40.518 | 57.966 | 65.976 | 21.735 | 2.314 |
|   7   | 40.518 | 57.960 | 65.976 | 21.773 | 2.340 |
|   8   | 40.503 | 57.971 | 66.012 | 21.728 | 2.304 |
|   9   | 40.347 | 57.754 | 65.906 | 21.648 | 2.301 |
|   10  | 40.508 | 58.031 | 65.986 | 21.670 | 2.292 |
|   11  | 40.785 | 58.228 | 66.228 | 21.804 | 2.311 |
|   12  | 40.750 | 58.197 | 66.168 | 21.844 | 2.343 |
|   13  | 40.725 | 58.071 | 66.072 | 21.778 | 2.323 |
|   14  | 40.815 | 58.253 | 66.173 | 21.811 | 2.311 |
|   15  | 40.871 | 58.288 | 66.203 | 21.875 | 2.333 |
|   16  | 40.840 | 58.243 | 66.264 | 21.880 | 2.332 |
|   17  | 40.765 | 58.263 | 66.208 | 21.799 | 2.311 |
|   18  | 40.901 | 58.318 | 66.405 | 21.931 | 2.347 |
|   19  | 40.810 | 58.167 | 66.193 | 21.862 | 2.351 |
|   20  | 41.042 | 58.439 | 66.314 | 21.881 | 2.309 |
|   21  | 41.002 | 58.394 | 66.354 | 21.883 | 2.314 |
|   22  | 40.956 | 58.278 | 66.274 | 21.885 | 2.336 |
|   23  | 40.800 | 58.202 | 66.198 | 21.841 | 2.324 |
|   24  | 40.876 | 58.293 | 66.294 | 21.841 | 2.306 |
|   25  | 40.886 | 58.283 | 66.274 | 21.909 | 2.331 |
+-------+--------+--------+--------+--------+-------+
     logs:  {'epo': 25, 'R1': np.float32(40.886), 'R5': np.float32(58.283), 'R10': np.float32(66.274), 'mAP': np.float32(21.909), 'mINP': np.float32(2.331), 'entropy': 0.13973878398537637, 'loss': 1.1906548142433167, 'lr': 0.00025000000000000033}
     Epoch[26] Iteration[10/109], entropy: 0.0951, loss: 1.1259, lr: 2.34e-04
     Epoch[26] Iteration[20/109], entropy: 0.2185, loss: 1.2972, lr: 4.82e-04
     Epoch[26] Iteration[30/109], entropy: 0.2187, loss: 1.2409, lr: 4.09e-04
     Epoch[26] Iteration[40/109], entropy: 0.0651, loss: 1.1181, lr: 1.16e-04
     Epoch[26] Iteration[50/109], entropy: 0.1127, loss: 1.1610, lr: 7.85e-06
     Epoch[26] Iteration[60/109], entropy: 0.0943, loss: 1.1395, lr: 2.34e-04
     Epoch[26] Iteration[70/109], entropy: 0.2878, loss: 1.3018, lr: 4.82e-04
     Epoch[26] Iteration[80/109], entropy: 0.1268, loss: 1.2013, lr: 4.09e-04
     Epoch[26] Iteration[90/109], entropy: 0.0367, loss: 1.1106, lr: 1.16e-04
     Epoch[26] Iteration[100/109], entropy: 0.1868, loss: 1.2325, lr: 7.85e-06
     Averaged stats: entropy: 0.1488, loss: 1.2076, lr: 2.03e-04
     itm tta time 0:00:23
### TTA Eval Score: 
+-------+--------+--------+--------+--------+-------+
| epoch |   R1   |   R5   |  R10   |  mAP   |  mINP |
+-------+--------+--------+--------+--------+-------+
|  -999 | 37.304 | 55.557 | 63.548 | 20.140 | 2.213 |
|   0   | 39.168 | 56.948 | 64.944 | 21.015 | 2.259 |
|   1   | 39.666 | 57.351 | 65.306 | 21.340 | 2.298 |
|   2   | 39.843 | 57.522 | 65.447 | 21.347 | 2.249 |
|   3   | 40.014 | 57.442 | 65.503 | 21.442 | 2.282 |
|   4   | 40.175 | 57.724 | 65.714 | 21.575 | 2.281 |
|   5   | 40.326 | 57.865 | 65.830 | 21.632 | 2.290 |
|   6   | 40.518 | 57.966 | 65.976 | 21.735 | 2.314 |
|   7   | 40.518 | 57.960 | 65.976 | 21.773 | 2.340 |
|   8   | 40.503 | 57.971 | 66.012 | 21.728 | 2.304 |
|   9   | 40.347 | 57.754 | 65.906 | 21.648 | 2.301 |
|   10  | 40.508 | 58.031 | 65.986 | 21.670 | 2.292 |
|   11  | 40.785 | 58.228 | 66.228 | 21.804 | 2.311 |
|   12  | 40.750 | 58.197 | 66.168 | 21.844 | 2.343 |
|   13  | 40.725 | 58.071 | 66.072 | 21.778 | 2.323 |
|   14  | 40.815 | 58.253 | 66.173 | 21.811 | 2.311 |
|   15  | 40.871 | 58.288 | 66.203 | 21.875 | 2.333 |
|   16  | 40.840 | 58.243 | 66.264 | 21.880 | 2.332 |
|   17  | 40.765 | 58.263 | 66.208 | 21.799 | 2.311 |
|   18  | 40.901 | 58.318 | 66.405 | 21.931 | 2.347 |
|   19  | 40.810 | 58.167 | 66.193 | 21.862 | 2.351 |
|   20  | 41.042 | 58.439 | 66.314 | 21.881 | 2.309 |
|   21  | 41.002 | 58.394 | 66.354 | 21.883 | 2.314 |
|   22  | 40.956 | 58.278 | 66.274 | 21.885 | 2.336 |
|   23  | 40.800 | 58.202 | 66.198 | 21.841 | 2.324 |
|   24  | 40.876 | 58.293 | 66.294 | 21.841 | 2.306 |
|   25  | 40.886 | 58.283 | 66.274 | 21.909 | 2.331 |
|   26  | 40.981 | 58.313 | 66.339 | 21.838 | 2.291 |
+-------+--------+--------+--------+--------+-------+
     logs:  {'epo': 26, 'R1': np.float32(40.981), 'R5': np.float32(58.313), 'R10': np.float32(66.339), 'mAP': np.float32(21.838), 'mINP': np.float32(2.291), 'entropy': 0.1442442089319229, 'loss': 1.192887806892395, 'lr': 0.00024999999999999816}
     Epoch[27] Iteration[10/109], entropy: 0.1665, loss: 1.2290, lr: 4.69e-04
     Epoch[27] Iteration[20/109], entropy: 0.1347, loss: 1.1623, lr: 4.32e-04
     Epoch[27] Iteration[30/109], entropy: 0.1571, loss: 1.2074, lr: 1.44e-04
     Epoch[27] Iteration[40/109], entropy: 0.1964, loss: 1.2502, lr: 1.97e-06
     Epoch[27] Iteration[50/109], entropy: 0.2039, loss: 1.2270, lr: 2.03e-04
     Epoch[27] Iteration[60/109], entropy: 0.0895, loss: 1.1549, lr: 4.69e-04
     Epoch[27] Iteration[70/109], entropy: 0.1333, loss: 1.1739, lr: 4.32e-04
     Epoch[27] Iteration[80/109], entropy: 0.0854, loss: 1.1587, lr: 1.44e-04
     Epoch[27] Iteration[90/109], entropy: 0.2534, loss: 1.3045, lr: 1.97e-06
     Epoch[27] Iteration[100/109], entropy: 0.1935, loss: 1.2561, lr: 2.03e-04
     Averaged stats: entropy: 0.1508, loss: 1.2196, lr: 4.52e-04
     itm tta time 0:00:23
### TTA Eval Score: 
+-------+--------+--------+--------+--------+-------+
| epoch |   R1   |   R5   |  R10   |  mAP   |  mINP |
+-------+--------+--------+--------+--------+-------+
|  -999 | 37.304 | 55.557 | 63.548 | 20.140 | 2.213 |
|   0   | 39.168 | 56.948 | 64.944 | 21.015 | 2.259 |
|   1   | 39.666 | 57.351 | 65.306 | 21.340 | 2.298 |
|   2   | 39.843 | 57.522 | 65.447 | 21.347 | 2.249 |
|   3   | 40.014 | 57.442 | 65.503 | 21.442 | 2.282 |
|   4   | 40.175 | 57.724 | 65.714 | 21.575 | 2.281 |
|   5   | 40.326 | 57.865 | 65.830 | 21.632 | 2.290 |
|   6   | 40.518 | 57.966 | 65.976 | 21.735 | 2.314 |
|   7   | 40.518 | 57.960 | 65.976 | 21.773 | 2.340 |
|   8   | 40.503 | 57.971 | 66.012 | 21.728 | 2.304 |
|   9   | 40.347 | 57.754 | 65.906 | 21.648 | 2.301 |
|   10  | 40.508 | 58.031 | 65.986 | 21.670 | 2.292 |
|   11  | 40.785 | 58.228 | 66.228 | 21.804 | 2.311 |
|   12  | 40.750 | 58.197 | 66.168 | 21.844 | 2.343 |
|   13  | 40.725 | 58.071 | 66.072 | 21.778 | 2.323 |
|   14  | 40.815 | 58.253 | 66.173 | 21.811 | 2.311 |
|   15  | 40.871 | 58.288 | 66.203 | 21.875 | 2.333 |
|   16  | 40.840 | 58.243 | 66.264 | 21.880 | 2.332 |
|   17  | 40.765 | 58.263 | 66.208 | 21.799 | 2.311 |
|   18  | 40.901 | 58.318 | 66.405 | 21.931 | 2.347 |
|   19  | 40.810 | 58.167 | 66.193 | 21.862 | 2.351 |
|   20  | 41.042 | 58.439 | 66.314 | 21.881 | 2.309 |
|   21  | 41.002 | 58.394 | 66.354 | 21.883 | 2.314 |
|   22  | 40.956 | 58.278 | 66.274 | 21.885 | 2.336 |
|   23  | 40.800 | 58.202 | 66.198 | 21.841 | 2.324 |
|   24  | 40.876 | 58.293 | 66.294 | 21.841 | 2.306 |
|   25  | 40.886 | 58.283 | 66.274 | 21.909 | 2.331 |
|   26  | 40.981 | 58.313 | 66.339 | 21.838 | 2.291 |
|   27  | 41.057 | 58.318 | 66.218 | 21.824 | 2.284 |
+-------+--------+--------+--------+--------+-------+
     logs:  {'epo': 27, 'R1': np.float32(41.057), 'R5': np.float32(58.318), 'R10': np.float32(66.218), 'mAP': np.float32(21.824), 'mINP': np.float32(2.284), 'entropy': 0.16137272715568543, 'loss': 1.2123907327651977, 'lr': 0.0002500000000000001}
     Epoch[28] Iteration[10/109], entropy: 0.0883, loss: 1.1447, lr: 4.52e-04
     Epoch[28] Iteration[20/109], entropy: 0.3005, loss: 1.3442, lr: 1.73e-04
     Epoch[28] Iteration[30/109], entropy: 0.1029, loss: 1.1884, lr: 0.00e+00
     Epoch[28] Iteration[40/109], entropy: 0.1380, loss: 1.1912, lr: 1.73e-04
     Epoch[28] Iteration[50/109], entropy: 0.1012, loss: 1.1490, lr: 4.52e-04
     Epoch[28] Iteration[60/109], entropy: 0.2009, loss: 1.2430, lr: 4.52e-04
     Epoch[28] Iteration[70/109], entropy: 0.1851, loss: 1.2401, lr: 1.73e-04
     Epoch[28] Iteration[80/109], entropy: 0.1101, loss: 1.1984, lr: 0.00e+00
     Epoch[28] Iteration[90/109], entropy: 0.1892, loss: 1.2391, lr: 1.73e-04
     Epoch[28] Iteration[100/109], entropy: 0.1205, loss: 1.1765, lr: 4.52e-04
     Averaged stats: entropy: 0.1267, loss: 1.1800, lr: 4.69e-04
     itm tta time 0:00:22
### TTA Eval Score: 
+-------+--------+--------+--------+--------+-------+
| epoch |   R1   |   R5   |  R10   |  mAP   |  mINP |
+-------+--------+--------+--------+--------+-------+
|  -999 | 37.304 | 55.557 | 63.548 | 20.140 | 2.213 |
|   0   | 39.168 | 56.948 | 64.944 | 21.015 | 2.259 |
|   1   | 39.666 | 57.351 | 65.306 | 21.340 | 2.298 |
|   2   | 39.843 | 57.522 | 65.447 | 21.347 | 2.249 |
|   3   | 40.014 | 57.442 | 65.503 | 21.442 | 2.282 |
|   4   | 40.175 | 57.724 | 65.714 | 21.575 | 2.281 |
|   5   | 40.326 | 57.865 | 65.830 | 21.632 | 2.290 |
|   6   | 40.518 | 57.966 | 65.976 | 21.735 | 2.314 |
|   7   | 40.518 | 57.960 | 65.976 | 21.773 | 2.340 |
|   8   | 40.503 | 57.971 | 66.012 | 21.728 | 2.304 |
|   9   | 40.347 | 57.754 | 65.906 | 21.648 | 2.301 |
|   10  | 40.508 | 58.031 | 65.986 | 21.670 | 2.292 |
|   11  | 40.785 | 58.228 | 66.228 | 21.804 | 2.311 |
|   12  | 40.750 | 58.197 | 66.168 | 21.844 | 2.343 |
|   13  | 40.725 | 58.071 | 66.072 | 21.778 | 2.323 |
|   14  | 40.815 | 58.253 | 66.173 | 21.811 | 2.311 |
|   15  | 40.871 | 58.288 | 66.203 | 21.875 | 2.333 |
|   16  | 40.840 | 58.243 | 66.264 | 21.880 | 2.332 |
|   17  | 40.765 | 58.263 | 66.208 | 21.799 | 2.311 |
|   18  | 40.901 | 58.318 | 66.405 | 21.931 | 2.347 |
|   19  | 40.810 | 58.167 | 66.193 | 21.862 | 2.351 |
|   20  | 41.042 | 58.439 | 66.314 | 21.881 | 2.309 |
|   21  | 41.002 | 58.394 | 66.354 | 21.883 | 2.314 |
|   22  | 40.956 | 58.278 | 66.274 | 21.885 | 2.336 |
|   23  | 40.800 | 58.202 | 66.198 | 21.841 | 2.324 |
|   24  | 40.876 | 58.293 | 66.294 | 21.841 | 2.306 |
|   25  | 40.886 | 58.283 | 66.274 | 21.909 | 2.331 |
|   26  | 40.981 | 58.313 | 66.339 | 21.838 | 2.291 |
|   27  | 41.057 | 58.318 | 66.218 | 21.824 | 2.284 |
|   28  | 41.017 | 58.384 | 66.284 | 21.882 | 2.301 |
+-------+--------+--------+--------+--------+-------+
     logs:  {'epo': 28, 'R1': np.float32(41.017), 'R5': np.float32(58.384), 'R10': np.float32(66.284), 'mAP': np.float32(21.882), 'mINP': np.float32(2.301), 'entropy': 0.15367120057344436, 'loss': 1.2114617943763732, 'lr': 0.000250000000000002}
     Epoch[29] Iteration[10/109], entropy: 0.2044, loss: 1.2356, lr: 2.03e-04
     Epoch[29] Iteration[20/109], entropy: 0.2581, loss: 1.3134, lr: 1.97e-06
     Epoch[29] Iteration[30/109], entropy: 0.2159, loss: 1.2498, lr: 1.44e-04
     Epoch[29] Iteration[40/109], entropy: 0.1578, loss: 1.2464, lr: 4.32e-04
     Epoch[29] Iteration[50/109], entropy: 0.2618, loss: 1.2940, lr: 4.69e-04
     Epoch[29] Iteration[60/109], entropy: 0.2651, loss: 1.3491, lr: 2.03e-04
     Epoch[29] Iteration[70/109], entropy: 0.2054, loss: 1.2351, lr: 1.97e-06
     Epoch[29] Iteration[80/109], entropy: 0.1121, loss: 1.1425, lr: 1.44e-04
     Epoch[29] Iteration[90/109], entropy: 0.1466, loss: 1.1878, lr: 4.32e-04
     Epoch[29] Iteration[100/109], entropy: 0.1388, loss: 1.1608, lr: 4.69e-04
     Averaged stats: entropy: 0.1035, loss: 1.1400, lr: 2.34e-04
     itm tta time 0:00:23
### TTA Eval Score: 
+-------+--------+--------+--------+--------+-------+
| epoch |   R1   |   R5   |  R10   |  mAP   |  mINP |
+-------+--------+--------+--------+--------+-------+
|  -999 | 37.304 | 55.557 | 63.548 | 20.140 | 2.213 |
|   0   | 39.168 | 56.948 | 64.944 | 21.015 | 2.259 |
|   1   | 39.666 | 57.351 | 65.306 | 21.340 | 2.298 |
|   2   | 39.843 | 57.522 | 65.447 | 21.347 | 2.249 |
|   3   | 40.014 | 57.442 | 65.503 | 21.442 | 2.282 |
|   4   | 40.175 | 57.724 | 65.714 | 21.575 | 2.281 |
|   5   | 40.326 | 57.865 | 65.830 | 21.632 | 2.290 |
|   6   | 40.518 | 57.966 | 65.976 | 21.735 | 2.314 |
|   7   | 40.518 | 57.960 | 65.976 | 21.773 | 2.340 |
|   8   | 40.503 | 57.971 | 66.012 | 21.728 | 2.304 |
|   9   | 40.347 | 57.754 | 65.906 | 21.648 | 2.301 |
|   10  | 40.508 | 58.031 | 65.986 | 21.670 | 2.292 |
|   11  | 40.785 | 58.228 | 66.228 | 21.804 | 2.311 |
|   12  | 40.750 | 58.197 | 66.168 | 21.844 | 2.343 |
|   13  | 40.725 | 58.071 | 66.072 | 21.778 | 2.323 |
|   14  | 40.815 | 58.253 | 66.173 | 21.811 | 2.311 |
|   15  | 40.871 | 58.288 | 66.203 | 21.875 | 2.333 |
|   16  | 40.840 | 58.243 | 66.264 | 21.880 | 2.332 |
|   17  | 40.765 | 58.263 | 66.208 | 21.799 | 2.311 |
|   18  | 40.901 | 58.318 | 66.405 | 21.931 | 2.347 |
|   19  | 40.810 | 58.167 | 66.193 | 21.862 | 2.351 |
|   20  | 41.042 | 58.439 | 66.314 | 21.881 | 2.309 |
|   21  | 41.002 | 58.394 | 66.354 | 21.883 | 2.314 |
|   22  | 40.956 | 58.278 | 66.274 | 21.885 | 2.336 |
|   23  | 40.800 | 58.202 | 66.198 | 21.841 | 2.324 |
|   24  | 40.876 | 58.293 | 66.294 | 21.841 | 2.306 |
|   25  | 40.886 | 58.283 | 66.274 | 21.909 | 2.331 |
|   26  | 40.981 | 58.313 | 66.339 | 21.838 | 2.291 |
|   27  | 41.057 | 58.318 | 66.218 | 21.824 | 2.284 |
|   28  | 41.017 | 58.384 | 66.284 | 21.882 | 2.301 |
|   29  | 40.931 | 58.379 | 66.259 | 21.953 | 2.358 |
+-------+--------+--------+--------+--------+-------+
     logs:  {'epo': 29, 'R1': np.float32(40.931), 'R5': np.float32(58.379), 'R10': np.float32(66.259), 'mAP': np.float32(21.953), 'mINP': np.float32(2.358), 'entropy': 0.1966111332178116, 'loss': 1.241458535194397, 'lr': 0.00025000000000000104}
### best epoch 27 : {'epo': '27', 'R1': '41.057', 'R5': '58.318', 'R10': '66.218', 'mAP': '21.824', 'mINP': '2.284', 'entropy': '0.16137272715568543', 'loss': '1.2123907327651977', 'lr': '0.0002500000000000001'}
### Time 0:44:58
