Not using distributed mode
### Hyper-parameters:
     output_dir: output/ham_cuhk_tta_finetuned/exp0.1.3/2025090122572
     seed: 42
     device: cuda
     batch_size_tta: 32
     epochs: 30
     lr: 0.0005
### Creating test dataset
     test_txt_set: 6156    test_img_set: 3074
     test_txt_loader: 13    test_img_loader: 7
### Creating model
Training Model with ['sdm', 'id', 'mlm'] tasks
Resized position embedding from size:torch.Size([1, 197, 768]) to size: torch.Size([1, 193, 768]) with height:24 width: 8
     Total Params Sum:  194535419
### Zero-Shot Score: 
/data2/jiahao/task/IRRA/tta.py:261: FutureWarning: `torch.cuda.amp.GradScaler(args...)` is deprecated. Please use `torch.amp.GradScaler('cuda', args...)` instead.
  scaler = GradScaler()  # bf16
+-------+--------+--------+--------+--------+--------+
| epoch |   R1   |   R5   |  R10   |  mAP   |  mINP  |
+-------+--------+--------+--------+--------+--------+
|  -999 | 77.680 | 91.407 | 94.883 | 69.300 | 53.366 |
+-------+--------+--------+--------+--------+--------+
### TTA:
### Compute Cos Similarity Uncertainty
     preprocess_tta_coefficients  start
     sample selection ...
     number of sample after sample_selection: 6156
     uncertainty ...
     preprocess_tta_coefficients  end
### Creating TTA dataset
     tta_dataset: 6156
### Creating tta dataloader
### be careful: func create_loader returns a list length of 1
     tta_loader: 192
### Configure adapted weights
     TTA Dropout Modules: 
 []
     TTA Require Gradient Params: 
 [('base_model.transformer.resblocks.0.ln_1.weight', torch.Size([512])), ('base_model.transformer.resblocks.0.ln_1.bias', torch.Size([512])), ('base_model.transformer.resblocks.0.ln_2.weight', torch.Size([512])), ('base_model.transformer.resblocks.0.ln_2.bias', torch.Size([512])), ('base_model.transformer.resblocks.1.ln_1.weight', torch.Size([512])), ('base_model.transformer.resblocks.1.ln_1.bias', torch.Size([512])), ('base_model.transformer.resblocks.1.ln_2.weight', torch.Size([512])), ('base_model.transformer.resblocks.1.ln_2.bias', torch.Size([512])), ('base_model.transformer.resblocks.2.ln_1.weight', torch.Size([512])), ('base_model.transformer.resblocks.2.ln_1.bias', torch.Size([512])), ('base_model.transformer.resblocks.2.ln_2.weight', torch.Size([512])), ('base_model.transformer.resblocks.2.ln_2.bias', torch.Size([512])), ('base_model.transformer.resblocks.3.ln_1.weight', torch.Size([512])), ('base_model.transformer.resblocks.3.ln_1.bias', torch.Size([512])), ('base_model.transformer.resblocks.3.ln_2.weight', torch.Size([512])), ('base_model.transformer.resblocks.3.ln_2.bias', torch.Size([512])), ('base_model.transformer.resblocks.4.ln_1.weight', torch.Size([512])), ('base_model.transformer.resblocks.4.ln_1.bias', torch.Size([512])), ('base_model.transformer.resblocks.4.ln_2.weight', torch.Size([512])), ('base_model.transformer.resblocks.4.ln_2.bias', torch.Size([512])), ('base_model.transformer.resblocks.5.ln_1.weight', torch.Size([512])), ('base_model.transformer.resblocks.5.ln_1.bias', torch.Size([512])), ('base_model.transformer.resblocks.5.ln_2.weight', torch.Size([512])), ('base_model.transformer.resblocks.5.ln_2.bias', torch.Size([512])), ('base_model.transformer.resblocks.6.ln_1.weight', torch.Size([512])), ('base_model.transformer.resblocks.6.ln_1.bias', torch.Size([512])), ('base_model.transformer.resblocks.6.ln_2.weight', torch.Size([512])), ('base_model.transformer.resblocks.6.ln_2.bias', torch.Size([512])), ('base_model.transformer.resblocks.7.ln_1.weight', torch.Size([512])), ('base_model.transformer.resblocks.7.ln_1.bias', torch.Size([512])), ('base_model.transformer.resblocks.7.ln_2.weight', torch.Size([512])), ('base_model.transformer.resblocks.7.ln_2.bias', torch.Size([512])), ('base_model.transformer.resblocks.8.ln_1.weight', torch.Size([512])), ('base_model.transformer.resblocks.8.ln_1.bias', torch.Size([512])), ('base_model.transformer.resblocks.8.ln_2.weight', torch.Size([512])), ('base_model.transformer.resblocks.8.ln_2.bias', torch.Size([512])), ('base_model.transformer.resblocks.9.ln_1.weight', torch.Size([512])), ('base_model.transformer.resblocks.9.ln_1.bias', torch.Size([512])), ('base_model.transformer.resblocks.9.ln_2.weight', torch.Size([512])), ('base_model.transformer.resblocks.9.ln_2.bias', torch.Size([512])), ('base_model.transformer.resblocks.10.ln_1.weight', torch.Size([512])), ('base_model.transformer.resblocks.10.ln_1.bias', torch.Size([512])), ('base_model.transformer.resblocks.10.ln_2.weight', torch.Size([512])), ('base_model.transformer.resblocks.10.ln_2.bias', torch.Size([512])), ('base_model.transformer.resblocks.11.ln_1.weight', torch.Size([512])), ('base_model.transformer.resblocks.11.ln_1.bias', torch.Size([512])), ('base_model.transformer.resblocks.11.ln_2.weight', torch.Size([512])), ('base_model.transformer.resblocks.11.ln_2.bias', torch.Size([512])), ('base_model.ln_final.weight', torch.Size([512])), ('base_model.ln_final.bias', torch.Size([512]))]
     TTA Dropout Modules Number: 
 0
     TTA Require Gradient Params Sum: 
 25600
Using 5.0 times learning rate for random init module 
### Start Test Time Adaptation
/data2/jiahao/task/IRRA/tta.py:65: FutureWarning: `torch.cuda.amp.autocast(args...)` is deprecated. Please use `torch.amp.autocast('cuda', args...)` instead.
  with torch.cuda.amp.autocast(enabled=True):
     Epoch[0] Iteration[10/192], entropy: 0.8050, loss: 0.8050, lr: 4.52e-04
     Epoch[0] Iteration[20/192], entropy: 0.7583, loss: 0.7583, lr: 1.73e-04
     Epoch[0] Iteration[30/192], entropy: 0.8173, loss: 0.8173, lr: 0.00e+00
     Epoch[0] Iteration[40/192], entropy: 0.7125, loss: 0.7125, lr: 1.73e-04
     Epoch[0] Iteration[50/192], entropy: 0.6579, loss: 0.6579, lr: 4.52e-04
     Epoch[0] Iteration[60/192], entropy: 0.8763, loss: 0.8763, lr: 4.52e-04
     Epoch[0] Iteration[70/192], entropy: 0.8150, loss: 0.8150, lr: 1.73e-04
     Epoch[0] Iteration[80/192], entropy: 0.6822, loss: 0.6822, lr: 0.00e+00
     Epoch[0] Iteration[90/192], entropy: 0.6934, loss: 0.6934, lr: 1.73e-04
     Epoch[0] Iteration[100/192], entropy: 0.7551, loss: 0.7551, lr: 4.52e-04
     Epoch[0] Iteration[110/192], entropy: 0.7985, loss: 0.7985, lr: 4.52e-04
     Epoch[0] Iteration[120/192], entropy: 0.8435, loss: 0.8435, lr: 1.73e-04
     Epoch[0] Iteration[130/192], entropy: 0.7215, loss: 0.7215, lr: 0.00e+00
     Epoch[0] Iteration[140/192], entropy: 0.7174, loss: 0.7174, lr: 1.73e-04
     Epoch[0] Iteration[150/192], entropy: 0.6813, loss: 0.6813, lr: 4.52e-04
     Epoch[0] Iteration[160/192], entropy: 0.7926, loss: 0.7926, lr: 4.52e-04
     Epoch[0] Iteration[170/192], entropy: 0.7066, loss: 0.7066, lr: 1.73e-04
     Epoch[0] Iteration[180/192], entropy: 0.6294, loss: 0.6294, lr: 0.00e+00
     Epoch[0] Iteration[190/192], entropy: 0.7083, loss: 0.7083, lr: 1.73e-04
     Averaged stats: entropy: 0.6607, loss: 0.6607, lr: 2.34e-04
     itm tta time 0:00:22
### TTA Eval Score: 
+-------+--------+--------+--------+--------+--------+
| epoch |   R1   |   R5   |  R10   |  mAP   |  mINP  |
+-------+--------+--------+--------+--------+--------+
|  -999 | 77.680 | 91.407 | 94.883 | 69.300 | 53.366 |
|   0   | 75.422 | 90.692 | 94.574 | 67.542 | 51.443 |
+-------+--------+--------+--------+--------+--------+
     logs:  {'epo': 0, 'R1': 75.422, 'R5': 90.692, 'R10': 94.574, 'mAP': 67.542, 'mINP': 51.443, 'entropy': 0.7458874551873458, 'loss': 0.7458874551873458, 'lr': 0.00023935503954769803}
     Epoch[1] Iteration[10/192], entropy: 0.6014, loss: 0.6014, lr: 4.82e-04
     Epoch[1] Iteration[20/192], entropy: 0.5235, loss: 0.5235, lr: 4.09e-04
     Epoch[1] Iteration[30/192], entropy: 0.6709, loss: 0.6709, lr: 1.16e-04
     Epoch[1] Iteration[40/192], entropy: 0.6339, loss: 0.6339, lr: 7.85e-06
     Epoch[1] Iteration[50/192], entropy: 0.5428, loss: 0.5428, lr: 2.34e-04
     Epoch[1] Iteration[60/192], entropy: 0.6135, loss: 0.6135, lr: 4.82e-04
     Epoch[1] Iteration[70/192], entropy: 0.7384, loss: 0.7384, lr: 4.09e-04
     Epoch[1] Iteration[80/192], entropy: 0.6582, loss: 0.6582, lr: 1.16e-04
     Epoch[1] Iteration[90/192], entropy: 0.4930, loss: 0.4930, lr: 7.85e-06
     Epoch[1] Iteration[100/192], entropy: 0.6730, loss: 0.6730, lr: 2.34e-04
     Epoch[1] Iteration[110/192], entropy: 0.5711, loss: 0.5711, lr: 4.82e-04
     Epoch[1] Iteration[120/192], entropy: 0.6026, loss: 0.6026, lr: 4.09e-04
     Epoch[1] Iteration[130/192], entropy: 0.8029, loss: 0.8029, lr: 1.16e-04
     Epoch[1] Iteration[140/192], entropy: 0.6358, loss: 0.6358, lr: 7.85e-06
     Epoch[1] Iteration[150/192], entropy: 0.6323, loss: 0.6323, lr: 2.34e-04
     Epoch[1] Iteration[160/192], entropy: 0.6087, loss: 0.6087, lr: 4.82e-04
     Epoch[1] Iteration[170/192], entropy: 0.5149, loss: 0.5149, lr: 4.09e-04
     Epoch[1] Iteration[180/192], entropy: 0.6939, loss: 0.6939, lr: 1.16e-04
     Epoch[1] Iteration[190/192], entropy: 0.6157, loss: 0.6157, lr: 7.85e-06
     Averaged stats: entropy: 0.6813, loss: 0.6813, lr: 3.09e-05
     itm tta time 0:00:21
### TTA Eval Score: 
+-------+--------+--------+--------+--------+--------+
| epoch |   R1   |   R5   |  R10   |  mAP   |  mINP  |
+-------+--------+--------+--------+--------+--------+
|  -999 | 77.680 | 91.407 | 94.883 | 69.300 | 53.366 |
|   0   | 75.422 | 90.692 | 94.574 | 67.542 | 51.443 |
|   1   | 63.694 | 84.032 | 89.864 | 57.319 | 41.117 |
+-------+--------+--------+--------+--------+--------+
     logs:  {'epo': 1, 'R1': 63.694, 'R5': 84.032, 'R10': 89.864, 'mAP': 57.319, 'mINP': 41.117, 'entropy': 0.6224454217835477, 'loss': 0.6224454217835477, 'lr': 0.00025082619104643854}
     Epoch[2] Iteration[10/192], entropy: 0.5271, loss: 0.5271, lr: 2.97e-04
     Epoch[2] Iteration[20/192], entropy: 0.6598, loss: 0.6598, lr: 4.98e-04
     Epoch[2] Iteration[30/192], entropy: 0.4985, loss: 0.4985, lr: 3.56e-04
     Epoch[2] Iteration[40/192], entropy: 0.5085, loss: 0.5085, lr: 6.78e-05
     Epoch[2] Iteration[50/192], entropy: 0.6114, loss: 0.6114, lr: 3.09e-05
     Epoch[2] Iteration[60/192], entropy: 0.5866, loss: 0.5866, lr: 2.97e-04
     Epoch[2] Iteration[70/192], entropy: 0.5383, loss: 0.5383, lr: 4.98e-04
     Epoch[2] Iteration[80/192], entropy: 0.4485, loss: 0.4485, lr: 3.56e-04
     Epoch[2] Iteration[90/192], entropy: 0.6519, loss: 0.6519, lr: 6.78e-05
     Epoch[2] Iteration[100/192], entropy: 0.5248, loss: 0.5248, lr: 3.09e-05
     Epoch[2] Iteration[110/192], entropy: 0.4913, loss: 0.4913, lr: 2.97e-04
     Epoch[2] Iteration[120/192], entropy: 0.5384, loss: 0.5384, lr: 4.98e-04
     Epoch[2] Iteration[130/192], entropy: 0.4650, loss: 0.4650, lr: 3.56e-04
     Epoch[2] Iteration[140/192], entropy: 0.5057, loss: 0.5057, lr: 6.78e-05
     Epoch[2] Iteration[150/192], entropy: 0.5835, loss: 0.5835, lr: 3.09e-05
     Epoch[2] Iteration[160/192], entropy: 0.5924, loss: 0.5924, lr: 2.97e-04
     Epoch[2] Iteration[170/192], entropy: 0.4274, loss: 0.4274, lr: 4.98e-04
     Epoch[2] Iteration[180/192], entropy: 0.5159, loss: 0.5159, lr: 3.56e-04
     Epoch[2] Iteration[190/192], entropy: 0.5898, loss: 0.5898, lr: 6.78e-05
     Averaged stats: entropy: 0.5504, loss: 0.5504, lr: 3.09e-05
     itm tta time 0:00:22
### TTA Eval Score: 
+-------+--------+--------+--------+--------+--------+
| epoch |   R1   |   R5   |  R10   |  mAP   |  mINP  |
+-------+--------+--------+--------+--------+--------+
|  -999 | 77.680 | 91.407 | 94.883 | 69.300 | 53.366 |
|   0   | 75.422 | 90.692 | 94.574 | 67.542 | 51.443 |
|   1   | 63.694 | 84.032 | 89.864 | 57.319 | 41.117 |
|   2   | 44.071 | 68.194 | 77.729 | 40.579 | 26.448 |
+-------+--------+--------+--------+--------+--------+
     logs:  {'epo': 2, 'R1': 44.071, 'R5': 68.194, 'R10': 77.729, 'mAP': 40.579, 'mINP': 26.448, 'entropy': 0.5402562461401287, 'loss': 0.5402562461401287, 'lr': 0.00026153035105320837}
     Epoch[3] Iteration[10/192], entropy: 0.5500, loss: 0.5500, lr: 6.78e-05
     Epoch[3] Iteration[20/192], entropy: 0.5809, loss: 0.5809, lr: 3.56e-04
     Epoch[3] Iteration[30/192], entropy: 0.5139, loss: 0.5139, lr: 4.98e-04
     Epoch[3] Iteration[40/192], entropy: 0.6083, loss: 0.6083, lr: 2.97e-04
     Epoch[3] Iteration[50/192], entropy: 0.6227, loss: 0.6227, lr: 3.09e-05
     Epoch[3] Iteration[60/192], entropy: 0.6391, loss: 0.6391, lr: 6.78e-05
     Epoch[3] Iteration[70/192], entropy: 0.5468, loss: 0.5468, lr: 3.56e-04
     Epoch[3] Iteration[80/192], entropy: 0.4803, loss: 0.4803, lr: 4.98e-04
     Epoch[3] Iteration[90/192], entropy: 0.5234, loss: 0.5234, lr: 2.97e-04
     Epoch[3] Iteration[100/192], entropy: 0.5220, loss: 0.5220, lr: 3.09e-05
     Epoch[3] Iteration[110/192], entropy: 0.4615, loss: 0.4615, lr: 6.78e-05
     Epoch[3] Iteration[120/192], entropy: 0.5244, loss: 0.5244, lr: 3.56e-04
     Epoch[3] Iteration[130/192], entropy: 0.4718, loss: 0.4718, lr: 4.98e-04
     Epoch[3] Iteration[140/192], entropy: 0.4709, loss: 0.4709, lr: 2.97e-04
     Epoch[3] Iteration[150/192], entropy: 0.5247, loss: 0.5247, lr: 3.09e-05
     Epoch[3] Iteration[160/192], entropy: 0.6308, loss: 0.6308, lr: 6.78e-05
     Epoch[3] Iteration[170/192], entropy: 0.5682, loss: 0.5682, lr: 3.56e-04
     Epoch[3] Iteration[180/192], entropy: 0.5181, loss: 0.5181, lr: 4.98e-04
     Epoch[3] Iteration[190/192], entropy: 0.5675, loss: 0.5675, lr: 2.97e-04
     Averaged stats: entropy: 0.5417, loss: 0.5417, lr: 2.34e-04
     itm tta time 0:00:21
### TTA Eval Score: 
+-------+--------+--------+--------+--------+--------+
| epoch |   R1   |   R5   |  R10   |  mAP   |  mINP  |
+-------+--------+--------+--------+--------+--------+
|  -999 | 77.680 | 91.407 | 94.883 | 69.300 | 53.366 |
|   0   | 75.422 | 90.692 | 94.574 | 67.542 | 51.443 |
|   1   | 63.694 | 84.032 | 89.864 | 57.319 | 41.117 |
|   2   | 44.071 | 68.194 | 77.729 | 40.579 | 26.448 |
|   3   | 26.283 | 50.097 | 61.306 | 25.983 | 15.186 |
+-------+--------+--------+--------+--------+--------+
     logs:  {'epo': 3, 'R1': 26.283, 'R5': 50.097, 'R10': 61.306, 'mAP': 25.983, 'mINP': 15.186, 'entropy': 0.5434407654561495, 'loss': 0.5434407654561495, 'lr': 0.00026153035105320853}
     Epoch[4] Iteration[10/192], entropy: 0.5333, loss: 0.5333, lr: 7.85e-06
     Epoch[4] Iteration[20/192], entropy: 0.5503, loss: 0.5503, lr: 1.16e-04
     Epoch[4] Iteration[30/192], entropy: 0.6170, loss: 0.6170, lr: 4.09e-04
     Epoch[4] Iteration[40/192], entropy: 0.4757, loss: 0.4757, lr: 4.82e-04
     Epoch[4] Iteration[50/192], entropy: 0.3801, loss: 0.3801, lr: 2.34e-04
     Epoch[4] Iteration[60/192], entropy: 0.4889, loss: 0.4889, lr: 7.85e-06
     Epoch[4] Iteration[70/192], entropy: 0.5291, loss: 0.5291, lr: 1.16e-04
     Epoch[4] Iteration[80/192], entropy: 0.5375, loss: 0.5375, lr: 4.09e-04
     Epoch[4] Iteration[90/192], entropy: 0.4755, loss: 0.4755, lr: 4.82e-04
     Epoch[4] Iteration[100/192], entropy: 0.5313, loss: 0.5313, lr: 2.34e-04
     Epoch[4] Iteration[110/192], entropy: 0.4570, loss: 0.4570, lr: 7.85e-06
     Epoch[4] Iteration[120/192], entropy: 0.6423, loss: 0.6423, lr: 1.16e-04
     Epoch[4] Iteration[130/192], entropy: 0.5685, loss: 0.5685, lr: 4.09e-04
     Epoch[4] Iteration[140/192], entropy: 0.4272, loss: 0.4272, lr: 4.82e-04
     Epoch[4] Iteration[150/192], entropy: 0.5155, loss: 0.5155, lr: 2.34e-04
     Epoch[4] Iteration[160/192], entropy: 0.4956, loss: 0.4956, lr: 7.85e-06
     Epoch[4] Iteration[170/192], entropy: 0.4693, loss: 0.4693, lr: 1.16e-04
     Epoch[4] Iteration[180/192], entropy: 0.5059, loss: 0.5059, lr: 4.09e-04
     Epoch[4] Iteration[190/192], entropy: 0.5043, loss: 0.5043, lr: 4.82e-04
     Averaged stats: entropy: 0.4356, loss: 0.4356, lr: 4.52e-04
     itm tta time 0:00:21
### TTA Eval Score: 
+-------+--------+--------+--------+--------+--------+
| epoch |   R1   |   R5   |  R10   |  mAP   |  mINP  |
+-------+--------+--------+--------+--------+--------+
|  -999 | 77.680 | 91.407 | 94.883 | 69.300 | 53.366 |
|   0   | 75.422 | 90.692 | 94.574 | 67.542 | 51.443 |
|   1   | 63.694 | 84.032 | 89.864 | 57.319 | 41.117 |
|   2   | 44.071 | 68.194 | 77.729 | 40.579 | 26.448 |
|   3   | 26.283 | 50.097 | 61.306 | 25.983 | 15.186 |
|   4   | 15.627 | 35.153 | 46.313 | 16.548 | 8.901  |
+-------+--------+--------+--------+--------+--------+
     logs:  {'epo': 4, 'R1': 15.627, 'R5': 35.153, 'R10': 46.313, 'mAP': 16.548, 'mINP': 8.901, 'entropy': 0.5107553883602745, 'loss': 0.5107553883602745, 'lr': 0.0002508261910464378}
     Epoch[5] Iteration[10/192], entropy: 0.6303, loss: 0.6303, lr: 1.73e-04
     Epoch[5] Iteration[20/192], entropy: 0.4781, loss: 0.4781, lr: 0.00e+00
     Epoch[5] Iteration[30/192], entropy: 0.5198, loss: 0.5198, lr: 1.73e-04
     Epoch[5] Iteration[40/192], entropy: 0.4702, loss: 0.4702, lr: 4.52e-04
     Epoch[5] Iteration[50/192], entropy: 0.4641, loss: 0.4641, lr: 4.52e-04
     Epoch[5] Iteration[60/192], entropy: 0.5474, loss: 0.5474, lr: 1.73e-04
     Epoch[5] Iteration[70/192], entropy: 0.4369, loss: 0.4369, lr: 0.00e+00
     Epoch[5] Iteration[80/192], entropy: 0.5193, loss: 0.5193, lr: 1.73e-04
     Epoch[5] Iteration[90/192], entropy: 0.5539, loss: 0.5539, lr: 4.52e-04
     Epoch[5] Iteration[100/192], entropy: 0.4633, loss: 0.4633, lr: 4.52e-04
     Epoch[5] Iteration[110/192], entropy: 0.4143, loss: 0.4143, lr: 1.73e-04
     Epoch[5] Iteration[120/192], entropy: 0.3698, loss: 0.3698, lr: 0.00e+00
     Epoch[5] Iteration[130/192], entropy: 0.4232, loss: 0.4232, lr: 1.73e-04
     Epoch[5] Iteration[140/192], entropy: 0.4619, loss: 0.4619, lr: 4.52e-04
     Epoch[5] Iteration[150/192], entropy: 0.5184, loss: 0.5184, lr: 4.52e-04
     Epoch[5] Iteration[160/192], entropy: 0.3338, loss: 0.3338, lr: 1.73e-04
     Epoch[5] Iteration[170/192], entropy: 0.5778, loss: 0.5778, lr: 0.00e+00
     Epoch[5] Iteration[180/192], entropy: 0.3734, loss: 0.3734, lr: 1.73e-04
     Epoch[5] Iteration[190/192], entropy: 0.5613, loss: 0.5613, lr: 4.52e-04
     Averaged stats: entropy: 0.5039, loss: 0.5039, lr: 4.82e-04
     itm tta time 0:00:20
### TTA Eval Score: 
+-------+--------+--------+--------+--------+--------+
| epoch |   R1   |   R5   |  R10   |  mAP   |  mINP  |
+-------+--------+--------+--------+--------+--------+
|  -999 | 77.680 | 91.407 | 94.883 | 69.300 | 53.366 |
|   0   | 75.422 | 90.692 | 94.574 | 67.542 | 51.443 |
|   1   | 63.694 | 84.032 | 89.864 | 57.319 | 41.117 |
|   2   | 44.071 | 68.194 | 77.729 | 40.579 | 26.448 |
|   3   | 26.283 | 50.097 | 61.306 | 25.983 | 15.186 |
|   4   | 15.627 | 35.153 | 46.313 | 16.548 | 8.901  |
|   5   | 9.454  | 24.204 | 34.324 | 10.827 | 5.392  |
+-------+--------+--------+--------+--------+--------+
     logs:  {'epo': 5, 'R1': 9.454, 'R5': 24.204, 'R10': 34.324, 'mAP': 10.827, 'mINP': 5.392, 'entropy': 0.47985906193130895, 'loss': 0.47985906193130895, 'lr': 0.00023935503954769684}
     Epoch[6] Iteration[10/192], entropy: 0.3888, loss: 0.3888, lr: 4.09e-04
     Epoch[6] Iteration[20/192], entropy: 0.3797, loss: 0.3797, lr: 1.16e-04
     Epoch[6] Iteration[30/192], entropy: 0.5119, loss: 0.5119, lr: 7.85e-06
     Epoch[6] Iteration[40/192], entropy: 0.4794, loss: 0.4794, lr: 2.34e-04
     Epoch[6] Iteration[50/192], entropy: 0.4292, loss: 0.4292, lr: 4.82e-04
     Epoch[6] Iteration[60/192], entropy: 0.4540, loss: 0.4540, lr: 4.09e-04
     Epoch[6] Iteration[70/192], entropy: 0.4267, loss: 0.4267, lr: 1.16e-04
     Epoch[6] Iteration[80/192], entropy: 0.4566, loss: 0.4566, lr: 7.85e-06
     Epoch[6] Iteration[90/192], entropy: 0.4411, loss: 0.4411, lr: 2.34e-04
     Epoch[6] Iteration[100/192], entropy: 0.3173, loss: 0.3173, lr: 4.82e-04
     Epoch[6] Iteration[110/192], entropy: 0.6429, loss: 0.6429, lr: 4.09e-04
     Epoch[6] Iteration[120/192], entropy: 0.4692, loss: 0.4692, lr: 1.16e-04
     Epoch[6] Iteration[130/192], entropy: 0.4852, loss: 0.4852, lr: 7.85e-06
     Epoch[6] Iteration[140/192], entropy: 0.4217, loss: 0.4217, lr: 2.34e-04
     Epoch[6] Iteration[150/192], entropy: 0.4814, loss: 0.4814, lr: 4.82e-04
     Epoch[6] Iteration[160/192], entropy: 0.4111, loss: 0.4111, lr: 4.09e-04
     Epoch[6] Iteration[170/192], entropy: 0.4508, loss: 0.4508, lr: 1.16e-04
     Epoch[6] Iteration[180/192], entropy: 0.6616, loss: 0.6616, lr: 7.85e-06
     Epoch[6] Iteration[190/192], entropy: 0.6303, loss: 0.6303, lr: 2.34e-04
     Averaged stats: entropy: 0.4051, loss: 0.4051, lr: 2.97e-04
     itm tta time 0:00:21
### TTA Eval Score: 
+-------+--------+--------+--------+--------+--------+
| epoch |   R1   |   R5   |  R10   |  mAP   |  mINP  |
+-------+--------+--------+--------+--------+--------+
|  -999 | 77.680 | 91.407 | 94.883 | 69.300 | 53.366 |
|   0   | 75.422 | 90.692 | 94.574 | 67.542 | 51.443 |
|   1   | 63.694 | 84.032 | 89.864 | 57.319 | 41.117 |
|   2   | 44.071 | 68.194 | 77.729 | 40.579 | 26.448 |
|   3   | 26.283 | 50.097 | 61.306 | 25.983 | 15.186 |
|   4   | 15.627 | 35.153 | 46.313 | 16.548 | 8.901  |
|   5   | 9.454  | 24.204 | 34.324 | 10.827 | 5.392  |
|   6   | 6.335  | 18.291 | 26.413 | 7.829  | 3.769  |
+-------+--------+--------+--------+--------+--------+
     logs:  {'epo': 6, 'R1': 6.335, 'R5': 18.291, 'R10': 26.413, 'mAP': 7.829, 'mINP': 3.769, 'entropy': 0.47047535682979386, 'loss': 0.47047535682979386, 'lr': 0.00023776609886989086}
     Epoch[7] Iteration[10/192], entropy: 0.4799, loss: 0.4799, lr: 4.98e-04
     Epoch[7] Iteration[20/192], entropy: 0.5053, loss: 0.5053, lr: 3.56e-04
     Epoch[7] Iteration[30/192], entropy: 0.4530, loss: 0.4530, lr: 6.78e-05
     Epoch[7] Iteration[40/192], entropy: 0.4749, loss: 0.4749, lr: 3.09e-05
     Epoch[7] Iteration[50/192], entropy: 0.4936, loss: 0.4936, lr: 2.97e-04
     Epoch[7] Iteration[60/192], entropy: 0.3889, loss: 0.3889, lr: 4.98e-04
     Epoch[7] Iteration[70/192], entropy: 0.4286, loss: 0.4286, lr: 3.56e-04
     Epoch[7] Iteration[80/192], entropy: 0.5133, loss: 0.5133, lr: 6.78e-05
     Epoch[7] Iteration[90/192], entropy: 0.4091, loss: 0.4091, lr: 3.09e-05
     Epoch[7] Iteration[100/192], entropy: 0.3609, loss: 0.3609, lr: 2.97e-04
     Epoch[7] Iteration[110/192], entropy: 0.5390, loss: 0.5390, lr: 4.98e-04
     Epoch[7] Iteration[120/192], entropy: 0.5217, loss: 0.5217, lr: 3.56e-04
     Epoch[7] Iteration[130/192], entropy: 0.4845, loss: 0.4845, lr: 6.78e-05
     Epoch[7] Iteration[140/192], entropy: 0.3236, loss: 0.3236, lr: 3.09e-05
     Epoch[7] Iteration[150/192], entropy: 0.4361, loss: 0.4361, lr: 2.97e-04
     Epoch[7] Iteration[160/192], entropy: 0.4520, loss: 0.4520, lr: 4.98e-04
     Epoch[7] Iteration[170/192], entropy: 0.4899, loss: 0.4899, lr: 3.56e-04
     Epoch[7] Iteration[180/192], entropy: 0.4575, loss: 0.4575, lr: 6.78e-05
     Epoch[7] Iteration[190/192], entropy: 0.5262, loss: 0.5262, lr: 3.09e-05
     Averaged stats: entropy: 0.4509, loss: 0.4509, lr: 6.78e-05
     itm tta time 0:00:22
### TTA Eval Score: 
+-------+--------+--------+--------+--------+--------+
| epoch |   R1   |   R5   |  R10   |  mAP   |  mINP  |
+-------+--------+--------+--------+--------+--------+
|  -999 | 77.680 | 91.407 | 94.883 | 69.300 | 53.366 |
|   0   | 75.422 | 90.692 | 94.574 | 67.542 | 51.443 |
|   1   | 63.694 | 84.032 | 89.864 | 57.319 | 41.117 |
|   2   | 44.071 | 68.194 | 77.729 | 40.579 | 26.448 |
|   3   | 26.283 | 50.097 | 61.306 | 25.983 | 15.186 |
|   4   | 15.627 | 35.153 | 46.313 | 16.548 | 8.901  |
|   5   | 9.454  | 24.204 | 34.324 | 10.827 | 5.392  |
|   6   | 6.335  | 18.291 | 26.413 | 7.829  | 3.769  |
|   7   | 3.996  | 13.044 | 20.175 | 5.615  | 2.678  |
+-------+--------+--------+--------+--------+--------+
     logs:  {'epo': 7, 'R1': 3.996, 'R5': 13.044, 'R10': 20.175, 'mAP': 5.615, 'mINP': 2.678, 'entropy': 0.45988700891795914, 'loss': 0.45988700891795914, 'lr': 0.00024753445638703016}
     Epoch[8] Iteration[10/192], entropy: 0.4511, loss: 0.4511, lr: 3.56e-04
     Epoch[8] Iteration[20/192], entropy: 0.4225, loss: 0.4225, lr: 4.98e-04
     Epoch[8] Iteration[30/192], entropy: 0.3823, loss: 0.3823, lr: 2.97e-04
     Epoch[8] Iteration[40/192], entropy: 0.4126, loss: 0.4126, lr: 3.09e-05
     Epoch[8] Iteration[50/192], entropy: 0.4198, loss: 0.4198, lr: 6.78e-05
     Epoch[8] Iteration[60/192], entropy: 0.5215, loss: 0.5215, lr: 3.56e-04
     Epoch[8] Iteration[70/192], entropy: 0.4417, loss: 0.4417, lr: 4.98e-04
     Epoch[8] Iteration[80/192], entropy: 0.4895, loss: 0.4895, lr: 2.97e-04
     Epoch[8] Iteration[90/192], entropy: 0.4125, loss: 0.4125, lr: 3.09e-05
     Epoch[8] Iteration[100/192], entropy: 0.3842, loss: 0.3842, lr: 6.78e-05
     Epoch[8] Iteration[110/192], entropy: 0.3536, loss: 0.3536, lr: 3.56e-04
     Epoch[8] Iteration[120/192], entropy: 0.4901, loss: 0.4901, lr: 4.98e-04
     Epoch[8] Iteration[130/192], entropy: 0.4685, loss: 0.4685, lr: 2.97e-04
     Epoch[8] Iteration[140/192], entropy: 0.3824, loss: 0.3824, lr: 3.09e-05
     Epoch[8] Iteration[150/192], entropy: 0.5354, loss: 0.5354, lr: 6.78e-05
     Epoch[8] Iteration[160/192], entropy: 0.4247, loss: 0.4247, lr: 3.56e-04
     Epoch[8] Iteration[170/192], entropy: 0.2917, loss: 0.2917, lr: 4.98e-04
     Epoch[8] Iteration[180/192], entropy: 0.2498, loss: 0.2498, lr: 2.97e-04
     Epoch[8] Iteration[190/192], entropy: 0.4447, loss: 0.4447, lr: 3.09e-05
     Averaged stats: entropy: 0.4087, loss: 0.4087, lr: 7.85e-06
     itm tta time 0:00:21
### TTA Eval Score: 
+-------+--------+--------+--------+--------+--------+
| epoch |   R1   |   R5   |  R10   |  mAP   |  mINP  |
+-------+--------+--------+--------+--------+--------+
|  -999 | 77.680 | 91.407 | 94.883 | 69.300 | 53.366 |
|   0   | 75.422 | 90.692 | 94.574 | 67.542 | 51.443 |
|   1   | 63.694 | 84.032 | 89.864 | 57.319 | 41.117 |
|   2   | 44.071 | 68.194 | 77.729 | 40.579 | 26.448 |
|   3   | 26.283 | 50.097 | 61.306 | 25.983 | 15.186 |
|   4   | 15.627 | 35.153 | 46.313 | 16.548 | 8.901  |
|   5   | 9.454  | 24.204 | 34.324 | 10.827 | 5.392  |
|   6   | 6.335  | 18.291 | 26.413 | 7.829  | 3.769  |
|   7   | 3.996  | 13.044 | 20.175 | 5.615  | 2.678  |
|   8   | 2.989  | 10.185 | 15.838 | 4.405  | 2.066  |
+-------+--------+--------+--------+--------+--------+
     logs:  {'epo': 8, 'R1': 2.989, 'R5': 10.185, 'R10': 15.838, 'mAP': 4.405, 'mINP': 2.066, 'entropy': 0.4199267539538835, 'loss': 0.4199267539538835, 'lr': 0.0002595916924660708}
     Epoch[9] Iteration[10/192], entropy: 0.4311, loss: 0.4311, lr: 1.16e-04
     Epoch[9] Iteration[20/192], entropy: 0.3677, loss: 0.3677, lr: 4.09e-04
     Epoch[9] Iteration[30/192], entropy: 0.3854, loss: 0.3854, lr: 4.82e-04
     Epoch[9] Iteration[40/192], entropy: 0.4671, loss: 0.4671, lr: 2.34e-04
     Epoch[9] Iteration[50/192], entropy: 0.5193, loss: 0.5193, lr: 7.85e-06
     Epoch[9] Iteration[60/192], entropy: 0.3642, loss: 0.3642, lr: 1.16e-04
     Epoch[9] Iteration[70/192], entropy: 0.4404, loss: 0.4404, lr: 4.09e-04
     Epoch[9] Iteration[80/192], entropy: 0.5409, loss: 0.5409, lr: 4.82e-04
     Epoch[9] Iteration[90/192], entropy: 0.3354, loss: 0.3354, lr: 2.34e-04
     Epoch[9] Iteration[100/192], entropy: 0.4473, loss: 0.4473, lr: 7.85e-06
     Epoch[9] Iteration[110/192], entropy: 0.3890, loss: 0.3890, lr: 1.16e-04
     Epoch[9] Iteration[120/192], entropy: 0.3763, loss: 0.3763, lr: 4.09e-04
     Epoch[9] Iteration[130/192], entropy: 0.4285, loss: 0.4285, lr: 4.82e-04
     Epoch[9] Iteration[140/192], entropy: 0.4327, loss: 0.4327, lr: 2.34e-04
     Epoch[9] Iteration[150/192], entropy: 0.3818, loss: 0.3818, lr: 7.85e-06
     Epoch[9] Iteration[160/192], entropy: 0.3052, loss: 0.3052, lr: 1.16e-04
     Epoch[9] Iteration[170/192], entropy: 0.4068, loss: 0.4068, lr: 4.09e-04
     Epoch[9] Iteration[180/192], entropy: 0.5049, loss: 0.5049, lr: 4.82e-04
     Epoch[9] Iteration[190/192], entropy: 0.4094, loss: 0.4094, lr: 2.34e-04
     Averaged stats: entropy: 0.4748, loss: 0.4748, lr: 1.73e-04
     itm tta time 0:00:21
### TTA Eval Score: 
+-------+--------+--------+--------+--------+--------+
| epoch |   R1   |   R5   |  R10   |  mAP   |  mINP  |
+-------+--------+--------+--------+--------+--------+
|  -999 | 77.680 | 91.407 | 94.883 | 69.300 | 53.366 |
|   0   | 75.422 | 90.692 | 94.574 | 67.542 | 51.443 |
|   1   | 63.694 | 84.032 | 89.864 | 57.319 | 41.117 |
|   2   | 44.071 | 68.194 | 77.729 | 40.579 | 26.448 |
|   3   | 26.283 | 50.097 | 61.306 | 25.983 | 15.186 |
|   4   | 15.627 | 35.153 | 46.313 | 16.548 | 8.901  |
|   5   | 9.454  | 24.204 | 34.324 | 10.827 | 5.392  |
|   6   | 6.335  | 18.291 | 26.413 | 7.829  | 3.769  |
|   7   | 3.996  | 13.044 | 20.175 | 5.615  | 2.678  |
|   8   | 2.989  | 10.185 | 15.838 | 4.405  | 2.066  |
|   9   | 2.355  | 8.561  | 13.580 | 3.700  | 1.742  |
+-------+--------+--------+--------+--------+--------+
     logs:  {'epo': 9, 'R1': 2.355, 'R5': 8.561, 'R10': 13.58, 'mAP': 3.7, 'mINP': 1.742, 'entropy': 0.4175575642209304, 'loss': 0.4175575642209304, 'lr': 0.0002627445152780076}
     Epoch[10] Iteration[10/192], entropy: 0.3879, loss: 0.3879, lr: 0.00e+00
     Epoch[10] Iteration[20/192], entropy: 0.4222, loss: 0.4222, lr: 1.73e-04
     Epoch[10] Iteration[30/192], entropy: 0.4595, loss: 0.4595, lr: 4.52e-04
     Epoch[10] Iteration[40/192], entropy: 0.3991, loss: 0.3991, lr: 4.52e-04
     Epoch[10] Iteration[50/192], entropy: 0.4557, loss: 0.4557, lr: 1.73e-04
     Epoch[10] Iteration[60/192], entropy: 0.3628, loss: 0.3628, lr: 0.00e+00
     Epoch[10] Iteration[70/192], entropy: 0.5100, loss: 0.5100, lr: 1.73e-04
     Epoch[10] Iteration[80/192], entropy: 0.4137, loss: 0.4137, lr: 4.52e-04
     Epoch[10] Iteration[90/192], entropy: 0.4804, loss: 0.4804, lr: 4.69e-04
     Epoch[10] Iteration[100/192], entropy: 0.4521, loss: 0.4521, lr: 2.03e-04
     Epoch[10] Iteration[110/192], entropy: 0.3253, loss: 0.3253, lr: 1.97e-06
     Epoch[10] Iteration[120/192], entropy: 0.3233, loss: 0.3233, lr: 1.44e-04
     Epoch[10] Iteration[130/192], entropy: 0.4011, loss: 0.4011, lr: 4.32e-04
     Epoch[10] Iteration[140/192], entropy: 0.4541, loss: 0.4541, lr: 4.69e-04
     Epoch[10] Iteration[150/192], entropy: 0.4148, loss: 0.4148, lr: 2.03e-04
     Epoch[10] Iteration[160/192], entropy: 0.4274, loss: 0.4274, lr: 1.97e-06
     Epoch[10] Iteration[170/192], entropy: 0.4344, loss: 0.4344, lr: 1.44e-04
     Epoch[10] Iteration[180/192], entropy: 0.3972, loss: 0.3972, lr: 4.32e-04
     Epoch[10] Iteration[190/192], entropy: 0.4612, loss: 0.4612, lr: 4.69e-04
     Averaged stats: entropy: 0.4657, loss: 0.4657, lr: 4.32e-04
     itm tta time 0:00:21
### TTA Eval Score: 
+-------+--------+--------+--------+--------+--------+
| epoch |   R1   |   R5   |  R10   |  mAP   |  mINP  |
+-------+--------+--------+--------+--------+--------+
|  -999 | 77.680 | 91.407 | 94.883 | 69.300 | 53.366 |
|   0   | 75.422 | 90.692 | 94.574 | 67.542 | 51.443 |
|   1   | 63.694 | 84.032 | 89.864 | 57.319 | 41.117 |
|   2   | 44.071 | 68.194 | 77.729 | 40.579 | 26.448 |
|   3   | 26.283 | 50.097 | 61.306 | 25.983 | 15.186 |
|   4   | 15.627 | 35.153 | 46.313 | 16.548 | 8.901  |
|   5   | 9.454  | 24.204 | 34.324 | 10.827 | 5.392  |
|   6   | 6.335  | 18.291 | 26.413 | 7.829  | 3.769  |
|   7   | 3.996  | 13.044 | 20.175 | 5.615  | 2.678  |
|   8   | 2.989  | 10.185 | 15.838 | 4.405  | 2.066  |
|   9   | 2.355  | 8.561  | 13.580 | 3.700  | 1.742  |
|   10  | 1.884  | 7.391  | 12.135 | 3.254  | 1.555  |
+-------+--------+--------+--------+--------+--------+
     logs:  {'epo': 10, 'R1': 1.884, 'R5': 7.391, 'R10': 12.135, 'mAP': 3.254, 'mINP': 1.555, 'entropy': 0.4201224054160871, 'loss': 0.4201224054160871, 'lr': 0.0002549514036847886}
     Epoch[11] Iteration[10/192], entropy: 0.4074, loss: 0.4074, lr: 1.44e-04
     Epoch[11] Iteration[20/192], entropy: 0.4322, loss: 0.4322, lr: 1.97e-06
     Epoch[11] Iteration[30/192], entropy: 0.3895, loss: 0.3895, lr: 2.03e-04
     Epoch[11] Iteration[40/192], entropy: 0.3514, loss: 0.3514, lr: 4.69e-04
     Epoch[11] Iteration[50/192], entropy: 0.3681, loss: 0.3681, lr: 4.32e-04
     Epoch[11] Iteration[60/192], entropy: 0.4487, loss: 0.4487, lr: 1.44e-04
     Epoch[11] Iteration[70/192], entropy: 0.3891, loss: 0.3891, lr: 1.97e-06
     Epoch[11] Iteration[80/192], entropy: 0.4152, loss: 0.4152, lr: 2.03e-04
     Epoch[11] Iteration[90/192], entropy: 0.3882, loss: 0.3882, lr: 4.69e-04
     Epoch[11] Iteration[100/192], entropy: 0.5162, loss: 0.5162, lr: 4.32e-04
     Epoch[11] Iteration[110/192], entropy: 0.3689, loss: 0.3689, lr: 1.44e-04
     Epoch[11] Iteration[120/192], entropy: 0.4590, loss: 0.4590, lr: 1.97e-06
     Epoch[11] Iteration[130/192], entropy: 0.4779, loss: 0.4779, lr: 2.03e-04
     Epoch[11] Iteration[140/192], entropy: 0.4293, loss: 0.4293, lr: 4.69e-04
     Epoch[11] Iteration[150/192], entropy: 0.4636, loss: 0.4636, lr: 4.32e-04
     Epoch[11] Iteration[160/192], entropy: 0.4168, loss: 0.4168, lr: 1.44e-04
     Epoch[11] Iteration[170/192], entropy: 0.5014, loss: 0.5014, lr: 1.97e-06
     Epoch[11] Iteration[180/192], entropy: 0.4578, loss: 0.4578, lr: 2.03e-04
     Epoch[11] Iteration[190/192], entropy: 0.4126, loss: 0.4126, lr: 4.69e-04
     Averaged stats: entropy: 0.4451, loss: 0.4451, lr: 4.92e-04
     itm tta time 0:00:21
### TTA Eval Score: 
+-------+--------+--------+--------+--------+--------+
| epoch |   R1   |   R5   |  R10   |  mAP   |  mINP  |
+-------+--------+--------+--------+--------+--------+
|  -999 | 77.680 | 91.407 | 94.883 | 69.300 | 53.366 |
|   0   | 75.422 | 90.692 | 94.574 | 67.542 | 51.443 |
|   1   | 63.694 | 84.032 | 89.864 | 57.319 | 41.117 |
|   2   | 44.071 | 68.194 | 77.729 | 40.579 | 26.448 |
|   3   | 26.283 | 50.097 | 61.306 | 25.983 | 15.186 |
|   4   | 15.627 | 35.153 | 46.313 | 16.548 | 8.901  |
|   5   | 9.454  | 24.204 | 34.324 | 10.827 | 5.392  |
|   6   | 6.335  | 18.291 | 26.413 | 7.829  | 3.769  |
|   7   | 3.996  | 13.044 | 20.175 | 5.615  | 2.678  |
|   8   | 2.989  | 10.185 | 15.838 | 4.405  | 2.066  |
|   9   | 2.355  | 8.561  | 13.580 | 3.700  | 1.742  |
|   10  | 1.884  | 7.391  | 12.135 | 3.254  | 1.555  |
|   11  | 1.641  | 6.465  | 10.851 | 2.933  | 1.407  |
+-------+--------+--------+--------+--------+--------+
     logs:  {'epo': 11, 'R1': 1.641, 'R5': 6.465, 'R10': 10.851, 'mAP': 2.933, 'mINP': 1.407, 'entropy': 0.4259678893967679, 'loss': 0.4259678893967679, 'lr': 0.0002404083075339296}
     Epoch[12] Iteration[10/192], entropy: 0.3112, loss: 0.3112, lr: 3.84e-04
     Epoch[12] Iteration[20/192], entropy: 0.4435, loss: 0.4435, lr: 9.06e-05
     Epoch[12] Iteration[30/192], entropy: 0.3872, loss: 0.3872, lr: 1.76e-05
     Epoch[12] Iteration[40/192], entropy: 0.5029, loss: 0.5029, lr: 2.66e-04
     Epoch[12] Iteration[50/192], entropy: 0.5559, loss: 0.5559, lr: 4.92e-04
     Epoch[12] Iteration[60/192], entropy: 0.3040, loss: 0.3040, lr: 3.84e-04
     Epoch[12] Iteration[70/192], entropy: 0.3649, loss: 0.3649, lr: 9.06e-05
     Epoch[12] Iteration[80/192], entropy: 0.4711, loss: 0.4711, lr: 1.76e-05
     Epoch[12] Iteration[90/192], entropy: 0.4477, loss: 0.4477, lr: 2.66e-04
     Epoch[12] Iteration[100/192], entropy: 0.4008, loss: 0.4008, lr: 4.92e-04
     Epoch[12] Iteration[110/192], entropy: 0.3258, loss: 0.3258, lr: 3.84e-04
     Epoch[12] Iteration[120/192], entropy: 0.4298, loss: 0.4298, lr: 9.06e-05
     Epoch[12] Iteration[130/192], entropy: 0.4061, loss: 0.4061, lr: 1.76e-05
     Epoch[12] Iteration[140/192], entropy: 0.2795, loss: 0.2795, lr: 2.66e-04
     Epoch[12] Iteration[150/192], entropy: 0.4126, loss: 0.4126, lr: 4.92e-04
     Epoch[12] Iteration[160/192], entropy: 0.4002, loss: 0.4002, lr: 3.84e-04
     Epoch[12] Iteration[170/192], entropy: 0.4560, loss: 0.4560, lr: 9.06e-05
     Epoch[12] Iteration[180/192], entropy: 0.4093, loss: 0.4093, lr: 1.76e-05
     Epoch[12] Iteration[190/192], entropy: 0.3487, loss: 0.3487, lr: 2.66e-04
     Averaged stats: entropy: 0.4603, loss: 0.4603, lr: 3.27e-04
     itm tta time 0:00:20
### TTA Eval Score: 
+-------+--------+--------+--------+--------+--------+
| epoch |   R1   |   R5   |  R10   |  mAP   |  mINP  |
+-------+--------+--------+--------+--------+--------+
|  -999 | 77.680 | 91.407 | 94.883 | 69.300 | 53.366 |
|   0   | 75.422 | 90.692 | 94.574 | 67.542 | 51.443 |
|   1   | 63.694 | 84.032 | 89.864 | 57.319 | 41.117 |
|   2   | 44.071 | 68.194 | 77.729 | 40.579 | 26.448 |
|   3   | 26.283 | 50.097 | 61.306 | 25.983 | 15.186 |
|   4   | 15.627 | 35.153 | 46.313 | 16.548 | 8.901  |
|   5   | 9.454  | 24.204 | 34.324 | 10.827 | 5.392  |
|   6   | 6.335  | 18.291 | 26.413 | 7.829  | 3.769  |
|   7   | 3.996  | 13.044 | 20.175 | 5.615  | 2.678  |
|   8   | 2.989  | 10.185 | 15.838 | 4.405  | 2.066  |
|   9   | 2.355  | 8.561  | 13.580 | 3.700  | 1.742  |
|   10  | 1.884  | 7.391  | 12.135 | 3.254  | 1.555  |
|   11  | 1.641  | 6.465  | 10.851 | 2.933  | 1.407  |
|   12  | 1.527  | 5.880  | 10.088 | 2.716  | 1.307  |
+-------+--------+--------+--------+--------+--------+
     logs:  {'epo': 12, 'R1': 1.527, 'R5': 5.88, 'R10': 10.088, 'mAP': 2.716, 'mINP': 1.307, 'entropy': 0.40300472159134715, 'loss': 0.40300472159134715, 'lr': 0.0002372554847219929}
     Epoch[13] Iteration[10/192], entropy: 0.3648, loss: 0.3648, lr: 5.00e-04
     Epoch[13] Iteration[20/192], entropy: 0.4586, loss: 0.4586, lr: 3.27e-04
     Epoch[13] Iteration[30/192], entropy: 0.3362, loss: 0.3362, lr: 4.77e-05
     Epoch[13] Iteration[40/192], entropy: 0.4831, loss: 0.4831, lr: 4.77e-05
     Epoch[13] Iteration[50/192], entropy: 0.3666, loss: 0.3666, lr: 3.27e-04
     Epoch[13] Iteration[60/192], entropy: 0.3371, loss: 0.3371, lr: 5.00e-04
     Epoch[13] Iteration[70/192], entropy: 0.3905, loss: 0.3905, lr: 3.27e-04
     Epoch[13] Iteration[80/192], entropy: 0.4289, loss: 0.4289, lr: 4.77e-05
     Epoch[13] Iteration[90/192], entropy: 0.3165, loss: 0.3165, lr: 4.77e-05
     Epoch[13] Iteration[100/192], entropy: 0.4864, loss: 0.4864, lr: 3.27e-04
     Epoch[13] Iteration[110/192], entropy: 0.3923, loss: 0.3923, lr: 5.00e-04
     Epoch[13] Iteration[120/192], entropy: 0.3671, loss: 0.3671, lr: 3.27e-04
     Epoch[13] Iteration[130/192], entropy: 0.5097, loss: 0.5097, lr: 4.77e-05
     Epoch[13] Iteration[140/192], entropy: 0.4304, loss: 0.4304, lr: 4.77e-05
     Epoch[13] Iteration[150/192], entropy: 0.3595, loss: 0.3595, lr: 3.27e-04
     Epoch[13] Iteration[160/192], entropy: 0.3254, loss: 0.3254, lr: 5.00e-04
     Epoch[13] Iteration[170/192], entropy: 0.3965, loss: 0.3965, lr: 3.27e-04
     Epoch[13] Iteration[180/192], entropy: 0.3452, loss: 0.3452, lr: 4.77e-05
     Epoch[13] Iteration[190/192], entropy: 0.4442, loss: 0.4442, lr: 4.77e-05
     Averaged stats: entropy: 0.4791, loss: 0.4791, lr: 9.06e-05
     itm tta time 0:00:22
### TTA Eval Score: 
+-------+--------+--------+--------+--------+--------+
| epoch |   R1   |   R5   |  R10   |  mAP   |  mINP  |
+-------+--------+--------+--------+--------+--------+
|  -999 | 77.680 | 91.407 | 94.883 | 69.300 | 53.366 |
|   0   | 75.422 | 90.692 | 94.574 | 67.542 | 51.443 |
|   1   | 63.694 | 84.032 | 89.864 | 57.319 | 41.117 |
|   2   | 44.071 | 68.194 | 77.729 | 40.579 | 26.448 |
|   3   | 26.283 | 50.097 | 61.306 | 25.983 | 15.186 |
|   4   | 15.627 | 35.153 | 46.313 | 16.548 | 8.901  |
|   5   | 9.454  | 24.204 | 34.324 | 10.827 | 5.392  |
|   6   | 6.335  | 18.291 | 26.413 | 7.829  | 3.769  |
|   7   | 3.996  | 13.044 | 20.175 | 5.615  | 2.678  |
|   8   | 2.989  | 10.185 | 15.838 | 4.405  | 2.066  |
|   9   | 2.355  | 8.561  | 13.580 | 3.700  | 1.742  |
|   10  | 1.884  | 7.391  | 12.135 | 3.254  | 1.555  |
|   11  | 1.641  | 6.465  | 10.851 | 2.933  | 1.407  |
|   12  | 1.527  | 5.880  | 10.088 | 2.716  | 1.307  |
|   13  | 1.413  | 5.442  | 9.292  | 2.551  | 1.241  |
+-------+--------+--------+--------+--------+--------+
     logs:  {'epo': 13, 'R1': 1.413, 'R5': 5.442, 'R10': 9.292, 'mAP': 2.551, 'mINP': 1.241, 'entropy': 0.3967987659730409, 'loss': 0.3967987659730409, 'lr': 0.0002459339869161189}
     Epoch[14] Iteration[10/192], entropy: 0.2890, loss: 0.2890, lr: 3.84e-04
     Epoch[14] Iteration[20/192], entropy: 0.4457, loss: 0.4457, lr: 4.92e-04
     Epoch[14] Iteration[30/192], entropy: 0.5281, loss: 0.5281, lr: 2.66e-04
     Epoch[14] Iteration[40/192], entropy: 0.3561, loss: 0.3561, lr: 1.76e-05
     Epoch[14] Iteration[50/192], entropy: 0.3451, loss: 0.3451, lr: 9.06e-05
     Epoch[14] Iteration[60/192], entropy: 0.4129, loss: 0.4129, lr: 3.84e-04
     Epoch[14] Iteration[70/192], entropy: 0.4280, loss: 0.4280, lr: 4.92e-04
     Epoch[14] Iteration[80/192], entropy: 0.3661, loss: 0.3661, lr: 2.66e-04
     Epoch[14] Iteration[90/192], entropy: 0.3819, loss: 0.3819, lr: 1.76e-05
     Epoch[14] Iteration[100/192], entropy: 0.4063, loss: 0.4063, lr: 9.06e-05
     Epoch[14] Iteration[110/192], entropy: 0.3346, loss: 0.3346, lr: 3.84e-04
     Epoch[14] Iteration[120/192], entropy: 0.4455, loss: 0.4455, lr: 4.92e-04
     Epoch[14] Iteration[130/192], entropy: 0.5146, loss: 0.5146, lr: 2.66e-04
     Epoch[14] Iteration[140/192], entropy: 0.3675, loss: 0.3675, lr: 1.76e-05
     Epoch[14] Iteration[150/192], entropy: 0.3283, loss: 0.3283, lr: 9.06e-05
     Epoch[14] Iteration[160/192], entropy: 0.4768, loss: 0.4768, lr: 3.84e-04
     Epoch[14] Iteration[170/192], entropy: 0.4784, loss: 0.4784, lr: 4.92e-04
     Epoch[14] Iteration[180/192], entropy: 0.3985, loss: 0.3985, lr: 2.66e-04
     Epoch[14] Iteration[190/192], entropy: 0.4117, loss: 0.4117, lr: 1.76e-05
     Averaged stats: entropy: 0.3420, loss: 0.3420, lr: 1.97e-06
     itm tta time 0:00:22
### TTA Eval Score: 
+-------+--------+--------+--------+--------+--------+
| epoch |   R1   |   R5   |  R10   |  mAP   |  mINP  |
+-------+--------+--------+--------+--------+--------+
|  -999 | 77.680 | 91.407 | 94.883 | 69.300 | 53.366 |
|   0   | 75.422 | 90.692 | 94.574 | 67.542 | 51.443 |
|   1   | 63.694 | 84.032 | 89.864 | 57.319 | 41.117 |
|   2   | 44.071 | 68.194 | 77.729 | 40.579 | 26.448 |
|   3   | 26.283 | 50.097 | 61.306 | 25.983 | 15.186 |
|   4   | 15.627 | 35.153 | 46.313 | 16.548 | 8.901  |
|   5   | 9.454  | 24.204 | 34.324 | 10.827 | 5.392  |
|   6   | 6.335  | 18.291 | 26.413 | 7.829  | 3.769  |
|   7   | 3.996  | 13.044 | 20.175 | 5.615  | 2.678  |
|   8   | 2.989  | 10.185 | 15.838 | 4.405  | 2.066  |
|   9   | 2.355  | 8.561  | 13.580 | 3.700  | 1.742  |
|   10  | 1.884  | 7.391  | 12.135 | 3.254  | 1.555  |
|   11  | 1.641  | 6.465  | 10.851 | 2.933  | 1.407  |
|   12  | 1.527  | 5.880  | 10.088 | 2.716  | 1.307  |
|   13  | 1.413  | 5.442  | 9.292  | 2.551  | 1.241  |
|   14  | 1.316  | 5.182  | 8.658  | 2.417  | 1.178  |
+-------+--------+--------+--------+--------+--------+
     logs:  {'epo': 14, 'R1': 1.316, 'R5': 5.182, 'R10': 8.658, 'mAP': 2.417, 'mINP': 1.178, 'entropy': 0.40606700589782313, 'loss': 0.40606700589782313, 'lr': 0.0002583871577598527}
     Epoch[15] Iteration[10/192], entropy: 0.4018, loss: 0.4018, lr: 1.44e-04
     Epoch[15] Iteration[20/192], entropy: 0.3631, loss: 0.3631, lr: 4.32e-04
     Epoch[15] Iteration[30/192], entropy: 0.3323, loss: 0.3323, lr: 4.69e-04
     Epoch[15] Iteration[40/192], entropy: 0.4265, loss: 0.4265, lr: 2.03e-04
     Epoch[15] Iteration[50/192], entropy: 0.4485, loss: 0.4485, lr: 1.97e-06
     Epoch[15] Iteration[60/192], entropy: 0.3317, loss: 0.3317, lr: 1.44e-04
     Epoch[15] Iteration[70/192], entropy: 0.3784, loss: 0.3784, lr: 4.32e-04
     Epoch[15] Iteration[80/192], entropy: 0.3006, loss: 0.3006, lr: 4.69e-04
     Epoch[15] Iteration[90/192], entropy: 0.3634, loss: 0.3634, lr: 2.03e-04
     Epoch[15] Iteration[100/192], entropy: 0.4565, loss: 0.4565, lr: 1.97e-06
     Epoch[15] Iteration[110/192], entropy: 0.4142, loss: 0.4142, lr: 1.44e-04
     Epoch[15] Iteration[120/192], entropy: 0.3348, loss: 0.3348, lr: 4.32e-04
     Epoch[15] Iteration[130/192], entropy: 0.3850, loss: 0.3850, lr: 4.69e-04
     Epoch[15] Iteration[140/192], entropy: 0.2706, loss: 0.2706, lr: 2.03e-04
     Epoch[15] Iteration[150/192], entropy: 0.3353, loss: 0.3353, lr: 1.97e-06
     Epoch[15] Iteration[160/192], entropy: 0.3709, loss: 0.3709, lr: 1.44e-04
     Epoch[15] Iteration[170/192], entropy: 0.4472, loss: 0.4472, lr: 4.32e-04
     Epoch[15] Iteration[180/192], entropy: 0.4347, loss: 0.4347, lr: 4.69e-04
     Epoch[15] Iteration[190/192], entropy: 0.5156, loss: 0.5156, lr: 2.03e-04
     Averaged stats: entropy: 0.4397, loss: 0.4397, lr: 1.44e-04
     itm tta time 0:00:22
### TTA Eval Score: 
+-------+--------+--------+--------+--------+--------+
| epoch |   R1   |   R5   |  R10   |  mAP   |  mINP  |
+-------+--------+--------+--------+--------+--------+
|  -999 | 77.680 | 91.407 | 94.883 | 69.300 | 53.366 |
|   0   | 75.422 | 90.692 | 94.574 | 67.542 | 51.443 |
|   1   | 63.694 | 84.032 | 89.864 | 57.319 | 41.117 |
|   2   | 44.071 | 68.194 | 77.729 | 40.579 | 26.448 |
|   3   | 26.283 | 50.097 | 61.306 | 25.983 | 15.186 |
|   4   | 15.627 | 35.153 | 46.313 | 16.548 | 8.901  |
|   5   | 9.454  | 24.204 | 34.324 | 10.827 | 5.392  |
|   6   | 6.335  | 18.291 | 26.413 | 7.829  | 3.769  |
|   7   | 3.996  | 13.044 | 20.175 | 5.615  | 2.678  |
|   8   | 2.989  | 10.185 | 15.838 | 4.405  | 2.066  |
|   9   | 2.355  | 8.561  | 13.580 | 3.700  | 1.742  |
|   10  | 1.884  | 7.391  | 12.135 | 3.254  | 1.555  |
|   11  | 1.641  | 6.465  | 10.851 | 2.933  | 1.407  |
|   12  | 1.527  | 5.880  | 10.088 | 2.716  | 1.307  |
|   13  | 1.413  | 5.442  | 9.292  | 2.551  | 1.241  |
|   14  | 1.316  | 5.182  | 8.658  | 2.417  | 1.178  |
|   15  | 1.235  | 4.662  | 8.073  | 2.250  | 1.106  |
+-------+--------+--------+--------+--------+--------+
     logs:  {'epo': 15, 'R1': 1.235, 'R5': 4.662, 'R10': 8.073, 'mAP': 2.25, 'mINP': 1.106, 'entropy': 0.38480000276314585, 'loss': 0.38480000276314585, 'lr': 0.00026305414080677095}
     Epoch[16] Iteration[10/192], entropy: 0.4076, loss: 0.4076, lr: 1.97e-06
     Epoch[16] Iteration[20/192], entropy: 0.3552, loss: 0.3552, lr: 2.03e-04
     Epoch[16] Iteration[30/192], entropy: 0.4548, loss: 0.4548, lr: 4.69e-04
     Epoch[16] Iteration[40/192], entropy: 0.3928, loss: 0.3928, lr: 4.32e-04
     Epoch[16] Iteration[50/192], entropy: 0.3327, loss: 0.3327, lr: 1.44e-04
     Epoch[16] Iteration[60/192], entropy: 0.3607, loss: 0.3607, lr: 1.97e-06
     Epoch[16] Iteration[70/192], entropy: 0.4454, loss: 0.4454, lr: 2.03e-04
     Epoch[16] Iteration[80/192], entropy: 0.4362, loss: 0.4362, lr: 4.69e-04
     Epoch[16] Iteration[90/192], entropy: 0.3729, loss: 0.3729, lr: 4.32e-04
     Epoch[16] Iteration[100/192], entropy: 0.4022, loss: 0.4022, lr: 1.44e-04
     Epoch[16] Iteration[110/192], entropy: 0.3441, loss: 0.3441, lr: 1.97e-06
     Epoch[16] Iteration[120/192], entropy: 0.4506, loss: 0.4506, lr: 2.03e-04
     Epoch[16] Iteration[130/192], entropy: 0.4474, loss: 0.4474, lr: 4.69e-04
     Epoch[16] Iteration[140/192], entropy: 0.4188, loss: 0.4188, lr: 4.32e-04
     Epoch[16] Iteration[150/192], entropy: 0.4243, loss: 0.4243, lr: 1.44e-04
     Epoch[16] Iteration[160/192], entropy: 0.3303, loss: 0.3303, lr: 1.97e-06
     Epoch[16] Iteration[170/192], entropy: 0.4749, loss: 0.4749, lr: 2.03e-04
     Epoch[16] Iteration[180/192], entropy: 0.3384, loss: 0.3384, lr: 4.69e-04
     Epoch[16] Iteration[190/192], entropy: 0.3933, loss: 0.3933, lr: 4.32e-04
     Averaged stats: entropy: 0.3835, loss: 0.3835, lr: 3.84e-04
     itm tta time 0:00:24
### TTA Eval Score: 
+-------+--------+--------+--------+--------+--------+
| epoch |   R1   |   R5   |  R10   |  mAP   |  mINP  |
+-------+--------+--------+--------+--------+--------+
|  -999 | 77.680 | 91.407 | 94.883 | 69.300 | 53.366 |
|   0   | 75.422 | 90.692 | 94.574 | 67.542 | 51.443 |
|   1   | 63.694 | 84.032 | 89.864 | 57.319 | 41.117 |
|   2   | 44.071 | 68.194 | 77.729 | 40.579 | 26.448 |
|   3   | 26.283 | 50.097 | 61.306 | 25.983 | 15.186 |
|   4   | 15.627 | 35.153 | 46.313 | 16.548 | 8.901  |
|   5   | 9.454  | 24.204 | 34.324 | 10.827 | 5.392  |
|   6   | 6.335  | 18.291 | 26.413 | 7.829  | 3.769  |
|   7   | 3.996  | 13.044 | 20.175 | 5.615  | 2.678  |
|   8   | 2.989  | 10.185 | 15.838 | 4.405  | 2.066  |
|   9   | 2.355  | 8.561  | 13.580 | 3.700  | 1.742  |
|   10  | 1.884  | 7.391  | 12.135 | 3.254  | 1.555  |
|   11  | 1.641  | 6.465  | 10.851 | 2.933  | 1.407  |
|   12  | 1.527  | 5.880  | 10.088 | 2.716  | 1.307  |
|   13  | 1.413  | 5.442  | 9.292  | 2.551  | 1.241  |
|   14  | 1.316  | 5.182  | 8.658  | 2.417  | 1.178  |
|   15  | 1.235  | 4.662  | 8.073  | 2.250  | 1.106  |
|   16  | 1.072  | 4.240  | 7.424  | 2.091  | 1.042  |
+-------+--------+--------+--------+--------+--------+
     logs:  {'epo': 16, 'R1': 1.072, 'R5': 4.24, 'R10': 7.424, 'mAP': 2.091, 'mINP': 1.042, 'entropy': 0.3990846762531682, 'loss': 0.3990846762531682, 'lr': 0.000255602359099541}
     Epoch[17] Iteration[10/192], entropy: 0.3762, loss: 0.3762, lr: 9.06e-05
     Epoch[17] Iteration[20/192], entropy: 0.5683, loss: 0.5683, lr: 1.76e-05
     Epoch[17] Iteration[30/192], entropy: 0.4158, loss: 0.4158, lr: 2.66e-04
     Epoch[17] Iteration[40/192], entropy: 0.2760, loss: 0.2760, lr: 4.92e-04
     Epoch[17] Iteration[50/192], entropy: 0.4056, loss: 0.4056, lr: 3.84e-04
     Epoch[17] Iteration[60/192], entropy: 0.3963, loss: 0.3963, lr: 9.06e-05
     Epoch[17] Iteration[70/192], entropy: 0.3718, loss: 0.3718, lr: 1.76e-05
     Epoch[17] Iteration[80/192], entropy: 0.4749, loss: 0.4749, lr: 2.66e-04
     Epoch[17] Iteration[90/192], entropy: 0.4894, loss: 0.4894, lr: 4.92e-04
     Epoch[17] Iteration[100/192], entropy: 0.3526, loss: 0.3526, lr: 3.84e-04
     Epoch[17] Iteration[110/192], entropy: 0.4144, loss: 0.4144, lr: 9.06e-05
     Epoch[17] Iteration[120/192], entropy: 0.5307, loss: 0.5307, lr: 1.76e-05
     Epoch[17] Iteration[130/192], entropy: 0.3297, loss: 0.3297, lr: 2.66e-04
     Epoch[17] Iteration[140/192], entropy: 0.3920, loss: 0.3920, lr: 4.92e-04
     Epoch[17] Iteration[150/192], entropy: 0.4286, loss: 0.4286, lr: 3.84e-04
     Epoch[17] Iteration[160/192], entropy: 0.5335, loss: 0.5335, lr: 9.06e-05
     Epoch[17] Iteration[170/192], entropy: 0.3507, loss: 0.3507, lr: 1.76e-05
     Epoch[17] Iteration[180/192], entropy: 0.2749, loss: 0.2749, lr: 2.66e-04
     Epoch[17] Iteration[190/192], entropy: 0.4011, loss: 0.4011, lr: 4.92e-04
     Averaged stats: entropy: 0.3285, loss: 0.3285, lr: 5.00e-04
     itm tta time 0:00:21
### TTA Eval Score: 
+-------+--------+--------+--------+--------+--------+
| epoch |   R1   |   R5   |  R10   |  mAP   |  mINP  |
+-------+--------+--------+--------+--------+--------+
|  -999 | 77.680 | 91.407 | 94.883 | 69.300 | 53.366 |
|   0   | 75.422 | 90.692 | 94.574 | 67.542 | 51.443 |
|   1   | 63.694 | 84.032 | 89.864 | 57.319 | 41.117 |
|   2   | 44.071 | 68.194 | 77.729 | 40.579 | 26.448 |
|   3   | 26.283 | 50.097 | 61.306 | 25.983 | 15.186 |
|   4   | 15.627 | 35.153 | 46.313 | 16.548 | 8.901  |
|   5   | 9.454  | 24.204 | 34.324 | 10.827 | 5.392  |
|   6   | 6.335  | 18.291 | 26.413 | 7.829  | 3.769  |
|   7   | 3.996  | 13.044 | 20.175 | 5.615  | 2.678  |
|   8   | 2.989  | 10.185 | 15.838 | 4.405  | 2.066  |
|   9   | 2.355  | 8.561  | 13.580 | 3.700  | 1.742  |
|   10  | 1.884  | 7.391  | 12.135 | 3.254  | 1.555  |
|   11  | 1.641  | 6.465  | 10.851 | 2.933  | 1.407  |
|   12  | 1.527  | 5.880  | 10.088 | 2.716  | 1.307  |
|   13  | 1.413  | 5.442  | 9.292  | 2.551  | 1.241  |
|   14  | 1.316  | 5.182  | 8.658  | 2.417  | 1.178  |
|   15  | 1.235  | 4.662  | 8.073  | 2.250  | 1.106  |
|   16  | 1.072  | 4.240  | 7.424  | 2.091  | 1.042  |
|   17  | 1.023  | 3.931  | 7.018  | 1.977  | 0.992  |
+-------+--------+--------+--------+--------+--------+
     logs:  {'epo': 17, 'R1': 1.023, 'R5': 3.931, 'R10': 7.018, 'mAP': 1.977, 'mINP': 0.992, 'entropy': 0.409602110323153, 'loss': 0.409602110323153, 'lr': 0.00024294964743448955}
     Epoch[18] Iteration[10/192], entropy: 0.4248, loss: 0.4248, lr: 3.27e-04
     Epoch[18] Iteration[20/192], entropy: 0.3114, loss: 0.3114, lr: 4.77e-05
     Epoch[18] Iteration[30/192], entropy: 0.4218, loss: 0.4218, lr: 4.77e-05
     Epoch[18] Iteration[40/192], entropy: 0.3763, loss: 0.3763, lr: 3.27e-04
     Epoch[18] Iteration[50/192], entropy: 0.3593, loss: 0.3593, lr: 5.00e-04
     Epoch[18] Iteration[60/192], entropy: 0.3588, loss: 0.3588, lr: 3.27e-04
     Epoch[18] Iteration[70/192], entropy: 0.3473, loss: 0.3473, lr: 4.77e-05
     Epoch[18] Iteration[80/192], entropy: 0.3709, loss: 0.3709, lr: 4.77e-05
     Epoch[18] Iteration[90/192], entropy: 0.3316, loss: 0.3316, lr: 3.27e-04
     Epoch[18] Iteration[100/192], entropy: 0.3282, loss: 0.3282, lr: 5.00e-04
     Epoch[18] Iteration[110/192], entropy: 0.2830, loss: 0.2830, lr: 3.27e-04
     Epoch[18] Iteration[120/192], entropy: 0.4049, loss: 0.4049, lr: 4.77e-05
     Epoch[18] Iteration[130/192], entropy: 0.4284, loss: 0.4284, lr: 4.77e-05
     Epoch[18] Iteration[140/192], entropy: 0.3805, loss: 0.3805, lr: 3.27e-04
     Epoch[18] Iteration[150/192], entropy: 0.4274, loss: 0.4274, lr: 5.00e-04
     Epoch[18] Iteration[160/192], entropy: 0.4562, loss: 0.4562, lr: 3.27e-04
     Epoch[18] Iteration[170/192], entropy: 0.4643, loss: 0.4643, lr: 4.77e-05
     Epoch[18] Iteration[180/192], entropy: 0.4539, loss: 0.4539, lr: 4.77e-05
     Epoch[18] Iteration[190/192], entropy: 0.4013, loss: 0.4013, lr: 3.27e-04
     Averaged stats: entropy: 0.3421, loss: 0.3421, lr: 3.84e-04
     itm tta time 0:00:24
### TTA Eval Score: 
+-------+--------+--------+--------+--------+--------+
| epoch |   R1   |   R5   |  R10   |  mAP   |  mINP  |
+-------+--------+--------+--------+--------+--------+
|  -999 | 77.680 | 91.407 | 94.883 | 69.300 | 53.366 |
|   0   | 75.422 | 90.692 | 94.574 | 67.542 | 51.443 |
|   1   | 63.694 | 84.032 | 89.864 | 57.319 | 41.117 |
|   2   | 44.071 | 68.194 | 77.729 | 40.579 | 26.448 |
|   3   | 26.283 | 50.097 | 61.306 | 25.983 | 15.186 |
|   4   | 15.627 | 35.153 | 46.313 | 16.548 | 8.901  |
|   5   | 9.454  | 24.204 | 34.324 | 10.827 | 5.392  |
|   6   | 6.335  | 18.291 | 26.413 | 7.829  | 3.769  |
|   7   | 3.996  | 13.044 | 20.175 | 5.615  | 2.678  |
|   8   | 2.989  | 10.185 | 15.838 | 4.405  | 2.066  |
|   9   | 2.355  | 8.561  | 13.580 | 3.700  | 1.742  |
|   10  | 1.884  | 7.391  | 12.135 | 3.254  | 1.555  |
|   11  | 1.641  | 6.465  | 10.851 | 2.933  | 1.407  |
|   12  | 1.527  | 5.880  | 10.088 | 2.716  | 1.307  |
|   13  | 1.413  | 5.442  | 9.292  | 2.551  | 1.241  |
|   14  | 1.316  | 5.182  | 8.658  | 2.417  | 1.178  |
|   15  | 1.235  | 4.662  | 8.073  | 2.250  | 1.106  |
|   16  | 1.072  | 4.240  | 7.424  | 2.091  | 1.042  |
|   17  | 1.023  | 3.931  | 7.018  | 1.977  | 0.992  |
|   18  | 0.958  | 3.785  | 6.920  | 1.966  | 0.991  |
+-------+--------+--------+--------+--------+--------+
     logs:  {'epo': 18, 'R1': 0.958, 'R5': 3.785, 'R10': 6.92, 'mAP': 1.966, 'mINP': 0.991, 'entropy': 0.3858078435847634, 'loss': 0.3858078435847634, 'lr': 0.00023684210526315414}
     Epoch[19] Iteration[10/192], entropy: 0.3193, loss: 0.3193, lr: 4.92e-04
     Epoch[19] Iteration[20/192], entropy: 0.4263, loss: 0.4263, lr: 2.66e-04
     Epoch[19] Iteration[30/192], entropy: 0.4235, loss: 0.4235, lr: 1.76e-05
     Epoch[19] Iteration[40/192], entropy: 0.3405, loss: 0.3405, lr: 9.06e-05
     Epoch[19] Iteration[50/192], entropy: 0.3506, loss: 0.3506, lr: 3.84e-04
     Epoch[19] Iteration[60/192], entropy: 0.4399, loss: 0.4399, lr: 4.92e-04
     Epoch[19] Iteration[70/192], entropy: 0.3833, loss: 0.3833, lr: 2.66e-04
     Epoch[19] Iteration[80/192], entropy: 0.4184, loss: 0.4184, lr: 1.76e-05
     Epoch[19] Iteration[90/192], entropy: 0.3123, loss: 0.3123, lr: 9.06e-05
     Epoch[19] Iteration[100/192], entropy: 0.4057, loss: 0.4057, lr: 3.84e-04
     Epoch[19] Iteration[110/192], entropy: 0.3745, loss: 0.3745, lr: 4.92e-04
     Epoch[19] Iteration[120/192], entropy: 0.4822, loss: 0.4822, lr: 2.66e-04
     Epoch[19] Iteration[130/192], entropy: 0.3928, loss: 0.3928, lr: 1.76e-05
     Epoch[19] Iteration[140/192], entropy: 0.4741, loss: 0.4741, lr: 9.06e-05
     Epoch[19] Iteration[150/192], entropy: 0.3824, loss: 0.3824, lr: 3.84e-04
     Epoch[19] Iteration[160/192], entropy: 0.3593, loss: 0.3593, lr: 4.92e-04
     Epoch[19] Iteration[170/192], entropy: 0.5103, loss: 0.5103, lr: 2.66e-04
     Epoch[19] Iteration[180/192], entropy: 0.3910, loss: 0.3910, lr: 1.76e-05
     Epoch[19] Iteration[190/192], entropy: 0.3939, loss: 0.3939, lr: 9.06e-05
     Averaged stats: entropy: 0.3975, loss: 0.3975, lr: 1.44e-04
     itm tta time 0:00:20
### TTA Eval Score: 
+-------+--------+--------+--------+--------+--------+
| epoch |   R1   |   R5   |  R10   |  mAP   |  mINP  |
+-------+--------+--------+--------+--------+--------+
|  -999 | 77.680 | 91.407 | 94.883 | 69.300 | 53.366 |
|   0   | 75.422 | 90.692 | 94.574 | 67.542 | 51.443 |
|   1   | 63.694 | 84.032 | 89.864 | 57.319 | 41.117 |
|   2   | 44.071 | 68.194 | 77.729 | 40.579 | 26.448 |
|   3   | 26.283 | 50.097 | 61.306 | 25.983 | 15.186 |
|   4   | 15.627 | 35.153 | 46.313 | 16.548 | 8.901  |
|   5   | 9.454  | 24.204 | 34.324 | 10.827 | 5.392  |
|   6   | 6.335  | 18.291 | 26.413 | 7.829  | 3.769  |
|   7   | 3.996  | 13.044 | 20.175 | 5.615  | 2.678  |
|   8   | 2.989  | 10.185 | 15.838 | 4.405  | 2.066  |
|   9   | 2.355  | 8.561  | 13.580 | 3.700  | 1.742  |
|   10  | 1.884  | 7.391  | 12.135 | 3.254  | 1.555  |
|   11  | 1.641  | 6.465  | 10.851 | 2.933  | 1.407  |
|   12  | 1.527  | 5.880  | 10.088 | 2.716  | 1.307  |
|   13  | 1.413  | 5.442  | 9.292  | 2.551  | 1.241  |
|   14  | 1.316  | 5.182  | 8.658  | 2.417  | 1.178  |
|   15  | 1.235  | 4.662  | 8.073  | 2.250  | 1.106  |
|   16  | 1.072  | 4.240  | 7.424  | 2.091  | 1.042  |
|   17  | 1.023  | 3.931  | 7.018  | 1.977  | 0.992  |
|   18  | 0.958  | 3.785  | 6.920  | 1.966  | 0.991  |
|   19  | 0.991  | 3.606  | 6.546  | 1.897  | 0.944  |
+-------+--------+--------+--------+--------+--------+
     logs:  {'epo': 19, 'R1': 0.991, 'R5': 3.606, 'R10': 6.546, 'mAP': 1.897, 'mINP': 0.944, 'entropy': 0.39895893554938466, 'loss': 0.39895893554938466, 'lr': 0.0002429496474344894}
     Epoch[20] Iteration[10/192], entropy: 0.3707, loss: 0.3707, lr: 4.32e-04
     Epoch[20] Iteration[20/192], entropy: 0.2558, loss: 0.2558, lr: 4.69e-04
     Epoch[20] Iteration[30/192], entropy: 0.3908, loss: 0.3908, lr: 2.03e-04
     Epoch[20] Iteration[40/192], entropy: 0.3371, loss: 0.3371, lr: 1.97e-06
     Epoch[20] Iteration[50/192], entropy: 0.3917, loss: 0.3917, lr: 1.44e-04
     Epoch[20] Iteration[60/192], entropy: 0.4603, loss: 0.4603, lr: 4.32e-04
     Epoch[20] Iteration[70/192], entropy: 0.3788, loss: 0.3788, lr: 4.69e-04
     Epoch[20] Iteration[80/192], entropy: 0.2917, loss: 0.2917, lr: 2.03e-04
     Epoch[20] Iteration[90/192], entropy: 0.3927, loss: 0.3927, lr: 1.97e-06
     Epoch[20] Iteration[100/192], entropy: 0.6039, loss: 0.6039, lr: 1.44e-04
     Epoch[20] Iteration[110/192], entropy: 0.3926, loss: 0.3926, lr: 4.32e-04
     Epoch[20] Iteration[120/192], entropy: 0.3318, loss: 0.3318, lr: 4.69e-04
     Epoch[20] Iteration[130/192], entropy: 0.4646, loss: 0.4646, lr: 2.03e-04
     Epoch[20] Iteration[140/192], entropy: 0.3484, loss: 0.3484, lr: 1.97e-06
     Epoch[20] Iteration[150/192], entropy: 0.2935, loss: 0.2935, lr: 1.44e-04
     Epoch[20] Iteration[160/192], entropy: 0.4881, loss: 0.4881, lr: 4.32e-04
     Epoch[20] Iteration[170/192], entropy: 0.3626, loss: 0.3626, lr: 4.82e-04
     Epoch[20] Iteration[180/192], entropy: 0.5005, loss: 0.5005, lr: 2.34e-04
     Epoch[20] Iteration[190/192], entropy: 0.4232, loss: 0.4232, lr: 7.85e-06
     Averaged stats: entropy: 0.4315, loss: 0.4315, lr: 0.00e+00
     itm tta time 0:00:21
### TTA Eval Score: 
+-------+--------+--------+--------+--------+--------+
| epoch |   R1   |   R5   |  R10   |  mAP   |  mINP  |
+-------+--------+--------+--------+--------+--------+
|  -999 | 77.680 | 91.407 | 94.883 | 69.300 | 53.366 |
|   0   | 75.422 | 90.692 | 94.574 | 67.542 | 51.443 |
|   1   | 63.694 | 84.032 | 89.864 | 57.319 | 41.117 |
|   2   | 44.071 | 68.194 | 77.729 | 40.579 | 26.448 |
|   3   | 26.283 | 50.097 | 61.306 | 25.983 | 15.186 |
|   4   | 15.627 | 35.153 | 46.313 | 16.548 | 8.901  |
|   5   | 9.454  | 24.204 | 34.324 | 10.827 | 5.392  |
|   6   | 6.335  | 18.291 | 26.413 | 7.829  | 3.769  |
|   7   | 3.996  | 13.044 | 20.175 | 5.615  | 2.678  |
|   8   | 2.989  | 10.185 | 15.838 | 4.405  | 2.066  |
|   9   | 2.355  | 8.561  | 13.580 | 3.700  | 1.742  |
|   10  | 1.884  | 7.391  | 12.135 | 3.254  | 1.555  |
|   11  | 1.641  | 6.465  | 10.851 | 2.933  | 1.407  |
|   12  | 1.527  | 5.880  | 10.088 | 2.716  | 1.307  |
|   13  | 1.413  | 5.442  | 9.292  | 2.551  | 1.241  |
|   14  | 1.316  | 5.182  | 8.658  | 2.417  | 1.178  |
|   15  | 1.235  | 4.662  | 8.073  | 2.250  | 1.106  |
|   16  | 1.072  | 4.240  | 7.424  | 2.091  | 1.042  |
|   17  | 1.023  | 3.931  | 7.018  | 1.977  | 0.992  |
|   18  | 0.958  | 3.785  | 6.920  | 1.966  | 0.991  |
|   19  | 0.991  | 3.606  | 6.546  | 1.897  | 0.944  |
|   20  | 0.877  | 3.281  | 6.222  | 1.781  | 0.903  |
+-------+--------+--------+--------+--------+--------+
     logs:  {'epo': 20, 'R1': 0.877, 'R5': 3.281, 'R10': 6.222, 'mAP': 1.781, 'mINP': 0.903, 'entropy': 0.39360435856016057, 'loss': 0.39360435856016057, 'lr': 0.0002582548872717336}
     Epoch[21] Iteration[10/192], entropy: 0.4476, loss: 0.4476, lr: 1.73e-04
     Epoch[21] Iteration[20/192], entropy: 0.3647, loss: 0.3647, lr: 4.52e-04
     Epoch[21] Iteration[30/192], entropy: 0.3478, loss: 0.3478, lr: 4.52e-04
     Epoch[21] Iteration[40/192], entropy: 0.2926, loss: 0.2926, lr: 1.73e-04
     Epoch[21] Iteration[50/192], entropy: 0.3017, loss: 0.3017, lr: 0.00e+00
     Epoch[21] Iteration[60/192], entropy: 0.2481, loss: 0.2481, lr: 1.73e-04
     Epoch[21] Iteration[70/192], entropy: 0.3626, loss: 0.3626, lr: 4.52e-04
     Epoch[21] Iteration[80/192], entropy: 0.3745, loss: 0.3745, lr: 4.52e-04
     Epoch[21] Iteration[90/192], entropy: 0.3491, loss: 0.3491, lr: 1.73e-04
     Epoch[21] Iteration[100/192], entropy: 0.2413, loss: 0.2413, lr: 0.00e+00
     Epoch[21] Iteration[110/192], entropy: 0.3018, loss: 0.3018, lr: 1.73e-04
     Epoch[21] Iteration[120/192], entropy: 0.3391, loss: 0.3391, lr: 4.52e-04
     Epoch[21] Iteration[130/192], entropy: 0.3429, loss: 0.3429, lr: 4.52e-04
     Epoch[21] Iteration[140/192], entropy: 0.3819, loss: 0.3819, lr: 1.73e-04
     Epoch[21] Iteration[150/192], entropy: 0.4144, loss: 0.4144, lr: 0.00e+00
     Epoch[21] Iteration[160/192], entropy: 0.3339, loss: 0.3339, lr: 1.73e-04
     Epoch[21] Iteration[170/192], entropy: 0.2845, loss: 0.2845, lr: 4.52e-04
     Epoch[21] Iteration[180/192], entropy: 0.4157, loss: 0.4157, lr: 4.52e-04
     Epoch[21] Iteration[190/192], entropy: 0.3352, loss: 0.3352, lr: 1.73e-04
     Averaged stats: entropy: 0.4295, loss: 0.4295, lr: 1.16e-04
     itm tta time 0:00:22
### TTA Eval Score: 
+-------+--------+--------+--------+--------+--------+
| epoch |   R1   |   R5   |  R10   |  mAP   |  mINP  |
+-------+--------+--------+--------+--------+--------+
|  -999 | 77.680 | 91.407 | 94.883 | 69.300 | 53.366 |
|   0   | 75.422 | 90.692 | 94.574 | 67.542 | 51.443 |
|   1   | 63.694 | 84.032 | 89.864 | 57.319 | 41.117 |
|   2   | 44.071 | 68.194 | 77.729 | 40.579 | 26.448 |
|   3   | 26.283 | 50.097 | 61.306 | 25.983 | 15.186 |
|   4   | 15.627 | 35.153 | 46.313 | 16.548 | 8.901  |
|   5   | 9.454  | 24.204 | 34.324 | 10.827 | 5.392  |
|   6   | 6.335  | 18.291 | 26.413 | 7.829  | 3.769  |
|   7   | 3.996  | 13.044 | 20.175 | 5.615  | 2.678  |
|   8   | 2.989  | 10.185 | 15.838 | 4.405  | 2.066  |
|   9   | 2.355  | 8.561  | 13.580 | 3.700  | 1.742  |
|   10  | 1.884  | 7.391  | 12.135 | 3.254  | 1.555  |
|   11  | 1.641  | 6.465  | 10.851 | 2.933  | 1.407  |
|   12  | 1.527  | 5.880  | 10.088 | 2.716  | 1.307  |
|   13  | 1.413  | 5.442  | 9.292  | 2.551  | 1.241  |
|   14  | 1.316  | 5.182  | 8.658  | 2.417  | 1.178  |
|   15  | 1.235  | 4.662  | 8.073  | 2.250  | 1.106  |
|   16  | 1.072  | 4.240  | 7.424  | 2.091  | 1.042  |
|   17  | 1.023  | 3.931  | 7.018  | 1.977  | 0.992  |
|   18  | 0.958  | 3.785  | 6.920  | 1.966  | 0.991  |
|   19  | 0.991  | 3.606  | 6.546  | 1.897  | 0.944  |
|   20  | 0.877  | 3.281  | 6.222  | 1.781  | 0.903  |
|   21  | 0.828  | 3.200  | 5.978  | 1.731  | 0.881  |
+-------+--------+--------+--------+--------+--------+
     logs:  {'epo': 21, 'R1': 0.828, 'R5': 3.2, 'R10': 5.978, 'mAP': 1.731, 'mINP': 0.881, 'entropy': 0.34103118824331385, 'loss': 0.34103118824331385, 'lr': 0.00026315789473684676}
     Epoch[22] Iteration[10/192], entropy: 0.2983, loss: 0.2983, lr: 7.85e-06
     Epoch[22] Iteration[20/192], entropy: 0.4253, loss: 0.4253, lr: 2.34e-04
     Epoch[22] Iteration[30/192], entropy: 0.3310, loss: 0.3310, lr: 4.82e-04
     Epoch[22] Iteration[40/192], entropy: 0.4858, loss: 0.4858, lr: 4.09e-04
     Epoch[22] Iteration[50/192], entropy: 0.3594, loss: 0.3594, lr: 1.16e-04
     Epoch[22] Iteration[60/192], entropy: 0.3012, loss: 0.3012, lr: 7.85e-06
     Epoch[22] Iteration[70/192], entropy: 0.4208, loss: 0.4208, lr: 2.34e-04
     Epoch[22] Iteration[80/192], entropy: 0.4057, loss: 0.4057, lr: 4.82e-04
     Epoch[22] Iteration[90/192], entropy: 0.5895, loss: 0.5895, lr: 4.09e-04
     Epoch[22] Iteration[100/192], entropy: 0.3241, loss: 0.3241, lr: 1.16e-04
     Epoch[22] Iteration[110/192], entropy: 0.4278, loss: 0.4278, lr: 7.85e-06
     Epoch[22] Iteration[120/192], entropy: 0.3328, loss: 0.3328, lr: 2.34e-04
     Epoch[22] Iteration[130/192], entropy: 0.3069, loss: 0.3069, lr: 4.82e-04
     Epoch[22] Iteration[140/192], entropy: 0.3978, loss: 0.3978, lr: 4.09e-04
     Epoch[22] Iteration[150/192], entropy: 0.3606, loss: 0.3606, lr: 1.16e-04
     Epoch[22] Iteration[160/192], entropy: 0.2941, loss: 0.2941, lr: 7.85e-06
     Epoch[22] Iteration[170/192], entropy: 0.4417, loss: 0.4417, lr: 2.34e-04
     Epoch[22] Iteration[180/192], entropy: 0.2642, loss: 0.2642, lr: 4.82e-04
     Epoch[22] Iteration[190/192], entropy: 0.4329, loss: 0.4329, lr: 4.09e-04
     Averaged stats: entropy: 0.3598, loss: 0.3598, lr: 3.56e-04
     itm tta time 0:00:20
### TTA Eval Score: 
+-------+--------+--------+--------+--------+--------+
| epoch |   R1   |   R5   |  R10   |  mAP   |  mINP  |
+-------+--------+--------+--------+--------+--------+
|  -999 | 77.680 | 91.407 | 94.883 | 69.300 | 53.366 |
|   0   | 75.422 | 90.692 | 94.574 | 67.542 | 51.443 |
|   1   | 63.694 | 84.032 | 89.864 | 57.319 | 41.117 |
|   2   | 44.071 | 68.194 | 77.729 | 40.579 | 26.448 |
|   3   | 26.283 | 50.097 | 61.306 | 25.983 | 15.186 |
|   4   | 15.627 | 35.153 | 46.313 | 16.548 | 8.901  |
|   5   | 9.454  | 24.204 | 34.324 | 10.827 | 5.392  |
|   6   | 6.335  | 18.291 | 26.413 | 7.829  | 3.769  |
|   7   | 3.996  | 13.044 | 20.175 | 5.615  | 2.678  |
|   8   | 2.989  | 10.185 | 15.838 | 4.405  | 2.066  |
|   9   | 2.355  | 8.561  | 13.580 | 3.700  | 1.742  |
|   10  | 1.884  | 7.391  | 12.135 | 3.254  | 1.555  |
|   11  | 1.641  | 6.465  | 10.851 | 2.933  | 1.407  |
|   12  | 1.527  | 5.880  | 10.088 | 2.716  | 1.307  |
|   13  | 1.413  | 5.442  | 9.292  | 2.551  | 1.241  |
|   14  | 1.316  | 5.182  | 8.658  | 2.417  | 1.178  |
|   15  | 1.235  | 4.662  | 8.073  | 2.250  | 1.106  |
|   16  | 1.072  | 4.240  | 7.424  | 2.091  | 1.042  |
|   17  | 1.023  | 3.931  | 7.018  | 1.977  | 0.992  |
|   18  | 0.958  | 3.785  | 6.920  | 1.966  | 0.991  |
|   19  | 0.991  | 3.606  | 6.546  | 1.897  | 0.944  |
|   20  | 0.877  | 3.281  | 6.222  | 1.781  | 0.903  |
|   21  | 0.828  | 3.200  | 5.978  | 1.731  | 0.881  |
|   22  | 0.796  | 2.989  | 5.588  | 1.662  | 0.852  |
+-------+--------+--------+--------+--------+--------+
     logs:  {'epo': 22, 'R1': 0.796, 'R5': 2.989, 'R10': 5.588, 'mAP': 1.662, 'mINP': 0.852, 'entropy': 0.3789431531178324, 'loss': 0.3789431531178324, 'lr': 0.0002570503525655093}
     Epoch[23] Iteration[10/192], entropy: 0.2910, loss: 0.2910, lr: 6.78e-05
     Epoch[23] Iteration[20/192], entropy: 0.3358, loss: 0.3358, lr: 3.09e-05
     Epoch[23] Iteration[30/192], entropy: 0.3554, loss: 0.3554, lr: 2.97e-04
     Epoch[23] Iteration[40/192], entropy: 0.4690, loss: 0.4690, lr: 4.98e-04
     Epoch[23] Iteration[50/192], entropy: 0.3765, loss: 0.3765, lr: 3.56e-04
     Epoch[23] Iteration[60/192], entropy: 0.3394, loss: 0.3394, lr: 6.78e-05
     Epoch[23] Iteration[70/192], entropy: 0.4298, loss: 0.4298, lr: 3.09e-05
     Epoch[23] Iteration[80/192], entropy: 0.2898, loss: 0.2898, lr: 2.97e-04
     Epoch[23] Iteration[90/192], entropy: 0.3068, loss: 0.3068, lr: 4.98e-04
     Epoch[23] Iteration[100/192], entropy: 0.3406, loss: 0.3406, lr: 3.56e-04
     Epoch[23] Iteration[110/192], entropy: 0.3667, loss: 0.3667, lr: 6.78e-05
     Epoch[23] Iteration[120/192], entropy: 0.3254, loss: 0.3254, lr: 3.09e-05
     Epoch[23] Iteration[130/192], entropy: 0.4092, loss: 0.4092, lr: 2.97e-04
     Epoch[23] Iteration[140/192], entropy: 0.4406, loss: 0.4406, lr: 4.98e-04
     Epoch[23] Iteration[150/192], entropy: 0.3262, loss: 0.3262, lr: 3.56e-04
     Epoch[23] Iteration[160/192], entropy: 0.5124, loss: 0.5124, lr: 6.78e-05
     Epoch[23] Iteration[170/192], entropy: 0.3048, loss: 0.3048, lr: 3.09e-05
     Epoch[23] Iteration[180/192], entropy: 0.5027, loss: 0.5027, lr: 2.97e-04
     Epoch[23] Iteration[190/192], entropy: 0.3020, loss: 0.3020, lr: 4.98e-04
     Averaged stats: entropy: 0.3442, loss: 0.3442, lr: 4.98e-04
     itm tta time 0:00:21
### TTA Eval Score: 
+-------+--------+--------+--------+--------+--------+
| epoch |   R1   |   R5   |  R10   |  mAP   |  mINP  |
+-------+--------+--------+--------+--------+--------+
|  -999 | 77.680 | 91.407 | 94.883 | 69.300 | 53.366 |
|   0   | 75.422 | 90.692 | 94.574 | 67.542 | 51.443 |
|   1   | 63.694 | 84.032 | 89.864 | 57.319 | 41.117 |
|   2   | 44.071 | 68.194 | 77.729 | 40.579 | 26.448 |
|   3   | 26.283 | 50.097 | 61.306 | 25.983 | 15.186 |
|   4   | 15.627 | 35.153 | 46.313 | 16.548 | 8.901  |
|   5   | 9.454  | 24.204 | 34.324 | 10.827 | 5.392  |
|   6   | 6.335  | 18.291 | 26.413 | 7.829  | 3.769  |
|   7   | 3.996  | 13.044 | 20.175 | 5.615  | 2.678  |
|   8   | 2.989  | 10.185 | 15.838 | 4.405  | 2.066  |
|   9   | 2.355  | 8.561  | 13.580 | 3.700  | 1.742  |
|   10  | 1.884  | 7.391  | 12.135 | 3.254  | 1.555  |
|   11  | 1.641  | 6.465  | 10.851 | 2.933  | 1.407  |
|   12  | 1.527  | 5.880  | 10.088 | 2.716  | 1.307  |
|   13  | 1.413  | 5.442  | 9.292  | 2.551  | 1.241  |
|   14  | 1.316  | 5.182  | 8.658  | 2.417  | 1.178  |
|   15  | 1.235  | 4.662  | 8.073  | 2.250  | 1.106  |
|   16  | 1.072  | 4.240  | 7.424  | 2.091  | 1.042  |
|   17  | 1.023  | 3.931  | 7.018  | 1.977  | 0.992  |
|   18  | 0.958  | 3.785  | 6.920  | 1.966  | 0.991  |
|   19  | 0.991  | 3.606  | 6.546  | 1.897  | 0.944  |
|   20  | 0.877  | 3.281  | 6.222  | 1.781  | 0.903  |
|   21  | 0.828  | 3.200  | 5.978  | 1.731  | 0.881  |
|   22  | 0.796  | 2.989  | 5.588  | 1.662  | 0.852  |
|   23  | 0.796  | 3.005  | 5.491  | 1.647  | 0.843  |
+-------+--------+--------+--------+--------+--------+
     logs:  {'epo': 23, 'R1': 0.796, 'R5': 3.005, 'R10': 5.491, 'mAP': 1.647, 'mINP': 0.843, 'entropy': 0.369699112678829, 'loss': 0.369699112678829, 'lr': 0.0002443976409004589}
     Epoch[24] Iteration[10/192], entropy: 0.3651, loss: 0.3651, lr: 2.97e-04
     Epoch[24] Iteration[20/192], entropy: 0.3439, loss: 0.3439, lr: 3.09e-05
     Epoch[24] Iteration[30/192], entropy: 0.4213, loss: 0.4213, lr: 6.78e-05
     Epoch[24] Iteration[40/192], entropy: 0.3326, loss: 0.3326, lr: 3.56e-04
     Epoch[24] Iteration[50/192], entropy: 0.2991, loss: 0.2991, lr: 4.98e-04
     Epoch[24] Iteration[60/192], entropy: 0.3936, loss: 0.3936, lr: 2.97e-04
     Epoch[24] Iteration[70/192], entropy: 0.4138, loss: 0.4138, lr: 3.09e-05
     Epoch[24] Iteration[80/192], entropy: 0.3268, loss: 0.3268, lr: 6.78e-05
     Epoch[24] Iteration[90/192], entropy: 0.3226, loss: 0.3226, lr: 3.56e-04
     Epoch[24] Iteration[100/192], entropy: 0.3157, loss: 0.3157, lr: 4.98e-04
     Epoch[24] Iteration[110/192], entropy: 0.3262, loss: 0.3262, lr: 2.97e-04
     Epoch[24] Iteration[120/192], entropy: 0.3582, loss: 0.3582, lr: 3.09e-05
     Epoch[24] Iteration[130/192], entropy: 0.3462, loss: 0.3462, lr: 6.78e-05
     Epoch[24] Iteration[140/192], entropy: 0.3040, loss: 0.3040, lr: 3.56e-04
     Epoch[24] Iteration[150/192], entropy: 0.3697, loss: 0.3697, lr: 4.98e-04
     Epoch[24] Iteration[160/192], entropy: 0.4752, loss: 0.4752, lr: 2.97e-04
     Epoch[24] Iteration[170/192], entropy: 0.3685, loss: 0.3685, lr: 3.09e-05
     Epoch[24] Iteration[180/192], entropy: 0.3552, loss: 0.3552, lr: 6.78e-05
     Epoch[24] Iteration[190/192], entropy: 0.4268, loss: 0.4268, lr: 3.56e-04
     Averaged stats: entropy: 0.3257, loss: 0.3257, lr: 4.09e-04
     itm tta time 0:00:22
### TTA Eval Score: 
+-------+--------+--------+--------+--------+--------+
| epoch |   R1   |   R5   |  R10   |  mAP   |  mINP  |
+-------+--------+--------+--------+--------+--------+
|  -999 | 77.680 | 91.407 | 94.883 | 69.300 | 53.366 |
|   0   | 75.422 | 90.692 | 94.574 | 67.542 | 51.443 |
|   1   | 63.694 | 84.032 | 89.864 | 57.319 | 41.117 |
|   2   | 44.071 | 68.194 | 77.729 | 40.579 | 26.448 |
|   3   | 26.283 | 50.097 | 61.306 | 25.983 | 15.186 |
|   4   | 15.627 | 35.153 | 46.313 | 16.548 | 8.901  |
|   5   | 9.454  | 24.204 | 34.324 | 10.827 | 5.392  |
|   6   | 6.335  | 18.291 | 26.413 | 7.829  | 3.769  |
|   7   | 3.996  | 13.044 | 20.175 | 5.615  | 2.678  |
|   8   | 2.989  | 10.185 | 15.838 | 4.405  | 2.066  |
|   9   | 2.355  | 8.561  | 13.580 | 3.700  | 1.742  |
|   10  | 1.884  | 7.391  | 12.135 | 3.254  | 1.555  |
|   11  | 1.641  | 6.465  | 10.851 | 2.933  | 1.407  |
|   12  | 1.527  | 5.880  | 10.088 | 2.716  | 1.307  |
|   13  | 1.413  | 5.442  | 9.292  | 2.551  | 1.241  |
|   14  | 1.316  | 5.182  | 8.658  | 2.417  | 1.178  |
|   15  | 1.235  | 4.662  | 8.073  | 2.250  | 1.106  |
|   16  | 1.072  | 4.240  | 7.424  | 2.091  | 1.042  |
|   17  | 1.023  | 3.931  | 7.018  | 1.977  | 0.992  |
|   18  | 0.958  | 3.785  | 6.920  | 1.966  | 0.991  |
|   19  | 0.991  | 3.606  | 6.546  | 1.897  | 0.944  |
|   20  | 0.877  | 3.281  | 6.222  | 1.781  | 0.903  |
|   21  | 0.828  | 3.200  | 5.978  | 1.731  | 0.881  |
|   22  | 0.796  | 2.989  | 5.588  | 1.662  | 0.852  |
|   23  | 0.796  | 3.005  | 5.491  | 1.647  | 0.843  |
|   24  | 0.796  | 3.038  | 5.556  | 1.671  | 0.853  |
+-------+--------+--------+--------+--------+--------+
     logs:  {'epo': 24, 'R1': 0.796, 'R5': 3.038, 'R10': 5.556, 'mAP': 1.671, 'mINP': 0.853, 'entropy': 0.3612895498150273, 'loss': 0.3612895498150273, 'lr': 0.00023694585919322936}
     Epoch[25] Iteration[10/192], entropy: 0.4056, loss: 0.4056, lr: 4.82e-04
     Epoch[25] Iteration[20/192], entropy: 0.3954, loss: 0.3954, lr: 2.34e-04
     Epoch[25] Iteration[30/192], entropy: 0.3532, loss: 0.3532, lr: 7.85e-06
     Epoch[25] Iteration[40/192], entropy: 0.4211, loss: 0.4211, lr: 1.16e-04
     Epoch[25] Iteration[50/192], entropy: 0.2827, loss: 0.2827, lr: 4.09e-04
     Epoch[25] Iteration[60/192], entropy: 0.4412, loss: 0.4412, lr: 4.82e-04
     Epoch[25] Iteration[70/192], entropy: 0.3018, loss: 0.3018, lr: 2.34e-04
     Epoch[25] Iteration[80/192], entropy: 0.3861, loss: 0.3861, lr: 7.85e-06
     Epoch[25] Iteration[90/192], entropy: 0.3757, loss: 0.3757, lr: 1.16e-04
     Epoch[25] Iteration[100/192], entropy: 0.3007, loss: 0.3007, lr: 4.09e-04
     Epoch[25] Iteration[110/192], entropy: 0.3397, loss: 0.3397, lr: 4.82e-04
     Epoch[25] Iteration[120/192], entropy: 0.4090, loss: 0.4090, lr: 2.34e-04
     Epoch[25] Iteration[130/192], entropy: 0.4320, loss: 0.4320, lr: 7.85e-06
     Epoch[25] Iteration[140/192], entropy: 0.2222, loss: 0.2222, lr: 1.16e-04
     Epoch[25] Iteration[150/192], entropy: 0.3431, loss: 0.3431, lr: 4.09e-04
     Epoch[25] Iteration[160/192], entropy: 0.3469, loss: 0.3469, lr: 4.82e-04
     Epoch[25] Iteration[170/192], entropy: 0.3873, loss: 0.3873, lr: 2.34e-04
     Epoch[25] Iteration[180/192], entropy: 0.3803, loss: 0.3803, lr: 7.85e-06
     Epoch[25] Iteration[190/192], entropy: 0.3337, loss: 0.3337, lr: 1.16e-04
     Averaged stats: entropy: 0.3700, loss: 0.3700, lr: 1.73e-04
     itm tta time 0:00:22
### TTA Eval Score: 
+-------+--------+--------+--------+--------+--------+
| epoch |   R1   |   R5   |  R10   |  mAP   |  mINP  |
+-------+--------+--------+--------+--------+--------+
|  -999 | 77.680 | 91.407 | 94.883 | 69.300 | 53.366 |
|   0   | 75.422 | 90.692 | 94.574 | 67.542 | 51.443 |
|   1   | 63.694 | 84.032 | 89.864 | 57.319 | 41.117 |
|   2   | 44.071 | 68.194 | 77.729 | 40.579 | 26.448 |
|   3   | 26.283 | 50.097 | 61.306 | 25.983 | 15.186 |
|   4   | 15.627 | 35.153 | 46.313 | 16.548 | 8.901  |
|   5   | 9.454  | 24.204 | 34.324 | 10.827 | 5.392  |
|   6   | 6.335  | 18.291 | 26.413 | 7.829  | 3.769  |
|   7   | 3.996  | 13.044 | 20.175 | 5.615  | 2.678  |
|   8   | 2.989  | 10.185 | 15.838 | 4.405  | 2.066  |
|   9   | 2.355  | 8.561  | 13.580 | 3.700  | 1.742  |
|   10  | 1.884  | 7.391  | 12.135 | 3.254  | 1.555  |
|   11  | 1.641  | 6.465  | 10.851 | 2.933  | 1.407  |
|   12  | 1.527  | 5.880  | 10.088 | 2.716  | 1.307  |
|   13  | 1.413  | 5.442  | 9.292  | 2.551  | 1.241  |
|   14  | 1.316  | 5.182  | 8.658  | 2.417  | 1.178  |
|   15  | 1.235  | 4.662  | 8.073  | 2.250  | 1.106  |
|   16  | 1.072  | 4.240  | 7.424  | 2.091  | 1.042  |
|   17  | 1.023  | 3.931  | 7.018  | 1.977  | 0.992  |
|   18  | 0.958  | 3.785  | 6.920  | 1.966  | 0.991  |
|   19  | 0.991  | 3.606  | 6.546  | 1.897  | 0.944  |
|   20  | 0.877  | 3.281  | 6.222  | 1.781  | 0.903  |
|   21  | 0.828  | 3.200  | 5.978  | 1.731  | 0.881  |
|   22  | 0.796  | 2.989  | 5.588  | 1.662  | 0.852  |
|   23  | 0.796  | 3.005  | 5.491  | 1.647  | 0.843  |
|   24  | 0.796  | 3.038  | 5.556  | 1.671  | 0.853  |
|   25  | 0.828  | 3.135  | 5.880  | 1.715  | 0.865  |
+-------+--------+--------+--------+--------+--------+
     logs:  {'epo': 25, 'R1': 0.828, 'R5': 3.135, 'R10': 5.88, 'mAP': 1.715, 'mINP': 0.865, 'entropy': 0.3609381051439988, 'loss': 0.3609381051439988, 'lr': 0.00024161284224014646}
     Epoch[26] Iteration[10/192], entropy: 0.4063, loss: 0.4063, lr: 4.52e-04
     Epoch[26] Iteration[20/192], entropy: 0.3778, loss: 0.3778, lr: 4.52e-04
     Epoch[26] Iteration[30/192], entropy: 0.3948, loss: 0.3948, lr: 1.73e-04
     Epoch[26] Iteration[40/192], entropy: 0.4042, loss: 0.4042, lr: 0.00e+00
     Epoch[26] Iteration[50/192], entropy: 0.3618, loss: 0.3618, lr: 1.73e-04
     Epoch[26] Iteration[60/192], entropy: 0.3158, loss: 0.3158, lr: 4.52e-04
     Epoch[26] Iteration[70/192], entropy: 0.4506, loss: 0.4506, lr: 4.52e-04
     Epoch[26] Iteration[80/192], entropy: 0.4760, loss: 0.4760, lr: 1.73e-04
     Epoch[26] Iteration[90/192], entropy: 0.4307, loss: 0.4307, lr: 0.00e+00
     Epoch[26] Iteration[100/192], entropy: 0.4027, loss: 0.4027, lr: 1.73e-04
     Epoch[26] Iteration[110/192], entropy: 0.4802, loss: 0.4802, lr: 4.52e-04
     Epoch[26] Iteration[120/192], entropy: 0.3097, loss: 0.3097, lr: 4.52e-04
     Epoch[26] Iteration[130/192], entropy: 0.3929, loss: 0.3929, lr: 1.73e-04
     Epoch[26] Iteration[140/192], entropy: 0.3985, loss: 0.3985, lr: 0.00e+00
     Epoch[26] Iteration[150/192], entropy: 0.4023, loss: 0.4023, lr: 1.73e-04
     Epoch[26] Iteration[160/192], entropy: 0.3383, loss: 0.3383, lr: 4.52e-04
     Epoch[26] Iteration[170/192], entropy: 0.4282, loss: 0.4282, lr: 4.52e-04
     Epoch[26] Iteration[180/192], entropy: 0.4750, loss: 0.4750, lr: 1.73e-04
     Epoch[26] Iteration[190/192], entropy: 0.3383, loss: 0.3383, lr: 0.00e+00
     Averaged stats: entropy: 0.2613, loss: 0.2613, lr: 7.85e-06
     itm tta time 0:00:23
### TTA Eval Score: 
+-------+--------+--------+--------+--------+--------+
| epoch |   R1   |   R5   |  R10   |  mAP   |  mINP  |
+-------+--------+--------+--------+--------+--------+
|  -999 | 77.680 | 91.407 | 94.883 | 69.300 | 53.366 |
|   0   | 75.422 | 90.692 | 94.574 | 67.542 | 51.443 |
|   1   | 63.694 | 84.032 | 89.864 | 57.319 | 41.117 |
|   2   | 44.071 | 68.194 | 77.729 | 40.579 | 26.448 |
|   3   | 26.283 | 50.097 | 61.306 | 25.983 | 15.186 |
|   4   | 15.627 | 35.153 | 46.313 | 16.548 | 8.901  |
|   5   | 9.454  | 24.204 | 34.324 | 10.827 | 5.392  |
|   6   | 6.335  | 18.291 | 26.413 | 7.829  | 3.769  |
|   7   | 3.996  | 13.044 | 20.175 | 5.615  | 2.678  |
|   8   | 2.989  | 10.185 | 15.838 | 4.405  | 2.066  |
|   9   | 2.355  | 8.561  | 13.580 | 3.700  | 1.742  |
|   10  | 1.884  | 7.391  | 12.135 | 3.254  | 1.555  |
|   11  | 1.641  | 6.465  | 10.851 | 2.933  | 1.407  |
|   12  | 1.527  | 5.880  | 10.088 | 2.716  | 1.307  |
|   13  | 1.413  | 5.442  | 9.292  | 2.551  | 1.241  |
|   14  | 1.316  | 5.182  | 8.658  | 2.417  | 1.178  |
|   15  | 1.235  | 4.662  | 8.073  | 2.250  | 1.106  |
|   16  | 1.072  | 4.240  | 7.424  | 2.091  | 1.042  |
|   17  | 1.023  | 3.931  | 7.018  | 1.977  | 0.992  |
|   18  | 0.958  | 3.785  | 6.920  | 1.966  | 0.991  |
|   19  | 0.991  | 3.606  | 6.546  | 1.897  | 0.944  |
|   20  | 0.877  | 3.281  | 6.222  | 1.781  | 0.903  |
|   21  | 0.828  | 3.200  | 5.978  | 1.731  | 0.881  |
|   22  | 0.796  | 2.989  | 5.588  | 1.662  | 0.852  |
|   23  | 0.796  | 3.005  | 5.491  | 1.647  | 0.843  |
|   24  | 0.796  | 3.038  | 5.556  | 1.671  | 0.853  |
|   25  | 0.828  | 3.135  | 5.880  | 1.715  | 0.865  |
|   26  | 0.780  | 2.794  | 5.247  | 1.612  | 0.825  |
+-------+--------+--------+--------+--------+--------+
     logs:  {'epo': 26, 'R1': 0.78, 'R5': 2.794, 'R10': 5.247, 'mAP': 1.612, 'mINP': 0.825, 'entropy': 0.39916343751706573, 'loss': 0.39916343751706573, 'lr': 0.0002540660130838847}
     Epoch[27] Iteration[10/192], entropy: 0.4105, loss: 0.4105, lr: 2.34e-04
     Epoch[27] Iteration[20/192], entropy: 0.3452, loss: 0.3452, lr: 4.69e-04
     Epoch[27] Iteration[30/192], entropy: 0.4696, loss: 0.4696, lr: 4.32e-04
     Epoch[27] Iteration[40/192], entropy: 0.3897, loss: 0.3897, lr: 1.44e-04
     Epoch[27] Iteration[50/192], entropy: 0.3744, loss: 0.3744, lr: 1.97e-06
     Epoch[27] Iteration[60/192], entropy: 0.2088, loss: 0.2088, lr: 2.03e-04
     Epoch[27] Iteration[70/192], entropy: 0.3756, loss: 0.3756, lr: 4.69e-04
     Epoch[27] Iteration[80/192], entropy: 0.4831, loss: 0.4831, lr: 4.32e-04
     Epoch[27] Iteration[90/192], entropy: 0.4354, loss: 0.4354, lr: 1.44e-04
     Epoch[27] Iteration[100/192], entropy: 0.4341, loss: 0.4341, lr: 1.97e-06
     Epoch[27] Iteration[110/192], entropy: 0.4438, loss: 0.4438, lr: 2.03e-04
     Epoch[27] Iteration[120/192], entropy: 0.3716, loss: 0.3716, lr: 4.69e-04
     Epoch[27] Iteration[130/192], entropy: 0.3141, loss: 0.3141, lr: 4.32e-04
     Epoch[27] Iteration[140/192], entropy: 0.3601, loss: 0.3601, lr: 1.44e-04
     Epoch[27] Iteration[150/192], entropy: 0.4813, loss: 0.4813, lr: 1.97e-06
     Epoch[27] Iteration[160/192], entropy: 0.5110, loss: 0.5110, lr: 2.03e-04
     Epoch[27] Iteration[170/192], entropy: 0.3878, loss: 0.3878, lr: 4.69e-04
     Epoch[27] Iteration[180/192], entropy: 0.3930, loss: 0.3930, lr: 4.32e-04
     Epoch[27] Iteration[190/192], entropy: 0.4069, loss: 0.4069, lr: 1.44e-04
     Averaged stats: entropy: 0.4414, loss: 0.4414, lr: 9.06e-05
     itm tta time 0:00:21
### TTA Eval Score: 
+-------+--------+--------+--------+--------+--------+
| epoch |   R1   |   R5   |  R10   |  mAP   |  mINP  |
+-------+--------+--------+--------+--------+--------+
|  -999 | 77.680 | 91.407 | 94.883 | 69.300 | 53.366 |
|   0   | 75.422 | 90.692 | 94.574 | 67.542 | 51.443 |
|   1   | 63.694 | 84.032 | 89.864 | 57.319 | 41.117 |
|   2   | 44.071 | 68.194 | 77.729 | 40.579 | 26.448 |
|   3   | 26.283 | 50.097 | 61.306 | 25.983 | 15.186 |
|   4   | 15.627 | 35.153 | 46.313 | 16.548 | 8.901  |
|   5   | 9.454  | 24.204 | 34.324 | 10.827 | 5.392  |
|   6   | 6.335  | 18.291 | 26.413 | 7.829  | 3.769  |
|   7   | 3.996  | 13.044 | 20.175 | 5.615  | 2.678  |
|   8   | 2.989  | 10.185 | 15.838 | 4.405  | 2.066  |
|   9   | 2.355  | 8.561  | 13.580 | 3.700  | 1.742  |
|   10  | 1.884  | 7.391  | 12.135 | 3.254  | 1.555  |
|   11  | 1.641  | 6.465  | 10.851 | 2.933  | 1.407  |
|   12  | 1.527  | 5.880  | 10.088 | 2.716  | 1.307  |
|   13  | 1.413  | 5.442  | 9.292  | 2.551  | 1.241  |
|   14  | 1.316  | 5.182  | 8.658  | 2.417  | 1.178  |
|   15  | 1.235  | 4.662  | 8.073  | 2.250  | 1.106  |
|   16  | 1.072  | 4.240  | 7.424  | 2.091  | 1.042  |
|   17  | 1.023  | 3.931  | 7.018  | 1.977  | 0.992  |
|   18  | 0.958  | 3.785  | 6.920  | 1.966  | 0.991  |
|   19  | 0.991  | 3.606  | 6.546  | 1.897  | 0.944  |
|   20  | 0.877  | 3.281  | 6.222  | 1.781  | 0.903  |
|   21  | 0.828  | 3.200  | 5.978  | 1.731  | 0.881  |
|   22  | 0.796  | 2.989  | 5.588  | 1.662  | 0.852  |
|   23  | 0.796  | 3.005  | 5.491  | 1.647  | 0.843  |
|   24  | 0.796  | 3.038  | 5.556  | 1.671  | 0.853  |
|   25  | 0.828  | 3.135  | 5.880  | 1.715  | 0.865  |
|   26  | 0.780  | 2.794  | 5.247  | 1.612  | 0.825  |
|   27  | 0.812  | 2.908  | 5.312  | 1.614  | 0.819  |
+-------+--------+--------+--------+--------+--------+
     logs:  {'epo': 27, 'R1': 0.812, 'R5': 2.908, 'R10': 5.312, 'mAP': 1.614, 'mINP': 0.819, 'entropy': 0.3997936938938342, 'loss': 0.3997936938938342, 'lr': 0.0002646934933733008}
     Epoch[28] Iteration[10/192], entropy: 0.3841, loss: 0.3841, lr: 1.76e-05
     Epoch[28] Iteration[20/192], entropy: 0.3568, loss: 0.3568, lr: 2.66e-04
     Epoch[28] Iteration[30/192], entropy: 0.2802, loss: 0.2802, lr: 4.92e-04
     Epoch[28] Iteration[40/192], entropy: 0.3518, loss: 0.3518, lr: 3.84e-04
     Epoch[28] Iteration[50/192], entropy: 0.3787, loss: 0.3787, lr: 9.06e-05
     Epoch[28] Iteration[60/192], entropy: 0.2524, loss: 0.2524, lr: 1.76e-05
     Epoch[28] Iteration[70/192], entropy: 0.3386, loss: 0.3386, lr: 2.66e-04
     Epoch[28] Iteration[80/192], entropy: 0.2536, loss: 0.2536, lr: 4.92e-04
     Epoch[28] Iteration[90/192], entropy: 0.4982, loss: 0.4982, lr: 3.84e-04
     Epoch[28] Iteration[100/192], entropy: 0.3805, loss: 0.3805, lr: 9.06e-05
     Epoch[28] Iteration[110/192], entropy: 0.3431, loss: 0.3431, lr: 1.76e-05
     Epoch[28] Iteration[120/192], entropy: 0.3532, loss: 0.3532, lr: 2.66e-04
     Epoch[28] Iteration[130/192], entropy: 0.3868, loss: 0.3868, lr: 4.92e-04
     Epoch[28] Iteration[140/192], entropy: 0.3914, loss: 0.3914, lr: 3.84e-04
     Epoch[28] Iteration[150/192], entropy: 0.3609, loss: 0.3609, lr: 9.06e-05
     Epoch[28] Iteration[160/192], entropy: 0.3402, loss: 0.3402, lr: 1.76e-05
     Epoch[28] Iteration[170/192], entropy: 0.4054, loss: 0.4054, lr: 2.66e-04
     Epoch[28] Iteration[180/192], entropy: 0.2635, loss: 0.2635, lr: 4.92e-04
     Epoch[28] Iteration[190/192], entropy: 0.5066, loss: 0.5066, lr: 3.84e-04
     Averaged stats: entropy: 0.3664, loss: 0.3664, lr: 3.27e-04
     itm tta time 0:00:22
### TTA Eval Score: 
+-------+--------+--------+--------+--------+--------+
| epoch |   R1   |   R5   |  R10   |  mAP   |  mINP  |
+-------+--------+--------+--------+--------+--------+
|  -999 | 77.680 | 91.407 | 94.883 | 69.300 | 53.366 |
|   0   | 75.422 | 90.692 | 94.574 | 67.542 | 51.443 |
|   1   | 63.694 | 84.032 | 89.864 | 57.319 | 41.117 |
|   2   | 44.071 | 68.194 | 77.729 | 40.579 | 26.448 |
|   3   | 26.283 | 50.097 | 61.306 | 25.983 | 15.186 |
|   4   | 15.627 | 35.153 | 46.313 | 16.548 | 8.901  |
|   5   | 9.454  | 24.204 | 34.324 | 10.827 | 5.392  |
|   6   | 6.335  | 18.291 | 26.413 | 7.829  | 3.769  |
|   7   | 3.996  | 13.044 | 20.175 | 5.615  | 2.678  |
|   8   | 2.989  | 10.185 | 15.838 | 4.405  | 2.066  |
|   9   | 2.355  | 8.561  | 13.580 | 3.700  | 1.742  |
|   10  | 1.884  | 7.391  | 12.135 | 3.254  | 1.555  |
|   11  | 1.641  | 6.465  | 10.851 | 2.933  | 1.407  |
|   12  | 1.527  | 5.880  | 10.088 | 2.716  | 1.307  |
|   13  | 1.413  | 5.442  | 9.292  | 2.551  | 1.241  |
|   14  | 1.316  | 5.182  | 8.658  | 2.417  | 1.178  |
|   15  | 1.235  | 4.662  | 8.073  | 2.250  | 1.106  |
|   16  | 1.072  | 4.240  | 7.424  | 2.091  | 1.042  |
|   17  | 1.023  | 3.931  | 7.018  | 1.977  | 0.992  |
|   18  | 0.958  | 3.785  | 6.920  | 1.966  | 0.991  |
|   19  | 0.991  | 3.606  | 6.546  | 1.897  | 0.944  |
|   20  | 0.877  | 3.281  | 6.222  | 1.781  | 0.903  |
|   21  | 0.828  | 3.200  | 5.978  | 1.731  | 0.881  |
|   22  | 0.796  | 2.989  | 5.588  | 1.662  | 0.852  |
|   23  | 0.796  | 3.005  | 5.491  | 1.647  | 0.843  |
|   24  | 0.796  | 3.038  | 5.556  | 1.671  | 0.853  |
|   25  | 0.828  | 3.135  | 5.880  | 1.715  | 0.865  |
|   26  | 0.780  | 2.794  | 5.247  | 1.612  | 0.825  |
|   27  | 0.812  | 2.908  | 5.312  | 1.614  | 0.819  |
|   28  | 0.763  | 2.778  | 5.149  | 1.567  | 0.802  |
+-------+--------+--------+--------+--------+--------+
     logs:  {'epo': 28, 'R1': 0.763, 'R5': 2.778, 'R10': 5.149, 'mAP': 1.567, 'mINP': 0.802, 'entropy': 0.3592648913985805, 'loss': 0.3592648913985805, 'lr': 0.0002583871577598533}
     Epoch[29] Iteration[10/192], entropy: 0.3627, loss: 0.3627, lr: 4.77e-05
     Epoch[29] Iteration[20/192], entropy: 0.3715, loss: 0.3715, lr: 4.77e-05
     Epoch[29] Iteration[30/192], entropy: 0.3486, loss: 0.3486, lr: 3.27e-04
     Epoch[29] Iteration[40/192], entropy: 0.4707, loss: 0.4707, lr: 5.00e-04
     Epoch[29] Iteration[50/192], entropy: 0.2666, loss: 0.2666, lr: 3.27e-04
     Epoch[29] Iteration[60/192], entropy: 0.3377, loss: 0.3377, lr: 4.77e-05
     Epoch[29] Iteration[70/192], entropy: 0.5163, loss: 0.5163, lr: 4.77e-05
     Epoch[29] Iteration[80/192], entropy: 0.3209, loss: 0.3209, lr: 3.27e-04
     Epoch[29] Iteration[90/192], entropy: 0.5119, loss: 0.5119, lr: 5.00e-04
     Epoch[29] Iteration[100/192], entropy: 0.4907, loss: 0.4907, lr: 3.27e-04
     Epoch[29] Iteration[110/192], entropy: 0.2604, loss: 0.2604, lr: 4.77e-05
     Epoch[29] Iteration[120/192], entropy: 0.4575, loss: 0.4575, lr: 4.77e-05
     Epoch[29] Iteration[130/192], entropy: 0.3567, loss: 0.3567, lr: 3.27e-04
     Epoch[29] Iteration[140/192], entropy: 0.3890, loss: 0.3890, lr: 5.00e-04
     Epoch[29] Iteration[150/192], entropy: 0.3481, loss: 0.3481, lr: 3.27e-04
     Epoch[29] Iteration[160/192], entropy: 0.4000, loss: 0.4000, lr: 4.77e-05
     Epoch[29] Iteration[170/192], entropy: 0.3772, loss: 0.3772, lr: 4.77e-05
     Epoch[29] Iteration[180/192], entropy: 0.3360, loss: 0.3360, lr: 3.27e-04
     Epoch[29] Iteration[190/192], entropy: 0.3770, loss: 0.3770, lr: 5.00e-04
     Averaged stats: entropy: 0.3406, loss: 0.3406, lr: 4.92e-04
     itm tta time 0:00:23
### TTA Eval Score: 
+-------+--------+--------+--------+--------+--------+
| epoch |   R1   |   R5   |  R10   |  mAP   |  mINP  |
+-------+--------+--------+--------+--------+--------+
|  -999 | 77.680 | 91.407 | 94.883 | 69.300 | 53.366 |
|   0   | 75.422 | 90.692 | 94.574 | 67.542 | 51.443 |
|   1   | 63.694 | 84.032 | 89.864 | 57.319 | 41.117 |
|   2   | 44.071 | 68.194 | 77.729 | 40.579 | 26.448 |
|   3   | 26.283 | 50.097 | 61.306 | 25.983 | 15.186 |
|   4   | 15.627 | 35.153 | 46.313 | 16.548 | 8.901  |
|   5   | 9.454  | 24.204 | 34.324 | 10.827 | 5.392  |
|   6   | 6.335  | 18.291 | 26.413 | 7.829  | 3.769  |
|   7   | 3.996  | 13.044 | 20.175 | 5.615  | 2.678  |
|   8   | 2.989  | 10.185 | 15.838 | 4.405  | 2.066  |
|   9   | 2.355  | 8.561  | 13.580 | 3.700  | 1.742  |
|   10  | 1.884  | 7.391  | 12.135 | 3.254  | 1.555  |
|   11  | 1.641  | 6.465  | 10.851 | 2.933  | 1.407  |
|   12  | 1.527  | 5.880  | 10.088 | 2.716  | 1.307  |
|   13  | 1.413  | 5.442  | 9.292  | 2.551  | 1.241  |
|   14  | 1.316  | 5.182  | 8.658  | 2.417  | 1.178  |
|   15  | 1.235  | 4.662  | 8.073  | 2.250  | 1.106  |
|   16  | 1.072  | 4.240  | 7.424  | 2.091  | 1.042  |
|   17  | 1.023  | 3.931  | 7.018  | 1.977  | 0.992  |
|   18  | 0.958  | 3.785  | 6.920  | 1.966  | 0.991  |
|   19  | 0.991  | 3.606  | 6.546  | 1.897  | 0.944  |
|   20  | 0.877  | 3.281  | 6.222  | 1.781  | 0.903  |
|   21  | 0.828  | 3.200  | 5.978  | 1.731  | 0.881  |
|   22  | 0.796  | 2.989  | 5.588  | 1.662  | 0.852  |
|   23  | 0.796  | 3.005  | 5.491  | 1.647  | 0.843  |
|   24  | 0.796  | 3.038  | 5.556  | 1.671  | 0.853  |
|   25  | 0.828  | 3.135  | 5.880  | 1.715  | 0.865  |
|   26  | 0.780  | 2.794  | 5.247  | 1.612  | 0.825  |
|   27  | 0.812  | 2.908  | 5.312  | 1.614  | 0.819  |
|   28  | 0.763  | 2.778  | 5.149  | 1.567  | 0.802  |
|   29  | 0.780  | 2.843  | 5.361  | 1.602  | 0.809  |
+-------+--------+--------+--------+--------+--------+
     logs:  {'epo': 29, 'R1': 0.78, 'R5': 2.843, 'R10': 5.361, 'mAP': 1.602, 'mINP': 0.809, 'entropy': 0.3841919851930518, 'loss': 0.3841919851930518, 'lr': 0.00024593398691611425}
### best epoch 0 : {'epo': '0', 'R1': '75.422', 'R5': '90.692', 'R10': '94.574', 'mAP': '67.542', 'mINP': '51.443', 'entropy': '0.7458874551873458', 'loss': '0.7458874551873458', 'lr': '0.00023935503954769803'}
### Time 0:16:24
