Not using distributed mode
### Hyper-parameters:
     output_dir: output_rerun2/ham_cuhk_tta/exp10/exp10.3.4/2025091814162
     seed: 42
     device: cuda
     batch_size_tta: 32
     epochs: 20
     lr: 0.001
### Creating test dataset
     test_txt_set: 6156    test_img_set: 3074
     test_txt_loader: 13    test_img_loader: 7
### Creating model
Training Model with ['sdm', 'id', 'mlm'] tasks
Resized position embedding from size:torch.Size([1, 197, 768]) to size: torch.Size([1, 193, 768]) with height:24 width: 8
     Total Params Sum:  194535419
### Zero-Shot Score: 
/home/jiahao/task/IRRA/tta.py:284: FutureWarning: `torch.cuda.amp.GradScaler(args...)` is deprecated. Please use `torch.amp.GradScaler('cuda', args...)` instead.
  scaler = GradScaler()  # bf16
+-------+--------+--------+--------+--------+--------+
| epoch |   R1   |   R5   |  R10   |  mAP   |  mINP  |
+-------+--------+--------+--------+--------+--------+
|  -999 | 70.647 | 86.940 | 91.797 | 63.400 | 47.058 |
+-------+--------+--------+--------+--------+--------+
### TTA:
### Compute Cos Similarity Uncertainty
     preprocess_tta_coefficients  start
     sample selection ...
     number of sample after sample_selection: 6156
     uncertainty ...
     pos/neg sampling ...
      number of sample after pos/neg sampling: torch.Size([6156, 4])
     preprocess_tta_coefficients  end
### Creating TTA dataset
     tta_dataset: 6156
### Creating tta dataloader
### be careful: func create_loader returns a list length of 1
     tta_loader: 192
### Configure adapted weights
     TTA Dropout Modules: 
 []
     TTA Require Gradient Params: 
 [('base_model.transformer.resblocks.1.ln_1.weight', torch.Size([512])), ('base_model.transformer.resblocks.1.ln_1.bias', torch.Size([512])), ('base_model.transformer.resblocks.1.ln_2.weight', torch.Size([512])), ('base_model.transformer.resblocks.1.ln_2.bias', torch.Size([512])), ('base_model.transformer.resblocks.2.ln_1.weight', torch.Size([512])), ('base_model.transformer.resblocks.2.ln_1.bias', torch.Size([512])), ('base_model.transformer.resblocks.2.ln_2.weight', torch.Size([512])), ('base_model.transformer.resblocks.2.ln_2.bias', torch.Size([512])), ('base_model.transformer.resblocks.3.ln_1.weight', torch.Size([512])), ('base_model.transformer.resblocks.3.ln_1.bias', torch.Size([512])), ('base_model.transformer.resblocks.3.ln_2.weight', torch.Size([512])), ('base_model.transformer.resblocks.3.ln_2.bias', torch.Size([512])), ('base_model.transformer.resblocks.4.ln_1.weight', torch.Size([512])), ('base_model.transformer.resblocks.4.ln_1.bias', torch.Size([512])), ('base_model.transformer.resblocks.4.ln_2.weight', torch.Size([512])), ('base_model.transformer.resblocks.4.ln_2.bias', torch.Size([512])), ('base_model.transformer.resblocks.5.ln_1.weight', torch.Size([512])), ('base_model.transformer.resblocks.5.ln_1.bias', torch.Size([512])), ('base_model.transformer.resblocks.5.ln_2.weight', torch.Size([512])), ('base_model.transformer.resblocks.5.ln_2.bias', torch.Size([512])), ('base_model.transformer.resblocks.7.ln_1.weight', torch.Size([512])), ('base_model.transformer.resblocks.7.ln_1.bias', torch.Size([512])), ('base_model.transformer.resblocks.7.ln_2.weight', torch.Size([512])), ('base_model.transformer.resblocks.7.ln_2.bias', torch.Size([512])), ('base_model.transformer.resblocks.8.ln_1.weight', torch.Size([512])), ('base_model.transformer.resblocks.8.ln_1.bias', torch.Size([512])), ('base_model.transformer.resblocks.8.ln_2.weight', torch.Size([512])), ('base_model.transformer.resblocks.8.ln_2.bias', torch.Size([512])), ('base_model.transformer.resblocks.9.ln_1.weight', torch.Size([512])), ('base_model.transformer.resblocks.9.ln_1.bias', torch.Size([512])), ('base_model.transformer.resblocks.9.ln_2.weight', torch.Size([512])), ('base_model.transformer.resblocks.9.ln_2.bias', torch.Size([512])), ('base_model.transformer.resblocks.10.ln_1.weight', torch.Size([512])), ('base_model.transformer.resblocks.10.ln_1.bias', torch.Size([512])), ('base_model.transformer.resblocks.10.ln_2.weight', torch.Size([512])), ('base_model.transformer.resblocks.10.ln_2.bias', torch.Size([512])), ('base_model.transformer.resblocks.11.ln_1.weight', torch.Size([512])), ('base_model.transformer.resblocks.11.ln_1.bias', torch.Size([512])), ('base_model.transformer.resblocks.11.ln_2.weight', torch.Size([512])), ('base_model.transformer.resblocks.11.ln_2.bias', torch.Size([512])), ('base_model.ln_final.weight', torch.Size([512])), ('base_model.ln_final.bias', torch.Size([512]))]
     TTA Dropout Modules Number: 
 0
     TTA Require Gradient Params Sum: 
 21504
Using 5.0 times learning rate for random init module 
### Start Test Time Adaptation : num_epoch = 20
/home/jiahao/task/IRRA/tta.py:67: FutureWarning: `torch.cuda.amp.autocast(args...)` is deprecated. Please use `torch.amp.autocast('cuda', args...)` instead.
  with torch.cuda.amp.autocast(enabled=True):
     Epoch[0] Iteration[10/192], entropy: 0.3971, uncertainty: 3.8702, uncertainty_coeffi: 0.0100, loss: 0.1573, lr: 7.50e-04
     Epoch[0] Iteration[20/192], entropy: 0.1597, uncertainty: 3.2836, uncertainty_coeffi: 0.0100, loss: 0.0773, lr: 0.00e+00
     Epoch[0] Iteration[30/192], entropy: 0.2636, uncertainty: 4.2877, uncertainty_coeffi: 0.0100, loss: 0.1150, lr: 7.50e-04
     Epoch[0] Iteration[40/192], entropy: 0.2556, uncertainty: 3.6253, uncertainty_coeffi: 0.0100, loss: 0.0968, lr: 7.50e-04
     Epoch[0] Iteration[50/192], entropy: 0.4228, uncertainty: 4.7401, uncertainty_coeffi: 0.0100, loss: 0.1361, lr: 0.00e+00
     Epoch[0] Iteration[60/192], entropy: 0.1827, uncertainty: 3.5256, uncertainty_coeffi: 0.0100, loss: 0.0946, lr: 7.50e-04
     Epoch[0] Iteration[70/192], entropy: 0.3091, uncertainty: 3.4254, uncertainty_coeffi: 0.0100, loss: 0.1254, lr: 7.50e-04
     Epoch[0] Iteration[80/192], entropy: 0.2407, uncertainty: 3.9895, uncertainty_coeffi: 0.0100, loss: 0.1112, lr: 0.00e+00
     Epoch[0] Iteration[90/192], entropy: 0.3103, uncertainty: 3.6383, uncertainty_coeffi: 0.0100, loss: 0.1288, lr: 7.50e-04
     Epoch[0] Iteration[100/192], entropy: 0.2862, uncertainty: 3.7702, uncertainty_coeffi: 0.0100, loss: 0.1176, lr: 7.50e-04
     Epoch[0] Iteration[110/192], entropy: 0.2830, uncertainty: 3.5854, uncertainty_coeffi: 0.0100, loss: 0.1284, lr: 0.00e+00
     Epoch[0] Iteration[120/192], entropy: 0.2582, uncertainty: 3.6251, uncertainty_coeffi: 0.0100, loss: 0.0969, lr: 7.50e-04
     Epoch[0] Iteration[130/192], entropy: 0.2707, uncertainty: 3.4902, uncertainty_coeffi: 0.0100, loss: 0.1074, lr: 7.50e-04
     Epoch[0] Iteration[140/192], entropy: 0.2232, uncertainty: 3.5209, uncertainty_coeffi: 0.0100, loss: 0.0947, lr: 0.00e+00
     Epoch[0] Iteration[150/192], entropy: 0.2747, uncertainty: 3.7434, uncertainty_coeffi: 0.0100, loss: 0.1308, lr: 7.50e-04
     Epoch[0] Iteration[160/192], entropy: 0.2977, uncertainty: 3.8737, uncertainty_coeffi: 0.0100, loss: 0.1249, lr: 7.50e-04
     Epoch[0] Iteration[170/192], entropy: 0.2951, uncertainty: 3.8343, uncertainty_coeffi: 0.0100, loss: 0.0997, lr: 0.00e+00
     Epoch[0] Iteration[180/192], entropy: 0.1730, uncertainty: 3.2908, uncertainty_coeffi: 0.0100, loss: 0.0833, lr: 7.50e-04
     Epoch[0] Iteration[190/192], entropy: 0.2374, uncertainty: 3.7295, uncertainty_coeffi: 0.0100, loss: 0.1028, lr: 7.50e-04
     Averaged stats: entropy_avg: 0.2706, uncertainty_avg: 3.7289, uncertainty_coeffi_avg: 0.0100, loss_avg: 0.1121, lr_avg: 5.13e-04
     itm tta time 0:00:36
### TTA Eval Score: 
+-------+--------+--------+--------+--------+--------+
| epoch |   R1   |   R5   |  R10   |  mAP   |  mINP  |
+-------+--------+--------+--------+--------+--------+
|  -999 | 70.647 | 86.940 | 91.797 | 63.400 | 47.058 |
|   0   | 70.663 | 86.826 | 91.845 | 63.491 | 47.304 |
+-------+--------+--------+--------+--------+--------+
     logs:  {'epo': 0, 'R1': np.float32(70.663), 'R5': np.float32(86.826), 'R10': np.float32(91.845), 'mAP': np.float32(63.491), 'mINP': np.float32(47.304), 'entropy': 0.2705621633090471, 'uncertainty': 3.7289077859175834, 'uncertainty_coeffi': 0.009999999776482582, 'loss': 0.11205399938319859, 'lr': 0.0005131578947368422}
     Epoch[1] Iteration[10/192], entropy: 0.3503, uncertainty: 4.0590, uncertainty_coeffi: 0.0100, loss: 0.1328, lr: 4.32e-05
     Epoch[1] Iteration[20/192], entropy: 0.2078, uncertainty: 2.9863, uncertainty_coeffi: 0.0100, loss: 0.1017, lr: 9.05e-04
     Epoch[1] Iteration[30/192], entropy: 0.2547, uncertainty: 3.7487, uncertainty_coeffi: 0.0100, loss: 0.1081, lr: 5.52e-04
     Epoch[1] Iteration[40/192], entropy: 0.1924, uncertainty: 4.0289, uncertainty_coeffi: 0.0100, loss: 0.0816, lr: 4.32e-05
     Epoch[1] Iteration[50/192], entropy: 0.2963, uncertainty: 3.3544, uncertainty_coeffi: 0.0100, loss: 0.1075, lr: 9.05e-04
     Epoch[1] Iteration[60/192], entropy: 0.3560, uncertainty: 3.9146, uncertainty_coeffi: 0.0100, loss: 0.1444, lr: 5.52e-04
     Epoch[1] Iteration[70/192], entropy: 0.1542, uncertainty: 3.0734, uncertainty_coeffi: 0.0100, loss: 0.0926, lr: 4.32e-05
     Epoch[1] Iteration[80/192], entropy: 0.2472, uncertainty: 4.5724, uncertainty_coeffi: 0.0100, loss: 0.0874, lr: 9.05e-04
     Epoch[1] Iteration[90/192], entropy: 0.2862, uncertainty: 3.5364, uncertainty_coeffi: 0.0100, loss: 0.1356, lr: 5.52e-04
     Epoch[1] Iteration[100/192], entropy: 0.3608, uncertainty: 3.0501, uncertainty_coeffi: 0.0100, loss: 0.1412, lr: 4.32e-05
     Epoch[1] Iteration[110/192], entropy: 0.2506, uncertainty: 3.6277, uncertainty_coeffi: 0.0100, loss: 0.0943, lr: 9.05e-04
     Epoch[1] Iteration[120/192], entropy: 0.2773, uncertainty: 4.3673, uncertainty_coeffi: 0.0100, loss: 0.1207, lr: 5.52e-04
     Epoch[1] Iteration[130/192], entropy: 0.2661, uncertainty: 3.4537, uncertainty_coeffi: 0.0100, loss: 0.1067, lr: 4.32e-05
     Epoch[1] Iteration[140/192], entropy: 0.3538, uncertainty: 3.6597, uncertainty_coeffi: 0.0100, loss: 0.1576, lr: 9.05e-04
     Epoch[1] Iteration[150/192], entropy: 0.3392, uncertainty: 3.6286, uncertainty_coeffi: 0.0100, loss: 0.1285, lr: 5.52e-04
     Epoch[1] Iteration[160/192], entropy: 0.2293, uncertainty: 4.0160, uncertainty_coeffi: 0.0100, loss: 0.0932, lr: 4.32e-05
     Epoch[1] Iteration[170/192], entropy: 0.3156, uncertainty: 3.9179, uncertainty_coeffi: 0.0100, loss: 0.1250, lr: 9.05e-04
     Epoch[1] Iteration[180/192], entropy: 0.2275, uncertainty: 3.2820, uncertainty_coeffi: 0.0100, loss: 0.0850, lr: 5.52e-04
     Epoch[1] Iteration[190/192], entropy: 0.2012, uncertainty: 3.3534, uncertainty_coeffi: 0.0100, loss: 0.1065, lr: 4.32e-05
     Averaged stats: entropy_avg: 0.2719, uncertainty_avg: 3.6648, uncertainty_coeffi_avg: 0.0100, loss_avg: 0.1132, lr_avg: 4.76e-04
     itm tta time 0:00:37
### TTA Eval Score: 
+-------+--------+--------+--------+--------+--------+
| epoch |   R1   |   R5   |  R10   |  mAP   |  mINP  |
+-------+--------+--------+--------+--------+--------+
|  -999 | 70.647 | 86.940 | 91.797 | 63.400 | 47.058 |
|   0   | 70.663 | 86.826 | 91.845 | 63.491 | 47.304 |
|   1   | 70.468 | 86.842 | 91.813 | 63.433 | 47.210 |
+-------+--------+--------+--------+--------+--------+
     logs:  {'epo': 1, 'R1': np.float32(70.468), 'R5': np.float32(86.842), 'R10': np.float32(91.813), 'mAP': np.float32(63.433), 'mINP': np.float32(47.21), 'entropy': 0.27191899716854095, 'uncertainty': 3.664768670734606, 'uncertainty_coeffi': 0.009999999776482582, 'loss': 0.1131817553388445, 'lr': 0.0004759593300620373}
     Epoch[2] Iteration[10/192], entropy: 0.2751, uncertainty: 3.3550, uncertainty_coeffi: 0.0100, loss: 0.1404, lr: 9.89e-04
     Epoch[2] Iteration[20/192], entropy: 0.2610, uncertainty: 3.9738, uncertainty_coeffi: 0.0100, loss: 0.1122, lr: 3.45e-04
     Epoch[2] Iteration[30/192], entropy: 0.1192, uncertainty: 3.8656, uncertainty_coeffi: 0.0100, loss: 0.0733, lr: 1.65e-04
     Epoch[2] Iteration[40/192], entropy: 0.2163, uncertainty: 4.1381, uncertainty_coeffi: 0.0100, loss: 0.1005, lr: 9.89e-04
     Epoch[2] Iteration[50/192], entropy: 0.1689, uncertainty: 3.6009, uncertainty_coeffi: 0.0100, loss: 0.0758, lr: 3.45e-04
     Epoch[2] Iteration[60/192], entropy: 0.3109, uncertainty: 3.6138, uncertainty_coeffi: 0.0100, loss: 0.1254, lr: 1.65e-04
     Epoch[2] Iteration[70/192], entropy: 0.0850, uncertainty: 3.2079, uncertainty_coeffi: 0.0100, loss: 0.0561, lr: 9.89e-04
     Epoch[2] Iteration[80/192], entropy: 0.2553, uncertainty: 3.9257, uncertainty_coeffi: 0.0100, loss: 0.0993, lr: 3.45e-04
     Epoch[2] Iteration[90/192], entropy: 0.2397, uncertainty: 3.5311, uncertainty_coeffi: 0.0100, loss: 0.1178, lr: 1.65e-04
     Epoch[2] Iteration[100/192], entropy: 0.2252, uncertainty: 3.6127, uncertainty_coeffi: 0.0100, loss: 0.1088, lr: 9.89e-04
     Epoch[2] Iteration[110/192], entropy: 0.2221, uncertainty: 3.3062, uncertainty_coeffi: 0.0100, loss: 0.1158, lr: 3.45e-04
     Epoch[2] Iteration[120/192], entropy: 0.2520, uncertainty: 3.9586, uncertainty_coeffi: 0.0100, loss: 0.1119, lr: 1.65e-04
     Epoch[2] Iteration[130/192], entropy: 0.2295, uncertainty: 3.1400, uncertainty_coeffi: 0.0100, loss: 0.1351, lr: 9.89e-04
     Epoch[2] Iteration[140/192], entropy: 0.1932, uncertainty: 3.6648, uncertainty_coeffi: 0.0100, loss: 0.0993, lr: 3.45e-04
     Epoch[2] Iteration[150/192], entropy: 0.2044, uncertainty: 3.3907, uncertainty_coeffi: 0.0100, loss: 0.0972, lr: 1.65e-04
     Epoch[2] Iteration[160/192], entropy: 0.1940, uncertainty: 4.1162, uncertainty_coeffi: 0.0100, loss: 0.0882, lr: 9.89e-04
     Epoch[2] Iteration[170/192], entropy: 0.2926, uncertainty: 3.8827, uncertainty_coeffi: 0.0100, loss: 0.1005, lr: 3.45e-04
     Epoch[2] Iteration[180/192], entropy: 0.1973, uncertainty: 4.2972, uncertainty_coeffi: 0.0100, loss: 0.0808, lr: 1.65e-04
     Epoch[2] Iteration[190/192], entropy: 0.1750, uncertainty: 3.1072, uncertainty_coeffi: 0.0100, loss: 0.1101, lr: 9.89e-04
     Averaged stats: entropy_avg: 0.2167, uncertainty_avg: 3.6678, uncertainty_coeffi_avg: 0.0100, loss_avg: 0.1026, lr_avg: 5.26e-04
     itm tta time 0:00:37
### TTA Eval Score: 
+-------+--------+--------+--------+--------+--------+
| epoch |   R1   |   R5   |  R10   |  mAP   |  mINP  |
+-------+--------+--------+--------+--------+--------+
|  -999 | 70.647 | 86.940 | 91.797 | 63.400 | 47.058 |
|   0   | 70.663 | 86.826 | 91.845 | 63.491 | 47.304 |
|   1   | 70.468 | 86.842 | 91.813 | 63.433 | 47.210 |
|   2   | 70.403 | 86.793 | 91.764 | 63.400 | 47.173 |
+-------+--------+--------+--------+--------+--------+
     logs:  {'epo': 2, 'R1': np.float32(70.403), 'R5': np.float32(86.793), 'R10': np.float32(91.764), 'mAP': np.float32(63.4), 'mINP': np.float32(47.173), 'entropy': 0.2166727040159075, 'uncertainty': 3.6678066128178646, 'uncertainty_coeffi': 0.009999999776482582, 'loss': 0.10256450976196088, 'lr': 0.0005257407263350987}
     Epoch[3] Iteration[10/192], entropy: 0.2145, uncertainty: 4.1797, uncertainty_coeffi: 0.0100, loss: 0.0911, lr: 1.65e-04
     Epoch[3] Iteration[20/192], entropy: 0.2310, uncertainty: 4.2864, uncertainty_coeffi: 0.0100, loss: 0.0900, lr: 3.45e-04
     Epoch[3] Iteration[30/192], entropy: 0.1430, uncertainty: 2.9994, uncertainty_coeffi: 0.0100, loss: 0.0778, lr: 9.89e-04
     Epoch[3] Iteration[40/192], entropy: 0.1810, uncertainty: 3.6746, uncertainty_coeffi: 0.0100, loss: 0.0803, lr: 1.65e-04
     Epoch[3] Iteration[50/192], entropy: 0.2509, uncertainty: 4.1727, uncertainty_coeffi: 0.0100, loss: 0.1145, lr: 3.45e-04
     Epoch[3] Iteration[60/192], entropy: 0.3297, uncertainty: 3.8183, uncertainty_coeffi: 0.0100, loss: 0.1331, lr: 9.89e-04
     Epoch[3] Iteration[70/192], entropy: 0.2994, uncertainty: 3.5216, uncertainty_coeffi: 0.0100, loss: 0.1153, lr: 1.65e-04
     Epoch[3] Iteration[80/192], entropy: 0.2646, uncertainty: 3.4209, uncertainty_coeffi: 0.0100, loss: 0.1274, lr: 3.45e-04
     Epoch[3] Iteration[90/192], entropy: 0.2714, uncertainty: 4.3307, uncertainty_coeffi: 0.0100, loss: 0.1156, lr: 9.89e-04
     Epoch[3] Iteration[100/192], entropy: 0.1219, uncertainty: 3.6173, uncertainty_coeffi: 0.0100, loss: 0.0859, lr: 1.65e-04
     Epoch[3] Iteration[110/192], entropy: 0.1356, uncertainty: 3.0542, uncertainty_coeffi: 0.0100, loss: 0.0722, lr: 3.45e-04
     Epoch[3] Iteration[120/192], entropy: 0.2644, uncertainty: 3.7013, uncertainty_coeffi: 0.0100, loss: 0.1072, lr: 9.89e-04
     Epoch[3] Iteration[130/192], entropy: 0.2376, uncertainty: 3.8811, uncertainty_coeffi: 0.0100, loss: 0.0957, lr: 1.65e-04
     Epoch[3] Iteration[140/192], entropy: 0.2203, uncertainty: 3.2807, uncertainty_coeffi: 0.0100, loss: 0.0937, lr: 3.45e-04
     Epoch[3] Iteration[150/192], entropy: 0.2221, uncertainty: 3.4720, uncertainty_coeffi: 0.0100, loss: 0.1129, lr: 9.89e-04
     Epoch[3] Iteration[160/192], entropy: 0.1160, uncertainty: 3.1422, uncertainty_coeffi: 0.0100, loss: 0.0707, lr: 1.65e-04
     Epoch[3] Iteration[170/192], entropy: 0.3447, uncertainty: 4.1258, uncertainty_coeffi: 0.0100, loss: 0.1301, lr: 3.45e-04
     Epoch[3] Iteration[180/192], entropy: 0.2235, uncertainty: 3.6732, uncertainty_coeffi: 0.0100, loss: 0.1040, lr: 9.89e-04
     Epoch[3] Iteration[190/192], entropy: 0.3092, uncertainty: 4.1204, uncertainty_coeffi: 0.0100, loss: 0.1285, lr: 1.65e-04
     Averaged stats: entropy_avg: 0.2306, uncertainty_avg: 3.7091, uncertainty_coeffi_avg: 0.0100, loss_avg: 0.1024, lr_avg: 4.82e-04
     itm tta time 0:00:37
     Epoch[4] Iteration[10/192], entropy: 0.1867, uncertainty: 3.0635, uncertainty_coeffi: 0.0100, loss: 0.0769, lr: 5.52e-04
     Epoch[4] Iteration[20/192], entropy: 0.2869, uncertainty: 3.3982, uncertainty_coeffi: 0.0100, loss: 0.1199, lr: 9.05e-04
     Epoch[4] Iteration[30/192], entropy: 0.2710, uncertainty: 3.5013, uncertainty_coeffi: 0.0100, loss: 0.0982, lr: 4.32e-05
     Epoch[4] Iteration[40/192], entropy: 0.1791, uncertainty: 2.9661, uncertainty_coeffi: 0.0100, loss: 0.1016, lr: 5.52e-04
     Epoch[4] Iteration[50/192], entropy: 0.1756, uncertainty: 3.2308, uncertainty_coeffi: 0.0100, loss: 0.0804, lr: 9.05e-04
     Epoch[4] Iteration[60/192], entropy: 0.2511, uncertainty: 3.8745, uncertainty_coeffi: 0.0100, loss: 0.1061, lr: 4.32e-05
     Epoch[4] Iteration[70/192], entropy: 0.1611, uncertainty: 3.7850, uncertainty_coeffi: 0.0100, loss: 0.0807, lr: 5.52e-04
     Epoch[4] Iteration[80/192], entropy: 0.2722, uncertainty: 3.8653, uncertainty_coeffi: 0.0100, loss: 0.1165, lr: 9.05e-04
     Epoch[4] Iteration[90/192], entropy: 0.2104, uncertainty: 3.6215, uncertainty_coeffi: 0.0100, loss: 0.0984, lr: 4.32e-05
     Epoch[4] Iteration[100/192], entropy: 0.2666, uncertainty: 3.5157, uncertainty_coeffi: 0.0100, loss: 0.1062, lr: 5.52e-04
     Epoch[4] Iteration[110/192], entropy: 0.2650, uncertainty: 3.6468, uncertainty_coeffi: 0.0100, loss: 0.1114, lr: 9.05e-04
     Epoch[4] Iteration[120/192], entropy: 0.2569, uncertainty: 3.3615, uncertainty_coeffi: 0.0100, loss: 0.1191, lr: 4.32e-05
     Epoch[4] Iteration[130/192], entropy: 0.2039, uncertainty: 3.5453, uncertainty_coeffi: 0.0100, loss: 0.0883, lr: 5.52e-04
     Epoch[4] Iteration[140/192], entropy: 0.2136, uncertainty: 3.2626, uncertainty_coeffi: 0.0100, loss: 0.0925, lr: 9.05e-04
     Epoch[4] Iteration[150/192], entropy: 0.2759, uncertainty: 3.3568, uncertainty_coeffi: 0.0100, loss: 0.1296, lr: 4.32e-05
     Epoch[4] Iteration[160/192], entropy: 0.1902, uncertainty: 3.4173, uncertainty_coeffi: 0.0100, loss: 0.0763, lr: 5.52e-04
     Epoch[4] Iteration[170/192], entropy: 0.2379, uncertainty: 3.4123, uncertainty_coeffi: 0.0100, loss: 0.1299, lr: 9.05e-04
     Epoch[4] Iteration[180/192], entropy: 0.2883, uncertainty: 3.9410, uncertainty_coeffi: 0.0100, loss: 0.1100, lr: 4.32e-05
     Epoch[4] Iteration[190/192], entropy: 0.2630, uncertainty: 4.3076, uncertainty_coeffi: 0.0100, loss: 0.1058, lr: 5.52e-04
     Averaged stats: entropy_avg: 0.2345, uncertainty_avg: 3.5302, uncertainty_coeffi_avg: 0.0100, loss_avg: 0.1025, lr_avg: 5.03e-04
     itm tta time 0:00:37
### TTA Eval Score: 
+-------+--------+--------+--------+--------+--------+
| epoch |   R1   |   R5   |  R10   |  mAP   |  mINP  |
+-------+--------+--------+--------+--------+--------+
|  -999 | 70.647 | 86.940 | 91.797 | 63.400 | 47.058 |
|   0   | 70.663 | 86.826 | 91.845 | 63.491 | 47.304 |
|   1   | 70.468 | 86.842 | 91.813 | 63.433 | 47.210 |
|   2   | 70.403 | 86.793 | 91.764 | 63.400 | 47.173 |
|   4   | 70.419 | 86.582 | 91.732 | 63.390 | 47.120 |
+-------+--------+--------+--------+--------+--------+
     logs:  {'epo': 4, 'R1': np.float32(70.419), 'R5': np.float32(86.582), 'R10': np.float32(91.732), 'mAP': np.float32(63.39), 'mINP': np.float32(47.12), 'entropy': 0.23449154198169708, 'uncertainty': 3.530161217639321, 'uncertainty_coeffi': 0.009999999776482582, 'loss': 0.10251056402921677, 'lr': 0.0005027507490333572}
     Epoch[5] Iteration[10/192], entropy: 0.2369, uncertainty: 3.8791, uncertainty_coeffi: 0.0100, loss: 0.0940, lr: 7.50e-04
     Epoch[5] Iteration[20/192], entropy: 0.1535, uncertainty: 2.8268, uncertainty_coeffi: 0.0100, loss: 0.0876, lr: 0.00e+00
     Epoch[5] Iteration[30/192], entropy: 0.2048, uncertainty: 3.5447, uncertainty_coeffi: 0.0100, loss: 0.0856, lr: 7.50e-04
     Epoch[5] Iteration[40/192], entropy: 0.1909, uncertainty: 3.2296, uncertainty_coeffi: 0.0100, loss: 0.0948, lr: 7.50e-04
     Epoch[5] Iteration[50/192], entropy: 0.2966, uncertainty: 3.7691, uncertainty_coeffi: 0.0100, loss: 0.1168, lr: 0.00e+00
     Epoch[5] Iteration[60/192], entropy: 0.2236, uncertainty: 4.2417, uncertainty_coeffi: 0.0100, loss: 0.0929, lr: 7.50e-04
     Epoch[5] Iteration[70/192], entropy: 0.2185, uncertainty: 3.4638, uncertainty_coeffi: 0.0100, loss: 0.1144, lr: 7.50e-04
     Epoch[5] Iteration[80/192], entropy: 0.2628, uncertainty: 3.8550, uncertainty_coeffi: 0.0100, loss: 0.1021, lr: 0.00e+00
     Epoch[5] Iteration[90/192], entropy: 0.2364, uncertainty: 4.1860, uncertainty_coeffi: 0.0100, loss: 0.0955, lr: 7.50e-04
     Epoch[5] Iteration[100/192], entropy: 0.2428, uncertainty: 3.6869, uncertainty_coeffi: 0.0100, loss: 0.0950, lr: 7.50e-04
     Epoch[5] Iteration[110/192], entropy: 0.2525, uncertainty: 3.9236, uncertainty_coeffi: 0.0100, loss: 0.0887, lr: 0.00e+00
     Epoch[5] Iteration[120/192], entropy: 0.2392, uncertainty: 3.5022, uncertainty_coeffi: 0.0100, loss: 0.1062, lr: 7.50e-04
     Epoch[5] Iteration[130/192], entropy: 0.1985, uncertainty: 3.7528, uncertainty_coeffi: 0.0100, loss: 0.0839, lr: 7.50e-04
     Epoch[5] Iteration[140/192], entropy: 0.2479, uncertainty: 3.5693, uncertainty_coeffi: 0.0100, loss: 0.1062, lr: 0.00e+00
     Epoch[5] Iteration[150/192], entropy: 0.3058, uncertainty: 3.6555, uncertainty_coeffi: 0.0100, loss: 0.1091, lr: 7.50e-04
     Epoch[5] Iteration[160/192], entropy: 0.1808, uncertainty: 3.3420, uncertainty_coeffi: 0.0100, loss: 0.0794, lr: 7.50e-04
     Epoch[5] Iteration[170/192], entropy: 0.2384, uncertainty: 3.7207, uncertainty_coeffi: 0.0100, loss: 0.1030, lr: 0.00e+00
     Epoch[5] Iteration[180/192], entropy: 0.2248, uncertainty: 3.6308, uncertainty_coeffi: 0.0100, loss: 0.0943, lr: 7.50e-04
     Epoch[5] Iteration[190/192], entropy: 0.1692, uncertainty: 3.1755, uncertainty_coeffi: 0.0100, loss: 0.0986, lr: 7.50e-04
     Averaged stats: entropy_avg: 0.2276, uncertainty_avg: 3.6292, uncertainty_coeffi_avg: 0.0100, loss_avg: 0.0973, lr_avg: 5.13e-04
     itm tta time 0:00:37
     Epoch[6] Iteration[10/192], entropy: 0.2818, uncertainty: 3.6849, uncertainty_coeffi: 0.0100, loss: 0.1029, lr: 4.32e-05
     Epoch[6] Iteration[20/192], entropy: 0.1652, uncertainty: 3.6445, uncertainty_coeffi: 0.0100, loss: 0.0736, lr: 9.05e-04
     Epoch[6] Iteration[30/192], entropy: 0.2533, uncertainty: 3.6327, uncertainty_coeffi: 0.0100, loss: 0.1220, lr: 5.52e-04
     Epoch[6] Iteration[40/192], entropy: 0.1179, uncertainty: 3.3125, uncertainty_coeffi: 0.0100, loss: 0.0600, lr: 4.32e-05
     Epoch[6] Iteration[50/192], entropy: 0.2903, uncertainty: 3.9138, uncertainty_coeffi: 0.0100, loss: 0.1249, lr: 9.05e-04
     Epoch[6] Iteration[60/192], entropy: 0.3439, uncertainty: 3.7094, uncertainty_coeffi: 0.0100, loss: 0.1189, lr: 5.52e-04
     Epoch[6] Iteration[70/192], entropy: 0.2137, uncertainty: 3.5423, uncertainty_coeffi: 0.0100, loss: 0.1042, lr: 4.32e-05
     Epoch[6] Iteration[80/192], entropy: 0.2547, uncertainty: 3.5675, uncertainty_coeffi: 0.0100, loss: 0.0983, lr: 9.05e-04
     Epoch[6] Iteration[90/192], entropy: 0.1452, uncertainty: 3.1913, uncertainty_coeffi: 0.0100, loss: 0.0788, lr: 5.52e-04
     Epoch[6] Iteration[100/192], entropy: 0.3469, uncertainty: 3.7507, uncertainty_coeffi: 0.0100, loss: 0.1351, lr: 4.32e-05
     Epoch[6] Iteration[110/192], entropy: 0.2690, uncertainty: 4.4144, uncertainty_coeffi: 0.0100, loss: 0.1141, lr: 9.05e-04
     Epoch[6] Iteration[120/192], entropy: 0.1828, uncertainty: 4.1361, uncertainty_coeffi: 0.0100, loss: 0.0805, lr: 5.52e-04
     Epoch[6] Iteration[130/192], entropy: 0.1207, uncertainty: 3.6756, uncertainty_coeffi: 0.0100, loss: 0.0742, lr: 4.32e-05
     Epoch[6] Iteration[140/192], entropy: 0.2410, uncertainty: 3.9838, uncertainty_coeffi: 0.0100, loss: 0.0980, lr: 9.05e-04
     Epoch[6] Iteration[150/192], entropy: 0.2330, uncertainty: 4.2551, uncertainty_coeffi: 0.0100, loss: 0.0996, lr: 5.52e-04
     Epoch[6] Iteration[160/192], entropy: 0.2472, uncertainty: 3.0589, uncertainty_coeffi: 0.0100, loss: 0.1378, lr: 4.32e-05
     Epoch[6] Iteration[170/192], entropy: 0.2301, uncertainty: 2.9940, uncertainty_coeffi: 0.0100, loss: 0.1023, lr: 9.05e-04
     Epoch[6] Iteration[180/192], entropy: 0.2589, uncertainty: 3.5833, uncertainty_coeffi: 0.0100, loss: 0.1046, lr: 5.52e-04
     Epoch[6] Iteration[190/192], entropy: 0.2099, uncertainty: 3.7096, uncertainty_coeffi: 0.0100, loss: 0.0968, lr: 4.32e-05
     Averaged stats: entropy_avg: 0.2319, uncertainty_avg: 3.6716, uncertainty_coeffi_avg: 0.0100, loss_avg: 0.1014, lr_avg: 4.76e-04
     itm tta time 0:00:37
     Epoch[7] Iteration[10/192], entropy: 0.2643, uncertainty: 4.0770, uncertainty_coeffi: 0.0100, loss: 0.0960, lr: 9.89e-04
     Epoch[7] Iteration[20/192], entropy: 0.2317, uncertainty: 3.8407, uncertainty_coeffi: 0.0100, loss: 0.1065, lr: 3.45e-04
     Epoch[7] Iteration[30/192], entropy: 0.2272, uncertainty: 4.2389, uncertainty_coeffi: 0.0100, loss: 0.0841, lr: 1.65e-04
     Epoch[7] Iteration[40/192], entropy: 0.2285, uncertainty: 3.7918, uncertainty_coeffi: 0.0100, loss: 0.0972, lr: 9.89e-04
     Epoch[7] Iteration[50/192], entropy: 0.2239, uncertainty: 3.8866, uncertainty_coeffi: 0.0100, loss: 0.0965, lr: 3.45e-04
     Epoch[7] Iteration[60/192], entropy: 0.1874, uncertainty: 3.1394, uncertainty_coeffi: 0.0100, loss: 0.0839, lr: 1.65e-04
     Epoch[7] Iteration[70/192], entropy: 0.2854, uncertainty: 3.5758, uncertainty_coeffi: 0.0100, loss: 0.1037, lr: 9.89e-04
     Epoch[7] Iteration[80/192], entropy: 0.2408, uncertainty: 4.0218, uncertainty_coeffi: 0.0100, loss: 0.1119, lr: 3.45e-04
     Epoch[7] Iteration[90/192], entropy: 0.3989, uncertainty: 3.7782, uncertainty_coeffi: 0.0100, loss: 0.1338, lr: 1.65e-04
     Epoch[7] Iteration[100/192], entropy: 0.2793, uncertainty: 3.5883, uncertainty_coeffi: 0.0100, loss: 0.1603, lr: 9.89e-04
     Epoch[7] Iteration[110/192], entropy: 0.1994, uncertainty: 3.8396, uncertainty_coeffi: 0.0100, loss: 0.0777, lr: 3.45e-04
     Epoch[7] Iteration[120/192], entropy: 0.2403, uncertainty: 3.9696, uncertainty_coeffi: 0.0100, loss: 0.0831, lr: 1.65e-04
     Epoch[7] Iteration[130/192], entropy: 0.2447, uncertainty: 3.2062, uncertainty_coeffi: 0.0100, loss: 0.1051, lr: 9.89e-04
     Epoch[7] Iteration[140/192], entropy: 0.1922, uncertainty: 4.0507, uncertainty_coeffi: 0.0100, loss: 0.0835, lr: 3.45e-04
     Epoch[7] Iteration[150/192], entropy: 0.3391, uncertainty: 4.0308, uncertainty_coeffi: 0.0100, loss: 0.1266, lr: 1.65e-04
     Epoch[7] Iteration[160/192], entropy: 0.2994, uncertainty: 3.6409, uncertainty_coeffi: 0.0100, loss: 0.1350, lr: 9.89e-04
     Epoch[7] Iteration[170/192], entropy: 0.2106, uncertainty: 3.5009, uncertainty_coeffi: 0.0100, loss: 0.1195, lr: 3.45e-04
     Epoch[7] Iteration[180/192], entropy: 0.1540, uncertainty: 3.8403, uncertainty_coeffi: 0.0100, loss: 0.0845, lr: 1.65e-04
     Epoch[7] Iteration[190/192], entropy: 0.2342, uncertainty: 3.8470, uncertainty_coeffi: 0.0100, loss: 0.1133, lr: 9.89e-04
     Averaged stats: entropy_avg: 0.2464, uncertainty_avg: 3.7823, uncertainty_coeffi_avg: 0.0100, loss_avg: 0.1054, lr_avg: 5.26e-04
     itm tta time 0:00:37
     Epoch[8] Iteration[10/192], entropy: 0.2421, uncertainty: 3.2639, uncertainty_coeffi: 0.0100, loss: 0.1077, lr: 1.65e-04
     Epoch[8] Iteration[20/192], entropy: 0.2654, uncertainty: 3.4670, uncertainty_coeffi: 0.0100, loss: 0.1070, lr: 3.45e-04
     Epoch[8] Iteration[30/192], entropy: 0.1557, uncertainty: 3.3793, uncertainty_coeffi: 0.0100, loss: 0.0627, lr: 9.89e-04
     Epoch[8] Iteration[40/192], entropy: 0.1435, uncertainty: 3.5029, uncertainty_coeffi: 0.0100, loss: 0.0698, lr: 1.65e-04
     Epoch[8] Iteration[50/192], entropy: 0.2726, uncertainty: 4.0296, uncertainty_coeffi: 0.0100, loss: 0.0963, lr: 3.45e-04
     Epoch[8] Iteration[60/192], entropy: 0.2456, uncertainty: 3.3470, uncertainty_coeffi: 0.0100, loss: 0.1024, lr: 9.89e-04
     Epoch[8] Iteration[70/192], entropy: 0.3166, uncertainty: 3.7610, uncertainty_coeffi: 0.0100, loss: 0.1531, lr: 1.65e-04
     Epoch[8] Iteration[80/192], entropy: 0.1884, uncertainty: 3.0085, uncertainty_coeffi: 0.0100, loss: 0.1013, lr: 3.45e-04
     Epoch[8] Iteration[90/192], entropy: 0.2161, uncertainty: 3.2456, uncertainty_coeffi: 0.0100, loss: 0.1025, lr: 9.89e-04
     Epoch[8] Iteration[100/192], entropy: 0.1588, uncertainty: 3.7240, uncertainty_coeffi: 0.0100, loss: 0.0792, lr: 1.65e-04
     Epoch[8] Iteration[110/192], entropy: 0.1708, uncertainty: 3.5044, uncertainty_coeffi: 0.0100, loss: 0.0760, lr: 3.45e-04
     Epoch[8] Iteration[120/192], entropy: 0.2247, uncertainty: 3.3745, uncertainty_coeffi: 0.0100, loss: 0.0949, lr: 9.89e-04
     Epoch[8] Iteration[130/192], entropy: 0.2223, uncertainty: 4.0373, uncertainty_coeffi: 0.0100, loss: 0.0936, lr: 1.65e-04
     Epoch[8] Iteration[140/192], entropy: 0.2050, uncertainty: 3.4595, uncertainty_coeffi: 0.0100, loss: 0.0864, lr: 3.45e-04
     Epoch[8] Iteration[150/192], entropy: 0.1841, uncertainty: 3.7698, uncertainty_coeffi: 0.0100, loss: 0.1076, lr: 9.89e-04
     Epoch[8] Iteration[160/192], entropy: 0.2455, uncertainty: 3.7403, uncertainty_coeffi: 0.0100, loss: 0.0911, lr: 1.65e-04
     Epoch[8] Iteration[170/192], entropy: 0.2450, uncertainty: 3.6561, uncertainty_coeffi: 0.0100, loss: 0.0887, lr: 3.45e-04
     Epoch[8] Iteration[180/192], entropy: 0.2184, uncertainty: 3.9093, uncertainty_coeffi: 0.0100, loss: 0.0910, lr: 9.89e-04
     Epoch[8] Iteration[190/192], entropy: 0.2345, uncertainty: 3.1314, uncertainty_coeffi: 0.0100, loss: 0.1222, lr: 1.65e-04
     Averaged stats: entropy_avg: 0.2187, uncertainty_avg: 3.5427, uncertainty_coeffi_avg: 0.0100, loss_avg: 0.0965, lr_avg: 4.82e-04
     itm tta time 0:00:37
     Epoch[9] Iteration[10/192], entropy: 0.1486, uncertainty: 3.5873, uncertainty_coeffi: 0.0100, loss: 0.0688, lr: 5.52e-04
     Epoch[9] Iteration[20/192], entropy: 0.1956, uncertainty: 3.1057, uncertainty_coeffi: 0.0100, loss: 0.0947, lr: 9.05e-04
     Epoch[9] Iteration[30/192], entropy: 0.1876, uncertainty: 3.1620, uncertainty_coeffi: 0.0100, loss: 0.0840, lr: 4.32e-05
     Epoch[9] Iteration[40/192], entropy: 0.2126, uncertainty: 3.2938, uncertainty_coeffi: 0.0100, loss: 0.0936, lr: 5.52e-04
     Epoch[9] Iteration[50/192], entropy: 0.2021, uncertainty: 3.6600, uncertainty_coeffi: 0.0100, loss: 0.0991, lr: 9.05e-04
     Epoch[9] Iteration[60/192], entropy: 0.2208, uncertainty: 3.1387, uncertainty_coeffi: 0.0100, loss: 0.0908, lr: 4.32e-05
     Epoch[9] Iteration[70/192], entropy: 0.2662, uncertainty: 4.1061, uncertainty_coeffi: 0.0100, loss: 0.0973, lr: 5.52e-04
     Epoch[9] Iteration[80/192], entropy: 0.2365, uncertainty: 3.3650, uncertainty_coeffi: 0.0100, loss: 0.0970, lr: 9.05e-04
     Epoch[9] Iteration[90/192], entropy: 0.2232, uncertainty: 3.9915, uncertainty_coeffi: 0.0100, loss: 0.1049, lr: 4.32e-05
     Epoch[9] Iteration[100/192], entropy: 0.1740, uncertainty: 3.6886, uncertainty_coeffi: 0.0100, loss: 0.0863, lr: 5.52e-04
     Epoch[9] Iteration[110/192], entropy: 0.2848, uncertainty: 3.5060, uncertainty_coeffi: 0.0100, loss: 0.1356, lr: 9.05e-04
     Epoch[9] Iteration[120/192], entropy: 0.2028, uncertainty: 2.8701, uncertainty_coeffi: 0.0100, loss: 0.1109, lr: 4.32e-05
     Epoch[9] Iteration[130/192], entropy: 0.2232, uncertainty: 3.8064, uncertainty_coeffi: 0.0100, loss: 0.0989, lr: 5.52e-04
     Epoch[9] Iteration[140/192], entropy: 0.3348, uncertainty: 3.4343, uncertainty_coeffi: 0.0100, loss: 0.1582, lr: 9.05e-04
     Epoch[9] Iteration[150/192], entropy: 0.2879, uncertainty: 3.8382, uncertainty_coeffi: 0.0100, loss: 0.1071, lr: 4.32e-05
     Epoch[9] Iteration[160/192], entropy: 0.1658, uncertainty: 3.8767, uncertainty_coeffi: 0.0100, loss: 0.0741, lr: 5.52e-04
     Epoch[9] Iteration[170/192], entropy: 0.2734, uncertainty: 4.5060, uncertainty_coeffi: 0.0100, loss: 0.1027, lr: 9.05e-04
     Epoch[9] Iteration[180/192], entropy: 0.1787, uncertainty: 3.6313, uncertainty_coeffi: 0.0100, loss: 0.1010, lr: 4.32e-05
     Epoch[9] Iteration[190/192], entropy: 0.2365, uncertainty: 3.1689, uncertainty_coeffi: 0.0100, loss: 0.1093, lr: 5.52e-04
     Averaged stats: entropy_avg: 0.2240, uncertainty_avg: 3.5651, uncertainty_coeffi_avg: 0.0100, loss_avg: 0.1008, lr_avg: 5.03e-04
     itm tta time 0:00:37
### TTA Eval Score: 
+-------+--------+--------+--------+--------+--------+
| epoch |   R1   |   R5   |  R10   |  mAP   |  mINP  |
+-------+--------+--------+--------+--------+--------+
|  -999 | 70.647 | 86.940 | 91.797 | 63.400 | 47.058 |
|   0   | 70.663 | 86.826 | 91.845 | 63.491 | 47.304 |
|   1   | 70.468 | 86.842 | 91.813 | 63.433 | 47.210 |
|   2   | 70.403 | 86.793 | 91.764 | 63.400 | 47.173 |
|   4   | 70.419 | 86.582 | 91.732 | 63.390 | 47.120 |
|   9   | 70.338 | 86.582 | 91.699 | 63.286 | 46.970 |
+-------+--------+--------+--------+--------+--------+
     logs:  {'epo': 9, 'R1': np.float32(70.338), 'R5': np.float32(86.582), 'R10': np.float32(91.699), 'mAP': np.float32(63.286), 'mINP': np.float32(46.97), 'entropy': 0.22395315060490056, 'uncertainty': 3.5650893010591207, 'uncertainty_coeffi': 0.009999999776482582, 'loss': 0.10075219838242781, 'lr': 0.0005027507490333593}
     Epoch[10] Iteration[10/192], entropy: 0.2149, uncertainty: 3.3674, uncertainty_coeffi: 0.0100, loss: 0.0901, lr: 7.50e-04
     Epoch[10] Iteration[20/192], entropy: 0.3247, uncertainty: 4.2588, uncertainty_coeffi: 0.0100, loss: 0.1199, lr: 0.00e+00
     Epoch[10] Iteration[30/192], entropy: 0.1679, uncertainty: 3.6879, uncertainty_coeffi: 0.0100, loss: 0.0905, lr: 7.50e-04
     Epoch[10] Iteration[40/192], entropy: 0.2251, uncertainty: 3.4731, uncertainty_coeffi: 0.0100, loss: 0.1033, lr: 7.50e-04
     Epoch[10] Iteration[50/192], entropy: 0.2387, uncertainty: 3.8453, uncertainty_coeffi: 0.0100, loss: 0.1017, lr: 0.00e+00
     Epoch[10] Iteration[60/192], entropy: 0.2896, uncertainty: 3.5906, uncertainty_coeffi: 0.0100, loss: 0.1147, lr: 7.50e-04
     Epoch[10] Iteration[70/192], entropy: 0.2357, uncertainty: 3.5606, uncertainty_coeffi: 0.0100, loss: 0.1237, lr: 7.50e-04
     Epoch[10] Iteration[80/192], entropy: 0.2673, uncertainty: 4.2153, uncertainty_coeffi: 0.0100, loss: 0.1176, lr: 0.00e+00
     Epoch[10] Iteration[90/192], entropy: 0.2282, uncertainty: 4.2409, uncertainty_coeffi: 0.0100, loss: 0.0869, lr: 7.50e-04
     Epoch[10] Iteration[100/192], entropy: 0.2051, uncertainty: 3.5299, uncertainty_coeffi: 0.0100, loss: 0.1171, lr: 7.50e-04
     Epoch[10] Iteration[110/192], entropy: 0.2283, uncertainty: 4.0419, uncertainty_coeffi: 0.0100, loss: 0.0832, lr: 0.00e+00
     Epoch[10] Iteration[120/192], entropy: 0.2328, uncertainty: 3.5198, uncertainty_coeffi: 0.0100, loss: 0.1098, lr: 7.50e-04
     Epoch[10] Iteration[130/192], entropy: 0.1653, uncertainty: 3.2126, uncertainty_coeffi: 0.0100, loss: 0.0674, lr: 8.35e-04
     Epoch[10] Iteration[140/192], entropy: 0.2367, uncertainty: 3.1342, uncertainty_coeffi: 0.0100, loss: 0.1257, lr: 1.09e-05
     Epoch[10] Iteration[150/192], entropy: 0.2596, uncertainty: 3.5677, uncertainty_coeffi: 0.0100, loss: 0.1134, lr: 6.55e-04
     Epoch[10] Iteration[160/192], entropy: 0.2217, uncertainty: 3.5881, uncertainty_coeffi: 0.0100, loss: 0.1024, lr: 8.35e-04
     Epoch[10] Iteration[170/192], entropy: 0.1935, uncertainty: 3.3632, uncertainty_coeffi: 0.0100, loss: 0.0862, lr: 1.09e-05
     Epoch[10] Iteration[180/192], entropy: 0.1755, uncertainty: 4.4655, uncertainty_coeffi: 0.0100, loss: 0.1082, lr: 6.55e-04
     Epoch[10] Iteration[190/192], entropy: 0.1501, uncertainty: 3.3944, uncertainty_coeffi: 0.0100, loss: 0.0814, lr: 8.35e-04
     Averaged stats: entropy_avg: 0.2242, uncertainty_avg: 3.6872, uncertainty_coeffi_avg: 0.0100, loss_avg: 0.1023, lr_avg: 5.18e-04
     itm tta time 0:00:37
     Epoch[11] Iteration[10/192], entropy: 0.1847, uncertainty: 3.9659, uncertainty_coeffi: 0.0100, loss: 0.0863, lr: 1.09e-05
     Epoch[11] Iteration[20/192], entropy: 0.2459, uncertainty: 3.9200, uncertainty_coeffi: 0.0100, loss: 0.0972, lr: 8.35e-04
     Epoch[11] Iteration[30/192], entropy: 0.1750, uncertainty: 3.1462, uncertainty_coeffi: 0.0100, loss: 0.0991, lr: 6.55e-04
     Epoch[11] Iteration[40/192], entropy: 0.1359, uncertainty: 3.6874, uncertainty_coeffi: 0.0100, loss: 0.0780, lr: 1.09e-05
     Epoch[11] Iteration[50/192], entropy: 0.2758, uncertainty: 3.9356, uncertainty_coeffi: 0.0100, loss: 0.1101, lr: 8.35e-04
     Epoch[11] Iteration[60/192], entropy: 0.1670, uncertainty: 3.3926, uncertainty_coeffi: 0.0100, loss: 0.0901, lr: 6.55e-04
     Epoch[11] Iteration[70/192], entropy: 0.2123, uncertainty: 3.3787, uncertainty_coeffi: 0.0100, loss: 0.0904, lr: 1.09e-05
     Epoch[11] Iteration[80/192], entropy: 0.2712, uncertainty: 4.0275, uncertainty_coeffi: 0.0100, loss: 0.1234, lr: 8.35e-04
     Epoch[11] Iteration[90/192], entropy: 0.2011, uncertainty: 3.6037, uncertainty_coeffi: 0.0100, loss: 0.1112, lr: 6.55e-04
     Epoch[11] Iteration[100/192], entropy: 0.2595, uncertainty: 3.7589, uncertainty_coeffi: 0.0100, loss: 0.1172, lr: 1.09e-05
     Epoch[11] Iteration[110/192], entropy: 0.1651, uncertainty: 2.9770, uncertainty_coeffi: 0.0100, loss: 0.0803, lr: 8.35e-04
     Epoch[11] Iteration[120/192], entropy: 0.2462, uncertainty: 3.7366, uncertainty_coeffi: 0.0100, loss: 0.1115, lr: 6.55e-04
     Epoch[11] Iteration[130/192], entropy: 0.2063, uncertainty: 3.3557, uncertainty_coeffi: 0.0100, loss: 0.0794, lr: 1.09e-05
     Epoch[11] Iteration[140/192], entropy: 0.2185, uncertainty: 3.5158, uncertainty_coeffi: 0.0100, loss: 0.0854, lr: 8.35e-04
     Epoch[11] Iteration[150/192], entropy: 0.2484, uncertainty: 3.4846, uncertainty_coeffi: 0.0100, loss: 0.0969, lr: 6.55e-04
     Epoch[11] Iteration[160/192], entropy: 0.2755, uncertainty: 3.7033, uncertainty_coeffi: 0.0100, loss: 0.1195, lr: 1.09e-05
     Epoch[11] Iteration[170/192], entropy: 0.1664, uncertainty: 3.3744, uncertainty_coeffi: 0.0100, loss: 0.0891, lr: 8.35e-04
     Epoch[11] Iteration[180/192], entropy: 0.2141, uncertainty: 3.7139, uncertainty_coeffi: 0.0100, loss: 0.0861, lr: 6.55e-04
     Epoch[11] Iteration[190/192], entropy: 0.1814, uncertainty: 3.4608, uncertainty_coeffi: 0.0100, loss: 0.0757, lr: 1.09e-05
     Averaged stats: entropy_avg: 0.2132, uncertainty_avg: 3.5862, uncertainty_coeffi_avg: 0.0100, loss_avg: 0.0962, lr_avg: 4.74e-04
     itm tta time 0:00:38
     Epoch[12] Iteration[10/192], entropy: 0.2961, uncertainty: 3.5065, uncertainty_coeffi: 0.0100, loss: 0.1156, lr: 9.57e-04
     Epoch[12] Iteration[20/192], entropy: 0.2199, uncertainty: 3.7478, uncertainty_coeffi: 0.0100, loss: 0.1072, lr: 4.48e-04
     Epoch[12] Iteration[30/192], entropy: 0.2163, uncertainty: 2.9561, uncertainty_coeffi: 0.0100, loss: 0.1097, lr: 9.55e-05
     Epoch[12] Iteration[40/192], entropy: 0.1811, uncertainty: 3.1416, uncertainty_coeffi: 0.0100, loss: 0.0857, lr: 9.57e-04
     Epoch[12] Iteration[50/192], entropy: 0.2719, uncertainty: 3.4658, uncertainty_coeffi: 0.0100, loss: 0.1294, lr: 4.48e-04
     Epoch[12] Iteration[60/192], entropy: 0.2763, uncertainty: 4.3839, uncertainty_coeffi: 0.0100, loss: 0.0909, lr: 9.55e-05
     Epoch[12] Iteration[70/192], entropy: 0.1594, uncertainty: 3.3139, uncertainty_coeffi: 0.0100, loss: 0.0872, lr: 9.57e-04
     Epoch[12] Iteration[80/192], entropy: 0.2244, uncertainty: 3.9306, uncertainty_coeffi: 0.0100, loss: 0.0843, lr: 4.48e-04
     Epoch[12] Iteration[90/192], entropy: 0.2989, uncertainty: 3.4775, uncertainty_coeffi: 0.0100, loss: 0.1266, lr: 9.55e-05
     Epoch[12] Iteration[100/192], entropy: 0.2499, uncertainty: 2.4571, uncertainty_coeffi: 0.0100, loss: 0.1316, lr: 9.57e-04
     Epoch[12] Iteration[110/192], entropy: 0.0963, uncertainty: 3.2438, uncertainty_coeffi: 0.0100, loss: 0.0614, lr: 4.48e-04
     Epoch[12] Iteration[120/192], entropy: 0.1441, uncertainty: 3.1402, uncertainty_coeffi: 0.0100, loss: 0.0724, lr: 9.55e-05
     Epoch[12] Iteration[130/192], entropy: 0.2453, uncertainty: 3.3077, uncertainty_coeffi: 0.0100, loss: 0.1003, lr: 9.57e-04
     Epoch[12] Iteration[140/192], entropy: 0.3887, uncertainty: 4.6019, uncertainty_coeffi: 0.0100, loss: 0.1275, lr: 4.48e-04
     Epoch[12] Iteration[150/192], entropy: 0.2402, uncertainty: 3.4454, uncertainty_coeffi: 0.0100, loss: 0.1018, lr: 9.55e-05
     Epoch[12] Iteration[160/192], entropy: 0.2520, uncertainty: 2.9460, uncertainty_coeffi: 0.0100, loss: 0.1176, lr: 9.57e-04
     Epoch[12] Iteration[170/192], entropy: 0.2440, uncertainty: 3.3902, uncertainty_coeffi: 0.0100, loss: 0.1068, lr: 4.48e-04
     Epoch[12] Iteration[180/192], entropy: 0.2847, uncertainty: 3.8068, uncertainty_coeffi: 0.0100, loss: 0.1075, lr: 9.55e-05
     Epoch[12] Iteration[190/192], entropy: 0.1483, uncertainty: 3.2229, uncertainty_coeffi: 0.0100, loss: 0.0808, lr: 9.57e-04
     Averaged stats: entropy_avg: 0.2336, uncertainty_avg: 3.4466, uncertainty_coeffi_avg: 0.0100, loss_avg: 0.1023, lr_avg: 5.24e-04
     itm tta time 0:00:39
     Epoch[13] Iteration[10/192], entropy: 0.2475, uncertainty: 3.4477, uncertainty_coeffi: 0.0100, loss: 0.1042, lr: 2.50e-04
     Epoch[13] Iteration[20/192], entropy: 0.1908, uncertainty: 4.4117, uncertainty_coeffi: 0.0100, loss: 0.1085, lr: 2.50e-04
     Epoch[13] Iteration[30/192], entropy: 0.0966, uncertainty: 3.8785, uncertainty_coeffi: 0.0100, loss: 0.0625, lr: 1.00e-03
     Epoch[13] Iteration[40/192], entropy: 0.2630, uncertainty: 3.2291, uncertainty_coeffi: 0.0100, loss: 0.1296, lr: 2.50e-04
     Epoch[13] Iteration[50/192], entropy: 0.1851, uncertainty: 2.9119, uncertainty_coeffi: 0.0100, loss: 0.0795, lr: 2.50e-04
     Epoch[13] Iteration[60/192], entropy: 0.2138, uncertainty: 3.7814, uncertainty_coeffi: 0.0100, loss: 0.0951, lr: 1.00e-03
     Epoch[13] Iteration[70/192], entropy: 0.1304, uncertainty: 3.1153, uncertainty_coeffi: 0.0100, loss: 0.0941, lr: 2.50e-04
     Epoch[13] Iteration[80/192], entropy: 0.2816, uncertainty: 3.6364, uncertainty_coeffi: 0.0100, loss: 0.1415, lr: 2.50e-04
     Epoch[13] Iteration[90/192], entropy: 0.1644, uncertainty: 3.7969, uncertainty_coeffi: 0.0100, loss: 0.0870, lr: 1.00e-03
     Epoch[13] Iteration[100/192], entropy: 0.1345, uncertainty: 3.4327, uncertainty_coeffi: 0.0100, loss: 0.0841, lr: 2.50e-04
     Epoch[13] Iteration[110/192], entropy: 0.1403, uncertainty: 3.4637, uncertainty_coeffi: 0.0100, loss: 0.0702, lr: 2.50e-04
     Epoch[13] Iteration[120/192], entropy: 0.1620, uncertainty: 2.9891, uncertainty_coeffi: 0.0100, loss: 0.0839, lr: 1.00e-03
     Epoch[13] Iteration[130/192], entropy: 0.2129, uncertainty: 3.7208, uncertainty_coeffi: 0.0100, loss: 0.0956, lr: 2.50e-04
     Epoch[13] Iteration[140/192], entropy: 0.2973, uncertainty: 3.7666, uncertainty_coeffi: 0.0100, loss: 0.1055, lr: 2.50e-04
     Epoch[13] Iteration[150/192], entropy: 0.2323, uncertainty: 3.8059, uncertainty_coeffi: 0.0100, loss: 0.0902, lr: 1.00e-03
     Epoch[13] Iteration[160/192], entropy: 0.1347, uncertainty: 3.0154, uncertainty_coeffi: 0.0100, loss: 0.0707, lr: 2.50e-04
     Epoch[13] Iteration[170/192], entropy: 0.2164, uncertainty: 3.0697, uncertainty_coeffi: 0.0100, loss: 0.1051, lr: 2.50e-04
     Epoch[13] Iteration[180/192], entropy: 0.1379, uncertainty: 3.0005, uncertainty_coeffi: 0.0100, loss: 0.0661, lr: 1.00e-03
     Epoch[13] Iteration[190/192], entropy: 0.2240, uncertainty: 3.5440, uncertainty_coeffi: 0.0100, loss: 0.0821, lr: 2.50e-04
     Averaged stats: entropy_avg: 0.1929, uncertainty_avg: 3.4746, uncertainty_coeffi_avg: 0.0100, loss_avg: 0.0924, lr_avg: 4.87e-04
     itm tta time 0:00:37
     Epoch[14] Iteration[10/192], entropy: 0.1465, uncertainty: 3.0108, uncertainty_coeffi: 0.0100, loss: 0.0854, lr: 4.48e-04
     Epoch[14] Iteration[20/192], entropy: 0.1354, uncertainty: 2.6560, uncertainty_coeffi: 0.0100, loss: 0.0685, lr: 9.57e-04
     Epoch[14] Iteration[30/192], entropy: 0.2218, uncertainty: 3.5398, uncertainty_coeffi: 0.0100, loss: 0.0819, lr: 9.55e-05
     Epoch[14] Iteration[40/192], entropy: 0.2144, uncertainty: 3.9652, uncertainty_coeffi: 0.0100, loss: 0.0897, lr: 4.48e-04
     Epoch[14] Iteration[50/192], entropy: 0.2508, uncertainty: 3.7799, uncertainty_coeffi: 0.0100, loss: 0.1186, lr: 9.57e-04
     Epoch[14] Iteration[60/192], entropy: 0.1504, uncertainty: 3.7826, uncertainty_coeffi: 0.0100, loss: 0.0872, lr: 9.55e-05
     Epoch[14] Iteration[70/192], entropy: 0.2002, uncertainty: 3.5926, uncertainty_coeffi: 0.0100, loss: 0.0998, lr: 4.48e-04
     Epoch[14] Iteration[80/192], entropy: 0.1448, uncertainty: 3.5642, uncertainty_coeffi: 0.0100, loss: 0.0759, lr: 9.57e-04
     Epoch[14] Iteration[90/192], entropy: 0.1966, uncertainty: 3.6549, uncertainty_coeffi: 0.0100, loss: 0.0890, lr: 9.55e-05
     Epoch[14] Iteration[100/192], entropy: 0.1896, uncertainty: 3.1409, uncertainty_coeffi: 0.0100, loss: 0.0936, lr: 4.48e-04
     Epoch[14] Iteration[110/192], entropy: 0.2225, uncertainty: 3.1299, uncertainty_coeffi: 0.0100, loss: 0.0954, lr: 9.57e-04
     Epoch[14] Iteration[120/192], entropy: 0.2868, uncertainty: 4.2047, uncertainty_coeffi: 0.0100, loss: 0.0973, lr: 9.55e-05
     Epoch[14] Iteration[130/192], entropy: 0.2914, uncertainty: 4.0631, uncertainty_coeffi: 0.0100, loss: 0.1413, lr: 4.48e-04
     Epoch[14] Iteration[140/192], entropy: 0.2124, uncertainty: 2.9709, uncertainty_coeffi: 0.0100, loss: 0.1011, lr: 9.57e-04
     Epoch[14] Iteration[150/192], entropy: 0.3247, uncertainty: 3.9320, uncertainty_coeffi: 0.0100, loss: 0.1112, lr: 9.55e-05
     Epoch[14] Iteration[160/192], entropy: 0.2214, uncertainty: 3.8310, uncertainty_coeffi: 0.0100, loss: 0.1044, lr: 4.48e-04
     Epoch[14] Iteration[170/192], entropy: 0.2976, uncertainty: 3.8633, uncertainty_coeffi: 0.0100, loss: 0.1060, lr: 9.57e-04
     Epoch[14] Iteration[180/192], entropy: 0.2078, uncertainty: 3.7089, uncertainty_coeffi: 0.0100, loss: 0.0733, lr: 9.55e-05
     Epoch[14] Iteration[190/192], entropy: 0.1989, uncertainty: 3.0597, uncertainty_coeffi: 0.0100, loss: 0.0776, lr: 4.48e-04
     Averaged stats: entropy_avg: 0.2165, uncertainty_avg: 3.5500, uncertainty_coeffi_avg: 0.0100, loss_avg: 0.0946, lr_avg: 4.97e-04
     itm tta time 0:00:37
### TTA Eval Score: 
+-------+--------+--------+--------+--------+--------+
| epoch |   R1   |   R5   |  R10   |  mAP   |  mINP  |
+-------+--------+--------+--------+--------+--------+
|  -999 | 70.647 | 86.940 | 91.797 | 63.400 | 47.058 |
|   0   | 70.663 | 86.826 | 91.845 | 63.491 | 47.304 |
|   1   | 70.468 | 86.842 | 91.813 | 63.433 | 47.210 |
|   2   | 70.403 | 86.793 | 91.764 | 63.400 | 47.173 |
|   4   | 70.419 | 86.582 | 91.732 | 63.390 | 47.120 |
|   9   | 70.338 | 86.582 | 91.699 | 63.286 | 46.970 |
|   14  | 70.289 | 86.615 | 91.618 | 63.245 | 46.842 |
+-------+--------+--------+--------+--------+--------+
     logs:  {'epo': 14, 'R1': np.float32(70.289), 'R5': np.float32(86.615), 'R10': np.float32(91.618), 'mAP': np.float32(63.245), 'mINP': np.float32(46.842), 'entropy': 0.21653568195669273, 'uncertainty': 3.5500295036717464, 'uncertainty_coeffi': 0.009999999776482582, 'loss': 0.09457289466732427, 'lr': 0.0004972492509666394}
     Epoch[15] Iteration[10/192], entropy: 0.1654, uncertainty: 3.1424, uncertainty_coeffi: 0.0100, loss: 0.0807, lr: 8.35e-04
     Epoch[15] Iteration[20/192], entropy: 0.2072, uncertainty: 3.2993, uncertainty_coeffi: 0.0100, loss: 0.0798, lr: 1.09e-05
     Epoch[15] Iteration[30/192], entropy: 0.2115, uncertainty: 3.2165, uncertainty_coeffi: 0.0100, loss: 0.0964, lr: 6.55e-04
     Epoch[15] Iteration[40/192], entropy: 0.2561, uncertainty: 3.9049, uncertainty_coeffi: 0.0100, loss: 0.1261, lr: 8.35e-04
     Epoch[15] Iteration[50/192], entropy: 0.2483, uncertainty: 4.3173, uncertainty_coeffi: 0.0100, loss: 0.0985, lr: 1.09e-05
     Epoch[15] Iteration[60/192], entropy: 0.2729, uncertainty: 4.0377, uncertainty_coeffi: 0.0100, loss: 0.1002, lr: 6.55e-04
     Epoch[15] Iteration[70/192], entropy: 0.2385, uncertainty: 3.3019, uncertainty_coeffi: 0.0100, loss: 0.1148, lr: 8.35e-04
     Epoch[15] Iteration[80/192], entropy: 0.2048, uncertainty: 4.0935, uncertainty_coeffi: 0.0100, loss: 0.0913, lr: 1.09e-05
     Epoch[15] Iteration[90/192], entropy: 0.1536, uncertainty: 3.4315, uncertainty_coeffi: 0.0100, loss: 0.0817, lr: 6.55e-04
     Epoch[15] Iteration[100/192], entropy: 0.2430, uncertainty: 3.8127, uncertainty_coeffi: 0.0100, loss: 0.1028, lr: 8.35e-04
     Epoch[15] Iteration[110/192], entropy: 0.2195, uncertainty: 3.4321, uncertainty_coeffi: 0.0100, loss: 0.0963, lr: 1.09e-05
     Epoch[15] Iteration[120/192], entropy: 0.2019, uncertainty: 3.3978, uncertainty_coeffi: 0.0100, loss: 0.1097, lr: 6.55e-04
     Epoch[15] Iteration[130/192], entropy: 0.2578, uncertainty: 3.7674, uncertainty_coeffi: 0.0100, loss: 0.1157, lr: 8.35e-04
     Epoch[15] Iteration[140/192], entropy: 0.3056, uncertainty: 4.6411, uncertainty_coeffi: 0.0100, loss: 0.1075, lr: 1.09e-05
     Epoch[15] Iteration[150/192], entropy: 0.2378, uncertainty: 2.9593, uncertainty_coeffi: 0.0100, loss: 0.1120, lr: 6.55e-04
     Epoch[15] Iteration[160/192], entropy: 0.2629, uncertainty: 3.4964, uncertainty_coeffi: 0.0100, loss: 0.1130, lr: 8.35e-04
     Epoch[15] Iteration[170/192], entropy: 0.1208, uncertainty: 2.9613, uncertainty_coeffi: 0.0100, loss: 0.0757, lr: 1.09e-05
     Epoch[15] Iteration[180/192], entropy: 0.2024, uncertainty: 3.9793, uncertainty_coeffi: 0.0100, loss: 0.0965, lr: 6.55e-04
     Epoch[15] Iteration[190/192], entropy: 0.1148, uncertainty: 2.4518, uncertainty_coeffi: 0.0100, loss: 0.0637, lr: 8.35e-04
     Averaged stats: entropy_avg: 0.2171, uncertainty_avg: 3.5602, uncertainty_coeffi_avg: 0.0100, loss_avg: 0.0980, lr_avg: 5.18e-04
     itm tta time 0:00:39
     Epoch[16] Iteration[10/192], entropy: 0.1441, uncertainty: 3.6968, uncertainty_coeffi: 0.0100, loss: 0.0807, lr: 1.09e-05
     Epoch[16] Iteration[20/192], entropy: 0.1787, uncertainty: 4.2618, uncertainty_coeffi: 0.0100, loss: 0.0839, lr: 8.35e-04
     Epoch[16] Iteration[30/192], entropy: 0.2022, uncertainty: 3.1088, uncertainty_coeffi: 0.0100, loss: 0.1160, lr: 6.55e-04
     Epoch[16] Iteration[40/192], entropy: 0.1342, uncertainty: 3.6875, uncertainty_coeffi: 0.0100, loss: 0.0701, lr: 1.09e-05
     Epoch[16] Iteration[50/192], entropy: 0.2148, uncertainty: 3.3531, uncertainty_coeffi: 0.0100, loss: 0.0968, lr: 8.35e-04
     Epoch[16] Iteration[60/192], entropy: 0.2146, uncertainty: 3.8703, uncertainty_coeffi: 0.0100, loss: 0.0845, lr: 6.55e-04
     Epoch[16] Iteration[70/192], entropy: 0.2951, uncertainty: 3.2894, uncertainty_coeffi: 0.0100, loss: 0.1145, lr: 1.09e-05
     Epoch[16] Iteration[80/192], entropy: 0.1842, uncertainty: 3.0224, uncertainty_coeffi: 0.0100, loss: 0.0970, lr: 8.35e-04
     Epoch[16] Iteration[90/192], entropy: 0.1309, uncertainty: 3.1573, uncertainty_coeffi: 0.0100, loss: 0.0633, lr: 6.55e-04
     Epoch[16] Iteration[100/192], entropy: 0.2505, uncertainty: 3.6201, uncertainty_coeffi: 0.0100, loss: 0.1001, lr: 1.09e-05
     Epoch[16] Iteration[110/192], entropy: 0.2208, uncertainty: 3.0171, uncertainty_coeffi: 0.0100, loss: 0.0880, lr: 8.35e-04
     Epoch[16] Iteration[120/192], entropy: 0.2274, uncertainty: 3.6680, uncertainty_coeffi: 0.0100, loss: 0.0898, lr: 6.55e-04
     Epoch[16] Iteration[130/192], entropy: 0.1961, uncertainty: 3.3713, uncertainty_coeffi: 0.0100, loss: 0.0981, lr: 1.09e-05
     Epoch[16] Iteration[140/192], entropy: 0.2829, uncertainty: 3.8239, uncertainty_coeffi: 0.0100, loss: 0.1249, lr: 8.35e-04
     Epoch[16] Iteration[150/192], entropy: 0.1552, uncertainty: 2.8988, uncertainty_coeffi: 0.0100, loss: 0.0685, lr: 6.55e-04
     Epoch[16] Iteration[160/192], entropy: 0.1987, uncertainty: 3.8122, uncertainty_coeffi: 0.0100, loss: 0.0749, lr: 1.09e-05
     Epoch[16] Iteration[170/192], entropy: 0.2143, uncertainty: 2.8725, uncertainty_coeffi: 0.0100, loss: 0.0942, lr: 8.35e-04
     Epoch[16] Iteration[180/192], entropy: 0.2264, uncertainty: 3.5557, uncertainty_coeffi: 0.0100, loss: 0.0846, lr: 6.55e-04
     Epoch[16] Iteration[190/192], entropy: 0.2526, uncertainty: 3.2880, uncertainty_coeffi: 0.0100, loss: 0.1111, lr: 1.09e-05
     Averaged stats: entropy_avg: 0.2065, uncertainty_avg: 3.4408, uncertainty_coeffi_avg: 0.0100, loss_avg: 0.0916, lr_avg: 4.74e-04
     itm tta time 0:00:37
     Epoch[17] Iteration[10/192], entropy: 0.2433, uncertainty: 3.9917, uncertainty_coeffi: 0.0100, loss: 0.1055, lr: 9.57e-04
     Epoch[17] Iteration[20/192], entropy: 0.1276, uncertainty: 3.8906, uncertainty_coeffi: 0.0100, loss: 0.0663, lr: 4.48e-04
     Epoch[17] Iteration[30/192], entropy: 0.2297, uncertainty: 3.5752, uncertainty_coeffi: 0.0100, loss: 0.1127, lr: 9.55e-05
     Epoch[17] Iteration[40/192], entropy: 0.2450, uncertainty: 3.4137, uncertainty_coeffi: 0.0100, loss: 0.1021, lr: 9.57e-04
     Epoch[17] Iteration[50/192], entropy: 0.2190, uncertainty: 4.1335, uncertainty_coeffi: 0.0100, loss: 0.0902, lr: 4.48e-04
     Epoch[17] Iteration[60/192], entropy: 0.1288, uncertainty: 3.3605, uncertainty_coeffi: 0.0100, loss: 0.0680, lr: 9.55e-05
     Epoch[17] Iteration[70/192], entropy: 0.3812, uncertainty: 3.5967, uncertainty_coeffi: 0.0100, loss: 0.1298, lr: 9.57e-04
     Epoch[17] Iteration[80/192], entropy: 0.2678, uncertainty: 4.1066, uncertainty_coeffi: 0.0100, loss: 0.1095, lr: 4.48e-04
     Epoch[17] Iteration[90/192], entropy: 0.2207, uncertainty: 3.0959, uncertainty_coeffi: 0.0100, loss: 0.1157, lr: 9.55e-05
     Epoch[17] Iteration[100/192], entropy: 0.3032, uncertainty: 4.1573, uncertainty_coeffi: 0.0100, loss: 0.0983, lr: 9.57e-04
     Epoch[17] Iteration[110/192], entropy: 0.2811, uncertainty: 3.6940, uncertainty_coeffi: 0.0100, loss: 0.1400, lr: 4.48e-04
     Epoch[17] Iteration[120/192], entropy: 0.1257, uncertainty: 3.7439, uncertainty_coeffi: 0.0100, loss: 0.0663, lr: 9.55e-05
     Epoch[17] Iteration[130/192], entropy: 0.2480, uncertainty: 3.0153, uncertainty_coeffi: 0.0100, loss: 0.1086, lr: 9.57e-04
     Epoch[17] Iteration[140/192], entropy: 0.3012, uncertainty: 3.9550, uncertainty_coeffi: 0.0100, loss: 0.1108, lr: 4.48e-04
     Epoch[17] Iteration[150/192], entropy: 0.2405, uncertainty: 3.1196, uncertainty_coeffi: 0.0100, loss: 0.1077, lr: 9.55e-05
     Epoch[17] Iteration[160/192], entropy: 0.1844, uncertainty: 3.4602, uncertainty_coeffi: 0.0100, loss: 0.0851, lr: 9.57e-04
     Epoch[17] Iteration[170/192], entropy: 0.1802, uncertainty: 2.7668, uncertainty_coeffi: 0.0100, loss: 0.0866, lr: 4.48e-04
     Epoch[17] Iteration[180/192], entropy: 0.2256, uncertainty: 3.7710, uncertainty_coeffi: 0.0100, loss: 0.1088, lr: 9.55e-05
     Epoch[17] Iteration[190/192], entropy: 0.2076, uncertainty: 3.0214, uncertainty_coeffi: 0.0100, loss: 0.1060, lr: 9.57e-04
     Averaged stats: entropy_avg: 0.2295, uncertainty_avg: 3.5721, uncertainty_coeffi_avg: 0.0100, loss_avg: 0.1009, lr_avg: 5.24e-04
     itm tta time 0:00:37
     Epoch[18] Iteration[10/192], entropy: 0.1613, uncertainty: 2.9263, uncertainty_coeffi: 0.0100, loss: 0.0786, lr: 2.50e-04
     Epoch[18] Iteration[20/192], entropy: 0.1924, uncertainty: 3.7634, uncertainty_coeffi: 0.0100, loss: 0.0901, lr: 2.50e-04
     Epoch[18] Iteration[30/192], entropy: 0.2087, uncertainty: 3.9940, uncertainty_coeffi: 0.0100, loss: 0.0819, lr: 1.00e-03
     Epoch[18] Iteration[40/192], entropy: 0.3207, uncertainty: 3.8686, uncertainty_coeffi: 0.0100, loss: 0.1177, lr: 2.50e-04
     Epoch[18] Iteration[50/192], entropy: 0.1861, uncertainty: 3.8627, uncertainty_coeffi: 0.0100, loss: 0.0907, lr: 2.50e-04
     Epoch[18] Iteration[60/192], entropy: 0.2633, uncertainty: 4.0063, uncertainty_coeffi: 0.0100, loss: 0.0977, lr: 1.00e-03
     Epoch[18] Iteration[70/192], entropy: 0.3395, uncertainty: 4.5612, uncertainty_coeffi: 0.0100, loss: 0.1184, lr: 2.50e-04
     Epoch[18] Iteration[80/192], entropy: 0.1606, uncertainty: 4.1328, uncertainty_coeffi: 0.0100, loss: 0.0807, lr: 2.50e-04
     Epoch[18] Iteration[90/192], entropy: 0.3357, uncertainty: 4.5415, uncertainty_coeffi: 0.0100, loss: 0.1138, lr: 1.00e-03
     Epoch[18] Iteration[100/192], entropy: 0.1682, uncertainty: 2.7018, uncertainty_coeffi: 0.0100, loss: 0.0731, lr: 2.50e-04
     Epoch[18] Iteration[110/192], entropy: 0.2218, uncertainty: 3.9454, uncertainty_coeffi: 0.0100, loss: 0.0877, lr: 2.50e-04
     Epoch[18] Iteration[120/192], entropy: 0.2100, uncertainty: 3.5588, uncertainty_coeffi: 0.0100, loss: 0.0936, lr: 1.00e-03
     Epoch[18] Iteration[130/192], entropy: 0.1746, uncertainty: 3.5655, uncertainty_coeffi: 0.0100, loss: 0.0784, lr: 2.50e-04
     Epoch[18] Iteration[140/192], entropy: 0.1246, uncertainty: 3.0115, uncertainty_coeffi: 0.0100, loss: 0.0842, lr: 2.50e-04
     Epoch[18] Iteration[150/192], entropy: 0.2073, uncertainty: 3.7494, uncertainty_coeffi: 0.0100, loss: 0.1126, lr: 1.00e-03
     Epoch[18] Iteration[160/192], entropy: 0.2273, uncertainty: 3.7038, uncertainty_coeffi: 0.0100, loss: 0.1118, lr: 2.50e-04
     Epoch[18] Iteration[170/192], entropy: 0.1991, uncertainty: 3.7524, uncertainty_coeffi: 0.0100, loss: 0.0794, lr: 2.50e-04
     Epoch[18] Iteration[180/192], entropy: 0.1410, uncertainty: 3.7411, uncertainty_coeffi: 0.0100, loss: 0.0798, lr: 1.00e-03
     Epoch[18] Iteration[190/192], entropy: 0.2003, uncertainty: 3.2189, uncertainty_coeffi: 0.0100, loss: 0.0887, lr: 2.50e-04
     Averaged stats: entropy_avg: 0.2128, uncertainty_avg: 3.7161, uncertainty_coeffi_avg: 0.0100, loss_avg: 0.0926, lr_avg: 4.87e-04
     itm tta time 0:00:37
     Epoch[19] Iteration[10/192], entropy: 0.2466, uncertainty: 3.7742, uncertainty_coeffi: 0.0100, loss: 0.1005, lr: 4.48e-04
     Epoch[19] Iteration[20/192], entropy: 0.2653, uncertainty: 4.0337, uncertainty_coeffi: 0.0100, loss: 0.0943, lr: 9.57e-04
     Epoch[19] Iteration[30/192], entropy: 0.2469, uncertainty: 3.2348, uncertainty_coeffi: 0.0100, loss: 0.1093, lr: 9.55e-05
     Epoch[19] Iteration[40/192], entropy: 0.2038, uncertainty: 3.3595, uncertainty_coeffi: 0.0100, loss: 0.0806, lr: 4.48e-04
     Epoch[19] Iteration[50/192], entropy: 0.1405, uncertainty: 3.3130, uncertainty_coeffi: 0.0100, loss: 0.0758, lr: 9.57e-04
     Epoch[19] Iteration[60/192], entropy: 0.2449, uncertainty: 4.2878, uncertainty_coeffi: 0.0100, loss: 0.0947, lr: 9.55e-05
     Epoch[19] Iteration[70/192], entropy: 0.2366, uncertainty: 4.0324, uncertainty_coeffi: 0.0100, loss: 0.1070, lr: 4.48e-04
     Epoch[19] Iteration[80/192], entropy: 0.1592, uncertainty: 3.2952, uncertainty_coeffi: 0.0100, loss: 0.1042, lr: 9.57e-04
     Epoch[19] Iteration[90/192], entropy: 0.1458, uncertainty: 3.7454, uncertainty_coeffi: 0.0100, loss: 0.0762, lr: 9.55e-05
     Epoch[19] Iteration[100/192], entropy: 0.2254, uncertainty: 4.1983, uncertainty_coeffi: 0.0100, loss: 0.0869, lr: 4.48e-04
     Epoch[19] Iteration[110/192], entropy: 0.1605, uncertainty: 3.4684, uncertainty_coeffi: 0.0100, loss: 0.0953, lr: 9.57e-04
     Epoch[19] Iteration[120/192], entropy: 0.2020, uncertainty: 3.5064, uncertainty_coeffi: 0.0100, loss: 0.0928, lr: 9.55e-05
     Epoch[19] Iteration[130/192], entropy: 0.2195, uncertainty: 3.4493, uncertainty_coeffi: 0.0100, loss: 0.1125, lr: 4.48e-04
     Epoch[19] Iteration[140/192], entropy: 0.2789, uncertainty: 2.7641, uncertainty_coeffi: 0.0100, loss: 0.1527, lr: 9.57e-04
     Epoch[19] Iteration[150/192], entropy: 0.2920, uncertainty: 3.7694, uncertainty_coeffi: 0.0100, loss: 0.1000, lr: 9.55e-05
     Epoch[19] Iteration[160/192], entropy: 0.2414, uncertainty: 3.6782, uncertainty_coeffi: 0.0100, loss: 0.1103, lr: 4.48e-04
     Epoch[19] Iteration[170/192], entropy: 0.2024, uncertainty: 3.5266, uncertainty_coeffi: 0.0100, loss: 0.0908, lr: 9.57e-04
     Epoch[19] Iteration[180/192], entropy: 0.1065, uncertainty: 3.1755, uncertainty_coeffi: 0.0100, loss: 0.0643, lr: 9.55e-05
     Epoch[19] Iteration[190/192], entropy: 0.2593, uncertainty: 3.3690, uncertainty_coeffi: 0.0100, loss: 0.1201, lr: 4.48e-04
     Averaged stats: entropy_avg: 0.2146, uncertainty_avg: 3.5780, uncertainty_coeffi_avg: 0.0100, loss_avg: 0.0983, lr_avg: 4.97e-04
     itm tta time 0:00:38
### TTA Eval Score: 
+-------+--------+--------+--------+--------+--------+
| epoch |   R1   |   R5   |  R10   |  mAP   |  mINP  |
+-------+--------+--------+--------+--------+--------+
|  -999 | 70.647 | 86.940 | 91.797 | 63.400 | 47.058 |
|   0   | 70.663 | 86.826 | 91.845 | 63.491 | 47.304 |
|   1   | 70.468 | 86.842 | 91.813 | 63.433 | 47.210 |
|   2   | 70.403 | 86.793 | 91.764 | 63.400 | 47.173 |
|   4   | 70.419 | 86.582 | 91.732 | 63.390 | 47.120 |
|   9   | 70.338 | 86.582 | 91.699 | 63.286 | 46.970 |
|   14  | 70.289 | 86.615 | 91.618 | 63.245 | 46.842 |
|   19  | 70.289 | 86.387 | 91.667 | 63.175 | 46.794 |
+-------+--------+--------+--------+--------+--------+
     logs:  {'epo': 19, 'R1': np.float32(70.289), 'R5': np.float32(86.387), 'R10': np.float32(91.667), 'mAP': np.float32(63.175), 'mINP': np.float32(46.794), 'entropy': 0.21460213865104474, 'uncertainty': 3.5779516320479545, 'uncertainty_coeffi': 0.009999999776482582, 'loss': 0.0983325564547589, 'lr': 0.0004972492509666392}
### best epoch 0 : {'epo': '0', 'R1': '70.663', 'R5': '86.826', 'R10': '91.845', 'mAP': '63.491', 'mINP': '47.304', 'entropy': '0.2705621633090471', 'uncertainty': '3.7289077859175834', 'uncertainty_coeffi': '0.009999999776482582', 'loss': '0.11205399938319859', 'lr': '0.0005131578947368422'}
### Time 0:13:45
