Not using distributed mode
### Hyper-parameters:
     output_dir: output_rerun2/ham_cuhk_tta/exp10/exp10.3.3/2025091814022
     seed: 42
     device: cuda
     batch_size_tta: 32
     epochs: 20
     lr: 0.0005
### Creating test dataset
     test_txt_set: 6156    test_img_set: 3074
     test_txt_loader: 13    test_img_loader: 7
### Creating model
Training Model with ['sdm', 'id', 'mlm'] tasks
Resized position embedding from size:torch.Size([1, 197, 768]) to size: torch.Size([1, 193, 768]) with height:24 width: 8
     Total Params Sum:  194535419
### Zero-Shot Score: 
/home/jiahao/task/IRRA/tta.py:284: FutureWarning: `torch.cuda.amp.GradScaler(args...)` is deprecated. Please use `torch.amp.GradScaler('cuda', args...)` instead.
  scaler = GradScaler()  # bf16
+-------+--------+--------+--------+--------+--------+
| epoch |   R1   |   R5   |  R10   |  mAP   |  mINP  |
+-------+--------+--------+--------+--------+--------+
|  -999 | 70.647 | 86.940 | 91.797 | 63.400 | 47.058 |
+-------+--------+--------+--------+--------+--------+
### TTA:
### Compute Cos Similarity Uncertainty
     preprocess_tta_coefficients  start
     sample selection ...
     number of sample after sample_selection: 6156
     uncertainty ...
     pos/neg sampling ...
      number of sample after pos/neg sampling: torch.Size([6156, 4])
     preprocess_tta_coefficients  end
### Creating TTA dataset
     tta_dataset: 6156
### Creating tta dataloader
### be careful: func create_loader returns a list length of 1
     tta_loader: 192
### Configure adapted weights
     TTA Dropout Modules: 
 []
     TTA Require Gradient Params: 
 [('base_model.transformer.resblocks.1.ln_1.weight', torch.Size([512])), ('base_model.transformer.resblocks.1.ln_1.bias', torch.Size([512])), ('base_model.transformer.resblocks.1.ln_2.weight', torch.Size([512])), ('base_model.transformer.resblocks.1.ln_2.bias', torch.Size([512])), ('base_model.transformer.resblocks.2.ln_1.weight', torch.Size([512])), ('base_model.transformer.resblocks.2.ln_1.bias', torch.Size([512])), ('base_model.transformer.resblocks.2.ln_2.weight', torch.Size([512])), ('base_model.transformer.resblocks.2.ln_2.bias', torch.Size([512])), ('base_model.transformer.resblocks.3.ln_1.weight', torch.Size([512])), ('base_model.transformer.resblocks.3.ln_1.bias', torch.Size([512])), ('base_model.transformer.resblocks.3.ln_2.weight', torch.Size([512])), ('base_model.transformer.resblocks.3.ln_2.bias', torch.Size([512])), ('base_model.transformer.resblocks.4.ln_1.weight', torch.Size([512])), ('base_model.transformer.resblocks.4.ln_1.bias', torch.Size([512])), ('base_model.transformer.resblocks.4.ln_2.weight', torch.Size([512])), ('base_model.transformer.resblocks.4.ln_2.bias', torch.Size([512])), ('base_model.transformer.resblocks.5.ln_1.weight', torch.Size([512])), ('base_model.transformer.resblocks.5.ln_1.bias', torch.Size([512])), ('base_model.transformer.resblocks.5.ln_2.weight', torch.Size([512])), ('base_model.transformer.resblocks.5.ln_2.bias', torch.Size([512])), ('base_model.transformer.resblocks.7.ln_1.weight', torch.Size([512])), ('base_model.transformer.resblocks.7.ln_1.bias', torch.Size([512])), ('base_model.transformer.resblocks.7.ln_2.weight', torch.Size([512])), ('base_model.transformer.resblocks.7.ln_2.bias', torch.Size([512])), ('base_model.transformer.resblocks.8.ln_1.weight', torch.Size([512])), ('base_model.transformer.resblocks.8.ln_1.bias', torch.Size([512])), ('base_model.transformer.resblocks.8.ln_2.weight', torch.Size([512])), ('base_model.transformer.resblocks.8.ln_2.bias', torch.Size([512])), ('base_model.transformer.resblocks.9.ln_1.weight', torch.Size([512])), ('base_model.transformer.resblocks.9.ln_1.bias', torch.Size([512])), ('base_model.transformer.resblocks.9.ln_2.weight', torch.Size([512])), ('base_model.transformer.resblocks.9.ln_2.bias', torch.Size([512])), ('base_model.transformer.resblocks.10.ln_1.weight', torch.Size([512])), ('base_model.transformer.resblocks.10.ln_1.bias', torch.Size([512])), ('base_model.transformer.resblocks.10.ln_2.weight', torch.Size([512])), ('base_model.transformer.resblocks.10.ln_2.bias', torch.Size([512])), ('base_model.transformer.resblocks.11.ln_1.weight', torch.Size([512])), ('base_model.transformer.resblocks.11.ln_1.bias', torch.Size([512])), ('base_model.transformer.resblocks.11.ln_2.weight', torch.Size([512])), ('base_model.transformer.resblocks.11.ln_2.bias', torch.Size([512])), ('base_model.ln_final.weight', torch.Size([512])), ('base_model.ln_final.bias', torch.Size([512]))]
     TTA Dropout Modules Number: 
 0
     TTA Require Gradient Params Sum: 
 21504
Using 5.0 times learning rate for random init module 
### Start Test Time Adaptation : num_epoch = 20
/home/jiahao/task/IRRA/tta.py:67: FutureWarning: `torch.cuda.amp.autocast(args...)` is deprecated. Please use `torch.amp.autocast('cuda', args...)` instead.
  with torch.cuda.amp.autocast(enabled=True):
     Epoch[0] Iteration[10/192], entropy: 0.3987, uncertainty: 3.8702, uncertainty_coeffi: 0.0100, loss: 0.1579, lr: 3.75e-04
     Epoch[0] Iteration[20/192], entropy: 0.1637, uncertainty: 3.2836, uncertainty_coeffi: 0.0100, loss: 0.0796, lr: 0.00e+00
     Epoch[0] Iteration[30/192], entropy: 0.2595, uncertainty: 4.2877, uncertainty_coeffi: 0.0100, loss: 0.1141, lr: 3.75e-04
     Epoch[0] Iteration[40/192], entropy: 0.2568, uncertainty: 3.6253, uncertainty_coeffi: 0.0100, loss: 0.0973, lr: 3.75e-04
     Epoch[0] Iteration[50/192], entropy: 0.4279, uncertainty: 4.7401, uncertainty_coeffi: 0.0100, loss: 0.1375, lr: 0.00e+00
     Epoch[0] Iteration[60/192], entropy: 0.1831, uncertainty: 3.5256, uncertainty_coeffi: 0.0100, loss: 0.0949, lr: 3.75e-04
     Epoch[0] Iteration[70/192], entropy: 0.3171, uncertainty: 3.4254, uncertainty_coeffi: 0.0100, loss: 0.1278, lr: 3.75e-04
     Epoch[0] Iteration[80/192], entropy: 0.2467, uncertainty: 3.9895, uncertainty_coeffi: 0.0100, loss: 0.1143, lr: 0.00e+00
     Epoch[0] Iteration[90/192], entropy: 0.3100, uncertainty: 3.6383, uncertainty_coeffi: 0.0100, loss: 0.1282, lr: 3.75e-04
     Epoch[0] Iteration[100/192], entropy: 0.2918, uncertainty: 3.7702, uncertainty_coeffi: 0.0100, loss: 0.1178, lr: 3.75e-04
     Epoch[0] Iteration[110/192], entropy: 0.2882, uncertainty: 3.5854, uncertainty_coeffi: 0.0100, loss: 0.1301, lr: 0.00e+00
     Epoch[0] Iteration[120/192], entropy: 0.2576, uncertainty: 3.6251, uncertainty_coeffi: 0.0100, loss: 0.0976, lr: 3.75e-04
     Epoch[0] Iteration[130/192], entropy: 0.2713, uncertainty: 3.4902, uncertainty_coeffi: 0.0100, loss: 0.1090, lr: 3.75e-04
     Epoch[0] Iteration[140/192], entropy: 0.2252, uncertainty: 3.5209, uncertainty_coeffi: 0.0100, loss: 0.0956, lr: 0.00e+00
     Epoch[0] Iteration[150/192], entropy: 0.2966, uncertainty: 3.7434, uncertainty_coeffi: 0.0100, loss: 0.1397, lr: 3.75e-04
     Epoch[0] Iteration[160/192], entropy: 0.2953, uncertainty: 3.8737, uncertainty_coeffi: 0.0100, loss: 0.1234, lr: 3.75e-04
     Epoch[0] Iteration[170/192], entropy: 0.3011, uncertainty: 3.8343, uncertainty_coeffi: 0.0100, loss: 0.1008, lr: 0.00e+00
     Epoch[0] Iteration[180/192], entropy: 0.1778, uncertainty: 3.2908, uncertainty_coeffi: 0.0100, loss: 0.0852, lr: 3.75e-04
     Epoch[0] Iteration[190/192], entropy: 0.2317, uncertainty: 3.7295, uncertainty_coeffi: 0.0100, loss: 0.1023, lr: 3.75e-04
     Averaged stats: entropy_avg: 0.2737, uncertainty_avg: 3.7289, uncertainty_coeffi_avg: 0.0100, loss_avg: 0.1133, lr_avg: 2.57e-04
     itm tta time 0:00:36
### TTA Eval Score: 
+-------+--------+--------+--------+--------+--------+
| epoch |   R1   |   R5   |  R10   |  mAP   |  mINP  |
+-------+--------+--------+--------+--------+--------+
|  -999 | 70.647 | 86.940 | 91.797 | 63.400 | 47.058 |
|   0   | 70.874 | 86.875 | 91.829 | 63.523 | 47.269 |
+-------+--------+--------+--------+--------+--------+
     logs:  {'epo': 0, 'R1': np.float32(70.874), 'R5': np.float32(86.875), 'R10': np.float32(91.829), 'mAP': np.float32(63.523), 'mINP': np.float32(47.269), 'entropy': 0.273694584244176, 'uncertainty': 3.7289077859175834, 'uncertainty_coeffi': 0.009999999776482582, 'loss': 0.11331586265250256, 'lr': 0.0002565789473684211}
     Epoch[1] Iteration[10/192], entropy: 0.3568, uncertainty: 4.0590, uncertainty_coeffi: 0.0100, loss: 0.1352, lr: 2.16e-05
     Epoch[1] Iteration[20/192], entropy: 0.2167, uncertainty: 2.9863, uncertainty_coeffi: 0.0100, loss: 0.1043, lr: 4.52e-04
     Epoch[1] Iteration[30/192], entropy: 0.2595, uncertainty: 3.7487, uncertainty_coeffi: 0.0100, loss: 0.1101, lr: 2.76e-04
     Epoch[1] Iteration[40/192], entropy: 0.1975, uncertainty: 4.0289, uncertainty_coeffi: 0.0100, loss: 0.0832, lr: 2.16e-05
     Epoch[1] Iteration[50/192], entropy: 0.2964, uncertainty: 3.3544, uncertainty_coeffi: 0.0100, loss: 0.1083, lr: 4.52e-04
     Epoch[1] Iteration[60/192], entropy: 0.3669, uncertainty: 3.9146, uncertainty_coeffi: 0.0100, loss: 0.1475, lr: 2.76e-04
     Epoch[1] Iteration[70/192], entropy: 0.1565, uncertainty: 3.0734, uncertainty_coeffi: 0.0100, loss: 0.0924, lr: 2.16e-05
     Epoch[1] Iteration[80/192], entropy: 0.2415, uncertainty: 4.5724, uncertainty_coeffi: 0.0100, loss: 0.0867, lr: 4.52e-04
     Epoch[1] Iteration[90/192], entropy: 0.2882, uncertainty: 3.5364, uncertainty_coeffi: 0.0100, loss: 0.1383, lr: 2.76e-04
     Epoch[1] Iteration[100/192], entropy: 0.3678, uncertainty: 3.0501, uncertainty_coeffi: 0.0100, loss: 0.1448, lr: 2.16e-05
     Epoch[1] Iteration[110/192], entropy: 0.2495, uncertainty: 3.6277, uncertainty_coeffi: 0.0100, loss: 0.0954, lr: 4.52e-04
     Epoch[1] Iteration[120/192], entropy: 0.2823, uncertainty: 4.3673, uncertainty_coeffi: 0.0100, loss: 0.1221, lr: 2.76e-04
     Epoch[1] Iteration[130/192], entropy: 0.2777, uncertainty: 3.4537, uncertainty_coeffi: 0.0100, loss: 0.1113, lr: 2.16e-05
     Epoch[1] Iteration[140/192], entropy: 0.3608, uncertainty: 3.6597, uncertainty_coeffi: 0.0100, loss: 0.1602, lr: 4.52e-04
     Epoch[1] Iteration[150/192], entropy: 0.3453, uncertainty: 3.6286, uncertainty_coeffi: 0.0100, loss: 0.1299, lr: 2.76e-04
     Epoch[1] Iteration[160/192], entropy: 0.2319, uncertainty: 4.0160, uncertainty_coeffi: 0.0100, loss: 0.0942, lr: 2.16e-05
     Epoch[1] Iteration[170/192], entropy: 0.3150, uncertainty: 3.9179, uncertainty_coeffi: 0.0100, loss: 0.1236, lr: 4.52e-04
     Epoch[1] Iteration[180/192], entropy: 0.2315, uncertainty: 3.2820, uncertainty_coeffi: 0.0100, loss: 0.0870, lr: 2.76e-04
     Epoch[1] Iteration[190/192], entropy: 0.2028, uncertainty: 3.3534, uncertainty_coeffi: 0.0100, loss: 0.1083, lr: 2.16e-05
     Averaged stats: entropy_avg: 0.2760, uncertainty_avg: 3.6648, uncertainty_coeffi_avg: 0.0100, loss_avg: 0.1149, lr_avg: 2.38e-04
     itm tta time 0:00:37
### TTA Eval Score: 
+-------+--------+--------+--------+--------+--------+
| epoch |   R1   |   R5   |  R10   |  mAP   |  mINP  |
+-------+--------+--------+--------+--------+--------+
|  -999 | 70.647 | 86.940 | 91.797 | 63.400 | 47.058 |
|   0   | 70.874 | 86.875 | 91.829 | 63.523 | 47.269 |
|   1   | 70.647 | 86.858 | 91.943 | 63.483 | 47.297 |
+-------+--------+--------+--------+--------+--------+
     logs:  {'epo': 1, 'R1': np.float32(70.647), 'R5': np.float32(86.858), 'R10': np.float32(91.943), 'mAP': np.float32(63.483), 'mINP': np.float32(47.297), 'entropy': 0.2760336367707503, 'uncertainty': 3.664768670734606, 'uncertainty_coeffi': 0.009999999776482582, 'loss': 0.11489764522565038, 'lr': 0.00023797966503101865}
     Epoch[2] Iteration[10/192], entropy: 0.2777, uncertainty: 3.3550, uncertainty_coeffi: 0.0100, loss: 0.1426, lr: 4.95e-04
     Epoch[2] Iteration[20/192], entropy: 0.2693, uncertainty: 3.9738, uncertainty_coeffi: 0.0100, loss: 0.1154, lr: 1.73e-04
     Epoch[2] Iteration[30/192], entropy: 0.1236, uncertainty: 3.8656, uncertainty_coeffi: 0.0100, loss: 0.0758, lr: 8.27e-05
     Epoch[2] Iteration[40/192], entropy: 0.2265, uncertainty: 4.1381, uncertainty_coeffi: 0.0100, loss: 0.1030, lr: 4.95e-04
     Epoch[2] Iteration[50/192], entropy: 0.1773, uncertainty: 3.6009, uncertainty_coeffi: 0.0100, loss: 0.0782, lr: 1.73e-04
     Epoch[2] Iteration[60/192], entropy: 0.3036, uncertainty: 3.6138, uncertainty_coeffi: 0.0100, loss: 0.1228, lr: 8.27e-05
     Epoch[2] Iteration[70/192], entropy: 0.0897, uncertainty: 3.2079, uncertainty_coeffi: 0.0100, loss: 0.0577, lr: 4.95e-04
     Epoch[2] Iteration[80/192], entropy: 0.2638, uncertainty: 3.9257, uncertainty_coeffi: 0.0100, loss: 0.1008, lr: 1.73e-04
     Epoch[2] Iteration[90/192], entropy: 0.2492, uncertainty: 3.5311, uncertainty_coeffi: 0.0100, loss: 0.1205, lr: 8.27e-05
     Epoch[2] Iteration[100/192], entropy: 0.2288, uncertainty: 3.6127, uncertainty_coeffi: 0.0100, loss: 0.1087, lr: 4.95e-04
     Epoch[2] Iteration[110/192], entropy: 0.2276, uncertainty: 3.3062, uncertainty_coeffi: 0.0100, loss: 0.1172, lr: 1.73e-04
     Epoch[2] Iteration[120/192], entropy: 0.2545, uncertainty: 3.9586, uncertainty_coeffi: 0.0100, loss: 0.1130, lr: 8.27e-05
     Epoch[2] Iteration[130/192], entropy: 0.2259, uncertainty: 3.1400, uncertainty_coeffi: 0.0100, loss: 0.1334, lr: 4.95e-04
     Epoch[2] Iteration[140/192], entropy: 0.1959, uncertainty: 3.6648, uncertainty_coeffi: 0.0100, loss: 0.1007, lr: 1.73e-04
     Epoch[2] Iteration[150/192], entropy: 0.2100, uncertainty: 3.3907, uncertainty_coeffi: 0.0100, loss: 0.1006, lr: 8.27e-05
     Epoch[2] Iteration[160/192], entropy: 0.2040, uncertainty: 4.1162, uncertainty_coeffi: 0.0100, loss: 0.0912, lr: 4.95e-04
     Epoch[2] Iteration[170/192], entropy: 0.3013, uncertainty: 3.8827, uncertainty_coeffi: 0.0100, loss: 0.1021, lr: 1.73e-04
     Epoch[2] Iteration[180/192], entropy: 0.2017, uncertainty: 4.2972, uncertainty_coeffi: 0.0100, loss: 0.0830, lr: 8.27e-05
     Epoch[2] Iteration[190/192], entropy: 0.1799, uncertainty: 3.1072, uncertainty_coeffi: 0.0100, loss: 0.1137, lr: 4.95e-04
     Averaged stats: entropy_avg: 0.2216, uncertainty_avg: 3.6678, uncertainty_coeffi_avg: 0.0100, loss_avg: 0.1042, lr_avg: 2.63e-04
     itm tta time 0:00:37
### TTA Eval Score: 
+-------+--------+--------+--------+--------+--------+
| epoch |   R1   |   R5   |  R10   |  mAP   |  mINP  |
+-------+--------+--------+--------+--------+--------+
|  -999 | 70.647 | 86.940 | 91.797 | 63.400 | 47.058 |
|   0   | 70.874 | 86.875 | 91.829 | 63.523 | 47.269 |
|   1   | 70.647 | 86.858 | 91.943 | 63.483 | 47.297 |
|   2   | 70.419 | 86.842 | 91.894 | 63.436 | 47.272 |
+-------+--------+--------+--------+--------+--------+
     logs:  {'epo': 2, 'R1': np.float32(70.419), 'R5': np.float32(86.842), 'R10': np.float32(91.894), 'mAP': np.float32(63.436), 'mINP': np.float32(47.272), 'entropy': 0.22159249100245929, 'uncertainty': 3.6678066128178646, 'uncertainty_coeffi': 0.009999999776482582, 'loss': 0.10421731166149441, 'lr': 0.0002628703631675494}
     Epoch[3] Iteration[10/192], entropy: 0.2204, uncertainty: 4.1797, uncertainty_coeffi: 0.0100, loss: 0.0924, lr: 8.27e-05
     Epoch[3] Iteration[20/192], entropy: 0.2339, uncertainty: 4.2864, uncertainty_coeffi: 0.0100, loss: 0.0913, lr: 1.73e-04
     Epoch[3] Iteration[30/192], entropy: 0.1456, uncertainty: 2.9994, uncertainty_coeffi: 0.0100, loss: 0.0784, lr: 4.95e-04
     Epoch[3] Iteration[40/192], entropy: 0.1815, uncertainty: 3.6746, uncertainty_coeffi: 0.0100, loss: 0.0803, lr: 8.27e-05
     Epoch[3] Iteration[50/192], entropy: 0.2559, uncertainty: 4.1727, uncertainty_coeffi: 0.0100, loss: 0.1160, lr: 1.73e-04
     Epoch[3] Iteration[60/192], entropy: 0.3376, uncertainty: 3.8183, uncertainty_coeffi: 0.0100, loss: 0.1364, lr: 4.95e-04
     Epoch[3] Iteration[70/192], entropy: 0.2971, uncertainty: 3.5216, uncertainty_coeffi: 0.0100, loss: 0.1141, lr: 8.27e-05
     Epoch[3] Iteration[80/192], entropy: 0.2609, uncertainty: 3.4209, uncertainty_coeffi: 0.0100, loss: 0.1260, lr: 1.73e-04
     Epoch[3] Iteration[90/192], entropy: 0.2643, uncertainty: 4.3307, uncertainty_coeffi: 0.0100, loss: 0.1133, lr: 4.95e-04
     Epoch[3] Iteration[100/192], entropy: 0.1240, uncertainty: 3.6173, uncertainty_coeffi: 0.0100, loss: 0.0882, lr: 8.27e-05
     Epoch[3] Iteration[110/192], entropy: 0.1444, uncertainty: 3.0542, uncertainty_coeffi: 0.0100, loss: 0.0757, lr: 1.73e-04
     Epoch[3] Iteration[120/192], entropy: 0.2654, uncertainty: 3.7013, uncertainty_coeffi: 0.0100, loss: 0.1075, lr: 4.95e-04
     Epoch[3] Iteration[130/192], entropy: 0.2477, uncertainty: 3.8811, uncertainty_coeffi: 0.0100, loss: 0.0973, lr: 8.27e-05
     Epoch[3] Iteration[140/192], entropy: 0.2269, uncertainty: 3.2807, uncertainty_coeffi: 0.0100, loss: 0.0968, lr: 1.73e-04
     Epoch[3] Iteration[150/192], entropy: 0.2280, uncertainty: 3.4720, uncertainty_coeffi: 0.0100, loss: 0.1154, lr: 4.95e-04
     Epoch[3] Iteration[160/192], entropy: 0.1196, uncertainty: 3.1422, uncertainty_coeffi: 0.0100, loss: 0.0714, lr: 8.27e-05
     Epoch[3] Iteration[170/192], entropy: 0.3463, uncertainty: 4.1258, uncertainty_coeffi: 0.0100, loss: 0.1325, lr: 1.73e-04
     Epoch[3] Iteration[180/192], entropy: 0.2257, uncertainty: 3.6732, uncertainty_coeffi: 0.0100, loss: 0.1040, lr: 4.95e-04
     Epoch[3] Iteration[190/192], entropy: 0.3131, uncertainty: 4.1204, uncertainty_coeffi: 0.0100, loss: 0.1295, lr: 8.27e-05
     Averaged stats: entropy_avg: 0.2336, uncertainty_avg: 3.7091, uncertainty_coeffi_avg: 0.0100, loss_avg: 0.1035, lr_avg: 2.41e-04
     itm tta time 0:00:37
     Epoch[4] Iteration[10/192], entropy: 0.1923, uncertainty: 3.0635, uncertainty_coeffi: 0.0100, loss: 0.0788, lr: 2.76e-04
     Epoch[4] Iteration[20/192], entropy: 0.2873, uncertainty: 3.3982, uncertainty_coeffi: 0.0100, loss: 0.1204, lr: 4.52e-04
     Epoch[4] Iteration[30/192], entropy: 0.2743, uncertainty: 3.5013, uncertainty_coeffi: 0.0100, loss: 0.0986, lr: 2.16e-05
     Epoch[4] Iteration[40/192], entropy: 0.1904, uncertainty: 2.9661, uncertainty_coeffi: 0.0100, loss: 0.1074, lr: 2.76e-04
     Epoch[4] Iteration[50/192], entropy: 0.1746, uncertainty: 3.2308, uncertainty_coeffi: 0.0100, loss: 0.0809, lr: 4.52e-04
     Epoch[4] Iteration[60/192], entropy: 0.2585, uncertainty: 3.8745, uncertainty_coeffi: 0.0100, loss: 0.1090, lr: 2.16e-05
     Epoch[4] Iteration[70/192], entropy: 0.1618, uncertainty: 3.7850, uncertainty_coeffi: 0.0100, loss: 0.0810, lr: 2.76e-04
     Epoch[4] Iteration[80/192], entropy: 0.2866, uncertainty: 3.8653, uncertainty_coeffi: 0.0100, loss: 0.1225, lr: 4.52e-04
     Epoch[4] Iteration[90/192], entropy: 0.2227, uncertainty: 3.6215, uncertainty_coeffi: 0.0100, loss: 0.1031, lr: 2.16e-05
     Epoch[4] Iteration[100/192], entropy: 0.2778, uncertainty: 3.5157, uncertainty_coeffi: 0.0100, loss: 0.1093, lr: 2.76e-04
     Epoch[4] Iteration[110/192], entropy: 0.2697, uncertainty: 3.6468, uncertainty_coeffi: 0.0100, loss: 0.1133, lr: 4.52e-04
     Epoch[4] Iteration[120/192], entropy: 0.2663, uncertainty: 3.3615, uncertainty_coeffi: 0.0100, loss: 0.1240, lr: 2.16e-05
     Epoch[4] Iteration[130/192], entropy: 0.2048, uncertainty: 3.5453, uncertainty_coeffi: 0.0100, loss: 0.0884, lr: 2.76e-04
     Epoch[4] Iteration[140/192], entropy: 0.2127, uncertainty: 3.2626, uncertainty_coeffi: 0.0100, loss: 0.0928, lr: 4.52e-04
     Epoch[4] Iteration[150/192], entropy: 0.2852, uncertainty: 3.3568, uncertainty_coeffi: 0.0100, loss: 0.1333, lr: 2.16e-05
     Epoch[4] Iteration[160/192], entropy: 0.1988, uncertainty: 3.4173, uncertainty_coeffi: 0.0100, loss: 0.0789, lr: 2.76e-04
     Epoch[4] Iteration[170/192], entropy: 0.2386, uncertainty: 3.4123, uncertainty_coeffi: 0.0100, loss: 0.1310, lr: 4.52e-04
     Epoch[4] Iteration[180/192], entropy: 0.2825, uncertainty: 3.9410, uncertainty_coeffi: 0.0100, loss: 0.1086, lr: 2.16e-05
     Epoch[4] Iteration[190/192], entropy: 0.2722, uncertainty: 4.3076, uncertainty_coeffi: 0.0100, loss: 0.1082, lr: 2.76e-04
     Averaged stats: entropy_avg: 0.2398, uncertainty_avg: 3.5302, uncertainty_coeffi_avg: 0.0100, loss_avg: 0.1047, lr_avg: 2.51e-04
     itm tta time 0:00:37
### TTA Eval Score: 
+-------+--------+--------+--------+--------+--------+
| epoch |   R1   |   R5   |  R10   |  mAP   |  mINP  |
+-------+--------+--------+--------+--------+--------+
|  -999 | 70.647 | 86.940 | 91.797 | 63.400 | 47.058 |
|   0   | 70.874 | 86.875 | 91.829 | 63.523 | 47.269 |
|   1   | 70.647 | 86.858 | 91.943 | 63.483 | 47.297 |
|   2   | 70.419 | 86.842 | 91.894 | 63.436 | 47.272 |
|   4   | 70.387 | 86.793 | 91.797 | 63.418 | 47.219 |
+-------+--------+--------+--------+--------+--------+
     logs:  {'epo': 4, 'R1': np.float32(70.387), 'R5': np.float32(86.793), 'R10': np.float32(91.797), 'mAP': np.float32(63.418), 'mINP': np.float32(47.219), 'entropy': 0.23984582879041372, 'uncertainty': 3.530161217639321, 'uncertainty_coeffi': 0.009999999776482582, 'loss': 0.10470626503229141, 'lr': 0.0002513753745166786}
     Epoch[5] Iteration[10/192], entropy: 0.2381, uncertainty: 3.8791, uncertainty_coeffi: 0.0100, loss: 0.0952, lr: 3.75e-04
     Epoch[5] Iteration[20/192], entropy: 0.1649, uncertainty: 2.8268, uncertainty_coeffi: 0.0100, loss: 0.0923, lr: 0.00e+00
     Epoch[5] Iteration[30/192], entropy: 0.2154, uncertainty: 3.5447, uncertainty_coeffi: 0.0100, loss: 0.0878, lr: 3.75e-04
     Epoch[5] Iteration[40/192], entropy: 0.1988, uncertainty: 3.2296, uncertainty_coeffi: 0.0100, loss: 0.0966, lr: 3.75e-04
     Epoch[5] Iteration[50/192], entropy: 0.3046, uncertainty: 3.7691, uncertainty_coeffi: 0.0100, loss: 0.1217, lr: 0.00e+00
     Epoch[5] Iteration[60/192], entropy: 0.2235, uncertainty: 4.2417, uncertainty_coeffi: 0.0100, loss: 0.0933, lr: 3.75e-04
     Epoch[5] Iteration[70/192], entropy: 0.2254, uncertainty: 3.4638, uncertainty_coeffi: 0.0100, loss: 0.1175, lr: 3.75e-04
     Epoch[5] Iteration[80/192], entropy: 0.2691, uncertainty: 3.8550, uncertainty_coeffi: 0.0100, loss: 0.1046, lr: 0.00e+00
     Epoch[5] Iteration[90/192], entropy: 0.2445, uncertainty: 4.1860, uncertainty_coeffi: 0.0100, loss: 0.0967, lr: 3.75e-04
     Epoch[5] Iteration[100/192], entropy: 0.2392, uncertainty: 3.6869, uncertainty_coeffi: 0.0100, loss: 0.0937, lr: 3.75e-04
     Epoch[5] Iteration[110/192], entropy: 0.2486, uncertainty: 3.9236, uncertainty_coeffi: 0.0100, loss: 0.0885, lr: 0.00e+00
     Epoch[5] Iteration[120/192], entropy: 0.2354, uncertainty: 3.5022, uncertainty_coeffi: 0.0100, loss: 0.1052, lr: 3.75e-04
     Epoch[5] Iteration[130/192], entropy: 0.2044, uncertainty: 3.7528, uncertainty_coeffi: 0.0100, loss: 0.0856, lr: 3.75e-04
     Epoch[5] Iteration[140/192], entropy: 0.2476, uncertainty: 3.5693, uncertainty_coeffi: 0.0100, loss: 0.1062, lr: 0.00e+00
     Epoch[5] Iteration[150/192], entropy: 0.2980, uncertainty: 3.6555, uncertainty_coeffi: 0.0100, loss: 0.1091, lr: 3.75e-04
     Epoch[5] Iteration[160/192], entropy: 0.1854, uncertainty: 3.3420, uncertainty_coeffi: 0.0100, loss: 0.0807, lr: 3.75e-04
     Epoch[5] Iteration[170/192], entropy: 0.2495, uncertainty: 3.7207, uncertainty_coeffi: 0.0100, loss: 0.1066, lr: 0.00e+00
     Epoch[5] Iteration[180/192], entropy: 0.2365, uncertainty: 3.6308, uncertainty_coeffi: 0.0100, loss: 0.0974, lr: 3.75e-04
     Epoch[5] Iteration[190/192], entropy: 0.1733, uncertainty: 3.1755, uncertainty_coeffi: 0.0100, loss: 0.1012, lr: 3.75e-04
     Averaged stats: entropy_avg: 0.2317, uncertainty_avg: 3.6292, uncertainty_coeffi_avg: 0.0100, loss_avg: 0.0989, lr_avg: 2.57e-04
     itm tta time 0:00:37
     Epoch[6] Iteration[10/192], entropy: 0.2900, uncertainty: 3.6849, uncertainty_coeffi: 0.0100, loss: 0.1052, lr: 2.16e-05
     Epoch[6] Iteration[20/192], entropy: 0.1705, uncertainty: 3.6445, uncertainty_coeffi: 0.0100, loss: 0.0747, lr: 4.52e-04
     Epoch[6] Iteration[30/192], entropy: 0.2489, uncertainty: 3.6327, uncertainty_coeffi: 0.0100, loss: 0.1198, lr: 2.76e-04
     Epoch[6] Iteration[40/192], entropy: 0.1233, uncertainty: 3.3125, uncertainty_coeffi: 0.0100, loss: 0.0614, lr: 2.16e-05
     Epoch[6] Iteration[50/192], entropy: 0.2953, uncertainty: 3.9138, uncertainty_coeffi: 0.0100, loss: 0.1286, lr: 4.52e-04
     Epoch[6] Iteration[60/192], entropy: 0.3429, uncertainty: 3.7094, uncertainty_coeffi: 0.0100, loss: 0.1193, lr: 2.76e-04
     Epoch[6] Iteration[70/192], entropy: 0.2197, uncertainty: 3.5423, uncertainty_coeffi: 0.0100, loss: 0.1063, lr: 2.16e-05
     Epoch[6] Iteration[80/192], entropy: 0.2614, uncertainty: 3.5675, uncertainty_coeffi: 0.0100, loss: 0.1006, lr: 4.52e-04
     Epoch[6] Iteration[90/192], entropy: 0.1416, uncertainty: 3.1913, uncertainty_coeffi: 0.0100, loss: 0.0779, lr: 2.76e-04
     Epoch[6] Iteration[100/192], entropy: 0.3584, uncertainty: 3.7507, uncertainty_coeffi: 0.0100, loss: 0.1373, lr: 2.16e-05
     Epoch[6] Iteration[110/192], entropy: 0.2796, uncertainty: 4.4144, uncertainty_coeffi: 0.0100, loss: 0.1158, lr: 4.52e-04
     Epoch[6] Iteration[120/192], entropy: 0.1841, uncertainty: 4.1361, uncertainty_coeffi: 0.0100, loss: 0.0807, lr: 2.76e-04
     Epoch[6] Iteration[130/192], entropy: 0.1275, uncertainty: 3.6756, uncertainty_coeffi: 0.0100, loss: 0.0778, lr: 2.16e-05
     Epoch[6] Iteration[140/192], entropy: 0.2480, uncertainty: 3.9838, uncertainty_coeffi: 0.0100, loss: 0.1018, lr: 4.52e-04
     Epoch[6] Iteration[150/192], entropy: 0.2498, uncertainty: 4.2551, uncertainty_coeffi: 0.0100, loss: 0.1046, lr: 2.76e-04
     Epoch[6] Iteration[160/192], entropy: 0.2626, uncertainty: 3.0589, uncertainty_coeffi: 0.0100, loss: 0.1456, lr: 2.16e-05
     Epoch[6] Iteration[170/192], entropy: 0.2360, uncertainty: 2.9940, uncertainty_coeffi: 0.0100, loss: 0.1032, lr: 4.52e-04
     Epoch[6] Iteration[180/192], entropy: 0.2654, uncertainty: 3.5833, uncertainty_coeffi: 0.0100, loss: 0.1071, lr: 2.76e-04
     Epoch[6] Iteration[190/192], entropy: 0.2260, uncertainty: 3.7096, uncertainty_coeffi: 0.0100, loss: 0.1007, lr: 2.16e-05
     Averaged stats: entropy_avg: 0.2385, uncertainty_avg: 3.6716, uncertainty_coeffi_avg: 0.0100, loss_avg: 0.1036, lr_avg: 2.38e-04
     itm tta time 0:00:37
     Epoch[7] Iteration[10/192], entropy: 0.2749, uncertainty: 4.0770, uncertainty_coeffi: 0.0100, loss: 0.0978, lr: 4.95e-04
     Epoch[7] Iteration[20/192], entropy: 0.2448, uncertainty: 3.8407, uncertainty_coeffi: 0.0100, loss: 0.1112, lr: 1.73e-04
     Epoch[7] Iteration[30/192], entropy: 0.2381, uncertainty: 4.2389, uncertainty_coeffi: 0.0100, loss: 0.0861, lr: 8.27e-05
     Epoch[7] Iteration[40/192], entropy: 0.2421, uncertainty: 3.7918, uncertainty_coeffi: 0.0100, loss: 0.1022, lr: 4.95e-04
     Epoch[7] Iteration[50/192], entropy: 0.2297, uncertainty: 3.8866, uncertainty_coeffi: 0.0100, loss: 0.1005, lr: 1.73e-04
     Epoch[7] Iteration[60/192], entropy: 0.1927, uncertainty: 3.1394, uncertainty_coeffi: 0.0100, loss: 0.0887, lr: 8.27e-05
     Epoch[7] Iteration[70/192], entropy: 0.2967, uncertainty: 3.5758, uncertainty_coeffi: 0.0100, loss: 0.1061, lr: 4.95e-04
     Epoch[7] Iteration[80/192], entropy: 0.2479, uncertainty: 4.0218, uncertainty_coeffi: 0.0100, loss: 0.1150, lr: 1.73e-04
     Epoch[7] Iteration[90/192], entropy: 0.4046, uncertainty: 3.7782, uncertainty_coeffi: 0.0100, loss: 0.1356, lr: 8.27e-05
     Epoch[7] Iteration[100/192], entropy: 0.2870, uncertainty: 3.5883, uncertainty_coeffi: 0.0100, loss: 0.1620, lr: 4.95e-04
     Epoch[7] Iteration[110/192], entropy: 0.2059, uncertainty: 3.8396, uncertainty_coeffi: 0.0100, loss: 0.0787, lr: 1.73e-04
     Epoch[7] Iteration[120/192], entropy: 0.2422, uncertainty: 3.9696, uncertainty_coeffi: 0.0100, loss: 0.0852, lr: 8.27e-05
     Epoch[7] Iteration[130/192], entropy: 0.2606, uncertainty: 3.2062, uncertainty_coeffi: 0.0100, loss: 0.1097, lr: 4.95e-04
     Epoch[7] Iteration[140/192], entropy: 0.1917, uncertainty: 4.0507, uncertainty_coeffi: 0.0100, loss: 0.0822, lr: 1.73e-04
     Epoch[7] Iteration[150/192], entropy: 0.3479, uncertainty: 4.0308, uncertainty_coeffi: 0.0100, loss: 0.1298, lr: 8.27e-05
     Epoch[7] Iteration[160/192], entropy: 0.3088, uncertainty: 3.6409, uncertainty_coeffi: 0.0100, loss: 0.1382, lr: 4.95e-04
     Epoch[7] Iteration[170/192], entropy: 0.2235, uncertainty: 3.5009, uncertainty_coeffi: 0.0100, loss: 0.1248, lr: 1.73e-04
     Epoch[7] Iteration[180/192], entropy: 0.1515, uncertainty: 3.8403, uncertainty_coeffi: 0.0100, loss: 0.0836, lr: 8.27e-05
     Epoch[7] Iteration[190/192], entropy: 0.2412, uncertainty: 3.8470, uncertainty_coeffi: 0.0100, loss: 0.1167, lr: 4.95e-04
     Averaged stats: entropy_avg: 0.2543, uncertainty_avg: 3.7823, uncertainty_coeffi_avg: 0.0100, loss_avg: 0.1081, lr_avg: 2.63e-04
     itm tta time 0:00:39
     Epoch[8] Iteration[10/192], entropy: 0.2555, uncertainty: 3.2639, uncertainty_coeffi: 0.0100, loss: 0.1093, lr: 8.27e-05
     Epoch[8] Iteration[20/192], entropy: 0.2750, uncertainty: 3.4670, uncertainty_coeffi: 0.0100, loss: 0.1108, lr: 1.73e-04
     Epoch[8] Iteration[30/192], entropy: 0.1587, uncertainty: 3.3793, uncertainty_coeffi: 0.0100, loss: 0.0631, lr: 4.95e-04
     Epoch[8] Iteration[40/192], entropy: 0.1417, uncertainty: 3.5029, uncertainty_coeffi: 0.0100, loss: 0.0688, lr: 8.27e-05
     Epoch[8] Iteration[50/192], entropy: 0.2744, uncertainty: 4.0296, uncertainty_coeffi: 0.0100, loss: 0.0973, lr: 1.73e-04
     Epoch[8] Iteration[60/192], entropy: 0.2488, uncertainty: 3.3470, uncertainty_coeffi: 0.0100, loss: 0.1037, lr: 4.95e-04
     Epoch[8] Iteration[70/192], entropy: 0.3305, uncertainty: 3.7610, uncertainty_coeffi: 0.0100, loss: 0.1582, lr: 8.27e-05
     Epoch[8] Iteration[80/192], entropy: 0.1956, uncertainty: 3.0085, uncertainty_coeffi: 0.0100, loss: 0.1050, lr: 1.73e-04
     Epoch[8] Iteration[90/192], entropy: 0.2209, uncertainty: 3.2456, uncertainty_coeffi: 0.0100, loss: 0.1040, lr: 4.95e-04
     Epoch[8] Iteration[100/192], entropy: 0.1698, uncertainty: 3.7240, uncertainty_coeffi: 0.0100, loss: 0.0835, lr: 8.27e-05
     Epoch[8] Iteration[110/192], entropy: 0.1778, uncertainty: 3.5044, uncertainty_coeffi: 0.0100, loss: 0.0790, lr: 1.73e-04
     Epoch[8] Iteration[120/192], entropy: 0.2287, uncertainty: 3.3745, uncertainty_coeffi: 0.0100, loss: 0.0956, lr: 4.95e-04
     Epoch[8] Iteration[130/192], entropy: 0.2257, uncertainty: 4.0373, uncertainty_coeffi: 0.0100, loss: 0.0940, lr: 8.27e-05
     Epoch[8] Iteration[140/192], entropy: 0.2118, uncertainty: 3.4595, uncertainty_coeffi: 0.0100, loss: 0.0894, lr: 1.73e-04
     Epoch[8] Iteration[150/192], entropy: 0.1949, uncertainty: 3.7698, uncertainty_coeffi: 0.0100, loss: 0.1124, lr: 4.95e-04
     Epoch[8] Iteration[160/192], entropy: 0.2400, uncertainty: 3.7403, uncertainty_coeffi: 0.0100, loss: 0.0906, lr: 8.27e-05
     Epoch[8] Iteration[170/192], entropy: 0.2557, uncertainty: 3.6561, uncertainty_coeffi: 0.0100, loss: 0.0915, lr: 1.73e-04
     Epoch[8] Iteration[180/192], entropy: 0.2214, uncertainty: 3.9093, uncertainty_coeffi: 0.0100, loss: 0.0923, lr: 4.95e-04
     Epoch[8] Iteration[190/192], entropy: 0.2344, uncertainty: 3.1314, uncertainty_coeffi: 0.0100, loss: 0.1229, lr: 8.27e-05
     Averaged stats: entropy_avg: 0.2243, uncertainty_avg: 3.5427, uncertainty_coeffi_avg: 0.0100, loss_avg: 0.0985, lr_avg: 2.41e-04
     itm tta time 0:00:37
     Epoch[9] Iteration[10/192], entropy: 0.1508, uncertainty: 3.5873, uncertainty_coeffi: 0.0100, loss: 0.0696, lr: 2.76e-04
     Epoch[9] Iteration[20/192], entropy: 0.1977, uncertainty: 3.1057, uncertainty_coeffi: 0.0100, loss: 0.0995, lr: 4.52e-04
     Epoch[9] Iteration[30/192], entropy: 0.1989, uncertainty: 3.1620, uncertainty_coeffi: 0.0100, loss: 0.0867, lr: 2.16e-05
     Epoch[9] Iteration[40/192], entropy: 0.2254, uncertainty: 3.2938, uncertainty_coeffi: 0.0100, loss: 0.0967, lr: 2.76e-04
     Epoch[9] Iteration[50/192], entropy: 0.2120, uncertainty: 3.6600, uncertainty_coeffi: 0.0100, loss: 0.1054, lr: 4.52e-04
     Epoch[9] Iteration[60/192], entropy: 0.2313, uncertainty: 3.1387, uncertainty_coeffi: 0.0100, loss: 0.0944, lr: 2.16e-05
     Epoch[9] Iteration[70/192], entropy: 0.2750, uncertainty: 4.1061, uncertainty_coeffi: 0.0100, loss: 0.0993, lr: 2.76e-04
     Epoch[9] Iteration[80/192], entropy: 0.2484, uncertainty: 3.3650, uncertainty_coeffi: 0.0100, loss: 0.0999, lr: 4.52e-04
     Epoch[9] Iteration[90/192], entropy: 0.2332, uncertainty: 3.9915, uncertainty_coeffi: 0.0100, loss: 0.1095, lr: 2.16e-05
     Epoch[9] Iteration[100/192], entropy: 0.1848, uncertainty: 3.6886, uncertainty_coeffi: 0.0100, loss: 0.0895, lr: 2.76e-04
     Epoch[9] Iteration[110/192], entropy: 0.2912, uncertainty: 3.5060, uncertainty_coeffi: 0.0100, loss: 0.1391, lr: 4.52e-04
     Epoch[9] Iteration[120/192], entropy: 0.2120, uncertainty: 2.8701, uncertainty_coeffi: 0.0100, loss: 0.1148, lr: 2.16e-05
     Epoch[9] Iteration[130/192], entropy: 0.2316, uncertainty: 3.8064, uncertainty_coeffi: 0.0100, loss: 0.1007, lr: 2.76e-04
     Epoch[9] Iteration[140/192], entropy: 0.3405, uncertainty: 3.4343, uncertainty_coeffi: 0.0100, loss: 0.1620, lr: 4.52e-04
     Epoch[9] Iteration[150/192], entropy: 0.2902, uncertainty: 3.8382, uncertainty_coeffi: 0.0100, loss: 0.1076, lr: 2.16e-05
     Epoch[9] Iteration[160/192], entropy: 0.1696, uncertainty: 3.8767, uncertainty_coeffi: 0.0100, loss: 0.0753, lr: 2.76e-04
     Epoch[9] Iteration[170/192], entropy: 0.2707, uncertainty: 4.5060, uncertainty_coeffi: 0.0100, loss: 0.1026, lr: 4.52e-04
     Epoch[9] Iteration[180/192], entropy: 0.1826, uncertainty: 3.6313, uncertainty_coeffi: 0.0100, loss: 0.1049, lr: 2.16e-05
     Epoch[9] Iteration[190/192], entropy: 0.2437, uncertainty: 3.1689, uncertainty_coeffi: 0.0100, loss: 0.1116, lr: 2.76e-04
     Averaged stats: entropy_avg: 0.2310, uncertainty_avg: 3.5651, uncertainty_coeffi_avg: 0.0100, loss_avg: 0.1036, lr_avg: 2.51e-04
     itm tta time 0:00:37
### TTA Eval Score: 
+-------+--------+--------+--------+--------+--------+
| epoch |   R1   |   R5   |  R10   |  mAP   |  mINP  |
+-------+--------+--------+--------+--------+--------+
|  -999 | 70.647 | 86.940 | 91.797 | 63.400 | 47.058 |
|   0   | 70.874 | 86.875 | 91.829 | 63.523 | 47.269 |
|   1   | 70.647 | 86.858 | 91.943 | 63.483 | 47.297 |
|   2   | 70.419 | 86.842 | 91.894 | 63.436 | 47.272 |
|   4   | 70.387 | 86.793 | 91.797 | 63.418 | 47.219 |
|   9   | 70.354 | 86.631 | 91.732 | 63.366 | 47.101 |
+-------+--------+--------+--------+--------+--------+
     logs:  {'epo': 9, 'R1': np.float32(70.354), 'R5': np.float32(86.631), 'R10': np.float32(91.732), 'mAP': np.float32(63.366), 'mINP': np.float32(47.101), 'entropy': 0.23102630361130364, 'uncertainty': 3.5650893010591207, 'uncertainty_coeffi': 0.009999999776482582, 'loss': 0.10364015870972683, 'lr': 0.00025137537451667963}
     Epoch[10] Iteration[10/192], entropy: 0.2161, uncertainty: 3.3674, uncertainty_coeffi: 0.0100, loss: 0.0919, lr: 3.75e-04
     Epoch[10] Iteration[20/192], entropy: 0.3267, uncertainty: 4.2588, uncertainty_coeffi: 0.0100, loss: 0.1216, lr: 0.00e+00
     Epoch[10] Iteration[30/192], entropy: 0.1773, uncertainty: 3.6879, uncertainty_coeffi: 0.0100, loss: 0.0945, lr: 3.75e-04
     Epoch[10] Iteration[40/192], entropy: 0.2300, uncertainty: 3.4731, uncertainty_coeffi: 0.0100, loss: 0.1061, lr: 3.75e-04
     Epoch[10] Iteration[50/192], entropy: 0.2415, uncertainty: 3.8453, uncertainty_coeffi: 0.0100, loss: 0.1022, lr: 0.00e+00
     Epoch[10] Iteration[60/192], entropy: 0.3040, uncertainty: 3.5906, uncertainty_coeffi: 0.0100, loss: 0.1201, lr: 3.75e-04
     Epoch[10] Iteration[70/192], entropy: 0.2455, uncertainty: 3.5606, uncertainty_coeffi: 0.0100, loss: 0.1280, lr: 3.75e-04
     Epoch[10] Iteration[80/192], entropy: 0.2818, uncertainty: 4.2153, uncertainty_coeffi: 0.0100, loss: 0.1220, lr: 0.00e+00
     Epoch[10] Iteration[90/192], entropy: 0.2325, uncertainty: 4.2409, uncertainty_coeffi: 0.0100, loss: 0.0877, lr: 3.75e-04
     Epoch[10] Iteration[100/192], entropy: 0.2062, uncertainty: 3.5299, uncertainty_coeffi: 0.0100, loss: 0.1183, lr: 3.75e-04
     Epoch[10] Iteration[110/192], entropy: 0.2364, uncertainty: 4.0419, uncertainty_coeffi: 0.0100, loss: 0.0850, lr: 0.00e+00
     Epoch[10] Iteration[120/192], entropy: 0.2416, uncertainty: 3.5198, uncertainty_coeffi: 0.0100, loss: 0.1133, lr: 3.27e-04
     Epoch[10] Iteration[130/192], entropy: 0.1739, uncertainty: 3.2126, uncertainty_coeffi: 0.0100, loss: 0.0700, lr: 4.17e-04
     Epoch[10] Iteration[140/192], entropy: 0.2390, uncertainty: 3.1342, uncertainty_coeffi: 0.0100, loss: 0.1279, lr: 5.46e-06
     Epoch[10] Iteration[150/192], entropy: 0.2532, uncertainty: 3.5677, uncertainty_coeffi: 0.0100, loss: 0.1112, lr: 3.27e-04
     Epoch[10] Iteration[160/192], entropy: 0.2262, uncertainty: 3.5881, uncertainty_coeffi: 0.0100, loss: 0.1055, lr: 4.17e-04
     Epoch[10] Iteration[170/192], entropy: 0.1900, uncertainty: 3.3632, uncertainty_coeffi: 0.0100, loss: 0.0861, lr: 5.46e-06
     Epoch[10] Iteration[180/192], entropy: 0.1797, uncertainty: 4.4655, uncertainty_coeffi: 0.0100, loss: 0.1114, lr: 3.27e-04
     Epoch[10] Iteration[190/192], entropy: 0.1574, uncertainty: 3.3944, uncertainty_coeffi: 0.0100, loss: 0.0841, lr: 4.17e-04
     Averaged stats: entropy_avg: 0.2294, uncertainty_avg: 3.6872, uncertainty_coeffi_avg: 0.0100, loss_avg: 0.1046, lr_avg: 2.56e-04
     itm tta time 0:00:37
     Epoch[11] Iteration[10/192], entropy: 0.1966, uncertainty: 3.9659, uncertainty_coeffi: 0.0100, loss: 0.0901, lr: 5.46e-06
     Epoch[11] Iteration[20/192], entropy: 0.2583, uncertainty: 3.9200, uncertainty_coeffi: 0.0100, loss: 0.1017, lr: 4.17e-04
     Epoch[11] Iteration[30/192], entropy: 0.1854, uncertainty: 3.1462, uncertainty_coeffi: 0.0100, loss: 0.1056, lr: 3.27e-04
     Epoch[11] Iteration[40/192], entropy: 0.1476, uncertainty: 3.6874, uncertainty_coeffi: 0.0100, loss: 0.0804, lr: 5.46e-06
     Epoch[11] Iteration[50/192], entropy: 0.2914, uncertainty: 3.9356, uncertainty_coeffi: 0.0100, loss: 0.1164, lr: 4.17e-04
     Epoch[11] Iteration[60/192], entropy: 0.1767, uncertainty: 3.3926, uncertainty_coeffi: 0.0100, loss: 0.0967, lr: 3.27e-04
     Epoch[11] Iteration[70/192], entropy: 0.2187, uncertainty: 3.3787, uncertainty_coeffi: 0.0100, loss: 0.0919, lr: 5.46e-06
     Epoch[11] Iteration[80/192], entropy: 0.2680, uncertainty: 4.0275, uncertainty_coeffi: 0.0100, loss: 0.1225, lr: 4.17e-04
     Epoch[11] Iteration[90/192], entropy: 0.2064, uncertainty: 3.6037, uncertainty_coeffi: 0.0100, loss: 0.1149, lr: 3.27e-04
     Epoch[11] Iteration[100/192], entropy: 0.2810, uncertainty: 3.7589, uncertainty_coeffi: 0.0100, loss: 0.1213, lr: 5.46e-06
     Epoch[11] Iteration[110/192], entropy: 0.1698, uncertainty: 2.9770, uncertainty_coeffi: 0.0100, loss: 0.0827, lr: 4.17e-04
     Epoch[11] Iteration[120/192], entropy: 0.2610, uncertainty: 3.7366, uncertainty_coeffi: 0.0100, loss: 0.1166, lr: 3.27e-04
     Epoch[11] Iteration[130/192], entropy: 0.2125, uncertainty: 3.3557, uncertainty_coeffi: 0.0100, loss: 0.0804, lr: 5.46e-06
     Epoch[11] Iteration[140/192], entropy: 0.2313, uncertainty: 3.5158, uncertainty_coeffi: 0.0100, loss: 0.0882, lr: 4.17e-04
     Epoch[11] Iteration[150/192], entropy: 0.2495, uncertainty: 3.4846, uncertainty_coeffi: 0.0100, loss: 0.0966, lr: 3.27e-04
     Epoch[11] Iteration[160/192], entropy: 0.2809, uncertainty: 3.7033, uncertainty_coeffi: 0.0100, loss: 0.1222, lr: 5.46e-06
     Epoch[11] Iteration[170/192], entropy: 0.1687, uncertainty: 3.3744, uncertainty_coeffi: 0.0100, loss: 0.0909, lr: 4.17e-04
     Epoch[11] Iteration[180/192], entropy: 0.2138, uncertainty: 3.7139, uncertainty_coeffi: 0.0100, loss: 0.0858, lr: 3.27e-04
     Epoch[11] Iteration[190/192], entropy: 0.1818, uncertainty: 3.4608, uncertainty_coeffi: 0.0100, loss: 0.0774, lr: 5.46e-06
     Averaged stats: entropy_avg: 0.2210, uncertainty_avg: 3.5862, uncertainty_coeffi_avg: 0.0100, loss_avg: 0.0991, lr_avg: 2.37e-04
     itm tta time 0:00:37
     Epoch[12] Iteration[10/192], entropy: 0.3054, uncertainty: 3.5065, uncertainty_coeffi: 0.0100, loss: 0.1173, lr: 4.78e-04
     Epoch[12] Iteration[20/192], entropy: 0.2248, uncertainty: 3.7478, uncertainty_coeffi: 0.0100, loss: 0.1084, lr: 2.24e-04
     Epoch[12] Iteration[30/192], entropy: 0.2161, uncertainty: 2.9561, uncertainty_coeffi: 0.0100, loss: 0.1107, lr: 4.77e-05
     Epoch[12] Iteration[40/192], entropy: 0.1951, uncertainty: 3.1416, uncertainty_coeffi: 0.0100, loss: 0.0900, lr: 4.78e-04
     Epoch[12] Iteration[50/192], entropy: 0.2752, uncertainty: 3.4658, uncertainty_coeffi: 0.0100, loss: 0.1300, lr: 2.24e-04
     Epoch[12] Iteration[60/192], entropy: 0.2867, uncertainty: 4.3839, uncertainty_coeffi: 0.0100, loss: 0.0929, lr: 4.77e-05
     Epoch[12] Iteration[70/192], entropy: 0.1678, uncertainty: 3.3139, uncertainty_coeffi: 0.0100, loss: 0.0907, lr: 4.78e-04
     Epoch[12] Iteration[80/192], entropy: 0.2257, uncertainty: 3.9306, uncertainty_coeffi: 0.0100, loss: 0.0846, lr: 2.24e-04
     Epoch[12] Iteration[90/192], entropy: 0.3068, uncertainty: 3.4775, uncertainty_coeffi: 0.0100, loss: 0.1289, lr: 4.77e-05
     Epoch[12] Iteration[100/192], entropy: 0.2578, uncertainty: 2.4571, uncertainty_coeffi: 0.0100, loss: 0.1379, lr: 4.78e-04
     Epoch[12] Iteration[110/192], entropy: 0.0998, uncertainty: 3.2438, uncertainty_coeffi: 0.0100, loss: 0.0618, lr: 2.24e-04
     Epoch[12] Iteration[120/192], entropy: 0.1532, uncertainty: 3.1402, uncertainty_coeffi: 0.0100, loss: 0.0761, lr: 4.77e-05
     Epoch[12] Iteration[130/192], entropy: 0.2560, uncertainty: 3.3077, uncertainty_coeffi: 0.0100, loss: 0.1036, lr: 4.78e-04
     Epoch[12] Iteration[140/192], entropy: 0.3857, uncertainty: 4.6019, uncertainty_coeffi: 0.0100, loss: 0.1269, lr: 2.24e-04
     Epoch[12] Iteration[150/192], entropy: 0.2535, uncertainty: 3.4454, uncertainty_coeffi: 0.0100, loss: 0.1061, lr: 4.77e-05
     Epoch[12] Iteration[160/192], entropy: 0.2683, uncertainty: 2.9460, uncertainty_coeffi: 0.0100, loss: 0.1246, lr: 4.78e-04
     Epoch[12] Iteration[170/192], entropy: 0.2483, uncertainty: 3.3902, uncertainty_coeffi: 0.0100, loss: 0.1114, lr: 2.24e-04
     Epoch[12] Iteration[180/192], entropy: 0.3012, uncertainty: 3.8068, uncertainty_coeffi: 0.0100, loss: 0.1113, lr: 4.77e-05
     Epoch[12] Iteration[190/192], entropy: 0.1557, uncertainty: 3.2229, uncertainty_coeffi: 0.0100, loss: 0.0840, lr: 4.78e-04
     Averaged stats: entropy_avg: 0.2412, uncertainty_avg: 3.4466, uncertainty_coeffi_avg: 0.0100, loss_avg: 0.1051, lr_avg: 2.62e-04
     itm tta time 0:00:37
     Epoch[13] Iteration[10/192], entropy: 0.2485, uncertainty: 3.4477, uncertainty_coeffi: 0.0100, loss: 0.1043, lr: 1.25e-04
     Epoch[13] Iteration[20/192], entropy: 0.2053, uncertainty: 4.4117, uncertainty_coeffi: 0.0100, loss: 0.1142, lr: 1.25e-04
     Epoch[13] Iteration[30/192], entropy: 0.1064, uncertainty: 3.8785, uncertainty_coeffi: 0.0100, loss: 0.0647, lr: 5.00e-04
     Epoch[13] Iteration[40/192], entropy: 0.2698, uncertainty: 3.2291, uncertainty_coeffi: 0.0100, loss: 0.1365, lr: 1.25e-04
     Epoch[13] Iteration[50/192], entropy: 0.1943, uncertainty: 2.9119, uncertainty_coeffi: 0.0100, loss: 0.0830, lr: 1.25e-04
     Epoch[13] Iteration[60/192], entropy: 0.2166, uncertainty: 3.7814, uncertainty_coeffi: 0.0100, loss: 0.0976, lr: 5.00e-04
     Epoch[13] Iteration[70/192], entropy: 0.1443, uncertainty: 3.1153, uncertainty_coeffi: 0.0100, loss: 0.1019, lr: 1.25e-04
     Epoch[13] Iteration[80/192], entropy: 0.2821, uncertainty: 3.6364, uncertainty_coeffi: 0.0100, loss: 0.1425, lr: 1.25e-04
     Epoch[13] Iteration[90/192], entropy: 0.1684, uncertainty: 3.7969, uncertainty_coeffi: 0.0100, loss: 0.0890, lr: 5.00e-04
     Epoch[13] Iteration[100/192], entropy: 0.1414, uncertainty: 3.4327, uncertainty_coeffi: 0.0100, loss: 0.0865, lr: 1.25e-04
     Epoch[13] Iteration[110/192], entropy: 0.1380, uncertainty: 3.4637, uncertainty_coeffi: 0.0100, loss: 0.0704, lr: 1.25e-04
     Epoch[13] Iteration[120/192], entropy: 0.1656, uncertainty: 2.9891, uncertainty_coeffi: 0.0100, loss: 0.0872, lr: 5.00e-04
     Epoch[13] Iteration[130/192], entropy: 0.2255, uncertainty: 3.7208, uncertainty_coeffi: 0.0100, loss: 0.0982, lr: 1.25e-04
     Epoch[13] Iteration[140/192], entropy: 0.3139, uncertainty: 3.7666, uncertainty_coeffi: 0.0100, loss: 0.1105, lr: 1.25e-04
     Epoch[13] Iteration[150/192], entropy: 0.2327, uncertainty: 3.8059, uncertainty_coeffi: 0.0100, loss: 0.0897, lr: 5.00e-04
     Epoch[13] Iteration[160/192], entropy: 0.1424, uncertainty: 3.0154, uncertainty_coeffi: 0.0100, loss: 0.0738, lr: 1.25e-04
     Epoch[13] Iteration[170/192], entropy: 0.2226, uncertainty: 3.0697, uncertainty_coeffi: 0.0100, loss: 0.1069, lr: 1.25e-04
     Epoch[13] Iteration[180/192], entropy: 0.1501, uncertainty: 3.0005, uncertainty_coeffi: 0.0100, loss: 0.0688, lr: 5.00e-04
     Epoch[13] Iteration[190/192], entropy: 0.2347, uncertainty: 3.5440, uncertainty_coeffi: 0.0100, loss: 0.0840, lr: 1.25e-04
     Averaged stats: entropy_avg: 0.2001, uncertainty_avg: 3.4746, uncertainty_coeffi_avg: 0.0100, loss_avg: 0.0953, lr_avg: 2.43e-04
     itm tta time 0:00:37
     Epoch[14] Iteration[10/192], entropy: 0.1521, uncertainty: 3.0108, uncertainty_coeffi: 0.0100, loss: 0.0894, lr: 2.24e-04
     Epoch[14] Iteration[20/192], entropy: 0.1390, uncertainty: 2.6560, uncertainty_coeffi: 0.0100, loss: 0.0698, lr: 4.78e-04
     Epoch[14] Iteration[30/192], entropy: 0.2227, uncertainty: 3.5398, uncertainty_coeffi: 0.0100, loss: 0.0828, lr: 4.77e-05
     Epoch[14] Iteration[40/192], entropy: 0.2246, uncertainty: 3.9652, uncertainty_coeffi: 0.0100, loss: 0.0927, lr: 2.24e-04
     Epoch[14] Iteration[50/192], entropy: 0.2615, uncertainty: 3.7799, uncertainty_coeffi: 0.0100, loss: 0.1217, lr: 4.78e-04
     Epoch[14] Iteration[60/192], entropy: 0.1590, uncertainty: 3.7826, uncertainty_coeffi: 0.0100, loss: 0.0906, lr: 4.77e-05
     Epoch[14] Iteration[70/192], entropy: 0.2129, uncertainty: 3.5926, uncertainty_coeffi: 0.0100, loss: 0.1026, lr: 2.24e-04
     Epoch[14] Iteration[80/192], entropy: 0.1477, uncertainty: 3.5642, uncertainty_coeffi: 0.0100, loss: 0.0777, lr: 4.78e-04
     Epoch[14] Iteration[90/192], entropy: 0.2148, uncertainty: 3.6549, uncertainty_coeffi: 0.0100, loss: 0.0940, lr: 4.77e-05
     Epoch[14] Iteration[100/192], entropy: 0.1908, uncertainty: 3.1409, uncertainty_coeffi: 0.0100, loss: 0.0958, lr: 2.24e-04
     Epoch[14] Iteration[110/192], entropy: 0.2308, uncertainty: 3.1299, uncertainty_coeffi: 0.0100, loss: 0.1007, lr: 4.78e-04
     Epoch[14] Iteration[120/192], entropy: 0.2993, uncertainty: 4.2047, uncertainty_coeffi: 0.0100, loss: 0.0995, lr: 4.77e-05
     Epoch[14] Iteration[130/192], entropy: 0.3019, uncertainty: 4.0631, uncertainty_coeffi: 0.0100, loss: 0.1443, lr: 2.24e-04
     Epoch[14] Iteration[140/192], entropy: 0.2264, uncertainty: 2.9709, uncertainty_coeffi: 0.0100, loss: 0.1062, lr: 4.78e-04
     Epoch[14] Iteration[150/192], entropy: 0.3245, uncertainty: 3.9320, uncertainty_coeffi: 0.0100, loss: 0.1105, lr: 4.77e-05
     Epoch[14] Iteration[160/192], entropy: 0.2318, uncertainty: 3.8310, uncertainty_coeffi: 0.0100, loss: 0.1088, lr: 2.24e-04
     Epoch[14] Iteration[170/192], entropy: 0.2979, uncertainty: 3.8633, uncertainty_coeffi: 0.0100, loss: 0.1059, lr: 4.78e-04
     Epoch[14] Iteration[180/192], entropy: 0.2272, uncertainty: 3.7089, uncertainty_coeffi: 0.0100, loss: 0.0764, lr: 4.77e-05
     Epoch[14] Iteration[190/192], entropy: 0.2059, uncertainty: 3.0597, uncertainty_coeffi: 0.0100, loss: 0.0803, lr: 2.24e-04
     Averaged stats: entropy_avg: 0.2248, uncertainty_avg: 3.5500, uncertainty_coeffi_avg: 0.0100, loss_avg: 0.0974, lr_avg: 2.49e-04
     itm tta time 0:00:38
### TTA Eval Score: 
+-------+--------+--------+--------+--------+--------+
| epoch |   R1   |   R5   |  R10   |  mAP   |  mINP  |
+-------+--------+--------+--------+--------+--------+
|  -999 | 70.647 | 86.940 | 91.797 | 63.400 | 47.058 |
|   0   | 70.874 | 86.875 | 91.829 | 63.523 | 47.269 |
|   1   | 70.647 | 86.858 | 91.943 | 63.483 | 47.297 |
|   2   | 70.419 | 86.842 | 91.894 | 63.436 | 47.272 |
|   4   | 70.387 | 86.793 | 91.797 | 63.418 | 47.219 |
|   9   | 70.354 | 86.631 | 91.732 | 63.366 | 47.101 |
|   14  | 70.273 | 86.598 | 91.667 | 63.352 | 47.051 |
+-------+--------+--------+--------+--------+--------+
     logs:  {'epo': 14, 'R1': np.float32(70.273), 'R5': np.float32(86.598), 'R10': np.float32(91.667), 'mAP': np.float32(63.352), 'mINP': np.float32(47.051), 'entropy': 0.22478171241910835, 'uncertainty': 3.5500295036717464, 'uncertainty_coeffi': 0.009999999776482582, 'loss': 0.09735410621291712, 'lr': 0.0002486246254833197}
     Epoch[15] Iteration[10/192], entropy: 0.1640, uncertainty: 3.1424, uncertainty_coeffi: 0.0100, loss: 0.0816, lr: 4.17e-04
     Epoch[15] Iteration[20/192], entropy: 0.2116, uncertainty: 3.2993, uncertainty_coeffi: 0.0100, loss: 0.0820, lr: 5.46e-06
     Epoch[15] Iteration[30/192], entropy: 0.2231, uncertainty: 3.2165, uncertainty_coeffi: 0.0100, loss: 0.1018, lr: 3.27e-04
     Epoch[15] Iteration[40/192], entropy: 0.2835, uncertainty: 3.9049, uncertainty_coeffi: 0.0100, loss: 0.1379, lr: 4.17e-04
     Epoch[15] Iteration[50/192], entropy: 0.2516, uncertainty: 4.3173, uncertainty_coeffi: 0.0100, loss: 0.0999, lr: 5.46e-06
     Epoch[15] Iteration[60/192], entropy: 0.2842, uncertainty: 4.0377, uncertainty_coeffi: 0.0100, loss: 0.1022, lr: 3.27e-04
     Epoch[15] Iteration[70/192], entropy: 0.2468, uncertainty: 3.3019, uncertainty_coeffi: 0.0100, loss: 0.1198, lr: 4.17e-04
     Epoch[15] Iteration[80/192], entropy: 0.2181, uncertainty: 4.0935, uncertainty_coeffi: 0.0100, loss: 0.0961, lr: 5.46e-06
     Epoch[15] Iteration[90/192], entropy: 0.1584, uncertainty: 3.4315, uncertainty_coeffi: 0.0100, loss: 0.0823, lr: 3.27e-04
     Epoch[15] Iteration[100/192], entropy: 0.2477, uncertainty: 3.8127, uncertainty_coeffi: 0.0100, loss: 0.1047, lr: 4.17e-04
     Epoch[15] Iteration[110/192], entropy: 0.2201, uncertainty: 3.4321, uncertainty_coeffi: 0.0100, loss: 0.0998, lr: 5.46e-06
     Epoch[15] Iteration[120/192], entropy: 0.2073, uncertainty: 3.3978, uncertainty_coeffi: 0.0100, loss: 0.1134, lr: 3.27e-04
     Epoch[15] Iteration[130/192], entropy: 0.2798, uncertainty: 3.7674, uncertainty_coeffi: 0.0100, loss: 0.1253, lr: 4.17e-04
     Epoch[15] Iteration[140/192], entropy: 0.3251, uncertainty: 4.6411, uncertainty_coeffi: 0.0100, loss: 0.1128, lr: 5.46e-06
     Epoch[15] Iteration[150/192], entropy: 0.2440, uncertainty: 2.9593, uncertainty_coeffi: 0.0100, loss: 0.1148, lr: 3.27e-04
     Epoch[15] Iteration[160/192], entropy: 0.2730, uncertainty: 3.4964, uncertainty_coeffi: 0.0100, loss: 0.1191, lr: 4.17e-04
     Epoch[15] Iteration[170/192], entropy: 0.1389, uncertainty: 2.9613, uncertainty_coeffi: 0.0100, loss: 0.0811, lr: 5.46e-06
     Epoch[15] Iteration[180/192], entropy: 0.2078, uncertainty: 3.9793, uncertainty_coeffi: 0.0100, loss: 0.0990, lr: 3.27e-04
     Epoch[15] Iteration[190/192], entropy: 0.1219, uncertainty: 2.4518, uncertainty_coeffi: 0.0100, loss: 0.0666, lr: 4.17e-04
     Averaged stats: entropy_avg: 0.2267, uncertainty_avg: 3.5602, uncertainty_coeffi_avg: 0.0100, loss_avg: 0.1021, lr_avg: 2.59e-04
     itm tta time 0:00:37
     Epoch[16] Iteration[10/192], entropy: 0.1552, uncertainty: 3.6968, uncertainty_coeffi: 0.0100, loss: 0.0841, lr: 5.46e-06
     Epoch[16] Iteration[20/192], entropy: 0.1906, uncertainty: 4.2618, uncertainty_coeffi: 0.0100, loss: 0.0860, lr: 4.17e-04
     Epoch[16] Iteration[30/192], entropy: 0.2181, uncertainty: 3.1088, uncertainty_coeffi: 0.0100, loss: 0.1274, lr: 3.27e-04
     Epoch[16] Iteration[40/192], entropy: 0.1438, uncertainty: 3.6875, uncertainty_coeffi: 0.0100, loss: 0.0720, lr: 5.46e-06
     Epoch[16] Iteration[50/192], entropy: 0.2237, uncertainty: 3.3531, uncertainty_coeffi: 0.0100, loss: 0.1001, lr: 4.17e-04
     Epoch[16] Iteration[60/192], entropy: 0.2306, uncertainty: 3.8703, uncertainty_coeffi: 0.0100, loss: 0.0888, lr: 3.27e-04
     Epoch[16] Iteration[70/192], entropy: 0.2989, uncertainty: 3.2894, uncertainty_coeffi: 0.0100, loss: 0.1161, lr: 5.46e-06
     Epoch[16] Iteration[80/192], entropy: 0.1977, uncertainty: 3.0224, uncertainty_coeffi: 0.0100, loss: 0.1032, lr: 4.17e-04
     Epoch[16] Iteration[90/192], entropy: 0.1308, uncertainty: 3.1573, uncertainty_coeffi: 0.0100, loss: 0.0637, lr: 3.27e-04
     Epoch[16] Iteration[100/192], entropy: 0.2588, uncertainty: 3.6201, uncertainty_coeffi: 0.0100, loss: 0.1031, lr: 5.46e-06
     Epoch[16] Iteration[110/192], entropy: 0.2345, uncertainty: 3.0171, uncertainty_coeffi: 0.0100, loss: 0.0922, lr: 4.17e-04
     Epoch[16] Iteration[120/192], entropy: 0.2359, uncertainty: 3.6680, uncertainty_coeffi: 0.0100, loss: 0.0924, lr: 3.27e-04
     Epoch[16] Iteration[130/192], entropy: 0.2148, uncertainty: 3.3713, uncertainty_coeffi: 0.0100, loss: 0.1074, lr: 5.46e-06
     Epoch[16] Iteration[140/192], entropy: 0.2983, uncertainty: 3.8239, uncertainty_coeffi: 0.0100, loss: 0.1307, lr: 4.17e-04
     Epoch[16] Iteration[150/192], entropy: 0.1547, uncertainty: 2.8988, uncertainty_coeffi: 0.0100, loss: 0.0685, lr: 3.27e-04
     Epoch[16] Iteration[160/192], entropy: 0.2009, uncertainty: 3.8122, uncertainty_coeffi: 0.0100, loss: 0.0754, lr: 5.46e-06
     Epoch[16] Iteration[170/192], entropy: 0.2283, uncertainty: 2.8725, uncertainty_coeffi: 0.0100, loss: 0.0998, lr: 4.17e-04
     Epoch[16] Iteration[180/192], entropy: 0.2369, uncertainty: 3.5557, uncertainty_coeffi: 0.0100, loss: 0.0868, lr: 3.27e-04
     Epoch[16] Iteration[190/192], entropy: 0.2640, uncertainty: 3.2880, uncertainty_coeffi: 0.0100, loss: 0.1147, lr: 5.46e-06
     Averaged stats: entropy_avg: 0.2167, uncertainty_avg: 3.4408, uncertainty_coeffi_avg: 0.0100, loss_avg: 0.0954, lr_avg: 2.37e-04
     itm tta time 0:00:37
     Epoch[17] Iteration[10/192], entropy: 0.2736, uncertainty: 3.9917, uncertainty_coeffi: 0.0100, loss: 0.1140, lr: 4.78e-04
     Epoch[17] Iteration[20/192], entropy: 0.1364, uncertainty: 3.8906, uncertainty_coeffi: 0.0100, loss: 0.0681, lr: 2.24e-04
     Epoch[17] Iteration[30/192], entropy: 0.2383, uncertainty: 3.5752, uncertainty_coeffi: 0.0100, loss: 0.1179, lr: 4.77e-05
     Epoch[17] Iteration[40/192], entropy: 0.2575, uncertainty: 3.4137, uncertainty_coeffi: 0.0100, loss: 0.1043, lr: 4.78e-04
     Epoch[17] Iteration[50/192], entropy: 0.2235, uncertainty: 4.1335, uncertainty_coeffi: 0.0100, loss: 0.0911, lr: 2.24e-04
     Epoch[17] Iteration[60/192], entropy: 0.1314, uncertainty: 3.3605, uncertainty_coeffi: 0.0100, loss: 0.0692, lr: 4.77e-05
     Epoch[17] Iteration[70/192], entropy: 0.4113, uncertainty: 3.5967, uncertainty_coeffi: 0.0100, loss: 0.1387, lr: 4.78e-04
     Epoch[17] Iteration[80/192], entropy: 0.3071, uncertainty: 4.1066, uncertainty_coeffi: 0.0100, loss: 0.1176, lr: 2.24e-04
     Epoch[17] Iteration[90/192], entropy: 0.2423, uncertainty: 3.0959, uncertainty_coeffi: 0.0100, loss: 0.1274, lr: 4.77e-05
     Epoch[17] Iteration[100/192], entropy: 0.3046, uncertainty: 4.1573, uncertainty_coeffi: 0.0100, loss: 0.0985, lr: 4.78e-04
     Epoch[17] Iteration[110/192], entropy: 0.2845, uncertainty: 3.6940, uncertainty_coeffi: 0.0100, loss: 0.1453, lr: 2.24e-04
     Epoch[17] Iteration[120/192], entropy: 0.1308, uncertainty: 3.7439, uncertainty_coeffi: 0.0100, loss: 0.0685, lr: 4.77e-05
     Epoch[17] Iteration[130/192], entropy: 0.2635, uncertainty: 3.0153, uncertainty_coeffi: 0.0100, loss: 0.1169, lr: 4.78e-04
     Epoch[17] Iteration[140/192], entropy: 0.3059, uncertainty: 3.9550, uncertainty_coeffi: 0.0100, loss: 0.1120, lr: 2.24e-04
     Epoch[17] Iteration[150/192], entropy: 0.2394, uncertainty: 3.1196, uncertainty_coeffi: 0.0100, loss: 0.1075, lr: 4.77e-05
     Epoch[17] Iteration[160/192], entropy: 0.1852, uncertainty: 3.4602, uncertainty_coeffi: 0.0100, loss: 0.0850, lr: 4.78e-04
     Epoch[17] Iteration[170/192], entropy: 0.1955, uncertainty: 2.7668, uncertainty_coeffi: 0.0100, loss: 0.0925, lr: 2.24e-04
     Epoch[17] Iteration[180/192], entropy: 0.2497, uncertainty: 3.7710, uncertainty_coeffi: 0.0100, loss: 0.1209, lr: 4.77e-05
     Epoch[17] Iteration[190/192], entropy: 0.2124, uncertainty: 3.0214, uncertainty_coeffi: 0.0100, loss: 0.1078, lr: 4.78e-04
     Averaged stats: entropy_avg: 0.2417, uncertainty_avg: 3.5721, uncertainty_coeffi_avg: 0.0100, loss_avg: 0.1054, lr_avg: 2.62e-04
     itm tta time 0:00:37
     Epoch[18] Iteration[10/192], entropy: 0.1717, uncertainty: 2.9263, uncertainty_coeffi: 0.0100, loss: 0.0818, lr: 1.25e-04
     Epoch[18] Iteration[20/192], entropy: 0.1972, uncertainty: 3.7634, uncertainty_coeffi: 0.0100, loss: 0.0940, lr: 1.25e-04
     Epoch[18] Iteration[30/192], entropy: 0.2192, uncertainty: 3.9940, uncertainty_coeffi: 0.0100, loss: 0.0841, lr: 5.00e-04
     Epoch[18] Iteration[40/192], entropy: 0.3316, uncertainty: 3.8686, uncertainty_coeffi: 0.0100, loss: 0.1217, lr: 1.25e-04
     Epoch[18] Iteration[50/192], entropy: 0.1902, uncertainty: 3.8627, uncertainty_coeffi: 0.0100, loss: 0.0934, lr: 1.25e-04
     Epoch[18] Iteration[60/192], entropy: 0.2672, uncertainty: 4.0063, uncertainty_coeffi: 0.0100, loss: 0.1018, lr: 5.00e-04
     Epoch[18] Iteration[70/192], entropy: 0.3496, uncertainty: 4.5612, uncertainty_coeffi: 0.0100, loss: 0.1204, lr: 1.25e-04
     Epoch[18] Iteration[80/192], entropy: 0.1791, uncertainty: 4.1328, uncertainty_coeffi: 0.0100, loss: 0.0871, lr: 1.25e-04
     Epoch[18] Iteration[90/192], entropy: 0.3454, uncertainty: 4.5415, uncertainty_coeffi: 0.0100, loss: 0.1158, lr: 5.00e-04
     Epoch[18] Iteration[100/192], entropy: 0.1776, uncertainty: 2.7018, uncertainty_coeffi: 0.0100, loss: 0.0751, lr: 1.25e-04
     Epoch[18] Iteration[110/192], entropy: 0.2405, uncertainty: 3.9454, uncertainty_coeffi: 0.0100, loss: 0.0911, lr: 1.25e-04
     Epoch[18] Iteration[120/192], entropy: 0.2111, uncertainty: 3.5588, uncertainty_coeffi: 0.0100, loss: 0.0940, lr: 5.00e-04
     Epoch[18] Iteration[130/192], entropy: 0.1752, uncertainty: 3.5655, uncertainty_coeffi: 0.0100, loss: 0.0789, lr: 1.25e-04
     Epoch[18] Iteration[140/192], entropy: 0.1233, uncertainty: 3.0115, uncertainty_coeffi: 0.0100, loss: 0.0859, lr: 1.25e-04
     Epoch[18] Iteration[150/192], entropy: 0.2013, uncertainty: 3.7494, uncertainty_coeffi: 0.0100, loss: 0.1105, lr: 5.00e-04
     Epoch[18] Iteration[160/192], entropy: 0.2348, uncertainty: 3.7038, uncertainty_coeffi: 0.0100, loss: 0.1170, lr: 1.25e-04
     Epoch[18] Iteration[170/192], entropy: 0.2115, uncertainty: 3.7524, uncertainty_coeffi: 0.0100, loss: 0.0817, lr: 1.25e-04
     Epoch[18] Iteration[180/192], entropy: 0.1478, uncertainty: 3.7411, uncertainty_coeffi: 0.0100, loss: 0.0833, lr: 5.00e-04
     Epoch[18] Iteration[190/192], entropy: 0.1994, uncertainty: 3.2189, uncertainty_coeffi: 0.0100, loss: 0.0876, lr: 1.25e-04
     Averaged stats: entropy_avg: 0.2197, uncertainty_avg: 3.7161, uncertainty_coeffi_avg: 0.0100, loss_avg: 0.0950, lr_avg: 2.43e-04
     itm tta time 0:00:37
     Epoch[19] Iteration[10/192], entropy: 0.2552, uncertainty: 3.7742, uncertainty_coeffi: 0.0100, loss: 0.1049, lr: 2.24e-04
     Epoch[19] Iteration[20/192], entropy: 0.2696, uncertainty: 4.0337, uncertainty_coeffi: 0.0100, loss: 0.0957, lr: 4.78e-04
     Epoch[19] Iteration[30/192], entropy: 0.2540, uncertainty: 3.2348, uncertainty_coeffi: 0.0100, loss: 0.1123, lr: 4.77e-05
     Epoch[19] Iteration[40/192], entropy: 0.2176, uncertainty: 3.3595, uncertainty_coeffi: 0.0100, loss: 0.0855, lr: 2.24e-04
     Epoch[19] Iteration[50/192], entropy: 0.1543, uncertainty: 3.3130, uncertainty_coeffi: 0.0100, loss: 0.0816, lr: 4.78e-04
     Epoch[19] Iteration[60/192], entropy: 0.2589, uncertainty: 4.2878, uncertainty_coeffi: 0.0100, loss: 0.0970, lr: 4.77e-05
     Epoch[19] Iteration[70/192], entropy: 0.2386, uncertainty: 4.0324, uncertainty_coeffi: 0.0100, loss: 0.1078, lr: 2.24e-04
     Epoch[19] Iteration[80/192], entropy: 0.1721, uncertainty: 3.2952, uncertainty_coeffi: 0.0100, loss: 0.1136, lr: 4.78e-04
     Epoch[19] Iteration[90/192], entropy: 0.1500, uncertainty: 3.7454, uncertainty_coeffi: 0.0100, loss: 0.0777, lr: 4.77e-05
     Epoch[19] Iteration[100/192], entropy: 0.2414, uncertainty: 4.1983, uncertainty_coeffi: 0.0100, loss: 0.0900, lr: 2.24e-04
     Epoch[19] Iteration[110/192], entropy: 0.1708, uncertainty: 3.4684, uncertainty_coeffi: 0.0100, loss: 0.1002, lr: 4.78e-04
     Epoch[19] Iteration[120/192], entropy: 0.2152, uncertainty: 3.5064, uncertainty_coeffi: 0.0100, loss: 0.0968, lr: 4.77e-05
     Epoch[19] Iteration[130/192], entropy: 0.2304, uncertainty: 3.4493, uncertainty_coeffi: 0.0100, loss: 0.1164, lr: 2.24e-04
     Epoch[19] Iteration[140/192], entropy: 0.2870, uncertainty: 2.7641, uncertainty_coeffi: 0.0100, loss: 0.1569, lr: 4.78e-04
     Epoch[19] Iteration[150/192], entropy: 0.2966, uncertainty: 3.7694, uncertainty_coeffi: 0.0100, loss: 0.1026, lr: 4.77e-05
     Epoch[19] Iteration[160/192], entropy: 0.2357, uncertainty: 3.6782, uncertainty_coeffi: 0.0100, loss: 0.1093, lr: 2.24e-04
     Epoch[19] Iteration[170/192], entropy: 0.2044, uncertainty: 3.5266, uncertainty_coeffi: 0.0100, loss: 0.0941, lr: 4.78e-04
     Epoch[19] Iteration[180/192], entropy: 0.1121, uncertainty: 3.1755, uncertainty_coeffi: 0.0100, loss: 0.0654, lr: 4.77e-05
     Epoch[19] Iteration[190/192], entropy: 0.2706, uncertainty: 3.3690, uncertainty_coeffi: 0.0100, loss: 0.1256, lr: 2.24e-04
     Averaged stats: entropy_avg: 0.2229, uncertainty_avg: 3.5780, uncertainty_coeffi_avg: 0.0100, loss_avg: 0.1017, lr_avg: 2.49e-04
     itm tta time 0:00:37
### TTA Eval Score: 
+-------+--------+--------+--------+--------+--------+
| epoch |   R1   |   R5   |  R10   |  mAP   |  mINP  |
+-------+--------+--------+--------+--------+--------+
|  -999 | 70.647 | 86.940 | 91.797 | 63.400 | 47.058 |
|   0   | 70.874 | 86.875 | 91.829 | 63.523 | 47.269 |
|   1   | 70.647 | 86.858 | 91.943 | 63.483 | 47.297 |
|   2   | 70.419 | 86.842 | 91.894 | 63.436 | 47.272 |
|   4   | 70.387 | 86.793 | 91.797 | 63.418 | 47.219 |
|   9   | 70.354 | 86.631 | 91.732 | 63.366 | 47.101 |
|   14  | 70.273 | 86.598 | 91.667 | 63.352 | 47.051 |
|   19  | 70.273 | 86.501 | 91.748 | 63.287 | 46.979 |
+-------+--------+--------+--------+--------+--------+
     logs:  {'epo': 19, 'R1': np.float32(70.273), 'R5': np.float32(86.501), 'R10': np.float32(91.748), 'mAP': np.float32(63.287), 'mINP': np.float32(46.979), 'entropy': 0.22287453789460032, 'uncertainty': 3.5779516320479545, 'uncertainty_coeffi': 0.009999999776482582, 'loss': 0.101747790449544, 'lr': 0.0002486246254833196}
### best epoch 0 : {'epo': '0', 'R1': '70.874', 'R5': '86.875', 'R10': '91.829', 'mAP': '63.523', 'mINP': '47.269', 'entropy': '0.273694584244176', 'uncertainty': '3.7289077859175834', 'uncertainty_coeffi': '0.009999999776482582', 'loss': '0.11331586265250256', 'lr': '0.0002565789473684211'}
### Time 0:13:42
