/home/user/yc57963/miniconda3/envs/irra/lib/python3.9/site-packages/torch/utils/data/dataloader.py:627: UserWarning: This DataLoader will create 8 worker processes in total. Our suggested max number of worker in current system is 2, which is smaller than what this DataLoader is going to create. Please be aware that excessive worker creation might get DataLoader running slow or even freeze, lower the worker number to avoid potential slowness/freeze if necessary.
  warnings.warn(
Not using distributed mode
### Hyper-parameters:
     output_dir: output_rerun2/ham_icfg_tta/exp0/exp0.3.2/2025091322270
     seed: 42
     device: cuda
     batch_size_tta: 32
     epochs: 10
     lr: 0.0001
### Creating test dataset
     test_txt_set: 19848    test_img_set: 19848
     test_txt_loader: 39    test_img_loader: 39
### Creating model
Training Model with ['sdm', 'id', 'mlm'] tasks
Resized position embedding from size:torch.Size([1, 197, 768]) to size: torch.Size([1, 193, 768]) with height:24 width: 8
     Total Params Sum:  190482206
### Zero-Shot Score: 
/home/user/yc57963/miniconda3/envs/irra/lib/python3.9/site-packages/torch/utils/data/dataloader.py:627: UserWarning: This DataLoader will create 4 worker processes in total. Our suggested max number of worker in current system is 2, which is smaller than what this DataLoader is going to create. Please be aware that excessive worker creation might get DataLoader running slow or even freeze, lower the worker number to avoid potential slowness/freeze if necessary.
  warnings.warn(
/home/user/yc57963/task/IRRA/tta.py:281: FutureWarning: `torch.cuda.amp.GradScaler(args...)` is deprecated. Please use `torch.amp.GradScaler('cuda', args...)` instead.
  scaler = GradScaler()  # bf16
+-------+--------+--------+--------+--------+-------+
| epoch |   R1   |   R5   |  R10   |  mAP   |  mINP |
+-------+--------+--------+--------+--------+-------+
|  -999 | 60.641 | 77.499 | 83.248 | 35.543 | 6.005 |
+-------+--------+--------+--------+--------+-------+
### TTA:
### Compute Cos Similarity Uncertainty
     preprocess_tta_coefficients  start
     sample selection ...
     number of sample after sample_selection: 19848
     uncertainty ...
     pos/neg sampling ...
      number of sample after pos/neg sampling: torch.Size([19848, 4])
     preprocess_tta_coefficients  end
### Creating TTA dataset
     tta_dataset: 19848
### Creating tta dataloader
### be careful: func create_loader returns a list length of 1
     tta_loader: 620
### Configure adapted weights
     TTA Dropout Modules: 
 []
     TTA Require Gradient Params: 
 [('base_model.transformer.resblocks.1.ln_1.weight', torch.Size([512])), ('base_model.transformer.resblocks.1.ln_1.bias', torch.Size([512])), ('base_model.transformer.resblocks.1.ln_2.weight', torch.Size([512])), ('base_model.transformer.resblocks.1.ln_2.bias', torch.Size([512])), ('base_model.transformer.resblocks.2.ln_1.weight', torch.Size([512])), ('base_model.transformer.resblocks.2.ln_1.bias', torch.Size([512])), ('base_model.transformer.resblocks.2.ln_2.weight', torch.Size([512])), ('base_model.transformer.resblocks.2.ln_2.bias', torch.Size([512])), ('base_model.transformer.resblocks.3.ln_1.weight', torch.Size([512])), ('base_model.transformer.resblocks.3.ln_1.bias', torch.Size([512])), ('base_model.transformer.resblocks.3.ln_2.weight', torch.Size([512])), ('base_model.transformer.resblocks.3.ln_2.bias', torch.Size([512])), ('base_model.transformer.resblocks.4.ln_1.weight', torch.Size([512])), ('base_model.transformer.resblocks.4.ln_1.bias', torch.Size([512])), ('base_model.transformer.resblocks.4.ln_2.weight', torch.Size([512])), ('base_model.transformer.resblocks.4.ln_2.bias', torch.Size([512])), ('base_model.transformer.resblocks.5.ln_1.weight', torch.Size([512])), ('base_model.transformer.resblocks.5.ln_1.bias', torch.Size([512])), ('base_model.transformer.resblocks.5.ln_2.weight', torch.Size([512])), ('base_model.transformer.resblocks.5.ln_2.bias', torch.Size([512])), ('base_model.transformer.resblocks.7.ln_1.weight', torch.Size([512])), ('base_model.transformer.resblocks.7.ln_1.bias', torch.Size([512])), ('base_model.transformer.resblocks.7.ln_2.weight', torch.Size([512])), ('base_model.transformer.resblocks.7.ln_2.bias', torch.Size([512])), ('base_model.transformer.resblocks.8.ln_1.weight', torch.Size([512])), ('base_model.transformer.resblocks.8.ln_1.bias', torch.Size([512])), ('base_model.transformer.resblocks.8.ln_2.weight', torch.Size([512])), ('base_model.transformer.resblocks.8.ln_2.bias', torch.Size([512])), ('base_model.transformer.resblocks.9.ln_1.weight', torch.Size([512])), ('base_model.transformer.resblocks.9.ln_1.bias', torch.Size([512])), ('base_model.transformer.resblocks.9.ln_2.weight', torch.Size([512])), ('base_model.transformer.resblocks.9.ln_2.bias', torch.Size([512])), ('base_model.transformer.resblocks.10.ln_1.weight', torch.Size([512])), ('base_model.transformer.resblocks.10.ln_1.bias', torch.Size([512])), ('base_model.transformer.resblocks.10.ln_2.weight', torch.Size([512])), ('base_model.transformer.resblocks.10.ln_2.bias', torch.Size([512])), ('base_model.transformer.resblocks.11.ln_1.weight', torch.Size([512])), ('base_model.transformer.resblocks.11.ln_1.bias', torch.Size([512])), ('base_model.transformer.resblocks.11.ln_2.weight', torch.Size([512])), ('base_model.transformer.resblocks.11.ln_2.bias', torch.Size([512])), ('base_model.ln_final.weight', torch.Size([512])), ('base_model.ln_final.bias', torch.Size([512]))]
     TTA Dropout Modules Number: 
 0
     TTA Require Gradient Params Sum: 
 21504
Using 5.0 times learning rate for random init module 
### Start Test Time Adaptation : num_epoch = 10
/home/user/yc57963/task/IRRA/tta.py:67: FutureWarning: `torch.cuda.amp.autocast(args...)` is deprecated. Please use `torch.amp.autocast('cuda', args...)` instead.
  with torch.cuda.amp.autocast(enabled=True):
     Epoch[0] Iteration[10/620], entropy: 0.4726, uncertainty: 3.3686, uncertainty_coeffi: 0.0100, loss: 0.1865, lr: 0.00e+00
     Epoch[0] Iteration[20/620], entropy: 0.3397, uncertainty: 3.6114, uncertainty_coeffi: 0.0100, loss: 0.1782, lr: 0.00e+00
     Epoch[0] Iteration[30/620], entropy: 0.3460, uncertainty: 3.0848, uncertainty_coeffi: 0.0100, loss: 0.1704, lr: 0.00e+00
     Epoch[0] Iteration[40/620], entropy: 0.2607, uncertainty: 3.7433, uncertainty_coeffi: 0.0100, loss: 0.1171, lr: 0.00e+00
     Epoch[0] Iteration[50/620], entropy: 0.3700, uncertainty: 3.3857, uncertainty_coeffi: 0.0100, loss: 0.1649, lr: 0.00e+00
     Epoch[0] Iteration[60/620], entropy: 0.3114, uncertainty: 2.6473, uncertainty_coeffi: 0.0100, loss: 0.1963, lr: 0.00e+00
     Epoch[0] Iteration[70/620], entropy: 0.3608, uncertainty: 3.2556, uncertainty_coeffi: 0.0100, loss: 0.1757, lr: 0.00e+00
     Epoch[0] Iteration[80/620], entropy: 0.4017, uncertainty: 3.1101, uncertainty_coeffi: 0.0100, loss: 0.1671, lr: 0.00e+00
     Epoch[0] Iteration[90/620], entropy: 0.3730, uncertainty: 3.1104, uncertainty_coeffi: 0.0100, loss: 0.1987, lr: 0.00e+00
     Epoch[0] Iteration[100/620], entropy: 0.3209, uncertainty: 3.3116, uncertainty_coeffi: 0.0100, loss: 0.1495, lr: 0.00e+00
     Epoch[0] Iteration[110/620], entropy: 0.3151, uncertainty: 2.7738, uncertainty_coeffi: 0.0100, loss: 0.1773, lr: 0.00e+00
     Epoch[0] Iteration[120/620], entropy: 0.4287, uncertainty: 3.3327, uncertainty_coeffi: 0.0100, loss: 0.1801, lr: 0.00e+00
     Epoch[0] Iteration[130/620], entropy: 0.3166, uncertainty: 2.8685, uncertainty_coeffi: 0.0100, loss: 0.1774, lr: 0.00e+00
     Epoch[0] Iteration[140/620], entropy: 0.4222, uncertainty: 3.2973, uncertainty_coeffi: 0.0100, loss: 0.1948, lr: 0.00e+00
     Epoch[0] Iteration[150/620], entropy: 0.3464, uncertainty: 3.6521, uncertainty_coeffi: 0.0100, loss: 0.1682, lr: 0.00e+00
     Epoch[0] Iteration[160/620], entropy: 0.3292, uncertainty: 3.0515, uncertainty_coeffi: 0.0100, loss: 0.1558, lr: 0.00e+00
     Epoch[0] Iteration[170/620], entropy: 0.3043, uncertainty: 3.1525, uncertainty_coeffi: 0.0100, loss: 0.1309, lr: 0.00e+00
     Epoch[0] Iteration[180/620], entropy: 0.4660, uncertainty: 3.1618, uncertainty_coeffi: 0.0100, loss: 0.2362, lr: 0.00e+00
     Epoch[0] Iteration[190/620], entropy: 0.3454, uncertainty: 3.5712, uncertainty_coeffi: 0.0100, loss: 0.1374, lr: 0.00e+00
     Epoch[0] Iteration[200/620], entropy: 0.3227, uncertainty: 2.6235, uncertainty_coeffi: 0.0100, loss: 0.1822, lr: 0.00e+00
     Epoch[0] Iteration[210/620], entropy: 0.3427, uncertainty: 3.5216, uncertainty_coeffi: 0.0100, loss: 0.1433, lr: 0.00e+00
     Epoch[0] Iteration[220/620], entropy: 0.3353, uncertainty: 3.5566, uncertainty_coeffi: 0.0100, loss: 0.1402, lr: 0.00e+00
     Epoch[0] Iteration[230/620], entropy: 0.4067, uncertainty: 3.3174, uncertainty_coeffi: 0.0100, loss: 0.1660, lr: 0.00e+00
     Epoch[0] Iteration[240/620], entropy: 0.2795, uncertainty: 2.6444, uncertainty_coeffi: 0.0100, loss: 0.1600, lr: 0.00e+00
     Epoch[0] Iteration[250/620], entropy: 0.4043, uncertainty: 3.7118, uncertainty_coeffi: 0.0100, loss: 0.1577, lr: 0.00e+00
     Epoch[0] Iteration[260/620], entropy: 0.3049, uncertainty: 3.3987, uncertainty_coeffi: 0.0100, loss: 0.1541, lr: 0.00e+00
     Epoch[0] Iteration[270/620], entropy: 0.3184, uncertainty: 3.3031, uncertainty_coeffi: 0.0100, loss: 0.1625, lr: 0.00e+00
     Epoch[0] Iteration[280/620], entropy: 0.3546, uncertainty: 3.3227, uncertainty_coeffi: 0.0100, loss: 0.1533, lr: 0.00e+00
     Epoch[0] Iteration[290/620], entropy: 0.3530, uncertainty: 3.5240, uncertainty_coeffi: 0.0100, loss: 0.1536, lr: 0.00e+00
     Epoch[0] Iteration[300/620], entropy: 0.2936, uncertainty: 2.8738, uncertainty_coeffi: 0.0100, loss: 0.1537, lr: 0.00e+00
     Epoch[0] Iteration[310/620], entropy: 0.4063, uncertainty: 3.4170, uncertainty_coeffi: 0.0100, loss: 0.1752, lr: 0.00e+00
     Epoch[0] Iteration[320/620], entropy: 0.4109, uncertainty: 3.2229, uncertainty_coeffi: 0.0100, loss: 0.1921, lr: 0.00e+00
     Epoch[0] Iteration[330/620], entropy: 0.3012, uncertainty: 3.4712, uncertainty_coeffi: 0.0100, loss: 0.1306, lr: 0.00e+00
     Epoch[0] Iteration[340/620], entropy: 0.3233, uncertainty: 3.1670, uncertainty_coeffi: 0.0100, loss: 0.1602, lr: 0.00e+00
     Epoch[0] Iteration[350/620], entropy: 0.3660, uncertainty: 2.4898, uncertainty_coeffi: 0.0100, loss: 0.2196, lr: 0.00e+00
     Epoch[0] Iteration[360/620], entropy: 0.4297, uncertainty: 3.7101, uncertainty_coeffi: 0.0100, loss: 0.1706, lr: 0.00e+00
     Epoch[0] Iteration[370/620], entropy: 0.2912, uncertainty: 3.2440, uncertainty_coeffi: 0.0100, loss: 0.1481, lr: 0.00e+00
     Epoch[0] Iteration[380/620], entropy: 0.2685, uncertainty: 3.8516, uncertainty_coeffi: 0.0100, loss: 0.1330, lr: 0.00e+00
     Epoch[0] Iteration[390/620], entropy: 0.3441, uncertainty: 3.5504, uncertainty_coeffi: 0.0100, loss: 0.1773, lr: 0.00e+00
     Epoch[0] Iteration[400/620], entropy: 0.3319, uncertainty: 2.9642, uncertainty_coeffi: 0.0100, loss: 0.1826, lr: 0.00e+00
     Epoch[0] Iteration[410/620], entropy: 0.3729, uncertainty: 3.6078, uncertainty_coeffi: 0.0100, loss: 0.1735, lr: 0.00e+00
     Epoch[0] Iteration[420/620], entropy: 0.4962, uncertainty: 3.2151, uncertainty_coeffi: 0.0100, loss: 0.2211, lr: 0.00e+00
     Epoch[0] Iteration[430/620], entropy: 0.2237, uncertainty: 2.6971, uncertainty_coeffi: 0.0100, loss: 0.1147, lr: 0.00e+00
     Epoch[0] Iteration[440/620], entropy: 0.2519, uncertainty: 3.5246, uncertainty_coeffi: 0.0100, loss: 0.1185, lr: 0.00e+00
     Epoch[0] Iteration[450/620], entropy: 0.3457, uncertainty: 3.1189, uncertainty_coeffi: 0.0100, loss: 0.1871, lr: 0.00e+00
     Epoch[0] Iteration[460/620], entropy: 0.3363, uncertainty: 3.5498, uncertainty_coeffi: 0.0100, loss: 0.1511, lr: 0.00e+00
     Epoch[0] Iteration[470/620], entropy: 0.3809, uncertainty: 3.2616, uncertainty_coeffi: 0.0100, loss: 0.1688, lr: 0.00e+00
     Epoch[0] Iteration[480/620], entropy: 0.2611, uncertainty: 3.3591, uncertainty_coeffi: 0.0100, loss: 0.1389, lr: 0.00e+00
     Epoch[0] Iteration[490/620], entropy: 0.3030, uncertainty: 3.4440, uncertainty_coeffi: 0.0100, loss: 0.1233, lr: 0.00e+00
     Epoch[0] Iteration[500/620], entropy: 0.3795, uncertainty: 3.3319, uncertainty_coeffi: 0.0100, loss: 0.1659, lr: 0.00e+00
     Epoch[0] Iteration[510/620], entropy: 0.3146, uncertainty: 3.3265, uncertainty_coeffi: 0.0100, loss: 0.1480, lr: 0.00e+00
     Epoch[0] Iteration[520/620], entropy: 0.3452, uncertainty: 2.7004, uncertainty_coeffi: 0.0100, loss: 0.1859, lr: 0.00e+00
     Epoch[0] Iteration[530/620], entropy: 0.3256, uncertainty: 2.8751, uncertainty_coeffi: 0.0100, loss: 0.1875, lr: 0.00e+00
     Epoch[0] Iteration[540/620], entropy: 0.2881, uncertainty: 3.0147, uncertainty_coeffi: 0.0100, loss: 0.1359, lr: 0.00e+00
     Epoch[0] Iteration[550/620], entropy: 0.3268, uncertainty: 3.3203, uncertainty_coeffi: 0.0100, loss: 0.1563, lr: 0.00e+00
     Epoch[0] Iteration[560/620], entropy: 0.3241, uncertainty: 3.2841, uncertainty_coeffi: 0.0100, loss: 0.1299, lr: 0.00e+00
     Epoch[0] Iteration[570/620], entropy: 0.3195, uncertainty: 3.0465, uncertainty_coeffi: 0.0100, loss: 0.1685, lr: 0.00e+00
     Epoch[0] Iteration[580/620], entropy: 0.3909, uncertainty: 3.4380, uncertainty_coeffi: 0.0100, loss: 0.1679, lr: 0.00e+00
     Epoch[0] Iteration[590/620], entropy: 0.3053, uncertainty: 3.4415, uncertainty_coeffi: 0.0100, loss: 0.1389, lr: 0.00e+00
     Epoch[0] Iteration[600/620], entropy: 0.2731, uncertainty: 2.7889, uncertainty_coeffi: 0.0100, loss: 0.1445, lr: 0.00e+00
     Epoch[0] Iteration[610/620], entropy: 0.3142, uncertainty: 2.8944, uncertainty_coeffi: 0.0100, loss: 0.1729, lr: 0.00e+00
     Epoch[0] Iteration[620/620], entropy: 0.4278, uncertainty: 3.7511, uncertainty_coeffi: 0.0100, loss: 0.1895, lr: 0.00e+00
     Averaged stats: entropy_avg: 0.3440, uncertainty_avg: 3.2479, uncertainty_coeffi_avg: 0.0100, loss_avg: 0.1640, lr_avg: 0.00e+00
     itm tta time 0:01:01
### TTA Eval Score: 
+-------+--------+--------+--------+--------+-------+
| epoch |   R1   |   R5   |  R10   |  mAP   |  mINP |
+-------+--------+--------+--------+--------+-------+
|  -999 | 60.641 | 77.499 | 83.248 | 35.543 | 6.005 |
|   0   | 61.523 | 77.544 | 83.283 | 36.047 | 6.071 |
+-------+--------+--------+--------+--------+-------+
     logs:  {'epo': 0, 'R1': np.float32(61.523), 'R5': np.float32(77.544), 'R10': np.float32(83.283), 'mAP': np.float32(36.047), 'mINP': np.float32(6.071), 'entropy': 0.3439633199764836, 'uncertainty': 3.24786498085145, 'uncertainty_coeffi': 0.009999999776482582, 'loss': 0.16398887913073262, 'lr': 0.0}
     Epoch[1] Iteration[10/620], entropy: 0.3468, uncertainty: 2.7856, uncertainty_coeffi: 0.0100, loss: 0.1908, lr: 0.00e+00
     Epoch[1] Iteration[20/620], entropy: 0.3387, uncertainty: 3.5302, uncertainty_coeffi: 0.0100, loss: 0.1552, lr: 0.00e+00
     Epoch[1] Iteration[30/620], entropy: 0.2781, uncertainty: 2.8908, uncertainty_coeffi: 0.0100, loss: 0.1616, lr: 0.00e+00
     Epoch[1] Iteration[40/620], entropy: 0.2737, uncertainty: 2.9496, uncertainty_coeffi: 0.0100, loss: 0.1462, lr: 0.00e+00
     Epoch[1] Iteration[50/620], entropy: 0.3598, uncertainty: 3.4637, uncertainty_coeffi: 0.0100, loss: 0.1655, lr: 0.00e+00
     Epoch[1] Iteration[60/620], entropy: 0.3402, uncertainty: 3.1830, uncertainty_coeffi: 0.0100, loss: 0.1500, lr: 0.00e+00
     Epoch[1] Iteration[70/620], entropy: 0.2801, uncertainty: 3.1752, uncertainty_coeffi: 0.0100, loss: 0.1257, lr: 0.00e+00
     Epoch[1] Iteration[80/620], entropy: 0.2477, uncertainty: 3.7103, uncertainty_coeffi: 0.0100, loss: 0.1068, lr: 0.00e+00
     Epoch[1] Iteration[90/620], entropy: 0.3029, uncertainty: 2.7912, uncertainty_coeffi: 0.0100, loss: 0.1629, lr: 0.00e+00
     Epoch[1] Iteration[100/620], entropy: 0.2852, uncertainty: 3.4037, uncertainty_coeffi: 0.0100, loss: 0.1328, lr: 0.00e+00
     Epoch[1] Iteration[110/620], entropy: 0.3100, uncertainty: 2.8387, uncertainty_coeffi: 0.0100, loss: 0.1503, lr: 0.00e+00
     Epoch[1] Iteration[120/620], entropy: 0.2613, uncertainty: 3.6038, uncertainty_coeffi: 0.0100, loss: 0.1313, lr: 0.00e+00
     Epoch[1] Iteration[130/620], entropy: 0.3006, uncertainty: 3.7017, uncertainty_coeffi: 0.0100, loss: 0.1310, lr: 0.00e+00
     Epoch[1] Iteration[140/620], entropy: 0.4385, uncertainty: 3.0068, uncertainty_coeffi: 0.0100, loss: 0.2084, lr: 0.00e+00
     Epoch[1] Iteration[150/620], entropy: 0.4520, uncertainty: 3.3301, uncertainty_coeffi: 0.0100, loss: 0.2215, lr: 0.00e+00
     Epoch[1] Iteration[160/620], entropy: 0.3143, uncertainty: 3.5781, uncertainty_coeffi: 0.0100, loss: 0.1488, lr: 0.00e+00
     Epoch[1] Iteration[170/620], entropy: 0.2466, uncertainty: 3.5294, uncertainty_coeffi: 0.0100, loss: 0.1050, lr: 0.00e+00
     Epoch[1] Iteration[180/620], entropy: 0.3912, uncertainty: 3.4417, uncertainty_coeffi: 0.0100, loss: 0.1567, lr: 0.00e+00
     Epoch[1] Iteration[190/620], entropy: 0.2868, uncertainty: 3.5554, uncertainty_coeffi: 0.0100, loss: 0.1263, lr: 0.00e+00
     Epoch[1] Iteration[200/620], entropy: 0.4043, uncertainty: 3.4734, uncertainty_coeffi: 0.0100, loss: 0.1809, lr: 0.00e+00
     Epoch[1] Iteration[210/620], entropy: 0.3665, uncertainty: 3.3628, uncertainty_coeffi: 0.0100, loss: 0.1672, lr: 0.00e+00
     Epoch[1] Iteration[220/620], entropy: 0.3853, uncertainty: 2.7708, uncertainty_coeffi: 0.0100, loss: 0.2149, lr: 0.00e+00
     Epoch[1] Iteration[230/620], entropy: 0.2695, uncertainty: 3.5242, uncertainty_coeffi: 0.0100, loss: 0.1283, lr: 0.00e+00
     Epoch[1] Iteration[240/620], entropy: 0.2971, uncertainty: 3.3061, uncertainty_coeffi: 0.0100, loss: 0.1513, lr: 0.00e+00
     Epoch[1] Iteration[250/620], entropy: 0.4010, uncertainty: 3.0466, uncertainty_coeffi: 0.0100, loss: 0.1973, lr: 0.00e+00
     Epoch[1] Iteration[260/620], entropy: 0.4296, uncertainty: 3.2864, uncertainty_coeffi: 0.0100, loss: 0.1818, lr: 0.00e+00
     Epoch[1] Iteration[270/620], entropy: 0.4353, uncertainty: 3.4792, uncertainty_coeffi: 0.0100, loss: 0.2264, lr: 0.00e+00
     Epoch[1] Iteration[280/620], entropy: 0.2888, uncertainty: 3.2703, uncertainty_coeffi: 0.0100, loss: 0.1265, lr: 0.00e+00
     Epoch[1] Iteration[290/620], entropy: 0.4002, uncertainty: 3.2274, uncertainty_coeffi: 0.0100, loss: 0.1652, lr: 0.00e+00
     Epoch[1] Iteration[300/620], entropy: 0.3607, uncertainty: 2.9415, uncertainty_coeffi: 0.0100, loss: 0.1841, lr: 0.00e+00
     Epoch[1] Iteration[310/620], entropy: 0.2777, uncertainty: 3.3370, uncertainty_coeffi: 0.0100, loss: 0.1184, lr: 0.00e+00
     Epoch[1] Iteration[320/620], entropy: 0.3318, uncertainty: 3.2709, uncertainty_coeffi: 0.0100, loss: 0.1475, lr: 0.00e+00
     Epoch[1] Iteration[330/620], entropy: 0.2750, uncertainty: 2.8688, uncertainty_coeffi: 0.0100, loss: 0.1404, lr: 0.00e+00
     Epoch[1] Iteration[340/620], entropy: 0.3469, uncertainty: 3.0978, uncertainty_coeffi: 0.0100, loss: 0.1862, lr: 0.00e+00
     Epoch[1] Iteration[350/620], entropy: 0.2674, uncertainty: 2.8143, uncertainty_coeffi: 0.0100, loss: 0.1536, lr: 0.00e+00
     Epoch[1] Iteration[360/620], entropy: 0.3654, uncertainty: 2.7207, uncertainty_coeffi: 0.0100, loss: 0.1924, lr: 0.00e+00
     Epoch[1] Iteration[370/620], entropy: 0.3657, uncertainty: 3.0131, uncertainty_coeffi: 0.0100, loss: 0.1878, lr: 0.00e+00
     Epoch[1] Iteration[380/620], entropy: 0.2747, uncertainty: 3.4207, uncertainty_coeffi: 0.0100, loss: 0.1268, lr: 0.00e+00
     Epoch[1] Iteration[390/620], entropy: 0.3409, uncertainty: 3.8182, uncertainty_coeffi: 0.0100, loss: 0.1209, lr: 0.00e+00
     Epoch[1] Iteration[400/620], entropy: 0.2690, uncertainty: 3.4823, uncertainty_coeffi: 0.0100, loss: 0.1292, lr: 0.00e+00
     Epoch[1] Iteration[410/620], entropy: 0.3067, uncertainty: 3.8101, uncertainty_coeffi: 0.0100, loss: 0.1377, lr: 0.00e+00
     Epoch[1] Iteration[420/620], entropy: 0.2791, uncertainty: 3.6152, uncertainty_coeffi: 0.0100, loss: 0.1223, lr: 0.00e+00
     Epoch[1] Iteration[430/620], entropy: 0.3158, uncertainty: 2.6709, uncertainty_coeffi: 0.0100, loss: 0.1827, lr: 0.00e+00
     Epoch[1] Iteration[440/620], entropy: 0.2241, uncertainty: 3.2958, uncertainty_coeffi: 0.0100, loss: 0.1180, lr: 0.00e+00
     Epoch[1] Iteration[450/620], entropy: 0.3408, uncertainty: 3.5599, uncertainty_coeffi: 0.0100, loss: 0.1349, lr: 0.00e+00
     Epoch[1] Iteration[460/620], entropy: 0.3266, uncertainty: 2.9802, uncertainty_coeffi: 0.0100, loss: 0.1749, lr: 0.00e+00
     Epoch[1] Iteration[470/620], entropy: 0.3228, uncertainty: 3.7712, uncertainty_coeffi: 0.0100, loss: 0.1325, lr: 0.00e+00
     Epoch[1] Iteration[480/620], entropy: 0.3052, uncertainty: 3.6311, uncertainty_coeffi: 0.0100, loss: 0.1483, lr: 0.00e+00
     Epoch[1] Iteration[490/620], entropy: 0.3023, uncertainty: 3.1024, uncertainty_coeffi: 0.0100, loss: 0.1465, lr: 0.00e+00
     Epoch[1] Iteration[500/620], entropy: 0.4827, uncertainty: 3.4822, uncertainty_coeffi: 0.0100, loss: 0.1975, lr: 0.00e+00
     Epoch[1] Iteration[510/620], entropy: 0.4180, uncertainty: 2.9498, uncertainty_coeffi: 0.0100, loss: 0.2253, lr: 0.00e+00
     Epoch[1] Iteration[520/620], entropy: 0.2953, uncertainty: 3.3500, uncertainty_coeffi: 0.0100, loss: 0.1476, lr: 0.00e+00
     Epoch[1] Iteration[530/620], entropy: 0.3269, uncertainty: 3.2501, uncertainty_coeffi: 0.0100, loss: 0.1209, lr: 0.00e+00
     Epoch[1] Iteration[540/620], entropy: 0.2531, uncertainty: 3.1758, uncertainty_coeffi: 0.0100, loss: 0.1277, lr: 0.00e+00
     Epoch[1] Iteration[550/620], entropy: 0.3524, uncertainty: 3.2194, uncertainty_coeffi: 0.0100, loss: 0.1758, lr: 0.00e+00
     Epoch[1] Iteration[560/620], entropy: 0.4118, uncertainty: 3.3382, uncertainty_coeffi: 0.0100, loss: 0.1848, lr: 0.00e+00
     Epoch[1] Iteration[570/620], entropy: 0.2761, uncertainty: 3.1009, uncertainty_coeffi: 0.0100, loss: 0.1625, lr: 0.00e+00
     Epoch[1] Iteration[580/620], entropy: 0.2989, uncertainty: 3.2502, uncertainty_coeffi: 0.0100, loss: 0.1287, lr: 0.00e+00
     Epoch[1] Iteration[590/620], entropy: 0.3120, uncertainty: 3.4971, uncertainty_coeffi: 0.0100, loss: 0.1315, lr: 0.00e+00
     Epoch[1] Iteration[600/620], entropy: 0.2588, uncertainty: 3.1520, uncertainty_coeffi: 0.0100, loss: 0.1254, lr: 0.00e+00
     Epoch[1] Iteration[610/620], entropy: 0.3306, uncertainty: 3.4070, uncertainty_coeffi: 0.0100, loss: 0.1485, lr: 0.00e+00
     Epoch[1] Iteration[620/620], entropy: 0.3545, uncertainty: 3.2989, uncertainty_coeffi: 0.0100, loss: 0.1472, lr: 0.00e+00
     Averaged stats: entropy_avg: 0.3274, uncertainty_avg: 3.2727, uncertainty_coeffi_avg: 0.0100, loss_avg: 0.1552, lr_avg: 0.00e+00
     itm tta time 0:01:03
### TTA Eval Score: 
+-------+--------+--------+--------+--------+-------+
| epoch |   R1   |   R5   |  R10   |  mAP   |  mINP |
+-------+--------+--------+--------+--------+-------+
|  -999 | 60.641 | 77.499 | 83.248 | 35.543 | 6.005 |
|   0   | 61.523 | 77.544 | 83.283 | 36.047 | 6.071 |
|   1   | 61.810 | 77.439 | 83.107 | 36.111 | 6.096 |
+-------+--------+--------+--------+--------+-------+
     logs:  {'epo': 1, 'R1': np.float32(61.81), 'R5': np.float32(77.439), 'R10': np.float32(83.107), 'mAP': np.float32(36.111), 'mINP': np.float32(6.096), 'entropy': 0.32744765546052684, 'uncertainty': 3.272737718397571, 'uncertainty_coeffi': 0.009999999776482582, 'loss': 0.1552418355018862, 'lr': 0.0}
     Epoch[2] Iteration[10/620], entropy: 0.4638, uncertainty: 3.1645, uncertainty_coeffi: 0.0100, loss: 0.2282, lr: 0.00e+00
     Epoch[2] Iteration[20/620], entropy: 0.3243, uncertainty: 3.8757, uncertainty_coeffi: 0.0100, loss: 0.1320, lr: 0.00e+00
     Epoch[2] Iteration[30/620], entropy: 0.3831, uncertainty: 3.5685, uncertainty_coeffi: 0.0100, loss: 0.1561, lr: 0.00e+00
     Epoch[2] Iteration[40/620], entropy: 0.2199, uncertainty: 3.0836, uncertainty_coeffi: 0.0100, loss: 0.1140, lr: 0.00e+00
     Epoch[2] Iteration[50/620], entropy: 0.2679, uncertainty: 2.8094, uncertainty_coeffi: 0.0100, loss: 0.1490, lr: 0.00e+00
     Epoch[2] Iteration[60/620], entropy: 0.4529, uncertainty: 3.5736, uncertainty_coeffi: 0.0100, loss: 0.1901, lr: 0.00e+00
     Epoch[2] Iteration[70/620], entropy: 0.2856, uncertainty: 3.1465, uncertainty_coeffi: 0.0100, loss: 0.1243, lr: 0.00e+00
     Epoch[2] Iteration[80/620], entropy: 0.3557, uncertainty: 3.1317, uncertainty_coeffi: 0.0100, loss: 0.2007, lr: 0.00e+00
     Epoch[2] Iteration[90/620], entropy: 0.2120, uncertainty: 2.7729, uncertainty_coeffi: 0.0100, loss: 0.1173, lr: 0.00e+00
     Epoch[2] Iteration[100/620], entropy: 0.2705, uncertainty: 3.4948, uncertainty_coeffi: 0.0100, loss: 0.1322, lr: 0.00e+00
     Epoch[2] Iteration[110/620], entropy: 0.2302, uncertainty: 2.6074, uncertainty_coeffi: 0.0100, loss: 0.1240, lr: 0.00e+00
     Epoch[2] Iteration[120/620], entropy: 0.3461, uncertainty: 3.4452, uncertainty_coeffi: 0.0100, loss: 0.1485, lr: 0.00e+00
     Epoch[2] Iteration[130/620], entropy: 0.3098, uncertainty: 3.5913, uncertainty_coeffi: 0.0100, loss: 0.1558, lr: 0.00e+00
     Epoch[2] Iteration[140/620], entropy: 0.2716, uncertainty: 3.3412, uncertainty_coeffi: 0.0100, loss: 0.1215, lr: 0.00e+00
     Epoch[2] Iteration[150/620], entropy: 0.3903, uncertainty: 3.4059, uncertainty_coeffi: 0.0100, loss: 0.1788, lr: 0.00e+00
     Epoch[2] Iteration[160/620], entropy: 0.2592, uncertainty: 3.3965, uncertainty_coeffi: 0.0100, loss: 0.1201, lr: 0.00e+00
     Epoch[2] Iteration[170/620], entropy: 0.3881, uncertainty: 3.2457, uncertainty_coeffi: 0.0100, loss: 0.1934, lr: 0.00e+00
     Epoch[2] Iteration[180/620], entropy: 0.3816, uncertainty: 3.1906, uncertainty_coeffi: 0.0100, loss: 0.1985, lr: 0.00e+00
     Epoch[2] Iteration[190/620], entropy: 0.3746, uncertainty: 3.6870, uncertainty_coeffi: 0.0100, loss: 0.1859, lr: 0.00e+00
     Epoch[2] Iteration[200/620], entropy: 0.3266, uncertainty: 3.4653, uncertainty_coeffi: 0.0100, loss: 0.1398, lr: 0.00e+00
     Epoch[2] Iteration[210/620], entropy: 0.2759, uncertainty: 3.5965, uncertainty_coeffi: 0.0100, loss: 0.1285, lr: 0.00e+00
     Epoch[2] Iteration[220/620], entropy: 0.3272, uncertainty: 3.7825, uncertainty_coeffi: 0.0100, loss: 0.1301, lr: 0.00e+00
     Epoch[2] Iteration[230/620], entropy: 0.3258, uncertainty: 2.9488, uncertainty_coeffi: 0.0100, loss: 0.1558, lr: 0.00e+00
     Epoch[2] Iteration[240/620], entropy: 0.3585, uncertainty: 2.8894, uncertainty_coeffi: 0.0100, loss: 0.1654, lr: 0.00e+00
     Epoch[2] Iteration[250/620], entropy: 0.3755, uncertainty: 2.5927, uncertainty_coeffi: 0.0100, loss: 0.1889, lr: 0.00e+00
     Epoch[2] Iteration[260/620], entropy: 0.2185, uncertainty: 3.0224, uncertainty_coeffi: 0.0100, loss: 0.1113, lr: 0.00e+00
     Epoch[2] Iteration[270/620], entropy: 0.3169, uncertainty: 3.5311, uncertainty_coeffi: 0.0100, loss: 0.1423, lr: 0.00e+00
     Epoch[2] Iteration[280/620], entropy: 0.2812, uncertainty: 3.0959, uncertainty_coeffi: 0.0100, loss: 0.1411, lr: 0.00e+00
     Epoch[2] Iteration[290/620], entropy: 0.3903, uncertainty: 3.3104, uncertainty_coeffi: 0.0100, loss: 0.2170, lr: 0.00e+00
     Epoch[2] Iteration[300/620], entropy: 0.3360, uncertainty: 3.6485, uncertainty_coeffi: 0.0100, loss: 0.1476, lr: 0.00e+00
     Epoch[2] Iteration[310/620], entropy: 0.3142, uncertainty: 3.2003, uncertainty_coeffi: 0.0100, loss: 0.1532, lr: 0.00e+00
     Epoch[2] Iteration[320/620], entropy: 0.4097, uncertainty: 3.6669, uncertainty_coeffi: 0.0100, loss: 0.1565, lr: 0.00e+00
     Epoch[2] Iteration[330/620], entropy: 0.3348, uncertainty: 3.1157, uncertainty_coeffi: 0.0100, loss: 0.1644, lr: 0.00e+00
     Epoch[2] Iteration[340/620], entropy: 0.3796, uncertainty: 3.5724, uncertainty_coeffi: 0.0100, loss: 0.1698, lr: 0.00e+00
     Epoch[2] Iteration[350/620], entropy: 0.2943, uncertainty: 3.3083, uncertainty_coeffi: 0.0100, loss: 0.1336, lr: 0.00e+00
     Epoch[2] Iteration[360/620], entropy: 0.2672, uncertainty: 3.6140, uncertainty_coeffi: 0.0100, loss: 0.1336, lr: 0.00e+00
     Epoch[2] Iteration[370/620], entropy: 0.3569, uncertainty: 3.7378, uncertainty_coeffi: 0.0100, loss: 0.1720, lr: 0.00e+00
     Epoch[2] Iteration[380/620], entropy: 0.3436, uncertainty: 2.6649, uncertainty_coeffi: 0.0100, loss: 0.1674, lr: 0.00e+00
     Epoch[2] Iteration[390/620], entropy: 0.2515, uncertainty: 2.9179, uncertainty_coeffi: 0.0100, loss: 0.1443, lr: 0.00e+00
     Epoch[2] Iteration[400/620], entropy: 0.3411, uncertainty: 3.3909, uncertainty_coeffi: 0.0100, loss: 0.1691, lr: 0.00e+00
     Epoch[2] Iteration[410/620], entropy: 0.2703, uncertainty: 3.6424, uncertainty_coeffi: 0.0100, loss: 0.1372, lr: 0.00e+00
     Epoch[2] Iteration[420/620], entropy: 0.3219, uncertainty: 2.9853, uncertainty_coeffi: 0.0100, loss: 0.1562, lr: 0.00e+00
     Epoch[2] Iteration[430/620], entropy: 0.2530, uncertainty: 3.2025, uncertainty_coeffi: 0.0100, loss: 0.1448, lr: 0.00e+00
     Epoch[2] Iteration[440/620], entropy: 0.3826, uncertainty: 3.1269, uncertainty_coeffi: 0.0100, loss: 0.1784, lr: 0.00e+00
     Epoch[2] Iteration[450/620], entropy: 0.2528, uncertainty: 3.0397, uncertainty_coeffi: 0.0100, loss: 0.1223, lr: 0.00e+00
     Epoch[2] Iteration[460/620], entropy: 0.3365, uncertainty: 3.2311, uncertainty_coeffi: 0.0100, loss: 0.1469, lr: 0.00e+00
     Epoch[2] Iteration[470/620], entropy: 0.2635, uncertainty: 3.0822, uncertainty_coeffi: 0.0100, loss: 0.1383, lr: 0.00e+00
     Epoch[2] Iteration[480/620], entropy: 0.2957, uncertainty: 3.2589, uncertainty_coeffi: 0.0100, loss: 0.1431, lr: 0.00e+00
     Epoch[2] Iteration[490/620], entropy: 0.2975, uncertainty: 3.5301, uncertainty_coeffi: 0.0100, loss: 0.1325, lr: 0.00e+00
     Epoch[2] Iteration[500/620], entropy: 0.2907, uncertainty: 2.9253, uncertainty_coeffi: 0.0100, loss: 0.1349, lr: 0.00e+00
     Epoch[2] Iteration[510/620], entropy: 0.2921, uncertainty: 3.1628, uncertainty_coeffi: 0.0100, loss: 0.1476, lr: 0.00e+00
     Epoch[2] Iteration[520/620], entropy: 0.2792, uncertainty: 3.1647, uncertainty_coeffi: 0.0100, loss: 0.1454, lr: 0.00e+00
     Epoch[2] Iteration[530/620], entropy: 0.3277, uncertainty: 3.2296, uncertainty_coeffi: 0.0100, loss: 0.1514, lr: 0.00e+00
     Epoch[2] Iteration[540/620], entropy: 0.2860, uncertainty: 3.3111, uncertainty_coeffi: 0.0100, loss: 0.1593, lr: 0.00e+00
     Epoch[2] Iteration[550/620], entropy: 0.3121, uncertainty: 3.0064, uncertainty_coeffi: 0.0100, loss: 0.1567, lr: 0.00e+00
     Epoch[2] Iteration[560/620], entropy: 0.3209, uncertainty: 3.3928, uncertainty_coeffi: 0.0100, loss: 0.1374, lr: 0.00e+00
     Epoch[2] Iteration[570/620], entropy: 0.2902, uncertainty: 2.7842, uncertainty_coeffi: 0.0100, loss: 0.1374, lr: 0.00e+00
     Epoch[2] Iteration[580/620], entropy: 0.3243, uncertainty: 3.2294, uncertainty_coeffi: 0.0100, loss: 0.1648, lr: 0.00e+00
     Epoch[2] Iteration[590/620], entropy: 0.4259, uncertainty: 3.5236, uncertainty_coeffi: 0.0100, loss: 0.1945, lr: 0.00e+00
     Epoch[2] Iteration[600/620], entropy: 0.3291, uncertainty: 2.7639, uncertainty_coeffi: 0.0100, loss: 0.1483, lr: 0.00e+00
     Epoch[2] Iteration[610/620], entropy: 0.2433, uncertainty: 2.3089, uncertainty_coeffi: 0.0100, loss: 0.1351, lr: 0.00e+00
     Epoch[2] Iteration[620/620], entropy: 0.3228, uncertainty: 3.6757, uncertainty_coeffi: 0.0100, loss: 0.1448, lr: 0.00e+00
     Averaged stats: entropy_avg: 0.3182, uncertainty_avg: 3.2449, uncertainty_coeffi_avg: 0.0100, loss_avg: 0.1526, lr_avg: 0.00e+00
     itm tta time 0:01:03
### TTA Eval Score: 
+-------+--------+--------+--------+--------+-------+
| epoch |   R1   |   R5   |  R10   |  mAP   |  mINP |
+-------+--------+--------+--------+--------+-------+
|  -999 | 60.641 | 77.499 | 83.248 | 35.543 | 6.005 |
|   0   | 61.523 | 77.544 | 83.283 | 36.047 | 6.071 |
|   1   | 61.810 | 77.439 | 83.107 | 36.111 | 6.096 |
|   2   | 61.941 | 77.449 | 83.056 | 36.109 | 6.079 |
+-------+--------+--------+--------+--------+-------+
     logs:  {'epo': 2, 'R1': np.float32(61.941), 'R5': np.float32(77.449), 'R10': np.float32(83.056), 'mAP': np.float32(36.109), 'mINP': np.float32(6.079), 'entropy': 0.31823432469560253, 'uncertainty': 3.244871166444594, 'uncertainty_coeffi': 0.009999999776482582, 'loss': 0.1525717573540826, 'lr': 0.0}
     Epoch[3] Iteration[10/620], entropy: 0.3081, uncertainty: 3.1824, uncertainty_coeffi: 0.0100, loss: 0.1461, lr: 0.00e+00
     Epoch[3] Iteration[20/620], entropy: 0.2670, uncertainty: 3.3729, uncertainty_coeffi: 0.0100, loss: 0.1203, lr: 0.00e+00
     Epoch[3] Iteration[30/620], entropy: 0.2029, uncertainty: 2.9610, uncertainty_coeffi: 0.0100, loss: 0.1062, lr: 0.00e+00
     Epoch[3] Iteration[40/620], entropy: 0.2632, uncertainty: 3.2962, uncertainty_coeffi: 0.0100, loss: 0.1128, lr: 0.00e+00
     Epoch[3] Iteration[50/620], entropy: 0.2227, uncertainty: 3.2134, uncertainty_coeffi: 0.0100, loss: 0.1178, lr: 0.00e+00
     Epoch[3] Iteration[60/620], entropy: 0.3274, uncertainty: 2.6364, uncertainty_coeffi: 0.0100, loss: 0.1799, lr: 0.00e+00
     Epoch[3] Iteration[70/620], entropy: 0.3699, uncertainty: 3.4314, uncertainty_coeffi: 0.0100, loss: 0.1435, lr: 0.00e+00
     Epoch[3] Iteration[80/620], entropy: 0.2983, uncertainty: 3.2426, uncertainty_coeffi: 0.0100, loss: 0.1296, lr: 0.00e+00
     Epoch[3] Iteration[90/620], entropy: 0.2997, uncertainty: 2.5890, uncertainty_coeffi: 0.0100, loss: 0.1515, lr: 0.00e+00
     Epoch[3] Iteration[100/620], entropy: 0.3056, uncertainty: 3.4404, uncertainty_coeffi: 0.0100, loss: 0.1476, lr: 0.00e+00
     Epoch[3] Iteration[110/620], entropy: 0.2689, uncertainty: 3.1423, uncertainty_coeffi: 0.0100, loss: 0.1284, lr: 0.00e+00
     Epoch[3] Iteration[120/620], entropy: 0.3202, uncertainty: 3.0791, uncertainty_coeffi: 0.0100, loss: 0.1299, lr: 0.00e+00
     Epoch[3] Iteration[130/620], entropy: 0.2644, uncertainty: 3.9081, uncertainty_coeffi: 0.0100, loss: 0.1249, lr: 0.00e+00
     Epoch[3] Iteration[140/620], entropy: 0.3700, uncertainty: 3.4259, uncertainty_coeffi: 0.0100, loss: 0.1521, lr: 0.00e+00
     Epoch[3] Iteration[150/620], entropy: 0.3119, uncertainty: 3.5327, uncertainty_coeffi: 0.0100, loss: 0.1258, lr: 9.55e-06
     Epoch[3] Iteration[160/620], entropy: 0.2954, uncertainty: 3.2803, uncertainty_coeffi: 0.0100, loss: 0.1486, lr: 9.55e-06
     Epoch[3] Iteration[170/620], entropy: 0.2538, uncertainty: 3.1386, uncertainty_coeffi: 0.0100, loss: 0.1360, lr: 9.55e-06
     Epoch[3] Iteration[180/620], entropy: 0.3605, uncertainty: 2.9155, uncertainty_coeffi: 0.0100, loss: 0.2392, lr: 9.55e-06
     Epoch[3] Iteration[190/620], entropy: 0.2530, uncertainty: 3.0322, uncertainty_coeffi: 0.0100, loss: 0.1414, lr: 9.55e-06
     Epoch[3] Iteration[200/620], entropy: 0.3201, uncertainty: 2.7007, uncertainty_coeffi: 0.0100, loss: 0.1767, lr: 9.55e-06
     Epoch[3] Iteration[210/620], entropy: 0.3304, uncertainty: 3.2485, uncertainty_coeffi: 0.0100, loss: 0.1746, lr: 9.55e-06
     Epoch[3] Iteration[220/620], entropy: 0.3292, uncertainty: 2.7409, uncertainty_coeffi: 0.0100, loss: 0.1692, lr: 9.55e-06
     Epoch[3] Iteration[230/620], entropy: 0.3579, uncertainty: 3.4143, uncertainty_coeffi: 0.0100, loss: 0.1643, lr: 9.55e-06
     Epoch[3] Iteration[240/620], entropy: 0.3788, uncertainty: 3.5297, uncertainty_coeffi: 0.0100, loss: 0.1700, lr: 9.55e-06
     Epoch[3] Iteration[250/620], entropy: 0.1787, uncertainty: 2.5868, uncertainty_coeffi: 0.0100, loss: 0.0819, lr: 9.55e-06
     Epoch[3] Iteration[260/620], entropy: 0.3357, uncertainty: 3.1654, uncertainty_coeffi: 0.0100, loss: 0.1586, lr: 9.55e-06
     Epoch[3] Iteration[270/620], entropy: 0.2792, uncertainty: 3.2110, uncertainty_coeffi: 0.0100, loss: 0.1356, lr: 9.55e-06
     Epoch[3] Iteration[280/620], entropy: 0.3054, uncertainty: 3.2940, uncertainty_coeffi: 0.0100, loss: 0.1360, lr: 9.55e-06
     Epoch[3] Iteration[290/620], entropy: 0.2969, uncertainty: 3.0523, uncertainty_coeffi: 0.0100, loss: 0.1379, lr: 9.55e-06
     Epoch[3] Iteration[300/620], entropy: 0.3403, uncertainty: 3.4782, uncertainty_coeffi: 0.0100, loss: 0.1508, lr: 9.55e-06
     Epoch[3] Iteration[310/620], entropy: 0.3460, uncertainty: 3.7266, uncertainty_coeffi: 0.0100, loss: 0.1343, lr: 9.55e-06
     Epoch[3] Iteration[320/620], entropy: 0.2771, uncertainty: 3.4209, uncertainty_coeffi: 0.0100, loss: 0.1588, lr: 9.55e-06
     Epoch[3] Iteration[330/620], entropy: 0.3122, uncertainty: 3.6651, uncertainty_coeffi: 0.0100, loss: 0.1627, lr: 9.55e-06
     Epoch[3] Iteration[340/620], entropy: 0.2696, uncertainty: 3.2748, uncertainty_coeffi: 0.0100, loss: 0.1368, lr: 9.55e-06
     Epoch[3] Iteration[350/620], entropy: 0.3051, uncertainty: 3.9215, uncertainty_coeffi: 0.0100, loss: 0.1194, lr: 9.55e-06
     Epoch[3] Iteration[360/620], entropy: 0.3229, uncertainty: 3.1677, uncertainty_coeffi: 0.0100, loss: 0.1615, lr: 9.55e-06
     Epoch[3] Iteration[370/620], entropy: 0.4353, uncertainty: 3.1939, uncertainty_coeffi: 0.0100, loss: 0.2033, lr: 9.55e-06
     Epoch[3] Iteration[380/620], entropy: 0.2220, uncertainty: 3.4438, uncertainty_coeffi: 0.0100, loss: 0.1132, lr: 9.55e-06
     Epoch[3] Iteration[390/620], entropy: 0.2447, uncertainty: 3.3372, uncertainty_coeffi: 0.0100, loss: 0.1434, lr: 9.55e-06
     Epoch[3] Iteration[400/620], entropy: 0.3095, uncertainty: 3.2357, uncertainty_coeffi: 0.0100, loss: 0.1309, lr: 9.55e-06
     Epoch[3] Iteration[410/620], entropy: 0.3862, uncertainty: 3.3424, uncertainty_coeffi: 0.0100, loss: 0.1739, lr: 9.55e-06
     Epoch[3] Iteration[420/620], entropy: 0.2872, uncertainty: 3.1736, uncertainty_coeffi: 0.0100, loss: 0.1293, lr: 9.55e-06
     Epoch[3] Iteration[430/620], entropy: 0.2945, uncertainty: 3.6236, uncertainty_coeffi: 0.0100, loss: 0.1339, lr: 9.55e-06
     Epoch[3] Iteration[440/620], entropy: 0.2557, uncertainty: 3.3619, uncertainty_coeffi: 0.0100, loss: 0.1107, lr: 9.55e-06
     Epoch[3] Iteration[450/620], entropy: 0.1970, uncertainty: 2.5792, uncertainty_coeffi: 0.0100, loss: 0.1148, lr: 9.55e-06
     Epoch[3] Iteration[460/620], entropy: 0.3338, uncertainty: 3.0902, uncertainty_coeffi: 0.0100, loss: 0.1652, lr: 9.55e-06
     Epoch[3] Iteration[470/620], entropy: 0.2721, uncertainty: 3.5013, uncertainty_coeffi: 0.0100, loss: 0.1463, lr: 9.55e-06
     Epoch[3] Iteration[480/620], entropy: 0.3758, uncertainty: 4.2378, uncertainty_coeffi: 0.0100, loss: 0.1521, lr: 9.55e-06
     Epoch[3] Iteration[490/620], entropy: 0.3194, uncertainty: 3.3967, uncertainty_coeffi: 0.0100, loss: 0.1582, lr: 9.55e-06
     Epoch[3] Iteration[500/620], entropy: 0.2752, uncertainty: 3.2027, uncertainty_coeffi: 0.0100, loss: 0.1511, lr: 9.55e-06
     Epoch[3] Iteration[510/620], entropy: 0.3894, uncertainty: 3.5022, uncertainty_coeffi: 0.0100, loss: 0.1706, lr: 9.55e-06
     Epoch[3] Iteration[520/620], entropy: 0.2792, uncertainty: 3.1316, uncertainty_coeffi: 0.0100, loss: 0.1630, lr: 9.55e-06
     Epoch[3] Iteration[530/620], entropy: 0.2871, uncertainty: 3.3569, uncertainty_coeffi: 0.0100, loss: 0.1292, lr: 9.55e-06
     Epoch[3] Iteration[540/620], entropy: 0.3456, uncertainty: 3.1163, uncertainty_coeffi: 0.0100, loss: 0.1922, lr: 9.55e-06
     Epoch[3] Iteration[550/620], entropy: 0.3479, uncertainty: 3.3317, uncertainty_coeffi: 0.0100, loss: 0.1577, lr: 9.55e-06
     Epoch[3] Iteration[560/620], entropy: 0.2744, uncertainty: 3.1751, uncertainty_coeffi: 0.0100, loss: 0.1370, lr: 9.55e-06
     Epoch[3] Iteration[570/620], entropy: 0.2599, uncertainty: 3.0501, uncertainty_coeffi: 0.0100, loss: 0.1406, lr: 9.55e-06
     Epoch[3] Iteration[580/620], entropy: 0.3167, uncertainty: 3.2784, uncertainty_coeffi: 0.0100, loss: 0.1440, lr: 9.55e-06
     Epoch[3] Iteration[590/620], entropy: 0.2857, uncertainty: 3.5070, uncertainty_coeffi: 0.0100, loss: 0.1384, lr: 9.55e-06
     Epoch[3] Iteration[600/620], entropy: 0.4050, uncertainty: 2.9028, uncertainty_coeffi: 0.0100, loss: 0.1873, lr: 9.55e-06
     Epoch[3] Iteration[610/620], entropy: 0.2414, uncertainty: 3.1801, uncertainty_coeffi: 0.0100, loss: 0.1404, lr: 9.55e-06
     Epoch[3] Iteration[620/620], entropy: 0.3283, uncertainty: 3.4721, uncertainty_coeffi: 0.0100, loss: 0.1606, lr: 9.55e-06
     Averaged stats: entropy_avg: 0.3035, uncertainty_avg: 3.2604, uncertainty_coeffi_avg: 0.0100, loss_avg: 0.1467, lr_avg: 7.39e-06
     itm tta time 0:01:03
     Epoch[4] Iteration[10/620], entropy: 0.2968, uncertainty: 3.4997, uncertainty_coeffi: 0.0100, loss: 0.1450, lr: 9.55e-06
     Epoch[4] Iteration[20/620], entropy: 0.2517, uncertainty: 2.7716, uncertainty_coeffi: 0.0100, loss: 0.1092, lr: 9.55e-06
     Epoch[4] Iteration[30/620], entropy: 0.2875, uncertainty: 3.5157, uncertainty_coeffi: 0.0100, loss: 0.1339, lr: 9.55e-06
     Epoch[4] Iteration[40/620], entropy: 0.2893, uncertainty: 3.4629, uncertainty_coeffi: 0.0100, loss: 0.1182, lr: 9.55e-06
     Epoch[4] Iteration[50/620], entropy: 0.3565, uncertainty: 3.1033, uncertainty_coeffi: 0.0100, loss: 0.1708, lr: 9.55e-06
     Epoch[4] Iteration[60/620], entropy: 0.2667, uncertainty: 3.5334, uncertainty_coeffi: 0.0100, loss: 0.1278, lr: 9.55e-06
     Epoch[4] Iteration[70/620], entropy: 0.2642, uncertainty: 3.9223, uncertainty_coeffi: 0.0100, loss: 0.1151, lr: 9.55e-06
     Epoch[4] Iteration[80/620], entropy: 0.3416, uncertainty: 3.8485, uncertainty_coeffi: 0.0100, loss: 0.1270, lr: 9.55e-06
     Epoch[4] Iteration[90/620], entropy: 0.2887, uncertainty: 2.8074, uncertainty_coeffi: 0.0100, loss: 0.1647, lr: 9.55e-06
     Epoch[4] Iteration[100/620], entropy: 0.2103, uncertainty: 2.7154, uncertainty_coeffi: 0.0100, loss: 0.1315, lr: 9.55e-06
     Epoch[4] Iteration[110/620], entropy: 0.3499, uncertainty: 3.6217, uncertainty_coeffi: 0.0100, loss: 0.1618, lr: 9.55e-06
     Epoch[4] Iteration[120/620], entropy: 0.2521, uncertainty: 3.2837, uncertainty_coeffi: 0.0100, loss: 0.1328, lr: 9.55e-06
     Epoch[4] Iteration[130/620], entropy: 0.2956, uncertainty: 3.5155, uncertainty_coeffi: 0.0100, loss: 0.1419, lr: 9.55e-06
     Epoch[4] Iteration[140/620], entropy: 0.3141, uncertainty: 3.2740, uncertainty_coeffi: 0.0100, loss: 0.1433, lr: 9.55e-06
     Epoch[4] Iteration[150/620], entropy: 0.3913, uncertainty: 3.7101, uncertainty_coeffi: 0.0100, loss: 0.1486, lr: 9.55e-06
     Epoch[4] Iteration[160/620], entropy: 0.2275, uncertainty: 2.9575, uncertainty_coeffi: 0.0100, loss: 0.1204, lr: 9.55e-06
     Epoch[4] Iteration[170/620], entropy: 0.2988, uncertainty: 3.7337, uncertainty_coeffi: 0.0100, loss: 0.1275, lr: 9.55e-06
     Epoch[4] Iteration[180/620], entropy: 0.3240, uncertainty: 3.1369, uncertainty_coeffi: 0.0100, loss: 0.1420, lr: 9.55e-06
     Epoch[4] Iteration[190/620], entropy: 0.3127, uncertainty: 3.2174, uncertainty_coeffi: 0.0100, loss: 0.1275, lr: 9.55e-06
     Epoch[4] Iteration[200/620], entropy: 0.2612, uncertainty: 3.9362, uncertainty_coeffi: 0.0100, loss: 0.1282, lr: 9.55e-06
     Epoch[4] Iteration[210/620], entropy: 0.4399, uncertainty: 3.2455, uncertainty_coeffi: 0.0100, loss: 0.1973, lr: 9.55e-06
     Epoch[4] Iteration[220/620], entropy: 0.2772, uncertainty: 2.9715, uncertainty_coeffi: 0.0100, loss: 0.1338, lr: 9.55e-06
     Epoch[4] Iteration[230/620], entropy: 0.3135, uncertainty: 3.2175, uncertainty_coeffi: 0.0100, loss: 0.1466, lr: 9.55e-06
     Epoch[4] Iteration[240/620], entropy: 0.3536, uncertainty: 3.7013, uncertainty_coeffi: 0.0100, loss: 0.1668, lr: 9.55e-06
     Epoch[4] Iteration[250/620], entropy: 0.3652, uncertainty: 4.0045, uncertainty_coeffi: 0.0100, loss: 0.1706, lr: 9.55e-06
     Epoch[4] Iteration[260/620], entropy: 0.3529, uncertainty: 3.3116, uncertainty_coeffi: 0.0100, loss: 0.1443, lr: 9.55e-06
     Epoch[4] Iteration[270/620], entropy: 0.2518, uncertainty: 3.3201, uncertainty_coeffi: 0.0100, loss: 0.1126, lr: 9.55e-06
     Epoch[4] Iteration[280/620], entropy: 0.3069, uncertainty: 2.5069, uncertainty_coeffi: 0.0100, loss: 0.1546, lr: 9.55e-06
     Epoch[4] Iteration[290/620], entropy: 0.3505, uncertainty: 3.5279, uncertainty_coeffi: 0.0100, loss: 0.1393, lr: 9.55e-06
     Epoch[4] Iteration[300/620], entropy: 0.3243, uncertainty: 3.2595, uncertainty_coeffi: 0.0100, loss: 0.1650, lr: 9.55e-06
     Epoch[4] Iteration[310/620], entropy: 0.2904, uncertainty: 2.7378, uncertainty_coeffi: 0.0100, loss: 0.1467, lr: 9.55e-06
     Epoch[4] Iteration[320/620], entropy: 0.3102, uncertainty: 3.3382, uncertainty_coeffi: 0.0100, loss: 0.1198, lr: 9.55e-06
     Epoch[4] Iteration[330/620], entropy: 0.2934, uncertainty: 3.6448, uncertainty_coeffi: 0.0100, loss: 0.1227, lr: 9.55e-06
     Epoch[4] Iteration[340/620], entropy: 0.3207, uncertainty: 3.5676, uncertainty_coeffi: 0.0100, loss: 0.1244, lr: 9.55e-06
     Epoch[4] Iteration[350/620], entropy: 0.2941, uncertainty: 4.0262, uncertainty_coeffi: 0.0100, loss: 0.1324, lr: 9.55e-06
     Epoch[4] Iteration[360/620], entropy: 0.2414, uncertainty: 2.6945, uncertainty_coeffi: 0.0100, loss: 0.1237, lr: 9.55e-06
     Epoch[4] Iteration[370/620], entropy: 0.3214, uncertainty: 3.7329, uncertainty_coeffi: 0.0100, loss: 0.1522, lr: 9.55e-06
     Epoch[4] Iteration[380/620], entropy: 0.3261, uncertainty: 3.3535, uncertainty_coeffi: 0.0100, loss: 0.1623, lr: 9.55e-06
     Epoch[4] Iteration[390/620], entropy: 0.2965, uncertainty: 3.2452, uncertainty_coeffi: 0.0100, loss: 0.1358, lr: 9.55e-06
     Epoch[4] Iteration[400/620], entropy: 0.2414, uncertainty: 2.9444, uncertainty_coeffi: 0.0100, loss: 0.1328, lr: 9.55e-06
     Epoch[4] Iteration[410/620], entropy: 0.2944, uncertainty: 3.0698, uncertainty_coeffi: 0.0100, loss: 0.1423, lr: 9.55e-06
     Epoch[4] Iteration[420/620], entropy: 0.3879, uncertainty: 3.9006, uncertainty_coeffi: 0.0100, loss: 0.1563, lr: 9.55e-06
     Epoch[4] Iteration[430/620], entropy: 0.1807, uncertainty: 3.0627, uncertainty_coeffi: 0.0100, loss: 0.0910, lr: 9.55e-06
     Epoch[4] Iteration[440/620], entropy: 0.3062, uncertainty: 3.3649, uncertainty_coeffi: 0.0100, loss: 0.1456, lr: 9.55e-06
     Epoch[4] Iteration[450/620], entropy: 0.2146, uncertainty: 3.1722, uncertainty_coeffi: 0.0100, loss: 0.1259, lr: 9.55e-06
     Epoch[4] Iteration[460/620], entropy: 0.2935, uncertainty: 2.6973, uncertainty_coeffi: 0.0100, loss: 0.1362, lr: 9.55e-06
     Epoch[4] Iteration[470/620], entropy: 0.2563, uncertainty: 3.1497, uncertainty_coeffi: 0.0100, loss: 0.1469, lr: 9.55e-06
     Epoch[4] Iteration[480/620], entropy: 0.2083, uncertainty: 3.6509, uncertainty_coeffi: 0.0100, loss: 0.1186, lr: 9.55e-06
     Epoch[4] Iteration[490/620], entropy: 0.3330, uncertainty: 3.6802, uncertainty_coeffi: 0.0100, loss: 0.1426, lr: 9.55e-06
     Epoch[4] Iteration[500/620], entropy: 0.2578, uncertainty: 3.1640, uncertainty_coeffi: 0.0100, loss: 0.1194, lr: 9.55e-06
     Epoch[4] Iteration[510/620], entropy: 0.3104, uncertainty: 3.8710, uncertainty_coeffi: 0.0100, loss: 0.1267, lr: 9.55e-06
     Epoch[4] Iteration[520/620], entropy: 0.1559, uncertainty: 3.3062, uncertainty_coeffi: 0.0100, loss: 0.1165, lr: 9.55e-06
     Epoch[4] Iteration[530/620], entropy: 0.2557, uncertainty: 3.0673, uncertainty_coeffi: 0.0100, loss: 0.1201, lr: 9.55e-06
     Epoch[4] Iteration[540/620], entropy: 0.2465, uncertainty: 3.1901, uncertainty_coeffi: 0.0100, loss: 0.1355, lr: 9.55e-06
     Epoch[4] Iteration[550/620], entropy: 0.2968, uncertainty: 2.9107, uncertainty_coeffi: 0.0100, loss: 0.1564, lr: 9.55e-06
     Epoch[4] Iteration[560/620], entropy: 0.2950, uncertainty: 3.1315, uncertainty_coeffi: 0.0100, loss: 0.1574, lr: 9.55e-06
     Epoch[4] Iteration[570/620], entropy: 0.2907, uncertainty: 3.2488, uncertainty_coeffi: 0.0100, loss: 0.1425, lr: 9.55e-06
     Epoch[4] Iteration[580/620], entropy: 0.3072, uncertainty: 3.0109, uncertainty_coeffi: 0.0100, loss: 0.1548, lr: 9.55e-06
     Epoch[4] Iteration[590/620], entropy: 0.2380, uncertainty: 2.7673, uncertainty_coeffi: 0.0100, loss: 0.1267, lr: 9.55e-06
     Epoch[4] Iteration[600/620], entropy: 0.2595, uncertainty: 3.6578, uncertainty_coeffi: 0.0100, loss: 0.1151, lr: 9.55e-06
     Epoch[4] Iteration[610/620], entropy: 0.2137, uncertainty: 3.2802, uncertainty_coeffi: 0.0100, loss: 0.1121, lr: 9.55e-06
     Epoch[4] Iteration[620/620], entropy: 0.2278, uncertainty: 2.9540, uncertainty_coeffi: 0.0100, loss: 0.1279, lr: 9.55e-06
     Averaged stats: entropy_avg: 0.2900, uncertainty_avg: 3.3101, uncertainty_coeffi_avg: 0.0100, loss_avg: 0.1374, lr_avg: 9.55e-06
     itm tta time 0:01:03
### TTA Eval Score: 
+-------+--------+--------+--------+--------+-------+
| epoch |   R1   |   R5   |  R10   |  mAP   |  mINP |
+-------+--------+--------+--------+--------+-------+
|  -999 | 60.641 | 77.499 | 83.248 | 35.543 | 6.005 |
|   0   | 61.523 | 77.544 | 83.283 | 36.047 | 6.071 |
|   1   | 61.810 | 77.439 | 83.107 | 36.111 | 6.096 |
|   2   | 61.941 | 77.449 | 83.056 | 36.109 | 6.079 |
|   4   | 61.845 | 77.449 | 83.036 | 36.065 | 6.041 |
+-------+--------+--------+--------+--------+-------+
     logs:  {'epo': 4, 'R1': np.float32(61.845), 'R5': np.float32(77.449), 'R10': np.float32(83.036), 'mAP': np.float32(36.065), 'mINP': np.float32(6.041), 'entropy': 0.2900334029428421, 'uncertainty': 3.3101038625163417, 'uncertainty_coeffi': 0.009999999776482582, 'loss': 0.1373805808684518, 'lr': 9.549150281258288e-06}
     Epoch[5] Iteration[10/620], entropy: 0.2806, uncertainty: 3.6426, uncertainty_coeffi: 0.0100, loss: 0.1090, lr: 9.55e-06
     Epoch[5] Iteration[20/620], entropy: 0.2185, uncertainty: 3.1734, uncertainty_coeffi: 0.0100, loss: 0.1296, lr: 9.55e-06
     Epoch[5] Iteration[30/620], entropy: 0.2640, uncertainty: 3.2699, uncertainty_coeffi: 0.0100, loss: 0.1249, lr: 9.55e-06
     Epoch[5] Iteration[40/620], entropy: 0.2915, uncertainty: 3.1458, uncertainty_coeffi: 0.0100, loss: 0.1376, lr: 9.55e-06
     Epoch[5] Iteration[50/620], entropy: 0.2770, uncertainty: 3.8048, uncertainty_coeffi: 0.0100, loss: 0.1106, lr: 9.55e-06
     Epoch[5] Iteration[60/620], entropy: 0.3724, uncertainty: 3.7294, uncertainty_coeffi: 0.0100, loss: 0.1698, lr: 9.55e-06
     Epoch[5] Iteration[70/620], entropy: 0.3185, uncertainty: 3.1881, uncertainty_coeffi: 0.0100, loss: 0.1675, lr: 9.55e-06
     Epoch[5] Iteration[80/620], entropy: 0.3069, uncertainty: 3.4344, uncertainty_coeffi: 0.0100, loss: 0.1716, lr: 9.55e-06
     Epoch[5] Iteration[90/620], entropy: 0.2950, uncertainty: 3.2370, uncertainty_coeffi: 0.0100, loss: 0.1397, lr: 9.55e-06
     Epoch[5] Iteration[100/620], entropy: 0.2925, uncertainty: 3.3511, uncertainty_coeffi: 0.0100, loss: 0.1240, lr: 9.55e-06
     Epoch[5] Iteration[110/620], entropy: 0.1847, uncertainty: 2.3898, uncertainty_coeffi: 0.0100, loss: 0.1369, lr: 9.55e-06
     Epoch[5] Iteration[120/620], entropy: 0.2926, uncertainty: 3.2476, uncertainty_coeffi: 0.0100, loss: 0.1359, lr: 9.55e-06
     Epoch[5] Iteration[130/620], entropy: 0.3486, uncertainty: 3.5514, uncertainty_coeffi: 0.0100, loss: 0.1785, lr: 9.55e-06
     Epoch[5] Iteration[140/620], entropy: 0.3369, uncertainty: 3.0304, uncertainty_coeffi: 0.0100, loss: 0.1867, lr: 9.55e-06
     Epoch[5] Iteration[150/620], entropy: 0.3201, uncertainty: 3.4090, uncertainty_coeffi: 0.0100, loss: 0.1534, lr: 9.55e-06
     Epoch[5] Iteration[160/620], entropy: 0.2217, uncertainty: 3.4311, uncertainty_coeffi: 0.0100, loss: 0.1179, lr: 9.55e-06
     Epoch[5] Iteration[170/620], entropy: 0.3056, uncertainty: 2.7011, uncertainty_coeffi: 0.0100, loss: 0.1426, lr: 9.55e-06
     Epoch[5] Iteration[180/620], entropy: 0.2437, uncertainty: 3.0619, uncertainty_coeffi: 0.0100, loss: 0.1150, lr: 9.55e-06
     Epoch[5] Iteration[190/620], entropy: 0.2796, uncertainty: 3.3197, uncertainty_coeffi: 0.0100, loss: 0.1195, lr: 9.55e-06
     Epoch[5] Iteration[200/620], entropy: 0.3068, uncertainty: 2.6419, uncertainty_coeffi: 0.0100, loss: 0.1632, lr: 9.55e-06
     Epoch[5] Iteration[210/620], entropy: 0.2924, uncertainty: 2.7922, uncertainty_coeffi: 0.0100, loss: 0.1318, lr: 9.55e-06
     Epoch[5] Iteration[220/620], entropy: 0.2592, uncertainty: 3.0739, uncertainty_coeffi: 0.0100, loss: 0.1398, lr: 9.55e-06
     Epoch[5] Iteration[230/620], entropy: 0.2737, uncertainty: 3.0925, uncertainty_coeffi: 0.0100, loss: 0.1296, lr: 9.55e-06
     Epoch[5] Iteration[240/620], entropy: 0.3127, uncertainty: 3.4087, uncertainty_coeffi: 0.0100, loss: 0.1394, lr: 9.55e-06
     Epoch[5] Iteration[250/620], entropy: 0.2986, uncertainty: 3.4233, uncertainty_coeffi: 0.0100, loss: 0.1389, lr: 9.55e-06
     Epoch[5] Iteration[260/620], entropy: 0.2327, uncertainty: 3.6762, uncertainty_coeffi: 0.0100, loss: 0.0966, lr: 9.55e-06
     Epoch[5] Iteration[270/620], entropy: 0.2467, uncertainty: 3.1479, uncertainty_coeffi: 0.0100, loss: 0.1408, lr: 9.55e-06
     Epoch[5] Iteration[280/620], entropy: 0.2707, uncertainty: 3.2075, uncertainty_coeffi: 0.0100, loss: 0.1277, lr: 9.55e-06
     Epoch[5] Iteration[290/620], entropy: 0.2722, uncertainty: 3.2117, uncertainty_coeffi: 0.0100, loss: 0.1265, lr: 9.55e-06
     Epoch[5] Iteration[300/620], entropy: 0.2941, uncertainty: 3.4943, uncertainty_coeffi: 0.0100, loss: 0.1406, lr: 9.55e-06
     Epoch[5] Iteration[310/620], entropy: 0.2006, uncertainty: 3.0190, uncertainty_coeffi: 0.0100, loss: 0.1111, lr: 9.55e-06
     Epoch[5] Iteration[320/620], entropy: 0.2688, uncertainty: 2.8903, uncertainty_coeffi: 0.0100, loss: 0.1311, lr: 9.55e-06
     Epoch[5] Iteration[330/620], entropy: 0.2326, uncertainty: 3.2771, uncertainty_coeffi: 0.0100, loss: 0.0909, lr: 9.55e-06
     Epoch[5] Iteration[340/620], entropy: 0.2890, uncertainty: 3.0054, uncertainty_coeffi: 0.0100, loss: 0.1291, lr: 9.55e-06
     Epoch[5] Iteration[350/620], entropy: 0.3559, uncertainty: 3.6245, uncertainty_coeffi: 0.0100, loss: 0.1637, lr: 9.55e-06
     Epoch[5] Iteration[360/620], entropy: 0.2928, uncertainty: 3.2909, uncertainty_coeffi: 0.0100, loss: 0.1374, lr: 9.55e-06
     Epoch[5] Iteration[370/620], entropy: 0.1950, uncertainty: 3.1656, uncertainty_coeffi: 0.0100, loss: 0.1030, lr: 9.55e-06
     Epoch[5] Iteration[380/620], entropy: 0.2642, uncertainty: 3.1000, uncertainty_coeffi: 0.0100, loss: 0.1352, lr: 9.55e-06
     Epoch[5] Iteration[390/620], entropy: 0.4442, uncertainty: 3.6232, uncertainty_coeffi: 0.0100, loss: 0.1913, lr: 9.55e-06
     Epoch[5] Iteration[400/620], entropy: 0.2240, uncertainty: 3.2361, uncertainty_coeffi: 0.0100, loss: 0.1096, lr: 9.55e-06
     Epoch[5] Iteration[410/620], entropy: 0.2114, uncertainty: 3.6269, uncertainty_coeffi: 0.0100, loss: 0.1060, lr: 9.55e-06
     Epoch[5] Iteration[420/620], entropy: 0.2071, uncertainty: 2.7337, uncertainty_coeffi: 0.0100, loss: 0.1171, lr: 9.55e-06
     Epoch[5] Iteration[430/620], entropy: 0.3006, uncertainty: 3.2353, uncertainty_coeffi: 0.0100, loss: 0.1380, lr: 9.55e-06
     Epoch[5] Iteration[440/620], entropy: 0.3318, uncertainty: 3.2909, uncertainty_coeffi: 0.0100, loss: 0.1487, lr: 9.55e-06
     Epoch[5] Iteration[450/620], entropy: 0.1834, uncertainty: 3.5180, uncertainty_coeffi: 0.0100, loss: 0.1042, lr: 9.55e-06
     Epoch[5] Iteration[460/620], entropy: 0.2898, uncertainty: 2.8550, uncertainty_coeffi: 0.0100, loss: 0.1531, lr: 9.55e-06
     Epoch[5] Iteration[470/620], entropy: 0.3124, uncertainty: 3.4522, uncertainty_coeffi: 0.0100, loss: 0.1627, lr: 9.55e-06
     Epoch[5] Iteration[480/620], entropy: 0.2840, uncertainty: 3.0052, uncertainty_coeffi: 0.0100, loss: 0.1502, lr: 9.55e-06
     Epoch[5] Iteration[490/620], entropy: 0.3287, uncertainty: 3.0757, uncertainty_coeffi: 0.0100, loss: 0.1307, lr: 9.55e-06
     Epoch[5] Iteration[500/620], entropy: 0.3117, uncertainty: 3.7742, uncertainty_coeffi: 0.0100, loss: 0.1351, lr: 9.55e-06
     Epoch[5] Iteration[510/620], entropy: 0.2931, uncertainty: 3.3896, uncertainty_coeffi: 0.0100, loss: 0.1309, lr: 9.55e-06
     Epoch[5] Iteration[520/620], entropy: 0.3542, uncertainty: 4.1174, uncertainty_coeffi: 0.0100, loss: 0.1479, lr: 9.55e-06
     Epoch[5] Iteration[530/620], entropy: 0.3942, uncertainty: 3.6640, uncertainty_coeffi: 0.0100, loss: 0.1503, lr: 9.55e-06
     Epoch[5] Iteration[540/620], entropy: 0.2547, uncertainty: 3.9901, uncertainty_coeffi: 0.0100, loss: 0.1168, lr: 9.55e-06
     Epoch[5] Iteration[550/620], entropy: 0.3865, uncertainty: 3.6394, uncertainty_coeffi: 0.0100, loss: 0.1638, lr: 9.55e-06
     Epoch[5] Iteration[560/620], entropy: 0.3029, uncertainty: 2.9015, uncertainty_coeffi: 0.0100, loss: 0.1366, lr: 9.55e-06
     Epoch[5] Iteration[570/620], entropy: 0.2670, uncertainty: 3.3732, uncertainty_coeffi: 0.0100, loss: 0.1387, lr: 9.55e-06
     Epoch[5] Iteration[580/620], entropy: 0.3438, uncertainty: 3.4585, uncertainty_coeffi: 0.0100, loss: 0.1477, lr: 9.55e-06
     Epoch[5] Iteration[590/620], entropy: 0.2308, uncertainty: 3.5419, uncertainty_coeffi: 0.0100, loss: 0.1165, lr: 9.55e-06
     Epoch[5] Iteration[600/620], entropy: 0.4138, uncertainty: 3.9156, uncertainty_coeffi: 0.0100, loss: 0.1991, lr: 9.55e-06
     Epoch[5] Iteration[610/620], entropy: 0.2995, uncertainty: 3.1365, uncertainty_coeffi: 0.0100, loss: 0.1318, lr: 9.55e-06
     Epoch[5] Iteration[620/620], entropy: 0.1655, uncertainty: 2.7210, uncertainty_coeffi: 0.0100, loss: 0.1087, lr: 9.55e-06
     Averaged stats: entropy_avg: 0.2862, uncertainty_avg: 3.2893, uncertainty_coeffi_avg: 0.0100, loss_avg: 0.1368, lr_avg: 9.55e-06
     itm tta time 0:01:03
     Epoch[6] Iteration[10/620], entropy: 0.2808, uncertainty: 2.9061, uncertainty_coeffi: 0.0100, loss: 0.1326, lr: 9.55e-06
     Epoch[6] Iteration[20/620], entropy: 0.3528, uncertainty: 3.8439, uncertainty_coeffi: 0.0100, loss: 0.1235, lr: 9.55e-06
     Epoch[6] Iteration[30/620], entropy: 0.2963, uncertainty: 3.3571, uncertainty_coeffi: 0.0100, loss: 0.1220, lr: 9.55e-06
     Epoch[6] Iteration[40/620], entropy: 0.3615, uncertainty: 3.3617, uncertainty_coeffi: 0.0100, loss: 0.1551, lr: 9.55e-06
     Epoch[6] Iteration[50/620], entropy: 0.2919, uncertainty: 2.7933, uncertainty_coeffi: 0.0100, loss: 0.1663, lr: 9.55e-06
     Epoch[6] Iteration[60/620], entropy: 0.2761, uncertainty: 3.4697, uncertainty_coeffi: 0.0100, loss: 0.1237, lr: 9.55e-06
     Epoch[6] Iteration[70/620], entropy: 0.3262, uncertainty: 3.4062, uncertainty_coeffi: 0.0100, loss: 0.1268, lr: 9.55e-06
     Epoch[6] Iteration[80/620], entropy: 0.3907, uncertainty: 3.2929, uncertainty_coeffi: 0.0100, loss: 0.1868, lr: 9.55e-06
     Epoch[6] Iteration[90/620], entropy: 0.2707, uncertainty: 3.1691, uncertainty_coeffi: 0.0100, loss: 0.1209, lr: 9.55e-06
     Epoch[6] Iteration[100/620], entropy: 0.3588, uncertainty: 3.2462, uncertainty_coeffi: 0.0100, loss: 0.1788, lr: 9.55e-06
     Epoch[6] Iteration[110/620], entropy: 0.3835, uncertainty: 3.3541, uncertainty_coeffi: 0.0100, loss: 0.1747, lr: 9.55e-06
     Epoch[6] Iteration[120/620], entropy: 0.3131, uncertainty: 3.5487, uncertainty_coeffi: 0.0100, loss: 0.1473, lr: 9.55e-06
     Epoch[6] Iteration[130/620], entropy: 0.3275, uncertainty: 3.5818, uncertainty_coeffi: 0.0100, loss: 0.1315, lr: 9.55e-06
     Epoch[6] Iteration[140/620], entropy: 0.1771, uncertainty: 3.1398, uncertainty_coeffi: 0.0100, loss: 0.1047, lr: 9.55e-06
     Epoch[6] Iteration[150/620], entropy: 0.2789, uncertainty: 2.8160, uncertainty_coeffi: 0.0100, loss: 0.1484, lr: 9.55e-06
     Epoch[6] Iteration[160/620], entropy: 0.3647, uncertainty: 2.7957, uncertainty_coeffi: 0.0100, loss: 0.1581, lr: 9.55e-06
     Epoch[6] Iteration[170/620], entropy: 0.2588, uncertainty: 2.8210, uncertainty_coeffi: 0.0100, loss: 0.1545, lr: 9.55e-06
     Epoch[6] Iteration[180/620], entropy: 0.2662, uncertainty: 3.6012, uncertainty_coeffi: 0.0100, loss: 0.1181, lr: 9.55e-06
     Epoch[6] Iteration[190/620], entropy: 0.3512, uncertainty: 3.3190, uncertainty_coeffi: 0.0100, loss: 0.1528, lr: 9.55e-06
     Epoch[6] Iteration[200/620], entropy: 0.3811, uncertainty: 3.4779, uncertainty_coeffi: 0.0100, loss: 0.1733, lr: 9.55e-06
     Epoch[6] Iteration[210/620], entropy: 0.2704, uncertainty: 3.0529, uncertainty_coeffi: 0.0100, loss: 0.1469, lr: 9.55e-06
     Epoch[6] Iteration[220/620], entropy: 0.1987, uncertainty: 3.1767, uncertainty_coeffi: 0.0100, loss: 0.1162, lr: 9.55e-06
     Epoch[6] Iteration[230/620], entropy: 0.3189, uncertainty: 3.4866, uncertainty_coeffi: 0.0100, loss: 0.1351, lr: 9.55e-06
     Epoch[6] Iteration[240/620], entropy: 0.4097, uncertainty: 3.2432, uncertainty_coeffi: 0.0100, loss: 0.1796, lr: 9.55e-06
     Epoch[6] Iteration[250/620], entropy: 0.3609, uncertainty: 3.2657, uncertainty_coeffi: 0.0100, loss: 0.1732, lr: 9.55e-06
     Epoch[6] Iteration[260/620], entropy: 0.2256, uncertainty: 3.1731, uncertainty_coeffi: 0.0100, loss: 0.1226, lr: 9.55e-06
     Epoch[6] Iteration[270/620], entropy: 0.3770, uncertainty: 3.3294, uncertainty_coeffi: 0.0100, loss: 0.1525, lr: 9.55e-06
     Epoch[6] Iteration[280/620], entropy: 0.2961, uncertainty: 3.4427, uncertainty_coeffi: 0.0100, loss: 0.1404, lr: 9.55e-06
     Epoch[6] Iteration[290/620], entropy: 0.2306, uncertainty: 3.3028, uncertainty_coeffi: 0.0100, loss: 0.1315, lr: 3.45e-05
     Epoch[6] Iteration[300/620], entropy: 0.2605, uncertainty: 3.6254, uncertainty_coeffi: 0.0100, loss: 0.1321, lr: 3.45e-05
     Epoch[6] Iteration[310/620], entropy: 0.2486, uncertainty: 3.5168, uncertainty_coeffi: 0.0100, loss: 0.1115, lr: 3.45e-05
     Epoch[6] Iteration[320/620], entropy: 0.2613, uncertainty: 3.3964, uncertainty_coeffi: 0.0100, loss: 0.1183, lr: 3.45e-05
     Epoch[6] Iteration[330/620], entropy: 0.2325, uncertainty: 2.8279, uncertainty_coeffi: 0.0100, loss: 0.1254, lr: 3.45e-05
     Epoch[6] Iteration[340/620], entropy: 0.2381, uncertainty: 3.2657, uncertainty_coeffi: 0.0100, loss: 0.1195, lr: 3.45e-05
     Epoch[6] Iteration[350/620], entropy: 0.1890, uncertainty: 2.6897, uncertainty_coeffi: 0.0100, loss: 0.1105, lr: 3.45e-05
     Epoch[6] Iteration[360/620], entropy: 0.2469, uncertainty: 2.9937, uncertainty_coeffi: 0.0100, loss: 0.1458, lr: 3.45e-05
     Epoch[6] Iteration[370/620], entropy: 0.1997, uncertainty: 3.4021, uncertainty_coeffi: 0.0100, loss: 0.0981, lr: 3.45e-05
     Epoch[6] Iteration[380/620], entropy: 0.2142, uncertainty: 2.5728, uncertainty_coeffi: 0.0100, loss: 0.1112, lr: 3.45e-05
     Epoch[6] Iteration[390/620], entropy: 0.3330, uncertainty: 2.8898, uncertainty_coeffi: 0.0100, loss: 0.1514, lr: 3.45e-05
     Epoch[6] Iteration[400/620], entropy: 0.2468, uncertainty: 3.4642, uncertainty_coeffi: 0.0100, loss: 0.1221, lr: 3.45e-05
     Epoch[6] Iteration[410/620], entropy: 0.2518, uncertainty: 3.0161, uncertainty_coeffi: 0.0100, loss: 0.1375, lr: 3.45e-05
     Epoch[6] Iteration[420/620], entropy: 0.2297, uncertainty: 3.1266, uncertainty_coeffi: 0.0100, loss: 0.1212, lr: 3.45e-05
     Epoch[6] Iteration[430/620], entropy: 0.2286, uncertainty: 3.3543, uncertainty_coeffi: 0.0100, loss: 0.1083, lr: 3.45e-05
     Epoch[6] Iteration[440/620], entropy: 0.2899, uncertainty: 3.4087, uncertainty_coeffi: 0.0100, loss: 0.1406, lr: 3.45e-05
     Epoch[6] Iteration[450/620], entropy: 0.3049, uncertainty: 3.1894, uncertainty_coeffi: 0.0100, loss: 0.1355, lr: 3.45e-05
     Epoch[6] Iteration[460/620], entropy: 0.1878, uncertainty: 3.1906, uncertainty_coeffi: 0.0100, loss: 0.1070, lr: 3.45e-05
     Epoch[6] Iteration[470/620], entropy: 0.2925, uncertainty: 2.9151, uncertainty_coeffi: 0.0100, loss: 0.1574, lr: 3.45e-05
     Epoch[6] Iteration[480/620], entropy: 0.3479, uncertainty: 3.6706, uncertainty_coeffi: 0.0100, loss: 0.1480, lr: 3.45e-05
     Epoch[6] Iteration[490/620], entropy: 0.2909, uncertainty: 3.4397, uncertainty_coeffi: 0.0100, loss: 0.1343, lr: 3.45e-05
     Epoch[6] Iteration[500/620], entropy: 0.3194, uncertainty: 3.2699, uncertainty_coeffi: 0.0100, loss: 0.1832, lr: 3.45e-05
     Epoch[6] Iteration[510/620], entropy: 0.2375, uncertainty: 3.1524, uncertainty_coeffi: 0.0100, loss: 0.1108, lr: 3.45e-05
     Epoch[6] Iteration[520/620], entropy: 0.3025, uncertainty: 3.1711, uncertainty_coeffi: 0.0100, loss: 0.1659, lr: 3.45e-05
     Epoch[6] Iteration[530/620], entropy: 0.2104, uncertainty: 3.0209, uncertainty_coeffi: 0.0100, loss: 0.1106, lr: 3.45e-05
     Epoch[6] Iteration[540/620], entropy: 0.3163, uncertainty: 3.3859, uncertainty_coeffi: 0.0100, loss: 0.1294, lr: 3.45e-05
     Epoch[6] Iteration[550/620], entropy: 0.1830, uncertainty: 3.2623, uncertainty_coeffi: 0.0100, loss: 0.1023, lr: 3.45e-05
     Epoch[6] Iteration[560/620], entropy: 0.3035, uncertainty: 3.1795, uncertainty_coeffi: 0.0100, loss: 0.1579, lr: 3.45e-05
     Epoch[6] Iteration[570/620], entropy: 0.2538, uncertainty: 2.9238, uncertainty_coeffi: 0.0100, loss: 0.1226, lr: 3.45e-05
     Epoch[6] Iteration[580/620], entropy: 0.3662, uncertainty: 3.3839, uncertainty_coeffi: 0.0100, loss: 0.1664, lr: 3.45e-05
     Epoch[6] Iteration[590/620], entropy: 0.2880, uncertainty: 3.4313, uncertainty_coeffi: 0.0100, loss: 0.1333, lr: 3.45e-05
     Epoch[6] Iteration[600/620], entropy: 0.3151, uncertainty: 3.4884, uncertainty_coeffi: 0.0100, loss: 0.1500, lr: 3.45e-05
     Epoch[6] Iteration[610/620], entropy: 0.2470, uncertainty: 3.5237, uncertainty_coeffi: 0.0100, loss: 0.1253, lr: 3.45e-05
     Epoch[6] Iteration[620/620], entropy: 0.3090, uncertainty: 3.0336, uncertainty_coeffi: 0.0100, loss: 0.1998, lr: 3.45e-05
     Averaged stats: entropy_avg: 0.2862, uncertainty_avg: 3.2412, uncertainty_coeffi_avg: 0.0100, loss_avg: 0.1386, lr_avg: 2.33e-05
     itm tta time 0:01:03
     Epoch[7] Iteration[10/620], entropy: 0.3601, uncertainty: 3.5213, uncertainty_coeffi: 0.0100, loss: 0.1862, lr: 3.45e-05
     Epoch[7] Iteration[20/620], entropy: 0.2964, uncertainty: 3.5505, uncertainty_coeffi: 0.0100, loss: 0.1243, lr: 3.45e-05
     Epoch[7] Iteration[30/620], entropy: 0.2710, uncertainty: 3.4339, uncertainty_coeffi: 0.0100, loss: 0.1177, lr: 3.45e-05
     Epoch[7] Iteration[40/620], entropy: 0.2731, uncertainty: 2.8562, uncertainty_coeffi: 0.0100, loss: 0.1341, lr: 3.45e-05
     Epoch[7] Iteration[50/620], entropy: 0.2723, uncertainty: 2.9768, uncertainty_coeffi: 0.0100, loss: 0.1376, lr: 3.45e-05
     Epoch[7] Iteration[60/620], entropy: 0.1845, uncertainty: 3.1136, uncertainty_coeffi: 0.0100, loss: 0.0976, lr: 3.45e-05
     Epoch[7] Iteration[70/620], entropy: 0.3069, uncertainty: 3.1916, uncertainty_coeffi: 0.0100, loss: 0.1372, lr: 3.45e-05
     Epoch[7] Iteration[80/620], entropy: 0.2063, uncertainty: 3.6823, uncertainty_coeffi: 0.0100, loss: 0.0983, lr: 3.45e-05
     Epoch[7] Iteration[90/620], entropy: 0.2404, uncertainty: 3.2349, uncertainty_coeffi: 0.0100, loss: 0.1295, lr: 3.45e-05
     Epoch[7] Iteration[100/620], entropy: 0.2442, uncertainty: 3.3000, uncertainty_coeffi: 0.0100, loss: 0.0979, lr: 3.45e-05
     Epoch[7] Iteration[110/620], entropy: 0.1635, uncertainty: 2.6401, uncertainty_coeffi: 0.0100, loss: 0.1017, lr: 3.45e-05
     Epoch[7] Iteration[120/620], entropy: 0.2881, uncertainty: 2.9539, uncertainty_coeffi: 0.0100, loss: 0.1496, lr: 3.45e-05
     Epoch[7] Iteration[130/620], entropy: 0.2092, uncertainty: 2.4727, uncertainty_coeffi: 0.0100, loss: 0.1301, lr: 3.45e-05
     Epoch[7] Iteration[140/620], entropy: 0.2028, uncertainty: 3.0934, uncertainty_coeffi: 0.0100, loss: 0.1142, lr: 3.45e-05
     Epoch[7] Iteration[150/620], entropy: 0.2903, uncertainty: 3.0549, uncertainty_coeffi: 0.0100, loss: 0.1291, lr: 3.45e-05
     Epoch[7] Iteration[160/620], entropy: 0.2876, uncertainty: 3.0187, uncertainty_coeffi: 0.0100, loss: 0.1487, lr: 3.45e-05
     Epoch[7] Iteration[170/620], entropy: 0.2863, uncertainty: 3.3835, uncertainty_coeffi: 0.0100, loss: 0.1317, lr: 3.45e-05
     Epoch[7] Iteration[180/620], entropy: 0.2875, uncertainty: 2.9454, uncertainty_coeffi: 0.0100, loss: 0.1656, lr: 3.45e-05
     Epoch[7] Iteration[190/620], entropy: 0.3402, uncertainty: 3.6389, uncertainty_coeffi: 0.0100, loss: 0.1622, lr: 3.45e-05
     Epoch[7] Iteration[200/620], entropy: 0.2801, uncertainty: 2.8336, uncertainty_coeffi: 0.0100, loss: 0.1463, lr: 3.45e-05
     Epoch[7] Iteration[210/620], entropy: 0.2959, uncertainty: 3.3457, uncertainty_coeffi: 0.0100, loss: 0.1246, lr: 3.45e-05
     Epoch[7] Iteration[220/620], entropy: 0.2328, uncertainty: 2.9066, uncertainty_coeffi: 0.0100, loss: 0.1122, lr: 3.45e-05
     Epoch[7] Iteration[230/620], entropy: 0.3637, uncertainty: 3.5829, uncertainty_coeffi: 0.0100, loss: 0.1760, lr: 3.45e-05
     Epoch[7] Iteration[240/620], entropy: 0.2742, uncertainty: 3.0148, uncertainty_coeffi: 0.0100, loss: 0.1090, lr: 3.45e-05
     Epoch[7] Iteration[250/620], entropy: 0.2954, uncertainty: 3.4421, uncertainty_coeffi: 0.0100, loss: 0.1422, lr: 3.45e-05
     Epoch[7] Iteration[260/620], entropy: 0.2922, uncertainty: 3.5370, uncertainty_coeffi: 0.0100, loss: 0.1277, lr: 3.45e-05
     Epoch[7] Iteration[270/620], entropy: 0.3035, uncertainty: 2.9303, uncertainty_coeffi: 0.0100, loss: 0.1299, lr: 3.45e-05
     Epoch[7] Iteration[280/620], entropy: 0.2523, uncertainty: 2.6439, uncertainty_coeffi: 0.0100, loss: 0.1345, lr: 3.45e-05
     Epoch[7] Iteration[290/620], entropy: 0.2638, uncertainty: 3.0460, uncertainty_coeffi: 0.0100, loss: 0.1148, lr: 3.45e-05
     Epoch[7] Iteration[300/620], entropy: 0.3643, uncertainty: 3.2070, uncertainty_coeffi: 0.0100, loss: 0.1568, lr: 3.45e-05
     Epoch[7] Iteration[310/620], entropy: 0.2545, uncertainty: 3.6121, uncertainty_coeffi: 0.0100, loss: 0.1081, lr: 3.45e-05
     Epoch[7] Iteration[320/620], entropy: 0.3083, uncertainty: 3.2274, uncertainty_coeffi: 0.0100, loss: 0.1475, lr: 3.45e-05
     Epoch[7] Iteration[330/620], entropy: 0.3241, uncertainty: 3.2351, uncertainty_coeffi: 0.0100, loss: 0.1512, lr: 3.45e-05
     Epoch[7] Iteration[340/620], entropy: 0.4164, uncertainty: 3.5919, uncertainty_coeffi: 0.0100, loss: 0.1844, lr: 3.45e-05
     Epoch[7] Iteration[350/620], entropy: 0.2737, uncertainty: 3.5596, uncertainty_coeffi: 0.0100, loss: 0.1194, lr: 3.45e-05
     Epoch[7] Iteration[360/620], entropy: 0.1616, uncertainty: 3.2736, uncertainty_coeffi: 0.0100, loss: 0.0847, lr: 3.45e-05
     Epoch[7] Iteration[370/620], entropy: 0.2404, uncertainty: 3.1231, uncertainty_coeffi: 0.0100, loss: 0.1581, lr: 3.45e-05
     Epoch[7] Iteration[380/620], entropy: 0.2294, uncertainty: 2.9223, uncertainty_coeffi: 0.0100, loss: 0.1385, lr: 3.45e-05
     Epoch[7] Iteration[390/620], entropy: 0.3274, uncertainty: 3.7448, uncertainty_coeffi: 0.0100, loss: 0.1628, lr: 3.45e-05
     Epoch[7] Iteration[400/620], entropy: 0.2583, uncertainty: 3.0265, uncertainty_coeffi: 0.0100, loss: 0.1249, lr: 3.45e-05
     Epoch[7] Iteration[410/620], entropy: 0.3811, uncertainty: 3.7094, uncertainty_coeffi: 0.0100, loss: 0.1947, lr: 3.45e-05
     Epoch[7] Iteration[420/620], entropy: 0.3377, uncertainty: 3.1915, uncertainty_coeffi: 0.0100, loss: 0.1650, lr: 3.45e-05
     Epoch[7] Iteration[430/620], entropy: 0.3127, uncertainty: 3.9085, uncertainty_coeffi: 0.0100, loss: 0.1421, lr: 3.45e-05
     Epoch[7] Iteration[440/620], entropy: 0.2429, uncertainty: 3.1468, uncertainty_coeffi: 0.0100, loss: 0.1329, lr: 3.45e-05
     Epoch[7] Iteration[450/620], entropy: 0.2494, uncertainty: 3.3757, uncertainty_coeffi: 0.0100, loss: 0.1179, lr: 3.45e-05
     Epoch[7] Iteration[460/620], entropy: 0.2012, uncertainty: 3.0427, uncertainty_coeffi: 0.0100, loss: 0.0969, lr: 3.45e-05
     Epoch[7] Iteration[470/620], entropy: 0.4476, uncertainty: 3.8465, uncertainty_coeffi: 0.0100, loss: 0.1711, lr: 3.45e-05
     Epoch[7] Iteration[480/620], entropy: 0.3089, uncertainty: 3.7569, uncertainty_coeffi: 0.0100, loss: 0.1307, lr: 3.45e-05
     Epoch[7] Iteration[490/620], entropy: 0.3367, uncertainty: 3.6373, uncertainty_coeffi: 0.0100, loss: 0.1398, lr: 3.45e-05
     Epoch[7] Iteration[500/620], entropy: 0.2500, uncertainty: 3.2948, uncertainty_coeffi: 0.0100, loss: 0.1280, lr: 3.45e-05
     Epoch[7] Iteration[510/620], entropy: 0.3409, uncertainty: 3.4010, uncertainty_coeffi: 0.0100, loss: 0.1717, lr: 3.45e-05
     Epoch[7] Iteration[520/620], entropy: 0.2692, uncertainty: 3.6061, uncertainty_coeffi: 0.0100, loss: 0.1138, lr: 3.45e-05
     Epoch[7] Iteration[530/620], entropy: 0.2849, uncertainty: 3.5016, uncertainty_coeffi: 0.0100, loss: 0.1159, lr: 3.45e-05
     Epoch[7] Iteration[540/620], entropy: 0.3094, uncertainty: 3.4436, uncertainty_coeffi: 0.0100, loss: 0.1424, lr: 3.45e-05
     Epoch[7] Iteration[550/620], entropy: 0.3053, uncertainty: 3.1793, uncertainty_coeffi: 0.0100, loss: 0.1326, lr: 3.45e-05
     Epoch[7] Iteration[560/620], entropy: 0.2230, uncertainty: 2.8242, uncertainty_coeffi: 0.0100, loss: 0.1246, lr: 3.45e-05
     Epoch[7] Iteration[570/620], entropy: 0.2856, uncertainty: 3.6634, uncertainty_coeffi: 0.0100, loss: 0.1325, lr: 3.45e-05
     Epoch[7] Iteration[580/620], entropy: 0.3498, uncertainty: 3.5332, uncertainty_coeffi: 0.0100, loss: 0.1588, lr: 3.45e-05
     Epoch[7] Iteration[590/620], entropy: 0.3067, uncertainty: 3.2134, uncertainty_coeffi: 0.0100, loss: 0.1416, lr: 3.45e-05
     Epoch[7] Iteration[600/620], entropy: 0.3156, uncertainty: 3.4959, uncertainty_coeffi: 0.0100, loss: 0.1388, lr: 3.45e-05
     Epoch[7] Iteration[610/620], entropy: 0.2278, uncertainty: 3.4312, uncertainty_coeffi: 0.0100, loss: 0.1017, lr: 3.45e-05
     Epoch[7] Iteration[620/620], entropy: 0.2973, uncertainty: 3.6559, uncertainty_coeffi: 0.0100, loss: 0.1102, lr: 3.45e-05
     Averaged stats: entropy_avg: 0.2840, uncertainty_avg: 3.2859, uncertainty_coeffi_avg: 0.0100, loss_avg: 0.1347, lr_avg: 3.45e-05
     itm tta time 0:01:03
     Epoch[8] Iteration[10/620], entropy: 0.4349, uncertainty: 3.7293, uncertainty_coeffi: 0.0100, loss: 0.1672, lr: 3.45e-05
     Epoch[8] Iteration[20/620], entropy: 0.3335, uncertainty: 3.2170, uncertainty_coeffi: 0.0100, loss: 0.1607, lr: 3.45e-05
     Epoch[8] Iteration[30/620], entropy: 0.3284, uncertainty: 3.1299, uncertainty_coeffi: 0.0100, loss: 0.1429, lr: 3.45e-05
     Epoch[8] Iteration[40/620], entropy: 0.2589, uncertainty: 2.8725, uncertainty_coeffi: 0.0100, loss: 0.1167, lr: 3.45e-05
     Epoch[8] Iteration[50/620], entropy: 0.2662, uncertainty: 2.8082, uncertainty_coeffi: 0.0100, loss: 0.1454, lr: 3.45e-05
     Epoch[8] Iteration[60/620], entropy: 0.3100, uncertainty: 3.0875, uncertainty_coeffi: 0.0100, loss: 0.1313, lr: 3.45e-05
     Epoch[8] Iteration[70/620], entropy: 0.2834, uncertainty: 3.6058, uncertainty_coeffi: 0.0100, loss: 0.1424, lr: 3.45e-05
     Epoch[8] Iteration[80/620], entropy: 0.2746, uncertainty: 3.2178, uncertainty_coeffi: 0.0100, loss: 0.1456, lr: 3.45e-05
     Epoch[8] Iteration[90/620], entropy: 0.2667, uncertainty: 2.9699, uncertainty_coeffi: 0.0100, loss: 0.1632, lr: 3.45e-05
     Epoch[8] Iteration[100/620], entropy: 0.3440, uncertainty: 2.7762, uncertainty_coeffi: 0.0100, loss: 0.1673, lr: 3.45e-05
     Epoch[8] Iteration[110/620], entropy: 0.3459, uncertainty: 3.3194, uncertainty_coeffi: 0.0100, loss: 0.1485, lr: 3.45e-05
     Epoch[8] Iteration[120/620], entropy: 0.2384, uncertainty: 2.6001, uncertainty_coeffi: 0.0100, loss: 0.1194, lr: 3.45e-05
     Epoch[8] Iteration[130/620], entropy: 0.2552, uncertainty: 3.3672, uncertainty_coeffi: 0.0100, loss: 0.1383, lr: 3.45e-05
     Epoch[8] Iteration[140/620], entropy: 0.2333, uncertainty: 3.1479, uncertainty_coeffi: 0.0100, loss: 0.1176, lr: 3.45e-05
     Epoch[8] Iteration[150/620], entropy: 0.4016, uncertainty: 3.6349, uncertainty_coeffi: 0.0100, loss: 0.1731, lr: 3.45e-05
     Epoch[8] Iteration[160/620], entropy: 0.2694, uncertainty: 3.1552, uncertainty_coeffi: 0.0100, loss: 0.1321, lr: 3.45e-05
     Epoch[8] Iteration[170/620], entropy: 0.2442, uncertainty: 3.1219, uncertainty_coeffi: 0.0100, loss: 0.1311, lr: 3.45e-05
     Epoch[8] Iteration[180/620], entropy: 0.3057, uncertainty: 3.6653, uncertainty_coeffi: 0.0100, loss: 0.1264, lr: 3.45e-05
     Epoch[8] Iteration[190/620], entropy: 0.2343, uncertainty: 3.3120, uncertainty_coeffi: 0.0100, loss: 0.1076, lr: 3.45e-05
     Epoch[8] Iteration[200/620], entropy: 0.2620, uncertainty: 3.5260, uncertainty_coeffi: 0.0100, loss: 0.1217, lr: 3.45e-05
     Epoch[8] Iteration[210/620], entropy: 0.3471, uncertainty: 3.4775, uncertainty_coeffi: 0.0100, loss: 0.1621, lr: 3.45e-05
     Epoch[8] Iteration[220/620], entropy: 0.2631, uncertainty: 3.0127, uncertainty_coeffi: 0.0100, loss: 0.1292, lr: 3.45e-05
     Epoch[8] Iteration[230/620], entropy: 0.3355, uncertainty: 2.9538, uncertainty_coeffi: 0.0100, loss: 0.1690, lr: 3.45e-05
     Epoch[8] Iteration[240/620], entropy: 0.2880, uncertainty: 3.6371, uncertainty_coeffi: 0.0100, loss: 0.1422, lr: 3.45e-05
     Epoch[8] Iteration[250/620], entropy: 0.2754, uncertainty: 3.2450, uncertainty_coeffi: 0.0100, loss: 0.1300, lr: 3.45e-05
     Epoch[8] Iteration[260/620], entropy: 0.2959, uncertainty: 2.9619, uncertainty_coeffi: 0.0100, loss: 0.1447, lr: 3.45e-05
     Epoch[8] Iteration[270/620], entropy: 0.2110, uncertainty: 3.1108, uncertainty_coeffi: 0.0100, loss: 0.1110, lr: 3.45e-05
     Epoch[8] Iteration[280/620], entropy: 0.2207, uncertainty: 3.3141, uncertainty_coeffi: 0.0100, loss: 0.1200, lr: 3.45e-05
     Epoch[8] Iteration[290/620], entropy: 0.3770, uncertainty: 2.9261, uncertainty_coeffi: 0.0100, loss: 0.1808, lr: 3.45e-05
     Epoch[8] Iteration[300/620], entropy: 0.2512, uncertainty: 3.4410, uncertainty_coeffi: 0.0100, loss: 0.1080, lr: 3.45e-05
     Epoch[8] Iteration[310/620], entropy: 0.3490, uncertainty: 2.8875, uncertainty_coeffi: 0.0100, loss: 0.2060, lr: 3.45e-05
     Epoch[8] Iteration[320/620], entropy: 0.3574, uncertainty: 3.5280, uncertainty_coeffi: 0.0100, loss: 0.1496, lr: 3.45e-05
     Epoch[8] Iteration[330/620], entropy: 0.1558, uncertainty: 2.0901, uncertainty_coeffi: 0.0100, loss: 0.1113, lr: 3.45e-05
     Epoch[8] Iteration[340/620], entropy: 0.3142, uncertainty: 3.5554, uncertainty_coeffi: 0.0100, loss: 0.1284, lr: 3.45e-05
     Epoch[8] Iteration[350/620], entropy: 0.2430, uncertainty: 3.4001, uncertainty_coeffi: 0.0100, loss: 0.1148, lr: 3.45e-05
     Epoch[8] Iteration[360/620], entropy: 0.2978, uncertainty: 3.5492, uncertainty_coeffi: 0.0100, loss: 0.1479, lr: 3.45e-05
     Epoch[8] Iteration[370/620], entropy: 0.2483, uncertainty: 3.2168, uncertainty_coeffi: 0.0100, loss: 0.1387, lr: 3.45e-05
     Epoch[8] Iteration[380/620], entropy: 0.3387, uncertainty: 3.3355, uncertainty_coeffi: 0.0100, loss: 0.1653, lr: 3.45e-05
     Epoch[8] Iteration[390/620], entropy: 0.3882, uncertainty: 3.7349, uncertainty_coeffi: 0.0100, loss: 0.1930, lr: 3.45e-05
     Epoch[8] Iteration[400/620], entropy: 0.2992, uncertainty: 3.0635, uncertainty_coeffi: 0.0100, loss: 0.1325, lr: 3.45e-05
     Epoch[8] Iteration[410/620], entropy: 0.2761, uncertainty: 3.0886, uncertainty_coeffi: 0.0100, loss: 0.1455, lr: 3.45e-05
     Epoch[8] Iteration[420/620], entropy: 0.2190, uncertainty: 2.6197, uncertainty_coeffi: 0.0100, loss: 0.1225, lr: 3.45e-05
     Epoch[8] Iteration[430/620], entropy: 0.3424, uncertainty: 3.4025, uncertainty_coeffi: 0.0100, loss: 0.1512, lr: 3.45e-05
     Epoch[8] Iteration[440/620], entropy: 0.2978, uncertainty: 3.4216, uncertainty_coeffi: 0.0100, loss: 0.1326, lr: 3.45e-05
     Epoch[8] Iteration[450/620], entropy: 0.2974, uncertainty: 3.6773, uncertainty_coeffi: 0.0100, loss: 0.1259, lr: 3.45e-05
     Epoch[8] Iteration[460/620], entropy: 0.3761, uncertainty: 2.8559, uncertainty_coeffi: 0.0100, loss: 0.1765, lr: 3.45e-05
     Epoch[8] Iteration[470/620], entropy: 0.2565, uncertainty: 2.8327, uncertainty_coeffi: 0.0100, loss: 0.1459, lr: 3.45e-05
     Epoch[8] Iteration[480/620], entropy: 0.2943, uncertainty: 3.3049, uncertainty_coeffi: 0.0100, loss: 0.1412, lr: 3.45e-05
     Epoch[8] Iteration[490/620], entropy: 0.3656, uncertainty: 2.9839, uncertainty_coeffi: 0.0100, loss: 0.1845, lr: 3.45e-05
     Epoch[8] Iteration[500/620], entropy: 0.2841, uncertainty: 3.0463, uncertainty_coeffi: 0.0100, loss: 0.1744, lr: 3.45e-05
     Epoch[8] Iteration[510/620], entropy: 0.2285, uncertainty: 2.8045, uncertainty_coeffi: 0.0100, loss: 0.1189, lr: 3.45e-05
     Epoch[8] Iteration[520/620], entropy: 0.1674, uncertainty: 2.8399, uncertainty_coeffi: 0.0100, loss: 0.0937, lr: 3.45e-05
     Epoch[8] Iteration[530/620], entropy: 0.3984, uncertainty: 3.5033, uncertainty_coeffi: 0.0100, loss: 0.1566, lr: 3.45e-05
     Epoch[8] Iteration[540/620], entropy: 0.2767, uncertainty: 2.8977, uncertainty_coeffi: 0.0100, loss: 0.1539, lr: 3.45e-05
     Epoch[8] Iteration[550/620], entropy: 0.2283, uncertainty: 3.3646, uncertainty_coeffi: 0.0100, loss: 0.1146, lr: 3.45e-05
     Epoch[8] Iteration[560/620], entropy: 0.3118, uncertainty: 3.3199, uncertainty_coeffi: 0.0100, loss: 0.1561, lr: 3.45e-05
     Epoch[8] Iteration[570/620], entropy: 0.3090, uncertainty: 3.2463, uncertainty_coeffi: 0.0100, loss: 0.1480, lr: 3.45e-05
     Epoch[8] Iteration[580/620], entropy: 0.2696, uncertainty: 3.1184, uncertainty_coeffi: 0.0100, loss: 0.1295, lr: 3.45e-05
     Epoch[8] Iteration[590/620], entropy: 0.3139, uncertainty: 3.3639, uncertainty_coeffi: 0.0100, loss: 0.1644, lr: 3.45e-05
     Epoch[8] Iteration[600/620], entropy: 0.2074, uncertainty: 3.3158, uncertainty_coeffi: 0.0100, loss: 0.0970, lr: 3.45e-05
     Epoch[8] Iteration[610/620], entropy: 0.3035, uncertainty: 4.0195, uncertainty_coeffi: 0.0100, loss: 0.1338, lr: 3.45e-05
     Epoch[8] Iteration[620/620], entropy: 0.2491, uncertainty: 3.7862, uncertainty_coeffi: 0.0100, loss: 0.1132, lr: 3.45e-05
     Averaged stats: entropy_avg: 0.2906, uncertainty_avg: 3.2180, uncertainty_coeffi_avg: 0.0100, loss_avg: 0.1413, lr_avg: 3.45e-05
     itm tta time 0:01:03
     Epoch[9] Iteration[10/620], entropy: 0.2055, uncertainty: 3.2109, uncertainty_coeffi: 0.0100, loss: 0.1185, lr: 3.45e-05
     Epoch[9] Iteration[20/620], entropy: 0.2275, uncertainty: 3.5668, uncertainty_coeffi: 0.0100, loss: 0.0957, lr: 3.45e-05
     Epoch[9] Iteration[30/620], entropy: 0.2325, uncertainty: 3.8631, uncertainty_coeffi: 0.0100, loss: 0.1046, lr: 3.45e-05
     Epoch[9] Iteration[40/620], entropy: 0.2042, uncertainty: 3.2727, uncertainty_coeffi: 0.0100, loss: 0.1006, lr: 3.45e-05
     Epoch[9] Iteration[50/620], entropy: 0.2716, uncertainty: 2.9437, uncertainty_coeffi: 0.0100, loss: 0.1381, lr: 3.45e-05
     Epoch[9] Iteration[60/620], entropy: 0.4129, uncertainty: 3.4371, uncertainty_coeffi: 0.0100, loss: 0.1866, lr: 3.45e-05
     Epoch[9] Iteration[70/620], entropy: 0.2150, uncertainty: 3.6058, uncertainty_coeffi: 0.0100, loss: 0.0892, lr: 3.45e-05
     Epoch[9] Iteration[80/620], entropy: 0.2227, uncertainty: 3.8799, uncertainty_coeffi: 0.0100, loss: 0.1022, lr: 3.45e-05
     Epoch[9] Iteration[90/620], entropy: 0.2627, uncertainty: 3.1331, uncertainty_coeffi: 0.0100, loss: 0.1397, lr: 3.45e-05
     Epoch[9] Iteration[100/620], entropy: 0.2519, uncertainty: 3.4295, uncertainty_coeffi: 0.0100, loss: 0.1287, lr: 3.45e-05
     Epoch[9] Iteration[110/620], entropy: 0.3784, uncertainty: 3.0361, uncertainty_coeffi: 0.0100, loss: 0.1881, lr: 3.45e-05
     Epoch[9] Iteration[120/620], entropy: 0.3314, uncertainty: 3.3524, uncertainty_coeffi: 0.0100, loss: 0.1497, lr: 3.45e-05
     Epoch[9] Iteration[130/620], entropy: 0.3258, uncertainty: 3.6823, uncertainty_coeffi: 0.0100, loss: 0.1284, lr: 3.45e-05
     Epoch[9] Iteration[140/620], entropy: 0.2378, uncertainty: 3.4607, uncertainty_coeffi: 0.0100, loss: 0.1168, lr: 3.45e-05
     Epoch[9] Iteration[150/620], entropy: 0.3097, uncertainty: 3.6798, uncertainty_coeffi: 0.0100, loss: 0.1345, lr: 3.45e-05
     Epoch[9] Iteration[160/620], entropy: 0.2839, uncertainty: 3.2094, uncertainty_coeffi: 0.0100, loss: 0.1400, lr: 3.45e-05
     Epoch[9] Iteration[170/620], entropy: 0.2873, uncertainty: 3.2464, uncertainty_coeffi: 0.0100, loss: 0.1310, lr: 3.45e-05
     Epoch[9] Iteration[180/620], entropy: 0.2697, uncertainty: 2.1948, uncertainty_coeffi: 0.0100, loss: 0.1739, lr: 3.45e-05
     Epoch[9] Iteration[190/620], entropy: 0.2735, uncertainty: 3.4020, uncertainty_coeffi: 0.0100, loss: 0.1402, lr: 3.45e-05
     Epoch[9] Iteration[200/620], entropy: 0.2820, uncertainty: 3.2183, uncertainty_coeffi: 0.0100, loss: 0.1539, lr: 3.45e-05
     Epoch[9] Iteration[210/620], entropy: 0.1872, uncertainty: 2.7258, uncertainty_coeffi: 0.0100, loss: 0.1102, lr: 3.45e-05
     Epoch[9] Iteration[220/620], entropy: 0.2704, uncertainty: 3.3279, uncertainty_coeffi: 0.0100, loss: 0.1238, lr: 3.45e-05
     Epoch[9] Iteration[230/620], entropy: 0.2745, uncertainty: 3.2811, uncertainty_coeffi: 0.0100, loss: 0.1125, lr: 3.45e-05
     Epoch[9] Iteration[240/620], entropy: 0.2184, uncertainty: 3.2639, uncertainty_coeffi: 0.0100, loss: 0.1097, lr: 3.45e-05
     Epoch[9] Iteration[250/620], entropy: 0.3022, uncertainty: 3.2883, uncertainty_coeffi: 0.0100, loss: 0.1740, lr: 3.45e-05
     Epoch[9] Iteration[260/620], entropy: 0.3070, uncertainty: 3.5466, uncertainty_coeffi: 0.0100, loss: 0.1458, lr: 3.45e-05
     Epoch[9] Iteration[270/620], entropy: 0.2896, uncertainty: 3.4837, uncertainty_coeffi: 0.0100, loss: 0.1316, lr: 3.45e-05
     Epoch[9] Iteration[280/620], entropy: 0.2889, uncertainty: 3.0987, uncertainty_coeffi: 0.0100, loss: 0.1583, lr: 3.45e-05
     Epoch[9] Iteration[290/620], entropy: 0.2942, uncertainty: 3.5578, uncertainty_coeffi: 0.0100, loss: 0.1542, lr: 3.45e-05
     Epoch[9] Iteration[300/620], entropy: 0.2574, uncertainty: 2.7905, uncertainty_coeffi: 0.0100, loss: 0.1334, lr: 3.45e-05
     Epoch[9] Iteration[310/620], entropy: 0.1770, uncertainty: 3.1445, uncertainty_coeffi: 0.0100, loss: 0.1206, lr: 3.45e-05
     Epoch[9] Iteration[320/620], entropy: 0.2892, uncertainty: 3.1471, uncertainty_coeffi: 0.0100, loss: 0.1470, lr: 3.45e-05
     Epoch[9] Iteration[330/620], entropy: 0.2700, uncertainty: 3.4290, uncertainty_coeffi: 0.0100, loss: 0.1184, lr: 3.45e-05
     Epoch[9] Iteration[340/620], entropy: 0.3341, uncertainty: 3.4825, uncertainty_coeffi: 0.0100, loss: 0.1459, lr: 3.45e-05
     Epoch[9] Iteration[350/620], entropy: 0.2254, uncertainty: 3.3632, uncertainty_coeffi: 0.0100, loss: 0.1113, lr: 3.45e-05
     Epoch[9] Iteration[360/620], entropy: 0.2881, uncertainty: 3.6087, uncertainty_coeffi: 0.0100, loss: 0.1547, lr: 3.45e-05
     Epoch[9] Iteration[370/620], entropy: 0.2737, uncertainty: 3.2721, uncertainty_coeffi: 0.0100, loss: 0.1468, lr: 3.45e-05
     Epoch[9] Iteration[380/620], entropy: 0.3077, uncertainty: 3.1812, uncertainty_coeffi: 0.0100, loss: 0.1521, lr: 3.45e-05
     Epoch[9] Iteration[390/620], entropy: 0.3724, uncertainty: 3.6190, uncertainty_coeffi: 0.0100, loss: 0.1569, lr: 3.45e-05
     Epoch[9] Iteration[400/620], entropy: 0.2594, uncertainty: 3.1076, uncertainty_coeffi: 0.0100, loss: 0.1615, lr: 3.45e-05
     Epoch[9] Iteration[410/620], entropy: 0.2781, uncertainty: 2.9571, uncertainty_coeffi: 0.0100, loss: 0.1468, lr: 3.45e-05
     Epoch[9] Iteration[420/620], entropy: 0.3604, uncertainty: 3.7358, uncertainty_coeffi: 0.0100, loss: 0.1839, lr: 3.45e-05
     Epoch[9] Iteration[430/620], entropy: 0.1415, uncertainty: 2.8521, uncertainty_coeffi: 0.0100, loss: 0.0858, lr: 3.45e-05
     Epoch[9] Iteration[440/620], entropy: 0.3545, uncertainty: 3.6788, uncertainty_coeffi: 0.0100, loss: 0.1295, lr: 3.45e-05
     Epoch[9] Iteration[450/620], entropy: 0.2708, uncertainty: 3.7608, uncertainty_coeffi: 0.0100, loss: 0.1131, lr: 6.55e-05
     Epoch[9] Iteration[460/620], entropy: 0.3335, uncertainty: 3.1409, uncertainty_coeffi: 0.0100, loss: 0.1439, lr: 6.55e-05
     Epoch[9] Iteration[470/620], entropy: 0.3189, uncertainty: 2.5922, uncertainty_coeffi: 0.0100, loss: 0.1748, lr: 6.55e-05
     Epoch[9] Iteration[480/620], entropy: 0.2363, uncertainty: 2.7870, uncertainty_coeffi: 0.0100, loss: 0.1111, lr: 6.55e-05
     Epoch[9] Iteration[490/620], entropy: 0.3097, uncertainty: 3.8647, uncertainty_coeffi: 0.0100, loss: 0.1330, lr: 6.55e-05
     Epoch[9] Iteration[500/620], entropy: 0.2600, uncertainty: 3.3573, uncertainty_coeffi: 0.0100, loss: 0.1174, lr: 6.55e-05
     Epoch[9] Iteration[510/620], entropy: 0.2439, uncertainty: 3.2789, uncertainty_coeffi: 0.0100, loss: 0.1029, lr: 6.55e-05
     Epoch[9] Iteration[520/620], entropy: 0.2125, uncertainty: 3.2742, uncertainty_coeffi: 0.0100, loss: 0.1122, lr: 6.55e-05
     Epoch[9] Iteration[530/620], entropy: 0.3070, uncertainty: 2.7555, uncertainty_coeffi: 0.0100, loss: 0.1602, lr: 6.55e-05
     Epoch[9] Iteration[540/620], entropy: 0.3203, uncertainty: 3.6764, uncertainty_coeffi: 0.0100, loss: 0.1292, lr: 6.55e-05
     Epoch[9] Iteration[550/620], entropy: 0.2559, uncertainty: 3.6760, uncertainty_coeffi: 0.0100, loss: 0.1298, lr: 6.55e-05
     Epoch[9] Iteration[560/620], entropy: 0.2790, uncertainty: 2.7145, uncertainty_coeffi: 0.0100, loss: 0.1338, lr: 6.55e-05
     Epoch[9] Iteration[570/620], entropy: 0.3065, uncertainty: 3.0052, uncertainty_coeffi: 0.0100, loss: 0.1474, lr: 6.55e-05
     Epoch[9] Iteration[580/620], entropy: 0.2263, uncertainty: 2.7180, uncertainty_coeffi: 0.0100, loss: 0.1142, lr: 6.55e-05
     Epoch[9] Iteration[590/620], entropy: 0.2326, uncertainty: 2.9007, uncertainty_coeffi: 0.0100, loss: 0.1170, lr: 6.55e-05
     Epoch[9] Iteration[600/620], entropy: 0.3319, uncertainty: 2.8084, uncertainty_coeffi: 0.0100, loss: 0.1560, lr: 6.55e-05
     Epoch[9] Iteration[610/620], entropy: 0.3878, uncertainty: 3.3388, uncertainty_coeffi: 0.0100, loss: 0.1804, lr: 6.55e-05
     Epoch[9] Iteration[620/620], entropy: 0.3281, uncertainty: 3.0557, uncertainty_coeffi: 0.0100, loss: 0.1802, lr: 6.55e-05
     Averaged stats: entropy_avg: 0.2785, uncertainty_avg: 3.2657, uncertainty_coeffi_avg: 0.0100, loss_avg: 0.1360, lr_avg: 4.35e-05
     itm tta time 0:01:03
### TTA Eval Score: 
+-------+--------+--------+--------+--------+-------+
| epoch |   R1   |   R5   |  R10   |  mAP   |  mINP |
+-------+--------+--------+--------+--------+-------+
|  -999 | 60.641 | 77.499 | 83.248 | 35.543 | 6.005 |
|   0   | 61.523 | 77.544 | 83.283 | 36.047 | 6.071 |
|   1   | 61.810 | 77.439 | 83.107 | 36.111 | 6.096 |
|   2   | 61.941 | 77.449 | 83.056 | 36.109 | 6.079 |
|   4   | 61.845 | 77.449 | 83.036 | 36.065 | 6.041 |
|   9   | 61.855 | 77.333 | 83.021 | 36.000 | 5.983 |
+-------+--------+--------+--------+--------+-------+
     logs:  {'epo': 9, 'R1': np.float32(61.855), 'R5': np.float32(77.333), 'R10': np.float32(83.021), 'mAP': np.float32(36.0), 'mINP': np.float32(5.983), 'entropy': 0.27852089294502813, 'uncertainty': 3.265689276879834, 'uncertainty_coeffi': 0.009999999776482582, 'loss': 0.1359961643334358, 'lr': 4.352061140827933e-05}
### best epoch 2 : {'epo': '2', 'R1': '61.941', 'R5': '77.449', 'R10': '83.056', 'mAP': '36.109', 'mINP': '6.079', 'entropy': '0.31823432469560253', 'uncertainty': '3.244871166444594', 'uncertainty_coeffi': '0.009999999776482582', 'loss': '0.1525717573540826', 'lr': '0.0'}
### Time 0:18:38
