/home/jiahao/miniconda3/envs/irra/lib/python3.9/site-packages/torch/nn/functional.py:3609: UserWarning: Default upsampling behavior when mode=bilinear is changed to align_corners=False since 0.4.0. Please specify align_corners=True if the old behavior is desired. See the documentation of nn.Upsample for details.
  warnings.warn(
Not using distributed mode
### Hyper-parameters:
     output_dir: output_rerun2/ham_cuhk_tta/exp2/exp2.3.1/2025091421253
     seed: 42
     device: cuda
     batch_size_tta: 32
     epochs: 20
     lr: 5e-05
### Creating test dataset
     test_txt_set: 6156    test_img_set: 3074
     test_txt_loader: 13    test_img_loader: 7
### Creating model
Training Model with ['sdm', 'id', 'mlm'] tasks
Resized position embedding from size:torch.Size([1, 197, 768]) to size: torch.Size([1, 193, 768]) with height:24 width: 8
     Total Params Sum:  194535419
### Zero-Shot Score: 
+-------+--------+--------+--------+--------+--------+
| epoch |   R1   |   R5   |  R10   |  mAP   |  mINP  |
+-------+--------+--------+--------+--------+--------+
|  -999 | 70.598 | 86.891 | 91.780 | 63.391 | 47.063 |
+-------+--------+--------+--------+--------+--------+
### TTA:
### Compute Cos Similarity Uncertainty
     preprocess_tta_coefficients  start
     sample selection ...
     number of sample after sample_selection: 6156
     uncertainty ...
     pos/neg sampling ...
      number of sample after pos/neg sampling: torch.Size([6156, 4])
     preprocess_tta_coefficients  end
### Creating TTA dataset
     tta_dataset: 6156
### Creating tta dataloader
### be careful: func create_loader returns a list length of 1
     tta_loader: 192
### Configure adapted weights
     TTA Dropout Modules: 
 []
     TTA Require Gradient Params: 
 [('base_model.transformer.resblocks.1.ln_1.weight', torch.Size([512])), ('base_model.transformer.resblocks.1.ln_1.bias', torch.Size([512])), ('base_model.transformer.resblocks.1.ln_2.weight', torch.Size([512])), ('base_model.transformer.resblocks.1.ln_2.bias', torch.Size([512])), ('base_model.transformer.resblocks.2.ln_1.weight', torch.Size([512])), ('base_model.transformer.resblocks.2.ln_1.bias', torch.Size([512])), ('base_model.transformer.resblocks.2.ln_2.weight', torch.Size([512])), ('base_model.transformer.resblocks.2.ln_2.bias', torch.Size([512])), ('base_model.transformer.resblocks.3.ln_1.weight', torch.Size([512])), ('base_model.transformer.resblocks.3.ln_1.bias', torch.Size([512])), ('base_model.transformer.resblocks.3.ln_2.weight', torch.Size([512])), ('base_model.transformer.resblocks.3.ln_2.bias', torch.Size([512])), ('base_model.transformer.resblocks.4.ln_1.weight', torch.Size([512])), ('base_model.transformer.resblocks.4.ln_1.bias', torch.Size([512])), ('base_model.transformer.resblocks.4.ln_2.weight', torch.Size([512])), ('base_model.transformer.resblocks.4.ln_2.bias', torch.Size([512])), ('base_model.transformer.resblocks.5.ln_1.weight', torch.Size([512])), ('base_model.transformer.resblocks.5.ln_1.bias', torch.Size([512])), ('base_model.transformer.resblocks.5.ln_2.weight', torch.Size([512])), ('base_model.transformer.resblocks.5.ln_2.bias', torch.Size([512])), ('base_model.transformer.resblocks.7.ln_1.weight', torch.Size([512])), ('base_model.transformer.resblocks.7.ln_1.bias', torch.Size([512])), ('base_model.transformer.resblocks.7.ln_2.weight', torch.Size([512])), ('base_model.transformer.resblocks.7.ln_2.bias', torch.Size([512])), ('base_model.transformer.resblocks.8.ln_1.weight', torch.Size([512])), ('base_model.transformer.resblocks.8.ln_1.bias', torch.Size([512])), ('base_model.transformer.resblocks.8.ln_2.weight', torch.Size([512])), ('base_model.transformer.resblocks.8.ln_2.bias', torch.Size([512])), ('base_model.transformer.resblocks.9.ln_1.weight', torch.Size([512])), ('base_model.transformer.resblocks.9.ln_1.bias', torch.Size([512])), ('base_model.transformer.resblocks.9.ln_2.weight', torch.Size([512])), ('base_model.transformer.resblocks.9.ln_2.bias', torch.Size([512])), ('base_model.transformer.resblocks.10.ln_1.weight', torch.Size([512])), ('base_model.transformer.resblocks.10.ln_1.bias', torch.Size([512])), ('base_model.transformer.resblocks.10.ln_2.weight', torch.Size([512])), ('base_model.transformer.resblocks.10.ln_2.bias', torch.Size([512])), ('base_model.transformer.resblocks.11.ln_1.weight', torch.Size([512])), ('base_model.transformer.resblocks.11.ln_1.bias', torch.Size([512])), ('base_model.transformer.resblocks.11.ln_2.weight', torch.Size([512])), ('base_model.transformer.resblocks.11.ln_2.bias', torch.Size([512])), ('base_model.ln_final.weight', torch.Size([512])), ('base_model.ln_final.bias', torch.Size([512]))]
     TTA Dropout Modules Number: 
 0
     TTA Require Gradient Params Sum: 
 21504
Using 5.0 times learning rate for random init module 
### Start Test Time Adaptation : num_epoch = 20
     Epoch[0] Iteration[10/192], entropy: 0.3997, uncertainty: 1.9193, uncertainty_coeffi: 0.0100, loss: 0.3540, lr: 4.78e-05
     Epoch[0] Iteration[20/192], entropy: 0.1668, uncertainty: 1.5167, uncertainty_coeffi: 0.0100, loss: 0.2245, lr: 8.27e-06
     Epoch[0] Iteration[30/192], entropy: 0.2562, uncertainty: 2.1169, uncertainty_coeffi: 0.0100, loss: 0.4898, lr: 8.27e-06
     Epoch[0] Iteration[40/192], entropy: 0.2563, uncertainty: 1.7646, uncertainty_coeffi: 0.0100, loss: 0.1861, lr: 4.95e-05
     Epoch[0] Iteration[50/192], entropy: 0.4365, uncertainty: 2.1928, uncertainty_coeffi: 0.0100, loss: 0.2244, lr: 2.24e-05
     Epoch[0] Iteration[60/192], entropy: 0.1846, uncertainty: 1.7056, uncertainty_coeffi: 0.0100, loss: 0.2247, lr: 4.77e-06
     Epoch[0] Iteration[70/192], entropy: 0.3243, uncertainty: 1.5516, uncertainty_coeffi: 0.0100, loss: 0.3005, lr: 4.78e-05
     Epoch[0] Iteration[80/192], entropy: 0.2552, uncertainty: 1.8528, uncertainty_coeffi: 0.0100, loss: 0.1722, lr: 2.24e-05
     Epoch[0] Iteration[90/192], entropy: 0.3090, uncertainty: 1.6765, uncertainty_coeffi: 0.0100, loss: 0.2835, lr: 4.77e-06
     Epoch[0] Iteration[100/192], entropy: 0.3021, uncertainty: 1.7657, uncertainty_coeffi: 0.0100, loss: 0.2520, lr: 4.78e-05
     Epoch[0] Iteration[110/192], entropy: 0.2947, uncertainty: 1.6508, uncertainty_coeffi: 0.0100, loss: 0.2575, lr: 2.24e-05
     Epoch[0] Iteration[120/192], entropy: 0.2581, uncertainty: 1.7101, uncertainty_coeffi: 0.0100, loss: 0.1589, lr: 4.77e-06
     Epoch[0] Iteration[130/192], entropy: 0.2722, uncertainty: 1.6199, uncertainty_coeffi: 0.0100, loss: 1.3486, lr: 4.78e-05
     Epoch[0] Iteration[140/192], entropy: 0.2337, uncertainty: 1.7058, uncertainty_coeffi: 0.0100, loss: 0.1943, lr: 2.24e-05
     Epoch[0] Iteration[150/192], entropy: 0.3297, uncertainty: 1.8490, uncertainty_coeffi: 0.0100, loss: 0.4345, lr: 4.77e-06
     Epoch[0] Iteration[160/192], entropy: 0.2960, uncertainty: 1.9217, uncertainty_coeffi: 0.0100, loss: 0.1707, lr: 4.78e-05
     Epoch[0] Iteration[170/192], entropy: 0.3138, uncertainty: 1.8747, uncertainty_coeffi: 0.0100, loss: 0.2354, lr: 2.24e-05
     Epoch[0] Iteration[180/192], entropy: 0.1859, uncertainty: 1.5659, uncertainty_coeffi: 0.0100, loss: 0.2384, lr: 4.77e-06
     Epoch[0] Iteration[190/192], entropy: 0.2225, uncertainty: 1.7366, uncertainty_coeffi: 0.0100, loss: 0.2093, lr: 4.78e-05
     Averaged stats: entropy_avg: 0.2788, uncertainty_avg: 1.7735, uncertainty_coeffi_avg: 0.0100, loss_avg: 0.3136, lr_avg: 2.57e-05
     itm tta time 0:00:36
### TTA Eval Score: 
+-------+--------+--------+--------+--------+--------+
| epoch |   R1   |   R5   |  R10   |  mAP   |  mINP  |
+-------+--------+--------+--------+--------+--------+
|  -999 | 70.598 | 86.891 | 91.780 | 63.391 | 47.063 |
|   0   | 70.647 | 86.907 | 91.878 | 63.441 | 47.137 |
+-------+--------+--------+--------+--------+--------+
     logs:  {'epo': 0, 'R1': 70.647, 'R5': 86.907, 'R10': 91.878, 'mAP': 63.441, 'mINP': 47.137, 'entropy': 0.2788025234874926, 'uncertainty': 1.7735233871560347, 'uncertainty_coeffi': 0.009999999776482582, 'loss': 0.31364359353718, 'lr': 2.5728199796919323e-05}
     Epoch[1] Iteration[10/192], entropy: 0.3760, uncertainty: 1.8761, uncertainty_coeffi: 0.0100, loss: 0.2983, lr: 1.73e-05
     Epoch[1] Iteration[20/192], entropy: 0.2285, uncertainty: 1.3154, uncertainty_coeffi: 0.0100, loss: 0.2678, lr: 8.27e-06
     Epoch[1] Iteration[30/192], entropy: 0.2772, uncertainty: 1.7556, uncertainty_coeffi: 0.0100, loss: 0.1825, lr: 4.95e-05
     Epoch[1] Iteration[40/192], entropy: 0.2219, uncertainty: 1.9061, uncertainty_coeffi: 0.0100, loss: 0.1241, lr: 1.73e-05
     Epoch[1] Iteration[50/192], entropy: 0.2931, uncertainty: 1.3904, uncertainty_coeffi: 0.0100, loss: 0.2731, lr: 8.27e-06
     Epoch[1] Iteration[60/192], entropy: 0.3978, uncertainty: 1.8826, uncertainty_coeffi: 0.0100, loss: 0.3079, lr: 4.95e-05
     Epoch[1] Iteration[70/192], entropy: 0.1572, uncertainty: 1.4768, uncertainty_coeffi: 0.0100, loss: 0.1768, lr: 1.73e-05
     Epoch[1] Iteration[80/192], entropy: 0.2463, uncertainty: 2.2690, uncertainty_coeffi: 0.0100, loss: 0.1136, lr: 8.27e-06
     Epoch[1] Iteration[90/192], entropy: 0.3026, uncertainty: 1.6795, uncertainty_coeffi: 0.0100, loss: 0.9664, lr: 4.95e-05
     Epoch[1] Iteration[100/192], entropy: 0.3784, uncertainty: 1.4271, uncertainty_coeffi: 0.0100, loss: 0.9682, lr: 1.73e-05
     Epoch[1] Iteration[110/192], entropy: 0.2555, uncertainty: 1.6497, uncertainty_coeffi: 0.0100, loss: 0.2839, lr: 8.27e-06
     Epoch[1] Iteration[120/192], entropy: 0.2929, uncertainty: 2.0943, uncertainty_coeffi: 0.0100, loss: 0.2203, lr: 4.95e-05
     Epoch[1] Iteration[130/192], entropy: 0.2948, uncertainty: 1.6484, uncertainty_coeffi: 0.0100, loss: 0.1785, lr: 1.73e-05
     Epoch[1] Iteration[140/192], entropy: 0.3659, uncertainty: 1.7424, uncertainty_coeffi: 0.0100, loss: 0.3102, lr: 8.27e-06
     Epoch[1] Iteration[150/192], entropy: 0.3644, uncertainty: 1.8404, uncertainty_coeffi: 0.0100, loss: 2.3201, lr: 4.95e-05
     Epoch[1] Iteration[160/192], entropy: 0.2471, uncertainty: 1.9752, uncertainty_coeffi: 0.0100, loss: 0.1664, lr: 1.73e-05
     Epoch[1] Iteration[170/192], entropy: 0.3133, uncertainty: 1.9392, uncertainty_coeffi: 0.0100, loss: 0.1911, lr: 8.27e-06
     Epoch[1] Iteration[180/192], entropy: 0.2481, uncertainty: 1.3717, uncertainty_coeffi: 0.0100, loss: 0.2102, lr: 4.95e-05
     Epoch[1] Iteration[190/192], entropy: 0.2084, uncertainty: 1.5727, uncertainty_coeffi: 0.0100, loss: 0.7291, lr: 2.24e-05
     Averaged stats: entropy_avg: 0.2879, uncertainty_avg: 1.7270, uncertainty_coeffi_avg: 0.0100, loss_avg: 0.4362, lr_avg: 2.49e-05
     itm tta time 0:00:36
### TTA Eval Score: 
+-------+--------+--------+--------+--------+--------+
| epoch |   R1   |   R5   |  R10   |  mAP   |  mINP  |
+-------+--------+--------+--------+--------+--------+
|  -999 | 70.598 | 86.891 | 91.780 | 63.391 | 47.063 |
|   0   | 70.647 | 86.907 | 91.878 | 63.441 | 47.137 |
|   1   | 70.630 | 86.907 | 91.878 | 63.435 | 47.153 |
+-------+--------+--------+--------+--------+--------+
     logs:  {'epo': 1, 'R1': 70.63, 'R5': 86.907, 'R10': 91.878, 'mAP': 63.435, 'mINP': 47.153, 'entropy': 0.287874604526319, 'uncertainty': 1.7269831958569979, 'uncertainty_coeffi': 0.009999999776482582, 'loss': 0.43623118690754237, 'lr': 2.4862462548331997e-05}
     Epoch[2] Iteration[10/192], entropy: 0.2909, uncertainty: 1.5594, uncertainty_coeffi: 0.0100, loss: 0.3205, lr: 1.25e-05
     Epoch[2] Iteration[20/192], entropy: 0.2931, uncertainty: 1.9396, uncertainty_coeffi: 0.0100, loss: 0.2251, lr: 5.00e-05
     Epoch[2] Iteration[30/192], entropy: 0.1416, uncertainty: 1.9551, uncertainty_coeffi: 0.0100, loss: 0.1253, lr: 1.25e-05
     Epoch[2] Iteration[40/192], entropy: 0.2570, uncertainty: 2.0444, uncertainty_coeffi: 0.0100, loss: 0.1924, lr: 8.27e-06
     Epoch[2] Iteration[50/192], entropy: 0.2094, uncertainty: 1.7164, uncertainty_coeffi: 0.0100, loss: 0.2401, lr: 4.95e-05
     Epoch[2] Iteration[60/192], entropy: 0.3005, uncertainty: 1.7916, uncertainty_coeffi: 0.0100, loss: 0.2011, lr: 1.73e-05
     Epoch[2] Iteration[70/192], entropy: 0.1125, uncertainty: 1.4485, uncertainty_coeffi: 0.0100, loss: 0.3423, lr: 8.27e-06
     Epoch[2] Iteration[80/192], entropy: 0.2864, uncertainty: 1.7212, uncertainty_coeffi: 0.0100, loss: 0.2441, lr: 4.95e-05
     Epoch[2] Iteration[90/192], entropy: 0.2695, uncertainty: 1.7209, uncertainty_coeffi: 0.0100, loss: 0.2150, lr: 1.73e-05
     Epoch[2] Iteration[100/192], entropy: 0.2441, uncertainty: 1.6495, uncertainty_coeffi: 0.0100, loss: 0.6231, lr: 8.27e-06
     Epoch[2] Iteration[110/192], entropy: 0.2441, uncertainty: 1.6133, uncertainty_coeffi: 0.0100, loss: 0.1901, lr: 4.95e-05
     Epoch[2] Iteration[120/192], entropy: 0.2582, uncertainty: 2.0411, uncertainty_coeffi: 0.0100, loss: 0.9443, lr: 1.73e-05
     Epoch[2] Iteration[130/192], entropy: 0.2269, uncertainty: 1.5168, uncertainty_coeffi: 0.0100, loss: 0.2960, lr: 8.27e-06
     Epoch[2] Iteration[140/192], entropy: 0.2059, uncertainty: 1.7665, uncertainty_coeffi: 0.0100, loss: 0.1629, lr: 4.95e-05
     Epoch[2] Iteration[150/192], entropy: 0.2161, uncertainty: 1.6244, uncertainty_coeffi: 0.0100, loss: 0.2410, lr: 1.73e-05
     Epoch[2] Iteration[160/192], entropy: 0.2357, uncertainty: 2.0362, uncertainty_coeffi: 0.0100, loss: 0.2188, lr: 8.27e-06
     Epoch[2] Iteration[170/192], entropy: 0.3175, uncertainty: 1.8586, uncertainty_coeffi: 0.0100, loss: 0.5564, lr: 4.95e-05
     Epoch[2] Iteration[180/192], entropy: 0.2173, uncertainty: 1.9435, uncertainty_coeffi: 0.0100, loss: 0.2099, lr: 1.73e-05
     Epoch[2] Iteration[190/192], entropy: 0.1953, uncertainty: 1.5450, uncertainty_coeffi: 0.0100, loss: 0.3744, lr: 8.27e-06
     Averaged stats: entropy_avg: 0.2380, uncertainty_avg: 1.7627, uncertainty_coeffi_avg: 0.0100, loss_avg: 0.3117, lr_avg: 2.41e-05
     itm tta time 0:00:36
### TTA Eval Score: 
+-------+--------+--------+--------+--------+--------+
| epoch |   R1   |   R5   |  R10   |  mAP   |  mINP  |
+-------+--------+--------+--------+--------+--------+
|  -999 | 70.598 | 86.891 | 91.780 | 63.391 | 47.063 |
|   0   | 70.647 | 86.907 | 91.878 | 63.441 | 47.137 |
|   1   | 70.630 | 86.907 | 91.878 | 63.435 | 47.153 |
|   2   | 70.582 | 86.907 | 91.943 | 63.432 | 47.187 |
+-------+--------+--------+--------+--------+--------+
     logs:  {'epo': 2, 'R1': 70.582, 'R5': 86.907, 'R10': 91.943, 'mAP': 63.432, 'mINP': 47.187, 'entropy': 0.2380076411523317, 'uncertainty': 1.7627222412510921, 'uncertainty_coeffi': 0.009999999776482582, 'loss': 0.31172480394965724, 'lr': 2.4119564991633005e-05}
     Epoch[3] Iteration[10/192], entropy: 0.2365, uncertainty: 2.0333, uncertainty_coeffi: 0.0100, loss: 0.2486, lr: 4.95e-05
     Epoch[3] Iteration[20/192], entropy: 0.2600, uncertainty: 2.1592, uncertainty_coeffi: 0.0100, loss: 0.1259, lr: 8.27e-06
     Epoch[3] Iteration[30/192], entropy: 0.1510, uncertainty: 1.1745, uncertainty_coeffi: 0.0100, loss: 0.4545, lr: 1.73e-05
     Epoch[3] Iteration[40/192], entropy: 0.1893, uncertainty: 1.8207, uncertainty_coeffi: 0.0100, loss: 0.1098, lr: 4.95e-05
     Epoch[3] Iteration[50/192], entropy: 0.2622, uncertainty: 2.0263, uncertainty_coeffi: 0.0100, loss: 0.2939, lr: 8.27e-06
     Epoch[3] Iteration[60/192], entropy: 0.3525, uncertainty: 1.7085, uncertainty_coeffi: 0.0100, loss: 0.4155, lr: 1.73e-05
     Epoch[3] Iteration[70/192], entropy: 0.2848, uncertainty: 1.7047, uncertainty_coeffi: 0.0100, loss: 0.2296, lr: 4.95e-05
     Epoch[3] Iteration[80/192], entropy: 0.2520, uncertainty: 1.6619, uncertainty_coeffi: 0.0100, loss: 0.2431, lr: 8.27e-06
     Epoch[3] Iteration[90/192], entropy: 0.2674, uncertainty: 2.1368, uncertainty_coeffi: 0.0100, loss: 0.2887, lr: 1.73e-05
     Epoch[3] Iteration[100/192], entropy: 0.1338, uncertainty: 1.8462, uncertainty_coeffi: 0.0100, loss: 4.1766, lr: 4.95e-05
     Epoch[3] Iteration[110/192], entropy: 0.1554, uncertainty: 1.4442, uncertainty_coeffi: 0.0100, loss: 0.3614, lr: 8.27e-06
     Epoch[3] Iteration[120/192], entropy: 0.2797, uncertainty: 1.8292, uncertainty_coeffi: 0.0100, loss: 0.1727, lr: 1.73e-05
     Epoch[3] Iteration[130/192], entropy: 0.2946, uncertainty: 1.8823, uncertainty_coeffi: 0.0100, loss: 0.1498, lr: 4.95e-05
     Epoch[3] Iteration[140/192], entropy: 0.2452, uncertainty: 1.3258, uncertainty_coeffi: 0.0100, loss: 0.1615, lr: 8.27e-06
     Epoch[3] Iteration[150/192], entropy: 0.2570, uncertainty: 1.7608, uncertainty_coeffi: 0.0100, loss: 0.2802, lr: 1.73e-05
     Epoch[3] Iteration[160/192], entropy: 0.1329, uncertainty: 1.5507, uncertainty_coeffi: 0.0100, loss: 0.1030, lr: 4.95e-05
     Epoch[3] Iteration[170/192], entropy: 0.3627, uncertainty: 2.0691, uncertainty_coeffi: 0.0100, loss: 0.2471, lr: 8.27e-06
     Epoch[3] Iteration[180/192], entropy: 0.2504, uncertainty: 1.6856, uncertainty_coeffi: 0.0100, loss: 0.2270, lr: 1.73e-05
     Epoch[3] Iteration[190/192], entropy: 0.3327, uncertainty: 2.1735, uncertainty_coeffi: 0.0100, loss: 0.2208, lr: 4.95e-05
     Averaged stats: entropy_avg: 0.2474, uncertainty_avg: 1.7891, uncertainty_coeffi_avg: 0.0100, loss_avg: 0.4479, lr_avg: 2.63e-05
     itm tta time 0:00:36
     Epoch[4] Iteration[10/192], entropy: 0.2109, uncertainty: 1.4108, uncertainty_coeffi: 0.0100, loss: 0.1541, lr: 2.16e-06
     Epoch[4] Iteration[20/192], entropy: 0.2975, uncertainty: 1.5792, uncertainty_coeffi: 0.0100, loss: 0.2317, lr: 2.76e-05
     Epoch[4] Iteration[30/192], entropy: 0.2695, uncertainty: 1.4920, uncertainty_coeffi: 0.0100, loss: 0.6456, lr: 4.52e-05
     Epoch[4] Iteration[40/192], entropy: 0.2412, uncertainty: 1.2944, uncertainty_coeffi: 0.0100, loss: 0.7380, lr: 2.16e-06
     Epoch[4] Iteration[50/192], entropy: 0.1838, uncertainty: 1.4551, uncertainty_coeffi: 0.0100, loss: 0.1571, lr: 2.76e-05
     Epoch[4] Iteration[60/192], entropy: 0.2759, uncertainty: 1.7745, uncertainty_coeffi: 0.0100, loss: 0.2895, lr: 4.52e-05
     Epoch[4] Iteration[70/192], entropy: 0.1707, uncertainty: 1.7864, uncertainty_coeffi: 0.0100, loss: 0.2064, lr: 2.16e-06
     Epoch[4] Iteration[80/192], entropy: 0.3363, uncertainty: 1.8235, uncertainty_coeffi: 0.0100, loss: 0.2389, lr: 2.76e-05
     Epoch[4] Iteration[90/192], entropy: 0.2719, uncertainty: 1.6478, uncertainty_coeffi: 0.0100, loss: 0.2496, lr: 4.52e-05
     Epoch[4] Iteration[100/192], entropy: 0.3081, uncertainty: 1.6299, uncertainty_coeffi: 0.0100, loss: 0.2308, lr: 2.16e-06
     Epoch[4] Iteration[110/192], entropy: 0.2753, uncertainty: 1.6979, uncertainty_coeffi: 0.0100, loss: 0.2376, lr: 2.76e-05
     Epoch[4] Iteration[120/192], entropy: 0.2717, uncertainty: 1.6846, uncertainty_coeffi: 0.0100, loss: 0.3030, lr: 4.52e-05
     Epoch[4] Iteration[130/192], entropy: 0.2308, uncertainty: 1.6075, uncertainty_coeffi: 0.0100, loss: 0.1596, lr: 2.16e-06
     Epoch[4] Iteration[140/192], entropy: 0.1915, uncertainty: 1.6103, uncertainty_coeffi: 0.0100, loss: 0.1375, lr: 2.76e-05
     Epoch[4] Iteration[150/192], entropy: 0.3179, uncertainty: 1.4931, uncertainty_coeffi: 0.0100, loss: 0.3139, lr: 4.52e-05
     Epoch[4] Iteration[160/192], entropy: 0.2415, uncertainty: 1.5245, uncertainty_coeffi: 0.0100, loss: 0.6019, lr: 2.16e-06
     Epoch[4] Iteration[170/192], entropy: 0.2315, uncertainty: 1.6774, uncertainty_coeffi: 0.0100, loss: 0.3168, lr: 2.76e-05
     Epoch[4] Iteration[180/192], entropy: 0.2748, uncertainty: 1.9169, uncertainty_coeffi: 0.0100, loss: 0.2067, lr: 4.52e-05
     Epoch[4] Iteration[190/192], entropy: 0.2963, uncertainty: 2.1817, uncertainty_coeffi: 0.0100, loss: 0.1717, lr: 2.16e-06
     Averaged stats: entropy_avg: 0.2577, uncertainty_avg: 1.6467, uncertainty_coeffi_avg: 0.0100, loss_avg: 0.2942, lr_avg: 2.38e-05
     itm tta time 0:00:36
### TTA Eval Score: 
+-------+--------+--------+--------+--------+--------+
| epoch |   R1   |   R5   |  R10   |  mAP   |  mINP  |
+-------+--------+--------+--------+--------+--------+
|  -999 | 70.598 | 86.891 | 91.780 | 63.391 | 47.063 |
|   0   | 70.647 | 86.907 | 91.878 | 63.441 | 47.137 |
|   1   | 70.630 | 86.907 | 91.878 | 63.435 | 47.153 |
|   2   | 70.582 | 86.907 | 91.943 | 63.432 | 47.187 |
|   4   | 70.630 | 86.858 | 91.878 | 63.385 | 47.143 |
+-------+--------+--------+--------+--------+--------+
     logs:  {'epo': 4, 'R1': 70.63, 'R5': 86.858, 'R10': 91.878, 'mAP': 63.385, 'mINP': 47.143, 'entropy': 0.25774059248597997, 'uncertainty': 1.6467110483269942, 'uncertainty_coeffi': 0.009999999776482582, 'loss': 0.29422354933462647, 'lr': 2.379796650310176e-05}
     Epoch[5] Iteration[10/192], entropy: 0.2444, uncertainty: 1.9301, uncertainty_coeffi: 0.0100, loss: 0.1474, lr: 3.75e-05
     Epoch[5] Iteration[20/192], entropy: 0.1986, uncertainty: 1.2853, uncertainty_coeffi: 0.0100, loss: 0.2219, lr: 3.75e-05
     Epoch[5] Iteration[30/192], entropy: 0.2504, uncertainty: 1.7084, uncertainty_coeffi: 0.0100, loss: 0.2558, lr: 0.00e+00
     Epoch[5] Iteration[40/192], entropy: 0.2132, uncertainty: 1.4458, uncertainty_coeffi: 0.0100, loss: 0.3151, lr: 3.75e-05
     Epoch[5] Iteration[50/192], entropy: 0.3401, uncertainty: 1.7839, uncertainty_coeffi: 0.0100, loss: 0.2177, lr: 3.75e-05
     Epoch[5] Iteration[60/192], entropy: 0.2274, uncertainty: 2.0603, uncertainty_coeffi: 0.0100, loss: 0.1726, lr: 0.00e+00
     Epoch[5] Iteration[70/192], entropy: 0.2438, uncertainty: 1.5580, uncertainty_coeffi: 0.0100, loss: 0.7896, lr: 3.75e-05
     Epoch[5] Iteration[80/192], entropy: 0.2800, uncertainty: 1.7940, uncertainty_coeffi: 0.0100, loss: 0.2344, lr: 3.75e-05
     Epoch[5] Iteration[90/192], entropy: 0.2447, uncertainty: 2.0664, uncertainty_coeffi: 0.0100, loss: 0.3011, lr: 0.00e+00
     Epoch[5] Iteration[100/192], entropy: 0.2261, uncertainty: 1.6733, uncertainty_coeffi: 0.0100, loss: 0.1262, lr: 3.75e-05
     Epoch[5] Iteration[110/192], entropy: 0.2482, uncertainty: 1.9173, uncertainty_coeffi: 0.0100, loss: 0.1296, lr: 3.75e-05
     Epoch[5] Iteration[120/192], entropy: 0.2422, uncertainty: 1.6567, uncertainty_coeffi: 0.0100, loss: 0.3756, lr: 0.00e+00
     Epoch[5] Iteration[130/192], entropy: 0.2048, uncertainty: 1.8293, uncertainty_coeffi: 0.0100, loss: 0.1731, lr: 3.75e-05
     Epoch[5] Iteration[140/192], entropy: 0.2556, uncertainty: 1.7343, uncertainty_coeffi: 0.0100, loss: 0.1506, lr: 3.75e-05
     Epoch[5] Iteration[150/192], entropy: 0.2874, uncertainty: 1.6947, uncertainty_coeffi: 0.0100, loss: 0.2165, lr: 0.00e+00
     Epoch[5] Iteration[160/192], entropy: 0.2226, uncertainty: 1.5503, uncertainty_coeffi: 0.0100, loss: 0.1641, lr: 3.75e-05
     Epoch[5] Iteration[170/192], entropy: 0.2725, uncertainty: 1.7311, uncertainty_coeffi: 0.0100, loss: 0.2692, lr: 3.75e-05
     Epoch[5] Iteration[180/192], entropy: 0.2905, uncertainty: 1.8149, uncertainty_coeffi: 0.0100, loss: 0.1879, lr: 0.00e+00
     Epoch[5] Iteration[190/192], entropy: 0.1928, uncertainty: 1.5223, uncertainty_coeffi: 0.0100, loss: 0.1668, lr: 3.75e-05
     Averaged stats: entropy_avg: 0.2466, uncertainty_avg: 1.7240, uncertainty_coeffi_avg: 0.0100, loss_avg: 0.2429, lr_avg: 2.57e-05
     itm tta time 0:00:36
     Epoch[6] Iteration[10/192], entropy: 0.3056, uncertainty: 1.8340, uncertainty_coeffi: 0.0100, loss: 0.1715, lr: 2.76e-05
     Epoch[6] Iteration[20/192], entropy: 0.1898, uncertainty: 1.7727, uncertainty_coeffi: 0.0100, loss: 0.1212, lr: 2.16e-06
     Epoch[6] Iteration[30/192], entropy: 0.2278, uncertainty: 1.8032, uncertainty_coeffi: 0.0100, loss: 0.1637, lr: 4.52e-05
     Epoch[6] Iteration[40/192], entropy: 0.1424, uncertainty: 1.5666, uncertainty_coeffi: 0.0100, loss: 0.1485, lr: 2.76e-05
     Epoch[6] Iteration[50/192], entropy: 0.3303, uncertainty: 1.8839, uncertainty_coeffi: 0.0100, loss: 0.1913, lr: 2.16e-06
     Epoch[6] Iteration[60/192], entropy: 0.3234, uncertainty: 1.7283, uncertainty_coeffi: 0.0100, loss: 0.2624, lr: 4.52e-05
     Epoch[6] Iteration[70/192], entropy: 0.2402, uncertainty: 1.7612, uncertainty_coeffi: 0.0100, loss: 0.5824, lr: 2.76e-05
     Epoch[6] Iteration[80/192], entropy: 0.2838, uncertainty: 1.7862, uncertainty_coeffi: 0.0100, loss: 0.1860, lr: 2.16e-06
     Epoch[6] Iteration[90/192], entropy: 0.1567, uncertainty: 1.3660, uncertainty_coeffi: 0.0100, loss: 0.5204, lr: 4.52e-05
     Epoch[6] Iteration[100/192], entropy: 0.3882, uncertainty: 1.7067, uncertainty_coeffi: 0.0100, loss: 0.2615, lr: 2.76e-05
     Epoch[6] Iteration[110/192], entropy: 0.3140, uncertainty: 2.0564, uncertainty_coeffi: 0.0100, loss: 0.2267, lr: 2.16e-06
     Epoch[6] Iteration[120/192], entropy: 0.2002, uncertainty: 1.9576, uncertainty_coeffi: 0.0100, loss: 0.1307, lr: 4.52e-05
     Epoch[6] Iteration[130/192], entropy: 0.1774, uncertainty: 1.8613, uncertainty_coeffi: 0.0100, loss: 0.2515, lr: 2.76e-05
     Epoch[6] Iteration[140/192], entropy: 0.2706, uncertainty: 1.8288, uncertainty_coeffi: 0.0100, loss: 0.2034, lr: 2.16e-06
     Epoch[6] Iteration[150/192], entropy: 0.2944, uncertainty: 2.0653, uncertainty_coeffi: 0.0100, loss: 0.2779, lr: 4.52e-05
     Epoch[6] Iteration[160/192], entropy: 0.3296, uncertainty: 1.4381, uncertainty_coeffi: 0.0100, loss: 0.3399, lr: 2.76e-05
     Epoch[6] Iteration[170/192], entropy: 0.2330, uncertainty: 1.3066, uncertainty_coeffi: 0.0100, loss: 1.1826, lr: 2.16e-06
     Epoch[6] Iteration[180/192], entropy: 0.3013, uncertainty: 1.7253, uncertainty_coeffi: 0.0100, loss: 0.1626, lr: 4.52e-05
     Epoch[6] Iteration[190/192], entropy: 0.2985, uncertainty: 1.7500, uncertainty_coeffi: 0.0100, loss: 0.2480, lr: 2.76e-05
     Averaged stats: entropy_avg: 0.2635, uncertainty_avg: 1.7473, uncertainty_coeffi_avg: 0.0100, loss_avg: 0.2964, lr_avg: 2.51e-05
     itm tta time 0:00:36
     Epoch[7] Iteration[10/192], entropy: 0.3079, uncertainty: 1.8335, uncertainty_coeffi: 0.0100, loss: 0.1680, lr: 8.27e-06
     Epoch[7] Iteration[20/192], entropy: 0.2774, uncertainty: 1.8072, uncertainty_coeffi: 0.0100, loss: 0.2871, lr: 4.95e-05
     Epoch[7] Iteration[30/192], entropy: 0.2521, uncertainty: 1.8708, uncertainty_coeffi: 0.0100, loss: 0.1212, lr: 1.73e-05
     Epoch[7] Iteration[40/192], entropy: 0.3001, uncertainty: 1.6726, uncertainty_coeffi: 0.0100, loss: 0.2490, lr: 8.27e-06
     Epoch[7] Iteration[50/192], entropy: 0.2595, uncertainty: 1.8499, uncertainty_coeffi: 0.0100, loss: 5.4077, lr: 4.95e-05
     Epoch[7] Iteration[60/192], entropy: 0.2096, uncertainty: 1.4879, uncertainty_coeffi: 0.0100, loss: 0.1799, lr: 1.73e-05
     Epoch[7] Iteration[70/192], entropy: 0.3169, uncertainty: 1.7000, uncertainty_coeffi: 0.0100, loss: 0.2312, lr: 8.27e-06
     Epoch[7] Iteration[80/192], entropy: 0.2556, uncertainty: 2.1017, uncertainty_coeffi: 0.0100, loss: 0.1572, lr: 4.95e-05
     Epoch[7] Iteration[90/192], entropy: 0.4288, uncertainty: 1.8172, uncertainty_coeffi: 0.0100, loss: 0.2498, lr: 1.73e-05
     Epoch[7] Iteration[100/192], entropy: 0.2886, uncertainty: 1.7287, uncertainty_coeffi: 0.0100, loss: 0.2384, lr: 8.27e-06
     Epoch[7] Iteration[110/192], entropy: 0.2353, uncertainty: 1.7433, uncertainty_coeffi: 0.0100, loss: 0.2502, lr: 4.95e-05
     Epoch[7] Iteration[120/192], entropy: 0.2830, uncertainty: 1.7543, uncertainty_coeffi: 0.0100, loss: 0.3968, lr: 1.73e-05
     Epoch[7] Iteration[130/192], entropy: 0.2766, uncertainty: 1.4781, uncertainty_coeffi: 0.0100, loss: 0.1867, lr: 8.27e-06
     Epoch[7] Iteration[140/192], entropy: 0.2075, uncertainty: 1.9743, uncertainty_coeffi: 0.0100, loss: 0.1063, lr: 4.95e-05
     Epoch[7] Iteration[150/192], entropy: 0.3797, uncertainty: 1.8947, uncertainty_coeffi: 0.0100, loss: 0.3674, lr: 1.73e-05
     Epoch[7] Iteration[160/192], entropy: 0.3707, uncertainty: 1.7309, uncertainty_coeffi: 0.0100, loss: 0.7081, lr: 8.27e-06
     Epoch[7] Iteration[170/192], entropy: 0.2622, uncertainty: 1.5811, uncertainty_coeffi: 0.0100, loss: 0.3141, lr: 4.95e-05
     Epoch[7] Iteration[180/192], entropy: 0.1662, uncertainty: 1.9014, uncertainty_coeffi: 0.0100, loss: 0.1562, lr: 1.73e-05
     Epoch[7] Iteration[190/192], entropy: 0.2443, uncertainty: 1.8631, uncertainty_coeffi: 0.0100, loss: 0.2364, lr: 8.27e-06
     Averaged stats: entropy_avg: 0.2801, uncertainty_avg: 1.7785, uncertainty_coeffi_avg: 0.0100, loss_avg: 0.5269, lr_avg: 2.41e-05
     itm tta time 0:00:36
     Epoch[8] Iteration[10/192], entropy: 0.2864, uncertainty: 1.4949, uncertainty_coeffi: 0.0100, loss: 0.3291, lr: 4.95e-05
     Epoch[8] Iteration[20/192], entropy: 0.3045, uncertainty: 1.6482, uncertainty_coeffi: 0.0100, loss: 0.2185, lr: 8.27e-06
     Epoch[8] Iteration[30/192], entropy: 0.1685, uncertainty: 1.5494, uncertainty_coeffi: 0.0100, loss: 0.1321, lr: 1.73e-05
     Epoch[8] Iteration[40/192], entropy: 0.1365, uncertainty: 1.6870, uncertainty_coeffi: 0.0100, loss: 0.0925, lr: 4.95e-05
     Epoch[8] Iteration[50/192], entropy: 0.2859, uncertainty: 1.9051, uncertainty_coeffi: 0.0100, loss: 0.1928, lr: 8.27e-06
     Epoch[8] Iteration[60/192], entropy: 0.2622, uncertainty: 1.5218, uncertainty_coeffi: 0.0100, loss: 0.2024, lr: 1.73e-05
     Epoch[8] Iteration[70/192], entropy: 0.3818, uncertainty: 1.8031, uncertainty_coeffi: 0.0100, loss: 0.3082, lr: 4.95e-05
     Epoch[8] Iteration[80/192], entropy: 0.2337, uncertainty: 1.5400, uncertainty_coeffi: 0.0100, loss: 0.2001, lr: 8.27e-06
     Epoch[8] Iteration[90/192], entropy: 0.2346, uncertainty: 1.5657, uncertainty_coeffi: 0.0100, loss: 0.2511, lr: 1.73e-05
     Epoch[8] Iteration[100/192], entropy: 0.2142, uncertainty: 1.7756, uncertainty_coeffi: 0.0100, loss: 0.1416, lr: 4.95e-05
     Epoch[8] Iteration[110/192], entropy: 0.2037, uncertainty: 1.6416, uncertainty_coeffi: 0.0100, loss: 0.2127, lr: 8.27e-06
     Epoch[8] Iteration[120/192], entropy: 0.2375, uncertainty: 1.6515, uncertainty_coeffi: 0.0100, loss: 0.3579, lr: 1.73e-05
     Epoch[8] Iteration[130/192], entropy: 0.2625, uncertainty: 2.0387, uncertainty_coeffi: 0.0100, loss: 0.1393, lr: 4.95e-05
     Epoch[8] Iteration[140/192], entropy: 0.2552, uncertainty: 1.7202, uncertainty_coeffi: 0.0100, loss: 0.3944, lr: 8.27e-06
     Epoch[8] Iteration[150/192], entropy: 0.2199, uncertainty: 1.8554, uncertainty_coeffi: 0.0100, loss: 0.3710, lr: 1.73e-05
     Epoch[8] Iteration[160/192], entropy: 0.2536, uncertainty: 1.7590, uncertainty_coeffi: 0.0100, loss: 0.1718, lr: 4.95e-05
     Epoch[8] Iteration[170/192], entropy: 0.2858, uncertainty: 1.6684, uncertainty_coeffi: 0.0100, loss: 0.3955, lr: 8.27e-06
     Epoch[8] Iteration[180/192], entropy: 0.2613, uncertainty: 1.9719, uncertainty_coeffi: 0.0100, loss: 0.1667, lr: 1.73e-05
     Epoch[8] Iteration[190/192], entropy: 0.2590, uncertainty: 1.4737, uncertainty_coeffi: 0.0100, loss: 0.5482, lr: 4.95e-05
     Averaged stats: entropy_avg: 0.2498, uncertainty_avg: 1.6985, uncertainty_coeffi_avg: 0.0100, loss_avg: 0.2540, lr_avg: 2.63e-05
     itm tta time 0:00:37
     Epoch[9] Iteration[10/192], entropy: 0.1640, uncertainty: 1.7337, uncertainty_coeffi: 0.0100, loss: 0.0950, lr: 2.16e-06
     Epoch[9] Iteration[20/192], entropy: 0.2085, uncertainty: 1.5654, uncertainty_coeffi: 0.0100, loss: 0.2826, lr: 2.76e-05
     Epoch[9] Iteration[30/192], entropy: 0.2367, uncertainty: 1.3584, uncertainty_coeffi: 0.0100, loss: 0.9212, lr: 4.52e-05
     Epoch[9] Iteration[40/192], entropy: 0.2662, uncertainty: 1.6105, uncertainty_coeffi: 0.0100, loss: 0.3381, lr: 2.16e-06
     Epoch[9] Iteration[50/192], entropy: 0.2140, uncertainty: 1.8361, uncertainty_coeffi: 0.0100, loss: 0.7160, lr: 2.76e-05
     Epoch[9] Iteration[60/192], entropy: 0.2541, uncertainty: 1.4545, uncertainty_coeffi: 0.0100, loss: 0.2095, lr: 4.52e-05
     Epoch[9] Iteration[70/192], entropy: 0.3135, uncertainty: 1.9680, uncertainty_coeffi: 0.0100, loss: 0.1828, lr: 2.16e-06
     Epoch[9] Iteration[80/192], entropy: 0.2738, uncertainty: 1.7027, uncertainty_coeffi: 0.0100, loss: 0.2172, lr: 2.76e-05
     Epoch[9] Iteration[90/192], entropy: 0.2536, uncertainty: 2.0006, uncertainty_coeffi: 0.0100, loss: 0.2362, lr: 4.52e-05
     Epoch[9] Iteration[100/192], entropy: 0.2227, uncertainty: 1.6958, uncertainty_coeffi: 0.0100, loss: 0.1730, lr: 2.16e-06
     Epoch[9] Iteration[110/192], entropy: 0.3150, uncertainty: 1.7451, uncertainty_coeffi: 0.0100, loss: 0.2644, lr: 2.76e-05
     Epoch[9] Iteration[120/192], entropy: 0.2447, uncertainty: 1.5440, uncertainty_coeffi: 0.0100, loss: 0.1926, lr: 4.52e-05
     Epoch[9] Iteration[130/192], entropy: 0.2722, uncertainty: 1.6910, uncertainty_coeffi: 0.0100, loss: 0.2446, lr: 2.16e-06
     Epoch[9] Iteration[140/192], entropy: 0.3481, uncertainty: 1.6529, uncertainty_coeffi: 0.0100, loss: 0.7114, lr: 2.76e-05
     Epoch[9] Iteration[150/192], entropy: 0.3025, uncertainty: 1.6773, uncertainty_coeffi: 0.0100, loss: 0.2464, lr: 4.52e-05
     Epoch[9] Iteration[160/192], entropy: 0.1714, uncertainty: 1.7281, uncertainty_coeffi: 0.0100, loss: 0.1259, lr: 2.16e-06
     Epoch[9] Iteration[170/192], entropy: 0.2887, uncertainty: 2.2644, uncertainty_coeffi: 0.0100, loss: 0.1941, lr: 2.76e-05
     Epoch[9] Iteration[180/192], entropy: 0.1745, uncertainty: 1.8362, uncertainty_coeffi: 0.0100, loss: 0.1892, lr: 4.52e-05
     Epoch[9] Iteration[190/192], entropy: 0.2726, uncertainty: 1.5380, uncertainty_coeffi: 0.0100, loss: 0.1921, lr: 2.16e-06
     Averaged stats: entropy_avg: 0.2525, uncertainty_avg: 1.7159, uncertainty_coeffi_avg: 0.0100, loss_avg: 0.3017, lr_avg: 2.38e-05
     itm tta time 0:00:36
### TTA Eval Score: 
+-------+--------+--------+--------+--------+--------+
| epoch |   R1   |   R5   |  R10   |  mAP   |  mINP  |
+-------+--------+--------+--------+--------+--------+
|  -999 | 70.598 | 86.891 | 91.780 | 63.391 | 47.063 |
|   0   | 70.647 | 86.907 | 91.878 | 63.441 | 47.137 |
|   1   | 70.630 | 86.907 | 91.878 | 63.435 | 47.153 |
|   2   | 70.582 | 86.907 | 91.943 | 63.432 | 47.187 |
|   4   | 70.630 | 86.858 | 91.878 | 63.385 | 47.143 |
|   9   | 70.533 | 86.826 | 91.683 | 63.278 | 47.063 |
+-------+--------+--------+--------+--------+--------+
     logs:  {'epo': 9, 'R1': 70.533, 'R5': 86.826, 'R10': 91.683, 'mAP': 63.278, 'mINP': 47.063, 'entropy': 0.25247026038797277, 'uncertainty': 1.7159426400535984, 'uncertainty_coeffi': 0.009999999776482582, 'loss': 0.30168561088411433, 'lr': 2.379796650310186e-05}
     Epoch[10] Iteration[10/192], entropy: 0.2017, uncertainty: 1.5800, uncertainty_coeffi: 0.0100, loss: 0.1377, lr: 3.75e-05
     Epoch[10] Iteration[20/192], entropy: 0.3528, uncertainty: 2.0366, uncertainty_coeffi: 0.0100, loss: 0.3958, lr: 3.75e-05
     Epoch[10] Iteration[30/192], entropy: 0.2357, uncertainty: 1.7854, uncertainty_coeffi: 0.0100, loss: 0.2444, lr: 0.00e+00
     Epoch[10] Iteration[40/192], entropy: 0.2436, uncertainty: 1.6678, uncertainty_coeffi: 0.0100, loss: 0.1842, lr: 3.75e-05
     Epoch[10] Iteration[50/192], entropy: 0.2701, uncertainty: 1.6598, uncertainty_coeffi: 0.0100, loss: 0.2571, lr: 3.75e-05
     Epoch[10] Iteration[60/192], entropy: 0.3548, uncertainty: 1.6264, uncertainty_coeffi: 0.0100, loss: 0.4559, lr: 0.00e+00
     Epoch[10] Iteration[70/192], entropy: 0.2902, uncertainty: 1.6563, uncertainty_coeffi: 0.0100, loss: 0.4263, lr: 3.75e-05
     Epoch[10] Iteration[80/192], entropy: 0.3245, uncertainty: 1.9543, uncertainty_coeffi: 0.0100, loss: 0.7980, lr: 3.75e-05
     Epoch[10] Iteration[90/192], entropy: 0.2351, uncertainty: 1.9843, uncertainty_coeffi: 0.0100, loss: 0.1360, lr: 0.00e+00
     Epoch[10] Iteration[100/192], entropy: 0.2203, uncertainty: 1.6148, uncertainty_coeffi: 0.0100, loss: 0.7777, lr: 3.75e-05
     Epoch[10] Iteration[110/192], entropy: 0.2294, uncertainty: 1.9518, uncertainty_coeffi: 0.0100, loss: 0.1401, lr: 3.75e-05
     Epoch[10] Iteration[120/192], entropy: 0.2761, uncertainty: 1.6180, uncertainty_coeffi: 0.0100, loss: 0.5216, lr: 0.00e+00
     Epoch[10] Iteration[130/192], entropy: 0.2010, uncertainty: 1.4999, uncertainty_coeffi: 0.0100, loss: 0.1258, lr: 3.75e-05
     Epoch[10] Iteration[140/192], entropy: 0.2653, uncertainty: 1.5272, uncertainty_coeffi: 0.0100, loss: 0.3353, lr: 3.75e-05
     Epoch[10] Iteration[150/192], entropy: 0.2394, uncertainty: 1.8582, uncertainty_coeffi: 0.0100, loss: 0.1499, lr: 0.00e+00
     Epoch[10] Iteration[160/192], entropy: 0.2421, uncertainty: 1.7556, uncertainty_coeffi: 0.0100, loss: 0.1543, lr: 3.75e-05
     Epoch[10] Iteration[170/192], entropy: 0.2092, uncertainty: 1.5375, uncertainty_coeffi: 0.0100, loss: 0.5171, lr: 3.75e-05
     Epoch[10] Iteration[180/192], entropy: 0.2308, uncertainty: 2.1680, uncertainty_coeffi: 0.0100, loss: 0.3530, lr: 0.00e+00
     Epoch[10] Iteration[190/192], entropy: 0.1918, uncertainty: 1.5624, uncertainty_coeffi: 0.0100, loss: 0.3379, lr: 3.75e-05
     Averaged stats: entropy_avg: 0.2534, uncertainty_avg: 1.7392, uncertainty_coeffi_avg: 0.0100, loss_avg: 0.3394, lr_avg: 2.57e-05
     itm tta time 0:00:36
     Epoch[11] Iteration[10/192], entropy: 0.2063, uncertainty: 1.8652, uncertainty_coeffi: 0.0100, loss: 0.1368, lr: 2.76e-05
     Epoch[11] Iteration[20/192], entropy: 0.3085, uncertainty: 1.9626, uncertainty_coeffi: 0.0100, loss: 0.2615, lr: 2.16e-06
     Epoch[11] Iteration[30/192], entropy: 0.2075, uncertainty: 1.5138, uncertainty_coeffi: 0.0100, loss: 0.2533, lr: 4.52e-05
     Epoch[11] Iteration[40/192], entropy: 0.1925, uncertainty: 1.8052, uncertainty_coeffi: 0.0100, loss: 0.1240, lr: 2.76e-05
     Epoch[11] Iteration[50/192], entropy: 0.3490, uncertainty: 1.8623, uncertainty_coeffi: 0.0100, loss: 0.3522, lr: 2.16e-06
     Epoch[11] Iteration[60/192], entropy: 0.2049, uncertainty: 1.5238, uncertainty_coeffi: 0.0100, loss: 0.2428, lr: 4.52e-05
     Epoch[11] Iteration[70/192], entropy: 0.2304, uncertainty: 1.5745, uncertainty_coeffi: 0.0100, loss: 0.2505, lr: 2.76e-05
     Epoch[11] Iteration[80/192], entropy: 0.2679, uncertainty: 1.9127, uncertainty_coeffi: 0.0100, loss: 0.1808, lr: 2.16e-06
     Epoch[11] Iteration[90/192], entropy: 0.2319, uncertainty: 1.5898, uncertainty_coeffi: 0.0100, loss: 0.2704, lr: 4.52e-05
     Epoch[11] Iteration[100/192], entropy: 0.3190, uncertainty: 1.7997, uncertainty_coeffi: 0.0100, loss: 0.4067, lr: 2.76e-05
     Epoch[11] Iteration[110/192], entropy: 0.1917, uncertainty: 1.4687, uncertainty_coeffi: 0.0100, loss: 0.1279, lr: 2.16e-06
     Epoch[11] Iteration[120/192], entropy: 0.3021, uncertainty: 1.7014, uncertainty_coeffi: 0.0100, loss: 0.2522, lr: 4.52e-05
     Epoch[11] Iteration[130/192], entropy: 0.2297, uncertainty: 1.5119, uncertainty_coeffi: 0.0100, loss: 0.1523, lr: 2.76e-05
     Epoch[11] Iteration[140/192], entropy: 0.2533, uncertainty: 1.6504, uncertainty_coeffi: 0.0100, loss: 0.1500, lr: 2.16e-06
     Epoch[11] Iteration[150/192], entropy: 0.2568, uncertainty: 1.5206, uncertainty_coeffi: 0.0100, loss: 0.2196, lr: 4.52e-05
     Epoch[11] Iteration[160/192], entropy: 0.3084, uncertainty: 1.8075, uncertainty_coeffi: 0.0100, loss: 0.2037, lr: 2.76e-05
     Epoch[11] Iteration[170/192], entropy: 0.2139, uncertainty: 1.5990, uncertainty_coeffi: 0.0100, loss: 0.6176, lr: 2.16e-06
     Epoch[11] Iteration[180/192], entropy: 0.1940, uncertainty: 1.7298, uncertainty_coeffi: 0.0100, loss: 0.2146, lr: 4.52e-05
     Epoch[11] Iteration[190/192], entropy: 0.1959, uncertainty: 1.6368, uncertainty_coeffi: 0.0100, loss: 0.1226, lr: 2.76e-05
     Averaged stats: entropy_avg: 0.2455, uncertainty_avg: 1.6861, uncertainty_coeffi_avg: 0.0100, loss_avg: 0.2389, lr_avg: 2.51e-05
     itm tta time 0:00:36
     Epoch[12] Iteration[10/192], entropy: 0.3186, uncertainty: 1.6467, uncertainty_coeffi: 0.0100, loss: 0.2656, lr: 8.27e-06
     Epoch[12] Iteration[20/192], entropy: 0.2689, uncertainty: 1.7946, uncertainty_coeffi: 0.0100, loss: 2.5303, lr: 4.95e-05
     Epoch[12] Iteration[30/192], entropy: 0.2284, uncertainty: 1.3063, uncertainty_coeffi: 0.0100, loss: 1.2043, lr: 1.73e-05
     Epoch[12] Iteration[40/192], entropy: 0.2281, uncertainty: 1.3711, uncertainty_coeffi: 0.0100, loss: 0.1982, lr: 8.27e-06
     Epoch[12] Iteration[50/192], entropy: 0.2968, uncertainty: 1.5931, uncertainty_coeffi: 0.0100, loss: 0.4281, lr: 4.95e-05
     Epoch[12] Iteration[60/192], entropy: 0.3057, uncertainty: 2.0219, uncertainty_coeffi: 0.0100, loss: 0.1497, lr: 1.73e-05
     Epoch[12] Iteration[70/192], entropy: 0.1683, uncertainty: 1.5789, uncertainty_coeffi: 0.0100, loss: 0.1874, lr: 8.27e-06
     Epoch[12] Iteration[80/192], entropy: 0.2500, uncertainty: 1.7872, uncertainty_coeffi: 0.0100, loss: 0.1757, lr: 4.95e-05
     Epoch[12] Iteration[90/192], entropy: 0.3188, uncertainty: 1.7679, uncertainty_coeffi: 0.0100, loss: 0.4582, lr: 1.73e-05
     Epoch[12] Iteration[100/192], entropy: 0.3082, uncertainty: 0.9629, uncertainty_coeffi: 0.0100, loss: 0.4277, lr: 8.27e-06
     Epoch[12] Iteration[110/192], entropy: 0.1215, uncertainty: 1.6051, uncertainty_coeffi: 0.0100, loss: 0.1364, lr: 4.95e-05
     Epoch[12] Iteration[120/192], entropy: 0.2054, uncertainty: 1.4913, uncertainty_coeffi: 0.0100, loss: 0.1444, lr: 1.73e-05
     Epoch[12] Iteration[130/192], entropy: 0.3201, uncertainty: 1.6064, uncertainty_coeffi: 0.0100, loss: 0.1730, lr: 8.27e-06
     Epoch[12] Iteration[140/192], entropy: 0.4242, uncertainty: 2.1151, uncertainty_coeffi: 0.0100, loss: 0.2983, lr: 4.95e-05
     Epoch[12] Iteration[150/192], entropy: 0.2979, uncertainty: 1.6703, uncertainty_coeffi: 0.0100, loss: 0.2364, lr: 1.73e-05
     Epoch[12] Iteration[160/192], entropy: 0.3048, uncertainty: 1.5207, uncertainty_coeffi: 0.0100, loss: 0.2121, lr: 8.27e-06
     Epoch[12] Iteration[170/192], entropy: 0.2672, uncertainty: 1.6486, uncertainty_coeffi: 0.0100, loss: 0.5364, lr: 4.95e-05
     Epoch[12] Iteration[180/192], entropy: 0.3167, uncertainty: 1.7481, uncertainty_coeffi: 0.0100, loss: 0.1956, lr: 1.73e-05
     Epoch[12] Iteration[190/192], entropy: 0.1868, uncertainty: 1.4904, uncertainty_coeffi: 0.0100, loss: 0.6228, lr: 8.27e-06
     Averaged stats: entropy_avg: 0.2703, uncertainty_avg: 1.6172, uncertainty_coeffi_avg: 0.0100, loss_avg: 0.4516, lr_avg: 2.41e-05
     itm tta time 0:00:36
     Epoch[13] Iteration[10/192], entropy: 0.2605, uncertainty: 1.6002, uncertainty_coeffi: 0.0100, loss: 0.2011, lr: 4.95e-05
     Epoch[13] Iteration[20/192], entropy: 0.2613, uncertainty: 2.1926, uncertainty_coeffi: 0.0100, loss: 1.7176, lr: 8.27e-06
     Epoch[13] Iteration[30/192], entropy: 0.1563, uncertainty: 1.9034, uncertainty_coeffi: 0.0100, loss: 0.1240, lr: 1.73e-05
     Epoch[13] Iteration[40/192], entropy: 0.3028, uncertainty: 1.6121, uncertainty_coeffi: 0.0100, loss: 0.3159, lr: 4.95e-05
     Epoch[13] Iteration[50/192], entropy: 0.2198, uncertainty: 1.3774, uncertainty_coeffi: 0.0100, loss: 0.1384, lr: 8.27e-06
     Epoch[13] Iteration[60/192], entropy: 0.2405, uncertainty: 1.9098, uncertainty_coeffi: 0.0100, loss: 0.2295, lr: 1.73e-05
     Epoch[13] Iteration[70/192], entropy: 0.1669, uncertainty: 1.4354, uncertainty_coeffi: 0.0100, loss: 0.2206, lr: 4.95e-05
     Epoch[13] Iteration[80/192], entropy: 0.2826, uncertainty: 1.8546, uncertainty_coeffi: 0.0100, loss: 0.2523, lr: 8.27e-06
     Epoch[13] Iteration[90/192], entropy: 0.2041, uncertainty: 1.7837, uncertainty_coeffi: 0.0100, loss: 0.1989, lr: 1.73e-05
     Epoch[13] Iteration[100/192], entropy: 0.1512, uncertainty: 1.6599, uncertainty_coeffi: 0.0100, loss: 0.1301, lr: 4.95e-05
     Epoch[13] Iteration[110/192], entropy: 0.1440, uncertainty: 1.7273, uncertainty_coeffi: 0.0100, loss: 0.0947, lr: 8.27e-06
     Epoch[13] Iteration[120/192], entropy: 0.1954, uncertainty: 1.3934, uncertainty_coeffi: 0.0100, loss: 0.3897, lr: 1.73e-05
     Epoch[13] Iteration[130/192], entropy: 0.2671, uncertainty: 1.7900, uncertainty_coeffi: 0.0100, loss: 0.3328, lr: 4.95e-05
     Epoch[13] Iteration[140/192], entropy: 0.3423, uncertainty: 1.7158, uncertainty_coeffi: 0.0100, loss: 0.2378, lr: 8.27e-06
     Epoch[13] Iteration[150/192], entropy: 0.2302, uncertainty: 1.7966, uncertainty_coeffi: 0.0100, loss: 0.2262, lr: 1.73e-05
     Epoch[13] Iteration[160/192], entropy: 0.1566, uncertainty: 1.3747, uncertainty_coeffi: 0.0100, loss: 0.2530, lr: 4.95e-05
     Epoch[13] Iteration[170/192], entropy: 0.2486, uncertainty: 1.3437, uncertainty_coeffi: 0.0100, loss: 0.1852, lr: 8.27e-06
     Epoch[13] Iteration[180/192], entropy: 0.1972, uncertainty: 1.2799, uncertainty_coeffi: 0.0100, loss: 0.1497, lr: 1.73e-05
     Epoch[13] Iteration[190/192], entropy: 0.2500, uncertainty: 1.5769, uncertainty_coeffi: 0.0100, loss: 0.1863, lr: 4.95e-05
     Averaged stats: entropy_avg: 0.2251, uncertainty_avg: 1.6488, uncertainty_coeffi_avg: 0.0100, loss_avg: 0.2939, lr_avg: 2.63e-05
     itm tta time 0:00:36
     Epoch[14] Iteration[10/192], entropy: 0.1772, uncertainty: 1.4993, uncertainty_coeffi: 0.0100, loss: 0.2037, lr: 2.16e-06
     Epoch[14] Iteration[20/192], entropy: 0.1511, uncertainty: 1.1500, uncertainty_coeffi: 0.0100, loss: 0.1802, lr: 2.76e-05
     Epoch[14] Iteration[30/192], entropy: 0.2605, uncertainty: 1.5842, uncertainty_coeffi: 0.0100, loss: 0.2631, lr: 4.52e-05
     Epoch[14] Iteration[40/192], entropy: 0.2582, uncertainty: 1.8968, uncertainty_coeffi: 0.0100, loss: 0.2160, lr: 2.16e-06
     Epoch[14] Iteration[50/192], entropy: 0.3230, uncertainty: 1.8810, uncertainty_coeffi: 0.0100, loss: 0.2552, lr: 2.76e-05
     Epoch[14] Iteration[60/192], entropy: 0.1919, uncertainty: 1.8818, uncertainty_coeffi: 0.0100, loss: 0.2746, lr: 4.52e-05
     Epoch[14] Iteration[70/192], entropy: 0.2348, uncertainty: 1.7616, uncertainty_coeffi: 0.0100, loss: 0.2085, lr: 2.16e-06
     Epoch[14] Iteration[80/192], entropy: 0.1960, uncertainty: 1.6994, uncertainty_coeffi: 0.0100, loss: 0.2211, lr: 2.76e-05
     Epoch[14] Iteration[90/192], entropy: 0.3002, uncertainty: 1.6503, uncertainty_coeffi: 0.0100, loss: 0.1910, lr: 4.52e-05
     Epoch[14] Iteration[100/192], entropy: 0.2035, uncertainty: 1.2957, uncertainty_coeffi: 0.0100, loss: 0.2365, lr: 2.16e-06
     Epoch[14] Iteration[110/192], entropy: 0.2574, uncertainty: 1.4251, uncertainty_coeffi: 0.0100, loss: 0.3068, lr: 2.76e-05
     Epoch[14] Iteration[120/192], entropy: 0.3176, uncertainty: 1.9446, uncertainty_coeffi: 0.0100, loss: 0.2087, lr: 4.52e-05
     Epoch[14] Iteration[130/192], entropy: 0.3402, uncertainty: 2.0753, uncertainty_coeffi: 0.0100, loss: 0.3030, lr: 2.16e-06
     Epoch[14] Iteration[140/192], entropy: 0.2602, uncertainty: 1.3147, uncertainty_coeffi: 0.0100, loss: 0.2006, lr: 2.76e-05
     Epoch[14] Iteration[150/192], entropy: 0.3418, uncertainty: 1.8382, uncertainty_coeffi: 0.0100, loss: 0.2335, lr: 4.52e-05
     Epoch[14] Iteration[160/192], entropy: 0.2772, uncertainty: 1.8026, uncertainty_coeffi: 0.0100, loss: 0.4526, lr: 2.16e-06
     Epoch[14] Iteration[170/192], entropy: 0.3088, uncertainty: 1.9123, uncertainty_coeffi: 0.0100, loss: 0.3811, lr: 2.76e-05
     Epoch[14] Iteration[180/192], entropy: 0.2668, uncertainty: 1.6113, uncertainty_coeffi: 0.0100, loss: 0.1952, lr: 4.52e-05
     Epoch[14] Iteration[190/192], entropy: 0.2209, uncertainty: 1.5283, uncertainty_coeffi: 0.0100, loss: 0.1733, lr: 2.16e-06
     Averaged stats: entropy_avg: 0.2572, uncertainty_avg: 1.6712, uncertainty_coeffi_avg: 0.0100, loss_avg: 0.2476, lr_avg: 2.38e-05
     itm tta time 0:00:37
### TTA Eval Score: 
+-------+--------+--------+--------+--------+--------+
| epoch |   R1   |   R5   |  R10   |  mAP   |  mINP  |
+-------+--------+--------+--------+--------+--------+
|  -999 | 70.598 | 86.891 | 91.780 | 63.391 | 47.063 |
|   0   | 70.647 | 86.907 | 91.878 | 63.441 | 47.137 |
|   1   | 70.630 | 86.907 | 91.878 | 63.435 | 47.153 |
|   2   | 70.582 | 86.907 | 91.943 | 63.432 | 47.187 |
|   4   | 70.630 | 86.858 | 91.878 | 63.385 | 47.143 |
|   9   | 70.533 | 86.826 | 91.683 | 63.278 | 47.063 |
|   14  | 70.322 | 86.761 | 91.634 | 63.192 | 47.005 |
+-------+--------+--------+--------+--------+--------+
     logs:  {'epo': 14, 'R1': 70.322, 'R5': 86.761, 'R10': 91.634, 'mAP': 63.192, 'mINP': 47.005, 'entropy': 0.2572325515119653, 'uncertainty': 1.671188611733286, 'uncertainty_coeffi': 0.009999999776482582, 'loss': 0.24761953087229477, 'lr': 2.3797966503101858e-05}
     Epoch[15] Iteration[10/192], entropy: 0.1699, uncertainty: 1.5232, uncertainty_coeffi: 0.0100, loss: 0.1313, lr: 3.75e-05
     Epoch[15] Iteration[20/192], entropy: 0.2389, uncertainty: 1.5404, uncertainty_coeffi: 0.0100, loss: 0.1487, lr: 3.75e-05
     Epoch[15] Iteration[30/192], entropy: 0.2478, uncertainty: 1.5308, uncertainty_coeffi: 0.0100, loss: 0.2609, lr: 0.00e+00
     Epoch[15] Iteration[40/192], entropy: 0.3504, uncertainty: 1.9618, uncertainty_coeffi: 0.0100, loss: 0.7024, lr: 3.75e-05
     Epoch[15] Iteration[50/192], entropy: 0.2986, uncertainty: 2.0522, uncertainty_coeffi: 0.0100, loss: 0.2527, lr: 3.75e-05
     Epoch[15] Iteration[60/192], entropy: 0.3141, uncertainty: 2.0807, uncertainty_coeffi: 0.0100, loss: 0.1564, lr: 0.00e+00
     Epoch[15] Iteration[70/192], entropy: 0.2676, uncertainty: 1.5930, uncertainty_coeffi: 0.0100, loss: 0.2902, lr: 3.75e-05
     Epoch[15] Iteration[80/192], entropy: 0.2626, uncertainty: 1.9915, uncertainty_coeffi: 0.0100, loss: 0.2776, lr: 3.75e-05
     Epoch[15] Iteration[90/192], entropy: 0.1690, uncertainty: 1.5116, uncertainty_coeffi: 0.0100, loss: 0.2109, lr: 0.00e+00
     Epoch[15] Iteration[100/192], entropy: 0.2515, uncertainty: 1.7961, uncertainty_coeffi: 0.0100, loss: 0.6268, lr: 3.75e-05
     Epoch[15] Iteration[110/192], entropy: 0.2717, uncertainty: 1.5872, uncertainty_coeffi: 0.0100, loss: 0.3620, lr: 3.75e-05
     Epoch[15] Iteration[120/192], entropy: 0.2699, uncertainty: 1.6278, uncertainty_coeffi: 0.0100, loss: 0.2547, lr: 0.00e+00
     Epoch[15] Iteration[130/192], entropy: 0.2945, uncertainty: 1.8762, uncertainty_coeffi: 0.0100, loss: 0.2282, lr: 3.75e-05
     Epoch[15] Iteration[140/192], entropy: 0.3812, uncertainty: 2.2606, uncertainty_coeffi: 0.0100, loss: 0.3516, lr: 3.75e-05
     Epoch[15] Iteration[150/192], entropy: 0.2807, uncertainty: 1.3370, uncertainty_coeffi: 0.0100, loss: 0.8681, lr: 0.00e+00
     Epoch[15] Iteration[160/192], entropy: 0.2831, uncertainty: 1.5517, uncertainty_coeffi: 0.0100, loss: 0.2016, lr: 3.75e-05
     Epoch[15] Iteration[170/192], entropy: 0.1768, uncertainty: 1.5009, uncertainty_coeffi: 0.0100, loss: 0.1377, lr: 3.75e-05
     Epoch[15] Iteration[180/192], entropy: 0.2450, uncertainty: 1.9100, uncertainty_coeffi: 0.0100, loss: 0.2262, lr: 0.00e+00
     Epoch[15] Iteration[190/192], entropy: 0.1283, uncertainty: 0.9472, uncertainty_coeffi: 0.0100, loss: 0.2365, lr: 3.75e-05
     Averaged stats: entropy_avg: 0.2580, uncertainty_avg: 1.6937, uncertainty_coeffi_avg: 0.0100, loss_avg: 0.3118, lr_avg: 2.57e-05
     itm tta time 0:00:36
     Epoch[16] Iteration[10/192], entropy: 0.1879, uncertainty: 1.8226, uncertainty_coeffi: 0.0100, loss: 0.6175, lr: 2.76e-05
     Epoch[16] Iteration[20/192], entropy: 0.1986, uncertainty: 2.1546, uncertainty_coeffi: 0.0100, loss: 0.1950, lr: 2.16e-06
     Epoch[16] Iteration[30/192], entropy: 0.2344, uncertainty: 1.5261, uncertainty_coeffi: 0.0100, loss: 0.2603, lr: 4.52e-05
     Epoch[16] Iteration[40/192], entropy: 0.2099, uncertainty: 1.7081, uncertainty_coeffi: 0.0100, loss: 0.2255, lr: 2.76e-05
     Epoch[16] Iteration[50/192], entropy: 0.2445, uncertainty: 1.5645, uncertainty_coeffi: 0.0100, loss: 0.4535, lr: 2.16e-06
     Epoch[16] Iteration[60/192], entropy: 0.2404, uncertainty: 1.9047, uncertainty_coeffi: 0.0100, loss: 0.1312, lr: 4.52e-05
     Epoch[16] Iteration[70/192], entropy: 0.3016, uncertainty: 1.5936, uncertainty_coeffi: 0.0100, loss: 0.1833, lr: 2.76e-05
     Epoch[16] Iteration[80/192], entropy: 0.2300, uncertainty: 1.4022, uncertainty_coeffi: 0.0100, loss: 0.2659, lr: 2.16e-06
     Epoch[16] Iteration[90/192], entropy: 0.1399, uncertainty: 1.3980, uncertainty_coeffi: 0.0100, loss: 0.5627, lr: 4.52e-05
     Epoch[16] Iteration[100/192], entropy: 0.3059, uncertainty: 1.6647, uncertainty_coeffi: 0.0100, loss: 0.7601, lr: 2.76e-05
     Epoch[16] Iteration[110/192], entropy: 0.2470, uncertainty: 1.3331, uncertainty_coeffi: 0.0100, loss: 0.1670, lr: 2.16e-06
     Epoch[16] Iteration[120/192], entropy: 0.2907, uncertainty: 1.7259, uncertainty_coeffi: 0.0100, loss: 0.2017, lr: 4.52e-05
     Epoch[16] Iteration[130/192], entropy: 0.2563, uncertainty: 1.6415, uncertainty_coeffi: 0.0100, loss: 0.8541, lr: 2.76e-05
     Epoch[16] Iteration[140/192], entropy: 0.3201, uncertainty: 1.8720, uncertainty_coeffi: 0.0100, loss: 0.2505, lr: 2.16e-06
     Epoch[16] Iteration[150/192], entropy: 0.1680, uncertainty: 1.2696, uncertainty_coeffi: 0.0100, loss: 0.1324, lr: 4.52e-05
     Epoch[16] Iteration[160/192], entropy: 0.2225, uncertainty: 1.7617, uncertainty_coeffi: 0.0100, loss: 0.1154, lr: 2.76e-05
     Epoch[16] Iteration[170/192], entropy: 0.2609, uncertainty: 1.1445, uncertainty_coeffi: 0.0100, loss: 0.3829, lr: 2.16e-06
     Epoch[16] Iteration[180/192], entropy: 0.2611, uncertainty: 1.6312, uncertainty_coeffi: 0.0100, loss: 0.1708, lr: 4.52e-05
     Epoch[16] Iteration[190/192], entropy: 0.2920, uncertainty: 1.5128, uncertainty_coeffi: 0.0100, loss: 3.6165, lr: 2.76e-05
     Averaged stats: entropy_avg: 0.2427, uncertainty_avg: 1.6122, uncertainty_coeffi_avg: 0.0100, loss_avg: 0.5024, lr_avg: 2.51e-05
     itm tta time 0:00:37
     Epoch[17] Iteration[10/192], entropy: 0.3198, uncertainty: 1.8764, uncertainty_coeffi: 0.0100, loss: 0.1931, lr: 8.27e-06
     Epoch[17] Iteration[20/192], entropy: 0.1771, uncertainty: 1.8363, uncertainty_coeffi: 0.0100, loss: 0.2251, lr: 4.95e-05
     Epoch[17] Iteration[30/192], entropy: 0.2485, uncertainty: 1.5535, uncertainty_coeffi: 0.0100, loss: 0.2718, lr: 1.73e-05
     Epoch[17] Iteration[40/192], entropy: 0.2795, uncertainty: 1.5452, uncertainty_coeffi: 0.0100, loss: 0.3032, lr: 8.27e-06
     Epoch[17] Iteration[50/192], entropy: 0.2262, uncertainty: 1.9009, uncertainty_coeffi: 0.0100, loss: 0.1407, lr: 4.95e-05
     Epoch[17] Iteration[60/192], entropy: 0.1669, uncertainty: 1.6288, uncertainty_coeffi: 0.0100, loss: 0.1418, lr: 1.73e-05
     Epoch[17] Iteration[70/192], entropy: 0.4601, uncertainty: 1.5030, uncertainty_coeffi: 0.0100, loss: 0.3284, lr: 8.27e-06
     Epoch[17] Iteration[80/192], entropy: 0.3442, uncertainty: 1.9858, uncertainty_coeffi: 0.0100, loss: 0.2498, lr: 4.95e-05
     Epoch[17] Iteration[90/192], entropy: 0.3124, uncertainty: 1.4126, uncertainty_coeffi: 0.0100, loss: 0.4032, lr: 1.73e-05
     Epoch[17] Iteration[100/192], entropy: 0.3287, uncertainty: 1.8890, uncertainty_coeffi: 0.0100, loss: 0.1860, lr: 8.27e-06
     Epoch[17] Iteration[110/192], entropy: 0.3232, uncertainty: 1.7157, uncertainty_coeffi: 0.0100, loss: 0.9503, lr: 4.95e-05
     Epoch[17] Iteration[120/192], entropy: 0.1520, uncertainty: 1.9371, uncertainty_coeffi: 0.0100, loss: 0.1654, lr: 1.73e-05
     Epoch[17] Iteration[130/192], entropy: 0.3016, uncertainty: 1.4686, uncertainty_coeffi: 0.0100, loss: 0.2442, lr: 8.27e-06
     Epoch[17] Iteration[140/192], entropy: 0.3129, uncertainty: 1.8951, uncertainty_coeffi: 0.0100, loss: 0.3849, lr: 4.95e-05
     Epoch[17] Iteration[150/192], entropy: 0.2434, uncertainty: 1.3866, uncertainty_coeffi: 0.0100, loss: 0.5596, lr: 1.73e-05
     Epoch[17] Iteration[160/192], entropy: 0.2140, uncertainty: 1.7003, uncertainty_coeffi: 0.0100, loss: 0.2985, lr: 8.27e-06
     Epoch[17] Iteration[170/192], entropy: 0.2365, uncertainty: 1.2047, uncertainty_coeffi: 0.0100, loss: 0.4546, lr: 4.95e-05
     Epoch[17] Iteration[180/192], entropy: 0.2909, uncertainty: 1.7626, uncertainty_coeffi: 0.0100, loss: 0.4635, lr: 1.73e-05
     Epoch[17] Iteration[190/192], entropy: 0.2690, uncertainty: 1.3703, uncertainty_coeffi: 0.0100, loss: 0.2812, lr: 8.27e-06
     Averaged stats: entropy_avg: 0.2740, uncertainty_avg: 1.6617, uncertainty_coeffi_avg: 0.0100, loss_avg: 0.3287, lr_avg: 2.41e-05
     itm tta time 0:00:37
     Epoch[18] Iteration[10/192], entropy: 0.2066, uncertainty: 1.4164, uncertainty_coeffi: 0.0100, loss: 0.1731, lr: 4.95e-05
     Epoch[18] Iteration[20/192], entropy: 0.2434, uncertainty: 1.7726, uncertainty_coeffi: 0.0100, loss: 0.1582, lr: 8.27e-06
     Epoch[18] Iteration[30/192], entropy: 0.2502, uncertainty: 2.0743, uncertainty_coeffi: 0.0100, loss: 1.1137, lr: 1.73e-05
     Epoch[18] Iteration[40/192], entropy: 0.3230, uncertainty: 1.7633, uncertainty_coeffi: 0.0100, loss: 0.3088, lr: 4.95e-05
     Epoch[18] Iteration[50/192], entropy: 0.2489, uncertainty: 1.9580, uncertainty_coeffi: 0.0100, loss: 0.1691, lr: 8.27e-06
     Epoch[18] Iteration[60/192], entropy: 0.3003, uncertainty: 1.9956, uncertainty_coeffi: 0.0100, loss: 0.1736, lr: 1.73e-05
     Epoch[18] Iteration[70/192], entropy: 0.3576, uncertainty: 2.2139, uncertainty_coeffi: 0.0100, loss: 0.1704, lr: 4.95e-05
     Epoch[18] Iteration[80/192], entropy: 0.2321, uncertainty: 2.1326, uncertainty_coeffi: 0.0100, loss: 0.1493, lr: 8.27e-06
     Epoch[18] Iteration[90/192], entropy: 0.3772, uncertainty: 2.1247, uncertainty_coeffi: 0.0100, loss: 0.2371, lr: 1.73e-05
     Epoch[18] Iteration[100/192], entropy: 0.2273, uncertainty: 1.2572, uncertainty_coeffi: 0.0100, loss: 0.1446, lr: 4.95e-05
     Epoch[18] Iteration[110/192], entropy: 0.2925, uncertainty: 1.8255, uncertainty_coeffi: 0.0100, loss: 0.1566, lr: 8.27e-06
     Epoch[18] Iteration[120/192], entropy: 0.2217, uncertainty: 1.7248, uncertainty_coeffi: 0.0100, loss: 0.1837, lr: 1.73e-05
     Epoch[18] Iteration[130/192], entropy: 0.2159, uncertainty: 1.6582, uncertainty_coeffi: 0.0100, loss: 0.2584, lr: 4.95e-05
     Epoch[18] Iteration[140/192], entropy: 0.1395, uncertainty: 1.3789, uncertainty_coeffi: 0.0100, loss: 0.1652, lr: 8.27e-06
     Epoch[18] Iteration[150/192], entropy: 0.2323, uncertainty: 1.9264, uncertainty_coeffi: 0.0100, loss: 0.2405, lr: 1.73e-05
     Epoch[18] Iteration[160/192], entropy: 0.2471, uncertainty: 1.8788, uncertainty_coeffi: 0.0100, loss: 0.1922, lr: 4.95e-05
     Epoch[18] Iteration[170/192], entropy: 0.2502, uncertainty: 1.7205, uncertainty_coeffi: 0.0100, loss: 0.2559, lr: 8.27e-06
     Epoch[18] Iteration[180/192], entropy: 0.1834, uncertainty: 1.7851, uncertainty_coeffi: 0.0100, loss: 0.1434, lr: 1.73e-05
     Epoch[18] Iteration[190/192], entropy: 0.2267, uncertainty: 1.6158, uncertainty_coeffi: 0.0100, loss: 0.1394, lr: 4.95e-05
     Averaged stats: entropy_avg: 0.2514, uncertainty_avg: 1.8012, uncertainty_coeffi_avg: 0.0100, loss_avg: 0.2386, lr_avg: 2.63e-05
     itm tta time 0:00:36
     Epoch[19] Iteration[10/192], entropy: 0.2614, uncertainty: 1.6581, uncertainty_coeffi: 0.0100, loss: 0.5188, lr: 2.16e-06
     Epoch[19] Iteration[20/192], entropy: 0.2689, uncertainty: 1.9212, uncertainty_coeffi: 0.0100, loss: 0.1551, lr: 2.76e-05
     Epoch[19] Iteration[30/192], entropy: 0.2809, uncertainty: 1.4065, uncertainty_coeffi: 0.0100, loss: 0.2960, lr: 4.52e-05
     Epoch[19] Iteration[40/192], entropy: 0.2319, uncertainty: 1.5522, uncertainty_coeffi: 0.0100, loss: 0.1577, lr: 2.16e-06
     Epoch[19] Iteration[50/192], entropy: 0.2168, uncertainty: 1.5992, uncertainty_coeffi: 0.0100, loss: 0.2548, lr: 2.76e-05
     Epoch[19] Iteration[60/192], entropy: 0.2932, uncertainty: 1.9816, uncertainty_coeffi: 0.0100, loss: 0.3143, lr: 4.52e-05
     Epoch[19] Iteration[70/192], entropy: 0.2783, uncertainty: 1.9409, uncertainty_coeffi: 0.0100, loss: 0.2016, lr: 2.16e-06
     Epoch[19] Iteration[80/192], entropy: 0.1827, uncertainty: 1.4759, uncertainty_coeffi: 0.0100, loss: 0.2410, lr: 2.76e-05
     Epoch[19] Iteration[90/192], entropy: 0.1521, uncertainty: 1.6755, uncertainty_coeffi: 0.0100, loss: 0.1569, lr: 4.52e-05
     Epoch[19] Iteration[100/192], entropy: 0.2808, uncertainty: 2.0395, uncertainty_coeffi: 0.0100, loss: 0.1477, lr: 2.16e-06
     Epoch[19] Iteration[110/192], entropy: 0.2070, uncertainty: 1.6116, uncertainty_coeffi: 0.0100, loss: 0.3084, lr: 2.76e-05
     Epoch[19] Iteration[120/192], entropy: 0.2500, uncertainty: 1.7360, uncertainty_coeffi: 0.0100, loss: 0.1738, lr: 4.52e-05
     Epoch[19] Iteration[130/192], entropy: 0.3035, uncertainty: 1.5917, uncertainty_coeffi: 0.0100, loss: 0.4105, lr: 2.16e-06
     Epoch[19] Iteration[140/192], entropy: 0.3168, uncertainty: 1.2082, uncertainty_coeffi: 0.0100, loss: 0.3993, lr: 2.76e-05
     Epoch[19] Iteration[150/192], entropy: 0.3113, uncertainty: 1.7806, uncertainty_coeffi: 0.0100, loss: 0.1771, lr: 4.52e-05
     Epoch[19] Iteration[160/192], entropy: 0.2638, uncertainty: 1.6769, uncertainty_coeffi: 0.0100, loss: 0.6780, lr: 2.16e-06
     Epoch[19] Iteration[170/192], entropy: 0.2436, uncertainty: 1.6801, uncertainty_coeffi: 0.0100, loss: 0.1614, lr: 2.76e-05
     Epoch[19] Iteration[180/192], entropy: 0.1532, uncertainty: 1.5992, uncertainty_coeffi: 0.0100, loss: 0.1301, lr: 4.52e-05
     Epoch[19] Iteration[190/192], entropy: 0.2890, uncertainty: 1.6936, uncertainty_coeffi: 0.0100, loss: 0.2041, lr: 2.16e-06
     Averaged stats: entropy_avg: 0.2518, uncertainty_avg: 1.6752, uncertainty_coeffi_avg: 0.0100, loss_avg: 0.2677, lr_avg: 2.38e-05
     itm tta time 0:00:36
### TTA Eval Score: 
+-------+--------+--------+--------+--------+--------+
| epoch |   R1   |   R5   |  R10   |  mAP   |  mINP  |
+-------+--------+--------+--------+--------+--------+
|  -999 | 70.598 | 86.891 | 91.780 | 63.391 | 47.063 |
|   0   | 70.647 | 86.907 | 91.878 | 63.441 | 47.137 |
|   1   | 70.630 | 86.907 | 91.878 | 63.435 | 47.153 |
|   2   | 70.582 | 86.907 | 91.943 | 63.432 | 47.187 |
|   4   | 70.630 | 86.858 | 91.878 | 63.385 | 47.143 |
|   9   | 70.533 | 86.826 | 91.683 | 63.278 | 47.063 |
|   14  | 70.322 | 86.761 | 91.634 | 63.192 | 47.005 |
|   19  | 70.013 | 86.647 | 91.602 | 63.068 | 46.922 |
+-------+--------+--------+--------+--------+--------+
     logs:  {'epo': 19, 'R1': 70.013, 'R5': 86.647, 'R10': 91.602, 'mAP': 63.068, 'mINP': 46.922, 'entropy': 0.2518490215665416, 'uncertainty': 1.675184689070049, 'uncertainty_coeffi': 0.009999999776482582, 'loss': 0.26771539920254755, 'lr': 2.379796650310186e-05}
### best epoch 0 : {'epo': '0', 'R1': '70.647', 'R5': '86.907', 'R10': '91.878', 'mAP': '63.441', 'mINP': '47.137', 'entropy': '0.2788025234874926', 'uncertainty': '1.7735233871560347', 'uncertainty_coeffi': '0.009999999776482582', 'loss': '0.31364359353718', 'lr': '2.5728199796919323e-05'}
### Time 0:13:21
