Not using distributed mode
### Hyper-parameters:
     output_dir: output/ham_rstp_tta_best2/exp0.1.4/2025090120104
     seed: 42
     device: cuda
     batch_size_tta: 32
     epochs: 30
     lr: 0.001
### Creating test dataset
     test_txt_set: 2000    test_img_set: 1000
     test_txt_loader: 4    test_img_loader: 2
### Creating model
Training Model with ['sdm', 'id', 'mlm'] tasks
Resized position embedding from size:torch.Size([1, 197, 768]) to size: torch.Size([1, 193, 768]) with height:24 width: 8
     Total Params Sum:  190789493
### Zero-Shot Score: 
/data2/jiahao/task/IRRA/tta.py:261: FutureWarning: `torch.cuda.amp.GradScaler(args...)` is deprecated. Please use `torch.amp.GradScaler('cuda', args...)` instead.
  scaler = GradScaler()  # bf16
+-------+--------+--------+--------+--------+--------+
| epoch |   R1   |   R5   |  R10   |  mAP   |  mINP  |
+-------+--------+--------+--------+--------+--------+
|  -999 | 58.850 | 79.600 | 87.150 | 44.108 | 20.897 |
+-------+--------+--------+--------+--------+--------+
### TTA:
### Compute Cos Similarity Uncertainty
     preprocess_tta_coefficients  start
     sample selection ...
     number of sample after sample_selection: 2000
     uncertainty ...
     preprocess_tta_coefficients  end
### Creating TTA dataset
     tta_dataset: 2000
### Creating tta dataloader
### be careful: func create_loader returns a list length of 1
     tta_loader: 62
### Configure adapted weights
     TTA Dropout Modules: 
 []
     TTA Require Gradient Params: 
 [('base_model.transformer.resblocks.0.ln_1.weight', torch.Size([512])), ('base_model.transformer.resblocks.0.ln_1.bias', torch.Size([512])), ('base_model.transformer.resblocks.0.ln_2.weight', torch.Size([512])), ('base_model.transformer.resblocks.0.ln_2.bias', torch.Size([512])), ('base_model.transformer.resblocks.1.ln_1.weight', torch.Size([512])), ('base_model.transformer.resblocks.1.ln_1.bias', torch.Size([512])), ('base_model.transformer.resblocks.1.ln_2.weight', torch.Size([512])), ('base_model.transformer.resblocks.1.ln_2.bias', torch.Size([512])), ('base_model.transformer.resblocks.2.ln_1.weight', torch.Size([512])), ('base_model.transformer.resblocks.2.ln_1.bias', torch.Size([512])), ('base_model.transformer.resblocks.2.ln_2.weight', torch.Size([512])), ('base_model.transformer.resblocks.2.ln_2.bias', torch.Size([512])), ('base_model.transformer.resblocks.3.ln_1.weight', torch.Size([512])), ('base_model.transformer.resblocks.3.ln_1.bias', torch.Size([512])), ('base_model.transformer.resblocks.3.ln_2.weight', torch.Size([512])), ('base_model.transformer.resblocks.3.ln_2.bias', torch.Size([512])), ('base_model.transformer.resblocks.4.ln_1.weight', torch.Size([512])), ('base_model.transformer.resblocks.4.ln_1.bias', torch.Size([512])), ('base_model.transformer.resblocks.4.ln_2.weight', torch.Size([512])), ('base_model.transformer.resblocks.4.ln_2.bias', torch.Size([512])), ('base_model.transformer.resblocks.5.ln_1.weight', torch.Size([512])), ('base_model.transformer.resblocks.5.ln_1.bias', torch.Size([512])), ('base_model.transformer.resblocks.5.ln_2.weight', torch.Size([512])), ('base_model.transformer.resblocks.5.ln_2.bias', torch.Size([512])), ('base_model.transformer.resblocks.6.ln_1.weight', torch.Size([512])), ('base_model.transformer.resblocks.6.ln_1.bias', torch.Size([512])), ('base_model.transformer.resblocks.6.ln_2.weight', torch.Size([512])), ('base_model.transformer.resblocks.6.ln_2.bias', torch.Size([512])), ('base_model.transformer.resblocks.7.ln_1.weight', torch.Size([512])), ('base_model.transformer.resblocks.7.ln_1.bias', torch.Size([512])), ('base_model.transformer.resblocks.7.ln_2.weight', torch.Size([512])), ('base_model.transformer.resblocks.7.ln_2.bias', torch.Size([512])), ('base_model.transformer.resblocks.8.ln_1.weight', torch.Size([512])), ('base_model.transformer.resblocks.8.ln_1.bias', torch.Size([512])), ('base_model.transformer.resblocks.8.ln_2.weight', torch.Size([512])), ('base_model.transformer.resblocks.8.ln_2.bias', torch.Size([512])), ('base_model.transformer.resblocks.9.ln_1.weight', torch.Size([512])), ('base_model.transformer.resblocks.9.ln_1.bias', torch.Size([512])), ('base_model.transformer.resblocks.9.ln_2.weight', torch.Size([512])), ('base_model.transformer.resblocks.9.ln_2.bias', torch.Size([512])), ('base_model.transformer.resblocks.10.ln_1.weight', torch.Size([512])), ('base_model.transformer.resblocks.10.ln_1.bias', torch.Size([512])), ('base_model.transformer.resblocks.10.ln_2.weight', torch.Size([512])), ('base_model.transformer.resblocks.10.ln_2.bias', torch.Size([512])), ('base_model.transformer.resblocks.11.ln_1.weight', torch.Size([512])), ('base_model.transformer.resblocks.11.ln_1.bias', torch.Size([512])), ('base_model.transformer.resblocks.11.ln_2.weight', torch.Size([512])), ('base_model.transformer.resblocks.11.ln_2.bias', torch.Size([512])), ('base_model.ln_final.weight', torch.Size([512])), ('base_model.ln_final.bias', torch.Size([512]))]
     TTA Dropout Modules Number: 
 0
     TTA Require Gradient Params Sum: 
 25600
Using 5.0 times learning rate for random init module 
### Start Test Time Adaptation
/data2/jiahao/task/IRRA/tta.py:65: FutureWarning: `torch.cuda.amp.autocast(args...)` is deprecated. Please use `torch.amp.autocast('cuda', args...)` instead.
  with torch.cuda.amp.autocast(enabled=True):
     Epoch[0] Iteration[10/62], entropy: 0.6236, loss: 0.6236, lr: 9.05e-04
     Epoch[0] Iteration[20/62], entropy: 0.7438, loss: 0.7438, lr: 3.45e-04
     Epoch[0] Iteration[30/62], entropy: 0.7534, loss: 0.7534, lr: 0.00e+00
     Epoch[0] Iteration[40/62], entropy: 0.7197, loss: 0.7197, lr: 3.45e-04
     Epoch[0] Iteration[50/62], entropy: 0.7552, loss: 0.7552, lr: 9.05e-04
     Epoch[0] Iteration[60/62], entropy: 0.6993, loss: 0.6993, lr: 9.05e-04
     Averaged stats: entropy: 0.6075, loss: 0.6075, lr: 8.19e-04
     itm tta time 0:00:07
### TTA Eval Score: 
+-------+--------+--------+--------+--------+--------+
| epoch |   R1   |   R5   |  R10   |  mAP   |  mINP  |
+-------+--------+--------+--------+--------+--------+
|  -999 | 58.850 | 79.600 | 87.150 | 44.108 | 20.897 |
|   0   | 45.400 | 71.300 | 81.400 | 35.929 | 16.626 |
+-------+--------+--------+--------+--------+--------+
     logs:  {'epo': 0, 'R1': 45.4, 'R5': 71.3, 'R10': 81.4, 'mAP': 35.929, 'mINP': 16.626, 'entropy': 0.715820292631785, 'loss': 0.715820292631785, 'lr': 0.0005674180828645789}
     Epoch[1] Iteration[10/62], entropy: 0.5264, loss: 0.5264, lr: 2.32e-04
     Epoch[1] Iteration[20/62], entropy: 0.6805, loss: 0.6805, lr: 1.57e-05
     Epoch[1] Iteration[30/62], entropy: 0.5895, loss: 0.5895, lr: 4.69e-04
     Epoch[1] Iteration[40/62], entropy: 0.5502, loss: 0.5502, lr: 9.65e-04
     Epoch[1] Iteration[50/62], entropy: 0.5558, loss: 0.5558, lr: 8.19e-04
     Epoch[1] Iteration[60/62], entropy: 0.5958, loss: 0.5958, lr: 2.32e-04
     Averaged stats: entropy: 0.4415, loss: 0.4415, lr: 1.36e-04
     itm tta time 0:00:07
### TTA Eval Score: 
+-------+--------+--------+--------+--------+--------+
| epoch |   R1   |   R5   |  R10   |  mAP   |  mINP  |
+-------+--------+--------+--------+--------+--------+
|  -999 | 58.850 | 79.600 | 87.150 | 44.108 | 20.897 |
|   0   | 45.400 | 71.300 | 81.400 | 35.929 | 16.626 |
|   1   | 26.250 | 53.650 | 66.000 | 23.389 | 10.748 |
+-------+--------+--------+--------+--------+--------+
     logs:  {'epo': 1, 'R1': 26.25, 'R5': 53.65, 'R10': 66.0, 'mAP': 23.389, 'mINP': 10.748, 'entropy': 0.5830223262310028, 'loss': 0.5830223262310028, 'lr': 0.0004553477670850838}
     Epoch[2] Iteration[10/62], entropy: 0.4239, loss: 0.4239, lr: 6.18e-05
     Epoch[2] Iteration[20/62], entropy: 0.5807, loss: 0.5807, lr: 5.94e-04
     Epoch[2] Iteration[30/62], entropy: 0.4362, loss: 0.4362, lr: 9.96e-04
     Epoch[2] Iteration[40/62], entropy: 0.5499, loss: 0.5499, lr: 7.13e-04
     Epoch[2] Iteration[50/62], entropy: 0.4122, loss: 0.4122, lr: 1.36e-04
     Epoch[2] Iteration[60/62], entropy: 0.5099, loss: 0.5099, lr: 6.18e-05
     Averaged stats: entropy: 0.4202, loss: 0.4202, lr: 1.36e-04
     itm tta time 0:00:06
### TTA Eval Score: 
+-------+--------+--------+--------+--------+--------+
| epoch |   R1   |   R5   |  R10   |  mAP   |  mINP  |
+-------+--------+--------+--------+--------+--------+
|  -999 | 58.850 | 79.600 | 87.150 | 44.108 | 20.897 |
|   0   | 45.400 | 71.300 | 81.400 | 35.929 | 16.626 |
|   1   | 26.250 | 53.650 | 66.000 | 23.389 | 10.748 |
|   2   | 17.500 | 42.800 | 57.100 | 17.450 | 8.300  |
+-------+--------+--------+--------+--------+--------+
     logs:  {'epo': 2, 'R1': 17.5, 'R5': 42.8, 'R10': 57.1, 'mAP': 17.45, 'mINP': 8.3, 'entropy': 0.4854531039794286, 'loss': 0.4854531039794286, 'lr': 0.00042697444332967776}
     Epoch[3] Iteration[10/62], entropy: 0.5261, loss: 0.5261, lr: 7.13e-04
     Epoch[3] Iteration[20/62], entropy: 0.4395, loss: 0.4395, lr: 9.96e-04
     Epoch[3] Iteration[30/62], entropy: 0.3420, loss: 0.3420, lr: 5.94e-04
     Epoch[3] Iteration[40/62], entropy: 0.3764, loss: 0.3764, lr: 6.18e-05
     Epoch[3] Iteration[50/62], entropy: 0.5306, loss: 0.5306, lr: 1.36e-04
     Epoch[3] Iteration[60/62], entropy: 0.5497, loss: 0.5497, lr: 7.13e-04
     Averaged stats: entropy: 0.4563, loss: 0.4563, lr: 8.19e-04
     itm tta time 0:00:06
### TTA Eval Score: 
+-------+--------+--------+--------+--------+--------+
| epoch |   R1   |   R5   |  R10   |  mAP   |  mINP  |
+-------+--------+--------+--------+--------+--------+
|  -999 | 58.850 | 79.600 | 87.150 | 44.108 | 20.897 |
|   0   | 45.400 | 71.300 | 81.400 | 35.929 | 16.626 |
|   1   | 26.250 | 53.650 | 66.000 | 23.389 | 10.748 |
|   2   | 17.500 | 42.800 | 57.100 | 17.450 | 8.300  |
|   3   | 10.100 | 32.750 | 48.000 | 12.997 | 6.541  |
+-------+--------+--------+--------+--------+--------+
     logs:  {'epo': 3, 'R1': 10.1, 'R5': 32.75, 'R10': 48.0, 'mAP': 12.997, 'mINP': 6.541, 'entropy': 0.46071334183216095, 'loss': 0.46071334183216095, 'lr': 0.000535481607630423}
     Epoch[4] Iteration[10/62], entropy: 0.4026, loss: 0.4026, lr: 9.65e-04
     Epoch[4] Iteration[20/62], entropy: 0.3945, loss: 0.3945, lr: 4.69e-04
     Epoch[4] Iteration[30/62], entropy: 0.4836, loss: 0.4836, lr: 1.57e-05
     Epoch[4] Iteration[40/62], entropy: 0.3618, loss: 0.3618, lr: 2.32e-04
     Epoch[4] Iteration[50/62], entropy: 0.4159, loss: 0.4159, lr: 8.19e-04
     Epoch[4] Iteration[60/62], entropy: 0.4456, loss: 0.4456, lr: 9.65e-04
     Averaged stats: entropy: 0.3745, loss: 0.3745, lr: 9.05e-04
     itm tta time 0:00:06
### TTA Eval Score: 
+-------+--------+--------+--------+--------+--------+
| epoch |   R1   |   R5   |  R10   |  mAP   |  mINP  |
+-------+--------+--------+--------+--------+--------+
|  -999 | 58.850 | 79.600 | 87.150 | 44.108 | 20.897 |
|   0   | 45.400 | 71.300 | 81.400 | 35.929 | 16.626 |
|   1   | 26.250 | 53.650 | 66.000 | 23.389 | 10.748 |
|   2   | 17.500 | 42.800 | 57.100 | 17.450 | 8.300  |
|   3   | 10.100 | 32.750 | 48.000 | 12.997 | 6.541  |
|   4   | 7.650  | 26.100 | 40.150 | 10.218 | 5.288  |
+-------+--------+--------+--------+--------+--------+
     logs:  {'epo': 4, 'R1': 7.65, 'R5': 26.1, 'R10': 40.15, 'mAP': 10.218, 'mINP': 5.288, 'entropy': 0.41733788947264355, 'loss': 0.41733788947264355, 'lr': 0.0005774813738240215}
     Epoch[5] Iteration[10/62], entropy: 0.5609, loss: 0.5609, lr: 3.45e-04
     Epoch[5] Iteration[20/62], entropy: 0.4466, loss: 0.4466, lr: 0.00e+00
     Epoch[5] Iteration[30/62], entropy: 0.4460, loss: 0.4460, lr: 3.45e-04
     Epoch[5] Iteration[40/62], entropy: 0.3812, loss: 0.3812, lr: 9.05e-04
     Epoch[5] Iteration[50/62], entropy: 0.3680, loss: 0.3680, lr: 9.05e-04
     Epoch[5] Iteration[60/62], entropy: 0.3696, loss: 0.3696, lr: 3.45e-04
     Averaged stats: entropy: 0.3423, loss: 0.3423, lr: 2.32e-04
     itm tta time 0:00:07
### TTA Eval Score: 
+-------+--------+--------+--------+--------+--------+
| epoch |   R1   |   R5   |  R10   |  mAP   |  mINP  |
+-------+--------+--------+--------+--------+--------+
|  -999 | 58.850 | 79.600 | 87.150 | 44.108 | 20.897 |
|   0   | 45.400 | 71.300 | 81.400 | 35.929 | 16.626 |
|   1   | 26.250 | 53.650 | 66.000 | 23.389 | 10.748 |
|   2   | 17.500 | 42.800 | 57.100 | 17.450 | 8.300  |
|   3   | 10.100 | 32.750 | 48.000 | 12.997 | 6.541  |
|   4   | 7.650  | 26.100 | 40.150 | 10.218 | 5.288  |
|   5   | 6.350  | 22.750 | 35.050 | 8.679  | 4.526  |
+-------+--------+--------+--------+--------+--------+
     logs:  {'epo': 5, 'R1': 6.35, 'R5': 22.75, 'R10': 35.05, 'mAP': 8.679, 'mINP': 4.526, 'entropy': 0.42871274550755817, 'loss': 0.42871274550755817, 'lr': 0.000474248583802089}
     Epoch[6] Iteration[10/62], entropy: 0.4372, loss: 0.4372, lr: 1.57e-05
     Epoch[6] Iteration[20/62], entropy: 0.5054, loss: 0.5054, lr: 4.69e-04
     Epoch[6] Iteration[30/62], entropy: 0.4412, loss: 0.4412, lr: 9.65e-04
     Epoch[6] Iteration[40/62], entropy: 0.4080, loss: 0.4080, lr: 8.19e-04
     Epoch[6] Iteration[50/62], entropy: 0.3740, loss: 0.3740, lr: 2.32e-04
     Epoch[6] Iteration[60/62], entropy: 0.3623, loss: 0.3623, lr: 1.57e-05
     Averaged stats: entropy: 0.3393, loss: 0.3393, lr: 6.18e-05
     itm tta time 0:00:06
### TTA Eval Score: 
+-------+--------+--------+--------+--------+--------+
| epoch |   R1   |   R5   |  R10   |  mAP   |  mINP  |
+-------+--------+--------+--------+--------+--------+
|  -999 | 58.850 | 79.600 | 87.150 | 44.108 | 20.897 |
|   0   | 45.400 | 71.300 | 81.400 | 35.929 | 16.626 |
|   1   | 26.250 | 53.650 | 66.000 | 23.389 | 10.748 |
|   2   | 17.500 | 42.800 | 57.100 | 17.450 | 8.300  |
|   3   | 10.100 | 32.750 | 48.000 | 12.997 | 6.541  |
|   4   | 7.650  | 26.100 | 40.150 | 10.218 | 5.288  |
|   5   | 6.350  | 22.750 | 35.050 | 8.679  | 4.526  |
|   6   | 5.550  | 20.100 | 32.350 | 7.748  | 4.103  |
+-------+--------+--------+--------+--------+--------+
     logs:  {'epo': 6, 'R1': 5.55, 'R5': 20.1, 'R10': 32.35, 'mAP': 7.748, 'mINP': 4.103, 'entropy': 0.42135938505331677, 'loss': 0.42135938505331677, 'lr': 0.0004192847365726139}
     Epoch[7] Iteration[10/62], entropy: 0.3931, loss: 0.3931, lr: 5.94e-04
     Epoch[7] Iteration[20/62], entropy: 0.3615, loss: 0.3615, lr: 9.96e-04
     Epoch[7] Iteration[30/62], entropy: 0.4348, loss: 0.4348, lr: 7.13e-04
     Epoch[7] Iteration[40/62], entropy: 0.3371, loss: 0.3371, lr: 1.36e-04
     Epoch[7] Iteration[50/62], entropy: 0.4449, loss: 0.4449, lr: 6.18e-05
     Epoch[7] Iteration[60/62], entropy: 0.2742, loss: 0.2742, lr: 5.94e-04
     Averaged stats: entropy: 0.4384, loss: 0.4384, lr: 7.13e-04
     itm tta time 0:00:06
### TTA Eval Score: 
+-------+--------+--------+--------+--------+--------+
| epoch |   R1   |   R5   |  R10   |  mAP   |  mINP  |
+-------+--------+--------+--------+--------+--------+
|  -999 | 58.850 | 79.600 | 87.150 | 44.108 | 20.897 |
|   0   | 45.400 | 71.300 | 81.400 | 35.929 | 16.626 |
|   1   | 26.250 | 53.650 | 66.000 | 23.389 | 10.748 |
|   2   | 17.500 | 42.800 | 57.100 | 17.450 | 8.300  |
|   3   | 10.100 | 32.750 | 48.000 | 12.997 | 6.541  |
|   4   | 7.650  | 26.100 | 40.150 | 10.218 | 5.288  |
|   5   | 6.350  | 22.750 | 35.050 | 8.679  | 4.526  |
|   6   | 5.550  | 20.100 | 32.350 | 7.748  | 4.103  |
|   7   | 4.050  | 18.350 | 30.550 | 7.007  | 3.780  |
+-------+--------+--------+--------+--------+--------+
     logs:  {'epo': 7, 'R1': 4.05, 'R5': 18.35, 'R10': 30.55, 'mAP': 7.007, 'mINP': 3.78, 'entropy': 0.37426672875881195, 'loss': 0.37426672875881195, 'lr': 0.0005156151095488086}
     Epoch[8] Iteration[10/62], entropy: 0.3574, loss: 0.3574, lr: 9.96e-04
     Epoch[8] Iteration[20/62], entropy: 0.3195, loss: 0.3195, lr: 5.94e-04
     Epoch[8] Iteration[30/62], entropy: 0.4062, loss: 0.4062, lr: 6.18e-05
     Epoch[8] Iteration[40/62], entropy: 0.4485, loss: 0.4485, lr: 1.36e-04
     Epoch[8] Iteration[50/62], entropy: 0.3907, loss: 0.3907, lr: 7.13e-04
     Epoch[8] Iteration[60/62], entropy: 0.3447, loss: 0.3447, lr: 9.96e-04
     Averaged stats: entropy: 0.3733, loss: 0.3733, lr: 9.65e-04
     itm tta time 0:00:07
### TTA Eval Score: 
+-------+--------+--------+--------+--------+--------+
| epoch |   R1   |   R5   |  R10   |  mAP   |  mINP  |
+-------+--------+--------+--------+--------+--------+
|  -999 | 58.850 | 79.600 | 87.150 | 44.108 | 20.897 |
|   0   | 45.400 | 71.300 | 81.400 | 35.929 | 16.626 |
|   1   | 26.250 | 53.650 | 66.000 | 23.389 | 10.748 |
|   2   | 17.500 | 42.800 | 57.100 | 17.450 | 8.300  |
|   3   | 10.100 | 32.750 | 48.000 | 12.997 | 6.541  |
|   4   | 7.650  | 26.100 | 40.150 | 10.218 | 5.288  |
|   5   | 6.350  | 22.750 | 35.050 | 8.679  | 4.526  |
|   6   | 5.550  | 20.100 | 32.350 | 7.748  | 4.103  |
|   7   | 4.050  | 18.350 | 30.550 | 7.007  | 3.780  |
|   8   | 3.450  | 17.000 | 28.550 | 6.475  | 3.457  |
+-------+--------+--------+--------+--------+--------+
     logs:  {'epo': 8, 'R1': 3.45, 'R5': 17.0, 'R10': 28.55, 'mAP': 6.475, 'mINP': 3.457, 'entropy': 0.3778413087129593, 'loss': 0.3778413087129593, 'lr': 0.0005826762251095401}
     Epoch[9] Iteration[10/62], entropy: 0.4237, loss: 0.4237, lr: 4.69e-04
     Epoch[9] Iteration[20/62], entropy: 0.4318, loss: 0.4318, lr: 1.57e-05
     Epoch[9] Iteration[30/62], entropy: 0.2930, loss: 0.2930, lr: 2.32e-04
     Epoch[9] Iteration[40/62], entropy: 0.3305, loss: 0.3305, lr: 8.19e-04
     Epoch[9] Iteration[50/62], entropy: 0.3917, loss: 0.3917, lr: 9.65e-04
     Epoch[9] Iteration[60/62], entropy: 0.3503, loss: 0.3503, lr: 4.69e-04
     Averaged stats: entropy: 0.3650, loss: 0.3650, lr: 3.45e-04
     itm tta time 0:00:06
### TTA Eval Score: 
+-------+--------+--------+--------+--------+--------+
| epoch |   R1   |   R5   |  R10   |  mAP   |  mINP  |
+-------+--------+--------+--------+--------+--------+
|  -999 | 58.850 | 79.600 | 87.150 | 44.108 | 20.897 |
|   0   | 45.400 | 71.300 | 81.400 | 35.929 | 16.626 |
|   1   | 26.250 | 53.650 | 66.000 | 23.389 | 10.748 |
|   2   | 17.500 | 42.800 | 57.100 | 17.450 | 8.300  |
|   3   | 10.100 | 32.750 | 48.000 | 12.997 | 6.541  |
|   4   | 7.650  | 26.100 | 40.150 | 10.218 | 5.288  |
|   5   | 6.350  | 22.750 | 35.050 | 8.679  | 4.526  |
|   6   | 5.550  | 20.100 | 32.350 | 7.748  | 4.103  |
|   7   | 4.050  | 18.350 | 30.550 | 7.007  | 3.780  |
|   8   | 3.450  | 17.000 | 28.550 | 6.475  | 3.457  |
|   9   | 3.350  | 15.950 | 27.050 | 6.138  | 3.282  |
+-------+--------+--------+--------+--------+--------+
     logs:  {'epo': 9, 'R1': 3.35, 'R5': 15.95, 'R10': 27.05, 'mAP': 6.138, 'mINP': 3.282, 'entropy': 0.3701699326435725, 'loss': 0.3701699326435725, 'lr': 0.0004947674567058904}
     Epoch[10] Iteration[10/62], entropy: 0.3681, loss: 0.3681, lr: 0.00e+00
     Epoch[10] Iteration[20/62], entropy: 0.3368, loss: 0.3368, lr: 3.45e-04
     Epoch[10] Iteration[30/62], entropy: 0.3599, loss: 0.3599, lr: 9.05e-04
     Epoch[10] Iteration[40/62], entropy: 0.2750, loss: 0.2750, lr: 9.05e-04
     Epoch[10] Iteration[50/62], entropy: 0.2352, loss: 0.2352, lr: 3.45e-04
     Epoch[10] Iteration[60/62], entropy: 0.3249, loss: 0.3249, lr: 0.00e+00
     Averaged stats: entropy: 0.3173, loss: 0.3173, lr: 1.57e-05
     itm tta time 0:00:06
### TTA Eval Score: 
+-------+--------+--------+--------+--------+--------+
| epoch |   R1   |   R5   |  R10   |  mAP   |  mINP  |
+-------+--------+--------+--------+--------+--------+
|  -999 | 58.850 | 79.600 | 87.150 | 44.108 | 20.897 |
|   0   | 45.400 | 71.300 | 81.400 | 35.929 | 16.626 |
|   1   | 26.250 | 53.650 | 66.000 | 23.389 | 10.748 |
|   2   | 17.500 | 42.800 | 57.100 | 17.450 | 8.300  |
|   3   | 10.100 | 32.750 | 48.000 | 12.997 | 6.541  |
|   4   | 7.650  | 26.100 | 40.150 | 10.218 | 5.288  |
|   5   | 6.350  | 22.750 | 35.050 | 8.679  | 4.526  |
|   6   | 5.550  | 20.100 | 32.350 | 7.748  | 4.103  |
|   7   | 4.050  | 18.350 | 30.550 | 7.007  | 3.780  |
|   8   | 3.450  | 17.000 | 28.550 | 6.475  | 3.457  |
|   9   | 3.350  | 15.950 | 27.050 | 6.138  | 3.282  |
|   10  | 3.150  | 16.150 | 26.750 | 5.969  | 3.218  |
+-------+--------+--------+--------+--------+--------+
     logs:  {'epo': 10, 'R1': 3.15, 'R5': 16.15, 'R10': 26.75, 'mAP': 5.969, 'mINP': 3.218, 'entropy': 0.31666890283425647, 'loss': 0.31666890283425647, 'lr': 0.00041666666666666653}
     Epoch[11] Iteration[10/62], entropy: 0.3376, loss: 0.3376, lr: 4.69e-04
     Epoch[11] Iteration[20/62], entropy: 0.3578, loss: 0.3578, lr: 9.65e-04
     Epoch[11] Iteration[30/62], entropy: 0.3228, loss: 0.3228, lr: 8.19e-04
     Epoch[11] Iteration[40/62], entropy: 0.3354, loss: 0.3354, lr: 2.32e-04
     Epoch[11] Iteration[50/62], entropy: 0.3235, loss: 0.3235, lr: 1.57e-05
     Epoch[11] Iteration[60/62], entropy: 0.3526, loss: 0.3526, lr: 4.69e-04
     Averaged stats: entropy: 0.3252, loss: 0.3252, lr: 5.94e-04
     itm tta time 0:00:07
### TTA Eval Score: 
+-------+--------+--------+--------+--------+--------+
| epoch |   R1   |   R5   |  R10   |  mAP   |  mINP  |
+-------+--------+--------+--------+--------+--------+
|  -999 | 58.850 | 79.600 | 87.150 | 44.108 | 20.897 |
|   0   | 45.400 | 71.300 | 81.400 | 35.929 | 16.626 |
|   1   | 26.250 | 53.650 | 66.000 | 23.389 | 10.748 |
|   2   | 17.500 | 42.800 | 57.100 | 17.450 | 8.300  |
|   3   | 10.100 | 32.750 | 48.000 | 12.997 | 6.541  |
|   4   | 7.650  | 26.100 | 40.150 | 10.218 | 5.288  |
|   5   | 6.350  | 22.750 | 35.050 | 8.679  | 4.526  |
|   6   | 5.550  | 20.100 | 32.350 | 7.748  | 4.103  |
|   7   | 4.050  | 18.350 | 30.550 | 7.007  | 3.780  |
|   8   | 3.450  | 17.000 | 28.550 | 6.475  | 3.457  |
|   9   | 3.350  | 15.950 | 27.050 | 6.138  | 3.282  |
|   10  | 3.150  | 16.150 | 26.750 | 5.969  | 3.218  |
|   11  | 2.950  | 15.450 | 25.650 | 5.740  | 3.068  |
+-------+--------+--------+--------+--------+--------+
     logs:  {'epo': 11, 'R1': 2.95, 'R5': 15.45, 'R10': 25.65, 'mAP': 5.74, 'mINP': 3.068, 'entropy': 0.3382686028877894, 'loss': 0.3382686028877894, 'lr': 0.0004947674567058899}
     Epoch[12] Iteration[10/62], entropy: 0.4251, loss: 0.4251, lr: 9.96e-04
     Epoch[12] Iteration[20/62], entropy: 0.4275, loss: 0.4275, lr: 7.13e-04
     Epoch[12] Iteration[30/62], entropy: 0.2862, loss: 0.2862, lr: 1.36e-04
     Epoch[12] Iteration[40/62], entropy: 0.3155, loss: 0.3155, lr: 6.18e-05
     Epoch[12] Iteration[50/62], entropy: 0.3668, loss: 0.3668, lr: 5.94e-04
     Epoch[12] Iteration[60/62], entropy: 0.3721, loss: 0.3721, lr: 9.96e-04
     Averaged stats: entropy: 0.3781, loss: 0.3781, lr: 9.96e-04
     itm tta time 0:00:07
### TTA Eval Score: 
+-------+--------+--------+--------+--------+--------+
| epoch |   R1   |   R5   |  R10   |  mAP   |  mINP  |
+-------+--------+--------+--------+--------+--------+
|  -999 | 58.850 | 79.600 | 87.150 | 44.108 | 20.897 |
|   0   | 45.400 | 71.300 | 81.400 | 35.929 | 16.626 |
|   1   | 26.250 | 53.650 | 66.000 | 23.389 | 10.748 |
|   2   | 17.500 | 42.800 | 57.100 | 17.450 | 8.300  |
|   3   | 10.100 | 32.750 | 48.000 | 12.997 | 6.541  |
|   4   | 7.650  | 26.100 | 40.150 | 10.218 | 5.288  |
|   5   | 6.350  | 22.750 | 35.050 | 8.679  | 4.526  |
|   6   | 5.550  | 20.100 | 32.350 | 7.748  | 4.103  |
|   7   | 4.050  | 18.350 | 30.550 | 7.007  | 3.780  |
|   8   | 3.450  | 17.000 | 28.550 | 6.475  | 3.457  |
|   9   | 3.350  | 15.950 | 27.050 | 6.138  | 3.282  |
|   10  | 3.150  | 16.150 | 26.750 | 5.969  | 3.218  |
|   11  | 2.950  | 15.450 | 25.650 | 5.740  | 3.068  |
|   12  | 2.750  | 14.350 | 24.400 | 5.298  | 2.861  |
+-------+--------+--------+--------+--------+--------+
     logs:  {'epo': 12, 'R1': 2.75, 'R5': 14.35, 'R10': 24.4, 'mAP': 5.298, 'mINP': 2.861, 'entropy': 0.365529124935468, 'loss': 0.365529124935468, 'lr': 0.0005826762251095401}
     Epoch[13] Iteration[10/62], entropy: 0.4089, loss: 0.4089, lr: 5.94e-04
     Epoch[13] Iteration[20/62], entropy: 0.3470, loss: 0.3470, lr: 6.18e-05
     Epoch[13] Iteration[30/62], entropy: 0.3631, loss: 0.3631, lr: 1.36e-04
     Epoch[13] Iteration[40/62], entropy: 0.3932, loss: 0.3932, lr: 7.13e-04
     Epoch[13] Iteration[50/62], entropy: 0.4123, loss: 0.4123, lr: 9.96e-04
     Epoch[13] Iteration[60/62], entropy: 0.2964, loss: 0.2964, lr: 5.94e-04
     Averaged stats: entropy: 0.2946, loss: 0.2946, lr: 4.69e-04
     itm tta time 0:00:08
### TTA Eval Score: 
+-------+--------+--------+--------+--------+--------+
| epoch |   R1   |   R5   |  R10   |  mAP   |  mINP  |
+-------+--------+--------+--------+--------+--------+
|  -999 | 58.850 | 79.600 | 87.150 | 44.108 | 20.897 |
|   0   | 45.400 | 71.300 | 81.400 | 35.929 | 16.626 |
|   1   | 26.250 | 53.650 | 66.000 | 23.389 | 10.748 |
|   2   | 17.500 | 42.800 | 57.100 | 17.450 | 8.300  |
|   3   | 10.100 | 32.750 | 48.000 | 12.997 | 6.541  |
|   4   | 7.650  | 26.100 | 40.150 | 10.218 | 5.288  |
|   5   | 6.350  | 22.750 | 35.050 | 8.679  | 4.526  |
|   6   | 5.550  | 20.100 | 32.350 | 7.748  | 4.103  |
|   7   | 4.050  | 18.350 | 30.550 | 7.007  | 3.780  |
|   8   | 3.450  | 17.000 | 28.550 | 6.475  | 3.457  |
|   9   | 3.350  | 15.950 | 27.050 | 6.138  | 3.282  |
|   10  | 3.150  | 16.150 | 26.750 | 5.969  | 3.218  |
|   11  | 2.950  | 15.450 | 25.650 | 5.740  | 3.068  |
|   12  | 2.750  | 14.350 | 24.400 | 5.298  | 2.861  |
|   13  | 2.650  | 14.000 | 23.450 | 5.148  | 2.788  |
+-------+--------+--------+--------+--------+--------+
     logs:  {'epo': 13, 'R1': 2.65, 'R5': 14.0, 'R10': 23.45, 'mAP': 5.148, 'mINP': 2.788, 'entropy': 0.3701528509457906, 'loss': 0.3701528509457906, 'lr': 0.0005156151095488116}
     Epoch[14] Iteration[10/62], entropy: 0.3129, loss: 0.3129, lr: 1.57e-05
     Epoch[14] Iteration[20/62], entropy: 0.3858, loss: 0.3858, lr: 2.32e-04
     Epoch[14] Iteration[30/62], entropy: 0.3847, loss: 0.3847, lr: 8.19e-04
     Epoch[14] Iteration[40/62], entropy: 0.3638, loss: 0.3638, lr: 9.65e-04
     Epoch[14] Iteration[50/62], entropy: 0.3062, loss: 0.3062, lr: 4.69e-04
     Epoch[14] Iteration[60/62], entropy: 0.2999, loss: 0.2999, lr: 1.57e-05
     Averaged stats: entropy: 0.3098, loss: 0.3098, lr: 0.00e+00
     itm tta time 0:00:07
### TTA Eval Score: 
+-------+--------+--------+--------+--------+--------+
| epoch |   R1   |   R5   |  R10   |  mAP   |  mINP  |
+-------+--------+--------+--------+--------+--------+
|  -999 | 58.850 | 79.600 | 87.150 | 44.108 | 20.897 |
|   0   | 45.400 | 71.300 | 81.400 | 35.929 | 16.626 |
|   1   | 26.250 | 53.650 | 66.000 | 23.389 | 10.748 |
|   2   | 17.500 | 42.800 | 57.100 | 17.450 | 8.300  |
|   3   | 10.100 | 32.750 | 48.000 | 12.997 | 6.541  |
|   4   | 7.650  | 26.100 | 40.150 | 10.218 | 5.288  |
|   5   | 6.350  | 22.750 | 35.050 | 8.679  | 4.526  |
|   6   | 5.550  | 20.100 | 32.350 | 7.748  | 4.103  |
|   7   | 4.050  | 18.350 | 30.550 | 7.007  | 3.780  |
|   8   | 3.450  | 17.000 | 28.550 | 6.475  | 3.457  |
|   9   | 3.350  | 15.950 | 27.050 | 6.138  | 3.282  |
|   10  | 3.150  | 16.150 | 26.750 | 5.969  | 3.218  |
|   11  | 2.950  | 15.450 | 25.650 | 5.740  | 3.068  |
|   12  | 2.750  | 14.350 | 24.400 | 5.298  | 2.861  |
|   13  | 2.650  | 14.000 | 23.450 | 5.148  | 2.788  |
|   14  | 2.350  | 12.750 | 22.600 | 4.810  | 2.655  |
+-------+--------+--------+--------+--------+--------+
     logs:  {'epo': 14, 'R1': 2.35, 'R5': 12.75, 'R10': 22.6, 'mAP': 4.81, 'mINP': 2.655, 'entropy': 0.3422222137451172, 'loss': 0.3422222137451172, 'lr': 0.0004192847365726133}
     Epoch[15] Iteration[10/62], entropy: 0.3793, loss: 0.3793, lr: 3.45e-04
     Epoch[15] Iteration[20/62], entropy: 0.3720, loss: 0.3720, lr: 9.05e-04
     Epoch[15] Iteration[30/62], entropy: 0.2811, loss: 0.2811, lr: 9.05e-04
     Epoch[15] Iteration[40/62], entropy: 0.3200, loss: 0.3200, lr: 3.45e-04
     Epoch[15] Iteration[50/62], entropy: 0.3436, loss: 0.3436, lr: 0.00e+00
     Epoch[15] Iteration[60/62], entropy: 0.3496, loss: 0.3496, lr: 3.45e-04
     Averaged stats: entropy: 0.2615, loss: 0.2615, lr: 4.69e-04
     itm tta time 0:00:08
### TTA Eval Score: 
+-------+--------+--------+--------+--------+--------+
| epoch |   R1   |   R5   |  R10   |  mAP   |  mINP  |
+-------+--------+--------+--------+--------+--------+
|  -999 | 58.850 | 79.600 | 87.150 | 44.108 | 20.897 |
|   0   | 45.400 | 71.300 | 81.400 | 35.929 | 16.626 |
|   1   | 26.250 | 53.650 | 66.000 | 23.389 | 10.748 |
|   2   | 17.500 | 42.800 | 57.100 | 17.450 | 8.300  |
|   3   | 10.100 | 32.750 | 48.000 | 12.997 | 6.541  |
|   4   | 7.650  | 26.100 | 40.150 | 10.218 | 5.288  |
|   5   | 6.350  | 22.750 | 35.050 | 8.679  | 4.526  |
|   6   | 5.550  | 20.100 | 32.350 | 7.748  | 4.103  |
|   7   | 4.050  | 18.350 | 30.550 | 7.007  | 3.780  |
|   8   | 3.450  | 17.000 | 28.550 | 6.475  | 3.457  |
|   9   | 3.350  | 15.950 | 27.050 | 6.138  | 3.282  |
|   10  | 3.150  | 16.150 | 26.750 | 5.969  | 3.218  |
|   11  | 2.950  | 15.450 | 25.650 | 5.740  | 3.068  |
|   12  | 2.750  | 14.350 | 24.400 | 5.298  | 2.861  |
|   13  | 2.650  | 14.000 | 23.450 | 5.148  | 2.788  |
|   14  | 2.350  | 12.750 | 22.600 | 4.810  | 2.655  |
|   15  | 2.200  | 12.750 | 22.300 | 4.722  | 2.601  |
+-------+--------+--------+--------+--------+--------+
     logs:  {'epo': 15, 'R1': 2.2, 'R5': 12.75, 'R10': 22.3, 'mAP': 4.722, 'mINP': 2.601, 'entropy': 0.3409132808446884, 'loss': 0.3409132808446884, 'lr': 0.00047424858380208483}
     Epoch[16] Iteration[10/62], entropy: 0.2720, loss: 0.2720, lr: 9.65e-04
     Epoch[16] Iteration[20/62], entropy: 0.3058, loss: 0.3058, lr: 8.19e-04
     Epoch[16] Iteration[30/62], entropy: 0.2428, loss: 0.2428, lr: 2.32e-04
     Epoch[16] Iteration[40/62], entropy: 0.4289, loss: 0.4289, lr: 1.57e-05
     Epoch[16] Iteration[50/62], entropy: 0.2558, loss: 0.2558, lr: 4.69e-04
     Epoch[16] Iteration[60/62], entropy: 0.2718, loss: 0.2718, lr: 9.65e-04
     Averaged stats: entropy: 0.3392, loss: 0.3392, lr: 9.96e-04
     itm tta time 0:00:08
### TTA Eval Score: 
+-------+--------+--------+--------+--------+--------+
| epoch |   R1   |   R5   |  R10   |  mAP   |  mINP  |
+-------+--------+--------+--------+--------+--------+
|  -999 | 58.850 | 79.600 | 87.150 | 44.108 | 20.897 |
|   0   | 45.400 | 71.300 | 81.400 | 35.929 | 16.626 |
|   1   | 26.250 | 53.650 | 66.000 | 23.389 | 10.748 |
|   2   | 17.500 | 42.800 | 57.100 | 17.450 | 8.300  |
|   3   | 10.100 | 32.750 | 48.000 | 12.997 | 6.541  |
|   4   | 7.650  | 26.100 | 40.150 | 10.218 | 5.288  |
|   5   | 6.350  | 22.750 | 35.050 | 8.679  | 4.526  |
|   6   | 5.550  | 20.100 | 32.350 | 7.748  | 4.103  |
|   7   | 4.050  | 18.350 | 30.550 | 7.007  | 3.780  |
|   8   | 3.450  | 17.000 | 28.550 | 6.475  | 3.457  |
|   9   | 3.350  | 15.950 | 27.050 | 6.138  | 3.282  |
|   10  | 3.150  | 16.150 | 26.750 | 5.969  | 3.218  |
|   11  | 2.950  | 15.450 | 25.650 | 5.740  | 3.068  |
|   12  | 2.750  | 14.350 | 24.400 | 5.298  | 2.861  |
|   13  | 2.650  | 14.000 | 23.450 | 5.148  | 2.788  |
|   14  | 2.350  | 12.750 | 22.600 | 4.810  | 2.655  |
|   15  | 2.200  | 12.750 | 22.300 | 4.722  | 2.601  |
|   16  | 2.100  | 11.850 | 21.050 | 4.444  | 2.490  |
+-------+--------+--------+--------+--------+--------+
     logs:  {'epo': 16, 'R1': 2.1, 'R5': 11.85, 'R10': 21.05, 'mAP': 4.444, 'mINP': 2.49, 'entropy': 0.2961830869317055, 'loss': 0.2961830869317055, 'lr': 0.0005774813738240203}
     Epoch[17] Iteration[10/62], entropy: 0.2342, loss: 0.2342, lr: 7.13e-04
     Epoch[17] Iteration[20/62], entropy: 0.3335, loss: 0.3335, lr: 1.36e-04
     Epoch[17] Iteration[30/62], entropy: 0.3020, loss: 0.3020, lr: 6.18e-05
     Epoch[17] Iteration[40/62], entropy: 0.2399, loss: 0.2399, lr: 5.94e-04
     Epoch[17] Iteration[50/62], entropy: 0.2302, loss: 0.2302, lr: 9.96e-04
     Epoch[17] Iteration[60/62], entropy: 0.3091, loss: 0.3091, lr: 7.13e-04
     Averaged stats: entropy: 0.2641, loss: 0.2641, lr: 5.94e-04
     itm tta time 0:00:07
### TTA Eval Score: 
+-------+--------+--------+--------+--------+--------+
| epoch |   R1   |   R5   |  R10   |  mAP   |  mINP  |
+-------+--------+--------+--------+--------+--------+
|  -999 | 58.850 | 79.600 | 87.150 | 44.108 | 20.897 |
|   0   | 45.400 | 71.300 | 81.400 | 35.929 | 16.626 |
|   1   | 26.250 | 53.650 | 66.000 | 23.389 | 10.748 |
|   2   | 17.500 | 42.800 | 57.100 | 17.450 | 8.300  |
|   3   | 10.100 | 32.750 | 48.000 | 12.997 | 6.541  |
|   4   | 7.650  | 26.100 | 40.150 | 10.218 | 5.288  |
|   5   | 6.350  | 22.750 | 35.050 | 8.679  | 4.526  |
|   6   | 5.550  | 20.100 | 32.350 | 7.748  | 4.103  |
|   7   | 4.050  | 18.350 | 30.550 | 7.007  | 3.780  |
|   8   | 3.450  | 17.000 | 28.550 | 6.475  | 3.457  |
|   9   | 3.350  | 15.950 | 27.050 | 6.138  | 3.282  |
|   10  | 3.150  | 16.150 | 26.750 | 5.969  | 3.218  |
|   11  | 2.950  | 15.450 | 25.650 | 5.740  | 3.068  |
|   12  | 2.750  | 14.350 | 24.400 | 5.298  | 2.861  |
|   13  | 2.650  | 14.000 | 23.450 | 5.148  | 2.788  |
|   14  | 2.350  | 12.750 | 22.600 | 4.810  | 2.655  |
|   15  | 2.200  | 12.750 | 22.300 | 4.722  | 2.601  |
|   16  | 2.100  | 11.850 | 21.050 | 4.444  | 2.490  |
|   17  | 1.900  | 11.250 | 19.800 | 4.292  | 2.420  |
+-------+--------+--------+--------+--------+--------+
     logs:  {'epo': 17, 'R1': 1.9, 'R5': 11.25, 'R10': 19.8, 'mAP': 4.292, 'mINP': 2.42, 'entropy': 0.27481066435575485, 'loss': 0.27481066435575485, 'lr': 0.0005354816076304243}
     Epoch[18] Iteration[10/62], entropy: 0.2689, loss: 0.2689, lr: 6.18e-05
     Epoch[18] Iteration[20/62], entropy: 0.3217, loss: 0.3217, lr: 1.36e-04
     Epoch[18] Iteration[30/62], entropy: 0.2850, loss: 0.2850, lr: 7.13e-04
     Epoch[18] Iteration[40/62], entropy: 0.2998, loss: 0.2998, lr: 9.96e-04
     Epoch[18] Iteration[50/62], entropy: 0.2398, loss: 0.2398, lr: 5.94e-04
     Epoch[18] Iteration[60/62], entropy: 0.3346, loss: 0.3346, lr: 6.18e-05
     Averaged stats: entropy: 0.2495, loss: 0.2495, lr: 1.57e-05
     itm tta time 0:00:07
### TTA Eval Score: 
+-------+--------+--------+--------+--------+--------+
| epoch |   R1   |   R5   |  R10   |  mAP   |  mINP  |
+-------+--------+--------+--------+--------+--------+
|  -999 | 58.850 | 79.600 | 87.150 | 44.108 | 20.897 |
|   0   | 45.400 | 71.300 | 81.400 | 35.929 | 16.626 |
|   1   | 26.250 | 53.650 | 66.000 | 23.389 | 10.748 |
|   2   | 17.500 | 42.800 | 57.100 | 17.450 | 8.300  |
|   3   | 10.100 | 32.750 | 48.000 | 12.997 | 6.541  |
|   4   | 7.650  | 26.100 | 40.150 | 10.218 | 5.288  |
|   5   | 6.350  | 22.750 | 35.050 | 8.679  | 4.526  |
|   6   | 5.550  | 20.100 | 32.350 | 7.748  | 4.103  |
|   7   | 4.050  | 18.350 | 30.550 | 7.007  | 3.780  |
|   8   | 3.450  | 17.000 | 28.550 | 6.475  | 3.457  |
|   9   | 3.350  | 15.950 | 27.050 | 6.138  | 3.282  |
|   10  | 3.150  | 16.150 | 26.750 | 5.969  | 3.218  |
|   11  | 2.950  | 15.450 | 25.650 | 5.740  | 3.068  |
|   12  | 2.750  | 14.350 | 24.400 | 5.298  | 2.861  |
|   13  | 2.650  | 14.000 | 23.450 | 5.148  | 2.788  |
|   14  | 2.350  | 12.750 | 22.600 | 4.810  | 2.655  |
|   15  | 2.200  | 12.750 | 22.300 | 4.722  | 2.601  |
|   16  | 2.100  | 11.850 | 21.050 | 4.444  | 2.490  |
|   17  | 1.900  | 11.250 | 19.800 | 4.292  | 2.420  |
|   18  | 2.100  | 11.250 | 19.950 | 4.314  | 2.425  |
+-------+--------+--------+--------+--------+--------+
     logs:  {'epo': 18, 'R1': 2.1, 'R5': 11.25, 'R10': 19.95, 'mAP': 4.314, 'mINP': 2.425, 'entropy': 0.29161997387806576, 'loss': 0.29161997387806576, 'lr': 0.00042697444332967716}
     Epoch[19] Iteration[10/62], entropy: 0.2686, loss: 0.2686, lr: 2.32e-04
     Epoch[19] Iteration[20/62], entropy: 0.2807, loss: 0.2807, lr: 8.19e-04
     Epoch[19] Iteration[30/62], entropy: 0.2656, loss: 0.2656, lr: 9.65e-04
     Epoch[19] Iteration[40/62], entropy: 0.2760, loss: 0.2760, lr: 4.69e-04
     Epoch[19] Iteration[50/62], entropy: 0.4152, loss: 0.4152, lr: 1.57e-05
     Epoch[19] Iteration[60/62], entropy: 0.2710, loss: 0.2710, lr: 2.32e-04
     Averaged stats: entropy: 0.2580, loss: 0.2580, lr: 3.45e-04
     itm tta time 0:00:07
### TTA Eval Score: 
+-------+--------+--------+--------+--------+--------+
| epoch |   R1   |   R5   |  R10   |  mAP   |  mINP  |
+-------+--------+--------+--------+--------+--------+
|  -999 | 58.850 | 79.600 | 87.150 | 44.108 | 20.897 |
|   0   | 45.400 | 71.300 | 81.400 | 35.929 | 16.626 |
|   1   | 26.250 | 53.650 | 66.000 | 23.389 | 10.748 |
|   2   | 17.500 | 42.800 | 57.100 | 17.450 | 8.300  |
|   3   | 10.100 | 32.750 | 48.000 | 12.997 | 6.541  |
|   4   | 7.650  | 26.100 | 40.150 | 10.218 | 5.288  |
|   5   | 6.350  | 22.750 | 35.050 | 8.679  | 4.526  |
|   6   | 5.550  | 20.100 | 32.350 | 7.748  | 4.103  |
|   7   | 4.050  | 18.350 | 30.550 | 7.007  | 3.780  |
|   8   | 3.450  | 17.000 | 28.550 | 6.475  | 3.457  |
|   9   | 3.350  | 15.950 | 27.050 | 6.138  | 3.282  |
|   10  | 3.150  | 16.150 | 26.750 | 5.969  | 3.218  |
|   11  | 2.950  | 15.450 | 25.650 | 5.740  | 3.068  |
|   12  | 2.750  | 14.350 | 24.400 | 5.298  | 2.861  |
|   13  | 2.650  | 14.000 | 23.450 | 5.148  | 2.788  |
|   14  | 2.350  | 12.750 | 22.600 | 4.810  | 2.655  |
|   15  | 2.200  | 12.750 | 22.300 | 4.722  | 2.601  |
|   16  | 2.100  | 11.850 | 21.050 | 4.444  | 2.490  |
|   17  | 1.900  | 11.250 | 19.800 | 4.292  | 2.420  |
|   18  | 2.100  | 11.250 | 19.950 | 4.314  | 2.425  |
|   19  | 1.950  | 10.800 | 19.550 | 4.210  | 2.389  |
+-------+--------+--------+--------+--------+--------+
     logs:  {'epo': 19, 'R1': 1.95, 'R5': 10.8, 'R10': 19.55, 'mAP': 4.21, 'mINP': 2.389, 'entropy': 0.29618582626183826, 'loss': 0.29618582626183826, 'lr': 0.0004553477670850837}
     Epoch[20] Iteration[10/62], entropy: 0.2795, loss: 0.2795, lr: 9.05e-04
     Epoch[20] Iteration[20/62], entropy: 0.3796, loss: 0.3796, lr: 9.05e-04
     Epoch[20] Iteration[30/62], entropy: 0.3506, loss: 0.3506, lr: 3.45e-04
     Epoch[20] Iteration[40/62], entropy: 0.2090, loss: 0.2090, lr: 0.00e+00
     Epoch[20] Iteration[50/62], entropy: 0.3473, loss: 0.3473, lr: 3.45e-04
     Epoch[20] Iteration[60/62], entropy: 0.2614, loss: 0.2614, lr: 9.05e-04
     Averaged stats: entropy: 0.3833, loss: 0.3833, lr: 9.65e-04
     itm tta time 0:00:07
### TTA Eval Score: 
+-------+--------+--------+--------+--------+--------+
| epoch |   R1   |   R5   |  R10   |  mAP   |  mINP  |
+-------+--------+--------+--------+--------+--------+
|  -999 | 58.850 | 79.600 | 87.150 | 44.108 | 20.897 |
|   0   | 45.400 | 71.300 | 81.400 | 35.929 | 16.626 |
|   1   | 26.250 | 53.650 | 66.000 | 23.389 | 10.748 |
|   2   | 17.500 | 42.800 | 57.100 | 17.450 | 8.300  |
|   3   | 10.100 | 32.750 | 48.000 | 12.997 | 6.541  |
|   4   | 7.650  | 26.100 | 40.150 | 10.218 | 5.288  |
|   5   | 6.350  | 22.750 | 35.050 | 8.679  | 4.526  |
|   6   | 5.550  | 20.100 | 32.350 | 7.748  | 4.103  |
|   7   | 4.050  | 18.350 | 30.550 | 7.007  | 3.780  |
|   8   | 3.450  | 17.000 | 28.550 | 6.475  | 3.457  |
|   9   | 3.350  | 15.950 | 27.050 | 6.138  | 3.282  |
|   10  | 3.150  | 16.150 | 26.750 | 5.969  | 3.218  |
|   11  | 2.950  | 15.450 | 25.650 | 5.740  | 3.068  |
|   12  | 2.750  | 14.350 | 24.400 | 5.298  | 2.861  |
|   13  | 2.650  | 14.000 | 23.450 | 5.148  | 2.788  |
|   14  | 2.350  | 12.750 | 22.600 | 4.810  | 2.655  |
|   15  | 2.200  | 12.750 | 22.300 | 4.722  | 2.601  |
|   16  | 2.100  | 11.850 | 21.050 | 4.444  | 2.490  |
|   17  | 1.900  | 11.250 | 19.800 | 4.292  | 2.420  |
|   18  | 2.100  | 11.250 | 19.950 | 4.314  | 2.425  |
|   19  | 1.950  | 10.800 | 19.550 | 4.210  | 2.389  |
|   20  | 1.900  | 10.650 | 19.050 | 4.105  | 2.331  |
+-------+--------+--------+--------+--------+--------+
     logs:  {'epo': 20, 'R1': 1.9, 'R5': 10.65, 'R10': 19.05, 'mAP': 4.105, 'mINP': 2.331, 'entropy': 0.30455606430768967, 'loss': 0.30455606430768967, 'lr': 0.0005674180828645763}
     Epoch[21] Iteration[10/62], entropy: 0.3161, loss: 0.3161, lr: 8.19e-04
     Epoch[21] Iteration[20/62], entropy: 0.3899, loss: 0.3899, lr: 2.32e-04
     Epoch[21] Iteration[30/62], entropy: 0.2397, loss: 0.2397, lr: 1.57e-05
     Epoch[21] Iteration[40/62], entropy: 0.3678, loss: 0.3678, lr: 4.69e-04
     Epoch[21] Iteration[50/62], entropy: 0.2553, loss: 0.2553, lr: 9.65e-04
     Epoch[21] Iteration[60/62], entropy: 0.3191, loss: 0.3191, lr: 8.19e-04
     Averaged stats: entropy: 0.2602, loss: 0.2602, lr: 7.13e-04
     itm tta time 0:00:07
### TTA Eval Score: 
+-------+--------+--------+--------+--------+--------+
| epoch |   R1   |   R5   |  R10   |  mAP   |  mINP  |
+-------+--------+--------+--------+--------+--------+
|  -999 | 58.850 | 79.600 | 87.150 | 44.108 | 20.897 |
|   0   | 45.400 | 71.300 | 81.400 | 35.929 | 16.626 |
|   1   | 26.250 | 53.650 | 66.000 | 23.389 | 10.748 |
|   2   | 17.500 | 42.800 | 57.100 | 17.450 | 8.300  |
|   3   | 10.100 | 32.750 | 48.000 | 12.997 | 6.541  |
|   4   | 7.650  | 26.100 | 40.150 | 10.218 | 5.288  |
|   5   | 6.350  | 22.750 | 35.050 | 8.679  | 4.526  |
|   6   | 5.550  | 20.100 | 32.350 | 7.748  | 4.103  |
|   7   | 4.050  | 18.350 | 30.550 | 7.007  | 3.780  |
|   8   | 3.450  | 17.000 | 28.550 | 6.475  | 3.457  |
|   9   | 3.350  | 15.950 | 27.050 | 6.138  | 3.282  |
|   10  | 3.150  | 16.150 | 26.750 | 5.969  | 3.218  |
|   11  | 2.950  | 15.450 | 25.650 | 5.740  | 3.068  |
|   12  | 2.750  | 14.350 | 24.400 | 5.298  | 2.861  |
|   13  | 2.650  | 14.000 | 23.450 | 5.148  | 2.788  |
|   14  | 2.350  | 12.750 | 22.600 | 4.810  | 2.655  |
|   15  | 2.200  | 12.750 | 22.300 | 4.722  | 2.601  |
|   16  | 2.100  | 11.850 | 21.050 | 4.444  | 2.490  |
|   17  | 1.900  | 11.250 | 19.800 | 4.292  | 2.420  |
|   18  | 2.100  | 11.250 | 19.950 | 4.314  | 2.425  |
|   19  | 1.950  | 10.800 | 19.550 | 4.210  | 2.389  |
|   20  | 1.900  | 10.650 | 19.050 | 4.105  | 2.331  |
|   21  | 1.900  | 10.300 | 18.500 | 4.019  | 2.288  |
+-------+--------+--------+--------+--------+--------+
     logs:  {'epo': 21, 'R1': 1.9, 'R5': 10.3, 'R10': 18.5, 'mAP': 4.019, 'mINP': 2.288, 'entropy': 0.31465815504391986, 'loss': 0.31465815504391986, 'lr': 0.0005531186658123892}
     Epoch[22] Iteration[10/62], entropy: 0.2394, loss: 0.2394, lr: 1.36e-04
     Epoch[22] Iteration[20/62], entropy: 0.2944, loss: 0.2944, lr: 6.18e-05
     Epoch[22] Iteration[30/62], entropy: 0.2658, loss: 0.2658, lr: 5.94e-04
     Epoch[22] Iteration[40/62], entropy: 0.2255, loss: 0.2255, lr: 9.96e-04
     Epoch[22] Iteration[50/62], entropy: 0.3116, loss: 0.3116, lr: 7.13e-04
     Epoch[22] Iteration[60/62], entropy: 0.4832, loss: 0.4832, lr: 1.36e-04
     Averaged stats: entropy: 0.2979, loss: 0.2979, lr: 6.18e-05
     itm tta time 0:00:07
### TTA Eval Score: 
+-------+--------+--------+--------+--------+--------+
| epoch |   R1   |   R5   |  R10   |  mAP   |  mINP  |
+-------+--------+--------+--------+--------+--------+
|  -999 | 58.850 | 79.600 | 87.150 | 44.108 | 20.897 |
|   0   | 45.400 | 71.300 | 81.400 | 35.929 | 16.626 |
|   1   | 26.250 | 53.650 | 66.000 | 23.389 | 10.748 |
|   2   | 17.500 | 42.800 | 57.100 | 17.450 | 8.300  |
|   3   | 10.100 | 32.750 | 48.000 | 12.997 | 6.541  |
|   4   | 7.650  | 26.100 | 40.150 | 10.218 | 5.288  |
|   5   | 6.350  | 22.750 | 35.050 | 8.679  | 4.526  |
|   6   | 5.550  | 20.100 | 32.350 | 7.748  | 4.103  |
|   7   | 4.050  | 18.350 | 30.550 | 7.007  | 3.780  |
|   8   | 3.450  | 17.000 | 28.550 | 6.475  | 3.457  |
|   9   | 3.350  | 15.950 | 27.050 | 6.138  | 3.282  |
|   10  | 3.150  | 16.150 | 26.750 | 5.969  | 3.218  |
|   11  | 2.950  | 15.450 | 25.650 | 5.740  | 3.068  |
|   12  | 2.750  | 14.350 | 24.400 | 5.298  | 2.861  |
|   13  | 2.650  | 14.000 | 23.450 | 5.148  | 2.788  |
|   14  | 2.350  | 12.750 | 22.600 | 4.810  | 2.655  |
|   15  | 2.200  | 12.750 | 22.300 | 4.722  | 2.601  |
|   16  | 2.100  | 11.850 | 21.050 | 4.444  | 2.490  |
|   17  | 1.900  | 11.250 | 19.800 | 4.292  | 2.420  |
|   18  | 2.100  | 11.250 | 19.950 | 4.314  | 2.425  |
|   19  | 1.950  | 10.800 | 19.550 | 4.210  | 2.389  |
|   20  | 1.900  | 10.650 | 19.050 | 4.105  | 2.331  |
|   21  | 1.900  | 10.300 | 18.500 | 4.019  | 2.288  |
|   22  | 1.950  | 10.500 | 18.700 | 4.001  | 2.287  |
+-------+--------+--------+--------+--------+--------+
     logs:  {'epo': 22, 'R1': 1.95, 'R5': 10.5, 'R10': 18.7, 'mAP': 4.001, 'mINP': 2.287, 'entropy': 0.30332975337902707, 'loss': 0.30332975337902707, 'lr': 0.00043925261438154916}
     Epoch[23] Iteration[10/62], entropy: 0.2485, loss: 0.2485, lr: 1.36e-04
     Epoch[23] Iteration[20/62], entropy: 0.1880, loss: 0.1880, lr: 7.13e-04
     Epoch[23] Iteration[30/62], entropy: 0.2645, loss: 0.2645, lr: 9.96e-04
     Epoch[23] Iteration[40/62], entropy: 0.2486, loss: 0.2486, lr: 5.94e-04
     Epoch[23] Iteration[50/62], entropy: 0.2196, loss: 0.2196, lr: 6.18e-05
     Epoch[23] Iteration[60/62], entropy: 0.2442, loss: 0.2442, lr: 1.36e-04
     Averaged stats: entropy: 0.2864, loss: 0.2864, lr: 2.32e-04
     itm tta time 0:00:07
### TTA Eval Score: 
+-------+--------+--------+--------+--------+--------+
| epoch |   R1   |   R5   |  R10   |  mAP   |  mINP  |
+-------+--------+--------+--------+--------+--------+
|  -999 | 58.850 | 79.600 | 87.150 | 44.108 | 20.897 |
|   0   | 45.400 | 71.300 | 81.400 | 35.929 | 16.626 |
|   1   | 26.250 | 53.650 | 66.000 | 23.389 | 10.748 |
|   2   | 17.500 | 42.800 | 57.100 | 17.450 | 8.300  |
|   3   | 10.100 | 32.750 | 48.000 | 12.997 | 6.541  |
|   4   | 7.650  | 26.100 | 40.150 | 10.218 | 5.288  |
|   5   | 6.350  | 22.750 | 35.050 | 8.679  | 4.526  |
|   6   | 5.550  | 20.100 | 32.350 | 7.748  | 4.103  |
|   7   | 4.050  | 18.350 | 30.550 | 7.007  | 3.780  |
|   8   | 3.450  | 17.000 | 28.550 | 6.475  | 3.457  |
|   9   | 3.350  | 15.950 | 27.050 | 6.138  | 3.282  |
|   10  | 3.150  | 16.150 | 26.750 | 5.969  | 3.218  |
|   11  | 2.950  | 15.450 | 25.650 | 5.740  | 3.068  |
|   12  | 2.750  | 14.350 | 24.400 | 5.298  | 2.861  |
|   13  | 2.650  | 14.000 | 23.450 | 5.148  | 2.788  |
|   14  | 2.350  | 12.750 | 22.600 | 4.810  | 2.655  |
|   15  | 2.200  | 12.750 | 22.300 | 4.722  | 2.601  |
|   16  | 2.100  | 11.850 | 21.050 | 4.444  | 2.490  |
|   17  | 1.900  | 11.250 | 19.800 | 4.292  | 2.420  |
|   18  | 2.100  | 11.250 | 19.950 | 4.314  | 2.425  |
|   19  | 1.950  | 10.800 | 19.550 | 4.210  | 2.389  |
|   20  | 1.900  | 10.650 | 19.050 | 4.105  | 2.331  |
|   21  | 1.900  | 10.300 | 18.500 | 4.019  | 2.288  |
|   22  | 1.950  | 10.500 | 18.700 | 4.001  | 2.287  |
|   23  | 1.850  | 10.250 | 18.200 | 3.887  | 2.228  |
+-------+--------+--------+--------+--------+--------+
     logs:  {'epo': 23, 'R1': 1.85, 'R5': 10.25, 'R10': 18.2, 'mAP': 3.887, 'mINP': 2.228, 'entropy': 0.23555505524079004, 'loss': 0.23555505524079004, 'lr': 0.00043925261438155036}
     Epoch[24] Iteration[10/62], entropy: 0.2276, loss: 0.2276, lr: 8.19e-04
     Epoch[24] Iteration[20/62], entropy: 0.2147, loss: 0.2147, lr: 9.65e-04
     Epoch[24] Iteration[30/62], entropy: 0.2600, loss: 0.2600, lr: 4.69e-04
     Epoch[24] Iteration[40/62], entropy: 0.3192, loss: 0.3192, lr: 1.57e-05
     Epoch[24] Iteration[50/62], entropy: 0.2361, loss: 0.2361, lr: 2.32e-04
     Epoch[24] Iteration[60/62], entropy: 0.3351, loss: 0.3351, lr: 8.19e-04
     Averaged stats: entropy: 0.3147, loss: 0.3147, lr: 9.05e-04
     itm tta time 0:00:08
### TTA Eval Score: 
+-------+--------+--------+--------+--------+--------+
| epoch |   R1   |   R5   |  R10   |  mAP   |  mINP  |
+-------+--------+--------+--------+--------+--------+
|  -999 | 58.850 | 79.600 | 87.150 | 44.108 | 20.897 |
|   0   | 45.400 | 71.300 | 81.400 | 35.929 | 16.626 |
|   1   | 26.250 | 53.650 | 66.000 | 23.389 | 10.748 |
|   2   | 17.500 | 42.800 | 57.100 | 17.450 | 8.300  |
|   3   | 10.100 | 32.750 | 48.000 | 12.997 | 6.541  |
|   4   | 7.650  | 26.100 | 40.150 | 10.218 | 5.288  |
|   5   | 6.350  | 22.750 | 35.050 | 8.679  | 4.526  |
|   6   | 5.550  | 20.100 | 32.350 | 7.748  | 4.103  |
|   7   | 4.050  | 18.350 | 30.550 | 7.007  | 3.780  |
|   8   | 3.450  | 17.000 | 28.550 | 6.475  | 3.457  |
|   9   | 3.350  | 15.950 | 27.050 | 6.138  | 3.282  |
|   10  | 3.150  | 16.150 | 26.750 | 5.969  | 3.218  |
|   11  | 2.950  | 15.450 | 25.650 | 5.740  | 3.068  |
|   12  | 2.750  | 14.350 | 24.400 | 5.298  | 2.861  |
|   13  | 2.650  | 14.000 | 23.450 | 5.148  | 2.788  |
|   14  | 2.350  | 12.750 | 22.600 | 4.810  | 2.655  |
|   15  | 2.200  | 12.750 | 22.300 | 4.722  | 2.601  |
|   16  | 2.100  | 11.850 | 21.050 | 4.444  | 2.490  |
|   17  | 1.900  | 11.250 | 19.800 | 4.292  | 2.420  |
|   18  | 2.100  | 11.250 | 19.950 | 4.314  | 2.425  |
|   19  | 1.950  | 10.800 | 19.550 | 4.210  | 2.389  |
|   20  | 1.900  | 10.650 | 19.050 | 4.105  | 2.331  |
|   21  | 1.900  | 10.300 | 18.500 | 4.019  | 2.288  |
|   22  | 1.950  | 10.500 | 18.700 | 4.001  | 2.287  |
|   23  | 1.850  | 10.250 | 18.200 | 3.887  | 2.228  |
|   24  | 1.900  | 10.050 | 18.400 | 3.922  | 2.246  |
+-------+--------+--------+--------+--------+--------+
     logs:  {'epo': 24, 'R1': 1.9, 'R5': 10.05, 'R10': 18.4, 'mAP': 3.922, 'mINP': 2.246, 'entropy': 0.2654397189617157, 'loss': 0.2654397189617157, 'lr': 0.0005531186658123887}
     Epoch[25] Iteration[10/62], entropy: 0.2108, loss: 0.2108, lr: 9.05e-04
     Epoch[25] Iteration[20/62], entropy: 0.3689, loss: 0.3689, lr: 3.45e-04
     Epoch[25] Iteration[30/62], entropy: 0.2442, loss: 0.2442, lr: 0.00e+00
     Epoch[25] Iteration[40/62], entropy: 0.2714, loss: 0.2714, lr: 3.45e-04
     Epoch[25] Iteration[50/62], entropy: 0.2470, loss: 0.2470, lr: 9.05e-04
     Epoch[25] Iteration[60/62], entropy: 0.2239, loss: 0.2239, lr: 9.05e-04
     Averaged stats: entropy: 0.2509, loss: 0.2509, lr: 8.19e-04
     itm tta time 0:00:07
### TTA Eval Score: 
+-------+--------+--------+--------+--------+--------+
| epoch |   R1   |   R5   |  R10   |  mAP   |  mINP  |
+-------+--------+--------+--------+--------+--------+
|  -999 | 58.850 | 79.600 | 87.150 | 44.108 | 20.897 |
|   0   | 45.400 | 71.300 | 81.400 | 35.929 | 16.626 |
|   1   | 26.250 | 53.650 | 66.000 | 23.389 | 10.748 |
|   2   | 17.500 | 42.800 | 57.100 | 17.450 | 8.300  |
|   3   | 10.100 | 32.750 | 48.000 | 12.997 | 6.541  |
|   4   | 7.650  | 26.100 | 40.150 | 10.218 | 5.288  |
|   5   | 6.350  | 22.750 | 35.050 | 8.679  | 4.526  |
|   6   | 5.550  | 20.100 | 32.350 | 7.748  | 4.103  |
|   7   | 4.050  | 18.350 | 30.550 | 7.007  | 3.780  |
|   8   | 3.450  | 17.000 | 28.550 | 6.475  | 3.457  |
|   9   | 3.350  | 15.950 | 27.050 | 6.138  | 3.282  |
|   10  | 3.150  | 16.150 | 26.750 | 5.969  | 3.218  |
|   11  | 2.950  | 15.450 | 25.650 | 5.740  | 3.068  |
|   12  | 2.750  | 14.350 | 24.400 | 5.298  | 2.861  |
|   13  | 2.650  | 14.000 | 23.450 | 5.148  | 2.788  |
|   14  | 2.350  | 12.750 | 22.600 | 4.810  | 2.655  |
|   15  | 2.200  | 12.750 | 22.300 | 4.722  | 2.601  |
|   16  | 2.100  | 11.850 | 21.050 | 4.444  | 2.490  |
|   17  | 1.900  | 11.250 | 19.800 | 4.292  | 2.420  |
|   18  | 2.100  | 11.250 | 19.950 | 4.314  | 2.425  |
|   19  | 1.950  | 10.800 | 19.550 | 4.210  | 2.389  |
|   20  | 1.900  | 10.650 | 19.050 | 4.105  | 2.331  |
|   21  | 1.900  | 10.300 | 18.500 | 4.019  | 2.288  |
|   22  | 1.950  | 10.500 | 18.700 | 4.001  | 2.287  |
|   23  | 1.850  | 10.250 | 18.200 | 3.887  | 2.228  |
|   24  | 1.900  | 10.050 | 18.400 | 3.922  | 2.246  |
|   25  | 1.950  | 10.300 | 18.450 | 3.952  | 2.252  |
+-------+--------+--------+--------+--------+--------+
     logs:  {'epo': 25, 'R1': 1.95, 'R5': 10.3, 'R10': 18.45, 'mAP': 3.952, 'mINP': 2.252, 'entropy': 0.2610408713420232, 'loss': 0.2610408713420232, 'lr': 0.0005674180828645781}
     Epoch[26] Iteration[10/62], entropy: 0.2095, loss: 0.2095, lr: 2.32e-04
     Epoch[26] Iteration[20/62], entropy: 0.2398, loss: 0.2398, lr: 1.57e-05
     Epoch[26] Iteration[30/62], entropy: 0.3211, loss: 0.3211, lr: 4.69e-04
     Epoch[26] Iteration[40/62], entropy: 0.2931, loss: 0.2931, lr: 9.65e-04
     Epoch[26] Iteration[50/62], entropy: 0.2735, loss: 0.2735, lr: 8.19e-04
     Epoch[26] Iteration[60/62], entropy: 0.3776, loss: 0.3776, lr: 2.32e-04
     Averaged stats: entropy: 0.2942, loss: 0.2942, lr: 1.36e-04
     itm tta time 0:00:07
### TTA Eval Score: 
+-------+--------+--------+--------+--------+--------+
| epoch |   R1   |   R5   |  R10   |  mAP   |  mINP  |
+-------+--------+--------+--------+--------+--------+
|  -999 | 58.850 | 79.600 | 87.150 | 44.108 | 20.897 |
|   0   | 45.400 | 71.300 | 81.400 | 35.929 | 16.626 |
|   1   | 26.250 | 53.650 | 66.000 | 23.389 | 10.748 |
|   2   | 17.500 | 42.800 | 57.100 | 17.450 | 8.300  |
|   3   | 10.100 | 32.750 | 48.000 | 12.997 | 6.541  |
|   4   | 7.650  | 26.100 | 40.150 | 10.218 | 5.288  |
|   5   | 6.350  | 22.750 | 35.050 | 8.679  | 4.526  |
|   6   | 5.550  | 20.100 | 32.350 | 7.748  | 4.103  |
|   7   | 4.050  | 18.350 | 30.550 | 7.007  | 3.780  |
|   8   | 3.450  | 17.000 | 28.550 | 6.475  | 3.457  |
|   9   | 3.350  | 15.950 | 27.050 | 6.138  | 3.282  |
|   10  | 3.150  | 16.150 | 26.750 | 5.969  | 3.218  |
|   11  | 2.950  | 15.450 | 25.650 | 5.740  | 3.068  |
|   12  | 2.750  | 14.350 | 24.400 | 5.298  | 2.861  |
|   13  | 2.650  | 14.000 | 23.450 | 5.148  | 2.788  |
|   14  | 2.350  | 12.750 | 22.600 | 4.810  | 2.655  |
|   15  | 2.200  | 12.750 | 22.300 | 4.722  | 2.601  |
|   16  | 2.100  | 11.850 | 21.050 | 4.444  | 2.490  |
|   17  | 1.900  | 11.250 | 19.800 | 4.292  | 2.420  |
|   18  | 2.100  | 11.250 | 19.950 | 4.314  | 2.425  |
|   19  | 1.950  | 10.800 | 19.550 | 4.210  | 2.389  |
|   20  | 1.900  | 10.650 | 19.050 | 4.105  | 2.331  |
|   21  | 1.900  | 10.300 | 18.500 | 4.019  | 2.288  |
|   22  | 1.950  | 10.500 | 18.700 | 4.001  | 2.287  |
|   23  | 1.850  | 10.250 | 18.200 | 3.887  | 2.228  |
|   24  | 1.900  | 10.050 | 18.400 | 3.922  | 2.246  |
|   25  | 1.950  | 10.300 | 18.450 | 3.952  | 2.252  |
|   26  | 1.950  | 9.850  | 18.150 | 3.878  | 2.213  |
+-------+--------+--------+--------+--------+--------+
     logs:  {'epo': 26, 'R1': 1.95, 'R5': 9.85, 'R10': 18.15, 'mAP': 3.878, 'mINP': 2.213, 'entropy': 0.28577687094608945, 'loss': 0.28577687094608945, 'lr': 0.00045534776708508126}
     Epoch[27] Iteration[10/62], entropy: 0.2283, loss: 0.2283, lr: 6.18e-05
     Epoch[27] Iteration[20/62], entropy: 0.2950, loss: 0.2950, lr: 5.94e-04
     Epoch[27] Iteration[30/62], entropy: 0.2069, loss: 0.2069, lr: 9.96e-04
     Epoch[27] Iteration[40/62], entropy: 0.3014, loss: 0.3014, lr: 7.13e-04
     Epoch[27] Iteration[50/62], entropy: 0.1905, loss: 0.1905, lr: 1.36e-04
     Epoch[27] Iteration[60/62], entropy: 0.2445, loss: 0.2445, lr: 6.18e-05
     Averaged stats: entropy: 0.2906, loss: 0.2906, lr: 1.36e-04
     itm tta time 0:00:07
### TTA Eval Score: 
+-------+--------+--------+--------+--------+--------+
| epoch |   R1   |   R5   |  R10   |  mAP   |  mINP  |
+-------+--------+--------+--------+--------+--------+
|  -999 | 58.850 | 79.600 | 87.150 | 44.108 | 20.897 |
|   0   | 45.400 | 71.300 | 81.400 | 35.929 | 16.626 |
|   1   | 26.250 | 53.650 | 66.000 | 23.389 | 10.748 |
|   2   | 17.500 | 42.800 | 57.100 | 17.450 | 8.300  |
|   3   | 10.100 | 32.750 | 48.000 | 12.997 | 6.541  |
|   4   | 7.650  | 26.100 | 40.150 | 10.218 | 5.288  |
|   5   | 6.350  | 22.750 | 35.050 | 8.679  | 4.526  |
|   6   | 5.550  | 20.100 | 32.350 | 7.748  | 4.103  |
|   7   | 4.050  | 18.350 | 30.550 | 7.007  | 3.780  |
|   8   | 3.450  | 17.000 | 28.550 | 6.475  | 3.457  |
|   9   | 3.350  | 15.950 | 27.050 | 6.138  | 3.282  |
|   10  | 3.150  | 16.150 | 26.750 | 5.969  | 3.218  |
|   11  | 2.950  | 15.450 | 25.650 | 5.740  | 3.068  |
|   12  | 2.750  | 14.350 | 24.400 | 5.298  | 2.861  |
|   13  | 2.650  | 14.000 | 23.450 | 5.148  | 2.788  |
|   14  | 2.350  | 12.750 | 22.600 | 4.810  | 2.655  |
|   15  | 2.200  | 12.750 | 22.300 | 4.722  | 2.601  |
|   16  | 2.100  | 11.850 | 21.050 | 4.444  | 2.490  |
|   17  | 1.900  | 11.250 | 19.800 | 4.292  | 2.420  |
|   18  | 2.100  | 11.250 | 19.950 | 4.314  | 2.425  |
|   19  | 1.950  | 10.800 | 19.550 | 4.210  | 2.389  |
|   20  | 1.900  | 10.650 | 19.050 | 4.105  | 2.331  |
|   21  | 1.900  | 10.300 | 18.500 | 4.019  | 2.288  |
|   22  | 1.950  | 10.500 | 18.700 | 4.001  | 2.287  |
|   23  | 1.850  | 10.250 | 18.200 | 3.887  | 2.228  |
|   24  | 1.900  | 10.050 | 18.400 | 3.922  | 2.246  |
|   25  | 1.950  | 10.300 | 18.450 | 3.952  | 2.252  |
|   26  | 1.950  | 9.850  | 18.150 | 3.878  | 2.213  |
|   27  | 1.950  | 10.100 | 18.350 | 3.890  | 2.222  |
+-------+--------+--------+--------+--------+--------+
     logs:  {'epo': 27, 'R1': 1.95, 'R5': 10.1, 'R10': 18.35, 'mAP': 3.89, 'mINP': 2.222, 'entropy': 0.244445209701856, 'loss': 0.244445209701856, 'lr': 0.0004269744433296771}
     Epoch[28] Iteration[10/62], entropy: 0.2779, loss: 0.2779, lr: 7.13e-04
     Epoch[28] Iteration[20/62], entropy: 0.3179, loss: 0.3179, lr: 9.96e-04
     Epoch[28] Iteration[30/62], entropy: 0.3137, loss: 0.3137, lr: 5.94e-04
     Epoch[28] Iteration[40/62], entropy: 0.2335, loss: 0.2335, lr: 6.18e-05
     Epoch[28] Iteration[50/62], entropy: 0.1927, loss: 0.1927, lr: 1.36e-04
     Epoch[28] Iteration[60/62], entropy: 0.2665, loss: 0.2665, lr: 7.13e-04
     Averaged stats: entropy: 0.2085, loss: 0.2085, lr: 8.19e-04
     itm tta time 0:00:08
### TTA Eval Score: 
+-------+--------+--------+--------+--------+--------+
| epoch |   R1   |   R5   |  R10   |  mAP   |  mINP  |
+-------+--------+--------+--------+--------+--------+
|  -999 | 58.850 | 79.600 | 87.150 | 44.108 | 20.897 |
|   0   | 45.400 | 71.300 | 81.400 | 35.929 | 16.626 |
|   1   | 26.250 | 53.650 | 66.000 | 23.389 | 10.748 |
|   2   | 17.500 | 42.800 | 57.100 | 17.450 | 8.300  |
|   3   | 10.100 | 32.750 | 48.000 | 12.997 | 6.541  |
|   4   | 7.650  | 26.100 | 40.150 | 10.218 | 5.288  |
|   5   | 6.350  | 22.750 | 35.050 | 8.679  | 4.526  |
|   6   | 5.550  | 20.100 | 32.350 | 7.748  | 4.103  |
|   7   | 4.050  | 18.350 | 30.550 | 7.007  | 3.780  |
|   8   | 3.450  | 17.000 | 28.550 | 6.475  | 3.457  |
|   9   | 3.350  | 15.950 | 27.050 | 6.138  | 3.282  |
|   10  | 3.150  | 16.150 | 26.750 | 5.969  | 3.218  |
|   11  | 2.950  | 15.450 | 25.650 | 5.740  | 3.068  |
|   12  | 2.750  | 14.350 | 24.400 | 5.298  | 2.861  |
|   13  | 2.650  | 14.000 | 23.450 | 5.148  | 2.788  |
|   14  | 2.350  | 12.750 | 22.600 | 4.810  | 2.655  |
|   15  | 2.200  | 12.750 | 22.300 | 4.722  | 2.601  |
|   16  | 2.100  | 11.850 | 21.050 | 4.444  | 2.490  |
|   17  | 1.900  | 11.250 | 19.800 | 4.292  | 2.420  |
|   18  | 2.100  | 11.250 | 19.950 | 4.314  | 2.425  |
|   19  | 1.950  | 10.800 | 19.550 | 4.210  | 2.389  |
|   20  | 1.900  | 10.650 | 19.050 | 4.105  | 2.331  |
|   21  | 1.900  | 10.300 | 18.500 | 4.019  | 2.288  |
|   22  | 1.950  | 10.500 | 18.700 | 4.001  | 2.287  |
|   23  | 1.850  | 10.250 | 18.200 | 3.887  | 2.228  |
|   24  | 1.900  | 10.050 | 18.400 | 3.922  | 2.246  |
|   25  | 1.950  | 10.300 | 18.450 | 3.952  | 2.252  |
|   26  | 1.950  | 9.850  | 18.150 | 3.878  | 2.213  |
|   27  | 1.950  | 10.100 | 18.350 | 3.890  | 2.222  |
|   28  | 1.950  | 9.750  | 18.000 | 3.812  | 2.197  |
+-------+--------+--------+--------+--------+--------+
     logs:  {'epo': 28, 'R1': 1.95, 'R5': 9.75, 'R10': 18.0, 'mAP': 3.812, 'mINP': 2.197, 'entropy': 0.2670213927825292, 'loss': 0.2670213927825292, 'lr': 0.0005354816076304196}
     Epoch[29] Iteration[10/62], entropy: 0.2424, loss: 0.2424, lr: 9.65e-04
     Epoch[29] Iteration[20/62], entropy: 0.3389, loss: 0.3389, lr: 4.69e-04
     Epoch[29] Iteration[30/62], entropy: 0.3395, loss: 0.3395, lr: 1.57e-05
     Epoch[29] Iteration[40/62], entropy: 0.2816, loss: 0.2816, lr: 2.32e-04
     Epoch[29] Iteration[50/62], entropy: 0.2510, loss: 0.2510, lr: 8.19e-04
     Epoch[29] Iteration[60/62], entropy: 0.2559, loss: 0.2559, lr: 9.65e-04
     Averaged stats: entropy: 0.2475, loss: 0.2475, lr: 9.05e-04
     itm tta time 0:00:08
### TTA Eval Score: 
+-------+--------+--------+--------+--------+--------+
| epoch |   R1   |   R5   |  R10   |  mAP   |  mINP  |
+-------+--------+--------+--------+--------+--------+
|  -999 | 58.850 | 79.600 | 87.150 | 44.108 | 20.897 |
|   0   | 45.400 | 71.300 | 81.400 | 35.929 | 16.626 |
|   1   | 26.250 | 53.650 | 66.000 | 23.389 | 10.748 |
|   2   | 17.500 | 42.800 | 57.100 | 17.450 | 8.300  |
|   3   | 10.100 | 32.750 | 48.000 | 12.997 | 6.541  |
|   4   | 7.650  | 26.100 | 40.150 | 10.218 | 5.288  |
|   5   | 6.350  | 22.750 | 35.050 | 8.679  | 4.526  |
|   6   | 5.550  | 20.100 | 32.350 | 7.748  | 4.103  |
|   7   | 4.050  | 18.350 | 30.550 | 7.007  | 3.780  |
|   8   | 3.450  | 17.000 | 28.550 | 6.475  | 3.457  |
|   9   | 3.350  | 15.950 | 27.050 | 6.138  | 3.282  |
|   10  | 3.150  | 16.150 | 26.750 | 5.969  | 3.218  |
|   11  | 2.950  | 15.450 | 25.650 | 5.740  | 3.068  |
|   12  | 2.750  | 14.350 | 24.400 | 5.298  | 2.861  |
|   13  | 2.650  | 14.000 | 23.450 | 5.148  | 2.788  |
|   14  | 2.350  | 12.750 | 22.600 | 4.810  | 2.655  |
|   15  | 2.200  | 12.750 | 22.300 | 4.722  | 2.601  |
|   16  | 2.100  | 11.850 | 21.050 | 4.444  | 2.490  |
|   17  | 1.900  | 11.250 | 19.800 | 4.292  | 2.420  |
|   18  | 2.100  | 11.250 | 19.950 | 4.314  | 2.425  |
|   19  | 1.950  | 10.800 | 19.550 | 4.210  | 2.389  |
|   20  | 1.900  | 10.650 | 19.050 | 4.105  | 2.331  |
|   21  | 1.900  | 10.300 | 18.500 | 4.019  | 2.288  |
|   22  | 1.950  | 10.500 | 18.700 | 4.001  | 2.287  |
|   23  | 1.850  | 10.250 | 18.200 | 3.887  | 2.228  |
|   24  | 1.900  | 10.050 | 18.400 | 3.922  | 2.246  |
|   25  | 1.950  | 10.300 | 18.450 | 3.952  | 2.252  |
|   26  | 1.950  | 9.850  | 18.150 | 3.878  | 2.213  |
|   27  | 1.950  | 10.100 | 18.350 | 3.890  | 2.222  |
|   28  | 1.950  | 9.750  | 18.000 | 3.812  | 2.197  |
|   29  | 1.900  | 9.500  | 17.450 | 3.762  | 2.186  |
+-------+--------+--------+--------+--------+--------+
     logs:  {'epo': 29, 'R1': 1.9, 'R5': 9.5, 'R10': 17.45, 'mAP': 3.762, 'mINP': 2.186, 'entropy': 0.2848754972219467, 'loss': 0.2848754972219467, 'lr': 0.0005774813738240182}
### best epoch 0 : {'epo': '0', 'R1': '45.4', 'R5': '71.3', 'R10': '81.4', 'mAP': '35.929', 'mINP': '16.626', 'entropy': '0.715820292631785', 'loss': '0.715820292631785', 'lr': '0.0005674180828645789'}
### Time 0:06:21
