Not using distributed mode
### Hyper-parameters:
     output_dir: output/ham_rstp_tta_best2/exp1.0.4/2025090120355
     seed: 42
     device: cuda
     batch_size_tta: 16
     epochs: 30
     lr: 0.001
### Creating test dataset
     test_txt_set: 2000    test_img_set: 1000
     test_txt_loader: 4    test_img_loader: 2
### Creating model
Training Model with ['sdm', 'id', 'mlm'] tasks
Resized position embedding from size:torch.Size([1, 197, 768]) to size: torch.Size([1, 193, 768]) with height:24 width: 8
     Total Params Sum:  190789493
### Zero-Shot Score: 
/data2/jiahao/task/IRRA/tta.py:261: FutureWarning: `torch.cuda.amp.GradScaler(args...)` is deprecated. Please use `torch.amp.GradScaler('cuda', args...)` instead.
  scaler = GradScaler()  # bf16
+-------+--------+--------+--------+--------+--------+
| epoch |   R1   |   R5   |  R10   |  mAP   |  mINP  |
+-------+--------+--------+--------+--------+--------+
|  -999 | 58.850 | 79.600 | 87.150 | 44.108 | 20.897 |
+-------+--------+--------+--------+--------+--------+
### TTA:
### Compute Cos Similarity Uncertainty
     preprocess_tta_coefficients  start
     sample selection ...
     number of sample after sample_selection: 374
     uncertainty ...
     preprocess_tta_coefficients  end
### Creating TTA dataset
     tta_dataset: 374
### Creating tta dataloader
### be careful: func create_loader returns a list length of 1
     tta_loader: 23
### Configure adapted weights
     TTA Dropout Modules: 
 []
     TTA Require Gradient Params: 
 [('base_model.transformer.resblocks.0.ln_1.weight', torch.Size([512])), ('base_model.transformer.resblocks.0.ln_1.bias', torch.Size([512])), ('base_model.transformer.resblocks.0.ln_2.weight', torch.Size([512])), ('base_model.transformer.resblocks.0.ln_2.bias', torch.Size([512])), ('base_model.transformer.resblocks.1.ln_1.weight', torch.Size([512])), ('base_model.transformer.resblocks.1.ln_1.bias', torch.Size([512])), ('base_model.transformer.resblocks.1.ln_2.weight', torch.Size([512])), ('base_model.transformer.resblocks.1.ln_2.bias', torch.Size([512])), ('base_model.transformer.resblocks.2.ln_1.weight', torch.Size([512])), ('base_model.transformer.resblocks.2.ln_1.bias', torch.Size([512])), ('base_model.transformer.resblocks.2.ln_2.weight', torch.Size([512])), ('base_model.transformer.resblocks.2.ln_2.bias', torch.Size([512])), ('base_model.transformer.resblocks.3.ln_1.weight', torch.Size([512])), ('base_model.transformer.resblocks.3.ln_1.bias', torch.Size([512])), ('base_model.transformer.resblocks.3.ln_2.weight', torch.Size([512])), ('base_model.transformer.resblocks.3.ln_2.bias', torch.Size([512])), ('base_model.transformer.resblocks.4.ln_1.weight', torch.Size([512])), ('base_model.transformer.resblocks.4.ln_1.bias', torch.Size([512])), ('base_model.transformer.resblocks.4.ln_2.weight', torch.Size([512])), ('base_model.transformer.resblocks.4.ln_2.bias', torch.Size([512])), ('base_model.transformer.resblocks.5.ln_1.weight', torch.Size([512])), ('base_model.transformer.resblocks.5.ln_1.bias', torch.Size([512])), ('base_model.transformer.resblocks.5.ln_2.weight', torch.Size([512])), ('base_model.transformer.resblocks.5.ln_2.bias', torch.Size([512])), ('base_model.transformer.resblocks.6.ln_1.weight', torch.Size([512])), ('base_model.transformer.resblocks.6.ln_1.bias', torch.Size([512])), ('base_model.transformer.resblocks.6.ln_2.weight', torch.Size([512])), ('base_model.transformer.resblocks.6.ln_2.bias', torch.Size([512])), ('base_model.transformer.resblocks.7.ln_1.weight', torch.Size([512])), ('base_model.transformer.resblocks.7.ln_1.bias', torch.Size([512])), ('base_model.transformer.resblocks.7.ln_2.weight', torch.Size([512])), ('base_model.transformer.resblocks.7.ln_2.bias', torch.Size([512])), ('base_model.transformer.resblocks.8.ln_1.weight', torch.Size([512])), ('base_model.transformer.resblocks.8.ln_1.bias', torch.Size([512])), ('base_model.transformer.resblocks.8.ln_2.weight', torch.Size([512])), ('base_model.transformer.resblocks.8.ln_2.bias', torch.Size([512])), ('base_model.transformer.resblocks.9.ln_1.weight', torch.Size([512])), ('base_model.transformer.resblocks.9.ln_1.bias', torch.Size([512])), ('base_model.transformer.resblocks.9.ln_2.weight', torch.Size([512])), ('base_model.transformer.resblocks.9.ln_2.bias', torch.Size([512])), ('base_model.transformer.resblocks.10.ln_1.weight', torch.Size([512])), ('base_model.transformer.resblocks.10.ln_1.bias', torch.Size([512])), ('base_model.transformer.resblocks.10.ln_2.weight', torch.Size([512])), ('base_model.transformer.resblocks.10.ln_2.bias', torch.Size([512])), ('base_model.transformer.resblocks.11.ln_1.weight', torch.Size([512])), ('base_model.transformer.resblocks.11.ln_1.bias', torch.Size([512])), ('base_model.transformer.resblocks.11.ln_2.weight', torch.Size([512])), ('base_model.transformer.resblocks.11.ln_2.bias', torch.Size([512])), ('base_model.ln_final.weight', torch.Size([512])), ('base_model.ln_final.bias', torch.Size([512]))]
     TTA Dropout Modules Number: 
 0
     TTA Require Gradient Params Sum: 
 25600
Using 5.0 times learning rate for random init module 
### Start Test Time Adaptation
/data2/jiahao/task/IRRA/tta.py:65: FutureWarning: `torch.cuda.amp.autocast(args...)` is deprecated. Please use `torch.amp.autocast('cuda', args...)` instead.
  with torch.cuda.amp.autocast(enabled=True):
     Epoch[0] Iteration[10/23], entropy: 0.8963, loss: 0.8963, lr: 9.38e-04
     Epoch[0] Iteration[20/23], entropy: 0.6462, loss: 0.6462, lr: 4.06e-04
     Averaged stats: entropy: 0.5304, loss: 0.5304, lr: 2.32e-04
     itm tta time 0:00:03
### TTA Eval Score: 
+-------+--------+--------+--------+--------+--------+
| epoch |   R1   |   R5   |  R10   |  mAP   |  mINP  |
+-------+--------+--------+--------+--------+--------+
|  -999 | 58.850 | 79.600 | 87.150 | 44.108 | 20.897 |
|   0   | 57.450 | 78.850 | 86.750 | 43.631 | 20.915 |
+-------+--------+--------+--------+--------+--------+
     logs:  {'epo': 0, 'R1': 57.45, 'R5': 78.85, 'R10': 86.75, 'mAP': 43.631, 'mINP': 20.915, 'entropy': 0.7712538838386536, 'loss': 0.7712538838386536, 'lr': 0.0006722313413645346}
     Epoch[1] Iteration[10/23], entropy: 0.7231, loss: 0.7231, lr: 1.57e-05
     Epoch[1] Iteration[20/23], entropy: 0.6307, loss: 0.6307, lr: 4.69e-04
     Averaged stats: entropy: 0.7173, loss: 0.7173, lr: 6.55e-04
     itm tta time 0:00:03
### TTA Eval Score: 
+-------+--------+--------+--------+--------+--------+
| epoch |   R1   |   R5   |  R10   |  mAP   |  mINP  |
+-------+--------+--------+--------+--------+--------+
|  -999 | 58.850 | 79.600 | 87.150 | 44.108 | 20.897 |
|   0   | 57.450 | 78.850 | 86.750 | 43.631 | 20.915 |
|   1   | 57.700 | 79.000 | 87.050 | 43.816 | 20.978 |
+-------+--------+--------+--------+--------+--------+
     logs:  {'epo': 1, 'R1': 57.7, 'R5': 79.0, 'R10': 87.05, 'mAP': 43.816, 'mINP': 20.978, 'entropy': 0.6768776774406433, 'loss': 0.6768776774406433, 'lr': 0.0002421565798355139}
     Epoch[2] Iteration[10/23], entropy: 0.6422, loss: 0.6422, lr: 1.00e-03
     Epoch[2] Iteration[20/23], entropy: 0.6698, loss: 0.6698, lr: 6.55e-04
     Averaged stats: entropy: 0.7588, loss: 0.7588, lr: 4.69e-04
     itm tta time 0:00:03
### TTA Eval Score: 
+-------+--------+--------+--------+--------+--------+
| epoch |   R1   |   R5   |  R10   |  mAP   |  mINP  |
+-------+--------+--------+--------+--------+--------+
|  -999 | 58.850 | 79.600 | 87.150 | 44.108 | 20.897 |
|   0   | 57.450 | 78.850 | 86.750 | 43.631 | 20.915 |
|   1   | 57.700 | 79.000 | 87.050 | 43.816 | 20.978 |
|   2   | 58.450 | 79.250 | 87.350 | 44.044 | 21.109 |
+-------+--------+--------+--------+--------+--------+
     logs:  {'epo': 2, 'R1': 58.45, 'R5': 79.25, 'R10': 87.35, 'mAP': 44.044, 'mINP': 21.109, 'entropy': 0.6559897363185883, 'loss': 0.6559897363185883, 'lr': 0.0008272542485937369}
     Epoch[3] Iteration[10/23], entropy: 0.4851, loss: 0.4851, lr: 1.57e-05
     Epoch[3] Iteration[20/23], entropy: 0.5642, loss: 0.5642, lr: 2.32e-04
     Averaged stats: entropy: 0.5523, loss: 0.5523, lr: 4.06e-04
     itm tta time 0:00:03
### TTA Eval Score: 
+-------+--------+--------+--------+--------+--------+
| epoch |   R1   |   R5   |  R10   |  mAP   |  mINP  |
+-------+--------+--------+--------+--------+--------+
|  -999 | 58.850 | 79.600 | 87.150 | 44.108 | 20.897 |
|   0   | 57.450 | 78.850 | 86.750 | 43.631 | 20.915 |
|   1   | 57.700 | 79.000 | 87.050 | 43.816 | 20.978 |
|   2   | 58.450 | 79.250 | 87.350 | 44.044 | 21.109 |
|   3   | 58.200 | 79.400 | 87.400 | 44.100 | 21.165 |
+-------+--------+--------+--------+--------+--------+
     logs:  {'epo': 3, 'R1': 58.2, 'R5': 79.4, 'R10': 87.4, 'mAP': 44.1, 'mINP': 21.165, 'entropy': 0.5246372371912003, 'loss': 0.5246372371912003, 'lr': 0.00012389751097309295}
     Epoch[4] Iteration[10/23], entropy: 0.7372, loss: 0.7372, lr: 9.38e-04
     Epoch[4] Iteration[20/23], entropy: 0.7228, loss: 0.7228, lr: 8.64e-04
     Averaged stats: entropy: 0.4694, loss: 0.4694, lr: 7.13e-04
     itm tta time 0:00:03
### TTA Eval Score: 
+-------+--------+--------+--------+--------+--------+
| epoch |   R1   |   R5   |  R10   |  mAP   |  mINP  |
+-------+--------+--------+--------+--------+--------+
|  -999 | 58.850 | 79.600 | 87.150 | 44.108 | 20.897 |
|   0   | 57.450 | 78.850 | 86.750 | 43.631 | 20.915 |
|   1   | 57.700 | 79.000 | 87.050 | 43.816 | 20.978 |
|   2   | 58.450 | 79.250 | 87.350 | 44.044 | 21.109 |
|   3   | 58.200 | 79.400 | 87.400 | 44.100 | 21.165 |
|   4   | 58.400 | 79.850 | 87.700 | 44.335 | 21.207 |
+-------+--------+--------+--------+--------+--------+
     logs:  {'epo': 4, 'R1': 58.4, 'R5': 79.85, 'R10': 87.7, 'mAP': 44.335, 'mINP': 21.207, 'entropy': 0.7300157248973846, 'loss': 0.7300157248973846, 'lr': 0.0009013188268663186}
     Epoch[5] Iteration[10/23], entropy: 0.5427, loss: 0.5427, lr: 1.36e-04
     Epoch[5] Iteration[20/23], entropy: 0.4295, loss: 0.4295, lr: 6.18e-05
     Averaged stats: entropy: 0.8154, loss: 0.8154, lr: 1.81e-04
     itm tta time 0:00:03
### TTA Eval Score: 
+-------+--------+--------+--------+--------+--------+
| epoch |   R1   |   R5   |  R10   |  mAP   |  mINP  |
+-------+--------+--------+--------+--------+--------+
|  -999 | 58.850 | 79.600 | 87.150 | 44.108 | 20.897 |
|   0   | 57.450 | 78.850 | 86.750 | 43.631 | 20.915 |
|   1   | 57.700 | 79.000 | 87.050 | 43.816 | 20.978 |
|   2   | 58.450 | 79.250 | 87.350 | 44.044 | 21.109 |
|   3   | 58.200 | 79.400 | 87.400 | 44.100 | 21.165 |
|   4   | 58.400 | 79.850 | 87.700 | 44.335 | 21.207 |
|   5   | 58.400 | 79.750 | 87.650 | 44.383 | 21.213 |
+-------+--------+--------+--------+--------+--------+
     logs:  {'epo': 5, 'R1': 58.4, 'R5': 79.75, 'R10': 87.65, 'mAP': 44.383, 'mINP': 21.213, 'entropy': 0.4860537052154541, 'loss': 0.4860537052154541, 'lr': 9.86811731336815e-05}
     Epoch[6] Iteration[10/23], entropy: 0.6591, loss: 0.6591, lr: 7.68e-04
     Epoch[6] Iteration[20/23], entropy: 0.5710, loss: 0.5710, lr: 9.84e-04
     Averaged stats: entropy: 0.5813, loss: 0.5813, lr: 9.05e-04
     itm tta time 0:00:03
### TTA Eval Score: 
+-------+--------+--------+--------+--------+--------+
| epoch |   R1   |   R5   |  R10   |  mAP   |  mINP  |
+-------+--------+--------+--------+--------+--------+
|  -999 | 58.850 | 79.600 | 87.150 | 44.108 | 20.897 |
|   0   | 57.450 | 78.850 | 86.750 | 43.631 | 20.915 |
|   1   | 57.700 | 79.000 | 87.050 | 43.816 | 20.978 |
|   2   | 58.450 | 79.250 | 87.350 | 44.044 | 21.109 |
|   3   | 58.200 | 79.400 | 87.400 | 44.100 | 21.165 |
|   4   | 58.400 | 79.850 | 87.700 | 44.335 | 21.207 |
|   5   | 58.400 | 79.750 | 87.650 | 44.383 | 21.213 |
|   6   | 58.550 | 79.450 | 87.500 | 44.408 | 21.197 |
+-------+--------+--------+--------+--------+--------+
     logs:  {'epo': 6, 'R1': 58.55, 'R5': 79.45, 'R10': 87.5, 'mAP': 44.408, 'mINP': 21.197, 'entropy': 0.6150097548961639, 'loss': 0.6150097548961639, 'lr': 0.0008761024890269066}
     Epoch[7] Iteration[10/23], entropy: 0.6178, loss: 0.6178, lr: 3.45e-04
     Epoch[7] Iteration[20/23], entropy: 0.6712, loss: 0.6712, lr: 0.00e+00
     Averaged stats: entropy: 0.4542, loss: 0.4542, lr: 3.51e-05
     itm tta time 0:00:03
### TTA Eval Score: 
+-------+--------+--------+--------+--------+--------+
| epoch |   R1   |   R5   |  R10   |  mAP   |  mINP  |
+-------+--------+--------+--------+--------+--------+
|  -999 | 58.850 | 79.600 | 87.150 | 44.108 | 20.897 |
|   0   | 57.450 | 78.850 | 86.750 | 43.631 | 20.915 |
|   1   | 57.700 | 79.000 | 87.050 | 43.816 | 20.978 |
|   2   | 58.450 | 79.250 | 87.350 | 44.044 | 21.109 |
|   3   | 58.200 | 79.400 | 87.400 | 44.100 | 21.165 |
|   4   | 58.400 | 79.850 | 87.700 | 44.335 | 21.207 |
|   5   | 58.400 | 79.750 | 87.650 | 44.383 | 21.213 |
|   6   | 58.550 | 79.450 | 87.500 | 44.408 | 21.197 |
|   7   | 58.450 | 79.250 | 87.300 | 44.317 | 21.165 |
+-------+--------+--------+--------+--------+--------+
     logs:  {'epo': 7, 'R1': 58.45, 'R5': 79.25, 'R10': 87.3, 'mAP': 44.317, 'mINP': 21.165, 'entropy': 0.6445079445838928, 'loss': 0.6445079445838928, 'lr': 0.00017274575140626333}
     Epoch[8] Iteration[10/23], entropy: 0.4916, loss: 0.4916, lr: 5.31e-04
     Epoch[8] Iteration[20/23], entropy: 0.5145, loss: 0.5145, lr: 9.84e-04
     Averaged stats: entropy: 0.6710, loss: 0.6710, lr: 9.96e-04
     itm tta time 0:00:03
### TTA Eval Score: 
+-------+--------+--------+--------+--------+--------+
| epoch |   R1   |   R5   |  R10   |  mAP   |  mINP  |
+-------+--------+--------+--------+--------+--------+
|  -999 | 58.850 | 79.600 | 87.150 | 44.108 | 20.897 |
|   0   | 57.450 | 78.850 | 86.750 | 43.631 | 20.915 |
|   1   | 57.700 | 79.000 | 87.050 | 43.816 | 20.978 |
|   2   | 58.450 | 79.250 | 87.350 | 44.044 | 21.109 |
|   3   | 58.200 | 79.400 | 87.400 | 44.100 | 21.165 |
|   4   | 58.400 | 79.850 | 87.700 | 44.335 | 21.207 |
|   5   | 58.400 | 79.750 | 87.650 | 44.383 | 21.213 |
|   6   | 58.550 | 79.450 | 87.500 | 44.408 | 21.197 |
|   7   | 58.450 | 79.250 | 87.300 | 44.317 | 21.165 |
|   8   | 58.500 | 79.550 | 87.450 | 44.334 | 21.161 |
+-------+--------+--------+--------+--------+--------+
     logs:  {'epo': 8, 'R1': 58.5, 'R5': 79.55, 'R10': 87.45, 'mAP': 44.334, 'mINP': 21.161, 'entropy': 0.5030312985181808, 'loss': 0.5030312985181808, 'lr': 0.0007578434201644854}
     Epoch[9] Iteration[10/23], entropy: 0.5232, loss: 0.5232, lr: 5.94e-04
     Epoch[9] Iteration[20/23], entropy: 0.4786, loss: 0.4786, lr: 6.18e-05
     Averaged stats: entropy: 0.6228, loss: 0.6228, lr: 3.94e-06
     itm tta time 0:00:03
### TTA Eval Score: 
+-------+--------+--------+--------+--------+--------+
| epoch |   R1   |   R5   |  R10   |  mAP   |  mINP  |
+-------+--------+--------+--------+--------+--------+
|  -999 | 58.850 | 79.600 | 87.150 | 44.108 | 20.897 |
|   0   | 57.450 | 78.850 | 86.750 | 43.631 | 20.915 |
|   1   | 57.700 | 79.000 | 87.050 | 43.816 | 20.978 |
|   2   | 58.450 | 79.250 | 87.350 | 44.044 | 21.109 |
|   3   | 58.200 | 79.400 | 87.400 | 44.100 | 21.165 |
|   4   | 58.400 | 79.850 | 87.700 | 44.335 | 21.207 |
|   5   | 58.400 | 79.750 | 87.650 | 44.383 | 21.213 |
|   6   | 58.550 | 79.450 | 87.500 | 44.408 | 21.197 |
|   7   | 58.450 | 79.250 | 87.300 | 44.317 | 21.165 |
|   8   | 58.500 | 79.550 | 87.450 | 44.334 | 21.161 |
|   9   | 58.300 | 79.550 | 87.050 | 44.144 | 21.024 |
+-------+--------+--------+--------+--------+--------+
     logs:  {'epo': 9, 'R1': 58.3, 'R5': 79.55, 'R10': 87.05, 'mAP': 44.144, 'mINP': 21.024, 'entropy': 0.5009205192327499, 'loss': 0.5009205192327499, 'lr': 0.0003277686586354659}
     Epoch[10] Iteration[10/23], entropy: 0.4143, loss: 0.4143, lr: 2.87e-04
     Epoch[10] Iteration[20/23], entropy: 0.3748, loss: 0.3748, lr: 8.64e-04
     Averaged stats: entropy: 0.6748, loss: 0.6748, lr: 9.65e-04
     itm tta time 0:00:02
### TTA Eval Score: 
+-------+--------+--------+--------+--------+--------+
| epoch |   R1   |   R5   |  R10   |  mAP   |  mINP  |
+-------+--------+--------+--------+--------+--------+
|  -999 | 58.850 | 79.600 | 87.150 | 44.108 | 20.897 |
|   0   | 57.450 | 78.850 | 86.750 | 43.631 | 20.915 |
|   1   | 57.700 | 79.000 | 87.050 | 43.816 | 20.978 |
|   2   | 58.450 | 79.250 | 87.350 | 44.044 | 21.109 |
|   3   | 58.200 | 79.400 | 87.400 | 44.100 | 21.165 |
|   4   | 58.400 | 79.850 | 87.700 | 44.335 | 21.207 |
|   5   | 58.400 | 79.750 | 87.650 | 44.383 | 21.213 |
|   6   | 58.550 | 79.450 | 87.500 | 44.408 | 21.197 |
|   7   | 58.450 | 79.250 | 87.300 | 44.317 | 21.165 |
|   8   | 58.500 | 79.550 | 87.450 | 44.334 | 21.161 |
|   9   | 58.300 | 79.550 | 87.050 | 44.144 | 21.024 |
|   10  | 57.950 | 79.300 | 87.100 | 43.979 | 20.943 |
+-------+--------+--------+--------+--------+--------+
     logs:  {'epo': 10, 'R1': 57.95, 'R5': 79.3, 'R10': 87.1, 'mAP': 43.979, 'mINP': 20.943, 'entropy': 0.3945264220237732, 'loss': 0.3945264220237732, 'lr': 0.0005757973339640838}
     Epoch[11] Iteration[10/23], entropy: 0.4605, loss: 0.4605, lr: 8.19e-04
     Epoch[11] Iteration[20/23], entropy: 0.4732, loss: 0.4732, lr: 2.32e-04
     Averaged stats: entropy: 0.7046, loss: 0.7046, lr: 9.55e-05
     itm tta time 0:00:03
### TTA Eval Score: 
+-------+--------+--------+--------+--------+--------+
| epoch |   R1   |   R5   |  R10   |  mAP   |  mINP  |
+-------+--------+--------+--------+--------+--------+
|  -999 | 58.850 | 79.600 | 87.150 | 44.108 | 20.897 |
|   0   | 57.450 | 78.850 | 86.750 | 43.631 | 20.915 |
|   1   | 57.700 | 79.000 | 87.050 | 43.816 | 20.978 |
|   2   | 58.450 | 79.250 | 87.350 | 44.044 | 21.109 |
|   3   | 58.200 | 79.400 | 87.400 | 44.100 | 21.165 |
|   4   | 58.400 | 79.850 | 87.700 | 44.335 | 21.207 |
|   5   | 58.400 | 79.750 | 87.650 | 44.383 | 21.213 |
|   6   | 58.550 | 79.450 | 87.500 | 44.408 | 21.197 |
|   7   | 58.450 | 79.250 | 87.300 | 44.317 | 21.165 |
|   8   | 58.500 | 79.550 | 87.450 | 44.334 | 21.161 |
|   9   | 58.300 | 79.550 | 87.050 | 44.144 | 21.024 |
|   10  | 57.950 | 79.300 | 87.100 | 43.979 | 20.943 |
|   11  | 58.100 | 78.850 | 86.850 | 43.889 | 20.837 |
+-------+--------+--------+--------+--------+--------+
     logs:  {'epo': 11, 'R1': 58.1, 'R5': 78.85, 'R10': 86.85, 'mAP': 43.889, 'mINP': 20.837, 'entropy': 0.4668605923652649, 'loss': 0.4668605923652649, 'lr': 0.0005253992986924244}
     Epoch[12] Iteration[10/23], entropy: 0.3690, loss: 0.3690, lr: 9.55e-05
     Epoch[12] Iteration[20/23], entropy: 0.4826, loss: 0.4826, lr: 6.55e-04
     Averaged stats: entropy: 0.6139, loss: 0.6139, lr: 8.19e-04
     itm tta time 0:00:03
### TTA Eval Score: 
+-------+--------+--------+--------+--------+--------+
| epoch |   R1   |   R5   |  R10   |  mAP   |  mINP  |
+-------+--------+--------+--------+--------+--------+
|  -999 | 58.850 | 79.600 | 87.150 | 44.108 | 20.897 |
|   0   | 57.450 | 78.850 | 86.750 | 43.631 | 20.915 |
|   1   | 57.700 | 79.000 | 87.050 | 43.816 | 20.978 |
|   2   | 58.450 | 79.250 | 87.350 | 44.044 | 21.109 |
|   3   | 58.200 | 79.400 | 87.400 | 44.100 | 21.165 |
|   4   | 58.400 | 79.850 | 87.700 | 44.335 | 21.207 |
|   5   | 58.400 | 79.750 | 87.650 | 44.383 | 21.213 |
|   6   | 58.550 | 79.450 | 87.500 | 44.408 | 21.197 |
|   7   | 58.450 | 79.250 | 87.300 | 44.317 | 21.165 |
|   8   | 58.500 | 79.550 | 87.450 | 44.334 | 21.161 |
|   9   | 58.300 | 79.550 | 87.050 | 44.144 | 21.024 |
|   10  | 57.950 | 79.300 | 87.100 | 43.979 | 20.943 |
|   11  | 58.100 | 78.850 | 86.850 | 43.889 | 20.837 |
|   12  | 58.250 | 79.100 | 86.950 | 43.970 | 20.901 |
+-------+--------+--------+--------+--------+--------+
     logs:  {'epo': 12, 'R1': 58.25, 'R5': 79.1, 'R10': 86.95, 'mAP': 43.97, 'mINP': 20.901, 'entropy': 0.42584365606307983, 'loss': 0.42584365606307983, 'lr': 0.00037499999999999947}
     Epoch[13] Iteration[10/23], entropy: 0.3915, loss: 0.3915, lr: 9.65e-04
     Epoch[13] Iteration[20/23], entropy: 0.5253, loss: 0.5253, lr: 4.69e-04
     Averaged stats: entropy: 0.5568, loss: 0.5568, lr: 2.87e-04
     itm tta time 0:00:03
### TTA Eval Score: 
+-------+--------+--------+--------+--------+--------+
| epoch |   R1   |   R5   |  R10   |  mAP   |  mINP  |
+-------+--------+--------+--------+--------+--------+
|  -999 | 58.850 | 79.600 | 87.150 | 44.108 | 20.897 |
|   0   | 57.450 | 78.850 | 86.750 | 43.631 | 20.915 |
|   1   | 57.700 | 79.000 | 87.050 | 43.816 | 20.978 |
|   2   | 58.450 | 79.250 | 87.350 | 44.044 | 21.109 |
|   3   | 58.200 | 79.400 | 87.400 | 44.100 | 21.165 |
|   4   | 58.400 | 79.850 | 87.700 | 44.335 | 21.207 |
|   5   | 58.400 | 79.750 | 87.650 | 44.383 | 21.213 |
|   6   | 58.550 | 79.450 | 87.500 | 44.408 | 21.197 |
|   7   | 58.450 | 79.250 | 87.300 | 44.317 | 21.165 |
|   8   | 58.500 | 79.550 | 87.450 | 44.334 | 21.161 |
|   9   | 58.300 | 79.550 | 87.050 | 44.144 | 21.024 |
|   10  | 57.950 | 79.300 | 87.100 | 43.979 | 20.943 |
|   11  | 58.100 | 78.850 | 86.850 | 43.889 | 20.837 |
|   12  | 58.250 | 79.100 | 86.950 | 43.970 | 20.901 |
|   13  | 57.700 | 78.950 | 86.700 | 43.849 | 20.798 |
+-------+--------+--------+--------+--------+--------+
     logs:  {'epo': 13, 'R1': 57.7, 'R5': 78.95, 'R10': 86.7, 'mAP': 43.849, 'mINP': 20.798, 'entropy': 0.4583922028541565, 'loss': 0.4583922028541565, 'lr': 0.0007167464915897358}
     Epoch[14] Iteration[10/23], entropy: 0.4492, loss: 0.4492, lr: 3.94e-06
     Epoch[14] Iteration[20/23], entropy: 0.3221, loss: 0.3221, lr: 4.06e-04
     Averaged stats: entropy: 0.4592, loss: 0.4592, lr: 5.94e-04
     itm tta time 0:00:03
### TTA Eval Score: 
+-------+--------+--------+--------+--------+--------+
| epoch |   R1   |   R5   |  R10   |  mAP   |  mINP  |
+-------+--------+--------+--------+--------+--------+
|  -999 | 58.850 | 79.600 | 87.150 | 44.108 | 20.897 |
|   0   | 57.450 | 78.850 | 86.750 | 43.631 | 20.915 |
|   1   | 57.700 | 79.000 | 87.050 | 43.816 | 20.978 |
|   2   | 58.450 | 79.250 | 87.350 | 44.044 | 21.109 |
|   3   | 58.200 | 79.400 | 87.400 | 44.100 | 21.165 |
|   4   | 58.400 | 79.850 | 87.700 | 44.335 | 21.207 |
|   5   | 58.400 | 79.750 | 87.650 | 44.383 | 21.213 |
|   6   | 58.550 | 79.450 | 87.500 | 44.408 | 21.197 |
|   7   | 58.450 | 79.250 | 87.300 | 44.317 | 21.165 |
|   8   | 58.500 | 79.550 | 87.450 | 44.334 | 21.161 |
|   9   | 58.300 | 79.550 | 87.050 | 44.144 | 21.024 |
|   10  | 57.950 | 79.300 | 87.100 | 43.979 | 20.943 |
|   11  | 58.100 | 78.850 | 86.850 | 43.889 | 20.837 |
|   12  | 58.250 | 79.100 | 86.950 | 43.970 | 20.901 |
|   13  | 57.700 | 78.950 | 86.700 | 43.849 | 20.798 |
|   14  | 57.950 | 79.000 | 86.550 | 43.888 | 20.812 |
+-------+--------+--------+--------+--------+--------+
     logs:  {'epo': 14, 'R1': 57.95, 'R5': 79.0, 'R10': 86.55, 'mAP': 43.888, 'mINP': 20.812, 'entropy': 0.38566701114177704, 'loss': 0.38566701114177704, 'lr': 0.00020512599602494775}
     Epoch[15] Iteration[10/23], entropy: 0.5390, loss: 0.5390, lr: 9.96e-04
     Epoch[15] Iteration[20/23], entropy: 0.4412, loss: 0.4412, lr: 7.13e-04
     Averaged stats: entropy: 0.5042, loss: 0.5042, lr: 5.31e-04
     itm tta time 0:00:03
### TTA Eval Score: 
+-------+--------+--------+--------+--------+--------+
| epoch |   R1   |   R5   |  R10   |  mAP   |  mINP  |
+-------+--------+--------+--------+--------+--------+
|  -999 | 58.850 | 79.600 | 87.150 | 44.108 | 20.897 |
|   0   | 57.450 | 78.850 | 86.750 | 43.631 | 20.915 |
|   1   | 57.700 | 79.000 | 87.050 | 43.816 | 20.978 |
|   2   | 58.450 | 79.250 | 87.350 | 44.044 | 21.109 |
|   3   | 58.200 | 79.400 | 87.400 | 44.100 | 21.165 |
|   4   | 58.400 | 79.850 | 87.700 | 44.335 | 21.207 |
|   5   | 58.400 | 79.750 | 87.650 | 44.383 | 21.213 |
|   6   | 58.550 | 79.450 | 87.500 | 44.408 | 21.197 |
|   7   | 58.450 | 79.250 | 87.300 | 44.317 | 21.165 |
|   8   | 58.500 | 79.550 | 87.450 | 44.334 | 21.161 |
|   9   | 58.300 | 79.550 | 87.050 | 44.144 | 21.024 |
|   10  | 57.950 | 79.300 | 87.100 | 43.979 | 20.943 |
|   11  | 58.100 | 78.850 | 86.850 | 43.889 | 20.837 |
|   12  | 58.250 | 79.100 | 86.950 | 43.970 | 20.901 |
|   13  | 57.700 | 78.950 | 86.700 | 43.849 | 20.798 |
|   14  | 57.950 | 79.000 | 86.550 | 43.888 | 20.812 |
|   15  | 58.000 | 79.050 | 86.500 | 43.921 | 20.792 |
+-------+--------+--------+--------+--------+--------+
     logs:  {'epo': 15, 'R1': 58.0, 'R5': 79.05, 'R10': 86.5, 'mAP': 43.921, 'mINP': 20.792, 'entropy': 0.4900587946176529, 'loss': 0.4900587946176529, 'lr': 0.0008544734982198878}
     Epoch[16] Iteration[10/23], entropy: 0.3394, loss: 0.3394, lr: 3.51e-05
     Epoch[16] Iteration[20/23], entropy: 0.3245, loss: 0.3245, lr: 1.81e-04
     Averaged stats: entropy: 0.3450, loss: 0.3450, lr: 3.45e-04
     itm tta time 0:00:03
### TTA Eval Score: 
+-------+--------+--------+--------+--------+--------+
| epoch |   R1   |   R5   |  R10   |  mAP   |  mINP  |
+-------+--------+--------+--------+--------+--------+
|  -999 | 58.850 | 79.600 | 87.150 | 44.108 | 20.897 |
|   0   | 57.450 | 78.850 | 86.750 | 43.631 | 20.915 |
|   1   | 57.700 | 79.000 | 87.050 | 43.816 | 20.978 |
|   2   | 58.450 | 79.250 | 87.350 | 44.044 | 21.109 |
|   3   | 58.200 | 79.400 | 87.400 | 44.100 | 21.165 |
|   4   | 58.400 | 79.850 | 87.700 | 44.335 | 21.207 |
|   5   | 58.400 | 79.750 | 87.650 | 44.383 | 21.213 |
|   6   | 58.550 | 79.450 | 87.500 | 44.408 | 21.197 |
|   7   | 58.450 | 79.250 | 87.300 | 44.317 | 21.165 |
|   8   | 58.500 | 79.550 | 87.450 | 44.334 | 21.161 |
|   9   | 58.300 | 79.550 | 87.050 | 44.144 | 21.024 |
|   10  | 57.950 | 79.300 | 87.100 | 43.979 | 20.943 |
|   11  | 58.100 | 78.850 | 86.850 | 43.889 | 20.837 |
|   12  | 58.250 | 79.100 | 86.950 | 43.970 | 20.901 |
|   13  | 57.700 | 78.950 | 86.700 | 43.849 | 20.798 |
|   14  | 57.950 | 79.000 | 86.550 | 43.888 | 20.812 |
|   15  | 58.000 | 79.050 | 86.500 | 43.921 | 20.792 |
|   16  | 57.850 | 78.950 | 86.400 | 43.798 | 20.760 |
+-------+--------+--------+--------+--------+--------+
     logs:  {'epo': 16, 'R1': 57.85, 'R5': 78.95, 'R10': 86.4, 'mAP': 43.798, 'mINP': 20.76, 'entropy': 0.3319485932588577, 'loss': 0.3319485932588577, 'lr': 0.00010819988109076373}
     Epoch[17] Iteration[10/23], entropy: 0.3362, loss: 0.3362, lr: 9.05e-04
     Epoch[17] Iteration[20/23], entropy: 0.4209, loss: 0.4209, lr: 9.05e-04
     Averaged stats: entropy: 0.4110, loss: 0.4110, lr: 7.68e-04
     itm tta time 0:00:03
### TTA Eval Score: 
+-------+--------+--------+--------+--------+--------+
| epoch |   R1   |   R5   |  R10   |  mAP   |  mINP  |
+-------+--------+--------+--------+--------+--------+
|  -999 | 58.850 | 79.600 | 87.150 | 44.108 | 20.897 |
|   0   | 57.450 | 78.850 | 86.750 | 43.631 | 20.915 |
|   1   | 57.700 | 79.000 | 87.050 | 43.816 | 20.978 |
|   2   | 58.450 | 79.250 | 87.350 | 44.044 | 21.109 |
|   3   | 58.200 | 79.400 | 87.400 | 44.100 | 21.165 |
|   4   | 58.400 | 79.850 | 87.700 | 44.335 | 21.207 |
|   5   | 58.400 | 79.750 | 87.650 | 44.383 | 21.213 |
|   6   | 58.550 | 79.450 | 87.500 | 44.408 | 21.197 |
|   7   | 58.450 | 79.250 | 87.300 | 44.317 | 21.165 |
|   8   | 58.500 | 79.550 | 87.450 | 44.334 | 21.161 |
|   9   | 58.300 | 79.550 | 87.050 | 44.144 | 21.024 |
|   10  | 57.950 | 79.300 | 87.100 | 43.979 | 20.943 |
|   11  | 58.100 | 78.850 | 86.850 | 43.889 | 20.837 |
|   12  | 58.250 | 79.100 | 86.950 | 43.970 | 20.901 |
|   13  | 57.700 | 78.950 | 86.700 | 43.849 | 20.798 |
|   14  | 57.950 | 79.000 | 86.550 | 43.888 | 20.812 |
|   15  | 58.000 | 79.050 | 86.500 | 43.921 | 20.792 |
|   16  | 57.850 | 78.950 | 86.400 | 43.798 | 20.760 |
|   17  | 57.500 | 78.350 | 86.000 | 43.332 | 20.455 |
+-------+--------+--------+--------+--------+--------+
     logs:  {'epo': 17, 'R1': 57.5, 'R5': 78.35, 'R10': 86.0, 'mAP': 43.332, 'mINP': 20.455, 'entropy': 0.3785209655761719, 'loss': 0.3785209655761719, 'lr': 0.0009045084971874747}
     Epoch[18] Iteration[10/23], entropy: 0.5022, loss: 0.5022, lr: 1.81e-04
     Epoch[18] Iteration[20/23], entropy: 0.4418, loss: 0.4418, lr: 3.51e-05
     Averaged stats: entropy: 0.4052, loss: 0.4052, lr: 1.36e-04
     itm tta time 0:00:02
### TTA Eval Score: 
+-------+--------+--------+--------+--------+--------+
| epoch |   R1   |   R5   |  R10   |  mAP   |  mINP  |
+-------+--------+--------+--------+--------+--------+
|  -999 | 58.850 | 79.600 | 87.150 | 44.108 | 20.897 |
|   0   | 57.450 | 78.850 | 86.750 | 43.631 | 20.915 |
|   1   | 57.700 | 79.000 | 87.050 | 43.816 | 20.978 |
|   2   | 58.450 | 79.250 | 87.350 | 44.044 | 21.109 |
|   3   | 58.200 | 79.400 | 87.400 | 44.100 | 21.165 |
|   4   | 58.400 | 79.850 | 87.700 | 44.335 | 21.207 |
|   5   | 58.400 | 79.750 | 87.650 | 44.383 | 21.213 |
|   6   | 58.550 | 79.450 | 87.500 | 44.408 | 21.197 |
|   7   | 58.450 | 79.250 | 87.300 | 44.317 | 21.165 |
|   8   | 58.500 | 79.550 | 87.450 | 44.334 | 21.161 |
|   9   | 58.300 | 79.550 | 87.050 | 44.144 | 21.024 |
|   10  | 57.950 | 79.300 | 87.100 | 43.979 | 20.943 |
|   11  | 58.100 | 78.850 | 86.850 | 43.889 | 20.837 |
|   12  | 58.250 | 79.100 | 86.950 | 43.970 | 20.901 |
|   13  | 57.700 | 78.950 | 86.700 | 43.849 | 20.798 |
|   14  | 57.950 | 79.000 | 86.550 | 43.888 | 20.812 |
|   15  | 58.000 | 79.050 | 86.500 | 43.921 | 20.792 |
|   16  | 57.850 | 78.950 | 86.400 | 43.798 | 20.760 |
|   17  | 57.500 | 78.350 | 86.000 | 43.332 | 20.455 |
|   18  | 57.700 | 78.450 | 85.700 | 43.352 | 20.407 |
+-------+--------+--------+--------+--------+--------+
     logs:  {'epo': 18, 'R1': 57.7, 'R5': 78.45, 'R10': 85.7, 'mAP': 43.352, 'mINP': 20.407, 'entropy': 0.4719788581132889, 'loss': 0.4719788581132889, 'lr': 0.00010819988109076614}
     Epoch[19] Iteration[10/23], entropy: 0.3640, loss: 0.3640, lr: 7.13e-04
     Epoch[19] Iteration[20/23], entropy: 0.5018, loss: 0.5018, lr: 9.96e-04
     Averaged stats: entropy: 0.4756, loss: 0.4756, lr: 9.38e-04
     itm tta time 0:00:03
### TTA Eval Score: 
+-------+--------+--------+--------+--------+--------+
| epoch |   R1   |   R5   |  R10   |  mAP   |  mINP  |
+-------+--------+--------+--------+--------+--------+
|  -999 | 58.850 | 79.600 | 87.150 | 44.108 | 20.897 |
|   0   | 57.450 | 78.850 | 86.750 | 43.631 | 20.915 |
|   1   | 57.700 | 79.000 | 87.050 | 43.816 | 20.978 |
|   2   | 58.450 | 79.250 | 87.350 | 44.044 | 21.109 |
|   3   | 58.200 | 79.400 | 87.400 | 44.100 | 21.165 |
|   4   | 58.400 | 79.850 | 87.700 | 44.335 | 21.207 |
|   5   | 58.400 | 79.750 | 87.650 | 44.383 | 21.213 |
|   6   | 58.550 | 79.450 | 87.500 | 44.408 | 21.197 |
|   7   | 58.450 | 79.250 | 87.300 | 44.317 | 21.165 |
|   8   | 58.500 | 79.550 | 87.450 | 44.334 | 21.161 |
|   9   | 58.300 | 79.550 | 87.050 | 44.144 | 21.024 |
|   10  | 57.950 | 79.300 | 87.100 | 43.979 | 20.943 |
|   11  | 58.100 | 78.850 | 86.850 | 43.889 | 20.837 |
|   12  | 58.250 | 79.100 | 86.950 | 43.970 | 20.901 |
|   13  | 57.700 | 78.950 | 86.700 | 43.849 | 20.798 |
|   14  | 57.950 | 79.000 | 86.550 | 43.888 | 20.812 |
|   15  | 58.000 | 79.050 | 86.500 | 43.921 | 20.792 |
|   16  | 57.850 | 78.950 | 86.400 | 43.798 | 20.760 |
|   17  | 57.500 | 78.350 | 86.000 | 43.332 | 20.455 |
|   18  | 57.700 | 78.450 | 85.700 | 43.352 | 20.407 |
|   19  | 57.600 | 78.200 | 85.750 | 43.340 | 20.379 |
+-------+--------+--------+--------+--------+--------+
     logs:  {'epo': 19, 'R1': 57.6, 'R5': 78.2, 'R10': 85.75, 'mAP': 43.34, 'mINP': 20.379, 'entropy': 0.4329023212194443, 'loss': 0.4329023212194443, 'lr': 0.0008544734982198871}
     Epoch[20] Iteration[10/23], entropy: 0.3145, loss: 0.3145, lr: 4.06e-04
     Epoch[20] Iteration[20/23], entropy: 0.5020, loss: 0.5020, lr: 3.94e-06
     Averaged stats: entropy: 0.2345, loss: 0.2345, lr: 1.57e-05
     itm tta time 0:00:02
### TTA Eval Score: 
+-------+--------+--------+--------+--------+--------+
| epoch |   R1   |   R5   |  R10   |  mAP   |  mINP  |
+-------+--------+--------+--------+--------+--------+
|  -999 | 58.850 | 79.600 | 87.150 | 44.108 | 20.897 |
|   0   | 57.450 | 78.850 | 86.750 | 43.631 | 20.915 |
|   1   | 57.700 | 79.000 | 87.050 | 43.816 | 20.978 |
|   2   | 58.450 | 79.250 | 87.350 | 44.044 | 21.109 |
|   3   | 58.200 | 79.400 | 87.400 | 44.100 | 21.165 |
|   4   | 58.400 | 79.850 | 87.700 | 44.335 | 21.207 |
|   5   | 58.400 | 79.750 | 87.650 | 44.383 | 21.213 |
|   6   | 58.550 | 79.450 | 87.500 | 44.408 | 21.197 |
|   7   | 58.450 | 79.250 | 87.300 | 44.317 | 21.165 |
|   8   | 58.500 | 79.550 | 87.450 | 44.334 | 21.161 |
|   9   | 58.300 | 79.550 | 87.050 | 44.144 | 21.024 |
|   10  | 57.950 | 79.300 | 87.100 | 43.979 | 20.943 |
|   11  | 58.100 | 78.850 | 86.850 | 43.889 | 20.837 |
|   12  | 58.250 | 79.100 | 86.950 | 43.970 | 20.901 |
|   13  | 57.700 | 78.950 | 86.700 | 43.849 | 20.798 |
|   14  | 57.950 | 79.000 | 86.550 | 43.888 | 20.812 |
|   15  | 58.000 | 79.050 | 86.500 | 43.921 | 20.792 |
|   16  | 57.850 | 78.950 | 86.400 | 43.798 | 20.760 |
|   17  | 57.500 | 78.350 | 86.000 | 43.332 | 20.455 |
|   18  | 57.700 | 78.450 | 85.700 | 43.352 | 20.407 |
|   19  | 57.600 | 78.200 | 85.750 | 43.340 | 20.379 |
|   20  | 57.500 | 78.250 | 85.750 | 43.270 | 20.248 |
+-------+--------+--------+--------+--------+--------+
     logs:  {'epo': 20, 'R1': 57.5, 'R5': 78.25, 'R10': 85.75, 'mAP': 43.27, 'mINP': 20.248, 'entropy': 0.4082805961370468, 'loss': 0.4082805961370468, 'lr': 0.00020512599602495057}
     Epoch[21] Iteration[10/23], entropy: 0.3914, loss: 0.3914, lr: 4.69e-04
     Epoch[21] Iteration[20/23], entropy: 0.4223, loss: 0.4223, lr: 9.65e-04
     Averaged stats: entropy: 0.3602, loss: 0.3602, lr: 1.00e-03
     itm tta time 0:00:03
### TTA Eval Score: 
+-------+--------+--------+--------+--------+--------+
| epoch |   R1   |   R5   |  R10   |  mAP   |  mINP  |
+-------+--------+--------+--------+--------+--------+
|  -999 | 58.850 | 79.600 | 87.150 | 44.108 | 20.897 |
|   0   | 57.450 | 78.850 | 86.750 | 43.631 | 20.915 |
|   1   | 57.700 | 79.000 | 87.050 | 43.816 | 20.978 |
|   2   | 58.450 | 79.250 | 87.350 | 44.044 | 21.109 |
|   3   | 58.200 | 79.400 | 87.400 | 44.100 | 21.165 |
|   4   | 58.400 | 79.850 | 87.700 | 44.335 | 21.207 |
|   5   | 58.400 | 79.750 | 87.650 | 44.383 | 21.213 |
|   6   | 58.550 | 79.450 | 87.500 | 44.408 | 21.197 |
|   7   | 58.450 | 79.250 | 87.300 | 44.317 | 21.165 |
|   8   | 58.500 | 79.550 | 87.450 | 44.334 | 21.161 |
|   9   | 58.300 | 79.550 | 87.050 | 44.144 | 21.024 |
|   10  | 57.950 | 79.300 | 87.100 | 43.979 | 20.943 |
|   11  | 58.100 | 78.850 | 86.850 | 43.889 | 20.837 |
|   12  | 58.250 | 79.100 | 86.950 | 43.970 | 20.901 |
|   13  | 57.700 | 78.950 | 86.700 | 43.849 | 20.798 |
|   14  | 57.950 | 79.000 | 86.550 | 43.888 | 20.812 |
|   15  | 58.000 | 79.050 | 86.500 | 43.921 | 20.792 |
|   16  | 57.850 | 78.950 | 86.400 | 43.798 | 20.760 |
|   17  | 57.500 | 78.350 | 86.000 | 43.332 | 20.455 |
|   18  | 57.700 | 78.450 | 85.700 | 43.352 | 20.407 |
|   19  | 57.600 | 78.200 | 85.750 | 43.340 | 20.379 |
|   20  | 57.500 | 78.250 | 85.750 | 43.270 | 20.248 |
|   21  | 57.600 | 78.000 | 85.650 | 43.169 | 20.151 |
+-------+--------+--------+--------+--------+--------+
     logs:  {'epo': 21, 'R1': 57.6, 'R5': 78.0, 'R10': 85.65, 'mAP': 43.169, 'mINP': 20.151, 'entropy': 0.40685924887657166, 'loss': 0.40685924887657166, 'lr': 0.0007167464915897337}
     Epoch[22] Iteration[10/23], entropy: 0.2608, loss: 0.2608, lr: 6.55e-04
     Epoch[22] Iteration[20/23], entropy: 0.3384, loss: 0.3384, lr: 9.55e-05
     Averaged stats: entropy: 0.3939, loss: 0.3939, lr: 1.57e-05
     itm tta time 0:00:02
### TTA Eval Score: 
+-------+--------+--------+--------+--------+--------+
| epoch |   R1   |   R5   |  R10   |  mAP   |  mINP  |
+-------+--------+--------+--------+--------+--------+
|  -999 | 58.850 | 79.600 | 87.150 | 44.108 | 20.897 |
|   0   | 57.450 | 78.850 | 86.750 | 43.631 | 20.915 |
|   1   | 57.700 | 79.000 | 87.050 | 43.816 | 20.978 |
|   2   | 58.450 | 79.250 | 87.350 | 44.044 | 21.109 |
|   3   | 58.200 | 79.400 | 87.400 | 44.100 | 21.165 |
|   4   | 58.400 | 79.850 | 87.700 | 44.335 | 21.207 |
|   5   | 58.400 | 79.750 | 87.650 | 44.383 | 21.213 |
|   6   | 58.550 | 79.450 | 87.500 | 44.408 | 21.197 |
|   7   | 58.450 | 79.250 | 87.300 | 44.317 | 21.165 |
|   8   | 58.500 | 79.550 | 87.450 | 44.334 | 21.161 |
|   9   | 58.300 | 79.550 | 87.050 | 44.144 | 21.024 |
|   10  | 57.950 | 79.300 | 87.100 | 43.979 | 20.943 |
|   11  | 58.100 | 78.850 | 86.850 | 43.889 | 20.837 |
|   12  | 58.250 | 79.100 | 86.950 | 43.970 | 20.901 |
|   13  | 57.700 | 78.950 | 86.700 | 43.849 | 20.798 |
|   14  | 57.950 | 79.000 | 86.550 | 43.888 | 20.812 |
|   15  | 58.000 | 79.050 | 86.500 | 43.921 | 20.792 |
|   16  | 57.850 | 78.950 | 86.400 | 43.798 | 20.760 |
|   17  | 57.500 | 78.350 | 86.000 | 43.332 | 20.455 |
|   18  | 57.700 | 78.450 | 85.700 | 43.352 | 20.407 |
|   19  | 57.600 | 78.200 | 85.750 | 43.340 | 20.379 |
|   20  | 57.500 | 78.250 | 85.750 | 43.270 | 20.248 |
|   21  | 57.600 | 78.000 | 85.650 | 43.169 | 20.151 |
|   22  | 57.150 | 78.450 | 85.800 | 43.198 | 20.213 |
+-------+--------+--------+--------+--------+--------+
     logs:  {'epo': 22, 'R1': 57.15, 'R5': 78.45, 'R10': 85.8, 'mAP': 43.198, 'mINP': 20.213, 'entropy': 0.2995930463075638, 'loss': 0.2995930463075638, 'lr': 0.00037500000000000266}
     Epoch[23] Iteration[10/23], entropy: 0.2844, loss: 0.2844, lr: 2.32e-04
     Epoch[23] Iteration[20/23], entropy: 0.4096, loss: 0.4096, lr: 8.19e-04
     Averaged stats: entropy: 0.4672, loss: 0.4672, lr: 9.38e-04
     itm tta time 0:00:03
### TTA Eval Score: 
+-------+--------+--------+--------+--------+--------+
| epoch |   R1   |   R5   |  R10   |  mAP   |  mINP  |
+-------+--------+--------+--------+--------+--------+
|  -999 | 58.850 | 79.600 | 87.150 | 44.108 | 20.897 |
|   0   | 57.450 | 78.850 | 86.750 | 43.631 | 20.915 |
|   1   | 57.700 | 79.000 | 87.050 | 43.816 | 20.978 |
|   2   | 58.450 | 79.250 | 87.350 | 44.044 | 21.109 |
|   3   | 58.200 | 79.400 | 87.400 | 44.100 | 21.165 |
|   4   | 58.400 | 79.850 | 87.700 | 44.335 | 21.207 |
|   5   | 58.400 | 79.750 | 87.650 | 44.383 | 21.213 |
|   6   | 58.550 | 79.450 | 87.500 | 44.408 | 21.197 |
|   7   | 58.450 | 79.250 | 87.300 | 44.317 | 21.165 |
|   8   | 58.500 | 79.550 | 87.450 | 44.334 | 21.161 |
|   9   | 58.300 | 79.550 | 87.050 | 44.144 | 21.024 |
|   10  | 57.950 | 79.300 | 87.100 | 43.979 | 20.943 |
|   11  | 58.100 | 78.850 | 86.850 | 43.889 | 20.837 |
|   12  | 58.250 | 79.100 | 86.950 | 43.970 | 20.901 |
|   13  | 57.700 | 78.950 | 86.700 | 43.849 | 20.798 |
|   14  | 57.950 | 79.000 | 86.550 | 43.888 | 20.812 |
|   15  | 58.000 | 79.050 | 86.500 | 43.921 | 20.792 |
|   16  | 57.850 | 78.950 | 86.400 | 43.798 | 20.760 |
|   17  | 57.500 | 78.350 | 86.000 | 43.332 | 20.455 |
|   18  | 57.700 | 78.450 | 85.700 | 43.352 | 20.407 |
|   19  | 57.600 | 78.200 | 85.750 | 43.340 | 20.379 |
|   20  | 57.500 | 78.250 | 85.750 | 43.270 | 20.248 |
|   21  | 57.600 | 78.000 | 85.650 | 43.169 | 20.151 |
|   22  | 57.150 | 78.450 | 85.800 | 43.198 | 20.213 |
|   23  | 57.100 | 78.000 | 85.550 | 42.909 | 20.056 |
+-------+--------+--------+--------+--------+--------+
     logs:  {'epo': 23, 'R1': 57.1, 'R5': 78.0, 'R10': 85.55, 'mAP': 42.909, 'mINP': 20.056, 'entropy': 0.3469959646463394, 'loss': 0.3469959646463394, 'lr': 0.0005253992986924199}
     Epoch[24] Iteration[10/23], entropy: 0.2657, loss: 0.2657, lr: 8.64e-04
     Epoch[24] Iteration[20/23], entropy: 0.4565, loss: 0.4565, lr: 2.87e-04
     Averaged stats: entropy: 0.5558, loss: 0.5558, lr: 1.36e-04
     itm tta time 0:00:02
### TTA Eval Score: 
+-------+--------+--------+--------+--------+--------+
| epoch |   R1   |   R5   |  R10   |  mAP   |  mINP  |
+-------+--------+--------+--------+--------+--------+
|  -999 | 58.850 | 79.600 | 87.150 | 44.108 | 20.897 |
|   0   | 57.450 | 78.850 | 86.750 | 43.631 | 20.915 |
|   1   | 57.700 | 79.000 | 87.050 | 43.816 | 20.978 |
|   2   | 58.450 | 79.250 | 87.350 | 44.044 | 21.109 |
|   3   | 58.200 | 79.400 | 87.400 | 44.100 | 21.165 |
|   4   | 58.400 | 79.850 | 87.700 | 44.335 | 21.207 |
|   5   | 58.400 | 79.750 | 87.650 | 44.383 | 21.213 |
|   6   | 58.550 | 79.450 | 87.500 | 44.408 | 21.197 |
|   7   | 58.450 | 79.250 | 87.300 | 44.317 | 21.165 |
|   8   | 58.500 | 79.550 | 87.450 | 44.334 | 21.161 |
|   9   | 58.300 | 79.550 | 87.050 | 44.144 | 21.024 |
|   10  | 57.950 | 79.300 | 87.100 | 43.979 | 20.943 |
|   11  | 58.100 | 78.850 | 86.850 | 43.889 | 20.837 |
|   12  | 58.250 | 79.100 | 86.950 | 43.970 | 20.901 |
|   13  | 57.700 | 78.950 | 86.700 | 43.849 | 20.798 |
|   14  | 57.950 | 79.000 | 86.550 | 43.888 | 20.812 |
|   15  | 58.000 | 79.050 | 86.500 | 43.921 | 20.792 |
|   16  | 57.850 | 78.950 | 86.400 | 43.798 | 20.760 |
|   17  | 57.500 | 78.350 | 86.000 | 43.332 | 20.455 |
|   18  | 57.700 | 78.450 | 85.700 | 43.352 | 20.407 |
|   19  | 57.600 | 78.200 | 85.750 | 43.340 | 20.379 |
|   20  | 57.500 | 78.250 | 85.750 | 43.270 | 20.248 |
|   21  | 57.600 | 78.000 | 85.650 | 43.169 | 20.151 |
|   22  | 57.150 | 78.450 | 85.800 | 43.198 | 20.213 |
|   23  | 57.100 | 78.000 | 85.550 | 42.909 | 20.056 |
|   24  | 57.350 | 77.850 | 85.650 | 42.956 | 20.022 |
+-------+--------+--------+--------+--------+--------+
     logs:  {'epo': 24, 'R1': 57.35, 'R5': 77.85, 'R10': 85.65, 'mAP': 42.956, 'mINP': 20.022, 'entropy': 0.36108705401420593, 'loss': 0.36108705401420593, 'lr': 0.0005757973339640888}
     Epoch[25] Iteration[10/23], entropy: 0.3380, loss: 0.3380, lr: 6.18e-05
     Epoch[25] Iteration[20/23], entropy: 0.3132, loss: 0.3132, lr: 5.94e-04
     Averaged stats: entropy: 0.3794, loss: 0.3794, lr: 7.68e-04
     itm tta time 0:00:03
### TTA Eval Score: 
+-------+--------+--------+--------+--------+--------+
| epoch |   R1   |   R5   |  R10   |  mAP   |  mINP  |
+-------+--------+--------+--------+--------+--------+
|  -999 | 58.850 | 79.600 | 87.150 | 44.108 | 20.897 |
|   0   | 57.450 | 78.850 | 86.750 | 43.631 | 20.915 |
|   1   | 57.700 | 79.000 | 87.050 | 43.816 | 20.978 |
|   2   | 58.450 | 79.250 | 87.350 | 44.044 | 21.109 |
|   3   | 58.200 | 79.400 | 87.400 | 44.100 | 21.165 |
|   4   | 58.400 | 79.850 | 87.700 | 44.335 | 21.207 |
|   5   | 58.400 | 79.750 | 87.650 | 44.383 | 21.213 |
|   6   | 58.550 | 79.450 | 87.500 | 44.408 | 21.197 |
|   7   | 58.450 | 79.250 | 87.300 | 44.317 | 21.165 |
|   8   | 58.500 | 79.550 | 87.450 | 44.334 | 21.161 |
|   9   | 58.300 | 79.550 | 87.050 | 44.144 | 21.024 |
|   10  | 57.950 | 79.300 | 87.100 | 43.979 | 20.943 |
|   11  | 58.100 | 78.850 | 86.850 | 43.889 | 20.837 |
|   12  | 58.250 | 79.100 | 86.950 | 43.970 | 20.901 |
|   13  | 57.700 | 78.950 | 86.700 | 43.849 | 20.798 |
|   14  | 57.950 | 79.000 | 86.550 | 43.888 | 20.812 |
|   15  | 58.000 | 79.050 | 86.500 | 43.921 | 20.792 |
|   16  | 57.850 | 78.950 | 86.400 | 43.798 | 20.760 |
|   17  | 57.500 | 78.350 | 86.000 | 43.332 | 20.455 |
|   18  | 57.700 | 78.450 | 85.700 | 43.352 | 20.407 |
|   19  | 57.600 | 78.200 | 85.750 | 43.340 | 20.379 |
|   20  | 57.500 | 78.250 | 85.750 | 43.270 | 20.248 |
|   21  | 57.600 | 78.000 | 85.650 | 43.169 | 20.151 |
|   22  | 57.150 | 78.450 | 85.800 | 43.198 | 20.213 |
|   23  | 57.100 | 78.000 | 85.550 | 42.909 | 20.056 |
|   24  | 57.350 | 77.850 | 85.650 | 42.956 | 20.022 |
|   25  | 57.150 | 77.700 | 85.650 | 42.786 | 19.912 |
+-------+--------+--------+--------+--------+--------+
     logs:  {'epo': 25, 'R1': 57.15, 'R5': 77.7, 'R10': 85.65, 'mAP': 42.786, 'mINP': 19.912, 'entropy': 0.32560816407203674, 'loss': 0.32560816407203674, 'lr': 0.00032776865863546364}
     Epoch[26] Iteration[10/23], entropy: 0.3389, loss: 0.3389, lr: 9.84e-04
     Epoch[26] Iteration[20/23], entropy: 0.3655, loss: 0.3655, lr: 5.31e-04
     Averaged stats: entropy: 0.3829, loss: 0.3829, lr: 3.45e-04
     itm tta time 0:00:03
### TTA Eval Score: 
+-------+--------+--------+--------+--------+--------+
| epoch |   R1   |   R5   |  R10   |  mAP   |  mINP  |
+-------+--------+--------+--------+--------+--------+
|  -999 | 58.850 | 79.600 | 87.150 | 44.108 | 20.897 |
|   0   | 57.450 | 78.850 | 86.750 | 43.631 | 20.915 |
|   1   | 57.700 | 79.000 | 87.050 | 43.816 | 20.978 |
|   2   | 58.450 | 79.250 | 87.350 | 44.044 | 21.109 |
|   3   | 58.200 | 79.400 | 87.400 | 44.100 | 21.165 |
|   4   | 58.400 | 79.850 | 87.700 | 44.335 | 21.207 |
|   5   | 58.400 | 79.750 | 87.650 | 44.383 | 21.213 |
|   6   | 58.550 | 79.450 | 87.500 | 44.408 | 21.197 |
|   7   | 58.450 | 79.250 | 87.300 | 44.317 | 21.165 |
|   8   | 58.500 | 79.550 | 87.450 | 44.334 | 21.161 |
|   9   | 58.300 | 79.550 | 87.050 | 44.144 | 21.024 |
|   10  | 57.950 | 79.300 | 87.100 | 43.979 | 20.943 |
|   11  | 58.100 | 78.850 | 86.850 | 43.889 | 20.837 |
|   12  | 58.250 | 79.100 | 86.950 | 43.970 | 20.901 |
|   13  | 57.700 | 78.950 | 86.700 | 43.849 | 20.798 |
|   14  | 57.950 | 79.000 | 86.550 | 43.888 | 20.812 |
|   15  | 58.000 | 79.050 | 86.500 | 43.921 | 20.792 |
|   16  | 57.850 | 78.950 | 86.400 | 43.798 | 20.760 |
|   17  | 57.500 | 78.350 | 86.000 | 43.332 | 20.455 |
|   18  | 57.700 | 78.450 | 85.700 | 43.352 | 20.407 |
|   19  | 57.600 | 78.200 | 85.750 | 43.340 | 20.379 |
|   20  | 57.500 | 78.250 | 85.750 | 43.270 | 20.248 |
|   21  | 57.600 | 78.000 | 85.650 | 43.169 | 20.151 |
|   22  | 57.150 | 78.450 | 85.800 | 43.198 | 20.213 |
|   23  | 57.100 | 78.000 | 85.550 | 42.909 | 20.056 |
|   24  | 57.350 | 77.850 | 85.650 | 42.956 | 20.022 |
|   25  | 57.150 | 77.700 | 85.650 | 42.786 | 19.912 |
|   26  | 56.700 | 77.600 | 85.150 | 42.585 | 19.701 |
+-------+--------+--------+--------+--------+--------+
     logs:  {'epo': 26, 'R1': 56.7, 'R5': 77.6, 'R10': 85.15, 'mAP': 42.585, 'mINP': 19.701, 'entropy': 0.3522012084722519, 'loss': 0.3522012084722519, 'lr': 0.0007578434201644857}
     Epoch[27] Iteration[10/23], entropy: 0.3701, loss: 0.3701, lr: 0.00e+00
     Epoch[27] Iteration[20/23], entropy: 0.4312, loss: 0.4312, lr: 3.45e-04
     Averaged stats: entropy: 0.4904, loss: 0.4904, lr: 5.31e-04
     itm tta time 0:00:03
### TTA Eval Score: 
+-------+--------+--------+--------+--------+--------+
| epoch |   R1   |   R5   |  R10   |  mAP   |  mINP  |
+-------+--------+--------+--------+--------+--------+
|  -999 | 58.850 | 79.600 | 87.150 | 44.108 | 20.897 |
|   0   | 57.450 | 78.850 | 86.750 | 43.631 | 20.915 |
|   1   | 57.700 | 79.000 | 87.050 | 43.816 | 20.978 |
|   2   | 58.450 | 79.250 | 87.350 | 44.044 | 21.109 |
|   3   | 58.200 | 79.400 | 87.400 | 44.100 | 21.165 |
|   4   | 58.400 | 79.850 | 87.700 | 44.335 | 21.207 |
|   5   | 58.400 | 79.750 | 87.650 | 44.383 | 21.213 |
|   6   | 58.550 | 79.450 | 87.500 | 44.408 | 21.197 |
|   7   | 58.450 | 79.250 | 87.300 | 44.317 | 21.165 |
|   8   | 58.500 | 79.550 | 87.450 | 44.334 | 21.161 |
|   9   | 58.300 | 79.550 | 87.050 | 44.144 | 21.024 |
|   10  | 57.950 | 79.300 | 87.100 | 43.979 | 20.943 |
|   11  | 58.100 | 78.850 | 86.850 | 43.889 | 20.837 |
|   12  | 58.250 | 79.100 | 86.950 | 43.970 | 20.901 |
|   13  | 57.700 | 78.950 | 86.700 | 43.849 | 20.798 |
|   14  | 57.950 | 79.000 | 86.550 | 43.888 | 20.812 |
|   15  | 58.000 | 79.050 | 86.500 | 43.921 | 20.792 |
|   16  | 57.850 | 78.950 | 86.400 | 43.798 | 20.760 |
|   17  | 57.500 | 78.350 | 86.000 | 43.332 | 20.455 |
|   18  | 57.700 | 78.450 | 85.700 | 43.352 | 20.407 |
|   19  | 57.600 | 78.200 | 85.750 | 43.340 | 20.379 |
|   20  | 57.500 | 78.250 | 85.750 | 43.270 | 20.248 |
|   21  | 57.600 | 78.000 | 85.650 | 43.169 | 20.151 |
|   22  | 57.150 | 78.450 | 85.800 | 43.198 | 20.213 |
|   23  | 57.100 | 78.000 | 85.550 | 42.909 | 20.056 |
|   24  | 57.350 | 77.850 | 85.650 | 42.956 | 20.022 |
|   25  | 57.150 | 77.700 | 85.650 | 42.786 | 19.912 |
|   26  | 56.700 | 77.600 | 85.150 | 42.585 | 19.701 |
|   27  | 56.800 | 77.950 | 85.450 | 42.665 | 19.747 |
+-------+--------+--------+--------+--------+--------+
     logs:  {'epo': 27, 'R1': 56.8, 'R5': 77.95, 'R10': 85.45, 'mAP': 42.665, 'mINP': 19.747, 'entropy': 0.4006351977586746, 'loss': 0.4006351977586746, 'lr': 0.00017274575140626157}
     Epoch[28] Iteration[10/23], entropy: 0.2975, loss: 0.2975, lr: 9.84e-04
     Epoch[28] Iteration[20/23], entropy: 0.3109, loss: 0.3109, lr: 7.68e-04
     Averaged stats: entropy: 0.4249, loss: 0.4249, lr: 5.94e-04
     itm tta time 0:00:03
### TTA Eval Score: 
+-------+--------+--------+--------+--------+--------+
| epoch |   R1   |   R5   |  R10   |  mAP   |  mINP  |
+-------+--------+--------+--------+--------+--------+
|  -999 | 58.850 | 79.600 | 87.150 | 44.108 | 20.897 |
|   0   | 57.450 | 78.850 | 86.750 | 43.631 | 20.915 |
|   1   | 57.700 | 79.000 | 87.050 | 43.816 | 20.978 |
|   2   | 58.450 | 79.250 | 87.350 | 44.044 | 21.109 |
|   3   | 58.200 | 79.400 | 87.400 | 44.100 | 21.165 |
|   4   | 58.400 | 79.850 | 87.700 | 44.335 | 21.207 |
|   5   | 58.400 | 79.750 | 87.650 | 44.383 | 21.213 |
|   6   | 58.550 | 79.450 | 87.500 | 44.408 | 21.197 |
|   7   | 58.450 | 79.250 | 87.300 | 44.317 | 21.165 |
|   8   | 58.500 | 79.550 | 87.450 | 44.334 | 21.161 |
|   9   | 58.300 | 79.550 | 87.050 | 44.144 | 21.024 |
|   10  | 57.950 | 79.300 | 87.100 | 43.979 | 20.943 |
|   11  | 58.100 | 78.850 | 86.850 | 43.889 | 20.837 |
|   12  | 58.250 | 79.100 | 86.950 | 43.970 | 20.901 |
|   13  | 57.700 | 78.950 | 86.700 | 43.849 | 20.798 |
|   14  | 57.950 | 79.000 | 86.550 | 43.888 | 20.812 |
|   15  | 58.000 | 79.050 | 86.500 | 43.921 | 20.792 |
|   16  | 57.850 | 78.950 | 86.400 | 43.798 | 20.760 |
|   17  | 57.500 | 78.350 | 86.000 | 43.332 | 20.455 |
|   18  | 57.700 | 78.450 | 85.700 | 43.352 | 20.407 |
|   19  | 57.600 | 78.200 | 85.750 | 43.340 | 20.379 |
|   20  | 57.500 | 78.250 | 85.750 | 43.270 | 20.248 |
|   21  | 57.600 | 78.000 | 85.650 | 43.169 | 20.151 |
|   22  | 57.150 | 78.450 | 85.800 | 43.198 | 20.213 |
|   23  | 57.100 | 78.000 | 85.550 | 42.909 | 20.056 |
|   24  | 57.350 | 77.850 | 85.650 | 42.956 | 20.022 |
|   25  | 57.150 | 77.700 | 85.650 | 42.786 | 19.912 |
|   26  | 56.700 | 77.600 | 85.150 | 42.585 | 19.701 |
|   27  | 56.800 | 77.950 | 85.450 | 42.665 | 19.747 |
|   28  | 56.700 | 78.050 | 85.750 | 42.661 | 19.730 |
+-------+--------+--------+--------+--------+--------+
     logs:  {'epo': 28, 'R1': 56.7, 'R5': 78.05, 'R10': 85.75, 'mAP': 42.661, 'mINP': 19.73, 'entropy': 0.3041852116584778, 'loss': 0.3041852116584778, 'lr': 0.0008761024890269076}
     Epoch[29] Iteration[10/23], entropy: 0.4564, loss: 0.4564, lr: 6.18e-05
     Epoch[29] Iteration[20/23], entropy: 0.3701, loss: 0.3701, lr: 1.36e-04
     Averaged stats: entropy: 0.4675, loss: 0.4675, lr: 2.87e-04
     itm tta time 0:00:03
### TTA Eval Score: 
+-------+--------+--------+--------+--------+--------+
| epoch |   R1   |   R5   |  R10   |  mAP   |  mINP  |
+-------+--------+--------+--------+--------+--------+
|  -999 | 58.850 | 79.600 | 87.150 | 44.108 | 20.897 |
|   0   | 57.450 | 78.850 | 86.750 | 43.631 | 20.915 |
|   1   | 57.700 | 79.000 | 87.050 | 43.816 | 20.978 |
|   2   | 58.450 | 79.250 | 87.350 | 44.044 | 21.109 |
|   3   | 58.200 | 79.400 | 87.400 | 44.100 | 21.165 |
|   4   | 58.400 | 79.850 | 87.700 | 44.335 | 21.207 |
|   5   | 58.400 | 79.750 | 87.650 | 44.383 | 21.213 |
|   6   | 58.550 | 79.450 | 87.500 | 44.408 | 21.197 |
|   7   | 58.450 | 79.250 | 87.300 | 44.317 | 21.165 |
|   8   | 58.500 | 79.550 | 87.450 | 44.334 | 21.161 |
|   9   | 58.300 | 79.550 | 87.050 | 44.144 | 21.024 |
|   10  | 57.950 | 79.300 | 87.100 | 43.979 | 20.943 |
|   11  | 58.100 | 78.850 | 86.850 | 43.889 | 20.837 |
|   12  | 58.250 | 79.100 | 86.950 | 43.970 | 20.901 |
|   13  | 57.700 | 78.950 | 86.700 | 43.849 | 20.798 |
|   14  | 57.950 | 79.000 | 86.550 | 43.888 | 20.812 |
|   15  | 58.000 | 79.050 | 86.500 | 43.921 | 20.792 |
|   16  | 57.850 | 78.950 | 86.400 | 43.798 | 20.760 |
|   17  | 57.500 | 78.350 | 86.000 | 43.332 | 20.455 |
|   18  | 57.700 | 78.450 | 85.700 | 43.352 | 20.407 |
|   19  | 57.600 | 78.200 | 85.750 | 43.340 | 20.379 |
|   20  | 57.500 | 78.250 | 85.750 | 43.270 | 20.248 |
|   21  | 57.600 | 78.000 | 85.650 | 43.169 | 20.151 |
|   22  | 57.150 | 78.450 | 85.800 | 43.198 | 20.213 |
|   23  | 57.100 | 78.000 | 85.550 | 42.909 | 20.056 |
|   24  | 57.350 | 77.850 | 85.650 | 42.956 | 20.022 |
|   25  | 57.150 | 77.700 | 85.650 | 42.786 | 19.912 |
|   26  | 56.700 | 77.600 | 85.150 | 42.585 | 19.701 |
|   27  | 56.800 | 77.950 | 85.450 | 42.665 | 19.747 |
|   28  | 56.700 | 78.050 | 85.750 | 42.661 | 19.730 |
|   29  | 56.850 | 78.050 | 85.500 | 42.723 | 19.760 |
+-------+--------+--------+--------+--------+--------+
     logs:  {'epo': 29, 'R1': 56.85, 'R5': 78.05, 'R10': 85.5, 'mAP': 42.723, 'mINP': 19.76, 'entropy': 0.4132312834262848, 'loss': 0.4132312834262848, 'lr': 9.86811731336798e-05}
### best epoch 6 : {'epo': '6', 'R1': '58.55', 'R5': '79.45', 'R10': '87.5', 'mAP': '44.408', 'mINP': '21.197', 'entropy': '0.6150097548961639', 'loss': '0.6150097548961639', 'lr': '0.0008761024890269066'}
### Time 0:04:14
