Not using distributed mode
### Hyper-parameters:
     output_dir: output/ham_rstp_tta_best2/exp1.0.2/2025090120264
     seed: 42
     device: cuda
     batch_size_tta: 16
     epochs: 30
     lr: 0.0001
### Creating test dataset
     test_txt_set: 2000    test_img_set: 1000
     test_txt_loader: 4    test_img_loader: 2
### Creating model
Training Model with ['sdm', 'id', 'mlm'] tasks
Resized position embedding from size:torch.Size([1, 197, 768]) to size: torch.Size([1, 193, 768]) with height:24 width: 8
     Total Params Sum:  190789493
### Zero-Shot Score: 
/data2/jiahao/task/IRRA/tta.py:261: FutureWarning: `torch.cuda.amp.GradScaler(args...)` is deprecated. Please use `torch.amp.GradScaler('cuda', args...)` instead.
  scaler = GradScaler()  # bf16
+-------+--------+--------+--------+--------+--------+
| epoch |   R1   |   R5   |  R10   |  mAP   |  mINP  |
+-------+--------+--------+--------+--------+--------+
|  -999 | 58.850 | 79.600 | 87.150 | 44.108 | 20.897 |
+-------+--------+--------+--------+--------+--------+
### TTA:
### Compute Cos Similarity Uncertainty
     preprocess_tta_coefficients  start
     sample selection ...
     number of sample after sample_selection: 374
     uncertainty ...
     preprocess_tta_coefficients  end
### Creating TTA dataset
     tta_dataset: 374
### Creating tta dataloader
### be careful: func create_loader returns a list length of 1
     tta_loader: 23
### Configure adapted weights
     TTA Dropout Modules: 
 []
     TTA Require Gradient Params: 
 [('base_model.transformer.resblocks.0.ln_1.weight', torch.Size([512])), ('base_model.transformer.resblocks.0.ln_1.bias', torch.Size([512])), ('base_model.transformer.resblocks.0.ln_2.weight', torch.Size([512])), ('base_model.transformer.resblocks.0.ln_2.bias', torch.Size([512])), ('base_model.transformer.resblocks.1.ln_1.weight', torch.Size([512])), ('base_model.transformer.resblocks.1.ln_1.bias', torch.Size([512])), ('base_model.transformer.resblocks.1.ln_2.weight', torch.Size([512])), ('base_model.transformer.resblocks.1.ln_2.bias', torch.Size([512])), ('base_model.transformer.resblocks.2.ln_1.weight', torch.Size([512])), ('base_model.transformer.resblocks.2.ln_1.bias', torch.Size([512])), ('base_model.transformer.resblocks.2.ln_2.weight', torch.Size([512])), ('base_model.transformer.resblocks.2.ln_2.bias', torch.Size([512])), ('base_model.transformer.resblocks.3.ln_1.weight', torch.Size([512])), ('base_model.transformer.resblocks.3.ln_1.bias', torch.Size([512])), ('base_model.transformer.resblocks.3.ln_2.weight', torch.Size([512])), ('base_model.transformer.resblocks.3.ln_2.bias', torch.Size([512])), ('base_model.transformer.resblocks.4.ln_1.weight', torch.Size([512])), ('base_model.transformer.resblocks.4.ln_1.bias', torch.Size([512])), ('base_model.transformer.resblocks.4.ln_2.weight', torch.Size([512])), ('base_model.transformer.resblocks.4.ln_2.bias', torch.Size([512])), ('base_model.transformer.resblocks.5.ln_1.weight', torch.Size([512])), ('base_model.transformer.resblocks.5.ln_1.bias', torch.Size([512])), ('base_model.transformer.resblocks.5.ln_2.weight', torch.Size([512])), ('base_model.transformer.resblocks.5.ln_2.bias', torch.Size([512])), ('base_model.transformer.resblocks.6.ln_1.weight', torch.Size([512])), ('base_model.transformer.resblocks.6.ln_1.bias', torch.Size([512])), ('base_model.transformer.resblocks.6.ln_2.weight', torch.Size([512])), ('base_model.transformer.resblocks.6.ln_2.bias', torch.Size([512])), ('base_model.transformer.resblocks.7.ln_1.weight', torch.Size([512])), ('base_model.transformer.resblocks.7.ln_1.bias', torch.Size([512])), ('base_model.transformer.resblocks.7.ln_2.weight', torch.Size([512])), ('base_model.transformer.resblocks.7.ln_2.bias', torch.Size([512])), ('base_model.transformer.resblocks.8.ln_1.weight', torch.Size([512])), ('base_model.transformer.resblocks.8.ln_1.bias', torch.Size([512])), ('base_model.transformer.resblocks.8.ln_2.weight', torch.Size([512])), ('base_model.transformer.resblocks.8.ln_2.bias', torch.Size([512])), ('base_model.transformer.resblocks.9.ln_1.weight', torch.Size([512])), ('base_model.transformer.resblocks.9.ln_1.bias', torch.Size([512])), ('base_model.transformer.resblocks.9.ln_2.weight', torch.Size([512])), ('base_model.transformer.resblocks.9.ln_2.bias', torch.Size([512])), ('base_model.transformer.resblocks.10.ln_1.weight', torch.Size([512])), ('base_model.transformer.resblocks.10.ln_1.bias', torch.Size([512])), ('base_model.transformer.resblocks.10.ln_2.weight', torch.Size([512])), ('base_model.transformer.resblocks.10.ln_2.bias', torch.Size([512])), ('base_model.transformer.resblocks.11.ln_1.weight', torch.Size([512])), ('base_model.transformer.resblocks.11.ln_1.bias', torch.Size([512])), ('base_model.transformer.resblocks.11.ln_2.weight', torch.Size([512])), ('base_model.transformer.resblocks.11.ln_2.bias', torch.Size([512])), ('base_model.ln_final.weight', torch.Size([512])), ('base_model.ln_final.bias', torch.Size([512]))]
     TTA Dropout Modules Number: 
 0
     TTA Require Gradient Params Sum: 
 25600
Using 5.0 times learning rate for random init module 
### Start Test Time Adaptation
/data2/jiahao/task/IRRA/tta.py:65: FutureWarning: `torch.cuda.amp.autocast(args...)` is deprecated. Please use `torch.amp.autocast('cuda', args...)` instead.
  with torch.cuda.amp.autocast(enabled=True):
     Epoch[0] Iteration[10/23], entropy: 0.9038, loss: 0.9038, lr: 9.38e-05
     Epoch[0] Iteration[20/23], entropy: 0.6591, loss: 0.6591, lr: 4.06e-05
     Averaged stats: entropy: 0.5835, loss: 0.5835, lr: 2.32e-05
     itm tta time 0:00:04
### TTA Eval Score: 
+-------+--------+--------+--------+--------+--------+
| epoch |   R1   |   R5   |  R10   |  mAP   |  mINP  |
+-------+--------+--------+--------+--------+--------+
|  -999 | 58.850 | 79.600 | 87.150 | 44.108 | 20.897 |
|   0   | 58.800 | 79.350 | 87.250 | 44.105 | 20.947 |
+-------+--------+--------+--------+--------+--------+
     logs:  {'epo': 0, 'R1': 58.8, 'R5': 79.35, 'R10': 87.25, 'mAP': 44.105, 'mINP': 20.947, 'entropy': 0.7814494371414185, 'loss': 0.7814494371414185, 'lr': 6.722313413645347e-05}
     Epoch[1] Iteration[10/23], entropy: 0.7450, loss: 0.7450, lr: 1.57e-06
     Epoch[1] Iteration[20/23], entropy: 0.7180, loss: 0.7180, lr: 4.69e-05
     Averaged stats: entropy: 0.7349, loss: 0.7349, lr: 6.55e-05
     itm tta time 0:00:03
### TTA Eval Score: 
+-------+--------+--------+--------+--------+--------+
| epoch |   R1   |   R5   |  R10   |  mAP   |  mINP  |
+-------+--------+--------+--------+--------+--------+
|  -999 | 58.850 | 79.600 | 87.150 | 44.108 | 20.897 |
|   0   | 58.800 | 79.350 | 87.250 | 44.105 | 20.947 |
|   1   | 58.800 | 79.300 | 87.250 | 44.113 | 20.976 |
+-------+--------+--------+--------+--------+--------+
     logs:  {'epo': 1, 'R1': 58.8, 'R5': 79.3, 'R10': 87.25, 'mAP': 44.113, 'mINP': 20.976, 'entropy': 0.7314992845058441, 'loss': 0.7314992845058441, 'lr': 2.4215657983551394e-05}
     Epoch[2] Iteration[10/23], entropy: 0.7048, loss: 0.7048, lr: 1.00e-04
     Epoch[2] Iteration[20/23], entropy: 0.6915, loss: 0.6915, lr: 6.55e-05
     Averaged stats: entropy: 0.8528, loss: 0.8528, lr: 4.69e-05
     itm tta time 0:00:03
### TTA Eval Score: 
+-------+--------+--------+--------+--------+--------+
| epoch |   R1   |   R5   |  R10   |  mAP   |  mINP  |
+-------+--------+--------+--------+--------+--------+
|  -999 | 58.850 | 79.600 | 87.150 | 44.108 | 20.897 |
|   0   | 58.800 | 79.350 | 87.250 | 44.105 | 20.947 |
|   1   | 58.800 | 79.300 | 87.250 | 44.113 | 20.976 |
|   2   | 58.750 | 79.450 | 87.050 | 44.112 | 21.005 |
+-------+--------+--------+--------+--------+--------+
     logs:  {'epo': 2, 'R1': 58.75, 'R5': 79.45, 'R10': 87.05, 'mAP': 44.112, 'mINP': 21.005, 'entropy': 0.6981432139873505, 'loss': 0.6981432139873505, 'lr': 8.27254248593737e-05}
     Epoch[3] Iteration[10/23], entropy: 0.5014, loss: 0.5014, lr: 1.57e-06
     Epoch[3] Iteration[20/23], entropy: 0.7153, loss: 0.7153, lr: 2.32e-05
     Averaged stats: entropy: 0.6360, loss: 0.6360, lr: 4.06e-05
     itm tta time 0:00:03
### TTA Eval Score: 
+-------+--------+--------+--------+--------+--------+
| epoch |   R1   |   R5   |  R10   |  mAP   |  mINP  |
+-------+--------+--------+--------+--------+--------+
|  -999 | 58.850 | 79.600 | 87.150 | 44.108 | 20.897 |
|   0   | 58.800 | 79.350 | 87.250 | 44.105 | 20.947 |
|   1   | 58.800 | 79.300 | 87.250 | 44.113 | 20.976 |
|   2   | 58.750 | 79.450 | 87.050 | 44.112 | 21.005 |
|   3   | 58.750 | 79.450 | 87.100 | 44.095 | 21.013 |
+-------+--------+--------+--------+--------+--------+
     logs:  {'epo': 3, 'R1': 58.75, 'R5': 79.45, 'R10': 87.1, 'mAP': 44.095, 'mINP': 21.013, 'entropy': 0.6083630323410034, 'loss': 0.6083630323410034, 'lr': 1.2389751097309297e-05}
     Epoch[4] Iteration[10/23], entropy: 0.8612, loss: 0.8612, lr: 9.38e-05
     Epoch[4] Iteration[20/23], entropy: 0.8380, loss: 0.8380, lr: 8.64e-05
     Averaged stats: entropy: 0.5851, loss: 0.5851, lr: 7.13e-05
     itm tta time 0:00:03
### TTA Eval Score: 
+-------+--------+--------+--------+--------+--------+
| epoch |   R1   |   R5   |  R10   |  mAP   |  mINP  |
+-------+--------+--------+--------+--------+--------+
|  -999 | 58.850 | 79.600 | 87.150 | 44.108 | 20.897 |
|   0   | 58.800 | 79.350 | 87.250 | 44.105 | 20.947 |
|   1   | 58.800 | 79.300 | 87.250 | 44.113 | 20.976 |
|   2   | 58.750 | 79.450 | 87.050 | 44.112 | 21.005 |
|   3   | 58.750 | 79.450 | 87.100 | 44.095 | 21.013 |
|   4   | 58.800 | 79.550 | 87.200 | 44.120 | 21.000 |
+-------+--------+--------+--------+--------+--------+
     logs:  {'epo': 4, 'R1': 58.8, 'R5': 79.55, 'R10': 87.2, 'mAP': 44.12, 'mINP': 21.0, 'entropy': 0.8496235907077789, 'loss': 0.8496235907077789, 'lr': 9.013188268663186e-05}
     Epoch[5] Iteration[10/23], entropy: 0.7124, loss: 0.7124, lr: 1.36e-05
     Epoch[5] Iteration[20/23], entropy: 0.5516, loss: 0.5516, lr: 6.18e-06
     Averaged stats: entropy: 0.9894, loss: 0.9894, lr: 1.81e-05
     itm tta time 0:00:03
### TTA Eval Score: 
+-------+--------+--------+--------+--------+--------+
| epoch |   R1   |   R5   |  R10   |  mAP   |  mINP  |
+-------+--------+--------+--------+--------+--------+
|  -999 | 58.850 | 79.600 | 87.150 | 44.108 | 20.897 |
|   0   | 58.800 | 79.350 | 87.250 | 44.105 | 20.947 |
|   1   | 58.800 | 79.300 | 87.250 | 44.113 | 20.976 |
|   2   | 58.750 | 79.450 | 87.050 | 44.112 | 21.005 |
|   3   | 58.750 | 79.450 | 87.100 | 44.095 | 21.013 |
|   4   | 58.800 | 79.550 | 87.200 | 44.120 | 21.000 |
|   5   | 58.650 | 79.550 | 87.150 | 44.111 | 21.021 |
+-------+--------+--------+--------+--------+--------+
     logs:  {'epo': 5, 'R1': 58.65, 'R5': 79.55, 'R10': 87.15, 'mAP': 44.111, 'mINP': 21.021, 'entropy': 0.6319727003574371, 'loss': 0.6319727003574371, 'lr': 9.86811731336815e-06}
     Epoch[6] Iteration[10/23], entropy: 0.8242, loss: 0.8242, lr: 7.68e-05
     Epoch[6] Iteration[20/23], entropy: 0.6554, loss: 0.6554, lr: 9.84e-05
     Averaged stats: entropy: 0.7205, loss: 0.7205, lr: 9.05e-05
     itm tta time 0:00:03
### TTA Eval Score: 
+-------+--------+--------+--------+--------+--------+
| epoch |   R1   |   R5   |  R10   |  mAP   |  mINP  |
+-------+--------+--------+--------+--------+--------+
|  -999 | 58.850 | 79.600 | 87.150 | 44.108 | 20.897 |
|   0   | 58.800 | 79.350 | 87.250 | 44.105 | 20.947 |
|   1   | 58.800 | 79.300 | 87.250 | 44.113 | 20.976 |
|   2   | 58.750 | 79.450 | 87.050 | 44.112 | 21.005 |
|   3   | 58.750 | 79.450 | 87.100 | 44.095 | 21.013 |
|   4   | 58.800 | 79.550 | 87.200 | 44.120 | 21.000 |
|   5   | 58.650 | 79.550 | 87.150 | 44.111 | 21.021 |
|   6   | 58.450 | 79.600 | 86.950 | 44.115 | 21.088 |
+-------+--------+--------+--------+--------+--------+
     logs:  {'epo': 6, 'R1': 58.45, 'R5': 79.6, 'R10': 86.95, 'mAP': 44.115, 'mINP': 21.088, 'entropy': 0.7398215532302856, 'loss': 0.7398215532302856, 'lr': 8.761024890269066e-05}
     Epoch[7] Iteration[10/23], entropy: 0.7928, loss: 0.7928, lr: 3.45e-05
     Epoch[7] Iteration[20/23], entropy: 0.7603, loss: 0.7603, lr: 0.00e+00
     Averaged stats: entropy: 0.5447, loss: 0.5447, lr: 3.51e-06
     itm tta time 0:00:03
### TTA Eval Score: 
+-------+--------+--------+--------+--------+--------+
| epoch |   R1   |   R5   |  R10   |  mAP   |  mINP  |
+-------+--------+--------+--------+--------+--------+
|  -999 | 58.850 | 79.600 | 87.150 | 44.108 | 20.897 |
|   0   | 58.800 | 79.350 | 87.250 | 44.105 | 20.947 |
|   1   | 58.800 | 79.300 | 87.250 | 44.113 | 20.976 |
|   2   | 58.750 | 79.450 | 87.050 | 44.112 | 21.005 |
|   3   | 58.750 | 79.450 | 87.100 | 44.095 | 21.013 |
|   4   | 58.800 | 79.550 | 87.200 | 44.120 | 21.000 |
|   5   | 58.650 | 79.550 | 87.150 | 44.111 | 21.021 |
|   6   | 58.450 | 79.600 | 86.950 | 44.115 | 21.088 |
|   7   | 58.400 | 79.550 | 87.050 | 44.119 | 21.087 |
+-------+--------+--------+--------+--------+--------+
     logs:  {'epo': 7, 'R1': 58.4, 'R5': 79.55, 'R10': 87.05, 'mAP': 44.119, 'mINP': 21.087, 'entropy': 0.7765754759311676, 'loss': 0.7765754759311676, 'lr': 1.7274575140626335e-05}
     Epoch[8] Iteration[10/23], entropy: 0.5587, loss: 0.5587, lr: 5.31e-05
     Epoch[8] Iteration[20/23], entropy: 0.6943, loss: 0.6943, lr: 9.84e-05
     Averaged stats: entropy: 0.8005, loss: 0.8005, lr: 9.96e-05
     itm tta time 0:00:03
### TTA Eval Score: 
+-------+--------+--------+--------+--------+--------+
| epoch |   R1   |   R5   |  R10   |  mAP   |  mINP  |
+-------+--------+--------+--------+--------+--------+
|  -999 | 58.850 | 79.600 | 87.150 | 44.108 | 20.897 |
|   0   | 58.800 | 79.350 | 87.250 | 44.105 | 20.947 |
|   1   | 58.800 | 79.300 | 87.250 | 44.113 | 20.976 |
|   2   | 58.750 | 79.450 | 87.050 | 44.112 | 21.005 |
|   3   | 58.750 | 79.450 | 87.100 | 44.095 | 21.013 |
|   4   | 58.800 | 79.550 | 87.200 | 44.120 | 21.000 |
|   5   | 58.650 | 79.550 | 87.150 | 44.111 | 21.021 |
|   6   | 58.450 | 79.600 | 86.950 | 44.115 | 21.088 |
|   7   | 58.400 | 79.550 | 87.050 | 44.119 | 21.087 |
|   8   | 58.200 | 79.500 | 87.250 | 44.117 | 21.119 |
+-------+--------+--------+--------+--------+--------+
     logs:  {'epo': 8, 'R1': 58.2, 'R5': 79.5, 'R10': 87.25, 'mAP': 44.117, 'mINP': 21.119, 'entropy': 0.6264930665493011, 'loss': 0.6264930665493011, 'lr': 7.578434201644853e-05}
     Epoch[9] Iteration[10/23], entropy: 0.7260, loss: 0.7260, lr: 5.94e-05
     Epoch[9] Iteration[20/23], entropy: 0.6698, loss: 0.6698, lr: 6.18e-06
     Averaged stats: entropy: 0.7562, loss: 0.7562, lr: 3.94e-07
     itm tta time 0:00:03
### TTA Eval Score: 
+-------+--------+--------+--------+--------+--------+
| epoch |   R1   |   R5   |  R10   |  mAP   |  mINP  |
+-------+--------+--------+--------+--------+--------+
|  -999 | 58.850 | 79.600 | 87.150 | 44.108 | 20.897 |
|   0   | 58.800 | 79.350 | 87.250 | 44.105 | 20.947 |
|   1   | 58.800 | 79.300 | 87.250 | 44.113 | 20.976 |
|   2   | 58.750 | 79.450 | 87.050 | 44.112 | 21.005 |
|   3   | 58.750 | 79.450 | 87.100 | 44.095 | 21.013 |
|   4   | 58.800 | 79.550 | 87.200 | 44.120 | 21.000 |
|   5   | 58.650 | 79.550 | 87.150 | 44.111 | 21.021 |
|   6   | 58.450 | 79.600 | 86.950 | 44.115 | 21.088 |
|   7   | 58.400 | 79.550 | 87.050 | 44.119 | 21.087 |
|   8   | 58.200 | 79.500 | 87.250 | 44.117 | 21.119 |
|   9   | 58.200 | 79.350 | 87.150 | 44.123 | 21.165 |
+-------+--------+--------+--------+--------+--------+
     logs:  {'epo': 9, 'R1': 58.2, 'R5': 79.35, 'R10': 87.15, 'mAP': 44.123, 'mINP': 21.165, 'entropy': 0.6979286670684814, 'loss': 0.6979286670684814, 'lr': 3.277686586354659e-05}
     Epoch[10] Iteration[10/23], entropy: 0.4778, loss: 0.4778, lr: 2.87e-05
     Epoch[10] Iteration[20/23], entropy: 0.5380, loss: 0.5380, lr: 8.64e-05
     Averaged stats: entropy: 0.7784, loss: 0.7784, lr: 9.65e-05
     itm tta time 0:00:03
### TTA Eval Score: 
+-------+--------+--------+--------+--------+--------+
| epoch |   R1   |   R5   |  R10   |  mAP   |  mINP  |
+-------+--------+--------+--------+--------+--------+
|  -999 | 58.850 | 79.600 | 87.150 | 44.108 | 20.897 |
|   0   | 58.800 | 79.350 | 87.250 | 44.105 | 20.947 |
|   1   | 58.800 | 79.300 | 87.250 | 44.113 | 20.976 |
|   2   | 58.750 | 79.450 | 87.050 | 44.112 | 21.005 |
|   3   | 58.750 | 79.450 | 87.100 | 44.095 | 21.013 |
|   4   | 58.800 | 79.550 | 87.200 | 44.120 | 21.000 |
|   5   | 58.650 | 79.550 | 87.150 | 44.111 | 21.021 |
|   6   | 58.450 | 79.600 | 86.950 | 44.115 | 21.088 |
|   7   | 58.400 | 79.550 | 87.050 | 44.119 | 21.087 |
|   8   | 58.200 | 79.500 | 87.250 | 44.117 | 21.119 |
|   9   | 58.200 | 79.350 | 87.150 | 44.123 | 21.165 |
|   10  | 58.350 | 79.250 | 87.200 | 44.162 | 21.177 |
+-------+--------+--------+--------+--------+--------+
     logs:  {'epo': 10, 'R1': 58.35, 'R5': 79.25, 'R10': 87.2, 'mAP': 44.162, 'mINP': 21.177, 'entropy': 0.5078836530447006, 'loss': 0.5078836530447006, 'lr': 5.757973339640838e-05}
     Epoch[11] Iteration[10/23], entropy: 0.5827, loss: 0.5827, lr: 8.19e-05
     Epoch[11] Iteration[20/23], entropy: 0.7026, loss: 0.7026, lr: 2.32e-05
     Averaged stats: entropy: 0.7679, loss: 0.7679, lr: 9.55e-06
     itm tta time 0:00:03
### TTA Eval Score: 
+-------+--------+--------+--------+--------+--------+
| epoch |   R1   |   R5   |  R10   |  mAP   |  mINP  |
+-------+--------+--------+--------+--------+--------+
|  -999 | 58.850 | 79.600 | 87.150 | 44.108 | 20.897 |
|   0   | 58.800 | 79.350 | 87.250 | 44.105 | 20.947 |
|   1   | 58.800 | 79.300 | 87.250 | 44.113 | 20.976 |
|   2   | 58.750 | 79.450 | 87.050 | 44.112 | 21.005 |
|   3   | 58.750 | 79.450 | 87.100 | 44.095 | 21.013 |
|   4   | 58.800 | 79.550 | 87.200 | 44.120 | 21.000 |
|   5   | 58.650 | 79.550 | 87.150 | 44.111 | 21.021 |
|   6   | 58.450 | 79.600 | 86.950 | 44.115 | 21.088 |
|   7   | 58.400 | 79.550 | 87.050 | 44.119 | 21.087 |
|   8   | 58.200 | 79.500 | 87.250 | 44.117 | 21.119 |
|   9   | 58.200 | 79.350 | 87.150 | 44.123 | 21.165 |
|   10  | 58.350 | 79.250 | 87.200 | 44.162 | 21.177 |
|   11  | 58.400 | 79.300 | 87.250 | 44.173 | 21.218 |
+-------+--------+--------+--------+--------+--------+
     logs:  {'epo': 11, 'R1': 58.4, 'R5': 79.3, 'R10': 87.25, 'mAP': 44.173, 'mINP': 21.218, 'entropy': 0.6426626145839691, 'loss': 0.6426626145839691, 'lr': 5.253992986924244e-05}
     Epoch[12] Iteration[10/23], entropy: 0.5697, loss: 0.5697, lr: 9.55e-06
     Epoch[12] Iteration[20/23], entropy: 0.7307, loss: 0.7307, lr: 6.55e-05
     Averaged stats: entropy: 0.8379, loss: 0.8379, lr: 8.19e-05
     itm tta time 0:00:03
### TTA Eval Score: 
+-------+--------+--------+--------+--------+--------+
| epoch |   R1   |   R5   |  R10   |  mAP   |  mINP  |
+-------+--------+--------+--------+--------+--------+
|  -999 | 58.850 | 79.600 | 87.150 | 44.108 | 20.897 |
|   0   | 58.800 | 79.350 | 87.250 | 44.105 | 20.947 |
|   1   | 58.800 | 79.300 | 87.250 | 44.113 | 20.976 |
|   2   | 58.750 | 79.450 | 87.050 | 44.112 | 21.005 |
|   3   | 58.750 | 79.450 | 87.100 | 44.095 | 21.013 |
|   4   | 58.800 | 79.550 | 87.200 | 44.120 | 21.000 |
|   5   | 58.650 | 79.550 | 87.150 | 44.111 | 21.021 |
|   6   | 58.450 | 79.600 | 86.950 | 44.115 | 21.088 |
|   7   | 58.400 | 79.550 | 87.050 | 44.119 | 21.087 |
|   8   | 58.200 | 79.500 | 87.250 | 44.117 | 21.119 |
|   9   | 58.200 | 79.350 | 87.150 | 44.123 | 21.165 |
|   10  | 58.350 | 79.250 | 87.200 | 44.162 | 21.177 |
|   11  | 58.400 | 79.300 | 87.250 | 44.173 | 21.218 |
|   12  | 58.350 | 79.300 | 87.300 | 44.171 | 21.207 |
+-------+--------+--------+--------+--------+--------+
     logs:  {'epo': 12, 'R1': 58.35, 'R5': 79.3, 'R10': 87.3, 'mAP': 44.171, 'mINP': 21.207, 'entropy': 0.6502290964126587, 'loss': 0.6502290964126587, 'lr': 3.749999999999995e-05}
     Epoch[13] Iteration[10/23], entropy: 0.5771, loss: 0.5771, lr: 9.65e-05
     Epoch[13] Iteration[20/23], entropy: 0.6574, loss: 0.6574, lr: 4.69e-05
     Averaged stats: entropy: 0.7090, loss: 0.7090, lr: 2.87e-05
     itm tta time 0:00:02
### TTA Eval Score: 
+-------+--------+--------+--------+--------+--------+
| epoch |   R1   |   R5   |  R10   |  mAP   |  mINP  |
+-------+--------+--------+--------+--------+--------+
|  -999 | 58.850 | 79.600 | 87.150 | 44.108 | 20.897 |
|   0   | 58.800 | 79.350 | 87.250 | 44.105 | 20.947 |
|   1   | 58.800 | 79.300 | 87.250 | 44.113 | 20.976 |
|   2   | 58.750 | 79.450 | 87.050 | 44.112 | 21.005 |
|   3   | 58.750 | 79.450 | 87.100 | 44.095 | 21.013 |
|   4   | 58.800 | 79.550 | 87.200 | 44.120 | 21.000 |
|   5   | 58.650 | 79.550 | 87.150 | 44.111 | 21.021 |
|   6   | 58.450 | 79.600 | 86.950 | 44.115 | 21.088 |
|   7   | 58.400 | 79.550 | 87.050 | 44.119 | 21.087 |
|   8   | 58.200 | 79.500 | 87.250 | 44.117 | 21.119 |
|   9   | 58.200 | 79.350 | 87.150 | 44.123 | 21.165 |
|   10  | 58.350 | 79.250 | 87.200 | 44.162 | 21.177 |
|   11  | 58.400 | 79.300 | 87.250 | 44.173 | 21.218 |
|   12  | 58.350 | 79.300 | 87.300 | 44.171 | 21.207 |
|   13  | 58.350 | 79.300 | 87.300 | 44.183 | 21.213 |
+-------+--------+--------+--------+--------+--------+
     logs:  {'epo': 13, 'R1': 58.35, 'R5': 79.3, 'R10': 87.3, 'mAP': 44.183, 'mINP': 21.213, 'entropy': 0.6172426044940948, 'loss': 0.6172426044940948, 'lr': 7.167464915897357e-05}
     Epoch[14] Iteration[10/23], entropy: 0.6092, loss: 0.6092, lr: 3.94e-07
     Epoch[14] Iteration[20/23], entropy: 0.5868, loss: 0.5868, lr: 4.06e-05
     Averaged stats: entropy: 0.6381, loss: 0.6381, lr: 5.94e-05
     itm tta time 0:00:03
### TTA Eval Score: 
+-------+--------+--------+--------+--------+--------+
| epoch |   R1   |   R5   |  R10   |  mAP   |  mINP  |
+-------+--------+--------+--------+--------+--------+
|  -999 | 58.850 | 79.600 | 87.150 | 44.108 | 20.897 |
|   0   | 58.800 | 79.350 | 87.250 | 44.105 | 20.947 |
|   1   | 58.800 | 79.300 | 87.250 | 44.113 | 20.976 |
|   2   | 58.750 | 79.450 | 87.050 | 44.112 | 21.005 |
|   3   | 58.750 | 79.450 | 87.100 | 44.095 | 21.013 |
|   4   | 58.800 | 79.550 | 87.200 | 44.120 | 21.000 |
|   5   | 58.650 | 79.550 | 87.150 | 44.111 | 21.021 |
|   6   | 58.450 | 79.600 | 86.950 | 44.115 | 21.088 |
|   7   | 58.400 | 79.550 | 87.050 | 44.119 | 21.087 |
|   8   | 58.200 | 79.500 | 87.250 | 44.117 | 21.119 |
|   9   | 58.200 | 79.350 | 87.150 | 44.123 | 21.165 |
|   10  | 58.350 | 79.250 | 87.200 | 44.162 | 21.177 |
|   11  | 58.400 | 79.300 | 87.250 | 44.173 | 21.218 |
|   12  | 58.350 | 79.300 | 87.300 | 44.171 | 21.207 |
|   13  | 58.350 | 79.300 | 87.300 | 44.183 | 21.213 |
|   14  | 58.400 | 79.400 | 87.400 | 44.200 | 21.212 |
+-------+--------+--------+--------+--------+--------+
     logs:  {'epo': 14, 'R1': 58.4, 'R5': 79.4, 'R10': 87.4, 'mAP': 44.2, 'mINP': 21.212, 'entropy': 0.5979786813259125, 'loss': 0.5979786813259125, 'lr': 2.0512599602494777e-05}
     Epoch[15] Iteration[10/23], entropy: 0.7299, loss: 0.7299, lr: 9.96e-05
     Epoch[15] Iteration[20/23], entropy: 0.6548, loss: 0.6548, lr: 7.13e-05
     Averaged stats: entropy: 0.6100, loss: 0.6100, lr: 5.31e-05
     itm tta time 0:00:03
### TTA Eval Score: 
+-------+--------+--------+--------+--------+--------+
| epoch |   R1   |   R5   |  R10   |  mAP   |  mINP  |
+-------+--------+--------+--------+--------+--------+
|  -999 | 58.850 | 79.600 | 87.150 | 44.108 | 20.897 |
|   0   | 58.800 | 79.350 | 87.250 | 44.105 | 20.947 |
|   1   | 58.800 | 79.300 | 87.250 | 44.113 | 20.976 |
|   2   | 58.750 | 79.450 | 87.050 | 44.112 | 21.005 |
|   3   | 58.750 | 79.450 | 87.100 | 44.095 | 21.013 |
|   4   | 58.800 | 79.550 | 87.200 | 44.120 | 21.000 |
|   5   | 58.650 | 79.550 | 87.150 | 44.111 | 21.021 |
|   6   | 58.450 | 79.600 | 86.950 | 44.115 | 21.088 |
|   7   | 58.400 | 79.550 | 87.050 | 44.119 | 21.087 |
|   8   | 58.200 | 79.500 | 87.250 | 44.117 | 21.119 |
|   9   | 58.200 | 79.350 | 87.150 | 44.123 | 21.165 |
|   10  | 58.350 | 79.250 | 87.200 | 44.162 | 21.177 |
|   11  | 58.400 | 79.300 | 87.250 | 44.173 | 21.218 |
|   12  | 58.350 | 79.300 | 87.300 | 44.171 | 21.207 |
|   13  | 58.350 | 79.300 | 87.300 | 44.183 | 21.213 |
|   14  | 58.400 | 79.400 | 87.400 | 44.200 | 21.212 |
|   15  | 58.450 | 79.500 | 87.350 | 44.234 | 21.243 |
+-------+--------+--------+--------+--------+--------+
     logs:  {'epo': 15, 'R1': 58.45, 'R5': 79.5, 'R10': 87.35, 'mAP': 44.234, 'mINP': 21.243, 'entropy': 0.6923632323741913, 'loss': 0.6923632323741913, 'lr': 8.544734982198878e-05}
     Epoch[16] Iteration[10/23], entropy: 0.5688, loss: 0.5688, lr: 3.51e-06
     Epoch[16] Iteration[20/23], entropy: 0.4620, loss: 0.4620, lr: 1.81e-05
     Averaged stats: entropy: 0.6066, loss: 0.6066, lr: 3.45e-05
     itm tta time 0:00:03
### TTA Eval Score: 
+-------+--------+--------+--------+--------+--------+
| epoch |   R1   |   R5   |  R10   |  mAP   |  mINP  |
+-------+--------+--------+--------+--------+--------+
|  -999 | 58.850 | 79.600 | 87.150 | 44.108 | 20.897 |
|   0   | 58.800 | 79.350 | 87.250 | 44.105 | 20.947 |
|   1   | 58.800 | 79.300 | 87.250 | 44.113 | 20.976 |
|   2   | 58.750 | 79.450 | 87.050 | 44.112 | 21.005 |
|   3   | 58.750 | 79.450 | 87.100 | 44.095 | 21.013 |
|   4   | 58.800 | 79.550 | 87.200 | 44.120 | 21.000 |
|   5   | 58.650 | 79.550 | 87.150 | 44.111 | 21.021 |
|   6   | 58.450 | 79.600 | 86.950 | 44.115 | 21.088 |
|   7   | 58.400 | 79.550 | 87.050 | 44.119 | 21.087 |
|   8   | 58.200 | 79.500 | 87.250 | 44.117 | 21.119 |
|   9   | 58.200 | 79.350 | 87.150 | 44.123 | 21.165 |
|   10  | 58.350 | 79.250 | 87.200 | 44.162 | 21.177 |
|   11  | 58.400 | 79.300 | 87.250 | 44.173 | 21.218 |
|   12  | 58.350 | 79.300 | 87.300 | 44.171 | 21.207 |
|   13  | 58.350 | 79.300 | 87.300 | 44.183 | 21.213 |
|   14  | 58.400 | 79.400 | 87.400 | 44.200 | 21.212 |
|   15  | 58.450 | 79.500 | 87.350 | 44.234 | 21.243 |
|   16  | 58.450 | 79.400 | 87.450 | 44.242 | 21.248 |
+-------+--------+--------+--------+--------+--------+
     logs:  {'epo': 16, 'R1': 58.45, 'R5': 79.4, 'R10': 87.45, 'mAP': 44.242, 'mINP': 21.248, 'entropy': 0.5154085755348206, 'loss': 0.5154085755348206, 'lr': 1.0819988109076373e-05}
     Epoch[17] Iteration[10/23], entropy: 0.4757, loss: 0.4757, lr: 9.05e-05
     Epoch[17] Iteration[20/23], entropy: 0.5717, loss: 0.5717, lr: 9.05e-05
     Averaged stats: entropy: 0.7074, loss: 0.7074, lr: 7.68e-05
     itm tta time 0:00:03
### TTA Eval Score: 
+-------+--------+--------+--------+--------+--------+
| epoch |   R1   |   R5   |  R10   |  mAP   |  mINP  |
+-------+--------+--------+--------+--------+--------+
|  -999 | 58.850 | 79.600 | 87.150 | 44.108 | 20.897 |
|   0   | 58.800 | 79.350 | 87.250 | 44.105 | 20.947 |
|   1   | 58.800 | 79.300 | 87.250 | 44.113 | 20.976 |
|   2   | 58.750 | 79.450 | 87.050 | 44.112 | 21.005 |
|   3   | 58.750 | 79.450 | 87.100 | 44.095 | 21.013 |
|   4   | 58.800 | 79.550 | 87.200 | 44.120 | 21.000 |
|   5   | 58.650 | 79.550 | 87.150 | 44.111 | 21.021 |
|   6   | 58.450 | 79.600 | 86.950 | 44.115 | 21.088 |
|   7   | 58.400 | 79.550 | 87.050 | 44.119 | 21.087 |
|   8   | 58.200 | 79.500 | 87.250 | 44.117 | 21.119 |
|   9   | 58.200 | 79.350 | 87.150 | 44.123 | 21.165 |
|   10  | 58.350 | 79.250 | 87.200 | 44.162 | 21.177 |
|   11  | 58.400 | 79.300 | 87.250 | 44.173 | 21.218 |
|   12  | 58.350 | 79.300 | 87.300 | 44.171 | 21.207 |
|   13  | 58.350 | 79.300 | 87.300 | 44.183 | 21.213 |
|   14  | 58.400 | 79.400 | 87.400 | 44.200 | 21.212 |
|   15  | 58.450 | 79.500 | 87.350 | 44.234 | 21.243 |
|   16  | 58.450 | 79.400 | 87.450 | 44.242 | 21.248 |
|   17  | 58.450 | 79.350 | 87.700 | 44.261 | 21.259 |
+-------+--------+--------+--------+--------+--------+
     logs:  {'epo': 17, 'R1': 58.45, 'R5': 79.35, 'R10': 87.7, 'mAP': 44.261, 'mINP': 21.259, 'entropy': 0.5237340182065964, 'loss': 0.5237340182065964, 'lr': 9.045084971874748e-05}
     Epoch[18] Iteration[10/23], entropy: 0.7299, loss: 0.7299, lr: 1.81e-05
     Epoch[18] Iteration[20/23], entropy: 0.6720, loss: 0.6720, lr: 3.51e-06
     Averaged stats: entropy: 0.6065, loss: 0.6065, lr: 1.36e-05
     itm tta time 0:00:03
### TTA Eval Score: 
+-------+--------+--------+--------+--------+--------+
| epoch |   R1   |   R5   |  R10   |  mAP   |  mINP  |
+-------+--------+--------+--------+--------+--------+
|  -999 | 58.850 | 79.600 | 87.150 | 44.108 | 20.897 |
|   0   | 58.800 | 79.350 | 87.250 | 44.105 | 20.947 |
|   1   | 58.800 | 79.300 | 87.250 | 44.113 | 20.976 |
|   2   | 58.750 | 79.450 | 87.050 | 44.112 | 21.005 |
|   3   | 58.750 | 79.450 | 87.100 | 44.095 | 21.013 |
|   4   | 58.800 | 79.550 | 87.200 | 44.120 | 21.000 |
|   5   | 58.650 | 79.550 | 87.150 | 44.111 | 21.021 |
|   6   | 58.450 | 79.600 | 86.950 | 44.115 | 21.088 |
|   7   | 58.400 | 79.550 | 87.050 | 44.119 | 21.087 |
|   8   | 58.200 | 79.500 | 87.250 | 44.117 | 21.119 |
|   9   | 58.200 | 79.350 | 87.150 | 44.123 | 21.165 |
|   10  | 58.350 | 79.250 | 87.200 | 44.162 | 21.177 |
|   11  | 58.400 | 79.300 | 87.250 | 44.173 | 21.218 |
|   12  | 58.350 | 79.300 | 87.300 | 44.171 | 21.207 |
|   13  | 58.350 | 79.300 | 87.300 | 44.183 | 21.213 |
|   14  | 58.400 | 79.400 | 87.400 | 44.200 | 21.212 |
|   15  | 58.450 | 79.500 | 87.350 | 44.234 | 21.243 |
|   16  | 58.450 | 79.400 | 87.450 | 44.242 | 21.248 |
|   17  | 58.450 | 79.350 | 87.700 | 44.261 | 21.259 |
|   18  | 58.400 | 79.350 | 87.700 | 44.265 | 21.256 |
+-------+--------+--------+--------+--------+--------+
     logs:  {'epo': 18, 'R1': 58.4, 'R5': 79.35, 'R10': 87.7, 'mAP': 44.265, 'mINP': 21.256, 'entropy': 0.7009798884391785, 'loss': 0.7009798884391785, 'lr': 1.0819988109076616e-05}
     Epoch[19] Iteration[10/23], entropy: 0.5555, loss: 0.5555, lr: 7.13e-05
     Epoch[19] Iteration[20/23], entropy: 0.7459, loss: 0.7459, lr: 9.96e-05
     Averaged stats: entropy: 0.7004, loss: 0.7004, lr: 9.38e-05
     itm tta time 0:00:02
### TTA Eval Score: 
+-------+--------+--------+--------+--------+--------+
| epoch |   R1   |   R5   |  R10   |  mAP   |  mINP  |
+-------+--------+--------+--------+--------+--------+
|  -999 | 58.850 | 79.600 | 87.150 | 44.108 | 20.897 |
|   0   | 58.800 | 79.350 | 87.250 | 44.105 | 20.947 |
|   1   | 58.800 | 79.300 | 87.250 | 44.113 | 20.976 |
|   2   | 58.750 | 79.450 | 87.050 | 44.112 | 21.005 |
|   3   | 58.750 | 79.450 | 87.100 | 44.095 | 21.013 |
|   4   | 58.800 | 79.550 | 87.200 | 44.120 | 21.000 |
|   5   | 58.650 | 79.550 | 87.150 | 44.111 | 21.021 |
|   6   | 58.450 | 79.600 | 86.950 | 44.115 | 21.088 |
|   7   | 58.400 | 79.550 | 87.050 | 44.119 | 21.087 |
|   8   | 58.200 | 79.500 | 87.250 | 44.117 | 21.119 |
|   9   | 58.200 | 79.350 | 87.150 | 44.123 | 21.165 |
|   10  | 58.350 | 79.250 | 87.200 | 44.162 | 21.177 |
|   11  | 58.400 | 79.300 | 87.250 | 44.173 | 21.218 |
|   12  | 58.350 | 79.300 | 87.300 | 44.171 | 21.207 |
|   13  | 58.350 | 79.300 | 87.300 | 44.183 | 21.213 |
|   14  | 58.400 | 79.400 | 87.400 | 44.200 | 21.212 |
|   15  | 58.450 | 79.500 | 87.350 | 44.234 | 21.243 |
|   16  | 58.450 | 79.400 | 87.450 | 44.242 | 21.248 |
|   17  | 58.450 | 79.350 | 87.700 | 44.261 | 21.259 |
|   18  | 58.400 | 79.350 | 87.700 | 44.265 | 21.256 |
|   19  | 58.550 | 79.450 | 87.700 | 44.294 | 21.260 |
+-------+--------+--------+--------+--------+--------+
     logs:  {'epo': 19, 'R1': 58.55, 'R5': 79.45, 'R10': 87.7, 'mAP': 44.294, 'mINP': 21.26, 'entropy': 0.6506966650485992, 'loss': 0.6506966650485992, 'lr': 8.54473498219887e-05}
     Epoch[20] Iteration[10/23], entropy: 0.6278, loss: 0.6278, lr: 4.06e-05
     Epoch[20] Iteration[20/23], entropy: 0.7528, loss: 0.7528, lr: 3.94e-07
     Averaged stats: entropy: 0.3572, loss: 0.3572, lr: 1.57e-06
     itm tta time 0:00:03
### TTA Eval Score: 
+-------+--------+--------+--------+--------+--------+
| epoch |   R1   |   R5   |  R10   |  mAP   |  mINP  |
+-------+--------+--------+--------+--------+--------+
|  -999 | 58.850 | 79.600 | 87.150 | 44.108 | 20.897 |
|   0   | 58.800 | 79.350 | 87.250 | 44.105 | 20.947 |
|   1   | 58.800 | 79.300 | 87.250 | 44.113 | 20.976 |
|   2   | 58.750 | 79.450 | 87.050 | 44.112 | 21.005 |
|   3   | 58.750 | 79.450 | 87.100 | 44.095 | 21.013 |
|   4   | 58.800 | 79.550 | 87.200 | 44.120 | 21.000 |
|   5   | 58.650 | 79.550 | 87.150 | 44.111 | 21.021 |
|   6   | 58.450 | 79.600 | 86.950 | 44.115 | 21.088 |
|   7   | 58.400 | 79.550 | 87.050 | 44.119 | 21.087 |
|   8   | 58.200 | 79.500 | 87.250 | 44.117 | 21.119 |
|   9   | 58.200 | 79.350 | 87.150 | 44.123 | 21.165 |
|   10  | 58.350 | 79.250 | 87.200 | 44.162 | 21.177 |
|   11  | 58.400 | 79.300 | 87.250 | 44.173 | 21.218 |
|   12  | 58.350 | 79.300 | 87.300 | 44.171 | 21.207 |
|   13  | 58.350 | 79.300 | 87.300 | 44.183 | 21.213 |
|   14  | 58.400 | 79.400 | 87.400 | 44.200 | 21.212 |
|   15  | 58.450 | 79.500 | 87.350 | 44.234 | 21.243 |
|   16  | 58.450 | 79.400 | 87.450 | 44.242 | 21.248 |
|   17  | 58.450 | 79.350 | 87.700 | 44.261 | 21.259 |
|   18  | 58.400 | 79.350 | 87.700 | 44.265 | 21.256 |
|   19  | 58.550 | 79.450 | 87.700 | 44.294 | 21.260 |
|   20  | 58.350 | 79.500 | 87.650 | 44.273 | 21.260 |
+-------+--------+--------+--------+--------+--------+
     logs:  {'epo': 20, 'R1': 58.35, 'R5': 79.5, 'R10': 87.65, 'mAP': 44.273, 'mINP': 21.26, 'entropy': 0.6903340816497803, 'loss': 0.6903340816497803, 'lr': 2.051259960249506e-05}
     Epoch[21] Iteration[10/23], entropy: 0.6675, loss: 0.6675, lr: 4.69e-05
     Epoch[21] Iteration[20/23], entropy: 0.6326, loss: 0.6326, lr: 9.65e-05
     Averaged stats: entropy: 0.5708, loss: 0.5708, lr: 1.00e-04
     itm tta time 0:00:03
### TTA Eval Score: 
+-------+--------+--------+--------+--------+--------+
| epoch |   R1   |   R5   |  R10   |  mAP   |  mINP  |
+-------+--------+--------+--------+--------+--------+
|  -999 | 58.850 | 79.600 | 87.150 | 44.108 | 20.897 |
|   0   | 58.800 | 79.350 | 87.250 | 44.105 | 20.947 |
|   1   | 58.800 | 79.300 | 87.250 | 44.113 | 20.976 |
|   2   | 58.750 | 79.450 | 87.050 | 44.112 | 21.005 |
|   3   | 58.750 | 79.450 | 87.100 | 44.095 | 21.013 |
|   4   | 58.800 | 79.550 | 87.200 | 44.120 | 21.000 |
|   5   | 58.650 | 79.550 | 87.150 | 44.111 | 21.021 |
|   6   | 58.450 | 79.600 | 86.950 | 44.115 | 21.088 |
|   7   | 58.400 | 79.550 | 87.050 | 44.119 | 21.087 |
|   8   | 58.200 | 79.500 | 87.250 | 44.117 | 21.119 |
|   9   | 58.200 | 79.350 | 87.150 | 44.123 | 21.165 |
|   10  | 58.350 | 79.250 | 87.200 | 44.162 | 21.177 |
|   11  | 58.400 | 79.300 | 87.250 | 44.173 | 21.218 |
|   12  | 58.350 | 79.300 | 87.300 | 44.171 | 21.207 |
|   13  | 58.350 | 79.300 | 87.300 | 44.183 | 21.213 |
|   14  | 58.400 | 79.400 | 87.400 | 44.200 | 21.212 |
|   15  | 58.450 | 79.500 | 87.350 | 44.234 | 21.243 |
|   16  | 58.450 | 79.400 | 87.450 | 44.242 | 21.248 |
|   17  | 58.450 | 79.350 | 87.700 | 44.261 | 21.259 |
|   18  | 58.400 | 79.350 | 87.700 | 44.265 | 21.256 |
|   19  | 58.550 | 79.450 | 87.700 | 44.294 | 21.260 |
|   20  | 58.350 | 79.500 | 87.650 | 44.273 | 21.260 |
|   21  | 58.300 | 79.500 | 87.600 | 44.278 | 21.260 |
+-------+--------+--------+--------+--------+--------+
     logs:  {'epo': 21, 'R1': 58.3, 'R5': 79.5, 'R10': 87.6, 'mAP': 44.278, 'mINP': 21.26, 'entropy': 0.6500279903411865, 'loss': 0.6500279903411865, 'lr': 7.167464915897338e-05}
     Epoch[22] Iteration[10/23], entropy: 0.5822, loss: 0.5822, lr: 6.55e-05
     Epoch[22] Iteration[20/23], entropy: 0.5105, loss: 0.5105, lr: 9.55e-06
     Averaged stats: entropy: 0.6499, loss: 0.6499, lr: 1.57e-06
     itm tta time 0:00:03
### TTA Eval Score: 
+-------+--------+--------+--------+--------+--------+
| epoch |   R1   |   R5   |  R10   |  mAP   |  mINP  |
+-------+--------+--------+--------+--------+--------+
|  -999 | 58.850 | 79.600 | 87.150 | 44.108 | 20.897 |
|   0   | 58.800 | 79.350 | 87.250 | 44.105 | 20.947 |
|   1   | 58.800 | 79.300 | 87.250 | 44.113 | 20.976 |
|   2   | 58.750 | 79.450 | 87.050 | 44.112 | 21.005 |
|   3   | 58.750 | 79.450 | 87.100 | 44.095 | 21.013 |
|   4   | 58.800 | 79.550 | 87.200 | 44.120 | 21.000 |
|   5   | 58.650 | 79.550 | 87.150 | 44.111 | 21.021 |
|   6   | 58.450 | 79.600 | 86.950 | 44.115 | 21.088 |
|   7   | 58.400 | 79.550 | 87.050 | 44.119 | 21.087 |
|   8   | 58.200 | 79.500 | 87.250 | 44.117 | 21.119 |
|   9   | 58.200 | 79.350 | 87.150 | 44.123 | 21.165 |
|   10  | 58.350 | 79.250 | 87.200 | 44.162 | 21.177 |
|   11  | 58.400 | 79.300 | 87.250 | 44.173 | 21.218 |
|   12  | 58.350 | 79.300 | 87.300 | 44.171 | 21.207 |
|   13  | 58.350 | 79.300 | 87.300 | 44.183 | 21.213 |
|   14  | 58.400 | 79.400 | 87.400 | 44.200 | 21.212 |
|   15  | 58.450 | 79.500 | 87.350 | 44.234 | 21.243 |
|   16  | 58.450 | 79.400 | 87.450 | 44.242 | 21.248 |
|   17  | 58.450 | 79.350 | 87.700 | 44.261 | 21.259 |
|   18  | 58.400 | 79.350 | 87.700 | 44.265 | 21.256 |
|   19  | 58.550 | 79.450 | 87.700 | 44.294 | 21.260 |
|   20  | 58.350 | 79.500 | 87.650 | 44.273 | 21.260 |
|   21  | 58.300 | 79.500 | 87.600 | 44.278 | 21.260 |
|   22  | 58.400 | 79.450 | 87.800 | 44.283 | 21.290 |
+-------+--------+--------+--------+--------+--------+
     logs:  {'epo': 22, 'R1': 58.4, 'R5': 79.45, 'R10': 87.8, 'mAP': 44.283, 'mINP': 21.29, 'entropy': 0.5463247299194336, 'loss': 0.5463247299194336, 'lr': 3.750000000000027e-05}
     Epoch[23] Iteration[10/23], entropy: 0.6465, loss: 0.6465, lr: 2.32e-05
     Epoch[23] Iteration[20/23], entropy: 0.5642, loss: 0.5642, lr: 8.19e-05
     Averaged stats: entropy: 0.7457, loss: 0.7457, lr: 9.38e-05
     itm tta time 0:00:03
### TTA Eval Score: 
+-------+--------+--------+--------+--------+--------+
| epoch |   R1   |   R5   |  R10   |  mAP   |  mINP  |
+-------+--------+--------+--------+--------+--------+
|  -999 | 58.850 | 79.600 | 87.150 | 44.108 | 20.897 |
|   0   | 58.800 | 79.350 | 87.250 | 44.105 | 20.947 |
|   1   | 58.800 | 79.300 | 87.250 | 44.113 | 20.976 |
|   2   | 58.750 | 79.450 | 87.050 | 44.112 | 21.005 |
|   3   | 58.750 | 79.450 | 87.100 | 44.095 | 21.013 |
|   4   | 58.800 | 79.550 | 87.200 | 44.120 | 21.000 |
|   5   | 58.650 | 79.550 | 87.150 | 44.111 | 21.021 |
|   6   | 58.450 | 79.600 | 86.950 | 44.115 | 21.088 |
|   7   | 58.400 | 79.550 | 87.050 | 44.119 | 21.087 |
|   8   | 58.200 | 79.500 | 87.250 | 44.117 | 21.119 |
|   9   | 58.200 | 79.350 | 87.150 | 44.123 | 21.165 |
|   10  | 58.350 | 79.250 | 87.200 | 44.162 | 21.177 |
|   11  | 58.400 | 79.300 | 87.250 | 44.173 | 21.218 |
|   12  | 58.350 | 79.300 | 87.300 | 44.171 | 21.207 |
|   13  | 58.350 | 79.300 | 87.300 | 44.183 | 21.213 |
|   14  | 58.400 | 79.400 | 87.400 | 44.200 | 21.212 |
|   15  | 58.450 | 79.500 | 87.350 | 44.234 | 21.243 |
|   16  | 58.450 | 79.400 | 87.450 | 44.242 | 21.248 |
|   17  | 58.450 | 79.350 | 87.700 | 44.261 | 21.259 |
|   18  | 58.400 | 79.350 | 87.700 | 44.265 | 21.256 |
|   19  | 58.550 | 79.450 | 87.700 | 44.294 | 21.260 |
|   20  | 58.350 | 79.500 | 87.650 | 44.273 | 21.260 |
|   21  | 58.300 | 79.500 | 87.600 | 44.278 | 21.260 |
|   22  | 58.400 | 79.450 | 87.800 | 44.283 | 21.290 |
|   23  | 58.500 | 79.450 | 87.800 | 44.262 | 21.242 |
+-------+--------+--------+--------+--------+--------+
     logs:  {'epo': 23, 'R1': 58.5, 'R5': 79.45, 'R10': 87.8, 'mAP': 44.262, 'mINP': 21.242, 'entropy': 0.6053788363933563, 'loss': 0.6053788363933563, 'lr': 5.2539929869241996e-05}
     Epoch[24] Iteration[10/23], entropy: 0.6002, loss: 0.6002, lr: 8.64e-05
     Epoch[24] Iteration[20/23], entropy: 0.7109, loss: 0.7109, lr: 2.87e-05
     Averaged stats: entropy: 0.8463, loss: 0.8463, lr: 1.36e-05
     itm tta time 0:00:03
### TTA Eval Score: 
+-------+--------+--------+--------+--------+--------+
| epoch |   R1   |   R5   |  R10   |  mAP   |  mINP  |
+-------+--------+--------+--------+--------+--------+
|  -999 | 58.850 | 79.600 | 87.150 | 44.108 | 20.897 |
|   0   | 58.800 | 79.350 | 87.250 | 44.105 | 20.947 |
|   1   | 58.800 | 79.300 | 87.250 | 44.113 | 20.976 |
|   2   | 58.750 | 79.450 | 87.050 | 44.112 | 21.005 |
|   3   | 58.750 | 79.450 | 87.100 | 44.095 | 21.013 |
|   4   | 58.800 | 79.550 | 87.200 | 44.120 | 21.000 |
|   5   | 58.650 | 79.550 | 87.150 | 44.111 | 21.021 |
|   6   | 58.450 | 79.600 | 86.950 | 44.115 | 21.088 |
|   7   | 58.400 | 79.550 | 87.050 | 44.119 | 21.087 |
|   8   | 58.200 | 79.500 | 87.250 | 44.117 | 21.119 |
|   9   | 58.200 | 79.350 | 87.150 | 44.123 | 21.165 |
|   10  | 58.350 | 79.250 | 87.200 | 44.162 | 21.177 |
|   11  | 58.400 | 79.300 | 87.250 | 44.173 | 21.218 |
|   12  | 58.350 | 79.300 | 87.300 | 44.171 | 21.207 |
|   13  | 58.350 | 79.300 | 87.300 | 44.183 | 21.213 |
|   14  | 58.400 | 79.400 | 87.400 | 44.200 | 21.212 |
|   15  | 58.450 | 79.500 | 87.350 | 44.234 | 21.243 |
|   16  | 58.450 | 79.400 | 87.450 | 44.242 | 21.248 |
|   17  | 58.450 | 79.350 | 87.700 | 44.261 | 21.259 |
|   18  | 58.400 | 79.350 | 87.700 | 44.265 | 21.256 |
|   19  | 58.550 | 79.450 | 87.700 | 44.294 | 21.260 |
|   20  | 58.350 | 79.500 | 87.650 | 44.273 | 21.260 |
|   21  | 58.300 | 79.500 | 87.600 | 44.278 | 21.260 |
|   22  | 58.400 | 79.450 | 87.800 | 44.283 | 21.290 |
|   23  | 58.500 | 79.450 | 87.800 | 44.262 | 21.242 |
|   24  | 58.550 | 79.500 | 87.750 | 44.280 | 21.275 |
+-------+--------+--------+--------+--------+--------+
     logs:  {'epo': 24, 'R1': 58.55, 'R5': 79.5, 'R10': 87.75, 'mAP': 44.28, 'mINP': 21.275, 'entropy': 0.6555262804031372, 'loss': 0.6555262804031372, 'lr': 5.7579733396408875e-05}
     Epoch[25] Iteration[10/23], entropy: 0.4796, loss: 0.4796, lr: 6.18e-06
     Epoch[25] Iteration[20/23], entropy: 0.4308, loss: 0.4308, lr: 5.94e-05
     Averaged stats: entropy: 0.6367, loss: 0.6367, lr: 7.68e-05
     itm tta time 0:00:03
### TTA Eval Score: 
+-------+--------+--------+--------+--------+--------+
| epoch |   R1   |   R5   |  R10   |  mAP   |  mINP  |
+-------+--------+--------+--------+--------+--------+
|  -999 | 58.850 | 79.600 | 87.150 | 44.108 | 20.897 |
|   0   | 58.800 | 79.350 | 87.250 | 44.105 | 20.947 |
|   1   | 58.800 | 79.300 | 87.250 | 44.113 | 20.976 |
|   2   | 58.750 | 79.450 | 87.050 | 44.112 | 21.005 |
|   3   | 58.750 | 79.450 | 87.100 | 44.095 | 21.013 |
|   4   | 58.800 | 79.550 | 87.200 | 44.120 | 21.000 |
|   5   | 58.650 | 79.550 | 87.150 | 44.111 | 21.021 |
|   6   | 58.450 | 79.600 | 86.950 | 44.115 | 21.088 |
|   7   | 58.400 | 79.550 | 87.050 | 44.119 | 21.087 |
|   8   | 58.200 | 79.500 | 87.250 | 44.117 | 21.119 |
|   9   | 58.200 | 79.350 | 87.150 | 44.123 | 21.165 |
|   10  | 58.350 | 79.250 | 87.200 | 44.162 | 21.177 |
|   11  | 58.400 | 79.300 | 87.250 | 44.173 | 21.218 |
|   12  | 58.350 | 79.300 | 87.300 | 44.171 | 21.207 |
|   13  | 58.350 | 79.300 | 87.300 | 44.183 | 21.213 |
|   14  | 58.400 | 79.400 | 87.400 | 44.200 | 21.212 |
|   15  | 58.450 | 79.500 | 87.350 | 44.234 | 21.243 |
|   16  | 58.450 | 79.400 | 87.450 | 44.242 | 21.248 |
|   17  | 58.450 | 79.350 | 87.700 | 44.261 | 21.259 |
|   18  | 58.400 | 79.350 | 87.700 | 44.265 | 21.256 |
|   19  | 58.550 | 79.450 | 87.700 | 44.294 | 21.260 |
|   20  | 58.350 | 79.500 | 87.650 | 44.273 | 21.260 |
|   21  | 58.300 | 79.500 | 87.600 | 44.278 | 21.260 |
|   22  | 58.400 | 79.450 | 87.800 | 44.283 | 21.290 |
|   23  | 58.500 | 79.450 | 87.800 | 44.262 | 21.242 |
|   24  | 58.550 | 79.500 | 87.750 | 44.280 | 21.275 |
|   25  | 58.550 | 79.500 | 87.800 | 44.278 | 21.266 |
+-------+--------+--------+--------+--------+--------+
     logs:  {'epo': 25, 'R1': 58.55, 'R5': 79.5, 'R10': 87.8, 'mAP': 44.278, 'mINP': 21.266, 'entropy': 0.4551866352558136, 'loss': 0.4551866352558136, 'lr': 3.277686586354636e-05}
     Epoch[26] Iteration[10/23], entropy: 0.4657, loss: 0.4657, lr: 9.84e-05
     Epoch[26] Iteration[20/23], entropy: 0.6404, loss: 0.6404, lr: 5.31e-05
     Averaged stats: entropy: 0.5465, loss: 0.5465, lr: 3.45e-05
     itm tta time 0:00:03
### TTA Eval Score: 
+-------+--------+--------+--------+--------+--------+
| epoch |   R1   |   R5   |  R10   |  mAP   |  mINP  |
+-------+--------+--------+--------+--------+--------+
|  -999 | 58.850 | 79.600 | 87.150 | 44.108 | 20.897 |
|   0   | 58.800 | 79.350 | 87.250 | 44.105 | 20.947 |
|   1   | 58.800 | 79.300 | 87.250 | 44.113 | 20.976 |
|   2   | 58.750 | 79.450 | 87.050 | 44.112 | 21.005 |
|   3   | 58.750 | 79.450 | 87.100 | 44.095 | 21.013 |
|   4   | 58.800 | 79.550 | 87.200 | 44.120 | 21.000 |
|   5   | 58.650 | 79.550 | 87.150 | 44.111 | 21.021 |
|   6   | 58.450 | 79.600 | 86.950 | 44.115 | 21.088 |
|   7   | 58.400 | 79.550 | 87.050 | 44.119 | 21.087 |
|   8   | 58.200 | 79.500 | 87.250 | 44.117 | 21.119 |
|   9   | 58.200 | 79.350 | 87.150 | 44.123 | 21.165 |
|   10  | 58.350 | 79.250 | 87.200 | 44.162 | 21.177 |
|   11  | 58.400 | 79.300 | 87.250 | 44.173 | 21.218 |
|   12  | 58.350 | 79.300 | 87.300 | 44.171 | 21.207 |
|   13  | 58.350 | 79.300 | 87.300 | 44.183 | 21.213 |
|   14  | 58.400 | 79.400 | 87.400 | 44.200 | 21.212 |
|   15  | 58.450 | 79.500 | 87.350 | 44.234 | 21.243 |
|   16  | 58.450 | 79.400 | 87.450 | 44.242 | 21.248 |
|   17  | 58.450 | 79.350 | 87.700 | 44.261 | 21.259 |
|   18  | 58.400 | 79.350 | 87.700 | 44.265 | 21.256 |
|   19  | 58.550 | 79.450 | 87.700 | 44.294 | 21.260 |
|   20  | 58.350 | 79.500 | 87.650 | 44.273 | 21.260 |
|   21  | 58.300 | 79.500 | 87.600 | 44.278 | 21.260 |
|   22  | 58.400 | 79.450 | 87.800 | 44.283 | 21.290 |
|   23  | 58.500 | 79.450 | 87.800 | 44.262 | 21.242 |
|   24  | 58.550 | 79.500 | 87.750 | 44.280 | 21.275 |
|   25  | 58.550 | 79.500 | 87.800 | 44.278 | 21.266 |
|   26  | 58.550 | 79.550 | 87.750 | 44.287 | 21.278 |
+-------+--------+--------+--------+--------+--------+
     logs:  {'epo': 26, 'R1': 58.55, 'R5': 79.55, 'R10': 87.75, 'mAP': 44.287, 'mINP': 21.278, 'entropy': 0.5530604124069214, 'loss': 0.5530604124069214, 'lr': 7.578434201644857e-05}
     Epoch[27] Iteration[10/23], entropy: 0.6014, loss: 0.6014, lr: 0.00e+00
     Epoch[27] Iteration[20/23], entropy: 0.7236, loss: 0.7236, lr: 3.45e-05
     Averaged stats: entropy: 0.7246, loss: 0.7246, lr: 5.31e-05
     itm tta time 0:00:03
### TTA Eval Score: 
+-------+--------+--------+--------+--------+--------+
| epoch |   R1   |   R5   |  R10   |  mAP   |  mINP  |
+-------+--------+--------+--------+--------+--------+
|  -999 | 58.850 | 79.600 | 87.150 | 44.108 | 20.897 |
|   0   | 58.800 | 79.350 | 87.250 | 44.105 | 20.947 |
|   1   | 58.800 | 79.300 | 87.250 | 44.113 | 20.976 |
|   2   | 58.750 | 79.450 | 87.050 | 44.112 | 21.005 |
|   3   | 58.750 | 79.450 | 87.100 | 44.095 | 21.013 |
|   4   | 58.800 | 79.550 | 87.200 | 44.120 | 21.000 |
|   5   | 58.650 | 79.550 | 87.150 | 44.111 | 21.021 |
|   6   | 58.450 | 79.600 | 86.950 | 44.115 | 21.088 |
|   7   | 58.400 | 79.550 | 87.050 | 44.119 | 21.087 |
|   8   | 58.200 | 79.500 | 87.250 | 44.117 | 21.119 |
|   9   | 58.200 | 79.350 | 87.150 | 44.123 | 21.165 |
|   10  | 58.350 | 79.250 | 87.200 | 44.162 | 21.177 |
|   11  | 58.400 | 79.300 | 87.250 | 44.173 | 21.218 |
|   12  | 58.350 | 79.300 | 87.300 | 44.171 | 21.207 |
|   13  | 58.350 | 79.300 | 87.300 | 44.183 | 21.213 |
|   14  | 58.400 | 79.400 | 87.400 | 44.200 | 21.212 |
|   15  | 58.450 | 79.500 | 87.350 | 44.234 | 21.243 |
|   16  | 58.450 | 79.400 | 87.450 | 44.242 | 21.248 |
|   17  | 58.450 | 79.350 | 87.700 | 44.261 | 21.259 |
|   18  | 58.400 | 79.350 | 87.700 | 44.265 | 21.256 |
|   19  | 58.550 | 79.450 | 87.700 | 44.294 | 21.260 |
|   20  | 58.350 | 79.500 | 87.650 | 44.273 | 21.260 |
|   21  | 58.300 | 79.500 | 87.600 | 44.278 | 21.260 |
|   22  | 58.400 | 79.450 | 87.800 | 44.283 | 21.290 |
|   23  | 58.500 | 79.450 | 87.800 | 44.262 | 21.242 |
|   24  | 58.550 | 79.500 | 87.750 | 44.280 | 21.275 |
|   25  | 58.550 | 79.500 | 87.800 | 44.278 | 21.266 |
|   26  | 58.550 | 79.550 | 87.750 | 44.287 | 21.278 |
|   27  | 58.600 | 79.400 | 87.750 | 44.289 | 21.272 |
+-------+--------+--------+--------+--------+--------+
     logs:  {'epo': 27, 'R1': 58.6, 'R5': 79.4, 'R10': 87.75, 'mAP': 44.289, 'mINP': 21.272, 'entropy': 0.662523478269577, 'loss': 0.662523478269577, 'lr': 1.7274575140626155e-05}
     Epoch[28] Iteration[10/23], entropy: 0.4806, loss: 0.4806, lr: 9.84e-05
     Epoch[28] Iteration[20/23], entropy: 0.5745, loss: 0.5745, lr: 7.68e-05
     Averaged stats: entropy: 0.7003, loss: 0.7003, lr: 5.94e-05
     itm tta time 0:00:03
### TTA Eval Score: 
+-------+--------+--------+--------+--------+--------+
| epoch |   R1   |   R5   |  R10   |  mAP   |  mINP  |
+-------+--------+--------+--------+--------+--------+
|  -999 | 58.850 | 79.600 | 87.150 | 44.108 | 20.897 |
|   0   | 58.800 | 79.350 | 87.250 | 44.105 | 20.947 |
|   1   | 58.800 | 79.300 | 87.250 | 44.113 | 20.976 |
|   2   | 58.750 | 79.450 | 87.050 | 44.112 | 21.005 |
|   3   | 58.750 | 79.450 | 87.100 | 44.095 | 21.013 |
|   4   | 58.800 | 79.550 | 87.200 | 44.120 | 21.000 |
|   5   | 58.650 | 79.550 | 87.150 | 44.111 | 21.021 |
|   6   | 58.450 | 79.600 | 86.950 | 44.115 | 21.088 |
|   7   | 58.400 | 79.550 | 87.050 | 44.119 | 21.087 |
|   8   | 58.200 | 79.500 | 87.250 | 44.117 | 21.119 |
|   9   | 58.200 | 79.350 | 87.150 | 44.123 | 21.165 |
|   10  | 58.350 | 79.250 | 87.200 | 44.162 | 21.177 |
|   11  | 58.400 | 79.300 | 87.250 | 44.173 | 21.218 |
|   12  | 58.350 | 79.300 | 87.300 | 44.171 | 21.207 |
|   13  | 58.350 | 79.300 | 87.300 | 44.183 | 21.213 |
|   14  | 58.400 | 79.400 | 87.400 | 44.200 | 21.212 |
|   15  | 58.450 | 79.500 | 87.350 | 44.234 | 21.243 |
|   16  | 58.450 | 79.400 | 87.450 | 44.242 | 21.248 |
|   17  | 58.450 | 79.350 | 87.700 | 44.261 | 21.259 |
|   18  | 58.400 | 79.350 | 87.700 | 44.265 | 21.256 |
|   19  | 58.550 | 79.450 | 87.700 | 44.294 | 21.260 |
|   20  | 58.350 | 79.500 | 87.650 | 44.273 | 21.260 |
|   21  | 58.300 | 79.500 | 87.600 | 44.278 | 21.260 |
|   22  | 58.400 | 79.450 | 87.800 | 44.283 | 21.290 |
|   23  | 58.500 | 79.450 | 87.800 | 44.262 | 21.242 |
|   24  | 58.550 | 79.500 | 87.750 | 44.280 | 21.275 |
|   25  | 58.550 | 79.500 | 87.800 | 44.278 | 21.266 |
|   26  | 58.550 | 79.550 | 87.750 | 44.287 | 21.278 |
|   27  | 58.600 | 79.400 | 87.750 | 44.289 | 21.272 |
|   28  | 58.700 | 79.400 | 87.700 | 44.301 | 21.274 |
+-------+--------+--------+--------+--------+--------+
     logs:  {'epo': 28, 'R1': 58.7, 'R5': 79.4, 'R10': 87.7, 'mAP': 44.301, 'mINP': 21.274, 'entropy': 0.5275605916976929, 'loss': 0.5275605916976929, 'lr': 8.761024890269076e-05}
     Epoch[29] Iteration[10/23], entropy: 0.7807, loss: 0.7807, lr: 6.18e-06
     Epoch[29] Iteration[20/23], entropy: 0.6165, loss: 0.6165, lr: 1.36e-05
     Averaged stats: entropy: 0.7040, loss: 0.7040, lr: 2.87e-05
     itm tta time 0:00:03
### TTA Eval Score: 
+-------+--------+--------+--------+--------+--------+
| epoch |   R1   |   R5   |  R10   |  mAP   |  mINP  |
+-------+--------+--------+--------+--------+--------+
|  -999 | 58.850 | 79.600 | 87.150 | 44.108 | 20.897 |
|   0   | 58.800 | 79.350 | 87.250 | 44.105 | 20.947 |
|   1   | 58.800 | 79.300 | 87.250 | 44.113 | 20.976 |
|   2   | 58.750 | 79.450 | 87.050 | 44.112 | 21.005 |
|   3   | 58.750 | 79.450 | 87.100 | 44.095 | 21.013 |
|   4   | 58.800 | 79.550 | 87.200 | 44.120 | 21.000 |
|   5   | 58.650 | 79.550 | 87.150 | 44.111 | 21.021 |
|   6   | 58.450 | 79.600 | 86.950 | 44.115 | 21.088 |
|   7   | 58.400 | 79.550 | 87.050 | 44.119 | 21.087 |
|   8   | 58.200 | 79.500 | 87.250 | 44.117 | 21.119 |
|   9   | 58.200 | 79.350 | 87.150 | 44.123 | 21.165 |
|   10  | 58.350 | 79.250 | 87.200 | 44.162 | 21.177 |
|   11  | 58.400 | 79.300 | 87.250 | 44.173 | 21.218 |
|   12  | 58.350 | 79.300 | 87.300 | 44.171 | 21.207 |
|   13  | 58.350 | 79.300 | 87.300 | 44.183 | 21.213 |
|   14  | 58.400 | 79.400 | 87.400 | 44.200 | 21.212 |
|   15  | 58.450 | 79.500 | 87.350 | 44.234 | 21.243 |
|   16  | 58.450 | 79.400 | 87.450 | 44.242 | 21.248 |
|   17  | 58.450 | 79.350 | 87.700 | 44.261 | 21.259 |
|   18  | 58.400 | 79.350 | 87.700 | 44.265 | 21.256 |
|   19  | 58.550 | 79.450 | 87.700 | 44.294 | 21.260 |
|   20  | 58.350 | 79.500 | 87.650 | 44.273 | 21.260 |
|   21  | 58.300 | 79.500 | 87.600 | 44.278 | 21.260 |
|   22  | 58.400 | 79.450 | 87.800 | 44.283 | 21.290 |
|   23  | 58.500 | 79.450 | 87.800 | 44.262 | 21.242 |
|   24  | 58.550 | 79.500 | 87.750 | 44.280 | 21.275 |
|   25  | 58.550 | 79.500 | 87.800 | 44.278 | 21.266 |
|   26  | 58.550 | 79.550 | 87.750 | 44.287 | 21.278 |
|   27  | 58.600 | 79.400 | 87.750 | 44.289 | 21.272 |
|   28  | 58.700 | 79.400 | 87.700 | 44.301 | 21.274 |
|   29  | 58.700 | 79.350 | 87.750 | 44.312 | 21.268 |
+-------+--------+--------+--------+--------+--------+
     logs:  {'epo': 29, 'R1': 58.7, 'R5': 79.35, 'R10': 87.75, 'mAP': 44.312, 'mINP': 21.268, 'entropy': 0.6986274421215057, 'loss': 0.6986274421215057, 'lr': 9.868117313367982e-06}
### best epoch 0 : {'epo': '0', 'R1': '58.8', 'R5': '79.35', 'R10': '87.25', 'mAP': '44.105', 'mINP': '20.947', 'entropy': '0.7814494371414185', 'loss': '0.7814494371414185', 'lr': '6.722313413645347e-05'}
### Time 0:04:20
