Not using distributed mode
### Hyper-parameters:
     output_dir: output/ham_rstp_tta_best2/exp1.0.3/2025090120312
     seed: 42
     device: cuda
     batch_size_tta: 16
     epochs: 30
     lr: 0.0005
### Creating test dataset
     test_txt_set: 2000    test_img_set: 1000
     test_txt_loader: 4    test_img_loader: 2
### Creating model
Training Model with ['sdm', 'id', 'mlm'] tasks
Resized position embedding from size:torch.Size([1, 197, 768]) to size: torch.Size([1, 193, 768]) with height:24 width: 8
     Total Params Sum:  190789493
### Zero-Shot Score: 
/data2/jiahao/task/IRRA/tta.py:261: FutureWarning: `torch.cuda.amp.GradScaler(args...)` is deprecated. Please use `torch.amp.GradScaler('cuda', args...)` instead.
  scaler = GradScaler()  # bf16
+-------+--------+--------+--------+--------+--------+
| epoch |   R1   |   R5   |  R10   |  mAP   |  mINP  |
+-------+--------+--------+--------+--------+--------+
|  -999 | 58.850 | 79.600 | 87.150 | 44.108 | 20.897 |
+-------+--------+--------+--------+--------+--------+
### TTA:
### Compute Cos Similarity Uncertainty
     preprocess_tta_coefficients  start
     sample selection ...
     number of sample after sample_selection: 374
     uncertainty ...
     preprocess_tta_coefficients  end
### Creating TTA dataset
     tta_dataset: 374
### Creating tta dataloader
### be careful: func create_loader returns a list length of 1
     tta_loader: 23
### Configure adapted weights
     TTA Dropout Modules: 
 []
     TTA Require Gradient Params: 
 [('base_model.transformer.resblocks.0.ln_1.weight', torch.Size([512])), ('base_model.transformer.resblocks.0.ln_1.bias', torch.Size([512])), ('base_model.transformer.resblocks.0.ln_2.weight', torch.Size([512])), ('base_model.transformer.resblocks.0.ln_2.bias', torch.Size([512])), ('base_model.transformer.resblocks.1.ln_1.weight', torch.Size([512])), ('base_model.transformer.resblocks.1.ln_1.bias', torch.Size([512])), ('base_model.transformer.resblocks.1.ln_2.weight', torch.Size([512])), ('base_model.transformer.resblocks.1.ln_2.bias', torch.Size([512])), ('base_model.transformer.resblocks.2.ln_1.weight', torch.Size([512])), ('base_model.transformer.resblocks.2.ln_1.bias', torch.Size([512])), ('base_model.transformer.resblocks.2.ln_2.weight', torch.Size([512])), ('base_model.transformer.resblocks.2.ln_2.bias', torch.Size([512])), ('base_model.transformer.resblocks.3.ln_1.weight', torch.Size([512])), ('base_model.transformer.resblocks.3.ln_1.bias', torch.Size([512])), ('base_model.transformer.resblocks.3.ln_2.weight', torch.Size([512])), ('base_model.transformer.resblocks.3.ln_2.bias', torch.Size([512])), ('base_model.transformer.resblocks.4.ln_1.weight', torch.Size([512])), ('base_model.transformer.resblocks.4.ln_1.bias', torch.Size([512])), ('base_model.transformer.resblocks.4.ln_2.weight', torch.Size([512])), ('base_model.transformer.resblocks.4.ln_2.bias', torch.Size([512])), ('base_model.transformer.resblocks.5.ln_1.weight', torch.Size([512])), ('base_model.transformer.resblocks.5.ln_1.bias', torch.Size([512])), ('base_model.transformer.resblocks.5.ln_2.weight', torch.Size([512])), ('base_model.transformer.resblocks.5.ln_2.bias', torch.Size([512])), ('base_model.transformer.resblocks.6.ln_1.weight', torch.Size([512])), ('base_model.transformer.resblocks.6.ln_1.bias', torch.Size([512])), ('base_model.transformer.resblocks.6.ln_2.weight', torch.Size([512])), ('base_model.transformer.resblocks.6.ln_2.bias', torch.Size([512])), ('base_model.transformer.resblocks.7.ln_1.weight', torch.Size([512])), ('base_model.transformer.resblocks.7.ln_1.bias', torch.Size([512])), ('base_model.transformer.resblocks.7.ln_2.weight', torch.Size([512])), ('base_model.transformer.resblocks.7.ln_2.bias', torch.Size([512])), ('base_model.transformer.resblocks.8.ln_1.weight', torch.Size([512])), ('base_model.transformer.resblocks.8.ln_1.bias', torch.Size([512])), ('base_model.transformer.resblocks.8.ln_2.weight', torch.Size([512])), ('base_model.transformer.resblocks.8.ln_2.bias', torch.Size([512])), ('base_model.transformer.resblocks.9.ln_1.weight', torch.Size([512])), ('base_model.transformer.resblocks.9.ln_1.bias', torch.Size([512])), ('base_model.transformer.resblocks.9.ln_2.weight', torch.Size([512])), ('base_model.transformer.resblocks.9.ln_2.bias', torch.Size([512])), ('base_model.transformer.resblocks.10.ln_1.weight', torch.Size([512])), ('base_model.transformer.resblocks.10.ln_1.bias', torch.Size([512])), ('base_model.transformer.resblocks.10.ln_2.weight', torch.Size([512])), ('base_model.transformer.resblocks.10.ln_2.bias', torch.Size([512])), ('base_model.transformer.resblocks.11.ln_1.weight', torch.Size([512])), ('base_model.transformer.resblocks.11.ln_1.bias', torch.Size([512])), ('base_model.transformer.resblocks.11.ln_2.weight', torch.Size([512])), ('base_model.transformer.resblocks.11.ln_2.bias', torch.Size([512])), ('base_model.ln_final.weight', torch.Size([512])), ('base_model.ln_final.bias', torch.Size([512]))]
     TTA Dropout Modules Number: 
 0
     TTA Require Gradient Params Sum: 
 25600
Using 5.0 times learning rate for random init module 
### Start Test Time Adaptation
/data2/jiahao/task/IRRA/tta.py:65: FutureWarning: `torch.cuda.amp.autocast(args...)` is deprecated. Please use `torch.amp.autocast('cuda', args...)` instead.
  with torch.cuda.amp.autocast(enabled=True):
     Epoch[0] Iteration[10/23], entropy: 0.8989, loss: 0.8989, lr: 4.69e-04
     Epoch[0] Iteration[20/23], entropy: 0.6543, loss: 0.6543, lr: 2.03e-04
     Averaged stats: entropy: 0.5554, loss: 0.5554, lr: 1.16e-04
     itm tta time 0:00:04
### TTA Eval Score: 
+-------+--------+--------+--------+--------+--------+
| epoch |   R1   |   R5   |  R10   |  mAP   |  mINP  |
+-------+--------+--------+--------+--------+--------+
|  -999 | 58.850 | 79.600 | 87.150 | 44.108 | 20.897 |
|   0   | 58.350 | 79.100 | 86.750 | 43.915 | 20.958 |
+-------+--------+--------+--------+--------+--------+
     logs:  {'epo': 0, 'R1': 58.35, 'R5': 79.1, 'R10': 86.75, 'mAP': 43.915, 'mINP': 20.958, 'entropy': 0.7766338288784027, 'loss': 0.7766338288784027, 'lr': 0.0003361156706822673}
     Epoch[1] Iteration[10/23], entropy: 0.7359, loss: 0.7359, lr: 7.85e-06
     Epoch[1] Iteration[20/23], entropy: 0.6749, loss: 0.6749, lr: 2.34e-04
     Averaged stats: entropy: 0.7206, loss: 0.7206, lr: 3.27e-04
     itm tta time 0:00:03
### TTA Eval Score: 
+-------+--------+--------+--------+--------+--------+
| epoch |   R1   |   R5   |  R10   |  mAP   |  mINP  |
+-------+--------+--------+--------+--------+--------+
|  -999 | 58.850 | 79.600 | 87.150 | 44.108 | 20.897 |
|   0   | 58.350 | 79.100 | 86.750 | 43.915 | 20.958 |
|   1   | 58.250 | 79.200 | 87.000 | 43.965 | 21.043 |
+-------+--------+--------+--------+--------+--------+
     logs:  {'epo': 1, 'R1': 58.25, 'R5': 79.2, 'R10': 87.0, 'mAP': 43.965, 'mINP': 21.043, 'entropy': 0.7054392099380493, 'loss': 0.7054392099380493, 'lr': 0.00012107828991775695}
     Epoch[2] Iteration[10/23], entropy: 0.6704, loss: 0.6704, lr: 5.00e-04
     Epoch[2] Iteration[20/23], entropy: 0.6765, loss: 0.6765, lr: 3.27e-04
     Averaged stats: entropy: 0.7996, loss: 0.7996, lr: 2.34e-04
     itm tta time 0:00:03
### TTA Eval Score: 
+-------+--------+--------+--------+--------+--------+
| epoch |   R1   |   R5   |  R10   |  mAP   |  mINP  |
+-------+--------+--------+--------+--------+--------+
|  -999 | 58.850 | 79.600 | 87.150 | 44.108 | 20.897 |
|   0   | 58.350 | 79.100 | 86.750 | 43.915 | 20.958 |
|   1   | 58.250 | 79.200 | 87.000 | 43.965 | 21.043 |
|   2   | 58.100 | 79.400 | 87.250 | 44.003 | 21.115 |
+-------+--------+--------+--------+--------+--------+
     logs:  {'epo': 2, 'R1': 58.1, 'R5': 79.4, 'R10': 87.25, 'mAP': 44.003, 'mINP': 21.115, 'entropy': 0.6734402477741241, 'loss': 0.6734402477741241, 'lr': 0.00041362712429686844}
     Epoch[3] Iteration[10/23], entropy: 0.4919, loss: 0.4919, lr: 7.85e-06
     Epoch[3] Iteration[20/23], entropy: 0.6391, loss: 0.6391, lr: 1.16e-04
     Averaged stats: entropy: 0.5995, loss: 0.5995, lr: 2.03e-04
     itm tta time 0:00:03
### TTA Eval Score: 
+-------+--------+--------+--------+--------+--------+
| epoch |   R1   |   R5   |  R10   |  mAP   |  mINP  |
+-------+--------+--------+--------+--------+--------+
|  -999 | 58.850 | 79.600 | 87.150 | 44.108 | 20.897 |
|   0   | 58.350 | 79.100 | 86.750 | 43.915 | 20.958 |
|   1   | 58.250 | 79.200 | 87.000 | 43.965 | 21.043 |
|   2   | 58.100 | 79.400 | 87.250 | 44.003 | 21.115 |
|   3   | 58.250 | 79.400 | 87.350 | 44.064 | 21.147 |
+-------+--------+--------+--------+--------+--------+
     logs:  {'epo': 3, 'R1': 58.25, 'R5': 79.4, 'R10': 87.35, 'mAP': 44.064, 'mINP': 21.147, 'entropy': 0.5655101388692856, 'loss': 0.5655101388692856, 'lr': 6.194875548654647e-05}
     Epoch[4] Iteration[10/23], entropy: 0.7898, loss: 0.7898, lr: 4.69e-04
     Epoch[4] Iteration[20/23], entropy: 0.7611, loss: 0.7611, lr: 4.32e-04
     Averaged stats: entropy: 0.5158, loss: 0.5158, lr: 3.56e-04
     itm tta time 0:00:02
### TTA Eval Score: 
+-------+--------+--------+--------+--------+--------+
| epoch |   R1   |   R5   |  R10   |  mAP   |  mINP  |
+-------+--------+--------+--------+--------+--------+
|  -999 | 58.850 | 79.600 | 87.150 | 44.108 | 20.897 |
|   0   | 58.350 | 79.100 | 86.750 | 43.915 | 20.958 |
|   1   | 58.250 | 79.200 | 87.000 | 43.965 | 21.043 |
|   2   | 58.100 | 79.400 | 87.250 | 44.003 | 21.115 |
|   3   | 58.250 | 79.400 | 87.350 | 44.064 | 21.147 |
|   4   | 58.650 | 79.150 | 87.450 | 44.246 | 21.242 |
+-------+--------+--------+--------+--------+--------+
     logs:  {'epo': 4, 'R1': 58.65, 'R5': 79.15, 'R10': 87.45, 'mAP': 44.246, 'mINP': 21.242, 'entropy': 0.7754493951797485, 'loss': 0.7754493951797485, 'lr': 0.0004506594134331593}
     Epoch[5] Iteration[10/23], entropy: 0.6129, loss: 0.6129, lr: 6.78e-05
     Epoch[5] Iteration[20/23], entropy: 0.4558, loss: 0.4558, lr: 3.09e-05
     Averaged stats: entropy: 0.8902, loss: 0.8902, lr: 9.06e-05
     itm tta time 0:00:02
### TTA Eval Score: 
+-------+--------+--------+--------+--------+--------+
| epoch |   R1   |   R5   |  R10   |  mAP   |  mINP  |
+-------+--------+--------+--------+--------+--------+
|  -999 | 58.850 | 79.600 | 87.150 | 44.108 | 20.897 |
|   0   | 58.350 | 79.100 | 86.750 | 43.915 | 20.958 |
|   1   | 58.250 | 79.200 | 87.000 | 43.965 | 21.043 |
|   2   | 58.100 | 79.400 | 87.250 | 44.003 | 21.115 |
|   3   | 58.250 | 79.400 | 87.350 | 44.064 | 21.147 |
|   4   | 58.650 | 79.150 | 87.450 | 44.246 | 21.242 |
|   5   | 58.750 | 79.200 | 87.700 | 44.272 | 21.224 |
+-------+--------+--------+--------+--------+--------+
     logs:  {'epo': 5, 'R1': 58.75, 'R5': 79.2, 'R10': 87.7, 'mAP': 44.272, 'mINP': 21.224, 'entropy': 0.534336268901825, 'loss': 0.534336268901825, 'lr': 4.934058656684075e-05}
     Epoch[6] Iteration[10/23], entropy: 0.7284, loss: 0.7284, lr: 3.84e-04
     Epoch[6] Iteration[20/23], entropy: 0.5986, loss: 0.5986, lr: 4.92e-04
     Averaged stats: entropy: 0.6378, loss: 0.6378, lr: 4.52e-04
     itm tta time 0:00:02
### TTA Eval Score: 
+-------+--------+--------+--------+--------+--------+
| epoch |   R1   |   R5   |  R10   |  mAP   |  mINP  |
+-------+--------+--------+--------+--------+--------+
|  -999 | 58.850 | 79.600 | 87.150 | 44.108 | 20.897 |
|   0   | 58.350 | 79.100 | 86.750 | 43.915 | 20.958 |
|   1   | 58.250 | 79.200 | 87.000 | 43.965 | 21.043 |
|   2   | 58.100 | 79.400 | 87.250 | 44.003 | 21.115 |
|   3   | 58.250 | 79.400 | 87.350 | 44.064 | 21.147 |
|   4   | 58.650 | 79.150 | 87.450 | 44.246 | 21.242 |
|   5   | 58.750 | 79.200 | 87.700 | 44.272 | 21.224 |
|   6   | 58.750 | 79.550 | 87.600 | 44.378 | 21.291 |
+-------+--------+--------+--------+--------+--------+
     logs:  {'epo': 6, 'R1': 58.75, 'R5': 79.55, 'R10': 87.6, 'mAP': 44.378, 'mINP': 21.291, 'entropy': 0.6634979248046875, 'loss': 0.6634979248046875, 'lr': 0.0004380512445134533}
     Epoch[7] Iteration[10/23], entropy: 0.6748, loss: 0.6748, lr: 1.73e-04
     Epoch[7] Iteration[20/23], entropy: 0.7122, loss: 0.7122, lr: 0.00e+00
     Averaged stats: entropy: 0.4950, loss: 0.4950, lr: 1.76e-05
     itm tta time 0:00:03
### TTA Eval Score: 
+-------+--------+--------+--------+--------+--------+
| epoch |   R1   |   R5   |  R10   |  mAP   |  mINP  |
+-------+--------+--------+--------+--------+--------+
|  -999 | 58.850 | 79.600 | 87.150 | 44.108 | 20.897 |
|   0   | 58.350 | 79.100 | 86.750 | 43.915 | 20.958 |
|   1   | 58.250 | 79.200 | 87.000 | 43.965 | 21.043 |
|   2   | 58.100 | 79.400 | 87.250 | 44.003 | 21.115 |
|   3   | 58.250 | 79.400 | 87.350 | 44.064 | 21.147 |
|   4   | 58.650 | 79.150 | 87.450 | 44.246 | 21.242 |
|   5   | 58.750 | 79.200 | 87.700 | 44.272 | 21.224 |
|   6   | 58.750 | 79.550 | 87.600 | 44.378 | 21.291 |
|   7   | 58.550 | 79.800 | 87.550 | 44.342 | 21.250 |
+-------+--------+--------+--------+--------+--------+
     logs:  {'epo': 7, 'R1': 58.55, 'R5': 79.8, 'R10': 87.55, 'mAP': 44.342, 'mINP': 21.25, 'entropy': 0.6934801340103149, 'loss': 0.6934801340103149, 'lr': 8.637287570313166e-05}
     Epoch[8] Iteration[10/23], entropy: 0.5051, loss: 0.5051, lr: 2.66e-04
     Epoch[8] Iteration[20/23], entropy: 0.5846, loss: 0.5846, lr: 4.92e-04
     Averaged stats: entropy: 0.7336, loss: 0.7336, lr: 4.98e-04
     itm tta time 0:00:03
### TTA Eval Score: 
+-------+--------+--------+--------+--------+--------+
| epoch |   R1   |   R5   |  R10   |  mAP   |  mINP  |
+-------+--------+--------+--------+--------+--------+
|  -999 | 58.850 | 79.600 | 87.150 | 44.108 | 20.897 |
|   0   | 58.350 | 79.100 | 86.750 | 43.915 | 20.958 |
|   1   | 58.250 | 79.200 | 87.000 | 43.965 | 21.043 |
|   2   | 58.100 | 79.400 | 87.250 | 44.003 | 21.115 |
|   3   | 58.250 | 79.400 | 87.350 | 44.064 | 21.147 |
|   4   | 58.650 | 79.150 | 87.450 | 44.246 | 21.242 |
|   5   | 58.750 | 79.200 | 87.700 | 44.272 | 21.224 |
|   6   | 58.750 | 79.550 | 87.600 | 44.378 | 21.291 |
|   7   | 58.550 | 79.800 | 87.550 | 44.342 | 21.250 |
|   8   | 58.700 | 80.000 | 87.550 | 44.379 | 21.277 |
+-------+--------+--------+--------+--------+--------+
     logs:  {'epo': 8, 'R1': 58.7, 'R5': 80.0, 'R10': 87.55, 'mAP': 44.379, 'mINP': 21.277, 'entropy': 0.5448643863201141, 'loss': 0.5448643863201141, 'lr': 0.0003789217100822427}
     Epoch[9] Iteration[10/23], entropy: 0.6449, loss: 0.6449, lr: 2.97e-04
     Epoch[9] Iteration[20/23], entropy: 0.5541, loss: 0.5541, lr: 3.09e-05
     Averaged stats: entropy: 0.6676, loss: 0.6676, lr: 1.97e-06
     itm tta time 0:00:03
### TTA Eval Score: 
+-------+--------+--------+--------+--------+--------+
| epoch |   R1   |   R5   |  R10   |  mAP   |  mINP  |
+-------+--------+--------+--------+--------+--------+
|  -999 | 58.850 | 79.600 | 87.150 | 44.108 | 20.897 |
|   0   | 58.350 | 79.100 | 86.750 | 43.915 | 20.958 |
|   1   | 58.250 | 79.200 | 87.000 | 43.965 | 21.043 |
|   2   | 58.100 | 79.400 | 87.250 | 44.003 | 21.115 |
|   3   | 58.250 | 79.400 | 87.350 | 44.064 | 21.147 |
|   4   | 58.650 | 79.150 | 87.450 | 44.246 | 21.242 |
|   5   | 58.750 | 79.200 | 87.700 | 44.272 | 21.224 |
|   6   | 58.750 | 79.550 | 87.600 | 44.378 | 21.291 |
|   7   | 58.550 | 79.800 | 87.550 | 44.342 | 21.250 |
|   8   | 58.700 | 80.000 | 87.550 | 44.379 | 21.277 |
|   9   | 58.400 | 79.800 | 87.500 | 44.309 | 21.284 |
+-------+--------+--------+--------+--------+--------+
     logs:  {'epo': 9, 'R1': 58.4, 'R5': 79.8, 'R10': 87.5, 'mAP': 44.309, 'mINP': 21.284, 'entropy': 0.5994678735733032, 'loss': 0.5994678735733032, 'lr': 0.00016388432931773296}
     Epoch[10] Iteration[10/23], entropy: 0.4215, loss: 0.4215, lr: 1.44e-04
     Epoch[10] Iteration[20/23], entropy: 0.4335, loss: 0.4335, lr: 4.32e-04
     Averaged stats: entropy: 0.7068, loss: 0.7068, lr: 4.82e-04
     itm tta time 0:00:03
### TTA Eval Score: 
+-------+--------+--------+--------+--------+--------+
| epoch |   R1   |   R5   |  R10   |  mAP   |  mINP  |
+-------+--------+--------+--------+--------+--------+
|  -999 | 58.850 | 79.600 | 87.150 | 44.108 | 20.897 |
|   0   | 58.350 | 79.100 | 86.750 | 43.915 | 20.958 |
|   1   | 58.250 | 79.200 | 87.000 | 43.965 | 21.043 |
|   2   | 58.100 | 79.400 | 87.250 | 44.003 | 21.115 |
|   3   | 58.250 | 79.400 | 87.350 | 44.064 | 21.147 |
|   4   | 58.650 | 79.150 | 87.450 | 44.246 | 21.242 |
|   5   | 58.750 | 79.200 | 87.700 | 44.272 | 21.224 |
|   6   | 58.750 | 79.550 | 87.600 | 44.378 | 21.291 |
|   7   | 58.550 | 79.800 | 87.550 | 44.342 | 21.250 |
|   8   | 58.700 | 80.000 | 87.550 | 44.379 | 21.277 |
|   9   | 58.400 | 79.800 | 87.500 | 44.309 | 21.284 |
|   10  | 58.400 | 79.450 | 87.550 | 44.268 | 21.256 |
+-------+--------+--------+--------+--------+--------+
     logs:  {'epo': 10, 'R1': 58.4, 'R5': 79.45, 'R10': 87.55, 'mAP': 44.268, 'mINP': 21.256, 'entropy': 0.4274917244911194, 'loss': 0.4274917244911194, 'lr': 0.0002878986669820419}
     Epoch[11] Iteration[10/23], entropy: 0.5046, loss: 0.5046, lr: 4.09e-04
     Epoch[11] Iteration[20/23], entropy: 0.5606, loss: 0.5606, lr: 1.16e-04
     Averaged stats: entropy: 0.7563, loss: 0.7563, lr: 4.77e-05
     itm tta time 0:00:03
### TTA Eval Score: 
+-------+--------+--------+--------+--------+--------+
| epoch |   R1   |   R5   |  R10   |  mAP   |  mINP  |
+-------+--------+--------+--------+--------+--------+
|  -999 | 58.850 | 79.600 | 87.150 | 44.108 | 20.897 |
|   0   | 58.350 | 79.100 | 86.750 | 43.915 | 20.958 |
|   1   | 58.250 | 79.200 | 87.000 | 43.965 | 21.043 |
|   2   | 58.100 | 79.400 | 87.250 | 44.003 | 21.115 |
|   3   | 58.250 | 79.400 | 87.350 | 44.064 | 21.147 |
|   4   | 58.650 | 79.150 | 87.450 | 44.246 | 21.242 |
|   5   | 58.750 | 79.200 | 87.700 | 44.272 | 21.224 |
|   6   | 58.750 | 79.550 | 87.600 | 44.378 | 21.291 |
|   7   | 58.550 | 79.800 | 87.550 | 44.342 | 21.250 |
|   8   | 58.700 | 80.000 | 87.550 | 44.379 | 21.277 |
|   9   | 58.400 | 79.800 | 87.500 | 44.309 | 21.284 |
|   10  | 58.400 | 79.450 | 87.550 | 44.268 | 21.256 |
|   11  | 58.450 | 79.500 | 87.650 | 44.347 | 21.249 |
+-------+--------+--------+--------+--------+--------+
     logs:  {'epo': 11, 'R1': 58.45, 'R5': 79.5, 'R10': 87.65, 'mAP': 44.347, 'mINP': 21.249, 'entropy': 0.5326161086559296, 'loss': 0.5326161086559296, 'lr': 0.0002626996493462122}
     Epoch[12] Iteration[10/23], entropy: 0.4247, loss: 0.4247, lr: 4.77e-05
     Epoch[12] Iteration[20/23], entropy: 0.6008, loss: 0.6008, lr: 3.27e-04
     Averaged stats: entropy: 0.7229, loss: 0.7229, lr: 4.09e-04
     itm tta time 0:00:03
### TTA Eval Score: 
+-------+--------+--------+--------+--------+--------+
| epoch |   R1   |   R5   |  R10   |  mAP   |  mINP  |
+-------+--------+--------+--------+--------+--------+
|  -999 | 58.850 | 79.600 | 87.150 | 44.108 | 20.897 |
|   0   | 58.350 | 79.100 | 86.750 | 43.915 | 20.958 |
|   1   | 58.250 | 79.200 | 87.000 | 43.965 | 21.043 |
|   2   | 58.100 | 79.400 | 87.250 | 44.003 | 21.115 |
|   3   | 58.250 | 79.400 | 87.350 | 44.064 | 21.147 |
|   4   | 58.650 | 79.150 | 87.450 | 44.246 | 21.242 |
|   5   | 58.750 | 79.200 | 87.700 | 44.272 | 21.224 |
|   6   | 58.750 | 79.550 | 87.600 | 44.378 | 21.291 |
|   7   | 58.550 | 79.800 | 87.550 | 44.342 | 21.250 |
|   8   | 58.700 | 80.000 | 87.550 | 44.379 | 21.277 |
|   9   | 58.400 | 79.800 | 87.500 | 44.309 | 21.284 |
|   10  | 58.400 | 79.450 | 87.550 | 44.268 | 21.256 |
|   11  | 58.450 | 79.500 | 87.650 | 44.347 | 21.249 |
|   12  | 58.450 | 79.650 | 87.550 | 44.354 | 21.223 |
+-------+--------+--------+--------+--------+--------+
     logs:  {'epo': 12, 'R1': 58.45, 'R5': 79.65, 'R10': 87.55, 'mAP': 44.354, 'mINP': 21.223, 'entropy': 0.512760803103447, 'loss': 0.512760803103447, 'lr': 0.00018749999999999973}
     Epoch[13] Iteration[10/23], entropy: 0.4446, loss: 0.4446, lr: 4.82e-04
     Epoch[13] Iteration[20/23], entropy: 0.5902, loss: 0.5902, lr: 2.34e-04
     Averaged stats: entropy: 0.6086, loss: 0.6086, lr: 1.44e-04
     itm tta time 0:00:03
### TTA Eval Score: 
+-------+--------+--------+--------+--------+--------+
| epoch |   R1   |   R5   |  R10   |  mAP   |  mINP  |
+-------+--------+--------+--------+--------+--------+
|  -999 | 58.850 | 79.600 | 87.150 | 44.108 | 20.897 |
|   0   | 58.350 | 79.100 | 86.750 | 43.915 | 20.958 |
|   1   | 58.250 | 79.200 | 87.000 | 43.965 | 21.043 |
|   2   | 58.100 | 79.400 | 87.250 | 44.003 | 21.115 |
|   3   | 58.250 | 79.400 | 87.350 | 44.064 | 21.147 |
|   4   | 58.650 | 79.150 | 87.450 | 44.246 | 21.242 |
|   5   | 58.750 | 79.200 | 87.700 | 44.272 | 21.224 |
|   6   | 58.750 | 79.550 | 87.600 | 44.378 | 21.291 |
|   7   | 58.550 | 79.800 | 87.550 | 44.342 | 21.250 |
|   8   | 58.700 | 80.000 | 87.550 | 44.379 | 21.277 |
|   9   | 58.400 | 79.800 | 87.500 | 44.309 | 21.284 |
|   10  | 58.400 | 79.450 | 87.550 | 44.268 | 21.256 |
|   11  | 58.450 | 79.500 | 87.650 | 44.347 | 21.249 |
|   12  | 58.450 | 79.650 | 87.550 | 44.354 | 21.223 |
|   13  | 58.300 | 79.350 | 87.450 | 44.290 | 21.129 |
+-------+--------+--------+--------+--------+--------+
     logs:  {'epo': 13, 'R1': 58.3, 'R5': 79.35, 'R10': 87.45, 'mAP': 44.29, 'mINP': 21.129, 'entropy': 0.5174223184585571, 'loss': 0.5174223184585571, 'lr': 0.0003583732457948679}
     Epoch[14] Iteration[10/23], entropy: 0.5177, loss: 0.5177, lr: 1.97e-06
     Epoch[14] Iteration[20/23], entropy: 0.4132, loss: 0.4132, lr: 2.03e-04
     Averaged stats: entropy: 0.5322, loss: 0.5322, lr: 2.97e-04
     itm tta time 0:00:03
### TTA Eval Score: 
+-------+--------+--------+--------+--------+--------+
| epoch |   R1   |   R5   |  R10   |  mAP   |  mINP  |
+-------+--------+--------+--------+--------+--------+
|  -999 | 58.850 | 79.600 | 87.150 | 44.108 | 20.897 |
|   0   | 58.350 | 79.100 | 86.750 | 43.915 | 20.958 |
|   1   | 58.250 | 79.200 | 87.000 | 43.965 | 21.043 |
|   2   | 58.100 | 79.400 | 87.250 | 44.003 | 21.115 |
|   3   | 58.250 | 79.400 | 87.350 | 44.064 | 21.147 |
|   4   | 58.650 | 79.150 | 87.450 | 44.246 | 21.242 |
|   5   | 58.750 | 79.200 | 87.700 | 44.272 | 21.224 |
|   6   | 58.750 | 79.550 | 87.600 | 44.378 | 21.291 |
|   7   | 58.550 | 79.800 | 87.550 | 44.342 | 21.250 |
|   8   | 58.700 | 80.000 | 87.550 | 44.379 | 21.277 |
|   9   | 58.400 | 79.800 | 87.500 | 44.309 | 21.284 |
|   10  | 58.400 | 79.450 | 87.550 | 44.268 | 21.256 |
|   11  | 58.450 | 79.500 | 87.650 | 44.347 | 21.249 |
|   12  | 58.450 | 79.650 | 87.550 | 44.354 | 21.223 |
|   13  | 58.300 | 79.350 | 87.450 | 44.290 | 21.129 |
|   14  | 58.350 | 79.650 | 87.450 | 44.323 | 21.139 |
+-------+--------+--------+--------+--------+--------+
     logs:  {'epo': 14, 'R1': 58.35, 'R5': 79.65, 'R10': 87.45, 'mAP': 44.323, 'mINP': 21.139, 'entropy': 0.46542690694332123, 'loss': 0.46542690694332123, 'lr': 0.00010256299801247388}
     Epoch[15] Iteration[10/23], entropy: 0.6184, loss: 0.6184, lr: 4.98e-04
     Epoch[15] Iteration[20/23], entropy: 0.5228, loss: 0.5228, lr: 3.56e-04
     Averaged stats: entropy: 0.5748, loss: 0.5748, lr: 2.66e-04
     itm tta time 0:00:03
### TTA Eval Score: 
+-------+--------+--------+--------+--------+--------+
| epoch |   R1   |   R5   |  R10   |  mAP   |  mINP  |
+-------+--------+--------+--------+--------+--------+
|  -999 | 58.850 | 79.600 | 87.150 | 44.108 | 20.897 |
|   0   | 58.350 | 79.100 | 86.750 | 43.915 | 20.958 |
|   1   | 58.250 | 79.200 | 87.000 | 43.965 | 21.043 |
|   2   | 58.100 | 79.400 | 87.250 | 44.003 | 21.115 |
|   3   | 58.250 | 79.400 | 87.350 | 44.064 | 21.147 |
|   4   | 58.650 | 79.150 | 87.450 | 44.246 | 21.242 |
|   5   | 58.750 | 79.200 | 87.700 | 44.272 | 21.224 |
|   6   | 58.750 | 79.550 | 87.600 | 44.378 | 21.291 |
|   7   | 58.550 | 79.800 | 87.550 | 44.342 | 21.250 |
|   8   | 58.700 | 80.000 | 87.550 | 44.379 | 21.277 |
|   9   | 58.400 | 79.800 | 87.500 | 44.309 | 21.284 |
|   10  | 58.400 | 79.450 | 87.550 | 44.268 | 21.256 |
|   11  | 58.450 | 79.500 | 87.650 | 44.347 | 21.249 |
|   12  | 58.450 | 79.650 | 87.550 | 44.354 | 21.223 |
|   13  | 58.300 | 79.350 | 87.450 | 44.290 | 21.129 |
|   14  | 58.350 | 79.650 | 87.450 | 44.323 | 21.139 |
|   15  | 58.350 | 79.850 | 87.650 | 44.412 | 21.159 |
+-------+--------+--------+--------+--------+--------+
     logs:  {'epo': 15, 'R1': 58.35, 'R5': 79.85, 'R10': 87.65, 'mAP': 44.412, 'mINP': 21.159, 'entropy': 0.5706129670143127, 'loss': 0.5706129670143127, 'lr': 0.0004272367491099439}
     Epoch[16] Iteration[10/23], entropy: 0.4041, loss: 0.4041, lr: 1.76e-05
     Epoch[16] Iteration[20/23], entropy: 0.3822, loss: 0.3822, lr: 9.06e-05
     Averaged stats: entropy: 0.4323, loss: 0.4323, lr: 1.73e-04
     itm tta time 0:00:03
### TTA Eval Score: 
+-------+--------+--------+--------+--------+--------+
| epoch |   R1   |   R5   |  R10   |  mAP   |  mINP  |
+-------+--------+--------+--------+--------+--------+
|  -999 | 58.850 | 79.600 | 87.150 | 44.108 | 20.897 |
|   0   | 58.350 | 79.100 | 86.750 | 43.915 | 20.958 |
|   1   | 58.250 | 79.200 | 87.000 | 43.965 | 21.043 |
|   2   | 58.100 | 79.400 | 87.250 | 44.003 | 21.115 |
|   3   | 58.250 | 79.400 | 87.350 | 44.064 | 21.147 |
|   4   | 58.650 | 79.150 | 87.450 | 44.246 | 21.242 |
|   5   | 58.750 | 79.200 | 87.700 | 44.272 | 21.224 |
|   6   | 58.750 | 79.550 | 87.600 | 44.378 | 21.291 |
|   7   | 58.550 | 79.800 | 87.550 | 44.342 | 21.250 |
|   8   | 58.700 | 80.000 | 87.550 | 44.379 | 21.277 |
|   9   | 58.400 | 79.800 | 87.500 | 44.309 | 21.284 |
|   10  | 58.400 | 79.450 | 87.550 | 44.268 | 21.256 |
|   11  | 58.450 | 79.500 | 87.650 | 44.347 | 21.249 |
|   12  | 58.450 | 79.650 | 87.550 | 44.354 | 21.223 |
|   13  | 58.300 | 79.350 | 87.450 | 44.290 | 21.129 |
|   14  | 58.350 | 79.650 | 87.450 | 44.323 | 21.139 |
|   15  | 58.350 | 79.850 | 87.650 | 44.412 | 21.159 |
|   16  | 58.500 | 79.800 | 87.500 | 44.427 | 21.121 |
+-------+--------+--------+--------+--------+--------+
     logs:  {'epo': 16, 'R1': 58.5, 'R5': 79.8, 'R10': 87.5, 'mAP': 44.427, 'mINP': 21.121, 'entropy': 0.39318816363811493, 'loss': 0.39318816363811493, 'lr': 5.4099940545381865e-05}
     Epoch[17] Iteration[10/23], entropy: 0.3974, loss: 0.3974, lr: 4.52e-04
     Epoch[17] Iteration[20/23], entropy: 0.4635, loss: 0.4635, lr: 4.52e-04
     Averaged stats: entropy: 0.5038, loss: 0.5038, lr: 3.84e-04
     itm tta time 0:00:02
### TTA Eval Score: 
+-------+--------+--------+--------+--------+--------+
| epoch |   R1   |   R5   |  R10   |  mAP   |  mINP  |
+-------+--------+--------+--------+--------+--------+
|  -999 | 58.850 | 79.600 | 87.150 | 44.108 | 20.897 |
|   0   | 58.350 | 79.100 | 86.750 | 43.915 | 20.958 |
|   1   | 58.250 | 79.200 | 87.000 | 43.965 | 21.043 |
|   2   | 58.100 | 79.400 | 87.250 | 44.003 | 21.115 |
|   3   | 58.250 | 79.400 | 87.350 | 44.064 | 21.147 |
|   4   | 58.650 | 79.150 | 87.450 | 44.246 | 21.242 |
|   5   | 58.750 | 79.200 | 87.700 | 44.272 | 21.224 |
|   6   | 58.750 | 79.550 | 87.600 | 44.378 | 21.291 |
|   7   | 58.550 | 79.800 | 87.550 | 44.342 | 21.250 |
|   8   | 58.700 | 80.000 | 87.550 | 44.379 | 21.277 |
|   9   | 58.400 | 79.800 | 87.500 | 44.309 | 21.284 |
|   10  | 58.400 | 79.450 | 87.550 | 44.268 | 21.256 |
|   11  | 58.450 | 79.500 | 87.650 | 44.347 | 21.249 |
|   12  | 58.450 | 79.650 | 87.550 | 44.354 | 21.223 |
|   13  | 58.300 | 79.350 | 87.450 | 44.290 | 21.129 |
|   14  | 58.350 | 79.650 | 87.450 | 44.323 | 21.139 |
|   15  | 58.350 | 79.850 | 87.650 | 44.412 | 21.159 |
|   16  | 58.500 | 79.800 | 87.500 | 44.427 | 21.121 |
|   17  | 58.250 | 79.600 | 87.400 | 44.283 | 21.062 |
+-------+--------+--------+--------+--------+--------+
     logs:  {'epo': 17, 'R1': 58.25, 'R5': 79.6, 'R10': 87.4, 'mAP': 44.283, 'mINP': 21.062, 'entropy': 0.4304603785276413, 'loss': 0.4304603785276413, 'lr': 0.00045225424859373736}
     Epoch[18] Iteration[10/23], entropy: 0.5890, loss: 0.5890, lr: 9.06e-05
     Epoch[18] Iteration[20/23], entropy: 0.5100, loss: 0.5100, lr: 1.76e-05
     Averaged stats: entropy: 0.4655, loss: 0.4655, lr: 6.78e-05
     itm tta time 0:00:03
### TTA Eval Score: 
+-------+--------+--------+--------+--------+--------+
| epoch |   R1   |   R5   |  R10   |  mAP   |  mINP  |
+-------+--------+--------+--------+--------+--------+
|  -999 | 58.850 | 79.600 | 87.150 | 44.108 | 20.897 |
|   0   | 58.350 | 79.100 | 86.750 | 43.915 | 20.958 |
|   1   | 58.250 | 79.200 | 87.000 | 43.965 | 21.043 |
|   2   | 58.100 | 79.400 | 87.250 | 44.003 | 21.115 |
|   3   | 58.250 | 79.400 | 87.350 | 44.064 | 21.147 |
|   4   | 58.650 | 79.150 | 87.450 | 44.246 | 21.242 |
|   5   | 58.750 | 79.200 | 87.700 | 44.272 | 21.224 |
|   6   | 58.750 | 79.550 | 87.600 | 44.378 | 21.291 |
|   7   | 58.550 | 79.800 | 87.550 | 44.342 | 21.250 |
|   8   | 58.700 | 80.000 | 87.550 | 44.379 | 21.277 |
|   9   | 58.400 | 79.800 | 87.500 | 44.309 | 21.284 |
|   10  | 58.400 | 79.450 | 87.550 | 44.268 | 21.256 |
|   11  | 58.450 | 79.500 | 87.650 | 44.347 | 21.249 |
|   12  | 58.450 | 79.650 | 87.550 | 44.354 | 21.223 |
|   13  | 58.300 | 79.350 | 87.450 | 44.290 | 21.129 |
|   14  | 58.350 | 79.650 | 87.450 | 44.323 | 21.139 |
|   15  | 58.350 | 79.850 | 87.650 | 44.412 | 21.159 |
|   16  | 58.500 | 79.800 | 87.500 | 44.427 | 21.121 |
|   17  | 58.250 | 79.600 | 87.400 | 44.283 | 21.062 |
|   18  | 58.300 | 79.750 | 87.300 | 44.317 | 21.066 |
+-------+--------+--------+--------+--------+--------+
     logs:  {'epo': 18, 'R1': 58.3, 'R5': 79.75, 'R10': 87.3, 'mAP': 44.317, 'mINP': 21.066, 'entropy': 0.5495166480541229, 'loss': 0.5495166480541229, 'lr': 5.409994054538307e-05}
     Epoch[19] Iteration[10/23], entropy: 0.4544, loss: 0.4544, lr: 3.56e-04
     Epoch[19] Iteration[20/23], entropy: 0.5795, loss: 0.5795, lr: 4.98e-04
     Averaged stats: entropy: 0.5524, loss: 0.5524, lr: 4.69e-04
     itm tta time 0:00:02
### TTA Eval Score: 
+-------+--------+--------+--------+--------+--------+
| epoch |   R1   |   R5   |  R10   |  mAP   |  mINP  |
+-------+--------+--------+--------+--------+--------+
|  -999 | 58.850 | 79.600 | 87.150 | 44.108 | 20.897 |
|   0   | 58.350 | 79.100 | 86.750 | 43.915 | 20.958 |
|   1   | 58.250 | 79.200 | 87.000 | 43.965 | 21.043 |
|   2   | 58.100 | 79.400 | 87.250 | 44.003 | 21.115 |
|   3   | 58.250 | 79.400 | 87.350 | 44.064 | 21.147 |
|   4   | 58.650 | 79.150 | 87.450 | 44.246 | 21.242 |
|   5   | 58.750 | 79.200 | 87.700 | 44.272 | 21.224 |
|   6   | 58.750 | 79.550 | 87.600 | 44.378 | 21.291 |
|   7   | 58.550 | 79.800 | 87.550 | 44.342 | 21.250 |
|   8   | 58.700 | 80.000 | 87.550 | 44.379 | 21.277 |
|   9   | 58.400 | 79.800 | 87.500 | 44.309 | 21.284 |
|   10  | 58.400 | 79.450 | 87.550 | 44.268 | 21.256 |
|   11  | 58.450 | 79.500 | 87.650 | 44.347 | 21.249 |
|   12  | 58.450 | 79.650 | 87.550 | 44.354 | 21.223 |
|   13  | 58.300 | 79.350 | 87.450 | 44.290 | 21.129 |
|   14  | 58.350 | 79.650 | 87.450 | 44.323 | 21.139 |
|   15  | 58.350 | 79.850 | 87.650 | 44.412 | 21.159 |
|   16  | 58.500 | 79.800 | 87.500 | 44.427 | 21.121 |
|   17  | 58.250 | 79.600 | 87.400 | 44.283 | 21.062 |
|   18  | 58.300 | 79.750 | 87.300 | 44.317 | 21.066 |
|   19  | 58.600 | 79.900 | 87.250 | 44.308 | 21.061 |
+-------+--------+--------+--------+--------+--------+
     logs:  {'epo': 19, 'R1': 58.6, 'R5': 79.9, 'R10': 87.25, 'mAP': 44.308, 'mINP': 21.061, 'entropy': 0.5169515013694763, 'loss': 0.5169515013694763, 'lr': 0.00042723674910994356}
     Epoch[20] Iteration[10/23], entropy: 0.3931, loss: 0.3931, lr: 2.03e-04
     Epoch[20] Iteration[20/23], entropy: 0.6086, loss: 0.6086, lr: 1.97e-06
     Averaged stats: entropy: 0.2634, loss: 0.2634, lr: 7.85e-06
     itm tta time 0:00:03
### TTA Eval Score: 
+-------+--------+--------+--------+--------+--------+
| epoch |   R1   |   R5   |  R10   |  mAP   |  mINP  |
+-------+--------+--------+--------+--------+--------+
|  -999 | 58.850 | 79.600 | 87.150 | 44.108 | 20.897 |
|   0   | 58.350 | 79.100 | 86.750 | 43.915 | 20.958 |
|   1   | 58.250 | 79.200 | 87.000 | 43.965 | 21.043 |
|   2   | 58.100 | 79.400 | 87.250 | 44.003 | 21.115 |
|   3   | 58.250 | 79.400 | 87.350 | 44.064 | 21.147 |
|   4   | 58.650 | 79.150 | 87.450 | 44.246 | 21.242 |
|   5   | 58.750 | 79.200 | 87.700 | 44.272 | 21.224 |
|   6   | 58.750 | 79.550 | 87.600 | 44.378 | 21.291 |
|   7   | 58.550 | 79.800 | 87.550 | 44.342 | 21.250 |
|   8   | 58.700 | 80.000 | 87.550 | 44.379 | 21.277 |
|   9   | 58.400 | 79.800 | 87.500 | 44.309 | 21.284 |
|   10  | 58.400 | 79.450 | 87.550 | 44.268 | 21.256 |
|   11  | 58.450 | 79.500 | 87.650 | 44.347 | 21.249 |
|   12  | 58.450 | 79.650 | 87.550 | 44.354 | 21.223 |
|   13  | 58.300 | 79.350 | 87.450 | 44.290 | 21.129 |
|   14  | 58.350 | 79.650 | 87.450 | 44.323 | 21.139 |
|   15  | 58.350 | 79.850 | 87.650 | 44.412 | 21.159 |
|   16  | 58.500 | 79.800 | 87.500 | 44.427 | 21.121 |
|   17  | 58.250 | 79.600 | 87.400 | 44.283 | 21.062 |
|   18  | 58.300 | 79.750 | 87.300 | 44.317 | 21.066 |
|   19  | 58.600 | 79.900 | 87.250 | 44.308 | 21.061 |
|   20  | 58.500 | 79.850 | 87.250 | 44.245 | 20.993 |
+-------+--------+--------+--------+--------+--------+
     logs:  {'epo': 20, 'R1': 58.5, 'R5': 79.85, 'R10': 87.25, 'mAP': 44.245, 'mINP': 20.993, 'entropy': 0.5008226037025452, 'loss': 0.5008226037025452, 'lr': 0.00010256299801247529}
     Epoch[21] Iteration[10/23], entropy: 0.5096, loss: 0.5096, lr: 2.34e-04
     Epoch[21] Iteration[20/23], entropy: 0.5219, loss: 0.5219, lr: 4.82e-04
     Averaged stats: entropy: 0.4283, loss: 0.4283, lr: 5.00e-04
     itm tta time 0:00:02
### TTA Eval Score: 
+-------+--------+--------+--------+--------+--------+
| epoch |   R1   |   R5   |  R10   |  mAP   |  mINP  |
+-------+--------+--------+--------+--------+--------+
|  -999 | 58.850 | 79.600 | 87.150 | 44.108 | 20.897 |
|   0   | 58.350 | 79.100 | 86.750 | 43.915 | 20.958 |
|   1   | 58.250 | 79.200 | 87.000 | 43.965 | 21.043 |
|   2   | 58.100 | 79.400 | 87.250 | 44.003 | 21.115 |
|   3   | 58.250 | 79.400 | 87.350 | 44.064 | 21.147 |
|   4   | 58.650 | 79.150 | 87.450 | 44.246 | 21.242 |
|   5   | 58.750 | 79.200 | 87.700 | 44.272 | 21.224 |
|   6   | 58.750 | 79.550 | 87.600 | 44.378 | 21.291 |
|   7   | 58.550 | 79.800 | 87.550 | 44.342 | 21.250 |
|   8   | 58.700 | 80.000 | 87.550 | 44.379 | 21.277 |
|   9   | 58.400 | 79.800 | 87.500 | 44.309 | 21.284 |
|   10  | 58.400 | 79.450 | 87.550 | 44.268 | 21.256 |
|   11  | 58.450 | 79.500 | 87.650 | 44.347 | 21.249 |
|   12  | 58.450 | 79.650 | 87.550 | 44.354 | 21.223 |
|   13  | 58.300 | 79.350 | 87.450 | 44.290 | 21.129 |
|   14  | 58.350 | 79.650 | 87.450 | 44.323 | 21.139 |
|   15  | 58.350 | 79.850 | 87.650 | 44.412 | 21.159 |
|   16  | 58.500 | 79.800 | 87.500 | 44.427 | 21.121 |
|   17  | 58.250 | 79.600 | 87.400 | 44.283 | 21.062 |
|   18  | 58.300 | 79.750 | 87.300 | 44.317 | 21.066 |
|   19  | 58.600 | 79.900 | 87.250 | 44.308 | 21.061 |
|   20  | 58.500 | 79.850 | 87.250 | 44.245 | 20.993 |
|   21  | 58.450 | 79.800 | 87.200 | 44.263 | 20.996 |
+-------+--------+--------+--------+--------+--------+
     logs:  {'epo': 21, 'R1': 58.45, 'R5': 79.8, 'R10': 87.2, 'mAP': 44.263, 'mINP': 20.996, 'entropy': 0.5157355964183807, 'loss': 0.5157355964183807, 'lr': 0.0003583732457948669}
     Epoch[22] Iteration[10/23], entropy: 0.3904, loss: 0.3904, lr: 3.27e-04
     Epoch[22] Iteration[20/23], entropy: 0.4219, loss: 0.4219, lr: 4.77e-05
     Averaged stats: entropy: 0.5033, loss: 0.5033, lr: 7.85e-06
     itm tta time 0:00:03
### TTA Eval Score: 
+-------+--------+--------+--------+--------+--------+
| epoch |   R1   |   R5   |  R10   |  mAP   |  mINP  |
+-------+--------+--------+--------+--------+--------+
|  -999 | 58.850 | 79.600 | 87.150 | 44.108 | 20.897 |
|   0   | 58.350 | 79.100 | 86.750 | 43.915 | 20.958 |
|   1   | 58.250 | 79.200 | 87.000 | 43.965 | 21.043 |
|   2   | 58.100 | 79.400 | 87.250 | 44.003 | 21.115 |
|   3   | 58.250 | 79.400 | 87.350 | 44.064 | 21.147 |
|   4   | 58.650 | 79.150 | 87.450 | 44.246 | 21.242 |
|   5   | 58.750 | 79.200 | 87.700 | 44.272 | 21.224 |
|   6   | 58.750 | 79.550 | 87.600 | 44.378 | 21.291 |
|   7   | 58.550 | 79.800 | 87.550 | 44.342 | 21.250 |
|   8   | 58.700 | 80.000 | 87.550 | 44.379 | 21.277 |
|   9   | 58.400 | 79.800 | 87.500 | 44.309 | 21.284 |
|   10  | 58.400 | 79.450 | 87.550 | 44.268 | 21.256 |
|   11  | 58.450 | 79.500 | 87.650 | 44.347 | 21.249 |
|   12  | 58.450 | 79.650 | 87.550 | 44.354 | 21.223 |
|   13  | 58.300 | 79.350 | 87.450 | 44.290 | 21.129 |
|   14  | 58.350 | 79.650 | 87.450 | 44.323 | 21.139 |
|   15  | 58.350 | 79.850 | 87.650 | 44.412 | 21.159 |
|   16  | 58.500 | 79.800 | 87.500 | 44.427 | 21.121 |
|   17  | 58.250 | 79.600 | 87.400 | 44.283 | 21.062 |
|   18  | 58.300 | 79.750 | 87.300 | 44.317 | 21.066 |
|   19  | 58.600 | 79.900 | 87.250 | 44.308 | 21.061 |
|   20  | 58.500 | 79.850 | 87.250 | 44.245 | 20.993 |
|   21  | 58.450 | 79.800 | 87.200 | 44.263 | 20.996 |
|   22  | 58.400 | 80.000 | 87.200 | 44.235 | 21.016 |
+-------+--------+--------+--------+--------+--------+
     logs:  {'epo': 22, 'R1': 58.4, 'R5': 80.0, 'R10': 87.2, 'mAP': 44.235, 'mINP': 21.016, 'entropy': 0.4061615616083145, 'loss': 0.4061615616083145, 'lr': 0.00018750000000000133}
     Epoch[23] Iteration[10/23], entropy: 0.3942, loss: 0.3942, lr: 1.16e-04
     Epoch[23] Iteration[20/23], entropy: 0.4683, loss: 0.4683, lr: 4.09e-04
     Averaged stats: entropy: 0.5263, loss: 0.5263, lr: 4.69e-04
     itm tta time 0:00:03
### TTA Eval Score: 
+-------+--------+--------+--------+--------+--------+
| epoch |   R1   |   R5   |  R10   |  mAP   |  mINP  |
+-------+--------+--------+--------+--------+--------+
|  -999 | 58.850 | 79.600 | 87.150 | 44.108 | 20.897 |
|   0   | 58.350 | 79.100 | 86.750 | 43.915 | 20.958 |
|   1   | 58.250 | 79.200 | 87.000 | 43.965 | 21.043 |
|   2   | 58.100 | 79.400 | 87.250 | 44.003 | 21.115 |
|   3   | 58.250 | 79.400 | 87.350 | 44.064 | 21.147 |
|   4   | 58.650 | 79.150 | 87.450 | 44.246 | 21.242 |
|   5   | 58.750 | 79.200 | 87.700 | 44.272 | 21.224 |
|   6   | 58.750 | 79.550 | 87.600 | 44.378 | 21.291 |
|   7   | 58.550 | 79.800 | 87.550 | 44.342 | 21.250 |
|   8   | 58.700 | 80.000 | 87.550 | 44.379 | 21.277 |
|   9   | 58.400 | 79.800 | 87.500 | 44.309 | 21.284 |
|   10  | 58.400 | 79.450 | 87.550 | 44.268 | 21.256 |
|   11  | 58.450 | 79.500 | 87.650 | 44.347 | 21.249 |
|   12  | 58.450 | 79.650 | 87.550 | 44.354 | 21.223 |
|   13  | 58.300 | 79.350 | 87.450 | 44.290 | 21.129 |
|   14  | 58.350 | 79.650 | 87.450 | 44.323 | 21.139 |
|   15  | 58.350 | 79.850 | 87.650 | 44.412 | 21.159 |
|   16  | 58.500 | 79.800 | 87.500 | 44.427 | 21.121 |
|   17  | 58.250 | 79.600 | 87.400 | 44.283 | 21.062 |
|   18  | 58.300 | 79.750 | 87.300 | 44.317 | 21.066 |
|   19  | 58.600 | 79.900 | 87.250 | 44.308 | 21.061 |
|   20  | 58.500 | 79.850 | 87.250 | 44.245 | 20.993 |
|   21  | 58.450 | 79.800 | 87.200 | 44.263 | 20.996 |
|   22  | 58.400 | 80.000 | 87.200 | 44.235 | 21.016 |
|   23  | 58.300 | 79.750 | 87.150 | 44.145 | 20.977 |
+-------+--------+--------+--------+--------+--------+
     logs:  {'epo': 23, 'R1': 58.3, 'R5': 79.75, 'R10': 87.15, 'mAP': 44.145, 'mINP': 20.977, 'entropy': 0.43126365542411804, 'loss': 0.43126365542411804, 'lr': 0.00026269964934620997}
     Epoch[24] Iteration[10/23], entropy: 0.4168, loss: 0.4168, lr: 4.32e-04
     Epoch[24] Iteration[20/23], entropy: 0.5556, loss: 0.5556, lr: 1.44e-04
     Averaged stats: entropy: 0.7000, loss: 0.7000, lr: 6.78e-05
     itm tta time 0:00:03
### TTA Eval Score: 
+-------+--------+--------+--------+--------+--------+
| epoch |   R1   |   R5   |  R10   |  mAP   |  mINP  |
+-------+--------+--------+--------+--------+--------+
|  -999 | 58.850 | 79.600 | 87.150 | 44.108 | 20.897 |
|   0   | 58.350 | 79.100 | 86.750 | 43.915 | 20.958 |
|   1   | 58.250 | 79.200 | 87.000 | 43.965 | 21.043 |
|   2   | 58.100 | 79.400 | 87.250 | 44.003 | 21.115 |
|   3   | 58.250 | 79.400 | 87.350 | 44.064 | 21.147 |
|   4   | 58.650 | 79.150 | 87.450 | 44.246 | 21.242 |
|   5   | 58.750 | 79.200 | 87.700 | 44.272 | 21.224 |
|   6   | 58.750 | 79.550 | 87.600 | 44.378 | 21.291 |
|   7   | 58.550 | 79.800 | 87.550 | 44.342 | 21.250 |
|   8   | 58.700 | 80.000 | 87.550 | 44.379 | 21.277 |
|   9   | 58.400 | 79.800 | 87.500 | 44.309 | 21.284 |
|   10  | 58.400 | 79.450 | 87.550 | 44.268 | 21.256 |
|   11  | 58.450 | 79.500 | 87.650 | 44.347 | 21.249 |
|   12  | 58.450 | 79.650 | 87.550 | 44.354 | 21.223 |
|   13  | 58.300 | 79.350 | 87.450 | 44.290 | 21.129 |
|   14  | 58.350 | 79.650 | 87.450 | 44.323 | 21.139 |
|   15  | 58.350 | 79.850 | 87.650 | 44.412 | 21.159 |
|   16  | 58.500 | 79.800 | 87.500 | 44.427 | 21.121 |
|   17  | 58.250 | 79.600 | 87.400 | 44.283 | 21.062 |
|   18  | 58.300 | 79.750 | 87.300 | 44.317 | 21.066 |
|   19  | 58.600 | 79.900 | 87.250 | 44.308 | 21.061 |
|   20  | 58.500 | 79.850 | 87.250 | 44.245 | 20.993 |
|   21  | 58.450 | 79.800 | 87.200 | 44.263 | 20.996 |
|   22  | 58.400 | 80.000 | 87.200 | 44.235 | 21.016 |
|   23  | 58.300 | 79.750 | 87.150 | 44.145 | 20.977 |
|   24  | 58.400 | 79.650 | 87.200 | 44.170 | 20.948 |
+-------+--------+--------+--------+--------+--------+
     logs:  {'epo': 24, 'R1': 58.4, 'R5': 79.65, 'R10': 87.2, 'mAP': 44.17, 'mINP': 20.948, 'entropy': 0.48621387779712677, 'loss': 0.48621387779712677, 'lr': 0.0002878986669820444}
     Epoch[25] Iteration[10/23], entropy: 0.3792, loss: 0.3792, lr: 3.09e-05
     Epoch[25] Iteration[20/23], entropy: 0.3882, loss: 0.3882, lr: 2.97e-04
     Averaged stats: entropy: 0.4818, loss: 0.4818, lr: 3.84e-04
     itm tta time 0:00:03
### TTA Eval Score: 
+-------+--------+--------+--------+--------+--------+
| epoch |   R1   |   R5   |  R10   |  mAP   |  mINP  |
+-------+--------+--------+--------+--------+--------+
|  -999 | 58.850 | 79.600 | 87.150 | 44.108 | 20.897 |
|   0   | 58.350 | 79.100 | 86.750 | 43.915 | 20.958 |
|   1   | 58.250 | 79.200 | 87.000 | 43.965 | 21.043 |
|   2   | 58.100 | 79.400 | 87.250 | 44.003 | 21.115 |
|   3   | 58.250 | 79.400 | 87.350 | 44.064 | 21.147 |
|   4   | 58.650 | 79.150 | 87.450 | 44.246 | 21.242 |
|   5   | 58.750 | 79.200 | 87.700 | 44.272 | 21.224 |
|   6   | 58.750 | 79.550 | 87.600 | 44.378 | 21.291 |
|   7   | 58.550 | 79.800 | 87.550 | 44.342 | 21.250 |
|   8   | 58.700 | 80.000 | 87.550 | 44.379 | 21.277 |
|   9   | 58.400 | 79.800 | 87.500 | 44.309 | 21.284 |
|   10  | 58.400 | 79.450 | 87.550 | 44.268 | 21.256 |
|   11  | 58.450 | 79.500 | 87.650 | 44.347 | 21.249 |
|   12  | 58.450 | 79.650 | 87.550 | 44.354 | 21.223 |
|   13  | 58.300 | 79.350 | 87.450 | 44.290 | 21.129 |
|   14  | 58.350 | 79.650 | 87.450 | 44.323 | 21.139 |
|   15  | 58.350 | 79.850 | 87.650 | 44.412 | 21.159 |
|   16  | 58.500 | 79.800 | 87.500 | 44.427 | 21.121 |
|   17  | 58.250 | 79.600 | 87.400 | 44.283 | 21.062 |
|   18  | 58.300 | 79.750 | 87.300 | 44.317 | 21.066 |
|   19  | 58.600 | 79.900 | 87.250 | 44.308 | 21.061 |
|   20  | 58.500 | 79.850 | 87.250 | 44.245 | 20.993 |
|   21  | 58.450 | 79.800 | 87.200 | 44.263 | 20.996 |
|   22  | 58.400 | 80.000 | 87.200 | 44.235 | 21.016 |
|   23  | 58.300 | 79.750 | 87.150 | 44.145 | 20.977 |
|   24  | 58.400 | 79.650 | 87.200 | 44.170 | 20.948 |
|   25  | 58.400 | 79.600 | 87.050 | 44.126 | 20.915 |
+-------+--------+--------+--------+--------+--------+
     logs:  {'epo': 25, 'R1': 58.4, 'R5': 79.6, 'R10': 87.05, 'mAP': 44.126, 'mINP': 20.915, 'entropy': 0.3837205171585083, 'loss': 0.3837205171585083, 'lr': 0.00016388432931773182}
     Epoch[26] Iteration[10/23], entropy: 0.3734, loss: 0.3734, lr: 4.92e-04
     Epoch[26] Iteration[20/23], entropy: 0.4661, loss: 0.4661, lr: 2.66e-04
     Averaged stats: entropy: 0.4073, loss: 0.4073, lr: 1.73e-04
     itm tta time 0:00:03
### TTA Eval Score: 
+-------+--------+--------+--------+--------+--------+
| epoch |   R1   |   R5   |  R10   |  mAP   |  mINP  |
+-------+--------+--------+--------+--------+--------+
|  -999 | 58.850 | 79.600 | 87.150 | 44.108 | 20.897 |
|   0   | 58.350 | 79.100 | 86.750 | 43.915 | 20.958 |
|   1   | 58.250 | 79.200 | 87.000 | 43.965 | 21.043 |
|   2   | 58.100 | 79.400 | 87.250 | 44.003 | 21.115 |
|   3   | 58.250 | 79.400 | 87.350 | 44.064 | 21.147 |
|   4   | 58.650 | 79.150 | 87.450 | 44.246 | 21.242 |
|   5   | 58.750 | 79.200 | 87.700 | 44.272 | 21.224 |
|   6   | 58.750 | 79.550 | 87.600 | 44.378 | 21.291 |
|   7   | 58.550 | 79.800 | 87.550 | 44.342 | 21.250 |
|   8   | 58.700 | 80.000 | 87.550 | 44.379 | 21.277 |
|   9   | 58.400 | 79.800 | 87.500 | 44.309 | 21.284 |
|   10  | 58.400 | 79.450 | 87.550 | 44.268 | 21.256 |
|   11  | 58.450 | 79.500 | 87.650 | 44.347 | 21.249 |
|   12  | 58.450 | 79.650 | 87.550 | 44.354 | 21.223 |
|   13  | 58.300 | 79.350 | 87.450 | 44.290 | 21.129 |
|   14  | 58.350 | 79.650 | 87.450 | 44.323 | 21.139 |
|   15  | 58.350 | 79.850 | 87.650 | 44.412 | 21.159 |
|   16  | 58.500 | 79.800 | 87.500 | 44.427 | 21.121 |
|   17  | 58.250 | 79.600 | 87.400 | 44.283 | 21.062 |
|   18  | 58.300 | 79.750 | 87.300 | 44.317 | 21.066 |
|   19  | 58.600 | 79.900 | 87.250 | 44.308 | 21.061 |
|   20  | 58.500 | 79.850 | 87.250 | 44.245 | 20.993 |
|   21  | 58.450 | 79.800 | 87.200 | 44.263 | 20.996 |
|   22  | 58.400 | 80.000 | 87.200 | 44.235 | 21.016 |
|   23  | 58.300 | 79.750 | 87.150 | 44.145 | 20.977 |
|   24  | 58.400 | 79.650 | 87.200 | 44.170 | 20.948 |
|   25  | 58.400 | 79.600 | 87.050 | 44.126 | 20.915 |
|   26  | 57.950 | 79.300 | 86.850 | 43.913 | 20.837 |
+-------+--------+--------+--------+--------+--------+
     logs:  {'epo': 26, 'R1': 57.95, 'R5': 79.3, 'R10': 86.85, 'mAP': 43.913, 'mINP': 20.837, 'entropy': 0.41977372765541077, 'loss': 0.41977372765541077, 'lr': 0.00037892171008224284}
     Epoch[27] Iteration[10/23], entropy: 0.4741, loss: 0.4741, lr: 0.00e+00
     Epoch[27] Iteration[20/23], entropy: 0.5791, loss: 0.5791, lr: 1.73e-04
     Averaged stats: entropy: 0.5947, loss: 0.5947, lr: 2.66e-04
     itm tta time 0:00:03
### TTA Eval Score: 
+-------+--------+--------+--------+--------+--------+
| epoch |   R1   |   R5   |  R10   |  mAP   |  mINP  |
+-------+--------+--------+--------+--------+--------+
|  -999 | 58.850 | 79.600 | 87.150 | 44.108 | 20.897 |
|   0   | 58.350 | 79.100 | 86.750 | 43.915 | 20.958 |
|   1   | 58.250 | 79.200 | 87.000 | 43.965 | 21.043 |
|   2   | 58.100 | 79.400 | 87.250 | 44.003 | 21.115 |
|   3   | 58.250 | 79.400 | 87.350 | 44.064 | 21.147 |
|   4   | 58.650 | 79.150 | 87.450 | 44.246 | 21.242 |
|   5   | 58.750 | 79.200 | 87.700 | 44.272 | 21.224 |
|   6   | 58.750 | 79.550 | 87.600 | 44.378 | 21.291 |
|   7   | 58.550 | 79.800 | 87.550 | 44.342 | 21.250 |
|   8   | 58.700 | 80.000 | 87.550 | 44.379 | 21.277 |
|   9   | 58.400 | 79.800 | 87.500 | 44.309 | 21.284 |
|   10  | 58.400 | 79.450 | 87.550 | 44.268 | 21.256 |
|   11  | 58.450 | 79.500 | 87.650 | 44.347 | 21.249 |
|   12  | 58.450 | 79.650 | 87.550 | 44.354 | 21.223 |
|   13  | 58.300 | 79.350 | 87.450 | 44.290 | 21.129 |
|   14  | 58.350 | 79.650 | 87.450 | 44.323 | 21.139 |
|   15  | 58.350 | 79.850 | 87.650 | 44.412 | 21.159 |
|   16  | 58.500 | 79.800 | 87.500 | 44.427 | 21.121 |
|   17  | 58.250 | 79.600 | 87.400 | 44.283 | 21.062 |
|   18  | 58.300 | 79.750 | 87.300 | 44.317 | 21.066 |
|   19  | 58.600 | 79.900 | 87.250 | 44.308 | 21.061 |
|   20  | 58.500 | 79.850 | 87.250 | 44.245 | 20.993 |
|   21  | 58.450 | 79.800 | 87.200 | 44.263 | 20.996 |
|   22  | 58.400 | 80.000 | 87.200 | 44.235 | 21.016 |
|   23  | 58.300 | 79.750 | 87.150 | 44.145 | 20.977 |
|   24  | 58.400 | 79.650 | 87.200 | 44.170 | 20.948 |
|   25  | 58.400 | 79.600 | 87.050 | 44.126 | 20.915 |
|   26  | 57.950 | 79.300 | 86.850 | 43.913 | 20.837 |
|   27  | 57.900 | 79.300 | 86.900 | 43.931 | 20.838 |
+-------+--------+--------+--------+--------+--------+
     logs:  {'epo': 27, 'R1': 57.9, 'R5': 79.3, 'R10': 86.9, 'mAP': 43.931, 'mINP': 20.838, 'entropy': 0.5266100466251373, 'loss': 0.5266100466251373, 'lr': 8.637287570313078e-05}
     Epoch[28] Iteration[10/23], entropy: 0.3949, loss: 0.3949, lr: 4.92e-04
     Epoch[28] Iteration[20/23], entropy: 0.3616, loss: 0.3616, lr: 3.84e-04
     Averaged stats: entropy: 0.4899, loss: 0.4899, lr: 2.97e-04
     itm tta time 0:00:02
### TTA Eval Score: 
+-------+--------+--------+--------+--------+--------+
| epoch |   R1   |   R5   |  R10   |  mAP   |  mINP  |
+-------+--------+--------+--------+--------+--------+
|  -999 | 58.850 | 79.600 | 87.150 | 44.108 | 20.897 |
|   0   | 58.350 | 79.100 | 86.750 | 43.915 | 20.958 |
|   1   | 58.250 | 79.200 | 87.000 | 43.965 | 21.043 |
|   2   | 58.100 | 79.400 | 87.250 | 44.003 | 21.115 |
|   3   | 58.250 | 79.400 | 87.350 | 44.064 | 21.147 |
|   4   | 58.650 | 79.150 | 87.450 | 44.246 | 21.242 |
|   5   | 58.750 | 79.200 | 87.700 | 44.272 | 21.224 |
|   6   | 58.750 | 79.550 | 87.600 | 44.378 | 21.291 |
|   7   | 58.550 | 79.800 | 87.550 | 44.342 | 21.250 |
|   8   | 58.700 | 80.000 | 87.550 | 44.379 | 21.277 |
|   9   | 58.400 | 79.800 | 87.500 | 44.309 | 21.284 |
|   10  | 58.400 | 79.450 | 87.550 | 44.268 | 21.256 |
|   11  | 58.450 | 79.500 | 87.650 | 44.347 | 21.249 |
|   12  | 58.450 | 79.650 | 87.550 | 44.354 | 21.223 |
|   13  | 58.300 | 79.350 | 87.450 | 44.290 | 21.129 |
|   14  | 58.350 | 79.650 | 87.450 | 44.323 | 21.139 |
|   15  | 58.350 | 79.850 | 87.650 | 44.412 | 21.159 |
|   16  | 58.500 | 79.800 | 87.500 | 44.427 | 21.121 |
|   17  | 58.250 | 79.600 | 87.400 | 44.283 | 21.062 |
|   18  | 58.300 | 79.750 | 87.300 | 44.317 | 21.066 |
|   19  | 58.600 | 79.900 | 87.250 | 44.308 | 21.061 |
|   20  | 58.500 | 79.850 | 87.250 | 44.245 | 20.993 |
|   21  | 58.450 | 79.800 | 87.200 | 44.263 | 20.996 |
|   22  | 58.400 | 80.000 | 87.200 | 44.235 | 21.016 |
|   23  | 58.300 | 79.750 | 87.150 | 44.145 | 20.977 |
|   24  | 58.400 | 79.650 | 87.200 | 44.170 | 20.948 |
|   25  | 58.400 | 79.600 | 87.050 | 44.126 | 20.915 |
|   26  | 57.950 | 79.300 | 86.850 | 43.913 | 20.837 |
|   27  | 57.900 | 79.300 | 86.900 | 43.931 | 20.838 |
|   28  | 58.050 | 79.450 | 86.850 | 43.938 | 20.797 |
+-------+--------+--------+--------+--------+--------+
     logs:  {'epo': 28, 'R1': 58.05, 'R5': 79.45, 'R10': 86.85, 'mAP': 43.938, 'mINP': 20.797, 'entropy': 0.3782442808151245, 'loss': 0.3782442808151245, 'lr': 0.0004380512445134538}
     Epoch[29] Iteration[10/23], entropy: 0.6102, loss: 0.6102, lr: 3.09e-05
     Epoch[29] Iteration[20/23], entropy: 0.4784, loss: 0.4784, lr: 6.78e-05
     Averaged stats: entropy: 0.5493, loss: 0.5493, lr: 1.44e-04
     itm tta time 0:00:03
### TTA Eval Score: 
+-------+--------+--------+--------+--------+--------+
| epoch |   R1   |   R5   |  R10   |  mAP   |  mINP  |
+-------+--------+--------+--------+--------+--------+
|  -999 | 58.850 | 79.600 | 87.150 | 44.108 | 20.897 |
|   0   | 58.350 | 79.100 | 86.750 | 43.915 | 20.958 |
|   1   | 58.250 | 79.200 | 87.000 | 43.965 | 21.043 |
|   2   | 58.100 | 79.400 | 87.250 | 44.003 | 21.115 |
|   3   | 58.250 | 79.400 | 87.350 | 44.064 | 21.147 |
|   4   | 58.650 | 79.150 | 87.450 | 44.246 | 21.242 |
|   5   | 58.750 | 79.200 | 87.700 | 44.272 | 21.224 |
|   6   | 58.750 | 79.550 | 87.600 | 44.378 | 21.291 |
|   7   | 58.550 | 79.800 | 87.550 | 44.342 | 21.250 |
|   8   | 58.700 | 80.000 | 87.550 | 44.379 | 21.277 |
|   9   | 58.400 | 79.800 | 87.500 | 44.309 | 21.284 |
|   10  | 58.400 | 79.450 | 87.550 | 44.268 | 21.256 |
|   11  | 58.450 | 79.500 | 87.650 | 44.347 | 21.249 |
|   12  | 58.450 | 79.650 | 87.550 | 44.354 | 21.223 |
|   13  | 58.300 | 79.350 | 87.450 | 44.290 | 21.129 |
|   14  | 58.350 | 79.650 | 87.450 | 44.323 | 21.139 |
|   15  | 58.350 | 79.850 | 87.650 | 44.412 | 21.159 |
|   16  | 58.500 | 79.800 | 87.500 | 44.427 | 21.121 |
|   17  | 58.250 | 79.600 | 87.400 | 44.283 | 21.062 |
|   18  | 58.300 | 79.750 | 87.300 | 44.317 | 21.066 |
|   19  | 58.600 | 79.900 | 87.250 | 44.308 | 21.061 |
|   20  | 58.500 | 79.850 | 87.250 | 44.245 | 20.993 |
|   21  | 58.450 | 79.800 | 87.200 | 44.263 | 20.996 |
|   22  | 58.400 | 80.000 | 87.200 | 44.235 | 21.016 |
|   23  | 58.300 | 79.750 | 87.150 | 44.145 | 20.977 |
|   24  | 58.400 | 79.650 | 87.200 | 44.170 | 20.948 |
|   25  | 58.400 | 79.600 | 87.050 | 44.126 | 20.915 |
|   26  | 57.950 | 79.300 | 86.850 | 43.913 | 20.837 |
|   27  | 57.900 | 79.300 | 86.900 | 43.931 | 20.838 |
|   28  | 58.050 | 79.450 | 86.850 | 43.938 | 20.797 |
|   29  | 58.000 | 79.500 | 86.800 | 43.937 | 20.804 |
+-------+--------+--------+--------+--------+--------+
     logs:  {'epo': 29, 'R1': 58.0, 'R5': 79.5, 'R10': 86.8, 'mAP': 43.937, 'mINP': 20.804, 'entropy': 0.5443004667758942, 'loss': 0.5443004667758942, 'lr': 4.93405865668399e-05}
### best epoch 5 : {'epo': '5', 'R1': '58.75', 'R5': '79.2', 'R10': '87.7', 'mAP': '44.272', 'mINP': '21.224', 'entropy': '0.534336268901825', 'loss': '0.534336268901825', 'lr': '4.934058656684075e-05'}
### Time 0:04:12
