Not using distributed mode
### Hyper-parameters:
     output_dir: output_rerun/ham_rstp_tta/exp0.0.4/2025090506565
     seed: 42
     device: cuda
     batch_size_tta: 16
     epochs: 30
     lr: 0.001
### Creating test dataset
     test_txt_set: 2000    test_img_set: 1000
     test_txt_loader: 4    test_img_loader: 2
### Creating model
Training Model with ['sdm', 'id', 'mlm'] tasks
Resized position embedding from size:torch.Size([1, 197, 768]) to size: torch.Size([1, 193, 768]) with height:24 width: 8
     Total Params Sum:  190789493
### Zero-Shot Score:
/data2/jiahao/task/IRRA/tta.py:261: FutureWarning: `torch.cuda.amp.GradScaler(args...)` is deprecated. Please use `torch.amp.GradScaler('cuda', args...)` instead.
  scaler = GradScaler()  # bf16
+-------+--------+--------+--------+--------+--------+
| epoch |   R1   |   R5   |  R10   |  mAP   |  mINP  |
+-------+--------+--------+--------+--------+--------+
|  -999 | 59.550 | 80.100 | 87.100 | 44.128 | 20.533 |
+-------+--------+--------+--------+--------+--------+
### TTA:
### Compute Cos Similarity Uncertainty
     preprocess_tta_coefficients  start
     sample selection ...
     number of sample after sample_selection: 2000
     uncertainty ...
     pos/neg sampling ...
      number of sample after pos/neg sampling: torch.Size([2000, 8])
     preprocess_tta_coefficients  end
### Creating TTA dataset
     tta_dataset: 2000
### Creating tta dataloader
### be careful: func create_loader returns a list length of 1
     tta_loader: 125
### Configure adapted weights
     TTA Dropout Modules:
 []
     TTA Require Gradient Params:
 [('base_model.transformer.resblocks.1.ln_1.weight', torch.Size([512])), ('base_model.transformer.resblocks.1.ln_1.bias', torch.Size([512])), ('base_model.transformer.resblocks.1.ln_2.weight', torch.Size([512])), ('base_model.transformer.resblocks.1.ln_2.bias', torch.Size([512])), ('base_model.transformer.resblocks.2.ln_1.weight', torch.Size([512])), ('base_model.transformer.resblocks.2.ln_1.bias', torch.Size([512])), ('base_model.transformer.resblocks.2.ln_2.weight', torch.Size([512])), ('base_model.transformer.resblocks.2.ln_2.bias', torch.Size([512])), ('base_model.transformer.resblocks.3.ln_1.weight', torch.Size([512])), ('base_model.transformer.resblocks.3.ln_1.bias', torch.Size([512])), ('base_model.transformer.resblocks.3.ln_2.weight', torch.Size([512])), ('base_model.transformer.resblocks.3.ln_2.bias', torch.Size([512])), ('base_model.transformer.resblocks.4.ln_1.weight', torch.Size([512])), ('base_model.transformer.resblocks.4.ln_1.bias', torch.Size([512])), ('base_model.transformer.resblocks.4.ln_2.weight', torch.Size([512])), ('base_model.transformer.resblocks.4.ln_2.bias', torch.Size([512])), ('base_model.transformer.resblocks.5.ln_1.weight', torch.Size([512])), ('base_model.transformer.resblocks.5.ln_1.bias', torch.Size([512])), ('base_model.transformer.resblocks.5.ln_2.weight', torch.Size([512])), ('base_model.transformer.resblocks.5.ln_2.bias', torch.Size([512])), ('base_model.transformer.resblocks.7.ln_1.weight', torch.Size([512])), ('base_model.transformer.resblocks.7.ln_1.bias', torch.Size([512])), ('base_model.transformer.resblocks.7.ln_2.weight', torch.Size([512])), ('base_model.transformer.resblocks.7.ln_2.bias', torch.Size([512])), ('base_model.transformer.resblocks.8.ln_1.weight', torch.Size([512])), ('base_model.transformer.resblocks.8.ln_1.bias', torch.Size([512])), ('base_model.transformer.resblocks.8.ln_2.weight', torch.Size([512])), ('base_model.transformer.resblocks.8.ln_2.bias', torch.Size([512])), ('base_model.transformer.resblocks.9.ln_1.weight', torch.Size([512])), ('base_model.transformer.resblocks.9.ln_1.bias', torch.Size([512])), ('base_model.transformer.resblocks.9.ln_2.weight', torch.Size([512])), ('base_model.transformer.resblocks.9.ln_2.bias', torch.Size([512])), ('base_model.transformer.resblocks.10.ln_1.weight', torch.Size([512])), ('base_model.transformer.resblocks.10.ln_1.bias', torch.Size([512])), ('base_model.transformer.resblocks.10.ln_2.weight', torch.Size([512])), ('base_model.transformer.resblocks.10.ln_2.bias', torch.Size([512])), ('base_model.transformer.resblocks.11.ln_1.weight', torch.Size([512])), ('base_model.transformer.resblocks.11.ln_1.bias', torch.Size([512])), ('base_model.transformer.resblocks.11.ln_2.weight', torch.Size([512])), ('base_model.transformer.resblocks.11.ln_2.bias', torch.Size([512])), ('base_model.ln_final.weight', torch.Size([512])), ('base_model.ln_final.bias', torch.Size([512]))]
     TTA Dropout Modules Number:
 0
     TTA Require Gradient Params Sum:
 21504
Using 5.0 times learning rate for random init module
### Start Test Time Adaptation
/data2/jiahao/task/IRRA/tta.py:65: FutureWarning: `torch.cuda.amp.autocast(args...)` is deprecated. Please use `torch.amp.autocast('cuda', args...)` instead.
  with torch.cuda.amp.autocast(enabled=True):
     Epoch[0] Iteration[10/125], entropy: 0.5952, loss: 0.5952, lr: 9.38e-04
     Epoch[0] Iteration[20/125], entropy: 0.3369, loss: 0.3369, lr: 4.06e-04
     Epoch[0] Iteration[30/125], entropy: 0.4741, loss: 0.4741, lr: 3.94e-06
     Epoch[0] Iteration[40/125], entropy: 0.6269, loss: 0.6269, lr: 2.87e-04
     Epoch[0] Iteration[50/125], entropy: 0.3801, loss: 0.3801, lr: 8.64e-04
     Epoch[0] Iteration[60/125], entropy: 0.4685, loss: 0.4685, lr: 9.38e-04
     Epoch[0] Iteration[70/125], entropy: 0.7405, loss: 0.7405, lr: 4.06e-04
     Epoch[0] Iteration[80/125], entropy: 0.3216, loss: 0.3216, lr: 3.94e-06
     Epoch[0] Iteration[90/125], entropy: 0.4685, loss: 0.4685, lr: 2.87e-04
     Epoch[0] Iteration[100/125], entropy: 0.5777, loss: 0.5777, lr: 8.64e-04
     Epoch[0] Iteration[110/125], entropy: 0.6819, loss: 0.6819, lr: 9.38e-04
     Epoch[0] Iteration[120/125], entropy: 0.7459, loss: 0.7459, lr: 4.06e-04
     Averaged stats: entropy: 0.5312, loss: 0.5312, lr: 1.36e-04
     itm tta time 0:00:15
### TTA Eval Score:
+-------+--------+--------+--------+--------+--------+
| epoch |   R1   |   R5   |  R10   |  mAP   |  mINP  |
+-------+--------+--------+--------+--------+--------+
|  -999 | 59.550 | 80.100 | 87.100 | 44.128 | 20.533 |
|   0   | 60.450 | 81.200 | 88.000 | 45.263 | 21.466 |
+-------+--------+--------+--------+--------+--------+
     logs:  {'epo': 0, 'R1': 60.45, 'R5': 81.2, 'R10': 88.0, 'mAP': 45.263, 'mINP': 21.466, 'entropy': 0.5348174745837847, 'loss': 0.5348174745837847, 'lr': 0.0005287052235607557}
     Epoch[1] Iteration[10/125], entropy: 0.3510, loss: 0.3510, lr: 6.18e-05
     Epoch[1] Iteration[20/125], entropy: 0.4706, loss: 0.4706, lr: 5.94e-04
     Epoch[1] Iteration[30/125], entropy: 0.4599, loss: 0.4599, lr: 9.96e-04
     Epoch[1] Iteration[40/125], entropy: 0.4945, loss: 0.4945, lr: 7.13e-04
     Epoch[1] Iteration[50/125], entropy: 0.2203, loss: 0.2203, lr: 1.36e-04
     Epoch[1] Iteration[60/125], entropy: 0.4098, loss: 0.4098, lr: 6.18e-05
     Epoch[1] Iteration[70/125], entropy: 0.6738, loss: 0.6738, lr: 5.94e-04
     Epoch[1] Iteration[80/125], entropy: 0.3364, loss: 0.3364, lr: 9.96e-04
     Epoch[1] Iteration[90/125], entropy: 0.3971, loss: 0.3971, lr: 7.13e-04
     Epoch[1] Iteration[100/125], entropy: 0.3696, loss: 0.3696, lr: 1.36e-04
     Epoch[1] Iteration[110/125], entropy: 0.6141, loss: 0.6141, lr: 6.18e-05
     Epoch[1] Iteration[120/125], entropy: 0.5188, loss: 0.5188, lr: 5.94e-04
     Averaged stats: entropy: 0.2525, loss: 0.2525, lr: 8.64e-04
     itm tta time 0:00:15
### TTA Eval Score:
+-------+--------+--------+--------+--------+--------+
| epoch |   R1   |   R5   |  R10   |  mAP   |  mINP  |
+-------+--------+--------+--------+--------+--------+
|  -999 | 59.550 | 80.100 | 87.100 | 44.128 | 20.533 |
|   0   | 60.450 | 81.200 | 88.000 | 45.263 | 21.466 |
|   1   | 59.750 | 80.900 | 88.050 | 44.839 | 21.310 |
+-------+--------+--------+--------+--------+--------+
     logs:  {'epo': 1, 'R1': 59.75, 'R5': 80.9, 'R10': 88.05, 'mAP': 44.839, 'mINP': 21.31, 'entropy': 0.44301008184750873, 'loss': 0.44301008184750873, 'lr': 0.00047129477643924404}
     Epoch[2] Iteration[10/125], entropy: 0.3921, loss: 0.3921, lr: 9.38e-04
     Epoch[2] Iteration[20/125], entropy: 0.5971, loss: 0.5971, lr: 4.06e-04
     Epoch[2] Iteration[30/125], entropy: 0.4809, loss: 0.4809, lr: 3.94e-06
     Epoch[2] Iteration[40/125], entropy: 0.3274, loss: 0.3274, lr: 2.87e-04
     Epoch[2] Iteration[50/125], entropy: 0.6277, loss: 0.6277, lr: 8.64e-04
     Epoch[2] Iteration[60/125], entropy: 0.2974, loss: 0.2974, lr: 9.38e-04
     Epoch[2] Iteration[70/125], entropy: 0.5024, loss: 0.5024, lr: 4.06e-04
     Epoch[2] Iteration[80/125], entropy: 0.3737, loss: 0.3737, lr: 3.94e-06
     Epoch[2] Iteration[90/125], entropy: 0.3377, loss: 0.3377, lr: 2.87e-04
     Epoch[2] Iteration[100/125], entropy: 0.4722, loss: 0.4722, lr: 8.64e-04
     Epoch[2] Iteration[110/125], entropy: 0.5622, loss: 0.5622, lr: 9.38e-04
     Epoch[2] Iteration[120/125], entropy: 0.3902, loss: 0.3902, lr: 4.06e-04
     Averaged stats: entropy: 0.4226, loss: 0.4226, lr: 1.36e-04
     itm tta time 0:00:14
### TTA Eval Score:
+-------+--------+--------+--------+--------+--------+
| epoch |   R1   |   R5   |  R10   |  mAP   |  mINP  |
+-------+--------+--------+--------+--------+--------+
|  -999 | 59.550 | 80.100 | 87.100 | 44.128 | 20.533 |
|   0   | 60.450 | 81.200 | 88.000 | 45.263 | 21.466 |
|   1   | 59.750 | 80.900 | 88.050 | 44.839 | 21.310 |
|   2   | 59.600 | 80.450 | 88.050 | 44.756 | 21.257 |
+-------+--------+--------+--------+--------+--------+
     logs:  {'epo': 2, 'R1': 59.6, 'R5': 80.45, 'R10': 88.05, 'mAP': 44.756, 'mINP': 21.257, 'entropy': 0.44675876200199127, 'loss': 0.44675876200199127, 'lr': 0.0005287052235607551}
     Epoch[3] Iteration[10/125], entropy: 0.2288, loss: 0.2288, lr: 6.18e-05
     Epoch[3] Iteration[20/125], entropy: 0.4535, loss: 0.4535, lr: 5.94e-04
     Epoch[3] Iteration[30/125], entropy: 0.5710, loss: 0.5710, lr: 9.96e-04
     Epoch[3] Iteration[40/125], entropy: 0.2605, loss: 0.2605, lr: 7.13e-04
     Epoch[3] Iteration[50/125], entropy: 0.4787, loss: 0.4787, lr: 1.36e-04
     Epoch[3] Iteration[60/125], entropy: 0.4762, loss: 0.4762, lr: 6.18e-05
     Epoch[3] Iteration[70/125], entropy: 0.5914, loss: 0.5914, lr: 5.94e-04
     Epoch[3] Iteration[80/125], entropy: 0.2950, loss: 0.2950, lr: 9.96e-04
     Epoch[3] Iteration[90/125], entropy: 0.3134, loss: 0.3134, lr: 7.13e-04
     Epoch[3] Iteration[100/125], entropy: 0.4748, loss: 0.4748, lr: 1.36e-04
     Epoch[3] Iteration[110/125], entropy: 0.3121, loss: 0.3121, lr: 6.18e-05
     Epoch[3] Iteration[120/125], entropy: 0.3687, loss: 0.3687, lr: 5.94e-04
     Averaged stats: entropy: 0.4604, loss: 0.4604, lr: 8.64e-04
     itm tta time 0:00:14
### TTA Eval Score:
+-------+--------+--------+--------+--------+--------+
| epoch |   R1   |   R5   |  R10   |  mAP   |  mINP  |
+-------+--------+--------+--------+--------+--------+
|  -999 | 59.550 | 80.100 | 87.100 | 44.128 | 20.533 |
|   0   | 60.450 | 81.200 | 88.000 | 45.263 | 21.466 |
|   1   | 59.750 | 80.900 | 88.050 | 44.839 | 21.310 |
|   2   | 59.600 | 80.450 | 88.050 | 44.756 | 21.257 |
|   3   | 60.000 | 80.900 | 87.900 | 45.195 | 21.345 |
+-------+--------+--------+--------+--------+--------+
     logs:  {'epo': 3, 'R1': 60.0, 'R5': 80.9, 'R10': 87.9, 'mAP': 45.195, 'mINP': 21.345, 'entropy': 0.4020203116039435, 'loss': 0.4020203116039435, 'lr': 0.0004712947764392431}
     Epoch[4] Iteration[10/125], entropy: 0.5057, loss: 0.5057, lr: 9.38e-04
     Epoch[4] Iteration[20/125], entropy: 0.2147, loss: 0.2147, lr: 4.06e-04
     Epoch[4] Iteration[30/125], entropy: 0.3791, loss: 0.3791, lr: 3.94e-06
     Epoch[4] Iteration[40/125], entropy: 0.2841, loss: 0.2841, lr: 2.87e-04
     Epoch[4] Iteration[50/125], entropy: 0.2723, loss: 0.2723, lr: 8.64e-04
     Epoch[4] Iteration[60/125], entropy: 0.4511, loss: 0.4511, lr: 9.38e-04
     Epoch[4] Iteration[70/125], entropy: 0.5461, loss: 0.5461, lr: 4.06e-04
     Epoch[4] Iteration[80/125], entropy: 0.4198, loss: 0.4198, lr: 3.94e-06
     Epoch[4] Iteration[90/125], entropy: 0.4293, loss: 0.4293, lr: 2.87e-04
     Epoch[4] Iteration[100/125], entropy: 0.4650, loss: 0.4650, lr: 8.64e-04
     Epoch[4] Iteration[110/125], entropy: 0.2848, loss: 0.2848, lr: 9.38e-04
     Epoch[4] Iteration[120/125], entropy: 0.2649, loss: 0.2649, lr: 4.06e-04
     Averaged stats: entropy: 0.4107, loss: 0.4107, lr: 1.36e-04
     itm tta time 0:00:14
### TTA Eval Score:
+-------+--------+--------+--------+--------+--------+
| epoch |   R1   |   R5   |  R10   |  mAP   |  mINP  |
+-------+--------+--------+--------+--------+--------+
|  -999 | 59.550 | 80.100 | 87.100 | 44.128 | 20.533 |
|   0   | 60.450 | 81.200 | 88.000 | 45.263 | 21.466 |
|   1   | 59.750 | 80.900 | 88.050 | 44.839 | 21.310 |
|   2   | 59.600 | 80.450 | 88.050 | 44.756 | 21.257 |
|   3   | 60.000 | 80.900 | 87.900 | 45.195 | 21.345 |
|   4   | 60.200 | 80.750 | 87.800 | 45.335 | 21.565 |
+-------+--------+--------+--------+--------+--------+
     logs:  {'epo': 4, 'R1': 60.2, 'R5': 80.75, 'R10': 87.8, 'mAP': 45.335, 'mINP': 21.565, 'entropy': 0.37642040103673935, 'loss': 0.37642040103673935, 'lr': 0.0005287052235607574}
     Epoch[5] Iteration[10/125], entropy: 0.3293, loss: 0.3293, lr: 6.18e-05
     Epoch[5] Iteration[20/125], entropy: 0.3390, loss: 0.3390, lr: 5.94e-04
     Epoch[5] Iteration[30/125], entropy: 0.3714, loss: 0.3714, lr: 9.96e-04
     Epoch[5] Iteration[40/125], entropy: 0.4643, loss: 0.4643, lr: 7.13e-04
     Epoch[5] Iteration[50/125], entropy: 0.3289, loss: 0.3289, lr: 1.36e-04
     Epoch[5] Iteration[60/125], entropy: 0.3376, loss: 0.3376, lr: 6.18e-05
     Epoch[5] Iteration[70/125], entropy: 0.4068, loss: 0.4068, lr: 5.94e-04
     Epoch[5] Iteration[80/125], entropy: 0.5221, loss: 0.5221, lr: 9.96e-04
     Epoch[5] Iteration[90/125], entropy: 0.5716, loss: 0.5716, lr: 7.13e-04
     Epoch[5] Iteration[100/125], entropy: 0.3499, loss: 0.3499, lr: 1.36e-04
     Epoch[5] Iteration[110/125], entropy: 0.5366, loss: 0.5366, lr: 6.18e-05
     Epoch[5] Iteration[120/125], entropy: 0.6221, loss: 0.6221, lr: 5.94e-04
     Averaged stats: entropy: 0.2285, loss: 0.2285, lr: 8.64e-04
     itm tta time 0:00:15
### TTA Eval Score:
+-------+--------+--------+--------+--------+--------+
| epoch |   R1   |   R5   |  R10   |  mAP   |  mINP  |
+-------+--------+--------+--------+--------+--------+
|  -999 | 59.550 | 80.100 | 87.100 | 44.128 | 20.533 |
|   0   | 60.450 | 81.200 | 88.000 | 45.263 | 21.466 |
|   1   | 59.750 | 80.900 | 88.050 | 44.839 | 21.310 |
|   2   | 59.600 | 80.450 | 88.050 | 44.756 | 21.257 |
|   3   | 60.000 | 80.900 | 87.900 | 45.195 | 21.345 |
|   4   | 60.200 | 80.750 | 87.800 | 45.335 | 21.565 |
|   5   | 59.950 | 80.650 | 87.600 | 44.979 | 21.458 |
+-------+--------+--------+--------+--------+--------+
     logs:  {'epo': 5, 'R1': 59.95, 'R5': 80.65, 'R10': 87.6, 'mAP': 44.979, 'mINP': 21.458, 'entropy': 0.4316437914967537, 'loss': 0.4316437914967537, 'lr': 0.0004712947764392434}
     Epoch[6] Iteration[10/125], entropy: 0.2565, loss: 0.2565, lr: 9.38e-04
     Epoch[6] Iteration[20/125], entropy: 0.3180, loss: 0.3180, lr: 4.06e-04
     Epoch[6] Iteration[30/125], entropy: 0.2625, loss: 0.2625, lr: 3.94e-06
     Epoch[6] Iteration[40/125], entropy: 0.2472, loss: 0.2472, lr: 2.87e-04
     Epoch[6] Iteration[50/125], entropy: 0.1997, loss: 0.1997, lr: 8.64e-04
     Epoch[6] Iteration[60/125], entropy: 0.2457, loss: 0.2457, lr: 9.38e-04
     Epoch[6] Iteration[70/125], entropy: 0.5409, loss: 0.5409, lr: 4.06e-04
     Epoch[6] Iteration[80/125], entropy: 0.1915, loss: 0.1915, lr: 3.94e-06
     Epoch[6] Iteration[90/125], entropy: 0.4809, loss: 0.4809, lr: 2.87e-04
     Epoch[6] Iteration[100/125], entropy: 0.4758, loss: 0.4758, lr: 8.64e-04
     Epoch[6] Iteration[110/125], entropy: 0.2622, loss: 0.2622, lr: 9.38e-04
     Epoch[6] Iteration[120/125], entropy: 0.1433, loss: 0.1433, lr: 4.06e-04
     Averaged stats: entropy: 0.3115, loss: 0.3115, lr: 1.36e-04
     itm tta time 0:00:15
### TTA Eval Score:
+-------+--------+--------+--------+--------+--------+
| epoch |   R1   |   R5   |  R10   |  mAP   |  mINP  |
+-------+--------+--------+--------+--------+--------+
|  -999 | 59.550 | 80.100 | 87.100 | 44.128 | 20.533 |
|   0   | 60.450 | 81.200 | 88.000 | 45.263 | 21.466 |
|   1   | 59.750 | 80.900 | 88.050 | 44.839 | 21.310 |
|   2   | 59.600 | 80.450 | 88.050 | 44.756 | 21.257 |
|   3   | 60.000 | 80.900 | 87.900 | 45.195 | 21.345 |
|   4   | 60.200 | 80.750 | 87.800 | 45.335 | 21.565 |
|   5   | 59.950 | 80.650 | 87.600 | 44.979 | 21.458 |
|   6   | 59.550 | 80.200 | 87.650 | 44.784 | 21.493 |
+-------+--------+--------+--------+--------+--------+
     logs:  {'epo': 6, 'R1': 59.55, 'R5': 80.2, 'R10': 87.65, 'mAP': 44.784, 'mINP': 21.493, 'entropy': 0.30200688416759175, 'loss': 0.30200688416759175, 'lr': 0.0005287052235607561}
     Epoch[7] Iteration[10/125], entropy: 0.3078, loss: 0.3078, lr: 6.18e-05
     Epoch[7] Iteration[20/125], entropy: 0.4626, loss: 0.4626, lr: 5.94e-04
     Epoch[7] Iteration[30/125], entropy: 0.3062, loss: 0.3062, lr: 9.96e-04
     Epoch[7] Iteration[40/125], entropy: 0.4598, loss: 0.4598, lr: 7.13e-04
     Epoch[7] Iteration[50/125], entropy: 0.1798, loss: 0.1798, lr: 1.36e-04
     Epoch[7] Iteration[60/125], entropy: 0.3453, loss: 0.3453, lr: 6.18e-05
     Epoch[7] Iteration[70/125], entropy: 0.2946, loss: 0.2946, lr: 5.94e-04
     Epoch[7] Iteration[80/125], entropy: 0.4331, loss: 0.4331, lr: 9.96e-04
     Epoch[7] Iteration[90/125], entropy: 0.4636, loss: 0.4636, lr: 7.13e-04
     Epoch[7] Iteration[100/125], entropy: 0.0807, loss: 0.0807, lr: 1.36e-04
     Epoch[7] Iteration[110/125], entropy: 0.4080, loss: 0.4080, lr: 6.18e-05
     Epoch[7] Iteration[120/125], entropy: 0.2164, loss: 0.2164, lr: 5.94e-04
     Averaged stats: entropy: 0.4092, loss: 0.4092, lr: 8.64e-04
     itm tta time 0:00:14
### TTA Eval Score:
+-------+--------+--------+--------+--------+--------+
| epoch |   R1   |   R5   |  R10   |  mAP   |  mINP  |
+-------+--------+--------+--------+--------+--------+
|  -999 | 59.550 | 80.100 | 87.100 | 44.128 | 20.533 |
|   0   | 60.450 | 81.200 | 88.000 | 45.263 | 21.466 |
|   1   | 59.750 | 80.900 | 88.050 | 44.839 | 21.310 |
|   2   | 59.600 | 80.450 | 88.050 | 44.756 | 21.257 |
|   3   | 60.000 | 80.900 | 87.900 | 45.195 | 21.345 |
|   4   | 60.200 | 80.750 | 87.800 | 45.335 | 21.565 |
|   5   | 59.950 | 80.650 | 87.600 | 44.979 | 21.458 |
|   6   | 59.550 | 80.200 | 87.650 | 44.784 | 21.493 |
|   7   | 59.950 | 80.950 | 87.800 | 45.285 | 21.535 |
+-------+--------+--------+--------+--------+--------+
     logs:  {'epo': 7, 'R1': 59.95, 'R5': 80.95, 'R10': 87.8, 'mAP': 45.285, 'mINP': 21.535, 'entropy': 0.3298223416010539, 'loss': 0.3298223416010539, 'lr': 0.0004712947764392442}
     Epoch[8] Iteration[10/125], entropy: 0.2522, loss: 0.2522, lr: 9.38e-04
     Epoch[8] Iteration[20/125], entropy: 0.1436, loss: 0.1436, lr: 4.06e-04
     Epoch[8] Iteration[30/125], entropy: 0.3487, loss: 0.3487, lr: 3.94e-06
     Epoch[8] Iteration[40/125], entropy: 0.4440, loss: 0.4440, lr: 2.87e-04
     Epoch[8] Iteration[50/125], entropy: 0.4432, loss: 0.4432, lr: 8.64e-04
     Epoch[8] Iteration[60/125], entropy: 0.3883, loss: 0.3883, lr: 9.38e-04
     Epoch[8] Iteration[70/125], entropy: 0.3913, loss: 0.3913, lr: 4.06e-04
     Epoch[8] Iteration[80/125], entropy: 0.2227, loss: 0.2227, lr: 3.94e-06
     Epoch[8] Iteration[90/125], entropy: 0.2086, loss: 0.2086, lr: 2.87e-04
     Epoch[8] Iteration[100/125], entropy: 0.3977, loss: 0.3977, lr: 8.64e-04
     Epoch[8] Iteration[110/125], entropy: 0.3064, loss: 0.3064, lr: 9.38e-04
     Epoch[8] Iteration[120/125], entropy: 0.2891, loss: 0.2891, lr: 4.06e-04
     Averaged stats: entropy: 0.3553, loss: 0.3553, lr: 1.36e-04
     itm tta time 0:00:14
### TTA Eval Score:
+-------+--------+--------+--------+--------+--------+
| epoch |   R1   |   R5   |  R10   |  mAP   |  mINP  |
+-------+--------+--------+--------+--------+--------+
|  -999 | 59.550 | 80.100 | 87.100 | 44.128 | 20.533 |
|   0   | 60.450 | 81.200 | 88.000 | 45.263 | 21.466 |
|   1   | 59.750 | 80.900 | 88.050 | 44.839 | 21.310 |
|   2   | 59.600 | 80.450 | 88.050 | 44.756 | 21.257 |
|   3   | 60.000 | 80.900 | 87.900 | 45.195 | 21.345 |
|   4   | 60.200 | 80.750 | 87.800 | 45.335 | 21.565 |
|   5   | 59.950 | 80.650 | 87.600 | 44.979 | 21.458 |
|   6   | 59.550 | 80.200 | 87.650 | 44.784 | 21.493 |
|   7   | 59.950 | 80.950 | 87.800 | 45.285 | 21.535 |
|   8   | 60.200 | 81.000 | 87.900 | 45.476 | 21.812 |
+-------+--------+--------+--------+--------+--------+
     logs:  {'epo': 8, 'R1': 60.2, 'R5': 81.0, 'R10': 87.9, 'mAP': 45.476, 'mINP': 21.812, 'entropy': 0.31964600707093876, 'loss': 0.31964600707093876, 'lr': 0.0005287052235607555}
     Epoch[9] Iteration[10/125], entropy: 0.6866, loss: 0.6866, lr: 6.18e-05
     Epoch[9] Iteration[20/125], entropy: 0.2367, loss: 0.2367, lr: 5.94e-04
     Epoch[9] Iteration[30/125], entropy: 0.2971, loss: 0.2971, lr: 9.96e-04
     Epoch[9] Iteration[40/125], entropy: 0.1988, loss: 0.1988, lr: 7.13e-04
     Epoch[9] Iteration[50/125], entropy: 0.2091, loss: 0.2091, lr: 1.36e-04
     Epoch[9] Iteration[60/125], entropy: 0.5298, loss: 0.5298, lr: 6.18e-05
     Epoch[9] Iteration[70/125], entropy: 0.5084, loss: 0.5084, lr: 5.94e-04
     Epoch[9] Iteration[80/125], entropy: 0.2310, loss: 0.2310, lr: 9.96e-04
     Epoch[9] Iteration[90/125], entropy: 0.4828, loss: 0.4828, lr: 7.13e-04
     Epoch[9] Iteration[100/125], entropy: 0.0888, loss: 0.0888, lr: 1.36e-04
     Epoch[9] Iteration[110/125], entropy: 0.3958, loss: 0.3958, lr: 6.18e-05
     Epoch[9] Iteration[120/125], entropy: 0.4178, loss: 0.4178, lr: 5.94e-04
     Averaged stats: entropy: 0.2273, loss: 0.2273, lr: 8.64e-04
     itm tta time 0:00:14
### TTA Eval Score:
+-------+--------+--------+--------+--------+--------+
| epoch |   R1   |   R5   |  R10   |  mAP   |  mINP  |
+-------+--------+--------+--------+--------+--------+
|  -999 | 59.550 | 80.100 | 87.100 | 44.128 | 20.533 |
|   0   | 60.450 | 81.200 | 88.000 | 45.263 | 21.466 |
|   1   | 59.750 | 80.900 | 88.050 | 44.839 | 21.310 |
|   2   | 59.600 | 80.450 | 88.050 | 44.756 | 21.257 |
|   3   | 60.000 | 80.900 | 87.900 | 45.195 | 21.345 |
|   4   | 60.200 | 80.750 | 87.800 | 45.335 | 21.565 |
|   5   | 59.950 | 80.650 | 87.600 | 44.979 | 21.458 |
|   6   | 59.550 | 80.200 | 87.650 | 44.784 | 21.493 |
|   7   | 59.950 | 80.950 | 87.800 | 45.285 | 21.535 |
|   8   | 60.200 | 81.000 | 87.900 | 45.476 | 21.812 |
|   9   | 60.000 | 80.500 | 87.700 | 45.178 | 21.594 |
+-------+--------+--------+--------+--------+--------+
     logs:  {'epo': 9, 'R1': 60.0, 'R5': 80.5, 'R10': 87.7, 'mAP': 45.178, 'mINP': 21.594, 'entropy': 0.35689709583918255, 'loss': 0.35689709583918255, 'lr': 0.00047129477643924393}
     Epoch[10] Iteration[10/125], entropy: 0.3862, loss: 0.3862, lr: 9.38e-04
     Epoch[10] Iteration[20/125], entropy: 0.3298, loss: 0.3298, lr: 4.06e-04
     Epoch[10] Iteration[30/125], entropy: 0.4864, loss: 0.4864, lr: 3.94e-06
     Epoch[10] Iteration[40/125], entropy: 0.3098, loss: 0.3098, lr: 2.87e-04
     Epoch[10] Iteration[50/125], entropy: 0.1933, loss: 0.1933, lr: 8.64e-04
     Epoch[10] Iteration[60/125], entropy: 0.2162, loss: 0.2162, lr: 9.38e-04
     Epoch[10] Iteration[70/125], entropy: 0.1673, loss: 0.1673, lr: 4.06e-04
     Epoch[10] Iteration[80/125], entropy: 0.3034, loss: 0.3034, lr: 3.94e-06
     Epoch[10] Iteration[90/125], entropy: 0.3952, loss: 0.3952, lr: 2.87e-04
     Epoch[10] Iteration[100/125], entropy: 0.2347, loss: 0.2347, lr: 8.64e-04
     Epoch[10] Iteration[110/125], entropy: 0.3458, loss: 0.3458, lr: 9.38e-04
     Epoch[10] Iteration[120/125], entropy: 0.2465, loss: 0.2465, lr: 4.06e-04
     Averaged stats: entropy: 0.2976, loss: 0.2976, lr: 1.36e-04
     itm tta time 0:00:15
### TTA Eval Score:
+-------+--------+--------+--------+--------+--------+
| epoch |   R1   |   R5   |  R10   |  mAP   |  mINP  |
+-------+--------+--------+--------+--------+--------+
|  -999 | 59.550 | 80.100 | 87.100 | 44.128 | 20.533 |
|   0   | 60.450 | 81.200 | 88.000 | 45.263 | 21.466 |
|   1   | 59.750 | 80.900 | 88.050 | 44.839 | 21.310 |
|   2   | 59.600 | 80.450 | 88.050 | 44.756 | 21.257 |
|   3   | 60.000 | 80.900 | 87.900 | 45.195 | 21.345 |
|   4   | 60.200 | 80.750 | 87.800 | 45.335 | 21.565 |
|   5   | 59.950 | 80.650 | 87.600 | 44.979 | 21.458 |
|   6   | 59.550 | 80.200 | 87.650 | 44.784 | 21.493 |
|   7   | 59.950 | 80.950 | 87.800 | 45.285 | 21.535 |
|   8   | 60.200 | 81.000 | 87.900 | 45.476 | 21.812 |
|   9   | 60.000 | 80.500 | 87.700 | 45.178 | 21.594 |
|   10  | 59.500 | 80.300 | 87.800 | 44.893 | 21.529 |
+-------+--------+--------+--------+--------+--------+
     logs:  {'epo': 10, 'R1': 59.5, 'R5': 80.3, 'R10': 87.8, 'mAP': 44.893, 'mINP': 21.529, 'entropy': 0.301222978780667, 'loss': 0.301222978780667, 'lr': 0.0005287052235607559}
     Epoch[11] Iteration[10/125], entropy: 0.2356, loss: 0.2356, lr: 6.18e-05
     Epoch[11] Iteration[20/125], entropy: 0.3536, loss: 0.3536, lr: 5.94e-04
     Epoch[11] Iteration[30/125], entropy: 0.1080, loss: 0.1080, lr: 9.96e-04
     Epoch[11] Iteration[40/125], entropy: 0.3209, loss: 0.3209, lr: 7.13e-04
     Epoch[11] Iteration[50/125], entropy: 0.2450, loss: 0.2450, lr: 1.36e-04
     Epoch[11] Iteration[60/125], entropy: 0.3267, loss: 0.3267, lr: 6.18e-05
     Epoch[11] Iteration[70/125], entropy: 0.2457, loss: 0.2457, lr: 5.94e-04
     Epoch[11] Iteration[80/125], entropy: 0.4899, loss: 0.4899, lr: 9.96e-04
     Epoch[11] Iteration[90/125], entropy: 0.3561, loss: 0.3561, lr: 7.13e-04
     Epoch[11] Iteration[100/125], entropy: 0.2978, loss: 0.2978, lr: 1.36e-04
     Epoch[11] Iteration[110/125], entropy: 0.3763, loss: 0.3763, lr: 6.18e-05
     Epoch[11] Iteration[120/125], entropy: 0.3785, loss: 0.3785, lr: 5.94e-04
     Averaged stats: entropy: 0.3941, loss: 0.3941, lr: 8.64e-04
     itm tta time 0:00:14
### TTA Eval Score:
+-------+--------+--------+--------+--------+--------+
| epoch |   R1   |   R5   |  R10   |  mAP   |  mINP  |
+-------+--------+--------+--------+--------+--------+
|  -999 | 59.550 | 80.100 | 87.100 | 44.128 | 20.533 |
|   0   | 60.450 | 81.200 | 88.000 | 45.263 | 21.466 |
|   1   | 59.750 | 80.900 | 88.050 | 44.839 | 21.310 |
|   2   | 59.600 | 80.450 | 88.050 | 44.756 | 21.257 |
|   3   | 60.000 | 80.900 | 87.900 | 45.195 | 21.345 |
|   4   | 60.200 | 80.750 | 87.800 | 45.335 | 21.565 |
|   5   | 59.950 | 80.650 | 87.600 | 44.979 | 21.458 |
|   6   | 59.550 | 80.200 | 87.650 | 44.784 | 21.493 |
|   7   | 59.950 | 80.950 | 87.800 | 45.285 | 21.535 |
|   8   | 60.200 | 81.000 | 87.900 | 45.476 | 21.812 |
|   9   | 60.000 | 80.500 | 87.700 | 45.178 | 21.594 |
|   10  | 59.500 | 80.300 | 87.800 | 44.893 | 21.529 |
|   11  | 59.900 | 80.450 | 87.850 | 45.141 | 21.624 |
+-------+--------+--------+--------+--------+--------+
     logs:  {'epo': 11, 'R1': 59.9, 'R5': 80.45, 'R10': 87.85, 'mAP': 45.141, 'mINP': 21.624, 'entropy': 0.3111602881302436, 'loss': 0.3111602881302436, 'lr': 0.0004712947764392433}
     Epoch[12] Iteration[10/125], entropy: 0.3336, loss: 0.3336, lr: 9.38e-04
     Epoch[12] Iteration[20/125], entropy: 0.4362, loss: 0.4362, lr: 4.06e-04
     Epoch[12] Iteration[30/125], entropy: 0.2588, loss: 0.2588, lr: 3.94e-06
     Epoch[12] Iteration[40/125], entropy: 0.3073, loss: 0.3073, lr: 2.87e-04
     Epoch[12] Iteration[50/125], entropy: 0.2936, loss: 0.2936, lr: 8.64e-04
     Epoch[12] Iteration[60/125], entropy: 0.2208, loss: 0.2208, lr: 9.38e-04
     Epoch[12] Iteration[70/125], entropy: 0.1465, loss: 0.1465, lr: 4.06e-04
     Epoch[12] Iteration[80/125], entropy: 0.3792, loss: 0.3792, lr: 3.94e-06
     Epoch[12] Iteration[90/125], entropy: 0.2410, loss: 0.2410, lr: 2.87e-04
     Epoch[12] Iteration[100/125], entropy: 0.2846, loss: 0.2846, lr: 8.64e-04
     Epoch[12] Iteration[110/125], entropy: 0.2544, loss: 0.2544, lr: 9.38e-04
     Epoch[12] Iteration[120/125], entropy: 0.6241, loss: 0.6241, lr: 4.06e-04
     Averaged stats: entropy: 0.3755, loss: 0.3755, lr: 1.36e-04
     itm tta time 0:00:15
### TTA Eval Score:
+-------+--------+--------+--------+--------+--------+
| epoch |   R1   |   R5   |  R10   |  mAP   |  mINP  |
+-------+--------+--------+--------+--------+--------+
|  -999 | 59.550 | 80.100 | 87.100 | 44.128 | 20.533 |
|   0   | 60.450 | 81.200 | 88.000 | 45.263 | 21.466 |
|   1   | 59.750 | 80.900 | 88.050 | 44.839 | 21.310 |
|   2   | 59.600 | 80.450 | 88.050 | 44.756 | 21.257 |
|   3   | 60.000 | 80.900 | 87.900 | 45.195 | 21.345 |
|   4   | 60.200 | 80.750 | 87.800 | 45.335 | 21.565 |
|   5   | 59.950 | 80.650 | 87.600 | 44.979 | 21.458 |
|   6   | 59.550 | 80.200 | 87.650 | 44.784 | 21.493 |
|   7   | 59.950 | 80.950 | 87.800 | 45.285 | 21.535 |
|   8   | 60.200 | 81.000 | 87.900 | 45.476 | 21.812 |
|   9   | 60.000 | 80.500 | 87.700 | 45.178 | 21.594 |
|   10  | 59.500 | 80.300 | 87.800 | 44.893 | 21.529 |
|   11  | 59.900 | 80.450 | 87.850 | 45.141 | 21.624 |
|   12  | 59.850 | 80.600 | 87.450 | 45.111 | 21.628 |
+-------+--------+--------+--------+--------+--------+
     logs:  {'epo': 12, 'R1': 59.85, 'R5': 80.6, 'R10': 87.45, 'mAP': 45.111, 'mINP': 21.628, 'entropy': 0.3149908147752285, 'loss': 0.3149908147752285, 'lr': 0.0005287052235607558}
     Epoch[13] Iteration[10/125], entropy: 0.1880, loss: 0.1880, lr: 6.18e-05
     Epoch[13] Iteration[20/125], entropy: 0.1960, loss: 0.1960, lr: 5.94e-04
     Epoch[13] Iteration[30/125], entropy: 0.2609, loss: 0.2609, lr: 9.96e-04
     Epoch[13] Iteration[40/125], entropy: 0.4095, loss: 0.4095, lr: 7.13e-04
     Epoch[13] Iteration[50/125], entropy: 0.3261, loss: 0.3261, lr: 1.36e-04
     Epoch[13] Iteration[60/125], entropy: 0.5278, loss: 0.5278, lr: 6.18e-05
     Epoch[13] Iteration[70/125], entropy: 0.4803, loss: 0.4803, lr: 5.94e-04
     Epoch[13] Iteration[80/125], entropy: 0.2386, loss: 0.2386, lr: 9.96e-04
     Epoch[13] Iteration[90/125], entropy: 0.2213, loss: 0.2213, lr: 7.13e-04
     Epoch[13] Iteration[100/125], entropy: 0.3804, loss: 0.3804, lr: 1.36e-04
     Epoch[13] Iteration[110/125], entropy: 0.2316, loss: 0.2316, lr: 6.18e-05
     Epoch[13] Iteration[120/125], entropy: 0.3235, loss: 0.3235, lr: 5.94e-04
     Averaged stats: entropy: 0.1801, loss: 0.1801, lr: 8.64e-04
     itm tta time 0:00:14
### TTA Eval Score:
+-------+--------+--------+--------+--------+--------+
| epoch |   R1   |   R5   |  R10   |  mAP   |  mINP  |
+-------+--------+--------+--------+--------+--------+
|  -999 | 59.550 | 80.100 | 87.100 | 44.128 | 20.533 |
|   0   | 60.450 | 81.200 | 88.000 | 45.263 | 21.466 |
|   1   | 59.750 | 80.900 | 88.050 | 44.839 | 21.310 |
|   2   | 59.600 | 80.450 | 88.050 | 44.756 | 21.257 |
|   3   | 60.000 | 80.900 | 87.900 | 45.195 | 21.345 |
|   4   | 60.200 | 80.750 | 87.800 | 45.335 | 21.565 |
|   5   | 59.950 | 80.650 | 87.600 | 44.979 | 21.458 |
|   6   | 59.550 | 80.200 | 87.650 | 44.784 | 21.493 |
|   7   | 59.950 | 80.950 | 87.800 | 45.285 | 21.535 |
|   8   | 60.200 | 81.000 | 87.900 | 45.476 | 21.812 |
|   9   | 60.000 | 80.500 | 87.700 | 45.178 | 21.594 |
|   10  | 59.500 | 80.300 | 87.800 | 44.893 | 21.529 |
|   11  | 59.900 | 80.450 | 87.850 | 45.141 | 21.624 |
|   12  | 59.850 | 80.600 | 87.450 | 45.111 | 21.628 |
|   13  | 60.250 | 80.500 | 87.700 | 45.200 | 21.647 |
+-------+--------+--------+--------+--------+--------+
     logs:  {'epo': 13, 'R1': 60.25, 'R5': 80.5, 'R10': 87.7, 'mAP': 45.2, 'mINP': 21.647, 'entropy': 0.3153378516435623, 'loss': 0.3153378516435623, 'lr': 0.0004712947764392422}
     Epoch[14] Iteration[10/125], entropy: 0.4894, loss: 0.4894, lr: 9.38e-04
     Epoch[14] Iteration[20/125], entropy: 0.1169, loss: 0.1169, lr: 4.06e-04
     Epoch[14] Iteration[30/125], entropy: 0.2272, loss: 0.2272, lr: 3.94e-06
     Epoch[14] Iteration[40/125], entropy: 0.3243, loss: 0.3243, lr: 2.87e-04
     Epoch[14] Iteration[50/125], entropy: 0.4235, loss: 0.4235, lr: 8.64e-04
     Epoch[14] Iteration[60/125], entropy: 0.2396, loss: 0.2396, lr: 9.38e-04
     Epoch[14] Iteration[70/125], entropy: 0.2812, loss: 0.2812, lr: 4.06e-04
     Epoch[14] Iteration[80/125], entropy: 0.1092, loss: 0.1092, lr: 3.94e-06
     Epoch[14] Iteration[90/125], entropy: 0.1931, loss: 0.1931, lr: 2.87e-04
     Epoch[14] Iteration[100/125], entropy: 0.4675, loss: 0.4675, lr: 8.64e-04
     Epoch[14] Iteration[110/125], entropy: 0.3678, loss: 0.3678, lr: 9.38e-04
     Epoch[14] Iteration[120/125], entropy: 0.1794, loss: 0.1794, lr: 4.06e-04
     Averaged stats: entropy: 0.3443, loss: 0.3443, lr: 1.36e-04
     itm tta time 0:00:15
### TTA Eval Score:
+-------+--------+--------+--------+--------+--------+
| epoch |   R1   |   R5   |  R10   |  mAP   |  mINP  |
+-------+--------+--------+--------+--------+--------+
|  -999 | 59.550 | 80.100 | 87.100 | 44.128 | 20.533 |
|   0   | 60.450 | 81.200 | 88.000 | 45.263 | 21.466 |
|   1   | 59.750 | 80.900 | 88.050 | 44.839 | 21.310 |
|   2   | 59.600 | 80.450 | 88.050 | 44.756 | 21.257 |
|   3   | 60.000 | 80.900 | 87.900 | 45.195 | 21.345 |
|   4   | 60.200 | 80.750 | 87.800 | 45.335 | 21.565 |
|   5   | 59.950 | 80.650 | 87.600 | 44.979 | 21.458 |
|   6   | 59.550 | 80.200 | 87.650 | 44.784 | 21.493 |
|   7   | 59.950 | 80.950 | 87.800 | 45.285 | 21.535 |
|   8   | 60.200 | 81.000 | 87.900 | 45.476 | 21.812 |
|   9   | 60.000 | 80.500 | 87.700 | 45.178 | 21.594 |
|   10  | 59.500 | 80.300 | 87.800 | 44.893 | 21.529 |
|   11  | 59.900 | 80.450 | 87.850 | 45.141 | 21.624 |
|   12  | 59.850 | 80.600 | 87.450 | 45.111 | 21.628 |
|   13  | 60.250 | 80.500 | 87.700 | 45.200 | 21.647 |
|   14  | 59.550 | 80.300 | 87.400 | 44.860 | 21.461 |
+-------+--------+--------+--------+--------+--------+
     logs:  {'epo': 14, 'R1': 59.55, 'R5': 80.3, 'R10': 87.4, 'mAP': 44.86, 'mINP': 21.461, 'entropy': 0.28493625794847804, 'loss': 0.28493625794847804, 'lr': 0.0005287052235607581}
     Epoch[15] Iteration[10/125], entropy: 0.3713, loss: 0.3713, lr: 6.18e-05
     Epoch[15] Iteration[20/125], entropy: 0.2433, loss: 0.2433, lr: 5.94e-04
     Epoch[15] Iteration[30/125], entropy: 0.3383, loss: 0.3383, lr: 9.96e-04
     Epoch[15] Iteration[40/125], entropy: 0.4408, loss: 0.4408, lr: 7.13e-04
     Epoch[15] Iteration[50/125], entropy: 0.3823, loss: 0.3823, lr: 1.36e-04
     Epoch[15] Iteration[60/125], entropy: 0.3226, loss: 0.3226, lr: 6.18e-05
     Epoch[15] Iteration[70/125], entropy: 0.2236, loss: 0.2236, lr: 5.94e-04
     Epoch[15] Iteration[80/125], entropy: 0.1970, loss: 0.1970, lr: 9.96e-04
     Epoch[15] Iteration[90/125], entropy: 0.1682, loss: 0.1682, lr: 7.13e-04
     Epoch[15] Iteration[100/125], entropy: 0.2564, loss: 0.2564, lr: 1.36e-04
     Epoch[15] Iteration[110/125], entropy: 0.2257, loss: 0.2257, lr: 6.18e-05
     Epoch[15] Iteration[120/125], entropy: 0.2529, loss: 0.2529, lr: 5.94e-04
     Averaged stats: entropy: 0.2744, loss: 0.2744, lr: 8.64e-04
     itm tta time 0:00:15
### TTA Eval Score:
+-------+--------+--------+--------+--------+--------+
| epoch |   R1   |   R5   |  R10   |  mAP   |  mINP  |
+-------+--------+--------+--------+--------+--------+
|  -999 | 59.550 | 80.100 | 87.100 | 44.128 | 20.533 |
|   0   | 60.450 | 81.200 | 88.000 | 45.263 | 21.466 |
|   1   | 59.750 | 80.900 | 88.050 | 44.839 | 21.310 |
|   2   | 59.600 | 80.450 | 88.050 | 44.756 | 21.257 |
|   3   | 60.000 | 80.900 | 87.900 | 45.195 | 21.345 |
|   4   | 60.200 | 80.750 | 87.800 | 45.335 | 21.565 |
|   5   | 59.950 | 80.650 | 87.600 | 44.979 | 21.458 |
|   6   | 59.550 | 80.200 | 87.650 | 44.784 | 21.493 |
|   7   | 59.950 | 80.950 | 87.800 | 45.285 | 21.535 |
|   8   | 60.200 | 81.000 | 87.900 | 45.476 | 21.812 |
|   9   | 60.000 | 80.500 | 87.700 | 45.178 | 21.594 |
|   10  | 59.500 | 80.300 | 87.800 | 44.893 | 21.529 |
|   11  | 59.900 | 80.450 | 87.850 | 45.141 | 21.624 |
|   12  | 59.850 | 80.600 | 87.450 | 45.111 | 21.628 |
|   13  | 60.250 | 80.500 | 87.700 | 45.200 | 21.647 |
|   14  | 59.550 | 80.300 | 87.400 | 44.860 | 21.461 |
|   15  | 59.950 | 80.350 | 87.500 | 45.349 | 21.722 |
+-------+--------+--------+--------+--------+--------+
     logs:  {'epo': 15, 'R1': 59.95, 'R5': 80.35, 'R10': 87.5, 'mAP': 45.349, 'mINP': 21.722, 'entropy': 0.2851843672494094, 'loss': 0.2851843672494094, 'lr': 0.00047129477643924317}
     Epoch[16] Iteration[10/125], entropy: 0.1735, loss: 0.1735, lr: 9.65e-04
     Epoch[16] Iteration[20/125], entropy: 0.2481, loss: 0.2481, lr: 4.69e-04
     Epoch[16] Iteration[30/125], entropy: 0.3484, loss: 0.3484, lr: 1.57e-05
     Epoch[16] Iteration[40/125], entropy: 0.3417, loss: 0.3417, lr: 2.32e-04
     Epoch[16] Iteration[50/125], entropy: 0.3070, loss: 0.3070, lr: 8.19e-04
     Epoch[16] Iteration[60/125], entropy: 0.3618, loss: 0.3618, lr: 9.65e-04
     Epoch[16] Iteration[70/125], entropy: 0.2783, loss: 0.2783, lr: 4.69e-04
     Epoch[16] Iteration[80/125], entropy: 0.2710, loss: 0.2710, lr: 1.57e-05
     Epoch[16] Iteration[90/125], entropy: 0.2515, loss: 0.2515, lr: 2.32e-04
     Epoch[16] Iteration[100/125], entropy: 0.3988, loss: 0.3988, lr: 8.19e-04
     Epoch[16] Iteration[110/125], entropy: 0.1822, loss: 0.1822, lr: 9.65e-04
     Epoch[16] Iteration[120/125], entropy: 0.2443, loss: 0.2443, lr: 4.69e-04
     Averaged stats: entropy: 0.3512, loss: 0.3512, lr: 1.81e-04
     itm tta time 0:00:14
### TTA Eval Score:
+-------+--------+--------+--------+--------+--------+
| epoch |   R1   |   R5   |  R10   |  mAP   |  mINP  |
+-------+--------+--------+--------+--------+--------+
|  -999 | 59.550 | 80.100 | 87.100 | 44.128 | 20.533 |
|   0   | 60.450 | 81.200 | 88.000 | 45.263 | 21.466 |
|   1   | 59.750 | 80.900 | 88.050 | 44.839 | 21.310 |
|   2   | 59.600 | 80.450 | 88.050 | 44.756 | 21.257 |
|   3   | 60.000 | 80.900 | 87.900 | 45.195 | 21.345 |
|   4   | 60.200 | 80.750 | 87.800 | 45.335 | 21.565 |
|   5   | 59.950 | 80.650 | 87.600 | 44.979 | 21.458 |
|   6   | 59.550 | 80.200 | 87.650 | 44.784 | 21.493 |
|   7   | 59.950 | 80.950 | 87.800 | 45.285 | 21.535 |
|   8   | 60.200 | 81.000 | 87.900 | 45.476 | 21.812 |
|   9   | 60.000 | 80.500 | 87.700 | 45.178 | 21.594 |
|   10  | 59.500 | 80.300 | 87.800 | 44.893 | 21.529 |
|   11  | 59.900 | 80.450 | 87.850 | 45.141 | 21.624 |
|   12  | 59.850 | 80.600 | 87.450 | 45.111 | 21.628 |
|   13  | 60.250 | 80.500 | 87.700 | 45.200 | 21.647 |
|   14  | 59.550 | 80.300 | 87.400 | 44.860 | 21.461 |
|   15  | 59.950 | 80.350 | 87.500 | 45.349 | 21.722 |
|   16  | 60.050 | 80.350 | 87.450 | 45.413 | 21.855 |
+-------+--------+--------+--------+--------+--------+
     logs:  {'epo': 16, 'R1': 60.05, 'R5': 80.35, 'R10': 87.45, 'mAP': 45.413, 'mINP': 21.855, 'entropy': 0.2838850977520148, 'loss': 0.2838850977520148, 'lr': 0.0005361244152649528}
     Epoch[17] Iteration[10/125], entropy: 0.2704, loss: 0.2704, lr: 3.51e-05
     Epoch[17] Iteration[20/125], entropy: 0.1589, loss: 0.1589, lr: 5.31e-04
     Epoch[17] Iteration[30/125], entropy: 0.2446, loss: 0.2446, lr: 9.84e-04
     Epoch[17] Iteration[40/125], entropy: 0.2634, loss: 0.2634, lr: 7.68e-04
     Epoch[17] Iteration[50/125], entropy: 0.4802, loss: 0.4802, lr: 1.81e-04
     Epoch[17] Iteration[60/125], entropy: 0.4064, loss: 0.4064, lr: 3.51e-05
     Epoch[17] Iteration[70/125], entropy: 0.1972, loss: 0.1972, lr: 5.31e-04
     Epoch[17] Iteration[80/125], entropy: 0.2205, loss: 0.2205, lr: 9.84e-04
     Epoch[17] Iteration[90/125], entropy: 0.2869, loss: 0.2869, lr: 7.68e-04
     Epoch[17] Iteration[100/125], entropy: 0.2642, loss: 0.2642, lr: 1.81e-04
     Epoch[17] Iteration[110/125], entropy: 0.4188, loss: 0.4188, lr: 3.51e-05
     Epoch[17] Iteration[120/125], entropy: 0.3015, loss: 0.3015, lr: 5.31e-04
     Averaged stats: entropy: 0.0900, loss: 0.0900, lr: 8.19e-04
     itm tta time 0:00:15
### TTA Eval Score:
+-------+--------+--------+--------+--------+--------+
| epoch |   R1   |   R5   |  R10   |  mAP   |  mINP  |
+-------+--------+--------+--------+--------+--------+
|  -999 | 59.550 | 80.100 | 87.100 | 44.128 | 20.533 |
|   0   | 60.450 | 81.200 | 88.000 | 45.263 | 21.466 |
|   1   | 59.750 | 80.900 | 88.050 | 44.839 | 21.310 |
|   2   | 59.600 | 80.450 | 88.050 | 44.756 | 21.257 |
|   3   | 60.000 | 80.900 | 87.900 | 45.195 | 21.345 |
|   4   | 60.200 | 80.750 | 87.800 | 45.335 | 21.565 |
|   5   | 59.950 | 80.650 | 87.600 | 44.979 | 21.458 |
|   6   | 59.550 | 80.200 | 87.650 | 44.784 | 21.493 |
|   7   | 59.950 | 80.950 | 87.800 | 45.285 | 21.535 |
|   8   | 60.200 | 81.000 | 87.900 | 45.476 | 21.812 |
|   9   | 60.000 | 80.500 | 87.700 | 45.178 | 21.594 |
|   10  | 59.500 | 80.300 | 87.800 | 44.893 | 21.529 |
|   11  | 59.900 | 80.450 | 87.850 | 45.141 | 21.624 |
|   12  | 59.850 | 80.600 | 87.450 | 45.111 | 21.628 |
|   13  | 60.250 | 80.500 | 87.700 | 45.200 | 21.647 |
|   14  | 59.550 | 80.300 | 87.400 | 44.860 | 21.461 |
|   15  | 59.950 | 80.350 | 87.500 | 45.349 | 21.722 |
|   16  | 60.050 | 80.350 | 87.450 | 45.413 | 21.855 |
|   17  | 59.950 | 80.500 | 87.350 | 44.991 | 21.481 |
+-------+--------+--------+--------+--------+--------+
     logs:  {'epo': 17, 'R1': 59.95, 'R5': 80.5, 'R10': 87.35, 'mAP': 44.991, 'mINP': 21.481, 'entropy': 0.29274126638968784, 'loss': 0.29274126638968784, 'lr': 0.000463875584735046}
     Epoch[18] Iteration[10/125], entropy: 0.3219, loss: 0.3219, lr: 9.65e-04
     Epoch[18] Iteration[20/125], entropy: 0.2623, loss: 0.2623, lr: 4.69e-04
     Epoch[18] Iteration[30/125], entropy: 0.3510, loss: 0.3510, lr: 1.57e-05
     Epoch[18] Iteration[40/125], entropy: 0.2963, loss: 0.2963, lr: 2.32e-04
     Epoch[18] Iteration[50/125], entropy: 0.1885, loss: 0.1885, lr: 8.19e-04
     Epoch[18] Iteration[60/125], entropy: 0.1698, loss: 0.1698, lr: 9.65e-04
     Epoch[18] Iteration[70/125], entropy: 0.2644, loss: 0.2644, lr: 4.69e-04
     Epoch[18] Iteration[80/125], entropy: 0.1346, loss: 0.1346, lr: 1.57e-05
     Epoch[18] Iteration[90/125], entropy: 0.3536, loss: 0.3536, lr: 2.32e-04
     Epoch[18] Iteration[100/125], entropy: 0.4407, loss: 0.4407, lr: 8.19e-04
     Epoch[18] Iteration[110/125], entropy: 0.4780, loss: 0.4780, lr: 9.65e-04
     Epoch[18] Iteration[120/125], entropy: 0.3719, loss: 0.3719, lr: 4.69e-04
     Averaged stats: entropy: 0.1731, loss: 0.1731, lr: 1.81e-04
     itm tta time 0:00:15
### TTA Eval Score:
+-------+--------+--------+--------+--------+--------+
| epoch |   R1   |   R5   |  R10   |  mAP   |  mINP  |
+-------+--------+--------+--------+--------+--------+
|  -999 | 59.550 | 80.100 | 87.100 | 44.128 | 20.533 |
|   0   | 60.450 | 81.200 | 88.000 | 45.263 | 21.466 |
|   1   | 59.750 | 80.900 | 88.050 | 44.839 | 21.310 |
|   2   | 59.600 | 80.450 | 88.050 | 44.756 | 21.257 |
|   3   | 60.000 | 80.900 | 87.900 | 45.195 | 21.345 |
|   4   | 60.200 | 80.750 | 87.800 | 45.335 | 21.565 |
|   5   | 59.950 | 80.650 | 87.600 | 44.979 | 21.458 |
|   6   | 59.550 | 80.200 | 87.650 | 44.784 | 21.493 |
|   7   | 59.950 | 80.950 | 87.800 | 45.285 | 21.535 |
|   8   | 60.200 | 81.000 | 87.900 | 45.476 | 21.812 |
|   9   | 60.000 | 80.500 | 87.700 | 45.178 | 21.594 |
|   10  | 59.500 | 80.300 | 87.800 | 44.893 | 21.529 |
|   11  | 59.900 | 80.450 | 87.850 | 45.141 | 21.624 |
|   12  | 59.850 | 80.600 | 87.450 | 45.111 | 21.628 |
|   13  | 60.250 | 80.500 | 87.700 | 45.200 | 21.647 |
|   14  | 59.550 | 80.300 | 87.400 | 44.860 | 21.461 |
|   15  | 59.950 | 80.350 | 87.500 | 45.349 | 21.722 |
|   16  | 60.050 | 80.350 | 87.450 | 45.413 | 21.855 |
|   17  | 59.950 | 80.500 | 87.350 | 44.991 | 21.481 |
|   18  | 59.850 | 80.400 | 88.000 | 45.320 | 21.712 |
+-------+--------+--------+--------+--------+--------+
     logs:  {'epo': 18, 'R1': 59.85, 'R5': 80.4, 'R10': 88.0, 'mAP': 45.32, 'mINP': 21.712, 'entropy': 0.30273648848136264, 'loss': 0.30273648848136264, 'lr': 0.0005361244152649538}
     Epoch[19] Iteration[10/125], entropy: 0.3719, loss: 0.3719, lr: 3.51e-05
     Epoch[19] Iteration[20/125], entropy: 0.1280, loss: 0.1280, lr: 5.31e-04
     Epoch[19] Iteration[30/125], entropy: 0.2671, loss: 0.2671, lr: 9.84e-04
     Epoch[19] Iteration[40/125], entropy: 0.2767, loss: 0.2767, lr: 7.68e-04
     Epoch[19] Iteration[50/125], entropy: 0.1310, loss: 0.1310, lr: 1.81e-04
     Epoch[19] Iteration[60/125], entropy: 0.1291, loss: 0.1291, lr: 3.51e-05
     Epoch[19] Iteration[70/125], entropy: 0.5437, loss: 0.5437, lr: 5.31e-04
     Epoch[19] Iteration[80/125], entropy: 0.3480, loss: 0.3480, lr: 9.84e-04
     Epoch[19] Iteration[90/125], entropy: 0.2226, loss: 0.2226, lr: 7.68e-04
     Epoch[19] Iteration[100/125], entropy: 0.2178, loss: 0.2178, lr: 1.81e-04
     Epoch[19] Iteration[110/125], entropy: 0.2140, loss: 0.2140, lr: 3.51e-05
     Epoch[19] Iteration[120/125], entropy: 0.2554, loss: 0.2554, lr: 5.31e-04
     Averaged stats: entropy: 0.3231, loss: 0.3231, lr: 8.19e-04
     itm tta time 0:00:15
### TTA Eval Score:
+-------+--------+--------+--------+--------+--------+
| epoch |   R1   |   R5   |  R10   |  mAP   |  mINP  |
+-------+--------+--------+--------+--------+--------+
|  -999 | 59.550 | 80.100 | 87.100 | 44.128 | 20.533 |
|   0   | 60.450 | 81.200 | 88.000 | 45.263 | 21.466 |
|   1   | 59.750 | 80.900 | 88.050 | 44.839 | 21.310 |
|   2   | 59.600 | 80.450 | 88.050 | 44.756 | 21.257 |
|   3   | 60.000 | 80.900 | 87.900 | 45.195 | 21.345 |
|   4   | 60.200 | 80.750 | 87.800 | 45.335 | 21.565 |
|   5   | 59.950 | 80.650 | 87.600 | 44.979 | 21.458 |
|   6   | 59.550 | 80.200 | 87.650 | 44.784 | 21.493 |
|   7   | 59.950 | 80.950 | 87.800 | 45.285 | 21.535 |
|   8   | 60.200 | 81.000 | 87.900 | 45.476 | 21.812 |
|   9   | 60.000 | 80.500 | 87.700 | 45.178 | 21.594 |
|   10  | 59.500 | 80.300 | 87.800 | 44.893 | 21.529 |
|   11  | 59.900 | 80.450 | 87.850 | 45.141 | 21.624 |
|   12  | 59.850 | 80.600 | 87.450 | 45.111 | 21.628 |
|   13  | 60.250 | 80.500 | 87.700 | 45.200 | 21.647 |
|   14  | 59.550 | 80.300 | 87.400 | 44.860 | 21.461 |
|   15  | 59.950 | 80.350 | 87.500 | 45.349 | 21.722 |
|   16  | 60.050 | 80.350 | 87.450 | 45.413 | 21.855 |
|   17  | 59.950 | 80.500 | 87.350 | 44.991 | 21.481 |
|   18  | 59.850 | 80.400 | 88.000 | 45.320 | 21.712 |
|   19  | 60.250 | 80.300 | 87.800 | 45.354 | 21.718 |
+-------+--------+--------+--------+--------+--------+
     logs:  {'epo': 19, 'R1': 60.25, 'R5': 80.3, 'R10': 87.8, 'mAP': 45.354, 'mINP': 21.718, 'entropy': 0.25876900802055997, 'loss': 0.25876900802055997, 'lr': 0.00046387558473504536}
     Epoch[20] Iteration[10/125], entropy: 0.1675, loss: 0.1675, lr: 9.65e-04
     Epoch[20] Iteration[20/125], entropy: 0.1726, loss: 0.1726, lr: 4.69e-04
     Epoch[20] Iteration[30/125], entropy: 0.2182, loss: 0.2182, lr: 1.57e-05
     Epoch[20] Iteration[40/125], entropy: 0.2485, loss: 0.2485, lr: 2.32e-04
     Epoch[20] Iteration[50/125], entropy: 0.3206, loss: 0.3206, lr: 8.19e-04
     Epoch[20] Iteration[60/125], entropy: 0.2843, loss: 0.2843, lr: 9.65e-04
     Epoch[20] Iteration[70/125], entropy: 0.2574, loss: 0.2574, lr: 4.69e-04
     Epoch[20] Iteration[80/125], entropy: 0.4496, loss: 0.4496, lr: 1.57e-05
     Epoch[20] Iteration[90/125], entropy: 0.5496, loss: 0.5496, lr: 2.32e-04
     Epoch[20] Iteration[100/125], entropy: 0.2057, loss: 0.2057, lr: 8.19e-04
     Epoch[20] Iteration[110/125], entropy: 0.1867, loss: 0.1867, lr: 9.65e-04
     Epoch[20] Iteration[120/125], entropy: 0.1821, loss: 0.1821, lr: 4.69e-04
     Averaged stats: entropy: 0.3876, loss: 0.3876, lr: 1.81e-04
     itm tta time 0:00:15
### TTA Eval Score:
+-------+--------+--------+--------+--------+--------+
| epoch |   R1   |   R5   |  R10   |  mAP   |  mINP  |
+-------+--------+--------+--------+--------+--------+
|  -999 | 59.550 | 80.100 | 87.100 | 44.128 | 20.533 |
|   0   | 60.450 | 81.200 | 88.000 | 45.263 | 21.466 |
|   1   | 59.750 | 80.900 | 88.050 | 44.839 | 21.310 |
|   2   | 59.600 | 80.450 | 88.050 | 44.756 | 21.257 |
|   3   | 60.000 | 80.900 | 87.900 | 45.195 | 21.345 |
|   4   | 60.200 | 80.750 | 87.800 | 45.335 | 21.565 |
|   5   | 59.950 | 80.650 | 87.600 | 44.979 | 21.458 |
|   6   | 59.550 | 80.200 | 87.650 | 44.784 | 21.493 |
|   7   | 59.950 | 80.950 | 87.800 | 45.285 | 21.535 |
|   8   | 60.200 | 81.000 | 87.900 | 45.476 | 21.812 |
|   9   | 60.000 | 80.500 | 87.700 | 45.178 | 21.594 |
|   10  | 59.500 | 80.300 | 87.800 | 44.893 | 21.529 |
|   11  | 59.900 | 80.450 | 87.850 | 45.141 | 21.624 |
|   12  | 59.850 | 80.600 | 87.450 | 45.111 | 21.628 |
|   13  | 60.250 | 80.500 | 87.700 | 45.200 | 21.647 |
|   14  | 59.550 | 80.300 | 87.400 | 44.860 | 21.461 |
|   15  | 59.950 | 80.350 | 87.500 | 45.349 | 21.722 |
|   16  | 60.050 | 80.350 | 87.450 | 45.413 | 21.855 |
|   17  | 59.950 | 80.500 | 87.350 | 44.991 | 21.481 |
|   18  | 59.850 | 80.400 | 88.000 | 45.320 | 21.712 |
|   19  | 60.250 | 80.300 | 87.800 | 45.354 | 21.718 |
|   20  | 60.250 | 80.350 | 87.750 | 45.479 | 21.780 |
+-------+--------+--------+--------+--------+--------+
     logs:  {'epo': 20, 'R1': 60.25, 'R5': 80.35, 'R10': 87.75, 'mAP': 45.479, 'mINP': 21.78, 'entropy': 0.27023813128471375, 'loss': 0.27023813128471375, 'lr': 0.0005361244152649568}
     Epoch[21] Iteration[10/125], entropy: 0.2076, loss: 0.2076, lr: 3.51e-05
     Epoch[21] Iteration[20/125], entropy: 0.1122, loss: 0.1122, lr: 5.31e-04
     Epoch[21] Iteration[30/125], entropy: 0.1826, loss: 0.1826, lr: 9.84e-04
     Epoch[21] Iteration[40/125], entropy: 0.3860, loss: 0.3860, lr: 7.68e-04
     Epoch[21] Iteration[50/125], entropy: 0.2933, loss: 0.2933, lr: 1.81e-04
     Epoch[21] Iteration[60/125], entropy: 0.2421, loss: 0.2421, lr: 3.51e-05
     Epoch[21] Iteration[70/125], entropy: 0.3062, loss: 0.3062, lr: 5.31e-04
     Epoch[21] Iteration[80/125], entropy: 0.1880, loss: 0.1880, lr: 9.84e-04
     Epoch[21] Iteration[90/125], entropy: 0.3862, loss: 0.3862, lr: 7.68e-04
     Epoch[21] Iteration[100/125], entropy: 0.2657, loss: 0.2657, lr: 1.81e-04
     Epoch[21] Iteration[110/125], entropy: 0.5182, loss: 0.5182, lr: 3.51e-05
     Epoch[21] Iteration[120/125], entropy: 0.2304, loss: 0.2304, lr: 5.31e-04
     Averaged stats: entropy: 0.1796, loss: 0.1796, lr: 8.19e-04
     itm tta time 0:00:14
### TTA Eval Score:
+-------+--------+--------+--------+--------+--------+
| epoch |   R1   |   R5   |  R10   |  mAP   |  mINP  |
+-------+--------+--------+--------+--------+--------+
|  -999 | 59.550 | 80.100 | 87.100 | 44.128 | 20.533 |
|   0   | 60.450 | 81.200 | 88.000 | 45.263 | 21.466 |
|   1   | 59.750 | 80.900 | 88.050 | 44.839 | 21.310 |
|   2   | 59.600 | 80.450 | 88.050 | 44.756 | 21.257 |
|   3   | 60.000 | 80.900 | 87.900 | 45.195 | 21.345 |
|   4   | 60.200 | 80.750 | 87.800 | 45.335 | 21.565 |
|   5   | 59.950 | 80.650 | 87.600 | 44.979 | 21.458 |
|   6   | 59.550 | 80.200 | 87.650 | 44.784 | 21.493 |
|   7   | 59.950 | 80.950 | 87.800 | 45.285 | 21.535 |
|   8   | 60.200 | 81.000 | 87.900 | 45.476 | 21.812 |
|   9   | 60.000 | 80.500 | 87.700 | 45.178 | 21.594 |
|   10  | 59.500 | 80.300 | 87.800 | 44.893 | 21.529 |
|   11  | 59.900 | 80.450 | 87.850 | 45.141 | 21.624 |
|   12  | 59.850 | 80.600 | 87.450 | 45.111 | 21.628 |
|   13  | 60.250 | 80.500 | 87.700 | 45.200 | 21.647 |
|   14  | 59.550 | 80.300 | 87.400 | 44.860 | 21.461 |
|   15  | 59.950 | 80.350 | 87.500 | 45.349 | 21.722 |
|   16  | 60.050 | 80.350 | 87.450 | 45.413 | 21.855 |
|   17  | 59.950 | 80.500 | 87.350 | 44.991 | 21.481 |
|   18  | 59.850 | 80.400 | 88.000 | 45.320 | 21.712 |
|   19  | 60.250 | 80.300 | 87.800 | 45.354 | 21.718 |
|   20  | 60.250 | 80.350 | 87.750 | 45.479 | 21.780 |
|   21  | 60.250 | 80.350 | 88.250 | 45.315 | 21.609 |
+-------+--------+--------+--------+--------+--------+
     logs:  {'epo': 21, 'R1': 60.25, 'R5': 80.35, 'R10': 88.25, 'mAP': 45.315, 'mINP': 21.609, 'entropy': 0.27654220536351204, 'loss': 0.27654220536351204, 'lr': 0.0004638755847350434}
     Epoch[22] Iteration[10/125], entropy: 0.2622, loss: 0.2622, lr: 9.65e-04
     Epoch[22] Iteration[20/125], entropy: 0.1996, loss: 0.1996, lr: 4.69e-04
     Epoch[22] Iteration[30/125], entropy: 0.3100, loss: 0.3100, lr: 1.57e-05
     Epoch[22] Iteration[40/125], entropy: 0.2809, loss: 0.2809, lr: 2.32e-04
     Epoch[22] Iteration[50/125], entropy: 0.3211, loss: 0.3211, lr: 8.19e-04
     Epoch[22] Iteration[60/125], entropy: 0.2594, loss: 0.2594, lr: 9.65e-04
     Epoch[22] Iteration[70/125], entropy: 0.3665, loss: 0.3665, lr: 4.69e-04
     Epoch[22] Iteration[80/125], entropy: 0.2106, loss: 0.2106, lr: 1.57e-05
     Epoch[22] Iteration[90/125], entropy: 0.1993, loss: 0.1993, lr: 2.32e-04
     Epoch[22] Iteration[100/125], entropy: 0.2878, loss: 0.2878, lr: 8.19e-04
     Epoch[22] Iteration[110/125], entropy: 0.1157, loss: 0.1157, lr: 9.65e-04
     Epoch[22] Iteration[120/125], entropy: 0.2420, loss: 0.2420, lr: 4.69e-04
     Averaged stats: entropy: 0.3632, loss: 0.3632, lr: 1.81e-04
     itm tta time 0:00:14
### TTA Eval Score:
+-------+--------+--------+--------+--------+--------+
| epoch |   R1   |   R5   |  R10   |  mAP   |  mINP  |
+-------+--------+--------+--------+--------+--------+
|  -999 | 59.550 | 80.100 | 87.100 | 44.128 | 20.533 |
|   0   | 60.450 | 81.200 | 88.000 | 45.263 | 21.466 |
|   1   | 59.750 | 80.900 | 88.050 | 44.839 | 21.310 |
|   2   | 59.600 | 80.450 | 88.050 | 44.756 | 21.257 |
|   3   | 60.000 | 80.900 | 87.900 | 45.195 | 21.345 |
|   4   | 60.200 | 80.750 | 87.800 | 45.335 | 21.565 |
|   5   | 59.950 | 80.650 | 87.600 | 44.979 | 21.458 |
|   6   | 59.550 | 80.200 | 87.650 | 44.784 | 21.493 |
|   7   | 59.950 | 80.950 | 87.800 | 45.285 | 21.535 |
|   8   | 60.200 | 81.000 | 87.900 | 45.476 | 21.812 |
|   9   | 60.000 | 80.500 | 87.700 | 45.178 | 21.594 |
|   10  | 59.500 | 80.300 | 87.800 | 44.893 | 21.529 |
|   11  | 59.900 | 80.450 | 87.850 | 45.141 | 21.624 |
|   12  | 59.850 | 80.600 | 87.450 | 45.111 | 21.628 |
|   13  | 60.250 | 80.500 | 87.700 | 45.200 | 21.647 |
|   14  | 59.550 | 80.300 | 87.400 | 44.860 | 21.461 |
|   15  | 59.950 | 80.350 | 87.500 | 45.349 | 21.722 |
|   16  | 60.050 | 80.350 | 87.450 | 45.413 | 21.855 |
|   17  | 59.950 | 80.500 | 87.350 | 44.991 | 21.481 |
|   18  | 59.850 | 80.400 | 88.000 | 45.320 | 21.712 |
|   19  | 60.250 | 80.300 | 87.800 | 45.354 | 21.718 |
|   20  | 60.250 | 80.350 | 87.750 | 45.479 | 21.780 |
|   21  | 60.250 | 80.350 | 88.250 | 45.315 | 21.609 |
|   22  | 60.600 | 80.650 | 87.550 | 45.331 | 21.643 |
+-------+--------+--------+--------+--------+--------+
     logs:  {'epo': 22, 'R1': 60.6, 'R5': 80.65, 'R10': 87.55, 'mAP': 45.331, 'mINP': 21.643, 'entropy': 0.25459521760543186, 'loss': 0.25459521760543186, 'lr': 0.0005361244152649566}
     Epoch[23] Iteration[10/125], entropy: 0.3132, loss: 0.3132, lr: 3.51e-05
     Epoch[23] Iteration[20/125], entropy: 0.2205, loss: 0.2205, lr: 5.31e-04
     Epoch[23] Iteration[30/125], entropy: 0.3382, loss: 0.3382, lr: 9.84e-04
     Epoch[23] Iteration[40/125], entropy: 0.2942, loss: 0.2942, lr: 7.68e-04
     Epoch[23] Iteration[50/125], entropy: 0.2883, loss: 0.2883, lr: 1.81e-04
     Epoch[23] Iteration[60/125], entropy: 0.1264, loss: 0.1264, lr: 3.51e-05
     Epoch[23] Iteration[70/125], entropy: 0.1835, loss: 0.1835, lr: 5.31e-04
     Epoch[23] Iteration[80/125], entropy: 0.4061, loss: 0.4061, lr: 9.84e-04
     Epoch[23] Iteration[90/125], entropy: 0.2562, loss: 0.2562, lr: 7.68e-04
     Epoch[23] Iteration[100/125], entropy: 0.3414, loss: 0.3414, lr: 1.81e-04
     Epoch[23] Iteration[110/125], entropy: 0.2252, loss: 0.2252, lr: 3.51e-05
     Epoch[23] Iteration[120/125], entropy: 0.3003, loss: 0.3003, lr: 5.31e-04
     Averaged stats: entropy: 0.2974, loss: 0.2974, lr: 8.19e-04
     itm tta time 0:00:15
### TTA Eval Score:
+-------+--------+--------+--------+--------+--------+
| epoch |   R1   |   R5   |  R10   |  mAP   |  mINP  |
+-------+--------+--------+--------+--------+--------+
|  -999 | 59.550 | 80.100 | 87.100 | 44.128 | 20.533 |
|   0   | 60.450 | 81.200 | 88.000 | 45.263 | 21.466 |
|   1   | 59.750 | 80.900 | 88.050 | 44.839 | 21.310 |
|   2   | 59.600 | 80.450 | 88.050 | 44.756 | 21.257 |
|   3   | 60.000 | 80.900 | 87.900 | 45.195 | 21.345 |
|   4   | 60.200 | 80.750 | 87.800 | 45.335 | 21.565 |
|   5   | 59.950 | 80.650 | 87.600 | 44.979 | 21.458 |
|   6   | 59.550 | 80.200 | 87.650 | 44.784 | 21.493 |
|   7   | 59.950 | 80.950 | 87.800 | 45.285 | 21.535 |
|   8   | 60.200 | 81.000 | 87.900 | 45.476 | 21.812 |
|   9   | 60.000 | 80.500 | 87.700 | 45.178 | 21.594 |
|   10  | 59.500 | 80.300 | 87.800 | 44.893 | 21.529 |
|   11  | 59.900 | 80.450 | 87.850 | 45.141 | 21.624 |
|   12  | 59.850 | 80.600 | 87.450 | 45.111 | 21.628 |
|   13  | 60.250 | 80.500 | 87.700 | 45.200 | 21.647 |
|   14  | 59.550 | 80.300 | 87.400 | 44.860 | 21.461 |
|   15  | 59.950 | 80.350 | 87.500 | 45.349 | 21.722 |
|   16  | 60.050 | 80.350 | 87.450 | 45.413 | 21.855 |
|   17  | 59.950 | 80.500 | 87.350 | 44.991 | 21.481 |
|   18  | 59.850 | 80.400 | 88.000 | 45.320 | 21.712 |
|   19  | 60.250 | 80.300 | 87.800 | 45.354 | 21.718 |
|   20  | 60.250 | 80.350 | 87.750 | 45.479 | 21.780 |
|   21  | 60.250 | 80.350 | 88.250 | 45.315 | 21.609 |
|   22  | 60.600 | 80.650 | 87.550 | 45.331 | 21.643 |
|   23  | 60.450 | 80.150 | 87.500 | 45.441 | 21.719 |
+-------+--------+--------+--------+--------+--------+
     logs:  {'epo': 23, 'R1': 60.45, 'R5': 80.15, 'R10': 87.5, 'mAP': 45.441, 'mINP': 21.719, 'entropy': 0.27445196236173314, 'loss': 0.27445196236173314, 'lr': 0.0004638755847350443}
     Epoch[24] Iteration[10/125], entropy: 0.1637, loss: 0.1637, lr: 9.65e-04
     Epoch[24] Iteration[20/125], entropy: 0.2613, loss: 0.2613, lr: 4.69e-04
     Epoch[24] Iteration[30/125], entropy: 0.1742, loss: 0.1742, lr: 1.57e-05
     Epoch[24] Iteration[40/125], entropy: 0.2050, loss: 0.2050, lr: 2.32e-04
     Epoch[24] Iteration[50/125], entropy: 0.1227, loss: 0.1227, lr: 8.19e-04
     Epoch[24] Iteration[60/125], entropy: 0.1908, loss: 0.1908, lr: 9.65e-04
     Epoch[24] Iteration[70/125], entropy: 0.3128, loss: 0.3128, lr: 4.69e-04
     Epoch[24] Iteration[80/125], entropy: 0.2622, loss: 0.2622, lr: 1.57e-05
     Epoch[24] Iteration[90/125], entropy: 0.3340, loss: 0.3340, lr: 2.32e-04
     Epoch[24] Iteration[100/125], entropy: 0.2646, loss: 0.2646, lr: 8.19e-04
     Epoch[24] Iteration[110/125], entropy: 0.2051, loss: 0.2051, lr: 9.65e-04
     Epoch[24] Iteration[120/125], entropy: 0.2799, loss: 0.2799, lr: 4.69e-04
     Averaged stats: entropy: 0.3561, loss: 0.3561, lr: 1.81e-04
     itm tta time 0:00:15
### TTA Eval Score:
+-------+--------+--------+--------+--------+--------+
| epoch |   R1   |   R5   |  R10   |  mAP   |  mINP  |
+-------+--------+--------+--------+--------+--------+
|  -999 | 59.550 | 80.100 | 87.100 | 44.128 | 20.533 |
|   0   | 60.450 | 81.200 | 88.000 | 45.263 | 21.466 |
|   1   | 59.750 | 80.900 | 88.050 | 44.839 | 21.310 |
|   2   | 59.600 | 80.450 | 88.050 | 44.756 | 21.257 |
|   3   | 60.000 | 80.900 | 87.900 | 45.195 | 21.345 |
|   4   | 60.200 | 80.750 | 87.800 | 45.335 | 21.565 |
|   5   | 59.950 | 80.650 | 87.600 | 44.979 | 21.458 |
|   6   | 59.550 | 80.200 | 87.650 | 44.784 | 21.493 |
|   7   | 59.950 | 80.950 | 87.800 | 45.285 | 21.535 |
|   8   | 60.200 | 81.000 | 87.900 | 45.476 | 21.812 |
|   9   | 60.000 | 80.500 | 87.700 | 45.178 | 21.594 |
|   10  | 59.500 | 80.300 | 87.800 | 44.893 | 21.529 |
|   11  | 59.900 | 80.450 | 87.850 | 45.141 | 21.624 |
|   12  | 59.850 | 80.600 | 87.450 | 45.111 | 21.628 |
|   13  | 60.250 | 80.500 | 87.700 | 45.200 | 21.647 |
|   14  | 59.550 | 80.300 | 87.400 | 44.860 | 21.461 |
|   15  | 59.950 | 80.350 | 87.500 | 45.349 | 21.722 |
|   16  | 60.050 | 80.350 | 87.450 | 45.413 | 21.855 |
|   17  | 59.950 | 80.500 | 87.350 | 44.991 | 21.481 |
|   18  | 59.850 | 80.400 | 88.000 | 45.320 | 21.712 |
|   19  | 60.250 | 80.300 | 87.800 | 45.354 | 21.718 |
|   20  | 60.250 | 80.350 | 87.750 | 45.479 | 21.780 |
|   21  | 60.250 | 80.350 | 88.250 | 45.315 | 21.609 |
|   22  | 60.600 | 80.650 | 87.550 | 45.331 | 21.643 |
|   23  | 60.450 | 80.150 | 87.500 | 45.441 | 21.719 |
|   24  | 60.500 | 80.350 | 88.250 | 45.357 | 21.561 |
+-------+--------+--------+--------+--------+--------+
     logs:  {'epo': 24, 'R1': 60.5, 'R5': 80.35, 'R10': 88.25, 'mAP': 45.357, 'mINP': 21.561, 'entropy': 0.23135151962439218, 'loss': 0.23135151962439218, 'lr': 0.0005361244152649556}
     Epoch[25] Iteration[10/125], entropy: 0.2943, loss: 0.2943, lr: 3.51e-05
     Epoch[25] Iteration[20/125], entropy: 0.2812, loss: 0.2812, lr: 5.31e-04
     Epoch[25] Iteration[30/125], entropy: 0.2671, loss: 0.2671, lr: 9.84e-04
     Epoch[25] Iteration[40/125], entropy: 0.1101, loss: 0.1101, lr: 7.68e-04
     Epoch[25] Iteration[50/125], entropy: 0.1586, loss: 0.1586, lr: 1.81e-04
     Epoch[25] Iteration[60/125], entropy: 0.4252, loss: 0.4252, lr: 3.51e-05
     Epoch[25] Iteration[70/125], entropy: 0.2147, loss: 0.2147, lr: 5.31e-04
     Epoch[25] Iteration[80/125], entropy: 0.2850, loss: 0.2850, lr: 9.84e-04
     Epoch[25] Iteration[90/125], entropy: 0.3362, loss: 0.3362, lr: 7.68e-04
     Epoch[25] Iteration[100/125], entropy: 0.1883, loss: 0.1883, lr: 1.81e-04
     Epoch[25] Iteration[110/125], entropy: 0.2288, loss: 0.2288, lr: 3.51e-05
     Epoch[25] Iteration[120/125], entropy: 0.3122, loss: 0.3122, lr: 5.31e-04
     Averaged stats: entropy: 0.3838, loss: 0.3838, lr: 8.19e-04
     itm tta time 0:00:15
### TTA Eval Score:
+-------+--------+--------+--------+--------+--------+
| epoch |   R1   |   R5   |  R10   |  mAP   |  mINP  |
+-------+--------+--------+--------+--------+--------+
|  -999 | 59.550 | 80.100 | 87.100 | 44.128 | 20.533 |
|   0   | 60.450 | 81.200 | 88.000 | 45.263 | 21.466 |
|   1   | 59.750 | 80.900 | 88.050 | 44.839 | 21.310 |
|   2   | 59.600 | 80.450 | 88.050 | 44.756 | 21.257 |
|   3   | 60.000 | 80.900 | 87.900 | 45.195 | 21.345 |
|   4   | 60.200 | 80.750 | 87.800 | 45.335 | 21.565 |
|   5   | 59.950 | 80.650 | 87.600 | 44.979 | 21.458 |
|   6   | 59.550 | 80.200 | 87.650 | 44.784 | 21.493 |
|   7   | 59.950 | 80.950 | 87.800 | 45.285 | 21.535 |
|   8   | 60.200 | 81.000 | 87.900 | 45.476 | 21.812 |
|   9   | 60.000 | 80.500 | 87.700 | 45.178 | 21.594 |
|   10  | 59.500 | 80.300 | 87.800 | 44.893 | 21.529 |
|   11  | 59.900 | 80.450 | 87.850 | 45.141 | 21.624 |
|   12  | 59.850 | 80.600 | 87.450 | 45.111 | 21.628 |
|   13  | 60.250 | 80.500 | 87.700 | 45.200 | 21.647 |
|   14  | 59.550 | 80.300 | 87.400 | 44.860 | 21.461 |
|   15  | 59.950 | 80.350 | 87.500 | 45.349 | 21.722 |
|   16  | 60.050 | 80.350 | 87.450 | 45.413 | 21.855 |
|   17  | 59.950 | 80.500 | 87.350 | 44.991 | 21.481 |
|   18  | 59.850 | 80.400 | 88.000 | 45.320 | 21.712 |
|   19  | 60.250 | 80.300 | 87.800 | 45.354 | 21.718 |
|   20  | 60.250 | 80.350 | 87.750 | 45.479 | 21.780 |
|   21  | 60.250 | 80.350 | 88.250 | 45.315 | 21.609 |
|   22  | 60.600 | 80.650 | 87.550 | 45.331 | 21.643 |
|   23  | 60.450 | 80.150 | 87.500 | 45.441 | 21.719 |
|   24  | 60.500 | 80.350 | 88.250 | 45.357 | 21.561 |
|   25  | 60.550 | 80.250 | 88.100 | 45.545 | 21.776 |
+-------+--------+--------+--------+--------+--------+
     logs:  {'epo': 25, 'R1': 60.55, 'R5': 80.25, 'R10': 88.1, 'mAP': 45.545, 'mINP': 21.776, 'entropy': 0.25845513492822647, 'loss': 0.25845513492822647, 'lr': 0.0004638755847350446}
     Epoch[26] Iteration[10/125], entropy: 0.2092, loss: 0.2092, lr: 9.65e-04
     Epoch[26] Iteration[20/125], entropy: 0.3064, loss: 0.3064, lr: 4.69e-04
     Epoch[26] Iteration[30/125], entropy: 0.2027, loss: 0.2027, lr: 1.57e-05
     Epoch[26] Iteration[40/125], entropy: 0.2592, loss: 0.2592, lr: 2.32e-04
     Epoch[26] Iteration[50/125], entropy: 0.2290, loss: 0.2290, lr: 8.19e-04
     Epoch[26] Iteration[60/125], entropy: 0.2009, loss: 0.2009, lr: 9.65e-04
     Epoch[26] Iteration[70/125], entropy: 0.3033, loss: 0.3033, lr: 4.69e-04
     Epoch[26] Iteration[80/125], entropy: 0.4432, loss: 0.4432, lr: 1.57e-05
     Epoch[26] Iteration[90/125], entropy: 0.3468, loss: 0.3468, lr: 2.32e-04
     Epoch[26] Iteration[100/125], entropy: 0.3613, loss: 0.3613, lr: 8.19e-04
     Epoch[26] Iteration[110/125], entropy: 0.3029, loss: 0.3029, lr: 9.65e-04
     Epoch[26] Iteration[120/125], entropy: 0.1674, loss: 0.1674, lr: 4.69e-04
     Averaged stats: entropy: 0.2862, loss: 0.2862, lr: 1.81e-04
     itm tta time 0:00:15
### TTA Eval Score:
+-------+--------+--------+--------+--------+--------+
| epoch |   R1   |   R5   |  R10   |  mAP   |  mINP  |
+-------+--------+--------+--------+--------+--------+
|  -999 | 59.550 | 80.100 | 87.100 | 44.128 | 20.533 |
|   0   | 60.450 | 81.200 | 88.000 | 45.263 | 21.466 |
|   1   | 59.750 | 80.900 | 88.050 | 44.839 | 21.310 |
|   2   | 59.600 | 80.450 | 88.050 | 44.756 | 21.257 |
|   3   | 60.000 | 80.900 | 87.900 | 45.195 | 21.345 |
|   4   | 60.200 | 80.750 | 87.800 | 45.335 | 21.565 |
|   5   | 59.950 | 80.650 | 87.600 | 44.979 | 21.458 |
|   6   | 59.550 | 80.200 | 87.650 | 44.784 | 21.493 |
|   7   | 59.950 | 80.950 | 87.800 | 45.285 | 21.535 |
|   8   | 60.200 | 81.000 | 87.900 | 45.476 | 21.812 |
|   9   | 60.000 | 80.500 | 87.700 | 45.178 | 21.594 |
|   10  | 59.500 | 80.300 | 87.800 | 44.893 | 21.529 |
|   11  | 59.900 | 80.450 | 87.850 | 45.141 | 21.624 |
|   12  | 59.850 | 80.600 | 87.450 | 45.111 | 21.628 |
|   13  | 60.250 | 80.500 | 87.700 | 45.200 | 21.647 |
|   14  | 59.550 | 80.300 | 87.400 | 44.860 | 21.461 |
|   15  | 59.950 | 80.350 | 87.500 | 45.349 | 21.722 |
|   16  | 60.050 | 80.350 | 87.450 | 45.413 | 21.855 |
|   17  | 59.950 | 80.500 | 87.350 | 44.991 | 21.481 |
|   18  | 59.850 | 80.400 | 88.000 | 45.320 | 21.712 |
|   19  | 60.250 | 80.300 | 87.800 | 45.354 | 21.718 |
|   20  | 60.250 | 80.350 | 87.750 | 45.479 | 21.780 |
|   21  | 60.250 | 80.350 | 88.250 | 45.315 | 21.609 |
|   22  | 60.600 | 80.650 | 87.550 | 45.331 | 21.643 |
|   23  | 60.450 | 80.150 | 87.500 | 45.441 | 21.719 |
|   24  | 60.500 | 80.350 | 88.250 | 45.357 | 21.561 |
|   25  | 60.550 | 80.250 | 88.100 | 45.545 | 21.776 |
|   26  | 59.900 | 79.950 | 87.750 | 45.387 | 21.863 |
+-------+--------+--------+--------+--------+--------+
     logs:  {'epo': 26, 'R1': 59.9, 'R5': 79.95, 'R10': 87.75, 'mAP': 45.387, 'mINP': 21.863, 'entropy': 0.2776981368660927, 'loss': 0.2776981368660927, 'lr': 0.0005361244152649523}
     Epoch[27] Iteration[10/125], entropy: 0.2390, loss: 0.2390, lr: 3.51e-05
     Epoch[27] Iteration[20/125], entropy: 0.2939, loss: 0.2939, lr: 5.31e-04
     Epoch[27] Iteration[30/125], entropy: 0.2343, loss: 0.2343, lr: 9.84e-04
     Epoch[27] Iteration[40/125], entropy: 0.0777, loss: 0.0777, lr: 7.68e-04
     Epoch[27] Iteration[50/125], entropy: 0.4807, loss: 0.4807, lr: 1.81e-04
     Epoch[27] Iteration[60/125], entropy: 0.2886, loss: 0.2886, lr: 3.51e-05
     Epoch[27] Iteration[70/125], entropy: 0.2288, loss: 0.2288, lr: 5.31e-04
     Epoch[27] Iteration[80/125], entropy: 0.1506, loss: 0.1506, lr: 9.84e-04
     Epoch[27] Iteration[90/125], entropy: 0.2416, loss: 0.2416, lr: 7.68e-04
     Epoch[27] Iteration[100/125], entropy: 0.2569, loss: 0.2569, lr: 1.81e-04
     Epoch[27] Iteration[110/125], entropy: 0.0996, loss: 0.0996, lr: 3.51e-05
     Epoch[27] Iteration[120/125], entropy: 0.2233, loss: 0.2233, lr: 5.31e-04
     Averaged stats: entropy: 0.1565, loss: 0.1565, lr: 8.19e-04
     itm tta time 0:00:15
### TTA Eval Score:
+-------+--------+--------+--------+--------+--------+
| epoch |   R1   |   R5   |  R10   |  mAP   |  mINP  |
+-------+--------+--------+--------+--------+--------+
|  -999 | 59.550 | 80.100 | 87.100 | 44.128 | 20.533 |
|   0   | 60.450 | 81.200 | 88.000 | 45.263 | 21.466 |
|   1   | 59.750 | 80.900 | 88.050 | 44.839 | 21.310 |
|   2   | 59.600 | 80.450 | 88.050 | 44.756 | 21.257 |
|   3   | 60.000 | 80.900 | 87.900 | 45.195 | 21.345 |
|   4   | 60.200 | 80.750 | 87.800 | 45.335 | 21.565 |
|   5   | 59.950 | 80.650 | 87.600 | 44.979 | 21.458 |
|   6   | 59.550 | 80.200 | 87.650 | 44.784 | 21.493 |
|   7   | 59.950 | 80.950 | 87.800 | 45.285 | 21.535 |
|   8   | 60.200 | 81.000 | 87.900 | 45.476 | 21.812 |
|   9   | 60.000 | 80.500 | 87.700 | 45.178 | 21.594 |
|   10  | 59.500 | 80.300 | 87.800 | 44.893 | 21.529 |
|   11  | 59.900 | 80.450 | 87.850 | 45.141 | 21.624 |
|   12  | 59.850 | 80.600 | 87.450 | 45.111 | 21.628 |
|   13  | 60.250 | 80.500 | 87.700 | 45.200 | 21.647 |
|   14  | 59.550 | 80.300 | 87.400 | 44.860 | 21.461 |
|   15  | 59.950 | 80.350 | 87.500 | 45.349 | 21.722 |
|   16  | 60.050 | 80.350 | 87.450 | 45.413 | 21.855 |
|   17  | 59.950 | 80.500 | 87.350 | 44.991 | 21.481 |
|   18  | 59.850 | 80.400 | 88.000 | 45.320 | 21.712 |
|   19  | 60.250 | 80.300 | 87.800 | 45.354 | 21.718 |
|   20  | 60.250 | 80.350 | 87.750 | 45.479 | 21.780 |
|   21  | 60.250 | 80.350 | 88.250 | 45.315 | 21.609 |
|   22  | 60.600 | 80.650 | 87.550 | 45.331 | 21.643 |
|   23  | 60.450 | 80.150 | 87.500 | 45.441 | 21.719 |
|   24  | 60.500 | 80.350 | 88.250 | 45.357 | 21.561 |
|   25  | 60.550 | 80.250 | 88.100 | 45.545 | 21.776 |
|   26  | 59.900 | 79.950 | 87.750 | 45.387 | 21.863 |
|   27  | 60.250 | 80.400 | 88.000 | 45.548 | 21.757 |
+-------+--------+--------+--------+--------+--------+
     logs:  {'epo': 27, 'R1': 60.25, 'R5': 80.4, 'R10': 88.0, 'mAP': 45.548, 'mINP': 21.757, 'entropy': 0.23458762528995672, 'loss': 0.23458762528995672, 'lr': 0.00046387558473504786}
     Epoch[28] Iteration[10/125], entropy: 0.1688, loss: 0.1688, lr: 9.65e-04
     Epoch[28] Iteration[20/125], entropy: 0.1511, loss: 0.1511, lr: 4.69e-04
     Epoch[28] Iteration[30/125], entropy: 0.2395, loss: 0.2395, lr: 1.57e-05
     Epoch[28] Iteration[40/125], entropy: 0.2631, loss: 0.2631, lr: 2.32e-04
     Epoch[28] Iteration[50/125], entropy: 0.2125, loss: 0.2125, lr: 8.19e-04
     Epoch[28] Iteration[60/125], entropy: 0.1791, loss: 0.1791, lr: 9.65e-04
     Epoch[28] Iteration[70/125], entropy: 0.1335, loss: 0.1335, lr: 4.69e-04
     Epoch[28] Iteration[80/125], entropy: 0.4745, loss: 0.4745, lr: 1.57e-05
     Epoch[28] Iteration[90/125], entropy: 0.3014, loss: 0.3014, lr: 2.32e-04
     Epoch[28] Iteration[100/125], entropy: 0.3173, loss: 0.3173, lr: 8.19e-04
     Epoch[28] Iteration[110/125], entropy: 0.3346, loss: 0.3346, lr: 9.65e-04
     Epoch[28] Iteration[120/125], entropy: 0.2406, loss: 0.2406, lr: 4.69e-04
     Averaged stats: entropy: 0.2764, loss: 0.2764, lr: 1.81e-04
     itm tta time 0:00:14
### TTA Eval Score:
+-------+--------+--------+--------+--------+--------+
| epoch |   R1   |   R5   |  R10   |  mAP   |  mINP  |
+-------+--------+--------+--------+--------+--------+
|  -999 | 59.550 | 80.100 | 87.100 | 44.128 | 20.533 |
|   0   | 60.450 | 81.200 | 88.000 | 45.263 | 21.466 |
|   1   | 59.750 | 80.900 | 88.050 | 44.839 | 21.310 |
|   2   | 59.600 | 80.450 | 88.050 | 44.756 | 21.257 |
|   3   | 60.000 | 80.900 | 87.900 | 45.195 | 21.345 |
|   4   | 60.200 | 80.750 | 87.800 | 45.335 | 21.565 |
|   5   | 59.950 | 80.650 | 87.600 | 44.979 | 21.458 |
|   6   | 59.550 | 80.200 | 87.650 | 44.784 | 21.493 |
|   7   | 59.950 | 80.950 | 87.800 | 45.285 | 21.535 |
|   8   | 60.200 | 81.000 | 87.900 | 45.476 | 21.812 |
|   9   | 60.000 | 80.500 | 87.700 | 45.178 | 21.594 |
|   10  | 59.500 | 80.300 | 87.800 | 44.893 | 21.529 |
|   11  | 59.900 | 80.450 | 87.850 | 45.141 | 21.624 |
|   12  | 59.850 | 80.600 | 87.450 | 45.111 | 21.628 |
|   13  | 60.250 | 80.500 | 87.700 | 45.200 | 21.647 |
|   14  | 59.550 | 80.300 | 87.400 | 44.860 | 21.461 |
|   15  | 59.950 | 80.350 | 87.500 | 45.349 | 21.722 |
|   16  | 60.050 | 80.350 | 87.450 | 45.413 | 21.855 |
|   17  | 59.950 | 80.500 | 87.350 | 44.991 | 21.481 |
|   18  | 59.850 | 80.400 | 88.000 | 45.320 | 21.712 |
|   19  | 60.250 | 80.300 | 87.800 | 45.354 | 21.718 |
|   20  | 60.250 | 80.350 | 87.750 | 45.479 | 21.780 |
|   21  | 60.250 | 80.350 | 88.250 | 45.315 | 21.609 |
|   22  | 60.600 | 80.650 | 87.550 | 45.331 | 21.643 |
|   23  | 60.450 | 80.150 | 87.500 | 45.441 | 21.719 |
|   24  | 60.500 | 80.350 | 88.250 | 45.357 | 21.561 |
|   25  | 60.550 | 80.250 | 88.100 | 45.545 | 21.776 |
|   26  | 59.900 | 79.950 | 87.750 | 45.387 | 21.863 |
|   27  | 60.250 | 80.400 | 88.000 | 45.548 | 21.757 |
|   28  | 60.100 | 80.350 | 88.350 | 45.342 | 21.737 |
+-------+--------+--------+--------+--------+--------+
     logs:  {'epo': 28, 'R1': 60.1, 'R5': 80.35, 'R10': 88.35, 'mAP': 45.342, 'mINP': 21.737, 'entropy': 0.2513470600048701, 'loss': 0.2513470600048701, 'lr': 0.0005361244152649519}
     Epoch[29] Iteration[10/125], entropy: 0.1206, loss: 0.1206, lr: 3.51e-05
     Epoch[29] Iteration[20/125], entropy: 0.1918, loss: 0.1918, lr: 5.31e-04
     Epoch[29] Iteration[30/125], entropy: 0.1657, loss: 0.1657, lr: 9.84e-04
     Epoch[29] Iteration[40/125], entropy: 0.2367, loss: 0.2367, lr: 7.68e-04
     Epoch[29] Iteration[50/125], entropy: 0.4455, loss: 0.4455, lr: 1.81e-04
     Epoch[29] Iteration[60/125], entropy: 0.1870, loss: 0.1870, lr: 3.51e-05
     Epoch[29] Iteration[70/125], entropy: 0.3637, loss: 0.3637, lr: 5.31e-04
     Epoch[29] Iteration[80/125], entropy: 0.2179, loss: 0.2179, lr: 9.84e-04
     Epoch[29] Iteration[90/125], entropy: 0.3342, loss: 0.3342, lr: 7.68e-04
     Epoch[29] Iteration[100/125], entropy: 0.2396, loss: 0.2396, lr: 1.81e-04
     Epoch[29] Iteration[110/125], entropy: 0.1946, loss: 0.1946, lr: 3.51e-05
     Epoch[29] Iteration[120/125], entropy: 0.2644, loss: 0.2644, lr: 5.31e-04
     Averaged stats: entropy: 0.2027, loss: 0.2027, lr: 8.19e-04
     itm tta time 0:00:15
### TTA Eval Score:
+-------+--------+--------+--------+--------+--------+
| epoch |   R1   |   R5   |  R10   |  mAP   |  mINP  |
+-------+--------+--------+--------+--------+--------+
|  -999 | 59.550 | 80.100 | 87.100 | 44.128 | 20.533 |
|   0   | 60.450 | 81.200 | 88.000 | 45.263 | 21.466 |
|   1   | 59.750 | 80.900 | 88.050 | 44.839 | 21.310 |
|   2   | 59.600 | 80.450 | 88.050 | 44.756 | 21.257 |
|   3   | 60.000 | 80.900 | 87.900 | 45.195 | 21.345 |
|   4   | 60.200 | 80.750 | 87.800 | 45.335 | 21.565 |
|   5   | 59.950 | 80.650 | 87.600 | 44.979 | 21.458 |
|   6   | 59.550 | 80.200 | 87.650 | 44.784 | 21.493 |
|   7   | 59.950 | 80.950 | 87.800 | 45.285 | 21.535 |
|   8   | 60.200 | 81.000 | 87.900 | 45.476 | 21.812 |
|   9   | 60.000 | 80.500 | 87.700 | 45.178 | 21.594 |
|   10  | 59.500 | 80.300 | 87.800 | 44.893 | 21.529 |
|   11  | 59.900 | 80.450 | 87.850 | 45.141 | 21.624 |
|   12  | 59.850 | 80.600 | 87.450 | 45.111 | 21.628 |
|   13  | 60.250 | 80.500 | 87.700 | 45.200 | 21.647 |
|   14  | 59.550 | 80.300 | 87.400 | 44.860 | 21.461 |
|   15  | 59.950 | 80.350 | 87.500 | 45.349 | 21.722 |
|   16  | 60.050 | 80.350 | 87.450 | 45.413 | 21.855 |
|   17  | 59.950 | 80.500 | 87.350 | 44.991 | 21.481 |
|   18  | 59.850 | 80.400 | 88.000 | 45.320 | 21.712 |
|   19  | 60.250 | 80.300 | 87.800 | 45.354 | 21.718 |
|   20  | 60.250 | 80.350 | 87.750 | 45.479 | 21.780 |
|   21  | 60.250 | 80.350 | 88.250 | 45.315 | 21.609 |
|   22  | 60.600 | 80.650 | 87.550 | 45.331 | 21.643 |
|   23  | 60.450 | 80.150 | 87.500 | 45.441 | 21.719 |
|   24  | 60.500 | 80.350 | 88.250 | 45.357 | 21.561 |
|   25  | 60.550 | 80.250 | 88.100 | 45.545 | 21.776 |
|   26  | 59.900 | 79.950 | 87.750 | 45.387 | 21.863 |
|   27  | 60.250 | 80.400 | 88.000 | 45.548 | 21.757 |
|   28  | 60.100 | 80.350 | 88.350 | 45.342 | 21.737 |
|   29  | 60.350 | 80.250 | 87.700 | 45.484 | 21.790 |
+-------+--------+--------+--------+--------+--------+
     logs:  {'epo': 29, 'R1': 60.35, 'R5': 80.25, 'R10': 87.7, 'mAP': 45.484, 'mINP': 21.79, 'entropy': 0.24681037726501623, 'loss': 0.24681037726501623, 'lr': 0.0004638755847350493}
### best epoch 22 : {'epo': '22', 'R1': '60.6', 'R5': '80.65', 'R10': '87.55', 'mAP': '45.331', 'mINP': '21.643', 'entropy': '0.25459521760543186', 'loss': '0.25459521760543186', 'lr': '0.0005361244152649566'}
### Time 0:09:28
