Not using distributed mode
### Hyper-parameters:
     output_dir: output_rerun/ham_rstp_tta/exp2.0.2.2/2025090508563
     seed: 42
     device: cuda
     batch_size_tta: 16
     epochs: 30
     lr: 0.0001
### Creating test dataset
     test_txt_set: 2000    test_img_set: 1000
     test_txt_loader: 4    test_img_loader: 2
### Creating model
Training Model with ['sdm', 'id', 'mlm'] tasks
Resized position embedding from size:torch.Size([1, 197, 768]) to size: torch.Size([1, 193, 768]) with height:24 width: 8
     Total Params Sum:  190789493
### Zero-Shot Score: 
/data2/jiahao/task/IRRA/tta.py:261: FutureWarning: `torch.cuda.amp.GradScaler(args...)` is deprecated. Please use `torch.amp.GradScaler('cuda', args...)` instead.
  scaler = GradScaler()  # bf16
+-------+--------+--------+--------+--------+--------+
| epoch |   R1   |   R5   |  R10   |  mAP   |  mINP  |
+-------+--------+--------+--------+--------+--------+
|  -999 | 59.550 | 80.100 | 87.100 | 44.128 | 20.533 |
+-------+--------+--------+--------+--------+--------+
### TTA:
### Compute Cos Similarity Uncertainty
     preprocess_tta_coefficients  start
     sample selection ...
     number of sample after sample_selection: 388
     uncertainty ...
     pos/neg sampling ...
      number of sample after pos/neg sampling: torch.Size([2000, 8])
     preprocess_tta_coefficients  end
### Creating TTA dataset
     tta_dataset: 388
### Creating tta dataloader
### be careful: func create_loader returns a list length of 1
     tta_loader: 24
### Configure adapted weights
     TTA Dropout Modules: 
 []
     TTA Require Gradient Params: 
 [('base_model.transformer.resblocks.1.ln_1.weight', torch.Size([512])), ('base_model.transformer.resblocks.1.ln_1.bias', torch.Size([512])), ('base_model.transformer.resblocks.1.ln_2.weight', torch.Size([512])), ('base_model.transformer.resblocks.1.ln_2.bias', torch.Size([512])), ('base_model.transformer.resblocks.2.ln_1.weight', torch.Size([512])), ('base_model.transformer.resblocks.2.ln_1.bias', torch.Size([512])), ('base_model.transformer.resblocks.2.ln_2.weight', torch.Size([512])), ('base_model.transformer.resblocks.2.ln_2.bias', torch.Size([512])), ('base_model.transformer.resblocks.3.ln_1.weight', torch.Size([512])), ('base_model.transformer.resblocks.3.ln_1.bias', torch.Size([512])), ('base_model.transformer.resblocks.3.ln_2.weight', torch.Size([512])), ('base_model.transformer.resblocks.3.ln_2.bias', torch.Size([512])), ('base_model.transformer.resblocks.4.ln_1.weight', torch.Size([512])), ('base_model.transformer.resblocks.4.ln_1.bias', torch.Size([512])), ('base_model.transformer.resblocks.4.ln_2.weight', torch.Size([512])), ('base_model.transformer.resblocks.4.ln_2.bias', torch.Size([512])), ('base_model.transformer.resblocks.5.ln_1.weight', torch.Size([512])), ('base_model.transformer.resblocks.5.ln_1.bias', torch.Size([512])), ('base_model.transformer.resblocks.5.ln_2.weight', torch.Size([512])), ('base_model.transformer.resblocks.5.ln_2.bias', torch.Size([512])), ('base_model.transformer.resblocks.7.ln_1.weight', torch.Size([512])), ('base_model.transformer.resblocks.7.ln_1.bias', torch.Size([512])), ('base_model.transformer.resblocks.7.ln_2.weight', torch.Size([512])), ('base_model.transformer.resblocks.7.ln_2.bias', torch.Size([512])), ('base_model.transformer.resblocks.8.ln_1.weight', torch.Size([512])), ('base_model.transformer.resblocks.8.ln_1.bias', torch.Size([512])), ('base_model.transformer.resblocks.8.ln_2.weight', torch.Size([512])), ('base_model.transformer.resblocks.8.ln_2.bias', torch.Size([512])), ('base_model.transformer.resblocks.9.ln_1.weight', torch.Size([512])), ('base_model.transformer.resblocks.9.ln_1.bias', torch.Size([512])), ('base_model.transformer.resblocks.9.ln_2.weight', torch.Size([512])), ('base_model.transformer.resblocks.9.ln_2.bias', torch.Size([512])), ('base_model.transformer.resblocks.10.ln_1.weight', torch.Size([512])), ('base_model.transformer.resblocks.10.ln_1.bias', torch.Size([512])), ('base_model.transformer.resblocks.10.ln_2.weight', torch.Size([512])), ('base_model.transformer.resblocks.10.ln_2.bias', torch.Size([512])), ('base_model.transformer.resblocks.11.ln_1.weight', torch.Size([512])), ('base_model.transformer.resblocks.11.ln_1.bias', torch.Size([512])), ('base_model.transformer.resblocks.11.ln_2.weight', torch.Size([512])), ('base_model.transformer.resblocks.11.ln_2.bias', torch.Size([512])), ('base_model.ln_final.weight', torch.Size([512])), ('base_model.ln_final.bias', torch.Size([512]))]
     TTA Dropout Modules Number: 
 0
     TTA Require Gradient Params Sum: 
 21504
Using 5.0 times learning rate for random init module 
### Start Test Time Adaptation
/data2/jiahao/task/IRRA/tta.py:65: FutureWarning: `torch.cuda.amp.autocast(args...)` is deprecated. Please use `torch.amp.autocast('cuda', args...)` instead.
  with torch.cuda.amp.autocast(enabled=True):
     Epoch[0] Iteration[10/24], entropy: 0.1059, loss: 1.1683, lr: 9.38e-05
     Epoch[0] Iteration[20/24], entropy: 0.0717, loss: 1.1632, lr: 4.06e-05
     Averaged stats: entropy: 0.3088, loss: 1.4653, lr: 1.81e-05
     itm tta time 0:00:03
### TTA Eval Score: 
+-------+--------+--------+--------+--------+--------+
| epoch |   R1   |   R5   |  R10   |  mAP   |  mINP  |
+-------+--------+--------+--------+--------+--------+
|  -999 | 59.550 | 80.100 | 87.100 | 44.128 | 20.533 |
|   0   | 59.850 | 80.200 | 87.200 | 44.358 | 20.707 |
+-------+--------+--------+--------+--------+--------+
     logs:  {'epo': 0, 'R1': 59.85, 'R5': 80.2, 'R10': 87.2, 'mAP': 44.358, 'mINP': 20.707, 'entropy': 0.0887657180428505, 'loss': 1.1657621264457703, 'lr': 6.722313413645347e-05}
     Epoch[1] Iteration[10/24], entropy: 0.1168, loss: 1.2531, lr: 3.51e-06
     Epoch[1] Iteration[20/24], entropy: 0.1171, loss: 1.2194, lr: 5.31e-05
     Averaged stats: entropy: 0.0952, loss: 1.1668, lr: 7.68e-05
     itm tta time 0:00:03
### TTA Eval Score: 
+-------+--------+--------+--------+--------+--------+
| epoch |   R1   |   R5   |  R10   |  mAP   |  mINP  |
+-------+--------+--------+--------+--------+--------+
|  -999 | 59.550 | 80.100 | 87.100 | 44.128 | 20.533 |
|   0   | 59.850 | 80.200 | 87.200 | 44.358 | 20.707 |
|   1   | 59.800 | 80.200 | 87.200 | 44.396 | 20.729 |
+-------+--------+--------+--------+--------+--------+
     logs:  {'epo': 1, 'R1': 59.8, 'R5': 80.2, 'R10': 87.2, 'mAP': 44.396, 'mINP': 20.729, 'entropy': 0.11696753278374672, 'loss': 1.2362379431724548, 'lr': 2.832535084102654e-05}
     Epoch[2] Iteration[10/24], entropy: 0.1610, loss: 1.2692, lr: 9.84e-05
     Epoch[2] Iteration[20/24], entropy: 0.1445, loss: 1.2214, lr: 5.31e-05
     Averaged stats: entropy: 0.4057, loss: 1.5316, lr: 2.87e-05
     itm tta time 0:00:03
### TTA Eval Score: 
+-------+--------+--------+--------+--------+--------+
| epoch |   R1   |   R5   |  R10   |  mAP   |  mINP  |
+-------+--------+--------+--------+--------+--------+
|  -999 | 59.550 | 80.100 | 87.100 | 44.128 | 20.533 |
|   0   | 59.850 | 80.200 | 87.200 | 44.358 | 20.707 |
|   1   | 59.800 | 80.200 | 87.200 | 44.396 | 20.729 |
|   2   | 60.150 | 80.500 | 87.250 | 44.599 | 20.891 |
+-------+--------+--------+--------+--------+--------+
     logs:  {'epo': 2, 'R1': 60.15, 'R5': 80.5, 'R10': 87.25, 'mAP': 44.599, 'mINP': 20.891, 'entropy': 0.15275315940380096, 'loss': 1.2453151941299438, 'lr': 7.57843420164486e-05}
     Epoch[3] Iteration[10/24], entropy: 0.1775, loss: 1.2029, lr: 3.94e-07
     Epoch[3] Iteration[20/24], entropy: 0.3204, loss: 1.3721, lr: 4.06e-05
     Averaged stats: entropy: 0.0760, loss: 1.2031, lr: 6.55e-05
     itm tta time 0:00:03
### TTA Eval Score: 
+-------+--------+--------+--------+--------+--------+
| epoch |   R1   |   R5   |  R10   |  mAP   |  mINP  |
+-------+--------+--------+--------+--------+--------+
|  -999 | 59.550 | 80.100 | 87.100 | 44.128 | 20.533 |
|   0   | 59.850 | 80.200 | 87.200 | 44.358 | 20.707 |
|   1   | 59.800 | 80.200 | 87.200 | 44.396 | 20.729 |
|   2   | 60.150 | 80.500 | 87.250 | 44.599 | 20.891 |
|   3   | 60.200 | 80.500 | 87.250 | 44.635 | 20.930 |
+-------+--------+--------+--------+--------+--------+
     logs:  {'epo': 3, 'R1': 60.2, 'R5': 80.5, 'R10': 87.25, 'mAP': 44.635, 'mINP': 20.93, 'entropy': 0.2489466741681099, 'loss': 1.287521481513977, 'lr': 2.051259960249491e-05}
     Epoch[4] Iteration[10/24], entropy: 0.0741, loss: 1.1475, lr: 1.00e-04
     Epoch[4] Iteration[20/24], entropy: 0.1174, loss: 1.1998, lr: 6.55e-05
     Averaged stats: entropy: 0.1179, loss: 1.2067, lr: 4.06e-05
     itm tta time 0:00:03
### TTA Eval Score: 
+-------+--------+--------+--------+--------+--------+
| epoch |   R1   |   R5   |  R10   |  mAP   |  mINP  |
+-------+--------+--------+--------+--------+--------+
|  -999 | 59.550 | 80.100 | 87.100 | 44.128 | 20.533 |
|   0   | 59.850 | 80.200 | 87.200 | 44.358 | 20.707 |
|   1   | 59.800 | 80.200 | 87.200 | 44.396 | 20.729 |
|   2   | 60.150 | 80.500 | 87.250 | 44.599 | 20.891 |
|   3   | 60.200 | 80.500 | 87.250 | 44.635 | 20.930 |
|   4   | 60.500 | 80.500 | 87.450 | 44.798 | 20.999 |
+-------+--------+--------+--------+--------+--------+
     logs:  {'epo': 4, 'R1': 60.5, 'R5': 80.5, 'R10': 87.45, 'mAP': 44.798, 'mINP': 20.999, 'entropy': 0.09575768932700157, 'loss': 1.1736696362495422, 'lr': 8.272542485937367e-05}
     Epoch[5] Iteration[10/24], entropy: 0.1280, loss: 1.2055, lr: 3.94e-07
     Epoch[5] Iteration[20/24], entropy: 0.1352, loss: 1.2324, lr: 2.87e-05
     Averaged stats: entropy: 0.1252, loss: 1.2067, lr: 5.31e-05
     itm tta time 0:00:03
### TTA Eval Score: 
+-------+--------+--------+--------+--------+--------+
| epoch |   R1   |   R5   |  R10   |  mAP   |  mINP  |
+-------+--------+--------+--------+--------+--------+
|  -999 | 59.550 | 80.100 | 87.100 | 44.128 | 20.533 |
|   0   | 59.850 | 80.200 | 87.200 | 44.358 | 20.707 |
|   1   | 59.800 | 80.200 | 87.200 | 44.396 | 20.729 |
|   2   | 60.150 | 80.500 | 87.250 | 44.599 | 20.891 |
|   3   | 60.200 | 80.500 | 87.250 | 44.635 | 20.930 |
|   4   | 60.500 | 80.500 | 87.450 | 44.798 | 20.999 |
|   5   | 60.650 | 80.650 | 87.450 | 44.853 | 21.032 |
+-------+--------+--------+--------+--------+--------+
     logs:  {'epo': 5, 'R1': 60.65, 'R5': 80.65, 'R10': 87.45, 'mAP': 44.853, 'mINP': 21.032, 'entropy': 0.13156814128160477, 'loss': 1.218961238861084, 'lr': 1.4552650178011237e-05}
     Epoch[6] Iteration[10/24], entropy: 0.2199, loss: 1.2827, lr: 9.84e-05
     Epoch[6] Iteration[20/24], entropy: 0.2275, loss: 1.2915, lr: 7.68e-05
     Averaged stats: entropy: 0.2475, loss: 1.3759, lr: 5.31e-05
     itm tta time 0:00:03
### TTA Eval Score: 
+-------+--------+--------+--------+--------+--------+
| epoch |   R1   |   R5   |  R10   |  mAP   |  mINP  |
+-------+--------+--------+--------+--------+--------+
|  -999 | 59.550 | 80.100 | 87.100 | 44.128 | 20.533 |
|   0   | 59.850 | 80.200 | 87.200 | 44.358 | 20.707 |
|   1   | 59.800 | 80.200 | 87.200 | 44.396 | 20.729 |
|   2   | 60.150 | 80.500 | 87.250 | 44.599 | 20.891 |
|   3   | 60.200 | 80.500 | 87.250 | 44.635 | 20.930 |
|   4   | 60.500 | 80.500 | 87.450 | 44.798 | 20.999 |
|   5   | 60.650 | 80.650 | 87.450 | 44.853 | 21.032 |
|   6   | 60.750 | 80.800 | 87.500 | 44.987 | 21.192 |
+-------+--------+--------+--------+--------+--------+
     logs:  {'epo': 6, 'R1': 60.75, 'R5': 80.8, 'R10': 87.5, 'mAP': 44.987, 'mINP': 21.192, 'entropy': 0.22370225936174393, 'loss': 1.2870879769325256, 'lr': 8.761024890269068e-05}
     Epoch[7] Iteration[10/24], entropy: 0.1692, loss: 1.2412, lr: 3.51e-06
     Epoch[7] Iteration[20/24], entropy: 0.1447, loss: 1.2206, lr: 1.81e-05
     Averaged stats: entropy: 0.1190, loss: 1.2132, lr: 4.06e-05
     itm tta time 0:00:03
### TTA Eval Score: 
+-------+--------+--------+--------+--------+--------+
| epoch |   R1   |   R5   |  R10   |  mAP   |  mINP  |
+-------+--------+--------+--------+--------+--------+
|  -999 | 59.550 | 80.100 | 87.100 | 44.128 | 20.533 |
|   0   | 59.850 | 80.200 | 87.200 | 44.358 | 20.707 |
|   1   | 59.800 | 80.200 | 87.200 | 44.396 | 20.729 |
|   2   | 60.150 | 80.500 | 87.250 | 44.599 | 20.891 |
|   3   | 60.200 | 80.500 | 87.250 | 44.635 | 20.930 |
|   4   | 60.500 | 80.500 | 87.450 | 44.798 | 20.999 |
|   5   | 60.650 | 80.650 | 87.450 | 44.853 | 21.032 |
|   6   | 60.750 | 80.800 | 87.500 | 44.987 | 21.192 |
|   7   | 60.800 | 80.850 | 87.500 | 45.022 | 21.215 |
+-------+--------+--------+--------+--------+--------+
     logs:  {'epo': 7, 'R1': 60.8, 'R5': 80.85, 'R10': 87.5, 'mAP': 45.022, 'mINP': 21.215, 'entropy': 0.15695910155773163, 'loss': 1.2309032082557678, 'lr': 1.0819988109076517e-05}
     Epoch[8] Iteration[10/24], entropy: 0.1368, loss: 1.2522, lr: 9.38e-05
     Epoch[8] Iteration[20/24], entropy: 0.0870, loss: 1.1645, lr: 8.64e-05
     Averaged stats: entropy: 0.0658, loss: 1.1526, lr: 6.55e-05
     itm tta time 0:00:03
### TTA Eval Score: 
+-------+--------+--------+--------+--------+--------+
| epoch |   R1   |   R5   |  R10   |  mAP   |  mINP  |
+-------+--------+--------+--------+--------+--------+
|  -999 | 59.550 | 80.100 | 87.100 | 44.128 | 20.533 |
|   0   | 59.850 | 80.200 | 87.200 | 44.358 | 20.707 |
|   1   | 59.800 | 80.200 | 87.200 | 44.396 | 20.729 |
|   2   | 60.150 | 80.500 | 87.250 | 44.599 | 20.891 |
|   3   | 60.200 | 80.500 | 87.250 | 44.635 | 20.930 |
|   4   | 60.500 | 80.500 | 87.450 | 44.798 | 20.999 |
|   5   | 60.650 | 80.650 | 87.450 | 44.853 | 21.032 |
|   6   | 60.750 | 80.800 | 87.500 | 44.987 | 21.192 |
|   7   | 60.800 | 80.850 | 87.500 | 45.022 | 21.215 |
|   8   | 60.900 | 80.650 | 87.850 | 45.128 | 21.256 |
+-------+--------+--------+--------+--------+--------+
     logs:  {'epo': 8, 'R1': 60.9, 'R5': 80.65, 'R10': 87.85, 'mAP': 45.128, 'mINP': 21.256, 'entropy': 0.11192145198583603, 'loss': 1.2083293795585632, 'lr': 9.01318826866319e-05}
     Epoch[9] Iteration[10/24], entropy: 0.2086, loss: 1.3060, lr: 9.55e-06
     Epoch[9] Iteration[20/24], entropy: 0.0980, loss: 1.1723, lr: 9.55e-06
     Averaged stats: entropy: 0.1780, loss: 1.2825, lr: 2.87e-05
     itm tta time 0:00:03
### TTA Eval Score: 
+-------+--------+--------+--------+--------+--------+
| epoch |   R1   |   R5   |  R10   |  mAP   |  mINP  |
+-------+--------+--------+--------+--------+--------+
|  -999 | 59.550 | 80.100 | 87.100 | 44.128 | 20.533 |
|   0   | 59.850 | 80.200 | 87.200 | 44.358 | 20.707 |
|   1   | 59.800 | 80.200 | 87.200 | 44.396 | 20.729 |
|   2   | 60.150 | 80.500 | 87.250 | 44.599 | 20.891 |
|   3   | 60.200 | 80.500 | 87.250 | 44.635 | 20.930 |
|   4   | 60.500 | 80.500 | 87.450 | 44.798 | 20.999 |
|   5   | 60.650 | 80.650 | 87.450 | 44.853 | 21.032 |
|   6   | 60.750 | 80.800 | 87.500 | 44.987 | 21.192 |
|   7   | 60.800 | 80.850 | 87.500 | 45.022 | 21.215 |
|   8   | 60.900 | 80.650 | 87.850 | 45.128 | 21.256 |
|   9   | 60.900 | 80.750 | 87.850 | 45.156 | 21.277 |
+-------+--------+--------+--------+--------+--------+
     logs:  {'epo': 9, 'R1': 60.9, 'R5': 80.75, 'R10': 87.85, 'mAP': 45.156, 'mINP': 21.277, 'entropy': 0.1533314250409603, 'loss': 1.2391445636749268, 'lr': 9.549150281252523e-06}
     Epoch[10] Iteration[10/24], entropy: 0.2158, loss: 1.3044, lr: 8.64e-05
     Epoch[10] Iteration[20/24], entropy: 0.1828, loss: 1.3610, lr: 9.38e-05
     Averaged stats: entropy: 0.1601, loss: 1.2212, lr: 7.68e-05
     itm tta time 0:00:03
### TTA Eval Score: 
+-------+--------+--------+--------+--------+--------+
| epoch |   R1   |   R5   |  R10   |  mAP   |  mINP  |
+-------+--------+--------+--------+--------+--------+
|  -999 | 59.550 | 80.100 | 87.100 | 44.128 | 20.533 |
|   0   | 59.850 | 80.200 | 87.200 | 44.358 | 20.707 |
|   1   | 59.800 | 80.200 | 87.200 | 44.396 | 20.729 |
|   2   | 60.150 | 80.500 | 87.250 | 44.599 | 20.891 |
|   3   | 60.200 | 80.500 | 87.250 | 44.635 | 20.930 |
|   4   | 60.500 | 80.500 | 87.450 | 44.798 | 20.999 |
|   5   | 60.650 | 80.650 | 87.450 | 44.853 | 21.032 |
|   6   | 60.750 | 80.800 | 87.500 | 44.987 | 21.192 |
|   7   | 60.800 | 80.850 | 87.500 | 45.022 | 21.215 |
|   8   | 60.900 | 80.650 | 87.850 | 45.128 | 21.256 |
|   9   | 60.900 | 80.750 | 87.850 | 45.156 | 21.277 |
|   10  | 60.850 | 80.650 | 88.000 | 45.237 | 21.340 |
+-------+--------+--------+--------+--------+--------+
     logs:  {'epo': 10, 'R1': 60.85, 'R5': 80.65, 'R10': 88.0, 'mAP': 45.237, 'mINP': 21.34, 'entropy': 0.19931771606206894, 'loss': 1.3327070474624634, 'lr': 9.013188268663188e-05}
     Epoch[11] Iteration[10/24], entropy: 0.2339, loss: 1.3893, lr: 1.81e-05
     Epoch[11] Iteration[20/24], entropy: 0.0717, loss: 1.1266, lr: 3.51e-06
     Averaged stats: entropy: 0.0899, loss: 1.1915, lr: 1.81e-05
     itm tta time 0:00:03
### TTA Eval Score: 
+-------+--------+--------+--------+--------+--------+
| epoch |   R1   |   R5   |  R10   |  mAP   |  mINP  |
+-------+--------+--------+--------+--------+--------+
|  -999 | 59.550 | 80.100 | 87.100 | 44.128 | 20.533 |
|   0   | 59.850 | 80.200 | 87.200 | 44.358 | 20.707 |
|   1   | 59.800 | 80.200 | 87.200 | 44.396 | 20.729 |
|   2   | 60.150 | 80.500 | 87.250 | 44.599 | 20.891 |
|   3   | 60.200 | 80.500 | 87.250 | 44.635 | 20.930 |
|   4   | 60.500 | 80.500 | 87.450 | 44.798 | 20.999 |
|   5   | 60.650 | 80.650 | 87.450 | 44.853 | 21.032 |
|   6   | 60.750 | 80.800 | 87.500 | 44.987 | 21.192 |
|   7   | 60.800 | 80.850 | 87.500 | 45.022 | 21.215 |
|   8   | 60.900 | 80.650 | 87.850 | 45.128 | 21.256 |
|   9   | 60.900 | 80.750 | 87.850 | 45.156 | 21.277 |
|   10  | 60.850 | 80.650 | 88.000 | 45.237 | 21.340 |
|   11  | 60.850 | 80.750 | 88.000 | 45.271 | 21.379 |
+-------+--------+--------+--------+--------+--------+
     logs:  {'epo': 11, 'R1': 60.85, 'R5': 80.75, 'R10': 88.0, 'mAP': 45.271, 'mINP': 21.379, 'entropy': 0.15280037745833397, 'loss': 1.2579300999641418, 'lr': 1.0819988109076405e-05}
     Epoch[12] Iteration[10/24], entropy: 0.2112, loss: 1.3482, lr: 7.68e-05
     Epoch[12] Iteration[20/24], entropy: 0.2006, loss: 1.2837, lr: 9.84e-05
     Averaged stats: entropy: 0.1004, loss: 1.2495, lr: 8.64e-05
     itm tta time 0:00:03
### TTA Eval Score: 
+-------+--------+--------+--------+--------+--------+
| epoch |   R1   |   R5   |  R10   |  mAP   |  mINP  |
+-------+--------+--------+--------+--------+--------+
|  -999 | 59.550 | 80.100 | 87.100 | 44.128 | 20.533 |
|   0   | 59.850 | 80.200 | 87.200 | 44.358 | 20.707 |
|   1   | 59.800 | 80.200 | 87.200 | 44.396 | 20.729 |
|   2   | 60.150 | 80.500 | 87.250 | 44.599 | 20.891 |
|   3   | 60.200 | 80.500 | 87.250 | 44.635 | 20.930 |
|   4   | 60.500 | 80.500 | 87.450 | 44.798 | 20.999 |
|   5   | 60.650 | 80.650 | 87.450 | 44.853 | 21.032 |
|   6   | 60.750 | 80.800 | 87.500 | 44.987 | 21.192 |
|   7   | 60.800 | 80.850 | 87.500 | 45.022 | 21.215 |
|   8   | 60.900 | 80.650 | 87.850 | 45.128 | 21.256 |
|   9   | 60.900 | 80.750 | 87.850 | 45.156 | 21.277 |
|   10  | 60.850 | 80.650 | 88.000 | 45.237 | 21.340 |
|   11  | 60.850 | 80.750 | 88.000 | 45.271 | 21.379 |
|   12  | 60.900 | 80.950 | 88.250 | 45.337 | 21.458 |
+-------+--------+--------+--------+--------+--------+
     logs:  {'epo': 12, 'R1': 60.9, 'R5': 80.95, 'R10': 88.25, 'mAP': 45.337, 'mINP': 21.458, 'entropy': 0.20586347579956055, 'loss': 1.315983235836029, 'lr': 8.761024890269066e-05}
     Epoch[13] Iteration[10/24], entropy: 0.1417, loss: 1.2095, lr: 2.87e-05
     Epoch[13] Iteration[20/24], entropy: 0.2581, loss: 1.3164, lr: 3.94e-07
     Averaged stats: entropy: 0.0557, loss: 1.1399, lr: 9.55e-06
     itm tta time 0:00:03
### TTA Eval Score: 
+-------+--------+--------+--------+--------+--------+
| epoch |   R1   |   R5   |  R10   |  mAP   |  mINP  |
+-------+--------+--------+--------+--------+--------+
|  -999 | 59.550 | 80.100 | 87.100 | 44.128 | 20.533 |
|   0   | 59.850 | 80.200 | 87.200 | 44.358 | 20.707 |
|   1   | 59.800 | 80.200 | 87.200 | 44.396 | 20.729 |
|   2   | 60.150 | 80.500 | 87.250 | 44.599 | 20.891 |
|   3   | 60.200 | 80.500 | 87.250 | 44.635 | 20.930 |
|   4   | 60.500 | 80.500 | 87.450 | 44.798 | 20.999 |
|   5   | 60.650 | 80.650 | 87.450 | 44.853 | 21.032 |
|   6   | 60.750 | 80.800 | 87.500 | 44.987 | 21.192 |
|   7   | 60.800 | 80.850 | 87.500 | 45.022 | 21.215 |
|   8   | 60.900 | 80.650 | 87.850 | 45.128 | 21.256 |
|   9   | 60.900 | 80.750 | 87.850 | 45.156 | 21.277 |
|   10  | 60.850 | 80.650 | 88.000 | 45.237 | 21.340 |
|   11  | 60.850 | 80.750 | 88.000 | 45.271 | 21.379 |
|   12  | 60.900 | 80.950 | 88.250 | 45.337 | 21.458 |
|   13  | 60.900 | 80.900 | 88.200 | 45.381 | 21.469 |
+-------+--------+--------+--------+--------+--------+
     logs:  {'epo': 13, 'R1': 60.9, 'R5': 80.9, 'R10': 88.2, 'mAP': 45.381, 'mINP': 21.469, 'entropy': 0.19992239773273468, 'loss': 1.262963593006134, 'lr': 1.4552650178011193e-05}
     Epoch[14] Iteration[10/24], entropy: 0.1566, loss: 1.2252, lr: 6.55e-05
     Epoch[14] Iteration[20/24], entropy: 0.1675, loss: 1.2845, lr: 1.00e-04
     Averaged stats: entropy: 0.2129, loss: 1.2994, lr: 9.38e-05
     itm tta time 0:00:03
### TTA Eval Score: 
+-------+--------+--------+--------+--------+--------+
| epoch |   R1   |   R5   |  R10   |  mAP   |  mINP  |
+-------+--------+--------+--------+--------+--------+
|  -999 | 59.550 | 80.100 | 87.100 | 44.128 | 20.533 |
|   0   | 59.850 | 80.200 | 87.200 | 44.358 | 20.707 |
|   1   | 59.800 | 80.200 | 87.200 | 44.396 | 20.729 |
|   2   | 60.150 | 80.500 | 87.250 | 44.599 | 20.891 |
|   3   | 60.200 | 80.500 | 87.250 | 44.635 | 20.930 |
|   4   | 60.500 | 80.500 | 87.450 | 44.798 | 20.999 |
|   5   | 60.650 | 80.650 | 87.450 | 44.853 | 21.032 |
|   6   | 60.750 | 80.800 | 87.500 | 44.987 | 21.192 |
|   7   | 60.800 | 80.850 | 87.500 | 45.022 | 21.215 |
|   8   | 60.900 | 80.650 | 87.850 | 45.128 | 21.256 |
|   9   | 60.900 | 80.750 | 87.850 | 45.156 | 21.277 |
|   10  | 60.850 | 80.650 | 88.000 | 45.237 | 21.340 |
|   11  | 60.850 | 80.750 | 88.000 | 45.271 | 21.379 |
|   12  | 60.900 | 80.950 | 88.250 | 45.337 | 21.458 |
|   13  | 60.900 | 80.900 | 88.200 | 45.381 | 21.469 |
|   14  | 60.850 | 80.950 | 88.200 | 45.441 | 21.518 |
+-------+--------+--------+--------+--------+--------+
     logs:  {'epo': 14, 'R1': 60.85, 'R5': 80.95, 'R10': 88.2, 'mAP': 45.441, 'mINP': 21.518, 'entropy': 0.1620313674211502, 'loss': 1.254836618900299, 'lr': 8.272542485937365e-05}
     Epoch[15] Iteration[10/24], entropy: 0.1564, loss: 1.2080, lr: 4.06e-05
     Epoch[15] Iteration[20/24], entropy: 0.2189, loss: 1.2638, lr: 3.94e-07
     Averaged stats: entropy: 0.1198, loss: 1.1984, lr: 3.51e-06
     itm tta time 0:00:03
### TTA Eval Score: 
+-------+--------+--------+--------+--------+--------+
| epoch |   R1   |   R5   |  R10   |  mAP   |  mINP  |
+-------+--------+--------+--------+--------+--------+
|  -999 | 59.550 | 80.100 | 87.100 | 44.128 | 20.533 |
|   0   | 59.850 | 80.200 | 87.200 | 44.358 | 20.707 |
|   1   | 59.800 | 80.200 | 87.200 | 44.396 | 20.729 |
|   2   | 60.150 | 80.500 | 87.250 | 44.599 | 20.891 |
|   3   | 60.200 | 80.500 | 87.250 | 44.635 | 20.930 |
|   4   | 60.500 | 80.500 | 87.450 | 44.798 | 20.999 |
|   5   | 60.650 | 80.650 | 87.450 | 44.853 | 21.032 |
|   6   | 60.750 | 80.800 | 87.500 | 44.987 | 21.192 |
|   7   | 60.800 | 80.850 | 87.500 | 45.022 | 21.215 |
|   8   | 60.900 | 80.650 | 87.850 | 45.128 | 21.256 |
|   9   | 60.900 | 80.750 | 87.850 | 45.156 | 21.277 |
|   10  | 60.850 | 80.650 | 88.000 | 45.237 | 21.340 |
|   11  | 60.850 | 80.750 | 88.000 | 45.271 | 21.379 |
|   12  | 60.900 | 80.950 | 88.250 | 45.337 | 21.458 |
|   13  | 60.900 | 80.900 | 88.200 | 45.381 | 21.469 |
|   14  | 60.850 | 80.950 | 88.200 | 45.441 | 21.518 |
|   15  | 60.800 | 81.000 | 88.300 | 45.465 | 21.558 |
+-------+--------+--------+--------+--------+--------+
     logs:  {'epo': 15, 'R1': 60.8, 'R5': 81.0, 'R10': 88.3, 'mAP': 45.465, 'mINP': 21.558, 'entropy': 0.18764548748731613, 'loss': 1.235885739326477, 'lr': 2.0512599602494872e-05}
     Epoch[16] Iteration[10/24], entropy: 0.2324, loss: 1.2925, lr: 5.31e-05
     Epoch[16] Iteration[20/24], entropy: 0.1698, loss: 1.2191, lr: 9.84e-05
     Averaged stats: entropy: 0.1584, loss: 1.2596, lr: 9.84e-05
     itm tta time 0:00:03
### TTA Eval Score: 
+-------+--------+--------+--------+--------+--------+
| epoch |   R1   |   R5   |  R10   |  mAP   |  mINP  |
+-------+--------+--------+--------+--------+--------+
|  -999 | 59.550 | 80.100 | 87.100 | 44.128 | 20.533 |
|   0   | 59.850 | 80.200 | 87.200 | 44.358 | 20.707 |
|   1   | 59.800 | 80.200 | 87.200 | 44.396 | 20.729 |
|   2   | 60.150 | 80.500 | 87.250 | 44.599 | 20.891 |
|   3   | 60.200 | 80.500 | 87.250 | 44.635 | 20.930 |
|   4   | 60.500 | 80.500 | 87.450 | 44.798 | 20.999 |
|   5   | 60.650 | 80.650 | 87.450 | 44.853 | 21.032 |
|   6   | 60.750 | 80.800 | 87.500 | 44.987 | 21.192 |
|   7   | 60.800 | 80.850 | 87.500 | 45.022 | 21.215 |
|   8   | 60.900 | 80.650 | 87.850 | 45.128 | 21.256 |
|   9   | 60.900 | 80.750 | 87.850 | 45.156 | 21.277 |
|   10  | 60.850 | 80.650 | 88.000 | 45.237 | 21.340 |
|   11  | 60.850 | 80.750 | 88.000 | 45.271 | 21.379 |
|   12  | 60.900 | 80.950 | 88.250 | 45.337 | 21.458 |
|   13  | 60.900 | 80.900 | 88.200 | 45.381 | 21.469 |
|   14  | 60.850 | 80.950 | 88.200 | 45.441 | 21.518 |
|   15  | 60.800 | 81.000 | 88.300 | 45.465 | 21.558 |
|   16  | 60.800 | 81.100 | 88.200 | 45.535 | 21.618 |
+-------+--------+--------+--------+--------+--------+
     logs:  {'epo': 16, 'R1': 60.8, 'R5': 81.1, 'R10': 88.2, 'mAP': 45.535, 'mINP': 21.618, 'entropy': 0.20109114795923233, 'loss': 1.2557730674743652, 'lr': 7.57843420164486e-05}
     Epoch[17] Iteration[10/24], entropy: 0.1489, loss: 1.2862, lr: 5.31e-05
     Epoch[17] Iteration[20/24], entropy: 0.1547, loss: 1.2285, lr: 3.51e-06
     Averaged stats: entropy: 0.1589, loss: 1.2428, lr: 3.94e-07
     itm tta time 0:00:03
### TTA Eval Score: 
+-------+--------+--------+--------+--------+--------+
| epoch |   R1   |   R5   |  R10   |  mAP   |  mINP  |
+-------+--------+--------+--------+--------+--------+
|  -999 | 59.550 | 80.100 | 87.100 | 44.128 | 20.533 |
|   0   | 59.850 | 80.200 | 87.200 | 44.358 | 20.707 |
|   1   | 59.800 | 80.200 | 87.200 | 44.396 | 20.729 |
|   2   | 60.150 | 80.500 | 87.250 | 44.599 | 20.891 |
|   3   | 60.200 | 80.500 | 87.250 | 44.635 | 20.930 |
|   4   | 60.500 | 80.500 | 87.450 | 44.798 | 20.999 |
|   5   | 60.650 | 80.650 | 87.450 | 44.853 | 21.032 |
|   6   | 60.750 | 80.800 | 87.500 | 44.987 | 21.192 |
|   7   | 60.800 | 80.850 | 87.500 | 45.022 | 21.215 |
|   8   | 60.900 | 80.650 | 87.850 | 45.128 | 21.256 |
|   9   | 60.900 | 80.750 | 87.850 | 45.156 | 21.277 |
|   10  | 60.850 | 80.650 | 88.000 | 45.237 | 21.340 |
|   11  | 60.850 | 80.750 | 88.000 | 45.271 | 21.379 |
|   12  | 60.900 | 80.950 | 88.250 | 45.337 | 21.458 |
|   13  | 60.900 | 80.900 | 88.200 | 45.381 | 21.469 |
|   14  | 60.850 | 80.950 | 88.200 | 45.441 | 21.518 |
|   15  | 60.800 | 81.000 | 88.300 | 45.465 | 21.558 |
|   16  | 60.800 | 81.100 | 88.200 | 45.535 | 21.618 |
|   17  | 60.900 | 81.200 | 88.100 | 45.586 | 21.634 |
+-------+--------+--------+--------+--------+--------+
     logs:  {'epo': 17, 'R1': 60.9, 'R5': 81.2, 'R10': 88.1, 'mAP': 45.586, 'mINP': 21.634, 'entropy': 0.1518091857433319, 'loss': 1.257335901260376, 'lr': 2.8325350841026665e-05}
     Epoch[18] Iteration[10/24], entropy: 0.1290, loss: 1.2073, lr: 4.06e-05
     Epoch[18] Iteration[20/24], entropy: 0.0744, loss: 1.1342, lr: 9.38e-05
     Averaged stats: entropy: 0.1407, loss: 1.2581, lr: 1.00e-04
     itm tta time 0:00:03
### TTA Eval Score: 
+-------+--------+--------+--------+--------+--------+
| epoch |   R1   |   R5   |  R10   |  mAP   |  mINP  |
+-------+--------+--------+--------+--------+--------+
|  -999 | 59.550 | 80.100 | 87.100 | 44.128 | 20.533 |
|   0   | 59.850 | 80.200 | 87.200 | 44.358 | 20.707 |
|   1   | 59.800 | 80.200 | 87.200 | 44.396 | 20.729 |
|   2   | 60.150 | 80.500 | 87.250 | 44.599 | 20.891 |
|   3   | 60.200 | 80.500 | 87.250 | 44.635 | 20.930 |
|   4   | 60.500 | 80.500 | 87.450 | 44.798 | 20.999 |
|   5   | 60.650 | 80.650 | 87.450 | 44.853 | 21.032 |
|   6   | 60.750 | 80.800 | 87.500 | 44.987 | 21.192 |
|   7   | 60.800 | 80.850 | 87.500 | 45.022 | 21.215 |
|   8   | 60.900 | 80.650 | 87.850 | 45.128 | 21.256 |
|   9   | 60.900 | 80.750 | 87.850 | 45.156 | 21.277 |
|   10  | 60.850 | 80.650 | 88.000 | 45.237 | 21.340 |
|   11  | 60.850 | 80.750 | 88.000 | 45.271 | 21.379 |
|   12  | 60.900 | 80.950 | 88.250 | 45.337 | 21.458 |
|   13  | 60.900 | 80.900 | 88.200 | 45.381 | 21.469 |
|   14  | 60.850 | 80.950 | 88.200 | 45.441 | 21.518 |
|   15  | 60.800 | 81.000 | 88.300 | 45.465 | 21.558 |
|   16  | 60.800 | 81.100 | 88.200 | 45.535 | 21.618 |
|   17  | 60.900 | 81.200 | 88.100 | 45.586 | 21.634 |
|   18  | 60.950 | 81.200 | 88.250 | 45.622 | 21.661 |
+-------+--------+--------+--------+--------+--------+
     logs:  {'epo': 18, 'R1': 60.95, 'R5': 81.2, 'R10': 88.25, 'mAP': 45.622, 'mINP': 21.661, 'entropy': 0.10170840471982956, 'loss': 1.1707762479782104, 'lr': 6.722313413645351e-05}
     Epoch[19] Iteration[10/24], entropy: 0.0478, loss: 1.1607, lr: 6.55e-05
     Epoch[19] Iteration[20/24], entropy: 0.1365, loss: 1.2938, lr: 9.55e-06
     Averaged stats: entropy: 0.1002, loss: 1.2102, lr: 3.94e-07
     itm tta time 0:00:03
### TTA Eval Score: 
+-------+--------+--------+--------+--------+--------+
| epoch |   R1   |   R5   |  R10   |  mAP   |  mINP  |
+-------+--------+--------+--------+--------+--------+
|  -999 | 59.550 | 80.100 | 87.100 | 44.128 | 20.533 |
|   0   | 59.850 | 80.200 | 87.200 | 44.358 | 20.707 |
|   1   | 59.800 | 80.200 | 87.200 | 44.396 | 20.729 |
|   2   | 60.150 | 80.500 | 87.250 | 44.599 | 20.891 |
|   3   | 60.200 | 80.500 | 87.250 | 44.635 | 20.930 |
|   4   | 60.500 | 80.500 | 87.450 | 44.798 | 20.999 |
|   5   | 60.650 | 80.650 | 87.450 | 44.853 | 21.032 |
|   6   | 60.750 | 80.800 | 87.500 | 44.987 | 21.192 |
|   7   | 60.800 | 80.850 | 87.500 | 45.022 | 21.215 |
|   8   | 60.900 | 80.650 | 87.850 | 45.128 | 21.256 |
|   9   | 60.900 | 80.750 | 87.850 | 45.156 | 21.277 |
|   10  | 60.850 | 80.650 | 88.000 | 45.237 | 21.340 |
|   11  | 60.850 | 80.750 | 88.000 | 45.271 | 21.379 |
|   12  | 60.900 | 80.950 | 88.250 | 45.337 | 21.458 |
|   13  | 60.900 | 80.900 | 88.200 | 45.381 | 21.469 |
|   14  | 60.850 | 80.950 | 88.200 | 45.441 | 21.518 |
|   15  | 60.800 | 81.000 | 88.300 | 45.465 | 21.558 |
|   16  | 60.800 | 81.100 | 88.200 | 45.535 | 21.618 |
|   17  | 60.900 | 81.200 | 88.100 | 45.586 | 21.634 |
|   18  | 60.950 | 81.200 | 88.250 | 45.622 | 21.661 |
|   19  | 61.000 | 81.200 | 88.300 | 45.664 | 21.715 |
+-------+--------+--------+--------+--------+--------+
     logs:  {'epo': 19, 'R1': 61.0, 'R5': 81.2, 'R10': 88.3, 'mAP': 45.664, 'mINP': 21.715, 'entropy': 0.09215569123625755, 'loss': 1.227281093597412, 'lr': 3.7500000000000254e-05}
     Epoch[20] Iteration[10/24], entropy: 0.0777, loss: 1.1863, lr: 2.87e-05
     Epoch[20] Iteration[20/24], entropy: 0.2290, loss: 1.3325, lr: 8.64e-05
     Averaged stats: entropy: 0.0584, loss: 1.1387, lr: 9.84e-05
     itm tta time 0:00:03
### TTA Eval Score: 
+-------+--------+--------+--------+--------+--------+
| epoch |   R1   |   R5   |  R10   |  mAP   |  mINP  |
+-------+--------+--------+--------+--------+--------+
|  -999 | 59.550 | 80.100 | 87.100 | 44.128 | 20.533 |
|   0   | 59.850 | 80.200 | 87.200 | 44.358 | 20.707 |
|   1   | 59.800 | 80.200 | 87.200 | 44.396 | 20.729 |
|   2   | 60.150 | 80.500 | 87.250 | 44.599 | 20.891 |
|   3   | 60.200 | 80.500 | 87.250 | 44.635 | 20.930 |
|   4   | 60.500 | 80.500 | 87.450 | 44.798 | 20.999 |
|   5   | 60.650 | 80.650 | 87.450 | 44.853 | 21.032 |
|   6   | 60.750 | 80.800 | 87.500 | 44.987 | 21.192 |
|   7   | 60.800 | 80.850 | 87.500 | 45.022 | 21.215 |
|   8   | 60.900 | 80.650 | 87.850 | 45.128 | 21.256 |
|   9   | 60.900 | 80.750 | 87.850 | 45.156 | 21.277 |
|   10  | 60.850 | 80.650 | 88.000 | 45.237 | 21.340 |
|   11  | 60.850 | 80.750 | 88.000 | 45.271 | 21.379 |
|   12  | 60.900 | 80.950 | 88.250 | 45.337 | 21.458 |
|   13  | 60.900 | 80.900 | 88.200 | 45.381 | 21.469 |
|   14  | 60.850 | 80.950 | 88.200 | 45.441 | 21.518 |
|   15  | 60.800 | 81.000 | 88.300 | 45.465 | 21.558 |
|   16  | 60.800 | 81.100 | 88.200 | 45.535 | 21.618 |
|   17  | 60.900 | 81.200 | 88.100 | 45.586 | 21.634 |
|   18  | 60.950 | 81.200 | 88.250 | 45.622 | 21.661 |
|   19  | 61.000 | 81.200 | 88.300 | 45.664 | 21.715 |
|   20  | 61.050 | 81.150 | 88.350 | 45.693 | 21.736 |
+-------+--------+--------+--------+--------+--------+
     logs:  {'epo': 20, 'R1': 61.05, 'R5': 81.15, 'R10': 88.35, 'mAP': 45.693, 'mINP': 21.736, 'entropy': 0.15335756540298462, 'loss': 1.2594025135040283, 'lr': 5.757973339640839e-05}
     Epoch[21] Iteration[10/24], entropy: 0.3016, loss: 1.3581, lr: 7.68e-05
     Epoch[21] Iteration[20/24], entropy: 0.0491, loss: 1.1367, lr: 1.81e-05
     Averaged stats: entropy: 0.1761, loss: 1.2521, lr: 3.51e-06
     itm tta time 0:00:03
### TTA Eval Score: 
+-------+--------+--------+--------+--------+--------+
| epoch |   R1   |   R5   |  R10   |  mAP   |  mINP  |
+-------+--------+--------+--------+--------+--------+
|  -999 | 59.550 | 80.100 | 87.100 | 44.128 | 20.533 |
|   0   | 59.850 | 80.200 | 87.200 | 44.358 | 20.707 |
|   1   | 59.800 | 80.200 | 87.200 | 44.396 | 20.729 |
|   2   | 60.150 | 80.500 | 87.250 | 44.599 | 20.891 |
|   3   | 60.200 | 80.500 | 87.250 | 44.635 | 20.930 |
|   4   | 60.500 | 80.500 | 87.450 | 44.798 | 20.999 |
|   5   | 60.650 | 80.650 | 87.450 | 44.853 | 21.032 |
|   6   | 60.750 | 80.800 | 87.500 | 44.987 | 21.192 |
|   7   | 60.800 | 80.850 | 87.500 | 45.022 | 21.215 |
|   8   | 60.900 | 80.650 | 87.850 | 45.128 | 21.256 |
|   9   | 60.900 | 80.750 | 87.850 | 45.156 | 21.277 |
|   10  | 60.850 | 80.650 | 88.000 | 45.237 | 21.340 |
|   11  | 60.850 | 80.750 | 88.000 | 45.271 | 21.379 |
|   12  | 60.900 | 80.950 | 88.250 | 45.337 | 21.458 |
|   13  | 60.900 | 80.900 | 88.200 | 45.381 | 21.469 |
|   14  | 60.850 | 80.950 | 88.200 | 45.441 | 21.518 |
|   15  | 60.800 | 81.000 | 88.300 | 45.465 | 21.558 |
|   16  | 60.800 | 81.100 | 88.200 | 45.535 | 21.618 |
|   17  | 60.900 | 81.200 | 88.100 | 45.586 | 21.634 |
|   18  | 60.950 | 81.200 | 88.250 | 45.622 | 21.661 |
|   19  | 61.000 | 81.200 | 88.300 | 45.664 | 21.715 |
|   20  | 61.050 | 81.150 | 88.350 | 45.693 | 21.736 |
|   21  | 61.050 | 81.200 | 88.400 | 45.742 | 21.772 |
+-------+--------+--------+--------+--------+--------+
     logs:  {'epo': 21, 'R1': 61.05, 'R5': 81.2, 'R10': 88.4, 'mAP': 45.742, 'mINP': 21.772, 'entropy': 0.1753497403115034, 'loss': 1.2473865151405334, 'lr': 4.746007013075771e-05}
     Epoch[22] Iteration[10/24], entropy: 0.3189, loss: 1.4224, lr: 1.81e-05
     Epoch[22] Iteration[20/24], entropy: 0.0965, loss: 1.1894, lr: 7.68e-05
     Averaged stats: entropy: 0.0886, loss: 1.2106, lr: 9.38e-05
     itm tta time 0:00:03
### TTA Eval Score: 
+-------+--------+--------+--------+--------+--------+
| epoch |   R1   |   R5   |  R10   |  mAP   |  mINP  |
+-------+--------+--------+--------+--------+--------+
|  -999 | 59.550 | 80.100 | 87.100 | 44.128 | 20.533 |
|   0   | 59.850 | 80.200 | 87.200 | 44.358 | 20.707 |
|   1   | 59.800 | 80.200 | 87.200 | 44.396 | 20.729 |
|   2   | 60.150 | 80.500 | 87.250 | 44.599 | 20.891 |
|   3   | 60.200 | 80.500 | 87.250 | 44.635 | 20.930 |
|   4   | 60.500 | 80.500 | 87.450 | 44.798 | 20.999 |
|   5   | 60.650 | 80.650 | 87.450 | 44.853 | 21.032 |
|   6   | 60.750 | 80.800 | 87.500 | 44.987 | 21.192 |
|   7   | 60.800 | 80.850 | 87.500 | 45.022 | 21.215 |
|   8   | 60.900 | 80.650 | 87.850 | 45.128 | 21.256 |
|   9   | 60.900 | 80.750 | 87.850 | 45.156 | 21.277 |
|   10  | 60.850 | 80.650 | 88.000 | 45.237 | 21.340 |
|   11  | 60.850 | 80.750 | 88.000 | 45.271 | 21.379 |
|   12  | 60.900 | 80.950 | 88.250 | 45.337 | 21.458 |
|   13  | 60.900 | 80.900 | 88.200 | 45.381 | 21.469 |
|   14  | 60.850 | 80.950 | 88.200 | 45.441 | 21.518 |
|   15  | 60.800 | 81.000 | 88.300 | 45.465 | 21.558 |
|   16  | 60.800 | 81.100 | 88.200 | 45.535 | 21.618 |
|   17  | 60.900 | 81.200 | 88.100 | 45.586 | 21.634 |
|   18  | 60.950 | 81.200 | 88.250 | 45.622 | 21.661 |
|   19  | 61.000 | 81.200 | 88.300 | 45.664 | 21.715 |
|   20  | 61.050 | 81.150 | 88.350 | 45.693 | 21.736 |
|   21  | 61.050 | 81.200 | 88.400 | 45.742 | 21.772 |
|   22  | 61.050 | 81.150 | 88.400 | 45.756 | 21.785 |
+-------+--------+--------+--------+--------+--------+
     logs:  {'epo': 22, 'R1': 61.05, 'R5': 81.15, 'R10': 88.4, 'mAP': 45.756, 'mINP': 21.785, 'entropy': 0.20770294964313507, 'loss': 1.3058888912200928, 'lr': 4.746007013075765e-05}
     Epoch[23] Iteration[10/24], entropy: 0.2707, loss: 1.3324, lr: 8.64e-05
     Epoch[23] Iteration[20/24], entropy: 0.0637, loss: 1.1320, lr: 2.87e-05
     Averaged stats: entropy: 0.2070, loss: 1.3614, lr: 9.55e-06
     itm tta time 0:00:03
### TTA Eval Score: 
+-------+--------+--------+--------+--------+--------+
| epoch |   R1   |   R5   |  R10   |  mAP   |  mINP  |
+-------+--------+--------+--------+--------+--------+
|  -999 | 59.550 | 80.100 | 87.100 | 44.128 | 20.533 |
|   0   | 59.850 | 80.200 | 87.200 | 44.358 | 20.707 |
|   1   | 59.800 | 80.200 | 87.200 | 44.396 | 20.729 |
|   2   | 60.150 | 80.500 | 87.250 | 44.599 | 20.891 |
|   3   | 60.200 | 80.500 | 87.250 | 44.635 | 20.930 |
|   4   | 60.500 | 80.500 | 87.450 | 44.798 | 20.999 |
|   5   | 60.650 | 80.650 | 87.450 | 44.853 | 21.032 |
|   6   | 60.750 | 80.800 | 87.500 | 44.987 | 21.192 |
|   7   | 60.800 | 80.850 | 87.500 | 45.022 | 21.215 |
|   8   | 60.900 | 80.650 | 87.850 | 45.128 | 21.256 |
|   9   | 60.900 | 80.750 | 87.850 | 45.156 | 21.277 |
|   10  | 60.850 | 80.650 | 88.000 | 45.237 | 21.340 |
|   11  | 60.850 | 80.750 | 88.000 | 45.271 | 21.379 |
|   12  | 60.900 | 80.950 | 88.250 | 45.337 | 21.458 |
|   13  | 60.900 | 80.900 | 88.200 | 45.381 | 21.469 |
|   14  | 60.850 | 80.950 | 88.200 | 45.441 | 21.518 |
|   15  | 60.800 | 81.000 | 88.300 | 45.465 | 21.558 |
|   16  | 60.800 | 81.100 | 88.200 | 45.535 | 21.618 |
|   17  | 60.900 | 81.200 | 88.100 | 45.586 | 21.634 |
|   18  | 60.950 | 81.200 | 88.250 | 45.622 | 21.661 |
|   19  | 61.000 | 81.200 | 88.300 | 45.664 | 21.715 |
|   20  | 61.050 | 81.150 | 88.350 | 45.693 | 21.736 |
|   21  | 61.050 | 81.200 | 88.400 | 45.742 | 21.772 |
|   22  | 61.050 | 81.150 | 88.400 | 45.756 | 21.785 |
|   23  | 61.050 | 81.150 | 88.550 | 45.782 | 21.786 |
+-------+--------+--------+--------+--------+--------+
     logs:  {'epo': 23, 'R1': 61.05, 'R5': 81.15, 'R10': 88.55, 'mAP': 45.782, 'mINP': 21.786, 'entropy': 0.1671978160738945, 'loss': 1.2322271466255188, 'lr': 5.7579733396408875e-05}
     Epoch[24] Iteration[10/24], entropy: 0.1340, loss: 1.2762, lr: 9.55e-06
     Epoch[24] Iteration[20/24], entropy: 0.1754, loss: 1.2636, lr: 6.55e-05
     Averaged stats: entropy: 0.0868, loss: 1.1548, lr: 8.64e-05
     itm tta time 0:00:03
### TTA Eval Score: 
+-------+--------+--------+--------+--------+--------+
| epoch |   R1   |   R5   |  R10   |  mAP   |  mINP  |
+-------+--------+--------+--------+--------+--------+
|  -999 | 59.550 | 80.100 | 87.100 | 44.128 | 20.533 |
|   0   | 59.850 | 80.200 | 87.200 | 44.358 | 20.707 |
|   1   | 59.800 | 80.200 | 87.200 | 44.396 | 20.729 |
|   2   | 60.150 | 80.500 | 87.250 | 44.599 | 20.891 |
|   3   | 60.200 | 80.500 | 87.250 | 44.635 | 20.930 |
|   4   | 60.500 | 80.500 | 87.450 | 44.798 | 20.999 |
|   5   | 60.650 | 80.650 | 87.450 | 44.853 | 21.032 |
|   6   | 60.750 | 80.800 | 87.500 | 44.987 | 21.192 |
|   7   | 60.800 | 80.850 | 87.500 | 45.022 | 21.215 |
|   8   | 60.900 | 80.650 | 87.850 | 45.128 | 21.256 |
|   9   | 60.900 | 80.750 | 87.850 | 45.156 | 21.277 |
|   10  | 60.850 | 80.650 | 88.000 | 45.237 | 21.340 |
|   11  | 60.850 | 80.750 | 88.000 | 45.271 | 21.379 |
|   12  | 60.900 | 80.950 | 88.250 | 45.337 | 21.458 |
|   13  | 60.900 | 80.900 | 88.200 | 45.381 | 21.469 |
|   14  | 60.850 | 80.950 | 88.200 | 45.441 | 21.518 |
|   15  | 60.800 | 81.000 | 88.300 | 45.465 | 21.558 |
|   16  | 60.800 | 81.100 | 88.200 | 45.535 | 21.618 |
|   17  | 60.900 | 81.200 | 88.100 | 45.586 | 21.634 |
|   18  | 60.950 | 81.200 | 88.250 | 45.622 | 21.661 |
|   19  | 61.000 | 81.200 | 88.300 | 45.664 | 21.715 |
|   20  | 61.050 | 81.150 | 88.350 | 45.693 | 21.736 |
|   21  | 61.050 | 81.200 | 88.400 | 45.742 | 21.772 |
|   22  | 61.050 | 81.150 | 88.400 | 45.756 | 21.785 |
|   23  | 61.050 | 81.150 | 88.550 | 45.782 | 21.786 |
|   24  | 61.050 | 81.200 | 88.550 | 45.802 | 21.814 |
+-------+--------+--------+--------+--------+--------+
     logs:  {'epo': 24, 'R1': 61.05, 'R5': 81.2, 'R10': 88.55, 'mAP': 45.802, 'mINP': 21.814, 'entropy': 0.1547342911362648, 'loss': 1.2698949575424194, 'lr': 3.750000000000006e-05}
     Epoch[25] Iteration[10/24], entropy: 0.2023, loss: 1.3461, lr: 9.38e-05
     Epoch[25] Iteration[20/24], entropy: 0.1915, loss: 1.2850, lr: 4.06e-05
     Averaged stats: entropy: 0.0995, loss: 1.2045, lr: 1.81e-05
     itm tta time 0:00:03
### TTA Eval Score: 
+-------+--------+--------+--------+--------+--------+
| epoch |   R1   |   R5   |  R10   |  mAP   |  mINP  |
+-------+--------+--------+--------+--------+--------+
|  -999 | 59.550 | 80.100 | 87.100 | 44.128 | 20.533 |
|   0   | 59.850 | 80.200 | 87.200 | 44.358 | 20.707 |
|   1   | 59.800 | 80.200 | 87.200 | 44.396 | 20.729 |
|   2   | 60.150 | 80.500 | 87.250 | 44.599 | 20.891 |
|   3   | 60.200 | 80.500 | 87.250 | 44.635 | 20.930 |
|   4   | 60.500 | 80.500 | 87.450 | 44.798 | 20.999 |
|   5   | 60.650 | 80.650 | 87.450 | 44.853 | 21.032 |
|   6   | 60.750 | 80.800 | 87.500 | 44.987 | 21.192 |
|   7   | 60.800 | 80.850 | 87.500 | 45.022 | 21.215 |
|   8   | 60.900 | 80.650 | 87.850 | 45.128 | 21.256 |
|   9   | 60.900 | 80.750 | 87.850 | 45.156 | 21.277 |
|   10  | 60.850 | 80.650 | 88.000 | 45.237 | 21.340 |
|   11  | 60.850 | 80.750 | 88.000 | 45.271 | 21.379 |
|   12  | 60.900 | 80.950 | 88.250 | 45.337 | 21.458 |
|   13  | 60.900 | 80.900 | 88.200 | 45.381 | 21.469 |
|   14  | 60.850 | 80.950 | 88.200 | 45.441 | 21.518 |
|   15  | 60.800 | 81.000 | 88.300 | 45.465 | 21.558 |
|   16  | 60.800 | 81.100 | 88.200 | 45.535 | 21.618 |
|   17  | 60.900 | 81.200 | 88.100 | 45.586 | 21.634 |
|   18  | 60.950 | 81.200 | 88.250 | 45.622 | 21.661 |
|   19  | 61.000 | 81.200 | 88.300 | 45.664 | 21.715 |
|   20  | 61.050 | 81.150 | 88.350 | 45.693 | 21.736 |
|   21  | 61.050 | 81.200 | 88.400 | 45.742 | 21.772 |
|   22  | 61.050 | 81.150 | 88.400 | 45.756 | 21.785 |
|   23  | 61.050 | 81.150 | 88.550 | 45.782 | 21.786 |
|   24  | 61.050 | 81.200 | 88.550 | 45.802 | 21.814 |
|   25  | 61.150 | 81.200 | 88.350 | 45.838 | 21.834 |
+-------+--------+--------+--------+--------+--------+
     logs:  {'epo': 25, 'R1': 61.15, 'R5': 81.2, 'R10': 88.35, 'mAP': 45.838, 'mINP': 21.834, 'entropy': 0.19690090417861938, 'loss': 1.3155173063278198, 'lr': 6.722313413645386e-05}
     Epoch[26] Iteration[10/24], entropy: 0.1214, loss: 1.2246, lr: 3.51e-06
     Epoch[26] Iteration[20/24], entropy: 0.1347, loss: 1.2246, lr: 5.31e-05
     Averaged stats: entropy: 0.0861, loss: 1.2194, lr: 7.68e-05
     itm tta time 0:00:03
### TTA Eval Score: 
+-------+--------+--------+--------+--------+--------+
| epoch |   R1   |   R5   |  R10   |  mAP   |  mINP  |
+-------+--------+--------+--------+--------+--------+
|  -999 | 59.550 | 80.100 | 87.100 | 44.128 | 20.533 |
|   0   | 59.850 | 80.200 | 87.200 | 44.358 | 20.707 |
|   1   | 59.800 | 80.200 | 87.200 | 44.396 | 20.729 |
|   2   | 60.150 | 80.500 | 87.250 | 44.599 | 20.891 |
|   3   | 60.200 | 80.500 | 87.250 | 44.635 | 20.930 |
|   4   | 60.500 | 80.500 | 87.450 | 44.798 | 20.999 |
|   5   | 60.650 | 80.650 | 87.450 | 44.853 | 21.032 |
|   6   | 60.750 | 80.800 | 87.500 | 44.987 | 21.192 |
|   7   | 60.800 | 80.850 | 87.500 | 45.022 | 21.215 |
|   8   | 60.900 | 80.650 | 87.850 | 45.128 | 21.256 |
|   9   | 60.900 | 80.750 | 87.850 | 45.156 | 21.277 |
|   10  | 60.850 | 80.650 | 88.000 | 45.237 | 21.340 |
|   11  | 60.850 | 80.750 | 88.000 | 45.271 | 21.379 |
|   12  | 60.900 | 80.950 | 88.250 | 45.337 | 21.458 |
|   13  | 60.900 | 80.900 | 88.200 | 45.381 | 21.469 |
|   14  | 60.850 | 80.950 | 88.200 | 45.441 | 21.518 |
|   15  | 60.800 | 81.000 | 88.300 | 45.465 | 21.558 |
|   16  | 60.800 | 81.100 | 88.200 | 45.535 | 21.618 |
|   17  | 60.900 | 81.200 | 88.100 | 45.586 | 21.634 |
|   18  | 60.950 | 81.200 | 88.250 | 45.622 | 21.661 |
|   19  | 61.000 | 81.200 | 88.300 | 45.664 | 21.715 |
|   20  | 61.050 | 81.150 | 88.350 | 45.693 | 21.736 |
|   21  | 61.050 | 81.200 | 88.400 | 45.742 | 21.772 |
|   22  | 61.050 | 81.150 | 88.400 | 45.756 | 21.785 |
|   23  | 61.050 | 81.150 | 88.550 | 45.782 | 21.786 |
|   24  | 61.050 | 81.200 | 88.550 | 45.802 | 21.814 |
|   25  | 61.150 | 81.200 | 88.350 | 45.838 | 21.834 |
|   26  | 61.150 | 81.150 | 88.500 | 45.839 | 21.829 |
+-------+--------+--------+--------+--------+--------+
     logs:  {'epo': 26, 'R1': 61.15, 'R5': 81.15, 'R10': 88.5, 'mAP': 45.839, 'mINP': 21.829, 'entropy': 0.12804611772298813, 'loss': 1.224582850933075, 'lr': 2.832535084102656e-05}
     Epoch[27] Iteration[10/24], entropy: 0.1825, loss: 1.2687, lr: 9.84e-05
     Epoch[27] Iteration[20/24], entropy: 0.1380, loss: 1.2459, lr: 5.31e-05
     Averaged stats: entropy: 0.1729, loss: 1.2972, lr: 2.87e-05
     itm tta time 0:00:03
### TTA Eval Score: 
+-------+--------+--------+--------+--------+--------+
| epoch |   R1   |   R5   |  R10   |  mAP   |  mINP  |
+-------+--------+--------+--------+--------+--------+
|  -999 | 59.550 | 80.100 | 87.100 | 44.128 | 20.533 |
|   0   | 59.850 | 80.200 | 87.200 | 44.358 | 20.707 |
|   1   | 59.800 | 80.200 | 87.200 | 44.396 | 20.729 |
|   2   | 60.150 | 80.500 | 87.250 | 44.599 | 20.891 |
|   3   | 60.200 | 80.500 | 87.250 | 44.635 | 20.930 |
|   4   | 60.500 | 80.500 | 87.450 | 44.798 | 20.999 |
|   5   | 60.650 | 80.650 | 87.450 | 44.853 | 21.032 |
|   6   | 60.750 | 80.800 | 87.500 | 44.987 | 21.192 |
|   7   | 60.800 | 80.850 | 87.500 | 45.022 | 21.215 |
|   8   | 60.900 | 80.650 | 87.850 | 45.128 | 21.256 |
|   9   | 60.900 | 80.750 | 87.850 | 45.156 | 21.277 |
|   10  | 60.850 | 80.650 | 88.000 | 45.237 | 21.340 |
|   11  | 60.850 | 80.750 | 88.000 | 45.271 | 21.379 |
|   12  | 60.900 | 80.950 | 88.250 | 45.337 | 21.458 |
|   13  | 60.900 | 80.900 | 88.200 | 45.381 | 21.469 |
|   14  | 60.850 | 80.950 | 88.200 | 45.441 | 21.518 |
|   15  | 60.800 | 81.000 | 88.300 | 45.465 | 21.558 |
|   16  | 60.800 | 81.100 | 88.200 | 45.535 | 21.618 |
|   17  | 60.900 | 81.200 | 88.100 | 45.586 | 21.634 |
|   18  | 60.950 | 81.200 | 88.250 | 45.622 | 21.661 |
|   19  | 61.000 | 81.200 | 88.300 | 45.664 | 21.715 |
|   20  | 61.050 | 81.150 | 88.350 | 45.693 | 21.736 |
|   21  | 61.050 | 81.200 | 88.400 | 45.742 | 21.772 |
|   22  | 61.050 | 81.150 | 88.400 | 45.756 | 21.785 |
|   23  | 61.050 | 81.150 | 88.550 | 45.782 | 21.786 |
|   24  | 61.050 | 81.200 | 88.550 | 45.802 | 21.814 |
|   25  | 61.150 | 81.200 | 88.350 | 45.838 | 21.834 |
|   26  | 61.150 | 81.150 | 88.500 | 45.839 | 21.829 |
|   27  | 61.100 | 81.050 | 88.550 | 45.873 | 21.845 |
+-------+--------+--------+--------+--------+--------+
     logs:  {'epo': 27, 'R1': 61.1, 'R5': 81.05, 'R10': 88.55, 'mAP': 45.873, 'mINP': 21.845, 'entropy': 0.160223126411438, 'loss': 1.2573259472846985, 'lr': 7.578434201644882e-05}
     Epoch[28] Iteration[10/24], entropy: 0.1236, loss: 1.2495, lr: 3.94e-07
     Epoch[28] Iteration[20/24], entropy: 0.2281, loss: 1.3601, lr: 4.06e-05
     Averaged stats: entropy: 0.1509, loss: 1.2628, lr: 6.55e-05
     itm tta time 0:00:03
### TTA Eval Score: 
+-------+--------+--------+--------+--------+--------+
| epoch |   R1   |   R5   |  R10   |  mAP   |  mINP  |
+-------+--------+--------+--------+--------+--------+
|  -999 | 59.550 | 80.100 | 87.100 | 44.128 | 20.533 |
|   0   | 59.850 | 80.200 | 87.200 | 44.358 | 20.707 |
|   1   | 59.800 | 80.200 | 87.200 | 44.396 | 20.729 |
|   2   | 60.150 | 80.500 | 87.250 | 44.599 | 20.891 |
|   3   | 60.200 | 80.500 | 87.250 | 44.635 | 20.930 |
|   4   | 60.500 | 80.500 | 87.450 | 44.798 | 20.999 |
|   5   | 60.650 | 80.650 | 87.450 | 44.853 | 21.032 |
|   6   | 60.750 | 80.800 | 87.500 | 44.987 | 21.192 |
|   7   | 60.800 | 80.850 | 87.500 | 45.022 | 21.215 |
|   8   | 60.900 | 80.650 | 87.850 | 45.128 | 21.256 |
|   9   | 60.900 | 80.750 | 87.850 | 45.156 | 21.277 |
|   10  | 60.850 | 80.650 | 88.000 | 45.237 | 21.340 |
|   11  | 60.850 | 80.750 | 88.000 | 45.271 | 21.379 |
|   12  | 60.900 | 80.950 | 88.250 | 45.337 | 21.458 |
|   13  | 60.900 | 80.900 | 88.200 | 45.381 | 21.469 |
|   14  | 60.850 | 80.950 | 88.200 | 45.441 | 21.518 |
|   15  | 60.800 | 81.000 | 88.300 | 45.465 | 21.558 |
|   16  | 60.800 | 81.100 | 88.200 | 45.535 | 21.618 |
|   17  | 60.900 | 81.200 | 88.100 | 45.586 | 21.634 |
|   18  | 60.950 | 81.200 | 88.250 | 45.622 | 21.661 |
|   19  | 61.000 | 81.200 | 88.300 | 45.664 | 21.715 |
|   20  | 61.050 | 81.150 | 88.350 | 45.693 | 21.736 |
|   21  | 61.050 | 81.200 | 88.400 | 45.742 | 21.772 |
|   22  | 61.050 | 81.150 | 88.400 | 45.756 | 21.785 |
|   23  | 61.050 | 81.150 | 88.550 | 45.782 | 21.786 |
|   24  | 61.050 | 81.200 | 88.550 | 45.802 | 21.814 |
|   25  | 61.150 | 81.200 | 88.350 | 45.838 | 21.834 |
|   26  | 61.150 | 81.150 | 88.500 | 45.839 | 21.829 |
|   27  | 61.100 | 81.050 | 88.550 | 45.873 | 21.845 |
|   28  | 61.300 | 81.050 | 88.600 | 45.902 | 21.851 |
+-------+--------+--------+--------+--------+--------+
     logs:  {'epo': 28, 'R1': 61.3, 'R5': 81.05, 'R10': 88.6, 'mAP': 45.902, 'mINP': 21.851, 'entropy': 0.17582904919981956, 'loss': 1.304797112941742, 'lr': 2.05125996024951e-05}
     Epoch[29] Iteration[10/24], entropy: 0.1804, loss: 1.2501, lr: 1.00e-04
     Epoch[29] Iteration[20/24], entropy: 0.1109, loss: 1.1941, lr: 6.55e-05
     Averaged stats: entropy: 0.1247, loss: 1.1839, lr: 4.06e-05
     itm tta time 0:00:03
### TTA Eval Score: 
+-------+--------+--------+--------+--------+--------+
| epoch |   R1   |   R5   |  R10   |  mAP   |  mINP  |
+-------+--------+--------+--------+--------+--------+
|  -999 | 59.550 | 80.100 | 87.100 | 44.128 | 20.533 |
|   0   | 59.850 | 80.200 | 87.200 | 44.358 | 20.707 |
|   1   | 59.800 | 80.200 | 87.200 | 44.396 | 20.729 |
|   2   | 60.150 | 80.500 | 87.250 | 44.599 | 20.891 |
|   3   | 60.200 | 80.500 | 87.250 | 44.635 | 20.930 |
|   4   | 60.500 | 80.500 | 87.450 | 44.798 | 20.999 |
|   5   | 60.650 | 80.650 | 87.450 | 44.853 | 21.032 |
|   6   | 60.750 | 80.800 | 87.500 | 44.987 | 21.192 |
|   7   | 60.800 | 80.850 | 87.500 | 45.022 | 21.215 |
|   8   | 60.900 | 80.650 | 87.850 | 45.128 | 21.256 |
|   9   | 60.900 | 80.750 | 87.850 | 45.156 | 21.277 |
|   10  | 60.850 | 80.650 | 88.000 | 45.237 | 21.340 |
|   11  | 60.850 | 80.750 | 88.000 | 45.271 | 21.379 |
|   12  | 60.900 | 80.950 | 88.250 | 45.337 | 21.458 |
|   13  | 60.900 | 80.900 | 88.200 | 45.381 | 21.469 |
|   14  | 60.850 | 80.950 | 88.200 | 45.441 | 21.518 |
|   15  | 60.800 | 81.000 | 88.300 | 45.465 | 21.558 |
|   16  | 60.800 | 81.100 | 88.200 | 45.535 | 21.618 |
|   17  | 60.900 | 81.200 | 88.100 | 45.586 | 21.634 |
|   18  | 60.950 | 81.200 | 88.250 | 45.622 | 21.661 |
|   19  | 61.000 | 81.200 | 88.300 | 45.664 | 21.715 |
|   20  | 61.050 | 81.150 | 88.350 | 45.693 | 21.736 |
|   21  | 61.050 | 81.200 | 88.400 | 45.742 | 21.772 |
|   22  | 61.050 | 81.150 | 88.400 | 45.756 | 21.785 |
|   23  | 61.050 | 81.150 | 88.550 | 45.782 | 21.786 |
|   24  | 61.050 | 81.200 | 88.550 | 45.802 | 21.814 |
|   25  | 61.150 | 81.200 | 88.350 | 45.838 | 21.834 |
|   26  | 61.150 | 81.150 | 88.500 | 45.839 | 21.829 |
|   27  | 61.100 | 81.050 | 88.550 | 45.873 | 21.845 |
|   28  | 61.300 | 81.050 | 88.600 | 45.902 | 21.851 |
|   29  | 61.250 | 81.050 | 88.600 | 45.917 | 21.863 |
+-------+--------+--------+--------+--------+--------+
     logs:  {'epo': 29, 'R1': 61.25, 'R5': 81.05, 'R10': 88.6, 'mAP': 45.917, 'mINP': 21.863, 'entropy': 0.14568869024515152, 'loss': 1.2220934629440308, 'lr': 8.272542485937394e-05}
### best epoch 28 : {'epo': '28', 'R1': '61.3', 'R5': '81.05', 'R10': '88.6', 'mAP': '45.902', 'mINP': '21.851', 'entropy': '0.17582904919981956', 'loss': '1.304797112941742', 'lr': '2.05125996024951e-05'}
### Time 0:03:35
