Not using distributed mode
### Hyper-parameters:
     output_dir: output_rerun2/ham_cuhk_tta/exp14/exp14.0/2025091901301
     seed: 42
     device: cuda
     batch_size_tta: 16
     epochs: 20
     lr: 5e-05
### Creating test dataset
     test_txt_set: 6156    test_img_set: 3074
     test_txt_loader: 13    test_img_loader: 7
### Creating model
Training Model with ['sdm', 'id', 'mlm'] tasks
Resized position embedding from size:torch.Size([1, 197, 768]) to size: torch.Size([1, 193, 768]) with height:24 width: 8
     Total Params Sum:  194535419
### Zero-Shot Score: 
/home/jiahao/task/IRRA/tta.py:284: FutureWarning: `torch.cuda.amp.GradScaler(args...)` is deprecated. Please use `torch.amp.GradScaler('cuda', args...)` instead.
  scaler = GradScaler()  # bf16
+-------+--------+--------+--------+--------+--------+
| epoch |   R1   |   R5   |  R10   |  mAP   |  mINP  |
+-------+--------+--------+--------+--------+--------+
|  -999 | 70.647 | 86.940 | 91.797 | 63.400 | 47.058 |
+-------+--------+--------+--------+--------+--------+
### TTA:
### Compute Cos Similarity Uncertainty
     preprocess_tta_coefficients  start
     sample selection ...
     number of sample after sample_selection: 5168
     uncertainty ...
     pos/neg sampling ...
      number of sample after pos/neg sampling: torch.Size([6156, 8])
     preprocess_tta_coefficients  end
### Creating TTA dataset
     tta_dataset: 5168
### Creating tta dataloader
### be careful: func create_loader returns a list length of 1
     tta_loader: 323
### Configure adapted weights
     TTA Dropout Modules: 
 []
     TTA Require Gradient Params: 
 [('base_model.transformer.resblocks.1.ln_1.weight', torch.Size([512])), ('base_model.transformer.resblocks.1.ln_1.bias', torch.Size([512])), ('base_model.transformer.resblocks.1.ln_2.weight', torch.Size([512])), ('base_model.transformer.resblocks.1.ln_2.bias', torch.Size([512])), ('base_model.transformer.resblocks.2.ln_1.weight', torch.Size([512])), ('base_model.transformer.resblocks.2.ln_1.bias', torch.Size([512])), ('base_model.transformer.resblocks.2.ln_2.weight', torch.Size([512])), ('base_model.transformer.resblocks.2.ln_2.bias', torch.Size([512])), ('base_model.transformer.resblocks.3.ln_1.weight', torch.Size([512])), ('base_model.transformer.resblocks.3.ln_1.bias', torch.Size([512])), ('base_model.transformer.resblocks.3.ln_2.weight', torch.Size([512])), ('base_model.transformer.resblocks.3.ln_2.bias', torch.Size([512])), ('base_model.transformer.resblocks.4.ln_1.weight', torch.Size([512])), ('base_model.transformer.resblocks.4.ln_1.bias', torch.Size([512])), ('base_model.transformer.resblocks.4.ln_2.weight', torch.Size([512])), ('base_model.transformer.resblocks.4.ln_2.bias', torch.Size([512])), ('base_model.transformer.resblocks.5.ln_1.weight', torch.Size([512])), ('base_model.transformer.resblocks.5.ln_1.bias', torch.Size([512])), ('base_model.transformer.resblocks.5.ln_2.weight', torch.Size([512])), ('base_model.transformer.resblocks.5.ln_2.bias', torch.Size([512])), ('base_model.transformer.resblocks.7.ln_1.weight', torch.Size([512])), ('base_model.transformer.resblocks.7.ln_1.bias', torch.Size([512])), ('base_model.transformer.resblocks.7.ln_2.weight', torch.Size([512])), ('base_model.transformer.resblocks.7.ln_2.bias', torch.Size([512])), ('base_model.transformer.resblocks.8.ln_1.weight', torch.Size([512])), ('base_model.transformer.resblocks.8.ln_1.bias', torch.Size([512])), ('base_model.transformer.resblocks.8.ln_2.weight', torch.Size([512])), ('base_model.transformer.resblocks.8.ln_2.bias', torch.Size([512])), ('base_model.transformer.resblocks.9.ln_1.weight', torch.Size([512])), ('base_model.transformer.resblocks.9.ln_1.bias', torch.Size([512])), ('base_model.transformer.resblocks.9.ln_2.weight', torch.Size([512])), ('base_model.transformer.resblocks.9.ln_2.bias', torch.Size([512])), ('base_model.transformer.resblocks.10.ln_1.weight', torch.Size([512])), ('base_model.transformer.resblocks.10.ln_1.bias', torch.Size([512])), ('base_model.transformer.resblocks.10.ln_2.weight', torch.Size([512])), ('base_model.transformer.resblocks.10.ln_2.bias', torch.Size([512])), ('base_model.transformer.resblocks.11.ln_1.weight', torch.Size([512])), ('base_model.transformer.resblocks.11.ln_1.bias', torch.Size([512])), ('base_model.transformer.resblocks.11.ln_2.weight', torch.Size([512])), ('base_model.transformer.resblocks.11.ln_2.bias', torch.Size([512])), ('base_model.ln_final.weight', torch.Size([512])), ('base_model.ln_final.bias', torch.Size([512]))]
     TTA Dropout Modules Number: 
 0
     TTA Require Gradient Params Sum: 
 21504
Using 5.0 times learning rate for random init module 
### Start Test Time Adaptation : num_epoch = 20
/home/jiahao/task/IRRA/tta.py:67: FutureWarning: `torch.cuda.amp.autocast(args...)` is deprecated. Please use `torch.amp.autocast('cuda', args...)` instead.
  with torch.cuda.amp.autocast(enabled=True):
     Epoch[0] Iteration[10/323], entropy: 0.3363, uncertainty: 3.7653, uncertainty_coeffi: 0.0100, loss: 0.1024, lr: 4.17e-05
     Epoch[0] Iteration[20/323], entropy: 0.2706, uncertainty: 3.1795, uncertainty_coeffi: 0.0100, loss: 0.1483, lr: 5.46e-07
     Epoch[0] Iteration[30/323], entropy: 0.3029, uncertainty: 2.5635, uncertainty_coeffi: 0.0100, loss: 0.1726, lr: 3.27e-05
     Epoch[0] Iteration[40/323], entropy: 0.3625, uncertainty: 3.4390, uncertainty_coeffi: 0.0100, loss: 0.1578, lr: 4.17e-05
     Epoch[0] Iteration[50/323], entropy: 0.3490, uncertainty: 2.6743, uncertainty_coeffi: 0.0100, loss: 0.1327, lr: 5.46e-07
     Epoch[0] Iteration[60/323], entropy: 0.2331, uncertainty: 2.8437, uncertainty_coeffi: 0.0100, loss: 0.1205, lr: 3.27e-05
     Epoch[0] Iteration[70/323], entropy: 0.3129, uncertainty: 3.5693, uncertainty_coeffi: 0.0100, loss: 0.1217, lr: 4.17e-05
     Epoch[0] Iteration[80/323], entropy: 0.2171, uncertainty: 3.5477, uncertainty_coeffi: 0.0100, loss: 0.1109, lr: 5.46e-07
     Epoch[0] Iteration[90/323], entropy: 0.1466, uncertainty: 2.3483, uncertainty_coeffi: 0.0100, loss: 0.0909, lr: 3.27e-05
     Epoch[0] Iteration[100/323], entropy: 0.4842, uncertainty: 3.3714, uncertainty_coeffi: 0.0100, loss: 0.2346, lr: 4.17e-05
     Epoch[0] Iteration[110/323], entropy: 0.5380, uncertainty: 4.0797, uncertainty_coeffi: 0.0100, loss: 0.1737, lr: 5.46e-07
     Epoch[0] Iteration[120/323], entropy: 0.2524, uncertainty: 2.5366, uncertainty_coeffi: 0.0100, loss: 0.1061, lr: 3.27e-05
     Epoch[0] Iteration[130/323], entropy: 0.3446, uncertainty: 3.0336, uncertainty_coeffi: 0.0100, loss: 0.1808, lr: 4.17e-05
     Epoch[0] Iteration[140/323], entropy: 0.1911, uncertainty: 2.7463, uncertainty_coeffi: 0.0100, loss: 0.1158, lr: 5.46e-07
     Epoch[0] Iteration[150/323], entropy: 0.1210, uncertainty: 2.8852, uncertainty_coeffi: 0.0100, loss: 0.0621, lr: 3.27e-05
     Epoch[0] Iteration[160/323], entropy: 0.4411, uncertainty: 2.8207, uncertainty_coeffi: 0.0100, loss: 0.1602, lr: 4.17e-05
     Epoch[0] Iteration[170/323], entropy: 0.4634, uncertainty: 3.4640, uncertainty_coeffi: 0.0100, loss: 0.2370, lr: 5.46e-07
     Epoch[0] Iteration[180/323], entropy: 0.1922, uncertainty: 2.8444, uncertainty_coeffi: 0.0100, loss: 0.0946, lr: 3.27e-05
     Epoch[0] Iteration[190/323], entropy: 0.3077, uncertainty: 3.1987, uncertainty_coeffi: 0.0100, loss: 0.1017, lr: 4.17e-05
     Epoch[0] Iteration[200/323], entropy: 0.0821, uncertainty: 3.6191, uncertainty_coeffi: 0.0100, loss: 0.0748, lr: 5.46e-07
     Epoch[0] Iteration[210/323], entropy: 0.3104, uncertainty: 2.5379, uncertainty_coeffi: 0.0100, loss: 0.1755, lr: 3.27e-05
     Epoch[0] Iteration[220/323], entropy: 0.1457, uncertainty: 3.5522, uncertainty_coeffi: 0.0100, loss: 0.0762, lr: 4.17e-05
     Epoch[0] Iteration[230/323], entropy: 0.4514, uncertainty: 2.7986, uncertainty_coeffi: 0.0100, loss: 0.1817, lr: 5.46e-07
     Epoch[0] Iteration[240/323], entropy: 0.3700, uncertainty: 3.1634, uncertainty_coeffi: 0.0100, loss: 0.1284, lr: 3.27e-05
     Epoch[0] Iteration[250/323], entropy: 0.1726, uncertainty: 2.6353, uncertainty_coeffi: 0.0100, loss: 0.0925, lr: 4.17e-05
     Epoch[0] Iteration[260/323], entropy: 0.1985, uncertainty: 3.4544, uncertainty_coeffi: 0.0100, loss: 0.0956, lr: 5.46e-07
     Epoch[0] Iteration[270/323], entropy: 0.1827, uncertainty: 2.0927, uncertainty_coeffi: 0.0100, loss: 0.0863, lr: 3.27e-05
     Epoch[0] Iteration[280/323], entropy: 0.5352, uncertainty: 4.2886, uncertainty_coeffi: 0.0100, loss: 0.1519, lr: 4.17e-05
     Epoch[0] Iteration[290/323], entropy: 0.1137, uncertainty: 2.6513, uncertainty_coeffi: 0.0100, loss: 0.0769, lr: 5.46e-07
     Epoch[0] Iteration[300/323], entropy: 0.2166, uncertainty: 3.1483, uncertainty_coeffi: 0.0100, loss: 0.1103, lr: 3.27e-05
     Epoch[0] Iteration[310/323], entropy: 0.2434, uncertainty: 3.5490, uncertainty_coeffi: 0.0100, loss: 0.1055, lr: 4.17e-05
     Epoch[0] Iteration[320/323], entropy: 0.2211, uncertainty: 2.2765, uncertainty_coeffi: 0.0100, loss: 0.1511, lr: 5.46e-07
     Averaged stats: entropy_avg: 0.2847, uncertainty_avg: 3.0837, uncertainty_coeffi_avg: 0.0100, loss_avg: 0.1291, lr_avg: 2.48e-05
     itm tta time 0:01:28
### TTA Eval Score: 
+-------+--------+--------+--------+--------+--------+
| epoch |   R1   |   R5   |  R10   |  mAP   |  mINP  |
+-------+--------+--------+--------+--------+--------+
|  -999 | 70.647 | 86.940 | 91.797 | 63.400 | 47.058 |
|   0   | 70.695 | 86.891 | 91.845 | 63.444 | 47.134 |
+-------+--------+--------+--------+--------+--------+
     logs:  {'epo': 0, 'R1': np.float32(70.695), 'R5': np.float32(86.891), 'R10': np.float32(91.845), 'mAP': np.float32(63.444), 'mINP': np.float32(47.134), 'entropy': 0.2846929158549756, 'uncertainty': 3.083694875240326, 'uncertainty_coeffi': 0.009999999776482582, 'loss': 0.12909902271348983, 'lr': 2.4758580473144577e-05}
     Epoch[1] Iteration[10/323], entropy: 0.2727, uncertainty: 3.0047, uncertainty_coeffi: 0.0100, loss: 0.1326, lr: 4.52e-05
     Epoch[1] Iteration[20/323], entropy: 0.3090, uncertainty: 2.9433, uncertainty_coeffi: 0.0100, loss: 0.1843, lr: 2.76e-05
     Epoch[1] Iteration[30/323], entropy: 0.3660, uncertainty: 3.4741, uncertainty_coeffi: 0.0100, loss: 0.1615, lr: 2.16e-06
     Epoch[1] Iteration[40/323], entropy: 0.4395, uncertainty: 3.5548, uncertainty_coeffi: 0.0100, loss: 0.2035, lr: 4.52e-05
     Epoch[1] Iteration[50/323], entropy: 0.2350, uncertainty: 2.4728, uncertainty_coeffi: 0.0100, loss: 0.0987, lr: 2.76e-05
     Epoch[1] Iteration[60/323], entropy: 0.4782, uncertainty: 3.1916, uncertainty_coeffi: 0.0100, loss: 0.2503, lr: 2.16e-06
     Epoch[1] Iteration[70/323], entropy: 0.1314, uncertainty: 2.9219, uncertainty_coeffi: 0.0100, loss: 0.0633, lr: 4.52e-05
     Epoch[1] Iteration[80/323], entropy: 0.2721, uncertainty: 3.1044, uncertainty_coeffi: 0.0100, loss: 0.1017, lr: 2.76e-05
     Epoch[1] Iteration[90/323], entropy: 0.4829, uncertainty: 3.8161, uncertainty_coeffi: 0.0100, loss: 0.1588, lr: 2.16e-06
     Epoch[1] Iteration[100/323], entropy: 0.3268, uncertainty: 2.6144, uncertainty_coeffi: 0.0100, loss: 0.1341, lr: 4.52e-05
     Epoch[1] Iteration[110/323], entropy: 0.2648, uncertainty: 2.6710, uncertainty_coeffi: 0.0100, loss: 0.1228, lr: 2.76e-05
     Epoch[1] Iteration[120/323], entropy: 0.2366, uncertainty: 2.7389, uncertainty_coeffi: 0.0100, loss: 0.1290, lr: 2.16e-06
     Epoch[1] Iteration[130/323], entropy: 0.2385, uncertainty: 2.9031, uncertainty_coeffi: 0.0100, loss: 0.1253, lr: 4.52e-05
     Epoch[1] Iteration[140/323], entropy: 0.2856, uncertainty: 3.6259, uncertainty_coeffi: 0.0100, loss: 0.1240, lr: 2.76e-05
     Epoch[1] Iteration[150/323], entropy: 0.1971, uncertainty: 2.4930, uncertainty_coeffi: 0.0100, loss: 0.1436, lr: 2.16e-06
     Epoch[1] Iteration[160/323], entropy: 0.0896, uncertainty: 2.9976, uncertainty_coeffi: 0.0100, loss: 0.0608, lr: 4.52e-05
     Epoch[1] Iteration[170/323], entropy: 0.0751, uncertainty: 3.1469, uncertainty_coeffi: 0.0100, loss: 0.0558, lr: 2.76e-05
     Epoch[1] Iteration[180/323], entropy: 0.3298, uncertainty: 3.3821, uncertainty_coeffi: 0.0100, loss: 0.2002, lr: 2.16e-06
     Epoch[1] Iteration[190/323], entropy: 0.1894, uncertainty: 2.2958, uncertainty_coeffi: 0.0100, loss: 0.0932, lr: 4.52e-05
     Epoch[1] Iteration[200/323], entropy: 0.3452, uncertainty: 3.5165, uncertainty_coeffi: 0.0100, loss: 0.1091, lr: 2.76e-05
     Epoch[1] Iteration[210/323], entropy: 0.1547, uncertainty: 3.6127, uncertainty_coeffi: 0.0100, loss: 0.0684, lr: 2.16e-06
     Epoch[1] Iteration[220/323], entropy: 0.2180, uncertainty: 3.7777, uncertainty_coeffi: 0.0100, loss: 0.1312, lr: 4.52e-05
     Epoch[1] Iteration[230/323], entropy: 0.3640, uncertainty: 2.8532, uncertainty_coeffi: 0.0100, loss: 0.1880, lr: 2.76e-05
     Epoch[1] Iteration[240/323], entropy: 0.2789, uncertainty: 2.1623, uncertainty_coeffi: 0.0100, loss: 0.1809, lr: 2.16e-06
     Epoch[1] Iteration[250/323], entropy: 0.2064, uncertainty: 3.0989, uncertainty_coeffi: 0.0100, loss: 0.0971, lr: 4.52e-05
     Epoch[1] Iteration[260/323], entropy: 0.3782, uncertainty: 2.4888, uncertainty_coeffi: 0.0100, loss: 0.1551, lr: 2.76e-05
     Epoch[1] Iteration[270/323], entropy: 0.3383, uncertainty: 3.3164, uncertainty_coeffi: 0.0100, loss: 0.1594, lr: 2.16e-06
     Epoch[1] Iteration[280/323], entropy: 0.0646, uncertainty: 2.4173, uncertainty_coeffi: 0.0100, loss: 0.0534, lr: 4.52e-05
     Epoch[1] Iteration[290/323], entropy: 0.2001, uncertainty: 2.5764, uncertainty_coeffi: 0.0100, loss: 0.1120, lr: 2.76e-05
     Epoch[1] Iteration[300/323], entropy: 0.3779, uncertainty: 3.6067, uncertainty_coeffi: 0.0100, loss: 0.1940, lr: 2.16e-06
     Epoch[1] Iteration[310/323], entropy: 0.3043, uncertainty: 1.8721, uncertainty_coeffi: 0.0100, loss: 0.2075, lr: 4.52e-05
     Epoch[1] Iteration[320/323], entropy: 0.1940, uncertainty: 2.8397, uncertainty_coeffi: 0.0100, loss: 0.1233, lr: 2.76e-05
     Averaged stats: entropy_avg: 0.2701, uncertainty_avg: 2.9841, uncertainty_coeffi_avg: 0.0100, loss_avg: 0.1351, lr_avg: 2.57e-05
     itm tta time 0:01:30
### TTA Eval Score: 
+-------+--------+--------+--------+--------+--------+
| epoch |   R1   |   R5   |  R10   |  mAP   |  mINP  |
+-------+--------+--------+--------+--------+--------+
|  -999 | 70.647 | 86.940 | 91.797 | 63.400 | 47.058 |
|   0   | 70.695 | 86.891 | 91.845 | 63.444 | 47.134 |
|   1   | 70.825 | 86.875 | 91.927 | 63.490 | 47.196 |
+-------+--------+--------+--------+--------+--------+
     logs:  {'epo': 1, 'R1': np.float32(70.825), 'R5': np.float32(86.875), 'R10': np.float32(91.927), 'mAP': np.float32(63.49), 'mINP': np.float32(47.196), 'entropy': 0.2701488637831062, 'uncertainty': 2.9840939939022064, 'uncertainty_coeffi': 0.009999999776482582, 'loss': 0.13508621812798083, 'lr': 2.5713707388783234e-05}
     Epoch[2] Iteration[10/323], entropy: 0.1486, uncertainty: 3.0098, uncertainty_coeffi: 0.0100, loss: 0.0911, lr: 1.25e-05
     Epoch[2] Iteration[20/323], entropy: 0.4200, uncertainty: 3.7145, uncertainty_coeffi: 0.0100, loss: 0.1234, lr: 5.00e-05
     Epoch[2] Iteration[30/323], entropy: 0.2089, uncertainty: 2.0433, uncertainty_coeffi: 0.0100, loss: 0.1658, lr: 1.25e-05
     Epoch[2] Iteration[40/323], entropy: 0.2337, uncertainty: 3.2554, uncertainty_coeffi: 0.0100, loss: 0.0848, lr: 1.25e-05
     Epoch[2] Iteration[50/323], entropy: 0.4341, uncertainty: 2.8617, uncertainty_coeffi: 0.0100, loss: 0.2442, lr: 5.00e-05
     Epoch[2] Iteration[60/323], entropy: 0.2328, uncertainty: 3.4548, uncertainty_coeffi: 0.0100, loss: 0.1006, lr: 1.25e-05
     Epoch[2] Iteration[70/323], entropy: 0.1834, uncertainty: 3.2857, uncertainty_coeffi: 0.0100, loss: 0.1203, lr: 1.25e-05
     Epoch[2] Iteration[80/323], entropy: 0.4094, uncertainty: 3.2794, uncertainty_coeffi: 0.0100, loss: 0.1955, lr: 5.00e-05
     Epoch[2] Iteration[90/323], entropy: 0.1942, uncertainty: 3.1257, uncertainty_coeffi: 0.0100, loss: 0.0969, lr: 1.25e-05
     Epoch[2] Iteration[100/323], entropy: 0.2792, uncertainty: 3.0279, uncertainty_coeffi: 0.0100, loss: 0.1754, lr: 1.25e-05
     Epoch[2] Iteration[110/323], entropy: 0.1691, uncertainty: 2.1555, uncertainty_coeffi: 0.0100, loss: 0.1145, lr: 5.00e-05
     Epoch[2] Iteration[120/323], entropy: 0.1709, uncertainty: 2.5808, uncertainty_coeffi: 0.0100, loss: 0.1124, lr: 1.25e-05
     Epoch[2] Iteration[130/323], entropy: 0.3522, uncertainty: 4.2132, uncertainty_coeffi: 0.0100, loss: 0.1393, lr: 1.25e-05
     Epoch[2] Iteration[140/323], entropy: 0.2532, uncertainty: 2.5575, uncertainty_coeffi: 0.0100, loss: 0.1281, lr: 5.00e-05
     Epoch[2] Iteration[150/323], entropy: 0.2913, uncertainty: 3.8681, uncertainty_coeffi: 0.0100, loss: 0.1064, lr: 1.25e-05
     Epoch[2] Iteration[160/323], entropy: 0.1989, uncertainty: 2.8430, uncertainty_coeffi: 0.0100, loss: 0.0769, lr: 1.25e-05
     Epoch[2] Iteration[170/323], entropy: 0.1002, uncertainty: 2.6989, uncertainty_coeffi: 0.0100, loss: 0.0859, lr: 5.00e-05
     Epoch[2] Iteration[180/323], entropy: 0.5483, uncertainty: 3.9097, uncertainty_coeffi: 0.0100, loss: 0.2188, lr: 1.25e-05
     Epoch[2] Iteration[190/323], entropy: 0.6024, uncertainty: 4.1243, uncertainty_coeffi: 0.0100, loss: 0.1726, lr: 1.25e-05
     Epoch[2] Iteration[200/323], entropy: 0.3158, uncertainty: 2.8124, uncertainty_coeffi: 0.0100, loss: 0.1700, lr: 5.00e-05
     Epoch[2] Iteration[210/323], entropy: 0.3441, uncertainty: 2.9359, uncertainty_coeffi: 0.0100, loss: 0.1407, lr: 1.25e-05
     Epoch[2] Iteration[220/323], entropy: 0.2685, uncertainty: 2.5412, uncertainty_coeffi: 0.0100, loss: 0.1020, lr: 1.25e-05
     Epoch[2] Iteration[230/323], entropy: 0.3402, uncertainty: 2.7721, uncertainty_coeffi: 0.0100, loss: 0.1862, lr: 5.00e-05
     Epoch[2] Iteration[240/323], entropy: 0.2391, uncertainty: 3.2007, uncertainty_coeffi: 0.0100, loss: 0.0961, lr: 1.25e-05
     Epoch[2] Iteration[250/323], entropy: 0.2005, uncertainty: 2.6655, uncertainty_coeffi: 0.0100, loss: 0.1296, lr: 1.25e-05
     Epoch[2] Iteration[260/323], entropy: 0.2710, uncertainty: 2.6553, uncertainty_coeffi: 0.0100, loss: 0.1106, lr: 5.00e-05
     Epoch[2] Iteration[270/323], entropy: 0.1385, uncertainty: 2.9814, uncertainty_coeffi: 0.0100, loss: 0.0761, lr: 1.25e-05
     Epoch[2] Iteration[280/323], entropy: 0.5063, uncertainty: 3.2445, uncertainty_coeffi: 0.0100, loss: 0.2412, lr: 1.25e-05
     Epoch[2] Iteration[290/323], entropy: 0.3677, uncertainty: 2.6681, uncertainty_coeffi: 0.0100, loss: 0.2069, lr: 5.00e-05
     Epoch[2] Iteration[300/323], entropy: 0.3004, uncertainty: 3.2208, uncertainty_coeffi: 0.0100, loss: 0.1705, lr: 1.25e-05
     Epoch[2] Iteration[310/323], entropy: 0.2061, uncertainty: 3.8470, uncertainty_coeffi: 0.0100, loss: 0.0995, lr: 1.25e-05
     Epoch[2] Iteration[320/323], entropy: 0.1519, uncertainty: 3.1683, uncertainty_coeffi: 0.0100, loss: 0.0783, lr: 5.00e-05
     Averaged stats: entropy_avg: 0.2838, uncertainty_avg: 3.0851, uncertainty_coeffi_avg: 0.0100, loss_avg: 0.1363, lr_avg: 2.54e-05
     itm tta time 0:01:29
### TTA Eval Score: 
+-------+--------+--------+--------+--------+--------+
| epoch |   R1   |   R5   |  R10   |  mAP   |  mINP  |
+-------+--------+--------+--------+--------+--------+
|  -999 | 70.647 | 86.940 | 91.797 | 63.400 | 47.058 |
|   0   | 70.695 | 86.891 | 91.845 | 63.444 | 47.134 |
|   1   | 70.825 | 86.875 | 91.927 | 63.490 | 47.196 |
|   2   | 70.809 | 86.842 | 92.008 | 63.517 | 47.259 |
+-------+--------+--------+--------+--------+--------+
     logs:  {'epo': 2, 'R1': np.float32(70.809), 'R5': np.float32(86.842), 'R10': np.float32(92.008), 'mAP': np.float32(63.517), 'mINP': np.float32(47.259), 'entropy': 0.28377647907473147, 'uncertainty': 3.0850779563188553, 'uncertainty_coeffi': 0.009999999776482582, 'loss': 0.1362718704622239, 'lr': 2.5390625000000077e-05}
     Epoch[3] Iteration[10/323], entropy: 0.5767, uncertainty: 2.7489, uncertainty_coeffi: 0.0100, loss: 0.2764, lr: 2.16e-06
     Epoch[3] Iteration[20/323], entropy: 0.1540, uncertainty: 2.0584, uncertainty_coeffi: 0.0100, loss: 0.0988, lr: 2.76e-05
     Epoch[3] Iteration[30/323], entropy: 0.2107, uncertainty: 2.6521, uncertainty_coeffi: 0.0100, loss: 0.1413, lr: 4.52e-05
     Epoch[3] Iteration[40/323], entropy: 0.2576, uncertainty: 3.4565, uncertainty_coeffi: 0.0100, loss: 0.1271, lr: 2.16e-06
     Epoch[3] Iteration[50/323], entropy: 0.2401, uncertainty: 3.5827, uncertainty_coeffi: 0.0100, loss: 0.0981, lr: 2.76e-05
     Epoch[3] Iteration[60/323], entropy: 0.3212, uncertainty: 2.2526, uncertainty_coeffi: 0.0100, loss: 0.1745, lr: 4.52e-05
     Epoch[3] Iteration[70/323], entropy: 0.3255, uncertainty: 3.9341, uncertainty_coeffi: 0.0100, loss: 0.1198, lr: 2.16e-06
     Epoch[3] Iteration[80/323], entropy: 0.2205, uncertainty: 2.7705, uncertainty_coeffi: 0.0100, loss: 0.1166, lr: 2.76e-05
     Epoch[3] Iteration[90/323], entropy: 0.0884, uncertainty: 2.6117, uncertainty_coeffi: 0.0100, loss: 0.0578, lr: 4.52e-05
     Epoch[3] Iteration[100/323], entropy: 0.4436, uncertainty: 3.6700, uncertainty_coeffi: 0.0100, loss: 0.1614, lr: 2.16e-06
     Epoch[3] Iteration[110/323], entropy: 0.3501, uncertainty: 3.9556, uncertainty_coeffi: 0.0100, loss: 0.1487, lr: 2.76e-05
     Epoch[3] Iteration[120/323], entropy: 0.2938, uncertainty: 3.1500, uncertainty_coeffi: 0.0100, loss: 0.1322, lr: 4.52e-05
     Epoch[3] Iteration[130/323], entropy: 0.3447, uncertainty: 3.8841, uncertainty_coeffi: 0.0100, loss: 0.1432, lr: 2.16e-06
     Epoch[3] Iteration[140/323], entropy: 0.3090, uncertainty: 2.8444, uncertainty_coeffi: 0.0100, loss: 0.1720, lr: 2.76e-05
     Epoch[3] Iteration[150/323], entropy: 0.4532, uncertainty: 3.3816, uncertainty_coeffi: 0.0100, loss: 0.2250, lr: 4.52e-05
     Epoch[3] Iteration[160/323], entropy: 0.3036, uncertainty: 3.5961, uncertainty_coeffi: 0.0100, loss: 0.1156, lr: 2.16e-06
     Epoch[3] Iteration[170/323], entropy: 0.2252, uncertainty: 3.4671, uncertainty_coeffi: 0.0100, loss: 0.0889, lr: 2.76e-05
     Epoch[3] Iteration[180/323], entropy: 0.4488, uncertainty: 3.6662, uncertainty_coeffi: 0.0100, loss: 0.1853, lr: 4.52e-05
     Epoch[3] Iteration[190/323], entropy: 0.2624, uncertainty: 2.8867, uncertainty_coeffi: 0.0100, loss: 0.0830, lr: 2.16e-06
     Epoch[3] Iteration[200/323], entropy: 0.2060, uncertainty: 2.5137, uncertainty_coeffi: 0.0100, loss: 0.1424, lr: 2.76e-05
     Epoch[3] Iteration[210/323], entropy: 0.3772, uncertainty: 3.1025, uncertainty_coeffi: 0.0100, loss: 0.1328, lr: 4.52e-05
     Epoch[3] Iteration[220/323], entropy: 0.1888, uncertainty: 2.9462, uncertainty_coeffi: 0.0100, loss: 0.0961, lr: 2.16e-06
     Epoch[3] Iteration[230/323], entropy: 0.1415, uncertainty: 2.5186, uncertainty_coeffi: 0.0100, loss: 0.0736, lr: 2.76e-05
     Epoch[3] Iteration[240/323], entropy: 0.4798, uncertainty: 4.0651, uncertainty_coeffi: 0.0100, loss: 0.1400, lr: 4.52e-05
     Epoch[3] Iteration[250/323], entropy: 0.2244, uncertainty: 4.1198, uncertainty_coeffi: 0.0100, loss: 0.0956, lr: 2.16e-06
     Epoch[3] Iteration[260/323], entropy: 0.3364, uncertainty: 2.7890, uncertainty_coeffi: 0.0100, loss: 0.1590, lr: 2.76e-05
     Epoch[3] Iteration[270/323], entropy: 0.1977, uncertainty: 3.6440, uncertainty_coeffi: 0.0100, loss: 0.1104, lr: 4.52e-05
     Epoch[3] Iteration[280/323], entropy: 0.2260, uncertainty: 2.9733, uncertainty_coeffi: 0.0100, loss: 0.1276, lr: 2.16e-06
     Epoch[3] Iteration[290/323], entropy: 0.1393, uncertainty: 2.6958, uncertainty_coeffi: 0.0100, loss: 0.0939, lr: 2.76e-05
     Epoch[3] Iteration[300/323], entropy: 0.4311, uncertainty: 3.8104, uncertainty_coeffi: 0.0100, loss: 0.1701, lr: 4.52e-05
     Epoch[3] Iteration[310/323], entropy: 0.2281, uncertainty: 2.6977, uncertainty_coeffi: 0.0100, loss: 0.1374, lr: 2.16e-06
     Epoch[3] Iteration[320/323], entropy: 0.3061, uncertainty: 3.8147, uncertainty_coeffi: 0.0100, loss: 0.1055, lr: 2.76e-05
     Averaged stats: entropy_avg: 0.2910, uncertainty_avg: 3.1956, uncertainty_coeffi_avg: 0.0100, loss_avg: 0.1328, lr_avg: 2.44e-05
     itm tta time 0:01:29
     Epoch[4] Iteration[10/323], entropy: 0.2731, uncertainty: 4.0805, uncertainty_coeffi: 0.0100, loss: 0.1073, lr: 3.27e-05
     Epoch[4] Iteration[20/323], entropy: 0.2259, uncertainty: 4.3482, uncertainty_coeffi: 0.0100, loss: 0.0892, lr: 5.46e-07
     Epoch[4] Iteration[30/323], entropy: 0.1093, uncertainty: 3.3420, uncertainty_coeffi: 0.0100, loss: 0.0935, lr: 4.17e-05
     Epoch[4] Iteration[40/323], entropy: 0.2897, uncertainty: 2.9048, uncertainty_coeffi: 0.0100, loss: 0.1621, lr: 3.27e-05
     Epoch[4] Iteration[50/323], entropy: 0.3547, uncertainty: 2.8431, uncertainty_coeffi: 0.0100, loss: 0.1400, lr: 5.46e-07
     Epoch[4] Iteration[60/323], entropy: 0.1772, uncertainty: 2.8678, uncertainty_coeffi: 0.0100, loss: 0.0862, lr: 4.17e-05
     Epoch[4] Iteration[70/323], entropy: 0.1587, uncertainty: 2.9450, uncertainty_coeffi: 0.0100, loss: 0.0667, lr: 3.27e-05
     Epoch[4] Iteration[80/323], entropy: 0.2691, uncertainty: 3.3791, uncertainty_coeffi: 0.0100, loss: 0.1018, lr: 5.46e-07
     Epoch[4] Iteration[90/323], entropy: 0.1326, uncertainty: 2.5886, uncertainty_coeffi: 0.0100, loss: 0.0910, lr: 4.17e-05
     Epoch[4] Iteration[100/323], entropy: 0.3382, uncertainty: 2.9214, uncertainty_coeffi: 0.0100, loss: 0.1373, lr: 3.27e-05
     Epoch[4] Iteration[110/323], entropy: 0.4017, uncertainty: 3.5534, uncertainty_coeffi: 0.0100, loss: 0.1386, lr: 5.46e-07
     Epoch[4] Iteration[120/323], entropy: 0.3025, uncertainty: 3.2603, uncertainty_coeffi: 0.0100, loss: 0.1800, lr: 4.17e-05
     Epoch[4] Iteration[130/323], entropy: 0.2589, uncertainty: 2.7451, uncertainty_coeffi: 0.0100, loss: 0.1569, lr: 3.27e-05
     Epoch[4] Iteration[140/323], entropy: 0.2251, uncertainty: 3.0260, uncertainty_coeffi: 0.0100, loss: 0.1500, lr: 5.46e-07
     Epoch[4] Iteration[150/323], entropy: 0.1857, uncertainty: 2.8058, uncertainty_coeffi: 0.0100, loss: 0.1115, lr: 4.17e-05
     Epoch[4] Iteration[160/323], entropy: 0.2094, uncertainty: 3.2927, uncertainty_coeffi: 0.0100, loss: 0.0918, lr: 3.27e-05
     Epoch[4] Iteration[170/323], entropy: 0.2310, uncertainty: 2.4963, uncertainty_coeffi: 0.0100, loss: 0.1132, lr: 5.46e-07
     Epoch[4] Iteration[180/323], entropy: 0.2305, uncertainty: 2.4488, uncertainty_coeffi: 0.0100, loss: 0.1352, lr: 4.17e-05
     Epoch[4] Iteration[190/323], entropy: 0.2287, uncertainty: 3.8201, uncertainty_coeffi: 0.0100, loss: 0.1093, lr: 3.27e-05
     Epoch[4] Iteration[200/323], entropy: 0.2900, uncertainty: 2.2784, uncertainty_coeffi: 0.0100, loss: 0.1970, lr: 5.46e-07
     Epoch[4] Iteration[210/323], entropy: 0.1959, uncertainty: 2.6838, uncertainty_coeffi: 0.0100, loss: 0.1018, lr: 4.17e-05
     Epoch[4] Iteration[220/323], entropy: 0.2315, uncertainty: 3.4425, uncertainty_coeffi: 0.0100, loss: 0.1025, lr: 3.27e-05
     Epoch[4] Iteration[230/323], entropy: 0.2076, uncertainty: 3.7410, uncertainty_coeffi: 0.0100, loss: 0.1003, lr: 5.46e-07
     Epoch[4] Iteration[240/323], entropy: 0.2769, uncertainty: 3.5135, uncertainty_coeffi: 0.0100, loss: 0.1200, lr: 4.17e-05
     Epoch[4] Iteration[250/323], entropy: 0.2571, uncertainty: 3.2578, uncertainty_coeffi: 0.0100, loss: 0.1819, lr: 3.27e-05
     Epoch[4] Iteration[260/323], entropy: 0.2654, uncertainty: 2.8315, uncertainty_coeffi: 0.0100, loss: 0.1533, lr: 5.46e-07
     Epoch[4] Iteration[270/323], entropy: 0.4025, uncertainty: 3.7839, uncertainty_coeffi: 0.0100, loss: 0.1254, lr: 4.17e-05
     Epoch[4] Iteration[280/323], entropy: 0.2826, uncertainty: 4.0017, uncertainty_coeffi: 0.0100, loss: 0.0959, lr: 3.27e-05
     Epoch[4] Iteration[290/323], entropy: 0.3434, uncertainty: 3.2156, uncertainty_coeffi: 0.0100, loss: 0.1573, lr: 5.46e-07
     Epoch[4] Iteration[300/323], entropy: 0.1706, uncertainty: 4.2825, uncertainty_coeffi: 0.0100, loss: 0.0801, lr: 4.17e-05
     Epoch[4] Iteration[310/323], entropy: 0.2541, uncertainty: 2.4548, uncertainty_coeffi: 0.0100, loss: 0.0997, lr: 3.27e-05
     Epoch[4] Iteration[320/323], entropy: 0.2811, uncertainty: 3.1281, uncertainty_coeffi: 0.0100, loss: 0.1705, lr: 5.46e-07
     Averaged stats: entropy_avg: 0.2519, uncertainty_avg: 3.1964, uncertainty_coeffi_avg: 0.0100, loss_avg: 0.1234, lr_avg: 2.45e-05
     itm tta time 0:01:34
### TTA Eval Score: 
+-------+--------+--------+--------+--------+--------+
| epoch |   R1   |   R5   |  R10   |  mAP   |  mINP  |
+-------+--------+--------+--------+--------+--------+
|  -999 | 70.647 | 86.940 | 91.797 | 63.400 | 47.058 |
|   0   | 70.695 | 86.891 | 91.845 | 63.444 | 47.134 |
|   1   | 70.825 | 86.875 | 91.927 | 63.490 | 47.196 |
|   2   | 70.809 | 86.842 | 92.008 | 63.517 | 47.259 |
|   4   | 70.744 | 86.793 | 92.008 | 63.511 | 47.288 |
+-------+--------+--------+--------+--------+--------+
     logs:  {'epo': 4, 'R1': np.float32(70.744), 'R5': np.float32(86.793), 'R10': np.float32(92.008), 'mAP': np.float32(63.511), 'mINP': np.float32(47.288), 'entropy': 0.25189827010035515, 'uncertainty': 3.196385219693184, 'uncertainty_coeffi': 0.009999999776482582, 'loss': 0.12335239141248167, 'lr': 2.447724171378203e-05}
     Epoch[5] Iteration[10/323], entropy: 0.3566, uncertainty: 3.4703, uncertainty_coeffi: 0.0100, loss: 0.1534, lr: 4.95e-05
     Epoch[5] Iteration[20/323], entropy: 0.3932, uncertainty: 3.5483, uncertainty_coeffi: 0.0100, loss: 0.1429, lr: 1.73e-05
     Epoch[5] Iteration[30/323], entropy: 0.3779, uncertainty: 3.0017, uncertainty_coeffi: 0.0100, loss: 0.1518, lr: 8.27e-06
     Epoch[5] Iteration[40/323], entropy: 0.2249, uncertainty: 2.4794, uncertainty_coeffi: 0.0100, loss: 0.1049, lr: 4.95e-05
     Epoch[5] Iteration[50/323], entropy: 0.2359, uncertainty: 2.8986, uncertainty_coeffi: 0.0100, loss: 0.1256, lr: 1.73e-05
     Epoch[5] Iteration[60/323], entropy: 0.1694, uncertainty: 2.6790, uncertainty_coeffi: 0.0100, loss: 0.1230, lr: 8.27e-06
     Epoch[5] Iteration[70/323], entropy: 0.2415, uncertainty: 3.7539, uncertainty_coeffi: 0.0100, loss: 0.0809, lr: 4.95e-05
     Epoch[5] Iteration[80/323], entropy: 0.2039, uncertainty: 3.7009, uncertainty_coeffi: 0.0100, loss: 0.0928, lr: 1.73e-05
     Epoch[5] Iteration[90/323], entropy: 0.2218, uncertainty: 2.5312, uncertainty_coeffi: 0.0100, loss: 0.1079, lr: 8.27e-06
     Epoch[5] Iteration[100/323], entropy: 0.1654, uncertainty: 3.7909, uncertainty_coeffi: 0.0100, loss: 0.0817, lr: 4.95e-05
     Epoch[5] Iteration[110/323], entropy: 0.1558, uncertainty: 2.2376, uncertainty_coeffi: 0.0100, loss: 0.0669, lr: 1.73e-05
     Epoch[5] Iteration[120/323], entropy: 0.0892, uncertainty: 2.9378, uncertainty_coeffi: 0.0100, loss: 0.0585, lr: 8.27e-06
     Epoch[5] Iteration[130/323], entropy: 0.3603, uncertainty: 3.5009, uncertainty_coeffi: 0.0100, loss: 0.1612, lr: 4.95e-05
     Epoch[5] Iteration[140/323], entropy: 0.4634, uncertainty: 3.8789, uncertainty_coeffi: 0.0100, loss: 0.1817, lr: 1.73e-05
     Epoch[5] Iteration[150/323], entropy: 0.4204, uncertainty: 2.6007, uncertainty_coeffi: 0.0100, loss: 0.1844, lr: 8.27e-06
     Epoch[5] Iteration[160/323], entropy: 0.2681, uncertainty: 3.4216, uncertainty_coeffi: 0.0100, loss: 0.0943, lr: 4.95e-05
     Epoch[5] Iteration[170/323], entropy: 0.1716, uncertainty: 2.5286, uncertainty_coeffi: 0.0100, loss: 0.1341, lr: 1.73e-05
     Epoch[5] Iteration[180/323], entropy: 0.0986, uncertainty: 3.0317, uncertainty_coeffi: 0.0100, loss: 0.0715, lr: 8.27e-06
     Epoch[5] Iteration[190/323], entropy: 0.3783, uncertainty: 4.0400, uncertainty_coeffi: 0.0100, loss: 0.1214, lr: 4.95e-05
     Epoch[5] Iteration[200/323], entropy: 0.3305, uncertainty: 2.8527, uncertainty_coeffi: 0.0100, loss: 0.1706, lr: 1.73e-05
     Epoch[5] Iteration[210/323], entropy: 0.0803, uncertainty: 2.7090, uncertainty_coeffi: 0.0100, loss: 0.0622, lr: 8.27e-06
     Epoch[5] Iteration[220/323], entropy: 0.1766, uncertainty: 3.2857, uncertainty_coeffi: 0.0100, loss: 0.0841, lr: 4.95e-05
     Epoch[5] Iteration[230/323], entropy: 0.2596, uncertainty: 3.3874, uncertainty_coeffi: 0.0100, loss: 0.1390, lr: 1.73e-05
     Epoch[5] Iteration[240/323], entropy: 0.3412, uncertainty: 2.5828, uncertainty_coeffi: 0.0100, loss: 0.1605, lr: 8.27e-06
     Epoch[5] Iteration[250/323], entropy: 0.2506, uncertainty: 3.4369, uncertainty_coeffi: 0.0100, loss: 0.1185, lr: 4.95e-05
     Epoch[5] Iteration[260/323], entropy: 0.4723, uncertainty: 3.4176, uncertainty_coeffi: 0.0100, loss: 0.2380, lr: 1.73e-05
     Epoch[5] Iteration[270/323], entropy: 0.2257, uncertainty: 2.8610, uncertainty_coeffi: 0.0100, loss: 0.1092, lr: 8.27e-06
     Epoch[5] Iteration[280/323], entropy: 0.4406, uncertainty: 3.1763, uncertainty_coeffi: 0.0100, loss: 0.1724, lr: 4.95e-05
     Epoch[5] Iteration[290/323], entropy: 0.2604, uncertainty: 3.8459, uncertainty_coeffi: 0.0100, loss: 0.1037, lr: 1.73e-05
     Epoch[5] Iteration[300/323], entropy: 0.2597, uncertainty: 4.0861, uncertainty_coeffi: 0.0100, loss: 0.1003, lr: 8.27e-06
     Epoch[5] Iteration[310/323], entropy: 0.1931, uncertainty: 2.6902, uncertainty_coeffi: 0.0100, loss: 0.0824, lr: 4.95e-05
     Epoch[5] Iteration[320/323], entropy: 0.2669, uncertainty: 3.0673, uncertainty_coeffi: 0.0100, loss: 0.1361, lr: 1.73e-05
     Averaged stats: entropy_avg: 0.2673, uncertainty_avg: 3.1697, uncertainty_coeffi_avg: 0.0100, loss_avg: 0.1224, lr_avg: 2.55e-05
     itm tta time 0:01:19
     Epoch[6] Iteration[10/323], entropy: 0.1744, uncertainty: 2.9501, uncertainty_coeffi: 0.0100, loss: 0.1032, lr: 2.24e-05
     Epoch[6] Iteration[20/323], entropy: 0.1633, uncertainty: 2.4118, uncertainty_coeffi: 0.0100, loss: 0.0943, lr: 4.78e-05
     Epoch[6] Iteration[30/323], entropy: 0.1530, uncertainty: 2.4042, uncertainty_coeffi: 0.0100, loss: 0.1342, lr: 4.77e-06
     Epoch[6] Iteration[40/323], entropy: 0.2035, uncertainty: 3.7955, uncertainty_coeffi: 0.0100, loss: 0.0879, lr: 2.24e-05
     Epoch[6] Iteration[50/323], entropy: 0.3025, uncertainty: 3.6517, uncertainty_coeffi: 0.0100, loss: 0.1389, lr: 4.78e-05
     Epoch[6] Iteration[60/323], entropy: 0.1391, uncertainty: 3.3028, uncertainty_coeffi: 0.0100, loss: 0.0790, lr: 4.77e-06
     Epoch[6] Iteration[70/323], entropy: 0.2324, uncertainty: 3.2004, uncertainty_coeffi: 0.0100, loss: 0.1058, lr: 2.24e-05
     Epoch[6] Iteration[80/323], entropy: 0.2126, uncertainty: 2.9244, uncertainty_coeffi: 0.0100, loss: 0.0793, lr: 4.95e-05
     Epoch[6] Iteration[90/323], entropy: 0.1511, uncertainty: 3.3106, uncertainty_coeffi: 0.0100, loss: 0.0738, lr: 8.27e-06
     Epoch[6] Iteration[100/323], entropy: 0.3383, uncertainty: 3.6043, uncertainty_coeffi: 0.0100, loss: 0.1030, lr: 1.73e-05
     Epoch[6] Iteration[110/323], entropy: 0.4408, uncertainty: 3.5081, uncertainty_coeffi: 0.0100, loss: 0.1951, lr: 4.95e-05
     Epoch[6] Iteration[120/323], entropy: 0.2585, uncertainty: 3.2445, uncertainty_coeffi: 0.0100, loss: 0.0963, lr: 8.27e-06
     Epoch[6] Iteration[130/323], entropy: 0.4508, uncertainty: 3.6950, uncertainty_coeffi: 0.0100, loss: 0.1814, lr: 1.73e-05
     Epoch[6] Iteration[140/323], entropy: 0.1969, uncertainty: 2.5948, uncertainty_coeffi: 0.0100, loss: 0.0942, lr: 4.95e-05
     Epoch[6] Iteration[150/323], entropy: 0.1212, uncertainty: 2.8186, uncertainty_coeffi: 0.0100, loss: 0.0883, lr: 8.27e-06
     Epoch[6] Iteration[160/323], entropy: 0.2658, uncertainty: 3.0885, uncertainty_coeffi: 0.0100, loss: 0.1254, lr: 1.73e-05
     Epoch[6] Iteration[170/323], entropy: 0.2447, uncertainty: 2.8952, uncertainty_coeffi: 0.0100, loss: 0.1140, lr: 4.95e-05
     Epoch[6] Iteration[180/323], entropy: 0.1409, uncertainty: 2.8272, uncertainty_coeffi: 0.0100, loss: 0.0846, lr: 8.27e-06
     Epoch[6] Iteration[190/323], entropy: 0.2242, uncertainty: 2.7214, uncertainty_coeffi: 0.0100, loss: 0.1485, lr: 1.73e-05
     Epoch[6] Iteration[200/323], entropy: 0.2023, uncertainty: 3.0298, uncertainty_coeffi: 0.0100, loss: 0.0974, lr: 4.95e-05
     Epoch[6] Iteration[210/323], entropy: 0.3393, uncertainty: 2.9673, uncertainty_coeffi: 0.0100, loss: 0.2025, lr: 8.27e-06
     Epoch[6] Iteration[220/323], entropy: 0.1361, uncertainty: 2.8279, uncertainty_coeffi: 0.0100, loss: 0.0860, lr: 1.73e-05
     Epoch[6] Iteration[230/323], entropy: 0.2542, uncertainty: 2.8265, uncertainty_coeffi: 0.0100, loss: 0.1321, lr: 4.95e-05
     Epoch[6] Iteration[240/323], entropy: 0.2034, uncertainty: 4.0919, uncertainty_coeffi: 0.0100, loss: 0.0884, lr: 8.27e-06
     Epoch[6] Iteration[250/323], entropy: 0.2899, uncertainty: 3.5409, uncertainty_coeffi: 0.0100, loss: 0.1226, lr: 1.73e-05
     Epoch[6] Iteration[260/323], entropy: 0.2971, uncertainty: 3.3308, uncertainty_coeffi: 0.0100, loss: 0.1183, lr: 4.95e-05
     Epoch[6] Iteration[270/323], entropy: 0.1617, uncertainty: 3.7466, uncertainty_coeffi: 0.0100, loss: 0.0859, lr: 8.27e-06
     Epoch[6] Iteration[280/323], entropy: 0.3261, uncertainty: 3.0211, uncertainty_coeffi: 0.0100, loss: 0.1482, lr: 1.73e-05
     Epoch[6] Iteration[290/323], entropy: 0.3920, uncertainty: 3.8537, uncertainty_coeffi: 0.0100, loss: 0.1252, lr: 4.95e-05
     Epoch[6] Iteration[300/323], entropy: 0.4235, uncertainty: 3.7441, uncertainty_coeffi: 0.0100, loss: 0.1988, lr: 8.27e-06
     Epoch[6] Iteration[310/323], entropy: 0.2239, uncertainty: 2.4816, uncertainty_coeffi: 0.0100, loss: 0.1355, lr: 1.73e-05
     Epoch[6] Iteration[320/323], entropy: 0.3270, uncertainty: 2.6662, uncertainty_coeffi: 0.0100, loss: 0.1847, lr: 4.95e-05
     Averaged stats: entropy_avg: 0.2497, uncertainty_avg: 3.1587, uncertainty_coeffi_avg: 0.0100, loss_avg: 0.1204, lr_avg: 2.57e-05
     itm tta time 0:01:26
     Epoch[7] Iteration[10/323], entropy: 0.1958, uncertainty: 2.7675, uncertainty_coeffi: 0.0100, loss: 0.0937, lr: 5.46e-07
     Epoch[7] Iteration[20/323], entropy: 0.2863, uncertainty: 3.4696, uncertainty_coeffi: 0.0100, loss: 0.1011, lr: 3.27e-05
     Epoch[7] Iteration[30/323], entropy: 0.2070, uncertainty: 2.7492, uncertainty_coeffi: 0.0100, loss: 0.1314, lr: 4.17e-05
     Epoch[7] Iteration[40/323], entropy: 0.1964, uncertainty: 3.2148, uncertainty_coeffi: 0.0100, loss: 0.1024, lr: 5.46e-07
     Epoch[7] Iteration[50/323], entropy: 0.2950, uncertainty: 2.7833, uncertainty_coeffi: 0.0100, loss: 0.1162, lr: 3.27e-05
     Epoch[7] Iteration[60/323], entropy: 0.3321, uncertainty: 3.3415, uncertainty_coeffi: 0.0100, loss: 0.1375, lr: 4.17e-05
     Epoch[7] Iteration[70/323], entropy: 0.2589, uncertainty: 3.1064, uncertainty_coeffi: 0.0100, loss: 0.1447, lr: 5.46e-07
     Epoch[7] Iteration[80/323], entropy: 0.4110, uncertainty: 2.6733, uncertainty_coeffi: 0.0100, loss: 0.2370, lr: 3.27e-05
     Epoch[7] Iteration[90/323], entropy: 0.2559, uncertainty: 2.6786, uncertainty_coeffi: 0.0100, loss: 0.1273, lr: 4.17e-05
     Epoch[7] Iteration[100/323], entropy: 0.3170, uncertainty: 4.0558, uncertainty_coeffi: 0.0100, loss: 0.1710, lr: 5.46e-07
     Epoch[7] Iteration[110/323], entropy: 0.1313, uncertainty: 3.7174, uncertainty_coeffi: 0.0100, loss: 0.0675, lr: 3.27e-05
     Epoch[7] Iteration[120/323], entropy: 0.2086, uncertainty: 2.9794, uncertainty_coeffi: 0.0100, loss: 0.0919, lr: 4.17e-05
     Epoch[7] Iteration[130/323], entropy: 0.1720, uncertainty: 2.8505, uncertainty_coeffi: 0.0100, loss: 0.0616, lr: 5.46e-07
     Epoch[7] Iteration[140/323], entropy: 0.2725, uncertainty: 3.1683, uncertainty_coeffi: 0.0100, loss: 0.1599, lr: 3.27e-05
     Epoch[7] Iteration[150/323], entropy: 0.1529, uncertainty: 3.5122, uncertainty_coeffi: 0.0100, loss: 0.0731, lr: 4.17e-05
     Epoch[7] Iteration[160/323], entropy: 0.3402, uncertainty: 2.8880, uncertainty_coeffi: 0.0100, loss: 0.1622, lr: 5.46e-07
     Epoch[7] Iteration[170/323], entropy: 0.1810, uncertainty: 3.3229, uncertainty_coeffi: 0.0100, loss: 0.0701, lr: 3.27e-05
     Epoch[7] Iteration[180/323], entropy: 0.1948, uncertainty: 2.7559, uncertainty_coeffi: 0.0100, loss: 0.1275, lr: 4.17e-05
     Epoch[7] Iteration[190/323], entropy: 0.3476, uncertainty: 3.7398, uncertainty_coeffi: 0.0100, loss: 0.1024, lr: 5.46e-07
     Epoch[7] Iteration[200/323], entropy: 0.2035, uncertainty: 3.3689, uncertainty_coeffi: 0.0100, loss: 0.0821, lr: 3.27e-05
     Epoch[7] Iteration[210/323], entropy: 0.2195, uncertainty: 3.2705, uncertainty_coeffi: 0.0100, loss: 0.1159, lr: 4.17e-05
     Epoch[7] Iteration[220/323], entropy: 0.2345, uncertainty: 3.0049, uncertainty_coeffi: 0.0100, loss: 0.1137, lr: 5.46e-07
     Epoch[7] Iteration[230/323], entropy: 0.1963, uncertainty: 3.6713, uncertainty_coeffi: 0.0100, loss: 0.0833, lr: 3.27e-05
     Epoch[7] Iteration[240/323], entropy: 0.2696, uncertainty: 3.1238, uncertainty_coeffi: 0.0100, loss: 0.1169, lr: 4.17e-05
     Epoch[7] Iteration[250/323], entropy: 0.1330, uncertainty: 2.6334, uncertainty_coeffi: 0.0100, loss: 0.0745, lr: 5.46e-07
     Epoch[7] Iteration[260/323], entropy: 0.2509, uncertainty: 3.6741, uncertainty_coeffi: 0.0100, loss: 0.1194, lr: 3.27e-05
     Epoch[7] Iteration[270/323], entropy: 0.5055, uncertainty: 3.6953, uncertainty_coeffi: 0.0100, loss: 0.2246, lr: 4.17e-05
     Epoch[7] Iteration[280/323], entropy: 0.2314, uncertainty: 3.5662, uncertainty_coeffi: 0.0100, loss: 0.1064, lr: 5.46e-07
     Epoch[7] Iteration[290/323], entropy: 0.3969, uncertainty: 3.7002, uncertainty_coeffi: 0.0100, loss: 0.1506, lr: 3.27e-05
     Epoch[7] Iteration[300/323], entropy: 0.2063, uncertainty: 2.2303, uncertainty_coeffi: 0.0100, loss: 0.1060, lr: 4.17e-05
     Epoch[7] Iteration[310/323], entropy: 0.3001, uncertainty: 4.3945, uncertainty_coeffi: 0.0100, loss: 0.1094, lr: 5.46e-07
     Epoch[7] Iteration[320/323], entropy: 0.2065, uncertainty: 2.5743, uncertainty_coeffi: 0.0100, loss: 0.1020, lr: 3.27e-05
     Averaged stats: entropy_avg: 0.2534, uncertainty_avg: 3.2088, uncertainty_coeffi_avg: 0.0100, loss_avg: 0.1182, lr_avg: 2.45e-05
     itm tta time 0:01:26
     Epoch[8] Iteration[10/323], entropy: 0.1851, uncertainty: 3.1268, uncertainty_coeffi: 0.0100, loss: 0.0783, lr: 2.76e-05
     Epoch[8] Iteration[20/323], entropy: 0.1952, uncertainty: 2.4963, uncertainty_coeffi: 0.0100, loss: 0.0832, lr: 2.16e-06
     Epoch[8] Iteration[30/323], entropy: 0.3871, uncertainty: 3.3183, uncertainty_coeffi: 0.0100, loss: 0.2036, lr: 4.52e-05
     Epoch[8] Iteration[40/323], entropy: 0.4116, uncertainty: 3.9358, uncertainty_coeffi: 0.0100, loss: 0.1410, lr: 2.76e-05
     Epoch[8] Iteration[50/323], entropy: 0.2062, uncertainty: 2.5311, uncertainty_coeffi: 0.0100, loss: 0.1009, lr: 2.16e-06
     Epoch[8] Iteration[60/323], entropy: 0.4134, uncertainty: 3.6947, uncertainty_coeffi: 0.0100, loss: 0.1502, lr: 4.52e-05
     Epoch[8] Iteration[70/323], entropy: 0.1388, uncertainty: 3.4378, uncertainty_coeffi: 0.0100, loss: 0.0960, lr: 2.76e-05
     Epoch[8] Iteration[80/323], entropy: 0.2518, uncertainty: 2.8325, uncertainty_coeffi: 0.0100, loss: 0.1372, lr: 2.16e-06
     Epoch[8] Iteration[90/323], entropy: 0.1934, uncertainty: 3.5945, uncertainty_coeffi: 0.0100, loss: 0.0838, lr: 4.52e-05
     Epoch[8] Iteration[100/323], entropy: 0.2737, uncertainty: 3.0781, uncertainty_coeffi: 0.0100, loss: 0.1275, lr: 2.76e-05
     Epoch[8] Iteration[110/323], entropy: 0.2750, uncertainty: 3.1965, uncertainty_coeffi: 0.0100, loss: 0.1231, lr: 2.16e-06
     Epoch[8] Iteration[120/323], entropy: 0.2262, uncertainty: 2.5147, uncertainty_coeffi: 0.0100, loss: 0.1044, lr: 4.52e-05
     Epoch[8] Iteration[130/323], entropy: 0.1918, uncertainty: 3.3267, uncertainty_coeffi: 0.0100, loss: 0.1277, lr: 2.76e-05
     Epoch[8] Iteration[140/323], entropy: 0.2153, uncertainty: 2.5370, uncertainty_coeffi: 0.0100, loss: 0.0680, lr: 2.16e-06
     Epoch[8] Iteration[150/323], entropy: 0.3186, uncertainty: 2.6286, uncertainty_coeffi: 0.0100, loss: 0.1333, lr: 4.52e-05
     Epoch[8] Iteration[160/323], entropy: 0.1615, uncertainty: 2.6396, uncertainty_coeffi: 0.0100, loss: 0.0902, lr: 2.76e-05
     Epoch[8] Iteration[170/323], entropy: 0.2708, uncertainty: 2.9687, uncertainty_coeffi: 0.0100, loss: 0.1287, lr: 2.16e-06
     Epoch[8] Iteration[180/323], entropy: 0.2671, uncertainty: 3.7301, uncertainty_coeffi: 0.0100, loss: 0.1611, lr: 4.52e-05
     Epoch[8] Iteration[190/323], entropy: 0.2372, uncertainty: 2.3918, uncertainty_coeffi: 0.0100, loss: 0.1669, lr: 2.76e-05
     Epoch[8] Iteration[200/323], entropy: 0.3299, uncertainty: 2.8870, uncertainty_coeffi: 0.0100, loss: 0.1643, lr: 2.16e-06
     Epoch[8] Iteration[210/323], entropy: 0.4710, uncertainty: 3.5858, uncertainty_coeffi: 0.0100, loss: 0.1205, lr: 4.52e-05
     Epoch[8] Iteration[220/323], entropy: 0.3548, uncertainty: 2.4380, uncertainty_coeffi: 0.0100, loss: 0.2111, lr: 2.76e-05
     Epoch[8] Iteration[230/323], entropy: 0.2054, uncertainty: 2.9125, uncertainty_coeffi: 0.0100, loss: 0.1047, lr: 2.16e-06
     Epoch[8] Iteration[240/323], entropy: 0.1631, uncertainty: 2.5570, uncertainty_coeffi: 0.0100, loss: 0.1116, lr: 4.52e-05
     Epoch[8] Iteration[250/323], entropy: 0.1560, uncertainty: 1.9921, uncertainty_coeffi: 0.0100, loss: 0.0920, lr: 2.76e-05
     Epoch[8] Iteration[260/323], entropy: 0.2859, uncertainty: 3.8197, uncertainty_coeffi: 0.0100, loss: 0.1019, lr: 2.16e-06
     Epoch[8] Iteration[270/323], entropy: 0.3251, uncertainty: 2.6168, uncertainty_coeffi: 0.0100, loss: 0.2228, lr: 4.52e-05
     Epoch[8] Iteration[280/323], entropy: 0.2189, uncertainty: 2.8720, uncertainty_coeffi: 0.0100, loss: 0.1470, lr: 2.76e-05
     Epoch[8] Iteration[290/323], entropy: 0.3984, uncertainty: 3.2059, uncertainty_coeffi: 0.0100, loss: 0.1215, lr: 2.16e-06
     Epoch[8] Iteration[300/323], entropy: 0.3142, uncertainty: 2.7042, uncertainty_coeffi: 0.0100, loss: 0.1361, lr: 4.52e-05
     Epoch[8] Iteration[310/323], entropy: 0.3498, uncertainty: 3.4754, uncertainty_coeffi: 0.0100, loss: 0.1345, lr: 2.76e-05
     Epoch[8] Iteration[320/323], entropy: 0.3357, uncertainty: 2.6792, uncertainty_coeffi: 0.0100, loss: 0.1896, lr: 2.16e-06
     Averaged stats: entropy_avg: 0.2728, uncertainty_avg: 2.9914, uncertainty_coeffi_avg: 0.0100, loss_avg: 0.1301, lr_avg: 2.44e-05
     itm tta time 0:01:27
     Epoch[9] Iteration[10/323], entropy: 0.4475, uncertainty: 3.2499, uncertainty_coeffi: 0.0100, loss: 0.1670, lr: 5.00e-05
     Epoch[9] Iteration[20/323], entropy: 0.1307, uncertainty: 2.2052, uncertainty_coeffi: 0.0100, loss: 0.0894, lr: 1.25e-05
     Epoch[9] Iteration[30/323], entropy: 0.2604, uncertainty: 2.9263, uncertainty_coeffi: 0.0100, loss: 0.1237, lr: 1.25e-05
     Epoch[9] Iteration[40/323], entropy: 0.5206, uncertainty: 3.5585, uncertainty_coeffi: 0.0100, loss: 0.1854, lr: 5.00e-05
     Epoch[9] Iteration[50/323], entropy: 0.2590, uncertainty: 2.9343, uncertainty_coeffi: 0.0100, loss: 0.1033, lr: 1.25e-05
     Epoch[9] Iteration[60/323], entropy: 0.2408, uncertainty: 2.9995, uncertainty_coeffi: 0.0100, loss: 0.1075, lr: 1.25e-05
     Epoch[9] Iteration[70/323], entropy: 0.1208, uncertainty: 3.4650, uncertainty_coeffi: 0.0100, loss: 0.0692, lr: 5.00e-05
     Epoch[9] Iteration[80/323], entropy: 0.1777, uncertainty: 2.8311, uncertainty_coeffi: 0.0100, loss: 0.0915, lr: 1.25e-05
     Epoch[9] Iteration[90/323], entropy: 0.2560, uncertainty: 3.6279, uncertainty_coeffi: 0.0100, loss: 0.1581, lr: 1.25e-05
     Epoch[9] Iteration[100/323], entropy: 0.2571, uncertainty: 3.4847, uncertainty_coeffi: 0.0100, loss: 0.1144, lr: 5.00e-05
     Epoch[9] Iteration[110/323], entropy: 0.1980, uncertainty: 2.7553, uncertainty_coeffi: 0.0100, loss: 0.1301, lr: 1.25e-05
     Epoch[9] Iteration[120/323], entropy: 0.2914, uncertainty: 2.8677, uncertainty_coeffi: 0.0100, loss: 0.0979, lr: 1.25e-05
     Epoch[9] Iteration[130/323], entropy: 0.3864, uncertainty: 3.4811, uncertainty_coeffi: 0.0100, loss: 0.1347, lr: 5.00e-05
     Epoch[9] Iteration[140/323], entropy: 0.3165, uncertainty: 3.2754, uncertainty_coeffi: 0.0100, loss: 0.0982, lr: 1.25e-05
     Epoch[9] Iteration[150/323], entropy: 0.3991, uncertainty: 4.2065, uncertainty_coeffi: 0.0100, loss: 0.1485, lr: 1.25e-05
     Epoch[9] Iteration[160/323], entropy: 0.2071, uncertainty: 3.6664, uncertainty_coeffi: 0.0100, loss: 0.0981, lr: 5.00e-05
     Epoch[9] Iteration[170/323], entropy: 0.4152, uncertainty: 3.2493, uncertainty_coeffi: 0.0100, loss: 0.1841, lr: 1.25e-05
     Epoch[9] Iteration[180/323], entropy: 0.5859, uncertainty: 3.1904, uncertainty_coeffi: 0.0100, loss: 0.2284, lr: 1.25e-05
     Epoch[9] Iteration[190/323], entropy: 0.3602, uncertainty: 2.2750, uncertainty_coeffi: 0.0100, loss: 0.1951, lr: 5.00e-05
     Epoch[9] Iteration[200/323], entropy: 0.2120, uncertainty: 2.7622, uncertainty_coeffi: 0.0100, loss: 0.1433, lr: 1.25e-05
     Epoch[9] Iteration[210/323], entropy: 0.1955, uncertainty: 3.3433, uncertainty_coeffi: 0.0100, loss: 0.1163, lr: 1.25e-05
     Epoch[9] Iteration[220/323], entropy: 0.1733, uncertainty: 3.0743, uncertainty_coeffi: 0.0100, loss: 0.0848, lr: 5.00e-05
     Epoch[9] Iteration[230/323], entropy: 0.1576, uncertainty: 3.2561, uncertainty_coeffi: 0.0100, loss: 0.1162, lr: 1.25e-05
     Epoch[9] Iteration[240/323], entropy: 0.6376, uncertainty: 3.2004, uncertainty_coeffi: 0.0100, loss: 0.3005, lr: 1.25e-05
     Epoch[9] Iteration[250/323], entropy: 0.2699, uncertainty: 2.9139, uncertainty_coeffi: 0.0100, loss: 0.1197, lr: 5.00e-05
     Epoch[9] Iteration[260/323], entropy: 0.2984, uncertainty: 3.5119, uncertainty_coeffi: 0.0100, loss: 0.0938, lr: 1.25e-05
     Epoch[9] Iteration[270/323], entropy: 0.2464, uncertainty: 3.5265, uncertainty_coeffi: 0.0100, loss: 0.1539, lr: 1.25e-05
     Epoch[9] Iteration[280/323], entropy: 0.1192, uncertainty: 2.4925, uncertainty_coeffi: 0.0100, loss: 0.0566, lr: 5.00e-05
     Epoch[9] Iteration[290/323], entropy: 0.1516, uncertainty: 2.9546, uncertainty_coeffi: 0.0100, loss: 0.1084, lr: 1.25e-05
     Epoch[9] Iteration[300/323], entropy: 0.1950, uncertainty: 3.2939, uncertainty_coeffi: 0.0100, loss: 0.0962, lr: 1.25e-05
     Epoch[9] Iteration[310/323], entropy: 0.0689, uncertainty: 2.6427, uncertainty_coeffi: 0.0100, loss: 0.0568, lr: 5.00e-05
     Epoch[9] Iteration[320/323], entropy: 0.2637, uncertainty: 4.2061, uncertainty_coeffi: 0.0100, loss: 0.1000, lr: 1.25e-05
     Averaged stats: entropy_avg: 0.2756, uncertainty_avg: 3.1696, uncertainty_coeffi_avg: 0.0100, loss_avg: 0.1272, lr_avg: 2.54e-05
     itm tta time 0:01:29
### TTA Eval Score: 
+-------+--------+--------+--------+--------+--------+
| epoch |   R1   |   R5   |  R10   |  mAP   |  mINP  |
+-------+--------+--------+--------+--------+--------+
|  -999 | 70.647 | 86.940 | 91.797 | 63.400 | 47.058 |
|   0   | 70.695 | 86.891 | 91.845 | 63.444 | 47.134 |
|   1   | 70.825 | 86.875 | 91.927 | 63.490 | 47.196 |
|   2   | 70.809 | 86.842 | 92.008 | 63.517 | 47.259 |
|   4   | 70.744 | 86.793 | 92.008 | 63.511 | 47.288 |
|   9   | 70.679 | 86.712 | 91.894 | 63.495 | 47.326 |
+-------+--------+--------+--------+--------+--------+
     logs:  {'epo': 9, 'R1': np.float32(70.679), 'R5': np.float32(86.712), 'R10': np.float32(91.894), 'mAP': np.float32(63.495), 'mINP': np.float32(47.326), 'entropy': 0.2756023870315403, 'uncertainty': 3.1696218624711037, 'uncertainty_coeffi': 0.009999999776482582, 'loss': 0.1272288466570899, 'lr': 2.5390625000000443e-05}
     Epoch[10] Iteration[10/323], entropy: 0.4894, uncertainty: 3.7805, uncertainty_coeffi: 0.0100, loss: 0.1875, lr: 2.76e-05
     Epoch[10] Iteration[20/323], entropy: 0.3038, uncertainty: 2.4071, uncertainty_coeffi: 0.0100, loss: 0.2036, lr: 4.52e-05
     Epoch[10] Iteration[30/323], entropy: 0.3966, uncertainty: 3.1419, uncertainty_coeffi: 0.0100, loss: 0.1927, lr: 2.16e-06
     Epoch[10] Iteration[40/323], entropy: 0.1472, uncertainty: 2.8539, uncertainty_coeffi: 0.0100, loss: 0.0740, lr: 2.76e-05
     Epoch[10] Iteration[50/323], entropy: 0.3145, uncertainty: 2.7501, uncertainty_coeffi: 0.0100, loss: 0.2338, lr: 4.52e-05
     Epoch[10] Iteration[60/323], entropy: 0.2358, uncertainty: 2.1851, uncertainty_coeffi: 0.0100, loss: 0.1315, lr: 2.16e-06
     Epoch[10] Iteration[70/323], entropy: 0.2241, uncertainty: 3.1546, uncertainty_coeffi: 0.0100, loss: 0.0980, lr: 2.76e-05
     Epoch[10] Iteration[80/323], entropy: 0.2105, uncertainty: 3.0719, uncertainty_coeffi: 0.0100, loss: 0.0982, lr: 4.52e-05
     Epoch[10] Iteration[90/323], entropy: 0.3497, uncertainty: 3.9556, uncertainty_coeffi: 0.0100, loss: 0.1576, lr: 2.16e-06
     Epoch[10] Iteration[100/323], entropy: 0.2051, uncertainty: 2.8604, uncertainty_coeffi: 0.0100, loss: 0.1026, lr: 2.76e-05
     Epoch[10] Iteration[110/323], entropy: 0.2154, uncertainty: 2.7352, uncertainty_coeffi: 0.0100, loss: 0.1031, lr: 4.52e-05
     Epoch[10] Iteration[120/323], entropy: 0.3022, uncertainty: 3.3084, uncertainty_coeffi: 0.0100, loss: 0.1668, lr: 2.16e-06
     Epoch[10] Iteration[130/323], entropy: 0.4024, uncertainty: 2.7513, uncertainty_coeffi: 0.0100, loss: 0.2091, lr: 2.76e-05
     Epoch[10] Iteration[140/323], entropy: 0.3163, uncertainty: 3.4354, uncertainty_coeffi: 0.0100, loss: 0.1319, lr: 4.52e-05
     Epoch[10] Iteration[150/323], entropy: 0.2216, uncertainty: 2.6010, uncertainty_coeffi: 0.0100, loss: 0.1165, lr: 2.16e-06
     Epoch[10] Iteration[160/323], entropy: 0.1894, uncertainty: 2.6138, uncertainty_coeffi: 0.0100, loss: 0.1163, lr: 2.76e-05
     Epoch[10] Iteration[170/323], entropy: 0.2552, uncertainty: 2.6313, uncertainty_coeffi: 0.0100, loss: 0.1633, lr: 4.52e-05
     Epoch[10] Iteration[180/323], entropy: 0.1131, uncertainty: 2.6829, uncertainty_coeffi: 0.0100, loss: 0.0739, lr: 2.16e-06
     Epoch[10] Iteration[190/323], entropy: 0.1388, uncertainty: 3.5154, uncertainty_coeffi: 0.0100, loss: 0.0737, lr: 2.76e-05
     Epoch[10] Iteration[200/323], entropy: 0.1633, uncertainty: 3.0471, uncertainty_coeffi: 0.0100, loss: 0.1062, lr: 4.52e-05
     Epoch[10] Iteration[210/323], entropy: 0.1680, uncertainty: 3.4402, uncertainty_coeffi: 0.0100, loss: 0.0990, lr: 2.16e-06
     Epoch[10] Iteration[220/323], entropy: 0.2053, uncertainty: 1.8221, uncertainty_coeffi: 0.0100, loss: 0.1713, lr: 2.76e-05
     Epoch[10] Iteration[230/323], entropy: 0.2762, uncertainty: 2.3893, uncertainty_coeffi: 0.0100, loss: 0.1376, lr: 4.52e-05
     Epoch[10] Iteration[240/323], entropy: 0.2585, uncertainty: 2.0601, uncertainty_coeffi: 0.0100, loss: 0.1545, lr: 2.16e-06
     Epoch[10] Iteration[250/323], entropy: 0.5106, uncertainty: 3.7314, uncertainty_coeffi: 0.0100, loss: 0.1547, lr: 2.76e-05
     Epoch[10] Iteration[260/323], entropy: 0.3395, uncertainty: 3.2557, uncertainty_coeffi: 0.0100, loss: 0.1473, lr: 4.52e-05
     Epoch[10] Iteration[270/323], entropy: 0.1980, uncertainty: 3.1042, uncertainty_coeffi: 0.0100, loss: 0.1098, lr: 2.16e-06
     Epoch[10] Iteration[280/323], entropy: 0.2682, uncertainty: 3.0457, uncertainty_coeffi: 0.0100, loss: 0.1338, lr: 2.76e-05
     Epoch[10] Iteration[290/323], entropy: 0.4699, uncertainty: 3.2987, uncertainty_coeffi: 0.0100, loss: 0.1426, lr: 4.52e-05
     Epoch[10] Iteration[300/323], entropy: 0.3200, uncertainty: 3.5100, uncertainty_coeffi: 0.0100, loss: 0.1395, lr: 2.16e-06
     Epoch[10] Iteration[310/323], entropy: 0.2650, uncertainty: 3.1716, uncertainty_coeffi: 0.0100, loss: 0.1301, lr: 2.76e-05
     Epoch[10] Iteration[320/323], entropy: 0.2867, uncertainty: 3.0770, uncertainty_coeffi: 0.0100, loss: 0.1274, lr: 4.52e-05
     Averaged stats: entropy_avg: 0.2738, uncertainty_avg: 2.9809, uncertainty_coeffi_avg: 0.0100, loss_avg: 0.1371, lr_avg: 2.57e-05
     itm tta time 0:01:28
     Epoch[11] Iteration[10/323], entropy: 0.4309, uncertainty: 3.6635, uncertainty_coeffi: 0.0100, loss: 0.1801, lr: 5.46e-07
     Epoch[11] Iteration[20/323], entropy: 0.2253, uncertainty: 2.9761, uncertainty_coeffi: 0.0100, loss: 0.1208, lr: 4.17e-05
     Epoch[11] Iteration[30/323], entropy: 0.1781, uncertainty: 3.0438, uncertainty_coeffi: 0.0100, loss: 0.0883, lr: 3.27e-05
     Epoch[11] Iteration[40/323], entropy: 0.1537, uncertainty: 2.9644, uncertainty_coeffi: 0.0100, loss: 0.0648, lr: 5.46e-07
     Epoch[11] Iteration[50/323], entropy: 0.1384, uncertainty: 2.5733, uncertainty_coeffi: 0.0100, loss: 0.0742, lr: 4.17e-05
     Epoch[11] Iteration[60/323], entropy: 0.3817, uncertainty: 4.1401, uncertainty_coeffi: 0.0100, loss: 0.1279, lr: 3.27e-05
     Epoch[11] Iteration[70/323], entropy: 0.3049, uncertainty: 2.8467, uncertainty_coeffi: 0.0100, loss: 0.1909, lr: 5.46e-07
     Epoch[11] Iteration[80/323], entropy: 0.3199, uncertainty: 2.6052, uncertainty_coeffi: 0.0100, loss: 0.1226, lr: 4.17e-05
     Epoch[11] Iteration[90/323], entropy: 0.1570, uncertainty: 3.5863, uncertainty_coeffi: 0.0100, loss: 0.0677, lr: 3.27e-05
     Epoch[11] Iteration[100/323], entropy: 0.4286, uncertainty: 4.6137, uncertainty_coeffi: 0.0100, loss: 0.1464, lr: 5.46e-07
     Epoch[11] Iteration[110/323], entropy: 0.2137, uncertainty: 3.7737, uncertainty_coeffi: 0.0100, loss: 0.1188, lr: 4.17e-05
     Epoch[11] Iteration[120/323], entropy: 0.2207, uncertainty: 3.2004, uncertainty_coeffi: 0.0100, loss: 0.1310, lr: 3.27e-05
     Epoch[11] Iteration[130/323], entropy: 0.2314, uncertainty: 2.6492, uncertainty_coeffi: 0.0100, loss: 0.1301, lr: 5.46e-07
     Epoch[11] Iteration[140/323], entropy: 0.3817, uncertainty: 3.0584, uncertainty_coeffi: 0.0100, loss: 0.1564, lr: 4.17e-05
     Epoch[11] Iteration[150/323], entropy: 0.1551, uncertainty: 2.6762, uncertainty_coeffi: 0.0100, loss: 0.0664, lr: 3.27e-05
     Epoch[11] Iteration[160/323], entropy: 0.3659, uncertainty: 3.9475, uncertainty_coeffi: 0.0100, loss: 0.1820, lr: 5.46e-07
     Epoch[11] Iteration[170/323], entropy: 0.3472, uncertainty: 3.7674, uncertainty_coeffi: 0.0100, loss: 0.1515, lr: 4.17e-05
     Epoch[11] Iteration[180/323], entropy: 0.3243, uncertainty: 3.9340, uncertainty_coeffi: 0.0100, loss: 0.1635, lr: 3.27e-05
     Epoch[11] Iteration[190/323], entropy: 0.1535, uncertainty: 3.1307, uncertainty_coeffi: 0.0100, loss: 0.0872, lr: 5.46e-07
     Epoch[11] Iteration[200/323], entropy: 0.1359, uncertainty: 2.8258, uncertainty_coeffi: 0.0100, loss: 0.0873, lr: 4.17e-05
     Epoch[11] Iteration[210/323], entropy: 0.3695, uncertainty: 3.3937, uncertainty_coeffi: 0.0100, loss: 0.1490, lr: 3.27e-05
     Epoch[11] Iteration[220/323], entropy: 0.3527, uncertainty: 2.9237, uncertainty_coeffi: 0.0100, loss: 0.1482, lr: 5.46e-07
     Epoch[11] Iteration[230/323], entropy: 0.2419, uncertainty: 4.3045, uncertainty_coeffi: 0.0100, loss: 0.0963, lr: 4.17e-05
     Epoch[11] Iteration[240/323], entropy: 0.3420, uncertainty: 3.2846, uncertainty_coeffi: 0.0100, loss: 0.1302, lr: 3.27e-05
     Epoch[11] Iteration[250/323], entropy: 0.3958, uncertainty: 3.3989, uncertainty_coeffi: 0.0100, loss: 0.1969, lr: 5.46e-07
     Epoch[11] Iteration[260/323], entropy: 0.1855, uncertainty: 2.4971, uncertainty_coeffi: 0.0100, loss: 0.1116, lr: 4.17e-05
     Epoch[11] Iteration[270/323], entropy: 0.2072, uncertainty: 3.8059, uncertainty_coeffi: 0.0100, loss: 0.0867, lr: 3.27e-05
     Epoch[11] Iteration[280/323], entropy: 0.4090, uncertainty: 3.4118, uncertainty_coeffi: 0.0100, loss: 0.2242, lr: 5.46e-07
     Epoch[11] Iteration[290/323], entropy: 0.1895, uncertainty: 3.6843, uncertainty_coeffi: 0.0100, loss: 0.0940, lr: 4.17e-05
     Epoch[11] Iteration[300/323], entropy: 0.2149, uncertainty: 3.3203, uncertainty_coeffi: 0.0100, loss: 0.1367, lr: 3.27e-05
     Epoch[11] Iteration[310/323], entropy: 0.1213, uncertainty: 2.7453, uncertainty_coeffi: 0.0100, loss: 0.0718, lr: 5.46e-07
     Epoch[11] Iteration[320/323], entropy: 0.2752, uncertainty: 3.7139, uncertainty_coeffi: 0.0100, loss: 0.0864, lr: 4.17e-05
     Averaged stats: entropy_avg: 0.2673, uncertainty_avg: 3.3269, uncertainty_coeffi_avg: 0.0100, loss_avg: 0.1247, lr_avg: 2.48e-05
     itm tta time 0:01:28
     Epoch[12] Iteration[10/323], entropy: 0.2609, uncertainty: 2.7528, uncertainty_coeffi: 0.0100, loss: 0.1251, lr: 1.73e-05
     Epoch[12] Iteration[20/323], entropy: 0.4800, uncertainty: 2.5648, uncertainty_coeffi: 0.0100, loss: 0.2554, lr: 8.27e-06
     Epoch[12] Iteration[30/323], entropy: 0.3737, uncertainty: 2.5883, uncertainty_coeffi: 0.0100, loss: 0.1675, lr: 4.95e-05
     Epoch[12] Iteration[40/323], entropy: 0.2265, uncertainty: 3.7365, uncertainty_coeffi: 0.0100, loss: 0.1029, lr: 1.73e-05
     Epoch[12] Iteration[50/323], entropy: 0.4072, uncertainty: 2.7138, uncertainty_coeffi: 0.0100, loss: 0.1712, lr: 8.27e-06
     Epoch[12] Iteration[60/323], entropy: 0.1222, uncertainty: 2.2878, uncertainty_coeffi: 0.0100, loss: 0.0629, lr: 4.95e-05
     Epoch[12] Iteration[70/323], entropy: 0.1492, uncertainty: 3.7104, uncertainty_coeffi: 0.0100, loss: 0.0721, lr: 1.73e-05
     Epoch[12] Iteration[80/323], entropy: 0.2648, uncertainty: 3.2081, uncertainty_coeffi: 0.0100, loss: 0.0901, lr: 8.27e-06
     Epoch[12] Iteration[90/323], entropy: 0.0992, uncertainty: 3.9054, uncertainty_coeffi: 0.0100, loss: 0.0740, lr: 4.95e-05
     Epoch[12] Iteration[100/323], entropy: 0.2015, uncertainty: 3.5075, uncertainty_coeffi: 0.0100, loss: 0.1296, lr: 1.73e-05
     Epoch[12] Iteration[110/323], entropy: 0.2385, uncertainty: 3.3822, uncertainty_coeffi: 0.0100, loss: 0.1179, lr: 8.27e-06
     Epoch[12] Iteration[120/323], entropy: 0.1856, uncertainty: 4.5823, uncertainty_coeffi: 0.0100, loss: 0.0800, lr: 4.95e-05
     Epoch[12] Iteration[130/323], entropy: 0.0900, uncertainty: 2.8493, uncertainty_coeffi: 0.0100, loss: 0.0522, lr: 1.73e-05
     Epoch[12] Iteration[140/323], entropy: 0.2862, uncertainty: 3.1007, uncertainty_coeffi: 0.0100, loss: 0.1046, lr: 4.77e-06
     Epoch[12] Iteration[150/323], entropy: 0.3597, uncertainty: 2.9370, uncertainty_coeffi: 0.0100, loss: 0.1498, lr: 4.78e-05
     Epoch[12] Iteration[160/323], entropy: 0.3197, uncertainty: 2.8987, uncertainty_coeffi: 0.0100, loss: 0.1331, lr: 2.24e-05
     Epoch[12] Iteration[170/323], entropy: 0.4617, uncertainty: 3.2253, uncertainty_coeffi: 0.0100, loss: 0.2296, lr: 4.77e-06
     Epoch[12] Iteration[180/323], entropy: 0.2102, uncertainty: 3.9959, uncertainty_coeffi: 0.0100, loss: 0.0976, lr: 4.78e-05
     Epoch[12] Iteration[190/323], entropy: 0.1653, uncertainty: 2.6590, uncertainty_coeffi: 0.0100, loss: 0.1289, lr: 2.24e-05
     Epoch[12] Iteration[200/323], entropy: 0.3022, uncertainty: 3.6260, uncertainty_coeffi: 0.0100, loss: 0.1033, lr: 4.77e-06
     Epoch[12] Iteration[210/323], entropy: 0.3310, uncertainty: 3.1933, uncertainty_coeffi: 0.0100, loss: 0.1838, lr: 4.78e-05
     Epoch[12] Iteration[220/323], entropy: 0.2465, uncertainty: 3.2469, uncertainty_coeffi: 0.0100, loss: 0.1632, lr: 2.24e-05
     Epoch[12] Iteration[230/323], entropy: 0.1562, uncertainty: 2.6731, uncertainty_coeffi: 0.0100, loss: 0.0916, lr: 4.77e-06
     Epoch[12] Iteration[240/323], entropy: 0.0818, uncertainty: 2.9934, uncertainty_coeffi: 0.0100, loss: 0.0488, lr: 4.78e-05
     Epoch[12] Iteration[250/323], entropy: 0.3012, uncertainty: 2.7173, uncertainty_coeffi: 0.0100, loss: 0.1679, lr: 2.24e-05
     Epoch[12] Iteration[260/323], entropy: 0.3778, uncertainty: 3.4725, uncertainty_coeffi: 0.0100, loss: 0.1707, lr: 4.77e-06
     Epoch[12] Iteration[270/323], entropy: 0.1206, uncertainty: 2.7103, uncertainty_coeffi: 0.0100, loss: 0.1020, lr: 4.78e-05
     Epoch[12] Iteration[280/323], entropy: 0.2854, uncertainty: 2.7272, uncertainty_coeffi: 0.0100, loss: 0.1439, lr: 2.24e-05
     Epoch[12] Iteration[290/323], entropy: 0.2089, uncertainty: 2.9082, uncertainty_coeffi: 0.0100, loss: 0.1204, lr: 4.77e-06
     Epoch[12] Iteration[300/323], entropy: 0.3306, uncertainty: 3.5906, uncertainty_coeffi: 0.0100, loss: 0.1058, lr: 4.78e-05
     Epoch[12] Iteration[310/323], entropy: 0.2514, uncertainty: 2.7670, uncertainty_coeffi: 0.0100, loss: 0.1110, lr: 2.24e-05
     Epoch[12] Iteration[320/323], entropy: 0.1563, uncertainty: 3.3883, uncertainty_coeffi: 0.0100, loss: 0.0789, lr: 4.77e-06
     Averaged stats: entropy_avg: 0.2516, uncertainty_avg: 3.1444, uncertainty_coeffi_avg: 0.0100, loss_avg: 0.1230, lr_avg: 2.41e-05
     itm tta time 0:01:29
     Epoch[13] Iteration[10/323], entropy: 0.1618, uncertainty: 3.9949, uncertainty_coeffi: 0.0100, loss: 0.0895, lr: 4.95e-05
     Epoch[13] Iteration[20/323], entropy: 0.1821, uncertainty: 3.0230, uncertainty_coeffi: 0.0100, loss: 0.0944, lr: 8.27e-06
     Epoch[13] Iteration[30/323], entropy: 0.1798, uncertainty: 3.4106, uncertainty_coeffi: 0.0100, loss: 0.0806, lr: 1.73e-05
     Epoch[13] Iteration[40/323], entropy: 0.3609, uncertainty: 3.6971, uncertainty_coeffi: 0.0100, loss: 0.1692, lr: 4.95e-05
     Epoch[13] Iteration[50/323], entropy: 0.3860, uncertainty: 3.5831, uncertainty_coeffi: 0.0100, loss: 0.2391, lr: 8.27e-06
     Epoch[13] Iteration[60/323], entropy: 0.1862, uncertainty: 2.8361, uncertainty_coeffi: 0.0100, loss: 0.1228, lr: 1.73e-05
     Epoch[13] Iteration[70/323], entropy: 0.1957, uncertainty: 2.3205, uncertainty_coeffi: 0.0100, loss: 0.1341, lr: 4.95e-05
     Epoch[13] Iteration[80/323], entropy: 0.2736, uncertainty: 2.7004, uncertainty_coeffi: 0.0100, loss: 0.1361, lr: 8.27e-06
     Epoch[13] Iteration[90/323], entropy: 0.2399, uncertainty: 2.4170, uncertainty_coeffi: 0.0100, loss: 0.1019, lr: 1.73e-05
     Epoch[13] Iteration[100/323], entropy: 0.1514, uncertainty: 2.7380, uncertainty_coeffi: 0.0100, loss: 0.0903, lr: 4.95e-05
     Epoch[13] Iteration[110/323], entropy: 0.1196, uncertainty: 2.9383, uncertainty_coeffi: 0.0100, loss: 0.0718, lr: 8.27e-06
     Epoch[13] Iteration[120/323], entropy: 0.2914, uncertainty: 3.6477, uncertainty_coeffi: 0.0100, loss: 0.1183, lr: 1.73e-05
     Epoch[13] Iteration[130/323], entropy: 0.0637, uncertainty: 3.3325, uncertainty_coeffi: 0.0100, loss: 0.0482, lr: 4.95e-05
     Epoch[13] Iteration[140/323], entropy: 0.3428, uncertainty: 3.3935, uncertainty_coeffi: 0.0100, loss: 0.1458, lr: 8.27e-06
     Epoch[13] Iteration[150/323], entropy: 0.3683, uncertainty: 2.7141, uncertainty_coeffi: 0.0100, loss: 0.1727, lr: 1.73e-05
     Epoch[13] Iteration[160/323], entropy: 0.1298, uncertainty: 3.3696, uncertainty_coeffi: 0.0100, loss: 0.0687, lr: 4.95e-05
     Epoch[13] Iteration[170/323], entropy: 0.2222, uncertainty: 2.7214, uncertainty_coeffi: 0.0100, loss: 0.0972, lr: 8.27e-06
     Epoch[13] Iteration[180/323], entropy: 0.2731, uncertainty: 3.0779, uncertainty_coeffi: 0.0100, loss: 0.1217, lr: 1.73e-05
     Epoch[13] Iteration[190/323], entropy: 0.2181, uncertainty: 2.3969, uncertainty_coeffi: 0.0100, loss: 0.1314, lr: 4.95e-05
     Epoch[13] Iteration[200/323], entropy: 0.2564, uncertainty: 3.8553, uncertainty_coeffi: 0.0100, loss: 0.1080, lr: 8.27e-06
     Epoch[13] Iteration[210/323], entropy: 0.3719, uncertainty: 2.8974, uncertainty_coeffi: 0.0100, loss: 0.1454, lr: 1.73e-05
     Epoch[13] Iteration[220/323], entropy: 0.1884, uncertainty: 3.1465, uncertainty_coeffi: 0.0100, loss: 0.1330, lr: 4.95e-05
     Epoch[13] Iteration[230/323], entropy: 0.1734, uncertainty: 2.8218, uncertainty_coeffi: 0.0100, loss: 0.0846, lr: 8.27e-06
     Epoch[13] Iteration[240/323], entropy: 0.2243, uncertainty: 3.8357, uncertainty_coeffi: 0.0100, loss: 0.0816, lr: 1.73e-05
     Epoch[13] Iteration[250/323], entropy: 0.1903, uncertainty: 2.8320, uncertainty_coeffi: 0.0100, loss: 0.0975, lr: 4.95e-05
     Epoch[13] Iteration[260/323], entropy: 0.2203, uncertainty: 3.0474, uncertainty_coeffi: 0.0100, loss: 0.1257, lr: 8.27e-06
     Epoch[13] Iteration[270/323], entropy: 0.4511, uncertainty: 3.6807, uncertainty_coeffi: 0.0100, loss: 0.1599, lr: 1.73e-05
     Epoch[13] Iteration[280/323], entropy: 0.3897, uncertainty: 3.3588, uncertainty_coeffi: 0.0100, loss: 0.1983, lr: 4.95e-05
     Epoch[13] Iteration[290/323], entropy: 0.2956, uncertainty: 3.1303, uncertainty_coeffi: 0.0100, loss: 0.1847, lr: 8.27e-06
     Epoch[13] Iteration[300/323], entropy: 0.1835, uncertainty: 2.9850, uncertainty_coeffi: 0.0100, loss: 0.1156, lr: 1.73e-05
     Epoch[13] Iteration[310/323], entropy: 0.1971, uncertainty: 2.5021, uncertainty_coeffi: 0.0100, loss: 0.1130, lr: 4.95e-05
     Epoch[13] Iteration[320/323], entropy: 0.3202, uncertainty: 2.7941, uncertainty_coeffi: 0.0100, loss: 0.1154, lr: 8.27e-06
     Averaged stats: entropy_avg: 0.2440, uncertainty_avg: 3.1000, uncertainty_coeffi_avg: 0.0100, loss_avg: 0.1218, lr_avg: 2.52e-05
     itm tta time 0:01:27
     Epoch[14] Iteration[10/323], entropy: 0.1175, uncertainty: 3.0346, uncertainty_coeffi: 0.0100, loss: 0.0907, lr: 3.27e-05
     Epoch[14] Iteration[20/323], entropy: 0.1839, uncertainty: 3.3183, uncertainty_coeffi: 0.0100, loss: 0.1207, lr: 4.17e-05
     Epoch[14] Iteration[30/323], entropy: 0.2062, uncertainty: 4.5817, uncertainty_coeffi: 0.0100, loss: 0.0891, lr: 5.46e-07
     Epoch[14] Iteration[40/323], entropy: 0.2978, uncertainty: 2.7799, uncertainty_coeffi: 0.0100, loss: 0.1911, lr: 3.27e-05
     Epoch[14] Iteration[50/323], entropy: 0.2408, uncertainty: 3.7590, uncertainty_coeffi: 0.0100, loss: 0.0856, lr: 4.17e-05
     Epoch[14] Iteration[60/323], entropy: 0.2698, uncertainty: 2.6984, uncertainty_coeffi: 0.0100, loss: 0.1672, lr: 5.46e-07
     Epoch[14] Iteration[70/323], entropy: 0.3081, uncertainty: 2.8882, uncertainty_coeffi: 0.0100, loss: 0.1260, lr: 3.27e-05
     Epoch[14] Iteration[80/323], entropy: 0.3820, uncertainty: 3.4915, uncertainty_coeffi: 0.0100, loss: 0.1111, lr: 4.17e-05
     Epoch[14] Iteration[90/323], entropy: 0.3488, uncertainty: 3.3277, uncertainty_coeffi: 0.0100, loss: 0.1409, lr: 5.46e-07
     Epoch[14] Iteration[100/323], entropy: 0.3700, uncertainty: 2.9727, uncertainty_coeffi: 0.0100, loss: 0.1346, lr: 3.27e-05
     Epoch[14] Iteration[110/323], entropy: 0.2205, uncertainty: 3.4606, uncertainty_coeffi: 0.0100, loss: 0.1046, lr: 4.17e-05
     Epoch[14] Iteration[120/323], entropy: 0.2633, uncertainty: 2.4164, uncertainty_coeffi: 0.0100, loss: 0.1817, lr: 5.46e-07
     Epoch[14] Iteration[130/323], entropy: 0.2867, uncertainty: 3.5786, uncertainty_coeffi: 0.0100, loss: 0.1337, lr: 3.27e-05
     Epoch[14] Iteration[140/323], entropy: 0.1758, uncertainty: 3.7300, uncertainty_coeffi: 0.0100, loss: 0.0766, lr: 4.17e-05
     Epoch[14] Iteration[150/323], entropy: 0.3156, uncertainty: 2.6333, uncertainty_coeffi: 0.0100, loss: 0.1926, lr: 5.46e-07
     Epoch[14] Iteration[160/323], entropy: 0.1379, uncertainty: 3.2114, uncertainty_coeffi: 0.0100, loss: 0.0717, lr: 3.27e-05
     Epoch[14] Iteration[170/323], entropy: 0.3887, uncertainty: 3.2485, uncertainty_coeffi: 0.0100, loss: 0.1821, lr: 4.17e-05
     Epoch[14] Iteration[180/323], entropy: 0.4068, uncertainty: 2.9132, uncertainty_coeffi: 0.0100, loss: 0.2162, lr: 5.46e-07
     Epoch[14] Iteration[190/323], entropy: 0.2948, uncertainty: 3.1848, uncertainty_coeffi: 0.0100, loss: 0.1450, lr: 3.27e-05
     Epoch[14] Iteration[200/323], entropy: 0.2470, uncertainty: 2.9979, uncertainty_coeffi: 0.0100, loss: 0.1551, lr: 4.17e-05
     Epoch[14] Iteration[210/323], entropy: 0.2709, uncertainty: 2.4248, uncertainty_coeffi: 0.0100, loss: 0.1430, lr: 5.46e-07
     Epoch[14] Iteration[220/323], entropy: 0.3058, uncertainty: 4.2386, uncertainty_coeffi: 0.0100, loss: 0.1038, lr: 3.27e-05
     Epoch[14] Iteration[230/323], entropy: 0.2384, uncertainty: 3.3537, uncertainty_coeffi: 0.0100, loss: 0.0906, lr: 4.17e-05
     Epoch[14] Iteration[240/323], entropy: 0.3041, uncertainty: 2.9912, uncertainty_coeffi: 0.0100, loss: 0.1477, lr: 5.46e-07
     Epoch[14] Iteration[250/323], entropy: 0.1739, uncertainty: 3.4899, uncertainty_coeffi: 0.0100, loss: 0.0827, lr: 3.27e-05
     Epoch[14] Iteration[260/323], entropy: 0.3319, uncertainty: 3.3048, uncertainty_coeffi: 0.0100, loss: 0.1993, lr: 4.17e-05
     Epoch[14] Iteration[270/323], entropy: 0.3059, uncertainty: 2.7513, uncertainty_coeffi: 0.0100, loss: 0.1140, lr: 5.46e-07
     Epoch[14] Iteration[280/323], entropy: 0.2578, uncertainty: 2.8789, uncertainty_coeffi: 0.0100, loss: 0.1363, lr: 3.27e-05
     Epoch[14] Iteration[290/323], entropy: 0.1639, uncertainty: 2.2936, uncertainty_coeffi: 0.0100, loss: 0.0838, lr: 4.17e-05
     Epoch[14] Iteration[300/323], entropy: 0.1915, uncertainty: 3.4922, uncertainty_coeffi: 0.0100, loss: 0.0846, lr: 5.46e-07
     Epoch[14] Iteration[310/323], entropy: 0.1748, uncertainty: 2.8823, uncertainty_coeffi: 0.0100, loss: 0.0883, lr: 3.27e-05
     Epoch[14] Iteration[320/323], entropy: 0.3036, uncertainty: 3.7689, uncertainty_coeffi: 0.0100, loss: 0.1370, lr: 4.17e-05
     Averaged stats: entropy_avg: 0.2651, uncertainty_avg: 3.1905, uncertainty_coeffi_avg: 0.0100, loss_avg: 0.1290, lr_avg: 2.58e-05
     itm tta time 0:01:30
### TTA Eval Score: 
+-------+--------+--------+--------+--------+--------+
| epoch |   R1   |   R5   |  R10   |  mAP   |  mINP  |
+-------+--------+--------+--------+--------+--------+
|  -999 | 70.647 | 86.940 | 91.797 | 63.400 | 47.058 |
|   0   | 70.695 | 86.891 | 91.845 | 63.444 | 47.134 |
|   1   | 70.825 | 86.875 | 91.927 | 63.490 | 47.196 |
|   2   | 70.809 | 86.842 | 92.008 | 63.517 | 47.259 |
|   4   | 70.744 | 86.793 | 92.008 | 63.511 | 47.288 |
|   9   | 70.679 | 86.712 | 91.894 | 63.495 | 47.326 |
|   14  | 70.582 | 86.842 | 91.845 | 63.505 | 47.332 |
+-------+--------+--------+--------+--------+--------+
     logs:  {'epo': 14, 'R1': np.float32(70.582), 'R5': np.float32(86.842), 'R10': np.float32(91.845), 'mAP': np.float32(63.505), 'mINP': np.float32(47.332), 'entropy': 0.2651394095737487, 'uncertainty': 3.190524034202099, 'uncertainty_coeffi': 0.009999999776482582, 'loss': 0.12898027221672237, 'lr': 2.5764177813074146e-05}
     Epoch[15] Iteration[10/323], entropy: 0.2105, uncertainty: 2.9016, uncertainty_coeffi: 0.0100, loss: 0.0954, lr: 2.16e-06
     Epoch[15] Iteration[20/323], entropy: 0.2958, uncertainty: 2.6333, uncertainty_coeffi: 0.0100, loss: 0.1443, lr: 4.52e-05
     Epoch[15] Iteration[30/323], entropy: 0.1391, uncertainty: 2.9592, uncertainty_coeffi: 0.0100, loss: 0.0715, lr: 2.76e-05
     Epoch[15] Iteration[40/323], entropy: 0.2400, uncertainty: 2.8039, uncertainty_coeffi: 0.0100, loss: 0.1257, lr: 2.16e-06
     Epoch[15] Iteration[50/323], entropy: 0.3481, uncertainty: 2.2990, uncertainty_coeffi: 0.0100, loss: 0.1701, lr: 4.52e-05
     Epoch[15] Iteration[60/323], entropy: 0.2790, uncertainty: 3.3327, uncertainty_coeffi: 0.0100, loss: 0.1401, lr: 2.76e-05
     Epoch[15] Iteration[70/323], entropy: 0.3165, uncertainty: 3.1067, uncertainty_coeffi: 0.0100, loss: 0.1297, lr: 2.16e-06
     Epoch[15] Iteration[80/323], entropy: 0.1492, uncertainty: 2.8326, uncertainty_coeffi: 0.0100, loss: 0.0648, lr: 4.52e-05
     Epoch[15] Iteration[90/323], entropy: 0.2441, uncertainty: 3.4407, uncertainty_coeffi: 0.0100, loss: 0.0887, lr: 2.76e-05
     Epoch[15] Iteration[100/323], entropy: 0.1797, uncertainty: 3.9261, uncertainty_coeffi: 0.0100, loss: 0.0923, lr: 2.16e-06
     Epoch[15] Iteration[110/323], entropy: 0.3673, uncertainty: 3.5889, uncertainty_coeffi: 0.0100, loss: 0.1354, lr: 4.52e-05
     Epoch[15] Iteration[120/323], entropy: 0.4688, uncertainty: 3.7766, uncertainty_coeffi: 0.0100, loss: 0.1720, lr: 2.76e-05
     Epoch[15] Iteration[130/323], entropy: 0.1675, uncertainty: 3.0687, uncertainty_coeffi: 0.0100, loss: 0.0726, lr: 2.16e-06
     Epoch[15] Iteration[140/323], entropy: 0.1960, uncertainty: 3.5840, uncertainty_coeffi: 0.0100, loss: 0.1388, lr: 4.52e-05
     Epoch[15] Iteration[150/323], entropy: 0.2512, uncertainty: 2.9646, uncertainty_coeffi: 0.0100, loss: 0.1198, lr: 2.76e-05
     Epoch[15] Iteration[160/323], entropy: 0.3517, uncertainty: 2.3984, uncertainty_coeffi: 0.0100, loss: 0.1677, lr: 2.16e-06
     Epoch[15] Iteration[170/323], entropy: 0.1771, uncertainty: 3.5823, uncertainty_coeffi: 0.0100, loss: 0.1002, lr: 4.52e-05
     Epoch[15] Iteration[180/323], entropy: 0.0939, uncertainty: 2.4409, uncertainty_coeffi: 0.0100, loss: 0.0728, lr: 2.76e-05
     Epoch[15] Iteration[190/323], entropy: 0.3181, uncertainty: 2.9172, uncertainty_coeffi: 0.0100, loss: 0.1541, lr: 2.16e-06
     Epoch[15] Iteration[200/323], entropy: 0.3750, uncertainty: 3.2095, uncertainty_coeffi: 0.0100, loss: 0.1764, lr: 4.52e-05
     Epoch[15] Iteration[210/323], entropy: 0.2537, uncertainty: 2.9931, uncertainty_coeffi: 0.0100, loss: 0.1094, lr: 2.76e-05
     Epoch[15] Iteration[220/323], entropy: 0.3102, uncertainty: 2.8049, uncertainty_coeffi: 0.0100, loss: 0.1331, lr: 2.16e-06
     Epoch[15] Iteration[230/323], entropy: 0.3257, uncertainty: 3.4942, uncertainty_coeffi: 0.0100, loss: 0.1468, lr: 4.52e-05
     Epoch[15] Iteration[240/323], entropy: 0.3063, uncertainty: 2.9068, uncertainty_coeffi: 0.0100, loss: 0.1638, lr: 2.76e-05
     Epoch[15] Iteration[250/323], entropy: 0.3502, uncertainty: 3.1975, uncertainty_coeffi: 0.0100, loss: 0.1260, lr: 2.16e-06
     Epoch[15] Iteration[260/323], entropy: 0.2619, uncertainty: 2.6724, uncertainty_coeffi: 0.0100, loss: 0.1139, lr: 4.52e-05
     Epoch[15] Iteration[270/323], entropy: 0.1411, uncertainty: 3.5630, uncertainty_coeffi: 0.0100, loss: 0.0723, lr: 2.76e-05
     Epoch[15] Iteration[280/323], entropy: 0.2329, uncertainty: 3.5960, uncertainty_coeffi: 0.0100, loss: 0.0885, lr: 2.16e-06
     Epoch[15] Iteration[290/323], entropy: 0.3899, uncertainty: 3.0628, uncertainty_coeffi: 0.0100, loss: 0.1624, lr: 4.52e-05
     Epoch[15] Iteration[300/323], entropy: 0.4592, uncertainty: 3.0561, uncertainty_coeffi: 0.0100, loss: 0.1987, lr: 2.76e-05
     Epoch[15] Iteration[310/323], entropy: 0.1869, uncertainty: 3.5167, uncertainty_coeffi: 0.0100, loss: 0.0863, lr: 2.16e-06
     Epoch[15] Iteration[320/323], entropy: 0.3905, uncertainty: 3.7591, uncertainty_coeffi: 0.0100, loss: 0.1600, lr: 4.52e-05
     Averaged stats: entropy_avg: 0.2743, uncertainty_avg: 3.1372, uncertainty_coeffi_avg: 0.0100, loss_avg: 0.1248, lr_avg: 2.49e-05
     itm tta time 0:01:31
     Epoch[16] Iteration[10/323], entropy: 0.3707, uncertainty: 3.9535, uncertainty_coeffi: 0.0100, loss: 0.2007, lr: 1.25e-05
     Epoch[16] Iteration[20/323], entropy: 0.2472, uncertainty: 2.8759, uncertainty_coeffi: 0.0100, loss: 0.1619, lr: 1.25e-05
     Epoch[16] Iteration[30/323], entropy: 0.1125, uncertainty: 2.7490, uncertainty_coeffi: 0.0100, loss: 0.0990, lr: 5.00e-05
     Epoch[16] Iteration[40/323], entropy: 0.2572, uncertainty: 3.2941, uncertainty_coeffi: 0.0100, loss: 0.1703, lr: 1.25e-05
     Epoch[16] Iteration[50/323], entropy: 0.3902, uncertainty: 3.0254, uncertainty_coeffi: 0.0100, loss: 0.2261, lr: 1.25e-05
     Epoch[16] Iteration[60/323], entropy: 0.3657, uncertainty: 3.9508, uncertainty_coeffi: 0.0100, loss: 0.1539, lr: 5.00e-05
     Epoch[16] Iteration[70/323], entropy: 0.2028, uncertainty: 3.1587, uncertainty_coeffi: 0.0100, loss: 0.0999, lr: 1.25e-05
     Epoch[16] Iteration[80/323], entropy: 0.2989, uncertainty: 2.7072, uncertainty_coeffi: 0.0100, loss: 0.1549, lr: 1.25e-05
     Epoch[16] Iteration[90/323], entropy: 0.2469, uncertainty: 3.3790, uncertainty_coeffi: 0.0100, loss: 0.1281, lr: 5.00e-05
     Epoch[16] Iteration[100/323], entropy: 0.2803, uncertainty: 2.3967, uncertainty_coeffi: 0.0100, loss: 0.1092, lr: 1.25e-05
     Epoch[16] Iteration[110/323], entropy: 0.1159, uncertainty: 2.8638, uncertainty_coeffi: 0.0100, loss: 0.0663, lr: 1.25e-05
     Epoch[16] Iteration[120/323], entropy: 0.3255, uncertainty: 3.7873, uncertainty_coeffi: 0.0100, loss: 0.1056, lr: 5.00e-05
     Epoch[16] Iteration[130/323], entropy: 0.2342, uncertainty: 3.4465, uncertainty_coeffi: 0.0100, loss: 0.1055, lr: 1.25e-05
     Epoch[16] Iteration[140/323], entropy: 0.4983, uncertainty: 2.9008, uncertainty_coeffi: 0.0100, loss: 0.2253, lr: 1.25e-05
     Epoch[16] Iteration[150/323], entropy: 0.2227, uncertainty: 2.7223, uncertainty_coeffi: 0.0100, loss: 0.0947, lr: 5.00e-05
     Epoch[16] Iteration[160/323], entropy: 0.2474, uncertainty: 2.9380, uncertainty_coeffi: 0.0100, loss: 0.1175, lr: 1.25e-05
     Epoch[16] Iteration[170/323], entropy: 0.1576, uncertainty: 3.7312, uncertainty_coeffi: 0.0100, loss: 0.0681, lr: 1.25e-05
     Epoch[16] Iteration[180/323], entropy: 0.1954, uncertainty: 2.8153, uncertainty_coeffi: 0.0100, loss: 0.0693, lr: 5.00e-05
     Epoch[16] Iteration[190/323], entropy: 0.2431, uncertainty: 3.0106, uncertainty_coeffi: 0.0100, loss: 0.1074, lr: 1.25e-05
     Epoch[16] Iteration[200/323], entropy: 0.3375, uncertainty: 2.9717, uncertainty_coeffi: 0.0100, loss: 0.1624, lr: 1.25e-05
     Epoch[16] Iteration[210/323], entropy: 0.2308, uncertainty: 2.6323, uncertainty_coeffi: 0.0100, loss: 0.1105, lr: 5.00e-05
     Epoch[16] Iteration[220/323], entropy: 0.2361, uncertainty: 2.5078, uncertainty_coeffi: 0.0100, loss: 0.1074, lr: 1.25e-05
     Epoch[16] Iteration[230/323], entropy: 0.4566, uncertainty: 3.0855, uncertainty_coeffi: 0.0100, loss: 0.2140, lr: 1.25e-05
     Epoch[16] Iteration[240/323], entropy: 0.2016, uncertainty: 3.0183, uncertainty_coeffi: 0.0100, loss: 0.0957, lr: 5.00e-05
     Epoch[16] Iteration[250/323], entropy: 0.2908, uncertainty: 3.1417, uncertainty_coeffi: 0.0100, loss: 0.1311, lr: 1.25e-05
     Epoch[16] Iteration[260/323], entropy: 0.3897, uncertainty: 3.6075, uncertainty_coeffi: 0.0100, loss: 0.1611, lr: 1.25e-05
     Epoch[16] Iteration[270/323], entropy: 0.5280, uncertainty: 3.0422, uncertainty_coeffi: 0.0100, loss: 0.2244, lr: 5.00e-05
     Epoch[16] Iteration[280/323], entropy: 0.1264, uncertainty: 3.2751, uncertainty_coeffi: 0.0100, loss: 0.0663, lr: 1.25e-05
     Epoch[16] Iteration[290/323], entropy: 0.4790, uncertainty: 3.4330, uncertainty_coeffi: 0.0100, loss: 0.1746, lr: 1.25e-05
     Epoch[16] Iteration[300/323], entropy: 0.2930, uncertainty: 4.6766, uncertainty_coeffi: 0.0100, loss: 0.1080, lr: 5.00e-05
     Epoch[16] Iteration[310/323], entropy: 0.3334, uncertainty: 3.1309, uncertainty_coeffi: 0.0100, loss: 0.1178, lr: 1.25e-05
     Epoch[16] Iteration[320/323], entropy: 0.1915, uncertainty: 3.3017, uncertainty_coeffi: 0.0100, loss: 0.0863, lr: 1.25e-05
     Averaged stats: entropy_avg: 0.2846, uncertainty_avg: 3.1728, uncertainty_coeffi_avg: 0.0100, loss_avg: 0.1320, lr_avg: 2.42e-05
     itm tta time 0:01:08
     Epoch[17] Iteration[10/323], entropy: 0.3095, uncertainty: 2.7099, uncertainty_coeffi: 0.0100, loss: 0.1790, lr: 4.52e-05
     Epoch[17] Iteration[20/323], entropy: 0.3090, uncertainty: 3.5025, uncertainty_coeffi: 0.0100, loss: 0.1270, lr: 2.16e-06
     Epoch[17] Iteration[30/323], entropy: 0.1360, uncertainty: 2.8557, uncertainty_coeffi: 0.0100, loss: 0.0748, lr: 2.76e-05
     Epoch[17] Iteration[40/323], entropy: 0.2077, uncertainty: 3.2533, uncertainty_coeffi: 0.0100, loss: 0.1072, lr: 4.52e-05
     Epoch[17] Iteration[50/323], entropy: 0.1854, uncertainty: 2.7800, uncertainty_coeffi: 0.0100, loss: 0.0995, lr: 2.16e-06
     Epoch[17] Iteration[60/323], entropy: 0.2096, uncertainty: 3.0774, uncertainty_coeffi: 0.0100, loss: 0.1310, lr: 2.76e-05
     Epoch[17] Iteration[70/323], entropy: 0.2152, uncertainty: 2.6118, uncertainty_coeffi: 0.0100, loss: 0.1407, lr: 4.52e-05
     Epoch[17] Iteration[80/323], entropy: 0.2035, uncertainty: 3.2787, uncertainty_coeffi: 0.0100, loss: 0.1181, lr: 2.16e-06
     Epoch[17] Iteration[90/323], entropy: 0.4309, uncertainty: 2.8433, uncertainty_coeffi: 0.0100, loss: 0.1937, lr: 2.76e-05
     Epoch[17] Iteration[100/323], entropy: 0.2026, uncertainty: 2.5750, uncertainty_coeffi: 0.0100, loss: 0.1106, lr: 4.52e-05
     Epoch[17] Iteration[110/323], entropy: 0.1351, uncertainty: 3.2340, uncertainty_coeffi: 0.0100, loss: 0.0895, lr: 2.16e-06
     Epoch[17] Iteration[120/323], entropy: 0.2158, uncertainty: 2.4764, uncertainty_coeffi: 0.0100, loss: 0.1357, lr: 2.76e-05
     Epoch[17] Iteration[130/323], entropy: 0.2584, uncertainty: 3.0438, uncertainty_coeffi: 0.0100, loss: 0.1491, lr: 4.52e-05
     Epoch[17] Iteration[140/323], entropy: 0.1725, uncertainty: 2.7471, uncertainty_coeffi: 0.0100, loss: 0.1286, lr: 2.16e-06
     Epoch[17] Iteration[150/323], entropy: 0.2917, uncertainty: 3.6355, uncertainty_coeffi: 0.0100, loss: 0.1138, lr: 2.76e-05
     Epoch[17] Iteration[160/323], entropy: 0.2912, uncertainty: 3.1344, uncertainty_coeffi: 0.0100, loss: 0.1245, lr: 4.52e-05
     Epoch[17] Iteration[170/323], entropy: 0.2227, uncertainty: 3.2013, uncertainty_coeffi: 0.0100, loss: 0.1105, lr: 2.16e-06
     Epoch[17] Iteration[180/323], entropy: 0.3349, uncertainty: 2.4362, uncertainty_coeffi: 0.0100, loss: 0.2377, lr: 2.76e-05
     Epoch[17] Iteration[190/323], entropy: 0.2444, uncertainty: 3.4995, uncertainty_coeffi: 0.0100, loss: 0.1040, lr: 4.52e-05
     Epoch[17] Iteration[200/323], entropy: 0.1635, uncertainty: 3.7618, uncertainty_coeffi: 0.0100, loss: 0.0846, lr: 2.16e-06
     Epoch[17] Iteration[210/323], entropy: 0.1135, uncertainty: 2.8135, uncertainty_coeffi: 0.0100, loss: 0.0589, lr: 2.76e-05
     Epoch[17] Iteration[220/323], entropy: 0.3483, uncertainty: 3.1095, uncertainty_coeffi: 0.0100, loss: 0.1765, lr: 4.52e-05
     Epoch[17] Iteration[230/323], entropy: 0.1973, uncertainty: 3.0962, uncertainty_coeffi: 0.0100, loss: 0.1118, lr: 2.16e-06
     Epoch[17] Iteration[240/323], entropy: 0.2233, uncertainty: 3.6957, uncertainty_coeffi: 0.0100, loss: 0.0779, lr: 2.76e-05
     Epoch[17] Iteration[250/323], entropy: 0.2422, uncertainty: 3.6504, uncertainty_coeffi: 0.0100, loss: 0.0899, lr: 4.52e-05
     Epoch[17] Iteration[260/323], entropy: 0.1730, uncertainty: 2.5258, uncertainty_coeffi: 0.0100, loss: 0.0871, lr: 2.16e-06
     Epoch[17] Iteration[270/323], entropy: 0.3349, uncertainty: 2.6465, uncertainty_coeffi: 0.0100, loss: 0.1637, lr: 2.76e-05
     Epoch[17] Iteration[280/323], entropy: 0.0706, uncertainty: 2.8226, uncertainty_coeffi: 0.0100, loss: 0.0560, lr: 4.52e-05
     Epoch[17] Iteration[290/323], entropy: 0.2193, uncertainty: 2.2409, uncertainty_coeffi: 0.0100, loss: 0.0962, lr: 2.16e-06
     Epoch[17] Iteration[300/323], entropy: 0.2770, uncertainty: 3.6640, uncertainty_coeffi: 0.0100, loss: 0.1099, lr: 2.76e-05
     Epoch[17] Iteration[310/323], entropy: 0.2869, uncertainty: 2.6687, uncertainty_coeffi: 0.0100, loss: 0.1840, lr: 4.52e-05
     Epoch[17] Iteration[320/323], entropy: 0.0663, uncertainty: 2.5127, uncertainty_coeffi: 0.0100, loss: 0.0564, lr: 2.16e-06
     Averaged stats: entropy_avg: 0.2279, uncertainty_avg: 3.0033, uncertainty_coeffi_avg: 0.0100, loss_avg: 0.1196, lr_avg: 2.49e-05
     itm tta time 0:01:00
     Epoch[18] Iteration[10/323], entropy: 0.2201, uncertainty: 2.7668, uncertainty_coeffi: 0.0100, loss: 0.0987, lr: 4.17e-05
     Epoch[18] Iteration[20/323], entropy: 0.2424, uncertainty: 2.5677, uncertainty_coeffi: 0.0100, loss: 0.1087, lr: 3.27e-05
     Epoch[18] Iteration[30/323], entropy: 0.3651, uncertainty: 3.6857, uncertainty_coeffi: 0.0100, loss: 0.1381, lr: 5.46e-07
     Epoch[18] Iteration[40/323], entropy: 0.2472, uncertainty: 2.8440, uncertainty_coeffi: 0.0100, loss: 0.1826, lr: 4.17e-05
     Epoch[18] Iteration[50/323], entropy: 0.0616, uncertainty: 3.0572, uncertainty_coeffi: 0.0100, loss: 0.0463, lr: 3.27e-05
     Epoch[18] Iteration[60/323], entropy: 0.1880, uncertainty: 3.1102, uncertainty_coeffi: 0.0100, loss: 0.0911, lr: 5.46e-07
     Epoch[18] Iteration[70/323], entropy: 0.3690, uncertainty: 2.9149, uncertainty_coeffi: 0.0100, loss: 0.2182, lr: 4.17e-05
     Epoch[18] Iteration[80/323], entropy: 0.4146, uncertainty: 2.6577, uncertainty_coeffi: 0.0100, loss: 0.2164, lr: 3.27e-05
     Epoch[18] Iteration[90/323], entropy: 0.2436, uncertainty: 3.3893, uncertainty_coeffi: 0.0100, loss: 0.1063, lr: 5.46e-07
     Epoch[18] Iteration[100/323], entropy: 0.2870, uncertainty: 3.7017, uncertainty_coeffi: 0.0100, loss: 0.1122, lr: 4.17e-05
     Epoch[18] Iteration[110/323], entropy: 0.2592, uncertainty: 2.5152, uncertainty_coeffi: 0.0100, loss: 0.1467, lr: 3.27e-05
     Epoch[18] Iteration[120/323], entropy: 0.3289, uncertainty: 3.4464, uncertainty_coeffi: 0.0100, loss: 0.0999, lr: 5.46e-07
     Epoch[18] Iteration[130/323], entropy: 0.2021, uncertainty: 2.3664, uncertainty_coeffi: 0.0100, loss: 0.1540, lr: 4.17e-05
     Epoch[18] Iteration[140/323], entropy: 0.1503, uncertainty: 2.3897, uncertainty_coeffi: 0.0100, loss: 0.0967, lr: 3.27e-05
     Epoch[18] Iteration[150/323], entropy: 0.3737, uncertainty: 3.3389, uncertainty_coeffi: 0.0100, loss: 0.1144, lr: 5.46e-07
     Epoch[18] Iteration[160/323], entropy: 0.2845, uncertainty: 2.9118, uncertainty_coeffi: 0.0100, loss: 0.1607, lr: 4.17e-05
     Epoch[18] Iteration[170/323], entropy: 0.1645, uncertainty: 2.7407, uncertainty_coeffi: 0.0100, loss: 0.0926, lr: 3.27e-05
     Epoch[18] Iteration[180/323], entropy: 0.1759, uncertainty: 3.7395, uncertainty_coeffi: 0.0100, loss: 0.0897, lr: 5.46e-07
     Epoch[18] Iteration[190/323], entropy: 0.0701, uncertainty: 2.3155, uncertainty_coeffi: 0.0100, loss: 0.0578, lr: 4.17e-05
     Epoch[18] Iteration[200/323], entropy: 0.2268, uncertainty: 2.6598, uncertainty_coeffi: 0.0100, loss: 0.1493, lr: 3.75e-05
     Epoch[18] Iteration[210/323], entropy: 0.1255, uncertainty: 3.7065, uncertainty_coeffi: 0.0100, loss: 0.0597, lr: 0.00e+00
     Epoch[18] Iteration[220/323], entropy: 0.3140, uncertainty: 3.2066, uncertainty_coeffi: 0.0100, loss: 0.1685, lr: 3.75e-05
     Epoch[18] Iteration[230/323], entropy: 0.2158, uncertainty: 2.4794, uncertainty_coeffi: 0.0100, loss: 0.1524, lr: 3.75e-05
     Epoch[18] Iteration[240/323], entropy: 0.3869, uncertainty: 3.9115, uncertainty_coeffi: 0.0100, loss: 0.1467, lr: 0.00e+00
     Epoch[18] Iteration[250/323], entropy: 0.0954, uncertainty: 1.8834, uncertainty_coeffi: 0.0100, loss: 0.0700, lr: 3.75e-05
     Epoch[18] Iteration[260/323], entropy: 0.4350, uncertainty: 2.8959, uncertainty_coeffi: 0.0100, loss: 0.1952, lr: 3.75e-05
     Epoch[18] Iteration[270/323], entropy: 0.0871, uncertainty: 2.7661, uncertainty_coeffi: 0.0100, loss: 0.0598, lr: 0.00e+00
     Epoch[18] Iteration[280/323], entropy: 0.2611, uncertainty: 3.2381, uncertainty_coeffi: 0.0100, loss: 0.0872, lr: 3.75e-05
     Epoch[18] Iteration[290/323], entropy: 0.4032, uncertainty: 3.1005, uncertainty_coeffi: 0.0100, loss: 0.1393, lr: 3.75e-05
     Epoch[18] Iteration[300/323], entropy: 0.3334, uncertainty: 3.0870, uncertainty_coeffi: 0.0100, loss: 0.1215, lr: 0.00e+00
     Epoch[18] Iteration[310/323], entropy: 0.1402, uncertainty: 2.8564, uncertainty_coeffi: 0.0100, loss: 0.0733, lr: 3.75e-05
     Epoch[18] Iteration[320/323], entropy: 0.2258, uncertainty: 3.5270, uncertainty_coeffi: 0.0100, loss: 0.1286, lr: 3.75e-05
     Averaged stats: entropy_avg: 0.2468, uncertainty_avg: 2.9931, uncertainty_coeffi_avg: 0.0100, loss_avg: 0.1213, lr_avg: 2.59e-05
     itm tta time 0:01:04
     Epoch[19] Iteration[10/323], entropy: 0.2226, uncertainty: 3.0067, uncertainty_coeffi: 0.0100, loss: 0.1048, lr: 4.77e-06
     Epoch[19] Iteration[20/323], entropy: 0.1290, uncertainty: 3.2462, uncertainty_coeffi: 0.0100, loss: 0.0877, lr: 4.78e-05
     Epoch[19] Iteration[30/323], entropy: 0.1842, uncertainty: 3.2849, uncertainty_coeffi: 0.0100, loss: 0.0883, lr: 2.24e-05
     Epoch[19] Iteration[40/323], entropy: 0.3096, uncertainty: 3.5886, uncertainty_coeffi: 0.0100, loss: 0.1235, lr: 4.77e-06
     Epoch[19] Iteration[50/323], entropy: 0.2554, uncertainty: 3.8616, uncertainty_coeffi: 0.0100, loss: 0.1011, lr: 4.78e-05
     Epoch[19] Iteration[60/323], entropy: 0.1557, uncertainty: 2.9434, uncertainty_coeffi: 0.0100, loss: 0.0853, lr: 2.24e-05
     Epoch[19] Iteration[70/323], entropy: 0.3526, uncertainty: 4.2599, uncertainty_coeffi: 0.0100, loss: 0.1225, lr: 4.77e-06
     Epoch[19] Iteration[80/323], entropy: 0.1944, uncertainty: 3.4413, uncertainty_coeffi: 0.0100, loss: 0.0718, lr: 4.78e-05
     Epoch[19] Iteration[90/323], entropy: 0.2675, uncertainty: 3.3753, uncertainty_coeffi: 0.0100, loss: 0.1433, lr: 2.24e-05
     Epoch[19] Iteration[100/323], entropy: 0.2717, uncertainty: 3.5045, uncertainty_coeffi: 0.0100, loss: 0.1517, lr: 4.77e-06
     Epoch[19] Iteration[110/323], entropy: 0.2549, uncertainty: 2.9969, uncertainty_coeffi: 0.0100, loss: 0.1393, lr: 4.78e-05
     Epoch[19] Iteration[120/323], entropy: 0.3330, uncertainty: 3.3446, uncertainty_coeffi: 0.0100, loss: 0.1677, lr: 2.24e-05
     Epoch[19] Iteration[130/323], entropy: 0.2097, uncertainty: 3.0304, uncertainty_coeffi: 0.0100, loss: 0.1220, lr: 4.77e-06
     Epoch[19] Iteration[140/323], entropy: 0.2135, uncertainty: 3.1086, uncertainty_coeffi: 0.0100, loss: 0.0884, lr: 4.78e-05
     Epoch[19] Iteration[150/323], entropy: 0.5537, uncertainty: 3.7670, uncertainty_coeffi: 0.0100, loss: 0.2004, lr: 2.24e-05
     Epoch[19] Iteration[160/323], entropy: 0.1449, uncertainty: 4.1531, uncertainty_coeffi: 0.0100, loss: 0.0945, lr: 4.77e-06
     Epoch[19] Iteration[170/323], entropy: 0.2919, uncertainty: 3.1618, uncertainty_coeffi: 0.0100, loss: 0.1510, lr: 4.78e-05
     Epoch[19] Iteration[180/323], entropy: 0.3275, uncertainty: 3.9426, uncertainty_coeffi: 0.0100, loss: 0.1148, lr: 2.24e-05
     Epoch[19] Iteration[190/323], entropy: 0.3946, uncertainty: 3.7648, uncertainty_coeffi: 0.0100, loss: 0.1191, lr: 4.77e-06
     Epoch[19] Iteration[200/323], entropy: 0.2086, uncertainty: 2.4256, uncertainty_coeffi: 0.0100, loss: 0.0923, lr: 4.78e-05
     Epoch[19] Iteration[210/323], entropy: 0.1964, uncertainty: 3.5744, uncertainty_coeffi: 0.0100, loss: 0.0796, lr: 2.24e-05
     Epoch[19] Iteration[220/323], entropy: 0.1838, uncertainty: 2.5908, uncertainty_coeffi: 0.0100, loss: 0.1128, lr: 4.77e-06
     Epoch[19] Iteration[230/323], entropy: 0.2526, uncertainty: 3.3726, uncertainty_coeffi: 0.0100, loss: 0.1612, lr: 4.78e-05
     Epoch[19] Iteration[240/323], entropy: 0.3512, uncertainty: 2.6366, uncertainty_coeffi: 0.0100, loss: 0.2085, lr: 2.24e-05
     Epoch[19] Iteration[250/323], entropy: 0.1129, uncertainty: 2.7557, uncertainty_coeffi: 0.0100, loss: 0.0578, lr: 4.77e-06
     Epoch[19] Iteration[260/323], entropy: 0.2386, uncertainty: 2.8458, uncertainty_coeffi: 0.0100, loss: 0.1159, lr: 4.78e-05
     Epoch[19] Iteration[270/323], entropy: 0.1616, uncertainty: 2.8767, uncertainty_coeffi: 0.0100, loss: 0.0933, lr: 2.24e-05
     Epoch[19] Iteration[280/323], entropy: 0.2420, uncertainty: 3.0928, uncertainty_coeffi: 0.0100, loss: 0.1290, lr: 4.77e-06
     Epoch[19] Iteration[290/323], entropy: 0.4246, uncertainty: 3.4862, uncertainty_coeffi: 0.0100, loss: 0.1641, lr: 4.78e-05
     Epoch[19] Iteration[300/323], entropy: 0.1736, uncertainty: 2.6432, uncertainty_coeffi: 0.0100, loss: 0.0991, lr: 2.24e-05
     Epoch[19] Iteration[310/323], entropy: 0.3024, uncertainty: 3.6734, uncertainty_coeffi: 0.0100, loss: 0.1014, lr: 4.77e-06
     Epoch[19] Iteration[320/323], entropy: 0.2227, uncertainty: 3.7576, uncertainty_coeffi: 0.0100, loss: 0.0874, lr: 4.78e-05
     Averaged stats: entropy_avg: 0.2543, uncertainty_avg: 3.2973, uncertainty_coeffi_avg: 0.0100, loss_avg: 0.1181, lr_avg: 2.51e-05
     itm tta time 0:01:03
### TTA Eval Score: 
+-------+--------+--------+--------+--------+--------+
| epoch |   R1   |   R5   |  R10   |  mAP   |  mINP  |
+-------+--------+--------+--------+--------+--------+
|  -999 | 70.647 | 86.940 | 91.797 | 63.400 | 47.058 |
|   0   | 70.695 | 86.891 | 91.845 | 63.444 | 47.134 |
|   1   | 70.825 | 86.875 | 91.927 | 63.490 | 47.196 |
|   2   | 70.809 | 86.842 | 92.008 | 63.517 | 47.259 |
|   4   | 70.744 | 86.793 | 92.008 | 63.511 | 47.288 |
|   9   | 70.679 | 86.712 | 91.894 | 63.495 | 47.326 |
|   14  | 70.582 | 86.842 | 91.845 | 63.505 | 47.332 |
|   19  | 70.500 | 86.858 | 91.813 | 63.489 | 47.312 |
+-------+--------+--------+--------+--------+--------+
     logs:  {'epo': 19, 'R1': np.float32(70.5), 'R5': np.float32(86.858), 'R10': np.float32(91.813), 'mAP': np.float32(63.489), 'mINP': np.float32(47.312), 'entropy': 0.2542971819639206, 'uncertainty': 3.2972894310951233, 'uncertainty_coeffi': 0.009999999776482582, 'loss': 0.1181112740887329, 'lr': 2.5081662861927036e-05}
### best epoch 1 : {'epo': '1', 'R1': '70.825', 'R5': '86.875', 'R10': '91.927', 'mAP': '63.49', 'mINP': '47.196', 'entropy': '0.2701488637831062', 'uncertainty': '2.9840939939022064', 'uncertainty_coeffi': '0.009999999776482582', 'loss': '0.13508621812798083', 'lr': '2.5713707388783234e-05'}
### Time 0:29:24
