Not using distributed mode
### Hyper-parameters:
     output_dir: output_rerun/ham_cuhk_tta/exp0.1.3/2025090515335
     seed: 42
     device: cuda
     batch_size_tta: 32
     epochs: 30
     lr: 0.0005
### Creating test dataset
     test_txt_set: 6156    test_img_set: 3074
     test_txt_loader: 13    test_img_loader: 7
### Creating model
Training Model with ['sdm', 'id', 'mlm'] tasks
Resized position embedding from size:torch.Size([1, 197, 768]) to size: torch.Size([1, 193, 768]) with height:24 width: 8
     Total Params Sum:  194535419
### Zero-Shot Score: 
/data2/jiahao/task/IRRA/tta.py:261: FutureWarning: `torch.cuda.amp.GradScaler(args...)` is deprecated. Please use `torch.amp.GradScaler('cuda', args...)` instead.
  scaler = GradScaler()  # bf16
+-------+--------+--------+--------+--------+--------+
| epoch |   R1   |   R5   |  R10   |  mAP   |  mINP  |
+-------+--------+--------+--------+--------+--------+
|  -999 | 70.679 | 86.907 | 91.813 | 63.399 | 47.043 |
+-------+--------+--------+--------+--------+--------+
### TTA:
### Compute Cos Similarity Uncertainty
     preprocess_tta_coefficients  start
     sample selection ...
     number of sample after sample_selection: 6156
     uncertainty ...
     pos/neg sampling ...
      number of sample after pos/neg sampling: torch.Size([6156, 4])
     preprocess_tta_coefficients  end
### Creating TTA dataset
     tta_dataset: 6156
### Creating tta dataloader
### be careful: func create_loader returns a list length of 1
     tta_loader: 192
### Configure adapted weights
     TTA Dropout Modules: 
 []
     TTA Require Gradient Params: 
 [('base_model.transformer.resblocks.1.ln_1.weight', torch.Size([512])), ('base_model.transformer.resblocks.1.ln_1.bias', torch.Size([512])), ('base_model.transformer.resblocks.1.ln_2.weight', torch.Size([512])), ('base_model.transformer.resblocks.1.ln_2.bias', torch.Size([512])), ('base_model.transformer.resblocks.2.ln_1.weight', torch.Size([512])), ('base_model.transformer.resblocks.2.ln_1.bias', torch.Size([512])), ('base_model.transformer.resblocks.2.ln_2.weight', torch.Size([512])), ('base_model.transformer.resblocks.2.ln_2.bias', torch.Size([512])), ('base_model.transformer.resblocks.3.ln_1.weight', torch.Size([512])), ('base_model.transformer.resblocks.3.ln_1.bias', torch.Size([512])), ('base_model.transformer.resblocks.3.ln_2.weight', torch.Size([512])), ('base_model.transformer.resblocks.3.ln_2.bias', torch.Size([512])), ('base_model.transformer.resblocks.4.ln_1.weight', torch.Size([512])), ('base_model.transformer.resblocks.4.ln_1.bias', torch.Size([512])), ('base_model.transformer.resblocks.4.ln_2.weight', torch.Size([512])), ('base_model.transformer.resblocks.4.ln_2.bias', torch.Size([512])), ('base_model.transformer.resblocks.5.ln_1.weight', torch.Size([512])), ('base_model.transformer.resblocks.5.ln_1.bias', torch.Size([512])), ('base_model.transformer.resblocks.5.ln_2.weight', torch.Size([512])), ('base_model.transformer.resblocks.5.ln_2.bias', torch.Size([512])), ('base_model.transformer.resblocks.7.ln_1.weight', torch.Size([512])), ('base_model.transformer.resblocks.7.ln_1.bias', torch.Size([512])), ('base_model.transformer.resblocks.7.ln_2.weight', torch.Size([512])), ('base_model.transformer.resblocks.7.ln_2.bias', torch.Size([512])), ('base_model.transformer.resblocks.8.ln_1.weight', torch.Size([512])), ('base_model.transformer.resblocks.8.ln_1.bias', torch.Size([512])), ('base_model.transformer.resblocks.8.ln_2.weight', torch.Size([512])), ('base_model.transformer.resblocks.8.ln_2.bias', torch.Size([512])), ('base_model.transformer.resblocks.9.ln_1.weight', torch.Size([512])), ('base_model.transformer.resblocks.9.ln_1.bias', torch.Size([512])), ('base_model.transformer.resblocks.9.ln_2.weight', torch.Size([512])), ('base_model.transformer.resblocks.9.ln_2.bias', torch.Size([512])), ('base_model.transformer.resblocks.10.ln_1.weight', torch.Size([512])), ('base_model.transformer.resblocks.10.ln_1.bias', torch.Size([512])), ('base_model.transformer.resblocks.10.ln_2.weight', torch.Size([512])), ('base_model.transformer.resblocks.10.ln_2.bias', torch.Size([512])), ('base_model.transformer.resblocks.11.ln_1.weight', torch.Size([512])), ('base_model.transformer.resblocks.11.ln_1.bias', torch.Size([512])), ('base_model.transformer.resblocks.11.ln_2.weight', torch.Size([512])), ('base_model.transformer.resblocks.11.ln_2.bias', torch.Size([512])), ('base_model.ln_final.weight', torch.Size([512])), ('base_model.ln_final.bias', torch.Size([512]))]
     TTA Dropout Modules Number: 
 0
     TTA Require Gradient Params Sum: 
 21504
Using 5.0 times learning rate for random init module 
### Start Test Time Adaptation
/data2/jiahao/task/IRRA/tta.py:65: FutureWarning: `torch.cuda.amp.autocast(args...)` is deprecated. Please use `torch.amp.autocast('cuda', args...)` instead.
  with torch.cuda.amp.autocast(enabled=True):
     Epoch[0] Iteration[10/192], entropy: 0.3967, loss: 0.3967, lr: 4.52e-04
     Epoch[0] Iteration[20/192], entropy: 0.1603, loss: 0.1603, lr: 1.73e-04
     Epoch[0] Iteration[30/192], entropy: 0.2563, loss: 0.2563, lr: 0.00e+00
     Epoch[0] Iteration[40/192], entropy: 0.2582, loss: 0.2582, lr: 1.73e-04
     Epoch[0] Iteration[50/192], entropy: 0.4245, loss: 0.4245, lr: 4.52e-04
     Epoch[0] Iteration[60/192], entropy: 0.1790, loss: 0.1790, lr: 4.52e-04
     Epoch[0] Iteration[70/192], entropy: 0.3059, loss: 0.3059, lr: 1.73e-04
     Epoch[0] Iteration[80/192], entropy: 0.2393, loss: 0.2393, lr: 0.00e+00
     Epoch[0] Iteration[90/192], entropy: 0.3127, loss: 0.3127, lr: 1.73e-04
     Epoch[0] Iteration[100/192], entropy: 0.2919, loss: 0.2919, lr: 4.52e-04
     Epoch[0] Iteration[110/192], entropy: 0.2856, loss: 0.2856, lr: 4.52e-04
     Epoch[0] Iteration[120/192], entropy: 0.2650, loss: 0.2650, lr: 1.73e-04
     Epoch[0] Iteration[130/192], entropy: 0.2745, loss: 0.2745, lr: 0.00e+00
     Epoch[0] Iteration[140/192], entropy: 0.2199, loss: 0.2199, lr: 1.73e-04
     Epoch[0] Iteration[150/192], entropy: 0.2798, loss: 0.2798, lr: 4.52e-04
     Epoch[0] Iteration[160/192], entropy: 0.2941, loss: 0.2941, lr: 4.52e-04
     Epoch[0] Iteration[170/192], entropy: 0.2904, loss: 0.2904, lr: 1.73e-04
     Epoch[0] Iteration[180/192], entropy: 0.1803, loss: 0.1803, lr: 0.00e+00
     Epoch[0] Iteration[190/192], entropy: 0.2368, loss: 0.2368, lr: 1.73e-04
     Averaged stats: entropy: 0.3621, loss: 0.3621, lr: 2.34e-04
     itm tta time 0:00:23
### TTA Eval Score: 
+-------+--------+--------+--------+--------+--------+
| epoch |   R1   |   R5   |  R10   |  mAP   |  mINP  |
+-------+--------+--------+--------+--------+--------+
|  -999 | 70.679 | 86.907 | 91.813 | 63.399 | 47.043 |
|   0   | 70.468 | 86.745 | 91.667 | 63.330 | 47.212 |
+-------+--------+--------+--------+--------+--------+
     logs:  {'epo': 0, 'R1': 70.468, 'R5': 86.745, 'R10': 91.667, 'mAP': 63.33, 'mINP': 47.212, 'entropy': 0.2711139125259299, 'loss': 0.2711139125259299, 'lr': 0.00023935503954769803}
     Epoch[1] Iteration[10/192], entropy: 0.3491, loss: 0.3491, lr: 4.82e-04
     Epoch[1] Iteration[20/192], entropy: 0.2157, loss: 0.2157, lr: 4.09e-04
     Epoch[1] Iteration[30/192], entropy: 0.2495, loss: 0.2495, lr: 1.16e-04
     Epoch[1] Iteration[40/192], entropy: 0.1801, loss: 0.1801, lr: 7.85e-06
     Epoch[1] Iteration[50/192], entropy: 0.2933, loss: 0.2933, lr: 2.34e-04
     Epoch[1] Iteration[60/192], entropy: 0.3521, loss: 0.3521, lr: 4.82e-04
     Epoch[1] Iteration[70/192], entropy: 0.1556, loss: 0.1556, lr: 4.09e-04
     Epoch[1] Iteration[80/192], entropy: 0.2353, loss: 0.2353, lr: 1.16e-04
     Epoch[1] Iteration[90/192], entropy: 0.2796, loss: 0.2796, lr: 7.85e-06
     Epoch[1] Iteration[100/192], entropy: 0.3730, loss: 0.3730, lr: 2.34e-04
     Epoch[1] Iteration[110/192], entropy: 0.2516, loss: 0.2516, lr: 4.82e-04
     Epoch[1] Iteration[120/192], entropy: 0.2802, loss: 0.2802, lr: 4.09e-04
     Epoch[1] Iteration[130/192], entropy: 0.2740, loss: 0.2740, lr: 1.16e-04
     Epoch[1] Iteration[140/192], entropy: 0.3597, loss: 0.3597, lr: 7.85e-06
     Epoch[1] Iteration[150/192], entropy: 0.3278, loss: 0.3278, lr: 2.34e-04
     Epoch[1] Iteration[160/192], entropy: 0.2156, loss: 0.2156, lr: 4.82e-04
     Epoch[1] Iteration[170/192], entropy: 0.3124, loss: 0.3124, lr: 4.09e-04
     Epoch[1] Iteration[180/192], entropy: 0.2407, loss: 0.2407, lr: 1.16e-04
     Epoch[1] Iteration[190/192], entropy: 0.1948, loss: 0.1948, lr: 7.85e-06
     Averaged stats: entropy: 0.2393, loss: 0.2393, lr: 3.09e-05
     itm tta time 0:00:23
### TTA Eval Score: 
+-------+--------+--------+--------+--------+--------+
| epoch |   R1   |   R5   |  R10   |  mAP   |  mINP  |
+-------+--------+--------+--------+--------+--------+
|  -999 | 70.679 | 86.907 | 91.813 | 63.399 | 47.043 |
|   0   | 70.468 | 86.745 | 91.667 | 63.330 | 47.212 |
|   1   | 70.500 | 86.663 | 91.797 | 63.297 | 47.083 |
+-------+--------+--------+--------+--------+--------+
     logs:  {'epo': 1, 'R1': 70.5, 'R5': 86.663, 'R10': 91.797, 'mAP': 63.297, 'mINP': 47.083, 'entropy': 0.27052800671050425, 'loss': 0.27052800671050425, 'lr': 0.00025082619104643854}
     Epoch[2] Iteration[10/192], entropy: 0.2591, loss: 0.2591, lr: 2.97e-04
     Epoch[2] Iteration[20/192], entropy: 0.2579, loss: 0.2579, lr: 4.98e-04
     Epoch[2] Iteration[30/192], entropy: 0.1163, loss: 0.1163, lr: 3.56e-04
     Epoch[2] Iteration[40/192], entropy: 0.2041, loss: 0.2041, lr: 6.78e-05
     Epoch[2] Iteration[50/192], entropy: 0.1700, loss: 0.1700, lr: 3.09e-05
     Epoch[2] Iteration[60/192], entropy: 0.3080, loss: 0.3080, lr: 2.97e-04
     Epoch[2] Iteration[70/192], entropy: 0.0808, loss: 0.0808, lr: 4.98e-04
     Epoch[2] Iteration[80/192], entropy: 0.2496, loss: 0.2496, lr: 3.56e-04
     Epoch[2] Iteration[90/192], entropy: 0.2652, loss: 0.2652, lr: 6.78e-05
     Epoch[2] Iteration[100/192], entropy: 0.2379, loss: 0.2379, lr: 3.09e-05
     Epoch[2] Iteration[110/192], entropy: 0.2211, loss: 0.2211, lr: 2.97e-04
     Epoch[2] Iteration[120/192], entropy: 0.2448, loss: 0.2448, lr: 4.98e-04
     Epoch[2] Iteration[130/192], entropy: 0.2149, loss: 0.2149, lr: 3.56e-04
     Epoch[2] Iteration[140/192], entropy: 0.1806, loss: 0.1806, lr: 6.78e-05
     Epoch[2] Iteration[150/192], entropy: 0.2062, loss: 0.2062, lr: 3.09e-05
     Epoch[2] Iteration[160/192], entropy: 0.2026, loss: 0.2026, lr: 2.97e-04
     Epoch[2] Iteration[170/192], entropy: 0.2850, loss: 0.2850, lr: 4.98e-04
     Epoch[2] Iteration[180/192], entropy: 0.1905, loss: 0.1905, lr: 3.56e-04
     Epoch[2] Iteration[190/192], entropy: 0.2003, loss: 0.2003, lr: 6.78e-05
     Averaged stats: entropy: 0.2973, loss: 0.2973, lr: 3.09e-05
     itm tta time 0:00:22
### TTA Eval Score: 
+-------+--------+--------+--------+--------+--------+
| epoch |   R1   |   R5   |  R10   |  mAP   |  mINP  |
+-------+--------+--------+--------+--------+--------+
|  -999 | 70.679 | 86.907 | 91.813 | 63.399 | 47.043 |
|   0   | 70.468 | 86.745 | 91.667 | 63.330 | 47.212 |
|   1   | 70.500 | 86.663 | 91.797 | 63.297 | 47.083 |
|   2   | 70.614 | 86.712 | 91.667 | 63.402 | 47.209 |
+-------+--------+--------+--------+--------+--------+
     logs:  {'epo': 2, 'R1': 70.614, 'R5': 86.712, 'R10': 91.667, 'mAP': 63.402, 'mINP': 47.209, 'entropy': 0.2155086535372232, 'loss': 0.2155086535372232, 'lr': 0.00026153035105320837}
     Epoch[3] Iteration[10/192], entropy: 0.2073, loss: 0.2073, lr: 6.78e-05
     Epoch[3] Iteration[20/192], entropy: 0.2196, loss: 0.2196, lr: 3.56e-04
     Epoch[3] Iteration[30/192], entropy: 0.1405, loss: 0.1405, lr: 4.98e-04
     Epoch[3] Iteration[40/192], entropy: 0.1762, loss: 0.1762, lr: 2.97e-04
     Epoch[3] Iteration[50/192], entropy: 0.2454, loss: 0.2454, lr: 3.09e-05
     Epoch[3] Iteration[60/192], entropy: 0.3202, loss: 0.3202, lr: 6.78e-05
     Epoch[3] Iteration[70/192], entropy: 0.3005, loss: 0.3005, lr: 3.56e-04
     Epoch[3] Iteration[80/192], entropy: 0.2647, loss: 0.2647, lr: 4.98e-04
     Epoch[3] Iteration[90/192], entropy: 0.2576, loss: 0.2576, lr: 2.97e-04
     Epoch[3] Iteration[100/192], entropy: 0.1204, loss: 0.1204, lr: 3.09e-05
     Epoch[3] Iteration[110/192], entropy: 0.1496, loss: 0.1496, lr: 6.78e-05
     Epoch[3] Iteration[120/192], entropy: 0.2473, loss: 0.2473, lr: 3.56e-04
     Epoch[3] Iteration[130/192], entropy: 0.2307, loss: 0.2307, lr: 4.98e-04
     Epoch[3] Iteration[140/192], entropy: 0.2174, loss: 0.2174, lr: 2.97e-04
     Epoch[3] Iteration[150/192], entropy: 0.2200, loss: 0.2200, lr: 3.09e-05
     Epoch[3] Iteration[160/192], entropy: 0.1180, loss: 0.1180, lr: 6.78e-05
     Epoch[3] Iteration[170/192], entropy: 0.3379, loss: 0.3379, lr: 3.56e-04
     Epoch[3] Iteration[180/192], entropy: 0.2315, loss: 0.2315, lr: 4.98e-04
     Epoch[3] Iteration[190/192], entropy: 0.2912, loss: 0.2912, lr: 2.97e-04
     Averaged stats: entropy: 0.1893, loss: 0.1893, lr: 2.34e-04
     itm tta time 0:00:22
### TTA Eval Score: 
+-------+--------+--------+--------+--------+--------+
| epoch |   R1   |   R5   |  R10   |  mAP   |  mINP  |
+-------+--------+--------+--------+--------+--------+
|  -999 | 70.679 | 86.907 | 91.813 | 63.399 | 47.043 |
|   0   | 70.468 | 86.745 | 91.667 | 63.330 | 47.212 |
|   1   | 70.500 | 86.663 | 91.797 | 63.297 | 47.083 |
|   2   | 70.614 | 86.712 | 91.667 | 63.402 | 47.209 |
|   3   | 70.419 | 86.712 | 91.732 | 63.319 | 47.086 |
+-------+--------+--------+--------+--------+--------+
     logs:  {'epo': 3, 'R1': 70.419, 'R5': 86.712, 'R10': 91.732, 'mAP': 63.319, 'mINP': 47.086, 'entropy': 0.22610771303114138, 'loss': 0.22610771303114138, 'lr': 0.00026153035105320853}
     Epoch[4] Iteration[10/192], entropy: 0.1847, loss: 0.1847, lr: 7.85e-06
     Epoch[4] Iteration[20/192], entropy: 0.2593, loss: 0.2593, lr: 1.16e-04
     Epoch[4] Iteration[30/192], entropy: 0.1312, loss: 0.1312, lr: 4.09e-04
     Epoch[4] Iteration[40/192], entropy: 0.3507, loss: 0.3507, lr: 4.82e-04
     Epoch[4] Iteration[50/192], entropy: 0.1954, loss: 0.1954, lr: 2.34e-04
     Epoch[4] Iteration[60/192], entropy: 0.1808, loss: 0.1808, lr: 7.85e-06
     Epoch[4] Iteration[70/192], entropy: 0.1348, loss: 0.1348, lr: 1.16e-04
     Epoch[4] Iteration[80/192], entropy: 0.1326, loss: 0.1326, lr: 4.09e-04
     Epoch[4] Iteration[90/192], entropy: 0.2480, loss: 0.2480, lr: 4.82e-04
     Epoch[4] Iteration[100/192], entropy: 0.1757, loss: 0.1757, lr: 2.34e-04
     Epoch[4] Iteration[110/192], entropy: 0.2417, loss: 0.2417, lr: 7.85e-06
     Epoch[4] Iteration[120/192], entropy: 0.2649, loss: 0.2649, lr: 1.16e-04
     Epoch[4] Iteration[130/192], entropy: 0.1614, loss: 0.1614, lr: 4.09e-04
     Epoch[4] Iteration[140/192], entropy: 0.4067, loss: 0.4067, lr: 4.82e-04
     Epoch[4] Iteration[150/192], entropy: 0.1584, loss: 0.1584, lr: 2.34e-04
     Epoch[4] Iteration[160/192], entropy: 0.2462, loss: 0.2462, lr: 7.85e-06
     Epoch[4] Iteration[170/192], entropy: 0.2235, loss: 0.2235, lr: 1.16e-04
     Epoch[4] Iteration[180/192], entropy: 0.2469, loss: 0.2469, lr: 4.09e-04
     Epoch[4] Iteration[190/192], entropy: 0.2064, loss: 0.2064, lr: 4.82e-04
     Averaged stats: entropy: 0.1761, loss: 0.1761, lr: 4.52e-04
     itm tta time 0:00:23
### TTA Eval Score: 
+-------+--------+--------+--------+--------+--------+
| epoch |   R1   |   R5   |  R10   |  mAP   |  mINP  |
+-------+--------+--------+--------+--------+--------+
|  -999 | 70.679 | 86.907 | 91.813 | 63.399 | 47.043 |
|   0   | 70.468 | 86.745 | 91.667 | 63.330 | 47.212 |
|   1   | 70.500 | 86.663 | 91.797 | 63.297 | 47.083 |
|   2   | 70.614 | 86.712 | 91.667 | 63.402 | 47.209 |
|   3   | 70.419 | 86.712 | 91.732 | 63.319 | 47.086 |
|   4   | 70.419 | 86.728 | 91.602 | 63.310 | 47.043 |
+-------+--------+--------+--------+--------+--------+
     logs:  {'epo': 4, 'R1': 70.419, 'R5': 86.728, 'R10': 91.602, 'mAP': 63.31, 'mINP': 47.043, 'entropy': 0.21839744323178342, 'loss': 0.21839744323178342, 'lr': 0.0002508261910464378}
     Epoch[5] Iteration[10/192], entropy: 0.2719, loss: 0.2719, lr: 1.73e-04
     Epoch[5] Iteration[20/192], entropy: 0.1710, loss: 0.1710, lr: 0.00e+00
     Epoch[5] Iteration[30/192], entropy: 0.2429, loss: 0.2429, lr: 1.73e-04
     Epoch[5] Iteration[40/192], entropy: 0.1180, loss: 0.1180, lr: 4.52e-04
     Epoch[5] Iteration[50/192], entropy: 0.2835, loss: 0.2835, lr: 4.52e-04
     Epoch[5] Iteration[60/192], entropy: 0.3363, loss: 0.3363, lr: 1.73e-04
     Epoch[5] Iteration[70/192], entropy: 0.1922, loss: 0.1922, lr: 0.00e+00
     Epoch[5] Iteration[80/192], entropy: 0.2565, loss: 0.2565, lr: 1.73e-04
     Epoch[5] Iteration[90/192], entropy: 0.1321, loss: 0.1321, lr: 4.52e-04
     Epoch[5] Iteration[100/192], entropy: 0.3517, loss: 0.3517, lr: 4.52e-04
     Epoch[5] Iteration[110/192], entropy: 0.2631, loss: 0.2631, lr: 1.73e-04
     Epoch[5] Iteration[120/192], entropy: 0.1901, loss: 0.1901, lr: 0.00e+00
     Epoch[5] Iteration[130/192], entropy: 0.1216, loss: 0.1216, lr: 1.73e-04
     Epoch[5] Iteration[140/192], entropy: 0.2363, loss: 0.2363, lr: 4.52e-04
     Epoch[5] Iteration[150/192], entropy: 0.2443, loss: 0.2443, lr: 4.52e-04
     Epoch[5] Iteration[160/192], entropy: 0.2600, loss: 0.2600, lr: 1.73e-04
     Epoch[5] Iteration[170/192], entropy: 0.2329, loss: 0.2329, lr: 0.00e+00
     Epoch[5] Iteration[180/192], entropy: 0.2568, loss: 0.2568, lr: 1.73e-04
     Epoch[5] Iteration[190/192], entropy: 0.2139, loss: 0.2139, lr: 4.52e-04
     Averaged stats: entropy: 0.2381, loss: 0.2381, lr: 4.82e-04
     itm tta time 0:00:22
### TTA Eval Score: 
+-------+--------+--------+--------+--------+--------+
| epoch |   R1   |   R5   |  R10   |  mAP   |  mINP  |
+-------+--------+--------+--------+--------+--------+
|  -999 | 70.679 | 86.907 | 91.813 | 63.399 | 47.043 |
|   0   | 70.468 | 86.745 | 91.667 | 63.330 | 47.212 |
|   1   | 70.500 | 86.663 | 91.797 | 63.297 | 47.083 |
|   2   | 70.614 | 86.712 | 91.667 | 63.402 | 47.209 |
|   3   | 70.419 | 86.712 | 91.732 | 63.319 | 47.086 |
|   4   | 70.419 | 86.728 | 91.602 | 63.310 | 47.043 |
|   5   | 70.419 | 86.582 | 91.553 | 63.265 | 46.957 |
+-------+--------+--------+--------+--------+--------+
     logs:  {'epo': 5, 'R1': 70.419, 'R5': 86.582, 'R10': 91.553, 'mAP': 63.265, 'mINP': 46.957, 'entropy': 0.2302559790642638, 'loss': 0.2302559790642638, 'lr': 0.00023935503954769684}
     Epoch[6] Iteration[10/192], entropy: 0.2360, loss: 0.2360, lr: 4.09e-04
     Epoch[6] Iteration[20/192], entropy: 0.2949, loss: 0.2949, lr: 1.16e-04
     Epoch[6] Iteration[30/192], entropy: 0.1538, loss: 0.1538, lr: 7.85e-06
     Epoch[6] Iteration[40/192], entropy: 0.1300, loss: 0.1300, lr: 2.34e-04
     Epoch[6] Iteration[50/192], entropy: 0.2500, loss: 0.2500, lr: 4.82e-04
     Epoch[6] Iteration[60/192], entropy: 0.2428, loss: 0.2428, lr: 4.09e-04
     Epoch[6] Iteration[70/192], entropy: 0.3333, loss: 0.3333, lr: 1.16e-04
     Epoch[6] Iteration[80/192], entropy: 0.2039, loss: 0.2039, lr: 7.85e-06
     Epoch[6] Iteration[90/192], entropy: 0.2352, loss: 0.2352, lr: 2.34e-04
     Epoch[6] Iteration[100/192], entropy: 0.1744, loss: 0.1744, lr: 4.82e-04
     Epoch[6] Iteration[110/192], entropy: 0.1728, loss: 0.1728, lr: 4.09e-04
     Epoch[6] Iteration[120/192], entropy: 0.2140, loss: 0.2140, lr: 1.16e-04
     Epoch[6] Iteration[130/192], entropy: 0.1986, loss: 0.1986, lr: 7.85e-06
     Epoch[6] Iteration[140/192], entropy: 0.1883, loss: 0.1883, lr: 2.34e-04
     Epoch[6] Iteration[150/192], entropy: 0.1910, loss: 0.1910, lr: 4.82e-04
     Epoch[6] Iteration[160/192], entropy: 0.2417, loss: 0.2417, lr: 4.09e-04
     Epoch[6] Iteration[170/192], entropy: 0.2409, loss: 0.2409, lr: 1.16e-04
     Epoch[6] Iteration[180/192], entropy: 0.2199, loss: 0.2199, lr: 7.85e-06
     Epoch[6] Iteration[190/192], entropy: 0.2367, loss: 0.2367, lr: 2.34e-04
     Averaged stats: entropy: 0.1818, loss: 0.1818, lr: 2.97e-04
     itm tta time 0:00:22
### TTA Eval Score: 
+-------+--------+--------+--------+--------+--------+
| epoch |   R1   |   R5   |  R10   |  mAP   |  mINP  |
+-------+--------+--------+--------+--------+--------+
|  -999 | 70.679 | 86.907 | 91.813 | 63.399 | 47.043 |
|   0   | 70.468 | 86.745 | 91.667 | 63.330 | 47.212 |
|   1   | 70.500 | 86.663 | 91.797 | 63.297 | 47.083 |
|   2   | 70.614 | 86.712 | 91.667 | 63.402 | 47.209 |
|   3   | 70.419 | 86.712 | 91.732 | 63.319 | 47.086 |
|   4   | 70.419 | 86.728 | 91.602 | 63.310 | 47.043 |
|   5   | 70.419 | 86.582 | 91.553 | 63.265 | 46.957 |
|   6   | 70.273 | 86.615 | 91.504 | 63.218 | 46.932 |
+-------+--------+--------+--------+--------+--------+
     logs:  {'epo': 6, 'R1': 70.273, 'R5': 86.615, 'R10': 91.504, 'mAP': 63.218, 'mINP': 46.932, 'entropy': 0.21885470810689425, 'loss': 0.21885470810689425, 'lr': 0.00023776609886989086}
     Epoch[7] Iteration[10/192], entropy: 0.2495, loss: 0.2495, lr: 4.98e-04
     Epoch[7] Iteration[20/192], entropy: 0.2487, loss: 0.2487, lr: 3.56e-04
     Epoch[7] Iteration[30/192], entropy: 0.1953, loss: 0.1953, lr: 6.78e-05
     Epoch[7] Iteration[40/192], entropy: 0.2435, loss: 0.2435, lr: 3.09e-05
     Epoch[7] Iteration[50/192], entropy: 0.1684, loss: 0.1684, lr: 2.97e-04
     Epoch[7] Iteration[60/192], entropy: 0.1886, loss: 0.1886, lr: 4.98e-04
     Epoch[7] Iteration[70/192], entropy: 0.3324, loss: 0.3324, lr: 3.56e-04
     Epoch[7] Iteration[80/192], entropy: 0.1876, loss: 0.1876, lr: 6.78e-05
     Epoch[7] Iteration[90/192], entropy: 0.1732, loss: 0.1732, lr: 3.09e-05
     Epoch[7] Iteration[100/192], entropy: 0.2008, loss: 0.2008, lr: 2.97e-04
     Epoch[7] Iteration[110/192], entropy: 0.1172, loss: 0.1172, lr: 4.98e-04
     Epoch[7] Iteration[120/192], entropy: 0.1599, loss: 0.1599, lr: 3.56e-04
     Epoch[7] Iteration[130/192], entropy: 0.2916, loss: 0.2916, lr: 6.78e-05
     Epoch[7] Iteration[140/192], entropy: 0.1930, loss: 0.1930, lr: 3.09e-05
     Epoch[7] Iteration[150/192], entropy: 0.2379, loss: 0.2379, lr: 2.97e-04
     Epoch[7] Iteration[160/192], entropy: 0.3120, loss: 0.3120, lr: 4.98e-04
     Epoch[7] Iteration[170/192], entropy: 0.3278, loss: 0.3278, lr: 3.56e-04
     Epoch[7] Iteration[180/192], entropy: 0.2400, loss: 0.2400, lr: 6.78e-05
     Epoch[7] Iteration[190/192], entropy: 0.2228, loss: 0.2228, lr: 3.09e-05
     Averaged stats: entropy: 0.2043, loss: 0.2043, lr: 6.78e-05
     itm tta time 0:00:22
### TTA Eval Score: 
+-------+--------+--------+--------+--------+--------+
| epoch |   R1   |   R5   |  R10   |  mAP   |  mINP  |
+-------+--------+--------+--------+--------+--------+
|  -999 | 70.679 | 86.907 | 91.813 | 63.399 | 47.043 |
|   0   | 70.468 | 86.745 | 91.667 | 63.330 | 47.212 |
|   1   | 70.500 | 86.663 | 91.797 | 63.297 | 47.083 |
|   2   | 70.614 | 86.712 | 91.667 | 63.402 | 47.209 |
|   3   | 70.419 | 86.712 | 91.732 | 63.319 | 47.086 |
|   4   | 70.419 | 86.728 | 91.602 | 63.310 | 47.043 |
|   5   | 70.419 | 86.582 | 91.553 | 63.265 | 46.957 |
|   6   | 70.273 | 86.615 | 91.504 | 63.218 | 46.932 |
|   7   | 70.370 | 86.647 | 91.585 | 63.242 | 46.926 |
+-------+--------+--------+--------+--------+--------+
     logs:  {'epo': 7, 'R1': 70.37, 'R5': 86.647, 'R10': 91.585, 'mAP': 63.242, 'mINP': 46.926, 'entropy': 0.22579177194520048, 'loss': 0.22579177194520048, 'lr': 0.00024753445638703016}
     Epoch[8] Iteration[10/192], entropy: 0.1848, loss: 0.1848, lr: 3.56e-04
     Epoch[8] Iteration[20/192], entropy: 0.2532, loss: 0.2532, lr: 4.98e-04
     Epoch[8] Iteration[30/192], entropy: 0.1807, loss: 0.1807, lr: 2.97e-04
     Epoch[8] Iteration[40/192], entropy: 0.1507, loss: 0.1507, lr: 3.09e-05
     Epoch[8] Iteration[50/192], entropy: 0.2878, loss: 0.2878, lr: 6.78e-05
     Epoch[8] Iteration[60/192], entropy: 0.1797, loss: 0.1797, lr: 3.56e-04
     Epoch[8] Iteration[70/192], entropy: 0.1962, loss: 0.1962, lr: 4.98e-04
     Epoch[8] Iteration[80/192], entropy: 0.2827, loss: 0.2827, lr: 2.97e-04
     Epoch[8] Iteration[90/192], entropy: 0.2164, loss: 0.2164, lr: 3.09e-05
     Epoch[8] Iteration[100/192], entropy: 0.2808, loss: 0.2808, lr: 6.78e-05
     Epoch[8] Iteration[110/192], entropy: 0.1726, loss: 0.1726, lr: 3.56e-04
     Epoch[8] Iteration[120/192], entropy: 0.2584, loss: 0.2584, lr: 4.98e-04
     Epoch[8] Iteration[130/192], entropy: 0.1977, loss: 0.1977, lr: 2.97e-04
     Epoch[8] Iteration[140/192], entropy: 0.2203, loss: 0.2203, lr: 3.09e-05
     Epoch[8] Iteration[150/192], entropy: 0.2545, loss: 0.2545, lr: 6.78e-05
     Epoch[8] Iteration[160/192], entropy: 0.2563, loss: 0.2563, lr: 3.56e-04
     Epoch[8] Iteration[170/192], entropy: 0.1823, loss: 0.1823, lr: 4.98e-04
     Epoch[8] Iteration[180/192], entropy: 0.2071, loss: 0.2071, lr: 2.97e-04
     Epoch[8] Iteration[190/192], entropy: 0.1799, loss: 0.1799, lr: 3.09e-05
     Averaged stats: entropy: 0.2174, loss: 0.2174, lr: 7.85e-06
     itm tta time 0:00:22
### TTA Eval Score: 
+-------+--------+--------+--------+--------+--------+
| epoch |   R1   |   R5   |  R10   |  mAP   |  mINP  |
+-------+--------+--------+--------+--------+--------+
|  -999 | 70.679 | 86.907 | 91.813 | 63.399 | 47.043 |
|   0   | 70.468 | 86.745 | 91.667 | 63.330 | 47.212 |
|   1   | 70.500 | 86.663 | 91.797 | 63.297 | 47.083 |
|   2   | 70.614 | 86.712 | 91.667 | 63.402 | 47.209 |
|   3   | 70.419 | 86.712 | 91.732 | 63.319 | 47.086 |
|   4   | 70.419 | 86.728 | 91.602 | 63.310 | 47.043 |
|   5   | 70.419 | 86.582 | 91.553 | 63.265 | 46.957 |
|   6   | 70.273 | 86.615 | 91.504 | 63.218 | 46.932 |
|   7   | 70.370 | 86.647 | 91.585 | 63.242 | 46.926 |
|   8   | 70.370 | 86.647 | 91.569 | 63.233 | 46.933 |
+-------+--------+--------+--------+--------+--------+
     logs:  {'epo': 8, 'R1': 70.37, 'R5': 86.647, 'R10': 91.569, 'mAP': 63.233, 'mINP': 46.933, 'entropy': 0.2180048007714121, 'loss': 0.2180048007714121, 'lr': 0.0002595916924660708}
     Epoch[9] Iteration[10/192], entropy: 0.2485, loss: 0.2485, lr: 1.16e-04
     Epoch[9] Iteration[20/192], entropy: 0.2207, loss: 0.2207, lr: 4.09e-04
     Epoch[9] Iteration[30/192], entropy: 0.1050, loss: 0.1050, lr: 4.82e-04
     Epoch[9] Iteration[40/192], entropy: 0.2725, loss: 0.2725, lr: 2.34e-04
     Epoch[9] Iteration[50/192], entropy: 0.1661, loss: 0.1661, lr: 7.85e-06
     Epoch[9] Iteration[60/192], entropy: 0.1988, loss: 0.1988, lr: 1.16e-04
     Epoch[9] Iteration[70/192], entropy: 0.1371, loss: 0.1371, lr: 4.09e-04
     Epoch[9] Iteration[80/192], entropy: 0.2836, loss: 0.2836, lr: 4.82e-04
     Epoch[9] Iteration[90/192], entropy: 0.1508, loss: 0.1508, lr: 2.34e-04
     Epoch[9] Iteration[100/192], entropy: 0.1500, loss: 0.1500, lr: 7.85e-06
     Epoch[9] Iteration[110/192], entropy: 0.1286, loss: 0.1286, lr: 1.16e-04
     Epoch[9] Iteration[120/192], entropy: 0.1557, loss: 0.1557, lr: 4.09e-04
     Epoch[9] Iteration[130/192], entropy: 0.2290, loss: 0.2290, lr: 4.82e-04
     Epoch[9] Iteration[140/192], entropy: 0.3056, loss: 0.3056, lr: 2.34e-04
     Epoch[9] Iteration[150/192], entropy: 0.2020, loss: 0.2020, lr: 7.85e-06
     Epoch[9] Iteration[160/192], entropy: 0.1604, loss: 0.1604, lr: 1.16e-04
     Epoch[9] Iteration[170/192], entropy: 0.2195, loss: 0.2195, lr: 4.09e-04
     Epoch[9] Iteration[180/192], entropy: 0.1426, loss: 0.1426, lr: 4.82e-04
     Epoch[9] Iteration[190/192], entropy: 0.2294, loss: 0.2294, lr: 2.34e-04
     Averaged stats: entropy: 0.2455, loss: 0.2455, lr: 1.73e-04
     itm tta time 0:00:23
### TTA Eval Score: 
+-------+--------+--------+--------+--------+--------+
| epoch |   R1   |   R5   |  R10   |  mAP   |  mINP  |
+-------+--------+--------+--------+--------+--------+
|  -999 | 70.679 | 86.907 | 91.813 | 63.399 | 47.043 |
|   0   | 70.468 | 86.745 | 91.667 | 63.330 | 47.212 |
|   1   | 70.500 | 86.663 | 91.797 | 63.297 | 47.083 |
|   2   | 70.614 | 86.712 | 91.667 | 63.402 | 47.209 |
|   3   | 70.419 | 86.712 | 91.732 | 63.319 | 47.086 |
|   4   | 70.419 | 86.728 | 91.602 | 63.310 | 47.043 |
|   5   | 70.419 | 86.582 | 91.553 | 63.265 | 46.957 |
|   6   | 70.273 | 86.615 | 91.504 | 63.218 | 46.932 |
|   7   | 70.370 | 86.647 | 91.585 | 63.242 | 46.926 |
|   8   | 70.370 | 86.647 | 91.569 | 63.233 | 46.933 |
|   9   | 70.387 | 86.485 | 91.553 | 63.199 | 46.879 |
+-------+--------+--------+--------+--------+--------+
     logs:  {'epo': 9, 'R1': 70.387, 'R5': 86.485, 'R10': 91.553, 'mAP': 63.199, 'mINP': 46.879, 'entropy': 0.19505046739390022, 'loss': 0.19505046739390022, 'lr': 0.0002627445152780076}
     Epoch[10] Iteration[10/192], entropy: 0.1311, loss: 0.1311, lr: 0.00e+00
     Epoch[10] Iteration[20/192], entropy: 0.2231, loss: 0.2231, lr: 1.73e-04
     Epoch[10] Iteration[30/192], entropy: 0.2370, loss: 0.2370, lr: 4.52e-04
     Epoch[10] Iteration[40/192], entropy: 0.2443, loss: 0.2443, lr: 4.52e-04
     Epoch[10] Iteration[50/192], entropy: 0.1982, loss: 0.1982, lr: 1.73e-04
     Epoch[10] Iteration[60/192], entropy: 0.2188, loss: 0.2188, lr: 0.00e+00
     Epoch[10] Iteration[70/192], entropy: 0.2416, loss: 0.2416, lr: 1.73e-04
     Epoch[10] Iteration[80/192], entropy: 0.1432, loss: 0.1432, lr: 4.52e-04
     Epoch[10] Iteration[90/192], entropy: 0.2306, loss: 0.2306, lr: 4.69e-04
     Epoch[10] Iteration[100/192], entropy: 0.2742, loss: 0.2742, lr: 2.03e-04
     Epoch[10] Iteration[110/192], entropy: 0.1449, loss: 0.1449, lr: 1.97e-06
     Epoch[10] Iteration[120/192], entropy: 0.2338, loss: 0.2338, lr: 1.44e-04
     Epoch[10] Iteration[130/192], entropy: 0.1659, loss: 0.1659, lr: 4.32e-04
     Epoch[10] Iteration[140/192], entropy: 0.1615, loss: 0.1615, lr: 4.69e-04
     Epoch[10] Iteration[150/192], entropy: 0.2726, loss: 0.2726, lr: 2.03e-04
     Epoch[10] Iteration[160/192], entropy: 0.1811, loss: 0.1811, lr: 1.97e-06
     Epoch[10] Iteration[170/192], entropy: 0.2125, loss: 0.2125, lr: 1.44e-04
     Epoch[10] Iteration[180/192], entropy: 0.1831, loss: 0.1831, lr: 4.32e-04
     Epoch[10] Iteration[190/192], entropy: 0.0846, loss: 0.0846, lr: 4.69e-04
     Averaged stats: entropy: 0.2363, loss: 0.2363, lr: 4.32e-04
     itm tta time 0:00:22
### TTA Eval Score: 
+-------+--------+--------+--------+--------+--------+
| epoch |   R1   |   R5   |  R10   |  mAP   |  mINP  |
+-------+--------+--------+--------+--------+--------+
|  -999 | 70.679 | 86.907 | 91.813 | 63.399 | 47.043 |
|   0   | 70.468 | 86.745 | 91.667 | 63.330 | 47.212 |
|   1   | 70.500 | 86.663 | 91.797 | 63.297 | 47.083 |
|   2   | 70.614 | 86.712 | 91.667 | 63.402 | 47.209 |
|   3   | 70.419 | 86.712 | 91.732 | 63.319 | 47.086 |
|   4   | 70.419 | 86.728 | 91.602 | 63.310 | 47.043 |
|   5   | 70.419 | 86.582 | 91.553 | 63.265 | 46.957 |
|   6   | 70.273 | 86.615 | 91.504 | 63.218 | 46.932 |
|   7   | 70.370 | 86.647 | 91.585 | 63.242 | 46.926 |
|   8   | 70.370 | 86.647 | 91.569 | 63.233 | 46.933 |
|   9   | 70.387 | 86.485 | 91.553 | 63.199 | 46.879 |
|   10  | 70.224 | 86.615 | 91.618 | 63.205 | 46.924 |
+-------+--------+--------+--------+--------+--------+
     logs:  {'epo': 10, 'R1': 70.224, 'R5': 86.615, 'R10': 91.618, 'mAP': 63.205, 'mINP': 46.924, 'entropy': 0.19905874133110046, 'loss': 0.19905874133110046, 'lr': 0.0002549514036847886}
     Epoch[11] Iteration[10/192], entropy: 0.1559, loss: 0.1559, lr: 1.44e-04
     Epoch[11] Iteration[20/192], entropy: 0.1827, loss: 0.1827, lr: 1.97e-06
     Epoch[11] Iteration[30/192], entropy: 0.2093, loss: 0.2093, lr: 2.03e-04
     Epoch[11] Iteration[40/192], entropy: 0.1355, loss: 0.1355, lr: 4.69e-04
     Epoch[11] Iteration[50/192], entropy: 0.2181, loss: 0.2181, lr: 4.32e-04
     Epoch[11] Iteration[60/192], entropy: 0.2114, loss: 0.2114, lr: 1.44e-04
     Epoch[11] Iteration[70/192], entropy: 0.2945, loss: 0.2945, lr: 1.97e-06
     Epoch[11] Iteration[80/192], entropy: 0.1951, loss: 0.1951, lr: 2.03e-04
     Epoch[11] Iteration[90/192], entropy: 0.1286, loss: 0.1286, lr: 4.69e-04
     Epoch[11] Iteration[100/192], entropy: 0.2415, loss: 0.2415, lr: 4.32e-04
     Epoch[11] Iteration[110/192], entropy: 0.2216, loss: 0.2216, lr: 1.44e-04
     Epoch[11] Iteration[120/192], entropy: 0.2364, loss: 0.2364, lr: 1.97e-06
     Epoch[11] Iteration[130/192], entropy: 0.2312, loss: 0.2312, lr: 2.03e-04
     Epoch[11] Iteration[140/192], entropy: 0.2877, loss: 0.2877, lr: 4.69e-04
     Epoch[11] Iteration[150/192], entropy: 0.1313, loss: 0.1313, lr: 4.32e-04
     Epoch[11] Iteration[160/192], entropy: 0.1694, loss: 0.1694, lr: 1.44e-04
     Epoch[11] Iteration[170/192], entropy: 0.2209, loss: 0.2209, lr: 1.97e-06
     Epoch[11] Iteration[180/192], entropy: 0.2118, loss: 0.2118, lr: 2.03e-04
     Epoch[11] Iteration[190/192], entropy: 0.2550, loss: 0.2550, lr: 4.69e-04
     Averaged stats: entropy: 0.2768, loss: 0.2768, lr: 4.92e-04
     itm tta time 0:00:22
### TTA Eval Score: 
+-------+--------+--------+--------+--------+--------+
| epoch |   R1   |   R5   |  R10   |  mAP   |  mINP  |
+-------+--------+--------+--------+--------+--------+
|  -999 | 70.679 | 86.907 | 91.813 | 63.399 | 47.043 |
|   0   | 70.468 | 86.745 | 91.667 | 63.330 | 47.212 |
|   1   | 70.500 | 86.663 | 91.797 | 63.297 | 47.083 |
|   2   | 70.614 | 86.712 | 91.667 | 63.402 | 47.209 |
|   3   | 70.419 | 86.712 | 91.732 | 63.319 | 47.086 |
|   4   | 70.419 | 86.728 | 91.602 | 63.310 | 47.043 |
|   5   | 70.419 | 86.582 | 91.553 | 63.265 | 46.957 |
|   6   | 70.273 | 86.615 | 91.504 | 63.218 | 46.932 |
|   7   | 70.370 | 86.647 | 91.585 | 63.242 | 46.926 |
|   8   | 70.370 | 86.647 | 91.569 | 63.233 | 46.933 |
|   9   | 70.387 | 86.485 | 91.553 | 63.199 | 46.879 |
|   10  | 70.224 | 86.615 | 91.618 | 63.205 | 46.924 |
|   11  | 70.110 | 86.582 | 91.585 | 63.109 | 46.817 |
+-------+--------+--------+--------+--------+--------+
     logs:  {'epo': 11, 'R1': 70.11, 'R5': 86.582, 'R10': 91.585, 'mAP': 63.109, 'mINP': 46.817, 'entropy': 0.20725123505843313, 'loss': 0.20725123505843313, 'lr': 0.0002404083075339296}
     Epoch[12] Iteration[10/192], entropy: 0.1820, loss: 0.1820, lr: 3.84e-04
     Epoch[12] Iteration[20/192], entropy: 0.2018, loss: 0.2018, lr: 9.06e-05
     Epoch[12] Iteration[30/192], entropy: 0.1991, loss: 0.1991, lr: 1.76e-05
     Epoch[12] Iteration[40/192], entropy: 0.3193, loss: 0.3193, lr: 2.66e-04
     Epoch[12] Iteration[50/192], entropy: 0.1810, loss: 0.1810, lr: 4.92e-04
     Epoch[12] Iteration[60/192], entropy: 0.2690, loss: 0.2690, lr: 3.84e-04
     Epoch[12] Iteration[70/192], entropy: 0.3349, loss: 0.3349, lr: 9.06e-05
     Epoch[12] Iteration[80/192], entropy: 0.1791, loss: 0.1791, lr: 1.76e-05
     Epoch[12] Iteration[90/192], entropy: 0.3111, loss: 0.3111, lr: 2.66e-04
     Epoch[12] Iteration[100/192], entropy: 0.1673, loss: 0.1673, lr: 4.92e-04
     Epoch[12] Iteration[110/192], entropy: 0.2293, loss: 0.2293, lr: 3.84e-04
     Epoch[12] Iteration[120/192], entropy: 0.2056, loss: 0.2056, lr: 9.06e-05
     Epoch[12] Iteration[130/192], entropy: 0.1745, loss: 0.1745, lr: 1.76e-05
     Epoch[12] Iteration[140/192], entropy: 0.1313, loss: 0.1313, lr: 2.66e-04
     Epoch[12] Iteration[150/192], entropy: 0.2092, loss: 0.2092, lr: 4.92e-04
     Epoch[12] Iteration[160/192], entropy: 0.2216, loss: 0.2216, lr: 3.84e-04
     Epoch[12] Iteration[170/192], entropy: 0.1870, loss: 0.1870, lr: 9.06e-05
     Epoch[12] Iteration[180/192], entropy: 0.1251, loss: 0.1251, lr: 1.76e-05
     Epoch[12] Iteration[190/192], entropy: 0.1819, loss: 0.1819, lr: 2.66e-04
     Averaged stats: entropy: 0.2931, loss: 0.2931, lr: 3.27e-04
     itm tta time 0:00:23
### TTA Eval Score: 
+-------+--------+--------+--------+--------+--------+
| epoch |   R1   |   R5   |  R10   |  mAP   |  mINP  |
+-------+--------+--------+--------+--------+--------+
|  -999 | 70.679 | 86.907 | 91.813 | 63.399 | 47.043 |
|   0   | 70.468 | 86.745 | 91.667 | 63.330 | 47.212 |
|   1   | 70.500 | 86.663 | 91.797 | 63.297 | 47.083 |
|   2   | 70.614 | 86.712 | 91.667 | 63.402 | 47.209 |
|   3   | 70.419 | 86.712 | 91.732 | 63.319 | 47.086 |
|   4   | 70.419 | 86.728 | 91.602 | 63.310 | 47.043 |
|   5   | 70.419 | 86.582 | 91.553 | 63.265 | 46.957 |
|   6   | 70.273 | 86.615 | 91.504 | 63.218 | 46.932 |
|   7   | 70.370 | 86.647 | 91.585 | 63.242 | 46.926 |
|   8   | 70.370 | 86.647 | 91.569 | 63.233 | 46.933 |
|   9   | 70.387 | 86.485 | 91.553 | 63.199 | 46.879 |
|   10  | 70.224 | 86.615 | 91.618 | 63.205 | 46.924 |
|   11  | 70.110 | 86.582 | 91.585 | 63.109 | 46.817 |
|   12  | 70.289 | 86.582 | 91.618 | 63.179 | 46.879 |
+-------+--------+--------+--------+--------+--------+
     logs:  {'epo': 12, 'R1': 70.289, 'R5': 86.582, 'R10': 91.618, 'mAP': 63.179, 'mINP': 46.879, 'entropy': 0.21104842659674192, 'loss': 0.21104842659674192, 'lr': 0.0002372554847219929}
     Epoch[13] Iteration[10/192], entropy: 0.2825, loss: 0.2825, lr: 5.00e-04
     Epoch[13] Iteration[20/192], entropy: 0.3324, loss: 0.3324, lr: 3.27e-04
     Epoch[13] Iteration[30/192], entropy: 0.3146, loss: 0.3146, lr: 4.77e-05
     Epoch[13] Iteration[40/192], entropy: 0.2773, loss: 0.2773, lr: 4.77e-05
     Epoch[13] Iteration[50/192], entropy: 0.1158, loss: 0.1158, lr: 3.27e-04
     Epoch[13] Iteration[60/192], entropy: 0.2770, loss: 0.2770, lr: 5.00e-04
     Epoch[13] Iteration[70/192], entropy: 0.2416, loss: 0.2416, lr: 3.27e-04
     Epoch[13] Iteration[80/192], entropy: 0.2253, loss: 0.2253, lr: 4.77e-05
     Epoch[13] Iteration[90/192], entropy: 0.2437, loss: 0.2437, lr: 4.77e-05
     Epoch[13] Iteration[100/192], entropy: 0.1898, loss: 0.1898, lr: 3.27e-04
     Epoch[13] Iteration[110/192], entropy: 0.2721, loss: 0.2721, lr: 5.00e-04
     Epoch[13] Iteration[120/192], entropy: 0.1134, loss: 0.1134, lr: 3.27e-04
     Epoch[13] Iteration[130/192], entropy: 0.2372, loss: 0.2372, lr: 4.77e-05
     Epoch[13] Iteration[140/192], entropy: 0.2542, loss: 0.2542, lr: 4.77e-05
     Epoch[13] Iteration[150/192], entropy: 0.2104, loss: 0.2104, lr: 3.27e-04
     Epoch[13] Iteration[160/192], entropy: 0.0956, loss: 0.0956, lr: 5.00e-04
     Epoch[13] Iteration[170/192], entropy: 0.1986, loss: 0.1986, lr: 3.27e-04
     Epoch[13] Iteration[180/192], entropy: 0.2648, loss: 0.2648, lr: 4.77e-05
     Epoch[13] Iteration[190/192], entropy: 0.2420, loss: 0.2420, lr: 4.77e-05
     Averaged stats: entropy: 0.2670, loss: 0.2670, lr: 9.06e-05
     itm tta time 0:00:22
### TTA Eval Score: 
+-------+--------+--------+--------+--------+--------+
| epoch |   R1   |   R5   |  R10   |  mAP   |  mINP  |
+-------+--------+--------+--------+--------+--------+
|  -999 | 70.679 | 86.907 | 91.813 | 63.399 | 47.043 |
|   0   | 70.468 | 86.745 | 91.667 | 63.330 | 47.212 |
|   1   | 70.500 | 86.663 | 91.797 | 63.297 | 47.083 |
|   2   | 70.614 | 86.712 | 91.667 | 63.402 | 47.209 |
|   3   | 70.419 | 86.712 | 91.732 | 63.319 | 47.086 |
|   4   | 70.419 | 86.728 | 91.602 | 63.310 | 47.043 |
|   5   | 70.419 | 86.582 | 91.553 | 63.265 | 46.957 |
|   6   | 70.273 | 86.615 | 91.504 | 63.218 | 46.932 |
|   7   | 70.370 | 86.647 | 91.585 | 63.242 | 46.926 |
|   8   | 70.370 | 86.647 | 91.569 | 63.233 | 46.933 |
|   9   | 70.387 | 86.485 | 91.553 | 63.199 | 46.879 |
|   10  | 70.224 | 86.615 | 91.618 | 63.205 | 46.924 |
|   11  | 70.110 | 86.582 | 91.585 | 63.109 | 46.817 |
|   12  | 70.289 | 86.582 | 91.618 | 63.179 | 46.879 |
|   13  | 70.305 | 86.550 | 91.634 | 63.171 | 46.861 |
+-------+--------+--------+--------+--------+--------+
     logs:  {'epo': 13, 'R1': 70.305, 'R5': 86.55, 'R10': 91.634, 'mAP': 63.171, 'mINP': 46.861, 'entropy': 0.2309682075130312, 'loss': 0.2309682075130312, 'lr': 0.0002459339869161189}
     Epoch[14] Iteration[10/192], entropy: 0.1614, loss: 0.1614, lr: 3.84e-04
     Epoch[14] Iteration[20/192], entropy: 0.2519, loss: 0.2519, lr: 4.92e-04
     Epoch[14] Iteration[30/192], entropy: 0.2338, loss: 0.2338, lr: 2.66e-04
     Epoch[14] Iteration[40/192], entropy: 0.2022, loss: 0.2022, lr: 1.76e-05
     Epoch[14] Iteration[50/192], entropy: 0.2266, loss: 0.2266, lr: 9.06e-05
     Epoch[14] Iteration[60/192], entropy: 0.2538, loss: 0.2538, lr: 3.84e-04
     Epoch[14] Iteration[70/192], entropy: 0.1729, loss: 0.1729, lr: 4.92e-04
     Epoch[14] Iteration[80/192], entropy: 0.1521, loss: 0.1521, lr: 2.66e-04
     Epoch[14] Iteration[90/192], entropy: 0.1932, loss: 0.1932, lr: 1.76e-05
     Epoch[14] Iteration[100/192], entropy: 0.2387, loss: 0.2387, lr: 9.06e-05
     Epoch[14] Iteration[110/192], entropy: 0.3146, loss: 0.3146, lr: 3.84e-04
     Epoch[14] Iteration[120/192], entropy: 0.2532, loss: 0.2532, lr: 4.92e-04
     Epoch[14] Iteration[130/192], entropy: 0.2182, loss: 0.2182, lr: 2.66e-04
     Epoch[14] Iteration[140/192], entropy: 0.3029, loss: 0.3029, lr: 1.76e-05
     Epoch[14] Iteration[150/192], entropy: 0.1742, loss: 0.1742, lr: 9.06e-05
     Epoch[14] Iteration[160/192], entropy: 0.1317, loss: 0.1317, lr: 3.84e-04
     Epoch[14] Iteration[170/192], entropy: 0.1518, loss: 0.1518, lr: 4.92e-04
     Epoch[14] Iteration[180/192], entropy: 0.3281, loss: 0.3281, lr: 2.66e-04
     Epoch[14] Iteration[190/192], entropy: 0.2617, loss: 0.2617, lr: 1.76e-05
     Averaged stats: entropy: 0.2208, loss: 0.2208, lr: 1.97e-06
     itm tta time 0:00:22
### TTA Eval Score: 
+-------+--------+--------+--------+--------+--------+
| epoch |   R1   |   R5   |  R10   |  mAP   |  mINP  |
+-------+--------+--------+--------+--------+--------+
|  -999 | 70.679 | 86.907 | 91.813 | 63.399 | 47.043 |
|   0   | 70.468 | 86.745 | 91.667 | 63.330 | 47.212 |
|   1   | 70.500 | 86.663 | 91.797 | 63.297 | 47.083 |
|   2   | 70.614 | 86.712 | 91.667 | 63.402 | 47.209 |
|   3   | 70.419 | 86.712 | 91.732 | 63.319 | 47.086 |
|   4   | 70.419 | 86.728 | 91.602 | 63.310 | 47.043 |
|   5   | 70.419 | 86.582 | 91.553 | 63.265 | 46.957 |
|   6   | 70.273 | 86.615 | 91.504 | 63.218 | 46.932 |
|   7   | 70.370 | 86.647 | 91.585 | 63.242 | 46.926 |
|   8   | 70.370 | 86.647 | 91.569 | 63.233 | 46.933 |
|   9   | 70.387 | 86.485 | 91.553 | 63.199 | 46.879 |
|   10  | 70.224 | 86.615 | 91.618 | 63.205 | 46.924 |
|   11  | 70.110 | 86.582 | 91.585 | 63.109 | 46.817 |
|   12  | 70.289 | 86.582 | 91.618 | 63.179 | 46.879 |
|   13  | 70.305 | 86.550 | 91.634 | 63.171 | 46.861 |
|   14  | 70.484 | 86.517 | 91.520 | 63.233 | 46.849 |
+-------+--------+--------+--------+--------+--------+
     logs:  {'epo': 14, 'R1': 70.484, 'R5': 86.517, 'R10': 91.52, 'mAP': 63.233, 'mINP': 46.849, 'entropy': 0.22226649522781372, 'loss': 0.22226649522781372, 'lr': 0.0002583871577598527}
     Epoch[15] Iteration[10/192], entropy: 0.3544, loss: 0.3544, lr: 1.44e-04
     Epoch[15] Iteration[20/192], entropy: 0.1172, loss: 0.1172, lr: 4.32e-04
     Epoch[15] Iteration[30/192], entropy: 0.2218, loss: 0.2218, lr: 4.69e-04
     Epoch[15] Iteration[40/192], entropy: 0.1584, loss: 0.1584, lr: 2.03e-04
     Epoch[15] Iteration[50/192], entropy: 0.1546, loss: 0.1546, lr: 1.97e-06
     Epoch[15] Iteration[60/192], entropy: 0.2844, loss: 0.2844, lr: 1.44e-04
     Epoch[15] Iteration[70/192], entropy: 0.2515, loss: 0.2515, lr: 4.32e-04
     Epoch[15] Iteration[80/192], entropy: 0.2422, loss: 0.2422, lr: 4.69e-04
     Epoch[15] Iteration[90/192], entropy: 0.1460, loss: 0.1460, lr: 2.03e-04
     Epoch[15] Iteration[100/192], entropy: 0.1218, loss: 0.1218, lr: 1.97e-06
     Epoch[15] Iteration[110/192], entropy: 0.1934, loss: 0.1934, lr: 1.44e-04
     Epoch[15] Iteration[120/192], entropy: 0.1440, loss: 0.1440, lr: 4.32e-04
     Epoch[15] Iteration[130/192], entropy: 0.1396, loss: 0.1396, lr: 4.69e-04
     Epoch[15] Iteration[140/192], entropy: 0.2203, loss: 0.2203, lr: 2.03e-04
     Epoch[15] Iteration[150/192], entropy: 0.1804, loss: 0.1804, lr: 1.97e-06
     Epoch[15] Iteration[160/192], entropy: 0.2705, loss: 0.2705, lr: 1.44e-04
     Epoch[15] Iteration[170/192], entropy: 0.2574, loss: 0.2574, lr: 4.32e-04
     Epoch[15] Iteration[180/192], entropy: 0.2543, loss: 0.2543, lr: 4.69e-04
     Epoch[15] Iteration[190/192], entropy: 0.2402, loss: 0.2402, lr: 2.03e-04
     Averaged stats: entropy: 0.1919, loss: 0.1919, lr: 1.44e-04
     itm tta time 0:00:23
### TTA Eval Score: 
+-------+--------+--------+--------+--------+--------+
| epoch |   R1   |   R5   |  R10   |  mAP   |  mINP  |
+-------+--------+--------+--------+--------+--------+
|  -999 | 70.679 | 86.907 | 91.813 | 63.399 | 47.043 |
|   0   | 70.468 | 86.745 | 91.667 | 63.330 | 47.212 |
|   1   | 70.500 | 86.663 | 91.797 | 63.297 | 47.083 |
|   2   | 70.614 | 86.712 | 91.667 | 63.402 | 47.209 |
|   3   | 70.419 | 86.712 | 91.732 | 63.319 | 47.086 |
|   4   | 70.419 | 86.728 | 91.602 | 63.310 | 47.043 |
|   5   | 70.419 | 86.582 | 91.553 | 63.265 | 46.957 |
|   6   | 70.273 | 86.615 | 91.504 | 63.218 | 46.932 |
|   7   | 70.370 | 86.647 | 91.585 | 63.242 | 46.926 |
|   8   | 70.370 | 86.647 | 91.569 | 63.233 | 46.933 |
|   9   | 70.387 | 86.485 | 91.553 | 63.199 | 46.879 |
|   10  | 70.224 | 86.615 | 91.618 | 63.205 | 46.924 |
|   11  | 70.110 | 86.582 | 91.585 | 63.109 | 46.817 |
|   12  | 70.289 | 86.582 | 91.618 | 63.179 | 46.879 |
|   13  | 70.305 | 86.550 | 91.634 | 63.171 | 46.861 |
|   14  | 70.484 | 86.517 | 91.520 | 63.233 | 46.849 |
|   15  | 70.370 | 86.696 | 91.569 | 63.211 | 46.808 |
+-------+--------+--------+--------+--------+--------+
     logs:  {'epo': 15, 'R1': 70.37, 'R5': 86.696, 'R10': 91.569, 'mAP': 63.211, 'mINP': 46.808, 'entropy': 0.2080231238352625, 'loss': 0.2080231238352625, 'lr': 0.00026305414080677095}
     Epoch[16] Iteration[10/192], entropy: 0.1582, loss: 0.1582, lr: 1.97e-06
     Epoch[16] Iteration[20/192], entropy: 0.2460, loss: 0.2460, lr: 2.03e-04
     Epoch[16] Iteration[30/192], entropy: 0.1915, loss: 0.1915, lr: 4.69e-04
     Epoch[16] Iteration[40/192], entropy: 0.2428, loss: 0.2428, lr: 4.32e-04
     Epoch[16] Iteration[50/192], entropy: 0.2714, loss: 0.2714, lr: 1.44e-04
     Epoch[16] Iteration[60/192], entropy: 0.1926, loss: 0.1926, lr: 1.97e-06
     Epoch[16] Iteration[70/192], entropy: 0.1691, loss: 0.1691, lr: 2.03e-04
     Epoch[16] Iteration[80/192], entropy: 0.2292, loss: 0.2292, lr: 4.69e-04
     Epoch[16] Iteration[90/192], entropy: 0.2156, loss: 0.2156, lr: 4.32e-04
     Epoch[16] Iteration[100/192], entropy: 0.1449, loss: 0.1449, lr: 1.44e-04
     Epoch[16] Iteration[110/192], entropy: 0.2155, loss: 0.2155, lr: 1.97e-06
     Epoch[16] Iteration[120/192], entropy: 0.2268, loss: 0.2268, lr: 2.03e-04
     Epoch[16] Iteration[130/192], entropy: 0.1434, loss: 0.1434, lr: 4.69e-04
     Epoch[16] Iteration[140/192], entropy: 0.2026, loss: 0.2026, lr: 4.32e-04
     Epoch[16] Iteration[150/192], entropy: 0.2436, loss: 0.2436, lr: 1.44e-04
     Epoch[16] Iteration[160/192], entropy: 0.2368, loss: 0.2368, lr: 1.97e-06
     Epoch[16] Iteration[170/192], entropy: 0.2221, loss: 0.2221, lr: 2.03e-04
     Epoch[16] Iteration[180/192], entropy: 0.1676, loss: 0.1676, lr: 4.69e-04
     Epoch[16] Iteration[190/192], entropy: 0.1724, loss: 0.1724, lr: 4.32e-04
     Averaged stats: entropy: 0.1289, loss: 0.1289, lr: 3.84e-04
     itm tta time 0:00:22
### TTA Eval Score: 
+-------+--------+--------+--------+--------+--------+
| epoch |   R1   |   R5   |  R10   |  mAP   |  mINP  |
+-------+--------+--------+--------+--------+--------+
|  -999 | 70.679 | 86.907 | 91.813 | 63.399 | 47.043 |
|   0   | 70.468 | 86.745 | 91.667 | 63.330 | 47.212 |
|   1   | 70.500 | 86.663 | 91.797 | 63.297 | 47.083 |
|   2   | 70.614 | 86.712 | 91.667 | 63.402 | 47.209 |
|   3   | 70.419 | 86.712 | 91.732 | 63.319 | 47.086 |
|   4   | 70.419 | 86.728 | 91.602 | 63.310 | 47.043 |
|   5   | 70.419 | 86.582 | 91.553 | 63.265 | 46.957 |
|   6   | 70.273 | 86.615 | 91.504 | 63.218 | 46.932 |
|   7   | 70.370 | 86.647 | 91.585 | 63.242 | 46.926 |
|   8   | 70.370 | 86.647 | 91.569 | 63.233 | 46.933 |
|   9   | 70.387 | 86.485 | 91.553 | 63.199 | 46.879 |
|   10  | 70.224 | 86.615 | 91.618 | 63.205 | 46.924 |
|   11  | 70.110 | 86.582 | 91.585 | 63.109 | 46.817 |
|   12  | 70.289 | 86.582 | 91.618 | 63.179 | 46.879 |
|   13  | 70.305 | 86.550 | 91.634 | 63.171 | 46.861 |
|   14  | 70.484 | 86.517 | 91.520 | 63.233 | 46.849 |
|   15  | 70.370 | 86.696 | 91.569 | 63.211 | 46.808 |
|   16  | 70.305 | 86.582 | 91.618 | 63.169 | 46.785 |
+-------+--------+--------+--------+--------+--------+
     logs:  {'epo': 16, 'R1': 70.305, 'R5': 86.582, 'R10': 91.618, 'mAP': 63.169, 'mINP': 46.785, 'entropy': 0.20484219962044767, 'loss': 0.20484219962044767, 'lr': 0.000255602359099541}
     Epoch[17] Iteration[10/192], entropy: 0.1408, loss: 0.1408, lr: 9.06e-05
     Epoch[17] Iteration[20/192], entropy: 0.2655, loss: 0.2655, lr: 1.76e-05
     Epoch[17] Iteration[30/192], entropy: 0.2577, loss: 0.2577, lr: 2.66e-04
     Epoch[17] Iteration[40/192], entropy: 0.1857, loss: 0.1857, lr: 4.92e-04
     Epoch[17] Iteration[50/192], entropy: 0.1897, loss: 0.1897, lr: 3.84e-04
     Epoch[17] Iteration[60/192], entropy: 0.1645, loss: 0.1645, lr: 9.06e-05
     Epoch[17] Iteration[70/192], entropy: 0.2012, loss: 0.2012, lr: 1.76e-05
     Epoch[17] Iteration[80/192], entropy: 0.1748, loss: 0.1748, lr: 2.66e-04
     Epoch[17] Iteration[90/192], entropy: 0.1629, loss: 0.1629, lr: 4.92e-04
     Epoch[17] Iteration[100/192], entropy: 0.1488, loss: 0.1488, lr: 3.84e-04
     Epoch[17] Iteration[110/192], entropy: 0.1012, loss: 0.1012, lr: 9.06e-05
     Epoch[17] Iteration[120/192], entropy: 0.1681, loss: 0.1681, lr: 1.76e-05
     Epoch[17] Iteration[130/192], entropy: 0.1454, loss: 0.1454, lr: 2.66e-04
     Epoch[17] Iteration[140/192], entropy: 0.1178, loss: 0.1178, lr: 4.92e-04
     Epoch[17] Iteration[150/192], entropy: 0.2850, loss: 0.2850, lr: 3.84e-04
     Epoch[17] Iteration[160/192], entropy: 0.2396, loss: 0.2396, lr: 9.06e-05
     Epoch[17] Iteration[170/192], entropy: 0.1503, loss: 0.1503, lr: 1.76e-05
     Epoch[17] Iteration[180/192], entropy: 0.2233, loss: 0.2233, lr: 2.66e-04
     Epoch[17] Iteration[190/192], entropy: 0.1942, loss: 0.1942, lr: 4.92e-04
     Averaged stats: entropy: 0.2577, loss: 0.2577, lr: 5.00e-04
     itm tta time 0:00:23
### TTA Eval Score: 
+-------+--------+--------+--------+--------+--------+
| epoch |   R1   |   R5   |  R10   |  mAP   |  mINP  |
+-------+--------+--------+--------+--------+--------+
|  -999 | 70.679 | 86.907 | 91.813 | 63.399 | 47.043 |
|   0   | 70.468 | 86.745 | 91.667 | 63.330 | 47.212 |
|   1   | 70.500 | 86.663 | 91.797 | 63.297 | 47.083 |
|   2   | 70.614 | 86.712 | 91.667 | 63.402 | 47.209 |
|   3   | 70.419 | 86.712 | 91.732 | 63.319 | 47.086 |
|   4   | 70.419 | 86.728 | 91.602 | 63.310 | 47.043 |
|   5   | 70.419 | 86.582 | 91.553 | 63.265 | 46.957 |
|   6   | 70.273 | 86.615 | 91.504 | 63.218 | 46.932 |
|   7   | 70.370 | 86.647 | 91.585 | 63.242 | 46.926 |
|   8   | 70.370 | 86.647 | 91.569 | 63.233 | 46.933 |
|   9   | 70.387 | 86.485 | 91.553 | 63.199 | 46.879 |
|   10  | 70.224 | 86.615 | 91.618 | 63.205 | 46.924 |
|   11  | 70.110 | 86.582 | 91.585 | 63.109 | 46.817 |
|   12  | 70.289 | 86.582 | 91.618 | 63.179 | 46.879 |
|   13  | 70.305 | 86.550 | 91.634 | 63.171 | 46.861 |
|   14  | 70.484 | 86.517 | 91.520 | 63.233 | 46.849 |
|   15  | 70.370 | 86.696 | 91.569 | 63.211 | 46.808 |
|   16  | 70.305 | 86.582 | 91.618 | 63.169 | 46.785 |
|   17  | 70.419 | 86.696 | 91.602 | 63.178 | 46.755 |
+-------+--------+--------+--------+--------+--------+
     logs:  {'epo': 17, 'R1': 70.419, 'R5': 86.696, 'R10': 91.602, 'mAP': 63.178, 'mINP': 46.755, 'entropy': 0.18508660950158773, 'loss': 0.18508660950158773, 'lr': 0.00024294964743448955}
     Epoch[18] Iteration[10/192], entropy: 0.1443, loss: 0.1443, lr: 3.27e-04
     Epoch[18] Iteration[20/192], entropy: 0.2169, loss: 0.2169, lr: 4.77e-05
     Epoch[18] Iteration[30/192], entropy: 0.1992, loss: 0.1992, lr: 4.77e-05
     Epoch[18] Iteration[40/192], entropy: 0.2134, loss: 0.2134, lr: 3.27e-04
     Epoch[18] Iteration[50/192], entropy: 0.2102, loss: 0.2102, lr: 5.00e-04
     Epoch[18] Iteration[60/192], entropy: 0.1365, loss: 0.1365, lr: 3.27e-04
     Epoch[18] Iteration[70/192], entropy: 0.2451, loss: 0.2451, lr: 4.77e-05
     Epoch[18] Iteration[80/192], entropy: 0.2192, loss: 0.2192, lr: 4.77e-05
     Epoch[18] Iteration[90/192], entropy: 0.2267, loss: 0.2267, lr: 3.27e-04
     Epoch[18] Iteration[100/192], entropy: 0.1448, loss: 0.1448, lr: 5.00e-04
     Epoch[18] Iteration[110/192], entropy: 0.2718, loss: 0.2718, lr: 3.27e-04
     Epoch[18] Iteration[120/192], entropy: 0.1382, loss: 0.1382, lr: 4.77e-05
     Epoch[18] Iteration[130/192], entropy: 0.1917, loss: 0.1917, lr: 4.77e-05
     Epoch[18] Iteration[140/192], entropy: 0.1202, loss: 0.1202, lr: 3.27e-04
     Epoch[18] Iteration[150/192], entropy: 0.2813, loss: 0.2813, lr: 5.00e-04
     Epoch[18] Iteration[160/192], entropy: 0.1124, loss: 0.1124, lr: 3.27e-04
     Epoch[18] Iteration[170/192], entropy: 0.2495, loss: 0.2495, lr: 4.77e-05
     Epoch[18] Iteration[180/192], entropy: 0.2391, loss: 0.2391, lr: 4.77e-05
     Epoch[18] Iteration[190/192], entropy: 0.2054, loss: 0.2054, lr: 3.27e-04
     Averaged stats: entropy: 0.2304, loss: 0.2304, lr: 3.84e-04
     itm tta time 0:00:22
### TTA Eval Score: 
+-------+--------+--------+--------+--------+--------+
| epoch |   R1   |   R5   |  R10   |  mAP   |  mINP  |
+-------+--------+--------+--------+--------+--------+
|  -999 | 70.679 | 86.907 | 91.813 | 63.399 | 47.043 |
|   0   | 70.468 | 86.745 | 91.667 | 63.330 | 47.212 |
|   1   | 70.500 | 86.663 | 91.797 | 63.297 | 47.083 |
|   2   | 70.614 | 86.712 | 91.667 | 63.402 | 47.209 |
|   3   | 70.419 | 86.712 | 91.732 | 63.319 | 47.086 |
|   4   | 70.419 | 86.728 | 91.602 | 63.310 | 47.043 |
|   5   | 70.419 | 86.582 | 91.553 | 63.265 | 46.957 |
|   6   | 70.273 | 86.615 | 91.504 | 63.218 | 46.932 |
|   7   | 70.370 | 86.647 | 91.585 | 63.242 | 46.926 |
|   8   | 70.370 | 86.647 | 91.569 | 63.233 | 46.933 |
|   9   | 70.387 | 86.485 | 91.553 | 63.199 | 46.879 |
|   10  | 70.224 | 86.615 | 91.618 | 63.205 | 46.924 |
|   11  | 70.110 | 86.582 | 91.585 | 63.109 | 46.817 |
|   12  | 70.289 | 86.582 | 91.618 | 63.179 | 46.879 |
|   13  | 70.305 | 86.550 | 91.634 | 63.171 | 46.861 |
|   14  | 70.484 | 86.517 | 91.520 | 63.233 | 46.849 |
|   15  | 70.370 | 86.696 | 91.569 | 63.211 | 46.808 |
|   16  | 70.305 | 86.582 | 91.618 | 63.169 | 46.785 |
|   17  | 70.419 | 86.696 | 91.602 | 63.178 | 46.755 |
|   18  | 70.370 | 86.663 | 91.618 | 63.182 | 46.811 |
+-------+--------+--------+--------+--------+--------+
     logs:  {'epo': 18, 'R1': 70.37, 'R5': 86.663, 'R10': 91.618, 'mAP': 63.182, 'mINP': 46.811, 'entropy': 0.1982052671281915, 'loss': 0.1982052671281915, 'lr': 0.00023684210526315414}
     Epoch[19] Iteration[10/192], entropy: 0.2180, loss: 0.2180, lr: 4.92e-04
     Epoch[19] Iteration[20/192], entropy: 0.1378, loss: 0.1378, lr: 2.66e-04
     Epoch[19] Iteration[30/192], entropy: 0.1033, loss: 0.1033, lr: 1.76e-05
     Epoch[19] Iteration[40/192], entropy: 0.1561, loss: 0.1561, lr: 9.06e-05
     Epoch[19] Iteration[50/192], entropy: 0.1438, loss: 0.1438, lr: 3.84e-04
     Epoch[19] Iteration[60/192], entropy: 0.1920, loss: 0.1920, lr: 4.92e-04
     Epoch[19] Iteration[70/192], entropy: 0.1538, loss: 0.1538, lr: 2.66e-04
     Epoch[19] Iteration[80/192], entropy: 0.1668, loss: 0.1668, lr: 1.76e-05
     Epoch[19] Iteration[90/192], entropy: 0.2616, loss: 0.2616, lr: 9.06e-05
     Epoch[19] Iteration[100/192], entropy: 0.1397, loss: 0.1397, lr: 3.84e-04
     Epoch[19] Iteration[110/192], entropy: 0.1223, loss: 0.1223, lr: 4.92e-04
     Epoch[19] Iteration[120/192], entropy: 0.2498, loss: 0.2498, lr: 2.66e-04
     Epoch[19] Iteration[130/192], entropy: 0.1655, loss: 0.1655, lr: 1.76e-05
     Epoch[19] Iteration[140/192], entropy: 0.1670, loss: 0.1670, lr: 9.06e-05
     Epoch[19] Iteration[150/192], entropy: 0.1903, loss: 0.1903, lr: 3.84e-04
     Epoch[19] Iteration[160/192], entropy: 0.2824, loss: 0.2824, lr: 4.92e-04
     Epoch[19] Iteration[170/192], entropy: 0.2368, loss: 0.2368, lr: 2.66e-04
     Epoch[19] Iteration[180/192], entropy: 0.1567, loss: 0.1567, lr: 1.76e-05
     Epoch[19] Iteration[190/192], entropy: 0.1416, loss: 0.1416, lr: 9.06e-05
     Averaged stats: entropy: 0.2926, loss: 0.2926, lr: 1.44e-04
     itm tta time 0:00:22
### TTA Eval Score: 
+-------+--------+--------+--------+--------+--------+
| epoch |   R1   |   R5   |  R10   |  mAP   |  mINP  |
+-------+--------+--------+--------+--------+--------+
|  -999 | 70.679 | 86.907 | 91.813 | 63.399 | 47.043 |
|   0   | 70.468 | 86.745 | 91.667 | 63.330 | 47.212 |
|   1   | 70.500 | 86.663 | 91.797 | 63.297 | 47.083 |
|   2   | 70.614 | 86.712 | 91.667 | 63.402 | 47.209 |
|   3   | 70.419 | 86.712 | 91.732 | 63.319 | 47.086 |
|   4   | 70.419 | 86.728 | 91.602 | 63.310 | 47.043 |
|   5   | 70.419 | 86.582 | 91.553 | 63.265 | 46.957 |
|   6   | 70.273 | 86.615 | 91.504 | 63.218 | 46.932 |
|   7   | 70.370 | 86.647 | 91.585 | 63.242 | 46.926 |
|   8   | 70.370 | 86.647 | 91.569 | 63.233 | 46.933 |
|   9   | 70.387 | 86.485 | 91.553 | 63.199 | 46.879 |
|   10  | 70.224 | 86.615 | 91.618 | 63.205 | 46.924 |
|   11  | 70.110 | 86.582 | 91.585 | 63.109 | 46.817 |
|   12  | 70.289 | 86.582 | 91.618 | 63.179 | 46.879 |
|   13  | 70.305 | 86.550 | 91.634 | 63.171 | 46.861 |
|   14  | 70.484 | 86.517 | 91.520 | 63.233 | 46.849 |
|   15  | 70.370 | 86.696 | 91.569 | 63.211 | 46.808 |
|   16  | 70.305 | 86.582 | 91.618 | 63.169 | 46.785 |
|   17  | 70.419 | 86.696 | 91.602 | 63.178 | 46.755 |
|   18  | 70.370 | 86.663 | 91.618 | 63.182 | 46.811 |
|   19  | 70.338 | 86.647 | 91.634 | 63.119 | 46.747 |
+-------+--------+--------+--------+--------+--------+
     logs:  {'epo': 19, 'R1': 70.338, 'R5': 86.647, 'R10': 91.634, 'mAP': 63.119, 'mINP': 46.747, 'entropy': 0.1781715001714857, 'loss': 0.1781715001714857, 'lr': 0.0002429496474344894}
     Epoch[20] Iteration[10/192], entropy: 0.2118, loss: 0.2118, lr: 4.32e-04
     Epoch[20] Iteration[20/192], entropy: 0.1157, loss: 0.1157, lr: 4.69e-04
     Epoch[20] Iteration[30/192], entropy: 0.2341, loss: 0.2341, lr: 2.03e-04
     Epoch[20] Iteration[40/192], entropy: 0.1774, loss: 0.1774, lr: 1.97e-06
     Epoch[20] Iteration[50/192], entropy: 0.1659, loss: 0.1659, lr: 1.44e-04
     Epoch[20] Iteration[60/192], entropy: 0.2465, loss: 0.2465, lr: 4.32e-04
     Epoch[20] Iteration[70/192], entropy: 0.2079, loss: 0.2079, lr: 4.69e-04
     Epoch[20] Iteration[80/192], entropy: 0.2165, loss: 0.2165, lr: 2.03e-04
     Epoch[20] Iteration[90/192], entropy: 0.1601, loss: 0.1601, lr: 1.97e-06
     Epoch[20] Iteration[100/192], entropy: 0.2923, loss: 0.2923, lr: 1.44e-04
     Epoch[20] Iteration[110/192], entropy: 0.2239, loss: 0.2239, lr: 4.32e-04
     Epoch[20] Iteration[120/192], entropy: 0.3011, loss: 0.3011, lr: 4.69e-04
     Epoch[20] Iteration[130/192], entropy: 0.1962, loss: 0.1962, lr: 2.03e-04
     Epoch[20] Iteration[140/192], entropy: 0.1492, loss: 0.1492, lr: 1.97e-06
     Epoch[20] Iteration[150/192], entropy: 0.2357, loss: 0.2357, lr: 1.44e-04
     Epoch[20] Iteration[160/192], entropy: 0.1834, loss: 0.1834, lr: 4.32e-04
     Epoch[20] Iteration[170/192], entropy: 0.1751, loss: 0.1751, lr: 4.82e-04
     Epoch[20] Iteration[180/192], entropy: 0.1798, loss: 0.1798, lr: 2.34e-04
     Epoch[20] Iteration[190/192], entropy: 0.1993, loss: 0.1993, lr: 7.85e-06
     Averaged stats: entropy: 0.2807, loss: 0.2807, lr: 0.00e+00
     itm tta time 0:00:23
### TTA Eval Score: 
+-------+--------+--------+--------+--------+--------+
| epoch |   R1   |   R5   |  R10   |  mAP   |  mINP  |
+-------+--------+--------+--------+--------+--------+
|  -999 | 70.679 | 86.907 | 91.813 | 63.399 | 47.043 |
|   0   | 70.468 | 86.745 | 91.667 | 63.330 | 47.212 |
|   1   | 70.500 | 86.663 | 91.797 | 63.297 | 47.083 |
|   2   | 70.614 | 86.712 | 91.667 | 63.402 | 47.209 |
|   3   | 70.419 | 86.712 | 91.732 | 63.319 | 47.086 |
|   4   | 70.419 | 86.728 | 91.602 | 63.310 | 47.043 |
|   5   | 70.419 | 86.582 | 91.553 | 63.265 | 46.957 |
|   6   | 70.273 | 86.615 | 91.504 | 63.218 | 46.932 |
|   7   | 70.370 | 86.647 | 91.585 | 63.242 | 46.926 |
|   8   | 70.370 | 86.647 | 91.569 | 63.233 | 46.933 |
|   9   | 70.387 | 86.485 | 91.553 | 63.199 | 46.879 |
|   10  | 70.224 | 86.615 | 91.618 | 63.205 | 46.924 |
|   11  | 70.110 | 86.582 | 91.585 | 63.109 | 46.817 |
|   12  | 70.289 | 86.582 | 91.618 | 63.179 | 46.879 |
|   13  | 70.305 | 86.550 | 91.634 | 63.171 | 46.861 |
|   14  | 70.484 | 86.517 | 91.520 | 63.233 | 46.849 |
|   15  | 70.370 | 86.696 | 91.569 | 63.211 | 46.808 |
|   16  | 70.305 | 86.582 | 91.618 | 63.169 | 46.785 |
|   17  | 70.419 | 86.696 | 91.602 | 63.178 | 46.755 |
|   18  | 70.370 | 86.663 | 91.618 | 63.182 | 46.811 |
|   19  | 70.338 | 86.647 | 91.634 | 63.119 | 46.747 |
|   20  | 70.370 | 86.566 | 91.683 | 63.159 | 46.806 |
+-------+--------+--------+--------+--------+--------+
     logs:  {'epo': 20, 'R1': 70.37, 'R5': 86.566, 'R10': 91.683, 'mAP': 63.159, 'mINP': 46.806, 'entropy': 0.2037802213116696, 'loss': 0.2037802213116696, 'lr': 0.0002582548872717336}
     Epoch[21] Iteration[10/192], entropy: 0.1762, loss: 0.1762, lr: 1.73e-04
     Epoch[21] Iteration[20/192], entropy: 0.1859, loss: 0.1859, lr: 4.52e-04
     Epoch[21] Iteration[30/192], entropy: 0.1825, loss: 0.1825, lr: 4.52e-04
     Epoch[21] Iteration[40/192], entropy: 0.2047, loss: 0.2047, lr: 1.73e-04
     Epoch[21] Iteration[50/192], entropy: 0.1713, loss: 0.1713, lr: 0.00e+00
     Epoch[21] Iteration[60/192], entropy: 0.1667, loss: 0.1667, lr: 1.73e-04
     Epoch[21] Iteration[70/192], entropy: 0.1743, loss: 0.1743, lr: 4.52e-04
     Epoch[21] Iteration[80/192], entropy: 0.1956, loss: 0.1956, lr: 4.52e-04
     Epoch[21] Iteration[90/192], entropy: 0.2878, loss: 0.2878, lr: 1.73e-04
     Epoch[21] Iteration[100/192], entropy: 0.2333, loss: 0.2333, lr: 0.00e+00
     Epoch[21] Iteration[110/192], entropy: 0.1795, loss: 0.1795, lr: 1.73e-04
     Epoch[21] Iteration[120/192], entropy: 0.2971, loss: 0.2971, lr: 4.52e-04
     Epoch[21] Iteration[130/192], entropy: 0.2373, loss: 0.2373, lr: 4.52e-04
     Epoch[21] Iteration[140/192], entropy: 0.1744, loss: 0.1744, lr: 1.73e-04
     Epoch[21] Iteration[150/192], entropy: 0.2248, loss: 0.2248, lr: 0.00e+00
     Epoch[21] Iteration[160/192], entropy: 0.2762, loss: 0.2762, lr: 1.73e-04
     Epoch[21] Iteration[170/192], entropy: 0.2593, loss: 0.2593, lr: 4.52e-04
     Epoch[21] Iteration[180/192], entropy: 0.1861, loss: 0.1861, lr: 4.52e-04
     Epoch[21] Iteration[190/192], entropy: 0.1390, loss: 0.1390, lr: 1.73e-04
     Averaged stats: entropy: 0.2942, loss: 0.2942, lr: 1.16e-04
     itm tta time 0:00:22
### TTA Eval Score: 
+-------+--------+--------+--------+--------+--------+
| epoch |   R1   |   R5   |  R10   |  mAP   |  mINP  |
+-------+--------+--------+--------+--------+--------+
|  -999 | 70.679 | 86.907 | 91.813 | 63.399 | 47.043 |
|   0   | 70.468 | 86.745 | 91.667 | 63.330 | 47.212 |
|   1   | 70.500 | 86.663 | 91.797 | 63.297 | 47.083 |
|   2   | 70.614 | 86.712 | 91.667 | 63.402 | 47.209 |
|   3   | 70.419 | 86.712 | 91.732 | 63.319 | 47.086 |
|   4   | 70.419 | 86.728 | 91.602 | 63.310 | 47.043 |
|   5   | 70.419 | 86.582 | 91.553 | 63.265 | 46.957 |
|   6   | 70.273 | 86.615 | 91.504 | 63.218 | 46.932 |
|   7   | 70.370 | 86.647 | 91.585 | 63.242 | 46.926 |
|   8   | 70.370 | 86.647 | 91.569 | 63.233 | 46.933 |
|   9   | 70.387 | 86.485 | 91.553 | 63.199 | 46.879 |
|   10  | 70.224 | 86.615 | 91.618 | 63.205 | 46.924 |
|   11  | 70.110 | 86.582 | 91.585 | 63.109 | 46.817 |
|   12  | 70.289 | 86.582 | 91.618 | 63.179 | 46.879 |
|   13  | 70.305 | 86.550 | 91.634 | 63.171 | 46.861 |
|   14  | 70.484 | 86.517 | 91.520 | 63.233 | 46.849 |
|   15  | 70.370 | 86.696 | 91.569 | 63.211 | 46.808 |
|   16  | 70.305 | 86.582 | 91.618 | 63.169 | 46.785 |
|   17  | 70.419 | 86.696 | 91.602 | 63.178 | 46.755 |
|   18  | 70.370 | 86.663 | 91.618 | 63.182 | 46.811 |
|   19  | 70.338 | 86.647 | 91.634 | 63.119 | 46.747 |
|   20  | 70.370 | 86.566 | 91.683 | 63.159 | 46.806 |
|   21  | 70.403 | 86.663 | 91.618 | 63.170 | 46.777 |
+-------+--------+--------+--------+--------+--------+
     logs:  {'epo': 21, 'R1': 70.403, 'R5': 86.663, 'R10': 91.618, 'mAP': 63.17, 'mINP': 46.777, 'entropy': 0.20800521969795227, 'loss': 0.20800521969795227, 'lr': 0.00026315789473684676}
     Epoch[22] Iteration[10/192], entropy: 0.1324, loss: 0.1324, lr: 7.85e-06
     Epoch[22] Iteration[20/192], entropy: 0.1965, loss: 0.1965, lr: 2.34e-04
     Epoch[22] Iteration[30/192], entropy: 0.2184, loss: 0.2184, lr: 4.82e-04
     Epoch[22] Iteration[40/192], entropy: 0.1628, loss: 0.1628, lr: 4.09e-04
     Epoch[22] Iteration[50/192], entropy: 0.1365, loss: 0.1365, lr: 1.16e-04
     Epoch[22] Iteration[60/192], entropy: 0.1895, loss: 0.1895, lr: 7.85e-06
     Epoch[22] Iteration[70/192], entropy: 0.1660, loss: 0.1660, lr: 2.34e-04
     Epoch[22] Iteration[80/192], entropy: 0.1430, loss: 0.1430, lr: 4.82e-04
     Epoch[22] Iteration[90/192], entropy: 0.2602, loss: 0.2602, lr: 4.09e-04
     Epoch[22] Iteration[100/192], entropy: 0.2477, loss: 0.2477, lr: 1.16e-04
     Epoch[22] Iteration[110/192], entropy: 0.1296, loss: 0.1296, lr: 7.85e-06
     Epoch[22] Iteration[120/192], entropy: 0.4228, loss: 0.4228, lr: 2.34e-04
     Epoch[22] Iteration[130/192], entropy: 0.2299, loss: 0.2299, lr: 4.82e-04
     Epoch[22] Iteration[140/192], entropy: 0.2049, loss: 0.2049, lr: 4.09e-04
     Epoch[22] Iteration[150/192], entropy: 0.1165, loss: 0.1165, lr: 1.16e-04
     Epoch[22] Iteration[160/192], entropy: 0.2234, loss: 0.2234, lr: 7.85e-06
     Epoch[22] Iteration[170/192], entropy: 0.2204, loss: 0.2204, lr: 2.34e-04
     Epoch[22] Iteration[180/192], entropy: 0.2233, loss: 0.2233, lr: 4.82e-04
     Epoch[22] Iteration[190/192], entropy: 0.1445, loss: 0.1445, lr: 4.09e-04
     Averaged stats: entropy: 0.1787, loss: 0.1787, lr: 3.56e-04
     itm tta time 0:00:22
### TTA Eval Score: 
+-------+--------+--------+--------+--------+--------+
| epoch |   R1   |   R5   |  R10   |  mAP   |  mINP  |
+-------+--------+--------+--------+--------+--------+
|  -999 | 70.679 | 86.907 | 91.813 | 63.399 | 47.043 |
|   0   | 70.468 | 86.745 | 91.667 | 63.330 | 47.212 |
|   1   | 70.500 | 86.663 | 91.797 | 63.297 | 47.083 |
|   2   | 70.614 | 86.712 | 91.667 | 63.402 | 47.209 |
|   3   | 70.419 | 86.712 | 91.732 | 63.319 | 47.086 |
|   4   | 70.419 | 86.728 | 91.602 | 63.310 | 47.043 |
|   5   | 70.419 | 86.582 | 91.553 | 63.265 | 46.957 |
|   6   | 70.273 | 86.615 | 91.504 | 63.218 | 46.932 |
|   7   | 70.370 | 86.647 | 91.585 | 63.242 | 46.926 |
|   8   | 70.370 | 86.647 | 91.569 | 63.233 | 46.933 |
|   9   | 70.387 | 86.485 | 91.553 | 63.199 | 46.879 |
|   10  | 70.224 | 86.615 | 91.618 | 63.205 | 46.924 |
|   11  | 70.110 | 86.582 | 91.585 | 63.109 | 46.817 |
|   12  | 70.289 | 86.582 | 91.618 | 63.179 | 46.879 |
|   13  | 70.305 | 86.550 | 91.634 | 63.171 | 46.861 |
|   14  | 70.484 | 86.517 | 91.520 | 63.233 | 46.849 |
|   15  | 70.370 | 86.696 | 91.569 | 63.211 | 46.808 |
|   16  | 70.305 | 86.582 | 91.618 | 63.169 | 46.785 |
|   17  | 70.419 | 86.696 | 91.602 | 63.178 | 46.755 |
|   18  | 70.370 | 86.663 | 91.618 | 63.182 | 46.811 |
|   19  | 70.338 | 86.647 | 91.634 | 63.119 | 46.747 |
|   20  | 70.370 | 86.566 | 91.683 | 63.159 | 46.806 |
|   21  | 70.403 | 86.663 | 91.618 | 63.170 | 46.777 |
|   22  | 70.435 | 86.631 | 91.683 | 63.180 | 46.781 |
+-------+--------+--------+--------+--------+--------+
     logs:  {'epo': 22, 'R1': 70.435, 'R5': 86.631, 'R10': 91.683, 'mAP': 63.18, 'mINP': 46.781, 'entropy': 0.19832663238048553, 'loss': 0.19832663238048553, 'lr': 0.0002570503525655093}
     Epoch[23] Iteration[10/192], entropy: 0.2815, loss: 0.2815, lr: 6.78e-05
     Epoch[23] Iteration[20/192], entropy: 0.1051, loss: 0.1051, lr: 3.09e-05
     Epoch[23] Iteration[30/192], entropy: 0.2339, loss: 0.2339, lr: 2.97e-04
     Epoch[23] Iteration[40/192], entropy: 0.2787, loss: 0.2787, lr: 4.98e-04
     Epoch[23] Iteration[50/192], entropy: 0.2396, loss: 0.2396, lr: 3.56e-04
     Epoch[23] Iteration[60/192], entropy: 0.2613, loss: 0.2613, lr: 6.78e-05
     Epoch[23] Iteration[70/192], entropy: 0.2823, loss: 0.2823, lr: 3.09e-05
     Epoch[23] Iteration[80/192], entropy: 0.1572, loss: 0.1572, lr: 2.97e-04
     Epoch[23] Iteration[90/192], entropy: 0.1959, loss: 0.1959, lr: 4.98e-04
     Epoch[23] Iteration[100/192], entropy: 0.1669, loss: 0.1669, lr: 3.56e-04
     Epoch[23] Iteration[110/192], entropy: 0.2357, loss: 0.2357, lr: 6.78e-05
     Epoch[23] Iteration[120/192], entropy: 0.1921, loss: 0.1921, lr: 3.09e-05
     Epoch[23] Iteration[130/192], entropy: 0.2320, loss: 0.2320, lr: 2.97e-04
     Epoch[23] Iteration[140/192], entropy: 0.2510, loss: 0.2510, lr: 4.98e-04
     Epoch[23] Iteration[150/192], entropy: 0.1839, loss: 0.1839, lr: 3.56e-04
     Epoch[23] Iteration[160/192], entropy: 0.1813, loss: 0.1813, lr: 6.78e-05
     Epoch[23] Iteration[170/192], entropy: 0.2871, loss: 0.2871, lr: 3.09e-05
     Epoch[23] Iteration[180/192], entropy: 0.1184, loss: 0.1184, lr: 2.97e-04
     Epoch[23] Iteration[190/192], entropy: 0.3215, loss: 0.3215, lr: 4.98e-04
     Averaged stats: entropy: 0.1611, loss: 0.1611, lr: 4.98e-04
     itm tta time 0:00:23
### TTA Eval Score: 
+-------+--------+--------+--------+--------+--------+
| epoch |   R1   |   R5   |  R10   |  mAP   |  mINP  |
+-------+--------+--------+--------+--------+--------+
|  -999 | 70.679 | 86.907 | 91.813 | 63.399 | 47.043 |
|   0   | 70.468 | 86.745 | 91.667 | 63.330 | 47.212 |
|   1   | 70.500 | 86.663 | 91.797 | 63.297 | 47.083 |
|   2   | 70.614 | 86.712 | 91.667 | 63.402 | 47.209 |
|   3   | 70.419 | 86.712 | 91.732 | 63.319 | 47.086 |
|   4   | 70.419 | 86.728 | 91.602 | 63.310 | 47.043 |
|   5   | 70.419 | 86.582 | 91.553 | 63.265 | 46.957 |
|   6   | 70.273 | 86.615 | 91.504 | 63.218 | 46.932 |
|   7   | 70.370 | 86.647 | 91.585 | 63.242 | 46.926 |
|   8   | 70.370 | 86.647 | 91.569 | 63.233 | 46.933 |
|   9   | 70.387 | 86.485 | 91.553 | 63.199 | 46.879 |
|   10  | 70.224 | 86.615 | 91.618 | 63.205 | 46.924 |
|   11  | 70.110 | 86.582 | 91.585 | 63.109 | 46.817 |
|   12  | 70.289 | 86.582 | 91.618 | 63.179 | 46.879 |
|   13  | 70.305 | 86.550 | 91.634 | 63.171 | 46.861 |
|   14  | 70.484 | 86.517 | 91.520 | 63.233 | 46.849 |
|   15  | 70.370 | 86.696 | 91.569 | 63.211 | 46.808 |
|   16  | 70.305 | 86.582 | 91.618 | 63.169 | 46.785 |
|   17  | 70.419 | 86.696 | 91.602 | 63.178 | 46.755 |
|   18  | 70.370 | 86.663 | 91.618 | 63.182 | 46.811 |
|   19  | 70.338 | 86.647 | 91.634 | 63.119 | 46.747 |
|   20  | 70.370 | 86.566 | 91.683 | 63.159 | 46.806 |
|   21  | 70.403 | 86.663 | 91.618 | 63.170 | 46.777 |
|   22  | 70.435 | 86.631 | 91.683 | 63.180 | 46.781 |
|   23  | 70.435 | 86.696 | 91.650 | 63.165 | 46.762 |
+-------+--------+--------+--------+--------+--------+
     logs:  {'epo': 23, 'R1': 70.435, 'R5': 86.696, 'R10': 91.65, 'mAP': 63.165, 'mINP': 46.762, 'entropy': 0.22132760521612668, 'loss': 0.22132760521612668, 'lr': 0.0002443976409004589}
     Epoch[24] Iteration[10/192], entropy: 0.2144, loss: 0.2144, lr: 2.97e-04
     Epoch[24] Iteration[20/192], entropy: 0.1962, loss: 0.1962, lr: 3.09e-05
     Epoch[24] Iteration[30/192], entropy: 0.2169, loss: 0.2169, lr: 6.78e-05
     Epoch[24] Iteration[40/192], entropy: 0.1527, loss: 0.1527, lr: 3.56e-04
     Epoch[24] Iteration[50/192], entropy: 0.2348, loss: 0.2348, lr: 4.98e-04
     Epoch[24] Iteration[60/192], entropy: 0.1824, loss: 0.1824, lr: 2.97e-04
     Epoch[24] Iteration[70/192], entropy: 0.1711, loss: 0.1711, lr: 3.09e-05
     Epoch[24] Iteration[80/192], entropy: 0.1718, loss: 0.1718, lr: 6.78e-05
     Epoch[24] Iteration[90/192], entropy: 0.2424, loss: 0.2424, lr: 3.56e-04
     Epoch[24] Iteration[100/192], entropy: 0.2240, loss: 0.2240, lr: 4.98e-04
     Epoch[24] Iteration[110/192], entropy: 0.2245, loss: 0.2245, lr: 2.97e-04
     Epoch[24] Iteration[120/192], entropy: 0.2110, loss: 0.2110, lr: 3.09e-05
     Epoch[24] Iteration[130/192], entropy: 0.1658, loss: 0.1658, lr: 6.78e-05
     Epoch[24] Iteration[140/192], entropy: 0.1359, loss: 0.1359, lr: 3.56e-04
     Epoch[24] Iteration[150/192], entropy: 0.1753, loss: 0.1753, lr: 4.98e-04
     Epoch[24] Iteration[160/192], entropy: 0.1367, loss: 0.1367, lr: 2.97e-04
     Epoch[24] Iteration[170/192], entropy: 0.1971, loss: 0.1971, lr: 3.09e-05
     Epoch[24] Iteration[180/192], entropy: 0.1770, loss: 0.1770, lr: 6.78e-05
     Epoch[24] Iteration[190/192], entropy: 0.2054, loss: 0.2054, lr: 3.56e-04
     Averaged stats: entropy: 0.1935, loss: 0.1935, lr: 4.09e-04
     itm tta time 0:00:22
### TTA Eval Score: 
+-------+--------+--------+--------+--------+--------+
| epoch |   R1   |   R5   |  R10   |  mAP   |  mINP  |
+-------+--------+--------+--------+--------+--------+
|  -999 | 70.679 | 86.907 | 91.813 | 63.399 | 47.043 |
|   0   | 70.468 | 86.745 | 91.667 | 63.330 | 47.212 |
|   1   | 70.500 | 86.663 | 91.797 | 63.297 | 47.083 |
|   2   | 70.614 | 86.712 | 91.667 | 63.402 | 47.209 |
|   3   | 70.419 | 86.712 | 91.732 | 63.319 | 47.086 |
|   4   | 70.419 | 86.728 | 91.602 | 63.310 | 47.043 |
|   5   | 70.419 | 86.582 | 91.553 | 63.265 | 46.957 |
|   6   | 70.273 | 86.615 | 91.504 | 63.218 | 46.932 |
|   7   | 70.370 | 86.647 | 91.585 | 63.242 | 46.926 |
|   8   | 70.370 | 86.647 | 91.569 | 63.233 | 46.933 |
|   9   | 70.387 | 86.485 | 91.553 | 63.199 | 46.879 |
|   10  | 70.224 | 86.615 | 91.618 | 63.205 | 46.924 |
|   11  | 70.110 | 86.582 | 91.585 | 63.109 | 46.817 |
|   12  | 70.289 | 86.582 | 91.618 | 63.179 | 46.879 |
|   13  | 70.305 | 86.550 | 91.634 | 63.171 | 46.861 |
|   14  | 70.484 | 86.517 | 91.520 | 63.233 | 46.849 |
|   15  | 70.370 | 86.696 | 91.569 | 63.211 | 46.808 |
|   16  | 70.305 | 86.582 | 91.618 | 63.169 | 46.785 |
|   17  | 70.419 | 86.696 | 91.602 | 63.178 | 46.755 |
|   18  | 70.370 | 86.663 | 91.618 | 63.182 | 46.811 |
|   19  | 70.338 | 86.647 | 91.634 | 63.119 | 46.747 |
|   20  | 70.370 | 86.566 | 91.683 | 63.159 | 46.806 |
|   21  | 70.403 | 86.663 | 91.618 | 63.170 | 46.777 |
|   22  | 70.435 | 86.631 | 91.683 | 63.180 | 46.781 |
|   23  | 70.435 | 86.696 | 91.650 | 63.165 | 46.762 |
|   24  | 70.387 | 86.582 | 91.585 | 63.133 | 46.721 |
+-------+--------+--------+--------+--------+--------+
     logs:  {'epo': 24, 'R1': 70.387, 'R5': 86.582, 'R10': 91.585, 'mAP': 63.133, 'mINP': 46.721, 'entropy': 0.19133941123360082, 'loss': 0.19133941123360082, 'lr': 0.00023694585919322936}
     Epoch[25] Iteration[10/192], entropy: 0.1323, loss: 0.1323, lr: 4.82e-04
     Epoch[25] Iteration[20/192], entropy: 0.0964, loss: 0.0964, lr: 2.34e-04
     Epoch[25] Iteration[30/192], entropy: 0.2307, loss: 0.2307, lr: 7.85e-06
     Epoch[25] Iteration[40/192], entropy: 0.1450, loss: 0.1450, lr: 1.16e-04
     Epoch[25] Iteration[50/192], entropy: 0.1455, loss: 0.1455, lr: 4.09e-04
     Epoch[25] Iteration[60/192], entropy: 0.1709, loss: 0.1709, lr: 4.82e-04
     Epoch[25] Iteration[70/192], entropy: 0.2021, loss: 0.2021, lr: 2.34e-04
     Epoch[25] Iteration[80/192], entropy: 0.2247, loss: 0.2247, lr: 7.85e-06
     Epoch[25] Iteration[90/192], entropy: 0.1911, loss: 0.1911, lr: 1.16e-04
     Epoch[25] Iteration[100/192], entropy: 0.2037, loss: 0.2037, lr: 4.09e-04
     Epoch[25] Iteration[110/192], entropy: 0.2677, loss: 0.2677, lr: 4.82e-04
     Epoch[25] Iteration[120/192], entropy: 0.1191, loss: 0.1191, lr: 2.34e-04
     Epoch[25] Iteration[130/192], entropy: 0.1667, loss: 0.1667, lr: 7.85e-06
     Epoch[25] Iteration[140/192], entropy: 0.2676, loss: 0.2676, lr: 1.16e-04
     Epoch[25] Iteration[150/192], entropy: 0.3004, loss: 0.3004, lr: 4.09e-04
     Epoch[25] Iteration[160/192], entropy: 0.1952, loss: 0.1952, lr: 4.82e-04
     Epoch[25] Iteration[170/192], entropy: 0.1460, loss: 0.1460, lr: 2.34e-04
     Epoch[25] Iteration[180/192], entropy: 0.1343, loss: 0.1343, lr: 7.85e-06
     Epoch[25] Iteration[190/192], entropy: 0.2100, loss: 0.2100, lr: 1.16e-04
     Averaged stats: entropy: 0.2199, loss: 0.2199, lr: 1.73e-04
     itm tta time 0:00:23
### TTA Eval Score: 
+-------+--------+--------+--------+--------+--------+
| epoch |   R1   |   R5   |  R10   |  mAP   |  mINP  |
+-------+--------+--------+--------+--------+--------+
|  -999 | 70.679 | 86.907 | 91.813 | 63.399 | 47.043 |
|   0   | 70.468 | 86.745 | 91.667 | 63.330 | 47.212 |
|   1   | 70.500 | 86.663 | 91.797 | 63.297 | 47.083 |
|   2   | 70.614 | 86.712 | 91.667 | 63.402 | 47.209 |
|   3   | 70.419 | 86.712 | 91.732 | 63.319 | 47.086 |
|   4   | 70.419 | 86.728 | 91.602 | 63.310 | 47.043 |
|   5   | 70.419 | 86.582 | 91.553 | 63.265 | 46.957 |
|   6   | 70.273 | 86.615 | 91.504 | 63.218 | 46.932 |
|   7   | 70.370 | 86.647 | 91.585 | 63.242 | 46.926 |
|   8   | 70.370 | 86.647 | 91.569 | 63.233 | 46.933 |
|   9   | 70.387 | 86.485 | 91.553 | 63.199 | 46.879 |
|   10  | 70.224 | 86.615 | 91.618 | 63.205 | 46.924 |
|   11  | 70.110 | 86.582 | 91.585 | 63.109 | 46.817 |
|   12  | 70.289 | 86.582 | 91.618 | 63.179 | 46.879 |
|   13  | 70.305 | 86.550 | 91.634 | 63.171 | 46.861 |
|   14  | 70.484 | 86.517 | 91.520 | 63.233 | 46.849 |
|   15  | 70.370 | 86.696 | 91.569 | 63.211 | 46.808 |
|   16  | 70.305 | 86.582 | 91.618 | 63.169 | 46.785 |
|   17  | 70.419 | 86.696 | 91.602 | 63.178 | 46.755 |
|   18  | 70.370 | 86.663 | 91.618 | 63.182 | 46.811 |
|   19  | 70.338 | 86.647 | 91.634 | 63.119 | 46.747 |
|   20  | 70.370 | 86.566 | 91.683 | 63.159 | 46.806 |
|   21  | 70.403 | 86.663 | 91.618 | 63.170 | 46.777 |
|   22  | 70.435 | 86.631 | 91.683 | 63.180 | 46.781 |
|   23  | 70.435 | 86.696 | 91.650 | 63.165 | 46.762 |
|   24  | 70.387 | 86.582 | 91.585 | 63.133 | 46.721 |
|   25  | 70.435 | 86.631 | 91.472 | 63.145 | 46.725 |
+-------+--------+--------+--------+--------+--------+
     logs:  {'epo': 25, 'R1': 70.435, 'R5': 86.631, 'R10': 91.472, 'mAP': 63.145, 'mINP': 46.725, 'entropy': 0.18680473926820254, 'loss': 0.18680473926820254, 'lr': 0.00024161284224014646}
     Epoch[26] Iteration[10/192], entropy: 0.1815, loss: 0.1815, lr: 4.52e-04
     Epoch[26] Iteration[20/192], entropy: 0.1831, loss: 0.1831, lr: 4.52e-04
     Epoch[26] Iteration[30/192], entropy: 0.1809, loss: 0.1809, lr: 1.73e-04
     Epoch[26] Iteration[40/192], entropy: 0.1453, loss: 0.1453, lr: 0.00e+00
     Epoch[26] Iteration[50/192], entropy: 0.1725, loss: 0.1725, lr: 1.73e-04
     Epoch[26] Iteration[60/192], entropy: 0.2091, loss: 0.2091, lr: 4.52e-04
     Epoch[26] Iteration[70/192], entropy: 0.2062, loss: 0.2062, lr: 4.52e-04
     Epoch[26] Iteration[80/192], entropy: 0.2623, loss: 0.2623, lr: 1.73e-04
     Epoch[26] Iteration[90/192], entropy: 0.2096, loss: 0.2096, lr: 0.00e+00
     Epoch[26] Iteration[100/192], entropy: 0.1997, loss: 0.1997, lr: 1.73e-04
     Epoch[26] Iteration[110/192], entropy: 0.1965, loss: 0.1965, lr: 4.52e-04
     Epoch[26] Iteration[120/192], entropy: 0.1396, loss: 0.1396, lr: 4.52e-04
     Epoch[26] Iteration[130/192], entropy: 0.2195, loss: 0.2195, lr: 1.73e-04
     Epoch[26] Iteration[140/192], entropy: 0.2263, loss: 0.2263, lr: 0.00e+00
     Epoch[26] Iteration[150/192], entropy: 0.2299, loss: 0.2299, lr: 1.73e-04
     Epoch[26] Iteration[160/192], entropy: 0.1996, loss: 0.1996, lr: 4.52e-04
     Epoch[26] Iteration[170/192], entropy: 0.2276, loss: 0.2276, lr: 4.52e-04
     Epoch[26] Iteration[180/192], entropy: 0.1507, loss: 0.1507, lr: 1.73e-04
     Epoch[26] Iteration[190/192], entropy: 0.0867, loss: 0.0867, lr: 0.00e+00
     Averaged stats: entropy: 0.2309, loss: 0.2309, lr: 7.85e-06
     itm tta time 0:00:22
### TTA Eval Score: 
+-------+--------+--------+--------+--------+--------+
| epoch |   R1   |   R5   |  R10   |  mAP   |  mINP  |
+-------+--------+--------+--------+--------+--------+
|  -999 | 70.679 | 86.907 | 91.813 | 63.399 | 47.043 |
|   0   | 70.468 | 86.745 | 91.667 | 63.330 | 47.212 |
|   1   | 70.500 | 86.663 | 91.797 | 63.297 | 47.083 |
|   2   | 70.614 | 86.712 | 91.667 | 63.402 | 47.209 |
|   3   | 70.419 | 86.712 | 91.732 | 63.319 | 47.086 |
|   4   | 70.419 | 86.728 | 91.602 | 63.310 | 47.043 |
|   5   | 70.419 | 86.582 | 91.553 | 63.265 | 46.957 |
|   6   | 70.273 | 86.615 | 91.504 | 63.218 | 46.932 |
|   7   | 70.370 | 86.647 | 91.585 | 63.242 | 46.926 |
|   8   | 70.370 | 86.647 | 91.569 | 63.233 | 46.933 |
|   9   | 70.387 | 86.485 | 91.553 | 63.199 | 46.879 |
|   10  | 70.224 | 86.615 | 91.618 | 63.205 | 46.924 |
|   11  | 70.110 | 86.582 | 91.585 | 63.109 | 46.817 |
|   12  | 70.289 | 86.582 | 91.618 | 63.179 | 46.879 |
|   13  | 70.305 | 86.550 | 91.634 | 63.171 | 46.861 |
|   14  | 70.484 | 86.517 | 91.520 | 63.233 | 46.849 |
|   15  | 70.370 | 86.696 | 91.569 | 63.211 | 46.808 |
|   16  | 70.305 | 86.582 | 91.618 | 63.169 | 46.785 |
|   17  | 70.419 | 86.696 | 91.602 | 63.178 | 46.755 |
|   18  | 70.370 | 86.663 | 91.618 | 63.182 | 46.811 |
|   19  | 70.338 | 86.647 | 91.634 | 63.119 | 46.747 |
|   20  | 70.370 | 86.566 | 91.683 | 63.159 | 46.806 |
|   21  | 70.403 | 86.663 | 91.618 | 63.170 | 46.777 |
|   22  | 70.435 | 86.631 | 91.683 | 63.180 | 46.781 |
|   23  | 70.435 | 86.696 | 91.650 | 63.165 | 46.762 |
|   24  | 70.387 | 86.582 | 91.585 | 63.133 | 46.721 |
|   25  | 70.435 | 86.631 | 91.472 | 63.145 | 46.725 |
|   26  | 70.419 | 86.631 | 91.553 | 63.082 | 46.656 |
+-------+--------+--------+--------+--------+--------+
     logs:  {'epo': 26, 'R1': 70.419, 'R5': 86.631, 'R10': 91.553, 'mAP': 63.082, 'mINP': 46.656, 'entropy': 0.190871409679714, 'loss': 0.190871409679714, 'lr': 0.0002540660130838847}
     Epoch[27] Iteration[10/192], entropy: 0.1580, loss: 0.1580, lr: 2.34e-04
     Epoch[27] Iteration[20/192], entropy: 0.1709, loss: 0.1709, lr: 4.82e-04
     Epoch[27] Iteration[30/192], entropy: 0.1920, loss: 0.1920, lr: 4.09e-04
     Epoch[27] Iteration[40/192], entropy: 0.2138, loss: 0.2138, lr: 1.16e-04
     Epoch[27] Iteration[50/192], entropy: 0.1979, loss: 0.1979, lr: 7.85e-06
     Epoch[27] Iteration[60/192], entropy: 0.1951, loss: 0.1951, lr: 2.34e-04
     Epoch[27] Iteration[70/192], entropy: 0.1904, loss: 0.1904, lr: 4.82e-04
     Epoch[27] Iteration[80/192], entropy: 0.2126, loss: 0.2126, lr: 4.09e-04
     Epoch[27] Iteration[90/192], entropy: 0.3145, loss: 0.3145, lr: 1.16e-04
     Epoch[27] Iteration[100/192], entropy: 0.2881, loss: 0.2881, lr: 7.85e-06
     Epoch[27] Iteration[110/192], entropy: 0.2659, loss: 0.2659, lr: 2.34e-04
     Epoch[27] Iteration[120/192], entropy: 0.2012, loss: 0.2012, lr: 4.82e-04
     Epoch[27] Iteration[130/192], entropy: 0.1736, loss: 0.1736, lr: 4.09e-04
     Epoch[27] Iteration[140/192], entropy: 0.1968, loss: 0.1968, lr: 1.16e-04
     Epoch[27] Iteration[150/192], entropy: 0.2045, loss: 0.2045, lr: 7.85e-06
     Epoch[27] Iteration[160/192], entropy: 0.3037, loss: 0.3037, lr: 2.34e-04
     Epoch[27] Iteration[170/192], entropy: 0.2205, loss: 0.2205, lr: 4.82e-04
     Epoch[27] Iteration[180/192], entropy: 0.2423, loss: 0.2423, lr: 4.09e-04
     Epoch[27] Iteration[190/192], entropy: 0.0937, loss: 0.0937, lr: 1.16e-04
     Averaged stats: entropy: 0.3218, loss: 0.3218, lr: 6.78e-05
     itm tta time 0:00:22
### TTA Eval Score: 
+-------+--------+--------+--------+--------+--------+
| epoch |   R1   |   R5   |  R10   |  mAP   |  mINP  |
+-------+--------+--------+--------+--------+--------+
|  -999 | 70.679 | 86.907 | 91.813 | 63.399 | 47.043 |
|   0   | 70.468 | 86.745 | 91.667 | 63.330 | 47.212 |
|   1   | 70.500 | 86.663 | 91.797 | 63.297 | 47.083 |
|   2   | 70.614 | 86.712 | 91.667 | 63.402 | 47.209 |
|   3   | 70.419 | 86.712 | 91.732 | 63.319 | 47.086 |
|   4   | 70.419 | 86.728 | 91.602 | 63.310 | 47.043 |
|   5   | 70.419 | 86.582 | 91.553 | 63.265 | 46.957 |
|   6   | 70.273 | 86.615 | 91.504 | 63.218 | 46.932 |
|   7   | 70.370 | 86.647 | 91.585 | 63.242 | 46.926 |
|   8   | 70.370 | 86.647 | 91.569 | 63.233 | 46.933 |
|   9   | 70.387 | 86.485 | 91.553 | 63.199 | 46.879 |
|   10  | 70.224 | 86.615 | 91.618 | 63.205 | 46.924 |
|   11  | 70.110 | 86.582 | 91.585 | 63.109 | 46.817 |
|   12  | 70.289 | 86.582 | 91.618 | 63.179 | 46.879 |
|   13  | 70.305 | 86.550 | 91.634 | 63.171 | 46.861 |
|   14  | 70.484 | 86.517 | 91.520 | 63.233 | 46.849 |
|   15  | 70.370 | 86.696 | 91.569 | 63.211 | 46.808 |
|   16  | 70.305 | 86.582 | 91.618 | 63.169 | 46.785 |
|   17  | 70.419 | 86.696 | 91.602 | 63.178 | 46.755 |
|   18  | 70.370 | 86.663 | 91.618 | 63.182 | 46.811 |
|   19  | 70.338 | 86.647 | 91.634 | 63.119 | 46.747 |
|   20  | 70.370 | 86.566 | 91.683 | 63.159 | 46.806 |
|   21  | 70.403 | 86.663 | 91.618 | 63.170 | 46.777 |
|   22  | 70.435 | 86.631 | 91.683 | 63.180 | 46.781 |
|   23  | 70.435 | 86.696 | 91.650 | 63.165 | 46.762 |
|   24  | 70.387 | 86.582 | 91.585 | 63.133 | 46.721 |
|   25  | 70.435 | 86.631 | 91.472 | 63.145 | 46.725 |
|   26  | 70.419 | 86.631 | 91.553 | 63.082 | 46.656 |
|   27  | 70.370 | 86.566 | 91.455 | 63.117 | 46.686 |
+-------+--------+--------+--------+--------+--------+
     logs:  {'epo': 27, 'R1': 70.37, 'R5': 86.566, 'R10': 91.455, 'mAP': 63.117, 'mINP': 46.686, 'entropy': 0.21239739303526126, 'loss': 0.21239739303526126, 'lr': 0.0002627445152780054}
     Epoch[28] Iteration[10/192], entropy: 0.2585, loss: 0.2585, lr: 3.09e-05
     Epoch[28] Iteration[20/192], entropy: 0.1129, loss: 0.1129, lr: 2.97e-04
     Epoch[28] Iteration[30/192], entropy: 0.1509, loss: 0.1509, lr: 4.98e-04
     Epoch[28] Iteration[40/192], entropy: 0.2116, loss: 0.2116, lr: 3.56e-04
     Epoch[28] Iteration[50/192], entropy: 0.1450, loss: 0.1450, lr: 6.78e-05
     Epoch[28] Iteration[60/192], entropy: 0.2990, loss: 0.2990, lr: 3.09e-05
     Epoch[28] Iteration[70/192], entropy: 0.1294, loss: 0.1294, lr: 2.97e-04
     Epoch[28] Iteration[80/192], entropy: 0.1664, loss: 0.1664, lr: 4.98e-04
     Epoch[28] Iteration[90/192], entropy: 0.2181, loss: 0.2181, lr: 3.56e-04
     Epoch[28] Iteration[100/192], entropy: 0.2819, loss: 0.2819, lr: 6.78e-05
     Epoch[28] Iteration[110/192], entropy: 0.1262, loss: 0.1262, lr: 3.09e-05
     Epoch[28] Iteration[120/192], entropy: 0.2401, loss: 0.2401, lr: 2.97e-04
     Epoch[28] Iteration[130/192], entropy: 0.2246, loss: 0.2246, lr: 4.98e-04
     Epoch[28] Iteration[140/192], entropy: 0.1468, loss: 0.1468, lr: 3.56e-04
     Epoch[28] Iteration[150/192], entropy: 0.1879, loss: 0.1879, lr: 6.78e-05
     Epoch[28] Iteration[160/192], entropy: 0.1667, loss: 0.1667, lr: 3.09e-05
     Epoch[28] Iteration[170/192], entropy: 0.1310, loss: 0.1310, lr: 2.97e-04
     Epoch[28] Iteration[180/192], entropy: 0.1417, loss: 0.1417, lr: 4.98e-04
     Epoch[28] Iteration[190/192], entropy: 0.1290, loss: 0.1290, lr: 3.56e-04
     Averaged stats: entropy: 0.2320, loss: 0.2320, lr: 2.97e-04
     itm tta time 0:00:23
### TTA Eval Score: 
+-------+--------+--------+--------+--------+--------+
| epoch |   R1   |   R5   |  R10   |  mAP   |  mINP  |
+-------+--------+--------+--------+--------+--------+
|  -999 | 70.679 | 86.907 | 91.813 | 63.399 | 47.043 |
|   0   | 70.468 | 86.745 | 91.667 | 63.330 | 47.212 |
|   1   | 70.500 | 86.663 | 91.797 | 63.297 | 47.083 |
|   2   | 70.614 | 86.712 | 91.667 | 63.402 | 47.209 |
|   3   | 70.419 | 86.712 | 91.732 | 63.319 | 47.086 |
|   4   | 70.419 | 86.728 | 91.602 | 63.310 | 47.043 |
|   5   | 70.419 | 86.582 | 91.553 | 63.265 | 46.957 |
|   6   | 70.273 | 86.615 | 91.504 | 63.218 | 46.932 |
|   7   | 70.370 | 86.647 | 91.585 | 63.242 | 46.926 |
|   8   | 70.370 | 86.647 | 91.569 | 63.233 | 46.933 |
|   9   | 70.387 | 86.485 | 91.553 | 63.199 | 46.879 |
|   10  | 70.224 | 86.615 | 91.618 | 63.205 | 46.924 |
|   11  | 70.110 | 86.582 | 91.585 | 63.109 | 46.817 |
|   12  | 70.289 | 86.582 | 91.618 | 63.179 | 46.879 |
|   13  | 70.305 | 86.550 | 91.634 | 63.171 | 46.861 |
|   14  | 70.484 | 86.517 | 91.520 | 63.233 | 46.849 |
|   15  | 70.370 | 86.696 | 91.569 | 63.211 | 46.808 |
|   16  | 70.305 | 86.582 | 91.618 | 63.169 | 46.785 |
|   17  | 70.419 | 86.696 | 91.602 | 63.178 | 46.755 |
|   18  | 70.370 | 86.663 | 91.618 | 63.182 | 46.811 |
|   19  | 70.338 | 86.647 | 91.634 | 63.119 | 46.747 |
|   20  | 70.370 | 86.566 | 91.683 | 63.159 | 46.806 |
|   21  | 70.403 | 86.663 | 91.618 | 63.170 | 46.777 |
|   22  | 70.435 | 86.631 | 91.683 | 63.180 | 46.781 |
|   23  | 70.435 | 86.696 | 91.650 | 63.165 | 46.762 |
|   24  | 70.387 | 86.582 | 91.585 | 63.133 | 46.721 |
|   25  | 70.435 | 86.631 | 91.472 | 63.145 | 46.725 |
|   26  | 70.419 | 86.631 | 91.553 | 63.082 | 46.656 |
|   27  | 70.370 | 86.566 | 91.455 | 63.117 | 46.686 |
|   28  | 70.419 | 86.566 | 91.537 | 63.122 | 46.689 |
+-------+--------+--------+--------+--------+--------+
     logs:  {'epo': 28, 'R1': 70.419, 'R5': 86.566, 'R10': 91.537, 'mAP': 63.122, 'mINP': 46.689, 'entropy': 0.18250068590829246, 'loss': 0.18250068590829246, 'lr': 0.00025959169246606907}
     Epoch[29] Iteration[10/192], entropy: 0.2074, loss: 0.2074, lr: 3.09e-05
     Epoch[29] Iteration[20/192], entropy: 0.1599, loss: 0.1599, lr: 6.78e-05
     Epoch[29] Iteration[30/192], entropy: 0.1796, loss: 0.1796, lr: 3.56e-04
     Epoch[29] Iteration[40/192], entropy: 0.2031, loss: 0.2031, lr: 4.98e-04
     Epoch[29] Iteration[50/192], entropy: 0.1260, loss: 0.1260, lr: 2.97e-04
     Epoch[29] Iteration[60/192], entropy: 0.1990, loss: 0.1990, lr: 3.09e-05
     Epoch[29] Iteration[70/192], entropy: 0.2760, loss: 0.2760, lr: 6.78e-05
     Epoch[29] Iteration[80/192], entropy: 0.2362, loss: 0.2362, lr: 3.56e-04
     Epoch[29] Iteration[90/192], entropy: 0.1073, loss: 0.1073, lr: 4.98e-04
     Epoch[29] Iteration[100/192], entropy: 0.1416, loss: 0.1416, lr: 2.97e-04
     Epoch[29] Iteration[110/192], entropy: 0.1594, loss: 0.1594, lr: 3.09e-05
     Epoch[29] Iteration[120/192], entropy: 0.1136, loss: 0.1136, lr: 6.78e-05
     Epoch[29] Iteration[130/192], entropy: 0.1787, loss: 0.1787, lr: 3.56e-04
     Epoch[29] Iteration[140/192], entropy: 0.2100, loss: 0.2100, lr: 4.98e-04
     Epoch[29] Iteration[150/192], entropy: 0.1787, loss: 0.1787, lr: 2.97e-04
     Epoch[29] Iteration[160/192], entropy: 0.2387, loss: 0.2387, lr: 3.09e-05
     Epoch[29] Iteration[170/192], entropy: 0.1732, loss: 0.1732, lr: 6.78e-05
     Epoch[29] Iteration[180/192], entropy: 0.2741, loss: 0.2741, lr: 3.56e-04
     Epoch[29] Iteration[190/192], entropy: 0.2962, loss: 0.2962, lr: 4.98e-04
     Averaged stats: entropy: 0.1312, loss: 0.1312, lr: 4.82e-04
     itm tta time 0:00:22
### TTA Eval Score: 
+-------+--------+--------+--------+--------+--------+
| epoch |   R1   |   R5   |  R10   |  mAP   |  mINP  |
+-------+--------+--------+--------+--------+--------+
|  -999 | 70.679 | 86.907 | 91.813 | 63.399 | 47.043 |
|   0   | 70.468 | 86.745 | 91.667 | 63.330 | 47.212 |
|   1   | 70.500 | 86.663 | 91.797 | 63.297 | 47.083 |
|   2   | 70.614 | 86.712 | 91.667 | 63.402 | 47.209 |
|   3   | 70.419 | 86.712 | 91.732 | 63.319 | 47.086 |
|   4   | 70.419 | 86.728 | 91.602 | 63.310 | 47.043 |
|   5   | 70.419 | 86.582 | 91.553 | 63.265 | 46.957 |
|   6   | 70.273 | 86.615 | 91.504 | 63.218 | 46.932 |
|   7   | 70.370 | 86.647 | 91.585 | 63.242 | 46.926 |
|   8   | 70.370 | 86.647 | 91.569 | 63.233 | 46.933 |
|   9   | 70.387 | 86.485 | 91.553 | 63.199 | 46.879 |
|   10  | 70.224 | 86.615 | 91.618 | 63.205 | 46.924 |
|   11  | 70.110 | 86.582 | 91.585 | 63.109 | 46.817 |
|   12  | 70.289 | 86.582 | 91.618 | 63.179 | 46.879 |
|   13  | 70.305 | 86.550 | 91.634 | 63.171 | 46.861 |
|   14  | 70.484 | 86.517 | 91.520 | 63.233 | 46.849 |
|   15  | 70.370 | 86.696 | 91.569 | 63.211 | 46.808 |
|   16  | 70.305 | 86.582 | 91.618 | 63.169 | 46.785 |
|   17  | 70.419 | 86.696 | 91.602 | 63.178 | 46.755 |
|   18  | 70.370 | 86.663 | 91.618 | 63.182 | 46.811 |
|   19  | 70.338 | 86.647 | 91.634 | 63.119 | 46.747 |
|   20  | 70.370 | 86.566 | 91.683 | 63.159 | 46.806 |
|   21  | 70.403 | 86.663 | 91.618 | 63.170 | 46.777 |
|   22  | 70.435 | 86.631 | 91.683 | 63.180 | 46.781 |
|   23  | 70.435 | 86.696 | 91.650 | 63.165 | 46.762 |
|   24  | 70.387 | 86.582 | 91.585 | 63.133 | 46.721 |
|   25  | 70.435 | 86.631 | 91.472 | 63.145 | 46.725 |
|   26  | 70.419 | 86.631 | 91.553 | 63.082 | 46.656 |
|   27  | 70.370 | 86.566 | 91.455 | 63.117 | 46.686 |
|   28  | 70.419 | 86.566 | 91.537 | 63.122 | 46.689 |
|   29  | 70.289 | 86.598 | 91.520 | 63.083 | 46.673 |
+-------+--------+--------+--------+--------+--------+
     logs:  {'epo': 29, 'R1': 70.289, 'R5': 86.598, 'R10': 91.52, 'mAP': 63.083, 'mINP': 46.673, 'entropy': 0.19255779173813367, 'loss': 0.19255779173813367, 'lr': 0.00024753445638702886}
### best epoch 2 : {'epo': '2', 'R1': '70.614', 'R5': '86.712', 'R10': '91.667', 'mAP': '63.402', 'mINP': '47.209', 'entropy': '0.2155086535372232', 'loss': '0.2155086535372232', 'lr': '0.00026153035105320837'}
### Time 0:15:41
