Not using distributed mode
### Hyper-parameters:
     output_dir: output_rerun/ham_cuhk_tta/exp2.0.2/2025090519322
     seed: 42
     device: cuda
     batch_size_tta: 16
     epochs: 30
     lr: 0.0001
### Creating test dataset
     test_txt_set: 6156    test_img_set: 3074
     test_txt_loader: 13    test_img_loader: 7
### Creating model
Training Model with ['sdm', 'id', 'mlm'] tasks
Resized position embedding from size:torch.Size([1, 197, 768]) to size: torch.Size([1, 193, 768]) with height:24 width: 8
     Total Params Sum:  194535419
### Zero-Shot Score: 
/data2/jiahao/task/IRRA/tta.py:261: FutureWarning: `torch.cuda.amp.GradScaler(args...)` is deprecated. Please use `torch.amp.GradScaler('cuda', args...)` instead.
  scaler = GradScaler()  # bf16
+-------+--------+--------+--------+--------+--------+
| epoch |   R1   |   R5   |  R10   |  mAP   |  mINP  |
+-------+--------+--------+--------+--------+--------+
|  -999 | 70.679 | 86.907 | 91.813 | 63.399 | 47.043 |
+-------+--------+--------+--------+--------+--------+
### TTA:
### Compute Cos Similarity Uncertainty
     preprocess_tta_coefficients  start
     sample selection ...
     number of sample after sample_selection: 1662
     uncertainty ...
     pos/neg sampling ...
      number of sample after pos/neg sampling: torch.Size([6156, 8])
     preprocess_tta_coefficients  end
### Creating TTA dataset
     tta_dataset: 1662
### Creating tta dataloader
### be careful: func create_loader returns a list length of 1
     tta_loader: 103
### Configure adapted weights
     TTA Dropout Modules: 
 []
     TTA Require Gradient Params: 
 [('base_model.transformer.resblocks.1.ln_1.weight', torch.Size([512])), ('base_model.transformer.resblocks.1.ln_1.bias', torch.Size([512])), ('base_model.transformer.resblocks.1.ln_2.weight', torch.Size([512])), ('base_model.transformer.resblocks.1.ln_2.bias', torch.Size([512])), ('base_model.transformer.resblocks.2.ln_1.weight', torch.Size([512])), ('base_model.transformer.resblocks.2.ln_1.bias', torch.Size([512])), ('base_model.transformer.resblocks.2.ln_2.weight', torch.Size([512])), ('base_model.transformer.resblocks.2.ln_2.bias', torch.Size([512])), ('base_model.transformer.resblocks.3.ln_1.weight', torch.Size([512])), ('base_model.transformer.resblocks.3.ln_1.bias', torch.Size([512])), ('base_model.transformer.resblocks.3.ln_2.weight', torch.Size([512])), ('base_model.transformer.resblocks.3.ln_2.bias', torch.Size([512])), ('base_model.transformer.resblocks.4.ln_1.weight', torch.Size([512])), ('base_model.transformer.resblocks.4.ln_1.bias', torch.Size([512])), ('base_model.transformer.resblocks.4.ln_2.weight', torch.Size([512])), ('base_model.transformer.resblocks.4.ln_2.bias', torch.Size([512])), ('base_model.transformer.resblocks.5.ln_1.weight', torch.Size([512])), ('base_model.transformer.resblocks.5.ln_1.bias', torch.Size([512])), ('base_model.transformer.resblocks.5.ln_2.weight', torch.Size([512])), ('base_model.transformer.resblocks.5.ln_2.bias', torch.Size([512])), ('base_model.transformer.resblocks.7.ln_1.weight', torch.Size([512])), ('base_model.transformer.resblocks.7.ln_1.bias', torch.Size([512])), ('base_model.transformer.resblocks.7.ln_2.weight', torch.Size([512])), ('base_model.transformer.resblocks.7.ln_2.bias', torch.Size([512])), ('base_model.transformer.resblocks.8.ln_1.weight', torch.Size([512])), ('base_model.transformer.resblocks.8.ln_1.bias', torch.Size([512])), ('base_model.transformer.resblocks.8.ln_2.weight', torch.Size([512])), ('base_model.transformer.resblocks.8.ln_2.bias', torch.Size([512])), ('base_model.transformer.resblocks.9.ln_1.weight', torch.Size([512])), ('base_model.transformer.resblocks.9.ln_1.bias', torch.Size([512])), ('base_model.transformer.resblocks.9.ln_2.weight', torch.Size([512])), ('base_model.transformer.resblocks.9.ln_2.bias', torch.Size([512])), ('base_model.transformer.resblocks.10.ln_1.weight', torch.Size([512])), ('base_model.transformer.resblocks.10.ln_1.bias', torch.Size([512])), ('base_model.transformer.resblocks.10.ln_2.weight', torch.Size([512])), ('base_model.transformer.resblocks.10.ln_2.bias', torch.Size([512])), ('base_model.transformer.resblocks.11.ln_1.weight', torch.Size([512])), ('base_model.transformer.resblocks.11.ln_1.bias', torch.Size([512])), ('base_model.transformer.resblocks.11.ln_2.weight', torch.Size([512])), ('base_model.transformer.resblocks.11.ln_2.bias', torch.Size([512])), ('base_model.ln_final.weight', torch.Size([512])), ('base_model.ln_final.bias', torch.Size([512]))]
     TTA Dropout Modules Number: 
 0
     TTA Require Gradient Params Sum: 
 21504
Using 5.0 times learning rate for random init module 
### Start Test Time Adaptation
/data2/jiahao/task/IRRA/tta.py:65: FutureWarning: `torch.cuda.amp.autocast(args...)` is deprecated. Please use `torch.amp.autocast('cuda', args...)` instead.
  with torch.cuda.amp.autocast(enabled=True):
     Epoch[0] Iteration[10/103], entropy: 0.0351, loss: 1.3281, lr: 9.05e-05
     Epoch[0] Iteration[20/103], entropy: 0.0900, loss: 1.4876, lr: 3.45e-05
     Epoch[0] Iteration[30/103], entropy: 0.0659, loss: 1.4366, lr: 0.00e+00
     Epoch[0] Iteration[40/103], entropy: 0.0743, loss: 1.4260, lr: 3.45e-05
     Epoch[0] Iteration[50/103], entropy: 0.1192, loss: 1.5060, lr: 9.05e-05
     Epoch[0] Iteration[60/103], entropy: 0.0701, loss: 1.4196, lr: 9.05e-05
     Epoch[0] Iteration[70/103], entropy: 0.0474, loss: 1.3851, lr: 3.45e-05
     Epoch[0] Iteration[80/103], entropy: 0.0835, loss: 1.5023, lr: 0.00e+00
     Epoch[0] Iteration[90/103], entropy: 0.0991, loss: 1.5299, lr: 3.45e-05
     Epoch[0] Iteration[100/103], entropy: 0.0407, loss: 1.2729, lr: 9.05e-05
     Averaged stats: entropy: 0.0503, loss: 1.3983, lr: 9.84e-05
     itm tta time 0:00:14
### TTA Eval Score: 
+-------+--------+--------+--------+--------+--------+
| epoch |   R1   |   R5   |  R10   |  mAP   |  mINP  |
+-------+--------+--------+--------+--------+--------+
|  -999 | 70.679 | 86.907 | 91.813 | 63.399 | 47.043 |
|   0   | 70.695 | 86.858 | 91.845 | 63.430 | 47.129 |
+-------+--------+--------+--------+--------+--------+
     logs:  {'epo': 0, 'R1': 70.695, 'R5': 86.858, 'R10': 91.845, 'mAP': 63.43, 'mINP': 47.129, 'entropy': 0.07254918776452542, 'loss': 1.429399037361145, 'lr': 5e-05}
     Epoch[1] Iteration[10/103], entropy: 0.0957, loss: 1.4812, lr: 7.68e-05
     Epoch[1] Iteration[20/103], entropy: 0.0451, loss: 1.3447, lr: 1.81e-05
     Epoch[1] Iteration[30/103], entropy: 0.1222, loss: 1.5098, lr: 3.51e-06
     Epoch[1] Iteration[40/103], entropy: 0.0461, loss: 1.3171, lr: 5.31e-05
     Epoch[1] Iteration[50/103], entropy: 0.0491, loss: 1.4084, lr: 9.84e-05
     Epoch[1] Iteration[60/103], entropy: 0.1327, loss: 1.5525, lr: 7.68e-05
     Epoch[1] Iteration[70/103], entropy: 0.0917, loss: 1.4523, lr: 1.81e-05
     Epoch[1] Iteration[80/103], entropy: 0.0800, loss: 1.5709, lr: 3.51e-06
     Epoch[1] Iteration[90/103], entropy: 0.0597, loss: 1.4400, lr: 5.31e-05
     Epoch[1] Iteration[100/103], entropy: 0.0240, loss: 1.2985, lr: 9.84e-05
     Averaged stats: entropy: 0.0743, loss: 1.4404, lr: 9.96e-05
     itm tta time 0:00:14
### TTA Eval Score: 
+-------+--------+--------+--------+--------+--------+
| epoch |   R1   |   R5   |  R10   |  mAP   |  mINP  |
+-------+--------+--------+--------+--------+--------+
|  -999 | 70.679 | 86.907 | 91.813 | 63.399 | 47.043 |
|   0   | 70.695 | 86.858 | 91.845 | 63.430 | 47.129 |
|   1   | 70.760 | 86.842 | 91.862 | 63.452 | 47.170 |
+-------+--------+--------+--------+--------+--------+
     logs:  {'epo': 1, 'R1': 70.76, 'R5': 86.842, 'R10': 91.862, 'mAP': 63.452, 'mINP': 47.17, 'entropy': 0.07463163845241069, 'loss': 1.4375488996505736, 'lr': 4.999999999999998e-05}
     Epoch[2] Iteration[10/103], entropy: 0.1349, loss: 1.3848, lr: 5.94e-05
     Epoch[2] Iteration[20/103], entropy: 0.0579, loss: 1.4516, lr: 6.18e-06
     Epoch[2] Iteration[30/103], entropy: 0.0618, loss: 1.4276, lr: 1.36e-05
     Epoch[2] Iteration[40/103], entropy: 0.2125, loss: 1.6020, lr: 7.13e-05
     Epoch[2] Iteration[50/103], entropy: 0.0351, loss: 1.2822, lr: 9.96e-05
     Epoch[2] Iteration[60/103], entropy: 0.0254, loss: 1.3517, lr: 5.94e-05
     Epoch[2] Iteration[70/103], entropy: 0.0582, loss: 1.4069, lr: 6.18e-06
     Epoch[2] Iteration[80/103], entropy: 0.0689, loss: 1.4861, lr: 1.36e-05
     Epoch[2] Iteration[90/103], entropy: 0.1113, loss: 1.5133, lr: 7.13e-05
     Epoch[2] Iteration[100/103], entropy: 0.0793, loss: 1.4104, lr: 9.96e-05
     Averaged stats: entropy: 0.1057, loss: 1.4845, lr: 9.38e-05
     itm tta time 0:00:15
### TTA Eval Score: 
+-------+--------+--------+--------+--------+--------+
| epoch |   R1   |   R5   |  R10   |  mAP   |  mINP  |
+-------+--------+--------+--------+--------+--------+
|  -999 | 70.679 | 86.907 | 91.813 | 63.399 | 47.043 |
|   0   | 70.695 | 86.858 | 91.845 | 63.430 | 47.129 |
|   1   | 70.760 | 86.842 | 91.862 | 63.452 | 47.170 |
|   2   | 70.760 | 86.793 | 91.878 | 63.490 | 47.241 |
+-------+--------+--------+--------+--------+--------+
     logs:  {'epo': 2, 'R1': 70.76, 'R5': 86.793, 'R10': 91.878, 'mAP': 63.49, 'mINP': 47.241, 'entropy': 0.08453218955546618, 'loss': 1.4316511273384094, 'lr': 5.000000000000001e-05}
     Epoch[3] Iteration[10/103], entropy: 0.0261, loss: 1.3474, lr: 4.06e-05
     Epoch[3] Iteration[20/103], entropy: 0.1756, loss: 1.5064, lr: 3.94e-07
     Epoch[3] Iteration[30/103], entropy: 0.1068, loss: 1.4428, lr: 2.87e-05
     Epoch[3] Iteration[40/103], entropy: 0.0520, loss: 1.4343, lr: 8.64e-05
     Epoch[3] Iteration[50/103], entropy: 0.0147, loss: 1.2722, lr: 9.38e-05
     Epoch[3] Iteration[60/103], entropy: 0.0550, loss: 1.3692, lr: 4.06e-05
     Epoch[3] Iteration[70/103], entropy: 0.0178, loss: 1.3172, lr: 3.94e-07
     Epoch[3] Iteration[80/103], entropy: 0.1070, loss: 1.5679, lr: 2.87e-05
     Epoch[3] Iteration[90/103], entropy: 0.0402, loss: 1.3669, lr: 8.64e-05
     Epoch[3] Iteration[100/103], entropy: 0.0746, loss: 1.4473, lr: 9.38e-05
     Averaged stats: entropy: 0.0368, loss: 1.4335, lr: 8.19e-05
     itm tta time 0:00:14
### TTA Eval Score: 
+-------+--------+--------+--------+--------+--------+
| epoch |   R1   |   R5   |  R10   |  mAP   |  mINP  |
+-------+--------+--------+--------+--------+--------+
|  -999 | 70.679 | 86.907 | 91.813 | 63.399 | 47.043 |
|   0   | 70.695 | 86.858 | 91.845 | 63.430 | 47.129 |
|   1   | 70.760 | 86.842 | 91.862 | 63.452 | 47.170 |
|   2   | 70.760 | 86.793 | 91.878 | 63.490 | 47.241 |
|   3   | 70.760 | 86.777 | 91.959 | 63.496 | 47.242 |
+-------+--------+--------+--------+--------+--------+
     logs:  {'epo': 3, 'R1': 70.76, 'R5': 86.777, 'R10': 91.959, 'mAP': 63.496, 'mINP': 47.242, 'entropy': 0.06698954841122032, 'loss': 1.407169795036316, 'lr': 4.999999999999993e-05}
     Epoch[4] Iteration[10/103], entropy: 0.1019, loss: 1.4501, lr: 2.32e-05
     Epoch[4] Iteration[20/103], entropy: 0.0545, loss: 1.3273, lr: 1.57e-06
     Epoch[4] Iteration[30/103], entropy: 0.1068, loss: 1.3947, lr: 4.69e-05
     Epoch[4] Iteration[40/103], entropy: 0.0470, loss: 1.4120, lr: 9.65e-05
     Epoch[4] Iteration[50/103], entropy: 0.0376, loss: 1.3851, lr: 8.19e-05
     Epoch[4] Iteration[60/103], entropy: 0.1291, loss: 1.5094, lr: 2.32e-05
     Epoch[4] Iteration[70/103], entropy: 0.0577, loss: 1.3744, lr: 1.57e-06
     Epoch[4] Iteration[80/103], entropy: 0.0498, loss: 1.3973, lr: 4.69e-05
     Epoch[4] Iteration[90/103], entropy: 0.0354, loss: 1.2994, lr: 9.65e-05
     Epoch[4] Iteration[100/103], entropy: 0.0170, loss: 1.3797, lr: 8.19e-05
     Averaged stats: entropy: 0.1058, loss: 1.5717, lr: 6.55e-05
     itm tta time 0:00:14
### TTA Eval Score: 
+-------+--------+--------+--------+--------+--------+
| epoch |   R1   |   R5   |  R10   |  mAP   |  mINP  |
+-------+--------+--------+--------+--------+--------+
|  -999 | 70.679 | 86.907 | 91.813 | 63.399 | 47.043 |
|   0   | 70.695 | 86.858 | 91.845 | 63.430 | 47.129 |
|   1   | 70.760 | 86.842 | 91.862 | 63.452 | 47.170 |
|   2   | 70.760 | 86.793 | 91.878 | 63.490 | 47.241 |
|   3   | 70.760 | 86.777 | 91.959 | 63.496 | 47.242 |
|   4   | 70.825 | 86.875 | 91.943 | 63.505 | 47.271 |
+-------+--------+--------+--------+--------+--------+
     logs:  {'epo': 4, 'R1': 70.825, 'R5': 86.875, 'R10': 91.943, 'mAP': 63.505, 'mINP': 47.271, 'entropy': 0.06367569714784622, 'loss': 1.3929545402526855, 'lr': 4.9999999999999955e-05}
     Epoch[5] Iteration[10/103], entropy: 0.1284, loss: 1.4505, lr: 9.55e-06
     Epoch[5] Iteration[20/103], entropy: 0.1112, loss: 1.4430, lr: 9.55e-06
     Epoch[5] Iteration[30/103], entropy: 0.1540, loss: 1.4338, lr: 6.55e-05
     Epoch[5] Iteration[40/103], entropy: 0.0492, loss: 1.4243, lr: 1.00e-04
     Epoch[5] Iteration[50/103], entropy: 0.0214, loss: 1.4078, lr: 6.55e-05
     Epoch[5] Iteration[60/103], entropy: 0.1860, loss: 1.5994, lr: 9.55e-06
     Epoch[5] Iteration[70/103], entropy: 0.0901, loss: 1.4102, lr: 9.55e-06
     Epoch[5] Iteration[80/103], entropy: 0.0194, loss: 1.3604, lr: 6.55e-05
     Epoch[5] Iteration[90/103], entropy: 0.0903, loss: 1.4902, lr: 1.00e-04
     Epoch[5] Iteration[100/103], entropy: 0.1941, loss: 1.6999, lr: 6.55e-05
     Averaged stats: entropy: 0.0481, loss: 1.4240, lr: 4.69e-05
     itm tta time 0:00:13
### TTA Eval Score: 
+-------+--------+--------+--------+--------+--------+
| epoch |   R1   |   R5   |  R10   |  mAP   |  mINP  |
+-------+--------+--------+--------+--------+--------+
|  -999 | 70.679 | 86.907 | 91.813 | 63.399 | 47.043 |
|   0   | 70.695 | 86.858 | 91.845 | 63.430 | 47.129 |
|   1   | 70.760 | 86.842 | 91.862 | 63.452 | 47.170 |
|   2   | 70.760 | 86.793 | 91.878 | 63.490 | 47.241 |
|   3   | 70.760 | 86.777 | 91.959 | 63.496 | 47.242 |
|   4   | 70.825 | 86.875 | 91.943 | 63.505 | 47.271 |
|   5   | 70.809 | 86.712 | 91.943 | 63.492 | 47.272 |
+-------+--------+--------+--------+--------+--------+
     logs:  {'epo': 5, 'R1': 70.809, 'R5': 86.712, 'R10': 91.943, 'mAP': 63.492, 'mINP': 47.272, 'entropy': 0.10440517887473107, 'loss': 1.4719470024108887, 'lr': 5.0000000000000036e-05}
     Epoch[6] Iteration[10/103], entropy: 0.1175, loss: 1.5353, lr: 1.57e-06
     Epoch[6] Iteration[20/103], entropy: 0.0307, loss: 1.2955, lr: 2.32e-05
     Epoch[6] Iteration[30/103], entropy: 0.0529, loss: 1.3204, lr: 8.19e-05
     Epoch[6] Iteration[40/103], entropy: 0.0642, loss: 1.4247, lr: 9.65e-05
     Epoch[6] Iteration[50/103], entropy: 0.0723, loss: 1.4127, lr: 4.69e-05
     Epoch[6] Iteration[60/103], entropy: 0.0341, loss: 1.3358, lr: 1.57e-06
     Epoch[6] Iteration[70/103], entropy: 0.0534, loss: 1.4005, lr: 2.32e-05
     Epoch[6] Iteration[80/103], entropy: 0.0921, loss: 1.6172, lr: 8.19e-05
     Epoch[6] Iteration[90/103], entropy: 0.0231, loss: 1.3921, lr: 9.65e-05
     Epoch[6] Iteration[100/103], entropy: 0.0675, loss: 1.4841, lr: 4.69e-05
     Averaged stats: entropy: 0.0904, loss: 1.5065, lr: 2.87e-05
     itm tta time 0:00:14
### TTA Eval Score: 
+-------+--------+--------+--------+--------+--------+
| epoch |   R1   |   R5   |  R10   |  mAP   |  mINP  |
+-------+--------+--------+--------+--------+--------+
|  -999 | 70.679 | 86.907 | 91.813 | 63.399 | 47.043 |
|   0   | 70.695 | 86.858 | 91.845 | 63.430 | 47.129 |
|   1   | 70.760 | 86.842 | 91.862 | 63.452 | 47.170 |
|   2   | 70.760 | 86.793 | 91.878 | 63.490 | 47.241 |
|   3   | 70.760 | 86.777 | 91.959 | 63.496 | 47.242 |
|   4   | 70.825 | 86.875 | 91.943 | 63.505 | 47.271 |
|   5   | 70.809 | 86.712 | 91.943 | 63.492 | 47.272 |
|   6   | 70.776 | 86.761 | 91.943 | 63.478 | 47.232 |
+-------+--------+--------+--------+--------+--------+
     logs:  {'epo': 6, 'R1': 70.776, 'R5': 86.761, 'R10': 91.943, 'mAP': 63.478, 'mINP': 47.232, 'entropy': 0.06078989952802658, 'loss': 1.4218304991722106, 'lr': 4.999999999999993e-05}
     Epoch[7] Iteration[10/103], entropy: 0.0215, loss: 1.4550, lr: 3.94e-07
     Epoch[7] Iteration[20/103], entropy: 0.0304, loss: 1.4199, lr: 4.06e-05
     Epoch[7] Iteration[30/103], entropy: 0.0638, loss: 1.4454, lr: 9.38e-05
     Epoch[7] Iteration[40/103], entropy: 0.0367, loss: 1.3749, lr: 8.64e-05
     Epoch[7] Iteration[50/103], entropy: 0.0462, loss: 1.4568, lr: 2.87e-05
     Epoch[7] Iteration[60/103], entropy: 0.1480, loss: 1.4779, lr: 3.94e-07
     Epoch[7] Iteration[70/103], entropy: 0.0882, loss: 1.4730, lr: 4.06e-05
     Epoch[7] Iteration[80/103], entropy: 0.0870, loss: 1.5364, lr: 9.38e-05
     Epoch[7] Iteration[90/103], entropy: 0.0276, loss: 1.3797, lr: 8.64e-05
     Epoch[7] Iteration[100/103], entropy: 0.0153, loss: 1.2974, lr: 2.87e-05
     Averaged stats: entropy: 0.0119, loss: 1.3562, lr: 1.36e-05
     itm tta time 0:00:14
### TTA Eval Score: 
+-------+--------+--------+--------+--------+--------+
| epoch |   R1   |   R5   |  R10   |  mAP   |  mINP  |
+-------+--------+--------+--------+--------+--------+
|  -999 | 70.679 | 86.907 | 91.813 | 63.399 | 47.043 |
|   0   | 70.695 | 86.858 | 91.845 | 63.430 | 47.129 |
|   1   | 70.760 | 86.842 | 91.862 | 63.452 | 47.170 |
|   2   | 70.760 | 86.793 | 91.878 | 63.490 | 47.241 |
|   3   | 70.760 | 86.777 | 91.959 | 63.496 | 47.242 |
|   4   | 70.825 | 86.875 | 91.943 | 63.505 | 47.271 |
|   5   | 70.809 | 86.712 | 91.943 | 63.492 | 47.272 |
|   6   | 70.776 | 86.761 | 91.943 | 63.478 | 47.232 |
|   7   | 70.776 | 86.761 | 91.910 | 63.485 | 47.280 |
+-------+--------+--------+--------+--------+--------+
     logs:  {'epo': 7, 'R1': 70.776, 'R5': 86.761, 'R10': 91.91, 'mAP': 63.485, 'mINP': 47.28, 'entropy': 0.05647604204714298, 'loss': 1.4316447734832765, 'lr': 5.000000000000008e-05}
     Epoch[8] Iteration[10/103], entropy: 0.0926, loss: 1.4988, lr: 6.18e-06
     Epoch[8] Iteration[20/103], entropy: 0.1357, loss: 1.5179, lr: 5.94e-05
     Epoch[8] Iteration[30/103], entropy: 0.0674, loss: 1.3644, lr: 9.96e-05
     Epoch[8] Iteration[40/103], entropy: 0.0582, loss: 1.4191, lr: 7.13e-05
     Epoch[8] Iteration[50/103], entropy: 0.0953, loss: 1.4556, lr: 1.36e-05
     Epoch[8] Iteration[60/103], entropy: 0.0436, loss: 1.4969, lr: 6.18e-06
     Epoch[8] Iteration[70/103], entropy: 0.0850, loss: 1.4263, lr: 5.94e-05
     Epoch[8] Iteration[80/103], entropy: 0.0431, loss: 1.4196, lr: 9.96e-05
     Epoch[8] Iteration[90/103], entropy: 0.0452, loss: 1.4472, lr: 7.13e-05
     Epoch[8] Iteration[100/103], entropy: 0.0389, loss: 1.3777, lr: 1.36e-05
     Averaged stats: entropy: 0.0876, loss: 1.5210, lr: 3.51e-06
     itm tta time 0:00:14
### TTA Eval Score: 
+-------+--------+--------+--------+--------+--------+
| epoch |   R1   |   R5   |  R10   |  mAP   |  mINP  |
+-------+--------+--------+--------+--------+--------+
|  -999 | 70.679 | 86.907 | 91.813 | 63.399 | 47.043 |
|   0   | 70.695 | 86.858 | 91.845 | 63.430 | 47.129 |
|   1   | 70.760 | 86.842 | 91.862 | 63.452 | 47.170 |
|   2   | 70.760 | 86.793 | 91.878 | 63.490 | 47.241 |
|   3   | 70.760 | 86.777 | 91.959 | 63.496 | 47.242 |
|   4   | 70.825 | 86.875 | 91.943 | 63.505 | 47.271 |
|   5   | 70.809 | 86.712 | 91.943 | 63.492 | 47.272 |
|   6   | 70.776 | 86.761 | 91.943 | 63.478 | 47.232 |
|   7   | 70.776 | 86.761 | 91.910 | 63.485 | 47.280 |
|   8   | 70.744 | 86.745 | 91.910 | 63.469 | 47.274 |
+-------+--------+--------+--------+--------+--------+
     logs:  {'epo': 8, 'R1': 70.744, 'R5': 86.745, 'R10': 91.91, 'mAP': 63.469, 'mINP': 47.274, 'entropy': 0.0705099955201149, 'loss': 1.4423293232917787, 'lr': 5.000000000000004e-05}
     Epoch[9] Iteration[10/103], entropy: 0.1601, loss: 1.5245, lr: 1.81e-05
     Epoch[9] Iteration[20/103], entropy: 0.0347, loss: 1.3147, lr: 7.68e-05
     Epoch[9] Iteration[30/103], entropy: 0.0886, loss: 1.4075, lr: 9.84e-05
     Epoch[9] Iteration[40/103], entropy: 0.0324, loss: 1.4235, lr: 5.31e-05
     Epoch[9] Iteration[50/103], entropy: 0.0215, loss: 1.2986, lr: 3.51e-06
     Epoch[9] Iteration[60/103], entropy: 0.2248, loss: 1.7606, lr: 1.81e-05
     Epoch[9] Iteration[70/103], entropy: 0.0165, loss: 1.3197, lr: 7.68e-05
     Epoch[9] Iteration[80/103], entropy: 0.0793, loss: 1.4370, lr: 9.84e-05
     Epoch[9] Iteration[90/103], entropy: 0.0686, loss: 1.4440, lr: 5.31e-05
     Epoch[9] Iteration[100/103], entropy: 0.0784, loss: 1.4187, lr: 3.51e-06
     Averaged stats: entropy: 0.1565, loss: 1.4610, lr: 0.00e+00
     itm tta time 0:00:14
### TTA Eval Score: 
+-------+--------+--------+--------+--------+--------+
| epoch |   R1   |   R5   |  R10   |  mAP   |  mINP  |
+-------+--------+--------+--------+--------+--------+
|  -999 | 70.679 | 86.907 | 91.813 | 63.399 | 47.043 |
|   0   | 70.695 | 86.858 | 91.845 | 63.430 | 47.129 |
|   1   | 70.760 | 86.842 | 91.862 | 63.452 | 47.170 |
|   2   | 70.760 | 86.793 | 91.878 | 63.490 | 47.241 |
|   3   | 70.760 | 86.777 | 91.959 | 63.496 | 47.242 |
|   4   | 70.825 | 86.875 | 91.943 | 63.505 | 47.271 |
|   5   | 70.809 | 86.712 | 91.943 | 63.492 | 47.272 |
|   6   | 70.776 | 86.761 | 91.943 | 63.478 | 47.232 |
|   7   | 70.776 | 86.761 | 91.910 | 63.485 | 47.280 |
|   8   | 70.744 | 86.745 | 91.910 | 63.469 | 47.274 |
|   9   | 70.760 | 86.761 | 91.878 | 63.464 | 47.265 |
+-------+--------+--------+--------+--------+--------+
     logs:  {'epo': 9, 'R1': 70.76, 'R5': 86.761, 'R10': 91.878, 'mAP': 63.464, 'mINP': 47.265, 'entropy': 0.08048912193626165, 'loss': 1.4348886847496032, 'lr': 5.0000000000000165e-05}
     Epoch[10] Iteration[10/103], entropy: 0.0236, loss: 1.3435, lr: 3.45e-05
     Epoch[10] Iteration[20/103], entropy: 0.1099, loss: 1.3948, lr: 9.05e-05
     Epoch[10] Iteration[30/103], entropy: 0.0435, loss: 1.4795, lr: 9.05e-05
     Epoch[10] Iteration[40/103], entropy: 0.1357, loss: 1.4426, lr: 3.45e-05
     Epoch[10] Iteration[50/103], entropy: 0.0473, loss: 1.4474, lr: 0.00e+00
     Epoch[10] Iteration[60/103], entropy: 0.0399, loss: 1.3781, lr: 3.45e-05
     Epoch[10] Iteration[70/103], entropy: 0.1311, loss: 1.4931, lr: 9.05e-05
     Epoch[10] Iteration[80/103], entropy: 0.1186, loss: 1.4579, lr: 9.05e-05
     Epoch[10] Iteration[90/103], entropy: 0.1172, loss: 1.4505, lr: 3.45e-05
     Epoch[10] Iteration[100/103], entropy: 0.0351, loss: 1.4186, lr: 0.00e+00
     Averaged stats: entropy: 0.1064, loss: 1.4971, lr: 3.51e-06
     itm tta time 0:00:14
### TTA Eval Score: 
+-------+--------+--------+--------+--------+--------+
| epoch |   R1   |   R5   |  R10   |  mAP   |  mINP  |
+-------+--------+--------+--------+--------+--------+
|  -999 | 70.679 | 86.907 | 91.813 | 63.399 | 47.043 |
|   0   | 70.695 | 86.858 | 91.845 | 63.430 | 47.129 |
|   1   | 70.760 | 86.842 | 91.862 | 63.452 | 47.170 |
|   2   | 70.760 | 86.793 | 91.878 | 63.490 | 47.241 |
|   3   | 70.760 | 86.777 | 91.959 | 63.496 | 47.242 |
|   4   | 70.825 | 86.875 | 91.943 | 63.505 | 47.271 |
|   5   | 70.809 | 86.712 | 91.943 | 63.492 | 47.272 |
|   6   | 70.776 | 86.761 | 91.943 | 63.478 | 47.232 |
|   7   | 70.776 | 86.761 | 91.910 | 63.485 | 47.280 |
|   8   | 70.744 | 86.745 | 91.910 | 63.469 | 47.274 |
|   9   | 70.760 | 86.761 | 91.878 | 63.464 | 47.265 |
|   10  | 70.728 | 86.761 | 91.862 | 63.467 | 47.265 |
+-------+--------+--------+--------+--------+--------+
     logs:  {'epo': 10, 'R1': 70.728, 'R5': 86.761, 'R10': 91.862, 'mAP': 63.467, 'mINP': 47.265, 'entropy': 0.08018910773098469, 'loss': 1.430594801902771, 'lr': 4.999999999999982e-05}
     Epoch[11] Iteration[10/103], entropy: 0.1900, loss: 1.5376, lr: 5.31e-05
     Epoch[11] Iteration[20/103], entropy: 0.1177, loss: 1.5132, lr: 9.84e-05
     Epoch[11] Iteration[30/103], entropy: 0.0714, loss: 1.4425, lr: 7.68e-05
     Epoch[11] Iteration[40/103], entropy: 0.0530, loss: 1.3713, lr: 1.81e-05
     Epoch[11] Iteration[50/103], entropy: 0.0301, loss: 1.4017, lr: 3.51e-06
     Epoch[11] Iteration[60/103], entropy: 0.0427, loss: 1.4328, lr: 5.31e-05
     Epoch[11] Iteration[70/103], entropy: 0.1941, loss: 1.5815, lr: 9.84e-05
     Epoch[11] Iteration[80/103], entropy: 0.0300, loss: 1.4662, lr: 7.68e-05
     Epoch[11] Iteration[90/103], entropy: 0.1689, loss: 1.5574, lr: 1.81e-05
     Epoch[11] Iteration[100/103], entropy: 0.0817, loss: 1.4540, lr: 3.51e-06
     Averaged stats: entropy: 0.0562, loss: 1.3521, lr: 1.36e-05
     itm tta time 0:00:14
### TTA Eval Score: 
+-------+--------+--------+--------+--------+--------+
| epoch |   R1   |   R5   |  R10   |  mAP   |  mINP  |
+-------+--------+--------+--------+--------+--------+
|  -999 | 70.679 | 86.907 | 91.813 | 63.399 | 47.043 |
|   0   | 70.695 | 86.858 | 91.845 | 63.430 | 47.129 |
|   1   | 70.760 | 86.842 | 91.862 | 63.452 | 47.170 |
|   2   | 70.760 | 86.793 | 91.878 | 63.490 | 47.241 |
|   3   | 70.760 | 86.777 | 91.959 | 63.496 | 47.242 |
|   4   | 70.825 | 86.875 | 91.943 | 63.505 | 47.271 |
|   5   | 70.809 | 86.712 | 91.943 | 63.492 | 47.272 |
|   6   | 70.776 | 86.761 | 91.943 | 63.478 | 47.232 |
|   7   | 70.776 | 86.761 | 91.910 | 63.485 | 47.280 |
|   8   | 70.744 | 86.745 | 91.910 | 63.469 | 47.274 |
|   9   | 70.760 | 86.761 | 91.878 | 63.464 | 47.265 |
|   10  | 70.728 | 86.761 | 91.862 | 63.467 | 47.265 |
|   11  | 70.679 | 86.761 | 91.862 | 63.461 | 47.261 |
+-------+--------+--------+--------+--------+--------+
     logs:  {'epo': 11, 'R1': 70.679, 'R5': 86.761, 'R10': 91.862, 'mAP': 63.461, 'mINP': 47.261, 'entropy': 0.09794782269746065, 'loss': 1.4758422255516053, 'lr': 5.000000000000015e-05}
     Epoch[12] Iteration[10/103], entropy: 0.1094, loss: 1.5236, lr: 7.13e-05
     Epoch[12] Iteration[20/103], entropy: 0.0789, loss: 1.3993, lr: 9.96e-05
     Epoch[12] Iteration[30/103], entropy: 0.0187, loss: 1.3322, lr: 5.94e-05
     Epoch[12] Iteration[40/103], entropy: 0.0757, loss: 1.4374, lr: 6.18e-06
     Epoch[12] Iteration[50/103], entropy: 0.0551, loss: 1.3937, lr: 1.36e-05
     Epoch[12] Iteration[60/103], entropy: 0.0747, loss: 1.4559, lr: 7.13e-05
     Epoch[12] Iteration[70/103], entropy: 0.0915, loss: 1.3956, lr: 9.96e-05
     Epoch[12] Iteration[80/103], entropy: 0.0419, loss: 1.4409, lr: 5.94e-05
     Epoch[12] Iteration[90/103], entropy: 0.1402, loss: 1.5439, lr: 6.18e-06
     Epoch[12] Iteration[100/103], entropy: 0.0390, loss: 1.4161, lr: 1.36e-05
     Averaged stats: entropy: 0.1402, loss: 1.5455, lr: 2.87e-05
     itm tta time 0:00:14
### TTA Eval Score: 
+-------+--------+--------+--------+--------+--------+
| epoch |   R1   |   R5   |  R10   |  mAP   |  mINP  |
+-------+--------+--------+--------+--------+--------+
|  -999 | 70.679 | 86.907 | 91.813 | 63.399 | 47.043 |
|   0   | 70.695 | 86.858 | 91.845 | 63.430 | 47.129 |
|   1   | 70.760 | 86.842 | 91.862 | 63.452 | 47.170 |
|   2   | 70.760 | 86.793 | 91.878 | 63.490 | 47.241 |
|   3   | 70.760 | 86.777 | 91.959 | 63.496 | 47.242 |
|   4   | 70.825 | 86.875 | 91.943 | 63.505 | 47.271 |
|   5   | 70.809 | 86.712 | 91.943 | 63.492 | 47.272 |
|   6   | 70.776 | 86.761 | 91.943 | 63.478 | 47.232 |
|   7   | 70.776 | 86.761 | 91.910 | 63.485 | 47.280 |
|   8   | 70.744 | 86.745 | 91.910 | 63.469 | 47.274 |
|   9   | 70.760 | 86.761 | 91.878 | 63.464 | 47.265 |
|   10  | 70.728 | 86.761 | 91.862 | 63.467 | 47.265 |
|   11  | 70.679 | 86.761 | 91.862 | 63.461 | 47.261 |
|   12  | 70.647 | 86.777 | 91.927 | 63.464 | 47.257 |
+-------+--------+--------+--------+--------+--------+
     logs:  {'epo': 12, 'R1': 70.647, 'R5': 86.777, 'R10': 91.927, 'mAP': 63.464, 'mINP': 47.257, 'entropy': 0.07251592371612788, 'loss': 1.4338547587394714, 'lr': 5.0000000000000206e-05}
     Epoch[13] Iteration[10/103], entropy: 0.1486, loss: 1.5550, lr: 8.64e-05
     Epoch[13] Iteration[20/103], entropy: 0.0295, loss: 1.3395, lr: 9.38e-05
     Epoch[13] Iteration[30/103], entropy: 0.1121, loss: 1.4993, lr: 4.06e-05
     Epoch[13] Iteration[40/103], entropy: 0.0496, loss: 1.4421, lr: 3.94e-07
     Epoch[13] Iteration[50/103], entropy: 0.1780, loss: 1.5995, lr: 2.87e-05
     Epoch[13] Iteration[60/103], entropy: 0.0316, loss: 1.4000, lr: 8.64e-05
     Epoch[13] Iteration[70/103], entropy: 0.1819, loss: 1.6633, lr: 9.38e-05
     Epoch[13] Iteration[80/103], entropy: 0.0559, loss: 1.3766, lr: 4.06e-05
     Epoch[13] Iteration[90/103], entropy: 0.0518, loss: 1.3496, lr: 3.94e-07
     Epoch[13] Iteration[100/103], entropy: 0.0673, loss: 1.3634, lr: 2.87e-05
     Averaged stats: entropy: 0.1535, loss: 1.6006, lr: 4.69e-05
     itm tta time 0:00:14
### TTA Eval Score: 
+-------+--------+--------+--------+--------+--------+
| epoch |   R1   |   R5   |  R10   |  mAP   |  mINP  |
+-------+--------+--------+--------+--------+--------+
|  -999 | 70.679 | 86.907 | 91.813 | 63.399 | 47.043 |
|   0   | 70.695 | 86.858 | 91.845 | 63.430 | 47.129 |
|   1   | 70.760 | 86.842 | 91.862 | 63.452 | 47.170 |
|   2   | 70.760 | 86.793 | 91.878 | 63.490 | 47.241 |
|   3   | 70.760 | 86.777 | 91.959 | 63.496 | 47.242 |
|   4   | 70.825 | 86.875 | 91.943 | 63.505 | 47.271 |
|   5   | 70.809 | 86.712 | 91.943 | 63.492 | 47.272 |
|   6   | 70.776 | 86.761 | 91.943 | 63.478 | 47.232 |
|   7   | 70.776 | 86.761 | 91.910 | 63.485 | 47.280 |
|   8   | 70.744 | 86.745 | 91.910 | 63.469 | 47.274 |
|   9   | 70.760 | 86.761 | 91.878 | 63.464 | 47.265 |
|   10  | 70.728 | 86.761 | 91.862 | 63.467 | 47.265 |
|   11  | 70.679 | 86.761 | 91.862 | 63.461 | 47.261 |
|   12  | 70.647 | 86.777 | 91.927 | 63.464 | 47.257 |
|   13  | 70.663 | 86.793 | 91.943 | 63.470 | 47.246 |
+-------+--------+--------+--------+--------+--------+
     logs:  {'epo': 13, 'R1': 70.663, 'R5': 86.793, 'R10': 91.943, 'mAP': 63.47, 'mINP': 47.246, 'entropy': 0.09063891135156155, 'loss': 1.4588292002677918, 'lr': 4.9999999999999935e-05}
     Epoch[14] Iteration[10/103], entropy: 0.0653, loss: 1.3264, lr: 9.65e-05
     Epoch[14] Iteration[20/103], entropy: 0.0941, loss: 1.4669, lr: 8.19e-05
     Epoch[14] Iteration[30/103], entropy: 0.0483, loss: 1.4673, lr: 2.32e-05
     Epoch[14] Iteration[40/103], entropy: 0.0261, loss: 1.3585, lr: 1.57e-06
     Epoch[14] Iteration[50/103], entropy: 0.0791, loss: 1.4321, lr: 4.69e-05
     Epoch[14] Iteration[60/103], entropy: 0.0565, loss: 1.3884, lr: 9.65e-05
     Epoch[14] Iteration[70/103], entropy: 0.0689, loss: 1.4751, lr: 8.19e-05
     Epoch[14] Iteration[80/103], entropy: 0.0456, loss: 1.3471, lr: 2.32e-05
     Epoch[14] Iteration[90/103], entropy: 0.0522, loss: 1.4033, lr: 1.57e-06
     Epoch[14] Iteration[100/103], entropy: 0.0539, loss: 1.4195, lr: 4.69e-05
     Averaged stats: entropy: 0.0545, loss: 1.3590, lr: 6.55e-05
     itm tta time 0:00:13
### TTA Eval Score: 
+-------+--------+--------+--------+--------+--------+
| epoch |   R1   |   R5   |  R10   |  mAP   |  mINP  |
+-------+--------+--------+--------+--------+--------+
|  -999 | 70.679 | 86.907 | 91.813 | 63.399 | 47.043 |
|   0   | 70.695 | 86.858 | 91.845 | 63.430 | 47.129 |
|   1   | 70.760 | 86.842 | 91.862 | 63.452 | 47.170 |
|   2   | 70.760 | 86.793 | 91.878 | 63.490 | 47.241 |
|   3   | 70.760 | 86.777 | 91.959 | 63.496 | 47.242 |
|   4   | 70.825 | 86.875 | 91.943 | 63.505 | 47.271 |
|   5   | 70.809 | 86.712 | 91.943 | 63.492 | 47.272 |
|   6   | 70.776 | 86.761 | 91.943 | 63.478 | 47.232 |
|   7   | 70.776 | 86.761 | 91.910 | 63.485 | 47.280 |
|   8   | 70.744 | 86.745 | 91.910 | 63.469 | 47.274 |
|   9   | 70.760 | 86.761 | 91.878 | 63.464 | 47.265 |
|   10  | 70.728 | 86.761 | 91.862 | 63.467 | 47.265 |
|   11  | 70.679 | 86.761 | 91.862 | 63.461 | 47.261 |
|   12  | 70.647 | 86.777 | 91.927 | 63.464 | 47.257 |
|   13  | 70.663 | 86.793 | 91.943 | 63.470 | 47.246 |
|   14  | 70.663 | 86.826 | 91.910 | 63.479 | 47.242 |
+-------+--------+--------+--------+--------+--------+
     logs:  {'epo': 14, 'R1': 70.663, 'R5': 86.826, 'R10': 91.91, 'mAP': 63.479, 'mINP': 47.242, 'entropy': 0.059010642021894454, 'loss': 1.408453893661499, 'lr': 4.999999999999986e-05}
     Epoch[15] Iteration[10/103], entropy: 0.0442, loss: 1.4793, lr: 1.00e-04
     Epoch[15] Iteration[20/103], entropy: 0.0899, loss: 1.4150, lr: 6.55e-05
     Epoch[15] Iteration[30/103], entropy: 0.0501, loss: 1.3855, lr: 9.55e-06
     Epoch[15] Iteration[40/103], entropy: 0.0230, loss: 1.4073, lr: 9.55e-06
     Epoch[15] Iteration[50/103], entropy: 0.1517, loss: 1.6101, lr: 6.55e-05
     Epoch[15] Iteration[60/103], entropy: 0.0565, loss: 1.3629, lr: 1.00e-04
     Epoch[15] Iteration[70/103], entropy: 0.0689, loss: 1.4176, lr: 6.55e-05
     Epoch[15] Iteration[80/103], entropy: 0.0908, loss: 1.3994, lr: 9.55e-06
     Epoch[15] Iteration[90/103], entropy: 0.0749, loss: 1.4496, lr: 9.55e-06
     Epoch[15] Iteration[100/103], entropy: 0.1066, loss: 1.5762, lr: 6.55e-05
     Averaged stats: entropy: 0.0510, loss: 1.4248, lr: 8.19e-05
     itm tta time 0:00:13
### TTA Eval Score: 
+-------+--------+--------+--------+--------+--------+
| epoch |   R1   |   R5   |  R10   |  mAP   |  mINP  |
+-------+--------+--------+--------+--------+--------+
|  -999 | 70.679 | 86.907 | 91.813 | 63.399 | 47.043 |
|   0   | 70.695 | 86.858 | 91.845 | 63.430 | 47.129 |
|   1   | 70.760 | 86.842 | 91.862 | 63.452 | 47.170 |
|   2   | 70.760 | 86.793 | 91.878 | 63.490 | 47.241 |
|   3   | 70.760 | 86.777 | 91.959 | 63.496 | 47.242 |
|   4   | 70.825 | 86.875 | 91.943 | 63.505 | 47.271 |
|   5   | 70.809 | 86.712 | 91.943 | 63.492 | 47.272 |
|   6   | 70.776 | 86.761 | 91.943 | 63.478 | 47.232 |
|   7   | 70.776 | 86.761 | 91.910 | 63.485 | 47.280 |
|   8   | 70.744 | 86.745 | 91.910 | 63.469 | 47.274 |
|   9   | 70.760 | 86.761 | 91.878 | 63.464 | 47.265 |
|   10  | 70.728 | 86.761 | 91.862 | 63.467 | 47.265 |
|   11  | 70.679 | 86.761 | 91.862 | 63.461 | 47.261 |
|   12  | 70.647 | 86.777 | 91.927 | 63.464 | 47.257 |
|   13  | 70.663 | 86.793 | 91.943 | 63.470 | 47.246 |
|   14  | 70.663 | 86.826 | 91.910 | 63.479 | 47.242 |
|   15  | 70.712 | 86.826 | 91.878 | 63.484 | 47.230 |
+-------+--------+--------+--------+--------+--------+
     logs:  {'epo': 15, 'R1': 70.712, 'R5': 86.826, 'R10': 91.878, 'mAP': 63.484, 'mINP': 47.23, 'entropy': 0.07565622441470624, 'loss': 1.4502704620361329, 'lr': 5.000000000000001e-05}
     Epoch[16] Iteration[10/103], entropy: 0.0594, loss: 1.4805, lr: 9.65e-05
     Epoch[16] Iteration[20/103], entropy: 0.0353, loss: 1.3471, lr: 4.69e-05
     Epoch[16] Iteration[30/103], entropy: 0.1327, loss: 1.5319, lr: 1.57e-06
     Epoch[16] Iteration[40/103], entropy: 0.1516, loss: 1.6521, lr: 2.32e-05
     Epoch[16] Iteration[50/103], entropy: 0.0524, loss: 1.3403, lr: 8.19e-05
     Epoch[16] Iteration[60/103], entropy: 0.0625, loss: 1.3489, lr: 9.65e-05
     Epoch[16] Iteration[70/103], entropy: 0.1650, loss: 1.5264, lr: 4.69e-05
     Epoch[16] Iteration[80/103], entropy: 0.1676, loss: 1.5476, lr: 1.57e-06
     Epoch[16] Iteration[90/103], entropy: 0.0186, loss: 1.3000, lr: 2.32e-05
     Epoch[16] Iteration[100/103], entropy: 0.0753, loss: 1.4433, lr: 8.19e-05
     Averaged stats: entropy: 0.0647, loss: 1.4604, lr: 9.38e-05
     itm tta time 0:00:13
### TTA Eval Score: 
+-------+--------+--------+--------+--------+--------+
| epoch |   R1   |   R5   |  R10   |  mAP   |  mINP  |
+-------+--------+--------+--------+--------+--------+
|  -999 | 70.679 | 86.907 | 91.813 | 63.399 | 47.043 |
|   0   | 70.695 | 86.858 | 91.845 | 63.430 | 47.129 |
|   1   | 70.760 | 86.842 | 91.862 | 63.452 | 47.170 |
|   2   | 70.760 | 86.793 | 91.878 | 63.490 | 47.241 |
|   3   | 70.760 | 86.777 | 91.959 | 63.496 | 47.242 |
|   4   | 70.825 | 86.875 | 91.943 | 63.505 | 47.271 |
|   5   | 70.809 | 86.712 | 91.943 | 63.492 | 47.272 |
|   6   | 70.776 | 86.761 | 91.943 | 63.478 | 47.232 |
|   7   | 70.776 | 86.761 | 91.910 | 63.485 | 47.280 |
|   8   | 70.744 | 86.745 | 91.910 | 63.469 | 47.274 |
|   9   | 70.760 | 86.761 | 91.878 | 63.464 | 47.265 |
|   10  | 70.728 | 86.761 | 91.862 | 63.467 | 47.265 |
|   11  | 70.679 | 86.761 | 91.862 | 63.461 | 47.261 |
|   12  | 70.647 | 86.777 | 91.927 | 63.464 | 47.257 |
|   13  | 70.663 | 86.793 | 91.943 | 63.470 | 47.246 |
|   14  | 70.663 | 86.826 | 91.910 | 63.479 | 47.242 |
|   15  | 70.712 | 86.826 | 91.878 | 63.484 | 47.230 |
|   16  | 70.679 | 86.777 | 91.894 | 63.466 | 47.211 |
+-------+--------+--------+--------+--------+--------+
     logs:  {'epo': 16, 'R1': 70.679, 'R5': 86.777, 'R10': 91.894, 'mAP': 63.466, 'mINP': 47.211, 'entropy': 0.09203377049416303, 'loss': 1.4518084406852723, 'lr': 4.999999999999995e-05}
     Epoch[17] Iteration[10/103], entropy: 0.0316, loss: 1.4527, lr: 8.64e-05
     Epoch[17] Iteration[20/103], entropy: 0.0273, loss: 1.3828, lr: 2.87e-05
     Epoch[17] Iteration[30/103], entropy: 0.1522, loss: 1.6658, lr: 3.94e-07
     Epoch[17] Iteration[40/103], entropy: 0.1034, loss: 1.3618, lr: 4.06e-05
     Epoch[17] Iteration[50/103], entropy: 0.0678, loss: 1.4057, lr: 9.38e-05
     Epoch[17] Iteration[60/103], entropy: 0.1006, loss: 1.5091, lr: 8.64e-05
     Epoch[17] Iteration[70/103], entropy: 0.0506, loss: 1.3529, lr: 2.87e-05
     Epoch[17] Iteration[80/103], entropy: 0.0561, loss: 1.4832, lr: 3.94e-07
     Epoch[17] Iteration[90/103], entropy: 0.1241, loss: 1.5408, lr: 4.06e-05
     Epoch[17] Iteration[100/103], entropy: 0.0944, loss: 1.4472, lr: 9.38e-05
     Averaged stats: entropy: 0.0664, loss: 1.4551, lr: 9.96e-05
     itm tta time 0:00:13
### TTA Eval Score: 
+-------+--------+--------+--------+--------+--------+
| epoch |   R1   |   R5   |  R10   |  mAP   |  mINP  |
+-------+--------+--------+--------+--------+--------+
|  -999 | 70.679 | 86.907 | 91.813 | 63.399 | 47.043 |
|   0   | 70.695 | 86.858 | 91.845 | 63.430 | 47.129 |
|   1   | 70.760 | 86.842 | 91.862 | 63.452 | 47.170 |
|   2   | 70.760 | 86.793 | 91.878 | 63.490 | 47.241 |
|   3   | 70.760 | 86.777 | 91.959 | 63.496 | 47.242 |
|   4   | 70.825 | 86.875 | 91.943 | 63.505 | 47.271 |
|   5   | 70.809 | 86.712 | 91.943 | 63.492 | 47.272 |
|   6   | 70.776 | 86.761 | 91.943 | 63.478 | 47.232 |
|   7   | 70.776 | 86.761 | 91.910 | 63.485 | 47.280 |
|   8   | 70.744 | 86.745 | 91.910 | 63.469 | 47.274 |
|   9   | 70.760 | 86.761 | 91.878 | 63.464 | 47.265 |
|   10  | 70.728 | 86.761 | 91.862 | 63.467 | 47.265 |
|   11  | 70.679 | 86.761 | 91.862 | 63.461 | 47.261 |
|   12  | 70.647 | 86.777 | 91.927 | 63.464 | 47.257 |
|   13  | 70.663 | 86.793 | 91.943 | 63.470 | 47.246 |
|   14  | 70.663 | 86.826 | 91.910 | 63.479 | 47.242 |
|   15  | 70.712 | 86.826 | 91.878 | 63.484 | 47.230 |
|   16  | 70.679 | 86.777 | 91.894 | 63.466 | 47.211 |
|   17  | 70.630 | 86.793 | 91.878 | 63.474 | 47.225 |
+-------+--------+--------+--------+--------+--------+
     logs:  {'epo': 17, 'R1': 70.63, 'R5': 86.793, 'R10': 91.878, 'mAP': 63.474, 'mINP': 47.225, 'entropy': 0.08081534542143345, 'loss': 1.460197639465332, 'lr': 5.0000000000000206e-05}
     Epoch[18] Iteration[10/103], entropy: 0.0419, loss: 1.3671, lr: 7.13e-05
     Epoch[18] Iteration[20/103], entropy: 0.0422, loss: 1.3962, lr: 1.36e-05
     Epoch[18] Iteration[30/103], entropy: 0.1580, loss: 1.6231, lr: 6.18e-06
     Epoch[18] Iteration[40/103], entropy: 0.1341, loss: 1.5765, lr: 5.94e-05
     Epoch[18] Iteration[50/103], entropy: 0.0693, loss: 1.5125, lr: 9.96e-05
     Epoch[18] Iteration[60/103], entropy: 0.0574, loss: 1.4011, lr: 7.13e-05
     Epoch[18] Iteration[70/103], entropy: 0.0472, loss: 1.4482, lr: 1.36e-05
     Epoch[18] Iteration[80/103], entropy: 0.0616, loss: 1.4792, lr: 6.18e-06
     Epoch[18] Iteration[90/103], entropy: 0.1093, loss: 1.5720, lr: 5.94e-05
     Epoch[18] Iteration[100/103], entropy: 0.0154, loss: 1.2357, lr: 9.96e-05
     Averaged stats: entropy: 0.2071, loss: 1.5993, lr: 9.84e-05
     itm tta time 0:00:13
### TTA Eval Score: 
+-------+--------+--------+--------+--------+--------+
| epoch |   R1   |   R5   |  R10   |  mAP   |  mINP  |
+-------+--------+--------+--------+--------+--------+
|  -999 | 70.679 | 86.907 | 91.813 | 63.399 | 47.043 |
|   0   | 70.695 | 86.858 | 91.845 | 63.430 | 47.129 |
|   1   | 70.760 | 86.842 | 91.862 | 63.452 | 47.170 |
|   2   | 70.760 | 86.793 | 91.878 | 63.490 | 47.241 |
|   3   | 70.760 | 86.777 | 91.959 | 63.496 | 47.242 |
|   4   | 70.825 | 86.875 | 91.943 | 63.505 | 47.271 |
|   5   | 70.809 | 86.712 | 91.943 | 63.492 | 47.272 |
|   6   | 70.776 | 86.761 | 91.943 | 63.478 | 47.232 |
|   7   | 70.776 | 86.761 | 91.910 | 63.485 | 47.280 |
|   8   | 70.744 | 86.745 | 91.910 | 63.469 | 47.274 |
|   9   | 70.760 | 86.761 | 91.878 | 63.464 | 47.265 |
|   10  | 70.728 | 86.761 | 91.862 | 63.467 | 47.265 |
|   11  | 70.679 | 86.761 | 91.862 | 63.461 | 47.261 |
|   12  | 70.647 | 86.777 | 91.927 | 63.464 | 47.257 |
|   13  | 70.663 | 86.793 | 91.943 | 63.470 | 47.246 |
|   14  | 70.663 | 86.826 | 91.910 | 63.479 | 47.242 |
|   15  | 70.712 | 86.826 | 91.878 | 63.484 | 47.230 |
|   16  | 70.679 | 86.777 | 91.894 | 63.466 | 47.211 |
|   17  | 70.630 | 86.793 | 91.878 | 63.474 | 47.225 |
|   18  | 70.679 | 86.858 | 91.878 | 63.484 | 47.226 |
+-------+--------+--------+--------+--------+--------+
     logs:  {'epo': 18, 'R1': 70.679, 'R5': 86.858, 'R10': 91.878, 'mAP': 63.484, 'mINP': 47.226, 'entropy': 0.07363788625225424, 'loss': 1.4611647129058838, 'lr': 4.99999999999999e-05}
     Epoch[19] Iteration[10/103], entropy: 0.1078, loss: 1.5778, lr: 5.31e-05
     Epoch[19] Iteration[20/103], entropy: 0.0743, loss: 1.4320, lr: 3.51e-06
     Epoch[19] Iteration[30/103], entropy: 0.0415, loss: 1.4333, lr: 1.81e-05
     Epoch[19] Iteration[40/103], entropy: 0.0980, loss: 1.4314, lr: 7.68e-05
     Epoch[19] Iteration[50/103], entropy: 0.0466, loss: 1.3545, lr: 9.96e-05
     Epoch[19] Iteration[60/103], entropy: 0.0822, loss: 1.4757, lr: 5.94e-05
     Epoch[19] Iteration[70/103], entropy: 0.0236, loss: 1.4582, lr: 6.18e-06
     Epoch[19] Iteration[80/103], entropy: 0.0804, loss: 1.3788, lr: 1.36e-05
     Epoch[19] Iteration[90/103], entropy: 0.0386, loss: 1.4012, lr: 7.13e-05
     Epoch[19] Iteration[100/103], entropy: 0.0964, loss: 1.4914, lr: 9.96e-05
     Averaged stats: entropy: 0.1475, loss: 1.6232, lr: 9.38e-05
     itm tta time 0:00:13
### TTA Eval Score: 
+-------+--------+--------+--------+--------+--------+
| epoch |   R1   |   R5   |  R10   |  mAP   |  mINP  |
+-------+--------+--------+--------+--------+--------+
|  -999 | 70.679 | 86.907 | 91.813 | 63.399 | 47.043 |
|   0   | 70.695 | 86.858 | 91.845 | 63.430 | 47.129 |
|   1   | 70.760 | 86.842 | 91.862 | 63.452 | 47.170 |
|   2   | 70.760 | 86.793 | 91.878 | 63.490 | 47.241 |
|   3   | 70.760 | 86.777 | 91.959 | 63.496 | 47.242 |
|   4   | 70.825 | 86.875 | 91.943 | 63.505 | 47.271 |
|   5   | 70.809 | 86.712 | 91.943 | 63.492 | 47.272 |
|   6   | 70.776 | 86.761 | 91.943 | 63.478 | 47.232 |
|   7   | 70.776 | 86.761 | 91.910 | 63.485 | 47.280 |
|   8   | 70.744 | 86.745 | 91.910 | 63.469 | 47.274 |
|   9   | 70.760 | 86.761 | 91.878 | 63.464 | 47.265 |
|   10  | 70.728 | 86.761 | 91.862 | 63.467 | 47.265 |
|   11  | 70.679 | 86.761 | 91.862 | 63.461 | 47.261 |
|   12  | 70.647 | 86.777 | 91.927 | 63.464 | 47.257 |
|   13  | 70.663 | 86.793 | 91.943 | 63.470 | 47.246 |
|   14  | 70.663 | 86.826 | 91.910 | 63.479 | 47.242 |
|   15  | 70.712 | 86.826 | 91.878 | 63.484 | 47.230 |
|   16  | 70.679 | 86.777 | 91.894 | 63.466 | 47.211 |
|   17  | 70.630 | 86.793 | 91.878 | 63.474 | 47.225 |
|   18  | 70.679 | 86.858 | 91.878 | 63.484 | 47.226 |
|   19  | 70.695 | 86.842 | 91.862 | 63.489 | 47.239 |
+-------+--------+--------+--------+--------+--------+
     logs:  {'epo': 19, 'R1': 70.695, 'R5': 86.842, 'R10': 91.862, 'mAP': 63.489, 'mINP': 47.239, 'entropy': 0.06893311813473701, 'loss': 1.443448042869568, 'lr': 5.0117657700929114e-05}
     Epoch[20] Iteration[10/103], entropy: 0.0677, loss: 1.3807, lr: 4.06e-05
     Epoch[20] Iteration[20/103], entropy: 0.0797, loss: 1.4367, lr: 3.94e-07
     Epoch[20] Iteration[30/103], entropy: 0.0682, loss: 1.4081, lr: 2.87e-05
     Epoch[20] Iteration[40/103], entropy: 0.1260, loss: 1.5565, lr: 8.64e-05
     Epoch[20] Iteration[50/103], entropy: 0.0228, loss: 1.3183, lr: 9.38e-05
     Epoch[20] Iteration[60/103], entropy: 0.1570, loss: 1.5764, lr: 4.06e-05
     Epoch[20] Iteration[70/103], entropy: 0.1251, loss: 1.4699, lr: 3.94e-07
     Epoch[20] Iteration[80/103], entropy: 0.0387, loss: 1.3430, lr: 2.87e-05
     Epoch[20] Iteration[90/103], entropy: 0.0972, loss: 1.4812, lr: 8.64e-05
     Epoch[20] Iteration[100/103], entropy: 0.0307, loss: 1.4159, lr: 9.38e-05
     Averaged stats: entropy: 0.0736, loss: 1.4867, lr: 8.19e-05
     itm tta time 0:00:13
### TTA Eval Score: 
+-------+--------+--------+--------+--------+--------+
| epoch |   R1   |   R5   |  R10   |  mAP   |  mINP  |
+-------+--------+--------+--------+--------+--------+
|  -999 | 70.679 | 86.907 | 91.813 | 63.399 | 47.043 |
|   0   | 70.695 | 86.858 | 91.845 | 63.430 | 47.129 |
|   1   | 70.760 | 86.842 | 91.862 | 63.452 | 47.170 |
|   2   | 70.760 | 86.793 | 91.878 | 63.490 | 47.241 |
|   3   | 70.760 | 86.777 | 91.959 | 63.496 | 47.242 |
|   4   | 70.825 | 86.875 | 91.943 | 63.505 | 47.271 |
|   5   | 70.809 | 86.712 | 91.943 | 63.492 | 47.272 |
|   6   | 70.776 | 86.761 | 91.943 | 63.478 | 47.232 |
|   7   | 70.776 | 86.761 | 91.910 | 63.485 | 47.280 |
|   8   | 70.744 | 86.745 | 91.910 | 63.469 | 47.274 |
|   9   | 70.760 | 86.761 | 91.878 | 63.464 | 47.265 |
|   10  | 70.728 | 86.761 | 91.862 | 63.467 | 47.265 |
|   11  | 70.679 | 86.761 | 91.862 | 63.461 | 47.261 |
|   12  | 70.647 | 86.777 | 91.927 | 63.464 | 47.257 |
|   13  | 70.663 | 86.793 | 91.943 | 63.470 | 47.246 |
|   14  | 70.663 | 86.826 | 91.910 | 63.479 | 47.242 |
|   15  | 70.712 | 86.826 | 91.878 | 63.484 | 47.230 |
|   16  | 70.679 | 86.777 | 91.894 | 63.466 | 47.211 |
|   17  | 70.630 | 86.793 | 91.878 | 63.474 | 47.225 |
|   18  | 70.679 | 86.858 | 91.878 | 63.484 | 47.226 |
|   19  | 70.695 | 86.842 | 91.862 | 63.489 | 47.239 |
|   20  | 70.679 | 86.826 | 91.829 | 63.472 | 47.231 |
+-------+--------+--------+--------+--------+--------+
     logs:  {'epo': 20, 'R1': 70.679, 'R5': 86.826, 'R10': 91.829, 'mAP': 63.472, 'mINP': 47.231, 'entropy': 0.08131180927157403, 'loss': 1.438676369190216, 'lr': 5.0000000000000436e-05}
     Epoch[21] Iteration[10/103], entropy: 0.0356, loss: 1.4286, lr: 2.32e-05
     Epoch[21] Iteration[20/103], entropy: 0.1295, loss: 1.4182, lr: 1.57e-06
     Epoch[21] Iteration[30/103], entropy: 0.1493, loss: 1.4779, lr: 4.69e-05
     Epoch[21] Iteration[40/103], entropy: 0.0489, loss: 1.4213, lr: 9.65e-05
     Epoch[21] Iteration[50/103], entropy: 0.0665, loss: 1.5285, lr: 8.19e-05
     Epoch[21] Iteration[60/103], entropy: 0.1325, loss: 1.4389, lr: 2.32e-05
     Epoch[21] Iteration[70/103], entropy: 0.0540, loss: 1.4002, lr: 1.57e-06
     Epoch[21] Iteration[80/103], entropy: 0.0558, loss: 1.5027, lr: 4.69e-05
     Epoch[21] Iteration[90/103], entropy: 0.0629, loss: 1.4057, lr: 9.65e-05
     Epoch[21] Iteration[100/103], entropy: 0.0827, loss: 1.4010, lr: 8.19e-05
     Averaged stats: entropy: 0.1854, loss: 1.5987, lr: 6.55e-05
     itm tta time 0:00:13
### TTA Eval Score: 
+-------+--------+--------+--------+--------+--------+
| epoch |   R1   |   R5   |  R10   |  mAP   |  mINP  |
+-------+--------+--------+--------+--------+--------+
|  -999 | 70.679 | 86.907 | 91.813 | 63.399 | 47.043 |
|   0   | 70.695 | 86.858 | 91.845 | 63.430 | 47.129 |
|   1   | 70.760 | 86.842 | 91.862 | 63.452 | 47.170 |
|   2   | 70.760 | 86.793 | 91.878 | 63.490 | 47.241 |
|   3   | 70.760 | 86.777 | 91.959 | 63.496 | 47.242 |
|   4   | 70.825 | 86.875 | 91.943 | 63.505 | 47.271 |
|   5   | 70.809 | 86.712 | 91.943 | 63.492 | 47.272 |
|   6   | 70.776 | 86.761 | 91.943 | 63.478 | 47.232 |
|   7   | 70.776 | 86.761 | 91.910 | 63.485 | 47.280 |
|   8   | 70.744 | 86.745 | 91.910 | 63.469 | 47.274 |
|   9   | 70.760 | 86.761 | 91.878 | 63.464 | 47.265 |
|   10  | 70.728 | 86.761 | 91.862 | 63.467 | 47.265 |
|   11  | 70.679 | 86.761 | 91.862 | 63.461 | 47.261 |
|   12  | 70.647 | 86.777 | 91.927 | 63.464 | 47.257 |
|   13  | 70.663 | 86.793 | 91.943 | 63.470 | 47.246 |
|   14  | 70.663 | 86.826 | 91.910 | 63.479 | 47.242 |
|   15  | 70.712 | 86.826 | 91.878 | 63.484 | 47.230 |
|   16  | 70.679 | 86.777 | 91.894 | 63.466 | 47.211 |
|   17  | 70.630 | 86.793 | 91.878 | 63.474 | 47.225 |
|   18  | 70.679 | 86.858 | 91.878 | 63.484 | 47.226 |
|   19  | 70.695 | 86.842 | 91.862 | 63.489 | 47.239 |
|   20  | 70.679 | 86.826 | 91.829 | 63.472 | 47.231 |
|   21  | 70.663 | 86.826 | 91.797 | 63.471 | 47.232 |
+-------+--------+--------+--------+--------+--------+
     logs:  {'epo': 21, 'R1': 70.663, 'R5': 86.826, 'R10': 91.797, 'mAP': 63.471, 'mINP': 47.232, 'entropy': 0.08177328407764435, 'loss': 1.4422983884811402, 'lr': 4.9999999999999826e-05}
     Epoch[22] Iteration[10/103], entropy: 0.1005, loss: 1.4640, lr: 9.55e-06
     Epoch[22] Iteration[20/103], entropy: 0.0424, loss: 1.4593, lr: 9.55e-06
     Epoch[22] Iteration[30/103], entropy: 0.0259, loss: 1.3528, lr: 6.55e-05
     Epoch[22] Iteration[40/103], entropy: 0.0277, loss: 1.4001, lr: 1.00e-04
     Epoch[22] Iteration[50/103], entropy: 0.0453, loss: 1.3259, lr: 6.55e-05
     Epoch[22] Iteration[60/103], entropy: 0.0555, loss: 1.4650, lr: 9.55e-06
     Epoch[22] Iteration[70/103], entropy: 0.0831, loss: 1.4943, lr: 9.55e-06
     Epoch[22] Iteration[80/103], entropy: 0.1219, loss: 1.5228, lr: 6.55e-05
     Epoch[22] Iteration[90/103], entropy: 0.1167, loss: 1.5263, lr: 1.00e-04
     Epoch[22] Iteration[100/103], entropy: 0.0344, loss: 1.3852, lr: 6.55e-05
     Averaged stats: entropy: 0.0184, loss: 1.3697, lr: 4.69e-05
     itm tta time 0:00:13
### TTA Eval Score: 
+-------+--------+--------+--------+--------+--------+
| epoch |   R1   |   R5   |  R10   |  mAP   |  mINP  |
+-------+--------+--------+--------+--------+--------+
|  -999 | 70.679 | 86.907 | 91.813 | 63.399 | 47.043 |
|   0   | 70.695 | 86.858 | 91.845 | 63.430 | 47.129 |
|   1   | 70.760 | 86.842 | 91.862 | 63.452 | 47.170 |
|   2   | 70.760 | 86.793 | 91.878 | 63.490 | 47.241 |
|   3   | 70.760 | 86.777 | 91.959 | 63.496 | 47.242 |
|   4   | 70.825 | 86.875 | 91.943 | 63.505 | 47.271 |
|   5   | 70.809 | 86.712 | 91.943 | 63.492 | 47.272 |
|   6   | 70.776 | 86.761 | 91.943 | 63.478 | 47.232 |
|   7   | 70.776 | 86.761 | 91.910 | 63.485 | 47.280 |
|   8   | 70.744 | 86.745 | 91.910 | 63.469 | 47.274 |
|   9   | 70.760 | 86.761 | 91.878 | 63.464 | 47.265 |
|   10  | 70.728 | 86.761 | 91.862 | 63.467 | 47.265 |
|   11  | 70.679 | 86.761 | 91.862 | 63.461 | 47.261 |
|   12  | 70.647 | 86.777 | 91.927 | 63.464 | 47.257 |
|   13  | 70.663 | 86.793 | 91.943 | 63.470 | 47.246 |
|   14  | 70.663 | 86.826 | 91.910 | 63.479 | 47.242 |
|   15  | 70.712 | 86.826 | 91.878 | 63.484 | 47.230 |
|   16  | 70.679 | 86.777 | 91.894 | 63.466 | 47.211 |
|   17  | 70.630 | 86.793 | 91.878 | 63.474 | 47.225 |
|   18  | 70.679 | 86.858 | 91.878 | 63.484 | 47.226 |
|   19  | 70.695 | 86.842 | 91.862 | 63.489 | 47.239 |
|   20  | 70.679 | 86.826 | 91.829 | 63.472 | 47.231 |
|   21  | 70.663 | 86.826 | 91.797 | 63.471 | 47.232 |
|   22  | 70.630 | 86.842 | 91.780 | 63.458 | 47.214 |
+-------+--------+--------+--------+--------+--------+
     logs:  {'epo': 22, 'R1': 70.63, 'R5': 86.842, 'R10': 91.78, 'mAP': 63.458, 'mINP': 47.214, 'entropy': 0.06533082332462073, 'loss': 1.4395629525184632, 'lr': 4.9999999999999806e-05}
     Epoch[23] Iteration[10/103], entropy: 0.0479, loss: 1.3805, lr: 1.57e-06
     Epoch[23] Iteration[20/103], entropy: 0.0493, loss: 1.4188, lr: 2.32e-05
     Epoch[23] Iteration[30/103], entropy: 0.0557, loss: 1.3924, lr: 8.19e-05
     Epoch[23] Iteration[40/103], entropy: 0.0633, loss: 1.4323, lr: 9.65e-05
     Epoch[23] Iteration[50/103], entropy: 0.0967, loss: 1.4209, lr: 4.69e-05
     Epoch[23] Iteration[60/103], entropy: 0.0781, loss: 1.4480, lr: 1.57e-06
     Epoch[23] Iteration[70/103], entropy: 0.0442, loss: 1.3301, lr: 2.32e-05
     Epoch[23] Iteration[80/103], entropy: 0.0293, loss: 1.3692, lr: 8.19e-05
     Epoch[23] Iteration[90/103], entropy: 0.0885, loss: 1.4613, lr: 9.65e-05
     Epoch[23] Iteration[100/103], entropy: 0.0983, loss: 1.4583, lr: 4.69e-05
     Averaged stats: entropy: 0.1474, loss: 1.5231, lr: 2.87e-05
     itm tta time 0:00:13
### TTA Eval Score: 
+-------+--------+--------+--------+--------+--------+
| epoch |   R1   |   R5   |  R10   |  mAP   |  mINP  |
+-------+--------+--------+--------+--------+--------+
|  -999 | 70.679 | 86.907 | 91.813 | 63.399 | 47.043 |
|   0   | 70.695 | 86.858 | 91.845 | 63.430 | 47.129 |
|   1   | 70.760 | 86.842 | 91.862 | 63.452 | 47.170 |
|   2   | 70.760 | 86.793 | 91.878 | 63.490 | 47.241 |
|   3   | 70.760 | 86.777 | 91.959 | 63.496 | 47.242 |
|   4   | 70.825 | 86.875 | 91.943 | 63.505 | 47.271 |
|   5   | 70.809 | 86.712 | 91.943 | 63.492 | 47.272 |
|   6   | 70.776 | 86.761 | 91.943 | 63.478 | 47.232 |
|   7   | 70.776 | 86.761 | 91.910 | 63.485 | 47.280 |
|   8   | 70.744 | 86.745 | 91.910 | 63.469 | 47.274 |
|   9   | 70.760 | 86.761 | 91.878 | 63.464 | 47.265 |
|   10  | 70.728 | 86.761 | 91.862 | 63.467 | 47.265 |
|   11  | 70.679 | 86.761 | 91.862 | 63.461 | 47.261 |
|   12  | 70.647 | 86.777 | 91.927 | 63.464 | 47.257 |
|   13  | 70.663 | 86.793 | 91.943 | 63.470 | 47.246 |
|   14  | 70.663 | 86.826 | 91.910 | 63.479 | 47.242 |
|   15  | 70.712 | 86.826 | 91.878 | 63.484 | 47.230 |
|   16  | 70.679 | 86.777 | 91.894 | 63.466 | 47.211 |
|   17  | 70.630 | 86.793 | 91.878 | 63.474 | 47.225 |
|   18  | 70.679 | 86.858 | 91.878 | 63.484 | 47.226 |
|   19  | 70.695 | 86.842 | 91.862 | 63.489 | 47.239 |
|   20  | 70.679 | 86.826 | 91.829 | 63.472 | 47.231 |
|   21  | 70.663 | 86.826 | 91.797 | 63.471 | 47.232 |
|   22  | 70.630 | 86.842 | 91.780 | 63.458 | 47.214 |
|   23  | 70.614 | 86.826 | 91.797 | 63.459 | 47.200 |
+-------+--------+--------+--------+--------+--------+
     logs:  {'epo': 23, 'R1': 70.614, 'R5': 86.826, 'R10': 91.797, 'mAP': 63.459, 'mINP': 47.2, 'entropy': 0.06512164007872343, 'loss': 1.41117205619812, 'lr': 5.000000000000002e-05}
     Epoch[24] Iteration[10/103], entropy: 0.0451, loss: 1.4111, lr: 3.94e-07
     Epoch[24] Iteration[20/103], entropy: 0.0092, loss: 1.3006, lr: 4.06e-05
     Epoch[24] Iteration[30/103], entropy: 0.0336, loss: 1.4235, lr: 9.38e-05
     Epoch[24] Iteration[40/103], entropy: 0.1153, loss: 1.5403, lr: 8.64e-05
     Epoch[24] Iteration[50/103], entropy: 0.0264, loss: 1.3056, lr: 2.87e-05
     Epoch[24] Iteration[60/103], entropy: 0.0298, loss: 1.3227, lr: 3.94e-07
     Epoch[24] Iteration[70/103], entropy: 0.0664, loss: 1.3913, lr: 4.06e-05
     Epoch[24] Iteration[80/103], entropy: 0.0479, loss: 1.4308, lr: 9.38e-05
     Epoch[24] Iteration[90/103], entropy: 0.0538, loss: 1.4507, lr: 8.64e-05
     Epoch[24] Iteration[100/103], entropy: 0.0702, loss: 1.4990, lr: 2.87e-05
     Averaged stats: entropy: 0.1856, loss: 1.6182, lr: 1.36e-05
     itm tta time 0:00:13
### TTA Eval Score: 
+-------+--------+--------+--------+--------+--------+
| epoch |   R1   |   R5   |  R10   |  mAP   |  mINP  |
+-------+--------+--------+--------+--------+--------+
|  -999 | 70.679 | 86.907 | 91.813 | 63.399 | 47.043 |
|   0   | 70.695 | 86.858 | 91.845 | 63.430 | 47.129 |
|   1   | 70.760 | 86.842 | 91.862 | 63.452 | 47.170 |
|   2   | 70.760 | 86.793 | 91.878 | 63.490 | 47.241 |
|   3   | 70.760 | 86.777 | 91.959 | 63.496 | 47.242 |
|   4   | 70.825 | 86.875 | 91.943 | 63.505 | 47.271 |
|   5   | 70.809 | 86.712 | 91.943 | 63.492 | 47.272 |
|   6   | 70.776 | 86.761 | 91.943 | 63.478 | 47.232 |
|   7   | 70.776 | 86.761 | 91.910 | 63.485 | 47.280 |
|   8   | 70.744 | 86.745 | 91.910 | 63.469 | 47.274 |
|   9   | 70.760 | 86.761 | 91.878 | 63.464 | 47.265 |
|   10  | 70.728 | 86.761 | 91.862 | 63.467 | 47.265 |
|   11  | 70.679 | 86.761 | 91.862 | 63.461 | 47.261 |
|   12  | 70.647 | 86.777 | 91.927 | 63.464 | 47.257 |
|   13  | 70.663 | 86.793 | 91.943 | 63.470 | 47.246 |
|   14  | 70.663 | 86.826 | 91.910 | 63.479 | 47.242 |
|   15  | 70.712 | 86.826 | 91.878 | 63.484 | 47.230 |
|   16  | 70.679 | 86.777 | 91.894 | 63.466 | 47.211 |
|   17  | 70.630 | 86.793 | 91.878 | 63.474 | 47.225 |
|   18  | 70.679 | 86.858 | 91.878 | 63.484 | 47.226 |
|   19  | 70.695 | 86.842 | 91.862 | 63.489 | 47.239 |
|   20  | 70.679 | 86.826 | 91.829 | 63.472 | 47.231 |
|   21  | 70.663 | 86.826 | 91.797 | 63.471 | 47.232 |
|   22  | 70.630 | 86.842 | 91.780 | 63.458 | 47.214 |
|   23  | 70.614 | 86.826 | 91.797 | 63.459 | 47.200 |
|   24  | 70.647 | 86.842 | 91.764 | 63.477 | 47.215 |
+-------+--------+--------+--------+--------+--------+
     logs:  {'epo': 24, 'R1': 70.647, 'R5': 86.842, 'R10': 91.764, 'mAP': 63.477, 'mINP': 47.215, 'entropy': 0.0497735645622015, 'loss': 1.407562005519867, 'lr': 5.0000000000000226e-05}
     Epoch[25] Iteration[10/103], entropy: 0.0184, loss: 1.3305, lr: 6.18e-06
     Epoch[25] Iteration[20/103], entropy: 0.0636, loss: 1.5233, lr: 5.94e-05
     Epoch[25] Iteration[30/103], entropy: 0.1357, loss: 1.5855, lr: 9.96e-05
     Epoch[25] Iteration[40/103], entropy: 0.0943, loss: 1.4662, lr: 7.13e-05
     Epoch[25] Iteration[50/103], entropy: 0.0677, loss: 1.3957, lr: 1.36e-05
     Epoch[25] Iteration[60/103], entropy: 0.0121, loss: 1.3541, lr: 6.18e-06
     Epoch[25] Iteration[70/103], entropy: 0.1379, loss: 1.6214, lr: 5.94e-05
     Epoch[25] Iteration[80/103], entropy: 0.0894, loss: 1.5546, lr: 9.96e-05
     Epoch[25] Iteration[90/103], entropy: 0.0762, loss: 1.5414, lr: 7.13e-05
     Epoch[25] Iteration[100/103], entropy: 0.0272, loss: 1.4529, lr: 1.36e-05
     Averaged stats: entropy: 0.0390, loss: 1.3346, lr: 3.51e-06
     itm tta time 0:00:12
### TTA Eval Score: 
+-------+--------+--------+--------+--------+--------+
| epoch |   R1   |   R5   |  R10   |  mAP   |  mINP  |
+-------+--------+--------+--------+--------+--------+
|  -999 | 70.679 | 86.907 | 91.813 | 63.399 | 47.043 |
|   0   | 70.695 | 86.858 | 91.845 | 63.430 | 47.129 |
|   1   | 70.760 | 86.842 | 91.862 | 63.452 | 47.170 |
|   2   | 70.760 | 86.793 | 91.878 | 63.490 | 47.241 |
|   3   | 70.760 | 86.777 | 91.959 | 63.496 | 47.242 |
|   4   | 70.825 | 86.875 | 91.943 | 63.505 | 47.271 |
|   5   | 70.809 | 86.712 | 91.943 | 63.492 | 47.272 |
|   6   | 70.776 | 86.761 | 91.943 | 63.478 | 47.232 |
|   7   | 70.776 | 86.761 | 91.910 | 63.485 | 47.280 |
|   8   | 70.744 | 86.745 | 91.910 | 63.469 | 47.274 |
|   9   | 70.760 | 86.761 | 91.878 | 63.464 | 47.265 |
|   10  | 70.728 | 86.761 | 91.862 | 63.467 | 47.265 |
|   11  | 70.679 | 86.761 | 91.862 | 63.461 | 47.261 |
|   12  | 70.647 | 86.777 | 91.927 | 63.464 | 47.257 |
|   13  | 70.663 | 86.793 | 91.943 | 63.470 | 47.246 |
|   14  | 70.663 | 86.826 | 91.910 | 63.479 | 47.242 |
|   15  | 70.712 | 86.826 | 91.878 | 63.484 | 47.230 |
|   16  | 70.679 | 86.777 | 91.894 | 63.466 | 47.211 |
|   17  | 70.630 | 86.793 | 91.878 | 63.474 | 47.225 |
|   18  | 70.679 | 86.858 | 91.878 | 63.484 | 47.226 |
|   19  | 70.695 | 86.842 | 91.862 | 63.489 | 47.239 |
|   20  | 70.679 | 86.826 | 91.829 | 63.472 | 47.231 |
|   21  | 70.663 | 86.826 | 91.797 | 63.471 | 47.232 |
|   22  | 70.630 | 86.842 | 91.780 | 63.458 | 47.214 |
|   23  | 70.614 | 86.826 | 91.797 | 63.459 | 47.200 |
|   24  | 70.647 | 86.842 | 91.764 | 63.477 | 47.215 |
|   25  | 70.598 | 86.810 | 91.764 | 63.481 | 47.231 |
+-------+--------+--------+--------+--------+--------+
     logs:  {'epo': 25, 'R1': 70.598, 'R5': 86.81, 'R10': 91.764, 'mAP': 63.481, 'mINP': 47.231, 'entropy': 0.07225288581103087, 'loss': 1.4825435280799866, 'lr': 4.999999999999993e-05}
     Epoch[26] Iteration[10/103], entropy: 0.0669, loss: 1.5465, lr: 1.81e-05
     Epoch[26] Iteration[20/103], entropy: 0.0275, loss: 1.3535, lr: 7.68e-05
     Epoch[26] Iteration[30/103], entropy: 0.0242, loss: 1.3782, lr: 9.84e-05
     Epoch[26] Iteration[40/103], entropy: 0.0261, loss: 1.4178, lr: 5.31e-05
     Epoch[26] Iteration[50/103], entropy: 0.0436, loss: 1.3421, lr: 3.51e-06
     Epoch[26] Iteration[60/103], entropy: 0.0767, loss: 1.4401, lr: 1.81e-05
     Epoch[26] Iteration[70/103], entropy: 0.0310, loss: 1.4073, lr: 7.68e-05
     Epoch[26] Iteration[80/103], entropy: 0.0374, loss: 1.3652, lr: 9.84e-05
     Epoch[26] Iteration[90/103], entropy: 0.0779, loss: 1.5163, lr: 5.31e-05
     Epoch[26] Iteration[100/103], entropy: 0.0363, loss: 1.3652, lr: 3.51e-06
     Averaged stats: entropy: 0.0230, loss: 1.3064, lr: 0.00e+00
     itm tta time 0:00:13
### TTA Eval Score: 
+-------+--------+--------+--------+--------+--------+
| epoch |   R1   |   R5   |  R10   |  mAP   |  mINP  |
+-------+--------+--------+--------+--------+--------+
|  -999 | 70.679 | 86.907 | 91.813 | 63.399 | 47.043 |
|   0   | 70.695 | 86.858 | 91.845 | 63.430 | 47.129 |
|   1   | 70.760 | 86.842 | 91.862 | 63.452 | 47.170 |
|   2   | 70.760 | 86.793 | 91.878 | 63.490 | 47.241 |
|   3   | 70.760 | 86.777 | 91.959 | 63.496 | 47.242 |
|   4   | 70.825 | 86.875 | 91.943 | 63.505 | 47.271 |
|   5   | 70.809 | 86.712 | 91.943 | 63.492 | 47.272 |
|   6   | 70.776 | 86.761 | 91.943 | 63.478 | 47.232 |
|   7   | 70.776 | 86.761 | 91.910 | 63.485 | 47.280 |
|   8   | 70.744 | 86.745 | 91.910 | 63.469 | 47.274 |
|   9   | 70.760 | 86.761 | 91.878 | 63.464 | 47.265 |
|   10  | 70.728 | 86.761 | 91.862 | 63.467 | 47.265 |
|   11  | 70.679 | 86.761 | 91.862 | 63.461 | 47.261 |
|   12  | 70.647 | 86.777 | 91.927 | 63.464 | 47.257 |
|   13  | 70.663 | 86.793 | 91.943 | 63.470 | 47.246 |
|   14  | 70.663 | 86.826 | 91.910 | 63.479 | 47.242 |
|   15  | 70.712 | 86.826 | 91.878 | 63.484 | 47.230 |
|   16  | 70.679 | 86.777 | 91.894 | 63.466 | 47.211 |
|   17  | 70.630 | 86.793 | 91.878 | 63.474 | 47.225 |
|   18  | 70.679 | 86.858 | 91.878 | 63.484 | 47.226 |
|   19  | 70.695 | 86.842 | 91.862 | 63.489 | 47.239 |
|   20  | 70.679 | 86.826 | 91.829 | 63.472 | 47.231 |
|   21  | 70.663 | 86.826 | 91.797 | 63.471 | 47.232 |
|   22  | 70.630 | 86.842 | 91.780 | 63.458 | 47.214 |
|   23  | 70.614 | 86.826 | 91.797 | 63.459 | 47.200 |
|   24  | 70.647 | 86.842 | 91.764 | 63.477 | 47.215 |
|   25  | 70.598 | 86.810 | 91.764 | 63.481 | 47.231 |
|   26  | 70.630 | 86.826 | 91.732 | 63.496 | 47.236 |
+-------+--------+--------+--------+--------+--------+
     logs:  {'epo': 26, 'R1': 70.63, 'R5': 86.826, 'R10': 91.732, 'mAP': 63.496, 'mINP': 47.236, 'entropy': 0.044763386622071265, 'loss': 1.413214957714081, 'lr': 5.0000000000000416e-05}
     Epoch[27] Iteration[10/103], entropy: 0.0106, loss: 1.2775, lr: 3.45e-05
     Epoch[27] Iteration[20/103], entropy: 0.0158, loss: 1.2800, lr: 9.05e-05
     Epoch[27] Iteration[30/103], entropy: 0.0996, loss: 1.5271, lr: 9.05e-05
     Epoch[27] Iteration[40/103], entropy: 0.0537, loss: 1.3762, lr: 3.45e-05
     Epoch[27] Iteration[50/103], entropy: 0.0352, loss: 1.2925, lr: 0.00e+00
     Epoch[27] Iteration[60/103], entropy: 0.0801, loss: 1.3893, lr: 3.45e-05
     Epoch[27] Iteration[70/103], entropy: 0.0411, loss: 1.3343, lr: 9.05e-05
     Epoch[27] Iteration[80/103], entropy: 0.0682, loss: 1.4078, lr: 9.05e-05
     Epoch[27] Iteration[90/103], entropy: 0.0905, loss: 1.5055, lr: 3.45e-05
     Epoch[27] Iteration[100/103], entropy: 0.1387, loss: 1.5235, lr: 0.00e+00
     Averaged stats: entropy: 0.0544, loss: 1.4135, lr: 3.51e-06
     itm tta time 0:00:13
### TTA Eval Score: 
+-------+--------+--------+--------+--------+--------+
| epoch |   R1   |   R5   |  R10   |  mAP   |  mINP  |
+-------+--------+--------+--------+--------+--------+
|  -999 | 70.679 | 86.907 | 91.813 | 63.399 | 47.043 |
|   0   | 70.695 | 86.858 | 91.845 | 63.430 | 47.129 |
|   1   | 70.760 | 86.842 | 91.862 | 63.452 | 47.170 |
|   2   | 70.760 | 86.793 | 91.878 | 63.490 | 47.241 |
|   3   | 70.760 | 86.777 | 91.959 | 63.496 | 47.242 |
|   4   | 70.825 | 86.875 | 91.943 | 63.505 | 47.271 |
|   5   | 70.809 | 86.712 | 91.943 | 63.492 | 47.272 |
|   6   | 70.776 | 86.761 | 91.943 | 63.478 | 47.232 |
|   7   | 70.776 | 86.761 | 91.910 | 63.485 | 47.280 |
|   8   | 70.744 | 86.745 | 91.910 | 63.469 | 47.274 |
|   9   | 70.760 | 86.761 | 91.878 | 63.464 | 47.265 |
|   10  | 70.728 | 86.761 | 91.862 | 63.467 | 47.265 |
|   11  | 70.679 | 86.761 | 91.862 | 63.461 | 47.261 |
|   12  | 70.647 | 86.777 | 91.927 | 63.464 | 47.257 |
|   13  | 70.663 | 86.793 | 91.943 | 63.470 | 47.246 |
|   14  | 70.663 | 86.826 | 91.910 | 63.479 | 47.242 |
|   15  | 70.712 | 86.826 | 91.878 | 63.484 | 47.230 |
|   16  | 70.679 | 86.777 | 91.894 | 63.466 | 47.211 |
|   17  | 70.630 | 86.793 | 91.878 | 63.474 | 47.225 |
|   18  | 70.679 | 86.858 | 91.878 | 63.484 | 47.226 |
|   19  | 70.695 | 86.842 | 91.862 | 63.489 | 47.239 |
|   20  | 70.679 | 86.826 | 91.829 | 63.472 | 47.231 |
|   21  | 70.663 | 86.826 | 91.797 | 63.471 | 47.232 |
|   22  | 70.630 | 86.842 | 91.780 | 63.458 | 47.214 |
|   23  | 70.614 | 86.826 | 91.797 | 63.459 | 47.200 |
|   24  | 70.647 | 86.842 | 91.764 | 63.477 | 47.215 |
|   25  | 70.598 | 86.810 | 91.764 | 63.481 | 47.231 |
|   26  | 70.630 | 86.826 | 91.732 | 63.496 | 47.236 |
|   27  | 70.598 | 86.810 | 91.732 | 63.476 | 47.222 |
+-------+--------+--------+--------+--------+--------+
     logs:  {'epo': 27, 'R1': 70.598, 'R5': 86.81, 'R10': 91.732, 'mAP': 63.476, 'mINP': 47.222, 'entropy': 0.06335007417947054, 'loss': 1.3913652420043945, 'lr': 5.000000000000013e-05}
     Epoch[28] Iteration[10/103], entropy: 0.1480, loss: 1.6375, lr: 5.31e-05
     Epoch[28] Iteration[20/103], entropy: 0.1250, loss: 1.6447, lr: 9.84e-05
     Epoch[28] Iteration[30/103], entropy: 0.0792, loss: 1.4146, lr: 7.68e-05
     Epoch[28] Iteration[40/103], entropy: 0.0451, loss: 1.3757, lr: 1.81e-05
     Epoch[28] Iteration[50/103], entropy: 0.0160, loss: 1.3478, lr: 3.51e-06
     Epoch[28] Iteration[60/103], entropy: 0.0922, loss: 1.5049, lr: 5.31e-05
     Epoch[28] Iteration[70/103], entropy: 0.0131, loss: 1.3142, lr: 9.84e-05
     Epoch[28] Iteration[80/103], entropy: 0.0481, loss: 1.3776, lr: 7.68e-05
     Epoch[28] Iteration[90/103], entropy: 0.0307, loss: 1.4050, lr: 1.81e-05
     Epoch[28] Iteration[100/103], entropy: 0.1290, loss: 1.5608, lr: 3.51e-06
     Averaged stats: entropy: 0.0738, loss: 1.4464, lr: 1.36e-05
     itm tta time 0:00:13
### TTA Eval Score: 
+-------+--------+--------+--------+--------+--------+
| epoch |   R1   |   R5   |  R10   |  mAP   |  mINP  |
+-------+--------+--------+--------+--------+--------+
|  -999 | 70.679 | 86.907 | 91.813 | 63.399 | 47.043 |
|   0   | 70.695 | 86.858 | 91.845 | 63.430 | 47.129 |
|   1   | 70.760 | 86.842 | 91.862 | 63.452 | 47.170 |
|   2   | 70.760 | 86.793 | 91.878 | 63.490 | 47.241 |
|   3   | 70.760 | 86.777 | 91.959 | 63.496 | 47.242 |
|   4   | 70.825 | 86.875 | 91.943 | 63.505 | 47.271 |
|   5   | 70.809 | 86.712 | 91.943 | 63.492 | 47.272 |
|   6   | 70.776 | 86.761 | 91.943 | 63.478 | 47.232 |
|   7   | 70.776 | 86.761 | 91.910 | 63.485 | 47.280 |
|   8   | 70.744 | 86.745 | 91.910 | 63.469 | 47.274 |
|   9   | 70.760 | 86.761 | 91.878 | 63.464 | 47.265 |
|   10  | 70.728 | 86.761 | 91.862 | 63.467 | 47.265 |
|   11  | 70.679 | 86.761 | 91.862 | 63.461 | 47.261 |
|   12  | 70.647 | 86.777 | 91.927 | 63.464 | 47.257 |
|   13  | 70.663 | 86.793 | 91.943 | 63.470 | 47.246 |
|   14  | 70.663 | 86.826 | 91.910 | 63.479 | 47.242 |
|   15  | 70.712 | 86.826 | 91.878 | 63.484 | 47.230 |
|   16  | 70.679 | 86.777 | 91.894 | 63.466 | 47.211 |
|   17  | 70.630 | 86.793 | 91.878 | 63.474 | 47.225 |
|   18  | 70.679 | 86.858 | 91.878 | 63.484 | 47.226 |
|   19  | 70.695 | 86.842 | 91.862 | 63.489 | 47.239 |
|   20  | 70.679 | 86.826 | 91.829 | 63.472 | 47.231 |
|   21  | 70.663 | 86.826 | 91.797 | 63.471 | 47.232 |
|   22  | 70.630 | 86.842 | 91.780 | 63.458 | 47.214 |
|   23  | 70.614 | 86.826 | 91.797 | 63.459 | 47.200 |
|   24  | 70.647 | 86.842 | 91.764 | 63.477 | 47.215 |
|   25  | 70.598 | 86.810 | 91.764 | 63.481 | 47.231 |
|   26  | 70.630 | 86.826 | 91.732 | 63.496 | 47.236 |
|   27  | 70.598 | 86.810 | 91.732 | 63.476 | 47.222 |
|   28  | 70.663 | 86.810 | 91.748 | 63.471 | 47.202 |
+-------+--------+--------+--------+--------+--------+
     logs:  {'epo': 28, 'R1': 70.663, 'R5': 86.81, 'R10': 91.748, 'mAP': 63.471, 'mINP': 47.202, 'entropy': 0.07263993741944433, 'loss': 1.4582846522331239, 'lr': 5.000000000000008e-05}
     Epoch[29] Iteration[10/103], entropy: 0.0024, loss: 1.2175, lr: 7.13e-05
     Epoch[29] Iteration[20/103], entropy: 0.0428, loss: 1.3639, lr: 9.96e-05
     Epoch[29] Iteration[30/103], entropy: 0.0682, loss: 1.4844, lr: 5.94e-05
     Epoch[29] Iteration[40/103], entropy: 0.0383, loss: 1.4636, lr: 6.18e-06
     Epoch[29] Iteration[50/103], entropy: 0.0389, loss: 1.3954, lr: 1.36e-05
     Epoch[29] Iteration[60/103], entropy: 0.0219, loss: 1.4436, lr: 7.13e-05
     Epoch[29] Iteration[70/103], entropy: 0.0779, loss: 1.4253, lr: 9.96e-05
     Epoch[29] Iteration[80/103], entropy: 0.0616, loss: 1.4650, lr: 5.94e-05
     Epoch[29] Iteration[90/103], entropy: 0.1197, loss: 1.4387, lr: 6.18e-06
     Epoch[29] Iteration[100/103], entropy: 0.0698, loss: 1.4256, lr: 1.36e-05
     Averaged stats: entropy: 0.0303, loss: 1.2897, lr: 2.87e-05
     itm tta time 0:00:13
### TTA Eval Score: 
+-------+--------+--------+--------+--------+--------+
| epoch |   R1   |   R5   |  R10   |  mAP   |  mINP  |
+-------+--------+--------+--------+--------+--------+
|  -999 | 70.679 | 86.907 | 91.813 | 63.399 | 47.043 |
|   0   | 70.695 | 86.858 | 91.845 | 63.430 | 47.129 |
|   1   | 70.760 | 86.842 | 91.862 | 63.452 | 47.170 |
|   2   | 70.760 | 86.793 | 91.878 | 63.490 | 47.241 |
|   3   | 70.760 | 86.777 | 91.959 | 63.496 | 47.242 |
|   4   | 70.825 | 86.875 | 91.943 | 63.505 | 47.271 |
|   5   | 70.809 | 86.712 | 91.943 | 63.492 | 47.272 |
|   6   | 70.776 | 86.761 | 91.943 | 63.478 | 47.232 |
|   7   | 70.776 | 86.761 | 91.910 | 63.485 | 47.280 |
|   8   | 70.744 | 86.745 | 91.910 | 63.469 | 47.274 |
|   9   | 70.760 | 86.761 | 91.878 | 63.464 | 47.265 |
|   10  | 70.728 | 86.761 | 91.862 | 63.467 | 47.265 |
|   11  | 70.679 | 86.761 | 91.862 | 63.461 | 47.261 |
|   12  | 70.647 | 86.777 | 91.927 | 63.464 | 47.257 |
|   13  | 70.663 | 86.793 | 91.943 | 63.470 | 47.246 |
|   14  | 70.663 | 86.826 | 91.910 | 63.479 | 47.242 |
|   15  | 70.712 | 86.826 | 91.878 | 63.484 | 47.230 |
|   16  | 70.679 | 86.777 | 91.894 | 63.466 | 47.211 |
|   17  | 70.630 | 86.793 | 91.878 | 63.474 | 47.225 |
|   18  | 70.679 | 86.858 | 91.878 | 63.484 | 47.226 |
|   19  | 70.695 | 86.842 | 91.862 | 63.489 | 47.239 |
|   20  | 70.679 | 86.826 | 91.829 | 63.472 | 47.231 |
|   21  | 70.663 | 86.826 | 91.797 | 63.471 | 47.232 |
|   22  | 70.630 | 86.842 | 91.780 | 63.458 | 47.214 |
|   23  | 70.614 | 86.826 | 91.797 | 63.459 | 47.200 |
|   24  | 70.647 | 86.842 | 91.764 | 63.477 | 47.215 |
|   25  | 70.598 | 86.810 | 91.764 | 63.481 | 47.231 |
|   26  | 70.630 | 86.826 | 91.732 | 63.496 | 47.236 |
|   27  | 70.598 | 86.810 | 91.732 | 63.476 | 47.222 |
|   28  | 70.663 | 86.810 | 91.748 | 63.471 | 47.202 |
|   29  | 70.647 | 86.777 | 91.732 | 63.473 | 47.205 |
+-------+--------+--------+--------+--------+--------+
     logs:  {'epo': 29, 'R1': 70.647, 'R5': 86.777, 'R10': 91.732, 'mAP': 63.473, 'mINP': 47.205, 'entropy': 0.05415717731229961, 'loss': 1.4122947931289673, 'lr': 4.999999999999997e-05}
### best epoch 4 : {'epo': '4', 'R1': '70.825', 'R5': '86.875', 'R10': '91.943', 'mAP': '63.505', 'mINP': '47.271', 'entropy': '0.06367569714784622', 'loss': '1.3929545402526855', 'lr': '4.9999999999999955e-05'}
### Time 0:11:36
