Not using distributed mode
### Hyper-parameters:
     output_dir: output_rerun2/ham_cuhk_tta/exp11/exp11.2.2/2025091821140
     seed: 42
     device: cuda
     batch_size_tta: 16
     epochs: 20
     lr: 0.0001
### Creating test dataset
     test_txt_set: 6156    test_img_set: 3074
     test_txt_loader: 13    test_img_loader: 7
### Creating model
Training Model with ['sdm', 'id', 'mlm'] tasks
Resized position embedding from size:torch.Size([1, 197, 768]) to size: torch.Size([1, 193, 768]) with height:24 width: 8
     Total Params Sum:  194535419
### Zero-Shot Score: 
/home/jiahao/task/IRRA/tta.py:284: FutureWarning: `torch.cuda.amp.GradScaler(args...)` is deprecated. Please use `torch.amp.GradScaler('cuda', args...)` instead.
  scaler = GradScaler()  # bf16
+-------+--------+--------+--------+--------+--------+
| epoch |   R1   |   R5   |  R10   |  mAP   |  mINP  |
+-------+--------+--------+--------+--------+--------+
|  -999 | 70.647 | 86.940 | 91.797 | 63.400 | 47.058 |
+-------+--------+--------+--------+--------+--------+
### TTA:
### Compute Cos Similarity Uncertainty
     preprocess_tta_coefficients  start
     sample selection ...
     number of sample after sample_selection: 5168
     uncertainty ...
     pos/neg sampling ...
      number of sample after pos/neg sampling: torch.Size([6156, 8])
     preprocess_tta_coefficients  end
### Creating TTA dataset
     tta_dataset: 5168
### Creating tta dataloader
### be careful: func create_loader returns a list length of 1
     tta_loader: 323
### Configure adapted weights
     TTA Dropout Modules: 
 []
     TTA Require Gradient Params: 
 [('base_model.transformer.resblocks.1.ln_1.weight', torch.Size([512])), ('base_model.transformer.resblocks.1.ln_1.bias', torch.Size([512])), ('base_model.transformer.resblocks.1.ln_2.weight', torch.Size([512])), ('base_model.transformer.resblocks.1.ln_2.bias', torch.Size([512])), ('base_model.transformer.resblocks.2.ln_1.weight', torch.Size([512])), ('base_model.transformer.resblocks.2.ln_1.bias', torch.Size([512])), ('base_model.transformer.resblocks.2.ln_2.weight', torch.Size([512])), ('base_model.transformer.resblocks.2.ln_2.bias', torch.Size([512])), ('base_model.transformer.resblocks.3.ln_1.weight', torch.Size([512])), ('base_model.transformer.resblocks.3.ln_1.bias', torch.Size([512])), ('base_model.transformer.resblocks.3.ln_2.weight', torch.Size([512])), ('base_model.transformer.resblocks.3.ln_2.bias', torch.Size([512])), ('base_model.transformer.resblocks.4.ln_1.weight', torch.Size([512])), ('base_model.transformer.resblocks.4.ln_1.bias', torch.Size([512])), ('base_model.transformer.resblocks.4.ln_2.weight', torch.Size([512])), ('base_model.transformer.resblocks.4.ln_2.bias', torch.Size([512])), ('base_model.transformer.resblocks.5.ln_1.weight', torch.Size([512])), ('base_model.transformer.resblocks.5.ln_1.bias', torch.Size([512])), ('base_model.transformer.resblocks.5.ln_2.weight', torch.Size([512])), ('base_model.transformer.resblocks.5.ln_2.bias', torch.Size([512])), ('base_model.transformer.resblocks.7.ln_1.weight', torch.Size([512])), ('base_model.transformer.resblocks.7.ln_1.bias', torch.Size([512])), ('base_model.transformer.resblocks.7.ln_2.weight', torch.Size([512])), ('base_model.transformer.resblocks.7.ln_2.bias', torch.Size([512])), ('base_model.transformer.resblocks.8.ln_1.weight', torch.Size([512])), ('base_model.transformer.resblocks.8.ln_1.bias', torch.Size([512])), ('base_model.transformer.resblocks.8.ln_2.weight', torch.Size([512])), ('base_model.transformer.resblocks.8.ln_2.bias', torch.Size([512])), ('base_model.transformer.resblocks.9.ln_1.weight', torch.Size([512])), ('base_model.transformer.resblocks.9.ln_1.bias', torch.Size([512])), ('base_model.transformer.resblocks.9.ln_2.weight', torch.Size([512])), ('base_model.transformer.resblocks.9.ln_2.bias', torch.Size([512])), ('base_model.transformer.resblocks.10.ln_1.weight', torch.Size([512])), ('base_model.transformer.resblocks.10.ln_1.bias', torch.Size([512])), ('base_model.transformer.resblocks.10.ln_2.weight', torch.Size([512])), ('base_model.transformer.resblocks.10.ln_2.bias', torch.Size([512])), ('base_model.transformer.resblocks.11.ln_1.weight', torch.Size([512])), ('base_model.transformer.resblocks.11.ln_1.bias', torch.Size([512])), ('base_model.transformer.resblocks.11.ln_2.weight', torch.Size([512])), ('base_model.transformer.resblocks.11.ln_2.bias', torch.Size([512])), ('base_model.ln_final.weight', torch.Size([512])), ('base_model.ln_final.bias', torch.Size([512]))]
     TTA Dropout Modules Number: 
 0
     TTA Require Gradient Params Sum: 
 21504
Using 5.0 times learning rate for random init module 
### Start Test Time Adaptation : num_epoch = 20
/home/jiahao/task/IRRA/tta.py:67: FutureWarning: `torch.cuda.amp.autocast(args...)` is deprecated. Please use `torch.amp.autocast('cuda', args...)` instead.
  with torch.cuda.amp.autocast(enabled=True):
     Epoch[0] Iteration[10/323], entropy: 0.3361, uncertainty: 3.7653, uncertainty_coeffi: 0.0001, loss: 0.0650, lr: 8.35e-05
     Epoch[0] Iteration[20/323], entropy: 0.2710, uncertainty: 3.1795, uncertainty_coeffi: 0.0001, loss: 0.1168, lr: 1.09e-06
     Epoch[0] Iteration[30/323], entropy: 0.3029, uncertainty: 2.5635, uncertainty_coeffi: 0.0001, loss: 0.1469, lr: 6.55e-05
     Epoch[0] Iteration[40/323], entropy: 0.3607, uncertainty: 3.4390, uncertainty_coeffi: 0.0001, loss: 0.1234, lr: 8.35e-05
     Epoch[0] Iteration[50/323], entropy: 0.3489, uncertainty: 2.6743, uncertainty_coeffi: 0.0001, loss: 0.1063, lr: 1.09e-06
     Epoch[0] Iteration[60/323], entropy: 0.2328, uncertainty: 2.8437, uncertainty_coeffi: 0.0001, loss: 0.0915, lr: 6.55e-05
     Epoch[0] Iteration[70/323], entropy: 0.3133, uncertainty: 3.5693, uncertainty_coeffi: 0.0001, loss: 0.0861, lr: 8.35e-05
     Epoch[0] Iteration[80/323], entropy: 0.2144, uncertainty: 3.5477, uncertainty_coeffi: 0.0001, loss: 0.0746, lr: 1.09e-06
     Epoch[0] Iteration[90/323], entropy: 0.1459, uncertainty: 2.3483, uncertainty_coeffi: 0.0001, loss: 0.0673, lr: 6.55e-05
     Epoch[0] Iteration[100/323], entropy: 0.4823, uncertainty: 3.3714, uncertainty_coeffi: 0.0001, loss: 0.2001, lr: 8.35e-05
     Epoch[0] Iteration[110/323], entropy: 0.5334, uncertainty: 4.0797, uncertainty_coeffi: 0.0001, loss: 0.1315, lr: 1.09e-06
     Epoch[0] Iteration[120/323], entropy: 0.2499, uncertainty: 2.5366, uncertainty_coeffi: 0.0001, loss: 0.0801, lr: 6.55e-05
     Epoch[0] Iteration[130/323], entropy: 0.3438, uncertainty: 3.0336, uncertainty_coeffi: 0.0001, loss: 0.1507, lr: 8.35e-05
     Epoch[0] Iteration[140/323], entropy: 0.1909, uncertainty: 2.7463, uncertainty_coeffi: 0.0001, loss: 0.0889, lr: 1.09e-06
     Epoch[0] Iteration[150/323], entropy: 0.1193, uncertainty: 2.8852, uncertainty_coeffi: 0.0001, loss: 0.0330, lr: 6.55e-05
     Epoch[0] Iteration[160/323], entropy: 0.4396, uncertainty: 2.8207, uncertainty_coeffi: 0.0001, loss: 0.1322, lr: 8.35e-05
     Epoch[0] Iteration[170/323], entropy: 0.4566, uncertainty: 3.4640, uncertainty_coeffi: 0.0001, loss: 0.1998, lr: 1.09e-06
     Epoch[0] Iteration[180/323], entropy: 0.1923, uncertainty: 2.8444, uncertainty_coeffi: 0.0001, loss: 0.0652, lr: 6.55e-05
     Epoch[0] Iteration[190/323], entropy: 0.3085, uncertainty: 3.1987, uncertainty_coeffi: 0.0001, loss: 0.0698, lr: 8.35e-05
     Epoch[0] Iteration[200/323], entropy: 0.0820, uncertainty: 3.6191, uncertainty_coeffi: 0.0001, loss: 0.0389, lr: 1.09e-06
     Epoch[0] Iteration[210/323], entropy: 0.3048, uncertainty: 2.5379, uncertainty_coeffi: 0.0001, loss: 0.1475, lr: 6.55e-05
     Epoch[0] Iteration[220/323], entropy: 0.1439, uncertainty: 3.5522, uncertainty_coeffi: 0.0001, loss: 0.0409, lr: 8.35e-05
     Epoch[0] Iteration[230/323], entropy: 0.4472, uncertainty: 2.7986, uncertainty_coeffi: 0.0001, loss: 0.1517, lr: 1.09e-06
     Epoch[0] Iteration[240/323], entropy: 0.3686, uncertainty: 3.1634, uncertainty_coeffi: 0.0001, loss: 0.0968, lr: 6.55e-05
     Epoch[0] Iteration[250/323], entropy: 0.1719, uncertainty: 2.6353, uncertainty_coeffi: 0.0001, loss: 0.0655, lr: 8.35e-05
     Epoch[0] Iteration[260/323], entropy: 0.1973, uncertainty: 3.4544, uncertainty_coeffi: 0.0001, loss: 0.0603, lr: 1.09e-06
     Epoch[0] Iteration[270/323], entropy: 0.1798, uncertainty: 2.0927, uncertainty_coeffi: 0.0001, loss: 0.0642, lr: 6.55e-05
     Epoch[0] Iteration[280/323], entropy: 0.5261, uncertainty: 4.2886, uncertainty_coeffi: 0.0001, loss: 0.1068, lr: 8.35e-05
     Epoch[0] Iteration[290/323], entropy: 0.1086, uncertainty: 2.6513, uncertainty_coeffi: 0.0001, loss: 0.0492, lr: 1.09e-06
     Epoch[0] Iteration[300/323], entropy: 0.2127, uncertainty: 3.1483, uncertainty_coeffi: 0.0001, loss: 0.0768, lr: 6.55e-05
     Epoch[0] Iteration[310/323], entropy: 0.2343, uncertainty: 3.5490, uncertainty_coeffi: 0.0001, loss: 0.0688, lr: 8.35e-05
     Epoch[0] Iteration[320/323], entropy: 0.2221, uncertainty: 2.2765, uncertainty_coeffi: 0.0001, loss: 0.1296, lr: 1.09e-06
     Averaged stats: entropy_avg: 0.2826, uncertainty_avg: 3.0837, uncertainty_coeffi_avg: 0.0001, loss_avg: 0.0977, lr_avg: 4.95e-05
     itm tta time 0:01:00
### TTA Eval Score: 
+-------+--------+--------+--------+--------+--------+
| epoch |   R1   |   R5   |  R10   |  mAP   |  mINP  |
+-------+--------+--------+--------+--------+--------+
|  -999 | 70.647 | 86.940 | 91.797 | 63.400 | 47.058 |
|   0   | 70.793 | 86.875 | 91.927 | 63.472 | 47.184 |
+-------+--------+--------+--------+--------+--------+
     logs:  {'epo': 0, 'R1': np.float32(70.793), 'R5': np.float32(86.875), 'R10': np.float32(91.927), 'mAP': np.float32(63.472), 'mINP': np.float32(47.184), 'entropy': 0.2825597380287945, 'uncertainty': 3.0836948975920677, 'uncertainty_coeffi': 9.999999747378752e-05, 'loss': 0.09768388047814369, 'lr': 4.9517160946289154e-05}
     Epoch[1] Iteration[10/323], entropy: 0.2736, uncertainty: 3.0047, uncertainty_coeffi: 0.0001, loss: 0.1027, lr: 9.05e-05
     Epoch[1] Iteration[20/323], entropy: 0.3094, uncertainty: 2.9433, uncertainty_coeffi: 0.0001, loss: 0.1561, lr: 5.52e-05
     Epoch[1] Iteration[30/323], entropy: 0.3595, uncertainty: 3.4741, uncertainty_coeffi: 0.0001, loss: 0.1237, lr: 4.32e-06
     Epoch[1] Iteration[40/323], entropy: 0.4375, uncertainty: 3.5548, uncertainty_coeffi: 0.0001, loss: 0.1669, lr: 9.05e-05
     Epoch[1] Iteration[50/323], entropy: 0.2315, uncertainty: 2.4728, uncertainty_coeffi: 0.0001, loss: 0.0727, lr: 5.52e-05
     Epoch[1] Iteration[60/323], entropy: 0.4765, uncertainty: 3.1916, uncertainty_coeffi: 0.0001, loss: 0.2176, lr: 4.32e-06
     Epoch[1] Iteration[70/323], entropy: 0.1231, uncertainty: 2.9219, uncertainty_coeffi: 0.0001, loss: 0.0324, lr: 9.05e-05
     Epoch[1] Iteration[80/323], entropy: 0.2697, uncertainty: 3.1044, uncertainty_coeffi: 0.0001, loss: 0.0709, lr: 5.52e-05
     Epoch[1] Iteration[90/323], entropy: 0.4753, uncertainty: 3.8161, uncertainty_coeffi: 0.0001, loss: 0.1190, lr: 4.32e-06
     Epoch[1] Iteration[100/323], entropy: 0.3235, uncertainty: 2.6144, uncertainty_coeffi: 0.0001, loss: 0.1067, lr: 9.05e-05
     Epoch[1] Iteration[110/323], entropy: 0.2605, uncertainty: 2.6710, uncertainty_coeffi: 0.0001, loss: 0.0936, lr: 5.52e-05
     Epoch[1] Iteration[120/323], entropy: 0.2304, uncertainty: 2.7389, uncertainty_coeffi: 0.0001, loss: 0.0997, lr: 4.32e-06
     Epoch[1] Iteration[130/323], entropy: 0.2393, uncertainty: 2.9031, uncertainty_coeffi: 0.0001, loss: 0.0965, lr: 9.05e-05
     Epoch[1] Iteration[140/323], entropy: 0.2875, uncertainty: 3.6259, uncertainty_coeffi: 0.0001, loss: 0.0887, lr: 5.52e-05
     Epoch[1] Iteration[150/323], entropy: 0.1936, uncertainty: 2.4930, uncertainty_coeffi: 0.0001, loss: 0.1171, lr: 4.32e-06
     Epoch[1] Iteration[160/323], entropy: 0.0883, uncertainty: 2.9976, uncertainty_coeffi: 0.0001, loss: 0.0307, lr: 9.05e-05
     Epoch[1] Iteration[170/323], entropy: 0.0715, uncertainty: 3.1469, uncertainty_coeffi: 0.0001, loss: 0.0244, lr: 5.52e-05
     Epoch[1] Iteration[180/323], entropy: 0.3120, uncertainty: 3.3821, uncertainty_coeffi: 0.0001, loss: 0.1589, lr: 4.32e-06
     Epoch[1] Iteration[190/323], entropy: 0.1900, uncertainty: 2.2958, uncertainty_coeffi: 0.0001, loss: 0.0683, lr: 9.05e-05
     Epoch[1] Iteration[200/323], entropy: 0.3433, uncertainty: 3.5165, uncertainty_coeffi: 0.0001, loss: 0.0736, lr: 5.52e-05
     Epoch[1] Iteration[210/323], entropy: 0.1545, uncertainty: 3.6127, uncertainty_coeffi: 0.0001, loss: 0.0324, lr: 4.32e-06
     Epoch[1] Iteration[220/323], entropy: 0.2178, uncertainty: 3.7777, uncertainty_coeffi: 0.0001, loss: 0.0935, lr: 9.05e-05
     Epoch[1] Iteration[230/323], entropy: 0.3542, uncertainty: 2.8532, uncertainty_coeffi: 0.0001, loss: 0.1540, lr: 5.52e-05
     Epoch[1] Iteration[240/323], entropy: 0.2801, uncertainty: 2.1623, uncertainty_coeffi: 0.0001, loss: 0.1606, lr: 4.32e-06
     Epoch[1] Iteration[250/323], entropy: 0.1998, uncertainty: 3.0989, uncertainty_coeffi: 0.0001, loss: 0.0642, lr: 9.05e-05
     Epoch[1] Iteration[260/323], entropy: 0.3669, uncertainty: 2.4888, uncertainty_coeffi: 0.0001, loss: 0.1258, lr: 5.52e-05
     Epoch[1] Iteration[270/323], entropy: 0.3345, uncertainty: 3.3164, uncertainty_coeffi: 0.0001, loss: 0.1244, lr: 4.32e-06
     Epoch[1] Iteration[280/323], entropy: 0.0640, uncertainty: 2.4173, uncertainty_coeffi: 0.0001, loss: 0.0294, lr: 9.05e-05
     Epoch[1] Iteration[290/323], entropy: 0.2013, uncertainty: 2.5764, uncertainty_coeffi: 0.0001, loss: 0.0867, lr: 5.52e-05
     Epoch[1] Iteration[300/323], entropy: 0.3555, uncertainty: 3.6067, uncertainty_coeffi: 0.0001, loss: 0.1490, lr: 4.32e-06
     Epoch[1] Iteration[310/323], entropy: 0.3067, uncertainty: 1.8721, uncertainty_coeffi: 0.0001, loss: 0.1902, lr: 9.05e-05
     Epoch[1] Iteration[320/323], entropy: 0.1920, uncertainty: 2.8397, uncertainty_coeffi: 0.0001, loss: 0.0967, lr: 5.52e-05
     Averaged stats: entropy_avg: 0.2664, uncertainty_avg: 2.9841, uncertainty_coeffi_avg: 0.0001, loss_avg: 0.1040, lr_avg: 5.14e-05
     itm tta time 0:01:01
### TTA Eval Score: 
+-------+--------+--------+--------+--------+--------+
| epoch |   R1   |   R5   |  R10   |  mAP   |  mINP  |
+-------+--------+--------+--------+--------+--------+
|  -999 | 70.647 | 86.940 | 91.797 | 63.400 | 47.058 |
|   0   | 70.793 | 86.875 | 91.927 | 63.472 | 47.184 |
|   1   | 70.809 | 86.793 | 92.024 | 63.535 | 47.296 |
+-------+--------+--------+--------+--------+--------+
     logs:  {'epo': 1, 'R1': np.float32(70.809), 'R5': np.float32(86.793), 'R10': np.float32(92.024), 'mAP': np.float32(63.535), 'mINP': np.float32(47.296), 'entropy': 0.2663531620055437, 'uncertainty': 2.9840940572321415, 'uncertainty_coeffi': 9.999999747378752e-05, 'loss': 0.10397715761791915, 'lr': 5.142741477756647e-05}
     Epoch[2] Iteration[10/323], entropy: 0.1495, uncertainty: 3.0098, uncertainty_coeffi: 0.0001, loss: 0.0620, lr: 2.50e-05
     Epoch[2] Iteration[20/323], entropy: 0.4155, uncertainty: 3.7145, uncertainty_coeffi: 0.0001, loss: 0.0862, lr: 1.00e-04
     Epoch[2] Iteration[30/323], entropy: 0.2120, uncertainty: 2.0433, uncertainty_coeffi: 0.0001, loss: 0.1479, lr: 2.50e-05
     Epoch[2] Iteration[40/323], entropy: 0.2303, uncertainty: 3.2554, uncertainty_coeffi: 0.0001, loss: 0.0526, lr: 2.50e-05
     Epoch[2] Iteration[50/323], entropy: 0.4253, uncertainty: 2.8617, uncertainty_coeffi: 0.0001, loss: 0.2101, lr: 1.00e-04
     Epoch[2] Iteration[60/323], entropy: 0.2319, uncertainty: 3.4548, uncertainty_coeffi: 0.0001, loss: 0.0664, lr: 2.50e-05
     Epoch[2] Iteration[70/323], entropy: 0.1735, uncertainty: 3.2857, uncertainty_coeffi: 0.0001, loss: 0.0834, lr: 2.50e-05
     Epoch[2] Iteration[80/323], entropy: 0.3995, uncertainty: 3.2794, uncertainty_coeffi: 0.0001, loss: 0.1598, lr: 1.00e-04
     Epoch[2] Iteration[90/323], entropy: 0.1846, uncertainty: 3.1257, uncertainty_coeffi: 0.0001, loss: 0.0632, lr: 2.50e-05
     Epoch[2] Iteration[100/323], entropy: 0.2628, uncertainty: 3.0279, uncertainty_coeffi: 0.0001, loss: 0.1368, lr: 2.50e-05
     Epoch[2] Iteration[110/323], entropy: 0.1548, uncertainty: 2.1555, uncertainty_coeffi: 0.0001, loss: 0.0844, lr: 1.00e-04
     Epoch[2] Iteration[120/323], entropy: 0.1656, uncertainty: 2.5808, uncertainty_coeffi: 0.0001, loss: 0.0848, lr: 2.50e-05
     Epoch[2] Iteration[130/323], entropy: 0.3420, uncertainty: 4.2132, uncertainty_coeffi: 0.0001, loss: 0.0954, lr: 2.50e-05
     Epoch[2] Iteration[140/323], entropy: 0.2483, uncertainty: 2.5575, uncertainty_coeffi: 0.0001, loss: 0.0997, lr: 1.00e-04
     Epoch[2] Iteration[150/323], entropy: 0.2946, uncertainty: 3.8681, uncertainty_coeffi: 0.0001, loss: 0.0691, lr: 2.50e-05
     Epoch[2] Iteration[160/323], entropy: 0.1919, uncertainty: 2.8430, uncertainty_coeffi: 0.0001, loss: 0.0470, lr: 2.50e-05
     Epoch[2] Iteration[170/323], entropy: 0.0969, uncertainty: 2.6989, uncertainty_coeffi: 0.0001, loss: 0.0581, lr: 1.00e-04
     Epoch[2] Iteration[180/323], entropy: 0.5384, uncertainty: 3.9097, uncertainty_coeffi: 0.0001, loss: 0.1785, lr: 2.50e-05
     Epoch[2] Iteration[190/323], entropy: 0.5906, uncertainty: 4.1243, uncertainty_coeffi: 0.0001, loss: 0.1312, lr: 2.50e-05
     Epoch[2] Iteration[200/323], entropy: 0.3115, uncertainty: 2.8124, uncertainty_coeffi: 0.0001, loss: 0.1408, lr: 1.00e-04
     Epoch[2] Iteration[210/323], entropy: 0.3278, uncertainty: 2.9359, uncertainty_coeffi: 0.0001, loss: 0.1056, lr: 2.50e-05
     Epoch[2] Iteration[220/323], entropy: 0.2663, uncertainty: 2.5412, uncertainty_coeffi: 0.0001, loss: 0.0754, lr: 2.50e-05
     Epoch[2] Iteration[230/323], entropy: 0.3261, uncertainty: 2.7721, uncertainty_coeffi: 0.0001, loss: 0.1508, lr: 1.00e-04
     Epoch[2] Iteration[240/323], entropy: 0.2361, uncertainty: 3.2007, uncertainty_coeffi: 0.0001, loss: 0.0607, lr: 2.50e-05
     Epoch[2] Iteration[250/323], entropy: 0.1955, uncertainty: 2.6655, uncertainty_coeffi: 0.0001, loss: 0.0994, lr: 2.50e-05
     Epoch[2] Iteration[260/323], entropy: 0.2619, uncertainty: 2.6553, uncertainty_coeffi: 0.0001, loss: 0.0799, lr: 1.00e-04
     Epoch[2] Iteration[270/323], entropy: 0.1341, uncertainty: 2.9814, uncertainty_coeffi: 0.0001, loss: 0.0442, lr: 2.50e-05
     Epoch[2] Iteration[280/323], entropy: 0.4972, uncertainty: 3.2445, uncertainty_coeffi: 0.0001, loss: 0.2073, lr: 2.50e-05
     Epoch[2] Iteration[290/323], entropy: 0.3673, uncertainty: 2.6681, uncertainty_coeffi: 0.0001, loss: 0.1816, lr: 1.00e-04
     Epoch[2] Iteration[300/323], entropy: 0.2826, uncertainty: 3.2208, uncertainty_coeffi: 0.0001, loss: 0.1327, lr: 2.50e-05
     Epoch[2] Iteration[310/323], entropy: 0.2057, uncertainty: 3.8470, uncertainty_coeffi: 0.0001, loss: 0.0611, lr: 2.50e-05
     Epoch[2] Iteration[320/323], entropy: 0.1500, uncertainty: 3.1683, uncertainty_coeffi: 0.0001, loss: 0.0473, lr: 1.00e-04
     Averaged stats: entropy_avg: 0.2772, uncertainty_avg: 3.0851, uncertainty_coeffi_avg: 0.0001, loss_avg: 0.1032, lr_avg: 5.08e-05
     itm tta time 0:01:01
### TTA Eval Score: 
+-------+--------+--------+--------+--------+--------+
| epoch |   R1   |   R5   |  R10   |  mAP   |  mINP  |
+-------+--------+--------+--------+--------+--------+
|  -999 | 70.647 | 86.940 | 91.797 | 63.400 | 47.058 |
|   0   | 70.793 | 86.875 | 91.927 | 63.472 | 47.184 |
|   1   | 70.809 | 86.793 | 92.024 | 63.535 | 47.296 |
|   2   | 70.793 | 86.761 | 91.992 | 63.548 | 47.320 |
+-------+--------+--------+--------+--------+--------+
     logs:  {'epo': 2, 'R1': np.float32(70.793), 'R5': np.float32(86.761), 'R10': np.float32(91.992), 'mAP': np.float32(63.548), 'mINP': np.float32(47.32), 'entropy': 0.2771923756226897, 'uncertainty': 3.085078001022339, 'uncertainty_coeffi': 9.999999747378752e-05, 'loss': 0.1032283523818478, 'lr': 5.0781250000000154e-05}
     Epoch[3] Iteration[10/323], entropy: 0.5560, uncertainty: 2.7489, uncertainty_coeffi: 0.0001, loss: 0.2369, lr: 4.32e-06
     Epoch[3] Iteration[20/323], entropy: 0.1563, uncertainty: 2.0584, uncertainty_coeffi: 0.0001, loss: 0.0795, lr: 5.52e-05
     Epoch[3] Iteration[30/323], entropy: 0.1944, uncertainty: 2.6521, uncertainty_coeffi: 0.0001, loss: 0.1064, lr: 9.05e-05
     Epoch[3] Iteration[40/323], entropy: 0.2650, uncertainty: 3.4565, uncertainty_coeffi: 0.0001, loss: 0.0950, lr: 4.32e-06
     Epoch[3] Iteration[50/323], entropy: 0.2326, uncertainty: 3.5827, uncertainty_coeffi: 0.0001, loss: 0.0599, lr: 5.52e-05
     Epoch[3] Iteration[60/323], entropy: 0.3153, uncertainty: 2.2526, uncertainty_coeffi: 0.0001, loss: 0.1525, lr: 9.05e-05
     Epoch[3] Iteration[70/323], entropy: 0.3118, uncertainty: 3.9341, uncertainty_coeffi: 0.0001, loss: 0.0774, lr: 4.32e-06
     Epoch[3] Iteration[80/323], entropy: 0.2053, uncertainty: 2.7705, uncertainty_coeffi: 0.0001, loss: 0.0838, lr: 5.52e-05
     Epoch[3] Iteration[90/323], entropy: 0.0927, uncertainty: 2.6117, uncertainty_coeffi: 0.0001, loss: 0.0334, lr: 9.05e-05
     Epoch[3] Iteration[100/323], entropy: 0.4361, uncertainty: 3.6700, uncertainty_coeffi: 0.0001, loss: 0.1224, lr: 4.32e-06
     Epoch[3] Iteration[110/323], entropy: 0.3430, uncertainty: 3.9556, uncertainty_coeffi: 0.0001, loss: 0.1079, lr: 5.52e-05
     Epoch[3] Iteration[120/323], entropy: 0.2954, uncertainty: 3.1500, uncertainty_coeffi: 0.0001, loss: 0.1020, lr: 9.05e-05
     Epoch[3] Iteration[130/323], entropy: 0.3409, uncertainty: 3.8841, uncertainty_coeffi: 0.0001, loss: 0.1009, lr: 4.32e-06
     Epoch[3] Iteration[140/323], entropy: 0.3049, uncertainty: 2.8444, uncertainty_coeffi: 0.0001, loss: 0.1408, lr: 5.52e-05
     Epoch[3] Iteration[150/323], entropy: 0.4487, uncertainty: 3.3816, uncertainty_coeffi: 0.0001, loss: 0.1875, lr: 9.05e-05
     Epoch[3] Iteration[160/323], entropy: 0.2888, uncertainty: 3.5961, uncertainty_coeffi: 0.0001, loss: 0.0779, lr: 4.32e-06
     Epoch[3] Iteration[170/323], entropy: 0.2274, uncertainty: 3.4671, uncertainty_coeffi: 0.0001, loss: 0.0554, lr: 5.52e-05
     Epoch[3] Iteration[180/323], entropy: 0.4261, uncertainty: 3.6662, uncertainty_coeffi: 0.0001, loss: 0.1401, lr: 9.05e-05
     Epoch[3] Iteration[190/323], entropy: 0.2605, uncertainty: 2.8867, uncertainty_coeffi: 0.0001, loss: 0.0536, lr: 4.32e-06
     Epoch[3] Iteration[200/323], entropy: 0.2104, uncertainty: 2.5137, uncertainty_coeffi: 0.0001, loss: 0.1218, lr: 5.52e-05
     Epoch[3] Iteration[210/323], entropy: 0.3692, uncertainty: 3.1025, uncertainty_coeffi: 0.0001, loss: 0.0998, lr: 9.05e-05
     Epoch[3] Iteration[220/323], entropy: 0.1892, uncertainty: 2.9462, uncertainty_coeffi: 0.0001, loss: 0.0662, lr: 4.32e-06
     Epoch[3] Iteration[230/323], entropy: 0.1352, uncertainty: 2.5186, uncertainty_coeffi: 0.0001, loss: 0.0462, lr: 5.52e-05
     Epoch[3] Iteration[240/323], entropy: 0.4730, uncertainty: 4.0651, uncertainty_coeffi: 0.0001, loss: 0.0983, lr: 9.05e-05
     Epoch[3] Iteration[250/323], entropy: 0.2052, uncertainty: 4.1198, uncertainty_coeffi: 0.0001, loss: 0.0514, lr: 4.32e-06
     Epoch[3] Iteration[260/323], entropy: 0.3215, uncertainty: 2.7890, uncertainty_coeffi: 0.0001, loss: 0.1263, lr: 5.52e-05
     Epoch[3] Iteration[270/323], entropy: 0.1861, uncertainty: 3.6440, uncertainty_coeffi: 0.0001, loss: 0.0663, lr: 9.05e-05
     Epoch[3] Iteration[280/323], entropy: 0.2133, uncertainty: 2.9733, uncertainty_coeffi: 0.0001, loss: 0.0926, lr: 4.32e-06
     Epoch[3] Iteration[290/323], entropy: 0.1331, uncertainty: 2.6958, uncertainty_coeffi: 0.0001, loss: 0.0626, lr: 5.52e-05
     Epoch[3] Iteration[300/323], entropy: 0.4056, uncertainty: 3.8104, uncertainty_coeffi: 0.0001, loss: 0.1218, lr: 9.05e-05
     Epoch[3] Iteration[310/323], entropy: 0.2240, uncertainty: 2.6977, uncertainty_coeffi: 0.0001, loss: 0.1090, lr: 4.32e-06
     Epoch[3] Iteration[320/323], entropy: 0.3044, uncertainty: 3.8147, uncertainty_coeffi: 0.0001, loss: 0.0657, lr: 5.52e-05
     Averaged stats: entropy_avg: 0.2835, uncertainty_avg: 3.1956, uncertainty_coeffi_avg: 0.0001, loss_avg: 0.0982, lr_avg: 4.87e-05
     itm tta time 0:00:57
     Epoch[4] Iteration[10/323], entropy: 0.2766, uncertainty: 4.0805, uncertainty_coeffi: 0.0001, loss: 0.0676, lr: 6.55e-05
     Epoch[4] Iteration[20/323], entropy: 0.2223, uncertainty: 4.3482, uncertainty_coeffi: 0.0001, loss: 0.0451, lr: 1.09e-06
     Epoch[4] Iteration[30/323], entropy: 0.1022, uncertainty: 3.3420, uncertainty_coeffi: 0.0001, loss: 0.0533, lr: 8.35e-05
     Epoch[4] Iteration[40/323], entropy: 0.2869, uncertainty: 2.9048, uncertainty_coeffi: 0.0001, loss: 0.1307, lr: 6.55e-05
     Epoch[4] Iteration[50/323], entropy: 0.3482, uncertainty: 2.8431, uncertainty_coeffi: 0.0001, loss: 0.1094, lr: 1.09e-06
     Epoch[4] Iteration[60/323], entropy: 0.1731, uncertainty: 2.8678, uncertainty_coeffi: 0.0001, loss: 0.0556, lr: 8.35e-05
     Epoch[4] Iteration[70/323], entropy: 0.1538, uncertainty: 2.9450, uncertainty_coeffi: 0.0001, loss: 0.0355, lr: 6.55e-05
     Epoch[4] Iteration[80/323], entropy: 0.2649, uncertainty: 3.3791, uncertainty_coeffi: 0.0001, loss: 0.0648, lr: 1.09e-06
     Epoch[4] Iteration[90/323], entropy: 0.1216, uncertainty: 2.5886, uncertainty_coeffi: 0.0001, loss: 0.0583, lr: 8.35e-05
     Epoch[4] Iteration[100/323], entropy: 0.3354, uncertainty: 2.9214, uncertainty_coeffi: 0.0001, loss: 0.1066, lr: 6.55e-05
     Epoch[4] Iteration[110/323], entropy: 0.4000, uncertainty: 3.5534, uncertainty_coeffi: 0.0001, loss: 0.1037, lr: 1.09e-06
     Epoch[4] Iteration[120/323], entropy: 0.2954, uncertainty: 3.2603, uncertainty_coeffi: 0.0001, loss: 0.1398, lr: 8.35e-05
     Epoch[4] Iteration[130/323], entropy: 0.2595, uncertainty: 2.7451, uncertainty_coeffi: 0.0001, loss: 0.1294, lr: 6.55e-05
     Epoch[4] Iteration[140/323], entropy: 0.2200, uncertainty: 3.0260, uncertainty_coeffi: 0.0001, loss: 0.1176, lr: 1.09e-06
     Epoch[4] Iteration[150/323], entropy: 0.1665, uncertainty: 2.8058, uncertainty_coeffi: 0.0001, loss: 0.0757, lr: 8.35e-05
     Epoch[4] Iteration[160/323], entropy: 0.2039, uncertainty: 3.2927, uncertainty_coeffi: 0.0001, loss: 0.0579, lr: 6.55e-05
     Epoch[4] Iteration[170/323], entropy: 0.2170, uncertainty: 2.4963, uncertainty_coeffi: 0.0001, loss: 0.0831, lr: 1.09e-06
     Epoch[4] Iteration[180/323], entropy: 0.2277, uncertainty: 2.4488, uncertainty_coeffi: 0.0001, loss: 0.1100, lr: 8.35e-05
     Epoch[4] Iteration[190/323], entropy: 0.2315, uncertainty: 3.8201, uncertainty_coeffi: 0.0001, loss: 0.0720, lr: 6.55e-05
     Epoch[4] Iteration[200/323], entropy: 0.2746, uncertainty: 2.2784, uncertainty_coeffi: 0.0001, loss: 0.1643, lr: 1.09e-06
     Epoch[4] Iteration[210/323], entropy: 0.1889, uncertainty: 2.6838, uncertainty_coeffi: 0.0001, loss: 0.0727, lr: 8.35e-05
     Epoch[4] Iteration[220/323], entropy: 0.2297, uncertainty: 3.4425, uncertainty_coeffi: 0.0001, loss: 0.0686, lr: 6.55e-05
     Epoch[4] Iteration[230/323], entropy: 0.2025, uncertainty: 3.7410, uncertainty_coeffi: 0.0001, loss: 0.0625, lr: 1.09e-06
     Epoch[4] Iteration[240/323], entropy: 0.2661, uncertainty: 3.5135, uncertainty_coeffi: 0.0001, loss: 0.0780, lr: 8.35e-05
     Epoch[4] Iteration[250/323], entropy: 0.2453, uncertainty: 3.2578, uncertainty_coeffi: 0.0001, loss: 0.1406, lr: 6.55e-05
     Epoch[4] Iteration[260/323], entropy: 0.2502, uncertainty: 2.8315, uncertainty_coeffi: 0.0001, loss: 0.1198, lr: 1.09e-06
     Epoch[4] Iteration[270/323], entropy: 0.3971, uncertainty: 3.7839, uncertainty_coeffi: 0.0001, loss: 0.0841, lr: 8.35e-05
     Epoch[4] Iteration[280/323], entropy: 0.2798, uncertainty: 4.0017, uncertainty_coeffi: 0.0001, loss: 0.0553, lr: 6.55e-05
     Epoch[4] Iteration[290/323], entropy: 0.3337, uncertainty: 3.2156, uncertainty_coeffi: 0.0001, loss: 0.1238, lr: 1.09e-06
     Epoch[4] Iteration[300/323], entropy: 0.1662, uncertainty: 4.2825, uncertainty_coeffi: 0.0001, loss: 0.0371, lr: 8.35e-05
     Epoch[4] Iteration[310/323], entropy: 0.2544, uncertainty: 2.4548, uncertainty_coeffi: 0.0001, loss: 0.0726, lr: 6.55e-05
     Epoch[4] Iteration[320/323], entropy: 0.2637, uncertainty: 3.1281, uncertainty_coeffi: 0.0001, loss: 0.1279, lr: 1.09e-06
     Averaged stats: entropy_avg: 0.2456, uncertainty_avg: 3.1964, uncertainty_coeffi_avg: 0.0001, loss_avg: 0.0882, lr_avg: 4.90e-05
     itm tta time 0:00:59
### TTA Eval Score: 
+-------+--------+--------+--------+--------+--------+
| epoch |   R1   |   R5   |  R10   |  mAP   |  mINP  |
+-------+--------+--------+--------+--------+--------+
|  -999 | 70.647 | 86.940 | 91.797 | 63.400 | 47.058 |
|   0   | 70.793 | 86.875 | 91.927 | 63.472 | 47.184 |
|   1   | 70.809 | 86.793 | 92.024 | 63.535 | 47.296 |
|   2   | 70.793 | 86.761 | 91.992 | 63.548 | 47.320 |
|   4   | 70.695 | 86.728 | 91.910 | 63.512 | 47.325 |
+-------+--------+--------+--------+--------+--------+
     logs:  {'epo': 4, 'R1': np.float32(70.695), 'R5': np.float32(86.728), 'R10': np.float32(91.91), 'mAP': np.float32(63.512), 'mINP': np.float32(47.325), 'entropy': 0.24559031263925135, 'uncertainty': 3.19638529419899, 'uncertainty_coeffi': 9.999999747378752e-05, 'loss': 0.08823767851572484, 'lr': 4.895448342756406e-05}
     Epoch[5] Iteration[10/323], entropy: 0.3492, uncertainty: 3.4703, uncertainty_coeffi: 0.0001, loss: 0.1137, lr: 9.89e-05
     Epoch[5] Iteration[20/323], entropy: 0.3894, uncertainty: 3.5483, uncertainty_coeffi: 0.0001, loss: 0.1062, lr: 3.45e-05
     Epoch[5] Iteration[30/323], entropy: 0.3658, uncertainty: 3.0017, uncertainty_coeffi: 0.0001, loss: 0.1178, lr: 1.65e-05
     Epoch[5] Iteration[40/323], entropy: 0.2053, uncertainty: 2.4794, uncertainty_coeffi: 0.0001, loss: 0.0724, lr: 9.89e-05
     Epoch[5] Iteration[50/323], entropy: 0.2439, uncertainty: 2.8986, uncertainty_coeffi: 0.0001, loss: 0.0997, lr: 3.45e-05
     Epoch[5] Iteration[60/323], entropy: 0.1626, uncertainty: 2.6790, uncertainty_coeffi: 0.0001, loss: 0.0880, lr: 1.65e-05
     Epoch[5] Iteration[70/323], entropy: 0.2483, uncertainty: 3.7539, uncertainty_coeffi: 0.0001, loss: 0.0448, lr: 9.89e-05
     Epoch[5] Iteration[80/323], entropy: 0.1916, uncertainty: 3.7009, uncertainty_coeffi: 0.0001, loss: 0.0531, lr: 3.45e-05
     Epoch[5] Iteration[90/323], entropy: 0.2264, uncertainty: 2.5312, uncertainty_coeffi: 0.0001, loss: 0.0833, lr: 1.65e-05
     Epoch[5] Iteration[100/323], entropy: 0.1606, uncertainty: 3.7909, uncertainty_coeffi: 0.0001, loss: 0.0431, lr: 9.89e-05
     Epoch[5] Iteration[110/323], entropy: 0.1501, uncertainty: 2.2376, uncertainty_coeffi: 0.0001, loss: 0.0429, lr: 3.45e-05
     Epoch[5] Iteration[120/323], entropy: 0.0871, uncertainty: 2.9378, uncertainty_coeffi: 0.0001, loss: 0.0285, lr: 1.65e-05
     Epoch[5] Iteration[130/323], entropy: 0.3407, uncertainty: 3.5009, uncertainty_coeffi: 0.0001, loss: 0.1190, lr: 9.89e-05
     Epoch[5] Iteration[140/323], entropy: 0.4456, uncertainty: 3.8789, uncertainty_coeffi: 0.0001, loss: 0.1393, lr: 3.45e-05
     Epoch[5] Iteration[150/323], entropy: 0.4140, uncertainty: 2.6007, uncertainty_coeffi: 0.0001, loss: 0.1531, lr: 1.65e-05
     Epoch[5] Iteration[160/323], entropy: 0.2678, uncertainty: 3.4216, uncertainty_coeffi: 0.0001, loss: 0.0602, lr: 9.89e-05
     Epoch[5] Iteration[170/323], entropy: 0.1586, uncertainty: 2.5286, uncertainty_coeffi: 0.0001, loss: 0.1012, lr: 3.45e-05
     Epoch[5] Iteration[180/323], entropy: 0.0913, uncertainty: 3.0317, uncertainty_coeffi: 0.0001, loss: 0.0389, lr: 1.65e-05
     Epoch[5] Iteration[190/323], entropy: 0.3800, uncertainty: 4.0400, uncertainty_coeffi: 0.0001, loss: 0.0801, lr: 9.89e-05
     Epoch[5] Iteration[200/323], entropy: 0.3116, uncertainty: 2.8527, uncertainty_coeffi: 0.0001, loss: 0.1326, lr: 3.45e-05
     Epoch[5] Iteration[210/323], entropy: 0.0802, uncertainty: 2.7090, uncertainty_coeffi: 0.0001, loss: 0.0337, lr: 1.65e-05
     Epoch[5] Iteration[220/323], entropy: 0.1653, uncertainty: 3.2857, uncertainty_coeffi: 0.0001, loss: 0.0494, lr: 9.89e-05
     Epoch[5] Iteration[230/323], entropy: 0.2530, uncertainty: 3.3874, uncertainty_coeffi: 0.0001, loss: 0.1019, lr: 3.45e-05
     Epoch[5] Iteration[240/323], entropy: 0.3431, uncertainty: 2.5828, uncertainty_coeffi: 0.0001, loss: 0.1347, lr: 1.65e-05
     Epoch[5] Iteration[250/323], entropy: 0.2446, uncertainty: 3.4369, uncertainty_coeffi: 0.0001, loss: 0.0825, lr: 9.89e-05
     Epoch[5] Iteration[260/323], entropy: 0.4588, uncertainty: 3.4176, uncertainty_coeffi: 0.0001, loss: 0.1986, lr: 3.45e-05
     Epoch[5] Iteration[270/323], entropy: 0.2314, uncertainty: 2.8610, uncertainty_coeffi: 0.0001, loss: 0.0825, lr: 1.65e-05
     Epoch[5] Iteration[280/323], entropy: 0.4433, uncertainty: 3.1763, uncertainty_coeffi: 0.0001, loss: 0.1436, lr: 9.89e-05
     Epoch[5] Iteration[290/323], entropy: 0.2467, uncertainty: 3.8459, uncertainty_coeffi: 0.0001, loss: 0.0607, lr: 3.45e-05
     Epoch[5] Iteration[300/323], entropy: 0.2587, uncertainty: 4.0861, uncertainty_coeffi: 0.0001, loss: 0.0605, lr: 1.65e-05
     Epoch[5] Iteration[310/323], entropy: 0.1879, uncertainty: 2.6902, uncertainty_coeffi: 0.0001, loss: 0.0546, lr: 9.89e-05
     Epoch[5] Iteration[320/323], entropy: 0.2456, uncertainty: 3.0673, uncertainty_coeffi: 0.0001, loss: 0.0965, lr: 3.45e-05
     Averaged stats: entropy_avg: 0.2609, uncertainty_avg: 3.1697, uncertainty_coeffi_avg: 0.0001, loss_avg: 0.0880, lr_avg: 5.10e-05
     itm tta time 0:01:00
     Epoch[6] Iteration[10/323], entropy: 0.1632, uncertainty: 2.9501, uncertainty_coeffi: 0.0001, loss: 0.0678, lr: 4.48e-05
     Epoch[6] Iteration[20/323], entropy: 0.1643, uncertainty: 2.4118, uncertainty_coeffi: 0.0001, loss: 0.0692, lr: 9.57e-05
     Epoch[6] Iteration[30/323], entropy: 0.1455, uncertainty: 2.4042, uncertainty_coeffi: 0.0001, loss: 0.1030, lr: 9.55e-06
     Epoch[6] Iteration[40/323], entropy: 0.1955, uncertainty: 3.7955, uncertainty_coeffi: 0.0001, loss: 0.0480, lr: 4.48e-05
     Epoch[6] Iteration[50/323], entropy: 0.2896, uncertainty: 3.6517, uncertainty_coeffi: 0.0001, loss: 0.0962, lr: 9.57e-05
     Epoch[6] Iteration[60/323], entropy: 0.1256, uncertainty: 3.3028, uncertainty_coeffi: 0.0001, loss: 0.0422, lr: 9.55e-06
     Epoch[6] Iteration[70/323], entropy: 0.2437, uncertainty: 3.2004, uncertainty_coeffi: 0.0001, loss: 0.0780, lr: 4.48e-05
     Epoch[6] Iteration[80/323], entropy: 0.2070, uncertainty: 2.9244, uncertainty_coeffi: 0.0001, loss: 0.0485, lr: 9.89e-05
     Epoch[6] Iteration[90/323], entropy: 0.1514, uncertainty: 3.3106, uncertainty_coeffi: 0.0001, loss: 0.0408, lr: 1.65e-05
     Epoch[6] Iteration[100/323], entropy: 0.3485, uncertainty: 3.6043, uncertainty_coeffi: 0.0001, loss: 0.0699, lr: 3.45e-05
     Epoch[6] Iteration[110/323], entropy: 0.4249, uncertainty: 3.5081, uncertainty_coeffi: 0.0001, loss: 0.1554, lr: 9.89e-05
     Epoch[6] Iteration[120/323], entropy: 0.2576, uncertainty: 3.2445, uncertainty_coeffi: 0.0001, loss: 0.0627, lr: 1.65e-05
     Epoch[6] Iteration[130/323], entropy: 0.4482, uncertainty: 3.6950, uncertainty_coeffi: 0.0001, loss: 0.1450, lr: 3.45e-05
     Epoch[6] Iteration[140/323], entropy: 0.1868, uncertainty: 2.5948, uncertainty_coeffi: 0.0001, loss: 0.0611, lr: 9.89e-05
     Epoch[6] Iteration[150/323], entropy: 0.1134, uncertainty: 2.8186, uncertainty_coeffi: 0.0001, loss: 0.0559, lr: 1.65e-05
     Epoch[6] Iteration[160/323], entropy: 0.2638, uncertainty: 3.0885, uncertainty_coeffi: 0.0001, loss: 0.0916, lr: 3.45e-05
     Epoch[6] Iteration[170/323], entropy: 0.2265, uncertainty: 2.8952, uncertainty_coeffi: 0.0001, loss: 0.0791, lr: 9.89e-05
     Epoch[6] Iteration[180/323], entropy: 0.1354, uncertainty: 2.8272, uncertainty_coeffi: 0.0001, loss: 0.0556, lr: 1.65e-05
     Epoch[6] Iteration[190/323], entropy: 0.2160, uncertainty: 2.7214, uncertainty_coeffi: 0.0001, loss: 0.1155, lr: 3.45e-05
     Epoch[6] Iteration[200/323], entropy: 0.1985, uncertainty: 3.0298, uncertainty_coeffi: 0.0001, loss: 0.0663, lr: 9.89e-05
     Epoch[6] Iteration[210/323], entropy: 0.3302, uncertainty: 2.9673, uncertainty_coeffi: 0.0001, loss: 0.1703, lr: 1.65e-05
     Epoch[6] Iteration[220/323], entropy: 0.1287, uncertainty: 2.8279, uncertainty_coeffi: 0.0001, loss: 0.0541, lr: 3.45e-05
     Epoch[6] Iteration[230/323], entropy: 0.2502, uncertainty: 2.8265, uncertainty_coeffi: 0.0001, loss: 0.1016, lr: 9.89e-05
     Epoch[6] Iteration[240/323], entropy: 0.2004, uncertainty: 4.0919, uncertainty_coeffi: 0.0001, loss: 0.0472, lr: 1.65e-05
     Epoch[6] Iteration[250/323], entropy: 0.2941, uncertainty: 3.5409, uncertainty_coeffi: 0.0001, loss: 0.0903, lr: 3.45e-05
     Epoch[6] Iteration[260/323], entropy: 0.2943, uncertainty: 3.3308, uncertainty_coeffi: 0.0001, loss: 0.0839, lr: 9.89e-05
     Epoch[6] Iteration[270/323], entropy: 0.1547, uncertainty: 3.7466, uncertainty_coeffi: 0.0001, loss: 0.0463, lr: 1.65e-05
     Epoch[6] Iteration[280/323], entropy: 0.3161, uncertainty: 3.0211, uncertainty_coeffi: 0.0001, loss: 0.1137, lr: 3.45e-05
     Epoch[6] Iteration[290/323], entropy: 0.3876, uncertainty: 3.8537, uncertainty_coeffi: 0.0001, loss: 0.0870, lr: 9.89e-05
     Epoch[6] Iteration[300/323], entropy: 0.4216, uncertainty: 3.7441, uncertainty_coeffi: 0.0001, loss: 0.1622, lr: 1.65e-05
     Epoch[6] Iteration[310/323], entropy: 0.2204, uncertainty: 2.4816, uncertainty_coeffi: 0.0001, loss: 0.1054, lr: 3.45e-05
     Epoch[6] Iteration[320/323], entropy: 0.3217, uncertainty: 2.6662, uncertainty_coeffi: 0.0001, loss: 0.1527, lr: 9.89e-05
     Averaged stats: entropy_avg: 0.2445, uncertainty_avg: 3.1587, uncertainty_coeffi_avg: 0.0001, loss_avg: 0.0865, lr_avg: 5.14e-05
     itm tta time 0:01:01
     Epoch[7] Iteration[10/323], entropy: 0.1942, uncertainty: 2.7675, uncertainty_coeffi: 0.0001, loss: 0.0630, lr: 1.09e-06
     Epoch[7] Iteration[20/323], entropy: 0.2762, uncertainty: 3.4696, uncertainty_coeffi: 0.0001, loss: 0.0638, lr: 6.55e-05
     Epoch[7] Iteration[30/323], entropy: 0.1992, uncertainty: 2.7492, uncertainty_coeffi: 0.0001, loss: 0.1005, lr: 8.35e-05
     Epoch[7] Iteration[40/323], entropy: 0.1877, uncertainty: 3.2148, uncertainty_coeffi: 0.0001, loss: 0.0664, lr: 1.09e-06
     Epoch[7] Iteration[50/323], entropy: 0.2857, uncertainty: 2.7833, uncertainty_coeffi: 0.0001, loss: 0.0864, lr: 6.55e-05
     Epoch[7] Iteration[60/323], entropy: 0.3215, uncertainty: 3.3415, uncertainty_coeffi: 0.0001, loss: 0.0987, lr: 8.35e-05
     Epoch[7] Iteration[70/323], entropy: 0.2613, uncertainty: 3.1064, uncertainty_coeffi: 0.0001, loss: 0.1137, lr: 1.09e-06
     Epoch[7] Iteration[80/323], entropy: 0.3745, uncertainty: 2.6733, uncertainty_coeffi: 0.0001, loss: 0.1927, lr: 6.55e-05
     Epoch[7] Iteration[90/323], entropy: 0.2355, uncertainty: 2.6786, uncertainty_coeffi: 0.0001, loss: 0.0896, lr: 8.35e-05
     Epoch[7] Iteration[100/323], entropy: 0.3113, uncertainty: 4.0558, uncertainty_coeffi: 0.0001, loss: 0.1287, lr: 1.09e-06
     Epoch[7] Iteration[110/323], entropy: 0.1309, uncertainty: 3.7174, uncertainty_coeffi: 0.0001, loss: 0.0304, lr: 6.55e-05
     Epoch[7] Iteration[120/323], entropy: 0.2017, uncertainty: 2.9794, uncertainty_coeffi: 0.0001, loss: 0.0595, lr: 8.35e-05
     Epoch[7] Iteration[130/323], entropy: 0.1729, uncertainty: 2.8505, uncertainty_coeffi: 0.0001, loss: 0.0328, lr: 1.09e-06
     Epoch[7] Iteration[140/323], entropy: 0.2593, uncertainty: 3.1683, uncertainty_coeffi: 0.0001, loss: 0.1145, lr: 6.55e-05
     Epoch[7] Iteration[150/323], entropy: 0.1517, uncertainty: 3.5122, uncertainty_coeffi: 0.0001, loss: 0.0378, lr: 8.35e-05
     Epoch[7] Iteration[160/323], entropy: 0.3325, uncertainty: 2.8880, uncertainty_coeffi: 0.0001, loss: 0.1278, lr: 1.09e-06
     Epoch[7] Iteration[170/323], entropy: 0.1748, uncertainty: 3.3229, uncertainty_coeffi: 0.0001, loss: 0.0349, lr: 6.55e-05
     Epoch[7] Iteration[180/323], entropy: 0.1953, uncertainty: 2.7559, uncertainty_coeffi: 0.0001, loss: 0.1023, lr: 8.35e-05
     Epoch[7] Iteration[190/323], entropy: 0.3460, uncertainty: 3.7398, uncertainty_coeffi: 0.0001, loss: 0.0657, lr: 1.09e-06
     Epoch[7] Iteration[200/323], entropy: 0.1963, uncertainty: 3.3689, uncertainty_coeffi: 0.0001, loss: 0.0446, lr: 6.55e-05
     Epoch[7] Iteration[210/323], entropy: 0.2090, uncertainty: 3.2705, uncertainty_coeffi: 0.0001, loss: 0.0795, lr: 8.35e-05
     Epoch[7] Iteration[220/323], entropy: 0.2356, uncertainty: 3.0049, uncertainty_coeffi: 0.0001, loss: 0.0831, lr: 1.09e-06
     Epoch[7] Iteration[230/323], entropy: 0.1828, uncertainty: 3.6713, uncertainty_coeffi: 0.0001, loss: 0.0441, lr: 6.55e-05
     Epoch[7] Iteration[240/323], entropy: 0.2585, uncertainty: 3.1238, uncertainty_coeffi: 0.0001, loss: 0.0818, lr: 8.35e-05
     Epoch[7] Iteration[250/323], entropy: 0.1383, uncertainty: 2.6334, uncertainty_coeffi: 0.0001, loss: 0.0506, lr: 1.09e-06
     Epoch[7] Iteration[260/323], entropy: 0.2539, uncertainty: 3.6741, uncertainty_coeffi: 0.0001, loss: 0.0845, lr: 6.55e-05
     Epoch[7] Iteration[270/323], entropy: 0.4915, uncertainty: 3.6953, uncertainty_coeffi: 0.0001, loss: 0.1818, lr: 8.35e-05
     Epoch[7] Iteration[280/323], entropy: 0.2251, uncertainty: 3.5662, uncertainty_coeffi: 0.0001, loss: 0.0656, lr: 1.09e-06
     Epoch[7] Iteration[290/323], entropy: 0.3912, uncertainty: 3.7002, uncertainty_coeffi: 0.0001, loss: 0.1126, lr: 6.55e-05
     Epoch[7] Iteration[300/323], entropy: 0.2041, uncertainty: 2.2303, uncertainty_coeffi: 0.0001, loss: 0.0841, lr: 8.35e-05
     Epoch[7] Iteration[310/323], entropy: 0.2977, uncertainty: 4.3945, uncertainty_coeffi: 0.0001, loss: 0.0652, lr: 1.09e-06
     Epoch[7] Iteration[320/323], entropy: 0.1941, uncertainty: 2.5743, uncertainty_coeffi: 0.0001, loss: 0.0719, lr: 6.55e-05
     Averaged stats: entropy_avg: 0.2466, uncertainty_avg: 3.2088, uncertainty_coeffi_avg: 0.0001, loss_avg: 0.0831, lr_avg: 4.90e-05
     itm tta time 0:01:01
     Epoch[8] Iteration[10/323], entropy: 0.1842, uncertainty: 3.1268, uncertainty_coeffi: 0.0001, loss: 0.0471, lr: 5.52e-05
     Epoch[8] Iteration[20/323], entropy: 0.1948, uncertainty: 2.4963, uncertainty_coeffi: 0.0001, loss: 0.0583, lr: 4.32e-06
     Epoch[8] Iteration[30/323], entropy: 0.3821, uncertainty: 3.3183, uncertainty_coeffi: 0.0001, loss: 0.1680, lr: 9.05e-05
     Epoch[8] Iteration[40/323], entropy: 0.4089, uncertainty: 3.9358, uncertainty_coeffi: 0.0001, loss: 0.0987, lr: 5.52e-05
     Epoch[8] Iteration[50/323], entropy: 0.2146, uncertainty: 2.5311, uncertainty_coeffi: 0.0001, loss: 0.0772, lr: 4.32e-06
     Epoch[8] Iteration[60/323], entropy: 0.4075, uncertainty: 3.6947, uncertainty_coeffi: 0.0001, loss: 0.1116, lr: 9.05e-05
     Epoch[8] Iteration[70/323], entropy: 0.1250, uncertainty: 3.4378, uncertainty_coeffi: 0.0001, loss: 0.0559, lr: 5.52e-05
     Epoch[8] Iteration[80/323], entropy: 0.2350, uncertainty: 2.8325, uncertainty_coeffi: 0.0001, loss: 0.1004, lr: 4.32e-06
     Epoch[8] Iteration[90/323], entropy: 0.1931, uncertainty: 3.5945, uncertainty_coeffi: 0.0001, loss: 0.0477, lr: 9.05e-05
     Epoch[8] Iteration[100/323], entropy: 0.2645, uncertainty: 3.0781, uncertainty_coeffi: 0.0001, loss: 0.0904, lr: 5.52e-05
     Epoch[8] Iteration[110/323], entropy: 0.2736, uncertainty: 3.1965, uncertainty_coeffi: 0.0001, loss: 0.0885, lr: 4.32e-06
     Epoch[8] Iteration[120/323], entropy: 0.2131, uncertainty: 2.5147, uncertainty_coeffi: 0.0001, loss: 0.0730, lr: 9.05e-05
     Epoch[8] Iteration[130/323], entropy: 0.1907, uncertainty: 3.3267, uncertainty_coeffi: 0.0001, loss: 0.0943, lr: 5.52e-05
     Epoch[8] Iteration[140/323], entropy: 0.2150, uncertainty: 2.5370, uncertainty_coeffi: 0.0001, loss: 0.0411, lr: 4.32e-06
     Epoch[8] Iteration[150/323], entropy: 0.3103, uncertainty: 2.6286, uncertainty_coeffi: 0.0001, loss: 0.1045, lr: 9.05e-05
     Epoch[8] Iteration[160/323], entropy: 0.1570, uncertainty: 2.6396, uncertainty_coeffi: 0.0001, loss: 0.0602, lr: 5.52e-05
     Epoch[8] Iteration[170/323], entropy: 0.2709, uncertainty: 2.9687, uncertainty_coeffi: 0.0001, loss: 0.0999, lr: 4.32e-06
     Epoch[8] Iteration[180/323], entropy: 0.2605, uncertainty: 3.7301, uncertainty_coeffi: 0.0001, loss: 0.1199, lr: 9.05e-05
     Epoch[8] Iteration[190/323], entropy: 0.2275, uncertainty: 2.3918, uncertainty_coeffi: 0.0001, loss: 0.1374, lr: 5.52e-05
     Epoch[8] Iteration[200/323], entropy: 0.3162, uncertainty: 2.8870, uncertainty_coeffi: 0.0001, loss: 0.1287, lr: 4.32e-06
     Epoch[8] Iteration[210/323], entropy: 0.4680, uncertainty: 3.5858, uncertainty_coeffi: 0.0001, loss: 0.0859, lr: 9.05e-05
     Epoch[8] Iteration[220/323], entropy: 0.3419, uncertainty: 2.4380, uncertainty_coeffi: 0.0001, loss: 0.1772, lr: 5.52e-05
     Epoch[8] Iteration[230/323], entropy: 0.2056, uncertainty: 2.9125, uncertainty_coeffi: 0.0001, loss: 0.0752, lr: 4.32e-06
     Epoch[8] Iteration[240/323], entropy: 0.1397, uncertainty: 2.5570, uncertainty_coeffi: 0.0001, loss: 0.0734, lr: 9.05e-05
     Epoch[8] Iteration[250/323], entropy: 0.1586, uncertainty: 1.9921, uncertainty_coeffi: 0.0001, loss: 0.0717, lr: 5.52e-05
     Epoch[8] Iteration[260/323], entropy: 0.2959, uncertainty: 3.8197, uncertainty_coeffi: 0.0001, loss: 0.0658, lr: 4.32e-06
     Epoch[8] Iteration[270/323], entropy: 0.3045, uncertainty: 2.6168, uncertainty_coeffi: 0.0001, loss: 0.1850, lr: 9.05e-05
     Epoch[8] Iteration[280/323], entropy: 0.2143, uncertainty: 2.8720, uncertainty_coeffi: 0.0001, loss: 0.1114, lr: 5.52e-05
     Epoch[8] Iteration[290/323], entropy: 0.3743, uncertainty: 3.2059, uncertainty_coeffi: 0.0001, loss: 0.0842, lr: 4.32e-06
     Epoch[8] Iteration[300/323], entropy: 0.3090, uncertainty: 2.7042, uncertainty_coeffi: 0.0001, loss: 0.1041, lr: 9.05e-05
     Epoch[8] Iteration[310/323], entropy: 0.3332, uncertainty: 3.4754, uncertainty_coeffi: 0.0001, loss: 0.0937, lr: 5.52e-05
     Epoch[8] Iteration[320/323], entropy: 0.3129, uncertainty: 2.6792, uncertainty_coeffi: 0.0001, loss: 0.1522, lr: 4.32e-06
     Averaged stats: entropy_avg: 0.2657, uncertainty_avg: 2.9914, uncertainty_coeffi_avg: 0.0001, loss_avg: 0.0963, lr_avg: 4.87e-05
     itm tta time 0:01:01
     Epoch[9] Iteration[10/323], entropy: 0.4467, uncertainty: 3.2499, uncertainty_coeffi: 0.0001, loss: 0.1345, lr: 1.00e-04
     Epoch[9] Iteration[20/323], entropy: 0.1321, uncertainty: 2.2052, uncertainty_coeffi: 0.0001, loss: 0.0686, lr: 2.50e-05
     Epoch[9] Iteration[30/323], entropy: 0.2507, uncertainty: 2.9263, uncertainty_coeffi: 0.0001, loss: 0.0912, lr: 2.50e-05
     Epoch[9] Iteration[40/323], entropy: 0.5148, uncertainty: 3.5585, uncertainty_coeffi: 0.0001, loss: 0.1463, lr: 1.00e-04
     Epoch[9] Iteration[50/323], entropy: 0.2459, uncertainty: 2.9343, uncertainty_coeffi: 0.0001, loss: 0.0732, lr: 2.50e-05
     Epoch[9] Iteration[60/323], entropy: 0.2295, uncertainty: 2.9995, uncertainty_coeffi: 0.0001, loss: 0.0736, lr: 2.50e-05
     Epoch[9] Iteration[70/323], entropy: 0.1153, uncertainty: 3.4650, uncertainty_coeffi: 0.0001, loss: 0.0334, lr: 1.00e-04
     Epoch[9] Iteration[80/323], entropy: 0.1709, uncertainty: 2.8311, uncertainty_coeffi: 0.0001, loss: 0.0623, lr: 2.50e-05
     Epoch[9] Iteration[90/323], entropy: 0.2541, uncertainty: 3.6279, uncertainty_coeffi: 0.0001, loss: 0.1189, lr: 2.50e-05
     Epoch[9] Iteration[100/323], entropy: 0.2507, uncertainty: 3.4847, uncertainty_coeffi: 0.0001, loss: 0.0776, lr: 1.00e-04
     Epoch[9] Iteration[110/323], entropy: 0.1841, uncertainty: 2.7553, uncertainty_coeffi: 0.0001, loss: 0.0957, lr: 2.50e-05
     Epoch[9] Iteration[120/323], entropy: 0.2921, uncertainty: 2.8677, uncertainty_coeffi: 0.0001, loss: 0.0696, lr: 2.50e-05
     Epoch[9] Iteration[130/323], entropy: 0.3890, uncertainty: 3.4811, uncertainty_coeffi: 0.0001, loss: 0.1003, lr: 1.00e-04
     Epoch[9] Iteration[140/323], entropy: 0.3136, uncertainty: 3.2754, uncertainty_coeffi: 0.0001, loss: 0.0653, lr: 2.50e-05
     Epoch[9] Iteration[150/323], entropy: 0.4058, uncertainty: 4.2065, uncertainty_coeffi: 0.0001, loss: 0.1114, lr: 2.50e-05
     Epoch[9] Iteration[160/323], entropy: 0.1911, uncertainty: 3.6664, uncertainty_coeffi: 0.0001, loss: 0.0567, lr: 1.00e-04
     Epoch[9] Iteration[170/323], entropy: 0.4085, uncertainty: 3.2493, uncertainty_coeffi: 0.0001, loss: 0.1505, lr: 2.50e-05
     Epoch[9] Iteration[180/323], entropy: 0.5742, uncertainty: 3.1904, uncertainty_coeffi: 0.0001, loss: 0.1893, lr: 2.50e-05
     Epoch[9] Iteration[190/323], entropy: 0.3539, uncertainty: 2.2750, uncertainty_coeffi: 0.0001, loss: 0.1691, lr: 1.00e-04
     Epoch[9] Iteration[200/323], entropy: 0.1921, uncertainty: 2.7622, uncertainty_coeffi: 0.0001, loss: 0.1034, lr: 2.50e-05
     Epoch[9] Iteration[210/323], entropy: 0.1963, uncertainty: 3.3433, uncertainty_coeffi: 0.0001, loss: 0.0847, lr: 2.50e-05
     Epoch[9] Iteration[220/323], entropy: 0.1613, uncertainty: 3.0743, uncertainty_coeffi: 0.0001, loss: 0.0508, lr: 1.00e-04
     Epoch[9] Iteration[230/323], entropy: 0.1588, uncertainty: 3.2561, uncertainty_coeffi: 0.0001, loss: 0.0865, lr: 2.50e-05
     Epoch[9] Iteration[240/323], entropy: 0.6114, uncertainty: 3.2004, uncertainty_coeffi: 0.0001, loss: 0.2558, lr: 2.50e-05
     Epoch[9] Iteration[250/323], entropy: 0.2724, uncertainty: 2.9139, uncertainty_coeffi: 0.0001, loss: 0.0933, lr: 1.00e-04
     Epoch[9] Iteration[260/323], entropy: 0.2986, uncertainty: 3.5119, uncertainty_coeffi: 0.0001, loss: 0.0589, lr: 2.50e-05
     Epoch[9] Iteration[270/323], entropy: 0.2457, uncertainty: 3.5265, uncertainty_coeffi: 0.0001, loss: 0.1218, lr: 2.50e-05
     Epoch[9] Iteration[280/323], entropy: 0.1186, uncertainty: 2.4925, uncertainty_coeffi: 0.0001, loss: 0.0305, lr: 1.00e-04
     Epoch[9] Iteration[290/323], entropy: 0.1543, uncertainty: 2.9546, uncertainty_coeffi: 0.0001, loss: 0.0772, lr: 2.50e-05
     Epoch[9] Iteration[300/323], entropy: 0.1940, uncertainty: 3.2939, uncertainty_coeffi: 0.0001, loss: 0.0640, lr: 2.50e-05
     Epoch[9] Iteration[310/323], entropy: 0.0640, uncertainty: 2.6427, uncertainty_coeffi: 0.0001, loss: 0.0281, lr: 1.00e-04
     Epoch[9] Iteration[320/323], entropy: 0.2639, uncertainty: 4.2061, uncertainty_coeffi: 0.0001, loss: 0.0582, lr: 2.50e-05
     Averaged stats: entropy_avg: 0.2705, uncertainty_avg: 3.1696, uncertainty_coeffi_avg: 0.0001, loss_avg: 0.0938, lr_avg: 5.08e-05
     itm tta time 0:01:03
### TTA Eval Score: 
+-------+--------+--------+--------+--------+--------+
| epoch |   R1   |   R5   |  R10   |  mAP   |  mINP  |
+-------+--------+--------+--------+--------+--------+
|  -999 | 70.647 | 86.940 | 91.797 | 63.400 | 47.058 |
|   0   | 70.793 | 86.875 | 91.927 | 63.472 | 47.184 |
|   1   | 70.809 | 86.793 | 92.024 | 63.535 | 47.296 |
|   2   | 70.793 | 86.761 | 91.992 | 63.548 | 47.320 |
|   4   | 70.695 | 86.728 | 91.910 | 63.512 | 47.325 |
|   9   | 70.500 | 86.858 | 91.829 | 63.497 | 47.320 |
+-------+--------+--------+--------+--------+--------+
     logs:  {'epo': 9, 'R1': np.float32(70.5), 'R5': np.float32(86.858), 'R10': np.float32(91.829), 'mAP': np.float32(63.497), 'mINP': np.float32(47.32), 'entropy': 0.2704557857941836, 'uncertainty': 3.169621877372265, 'uncertainty_coeffi': 9.999999747378752e-05, 'loss': 0.09377037122612819, 'lr': 5.0781250000000885e-05}
     Epoch[10] Iteration[10/323], entropy: 0.4799, uncertainty: 3.7805, uncertainty_coeffi: 0.0001, loss: 0.1478, lr: 5.52e-05
     Epoch[10] Iteration[20/323], entropy: 0.3004, uncertainty: 2.4071, uncertainty_coeffi: 0.0001, loss: 0.1689, lr: 9.05e-05
     Epoch[10] Iteration[30/323], entropy: 0.4095, uncertainty: 3.1419, uncertainty_coeffi: 0.0001, loss: 0.1689, lr: 4.32e-06
     Epoch[10] Iteration[40/323], entropy: 0.1529, uncertainty: 2.8539, uncertainty_coeffi: 0.0001, loss: 0.0468, lr: 5.52e-05
     Epoch[10] Iteration[50/323], entropy: 0.2974, uncertainty: 2.7501, uncertainty_coeffi: 0.0001, loss: 0.1943, lr: 9.05e-05
     Epoch[10] Iteration[60/323], entropy: 0.2340, uncertainty: 2.1851, uncertainty_coeffi: 0.0001, loss: 0.1077, lr: 4.32e-06
     Epoch[10] Iteration[70/323], entropy: 0.2157, uncertainty: 3.1546, uncertainty_coeffi: 0.0001, loss: 0.0609, lr: 5.52e-05
     Epoch[10] Iteration[80/323], entropy: 0.2017, uncertainty: 3.0719, uncertainty_coeffi: 0.0001, loss: 0.0654, lr: 9.05e-05
     Epoch[10] Iteration[90/323], entropy: 0.3553, uncertainty: 3.9556, uncertainty_coeffi: 0.0001, loss: 0.1177, lr: 4.32e-06
     Epoch[10] Iteration[100/323], entropy: 0.1999, uncertainty: 2.8604, uncertainty_coeffi: 0.0001, loss: 0.0720, lr: 5.52e-05
     Epoch[10] Iteration[110/323], entropy: 0.2049, uncertainty: 2.7352, uncertainty_coeffi: 0.0001, loss: 0.0730, lr: 9.05e-05
     Epoch[10] Iteration[120/323], entropy: 0.2877, uncertainty: 3.3084, uncertainty_coeffi: 0.0001, loss: 0.1244, lr: 4.32e-06
     Epoch[10] Iteration[130/323], entropy: 0.3936, uncertainty: 2.7513, uncertainty_coeffi: 0.0001, loss: 0.1802, lr: 5.52e-05
     Epoch[10] Iteration[140/323], entropy: 0.3123, uncertainty: 3.4354, uncertainty_coeffi: 0.0001, loss: 0.0955, lr: 9.05e-05
     Epoch[10] Iteration[150/323], entropy: 0.2218, uncertainty: 2.6010, uncertainty_coeffi: 0.0001, loss: 0.0897, lr: 4.32e-06
     Epoch[10] Iteration[160/323], entropy: 0.1808, uncertainty: 2.6138, uncertainty_coeffi: 0.0001, loss: 0.0852, lr: 5.52e-05
     Epoch[10] Iteration[170/323], entropy: 0.2500, uncertainty: 2.6313, uncertainty_coeffi: 0.0001, loss: 0.1351, lr: 9.05e-05
     Epoch[10] Iteration[180/323], entropy: 0.1106, uncertainty: 2.6829, uncertainty_coeffi: 0.0001, loss: 0.0466, lr: 4.32e-06
     Epoch[10] Iteration[190/323], entropy: 0.1290, uncertainty: 3.5154, uncertainty_coeffi: 0.0001, loss: 0.0347, lr: 5.52e-05
     Epoch[10] Iteration[200/323], entropy: 0.1623, uncertainty: 3.0471, uncertainty_coeffi: 0.0001, loss: 0.0761, lr: 9.05e-05
     Epoch[10] Iteration[210/323], entropy: 0.1665, uncertainty: 3.4402, uncertainty_coeffi: 0.0001, loss: 0.0629, lr: 4.32e-06
     Epoch[10] Iteration[220/323], entropy: 0.2031, uncertainty: 1.8221, uncertainty_coeffi: 0.0001, loss: 0.1521, lr: 5.52e-05
     Epoch[10] Iteration[230/323], entropy: 0.2749, uncertainty: 2.3893, uncertainty_coeffi: 0.0001, loss: 0.1120, lr: 9.05e-05
     Epoch[10] Iteration[240/323], entropy: 0.2579, uncertainty: 2.0601, uncertainty_coeffi: 0.0001, loss: 0.1306, lr: 4.32e-06
     Epoch[10] Iteration[250/323], entropy: 0.4906, uncertainty: 3.7314, uncertainty_coeffi: 0.0001, loss: 0.1115, lr: 5.52e-05
     Epoch[10] Iteration[260/323], entropy: 0.3335, uncertainty: 3.2557, uncertainty_coeffi: 0.0001, loss: 0.1112, lr: 9.05e-05
     Epoch[10] Iteration[270/323], entropy: 0.1961, uncertainty: 3.1042, uncertainty_coeffi: 0.0001, loss: 0.0782, lr: 4.32e-06
     Epoch[10] Iteration[280/323], entropy: 0.2683, uncertainty: 3.0457, uncertainty_coeffi: 0.0001, loss: 0.1027, lr: 5.52e-05
     Epoch[10] Iteration[290/323], entropy: 0.4662, uncertainty: 3.2987, uncertainty_coeffi: 0.0001, loss: 0.1097, lr: 9.05e-05
     Epoch[10] Iteration[300/323], entropy: 0.3159, uncertainty: 3.5100, uncertainty_coeffi: 0.0001, loss: 0.1004, lr: 4.32e-06
     Epoch[10] Iteration[310/323], entropy: 0.2513, uncertainty: 3.1716, uncertainty_coeffi: 0.0001, loss: 0.0932, lr: 5.52e-05
     Epoch[10] Iteration[320/323], entropy: 0.2782, uncertainty: 3.0770, uncertainty_coeffi: 0.0001, loss: 0.0941, lr: 9.05e-05
     Averaged stats: entropy_avg: 0.2688, uncertainty_avg: 2.9809, uncertainty_coeffi_avg: 0.0001, loss_avg: 0.1047, lr_avg: 5.14e-05
     itm tta time 0:00:58
     Epoch[11] Iteration[10/323], entropy: 0.4097, uncertainty: 3.6635, uncertainty_coeffi: 0.0001, loss: 0.1360, lr: 1.09e-06
     Epoch[11] Iteration[20/323], entropy: 0.2097, uncertainty: 2.9761, uncertainty_coeffi: 0.0001, loss: 0.0847, lr: 8.35e-05
     Epoch[11] Iteration[30/323], entropy: 0.1823, uncertainty: 3.0438, uncertainty_coeffi: 0.0001, loss: 0.0613, lr: 6.55e-05
     Epoch[11] Iteration[40/323], entropy: 0.1475, uncertainty: 2.9644, uncertainty_coeffi: 0.0001, loss: 0.0340, lr: 1.09e-06
     Epoch[11] Iteration[50/323], entropy: 0.1328, uncertainty: 2.5733, uncertainty_coeffi: 0.0001, loss: 0.0464, lr: 8.35e-05
     Epoch[11] Iteration[60/323], entropy: 0.3850, uncertainty: 4.1401, uncertainty_coeffi: 0.0001, loss: 0.0880, lr: 6.55e-05
     Epoch[11] Iteration[70/323], entropy: 0.2962, uncertainty: 2.8467, uncertainty_coeffi: 0.0001, loss: 0.1582, lr: 1.09e-06
     Epoch[11] Iteration[80/323], entropy: 0.3142, uncertainty: 2.6052, uncertainty_coeffi: 0.0001, loss: 0.0946, lr: 8.35e-05
     Epoch[11] Iteration[90/323], entropy: 0.1560, uncertainty: 3.5863, uncertainty_coeffi: 0.0001, loss: 0.0320, lr: 6.55e-05
     Epoch[11] Iteration[100/323], entropy: 0.4079, uncertainty: 4.6137, uncertainty_coeffi: 0.0001, loss: 0.0945, lr: 1.09e-06
     Epoch[11] Iteration[110/323], entropy: 0.2124, uncertainty: 3.7737, uncertainty_coeffi: 0.0001, loss: 0.0801, lr: 8.35e-05
     Epoch[11] Iteration[120/323], entropy: 0.2272, uncertainty: 3.2004, uncertainty_coeffi: 0.0001, loss: 0.1031, lr: 6.55e-05
     Epoch[11] Iteration[130/323], entropy: 0.2143, uncertainty: 2.6492, uncertainty_coeffi: 0.0001, loss: 0.0960, lr: 1.09e-06
     Epoch[11] Iteration[140/323], entropy: 0.3756, uncertainty: 3.0584, uncertainty_coeffi: 0.0001, loss: 0.1205, lr: 8.35e-05
     Epoch[11] Iteration[150/323], entropy: 0.1506, uncertainty: 2.6762, uncertainty_coeffi: 0.0001, loss: 0.0394, lr: 6.55e-05
     Epoch[11] Iteration[160/323], entropy: 0.3683, uncertainty: 3.9475, uncertainty_coeffi: 0.0001, loss: 0.1454, lr: 1.09e-06
     Epoch[11] Iteration[170/323], entropy: 0.3309, uncertainty: 3.7674, uncertainty_coeffi: 0.0001, loss: 0.1108, lr: 8.35e-05
     Epoch[11] Iteration[180/323], entropy: 0.3122, uncertainty: 3.9340, uncertainty_coeffi: 0.0001, loss: 0.1187, lr: 6.55e-05
     Epoch[11] Iteration[190/323], entropy: 0.1462, uncertainty: 3.1307, uncertainty_coeffi: 0.0001, loss: 0.0534, lr: 1.09e-06
     Epoch[11] Iteration[200/323], entropy: 0.1263, uncertainty: 2.8258, uncertainty_coeffi: 0.0001, loss: 0.0553, lr: 8.35e-05
     Epoch[11] Iteration[210/323], entropy: 0.3702, uncertainty: 3.3936, uncertainty_coeffi: 0.0001, loss: 0.1146, lr: 6.55e-05
     Epoch[11] Iteration[220/323], entropy: 0.3418, uncertainty: 2.9237, uncertainty_coeffi: 0.0001, loss: 0.1158, lr: 1.09e-06
     Epoch[11] Iteration[230/323], entropy: 0.2452, uncertainty: 4.3045, uncertainty_coeffi: 0.0001, loss: 0.0545, lr: 8.35e-05
     Epoch[11] Iteration[240/323], entropy: 0.3329, uncertainty: 3.2846, uncertainty_coeffi: 0.0001, loss: 0.0953, lr: 6.55e-05
     Epoch[11] Iteration[250/323], entropy: 0.3736, uncertainty: 3.3989, uncertainty_coeffi: 0.0001, loss: 0.1510, lr: 1.09e-06
     Epoch[11] Iteration[260/323], entropy: 0.1739, uncertainty: 2.4971, uncertainty_coeffi: 0.0001, loss: 0.0818, lr: 8.35e-05
     Epoch[11] Iteration[270/323], entropy: 0.1951, uncertainty: 3.8059, uncertainty_coeffi: 0.0001, loss: 0.0467, lr: 6.55e-05
     Epoch[11] Iteration[280/323], entropy: 0.4027, uncertainty: 3.4118, uncertainty_coeffi: 0.0001, loss: 0.1898, lr: 1.09e-06
     Epoch[11] Iteration[290/323], entropy: 0.1862, uncertainty: 3.6843, uncertainty_coeffi: 0.0001, loss: 0.0566, lr: 8.35e-05
     Epoch[11] Iteration[300/323], entropy: 0.2070, uncertainty: 3.3203, uncertainty_coeffi: 0.0001, loss: 0.0999, lr: 6.55e-05
     Epoch[11] Iteration[310/323], entropy: 0.1158, uncertainty: 2.7453, uncertainty_coeffi: 0.0001, loss: 0.0427, lr: 1.09e-06
     Epoch[11] Iteration[320/323], entropy: 0.2774, uncertainty: 3.7139, uncertainty_coeffi: 0.0001, loss: 0.0498, lr: 8.35e-05
     Averaged stats: entropy_avg: 0.2602, uncertainty_avg: 3.3269, uncertainty_coeffi_avg: 0.0001, loss_avg: 0.0891, lr_avg: 4.95e-05
     itm tta time 0:00:59
     Epoch[12] Iteration[10/323], entropy: 0.2472, uncertainty: 2.7528, uncertainty_coeffi: 0.0001, loss: 0.0933, lr: 3.45e-05
     Epoch[12] Iteration[20/323], entropy: 0.4613, uncertainty: 2.5648, uncertainty_coeffi: 0.0001, loss: 0.2198, lr: 1.65e-05
     Epoch[12] Iteration[30/323], entropy: 0.3541, uncertainty: 2.5883, uncertainty_coeffi: 0.0001, loss: 0.1356, lr: 9.89e-05
     Epoch[12] Iteration[40/323], entropy: 0.2203, uncertainty: 3.7365, uncertainty_coeffi: 0.0001, loss: 0.0640, lr: 3.45e-05
     Epoch[12] Iteration[50/323], entropy: 0.3963, uncertainty: 2.7138, uncertainty_coeffi: 0.0001, loss: 0.1388, lr: 1.65e-05
     Epoch[12] Iteration[60/323], entropy: 0.1216, uncertainty: 2.2878, uncertainty_coeffi: 0.0001, loss: 0.0399, lr: 9.89e-05
     Epoch[12] Iteration[70/323], entropy: 0.1490, uncertainty: 3.7104, uncertainty_coeffi: 0.0001, loss: 0.0353, lr: 3.45e-05
     Epoch[12] Iteration[80/323], entropy: 0.2604, uncertainty: 3.2081, uncertainty_coeffi: 0.0001, loss: 0.0574, lr: 1.65e-05
     Epoch[12] Iteration[90/323], entropy: 0.0957, uncertainty: 3.9054, uncertainty_coeffi: 0.0001, loss: 0.0334, lr: 9.89e-05
     Epoch[12] Iteration[100/323], entropy: 0.1957, uncertainty: 3.5075, uncertainty_coeffi: 0.0001, loss: 0.0912, lr: 3.45e-05
     Epoch[12] Iteration[110/323], entropy: 0.2349, uncertainty: 3.3822, uncertainty_coeffi: 0.0001, loss: 0.0835, lr: 1.65e-05
     Epoch[12] Iteration[120/323], entropy: 0.1712, uncertainty: 4.5823, uncertainty_coeffi: 0.0001, loss: 0.0319, lr: 9.89e-05
     Epoch[12] Iteration[130/323], entropy: 0.0946, uncertainty: 2.8493, uncertainty_coeffi: 0.0001, loss: 0.0243, lr: 3.45e-05
     Epoch[12] Iteration[140/323], entropy: 0.2755, uncertainty: 3.1007, uncertainty_coeffi: 0.0001, loss: 0.0727, lr: 9.55e-06
     Epoch[12] Iteration[150/323], entropy: 0.3423, uncertainty: 2.9370, uncertainty_coeffi: 0.0001, loss: 0.1149, lr: 9.57e-05
     Epoch[12] Iteration[160/323], entropy: 0.3098, uncertainty: 2.8987, uncertainty_coeffi: 0.0001, loss: 0.1013, lr: 4.48e-05
     Epoch[12] Iteration[170/323], entropy: 0.4503, uncertainty: 3.2253, uncertainty_coeffi: 0.0001, loss: 0.1916, lr: 9.55e-06
     Epoch[12] Iteration[180/323], entropy: 0.2029, uncertainty: 3.9959, uncertainty_coeffi: 0.0001, loss: 0.0561, lr: 9.57e-05
     Epoch[12] Iteration[190/323], entropy: 0.1582, uncertainty: 2.6590, uncertainty_coeffi: 0.0001, loss: 0.0970, lr: 4.48e-05
     Epoch[12] Iteration[200/323], entropy: 0.2937, uncertainty: 3.6260, uncertainty_coeffi: 0.0001, loss: 0.0651, lr: 9.55e-06
     Epoch[12] Iteration[210/323], entropy: 0.3225, uncertainty: 3.1933, uncertainty_coeffi: 0.0001, loss: 0.1476, lr: 9.57e-05
     Epoch[12] Iteration[220/323], entropy: 0.2390, uncertainty: 3.2469, uncertainty_coeffi: 0.0001, loss: 0.1225, lr: 4.48e-05
     Epoch[12] Iteration[230/323], entropy: 0.1546, uncertainty: 2.6731, uncertainty_coeffi: 0.0001, loss: 0.0650, lr: 9.55e-06
     Epoch[12] Iteration[240/323], entropy: 0.0804, uncertainty: 2.9934, uncertainty_coeffi: 0.0001, loss: 0.0184, lr: 9.57e-05
     Epoch[12] Iteration[250/323], entropy: 0.2962, uncertainty: 2.7173, uncertainty_coeffi: 0.0001, loss: 0.1354, lr: 4.48e-05
     Epoch[12] Iteration[260/323], entropy: 0.3643, uncertainty: 3.4725, uncertainty_coeffi: 0.0001, loss: 0.1312, lr: 9.55e-06
     Epoch[12] Iteration[270/323], entropy: 0.1179, uncertainty: 2.7103, uncertainty_coeffi: 0.0001, loss: 0.0713, lr: 9.57e-05
     Epoch[12] Iteration[280/323], entropy: 0.2688, uncertainty: 2.7272, uncertainty_coeffi: 0.0001, loss: 0.1087, lr: 4.48e-05
     Epoch[12] Iteration[290/323], entropy: 0.1904, uncertainty: 2.9082, uncertainty_coeffi: 0.0001, loss: 0.0810, lr: 9.55e-06
     Epoch[12] Iteration[300/323], entropy: 0.3250, uncertainty: 3.5906, uncertainty_coeffi: 0.0001, loss: 0.0672, lr: 9.57e-05
     Epoch[12] Iteration[310/323], entropy: 0.2417, uncertainty: 2.7670, uncertainty_coeffi: 0.0001, loss: 0.0797, lr: 4.48e-05
     Epoch[12] Iteration[320/323], entropy: 0.1576, uncertainty: 3.3883, uncertainty_coeffi: 0.0001, loss: 0.0452, lr: 9.55e-06
     Averaged stats: entropy_avg: 0.2435, uncertainty_avg: 3.1444, uncertainty_coeffi_avg: 0.0001, loss_avg: 0.0881, lr_avg: 4.83e-05
     itm tta time 0:01:02
     Epoch[13] Iteration[10/323], entropy: 0.1498, uncertainty: 3.9949, uncertainty_coeffi: 0.0001, loss: 0.0453, lr: 9.89e-05
     Epoch[13] Iteration[20/323], entropy: 0.1678, uncertainty: 3.0230, uncertainty_coeffi: 0.0001, loss: 0.0580, lr: 1.65e-05
     Epoch[13] Iteration[30/323], entropy: 0.1811, uncertainty: 3.4106, uncertainty_coeffi: 0.0001, loss: 0.0475, lr: 3.45e-05
     Epoch[13] Iteration[40/323], entropy: 0.3447, uncertainty: 3.6971, uncertainty_coeffi: 0.0001, loss: 0.1277, lr: 9.89e-05
     Epoch[13] Iteration[50/323], entropy: 0.3830, uncertainty: 3.5831, uncertainty_coeffi: 0.0001, loss: 0.2034, lr: 1.65e-05
     Epoch[13] Iteration[60/323], entropy: 0.1870, uncertainty: 2.8361, uncertainty_coeffi: 0.0001, loss: 0.0963, lr: 3.45e-05
     Epoch[13] Iteration[70/323], entropy: 0.1870, uncertainty: 2.3205, uncertainty_coeffi: 0.0001, loss: 0.1055, lr: 9.89e-05
     Epoch[13] Iteration[80/323], entropy: 0.2582, uncertainty: 2.7004, uncertainty_coeffi: 0.0001, loss: 0.1016, lr: 1.65e-05
     Epoch[13] Iteration[90/323], entropy: 0.2326, uncertainty: 2.4170, uncertainty_coeffi: 0.0001, loss: 0.0759, lr: 3.45e-05
     Epoch[13] Iteration[100/323], entropy: 0.1501, uncertainty: 2.7380, uncertainty_coeffi: 0.0001, loss: 0.0632, lr: 9.89e-05
     Epoch[13] Iteration[110/323], entropy: 0.1195, uncertainty: 2.9383, uncertainty_coeffi: 0.0001, loss: 0.0418, lr: 1.65e-05
     Epoch[13] Iteration[120/323], entropy: 0.2883, uncertainty: 3.6477, uncertainty_coeffi: 0.0001, loss: 0.0816, lr: 3.45e-05
     Epoch[13] Iteration[130/323], entropy: 0.0578, uncertainty: 3.3325, uncertainty_coeffi: 0.0001, loss: 0.0137, lr: 9.89e-05
     Epoch[13] Iteration[140/323], entropy: 0.3529, uncertainty: 3.3935, uncertainty_coeffi: 0.0001, loss: 0.1152, lr: 1.65e-05
     Epoch[13] Iteration[150/323], entropy: 0.3683, uncertainty: 2.7141, uncertainty_coeffi: 0.0001, loss: 0.1453, lr: 3.45e-05
     Epoch[13] Iteration[160/323], entropy: 0.1193, uncertainty: 3.3696, uncertainty_coeffi: 0.0001, loss: 0.0328, lr: 9.89e-05
     Epoch[13] Iteration[170/323], entropy: 0.2151, uncertainty: 2.7214, uncertainty_coeffi: 0.0001, loss: 0.0670, lr: 1.65e-05
     Epoch[13] Iteration[180/323], entropy: 0.2685, uncertainty: 3.0779, uncertainty_coeffi: 0.0001, loss: 0.0887, lr: 3.45e-05
     Epoch[13] Iteration[190/323], entropy: 0.2086, uncertainty: 2.3969, uncertainty_coeffi: 0.0001, loss: 0.1029, lr: 9.89e-05
     Epoch[13] Iteration[200/323], entropy: 0.2521, uncertainty: 3.8553, uncertainty_coeffi: 0.0001, loss: 0.0688, lr: 1.65e-05
     Epoch[13] Iteration[210/323], entropy: 0.3593, uncertainty: 2.8974, uncertainty_coeffi: 0.0001, loss: 0.1093, lr: 3.45e-05
     Epoch[13] Iteration[220/323], entropy: 0.1876, uncertainty: 3.1465, uncertainty_coeffi: 0.0001, loss: 0.1005, lr: 9.89e-05
     Epoch[13] Iteration[230/323], entropy: 0.1737, uncertainty: 2.8218, uncertainty_coeffi: 0.0001, loss: 0.0582, lr: 1.65e-05
     Epoch[13] Iteration[240/323], entropy: 0.2206, uncertainty: 3.8357, uncertainty_coeffi: 0.0001, loss: 0.0420, lr: 3.45e-05
     Epoch[13] Iteration[250/323], entropy: 0.1759, uncertainty: 2.8320, uncertainty_coeffi: 0.0001, loss: 0.0624, lr: 9.89e-05
     Epoch[13] Iteration[260/323], entropy: 0.2241, uncertainty: 3.0474, uncertainty_coeffi: 0.0001, loss: 0.0944, lr: 1.65e-05
     Epoch[13] Iteration[270/323], entropy: 0.4357, uncertainty: 3.6807, uncertainty_coeffi: 0.0001, loss: 0.1194, lr: 3.45e-05
     Epoch[13] Iteration[280/323], entropy: 0.3872, uncertainty: 3.3588, uncertainty_coeffi: 0.0001, loss: 0.1617, lr: 9.89e-05
     Epoch[13] Iteration[290/323], entropy: 0.2924, uncertainty: 3.1303, uncertainty_coeffi: 0.0001, loss: 0.1531, lr: 1.65e-05
     Epoch[13] Iteration[300/323], entropy: 0.1820, uncertainty: 2.9850, uncertainty_coeffi: 0.0001, loss: 0.0821, lr: 3.45e-05
     Epoch[13] Iteration[310/323], entropy: 0.1886, uncertainty: 2.5021, uncertainty_coeffi: 0.0001, loss: 0.0841, lr: 9.89e-05
     Epoch[13] Iteration[320/323], entropy: 0.3173, uncertainty: 2.7941, uncertainty_coeffi: 0.0001, loss: 0.0866, lr: 1.65e-05
     Averaged stats: entropy_avg: 0.2386, uncertainty_avg: 3.1000, uncertainty_coeffi_avg: 0.0001, loss_avg: 0.0886, lr_avg: 5.05e-05
     itm tta time 0:01:03
     Epoch[14] Iteration[10/323], entropy: 0.1082, uncertainty: 3.0346, uncertainty_coeffi: 0.0001, loss: 0.0557, lr: 6.55e-05
     Epoch[14] Iteration[20/323], entropy: 0.1744, uncertainty: 3.3183, uncertainty_coeffi: 0.0001, loss: 0.0840, lr: 8.35e-05
     Epoch[14] Iteration[30/323], entropy: 0.1990, uncertainty: 4.5817, uncertainty_coeffi: 0.0001, loss: 0.0411, lr: 1.09e-06
     Epoch[14] Iteration[40/323], entropy: 0.2918, uncertainty: 2.7799, uncertainty_coeffi: 0.0001, loss: 0.1615, lr: 6.55e-05
     Epoch[14] Iteration[50/323], entropy: 0.2332, uncertainty: 3.7590, uncertainty_coeffi: 0.0001, loss: 0.0467, lr: 8.35e-05
     Epoch[14] Iteration[60/323], entropy: 0.2668, uncertainty: 2.6984, uncertainty_coeffi: 0.0001, loss: 0.1380, lr: 1.09e-06
     Epoch[14] Iteration[70/323], entropy: 0.2923, uncertainty: 2.8882, uncertainty_coeffi: 0.0001, loss: 0.0922, lr: 6.55e-05
     Epoch[14] Iteration[80/323], entropy: 0.3813, uncertainty: 3.4915, uncertainty_coeffi: 0.0001, loss: 0.0751, lr: 8.35e-05
     Epoch[14] Iteration[90/323], entropy: 0.3488, uncertainty: 3.3277, uncertainty_coeffi: 0.0001, loss: 0.1064, lr: 1.09e-06
     Epoch[14] Iteration[100/323], entropy: 0.3604, uncertainty: 2.9727, uncertainty_coeffi: 0.0001, loss: 0.1019, lr: 6.55e-05
     Epoch[14] Iteration[110/323], entropy: 0.2164, uncertainty: 3.4606, uncertainty_coeffi: 0.0001, loss: 0.0680, lr: 8.35e-05
     Epoch[14] Iteration[120/323], entropy: 0.2593, uncertainty: 2.4164, uncertainty_coeffi: 0.0001, loss: 0.1544, lr: 1.09e-06
     Epoch[14] Iteration[130/323], entropy: 0.2762, uncertainty: 3.5786, uncertainty_coeffi: 0.0001, loss: 0.0963, lr: 6.55e-05
     Epoch[14] Iteration[140/323], entropy: 0.1791, uncertainty: 3.7300, uncertainty_coeffi: 0.0001, loss: 0.0403, lr: 8.35e-05
     Epoch[14] Iteration[150/323], entropy: 0.3129, uncertainty: 2.6333, uncertainty_coeffi: 0.0001, loss: 0.1640, lr: 1.09e-06
     Epoch[14] Iteration[160/323], entropy: 0.1432, uncertainty: 3.2114, uncertainty_coeffi: 0.0001, loss: 0.0397, lr: 6.55e-05
     Epoch[14] Iteration[170/323], entropy: 0.3824, uncertainty: 3.2485, uncertainty_coeffi: 0.0001, loss: 0.1474, lr: 8.35e-05
     Epoch[14] Iteration[180/323], entropy: 0.3951, uncertainty: 2.9132, uncertainty_coeffi: 0.0001, loss: 0.1813, lr: 1.09e-06
     Epoch[14] Iteration[190/323], entropy: 0.2860, uncertainty: 3.1848, uncertainty_coeffi: 0.0001, loss: 0.1080, lr: 6.55e-05
     Epoch[14] Iteration[200/323], entropy: 0.2338, uncertainty: 2.9979, uncertainty_coeffi: 0.0001, loss: 0.1193, lr: 8.35e-05
     Epoch[14] Iteration[210/323], entropy: 0.2621, uncertainty: 2.4248, uncertainty_coeffi: 0.0001, loss: 0.1155, lr: 1.09e-06
     Epoch[14] Iteration[220/323], entropy: 0.3050, uncertainty: 4.2386, uncertainty_coeffi: 0.0001, loss: 0.0611, lr: 6.55e-05
     Epoch[14] Iteration[230/323], entropy: 0.2293, uncertainty: 3.3537, uncertainty_coeffi: 0.0001, loss: 0.0551, lr: 8.35e-05
     Epoch[14] Iteration[240/323], entropy: 0.2953, uncertainty: 2.9912, uncertainty_coeffi: 0.0001, loss: 0.1126, lr: 1.09e-06
     Epoch[14] Iteration[250/323], entropy: 0.1779, uncertainty: 3.4899, uncertainty_coeffi: 0.0001, loss: 0.0490, lr: 6.55e-05
     Epoch[14] Iteration[260/323], entropy: 0.3160, uncertainty: 3.3048, uncertainty_coeffi: 0.0001, loss: 0.1556, lr: 8.35e-05
     Epoch[14] Iteration[270/323], entropy: 0.3047, uncertainty: 2.7513, uncertainty_coeffi: 0.0001, loss: 0.0847, lr: 1.09e-06
     Epoch[14] Iteration[280/323], entropy: 0.2476, uncertainty: 2.8789, uncertainty_coeffi: 0.0001, loss: 0.1035, lr: 6.55e-05
     Epoch[14] Iteration[290/323], entropy: 0.1577, uncertainty: 2.2936, uncertainty_coeffi: 0.0001, loss: 0.0587, lr: 8.35e-05
     Epoch[14] Iteration[300/323], entropy: 0.1856, uncertainty: 3.4922, uncertainty_coeffi: 0.0001, loss: 0.0470, lr: 1.09e-06
     Epoch[14] Iteration[310/323], entropy: 0.1801, uncertainty: 2.8823, uncertainty_coeffi: 0.0001, loss: 0.0609, lr: 6.55e-05
     Epoch[14] Iteration[320/323], entropy: 0.2988, uncertainty: 3.7689, uncertainty_coeffi: 0.0001, loss: 0.0982, lr: 8.35e-05
     Averaged stats: entropy_avg: 0.2594, uncertainty_avg: 3.1905, uncertainty_coeffi_avg: 0.0001, loss_avg: 0.0945, lr_avg: 5.15e-05
     itm tta time 0:01:00
### TTA Eval Score: 
+-------+--------+--------+--------+--------+--------+
| epoch |   R1   |   R5   |  R10   |  mAP   |  mINP  |
+-------+--------+--------+--------+--------+--------+
|  -999 | 70.647 | 86.940 | 91.797 | 63.400 | 47.058 |
|   0   | 70.793 | 86.875 | 91.927 | 63.472 | 47.184 |
|   1   | 70.809 | 86.793 | 92.024 | 63.535 | 47.296 |
|   2   | 70.793 | 86.761 | 91.992 | 63.548 | 47.320 |
|   4   | 70.695 | 86.728 | 91.910 | 63.512 | 47.325 |
|   9   | 70.500 | 86.858 | 91.829 | 63.497 | 47.320 |
|   14  | 70.452 | 86.712 | 91.797 | 63.495 | 47.283 |
+-------+--------+--------+--------+--------+--------+
     logs:  {'epo': 14, 'R1': np.float32(70.452), 'R5': np.float32(86.712), 'R10': np.float32(91.797), 'mAP': np.float32(63.495), 'mINP': np.float32(47.283), 'entropy': 0.2594023502897471, 'uncertainty': 3.1905240938067436, 'uncertainty_coeffi': 9.999999747378752e-05, 'loss': 0.09447657980490476, 'lr': 5.152835562614829e-05}
     Epoch[15] Iteration[10/323], entropy: 0.2037, uncertainty: 2.9016, uncertainty_coeffi: 0.0001, loss: 0.0658, lr: 4.32e-06
     Epoch[15] Iteration[20/323], entropy: 0.2947, uncertainty: 2.6333, uncertainty_coeffi: 0.0001, loss: 0.1172, lr: 9.05e-05
     Epoch[15] Iteration[30/323], entropy: 0.1309, uncertainty: 2.9592, uncertainty_coeffi: 0.0001, loss: 0.0402, lr: 5.52e-05
     Epoch[15] Iteration[40/323], entropy: 0.2378, uncertainty: 2.8039, uncertainty_coeffi: 0.0001, loss: 0.0973, lr: 4.32e-06
     Epoch[15] Iteration[50/323], entropy: 0.3496, uncertainty: 2.2990, uncertainty_coeffi: 0.0001, loss: 0.1504, lr: 9.05e-05
     Epoch[15] Iteration[60/323], entropy: 0.2653, uncertainty: 3.3327, uncertainty_coeffi: 0.0001, loss: 0.1012, lr: 5.52e-05
     Epoch[15] Iteration[70/323], entropy: 0.2913, uncertainty: 3.1067, uncertainty_coeffi: 0.0001, loss: 0.0839, lr: 4.32e-06
     Epoch[15] Iteration[80/323], entropy: 0.1396, uncertainty: 2.8326, uncertainty_coeffi: 0.0001, loss: 0.0342, lr: 9.05e-05
     Epoch[15] Iteration[90/323], entropy: 0.2375, uncertainty: 3.4407, uncertainty_coeffi: 0.0001, loss: 0.0523, lr: 5.52e-05
     Epoch[15] Iteration[100/323], entropy: 0.1748, uncertainty: 3.9261, uncertainty_coeffi: 0.0001, loss: 0.0529, lr: 4.32e-06
     Epoch[15] Iteration[110/323], entropy: 0.3751, uncertainty: 3.5889, uncertainty_coeffi: 0.0001, loss: 0.1025, lr: 9.05e-05
     Epoch[15] Iteration[120/323], entropy: 0.4706, uncertainty: 3.7766, uncertainty_coeffi: 0.0001, loss: 0.1326, lr: 5.52e-05
     Epoch[15] Iteration[130/323], entropy: 0.1706, uncertainty: 3.0687, uncertainty_coeffi: 0.0001, loss: 0.0428, lr: 4.32e-06
     Epoch[15] Iteration[140/323], entropy: 0.1863, uncertainty: 3.5840, uncertainty_coeffi: 0.0001, loss: 0.0962, lr: 9.05e-05
     Epoch[15] Iteration[150/323], entropy: 0.2415, uncertainty: 2.9646, uncertainty_coeffi: 0.0001, loss: 0.0861, lr: 5.52e-05
     Epoch[15] Iteration[160/323], entropy: 0.3374, uncertainty: 2.3984, uncertainty_coeffi: 0.0001, loss: 0.1387, lr: 4.32e-06
     Epoch[15] Iteration[170/323], entropy: 0.1678, uncertainty: 3.5823, uncertainty_coeffi: 0.0001, loss: 0.0617, lr: 9.05e-05
     Epoch[15] Iteration[180/323], entropy: 0.0889, uncertainty: 2.4409, uncertainty_coeffi: 0.0001, loss: 0.0456, lr: 5.52e-05
     Epoch[15] Iteration[190/323], entropy: 0.3077, uncertainty: 2.9172, uncertainty_coeffi: 0.0001, loss: 0.1180, lr: 4.32e-06
     Epoch[15] Iteration[200/323], entropy: 0.3608, uncertainty: 3.2095, uncertainty_coeffi: 0.0001, loss: 0.1366, lr: 9.05e-05
     Epoch[15] Iteration[210/323], entropy: 0.2426, uncertainty: 2.9931, uncertainty_coeffi: 0.0001, loss: 0.0766, lr: 5.52e-05
     Epoch[15] Iteration[220/323], entropy: 0.3093, uncertainty: 2.8049, uncertainty_coeffi: 0.0001, loss: 0.1049, lr: 4.32e-06
     Epoch[15] Iteration[230/323], entropy: 0.3199, uncertainty: 3.4942, uncertainty_coeffi: 0.0001, loss: 0.1096, lr: 9.05e-05
     Epoch[15] Iteration[240/323], entropy: 0.3038, uncertainty: 2.9068, uncertainty_coeffi: 0.0001, loss: 0.1338, lr: 5.52e-05
     Epoch[15] Iteration[250/323], entropy: 0.3487, uncertainty: 3.1975, uncertainty_coeffi: 0.0001, loss: 0.0924, lr: 4.32e-06
     Epoch[15] Iteration[260/323], entropy: 0.2477, uncertainty: 2.6724, uncertainty_coeffi: 0.0001, loss: 0.0821, lr: 9.05e-05
     Epoch[15] Iteration[270/323], entropy: 0.1347, uncertainty: 3.5630, uncertainty_coeffi: 0.0001, loss: 0.0345, lr: 5.52e-05
     Epoch[15] Iteration[280/323], entropy: 0.2149, uncertainty: 3.5960, uncertainty_coeffi: 0.0001, loss: 0.0490, lr: 4.32e-06
     Epoch[15] Iteration[290/323], entropy: 0.3859, uncertainty: 3.0628, uncertainty_coeffi: 0.0001, loss: 0.1299, lr: 9.05e-05
     Epoch[15] Iteration[300/323], entropy: 0.4483, uncertainty: 3.0561, uncertainty_coeffi: 0.0001, loss: 0.1637, lr: 5.52e-05
     Epoch[15] Iteration[310/323], entropy: 0.1852, uncertainty: 3.5167, uncertainty_coeffi: 0.0001, loss: 0.0506, lr: 4.32e-06
     Epoch[15] Iteration[320/323], entropy: 0.3882, uncertainty: 3.7591, uncertainty_coeffi: 0.0001, loss: 0.1206, lr: 9.05e-05
     Averaged stats: entropy_avg: 0.2675, uncertainty_avg: 3.1372, uncertainty_coeffi_avg: 0.0001, loss_avg: 0.0908, lr_avg: 4.98e-05
     itm tta time 0:00:59
     Epoch[16] Iteration[10/323], entropy: 0.3672, uncertainty: 3.9535, uncertainty_coeffi: 0.0001, loss: 0.1567, lr: 2.50e-05
     Epoch[16] Iteration[20/323], entropy: 0.2449, uncertainty: 2.8759, uncertainty_coeffi: 0.0001, loss: 0.1285, lr: 2.50e-05
     Epoch[16] Iteration[30/323], entropy: 0.1103, uncertainty: 2.7490, uncertainty_coeffi: 0.0001, loss: 0.0685, lr: 1.00e-04
     Epoch[16] Iteration[40/323], entropy: 0.2502, uncertainty: 3.2941, uncertainty_coeffi: 0.0001, loss: 0.1335, lr: 2.50e-05
     Epoch[16] Iteration[50/323], entropy: 0.3766, uncertainty: 3.0254, uncertainty_coeffi: 0.0001, loss: 0.1907, lr: 2.50e-05
     Epoch[16] Iteration[60/323], entropy: 0.3611, uncertainty: 3.9508, uncertainty_coeffi: 0.0001, loss: 0.1087, lr: 1.00e-04
     Epoch[16] Iteration[70/323], entropy: 0.1952, uncertainty: 3.1587, uncertainty_coeffi: 0.0001, loss: 0.0653, lr: 2.50e-05
     Epoch[16] Iteration[80/323], entropy: 0.3045, uncertainty: 2.7072, uncertainty_coeffi: 0.0001, loss: 0.1312, lr: 2.50e-05
     Epoch[16] Iteration[90/323], entropy: 0.2379, uncertainty: 3.3790, uncertainty_coeffi: 0.0001, loss: 0.0938, lr: 1.00e-04
     Epoch[16] Iteration[100/323], entropy: 0.2751, uncertainty: 2.3967, uncertainty_coeffi: 0.0001, loss: 0.0845, lr: 2.50e-05
     Epoch[16] Iteration[110/323], entropy: 0.1126, uncertainty: 2.8638, uncertainty_coeffi: 0.0001, loss: 0.0366, lr: 2.50e-05
     Epoch[16] Iteration[120/323], entropy: 0.3147, uncertainty: 3.7873, uncertainty_coeffi: 0.0001, loss: 0.0661, lr: 1.00e-04
     Epoch[16] Iteration[130/323], entropy: 0.2224, uncertainty: 3.4465, uncertainty_coeffi: 0.0001, loss: 0.0665, lr: 2.50e-05
     Epoch[16] Iteration[140/323], entropy: 0.4840, uncertainty: 2.9008, uncertainty_coeffi: 0.0001, loss: 0.1909, lr: 2.50e-05
     Epoch[16] Iteration[150/323], entropy: 0.2142, uncertainty: 2.7223, uncertainty_coeffi: 0.0001, loss: 0.0634, lr: 1.00e-04
     Epoch[16] Iteration[160/323], entropy: 0.2622, uncertainty: 2.9380, uncertainty_coeffi: 0.0001, loss: 0.0951, lr: 2.50e-05
     Epoch[16] Iteration[170/323], entropy: 0.1540, uncertainty: 3.7312, uncertainty_coeffi: 0.0001, loss: 0.0301, lr: 2.50e-05
     Epoch[16] Iteration[180/323], entropy: 0.1953, uncertainty: 2.8153, uncertainty_coeffi: 0.0001, loss: 0.0411, lr: 1.00e-04
     Epoch[16] Iteration[190/323], entropy: 0.2275, uncertainty: 3.0106, uncertainty_coeffi: 0.0001, loss: 0.0720, lr: 2.50e-05
     Epoch[16] Iteration[200/323], entropy: 0.3246, uncertainty: 2.9717, uncertainty_coeffi: 0.0001, loss: 0.1250, lr: 2.50e-05
     Epoch[16] Iteration[210/323], entropy: 0.2163, uncertainty: 2.6323, uncertainty_coeffi: 0.0001, loss: 0.0832, lr: 1.00e-04
     Epoch[16] Iteration[220/323], entropy: 0.2273, uncertainty: 2.5078, uncertainty_coeffi: 0.0001, loss: 0.0793, lr: 2.50e-05
     Epoch[16] Iteration[230/323], entropy: 0.4365, uncertainty: 3.0855, uncertainty_coeffi: 0.0001, loss: 0.1737, lr: 2.50e-05
     Epoch[16] Iteration[240/323], entropy: 0.1903, uncertainty: 3.0183, uncertainty_coeffi: 0.0001, loss: 0.0632, lr: 1.00e-04
     Epoch[16] Iteration[250/323], entropy: 0.2824, uncertainty: 3.1417, uncertainty_coeffi: 0.0001, loss: 0.0969, lr: 2.50e-05
     Epoch[16] Iteration[260/323], entropy: 0.3590, uncertainty: 3.6075, uncertainty_coeffi: 0.0001, loss: 0.1158, lr: 2.50e-05
     Epoch[16] Iteration[270/323], entropy: 0.5269, uncertainty: 3.0422, uncertainty_coeffi: 0.0001, loss: 0.1951, lr: 1.00e-04
     Epoch[16] Iteration[280/323], entropy: 0.1212, uncertainty: 3.2751, uncertainty_coeffi: 0.0001, loss: 0.0324, lr: 2.50e-05
     Epoch[16] Iteration[290/323], entropy: 0.4583, uncertainty: 3.4330, uncertainty_coeffi: 0.0001, loss: 0.1352, lr: 2.50e-05
     Epoch[16] Iteration[300/323], entropy: 0.2844, uncertainty: 4.6766, uncertainty_coeffi: 0.0001, loss: 0.0599, lr: 1.00e-04
     Epoch[16] Iteration[310/323], entropy: 0.3260, uncertainty: 3.1309, uncertainty_coeffi: 0.0001, loss: 0.0851, lr: 2.50e-05
     Epoch[16] Iteration[320/323], entropy: 0.1871, uncertainty: 3.3017, uncertainty_coeffi: 0.0001, loss: 0.0518, lr: 2.50e-05
     Averaged stats: entropy_avg: 0.2766, uncertainty_avg: 3.1728, uncertainty_coeffi_avg: 0.0001, loss_avg: 0.0975, lr_avg: 4.84e-05
     itm tta time 0:00:59
     Epoch[17] Iteration[10/323], entropy: 0.2836, uncertainty: 2.7099, uncertainty_coeffi: 0.0001, loss: 0.1378, lr: 9.05e-05
     Epoch[17] Iteration[20/323], entropy: 0.3013, uncertainty: 3.5025, uncertainty_coeffi: 0.0001, loss: 0.0891, lr: 4.32e-06
     Epoch[17] Iteration[30/323], entropy: 0.1353, uncertainty: 2.8557, uncertainty_coeffi: 0.0001, loss: 0.0469, lr: 5.52e-05
     Epoch[17] Iteration[40/323], entropy: 0.2049, uncertainty: 3.2533, uncertainty_coeffi: 0.0001, loss: 0.0735, lr: 9.05e-05
     Epoch[17] Iteration[50/323], entropy: 0.1895, uncertainty: 2.7800, uncertainty_coeffi: 0.0001, loss: 0.0736, lr: 4.32e-06
     Epoch[17] Iteration[60/323], entropy: 0.1999, uncertainty: 3.0774, uncertainty_coeffi: 0.0001, loss: 0.0934, lr: 5.52e-05
     Epoch[17] Iteration[70/323], entropy: 0.2151, uncertainty: 2.6118, uncertainty_coeffi: 0.0001, loss: 0.1151, lr: 9.05e-05
     Epoch[17] Iteration[80/323], entropy: 0.1920, uncertainty: 3.2787, uncertainty_coeffi: 0.0001, loss: 0.0803, lr: 4.32e-06
     Epoch[17] Iteration[90/323], entropy: 0.4263, uncertainty: 2.8433, uncertainty_coeffi: 0.0001, loss: 0.1629, lr: 5.52e-05
     Epoch[17] Iteration[100/323], entropy: 0.2049, uncertainty: 2.5750, uncertainty_coeffi: 0.0001, loss: 0.0851, lr: 9.05e-05
     Epoch[17] Iteration[110/323], entropy: 0.1315, uncertainty: 3.2340, uncertainty_coeffi: 0.0001, loss: 0.0553, lr: 4.32e-06
     Epoch[17] Iteration[120/323], entropy: 0.2148, uncertainty: 2.4764, uncertainty_coeffi: 0.0001, loss: 0.1102, lr: 5.52e-05
     Epoch[17] Iteration[130/323], entropy: 0.2569, uncertainty: 3.0438, uncertainty_coeffi: 0.0001, loss: 0.1149, lr: 9.05e-05
     Epoch[17] Iteration[140/323], entropy: 0.1646, uncertainty: 2.7471, uncertainty_coeffi: 0.0001, loss: 0.0946, lr: 4.32e-06
     Epoch[17] Iteration[150/323], entropy: 0.2847, uncertainty: 3.6355, uncertainty_coeffi: 0.0001, loss: 0.0752, lr: 5.52e-05
     Epoch[17] Iteration[160/323], entropy: 0.2918, uncertainty: 3.1344, uncertainty_coeffi: 0.0001, loss: 0.0979, lr: 9.05e-05
     Epoch[17] Iteration[170/323], entropy: 0.2278, uncertainty: 3.2013, uncertainty_coeffi: 0.0001, loss: 0.0799, lr: 4.32e-06
     Epoch[17] Iteration[180/323], entropy: 0.3219, uncertainty: 2.4362, uncertainty_coeffi: 0.0001, loss: 0.2099, lr: 5.52e-05
     Epoch[17] Iteration[190/323], entropy: 0.2358, uncertainty: 3.4995, uncertainty_coeffi: 0.0001, loss: 0.0656, lr: 9.05e-05
     Epoch[17] Iteration[200/323], entropy: 0.1628, uncertainty: 3.7618, uncertainty_coeffi: 0.0001, loss: 0.0457, lr: 4.32e-06
     Epoch[17] Iteration[210/323], entropy: 0.1099, uncertainty: 2.8135, uncertainty_coeffi: 0.0001, loss: 0.0305, lr: 5.52e-05
     Epoch[17] Iteration[220/323], entropy: 0.3411, uncertainty: 3.1095, uncertainty_coeffi: 0.0001, loss: 0.1417, lr: 9.05e-05
     Epoch[17] Iteration[230/323], entropy: 0.1894, uncertainty: 3.0962, uncertainty_coeffi: 0.0001, loss: 0.0766, lr: 4.32e-06
     Epoch[17] Iteration[240/323], entropy: 0.2250, uncertainty: 3.6957, uncertainty_coeffi: 0.0001, loss: 0.0412, lr: 5.52e-05
     Epoch[17] Iteration[250/323], entropy: 0.2396, uncertainty: 3.6504, uncertainty_coeffi: 0.0001, loss: 0.0537, lr: 9.05e-05
     Epoch[17] Iteration[260/323], entropy: 0.1665, uncertainty: 2.5258, uncertainty_coeffi: 0.0001, loss: 0.0584, lr: 4.32e-06
     Epoch[17] Iteration[270/323], entropy: 0.3153, uncertainty: 2.6465, uncertainty_coeffi: 0.0001, loss: 0.1302, lr: 5.52e-05
     Epoch[17] Iteration[280/323], entropy: 0.0665, uncertainty: 2.8226, uncertainty_coeffi: 0.0001, loss: 0.0260, lr: 9.05e-05
     Epoch[17] Iteration[290/323], entropy: 0.2065, uncertainty: 2.2409, uncertainty_coeffi: 0.0001, loss: 0.0681, lr: 4.32e-06
     Epoch[17] Iteration[300/323], entropy: 0.2679, uncertainty: 3.6640, uncertainty_coeffi: 0.0001, loss: 0.0710, lr: 5.52e-05
     Epoch[17] Iteration[310/323], entropy: 0.2605, uncertainty: 2.6687, uncertainty_coeffi: 0.0001, loss: 0.1433, lr: 9.05e-05
     Epoch[17] Iteration[320/323], entropy: 0.0627, uncertainty: 2.5127, uncertainty_coeffi: 0.0001, loss: 0.0297, lr: 4.32e-06
     Averaged stats: entropy_avg: 0.2218, uncertainty_avg: 3.0033, uncertainty_coeffi_avg: 0.0001, loss_avg: 0.0868, lr_avg: 4.98e-05
     itm tta time 0:01:02
     Epoch[18] Iteration[10/323], entropy: 0.2136, uncertainty: 2.7668, uncertainty_coeffi: 0.0001, loss: 0.0703, lr: 8.35e-05
     Epoch[18] Iteration[20/323], entropy: 0.2387, uncertainty: 2.5677, uncertainty_coeffi: 0.0001, loss: 0.0819, lr: 6.55e-05
     Epoch[18] Iteration[30/323], entropy: 0.3610, uncertainty: 3.6857, uncertainty_coeffi: 0.0001, loss: 0.0983, lr: 1.09e-06
     Epoch[18] Iteration[40/323], entropy: 0.2402, uncertainty: 2.8440, uncertainty_coeffi: 0.0001, loss: 0.1483, lr: 8.35e-05
     Epoch[18] Iteration[50/323], entropy: 0.0589, uncertainty: 3.0572, uncertainty_coeffi: 0.0001, loss: 0.0154, lr: 6.55e-05
     Epoch[18] Iteration[60/323], entropy: 0.1857, uncertainty: 3.1102, uncertainty_coeffi: 0.0001, loss: 0.0591, lr: 1.09e-06
     Epoch[18] Iteration[70/323], entropy: 0.3752, uncertainty: 2.9149, uncertainty_coeffi: 0.0001, loss: 0.1910, lr: 8.35e-05
     Epoch[18] Iteration[80/323], entropy: 0.3890, uncertainty: 2.6577, uncertainty_coeffi: 0.0001, loss: 0.1744, lr: 6.55e-05
     Epoch[18] Iteration[90/323], entropy: 0.2397, uncertainty: 3.3893, uncertainty_coeffi: 0.0001, loss: 0.0720, lr: 1.09e-06
     Epoch[18] Iteration[100/323], entropy: 0.2752, uncertainty: 3.7017, uncertainty_coeffi: 0.0001, loss: 0.0743, lr: 8.35e-05
     Epoch[18] Iteration[110/323], entropy: 0.2607, uncertainty: 2.5152, uncertainty_coeffi: 0.0001, loss: 0.1210, lr: 6.55e-05
     Epoch[18] Iteration[120/323], entropy: 0.3181, uncertainty: 3.4464, uncertainty_coeffi: 0.0001, loss: 0.0625, lr: 1.09e-06
     Epoch[18] Iteration[130/323], entropy: 0.1950, uncertainty: 2.3664, uncertainty_coeffi: 0.0001, loss: 0.1270, lr: 8.35e-05
     Epoch[18] Iteration[140/323], entropy: 0.1443, uncertainty: 2.3897, uncertainty_coeffi: 0.0001, loss: 0.0681, lr: 6.55e-05
     Epoch[18] Iteration[150/323], entropy: 0.3616, uncertainty: 3.3389, uncertainty_coeffi: 0.0001, loss: 0.0785, lr: 1.09e-06
     Epoch[18] Iteration[160/323], entropy: 0.2754, uncertainty: 2.9118, uncertainty_coeffi: 0.0001, loss: 0.1261, lr: 8.35e-05
     Epoch[18] Iteration[170/323], entropy: 0.1627, uncertainty: 2.7407, uncertainty_coeffi: 0.0001, loss: 0.0636, lr: 6.55e-05
     Epoch[18] Iteration[180/323], entropy: 0.1667, uncertainty: 3.7395, uncertainty_coeffi: 0.0001, loss: 0.0478, lr: 1.09e-06
     Epoch[18] Iteration[190/323], entropy: 0.0661, uncertainty: 2.3155, uncertainty_coeffi: 0.0001, loss: 0.0331, lr: 8.35e-05
     Epoch[18] Iteration[200/323], entropy: 0.2126, uncertainty: 2.6598, uncertainty_coeffi: 0.0001, loss: 0.1150, lr: 6.55e-05
     Epoch[18] Iteration[210/323], entropy: 0.1200, uncertainty: 3.7065, uncertainty_coeffi: 0.0001, loss: 0.0220, lr: 0.00e+00
     Epoch[18] Iteration[220/323], entropy: 0.3064, uncertainty: 3.2066, uncertainty_coeffi: 0.0001, loss: 0.1290, lr: 7.50e-05
     Epoch[18] Iteration[230/323], entropy: 0.2108, uncertainty: 2.4794, uncertainty_coeffi: 0.0001, loss: 0.1243, lr: 7.50e-05
     Epoch[18] Iteration[240/323], entropy: 0.3774, uncertainty: 3.9115, uncertainty_coeffi: 0.0001, loss: 0.1060, lr: 0.00e+00
     Epoch[18] Iteration[250/323], entropy: 0.0943, uncertainty: 1.8834, uncertainty_coeffi: 0.0001, loss: 0.0502, lr: 7.50e-05
     Epoch[18] Iteration[260/323], entropy: 0.4109, uncertainty: 2.8959, uncertainty_coeffi: 0.0001, loss: 0.1579, lr: 7.50e-05
     Epoch[18] Iteration[270/323], entropy: 0.0862, uncertainty: 2.7661, uncertainty_coeffi: 0.0001, loss: 0.0320, lr: 0.00e+00
     Epoch[18] Iteration[280/323], entropy: 0.2559, uncertainty: 3.2381, uncertainty_coeffi: 0.0001, loss: 0.0540, lr: 7.50e-05
     Epoch[18] Iteration[290/323], entropy: 0.3852, uncertainty: 3.1005, uncertainty_coeffi: 0.0001, loss: 0.1037, lr: 7.50e-05
     Epoch[18] Iteration[300/323], entropy: 0.3151, uncertainty: 3.0870, uncertainty_coeffi: 0.0001, loss: 0.0850, lr: 0.00e+00
     Epoch[18] Iteration[310/323], entropy: 0.1360, uncertainty: 2.8564, uncertainty_coeffi: 0.0001, loss: 0.0430, lr: 7.50e-05
     Epoch[18] Iteration[320/323], entropy: 0.2148, uncertainty: 3.5270, uncertainty_coeffi: 0.0001, loss: 0.0879, lr: 7.50e-05
     Averaged stats: entropy_avg: 0.2392, uncertainty_avg: 2.9931, uncertainty_coeffi_avg: 0.0001, loss_avg: 0.0882, lr_avg: 5.15e-05
     itm tta time 0:01:00
     Epoch[19] Iteration[10/323], entropy: 0.2087, uncertainty: 3.0067, uncertainty_coeffi: 0.0001, loss: 0.0716, lr: 9.55e-06
     Epoch[19] Iteration[20/323], entropy: 0.1206, uncertainty: 3.2462, uncertainty_coeffi: 0.0001, loss: 0.0520, lr: 9.57e-05
     Epoch[19] Iteration[30/323], entropy: 0.1834, uncertainty: 3.2849, uncertainty_coeffi: 0.0001, loss: 0.0549, lr: 4.48e-05
     Epoch[19] Iteration[40/323], entropy: 0.3051, uncertainty: 3.5886, uncertainty_coeffi: 0.0001, loss: 0.0869, lr: 9.55e-06
     Epoch[19] Iteration[50/323], entropy: 0.2556, uncertainty: 3.8616, uncertainty_coeffi: 0.0001, loss: 0.0622, lr: 9.57e-05
     Epoch[19] Iteration[60/323], entropy: 0.1548, uncertainty: 2.9434, uncertainty_coeffi: 0.0001, loss: 0.0570, lr: 4.48e-05
     Epoch[19] Iteration[70/323], entropy: 0.3486, uncertainty: 4.2599, uncertainty_coeffi: 0.0001, loss: 0.0767, lr: 9.55e-06
     Epoch[19] Iteration[80/323], entropy: 0.1913, uncertainty: 3.4413, uncertainty_coeffi: 0.0001, loss: 0.0368, lr: 9.57e-05
     Epoch[19] Iteration[90/323], entropy: 0.2537, uncertainty: 3.3753, uncertainty_coeffi: 0.0001, loss: 0.1004, lr: 4.48e-05
     Epoch[19] Iteration[100/323], entropy: 0.2736, uncertainty: 3.5045, uncertainty_coeffi: 0.0001, loss: 0.1182, lr: 9.55e-06
     Epoch[19] Iteration[110/323], entropy: 0.2387, uncertainty: 2.9969, uncertainty_coeffi: 0.0001, loss: 0.1008, lr: 9.57e-05
     Epoch[19] Iteration[120/323], entropy: 0.3333, uncertainty: 3.3446, uncertainty_coeffi: 0.0001, loss: 0.1341, lr: 4.48e-05
     Epoch[19] Iteration[130/323], entropy: 0.1958, uncertainty: 3.0304, uncertainty_coeffi: 0.0001, loss: 0.0849, lr: 9.55e-06
     Epoch[19] Iteration[140/323], entropy: 0.2150, uncertainty: 3.1086, uncertainty_coeffi: 0.0001, loss: 0.0570, lr: 9.57e-05
     Epoch[19] Iteration[150/323], entropy: 0.5394, uncertainty: 3.7670, uncertainty_coeffi: 0.0001, loss: 0.1582, lr: 4.48e-05
     Epoch[19] Iteration[160/323], entropy: 0.1432, uncertainty: 4.1531, uncertainty_coeffi: 0.0001, loss: 0.0516, lr: 9.55e-06
     Epoch[19] Iteration[170/323], entropy: 0.2831, uncertainty: 3.1618, uncertainty_coeffi: 0.0001, loss: 0.1107, lr: 9.57e-05
     Epoch[19] Iteration[180/323], entropy: 0.3200, uncertainty: 3.9426, uncertainty_coeffi: 0.0001, loss: 0.0735, lr: 4.48e-05
     Epoch[19] Iteration[190/323], entropy: 0.3768, uncertainty: 3.7648, uncertainty_coeffi: 0.0001, loss: 0.0781, lr: 9.55e-06
     Epoch[19] Iteration[200/323], entropy: 0.2030, uncertainty: 2.4256, uncertainty_coeffi: 0.0001, loss: 0.0654, lr: 9.57e-05
     Epoch[19] Iteration[210/323], entropy: 0.1884, uncertainty: 3.5744, uncertainty_coeffi: 0.0001, loss: 0.0422, lr: 4.48e-05
     Epoch[19] Iteration[220/323], entropy: 0.1877, uncertainty: 2.5908, uncertainty_coeffi: 0.0001, loss: 0.0916, lr: 9.55e-06
     Epoch[19] Iteration[230/323], entropy: 0.2488, uncertainty: 3.3726, uncertainty_coeffi: 0.0001, loss: 0.1253, lr: 9.57e-05
     Epoch[19] Iteration[240/323], entropy: 0.3534, uncertainty: 2.6366, uncertainty_coeffi: 0.0001, loss: 0.1858, lr: 4.48e-05
     Epoch[19] Iteration[250/323], entropy: 0.1089, uncertainty: 2.7557, uncertainty_coeffi: 0.0001, loss: 0.0295, lr: 9.55e-06
     Epoch[19] Iteration[260/323], entropy: 0.2259, uncertainty: 2.8458, uncertainty_coeffi: 0.0001, loss: 0.0814, lr: 9.57e-05
     Epoch[19] Iteration[270/323], entropy: 0.1574, uncertainty: 2.8767, uncertainty_coeffi: 0.0001, loss: 0.0606, lr: 4.48e-05
     Epoch[19] Iteration[280/323], entropy: 0.2351, uncertainty: 3.0928, uncertainty_coeffi: 0.0001, loss: 0.0946, lr: 9.55e-06
     Epoch[19] Iteration[290/323], entropy: 0.4173, uncertainty: 3.4862, uncertainty_coeffi: 0.0001, loss: 0.1277, lr: 9.57e-05
     Epoch[19] Iteration[300/323], entropy: 0.1701, uncertainty: 2.6432, uncertainty_coeffi: 0.0001, loss: 0.0703, lr: 4.48e-05
     Epoch[19] Iteration[310/323], entropy: 0.3005, uncertainty: 3.6734, uncertainty_coeffi: 0.0001, loss: 0.0643, lr: 9.55e-06
     Epoch[19] Iteration[320/323], entropy: 0.2161, uncertainty: 3.7576, uncertainty_coeffi: 0.0001, loss: 0.0484, lr: 9.57e-05
     Averaged stats: entropy_avg: 0.2485, uncertainty_avg: 3.2973, uncertainty_coeffi_avg: 0.0001, loss_avg: 0.0829, lr_avg: 5.02e-05
     itm tta time 0:01:00
### TTA Eval Score: 
+-------+--------+--------+--------+--------+--------+
| epoch |   R1   |   R5   |  R10   |  mAP   |  mINP  |
+-------+--------+--------+--------+--------+--------+
|  -999 | 70.647 | 86.940 | 91.797 | 63.400 | 47.058 |
|   0   | 70.793 | 86.875 | 91.927 | 63.472 | 47.184 |
|   1   | 70.809 | 86.793 | 92.024 | 63.535 | 47.296 |
|   2   | 70.793 | 86.761 | 91.992 | 63.548 | 47.320 |
|   4   | 70.695 | 86.728 | 91.910 | 63.512 | 47.325 |
|   9   | 70.500 | 86.858 | 91.829 | 63.497 | 47.320 |
|   14  | 70.452 | 86.712 | 91.797 | 63.495 | 47.283 |
|   19  | 70.484 | 86.728 | 91.813 | 63.483 | 47.266 |
+-------+--------+--------+--------+--------+--------+
     logs:  {'epo': 19, 'R1': np.float32(70.484), 'R5': np.float32(86.728), 'R10': np.float32(91.813), 'mAP': np.float32(63.483), 'mINP': np.float32(47.266), 'entropy': 0.24853845266625285, 'uncertainty': 3.297289438545704, 'uncertainty_coeffi': 9.999999747378752e-05, 'loss': 0.0828979893703945, 'lr': 5.016332572385407e-05}
### best epoch 1 : {'epo': '1', 'R1': '70.809', 'R5': '86.793', 'R10': '92.024', 'mAP': '63.535', 'mINP': '47.296', 'entropy': '0.2663531620055437', 'uncertainty': '2.9840940572321415', 'uncertainty_coeffi': '9.999999747378752e-05', 'loss': '0.10397715761791915', 'lr': '5.142741477756647e-05'}
### Time 0:21:24
