/home/user/yc57963/miniconda3/envs/irra/lib/python3.9/site-packages/torch/utils/data/dataloader.py:627: UserWarning: This DataLoader will create 8 worker processes in total. Our suggested max number of worker in current system is 2, which is smaller than what this DataLoader is going to create. Please be aware that excessive worker creation might get DataLoader running slow or even freeze, lower the worker number to avoid potential slowness/freeze if necessary.
  warnings.warn(
Not using distributed mode
### Hyper-parameters:
     output_dir: output_rerun2/ham_icfg_tta/exp8/exp8.4.4/2025091812374
     seed: 42
     device: cuda
     batch_size_tta: 32
     epochs: 10
     lr: 0.001
### Creating test dataset
     test_txt_set: 19848    test_img_set: 19848
     test_txt_loader: 39    test_img_loader: 39
### Creating model
Training Model with ['sdm', 'id', 'mlm'] tasks
Resized position embedding from size:torch.Size([1, 197, 768]) to size: torch.Size([1, 193, 768]) with height:24 width: 8
     Total Params Sum:  190482206
### Zero-Shot Score: 
/home/user/yc57963/miniconda3/envs/irra/lib/python3.9/site-packages/torch/utils/data/dataloader.py:627: UserWarning: This DataLoader will create 4 worker processes in total. Our suggested max number of worker in current system is 2, which is smaller than what this DataLoader is going to create. Please be aware that excessive worker creation might get DataLoader running slow or even freeze, lower the worker number to avoid potential slowness/freeze if necessary.
  warnings.warn(
/home/user/yc57963/task/IRRA/tta.py:284: FutureWarning: `torch.cuda.amp.GradScaler(args...)` is deprecated. Please use `torch.amp.GradScaler('cuda', args...)` instead.
  scaler = GradScaler()  # bf16
+-------+--------+--------+--------+--------+-------+
| epoch |   R1   |   R5   |  R10   |  mAP   |  mINP |
+-------+--------+--------+--------+--------+-------+
|  -999 | 60.656 | 77.499 | 83.268 | 35.543 | 6.006 |
+-------+--------+--------+--------+--------+-------+
### TTA:
### Compute Cos Similarity Uncertainty
     preprocess_tta_coefficients  start
     sample selection ...
     number of sample after sample_selection: 19848
     uncertainty ...
     pos/neg sampling ...
      number of sample after pos/neg sampling: torch.Size([19848, 4])
     preprocess_tta_coefficients  end
### Creating TTA dataset
     tta_dataset: 19848
### Creating tta dataloader
### be careful: func create_loader returns a list length of 1
     tta_loader: 620
### Configure adapted weights
     TTA Dropout Modules: 
 []
     TTA Require Gradient Params: 
 [('base_model.transformer.resblocks.1.ln_1.weight', torch.Size([512])), ('base_model.transformer.resblocks.1.ln_1.bias', torch.Size([512])), ('base_model.transformer.resblocks.1.ln_2.weight', torch.Size([512])), ('base_model.transformer.resblocks.1.ln_2.bias', torch.Size([512])), ('base_model.transformer.resblocks.2.ln_1.weight', torch.Size([512])), ('base_model.transformer.resblocks.2.ln_1.bias', torch.Size([512])), ('base_model.transformer.resblocks.2.ln_2.weight', torch.Size([512])), ('base_model.transformer.resblocks.2.ln_2.bias', torch.Size([512])), ('base_model.transformer.resblocks.3.ln_1.weight', torch.Size([512])), ('base_model.transformer.resblocks.3.ln_1.bias', torch.Size([512])), ('base_model.transformer.resblocks.3.ln_2.weight', torch.Size([512])), ('base_model.transformer.resblocks.3.ln_2.bias', torch.Size([512])), ('base_model.transformer.resblocks.4.ln_1.weight', torch.Size([512])), ('base_model.transformer.resblocks.4.ln_1.bias', torch.Size([512])), ('base_model.transformer.resblocks.4.ln_2.weight', torch.Size([512])), ('base_model.transformer.resblocks.4.ln_2.bias', torch.Size([512])), ('base_model.transformer.resblocks.5.ln_1.weight', torch.Size([512])), ('base_model.transformer.resblocks.5.ln_1.bias', torch.Size([512])), ('base_model.transformer.resblocks.5.ln_2.weight', torch.Size([512])), ('base_model.transformer.resblocks.5.ln_2.bias', torch.Size([512])), ('base_model.transformer.resblocks.7.ln_1.weight', torch.Size([512])), ('base_model.transformer.resblocks.7.ln_1.bias', torch.Size([512])), ('base_model.transformer.resblocks.7.ln_2.weight', torch.Size([512])), ('base_model.transformer.resblocks.7.ln_2.bias', torch.Size([512])), ('base_model.transformer.resblocks.8.ln_1.weight', torch.Size([512])), ('base_model.transformer.resblocks.8.ln_1.bias', torch.Size([512])), ('base_model.transformer.resblocks.8.ln_2.weight', torch.Size([512])), ('base_model.transformer.resblocks.8.ln_2.bias', torch.Size([512])), ('base_model.transformer.resblocks.9.ln_1.weight', torch.Size([512])), ('base_model.transformer.resblocks.9.ln_1.bias', torch.Size([512])), ('base_model.transformer.resblocks.9.ln_2.weight', torch.Size([512])), ('base_model.transformer.resblocks.9.ln_2.bias', torch.Size([512])), ('base_model.transformer.resblocks.10.ln_1.weight', torch.Size([512])), ('base_model.transformer.resblocks.10.ln_1.bias', torch.Size([512])), ('base_model.transformer.resblocks.10.ln_2.weight', torch.Size([512])), ('base_model.transformer.resblocks.10.ln_2.bias', torch.Size([512])), ('base_model.transformer.resblocks.11.ln_1.weight', torch.Size([512])), ('base_model.transformer.resblocks.11.ln_1.bias', torch.Size([512])), ('base_model.transformer.resblocks.11.ln_2.weight', torch.Size([512])), ('base_model.transformer.resblocks.11.ln_2.bias', torch.Size([512])), ('base_model.ln_final.weight', torch.Size([512])), ('base_model.ln_final.bias', torch.Size([512]))]
     TTA Dropout Modules Number: 
 0
     TTA Require Gradient Params Sum: 
 21504
Using 5.0 times learning rate for random init module 
### Start Test Time Adaptation : num_epoch = 10
/home/user/yc57963/task/IRRA/tta.py:67: FutureWarning: `torch.cuda.amp.autocast(args...)` is deprecated. Please use `torch.amp.autocast('cuda', args...)` instead.
  with torch.cuda.amp.autocast(enabled=True):
     Epoch[0] Iteration[10/620], entropy: 0.4652, uncertainty: 3.3697, uncertainty_coeffi: 0.0010, loss: 0.1535, lr: 0.00e+00
     Epoch[0] Iteration[20/620], entropy: 0.3310, uncertainty: 3.6125, uncertainty_coeffi: 0.0010, loss: 0.1416, lr: 0.00e+00
     Epoch[0] Iteration[30/620], entropy: 0.3366, uncertainty: 3.0846, uncertainty_coeffi: 0.0010, loss: 0.1382, lr: 0.00e+00
     Epoch[0] Iteration[40/620], entropy: 0.2508, uncertainty: 3.7422, uncertainty_coeffi: 0.0010, loss: 0.0855, lr: 0.00e+00
     Epoch[0] Iteration[50/620], entropy: 0.3405, uncertainty: 3.3863, uncertainty_coeffi: 0.0010, loss: 0.1216, lr: 0.00e+00
     Epoch[0] Iteration[60/620], entropy: 0.3025, uncertainty: 2.6476, uncertainty_coeffi: 0.0010, loss: 0.1648, lr: 0.00e+00
     Epoch[0] Iteration[70/620], entropy: 0.3185, uncertainty: 3.2541, uncertainty_coeffi: 0.0010, loss: 0.1313, lr: 0.00e+00
     Epoch[0] Iteration[80/620], entropy: 0.3860, uncertainty: 3.1098, uncertainty_coeffi: 0.0010, loss: 0.1318, lr: 0.00e+00
     Epoch[0] Iteration[90/620], entropy: 0.3280, uncertainty: 3.1101, uncertainty_coeffi: 0.0010, loss: 0.1541, lr: 0.00e+00
     Epoch[0] Iteration[100/620], entropy: 0.2844, uncertainty: 3.3123, uncertainty_coeffi: 0.0010, loss: 0.1092, lr: 0.00e+00
     Epoch[0] Iteration[110/620], entropy: 0.2863, uncertainty: 2.7738, uncertainty_coeffi: 0.0010, loss: 0.1382, lr: 0.00e+00
     Epoch[0] Iteration[120/620], entropy: 0.4044, uncertainty: 3.3341, uncertainty_coeffi: 0.0010, loss: 0.1457, lr: 0.00e+00
     Epoch[0] Iteration[130/620], entropy: 0.2798, uncertainty: 2.8669, uncertainty_coeffi: 0.0010, loss: 0.1387, lr: 0.00e+00
     Epoch[0] Iteration[140/620], entropy: 0.3780, uncertainty: 3.2957, uncertainty_coeffi: 0.0010, loss: 0.1477, lr: 0.00e+00
     Epoch[0] Iteration[150/620], entropy: 0.2835, uncertainty: 3.6513, uncertainty_coeffi: 0.0010, loss: 0.1090, lr: 0.00e+00
     Epoch[0] Iteration[160/620], entropy: 0.3011, uncertainty: 3.0516, uncertainty_coeffi: 0.0010, loss: 0.1097, lr: 0.00e+00
     Epoch[0] Iteration[170/620], entropy: 0.2767, uncertainty: 3.1515, uncertainty_coeffi: 0.0010, loss: 0.0936, lr: 0.00e+00
     Epoch[0] Iteration[180/620], entropy: 0.4313, uncertainty: 3.1050, uncertainty_coeffi: 0.0010, loss: 0.1894, lr: 0.00e+00
     Epoch[0] Iteration[190/620], entropy: 0.3007, uncertainty: 3.5720, uncertainty_coeffi: 0.0010, loss: 0.0940, lr: 0.00e+00
     Epoch[0] Iteration[200/620], entropy: 0.3011, uncertainty: 2.6220, uncertainty_coeffi: 0.0010, loss: 0.1547, lr: 0.00e+00
     Epoch[0] Iteration[210/620], entropy: 0.3074, uncertainty: 3.5224, uncertainty_coeffi: 0.0010, loss: 0.1081, lr: 0.00e+00
     Epoch[0] Iteration[220/620], entropy: 0.2869, uncertainty: 3.5563, uncertainty_coeffi: 0.0010, loss: 0.0922, lr: 0.00e+00
     Epoch[0] Iteration[230/620], entropy: 0.3665, uncertainty: 3.3180, uncertainty_coeffi: 0.0010, loss: 0.1227, lr: 0.00e+00
     Epoch[0] Iteration[240/620], entropy: 0.2305, uncertainty: 2.6450, uncertainty_coeffi: 0.0010, loss: 0.1110, lr: 0.00e+00
     Epoch[0] Iteration[250/620], entropy: 0.3486, uncertainty: 3.6368, uncertainty_coeffi: 0.0010, loss: 0.1191, lr: 0.00e+00
     Epoch[0] Iteration[260/620], entropy: 0.2412, uncertainty: 3.3977, uncertainty_coeffi: 0.0010, loss: 0.0942, lr: 0.00e+00
     Epoch[0] Iteration[270/620], entropy: 0.2765, uncertainty: 3.3022, uncertainty_coeffi: 0.0010, loss: 0.1117, lr: 0.00e+00
     Epoch[0] Iteration[280/620], entropy: 0.3142, uncertainty: 3.3259, uncertainty_coeffi: 0.0010, loss: 0.1055, lr: 0.00e+00
     Epoch[0] Iteration[290/620], entropy: 0.3125, uncertainty: 3.5252, uncertainty_coeffi: 0.0010, loss: 0.1116, lr: 0.00e+00
     Epoch[0] Iteration[300/620], entropy: 0.2606, uncertainty: 2.8731, uncertainty_coeffi: 0.0010, loss: 0.1184, lr: 0.00e+00
     Epoch[0] Iteration[310/620], entropy: 0.3704, uncertainty: 3.4173, uncertainty_coeffi: 0.0010, loss: 0.1284, lr: 0.00e+00
     Epoch[0] Iteration[320/620], entropy: 0.3544, uncertainty: 3.2216, uncertainty_coeffi: 0.0010, loss: 0.1404, lr: 0.00e+00
     Epoch[0] Iteration[330/620], entropy: 0.2547, uncertainty: 3.4719, uncertainty_coeffi: 0.0010, loss: 0.0845, lr: 0.00e+00
     Epoch[0] Iteration[340/620], entropy: 0.2712, uncertainty: 3.1677, uncertainty_coeffi: 0.0010, loss: 0.1142, lr: 0.00e+00
     Epoch[0] Iteration[350/620], entropy: 0.3064, uncertainty: 2.4898, uncertainty_coeffi: 0.0010, loss: 0.1613, lr: 0.00e+00
     Epoch[0] Iteration[360/620], entropy: 0.3487, uncertainty: 3.7076, uncertainty_coeffi: 0.0010, loss: 0.1123, lr: 0.00e+00
     Epoch[0] Iteration[370/620], entropy: 0.2462, uncertainty: 3.2444, uncertainty_coeffi: 0.0010, loss: 0.0982, lr: 0.00e+00
     Epoch[0] Iteration[380/620], entropy: 0.2244, uncertainty: 3.8521, uncertainty_coeffi: 0.0010, loss: 0.0823, lr: 0.00e+00
     Epoch[0] Iteration[390/620], entropy: 0.2934, uncertainty: 3.5127, uncertainty_coeffi: 0.0010, loss: 0.1364, lr: 0.00e+00
     Epoch[0] Iteration[400/620], entropy: 0.3062, uncertainty: 2.9662, uncertainty_coeffi: 0.0010, loss: 0.1498, lr: 0.00e+00
     Epoch[0] Iteration[410/620], entropy: 0.3428, uncertainty: 3.6086, uncertainty_coeffi: 0.0010, loss: 0.1265, lr: 0.00e+00
     Epoch[0] Iteration[420/620], entropy: 0.4284, uncertainty: 3.2166, uncertainty_coeffi: 0.0010, loss: 0.1705, lr: 0.00e+00
     Epoch[0] Iteration[430/620], entropy: 0.1944, uncertainty: 2.6991, uncertainty_coeffi: 0.0010, loss: 0.0796, lr: 0.00e+00
     Epoch[0] Iteration[440/620], entropy: 0.2310, uncertainty: 3.5577, uncertainty_coeffi: 0.0010, loss: 0.0747, lr: 0.00e+00
     Epoch[0] Iteration[450/620], entropy: 0.2870, uncertainty: 3.1192, uncertainty_coeffi: 0.0010, loss: 0.1326, lr: 0.00e+00
     Epoch[0] Iteration[460/620], entropy: 0.2891, uncertainty: 3.5495, uncertainty_coeffi: 0.0010, loss: 0.0986, lr: 0.00e+00
     Epoch[0] Iteration[470/620], entropy: 0.3210, uncertainty: 3.2611, uncertainty_coeffi: 0.0010, loss: 0.1158, lr: 0.00e+00
     Epoch[0] Iteration[480/620], entropy: 0.2015, uncertainty: 3.3609, uncertainty_coeffi: 0.0010, loss: 0.0876, lr: 0.00e+00
     Epoch[0] Iteration[490/620], entropy: 0.2600, uncertainty: 3.4459, uncertainty_coeffi: 0.0010, loss: 0.0776, lr: 0.00e+00
     Epoch[0] Iteration[500/620], entropy: 0.3286, uncertainty: 3.3310, uncertainty_coeffi: 0.0010, loss: 0.1202, lr: 0.00e+00
     Epoch[0] Iteration[510/620], entropy: 0.2718, uncertainty: 3.3247, uncertainty_coeffi: 0.0010, loss: 0.1044, lr: 0.00e+00
     Epoch[0] Iteration[520/620], entropy: 0.2927, uncertainty: 2.6994, uncertainty_coeffi: 0.0010, loss: 0.1349, lr: 0.00e+00
     Epoch[0] Iteration[530/620], entropy: 0.2941, uncertainty: 2.8759, uncertainty_coeffi: 0.0010, loss: 0.1494, lr: 0.00e+00
     Epoch[0] Iteration[540/620], entropy: 0.2432, uncertainty: 3.0145, uncertainty_coeffi: 0.0010, loss: 0.0900, lr: 0.00e+00
     Epoch[0] Iteration[550/620], entropy: 0.2597, uncertainty: 3.3219, uncertainty_coeffi: 0.0010, loss: 0.1040, lr: 0.00e+00
     Epoch[0] Iteration[560/620], entropy: 0.2670, uncertainty: 3.2816, uncertainty_coeffi: 0.0010, loss: 0.0820, lr: 0.00e+00
     Epoch[0] Iteration[570/620], entropy: 0.2587, uncertainty: 3.0438, uncertainty_coeffi: 0.0010, loss: 0.1134, lr: 0.00e+00
     Epoch[0] Iteration[580/620], entropy: 0.3595, uncertainty: 3.4389, uncertainty_coeffi: 0.0010, loss: 0.1287, lr: 0.00e+00
     Epoch[0] Iteration[590/620], entropy: 0.2494, uncertainty: 3.4419, uncertainty_coeffi: 0.0010, loss: 0.0912, lr: 0.00e+00
     Epoch[0] Iteration[600/620], entropy: 0.2001, uncertainty: 2.7886, uncertainty_coeffi: 0.0010, loss: 0.0887, lr: 0.00e+00
     Epoch[0] Iteration[610/620], entropy: 0.2711, uncertainty: 2.8944, uncertainty_coeffi: 0.0010, loss: 0.1292, lr: 0.00e+00
     Epoch[0] Iteration[620/620], entropy: 0.3706, uncertainty: 3.7527, uncertainty_coeffi: 0.0010, loss: 0.1336, lr: 0.00e+00
     Averaged stats: entropy_avg: 0.3021, uncertainty_avg: 3.2457, uncertainty_coeffi_avg: 0.0010, loss_avg: 0.1192, lr_avg: 0.00e+00
     itm tta time 0:01:58
### TTA Eval Score: 
+-------+--------+--------+--------+--------+-------+
| epoch |   R1   |   R5   |  R10   |  mAP   |  mINP |
+-------+--------+--------+--------+--------+-------+
|  -999 | 60.656 | 77.499 | 83.268 | 35.543 | 6.006 |
|   0   | 61.840 | 77.302 | 82.885 | 35.987 | 5.978 |
+-------+--------+--------+--------+--------+-------+
     logs:  {'epo': 0, 'R1': np.float32(61.84), 'R5': np.float32(77.302), 'R10': np.float32(82.885), 'mAP': np.float32(35.987), 'mINP': np.float32(5.978), 'entropy': 0.3020823374390602, 'uncertainty': 3.2457228899002075, 'uncertainty_coeffi': 0.0010000000474974513, 'loss': 0.11915688973761374, 'lr': 0.0}
     Epoch[1] Iteration[10/620], entropy: 0.2901, uncertainty: 2.7971, uncertainty_coeffi: 0.0010, loss: 0.1414, lr: 0.00e+00
     Epoch[1] Iteration[20/620], entropy: 0.2772, uncertainty: 3.5301, uncertainty_coeffi: 0.0010, loss: 0.1029, lr: 0.00e+00
     Epoch[1] Iteration[30/620], entropy: 0.2158, uncertainty: 2.8904, uncertainty_coeffi: 0.0010, loss: 0.1087, lr: 0.00e+00
     Epoch[1] Iteration[40/620], entropy: 0.2739, uncertainty: 2.9476, uncertainty_coeffi: 0.0010, loss: 0.1096, lr: 0.00e+00
     Epoch[1] Iteration[50/620], entropy: 0.3008, uncertainty: 3.4635, uncertainty_coeffi: 0.0010, loss: 0.1055, lr: 0.00e+00
     Epoch[1] Iteration[60/620], entropy: 0.2826, uncertainty: 3.1829, uncertainty_coeffi: 0.0010, loss: 0.0987, lr: 0.00e+00
     Epoch[1] Iteration[70/620], entropy: 0.2316, uncertainty: 3.1758, uncertainty_coeffi: 0.0010, loss: 0.0775, lr: 0.00e+00
     Epoch[1] Iteration[80/620], entropy: 0.2095, uncertainty: 3.7088, uncertainty_coeffi: 0.0010, loss: 0.0727, lr: 0.00e+00
     Epoch[1] Iteration[90/620], entropy: 0.2694, uncertainty: 2.7906, uncertainty_coeffi: 0.0010, loss: 0.1205, lr: 0.00e+00
     Epoch[1] Iteration[100/620], entropy: 0.2392, uncertainty: 3.4052, uncertainty_coeffi: 0.0010, loss: 0.0842, lr: 0.00e+00
     Epoch[1] Iteration[110/620], entropy: 0.2852, uncertainty: 2.8387, uncertainty_coeffi: 0.0010, loss: 0.1129, lr: 0.00e+00
     Epoch[1] Iteration[120/620], entropy: 0.2182, uncertainty: 3.6013, uncertainty_coeffi: 0.0010, loss: 0.0840, lr: 0.00e+00
     Epoch[1] Iteration[130/620], entropy: 0.2846, uncertainty: 3.7805, uncertainty_coeffi: 0.0010, loss: 0.0873, lr: 0.00e+00
     Epoch[1] Iteration[140/620], entropy: 0.3645, uncertainty: 3.0072, uncertainty_coeffi: 0.0010, loss: 0.1526, lr: 0.00e+00
     Epoch[1] Iteration[150/620], entropy: 0.3808, uncertainty: 3.3300, uncertainty_coeffi: 0.0010, loss: 0.1639, lr: 0.00e+00
     Epoch[1] Iteration[160/620], entropy: 0.2722, uncertainty: 3.5777, uncertainty_coeffi: 0.0010, loss: 0.0994, lr: 0.00e+00
     Epoch[1] Iteration[170/620], entropy: 0.2385, uncertainty: 3.5269, uncertainty_coeffi: 0.0010, loss: 0.0702, lr: 0.00e+00
     Epoch[1] Iteration[180/620], entropy: 0.3498, uncertainty: 3.4407, uncertainty_coeffi: 0.0010, loss: 0.1050, lr: 0.00e+00
     Epoch[1] Iteration[190/620], entropy: 0.2518, uncertainty: 3.5552, uncertainty_coeffi: 0.0010, loss: 0.0864, lr: 0.00e+00
     Epoch[1] Iteration[200/620], entropy: 0.3329, uncertainty: 3.4747, uncertainty_coeffi: 0.0010, loss: 0.1263, lr: 0.00e+00
     Epoch[1] Iteration[210/620], entropy: 0.3362, uncertainty: 3.3647, uncertainty_coeffi: 0.0010, loss: 0.1303, lr: 0.00e+00
     Epoch[1] Iteration[220/620], entropy: 0.3191, uncertainty: 2.7715, uncertainty_coeffi: 0.0010, loss: 0.1667, lr: 0.00e+00
     Epoch[1] Iteration[230/620], entropy: 0.2561, uncertainty: 3.5227, uncertainty_coeffi: 0.0010, loss: 0.1021, lr: 0.00e+00
     Epoch[1] Iteration[240/620], entropy: 0.2834, uncertainty: 3.3069, uncertainty_coeffi: 0.0010, loss: 0.1172, lr: 0.00e+00
     Epoch[1] Iteration[250/620], entropy: 0.3804, uncertainty: 3.0456, uncertainty_coeffi: 0.0010, loss: 0.1560, lr: 0.00e+00
     Epoch[1] Iteration[260/620], entropy: 0.3635, uncertainty: 3.2866, uncertainty_coeffi: 0.0010, loss: 0.1303, lr: 0.00e+00
     Epoch[1] Iteration[270/620], entropy: 0.3786, uncertainty: 3.4784, uncertainty_coeffi: 0.0010, loss: 0.1650, lr: 0.00e+00
     Epoch[1] Iteration[280/620], entropy: 0.2371, uncertainty: 3.2720, uncertainty_coeffi: 0.0010, loss: 0.0768, lr: 0.00e+00
     Epoch[1] Iteration[290/620], entropy: 0.3787, uncertainty: 3.2256, uncertainty_coeffi: 0.0010, loss: 0.1285, lr: 0.00e+00
     Epoch[1] Iteration[300/620], entropy: 0.3205, uncertainty: 2.9413, uncertainty_coeffi: 0.0010, loss: 0.1449, lr: 0.00e+00
     Epoch[1] Iteration[310/620], entropy: 0.2518, uncertainty: 3.3371, uncertainty_coeffi: 0.0010, loss: 0.0810, lr: 0.00e+00
     Epoch[1] Iteration[320/620], entropy: 0.2679, uncertainty: 3.2232, uncertainty_coeffi: 0.0010, loss: 0.0900, lr: 0.00e+00
     Epoch[1] Iteration[330/620], entropy: 0.2101, uncertainty: 2.8694, uncertainty_coeffi: 0.0010, loss: 0.0921, lr: 0.00e+00
     Epoch[1] Iteration[340/620], entropy: 0.3104, uncertainty: 3.0957, uncertainty_coeffi: 0.0010, loss: 0.1442, lr: 0.00e+00
     Epoch[1] Iteration[350/620], entropy: 0.2241, uncertainty: 2.8129, uncertainty_coeffi: 0.0010, loss: 0.0990, lr: 0.00e+00
     Epoch[1] Iteration[360/620], entropy: 0.3227, uncertainty: 2.7202, uncertainty_coeffi: 0.0010, loss: 0.1405, lr: 0.00e+00
     Epoch[1] Iteration[370/620], entropy: 0.3190, uncertainty: 3.0118, uncertainty_coeffi: 0.0010, loss: 0.1410, lr: 0.00e+00
     Epoch[1] Iteration[380/620], entropy: 0.2071, uncertainty: 3.4221, uncertainty_coeffi: 0.0010, loss: 0.0723, lr: 0.00e+00
     Epoch[1] Iteration[390/620], entropy: 0.2789, uncertainty: 3.7626, uncertainty_coeffi: 0.0010, loss: 0.0713, lr: 0.00e+00
     Epoch[1] Iteration[400/620], entropy: 0.2587, uncertainty: 3.4831, uncertainty_coeffi: 0.0010, loss: 0.0967, lr: 0.00e+00
     Epoch[1] Iteration[410/620], entropy: 0.2662, uncertainty: 3.9741, uncertainty_coeffi: 0.0010, loss: 0.0825, lr: 0.00e+00
     Epoch[1] Iteration[420/620], entropy: 0.2321, uncertainty: 3.6155, uncertainty_coeffi: 0.0010, loss: 0.0744, lr: 0.00e+00
     Epoch[1] Iteration[430/620], entropy: 0.2819, uncertainty: 2.6706, uncertainty_coeffi: 0.0010, loss: 0.1484, lr: 0.00e+00
     Epoch[1] Iteration[440/620], entropy: 0.1899, uncertainty: 3.2950, uncertainty_coeffi: 0.0010, loss: 0.0713, lr: 0.00e+00
     Epoch[1] Iteration[450/620], entropy: 0.2896, uncertainty: 3.5589, uncertainty_coeffi: 0.0010, loss: 0.0852, lr: 0.00e+00
     Epoch[1] Iteration[460/620], entropy: 0.2768, uncertainty: 2.9809, uncertainty_coeffi: 0.0010, loss: 0.1227, lr: 0.00e+00
     Epoch[1] Iteration[470/620], entropy: 0.2608, uncertainty: 3.7705, uncertainty_coeffi: 0.0010, loss: 0.0834, lr: 0.00e+00
     Epoch[1] Iteration[480/620], entropy: 0.2488, uncertainty: 3.6306, uncertainty_coeffi: 0.0010, loss: 0.0958, lr: 0.00e+00
     Epoch[1] Iteration[490/620], entropy: 0.2257, uncertainty: 3.1037, uncertainty_coeffi: 0.0010, loss: 0.0909, lr: 0.00e+00
     Epoch[1] Iteration[500/620], entropy: 0.4223, uncertainty: 3.4821, uncertainty_coeffi: 0.0010, loss: 0.1395, lr: 0.00e+00
     Epoch[1] Iteration[510/620], entropy: 0.3479, uncertainty: 2.9507, uncertainty_coeffi: 0.0010, loss: 0.1596, lr: 0.00e+00
     Epoch[1] Iteration[520/620], entropy: 0.2538, uncertainty: 3.3490, uncertainty_coeffi: 0.0010, loss: 0.1011, lr: 0.00e+00
     Epoch[1] Iteration[530/620], entropy: 0.3181, uncertainty: 3.2499, uncertainty_coeffi: 0.0010, loss: 0.0837, lr: 0.00e+00
     Epoch[1] Iteration[540/620], entropy: 0.2426, uncertainty: 3.1749, uncertainty_coeffi: 0.0010, loss: 0.0937, lr: 0.00e+00
     Epoch[1] Iteration[550/620], entropy: 0.2983, uncertainty: 3.2163, uncertainty_coeffi: 0.0010, loss: 0.1313, lr: 0.00e+00
     Epoch[1] Iteration[560/620], entropy: 0.3918, uncertainty: 3.3393, uncertainty_coeffi: 0.0010, loss: 0.1455, lr: 0.00e+00
     Epoch[1] Iteration[570/620], entropy: 0.2603, uncertainty: 3.1007, uncertainty_coeffi: 0.0010, loss: 0.1202, lr: 0.00e+00
     Epoch[1] Iteration[580/620], entropy: 0.2515, uncertainty: 3.2504, uncertainty_coeffi: 0.0010, loss: 0.0856, lr: 0.00e+00
     Epoch[1] Iteration[590/620], entropy: 0.2628, uncertainty: 3.4997, uncertainty_coeffi: 0.0010, loss: 0.0881, lr: 0.00e+00
     Epoch[1] Iteration[600/620], entropy: 0.2031, uncertainty: 3.1514, uncertainty_coeffi: 0.0010, loss: 0.0742, lr: 0.00e+00
     Epoch[1] Iteration[610/620], entropy: 0.3151, uncertainty: 3.4073, uncertainty_coeffi: 0.0010, loss: 0.1109, lr: 0.00e+00
     Epoch[1] Iteration[620/620], entropy: 0.3129, uncertainty: 3.2752, uncertainty_coeffi: 0.0010, loss: 0.1013, lr: 0.00e+00
     Averaged stats: entropy_avg: 0.2843, uncertainty_avg: 3.2746, uncertainty_coeffi_avg: 0.0010, loss_avg: 0.1088, lr_avg: 0.00e+00
     itm tta time 0:02:00
### TTA Eval Score: 
+-------+--------+--------+--------+--------+-------+
| epoch |   R1   |   R5   |  R10   |  mAP   |  mINP |
+-------+--------+--------+--------+--------+-------+
|  -999 | 60.656 | 77.499 | 83.268 | 35.543 | 6.006 |
|   0   | 61.840 | 77.302 | 82.885 | 35.987 | 5.978 |
|   1   | 61.744 | 77.156 | 82.860 | 35.967 | 5.983 |
+-------+--------+--------+--------+--------+-------+
     logs:  {'epo': 1, 'R1': np.float32(61.744), 'R5': np.float32(77.156), 'R10': np.float32(82.86), 'mAP': np.float32(35.967), 'mINP': np.float32(5.983), 'entropy': 0.28428475462621255, 'uncertainty': 3.274599855945956, 'uncertainty_coeffi': 0.0010000000474974513, 'loss': 0.10878797536415438, 'lr': 0.0}
     Epoch[2] Iteration[10/620], entropy: 0.4101, uncertainty: 3.1650, uncertainty_coeffi: 0.0010, loss: 0.1834, lr: 0.00e+00
     Epoch[2] Iteration[20/620], entropy: 0.3304, uncertainty: 3.8758, uncertainty_coeffi: 0.0010, loss: 0.1048, lr: 0.00e+00
     Epoch[2] Iteration[30/620], entropy: 0.3174, uncertainty: 3.5690, uncertainty_coeffi: 0.0010, loss: 0.1093, lr: 0.00e+00
     Epoch[2] Iteration[40/620], entropy: 0.1652, uncertainty: 3.0821, uncertainty_coeffi: 0.0010, loss: 0.0654, lr: 0.00e+00
     Epoch[2] Iteration[50/620], entropy: 0.2091, uncertainty: 2.8106, uncertainty_coeffi: 0.0010, loss: 0.0965, lr: 0.00e+00
     Epoch[2] Iteration[60/620], entropy: 0.3891, uncertainty: 3.5662, uncertainty_coeffi: 0.0010, loss: 0.1390, lr: 0.00e+00
     Epoch[2] Iteration[70/620], entropy: 0.2923, uncertainty: 3.1462, uncertainty_coeffi: 0.0010, loss: 0.0942, lr: 0.00e+00
     Epoch[2] Iteration[80/620], entropy: 0.3348, uncertainty: 3.1325, uncertainty_coeffi: 0.0010, loss: 0.1570, lr: 0.00e+00
     Epoch[2] Iteration[90/620], entropy: 0.1976, uncertainty: 2.7725, uncertainty_coeffi: 0.0010, loss: 0.0845, lr: 0.00e+00
     Epoch[2] Iteration[100/620], entropy: 0.2578, uncertainty: 3.4863, uncertainty_coeffi: 0.0010, loss: 0.0905, lr: 0.00e+00
     Epoch[2] Iteration[110/620], entropy: 0.1971, uncertainty: 2.6077, uncertainty_coeffi: 0.0010, loss: 0.0833, lr: 0.00e+00
     Epoch[2] Iteration[120/620], entropy: 0.3123, uncertainty: 3.4437, uncertainty_coeffi: 0.0010, loss: 0.1076, lr: 0.00e+00
     Epoch[2] Iteration[130/620], entropy: 0.2568, uncertainty: 3.5914, uncertainty_coeffi: 0.0010, loss: 0.1013, lr: 0.00e+00
     Epoch[2] Iteration[140/620], entropy: 0.2631, uncertainty: 3.3395, uncertainty_coeffi: 0.0010, loss: 0.0880, lr: 0.00e+00
     Epoch[2] Iteration[150/620], entropy: 0.3589, uncertainty: 3.4067, uncertainty_coeffi: 0.0010, loss: 0.1316, lr: 0.00e+00
     Epoch[2] Iteration[160/620], entropy: 0.2290, uncertainty: 3.3969, uncertainty_coeffi: 0.0010, loss: 0.0794, lr: 0.00e+00
     Epoch[2] Iteration[170/620], entropy: 0.3337, uncertainty: 3.2469, uncertainty_coeffi: 0.0010, loss: 0.1488, lr: 0.00e+00
     Epoch[2] Iteration[180/620], entropy: 0.3204, uncertainty: 3.1902, uncertainty_coeffi: 0.0010, loss: 0.1342, lr: 0.00e+00
     Epoch[2] Iteration[190/620], entropy: 0.3651, uncertainty: 3.6873, uncertainty_coeffi: 0.0010, loss: 0.1412, lr: 0.00e+00
     Epoch[2] Iteration[200/620], entropy: 0.2692, uncertainty: 3.4665, uncertainty_coeffi: 0.0010, loss: 0.0951, lr: 0.00e+00
     Epoch[2] Iteration[210/620], entropy: 0.1936, uncertainty: 3.5970, uncertainty_coeffi: 0.0010, loss: 0.0721, lr: 0.00e+00
     Epoch[2] Iteration[220/620], entropy: 0.3046, uncertainty: 3.7817, uncertainty_coeffi: 0.0010, loss: 0.0832, lr: 0.00e+00
     Epoch[2] Iteration[230/620], entropy: 0.2805, uncertainty: 2.9471, uncertainty_coeffi: 0.0010, loss: 0.1180, lr: 0.00e+00
     Epoch[2] Iteration[240/620], entropy: 0.3221, uncertainty: 2.8888, uncertainty_coeffi: 0.0010, loss: 0.1227, lr: 0.00e+00
     Epoch[2] Iteration[250/620], entropy: 0.3498, uncertainty: 2.5921, uncertainty_coeffi: 0.0010, loss: 0.1477, lr: 0.00e+00
     Epoch[2] Iteration[260/620], entropy: 0.1640, uncertainty: 3.0206, uncertainty_coeffi: 0.0010, loss: 0.0663, lr: 0.00e+00
     Epoch[2] Iteration[270/620], entropy: 0.2448, uncertainty: 3.5321, uncertainty_coeffi: 0.0010, loss: 0.0804, lr: 0.00e+00
     Epoch[2] Iteration[280/620], entropy: 0.2648, uncertainty: 3.0959, uncertainty_coeffi: 0.0010, loss: 0.1023, lr: 0.00e+00
     Epoch[2] Iteration[290/620], entropy: 0.3279, uncertainty: 3.3103, uncertainty_coeffi: 0.0010, loss: 0.1567, lr: 0.00e+00
     Epoch[2] Iteration[300/620], entropy: 0.2884, uncertainty: 3.7285, uncertainty_coeffi: 0.0010, loss: 0.0987, lr: 0.00e+00
     Epoch[2] Iteration[310/620], entropy: 0.2710, uncertainty: 3.2000, uncertainty_coeffi: 0.0010, loss: 0.1110, lr: 0.00e+00
     Epoch[2] Iteration[320/620], entropy: 0.3351, uncertainty: 3.6651, uncertainty_coeffi: 0.0010, loss: 0.0988, lr: 0.00e+00
     Epoch[2] Iteration[330/620], entropy: 0.2816, uncertainty: 3.1185, uncertainty_coeffi: 0.0010, loss: 0.1205, lr: 0.00e+00
     Epoch[2] Iteration[340/620], entropy: 0.3188, uncertainty: 3.5700, uncertainty_coeffi: 0.0010, loss: 0.1109, lr: 0.00e+00
     Epoch[2] Iteration[350/620], entropy: 0.2439, uncertainty: 3.3084, uncertainty_coeffi: 0.0010, loss: 0.0908, lr: 0.00e+00
     Epoch[2] Iteration[360/620], entropy: 0.2324, uncertainty: 3.6142, uncertainty_coeffi: 0.0010, loss: 0.0881, lr: 0.00e+00
     Epoch[2] Iteration[370/620], entropy: 0.3216, uncertainty: 3.7377, uncertainty_coeffi: 0.0010, loss: 0.1220, lr: 0.00e+00
     Epoch[2] Iteration[380/620], entropy: 0.2886, uncertainty: 2.6665, uncertainty_coeffi: 0.0010, loss: 0.1272, lr: 0.00e+00
     Epoch[2] Iteration[390/620], entropy: 0.2263, uncertainty: 2.9188, uncertainty_coeffi: 0.0010, loss: 0.1079, lr: 0.00e+00
     Epoch[2] Iteration[400/620], entropy: 0.2823, uncertainty: 3.6335, uncertainty_coeffi: 0.0010, loss: 0.0911, lr: 0.00e+00
     Epoch[2] Iteration[410/620], entropy: 0.2178, uncertainty: 3.6418, uncertainty_coeffi: 0.0010, loss: 0.0791, lr: 0.00e+00
     Epoch[2] Iteration[420/620], entropy: 0.2676, uncertainty: 2.9839, uncertainty_coeffi: 0.0010, loss: 0.1100, lr: 0.00e+00
     Epoch[2] Iteration[430/620], entropy: 0.2146, uncertainty: 3.2040, uncertainty_coeffi: 0.0010, loss: 0.0980, lr: 0.00e+00
     Epoch[2] Iteration[440/620], entropy: 0.3269, uncertainty: 3.1274, uncertainty_coeffi: 0.0010, loss: 0.1272, lr: 0.00e+00
     Epoch[2] Iteration[450/620], entropy: 0.2047, uncertainty: 3.0385, uncertainty_coeffi: 0.0010, loss: 0.0773, lr: 0.00e+00
     Epoch[2] Iteration[460/620], entropy: 0.3055, uncertainty: 3.2316, uncertainty_coeffi: 0.0010, loss: 0.1094, lr: 0.00e+00
     Epoch[2] Iteration[470/620], entropy: 0.2276, uncertainty: 3.0846, uncertainty_coeffi: 0.0010, loss: 0.0956, lr: 0.00e+00
     Epoch[2] Iteration[480/620], entropy: 0.2497, uncertainty: 3.2594, uncertainty_coeffi: 0.0010, loss: 0.0917, lr: 0.00e+00
     Epoch[2] Iteration[490/620], entropy: 0.2389, uncertainty: 3.5298, uncertainty_coeffi: 0.0010, loss: 0.0751, lr: 0.00e+00
     Epoch[2] Iteration[500/620], entropy: 0.2587, uncertainty: 2.9244, uncertainty_coeffi: 0.0010, loss: 0.0951, lr: 0.00e+00
     Epoch[2] Iteration[510/620], entropy: 0.2372, uncertainty: 3.1634, uncertainty_coeffi: 0.0010, loss: 0.0871, lr: 0.00e+00
     Epoch[2] Iteration[520/620], entropy: 0.2406, uncertainty: 3.1628, uncertainty_coeffi: 0.0010, loss: 0.1023, lr: 0.00e+00
     Epoch[2] Iteration[530/620], entropy: 0.2865, uncertainty: 3.1924, uncertainty_coeffi: 0.0010, loss: 0.1099, lr: 0.00e+00
     Epoch[2] Iteration[540/620], entropy: 0.2391, uncertainty: 3.3121, uncertainty_coeffi: 0.0010, loss: 0.1219, lr: 0.00e+00
     Epoch[2] Iteration[550/620], entropy: 0.2510, uncertainty: 3.0059, uncertainty_coeffi: 0.0010, loss: 0.1085, lr: 0.00e+00
     Epoch[2] Iteration[560/620], entropy: 0.2671, uncertainty: 3.3897, uncertainty_coeffi: 0.0010, loss: 0.0886, lr: 0.00e+00
     Epoch[2] Iteration[570/620], entropy: 0.2504, uncertainty: 2.7847, uncertainty_coeffi: 0.0010, loss: 0.1021, lr: 0.00e+00
     Epoch[2] Iteration[580/620], entropy: 0.3013, uncertainty: 3.2289, uncertainty_coeffi: 0.0010, loss: 0.1314, lr: 0.00e+00
     Epoch[2] Iteration[590/620], entropy: 0.3558, uncertainty: 3.5217, uncertainty_coeffi: 0.0010, loss: 0.1364, lr: 0.00e+00
     Epoch[2] Iteration[600/620], entropy: 0.2806, uncertainty: 2.7649, uncertainty_coeffi: 0.0010, loss: 0.1082, lr: 0.00e+00
     Epoch[2] Iteration[610/620], entropy: 0.1964, uncertainty: 2.3091, uncertainty_coeffi: 0.0010, loss: 0.0975, lr: 0.00e+00
     Epoch[2] Iteration[620/620], entropy: 0.2906, uncertainty: 3.6745, uncertainty_coeffi: 0.0010, loss: 0.0968, lr: 0.00e+00
     Averaged stats: entropy_avg: 0.2752, uncertainty_avg: 3.2491, uncertainty_coeffi_avg: 0.0010, loss_avg: 0.1065, lr_avg: 0.00e+00
     itm tta time 0:01:58
### TTA Eval Score: 
+-------+--------+--------+--------+--------+-------+
| epoch |   R1   |   R5   |  R10   |  mAP   |  mINP |
+-------+--------+--------+--------+--------+-------+
|  -999 | 60.656 | 77.499 | 83.268 | 35.543 | 6.006 |
|   0   | 61.840 | 77.302 | 82.885 | 35.987 | 5.978 |
|   1   | 61.744 | 77.156 | 82.860 | 35.967 | 5.983 |
|   2   | 61.921 | 77.136 | 82.875 | 36.016 | 6.001 |
+-------+--------+--------+--------+--------+-------+
     logs:  {'epo': 2, 'R1': np.float32(61.921), 'R5': np.float32(77.136), 'R10': np.float32(82.875), 'mAP': np.float32(36.016), 'mINP': np.float32(6.001), 'entropy': 0.2751607068123356, 'uncertainty': 3.249113751995948, 'uncertainty_coeffi': 0.0010000000474974513, 'loss': 0.1064611871636683, 'lr': 0.0}
     Epoch[3] Iteration[10/620], entropy: 0.2541, uncertainty: 3.1893, uncertainty_coeffi: 0.0010, loss: 0.0970, lr: 0.00e+00
     Epoch[3] Iteration[20/620], entropy: 0.2522, uncertainty: 3.3742, uncertainty_coeffi: 0.0010, loss: 0.0930, lr: 0.00e+00
     Epoch[3] Iteration[30/620], entropy: 0.1544, uncertainty: 2.9624, uncertainty_coeffi: 0.0010, loss: 0.0614, lr: 0.00e+00
     Epoch[3] Iteration[40/620], entropy: 0.2540, uncertainty: 3.2731, uncertainty_coeffi: 0.0010, loss: 0.0791, lr: 0.00e+00
     Epoch[3] Iteration[50/620], entropy: 0.1631, uncertainty: 3.2068, uncertainty_coeffi: 0.0010, loss: 0.0681, lr: 0.00e+00
     Epoch[3] Iteration[60/620], entropy: 0.3008, uncertainty: 2.6383, uncertainty_coeffi: 0.0010, loss: 0.1459, lr: 0.00e+00
     Epoch[3] Iteration[70/620], entropy: 0.3046, uncertainty: 3.4325, uncertainty_coeffi: 0.0010, loss: 0.0907, lr: 0.00e+00
     Epoch[3] Iteration[80/620], entropy: 0.2592, uncertainty: 3.2418, uncertainty_coeffi: 0.0010, loss: 0.0904, lr: 0.00e+00
     Epoch[3] Iteration[90/620], entropy: 0.2697, uncertainty: 2.5896, uncertainty_coeffi: 0.0010, loss: 0.1175, lr: 0.00e+00
     Epoch[3] Iteration[100/620], entropy: 0.2823, uncertainty: 3.4409, uncertainty_coeffi: 0.0010, loss: 0.1061, lr: 0.00e+00
     Epoch[3] Iteration[110/620], entropy: 0.2370, uncertainty: 3.1048, uncertainty_coeffi: 0.0010, loss: 0.0970, lr: 0.00e+00
     Epoch[3] Iteration[120/620], entropy: 0.2801, uncertainty: 3.0789, uncertainty_coeffi: 0.0010, loss: 0.0906, lr: 0.00e+00
     Epoch[3] Iteration[130/620], entropy: 0.2541, uncertainty: 3.9078, uncertainty_coeffi: 0.0010, loss: 0.0853, lr: 0.00e+00
     Epoch[3] Iteration[140/620], entropy: 0.3080, uncertainty: 3.4254, uncertainty_coeffi: 0.0010, loss: 0.0962, lr: 0.00e+00
     Epoch[3] Iteration[150/620], entropy: 0.2639, uncertainty: 3.5322, uncertainty_coeffi: 0.0010, loss: 0.0835, lr: 9.55e-05
     Epoch[3] Iteration[160/620], entropy: 0.2660, uncertainty: 3.2775, uncertainty_coeffi: 0.0010, loss: 0.1098, lr: 9.55e-05
     Epoch[3] Iteration[170/620], entropy: 0.2253, uncertainty: 3.1393, uncertainty_coeffi: 0.0010, loss: 0.0938, lr: 9.55e-05
     Epoch[3] Iteration[180/620], entropy: 0.3241, uncertainty: 2.9148, uncertainty_coeffi: 0.0010, loss: 0.1932, lr: 9.55e-05
     Epoch[3] Iteration[190/620], entropy: 0.2200, uncertainty: 3.0321, uncertainty_coeffi: 0.0010, loss: 0.0995, lr: 9.55e-05
     Epoch[3] Iteration[200/620], entropy: 0.3098, uncertainty: 2.6998, uncertainty_coeffi: 0.0010, loss: 0.1507, lr: 9.55e-05
     Epoch[3] Iteration[210/620], entropy: 0.3137, uncertainty: 3.2401, uncertainty_coeffi: 0.0010, loss: 0.1474, lr: 9.55e-05
     Epoch[3] Iteration[220/620], entropy: 0.2828, uncertainty: 2.7409, uncertainty_coeffi: 0.0010, loss: 0.1245, lr: 9.55e-05
     Epoch[3] Iteration[230/620], entropy: 0.3144, uncertainty: 3.4157, uncertainty_coeffi: 0.0010, loss: 0.1187, lr: 9.55e-05
     Epoch[3] Iteration[240/620], entropy: 0.2998, uncertainty: 3.5291, uncertainty_coeffi: 0.0010, loss: 0.1093, lr: 9.55e-05
     Epoch[3] Iteration[250/620], entropy: 0.1547, uncertainty: 2.5889, uncertainty_coeffi: 0.0010, loss: 0.0541, lr: 9.55e-05
     Epoch[3] Iteration[260/620], entropy: 0.3016, uncertainty: 3.1652, uncertainty_coeffi: 0.0010, loss: 0.1158, lr: 9.55e-05
     Epoch[3] Iteration[270/620], entropy: 0.2261, uncertainty: 3.2123, uncertainty_coeffi: 0.0010, loss: 0.0886, lr: 9.55e-05
     Epoch[3] Iteration[280/620], entropy: 0.2628, uncertainty: 3.2932, uncertainty_coeffi: 0.0010, loss: 0.0870, lr: 9.55e-05
     Epoch[3] Iteration[290/620], entropy: 0.2648, uncertainty: 3.0515, uncertainty_coeffi: 0.0010, loss: 0.1015, lr: 9.55e-05
     Epoch[3] Iteration[300/620], entropy: 0.2945, uncertainty: 3.4783, uncertainty_coeffi: 0.0010, loss: 0.1073, lr: 9.55e-05
     Epoch[3] Iteration[310/620], entropy: 0.3143, uncertainty: 3.7266, uncertainty_coeffi: 0.0010, loss: 0.0944, lr: 9.55e-05
     Epoch[3] Iteration[320/620], entropy: 0.2296, uncertainty: 3.4221, uncertainty_coeffi: 0.0010, loss: 0.1027, lr: 9.55e-05
     Epoch[3] Iteration[330/620], entropy: 0.2599, uncertainty: 3.6638, uncertainty_coeffi: 0.0010, loss: 0.1040, lr: 9.55e-05
     Epoch[3] Iteration[340/620], entropy: 0.2238, uncertainty: 3.2734, uncertainty_coeffi: 0.0010, loss: 0.0906, lr: 9.55e-05
     Epoch[3] Iteration[350/620], entropy: 0.2691, uncertainty: 4.0068, uncertainty_coeffi: 0.0010, loss: 0.0790, lr: 9.55e-05
     Epoch[3] Iteration[360/620], entropy: 0.2792, uncertainty: 3.1677, uncertainty_coeffi: 0.0010, loss: 0.1111, lr: 9.55e-05
     Epoch[3] Iteration[370/620], entropy: 0.3880, uncertainty: 3.1945, uncertainty_coeffi: 0.0010, loss: 0.1536, lr: 9.55e-05
     Epoch[3] Iteration[380/620], entropy: 0.1826, uncertainty: 3.4422, uncertainty_coeffi: 0.0010, loss: 0.0685, lr: 9.55e-05
     Epoch[3] Iteration[390/620], entropy: 0.2323, uncertainty: 3.2882, uncertainty_coeffi: 0.0010, loss: 0.1015, lr: 9.55e-05
     Epoch[3] Iteration[400/620], entropy: 0.2401, uncertainty: 3.2329, uncertainty_coeffi: 0.0010, loss: 0.0775, lr: 9.55e-05
     Epoch[3] Iteration[410/620], entropy: 0.3379, uncertainty: 3.3447, uncertainty_coeffi: 0.0010, loss: 0.1240, lr: 9.55e-05
     Epoch[3] Iteration[420/620], entropy: 0.2869, uncertainty: 3.1755, uncertainty_coeffi: 0.0010, loss: 0.1010, lr: 9.55e-05
     Epoch[3] Iteration[430/620], entropy: 0.2648, uncertainty: 3.6241, uncertainty_coeffi: 0.0010, loss: 0.0887, lr: 9.55e-05
     Epoch[3] Iteration[440/620], entropy: 0.2225, uncertainty: 3.2549, uncertainty_coeffi: 0.0010, loss: 0.0727, lr: 9.55e-05
     Epoch[3] Iteration[450/620], entropy: 0.1628, uncertainty: 2.5787, uncertainty_coeffi: 0.0010, loss: 0.0793, lr: 9.55e-05
     Epoch[3] Iteration[460/620], entropy: 0.2903, uncertainty: 3.0908, uncertainty_coeffi: 0.0010, loss: 0.1185, lr: 9.55e-05
     Epoch[3] Iteration[470/620], entropy: 0.2446, uncertainty: 3.4973, uncertainty_coeffi: 0.0010, loss: 0.0995, lr: 9.55e-05
     Epoch[3] Iteration[480/620], entropy: 0.3512, uncertainty: 4.2345, uncertainty_coeffi: 0.0010, loss: 0.1080, lr: 9.55e-05
     Epoch[3] Iteration[490/620], entropy: 0.2560, uncertainty: 3.3964, uncertainty_coeffi: 0.0010, loss: 0.1065, lr: 9.55e-05
     Epoch[3] Iteration[500/620], entropy: 0.2302, uncertainty: 3.2014, uncertainty_coeffi: 0.0010, loss: 0.1086, lr: 9.55e-05
     Epoch[3] Iteration[510/620], entropy: 0.3430, uncertainty: 3.5028, uncertainty_coeffi: 0.0010, loss: 0.1217, lr: 9.55e-05
     Epoch[3] Iteration[520/620], entropy: 0.2345, uncertainty: 3.1310, uncertainty_coeffi: 0.0010, loss: 0.1156, lr: 9.55e-05
     Epoch[3] Iteration[530/620], entropy: 0.2497, uncertainty: 3.3587, uncertainty_coeffi: 0.0010, loss: 0.0918, lr: 9.55e-05
     Epoch[3] Iteration[540/620], entropy: 0.2801, uncertainty: 3.1177, uncertainty_coeffi: 0.0010, loss: 0.1282, lr: 9.55e-05
     Epoch[3] Iteration[550/620], entropy: 0.3169, uncertainty: 3.3329, uncertainty_coeffi: 0.0010, loss: 0.1085, lr: 9.55e-05
     Epoch[3] Iteration[560/620], entropy: 0.2188, uncertainty: 3.1764, uncertainty_coeffi: 0.0010, loss: 0.0872, lr: 9.55e-05
     Epoch[3] Iteration[570/620], entropy: 0.2446, uncertainty: 3.0482, uncertainty_coeffi: 0.0010, loss: 0.1147, lr: 9.55e-05
     Epoch[3] Iteration[580/620], entropy: 0.2754, uncertainty: 3.2773, uncertainty_coeffi: 0.0010, loss: 0.0995, lr: 9.55e-05
     Epoch[3] Iteration[590/620], entropy: 0.2644, uncertainty: 3.5077, uncertainty_coeffi: 0.0010, loss: 0.0978, lr: 9.55e-05
     Epoch[3] Iteration[600/620], entropy: 0.3426, uncertainty: 2.9032, uncertainty_coeffi: 0.0010, loss: 0.1383, lr: 9.55e-05
     Epoch[3] Iteration[610/620], entropy: 0.2138, uncertainty: 3.1789, uncertainty_coeffi: 0.0010, loss: 0.1027, lr: 9.55e-05
     Epoch[3] Iteration[620/620], entropy: 0.3020, uncertainty: 3.4718, uncertainty_coeffi: 0.0010, loss: 0.1163, lr: 9.55e-05
     Averaged stats: entropy_avg: 0.2653, uncertainty_avg: 3.2581, uncertainty_coeffi_avg: 0.0010, loss_avg: 0.1035, lr_avg: 7.39e-05
     itm tta time 0:01:59
     Epoch[4] Iteration[10/620], entropy: 0.2765, uncertainty: 3.4977, uncertainty_coeffi: 0.0010, loss: 0.1065, lr: 9.55e-05
     Epoch[4] Iteration[20/620], entropy: 0.2289, uncertainty: 2.7707, uncertainty_coeffi: 0.0010, loss: 0.0745, lr: 9.55e-05
     Epoch[4] Iteration[30/620], entropy: 0.2392, uncertainty: 3.5163, uncertainty_coeffi: 0.0010, loss: 0.0879, lr: 9.55e-05
     Epoch[4] Iteration[40/620], entropy: 0.2560, uncertainty: 3.4636, uncertainty_coeffi: 0.0010, loss: 0.0729, lr: 9.55e-05
     Epoch[4] Iteration[50/620], entropy: 0.3120, uncertainty: 3.1046, uncertainty_coeffi: 0.0010, loss: 0.1234, lr: 9.55e-05
     Epoch[4] Iteration[60/620], entropy: 0.2523, uncertainty: 3.5317, uncertainty_coeffi: 0.0010, loss: 0.0831, lr: 9.55e-05
     Epoch[4] Iteration[70/620], entropy: 0.2470, uncertainty: 3.9224, uncertainty_coeffi: 0.0010, loss: 0.0717, lr: 9.55e-05
     Epoch[4] Iteration[80/620], entropy: 0.3275, uncertainty: 3.8478, uncertainty_coeffi: 0.0010, loss: 0.0872, lr: 9.55e-05
     Epoch[4] Iteration[90/620], entropy: 0.2759, uncertainty: 2.8338, uncertainty_coeffi: 0.0010, loss: 0.1249, lr: 9.55e-05
     Epoch[4] Iteration[100/620], entropy: 0.1829, uncertainty: 2.7136, uncertainty_coeffi: 0.0010, loss: 0.0961, lr: 9.55e-05
     Epoch[4] Iteration[110/620], entropy: 0.3240, uncertainty: 3.6237, uncertainty_coeffi: 0.0010, loss: 0.1253, lr: 9.55e-05
     Epoch[4] Iteration[120/620], entropy: 0.2245, uncertainty: 3.2839, uncertainty_coeffi: 0.0010, loss: 0.0880, lr: 9.55e-05
     Epoch[4] Iteration[130/620], entropy: 0.2563, uncertainty: 3.5169, uncertainty_coeffi: 0.0010, loss: 0.1002, lr: 9.55e-05
     Epoch[4] Iteration[140/620], entropy: 0.2911, uncertainty: 3.2739, uncertainty_coeffi: 0.0010, loss: 0.1085, lr: 9.55e-05
     Epoch[4] Iteration[150/620], entropy: 0.3787, uncertainty: 3.7098, uncertainty_coeffi: 0.0010, loss: 0.1083, lr: 9.55e-05
     Epoch[4] Iteration[160/620], entropy: 0.1978, uncertainty: 2.9574, uncertainty_coeffi: 0.0010, loss: 0.0818, lr: 9.55e-05
     Epoch[4] Iteration[170/620], entropy: 0.2472, uncertainty: 3.7321, uncertainty_coeffi: 0.0010, loss: 0.0805, lr: 9.55e-05
     Epoch[4] Iteration[180/620], entropy: 0.2675, uncertainty: 3.1377, uncertainty_coeffi: 0.0010, loss: 0.0930, lr: 9.55e-05
     Epoch[4] Iteration[190/620], entropy: 0.2779, uncertainty: 3.2484, uncertainty_coeffi: 0.0010, loss: 0.0879, lr: 9.55e-05
     Epoch[4] Iteration[200/620], entropy: 0.2400, uncertainty: 3.9358, uncertainty_coeffi: 0.0010, loss: 0.0840, lr: 9.55e-05
     Epoch[4] Iteration[210/620], entropy: 0.4158, uncertainty: 3.2461, uncertainty_coeffi: 0.0010, loss: 0.1664, lr: 9.55e-05
     Epoch[4] Iteration[220/620], entropy: 0.2186, uncertainty: 2.9714, uncertainty_coeffi: 0.0010, loss: 0.0824, lr: 9.55e-05
     Epoch[4] Iteration[230/620], entropy: 0.2657, uncertainty: 3.2244, uncertainty_coeffi: 0.0010, loss: 0.0995, lr: 9.55e-05
     Epoch[4] Iteration[240/620], entropy: 0.3412, uncertainty: 3.7008, uncertainty_coeffi: 0.0010, loss: 0.1311, lr: 9.55e-05
     Epoch[4] Iteration[250/620], entropy: 0.3155, uncertainty: 4.0061, uncertainty_coeffi: 0.0010, loss: 0.1086, lr: 9.55e-05
     Epoch[4] Iteration[260/620], entropy: 0.3003, uncertainty: 3.3092, uncertainty_coeffi: 0.0010, loss: 0.1059, lr: 9.55e-05
     Epoch[4] Iteration[270/620], entropy: 0.2522, uncertainty: 3.3193, uncertainty_coeffi: 0.0010, loss: 0.0850, lr: 9.55e-05
     Epoch[4] Iteration[280/620], entropy: 0.2732, uncertainty: 2.5074, uncertainty_coeffi: 0.0010, loss: 0.1178, lr: 9.55e-05
     Epoch[4] Iteration[290/620], entropy: 0.3418, uncertainty: 3.5278, uncertainty_coeffi: 0.0010, loss: 0.1020, lr: 9.55e-05
     Epoch[4] Iteration[300/620], entropy: 0.2777, uncertainty: 3.2595, uncertainty_coeffi: 0.0010, loss: 0.1179, lr: 9.55e-05
     Epoch[4] Iteration[310/620], entropy: 0.2286, uncertainty: 2.7378, uncertainty_coeffi: 0.0010, loss: 0.0940, lr: 9.55e-05
     Epoch[4] Iteration[320/620], entropy: 0.2361, uncertainty: 3.3365, uncertainty_coeffi: 0.0010, loss: 0.0714, lr: 9.55e-05
     Epoch[4] Iteration[330/620], entropy: 0.2128, uncertainty: 3.6460, uncertainty_coeffi: 0.0010, loss: 0.0685, lr: 9.55e-05
     Epoch[4] Iteration[340/620], entropy: 0.2581, uncertainty: 3.5661, uncertainty_coeffi: 0.0010, loss: 0.0743, lr: 9.55e-05
     Epoch[4] Iteration[350/620], entropy: 0.2603, uncertainty: 4.0266, uncertainty_coeffi: 0.0010, loss: 0.0853, lr: 9.55e-05
     Epoch[4] Iteration[360/620], entropy: 0.2314, uncertainty: 2.6936, uncertainty_coeffi: 0.0010, loss: 0.0921, lr: 9.55e-05
     Epoch[4] Iteration[370/620], entropy: 0.2465, uncertainty: 3.7321, uncertainty_coeffi: 0.0010, loss: 0.0961, lr: 9.55e-05
     Epoch[4] Iteration[380/620], entropy: 0.2893, uncertainty: 3.3535, uncertainty_coeffi: 0.0010, loss: 0.1254, lr: 9.55e-05
     Epoch[4] Iteration[390/620], entropy: 0.2801, uncertainty: 3.2438, uncertainty_coeffi: 0.0010, loss: 0.1038, lr: 9.55e-05
     Epoch[4] Iteration[400/620], entropy: 0.2140, uncertainty: 2.9432, uncertainty_coeffi: 0.0010, loss: 0.0925, lr: 9.55e-05
     Epoch[4] Iteration[410/620], entropy: 0.2576, uncertainty: 3.0715, uncertainty_coeffi: 0.0010, loss: 0.1014, lr: 9.55e-05
     Epoch[4] Iteration[420/620], entropy: 0.3354, uncertainty: 3.8986, uncertainty_coeffi: 0.0010, loss: 0.1055, lr: 9.55e-05
     Epoch[4] Iteration[430/620], entropy: 0.1689, uncertainty: 3.0624, uncertainty_coeffi: 0.0010, loss: 0.0598, lr: 9.55e-05
     Epoch[4] Iteration[440/620], entropy: 0.2917, uncertainty: 3.3649, uncertainty_coeffi: 0.0010, loss: 0.1052, lr: 9.55e-05
     Epoch[4] Iteration[450/620], entropy: 0.2016, uncertainty: 3.1734, uncertainty_coeffi: 0.0010, loss: 0.0921, lr: 9.55e-05
     Epoch[4] Iteration[460/620], entropy: 0.2514, uncertainty: 2.6968, uncertainty_coeffi: 0.0010, loss: 0.0968, lr: 9.55e-05
     Epoch[4] Iteration[470/620], entropy: 0.1949, uncertainty: 3.1509, uncertainty_coeffi: 0.0010, loss: 0.0911, lr: 9.55e-05
     Epoch[4] Iteration[480/620], entropy: 0.1974, uncertainty: 3.6502, uncertainty_coeffi: 0.0010, loss: 0.0794, lr: 9.55e-05
     Epoch[4] Iteration[490/620], entropy: 0.2957, uncertainty: 3.6814, uncertainty_coeffi: 0.0010, loss: 0.0932, lr: 9.55e-05
     Epoch[4] Iteration[500/620], entropy: 0.2283, uncertainty: 3.1618, uncertainty_coeffi: 0.0010, loss: 0.0810, lr: 9.55e-05
     Epoch[4] Iteration[510/620], entropy: 0.2793, uncertainty: 3.8694, uncertainty_coeffi: 0.0010, loss: 0.0835, lr: 9.55e-05
     Epoch[4] Iteration[520/620], entropy: 0.1210, uncertainty: 3.3036, uncertainty_coeffi: 0.0010, loss: 0.0709, lr: 9.55e-05
     Epoch[4] Iteration[530/620], entropy: 0.2079, uncertainty: 3.0670, uncertainty_coeffi: 0.0010, loss: 0.0773, lr: 9.55e-05
     Epoch[4] Iteration[540/620], entropy: 0.2071, uncertainty: 3.1895, uncertainty_coeffi: 0.0010, loss: 0.0936, lr: 9.55e-05
     Epoch[4] Iteration[550/620], entropy: 0.2513, uncertainty: 2.9154, uncertainty_coeffi: 0.0010, loss: 0.1100, lr: 9.55e-05
     Epoch[4] Iteration[560/620], entropy: 0.2453, uncertainty: 3.1319, uncertainty_coeffi: 0.0010, loss: 0.1107, lr: 9.55e-05
     Epoch[4] Iteration[570/620], entropy: 0.2612, uncertainty: 3.2487, uncertainty_coeffi: 0.0010, loss: 0.1020, lr: 9.55e-05
     Epoch[4] Iteration[580/620], entropy: 0.2773, uncertainty: 3.0114, uncertainty_coeffi: 0.0010, loss: 0.1106, lr: 9.55e-05
     Epoch[4] Iteration[590/620], entropy: 0.2046, uncertainty: 2.7662, uncertainty_coeffi: 0.0010, loss: 0.0962, lr: 9.55e-05
     Epoch[4] Iteration[600/620], entropy: 0.2188, uncertainty: 3.6594, uncertainty_coeffi: 0.0010, loss: 0.0690, lr: 9.55e-05
     Epoch[4] Iteration[610/620], entropy: 0.1886, uncertainty: 3.2781, uncertainty_coeffi: 0.0010, loss: 0.0700, lr: 9.55e-05
     Epoch[4] Iteration[620/620], entropy: 0.1870, uncertainty: 2.9535, uncertainty_coeffi: 0.0010, loss: 0.0834, lr: 9.55e-05
     Averaged stats: entropy_avg: 0.2554, uncertainty_avg: 3.3110, uncertainty_coeffi_avg: 0.0010, loss_avg: 0.0950, lr_avg: 9.55e-05
     itm tta time 0:01:59
### TTA Eval Score: 
+-------+--------+--------+--------+--------+-------+
| epoch |   R1   |   R5   |  R10   |  mAP   |  mINP |
+-------+--------+--------+--------+--------+-------+
|  -999 | 60.656 | 77.499 | 83.268 | 35.543 | 6.006 |
|   0   | 61.840 | 77.302 | 82.885 | 35.987 | 5.978 |
|   1   | 61.744 | 77.156 | 82.860 | 35.967 | 5.983 |
|   2   | 61.921 | 77.136 | 82.875 | 36.016 | 6.001 |
|   4   | 61.855 | 77.131 | 82.915 | 35.842 | 5.826 |
+-------+--------+--------+--------+--------+-------+
     logs:  {'epo': 4, 'R1': np.float32(61.855), 'R5': np.float32(77.131), 'R10': np.float32(82.915), 'mAP': np.float32(35.842), 'mINP': np.float32(5.826), 'entropy': 0.25539997856943836, 'uncertainty': 3.310951967393198, 'uncertainty_coeffi': 0.0010000000474974513, 'loss': 0.09497659340981514, 'lr': 9.549150281258291e-05}
     Epoch[5] Iteration[10/620], entropy: 0.2735, uncertainty: 3.6415, uncertainty_coeffi: 0.0010, loss: 0.0735, lr: 9.55e-05
     Epoch[5] Iteration[20/620], entropy: 0.2134, uncertainty: 3.1751, uncertainty_coeffi: 0.0010, loss: 0.0957, lr: 9.55e-05
     Epoch[5] Iteration[30/620], entropy: 0.2292, uncertainty: 3.2914, uncertainty_coeffi: 0.0010, loss: 0.0808, lr: 9.55e-05
     Epoch[5] Iteration[40/620], entropy: 0.2278, uncertainty: 3.1440, uncertainty_coeffi: 0.0010, loss: 0.0821, lr: 9.55e-05
     Epoch[5] Iteration[50/620], entropy: 0.2469, uncertainty: 3.8054, uncertainty_coeffi: 0.0010, loss: 0.0669, lr: 9.55e-05
     Epoch[5] Iteration[60/620], entropy: 0.3025, uncertainty: 3.7304, uncertainty_coeffi: 0.0010, loss: 0.1118, lr: 9.55e-05
     Epoch[5] Iteration[70/620], entropy: 0.2717, uncertainty: 3.1875, uncertainty_coeffi: 0.0010, loss: 0.1204, lr: 9.55e-05
     Epoch[5] Iteration[80/620], entropy: 0.2772, uncertainty: 3.4441, uncertainty_coeffi: 0.0010, loss: 0.1259, lr: 9.55e-05
     Epoch[5] Iteration[90/620], entropy: 0.2757, uncertainty: 3.2352, uncertainty_coeffi: 0.0010, loss: 0.1035, lr: 9.55e-05
     Epoch[5] Iteration[100/620], entropy: 0.2627, uncertainty: 3.3496, uncertainty_coeffi: 0.0010, loss: 0.0856, lr: 9.55e-05
     Epoch[5] Iteration[110/620], entropy: 0.1491, uncertainty: 2.3891, uncertainty_coeffi: 0.0010, loss: 0.0906, lr: 9.55e-05
     Epoch[5] Iteration[120/620], entropy: 0.2495, uncertainty: 3.2482, uncertainty_coeffi: 0.0010, loss: 0.0909, lr: 9.55e-05
     Epoch[5] Iteration[130/620], entropy: 0.2914, uncertainty: 3.5526, uncertainty_coeffi: 0.0010, loss: 0.1209, lr: 9.55e-05
     Epoch[5] Iteration[140/620], entropy: 0.2659, uncertainty: 3.0295, uncertainty_coeffi: 0.0010, loss: 0.1275, lr: 9.55e-05
     Epoch[5] Iteration[150/620], entropy: 0.2800, uncertainty: 3.4087, uncertainty_coeffi: 0.0010, loss: 0.1084, lr: 9.55e-05
     Epoch[5] Iteration[160/620], entropy: 0.2063, uncertainty: 3.4344, uncertainty_coeffi: 0.0010, loss: 0.0831, lr: 9.55e-05
     Epoch[5] Iteration[170/620], entropy: 0.2757, uncertainty: 2.6646, uncertainty_coeffi: 0.0010, loss: 0.1150, lr: 9.55e-05
     Epoch[5] Iteration[180/620], entropy: 0.2180, uncertainty: 3.0618, uncertainty_coeffi: 0.0010, loss: 0.0816, lr: 9.55e-05
     Epoch[5] Iteration[190/620], entropy: 0.2301, uncertainty: 3.3204, uncertainty_coeffi: 0.0010, loss: 0.0790, lr: 9.55e-05
     Epoch[5] Iteration[200/620], entropy: 0.2829, uncertainty: 2.6407, uncertainty_coeffi: 0.0010, loss: 0.1237, lr: 9.55e-05
     Epoch[5] Iteration[210/620], entropy: 0.2919, uncertainty: 2.7924, uncertainty_coeffi: 0.0010, loss: 0.1070, lr: 9.55e-05
     Epoch[5] Iteration[220/620], entropy: 0.2245, uncertainty: 3.0724, uncertainty_coeffi: 0.0010, loss: 0.0975, lr: 9.55e-05
     Epoch[5] Iteration[230/620], entropy: 0.2197, uncertainty: 3.0937, uncertainty_coeffi: 0.0010, loss: 0.0820, lr: 9.55e-05
     Epoch[5] Iteration[240/620], entropy: 0.2941, uncertainty: 3.4067, uncertainty_coeffi: 0.0010, loss: 0.0999, lr: 9.55e-05
     Epoch[5] Iteration[250/620], entropy: 0.2677, uncertainty: 3.4231, uncertainty_coeffi: 0.0010, loss: 0.0959, lr: 9.55e-05
     Epoch[5] Iteration[260/620], entropy: 0.2006, uncertainty: 3.6761, uncertainty_coeffi: 0.0010, loss: 0.0547, lr: 9.55e-05
     Epoch[5] Iteration[270/620], entropy: 0.2218, uncertainty: 3.1490, uncertainty_coeffi: 0.0010, loss: 0.0980, lr: 9.55e-05
     Epoch[5] Iteration[280/620], entropy: 0.2463, uncertainty: 3.2074, uncertainty_coeffi: 0.0010, loss: 0.0916, lr: 9.55e-05
     Epoch[5] Iteration[290/620], entropy: 0.2391, uncertainty: 3.2125, uncertainty_coeffi: 0.0010, loss: 0.0800, lr: 9.55e-05
     Epoch[5] Iteration[300/620], entropy: 0.2758, uncertainty: 3.4944, uncertainty_coeffi: 0.0010, loss: 0.1021, lr: 9.55e-05
     Epoch[5] Iteration[310/620], entropy: 0.1832, uncertainty: 3.0177, uncertainty_coeffi: 0.0010, loss: 0.0785, lr: 9.55e-05
     Epoch[5] Iteration[320/620], entropy: 0.2364, uncertainty: 2.9122, uncertainty_coeffi: 0.0010, loss: 0.0953, lr: 9.55e-05
     Epoch[5] Iteration[330/620], entropy: 0.2201, uncertainty: 3.2775, uncertainty_coeffi: 0.0010, loss: 0.0544, lr: 9.55e-05
     Epoch[5] Iteration[340/620], entropy: 0.2525, uncertainty: 3.0054, uncertainty_coeffi: 0.0010, loss: 0.0904, lr: 9.55e-05
     Epoch[5] Iteration[350/620], entropy: 0.3290, uncertainty: 3.6240, uncertainty_coeffi: 0.0010, loss: 0.1192, lr: 9.55e-05
     Epoch[5] Iteration[360/620], entropy: 0.2588, uncertainty: 3.2927, uncertainty_coeffi: 0.0010, loss: 0.0965, lr: 9.55e-05
     Epoch[5] Iteration[370/620], entropy: 0.1739, uncertainty: 3.1652, uncertainty_coeffi: 0.0010, loss: 0.0671, lr: 9.55e-05
     Epoch[5] Iteration[380/620], entropy: 0.2393, uncertainty: 3.0988, uncertainty_coeffi: 0.0010, loss: 0.0969, lr: 9.55e-05
     Epoch[5] Iteration[390/620], entropy: 0.4068, uncertainty: 3.6242, uncertainty_coeffi: 0.0010, loss: 0.1449, lr: 9.55e-05
     Epoch[5] Iteration[400/620], entropy: 0.1939, uncertainty: 3.2354, uncertainty_coeffi: 0.0010, loss: 0.0671, lr: 9.55e-05
     Epoch[5] Iteration[410/620], entropy: 0.1923, uncertainty: 3.6272, uncertainty_coeffi: 0.0010, loss: 0.0690, lr: 9.55e-05
     Epoch[5] Iteration[420/620], entropy: 0.1918, uncertainty: 2.7317, uncertainty_coeffi: 0.0010, loss: 0.0805, lr: 9.55e-05
     Epoch[5] Iteration[430/620], entropy: 0.2988, uncertainty: 3.2359, uncertainty_coeffi: 0.0010, loss: 0.1076, lr: 9.55e-05
     Epoch[5] Iteration[440/620], entropy: 0.2678, uncertainty: 3.2917, uncertainty_coeffi: 0.0010, loss: 0.0954, lr: 9.55e-05
     Epoch[5] Iteration[450/620], entropy: 0.1593, uncertainty: 3.4820, uncertainty_coeffi: 0.0010, loss: 0.0676, lr: 9.55e-05
     Epoch[5] Iteration[460/620], entropy: 0.2239, uncertainty: 2.8588, uncertainty_coeffi: 0.0010, loss: 0.1023, lr: 9.55e-05
     Epoch[5] Iteration[470/620], entropy: 0.2864, uncertainty: 3.4520, uncertainty_coeffi: 0.0010, loss: 0.1194, lr: 9.55e-05
     Epoch[5] Iteration[480/620], entropy: 0.2534, uncertainty: 3.0050, uncertainty_coeffi: 0.0010, loss: 0.1065, lr: 9.55e-05
     Epoch[5] Iteration[490/620], entropy: 0.3109, uncertainty: 3.0729, uncertainty_coeffi: 0.0010, loss: 0.0945, lr: 9.55e-05
     Epoch[5] Iteration[500/620], entropy: 0.2711, uncertainty: 3.7750, uncertainty_coeffi: 0.0010, loss: 0.0891, lr: 9.55e-05
     Epoch[5] Iteration[510/620], entropy: 0.2506, uncertainty: 3.3904, uncertainty_coeffi: 0.0010, loss: 0.0868, lr: 9.55e-05
     Epoch[5] Iteration[520/620], entropy: 0.3127, uncertainty: 4.1183, uncertainty_coeffi: 0.0010, loss: 0.0959, lr: 9.55e-05
     Epoch[5] Iteration[530/620], entropy: 0.3529, uncertainty: 3.6636, uncertainty_coeffi: 0.0010, loss: 0.1054, lr: 9.55e-05
     Epoch[5] Iteration[540/620], entropy: 0.2242, uncertainty: 3.9897, uncertainty_coeffi: 0.0010, loss: 0.0714, lr: 9.55e-05
     Epoch[5] Iteration[550/620], entropy: 0.3469, uncertainty: 3.6386, uncertainty_coeffi: 0.0010, loss: 0.1108, lr: 9.55e-05
     Epoch[5] Iteration[560/620], entropy: 0.2511, uncertainty: 2.9022, uncertainty_coeffi: 0.0010, loss: 0.0912, lr: 9.55e-05
     Epoch[5] Iteration[570/620], entropy: 0.2237, uncertainty: 3.3737, uncertainty_coeffi: 0.0010, loss: 0.0909, lr: 9.55e-05
     Epoch[5] Iteration[580/620], entropy: 0.3107, uncertainty: 3.4573, uncertainty_coeffi: 0.0010, loss: 0.1047, lr: 9.55e-05
     Epoch[5] Iteration[590/620], entropy: 0.2118, uncertainty: 3.5420, uncertainty_coeffi: 0.0010, loss: 0.0720, lr: 9.55e-05
     Epoch[5] Iteration[600/620], entropy: 0.3655, uncertainty: 3.9146, uncertainty_coeffi: 0.0010, loss: 0.1452, lr: 9.55e-05
     Epoch[5] Iteration[610/620], entropy: 0.2806, uncertainty: 3.1385, uncertainty_coeffi: 0.0010, loss: 0.0926, lr: 9.55e-05
     Epoch[5] Iteration[620/620], entropy: 0.1474, uncertainty: 2.7220, uncertainty_coeffi: 0.0010, loss: 0.0738, lr: 9.55e-05
     Averaged stats: entropy_avg: 0.2538, uncertainty_avg: 3.2890, uncertainty_coeffi_avg: 0.0010, loss_avg: 0.0945, lr_avg: 9.55e-05
     itm tta time 0:01:59
     Epoch[6] Iteration[10/620], entropy: 0.2551, uncertainty: 2.9067, uncertainty_coeffi: 0.0010, loss: 0.0955, lr: 9.55e-05
     Epoch[6] Iteration[20/620], entropy: 0.3182, uncertainty: 3.8441, uncertainty_coeffi: 0.0010, loss: 0.0803, lr: 9.55e-05
     Epoch[6] Iteration[30/620], entropy: 0.2809, uncertainty: 3.3569, uncertainty_coeffi: 0.0010, loss: 0.0886, lr: 9.55e-05
     Epoch[6] Iteration[40/620], entropy: 0.3665, uncertainty: 3.3615, uncertainty_coeffi: 0.0010, loss: 0.1328, lr: 9.55e-05
     Epoch[6] Iteration[50/620], entropy: 0.2386, uncertainty: 2.7943, uncertainty_coeffi: 0.0010, loss: 0.1170, lr: 9.55e-05
     Epoch[6] Iteration[60/620], entropy: 0.2437, uncertainty: 3.4684, uncertainty_coeffi: 0.0010, loss: 0.0794, lr: 9.55e-05
     Epoch[6] Iteration[70/620], entropy: 0.3271, uncertainty: 3.4052, uncertainty_coeffi: 0.0010, loss: 0.0924, lr: 9.55e-05
     Epoch[6] Iteration[80/620], entropy: 0.3640, uncertainty: 3.2929, uncertainty_coeffi: 0.0010, loss: 0.1525, lr: 9.55e-05
     Epoch[6] Iteration[90/620], entropy: 0.2441, uncertainty: 3.1719, uncertainty_coeffi: 0.0010, loss: 0.0832, lr: 9.55e-05
     Epoch[6] Iteration[100/620], entropy: 0.3468, uncertainty: 3.2468, uncertainty_coeffi: 0.0010, loss: 0.1364, lr: 9.55e-05
     Epoch[6] Iteration[110/620], entropy: 0.3573, uncertainty: 3.3512, uncertainty_coeffi: 0.0010, loss: 0.1376, lr: 9.55e-05
     Epoch[6] Iteration[120/620], entropy: 0.3083, uncertainty: 3.5493, uncertainty_coeffi: 0.0010, loss: 0.1104, lr: 9.55e-05
     Epoch[6] Iteration[130/620], entropy: 0.2771, uncertainty: 3.5866, uncertainty_coeffi: 0.0010, loss: 0.0810, lr: 9.55e-05
     Epoch[6] Iteration[140/620], entropy: 0.1453, uncertainty: 3.1402, uncertainty_coeffi: 0.0010, loss: 0.0598, lr: 9.55e-05
     Epoch[6] Iteration[150/620], entropy: 0.2554, uncertainty: 2.8147, uncertainty_coeffi: 0.0010, loss: 0.1103, lr: 9.55e-05
     Epoch[6] Iteration[160/620], entropy: 0.2963, uncertainty: 2.7951, uncertainty_coeffi: 0.0010, loss: 0.1042, lr: 9.55e-05
     Epoch[6] Iteration[170/620], entropy: 0.2197, uncertainty: 2.8188, uncertainty_coeffi: 0.0010, loss: 0.1050, lr: 9.55e-05
     Epoch[6] Iteration[180/620], entropy: 0.2694, uncertainty: 3.5988, uncertainty_coeffi: 0.0010, loss: 0.0845, lr: 9.55e-05
     Epoch[6] Iteration[190/620], entropy: 0.2990, uncertainty: 3.3188, uncertainty_coeffi: 0.0010, loss: 0.1116, lr: 9.55e-05
     Epoch[6] Iteration[200/620], entropy: 0.3298, uncertainty: 3.4744, uncertainty_coeffi: 0.0010, loss: 0.1247, lr: 9.55e-05
     Epoch[6] Iteration[210/620], entropy: 0.2346, uncertainty: 3.0531, uncertainty_coeffi: 0.0010, loss: 0.0986, lr: 9.55e-05
     Epoch[6] Iteration[220/620], entropy: 0.1801, uncertainty: 3.1773, uncertainty_coeffi: 0.0010, loss: 0.0818, lr: 9.55e-05
     Epoch[6] Iteration[230/620], entropy: 0.2773, uncertainty: 3.4867, uncertainty_coeffi: 0.0010, loss: 0.0926, lr: 9.55e-05
     Epoch[6] Iteration[240/620], entropy: 0.3803, uncertainty: 3.2409, uncertainty_coeffi: 0.0010, loss: 0.1466, lr: 9.55e-05
     Epoch[6] Iteration[250/620], entropy: 0.3546, uncertainty: 3.2653, uncertainty_coeffi: 0.0010, loss: 0.1371, lr: 9.55e-05
     Epoch[6] Iteration[260/620], entropy: 0.1883, uncertainty: 3.1733, uncertainty_coeffi: 0.0010, loss: 0.0779, lr: 9.55e-05
     Epoch[6] Iteration[270/620], entropy: 0.3243, uncertainty: 3.3286, uncertainty_coeffi: 0.0010, loss: 0.1040, lr: 9.55e-05
     Epoch[6] Iteration[280/620], entropy: 0.2470, uncertainty: 3.4450, uncertainty_coeffi: 0.0010, loss: 0.0880, lr: 9.55e-05
     Epoch[6] Iteration[290/620], entropy: 0.2096, uncertainty: 3.3034, uncertainty_coeffi: 0.0010, loss: 0.0884, lr: 3.45e-04
     Epoch[6] Iteration[300/620], entropy: 0.2297, uncertainty: 3.6310, uncertainty_coeffi: 0.0010, loss: 0.0972, lr: 3.45e-04
     Epoch[6] Iteration[310/620], entropy: 0.2296, uncertainty: 3.5170, uncertainty_coeffi: 0.0010, loss: 0.0722, lr: 3.45e-04
     Epoch[6] Iteration[320/620], entropy: 0.2551, uncertainty: 3.3968, uncertainty_coeffi: 0.0010, loss: 0.0833, lr: 3.45e-04
     Epoch[6] Iteration[330/620], entropy: 0.1837, uncertainty: 2.8268, uncertainty_coeffi: 0.0010, loss: 0.0795, lr: 3.45e-04
     Epoch[6] Iteration[340/620], entropy: 0.2261, uncertainty: 3.2660, uncertainty_coeffi: 0.0010, loss: 0.0799, lr: 3.45e-04
     Epoch[6] Iteration[350/620], entropy: 0.1850, uncertainty: 2.6664, uncertainty_coeffi: 0.0010, loss: 0.0899, lr: 3.45e-04
     Epoch[6] Iteration[360/620], entropy: 0.2516, uncertainty: 2.9921, uncertainty_coeffi: 0.0010, loss: 0.1155, lr: 3.45e-04
     Epoch[6] Iteration[370/620], entropy: 0.2041, uncertainty: 3.3819, uncertainty_coeffi: 0.0010, loss: 0.0681, lr: 3.45e-04
     Epoch[6] Iteration[380/620], entropy: 0.2156, uncertainty: 2.6510, uncertainty_coeffi: 0.0010, loss: 0.0855, lr: 3.45e-04
     Epoch[6] Iteration[390/620], entropy: 0.3256, uncertainty: 2.8915, uncertainty_coeffi: 0.0010, loss: 0.1238, lr: 3.45e-04
     Epoch[6] Iteration[400/620], entropy: 0.2226, uncertainty: 3.4662, uncertainty_coeffi: 0.0010, loss: 0.0800, lr: 3.45e-04
     Epoch[6] Iteration[410/620], entropy: 0.2063, uncertainty: 3.0136, uncertainty_coeffi: 0.0010, loss: 0.0912, lr: 3.45e-04
     Epoch[6] Iteration[420/620], entropy: 0.2168, uncertainty: 3.1281, uncertainty_coeffi: 0.0010, loss: 0.0854, lr: 3.45e-04
     Epoch[6] Iteration[430/620], entropy: 0.1922, uncertainty: 3.2784, uncertainty_coeffi: 0.0010, loss: 0.0715, lr: 3.45e-04
     Epoch[6] Iteration[440/620], entropy: 0.2505, uncertainty: 3.4083, uncertainty_coeffi: 0.0010, loss: 0.0982, lr: 3.45e-04
     Epoch[6] Iteration[450/620], entropy: 0.2933, uncertainty: 3.1892, uncertainty_coeffi: 0.0010, loss: 0.1001, lr: 3.45e-04
     Epoch[6] Iteration[460/620], entropy: 0.1776, uncertainty: 3.1933, uncertainty_coeffi: 0.0010, loss: 0.0718, lr: 3.45e-04
     Epoch[6] Iteration[470/620], entropy: 0.2515, uncertainty: 2.9140, uncertainty_coeffi: 0.0010, loss: 0.1085, lr: 3.45e-04
     Epoch[6] Iteration[480/620], entropy: 0.3326, uncertainty: 3.6686, uncertainty_coeffi: 0.0010, loss: 0.1143, lr: 3.45e-04
     Epoch[6] Iteration[490/620], entropy: 0.2392, uncertainty: 3.4409, uncertainty_coeffi: 0.0010, loss: 0.0865, lr: 3.45e-04
     Epoch[6] Iteration[500/620], entropy: 0.2727, uncertainty: 3.2706, uncertainty_coeffi: 0.0010, loss: 0.1291, lr: 3.45e-04
     Epoch[6] Iteration[510/620], entropy: 0.2067, uncertainty: 3.1519, uncertainty_coeffi: 0.0010, loss: 0.0678, lr: 3.45e-04
     Epoch[6] Iteration[520/620], entropy: 0.2888, uncertainty: 3.1705, uncertainty_coeffi: 0.0010, loss: 0.1325, lr: 3.45e-04
     Epoch[6] Iteration[530/620], entropy: 0.1962, uncertainty: 3.0216, uncertainty_coeffi: 0.0010, loss: 0.0750, lr: 3.45e-04
     Epoch[6] Iteration[540/620], entropy: 0.2615, uncertainty: 3.3879, uncertainty_coeffi: 0.0010, loss: 0.0779, lr: 3.45e-04
     Epoch[6] Iteration[550/620], entropy: 0.1537, uncertainty: 3.2615, uncertainty_coeffi: 0.0010, loss: 0.0578, lr: 3.45e-04
     Epoch[6] Iteration[560/620], entropy: 0.2774, uncertainty: 3.1810, uncertainty_coeffi: 0.0010, loss: 0.1212, lr: 3.45e-04
     Epoch[6] Iteration[570/620], entropy: 0.2312, uncertainty: 2.9245, uncertainty_coeffi: 0.0010, loss: 0.0818, lr: 3.45e-04
     Epoch[6] Iteration[580/620], entropy: 0.3104, uncertainty: 3.3842, uncertainty_coeffi: 0.0010, loss: 0.1088, lr: 3.45e-04
     Epoch[6] Iteration[590/620], entropy: 0.2509, uncertainty: 3.4280, uncertainty_coeffi: 0.0010, loss: 0.0907, lr: 3.45e-04
     Epoch[6] Iteration[600/620], entropy: 0.2522, uncertainty: 3.4900, uncertainty_coeffi: 0.0010, loss: 0.0964, lr: 3.45e-04
     Epoch[6] Iteration[610/620], entropy: 0.2202, uncertainty: 3.5205, uncertainty_coeffi: 0.0010, loss: 0.0849, lr: 3.45e-04
     Epoch[6] Iteration[620/620], entropy: 0.2898, uncertainty: 3.0343, uncertainty_coeffi: 0.0010, loss: 0.1643, lr: 3.45e-04
     Averaged stats: entropy_avg: 0.2587, uncertainty_avg: 3.2406, uncertainty_coeffi_avg: 0.0010, loss_avg: 0.0983, lr_avg: 2.33e-04
     itm tta time 0:01:59
     Epoch[7] Iteration[10/620], entropy: 0.3440, uncertainty: 3.5212, uncertainty_coeffi: 0.0010, loss: 0.1480, lr: 3.45e-04
     Epoch[7] Iteration[20/620], entropy: 0.2496, uncertainty: 3.5487, uncertainty_coeffi: 0.0010, loss: 0.0883, lr: 3.45e-04
     Epoch[7] Iteration[30/620], entropy: 0.2420, uncertainty: 3.4344, uncertainty_coeffi: 0.0010, loss: 0.0798, lr: 3.45e-04
     Epoch[7] Iteration[40/620], entropy: 0.2517, uncertainty: 2.8491, uncertainty_coeffi: 0.0010, loss: 0.0931, lr: 3.45e-04
     Epoch[7] Iteration[50/620], entropy: 0.2662, uncertainty: 2.9767, uncertainty_coeffi: 0.0010, loss: 0.1074, lr: 3.45e-04
     Epoch[7] Iteration[60/620], entropy: 0.1798, uncertainty: 3.1128, uncertainty_coeffi: 0.0010, loss: 0.0660, lr: 3.45e-04
     Epoch[7] Iteration[70/620], entropy: 0.2445, uncertainty: 3.1419, uncertainty_coeffi: 0.0010, loss: 0.0874, lr: 3.45e-04
     Epoch[7] Iteration[80/620], entropy: 0.1761, uncertainty: 3.6833, uncertainty_coeffi: 0.0010, loss: 0.0550, lr: 3.45e-04
     Epoch[7] Iteration[90/620], entropy: 0.2448, uncertainty: 3.2342, uncertainty_coeffi: 0.0010, loss: 0.1050, lr: 3.45e-04
     Epoch[7] Iteration[100/620], entropy: 0.2464, uncertainty: 3.3006, uncertainty_coeffi: 0.0010, loss: 0.0657, lr: 3.45e-04
     Epoch[7] Iteration[110/620], entropy: 0.1281, uncertainty: 2.6384, uncertainty_coeffi: 0.0010, loss: 0.0618, lr: 3.45e-04
     Epoch[7] Iteration[120/620], entropy: 0.2356, uncertainty: 2.9558, uncertainty_coeffi: 0.0010, loss: 0.1018, lr: 3.45e-04
     Epoch[7] Iteration[130/620], entropy: 0.1699, uncertainty: 2.4722, uncertainty_coeffi: 0.0010, loss: 0.0878, lr: 3.45e-04
     Epoch[7] Iteration[140/620], entropy: 0.1848, uncertainty: 3.0952, uncertainty_coeffi: 0.0010, loss: 0.0761, lr: 3.45e-04
     Epoch[7] Iteration[150/620], entropy: 0.2552, uncertainty: 3.0542, uncertainty_coeffi: 0.0010, loss: 0.0879, lr: 3.45e-04
     Epoch[7] Iteration[160/620], entropy: 0.2832, uncertainty: 3.0200, uncertainty_coeffi: 0.0010, loss: 0.1201, lr: 3.45e-04
     Epoch[7] Iteration[170/620], entropy: 0.2428, uncertainty: 3.3850, uncertainty_coeffi: 0.0010, loss: 0.0915, lr: 3.45e-04
     Epoch[7] Iteration[180/620], entropy: 0.2524, uncertainty: 2.9462, uncertainty_coeffi: 0.0010, loss: 0.1189, lr: 3.45e-04
     Epoch[7] Iteration[190/620], entropy: 0.3218, uncertainty: 3.6387, uncertainty_coeffi: 0.0010, loss: 0.1152, lr: 3.45e-04
     Epoch[7] Iteration[200/620], entropy: 0.2471, uncertainty: 2.8328, uncertainty_coeffi: 0.0010, loss: 0.1032, lr: 3.45e-04
     Epoch[7] Iteration[210/620], entropy: 0.2384, uncertainty: 3.3452, uncertainty_coeffi: 0.0010, loss: 0.0766, lr: 3.45e-04
     Epoch[7] Iteration[220/620], entropy: 0.2099, uncertainty: 2.9045, uncertainty_coeffi: 0.0010, loss: 0.0753, lr: 3.45e-04
     Epoch[7] Iteration[230/620], entropy: 0.3139, uncertainty: 3.5818, uncertainty_coeffi: 0.0010, loss: 0.1286, lr: 3.45e-04
     Epoch[7] Iteration[240/620], entropy: 0.2442, uncertainty: 3.0151, uncertainty_coeffi: 0.0010, loss: 0.0727, lr: 3.45e-04
     Epoch[7] Iteration[250/620], entropy: 0.2719, uncertainty: 3.4753, uncertainty_coeffi: 0.0010, loss: 0.1039, lr: 3.45e-04
     Epoch[7] Iteration[260/620], entropy: 0.2587, uncertainty: 3.5375, uncertainty_coeffi: 0.0010, loss: 0.0891, lr: 3.45e-04
     Epoch[7] Iteration[270/620], entropy: 0.2629, uncertainty: 2.9325, uncertainty_coeffi: 0.0010, loss: 0.0885, lr: 3.45e-04
     Epoch[7] Iteration[280/620], entropy: 0.2359, uncertainty: 2.6434, uncertainty_coeffi: 0.0010, loss: 0.1075, lr: 3.45e-04
     Epoch[7] Iteration[290/620], entropy: 0.2470, uncertainty: 3.0455, uncertainty_coeffi: 0.0010, loss: 0.0753, lr: 3.45e-04
     Epoch[7] Iteration[300/620], entropy: 0.3328, uncertainty: 3.2051, uncertainty_coeffi: 0.0010, loss: 0.1154, lr: 3.45e-04
     Epoch[7] Iteration[310/620], entropy: 0.2138, uncertainty: 3.6114, uncertainty_coeffi: 0.0010, loss: 0.0630, lr: 3.45e-04
     Epoch[7] Iteration[320/620], entropy: 0.2983, uncertainty: 3.2266, uncertainty_coeffi: 0.0010, loss: 0.1129, lr: 3.45e-04
     Epoch[7] Iteration[330/620], entropy: 0.3143, uncertainty: 3.2364, uncertainty_coeffi: 0.0010, loss: 0.1173, lr: 3.45e-04
     Epoch[7] Iteration[340/620], entropy: 0.3999, uncertainty: 3.5916, uncertainty_coeffi: 0.0010, loss: 0.1433, lr: 3.45e-04
     Epoch[7] Iteration[350/620], entropy: 0.2326, uncertainty: 3.5610, uncertainty_coeffi: 0.0010, loss: 0.0754, lr: 3.45e-04
     Epoch[7] Iteration[360/620], entropy: 0.1429, uncertainty: 3.2756, uncertainty_coeffi: 0.0010, loss: 0.0500, lr: 3.45e-04
     Epoch[7] Iteration[370/620], entropy: 0.2383, uncertainty: 3.1225, uncertainty_coeffi: 0.0010, loss: 0.1292, lr: 3.45e-04
     Epoch[7] Iteration[380/620], entropy: 0.2015, uncertainty: 2.9220, uncertainty_coeffi: 0.0010, loss: 0.0938, lr: 3.45e-04
     Epoch[7] Iteration[390/620], entropy: 0.3077, uncertainty: 3.7478, uncertainty_coeffi: 0.0010, loss: 0.1187, lr: 3.45e-04
     Epoch[7] Iteration[400/620], entropy: 0.2332, uncertainty: 3.0278, uncertainty_coeffi: 0.0010, loss: 0.0878, lr: 3.45e-04
     Epoch[7] Iteration[410/620], entropy: 0.3489, uncertainty: 3.7081, uncertainty_coeffi: 0.0010, loss: 0.1412, lr: 3.45e-04
     Epoch[7] Iteration[420/620], entropy: 0.2940, uncertainty: 3.1940, uncertainty_coeffi: 0.0010, loss: 0.1215, lr: 3.45e-04
     Epoch[7] Iteration[430/620], entropy: 0.2721, uncertainty: 3.9087, uncertainty_coeffi: 0.0010, loss: 0.0906, lr: 3.45e-04
     Epoch[7] Iteration[440/620], entropy: 0.2162, uncertainty: 3.1486, uncertainty_coeffi: 0.0010, loss: 0.0929, lr: 3.45e-04
     Epoch[7] Iteration[450/620], entropy: 0.2174, uncertainty: 3.3773, uncertainty_coeffi: 0.0010, loss: 0.0757, lr: 3.45e-04
     Epoch[7] Iteration[460/620], entropy: 0.1797, uncertainty: 3.0409, uncertainty_coeffi: 0.0010, loss: 0.0623, lr: 3.45e-04
     Epoch[7] Iteration[470/620], entropy: 0.3932, uncertainty: 3.8453, uncertainty_coeffi: 0.0010, loss: 0.1256, lr: 3.45e-04
     Epoch[7] Iteration[480/620], entropy: 0.2739, uncertainty: 3.7565, uncertainty_coeffi: 0.0010, loss: 0.0880, lr: 3.45e-04
     Epoch[7] Iteration[490/620], entropy: 0.2836, uncertainty: 3.6456, uncertainty_coeffi: 0.0010, loss: 0.0867, lr: 3.45e-04
     Epoch[7] Iteration[500/620], entropy: 0.2290, uncertainty: 3.2946, uncertainty_coeffi: 0.0010, loss: 0.0970, lr: 3.45e-04
     Epoch[7] Iteration[510/620], entropy: 0.3282, uncertainty: 3.3927, uncertainty_coeffi: 0.0010, loss: 0.1419, lr: 3.45e-04
     Epoch[7] Iteration[520/620], entropy: 0.2764, uncertainty: 3.6062, uncertainty_coeffi: 0.0010, loss: 0.0816, lr: 3.45e-04
     Epoch[7] Iteration[530/620], entropy: 0.2502, uncertainty: 3.5338, uncertainty_coeffi: 0.0010, loss: 0.0706, lr: 3.45e-04
     Epoch[7] Iteration[540/620], entropy: 0.2789, uncertainty: 3.4428, uncertainty_coeffi: 0.0010, loss: 0.1049, lr: 3.45e-04
     Epoch[7] Iteration[550/620], entropy: 0.3042, uncertainty: 3.2455, uncertainty_coeffi: 0.0010, loss: 0.1029, lr: 3.45e-04
     Epoch[7] Iteration[560/620], entropy: 0.2004, uncertainty: 2.8253, uncertainty_coeffi: 0.0010, loss: 0.0871, lr: 3.45e-04
     Epoch[7] Iteration[570/620], entropy: 0.2253, uncertainty: 3.6636, uncertainty_coeffi: 0.0010, loss: 0.0775, lr: 3.45e-04
     Epoch[7] Iteration[580/620], entropy: 0.3458, uncertainty: 3.5328, uncertainty_coeffi: 0.0010, loss: 0.1236, lr: 3.45e-04
     Epoch[7] Iteration[590/620], entropy: 0.2996, uncertainty: 3.2125, uncertainty_coeffi: 0.0010, loss: 0.1109, lr: 3.45e-04
     Epoch[7] Iteration[600/620], entropy: 0.2910, uncertainty: 3.4943, uncertainty_coeffi: 0.0010, loss: 0.1030, lr: 3.45e-04
     Epoch[7] Iteration[610/620], entropy: 0.2260, uncertainty: 3.4327, uncertainty_coeffi: 0.0010, loss: 0.0680, lr: 3.45e-04
     Epoch[7] Iteration[620/620], entropy: 0.2911, uncertainty: 3.6542, uncertainty_coeffi: 0.0010, loss: 0.0781, lr: 3.45e-04
     Averaged stats: entropy_avg: 0.2579, uncertainty_avg: 3.2872, uncertainty_coeffi_avg: 0.0010, loss_avg: 0.0954, lr_avg: 3.45e-04
     itm tta time 0:01:59
     Epoch[8] Iteration[10/620], entropy: 0.3970, uncertainty: 3.7263, uncertainty_coeffi: 0.0010, loss: 0.1260, lr: 3.45e-04
     Epoch[8] Iteration[20/620], entropy: 0.2903, uncertainty: 3.2164, uncertainty_coeffi: 0.0010, loss: 0.1194, lr: 3.45e-04
     Epoch[8] Iteration[30/620], entropy: 0.2928, uncertainty: 3.1295, uncertainty_coeffi: 0.0010, loss: 0.1005, lr: 3.45e-04
     Epoch[8] Iteration[40/620], entropy: 0.2091, uncertainty: 2.8727, uncertainty_coeffi: 0.0010, loss: 0.0741, lr: 3.45e-04
     Epoch[8] Iteration[50/620], entropy: 0.2419, uncertainty: 2.8082, uncertainty_coeffi: 0.0010, loss: 0.1069, lr: 3.45e-04
     Epoch[8] Iteration[60/620], entropy: 0.2691, uncertainty: 3.0878, uncertainty_coeffi: 0.0010, loss: 0.0955, lr: 3.45e-04
     Epoch[8] Iteration[70/620], entropy: 0.2552, uncertainty: 3.6059, uncertainty_coeffi: 0.0010, loss: 0.1053, lr: 3.45e-04
     Epoch[8] Iteration[80/620], entropy: 0.2227, uncertainty: 3.2176, uncertainty_coeffi: 0.0010, loss: 0.0968, lr: 3.45e-04
     Epoch[8] Iteration[90/620], entropy: 0.2564, uncertainty: 2.9718, uncertainty_coeffi: 0.0010, loss: 0.1270, lr: 3.45e-04
     Epoch[8] Iteration[100/620], entropy: 0.2968, uncertainty: 2.7753, uncertainty_coeffi: 0.0010, loss: 0.1150, lr: 3.45e-04
     Epoch[8] Iteration[110/620], entropy: 0.3182, uncertainty: 3.3202, uncertainty_coeffi: 0.0010, loss: 0.1096, lr: 3.45e-04
     Epoch[8] Iteration[120/620], entropy: 0.2139, uncertainty: 2.6020, uncertainty_coeffi: 0.0010, loss: 0.0860, lr: 3.45e-04
     Epoch[8] Iteration[130/620], entropy: 0.2286, uncertainty: 3.3671, uncertainty_coeffi: 0.0010, loss: 0.0935, lr: 3.45e-04
     Epoch[8] Iteration[140/620], entropy: 0.1837, uncertainty: 3.1451, uncertainty_coeffi: 0.0010, loss: 0.0766, lr: 3.45e-04
     Epoch[8] Iteration[150/620], entropy: 0.3845, uncertainty: 3.6353, uncertainty_coeffi: 0.0010, loss: 0.1308, lr: 3.45e-04
     Epoch[8] Iteration[160/620], entropy: 0.2452, uncertainty: 3.1541, uncertainty_coeffi: 0.0010, loss: 0.0963, lr: 3.45e-04
     Epoch[8] Iteration[170/620], entropy: 0.2192, uncertainty: 3.1208, uncertainty_coeffi: 0.0010, loss: 0.0899, lr: 3.45e-04
     Epoch[8] Iteration[180/620], entropy: 0.2957, uncertainty: 3.6059, uncertainty_coeffi: 0.0010, loss: 0.0914, lr: 3.45e-04
     Epoch[8] Iteration[190/620], entropy: 0.1975, uncertainty: 3.3134, uncertainty_coeffi: 0.0010, loss: 0.0663, lr: 3.45e-04
     Epoch[8] Iteration[200/620], entropy: 0.2196, uncertainty: 3.5276, uncertainty_coeffi: 0.0010, loss: 0.0707, lr: 3.45e-04
     Epoch[8] Iteration[210/620], entropy: 0.3093, uncertainty: 3.4781, uncertainty_coeffi: 0.0010, loss: 0.1125, lr: 3.45e-04
     Epoch[8] Iteration[220/620], entropy: 0.2195, uncertainty: 2.9832, uncertainty_coeffi: 0.0010, loss: 0.0854, lr: 3.45e-04
     Epoch[8] Iteration[230/620], entropy: 0.3091, uncertainty: 2.9536, uncertainty_coeffi: 0.0010, loss: 0.1280, lr: 3.45e-04
     Epoch[8] Iteration[240/620], entropy: 0.2516, uncertainty: 3.6370, uncertainty_coeffi: 0.0010, loss: 0.0975, lr: 3.45e-04
     Epoch[8] Iteration[250/620], entropy: 0.2563, uncertainty: 3.2457, uncertainty_coeffi: 0.0010, loss: 0.0914, lr: 3.45e-04
     Epoch[8] Iteration[260/620], entropy: 0.2952, uncertainty: 2.9623, uncertainty_coeffi: 0.0010, loss: 0.1157, lr: 3.45e-04
     Epoch[8] Iteration[270/620], entropy: 0.1634, uncertainty: 3.1114, uncertainty_coeffi: 0.0010, loss: 0.0674, lr: 3.45e-04
     Epoch[8] Iteration[280/620], entropy: 0.2080, uncertainty: 3.3130, uncertainty_coeffi: 0.0010, loss: 0.0916, lr: 3.45e-04
     Epoch[8] Iteration[290/620], entropy: 0.3408, uncertainty: 2.9284, uncertainty_coeffi: 0.0010, loss: 0.1400, lr: 3.45e-04
     Epoch[8] Iteration[300/620], entropy: 0.2304, uncertainty: 3.4409, uncertainty_coeffi: 0.0010, loss: 0.0706, lr: 3.45e-04
     Epoch[8] Iteration[310/620], entropy: 0.3307, uncertainty: 2.8885, uncertainty_coeffi: 0.0010, loss: 0.1646, lr: 3.45e-04
     Epoch[8] Iteration[320/620], entropy: 0.3135, uncertainty: 3.5270, uncertainty_coeffi: 0.0010, loss: 0.1056, lr: 3.45e-04
     Epoch[8] Iteration[330/620], entropy: 0.1628, uncertainty: 2.0898, uncertainty_coeffi: 0.0010, loss: 0.0975, lr: 3.45e-04
     Epoch[8] Iteration[340/620], entropy: 0.2802, uncertainty: 3.5529, uncertainty_coeffi: 0.0010, loss: 0.0892, lr: 3.45e-04
     Epoch[8] Iteration[350/620], entropy: 0.1880, uncertainty: 3.4005, uncertainty_coeffi: 0.0010, loss: 0.0674, lr: 3.45e-04
     Epoch[8] Iteration[360/620], entropy: 0.2722, uncertainty: 3.5497, uncertainty_coeffi: 0.0010, loss: 0.1092, lr: 3.45e-04
     Epoch[8] Iteration[370/620], entropy: 0.2386, uncertainty: 3.2161, uncertainty_coeffi: 0.0010, loss: 0.1037, lr: 3.45e-04
     Epoch[8] Iteration[380/620], entropy: 0.3112, uncertainty: 3.3368, uncertainty_coeffi: 0.0010, loss: 0.1335, lr: 3.45e-04
     Epoch[8] Iteration[390/620], entropy: 0.3310, uncertainty: 3.7353, uncertainty_coeffi: 0.0010, loss: 0.1343, lr: 3.45e-04
     Epoch[8] Iteration[400/620], entropy: 0.2950, uncertainty: 3.1464, uncertainty_coeffi: 0.0010, loss: 0.0987, lr: 3.45e-04
     Epoch[8] Iteration[410/620], entropy: 0.2098, uncertainty: 3.0885, uncertainty_coeffi: 0.0010, loss: 0.0828, lr: 3.45e-04
     Epoch[8] Iteration[420/620], entropy: 0.1834, uncertainty: 2.5942, uncertainty_coeffi: 0.0010, loss: 0.0854, lr: 3.45e-04
     Epoch[8] Iteration[430/620], entropy: 0.2673, uncertainty: 3.3530, uncertainty_coeffi: 0.0010, loss: 0.1058, lr: 3.45e-04
     Epoch[8] Iteration[440/620], entropy: 0.2778, uncertainty: 3.4128, uncertainty_coeffi: 0.0010, loss: 0.0995, lr: 3.45e-04
     Epoch[8] Iteration[450/620], entropy: 0.2964, uncertainty: 3.6765, uncertainty_coeffi: 0.0010, loss: 0.0987, lr: 3.45e-04
     Epoch[8] Iteration[460/620], entropy: 0.3464, uncertainty: 2.8570, uncertainty_coeffi: 0.0010, loss: 0.1394, lr: 3.45e-04
     Epoch[8] Iteration[470/620], entropy: 0.2145, uncertainty: 2.8330, uncertainty_coeffi: 0.0010, loss: 0.1036, lr: 3.45e-04
     Epoch[8] Iteration[480/620], entropy: 0.2704, uncertainty: 3.3057, uncertainty_coeffi: 0.0010, loss: 0.1044, lr: 3.45e-04
     Epoch[8] Iteration[490/620], entropy: 0.3290, uncertainty: 2.9824, uncertainty_coeffi: 0.0010, loss: 0.1388, lr: 3.45e-04
     Epoch[8] Iteration[500/620], entropy: 0.2692, uncertainty: 3.0474, uncertainty_coeffi: 0.0010, loss: 0.1413, lr: 3.45e-04
     Epoch[8] Iteration[510/620], entropy: 0.2131, uncertainty: 2.8043, uncertainty_coeffi: 0.0010, loss: 0.0899, lr: 3.45e-04
     Epoch[8] Iteration[520/620], entropy: 0.1599, uncertainty: 2.8396, uncertainty_coeffi: 0.0010, loss: 0.0672, lr: 3.45e-04
     Epoch[8] Iteration[530/620], entropy: 0.3339, uncertainty: 3.5048, uncertainty_coeffi: 0.0010, loss: 0.1044, lr: 3.45e-04
     Epoch[8] Iteration[540/620], entropy: 0.2223, uncertainty: 2.8974, uncertainty_coeffi: 0.0010, loss: 0.1006, lr: 3.45e-04
     Epoch[8] Iteration[550/620], entropy: 0.1965, uncertainty: 3.3634, uncertainty_coeffi: 0.0010, loss: 0.0710, lr: 3.45e-04
     Epoch[8] Iteration[560/620], entropy: 0.2995, uncertainty: 3.3202, uncertainty_coeffi: 0.0010, loss: 0.1163, lr: 3.45e-04
     Epoch[8] Iteration[570/620], entropy: 0.2605, uncertainty: 3.2442, uncertainty_coeffi: 0.0010, loss: 0.0977, lr: 3.45e-04
     Epoch[8] Iteration[580/620], entropy: 0.2675, uncertainty: 3.1170, uncertainty_coeffi: 0.0010, loss: 0.0958, lr: 3.45e-04
     Epoch[8] Iteration[590/620], entropy: 0.2851, uncertainty: 3.3637, uncertainty_coeffi: 0.0010, loss: 0.1200, lr: 3.45e-04
     Epoch[8] Iteration[600/620], entropy: 0.2031, uncertainty: 3.3159, uncertainty_coeffi: 0.0010, loss: 0.0648, lr: 3.45e-04
     Epoch[8] Iteration[610/620], entropy: 0.2968, uncertainty: 4.0192, uncertainty_coeffi: 0.0010, loss: 0.0927, lr: 3.45e-04
     Epoch[8] Iteration[620/620], entropy: 0.2366, uncertainty: 3.7855, uncertainty_coeffi: 0.0010, loss: 0.0698, lr: 3.45e-04
     Averaged stats: entropy_avg: 0.2610, uncertainty_avg: 3.2165, uncertainty_coeffi_avg: 0.0010, loss_avg: 0.1012, lr_avg: 3.45e-04
     itm tta time 0:01:59
     Epoch[9] Iteration[10/620], entropy: 0.1783, uncertainty: 3.2109, uncertainty_coeffi: 0.0010, loss: 0.0791, lr: 3.45e-04
     Epoch[9] Iteration[20/620], entropy: 0.1950, uncertainty: 3.5677, uncertainty_coeffi: 0.0010, loss: 0.0537, lr: 3.45e-04
     Epoch[9] Iteration[30/620], entropy: 0.2029, uncertainty: 3.7699, uncertainty_coeffi: 0.0010, loss: 0.0614, lr: 3.45e-04
     Epoch[9] Iteration[40/620], entropy: 0.1910, uncertainty: 3.2707, uncertainty_coeffi: 0.0010, loss: 0.0664, lr: 3.45e-04
     Epoch[9] Iteration[50/620], entropy: 0.2416, uncertainty: 2.9467, uncertainty_coeffi: 0.0010, loss: 0.0991, lr: 3.45e-04
     Epoch[9] Iteration[60/620], entropy: 0.3532, uncertainty: 3.2993, uncertainty_coeffi: 0.0010, loss: 0.1318, lr: 3.45e-04
     Epoch[9] Iteration[70/620], entropy: 0.1628, uncertainty: 3.6064, uncertainty_coeffi: 0.0010, loss: 0.0466, lr: 3.45e-04
     Epoch[9] Iteration[80/620], entropy: 0.2070, uncertainty: 3.8828, uncertainty_coeffi: 0.0010, loss: 0.0631, lr: 3.45e-04
     Epoch[9] Iteration[90/620], entropy: 0.2522, uncertainty: 3.1049, uncertainty_coeffi: 0.0010, loss: 0.1062, lr: 3.45e-04
     Epoch[9] Iteration[100/620], entropy: 0.2284, uncertainty: 3.4310, uncertainty_coeffi: 0.0010, loss: 0.0831, lr: 3.45e-04
     Epoch[9] Iteration[110/620], entropy: 0.3563, uncertainty: 3.0363, uncertainty_coeffi: 0.0010, loss: 0.1556, lr: 3.45e-04
     Epoch[9] Iteration[120/620], entropy: 0.2793, uncertainty: 3.3543, uncertainty_coeffi: 0.0010, loss: 0.0941, lr: 3.45e-04
     Epoch[9] Iteration[130/620], entropy: 0.3136, uncertainty: 3.6316, uncertainty_coeffi: 0.0010, loss: 0.0919, lr: 3.45e-04
     Epoch[9] Iteration[140/620], entropy: 0.1982, uncertainty: 3.4949, uncertainty_coeffi: 0.0010, loss: 0.0754, lr: 3.45e-04
     Epoch[9] Iteration[150/620], entropy: 0.3036, uncertainty: 3.6796, uncertainty_coeffi: 0.0010, loss: 0.0905, lr: 3.45e-04
     Epoch[9] Iteration[160/620], entropy: 0.2684, uncertainty: 3.2095, uncertainty_coeffi: 0.0010, loss: 0.1027, lr: 3.45e-04
     Epoch[9] Iteration[170/620], entropy: 0.2726, uncertainty: 3.2464, uncertainty_coeffi: 0.0010, loss: 0.0977, lr: 3.45e-04
     Epoch[9] Iteration[180/620], entropy: 0.2482, uncertainty: 2.1951, uncertainty_coeffi: 0.0010, loss: 0.1414, lr: 3.45e-04
     Epoch[9] Iteration[190/620], entropy: 0.2670, uncertainty: 3.4010, uncertainty_coeffi: 0.0010, loss: 0.1092, lr: 3.45e-04
     Epoch[9] Iteration[200/620], entropy: 0.2294, uncertainty: 3.2179, uncertainty_coeffi: 0.0010, loss: 0.1023, lr: 3.45e-04
     Epoch[9] Iteration[210/620], entropy: 0.1600, uncertainty: 2.7233, uncertainty_coeffi: 0.0010, loss: 0.0756, lr: 3.45e-04
     Epoch[9] Iteration[220/620], entropy: 0.2188, uncertainty: 3.3308, uncertainty_coeffi: 0.0010, loss: 0.0830, lr: 3.45e-04
     Epoch[9] Iteration[230/620], entropy: 0.2407, uncertainty: 3.2800, uncertainty_coeffi: 0.0010, loss: 0.0728, lr: 3.45e-04
     Epoch[9] Iteration[240/620], entropy: 0.1963, uncertainty: 3.2651, uncertainty_coeffi: 0.0010, loss: 0.0643, lr: 3.45e-04
     Epoch[9] Iteration[250/620], entropy: 0.2718, uncertainty: 3.2871, uncertainty_coeffi: 0.0010, loss: 0.1379, lr: 3.45e-04
     Epoch[9] Iteration[260/620], entropy: 0.2685, uncertainty: 3.5465, uncertainty_coeffi: 0.0010, loss: 0.0976, lr: 3.45e-04
     Epoch[9] Iteration[270/620], entropy: 0.2810, uncertainty: 3.4857, uncertainty_coeffi: 0.0010, loss: 0.0989, lr: 3.45e-04
     Epoch[9] Iteration[280/620], entropy: 0.2565, uncertainty: 3.1000, uncertainty_coeffi: 0.0010, loss: 0.1184, lr: 3.45e-04
     Epoch[9] Iteration[290/620], entropy: 0.2698, uncertainty: 3.5603, uncertainty_coeffi: 0.0010, loss: 0.1091, lr: 3.45e-04
     Epoch[9] Iteration[300/620], entropy: 0.2338, uncertainty: 2.7917, uncertainty_coeffi: 0.0010, loss: 0.1008, lr: 3.45e-04
     Epoch[9] Iteration[310/620], entropy: 0.1449, uncertainty: 3.1449, uncertainty_coeffi: 0.0010, loss: 0.0710, lr: 3.45e-04
     Epoch[9] Iteration[320/620], entropy: 0.2812, uncertainty: 3.1477, uncertainty_coeffi: 0.0010, loss: 0.1154, lr: 3.45e-04
     Epoch[9] Iteration[330/620], entropy: 0.2407, uncertainty: 3.4301, uncertainty_coeffi: 0.0010, loss: 0.0755, lr: 3.45e-04
     Epoch[9] Iteration[340/620], entropy: 0.3058, uncertainty: 3.4822, uncertainty_coeffi: 0.0010, loss: 0.1128, lr: 3.45e-04
     Epoch[9] Iteration[350/620], entropy: 0.1996, uncertainty: 3.3624, uncertainty_coeffi: 0.0010, loss: 0.0736, lr: 3.45e-04
     Epoch[9] Iteration[360/620], entropy: 0.2636, uncertainty: 3.6072, uncertainty_coeffi: 0.0010, loss: 0.1194, lr: 3.45e-04
     Epoch[9] Iteration[370/620], entropy: 0.2460, uncertainty: 3.2698, uncertainty_coeffi: 0.0010, loss: 0.1035, lr: 3.45e-04
     Epoch[9] Iteration[380/620], entropy: 0.2645, uncertainty: 3.1806, uncertainty_coeffi: 0.0010, loss: 0.1076, lr: 3.45e-04
     Epoch[9] Iteration[390/620], entropy: 0.3584, uncertainty: 3.6226, uncertainty_coeffi: 0.0010, loss: 0.1170, lr: 3.45e-04
     Epoch[9] Iteration[400/620], entropy: 0.2029, uncertainty: 3.1090, uncertainty_coeffi: 0.0010, loss: 0.0990, lr: 3.45e-04
     Epoch[9] Iteration[410/620], entropy: 0.2297, uncertainty: 2.9580, uncertainty_coeffi: 0.0010, loss: 0.1094, lr: 3.45e-04
     Epoch[9] Iteration[420/620], entropy: 0.3413, uncertainty: 3.7369, uncertainty_coeffi: 0.0010, loss: 0.1457, lr: 3.45e-04
     Epoch[9] Iteration[430/620], entropy: 0.1112, uncertainty: 2.8531, uncertainty_coeffi: 0.0010, loss: 0.0511, lr: 3.45e-04
     Epoch[9] Iteration[440/620], entropy: 0.3287, uncertainty: 3.6781, uncertainty_coeffi: 0.0010, loss: 0.0917, lr: 3.45e-04
     Epoch[9] Iteration[450/620], entropy: 0.2486, uncertainty: 3.7590, uncertainty_coeffi: 0.0010, loss: 0.0710, lr: 3.45e-04
     Epoch[9] Iteration[460/620], entropy: 0.3079, uncertainty: 3.1416, uncertainty_coeffi: 0.0010, loss: 0.1040, lr: 6.55e-04
     Epoch[9] Iteration[470/620], entropy: 0.2435, uncertainty: 2.5562, uncertainty_coeffi: 0.0010, loss: 0.1213, lr: 6.55e-04
     Epoch[9] Iteration[480/620], entropy: 0.2031, uncertainty: 2.7889, uncertainty_coeffi: 0.0010, loss: 0.0719, lr: 6.55e-04
     Epoch[9] Iteration[490/620], entropy: 0.2356, uncertainty: 3.8566, uncertainty_coeffi: 0.0010, loss: 0.0724, lr: 6.55e-04
     Epoch[9] Iteration[500/620], entropy: 0.2512, uncertainty: 3.3580, uncertainty_coeffi: 0.0010, loss: 0.0815, lr: 6.55e-04
     Epoch[9] Iteration[510/620], entropy: 0.2138, uncertainty: 3.2778, uncertainty_coeffi: 0.0010, loss: 0.0632, lr: 6.55e-04
     Epoch[9] Iteration[520/620], entropy: 0.1767, uncertainty: 3.2746, uncertainty_coeffi: 0.0010, loss: 0.0639, lr: 6.55e-04
     Epoch[9] Iteration[530/620], entropy: 0.2741, uncertainty: 2.7555, uncertainty_coeffi: 0.0010, loss: 0.1184, lr: 6.55e-04
     Epoch[9] Iteration[540/620], entropy: 0.3077, uncertainty: 3.6768, uncertainty_coeffi: 0.0010, loss: 0.0944, lr: 6.55e-04
     Epoch[9] Iteration[550/620], entropy: 0.2137, uncertainty: 3.6762, uncertainty_coeffi: 0.0010, loss: 0.0778, lr: 6.55e-04
     Epoch[9] Iteration[560/620], entropy: 0.2558, uncertainty: 2.7139, uncertainty_coeffi: 0.0010, loss: 0.0995, lr: 6.55e-04
     Epoch[9] Iteration[570/620], entropy: 0.2792, uncertainty: 3.0039, uncertainty_coeffi: 0.0010, loss: 0.1092, lr: 6.55e-04
     Epoch[9] Iteration[580/620], entropy: 0.1898, uncertainty: 2.7178, uncertainty_coeffi: 0.0010, loss: 0.0740, lr: 6.55e-04
     Epoch[9] Iteration[590/620], entropy: 0.2052, uncertainty: 2.9003, uncertainty_coeffi: 0.0010, loss: 0.0808, lr: 6.55e-04
     Epoch[9] Iteration[600/620], entropy: 0.2918, uncertainty: 2.8082, uncertainty_coeffi: 0.0010, loss: 0.1157, lr: 6.55e-04
     Epoch[9] Iteration[610/620], entropy: 0.3271, uncertainty: 3.3385, uncertainty_coeffi: 0.0010, loss: 0.1300, lr: 6.55e-04
     Epoch[9] Iteration[620/620], entropy: 0.2870, uncertainty: 3.0557, uncertainty_coeffi: 0.0010, loss: 0.1361, lr: 6.55e-04
     Averaged stats: entropy_avg: 0.2480, uncertainty_avg: 3.2608, uncertainty_coeffi_avg: 0.0010, loss_avg: 0.0950, lr_avg: 4.30e-04
     itm tta time 0:01:59
### TTA Eval Score: 
+-------+--------+--------+--------+--------+-------+
| epoch |   R1   |   R5   |  R10   |  mAP   |  mINP |
+-------+--------+--------+--------+--------+-------+
|  -999 | 60.656 | 77.499 | 83.268 | 35.543 | 6.006 |
|   0   | 61.840 | 77.302 | 82.885 | 35.987 | 5.978 |
|   1   | 61.744 | 77.156 | 82.860 | 35.967 | 5.983 |
|   2   | 61.921 | 77.136 | 82.875 | 36.016 | 6.001 |
|   4   | 61.855 | 77.131 | 82.915 | 35.842 | 5.826 |
|   9   | 61.795 | 77.121 | 82.699 | 35.744 | 5.795 |
+-------+--------+--------+--------+--------+-------+
     logs:  {'epo': 9, 'R1': np.float32(61.795), 'R5': np.float32(77.121), 'R10': np.float32(82.699), 'mAP': np.float32(35.744), 'mINP': np.float32(5.795), 'entropy': 0.24801047987514926, 'uncertainty': 3.2607961931536273, 'uncertainty_coeffi': 0.0010000000474974513, 'loss': 0.09497039392590523, 'lr': 0.00043022196901223336}
### best epoch 2 : {'epo': '2', 'R1': '61.921', 'R5': '77.136', 'R10': '82.875', 'mAP': '36.016', 'mINP': '6.001', 'entropy': '0.2751607068123356', 'uncertainty': '3.249113751995948', 'uncertainty_coeffi': '0.0010000000474974513', 'loss': '0.1064611871636683', 'lr': '0.0'}
### Time 0:28:27
