Not using distributed mode
### Hyper-parameters:
     output_dir: output_rerun2/ham_icfg_tta/exp8/exp8.3.1/2025091706390
     seed: 42
     device: cuda
     batch_size_tta: 32
     epochs: 10
     lr: 5e-05
### Creating test dataset
     test_txt_set: 19848    test_img_set: 19848
     test_txt_loader: 39    test_img_loader: 39
### Creating model
Training Model with ['sdm', 'id', 'mlm'] tasks
Resized position embedding from size:torch.Size([1, 197, 768]) to size: torch.Size([1, 193, 768]) with height:24 width: 8
     Total Params Sum:  190482206
### Zero-Shot Score: 
/data2/jiahao/task/IRRA/tta.py:281: FutureWarning: `torch.cuda.amp.GradScaler(args...)` is deprecated. Please use `torch.amp.GradScaler('cuda', args...)` instead.
  scaler = GradScaler()  # bf16
+-------+--------+--------+--------+--------+-------+
| epoch |   R1   |   R5   |  R10   |  mAP   |  mINP |
+-------+--------+--------+--------+--------+-------+
|  -999 | 60.631 | 77.519 | 83.268 | 35.542 | 6.004 |
+-------+--------+--------+--------+--------+-------+
### TTA:
### Compute Cos Similarity Uncertainty
     preprocess_tta_coefficients  start
     sample selection ...
     number of sample after sample_selection: 19848
     uncertainty ...
     pos/neg sampling ...
      number of sample after pos/neg sampling: torch.Size([19848, 4])
     preprocess_tta_coefficients  end
### Creating TTA dataset
     tta_dataset: 19848
### Creating tta dataloader
### be careful: func create_loader returns a list length of 1
     tta_loader: 620
### Configure adapted weights
     TTA Dropout Modules: 
 []
     TTA Require Gradient Params: 
 [('base_model.transformer.resblocks.1.ln_1.weight', torch.Size([512])), ('base_model.transformer.resblocks.1.ln_1.bias', torch.Size([512])), ('base_model.transformer.resblocks.1.ln_2.weight', torch.Size([512])), ('base_model.transformer.resblocks.1.ln_2.bias', torch.Size([512])), ('base_model.transformer.resblocks.2.ln_1.weight', torch.Size([512])), ('base_model.transformer.resblocks.2.ln_1.bias', torch.Size([512])), ('base_model.transformer.resblocks.2.ln_2.weight', torch.Size([512])), ('base_model.transformer.resblocks.2.ln_2.bias', torch.Size([512])), ('base_model.transformer.resblocks.3.ln_1.weight', torch.Size([512])), ('base_model.transformer.resblocks.3.ln_1.bias', torch.Size([512])), ('base_model.transformer.resblocks.3.ln_2.weight', torch.Size([512])), ('base_model.transformer.resblocks.3.ln_2.bias', torch.Size([512])), ('base_model.transformer.resblocks.4.ln_1.weight', torch.Size([512])), ('base_model.transformer.resblocks.4.ln_1.bias', torch.Size([512])), ('base_model.transformer.resblocks.4.ln_2.weight', torch.Size([512])), ('base_model.transformer.resblocks.4.ln_2.bias', torch.Size([512])), ('base_model.transformer.resblocks.5.ln_1.weight', torch.Size([512])), ('base_model.transformer.resblocks.5.ln_1.bias', torch.Size([512])), ('base_model.transformer.resblocks.5.ln_2.weight', torch.Size([512])), ('base_model.transformer.resblocks.5.ln_2.bias', torch.Size([512])), ('base_model.transformer.resblocks.7.ln_1.weight', torch.Size([512])), ('base_model.transformer.resblocks.7.ln_1.bias', torch.Size([512])), ('base_model.transformer.resblocks.7.ln_2.weight', torch.Size([512])), ('base_model.transformer.resblocks.7.ln_2.bias', torch.Size([512])), ('base_model.transformer.resblocks.8.ln_1.weight', torch.Size([512])), ('base_model.transformer.resblocks.8.ln_1.bias', torch.Size([512])), ('base_model.transformer.resblocks.8.ln_2.weight', torch.Size([512])), ('base_model.transformer.resblocks.8.ln_2.bias', torch.Size([512])), ('base_model.transformer.resblocks.9.ln_1.weight', torch.Size([512])), ('base_model.transformer.resblocks.9.ln_1.bias', torch.Size([512])), ('base_model.transformer.resblocks.9.ln_2.weight', torch.Size([512])), ('base_model.transformer.resblocks.9.ln_2.bias', torch.Size([512])), ('base_model.transformer.resblocks.10.ln_1.weight', torch.Size([512])), ('base_model.transformer.resblocks.10.ln_1.bias', torch.Size([512])), ('base_model.transformer.resblocks.10.ln_2.weight', torch.Size([512])), ('base_model.transformer.resblocks.10.ln_2.bias', torch.Size([512])), ('base_model.transformer.resblocks.11.ln_1.weight', torch.Size([512])), ('base_model.transformer.resblocks.11.ln_1.bias', torch.Size([512])), ('base_model.transformer.resblocks.11.ln_2.weight', torch.Size([512])), ('base_model.transformer.resblocks.11.ln_2.bias', torch.Size([512])), ('base_model.ln_final.weight', torch.Size([512])), ('base_model.ln_final.bias', torch.Size([512]))]
     TTA Dropout Modules Number: 
 0
     TTA Require Gradient Params Sum: 
 21504
Using 5.0 times learning rate for random init module 
### Start Test Time Adaptation : num_epoch = 10
/data2/jiahao/task/IRRA/tta.py:67: FutureWarning: `torch.cuda.amp.autocast(args...)` is deprecated. Please use `torch.amp.autocast('cuda', args...)` instead.
  with torch.cuda.amp.autocast(enabled=True):
     Epoch[0] Iteration[10/620], entropy: 0.4715, uncertainty: 3.3687, uncertainty_coeffi: 0.0100, loss: 0.1864, lr: 0.00e+00
     Epoch[0] Iteration[20/620], entropy: 0.3397, uncertainty: 3.5924, uncertainty_coeffi: 0.0100, loss: 0.1778, lr: 0.00e+00
     Epoch[0] Iteration[30/620], entropy: 0.3492, uncertainty: 3.0857, uncertainty_coeffi: 0.0100, loss: 0.1720, lr: 0.00e+00
     Epoch[0] Iteration[40/620], entropy: 0.2613, uncertainty: 3.7441, uncertainty_coeffi: 0.0100, loss: 0.1167, lr: 0.00e+00
     Epoch[0] Iteration[50/620], entropy: 0.3720, uncertainty: 3.3868, uncertainty_coeffi: 0.0100, loss: 0.1658, lr: 0.00e+00
     Epoch[0] Iteration[60/620], entropy: 0.3129, uncertainty: 2.6479, uncertainty_coeffi: 0.0100, loss: 0.1976, lr: 0.00e+00
     Epoch[0] Iteration[70/620], entropy: 0.3577, uncertainty: 3.2556, uncertainty_coeffi: 0.0100, loss: 0.1752, lr: 0.00e+00
     Epoch[0] Iteration[80/620], entropy: 0.4038, uncertainty: 3.1076, uncertainty_coeffi: 0.0100, loss: 0.1684, lr: 0.00e+00
     Epoch[0] Iteration[90/620], entropy: 0.3748, uncertainty: 3.1111, uncertainty_coeffi: 0.0100, loss: 0.1996, lr: 0.00e+00
     Epoch[0] Iteration[100/620], entropy: 0.3288, uncertainty: 3.3132, uncertainty_coeffi: 0.0100, loss: 0.1516, lr: 0.00e+00
     Epoch[0] Iteration[110/620], entropy: 0.3259, uncertainty: 2.7161, uncertainty_coeffi: 0.0100, loss: 0.1891, lr: 0.00e+00
     Epoch[0] Iteration[120/620], entropy: 0.4313, uncertainty: 3.3349, uncertainty_coeffi: 0.0100, loss: 0.1808, lr: 0.00e+00
     Epoch[0] Iteration[130/620], entropy: 0.3340, uncertainty: 2.8683, uncertainty_coeffi: 0.0100, loss: 0.1864, lr: 0.00e+00
     Epoch[0] Iteration[140/620], entropy: 0.4198, uncertainty: 3.2964, uncertainty_coeffi: 0.0100, loss: 0.1958, lr: 0.00e+00
     Epoch[0] Iteration[150/620], entropy: 0.3484, uncertainty: 3.6529, uncertainty_coeffi: 0.0100, loss: 0.1703, lr: 0.00e+00
     Epoch[0] Iteration[160/620], entropy: 0.3355, uncertainty: 3.0513, uncertainty_coeffi: 0.0100, loss: 0.1590, lr: 0.00e+00
     Epoch[0] Iteration[170/620], entropy: 0.3071, uncertainty: 3.1530, uncertainty_coeffi: 0.0100, loss: 0.1318, lr: 0.00e+00
     Epoch[0] Iteration[180/620], entropy: 0.4810, uncertainty: 3.1443, uncertainty_coeffi: 0.0100, loss: 0.2412, lr: 0.00e+00
     Epoch[0] Iteration[190/620], entropy: 0.3410, uncertainty: 3.5569, uncertainty_coeffi: 0.0100, loss: 0.1371, lr: 0.00e+00
     Epoch[0] Iteration[200/620], entropy: 0.3284, uncertainty: 2.6230, uncertainty_coeffi: 0.0100, loss: 0.1846, lr: 0.00e+00
     Epoch[0] Iteration[210/620], entropy: 0.3459, uncertainty: 3.5219, uncertainty_coeffi: 0.0100, loss: 0.1435, lr: 0.00e+00
     Epoch[0] Iteration[220/620], entropy: 0.3413, uncertainty: 3.5538, uncertainty_coeffi: 0.0100, loss: 0.1419, lr: 0.00e+00
     Epoch[0] Iteration[230/620], entropy: 0.4070, uncertainty: 3.3184, uncertainty_coeffi: 0.0100, loss: 0.1665, lr: 0.00e+00
     Epoch[0] Iteration[240/620], entropy: 0.2871, uncertainty: 2.6427, uncertainty_coeffi: 0.0100, loss: 0.1632, lr: 0.00e+00
     Epoch[0] Iteration[250/620], entropy: 0.4001, uncertainty: 3.6354, uncertainty_coeffi: 0.0100, loss: 0.1586, lr: 0.00e+00
     Epoch[0] Iteration[260/620], entropy: 0.3108, uncertainty: 3.3976, uncertainty_coeffi: 0.0100, loss: 0.1573, lr: 0.00e+00
     Epoch[0] Iteration[270/620], entropy: 0.3223, uncertainty: 3.2993, uncertainty_coeffi: 0.0100, loss: 0.1645, lr: 0.00e+00
     Epoch[0] Iteration[280/620], entropy: 0.3618, uncertainty: 3.3248, uncertainty_coeffi: 0.0100, loss: 0.1571, lr: 0.00e+00
     Epoch[0] Iteration[290/620], entropy: 0.3548, uncertainty: 3.5246, uncertainty_coeffi: 0.0100, loss: 0.1543, lr: 0.00e+00
     Epoch[0] Iteration[300/620], entropy: 0.2985, uncertainty: 2.8738, uncertainty_coeffi: 0.0100, loss: 0.1553, lr: 0.00e+00
     Epoch[0] Iteration[310/620], entropy: 0.4150, uncertainty: 3.4172, uncertainty_coeffi: 0.0100, loss: 0.1773, lr: 0.00e+00
     Epoch[0] Iteration[320/620], entropy: 0.4182, uncertainty: 3.2220, uncertainty_coeffi: 0.0100, loss: 0.1953, lr: 0.00e+00
     Epoch[0] Iteration[330/620], entropy: 0.3080, uncertainty: 3.4752, uncertainty_coeffi: 0.0100, loss: 0.1320, lr: 0.00e+00
     Epoch[0] Iteration[340/620], entropy: 0.3290, uncertainty: 3.1675, uncertainty_coeffi: 0.0100, loss: 0.1632, lr: 0.00e+00
     Epoch[0] Iteration[350/620], entropy: 0.3757, uncertainty: 2.4913, uncertainty_coeffi: 0.0100, loss: 0.2260, lr: 0.00e+00
     Epoch[0] Iteration[360/620], entropy: 0.4387, uncertainty: 3.7095, uncertainty_coeffi: 0.0100, loss: 0.1742, lr: 0.00e+00
     Epoch[0] Iteration[370/620], entropy: 0.3015, uncertainty: 3.2439, uncertainty_coeffi: 0.0100, loss: 0.1525, lr: 0.00e+00
     Epoch[0] Iteration[380/620], entropy: 0.2822, uncertainty: 3.8525, uncertainty_coeffi: 0.0100, loss: 0.1369, lr: 0.00e+00
     Epoch[0] Iteration[390/620], entropy: 0.3446, uncertainty: 3.5140, uncertainty_coeffi: 0.0100, loss: 0.1868, lr: 0.00e+00
     Epoch[0] Iteration[400/620], entropy: 0.3395, uncertainty: 2.9637, uncertainty_coeffi: 0.0100, loss: 0.1841, lr: 0.00e+00
     Epoch[0] Iteration[410/620], entropy: 0.3765, uncertainty: 3.6075, uncertainty_coeffi: 0.0100, loss: 0.1747, lr: 0.00e+00
     Epoch[0] Iteration[420/620], entropy: 0.5062, uncertainty: 3.2155, uncertainty_coeffi: 0.0100, loss: 0.2252, lr: 0.00e+00
     Epoch[0] Iteration[430/620], entropy: 0.2252, uncertainty: 2.6956, uncertainty_coeffi: 0.0100, loss: 0.1140, lr: 0.00e+00
     Epoch[0] Iteration[440/620], entropy: 0.2599, uncertainty: 3.5223, uncertainty_coeffi: 0.0100, loss: 0.1228, lr: 0.00e+00
     Epoch[0] Iteration[450/620], entropy: 0.3630, uncertainty: 3.1197, uncertainty_coeffi: 0.0100, loss: 0.1948, lr: 0.00e+00
     Epoch[0] Iteration[460/620], entropy: 0.3547, uncertainty: 3.5501, uncertainty_coeffi: 0.0100, loss: 0.1586, lr: 0.00e+00
     Epoch[0] Iteration[470/620], entropy: 0.3967, uncertainty: 3.2605, uncertainty_coeffi: 0.0100, loss: 0.1741, lr: 0.00e+00
     Epoch[0] Iteration[480/620], entropy: 0.2749, uncertainty: 3.3592, uncertainty_coeffi: 0.0100, loss: 0.1434, lr: 0.00e+00
     Epoch[0] Iteration[490/620], entropy: 0.3142, uncertainty: 3.4436, uncertainty_coeffi: 0.0100, loss: 0.1250, lr: 0.00e+00
     Epoch[0] Iteration[500/620], entropy: 0.3920, uncertainty: 3.3325, uncertainty_coeffi: 0.0100, loss: 0.1699, lr: 0.00e+00
     Epoch[0] Iteration[510/620], entropy: 0.3258, uncertainty: 3.3254, uncertainty_coeffi: 0.0100, loss: 0.1501, lr: 0.00e+00
     Epoch[0] Iteration[520/620], entropy: 0.3582, uncertainty: 2.7017, uncertainty_coeffi: 0.0100, loss: 0.1929, lr: 0.00e+00
     Epoch[0] Iteration[530/620], entropy: 0.3357, uncertainty: 2.8755, uncertainty_coeffi: 0.0100, loss: 0.1938, lr: 0.00e+00
     Epoch[0] Iteration[540/620], entropy: 0.3025, uncertainty: 3.0145, uncertainty_coeffi: 0.0100, loss: 0.1427, lr: 0.00e+00
     Epoch[0] Iteration[550/620], entropy: 0.3387, uncertainty: 3.3200, uncertainty_coeffi: 0.0100, loss: 0.1604, lr: 0.00e+00
     Epoch[0] Iteration[560/620], entropy: 0.3419, uncertainty: 3.2822, uncertainty_coeffi: 0.0100, loss: 0.1353, lr: 0.00e+00
     Epoch[0] Iteration[570/620], entropy: 0.3310, uncertainty: 3.0438, uncertainty_coeffi: 0.0100, loss: 0.1740, lr: 0.00e+00
     Epoch[0] Iteration[580/620], entropy: 0.3974, uncertainty: 3.4392, uncertainty_coeffi: 0.0100, loss: 0.1706, lr: 0.00e+00
     Epoch[0] Iteration[590/620], entropy: 0.3167, uncertainty: 3.4422, uncertainty_coeffi: 0.0100, loss: 0.1423, lr: 0.00e+00
     Epoch[0] Iteration[600/620], entropy: 0.2884, uncertainty: 2.7899, uncertainty_coeffi: 0.0100, loss: 0.1516, lr: 0.00e+00
     Epoch[0] Iteration[610/620], entropy: 0.3214, uncertainty: 2.8943, uncertainty_coeffi: 0.0100, loss: 0.1751, lr: 0.00e+00
     Epoch[0] Iteration[620/620], entropy: 0.4420, uncertainty: 3.7485, uncertainty_coeffi: 0.0100, loss: 0.1952, lr: 0.00e+00
     Averaged stats: entropy_avg: 0.3511, uncertainty_avg: 3.2442, uncertainty_coeffi_avg: 0.0100, loss_avg: 0.1672, lr_avg: 0.00e+00
     itm tta time 0:02:12
### TTA Eval Score: 
+-------+--------+--------+--------+--------+-------+
| epoch |   R1   |   R5   |  R10   |  mAP   |  mINP |
+-------+--------+--------+--------+--------+-------+
|  -999 | 60.631 | 77.519 | 83.268 | 35.542 | 6.004 |
|   0   | 61.205 | 77.564 | 83.379 | 35.901 | 6.043 |
+-------+--------+--------+--------+--------+-------+
     logs:  {'epo': 0, 'R1': 61.205, 'R5': 77.564, 'R10': 83.379, 'mAP': 35.901, 'mINP': 6.043, 'entropy': 0.3511193303331252, 'uncertainty': 3.244241083821943, 'uncertainty_coeffi': 0.009999999776482582, 'loss': 0.16716621419595135, 'lr': 0.0}
     Epoch[1] Iteration[10/620], entropy: 0.3569, uncertainty: 2.7855, uncertainty_coeffi: 0.0100, loss: 0.1942, lr: 0.00e+00
     Epoch[1] Iteration[20/620], entropy: 0.3629, uncertainty: 3.4898, uncertainty_coeffi: 0.0100, loss: 0.1731, lr: 0.00e+00
     Epoch[1] Iteration[30/620], entropy: 0.2946, uncertainty: 2.8918, uncertainty_coeffi: 0.0100, loss: 0.1674, lr: 0.00e+00
     Epoch[1] Iteration[40/620], entropy: 0.2823, uncertainty: 2.9878, uncertainty_coeffi: 0.0100, loss: 0.1428, lr: 0.00e+00
     Epoch[1] Iteration[50/620], entropy: 0.3813, uncertainty: 3.4633, uncertainty_coeffi: 0.0100, loss: 0.1745, lr: 0.00e+00
     Epoch[1] Iteration[60/620], entropy: 0.3482, uncertainty: 3.1826, uncertainty_coeffi: 0.0100, loss: 0.1543, lr: 0.00e+00
     Epoch[1] Iteration[70/620], entropy: 0.2927, uncertainty: 3.1764, uncertainty_coeffi: 0.0100, loss: 0.1314, lr: 0.00e+00
     Epoch[1] Iteration[80/620], entropy: 0.2643, uncertainty: 3.7101, uncertainty_coeffi: 0.0100, loss: 0.1101, lr: 0.00e+00
     Epoch[1] Iteration[90/620], entropy: 0.3064, uncertainty: 2.7918, uncertainty_coeffi: 0.0100, loss: 0.1635, lr: 0.00e+00
     Epoch[1] Iteration[100/620], entropy: 0.2883, uncertainty: 3.4048, uncertainty_coeffi: 0.0100, loss: 0.1340, lr: 0.00e+00
     Epoch[1] Iteration[110/620], entropy: 0.3216, uncertainty: 2.8371, uncertainty_coeffi: 0.0100, loss: 0.1550, lr: 0.00e+00
     Epoch[1] Iteration[120/620], entropy: 0.2717, uncertainty: 3.6028, uncertainty_coeffi: 0.0100, loss: 0.1363, lr: 0.00e+00
     Epoch[1] Iteration[130/620], entropy: 0.3127, uncertainty: 3.7811, uncertainty_coeffi: 0.0100, loss: 0.1373, lr: 0.00e+00
     Epoch[1] Iteration[140/620], entropy: 0.4504, uncertainty: 3.0075, uncertainty_coeffi: 0.0100, loss: 0.2136, lr: 0.00e+00
     Epoch[1] Iteration[150/620], entropy: 0.4699, uncertainty: 3.3298, uncertainty_coeffi: 0.0100, loss: 0.2291, lr: 0.00e+00
     Epoch[1] Iteration[160/620], entropy: 0.3289, uncertainty: 3.5785, uncertainty_coeffi: 0.0100, loss: 0.1550, lr: 0.00e+00
     Epoch[1] Iteration[170/620], entropy: 0.2487, uncertainty: 3.5292, uncertainty_coeffi: 0.0100, loss: 0.1058, lr: 0.00e+00
     Epoch[1] Iteration[180/620], entropy: 0.4084, uncertainty: 3.4403, uncertainty_coeffi: 0.0100, loss: 0.1655, lr: 0.00e+00
     Epoch[1] Iteration[190/620], entropy: 0.2911, uncertainty: 3.5541, uncertainty_coeffi: 0.0100, loss: 0.1268, lr: 0.00e+00
     Epoch[1] Iteration[200/620], entropy: 0.4232, uncertainty: 3.4751, uncertainty_coeffi: 0.0100, loss: 0.1848, lr: 0.00e+00
     Epoch[1] Iteration[210/620], entropy: 0.3699, uncertainty: 3.3819, uncertainty_coeffi: 0.0100, loss: 0.1687, lr: 0.00e+00
     Epoch[1] Iteration[220/620], entropy: 0.4033, uncertainty: 2.7716, uncertainty_coeffi: 0.0100, loss: 0.2238, lr: 0.00e+00
     Epoch[1] Iteration[230/620], entropy: 0.2790, uncertainty: 3.5239, uncertainty_coeffi: 0.0100, loss: 0.1287, lr: 0.00e+00
     Epoch[1] Iteration[240/620], entropy: 0.3033, uncertainty: 3.3064, uncertainty_coeffi: 0.0100, loss: 0.1537, lr: 0.00e+00
     Epoch[1] Iteration[250/620], entropy: 0.4045, uncertainty: 3.0466, uncertainty_coeffi: 0.0100, loss: 0.1966, lr: 0.00e+00
     Epoch[1] Iteration[260/620], entropy: 0.4445, uncertainty: 3.2866, uncertainty_coeffi: 0.0100, loss: 0.1874, lr: 0.00e+00
     Epoch[1] Iteration[270/620], entropy: 0.4486, uncertainty: 3.4777, uncertainty_coeffi: 0.0100, loss: 0.2314, lr: 0.00e+00
     Epoch[1] Iteration[280/620], entropy: 0.3041, uncertainty: 3.2708, uncertainty_coeffi: 0.0100, loss: 0.1339, lr: 0.00e+00
     Epoch[1] Iteration[290/620], entropy: 0.4018, uncertainty: 3.2253, uncertainty_coeffi: 0.0100, loss: 0.1662, lr: 0.00e+00
     Epoch[1] Iteration[300/620], entropy: 0.3781, uncertainty: 2.9421, uncertainty_coeffi: 0.0100, loss: 0.1906, lr: 0.00e+00
     Epoch[1] Iteration[310/620], entropy: 0.2827, uncertainty: 3.3367, uncertainty_coeffi: 0.0100, loss: 0.1200, lr: 0.00e+00
     Epoch[1] Iteration[320/620], entropy: 0.3636, uncertainty: 3.2206, uncertainty_coeffi: 0.0100, loss: 0.1612, lr: 0.00e+00
     Epoch[1] Iteration[330/620], entropy: 0.2836, uncertainty: 2.8681, uncertainty_coeffi: 0.0100, loss: 0.1437, lr: 0.00e+00
     Epoch[1] Iteration[340/620], entropy: 0.3625, uncertainty: 3.0985, uncertainty_coeffi: 0.0100, loss: 0.1922, lr: 0.00e+00
     Epoch[1] Iteration[350/620], entropy: 0.2847, uncertainty: 2.8132, uncertainty_coeffi: 0.0100, loss: 0.1650, lr: 0.00e+00
     Epoch[1] Iteration[360/620], entropy: 0.3765, uncertainty: 2.7213, uncertainty_coeffi: 0.0100, loss: 0.1996, lr: 0.00e+00
     Epoch[1] Iteration[370/620], entropy: 0.3800, uncertainty: 3.0119, uncertainty_coeffi: 0.0100, loss: 0.1929, lr: 0.00e+00
     Epoch[1] Iteration[380/620], entropy: 0.2991, uncertainty: 3.4208, uncertainty_coeffi: 0.0100, loss: 0.1352, lr: 0.00e+00
     Epoch[1] Iteration[390/620], entropy: 0.3596, uncertainty: 3.8185, uncertainty_coeffi: 0.0100, loss: 0.1260, lr: 0.00e+00
     Epoch[1] Iteration[400/620], entropy: 0.2668, uncertainty: 3.4833, uncertainty_coeffi: 0.0100, loss: 0.1266, lr: 0.00e+00
     Epoch[1] Iteration[410/620], entropy: 0.3257, uncertainty: 3.8112, uncertainty_coeffi: 0.0100, loss: 0.1474, lr: 0.00e+00
     Epoch[1] Iteration[420/620], entropy: 0.2983, uncertainty: 3.6160, uncertainty_coeffi: 0.0100, loss: 0.1273, lr: 0.00e+00
     Epoch[1] Iteration[430/620], entropy: 0.3270, uncertainty: 2.6724, uncertainty_coeffi: 0.0100, loss: 0.1848, lr: 0.00e+00
     Epoch[1] Iteration[440/620], entropy: 0.2335, uncertainty: 3.2763, uncertainty_coeffi: 0.0100, loss: 0.1223, lr: 0.00e+00
     Epoch[1] Iteration[450/620], entropy: 0.3684, uncertainty: 3.5600, uncertainty_coeffi: 0.0100, loss: 0.1427, lr: 0.00e+00
     Epoch[1] Iteration[460/620], entropy: 0.3325, uncertainty: 2.9832, uncertainty_coeffi: 0.0100, loss: 0.1764, lr: 0.00e+00
     Epoch[1] Iteration[470/620], entropy: 0.3365, uncertainty: 3.7716, uncertainty_coeffi: 0.0100, loss: 0.1355, lr: 0.00e+00
     Epoch[1] Iteration[480/620], entropy: 0.3167, uncertainty: 3.6306, uncertainty_coeffi: 0.0100, loss: 0.1510, lr: 0.00e+00
     Epoch[1] Iteration[490/620], entropy: 0.3283, uncertainty: 3.1036, uncertainty_coeffi: 0.0100, loss: 0.1556, lr: 0.00e+00
     Epoch[1] Iteration[500/620], entropy: 0.4911, uncertainty: 3.4836, uncertainty_coeffi: 0.0100, loss: 0.2039, lr: 0.00e+00
     Epoch[1] Iteration[510/620], entropy: 0.4381, uncertainty: 2.9507, uncertainty_coeffi: 0.0100, loss: 0.2341, lr: 0.00e+00
     Epoch[1] Iteration[520/620], entropy: 0.3022, uncertainty: 3.3485, uncertainty_coeffi: 0.0100, loss: 0.1484, lr: 0.00e+00
     Epoch[1] Iteration[530/620], entropy: 0.3414, uncertainty: 3.2503, uncertainty_coeffi: 0.0100, loss: 0.1261, lr: 0.00e+00
     Epoch[1] Iteration[540/620], entropy: 0.2528, uncertainty: 3.1749, uncertainty_coeffi: 0.0100, loss: 0.1290, lr: 0.00e+00
     Epoch[1] Iteration[550/620], entropy: 0.3663, uncertainty: 3.2213, uncertainty_coeffi: 0.0100, loss: 0.1789, lr: 0.00e+00
     Epoch[1] Iteration[560/620], entropy: 0.4206, uncertainty: 3.3390, uncertainty_coeffi: 0.0100, loss: 0.1885, lr: 0.00e+00
     Epoch[1] Iteration[570/620], entropy: 0.2772, uncertainty: 3.1007, uncertainty_coeffi: 0.0100, loss: 0.1657, lr: 0.00e+00
     Epoch[1] Iteration[580/620], entropy: 0.3202, uncertainty: 3.2506, uncertainty_coeffi: 0.0100, loss: 0.1345, lr: 0.00e+00
     Epoch[1] Iteration[590/620], entropy: 0.3182, uncertainty: 3.4984, uncertainty_coeffi: 0.0100, loss: 0.1327, lr: 0.00e+00
     Epoch[1] Iteration[600/620], entropy: 0.2716, uncertainty: 3.1523, uncertainty_coeffi: 0.0100, loss: 0.1323, lr: 0.00e+00
     Epoch[1] Iteration[610/620], entropy: 0.3347, uncertainty: 3.4068, uncertainty_coeffi: 0.0100, loss: 0.1502, lr: 0.00e+00
     Epoch[1] Iteration[620/620], entropy: 0.3681, uncertainty: 3.3055, uncertainty_coeffi: 0.0100, loss: 0.1521, lr: 0.00e+00
     Averaged stats: entropy_avg: 0.3398, uncertainty_avg: 3.2734, uncertainty_coeffi_avg: 0.0100, loss_avg: 0.1600, lr_avg: 0.00e+00
     itm tta time 0:02:13
### TTA Eval Score: 
+-------+--------+--------+--------+--------+-------+
| epoch |   R1   |   R5   |  R10   |  mAP   |  mINP |
+-------+--------+--------+--------+--------+-------+
|  -999 | 60.631 | 77.519 | 83.268 | 35.542 | 6.004 |
|   0   | 61.205 | 77.564 | 83.379 | 35.901 | 6.043 |
|   1   | 61.507 | 77.544 | 83.303 | 36.038 | 6.067 |
+-------+--------+--------+--------+--------+-------+
     logs:  {'epo': 1, 'R1': 61.507, 'R5': 77.544, 'R10': 83.303, 'mAP': 36.038, 'mINP': 6.067, 'entropy': 0.3398407964456466, 'uncertainty': 3.273435254250803, 'uncertainty_coeffi': 0.009999999776482582, 'loss': 0.1599565697533469, 'lr': 0.0}
     Epoch[2] Iteration[10/620], entropy: 0.4815, uncertainty: 3.1637, uncertainty_coeffi: 0.0100, loss: 0.2327, lr: 0.00e+00
     Epoch[2] Iteration[20/620], entropy: 0.3361, uncertainty: 3.8773, uncertainty_coeffi: 0.0100, loss: 0.1348, lr: 0.00e+00
     Epoch[2] Iteration[30/620], entropy: 0.4033, uncertainty: 3.5689, uncertainty_coeffi: 0.0100, loss: 0.1614, lr: 0.00e+00
     Epoch[2] Iteration[40/620], entropy: 0.2390, uncertainty: 3.0835, uncertainty_coeffi: 0.0100, loss: 0.1223, lr: 0.00e+00
     Epoch[2] Iteration[50/620], entropy: 0.2850, uncertainty: 2.8256, uncertainty_coeffi: 0.0100, loss: 0.1559, lr: 0.00e+00
     Epoch[2] Iteration[60/620], entropy: 0.4685, uncertainty: 3.5670, uncertainty_coeffi: 0.0100, loss: 0.1958, lr: 0.00e+00
     Epoch[2] Iteration[70/620], entropy: 0.2914, uncertainty: 3.1459, uncertainty_coeffi: 0.0100, loss: 0.1273, lr: 0.00e+00
     Epoch[2] Iteration[80/620], entropy: 0.3610, uncertainty: 3.1326, uncertainty_coeffi: 0.0100, loss: 0.2031, lr: 0.00e+00
     Epoch[2] Iteration[90/620], entropy: 0.2209, uncertainty: 2.7711, uncertainty_coeffi: 0.0100, loss: 0.1209, lr: 0.00e+00
     Epoch[2] Iteration[100/620], entropy: 0.2804, uncertainty: 3.4942, uncertainty_coeffi: 0.0100, loss: 0.1373, lr: 0.00e+00
     Epoch[2] Iteration[110/620], entropy: 0.2404, uncertainty: 2.6065, uncertainty_coeffi: 0.0100, loss: 0.1282, lr: 0.00e+00
     Epoch[2] Iteration[120/620], entropy: 0.3574, uncertainty: 3.4451, uncertainty_coeffi: 0.0100, loss: 0.1515, lr: 0.00e+00
     Epoch[2] Iteration[130/620], entropy: 0.3311, uncertainty: 3.5914, uncertainty_coeffi: 0.0100, loss: 0.1616, lr: 0.00e+00
     Epoch[2] Iteration[140/620], entropy: 0.2853, uncertainty: 3.3417, uncertainty_coeffi: 0.0100, loss: 0.1264, lr: 0.00e+00
     Epoch[2] Iteration[150/620], entropy: 0.3952, uncertainty: 3.4058, uncertainty_coeffi: 0.0100, loss: 0.1814, lr: 0.00e+00
     Epoch[2] Iteration[160/620], entropy: 0.2790, uncertainty: 3.3976, uncertainty_coeffi: 0.0100, loss: 0.1261, lr: 0.00e+00
     Epoch[2] Iteration[170/620], entropy: 0.3975, uncertainty: 3.2471, uncertainty_coeffi: 0.0100, loss: 0.1972, lr: 0.00e+00
     Epoch[2] Iteration[180/620], entropy: 0.4075, uncertainty: 3.1907, uncertainty_coeffi: 0.0100, loss: 0.2119, lr: 0.00e+00
     Epoch[2] Iteration[190/620], entropy: 0.3731, uncertainty: 3.6873, uncertainty_coeffi: 0.0100, loss: 0.1851, lr: 0.00e+00
     Epoch[2] Iteration[200/620], entropy: 0.3498, uncertainty: 3.4663, uncertainty_coeffi: 0.0100, loss: 0.1475, lr: 0.00e+00
     Epoch[2] Iteration[210/620], entropy: 0.2927, uncertainty: 3.5763, uncertainty_coeffi: 0.0100, loss: 0.1332, lr: 0.00e+00
     Epoch[2] Iteration[220/620], entropy: 0.3420, uncertainty: 3.7730, uncertainty_coeffi: 0.0100, loss: 0.1365, lr: 0.00e+00
     Epoch[2] Iteration[230/620], entropy: 0.3594, uncertainty: 2.9276, uncertainty_coeffi: 0.0100, loss: 0.1798, lr: 0.00e+00
     Epoch[2] Iteration[240/620], entropy: 0.3760, uncertainty: 2.8924, uncertainty_coeffi: 0.0100, loss: 0.1758, lr: 0.00e+00
     Epoch[2] Iteration[250/620], entropy: 0.3873, uncertainty: 2.5928, uncertainty_coeffi: 0.0100, loss: 0.1970, lr: 0.00e+00
     Epoch[2] Iteration[260/620], entropy: 0.2330, uncertainty: 3.0278, uncertainty_coeffi: 0.0100, loss: 0.1161, lr: 0.00e+00
     Epoch[2] Iteration[270/620], entropy: 0.3410, uncertainty: 3.5302, uncertainty_coeffi: 0.0100, loss: 0.1507, lr: 0.00e+00
     Epoch[2] Iteration[280/620], entropy: 0.2876, uncertainty: 3.0969, uncertainty_coeffi: 0.0100, loss: 0.1473, lr: 0.00e+00
     Epoch[2] Iteration[290/620], entropy: 0.4105, uncertainty: 3.3095, uncertainty_coeffi: 0.0100, loss: 0.2268, lr: 0.00e+00
     Epoch[2] Iteration[300/620], entropy: 0.3496, uncertainty: 3.7300, uncertainty_coeffi: 0.0100, loss: 0.1489, lr: 0.00e+00
     Epoch[2] Iteration[310/620], entropy: 0.3269, uncertainty: 3.2007, uncertainty_coeffi: 0.0100, loss: 0.1575, lr: 0.00e+00
     Epoch[2] Iteration[320/620], entropy: 0.4388, uncertainty: 3.6676, uncertainty_coeffi: 0.0100, loss: 0.1668, lr: 0.00e+00
     Epoch[2] Iteration[330/620], entropy: 0.3576, uncertainty: 3.1163, uncertainty_coeffi: 0.0100, loss: 0.1739, lr: 0.00e+00
     Epoch[2] Iteration[340/620], entropy: 0.3944, uncertainty: 3.5710, uncertainty_coeffi: 0.0100, loss: 0.1784, lr: 0.00e+00
     Epoch[2] Iteration[350/620], entropy: 0.3152, uncertainty: 3.3096, uncertainty_coeffi: 0.0100, loss: 0.1396, lr: 0.00e+00
     Epoch[2] Iteration[360/620], entropy: 0.2718, uncertainty: 3.6134, uncertainty_coeffi: 0.0100, loss: 0.1350, lr: 0.00e+00
     Epoch[2] Iteration[370/620], entropy: 0.3704, uncertainty: 3.7376, uncertainty_coeffi: 0.0100, loss: 0.1780, lr: 0.00e+00
     Epoch[2] Iteration[380/620], entropy: 0.3558, uncertainty: 2.6653, uncertainty_coeffi: 0.0100, loss: 0.1712, lr: 0.00e+00
     Epoch[2] Iteration[390/620], entropy: 0.2639, uncertainty: 2.9175, uncertainty_coeffi: 0.0100, loss: 0.1495, lr: 0.00e+00
     Epoch[2] Iteration[400/620], entropy: 0.3694, uncertainty: 3.4493, uncertainty_coeffi: 0.0100, loss: 0.1782, lr: 0.00e+00
     Epoch[2] Iteration[410/620], entropy: 0.2875, uncertainty: 3.6428, uncertainty_coeffi: 0.0100, loss: 0.1459, lr: 0.00e+00
     Epoch[2] Iteration[420/620], entropy: 0.3464, uncertainty: 2.9842, uncertainty_coeffi: 0.0100, loss: 0.1646, lr: 0.00e+00
     Epoch[2] Iteration[430/620], entropy: 0.2638, uncertainty: 3.2044, uncertainty_coeffi: 0.0100, loss: 0.1473, lr: 0.00e+00
     Epoch[2] Iteration[440/620], entropy: 0.3956, uncertainty: 3.1257, uncertainty_coeffi: 0.0100, loss: 0.1828, lr: 0.00e+00
     Epoch[2] Iteration[450/620], entropy: 0.2681, uncertainty: 3.0384, uncertainty_coeffi: 0.0100, loss: 0.1271, lr: 0.00e+00
     Epoch[2] Iteration[460/620], entropy: 0.3631, uncertainty: 3.1704, uncertainty_coeffi: 0.0100, loss: 0.1659, lr: 0.00e+00
     Epoch[2] Iteration[470/620], entropy: 0.2794, uncertainty: 3.0820, uncertainty_coeffi: 0.0100, loss: 0.1459, lr: 0.00e+00
     Epoch[2] Iteration[480/620], entropy: 0.3148, uncertainty: 3.2601, uncertainty_coeffi: 0.0100, loss: 0.1501, lr: 0.00e+00
     Epoch[2] Iteration[490/620], entropy: 0.3046, uncertainty: 3.5291, uncertainty_coeffi: 0.0100, loss: 0.1365, lr: 0.00e+00
     Epoch[2] Iteration[500/620], entropy: 0.2955, uncertainty: 2.9257, uncertainty_coeffi: 0.0100, loss: 0.1384, lr: 0.00e+00
     Epoch[2] Iteration[510/620], entropy: 0.3043, uncertainty: 3.1640, uncertainty_coeffi: 0.0100, loss: 0.1566, lr: 0.00e+00
     Epoch[2] Iteration[520/620], entropy: 0.2940, uncertainty: 3.1634, uncertainty_coeffi: 0.0100, loss: 0.1514, lr: 0.00e+00
     Epoch[2] Iteration[530/620], entropy: 0.3434, uncertainty: 3.2272, uncertainty_coeffi: 0.0100, loss: 0.1580, lr: 0.00e+00
     Epoch[2] Iteration[540/620], entropy: 0.2978, uncertainty: 3.3114, uncertainty_coeffi: 0.0100, loss: 0.1612, lr: 0.00e+00
     Epoch[2] Iteration[550/620], entropy: 0.3342, uncertainty: 3.0069, uncertainty_coeffi: 0.0100, loss: 0.1666, lr: 0.00e+00
     Epoch[2] Iteration[560/620], entropy: 0.3398, uncertainty: 3.3904, uncertainty_coeffi: 0.0100, loss: 0.1432, lr: 0.00e+00
     Epoch[2] Iteration[570/620], entropy: 0.3095, uncertainty: 2.7845, uncertainty_coeffi: 0.0100, loss: 0.1441, lr: 0.00e+00
     Epoch[2] Iteration[580/620], entropy: 0.3408, uncertainty: 3.2295, uncertainty_coeffi: 0.0100, loss: 0.1648, lr: 0.00e+00
     Epoch[2] Iteration[590/620], entropy: 0.4374, uncertainty: 3.5221, uncertainty_coeffi: 0.0100, loss: 0.1980, lr: 0.00e+00
     Epoch[2] Iteration[600/620], entropy: 0.3405, uncertainty: 2.7649, uncertainty_coeffi: 0.0100, loss: 0.1521, lr: 0.00e+00
     Epoch[2] Iteration[610/620], entropy: 0.2667, uncertainty: 2.3086, uncertainty_coeffi: 0.0100, loss: 0.1447, lr: 0.00e+00
     Epoch[2] Iteration[620/620], entropy: 0.3396, uncertainty: 3.6748, uncertainty_coeffi: 0.0100, loss: 0.1524, lr: 0.00e+00
     Averaged stats: entropy_avg: 0.3338, uncertainty_avg: 3.2456, uncertainty_coeffi_avg: 0.0100, loss_avg: 0.1588, lr_avg: 0.00e+00
     itm tta time 0:02:13
### TTA Eval Score: 
+-------+--------+--------+--------+--------+-------+
| epoch |   R1   |   R5   |  R10   |  mAP   |  mINP |
+-------+--------+--------+--------+--------+-------+
|  -999 | 60.631 | 77.519 | 83.268 | 35.542 | 6.004 |
|   0   | 61.205 | 77.564 | 83.379 | 35.901 | 6.043 |
|   1   | 61.507 | 77.544 | 83.303 | 36.038 | 6.067 |
|   2   | 61.724 | 77.439 | 83.172 | 36.091 | 6.075 |
+-------+--------+--------+--------+--------+-------+
     logs:  {'epo': 2, 'R1': 61.724, 'R5': 77.439, 'R10': 83.172, 'mAP': 36.091, 'mINP': 6.075, 'entropy': 0.3337676135763045, 'uncertainty': 3.2455570428602156, 'uncertainty_coeffi': 0.009999999776482582, 'loss': 0.15880925052108302, 'lr': 0.0}
     Epoch[3] Iteration[10/620], entropy: 0.3182, uncertainty: 3.1808, uncertainty_coeffi: 0.0100, loss: 0.1501, lr: 0.00e+00
     Epoch[3] Iteration[20/620], entropy: 0.2811, uncertainty: 3.3733, uncertainty_coeffi: 0.0100, loss: 0.1253, lr: 0.00e+00
     Epoch[3] Iteration[30/620], entropy: 0.2236, uncertainty: 2.9619, uncertainty_coeffi: 0.0100, loss: 0.1140, lr: 0.00e+00
     Epoch[3] Iteration[40/620], entropy: 0.2683, uncertainty: 3.2982, uncertainty_coeffi: 0.0100, loss: 0.1155, lr: 0.00e+00
     Epoch[3] Iteration[50/620], entropy: 0.2271, uncertainty: 3.2101, uncertainty_coeffi: 0.0100, loss: 0.1190, lr: 0.00e+00
     Epoch[3] Iteration[60/620], entropy: 0.3353, uncertainty: 2.6368, uncertainty_coeffi: 0.0100, loss: 0.1837, lr: 0.00e+00
     Epoch[3] Iteration[70/620], entropy: 0.3905, uncertainty: 3.4319, uncertainty_coeffi: 0.0100, loss: 0.1502, lr: 0.00e+00
     Epoch[3] Iteration[80/620], entropy: 0.3173, uncertainty: 3.2415, uncertainty_coeffi: 0.0100, loss: 0.1371, lr: 0.00e+00
     Epoch[3] Iteration[90/620], entropy: 0.3124, uncertainty: 2.5875, uncertainty_coeffi: 0.0100, loss: 0.1578, lr: 0.00e+00
     Epoch[3] Iteration[100/620], entropy: 0.3173, uncertainty: 3.4399, uncertainty_coeffi: 0.0100, loss: 0.1541, lr: 0.00e+00
     Epoch[3] Iteration[110/620], entropy: 0.2741, uncertainty: 3.1050, uncertainty_coeffi: 0.0100, loss: 0.1394, lr: 0.00e+00
     Epoch[3] Iteration[120/620], entropy: 0.3343, uncertainty: 3.0788, uncertainty_coeffi: 0.0100, loss: 0.1352, lr: 0.00e+00
     Epoch[3] Iteration[130/620], entropy: 0.2797, uncertainty: 3.9075, uncertainty_coeffi: 0.0100, loss: 0.1295, lr: 0.00e+00
     Epoch[3] Iteration[140/620], entropy: 0.4109, uncertainty: 3.4244, uncertainty_coeffi: 0.0100, loss: 0.1655, lr: 0.00e+00
     Epoch[3] Iteration[150/620], entropy: 0.3337, uncertainty: 3.4923, uncertainty_coeffi: 0.0100, loss: 0.1310, lr: 4.77e-06
     Epoch[3] Iteration[160/620], entropy: 0.3035, uncertainty: 3.2793, uncertainty_coeffi: 0.0100, loss: 0.1511, lr: 4.77e-06
     Epoch[3] Iteration[170/620], entropy: 0.2685, uncertainty: 3.1403, uncertainty_coeffi: 0.0100, loss: 0.1412, lr: 4.77e-06
     Epoch[3] Iteration[180/620], entropy: 0.3760, uncertainty: 2.9157, uncertainty_coeffi: 0.0100, loss: 0.2470, lr: 4.77e-06
     Epoch[3] Iteration[190/620], entropy: 0.2663, uncertainty: 3.0311, uncertainty_coeffi: 0.0100, loss: 0.1470, lr: 4.77e-06
     Epoch[3] Iteration[200/620], entropy: 0.3221, uncertainty: 2.7004, uncertainty_coeffi: 0.0100, loss: 0.1767, lr: 4.77e-06
     Epoch[3] Iteration[210/620], entropy: 0.3348, uncertainty: 3.2430, uncertainty_coeffi: 0.0100, loss: 0.1718, lr: 4.77e-06
     Epoch[3] Iteration[220/620], entropy: 0.3377, uncertainty: 2.7413, uncertainty_coeffi: 0.0100, loss: 0.1721, lr: 4.77e-06
     Epoch[3] Iteration[230/620], entropy: 0.3679, uncertainty: 3.4139, uncertainty_coeffi: 0.0100, loss: 0.1671, lr: 4.77e-06
     Epoch[3] Iteration[240/620], entropy: 0.4019, uncertainty: 3.5286, uncertainty_coeffi: 0.0100, loss: 0.1770, lr: 4.77e-06
     Epoch[3] Iteration[250/620], entropy: 0.1784, uncertainty: 2.5866, uncertainty_coeffi: 0.0100, loss: 0.0829, lr: 4.77e-06
     Epoch[3] Iteration[260/620], entropy: 0.3484, uncertainty: 3.1652, uncertainty_coeffi: 0.0100, loss: 0.1642, lr: 4.77e-06
     Epoch[3] Iteration[270/620], entropy: 0.3031, uncertainty: 3.2122, uncertainty_coeffi: 0.0100, loss: 0.1443, lr: 4.77e-06
     Epoch[3] Iteration[280/620], entropy: 0.3151, uncertainty: 3.2959, uncertainty_coeffi: 0.0100, loss: 0.1404, lr: 4.77e-06
     Epoch[3] Iteration[290/620], entropy: 0.3147, uncertainty: 3.0515, uncertainty_coeffi: 0.0100, loss: 0.1438, lr: 4.77e-06
     Epoch[3] Iteration[300/620], entropy: 0.3502, uncertainty: 3.4787, uncertainty_coeffi: 0.0100, loss: 0.1523, lr: 4.77e-06
     Epoch[3] Iteration[310/620], entropy: 0.3548, uncertainty: 3.7258, uncertainty_coeffi: 0.0100, loss: 0.1377, lr: 4.77e-06
     Epoch[3] Iteration[320/620], entropy: 0.2916, uncertainty: 3.4206, uncertainty_coeffi: 0.0100, loss: 0.1627, lr: 4.77e-06
     Epoch[3] Iteration[330/620], entropy: 0.3314, uncertainty: 3.6644, uncertainty_coeffi: 0.0100, loss: 0.1717, lr: 4.77e-06
     Epoch[3] Iteration[340/620], entropy: 0.2898, uncertainty: 3.2738, uncertainty_coeffi: 0.0100, loss: 0.1443, lr: 4.77e-06
     Epoch[3] Iteration[350/620], entropy: 0.3225, uncertainty: 3.9202, uncertainty_coeffi: 0.0100, loss: 0.1243, lr: 4.77e-06
     Epoch[3] Iteration[360/620], entropy: 0.3413, uncertainty: 3.1667, uncertainty_coeffi: 0.0100, loss: 0.1693, lr: 4.77e-06
     Epoch[3] Iteration[370/620], entropy: 0.4569, uncertainty: 3.1941, uncertainty_coeffi: 0.0100, loss: 0.2153, lr: 4.77e-06
     Epoch[3] Iteration[380/620], entropy: 0.2398, uncertainty: 3.4423, uncertainty_coeffi: 0.0100, loss: 0.1199, lr: 4.77e-06
     Epoch[3] Iteration[390/620], entropy: 0.2564, uncertainty: 3.2875, uncertainty_coeffi: 0.0100, loss: 0.1488, lr: 4.77e-06
     Epoch[3] Iteration[400/620], entropy: 0.3380, uncertainty: 3.2337, uncertainty_coeffi: 0.0100, loss: 0.1420, lr: 4.77e-06
     Epoch[3] Iteration[410/620], entropy: 0.4178, uncertainty: 3.3438, uncertainty_coeffi: 0.0100, loss: 0.1831, lr: 4.77e-06
     Epoch[3] Iteration[420/620], entropy: 0.2914, uncertainty: 3.1725, uncertainty_coeffi: 0.0100, loss: 0.1316, lr: 4.77e-06
     Epoch[3] Iteration[430/620], entropy: 0.3094, uncertainty: 3.6234, uncertainty_coeffi: 0.0100, loss: 0.1405, lr: 4.77e-06
     Epoch[3] Iteration[440/620], entropy: 0.2702, uncertainty: 3.3600, uncertainty_coeffi: 0.0100, loss: 0.1148, lr: 4.77e-06
     Epoch[3] Iteration[450/620], entropy: 0.2080, uncertainty: 2.5772, uncertainty_coeffi: 0.0100, loss: 0.1183, lr: 4.77e-06
     Epoch[3] Iteration[460/620], entropy: 0.3501, uncertainty: 3.0924, uncertainty_coeffi: 0.0100, loss: 0.1739, lr: 4.77e-06
     Epoch[3] Iteration[470/620], entropy: 0.2811, uncertainty: 3.5001, uncertainty_coeffi: 0.0100, loss: 0.1496, lr: 4.77e-06
     Epoch[3] Iteration[480/620], entropy: 0.3837, uncertainty: 4.2373, uncertainty_coeffi: 0.0100, loss: 0.1556, lr: 4.77e-06
     Epoch[3] Iteration[490/620], entropy: 0.3269, uncertainty: 3.3966, uncertainty_coeffi: 0.0100, loss: 0.1612, lr: 4.77e-06
     Epoch[3] Iteration[500/620], entropy: 0.3037, uncertainty: 3.2025, uncertainty_coeffi: 0.0100, loss: 0.1638, lr: 4.77e-06
     Epoch[3] Iteration[510/620], entropy: 0.4132, uncertainty: 3.5024, uncertainty_coeffi: 0.0100, loss: 0.1768, lr: 4.77e-06
     Epoch[3] Iteration[520/620], entropy: 0.2912, uncertainty: 3.1605, uncertainty_coeffi: 0.0100, loss: 0.1634, lr: 4.77e-06
     Epoch[3] Iteration[530/620], entropy: 0.3083, uncertainty: 3.3581, uncertainty_coeffi: 0.0100, loss: 0.1368, lr: 4.77e-06
     Epoch[3] Iteration[540/620], entropy: 0.3663, uncertainty: 3.1178, uncertainty_coeffi: 0.0100, loss: 0.2013, lr: 4.77e-06
     Epoch[3] Iteration[550/620], entropy: 0.3510, uncertainty: 3.3312, uncertainty_coeffi: 0.0100, loss: 0.1636, lr: 4.77e-06
     Epoch[3] Iteration[560/620], entropy: 0.2970, uncertainty: 3.1774, uncertainty_coeffi: 0.0100, loss: 0.1451, lr: 4.77e-06
     Epoch[3] Iteration[570/620], entropy: 0.2659, uncertainty: 3.0502, uncertainty_coeffi: 0.0100, loss: 0.1408, lr: 4.77e-06
     Epoch[3] Iteration[580/620], entropy: 0.3317, uncertainty: 3.2796, uncertainty_coeffi: 0.0100, loss: 0.1502, lr: 4.77e-06
     Epoch[3] Iteration[590/620], entropy: 0.3003, uncertainty: 3.5055, uncertainty_coeffi: 0.0100, loss: 0.1445, lr: 4.77e-06
     Epoch[3] Iteration[600/620], entropy: 0.4230, uncertainty: 2.9007, uncertainty_coeffi: 0.0100, loss: 0.1940, lr: 4.77e-06
     Epoch[3] Iteration[610/620], entropy: 0.2506, uncertainty: 3.1788, uncertainty_coeffi: 0.0100, loss: 0.1453, lr: 4.77e-06
     Epoch[3] Iteration[620/620], entropy: 0.3473, uncertainty: 3.4712, uncertainty_coeffi: 0.0100, loss: 0.1682, lr: 4.77e-06
     Averaged stats: entropy_avg: 0.3181, uncertainty_avg: 3.2584, uncertainty_coeffi_avg: 0.0100, loss_avg: 0.1523, lr_avg: 3.70e-06
     itm tta time 0:02:13
     Epoch[4] Iteration[10/620], entropy: 0.3079, uncertainty: 3.4971, uncertainty_coeffi: 0.0100, loss: 0.1494, lr: 4.77e-06
     Epoch[4] Iteration[20/620], entropy: 0.2535, uncertainty: 2.7712, uncertainty_coeffi: 0.0100, loss: 0.1133, lr: 4.77e-06
     Epoch[4] Iteration[30/620], entropy: 0.3013, uncertainty: 3.5151, uncertainty_coeffi: 0.0100, loss: 0.1382, lr: 4.77e-06
     Epoch[4] Iteration[40/620], entropy: 0.3034, uncertainty: 3.4629, uncertainty_coeffi: 0.0100, loss: 0.1237, lr: 4.77e-06
     Epoch[4] Iteration[50/620], entropy: 0.3671, uncertainty: 3.1052, uncertainty_coeffi: 0.0100, loss: 0.1744, lr: 4.77e-06
     Epoch[4] Iteration[60/620], entropy: 0.2742, uncertainty: 3.5340, uncertainty_coeffi: 0.0100, loss: 0.1334, lr: 4.77e-06
     Epoch[4] Iteration[70/620], entropy: 0.2759, uncertainty: 3.9230, uncertainty_coeffi: 0.0100, loss: 0.1182, lr: 4.77e-06
     Epoch[4] Iteration[80/620], entropy: 0.3526, uncertainty: 3.8476, uncertainty_coeffi: 0.0100, loss: 0.1318, lr: 4.77e-06
     Epoch[4] Iteration[90/620], entropy: 0.3187, uncertainty: 2.8329, uncertainty_coeffi: 0.0100, loss: 0.1706, lr: 4.77e-06
     Epoch[4] Iteration[100/620], entropy: 0.2180, uncertainty: 2.7425, uncertainty_coeffi: 0.0100, loss: 0.1307, lr: 4.77e-06
     Epoch[4] Iteration[110/620], entropy: 0.3561, uncertainty: 3.6225, uncertainty_coeffi: 0.0100, loss: 0.1626, lr: 4.77e-06
     Epoch[4] Iteration[120/620], entropy: 0.2734, uncertainty: 3.2841, uncertainty_coeffi: 0.0100, loss: 0.1403, lr: 4.77e-06
     Epoch[4] Iteration[130/620], entropy: 0.3098, uncertainty: 3.5140, uncertainty_coeffi: 0.0100, loss: 0.1451, lr: 4.77e-06
     Epoch[4] Iteration[140/620], entropy: 0.3190, uncertainty: 3.2735, uncertainty_coeffi: 0.0100, loss: 0.1449, lr: 4.77e-06
     Epoch[4] Iteration[150/620], entropy: 0.4034, uncertainty: 3.7105, uncertainty_coeffi: 0.0100, loss: 0.1533, lr: 4.77e-06
     Epoch[4] Iteration[160/620], entropy: 0.2468, uncertainty: 2.9562, uncertainty_coeffi: 0.0100, loss: 0.1278, lr: 4.77e-06
     Epoch[4] Iteration[170/620], entropy: 0.3268, uncertainty: 3.7309, uncertainty_coeffi: 0.0100, loss: 0.1345, lr: 4.77e-06
     Epoch[4] Iteration[180/620], entropy: 0.3505, uncertainty: 3.1373, uncertainty_coeffi: 0.0100, loss: 0.1493, lr: 4.77e-06
     Epoch[4] Iteration[190/620], entropy: 0.3318, uncertainty: 3.2183, uncertainty_coeffi: 0.0100, loss: 0.1339, lr: 4.77e-06
     Epoch[4] Iteration[200/620], entropy: 0.2811, uncertainty: 3.9356, uncertainty_coeffi: 0.0100, loss: 0.1382, lr: 4.77e-06
     Epoch[4] Iteration[210/620], entropy: 0.4414, uncertainty: 3.2447, uncertainty_coeffi: 0.0100, loss: 0.1979, lr: 4.77e-06
     Epoch[4] Iteration[220/620], entropy: 0.3030, uncertainty: 2.9719, uncertainty_coeffi: 0.0100, loss: 0.1436, lr: 4.77e-06
     Epoch[4] Iteration[230/620], entropy: 0.3429, uncertainty: 3.2270, uncertainty_coeffi: 0.0100, loss: 0.1579, lr: 4.77e-06
     Epoch[4] Iteration[240/620], entropy: 0.3734, uncertainty: 3.7001, uncertainty_coeffi: 0.0100, loss: 0.1721, lr: 4.77e-06
     Epoch[4] Iteration[250/620], entropy: 0.3791, uncertainty: 4.0042, uncertainty_coeffi: 0.0100, loss: 0.1758, lr: 4.77e-06
     Epoch[4] Iteration[260/620], entropy: 0.3705, uncertainty: 3.3106, uncertainty_coeffi: 0.0100, loss: 0.1501, lr: 4.77e-06
     Epoch[4] Iteration[270/620], entropy: 0.2633, uncertainty: 3.3200, uncertainty_coeffi: 0.0100, loss: 0.1156, lr: 4.77e-06
     Epoch[4] Iteration[280/620], entropy: 0.3278, uncertainty: 2.5059, uncertainty_coeffi: 0.0100, loss: 0.1626, lr: 4.77e-06
     Epoch[4] Iteration[290/620], entropy: 0.3467, uncertainty: 3.5261, uncertainty_coeffi: 0.0100, loss: 0.1391, lr: 4.77e-06
     Epoch[4] Iteration[300/620], entropy: 0.3368, uncertainty: 3.2623, uncertainty_coeffi: 0.0100, loss: 0.1700, lr: 4.77e-06
     Epoch[4] Iteration[310/620], entropy: 0.3255, uncertainty: 2.7376, uncertainty_coeffi: 0.0100, loss: 0.1630, lr: 4.77e-06
     Epoch[4] Iteration[320/620], entropy: 0.3197, uncertainty: 3.3379, uncertainty_coeffi: 0.0100, loss: 0.1226, lr: 4.77e-06
     Epoch[4] Iteration[330/620], entropy: 0.3237, uncertainty: 3.6457, uncertainty_coeffi: 0.0100, loss: 0.1324, lr: 4.77e-06
     Epoch[4] Iteration[340/620], entropy: 0.3529, uncertainty: 3.5677, uncertainty_coeffi: 0.0100, loss: 0.1351, lr: 4.77e-06
     Epoch[4] Iteration[350/620], entropy: 0.3114, uncertainty: 4.0252, uncertainty_coeffi: 0.0100, loss: 0.1377, lr: 4.77e-06
     Epoch[4] Iteration[360/620], entropy: 0.2416, uncertainty: 2.6940, uncertainty_coeffi: 0.0100, loss: 0.1263, lr: 4.77e-06
     Epoch[4] Iteration[370/620], entropy: 0.3452, uncertainty: 3.7323, uncertainty_coeffi: 0.0100, loss: 0.1586, lr: 4.77e-06
     Epoch[4] Iteration[380/620], entropy: 0.3384, uncertainty: 3.3545, uncertainty_coeffi: 0.0100, loss: 0.1654, lr: 4.77e-06
     Epoch[4] Iteration[390/620], entropy: 0.3051, uncertainty: 3.2461, uncertainty_coeffi: 0.0100, loss: 0.1368, lr: 4.77e-06
     Epoch[4] Iteration[400/620], entropy: 0.2560, uncertainty: 2.9445, uncertainty_coeffi: 0.0100, loss: 0.1391, lr: 4.77e-06
     Epoch[4] Iteration[410/620], entropy: 0.3071, uncertainty: 3.0709, uncertainty_coeffi: 0.0100, loss: 0.1453, lr: 4.77e-06
     Epoch[4] Iteration[420/620], entropy: 0.4043, uncertainty: 3.9005, uncertainty_coeffi: 0.0100, loss: 0.1618, lr: 4.77e-06
     Epoch[4] Iteration[430/620], entropy: 0.1895, uncertainty: 3.0627, uncertainty_coeffi: 0.0100, loss: 0.0952, lr: 4.77e-06
     Epoch[4] Iteration[440/620], entropy: 0.3126, uncertainty: 3.3660, uncertainty_coeffi: 0.0100, loss: 0.1495, lr: 4.77e-06
     Epoch[4] Iteration[450/620], entropy: 0.2224, uncertainty: 3.1718, uncertainty_coeffi: 0.0100, loss: 0.1299, lr: 4.77e-06
     Epoch[4] Iteration[460/620], entropy: 0.3173, uncertainty: 2.6949, uncertainty_coeffi: 0.0100, loss: 0.1458, lr: 4.77e-06
     Epoch[4] Iteration[470/620], entropy: 0.2822, uncertainty: 3.1502, uncertainty_coeffi: 0.0100, loss: 0.1576, lr: 4.77e-06
     Epoch[4] Iteration[480/620], entropy: 0.2107, uncertainty: 3.6516, uncertainty_coeffi: 0.0100, loss: 0.1217, lr: 4.77e-06
     Epoch[4] Iteration[490/620], entropy: 0.3575, uncertainty: 3.6826, uncertainty_coeffi: 0.0100, loss: 0.1530, lr: 4.77e-06
     Epoch[4] Iteration[500/620], entropy: 0.2779, uncertainty: 3.1648, uncertainty_coeffi: 0.0100, loss: 0.1264, lr: 4.77e-06
     Epoch[4] Iteration[510/620], entropy: 0.3257, uncertainty: 3.8704, uncertainty_coeffi: 0.0100, loss: 0.1305, lr: 4.77e-06
     Epoch[4] Iteration[520/620], entropy: 0.1663, uncertainty: 3.3050, uncertainty_coeffi: 0.0100, loss: 0.1213, lr: 4.77e-06
     Epoch[4] Iteration[530/620], entropy: 0.2695, uncertainty: 3.0681, uncertainty_coeffi: 0.0100, loss: 0.1235, lr: 4.77e-06
     Epoch[4] Iteration[540/620], entropy: 0.2679, uncertainty: 3.1901, uncertainty_coeffi: 0.0100, loss: 0.1445, lr: 4.77e-06
     Epoch[4] Iteration[550/620], entropy: 0.3174, uncertainty: 2.9144, uncertainty_coeffi: 0.0100, loss: 0.1641, lr: 4.77e-06
     Epoch[4] Iteration[560/620], entropy: 0.3259, uncertainty: 3.1326, uncertainty_coeffi: 0.0100, loss: 0.1714, lr: 4.77e-06
     Epoch[4] Iteration[570/620], entropy: 0.3105, uncertainty: 3.2490, uncertainty_coeffi: 0.0100, loss: 0.1515, lr: 4.77e-06
     Epoch[4] Iteration[580/620], entropy: 0.3178, uncertainty: 3.0104, uncertainty_coeffi: 0.0100, loss: 0.1600, lr: 4.77e-06
     Epoch[4] Iteration[590/620], entropy: 0.2542, uncertainty: 2.7656, uncertainty_coeffi: 0.0100, loss: 0.1300, lr: 4.77e-06
     Epoch[4] Iteration[600/620], entropy: 0.2772, uncertainty: 3.6576, uncertainty_coeffi: 0.0100, loss: 0.1216, lr: 4.77e-06
     Epoch[4] Iteration[610/620], entropy: 0.2211, uncertainty: 3.2798, uncertainty_coeffi: 0.0100, loss: 0.1161, lr: 4.77e-06
     Epoch[4] Iteration[620/620], entropy: 0.2427, uncertainty: 2.9545, uncertainty_coeffi: 0.0100, loss: 0.1357, lr: 4.77e-06
     Averaged stats: entropy_avg: 0.3057, uncertainty_avg: 3.3111, uncertainty_coeffi_avg: 0.0100, loss_avg: 0.1431, lr_avg: 4.77e-06
     itm tta time 0:02:12
### TTA Eval Score: 
+-------+--------+--------+--------+--------+-------+
| epoch |   R1   |   R5   |  R10   |  mAP   |  mINP |
+-------+--------+--------+--------+--------+-------+
|  -999 | 60.631 | 77.519 | 83.268 | 35.542 | 6.004 |
|   0   | 61.205 | 77.564 | 83.379 | 35.901 | 6.043 |
|   1   | 61.507 | 77.544 | 83.303 | 36.038 | 6.067 |
|   2   | 61.724 | 77.439 | 83.172 | 36.091 | 6.075 |
|   4   | 61.840 | 77.484 | 83.051 | 36.113 | 6.078 |
+-------+--------+--------+--------+--------+-------+
     logs:  {'epo': 4, 'R1': 61.84, 'R5': 77.484, 'R10': 83.051, 'mAP': 36.113, 'mINP': 6.078, 'entropy': 0.30570195038472453, 'uncertainty': 3.3110713112738823, 'uncertainty_coeffi': 0.009999999776482582, 'loss': 0.14309150329039944, 'lr': 4.774575140629144e-06}
     Epoch[5] Iteration[10/620], entropy: 0.2933, uncertainty: 3.6419, uncertainty_coeffi: 0.0100, loss: 0.1136, lr: 4.77e-06
     Epoch[5] Iteration[20/620], entropy: 0.2325, uncertainty: 3.1716, uncertainty_coeffi: 0.0100, loss: 0.1367, lr: 4.77e-06
     Epoch[5] Iteration[30/620], entropy: 0.2963, uncertainty: 3.2918, uncertainty_coeffi: 0.0100, loss: 0.1334, lr: 4.77e-06
     Epoch[5] Iteration[40/620], entropy: 0.3096, uncertainty: 3.1440, uncertainty_coeffi: 0.0100, loss: 0.1445, lr: 4.77e-06
     Epoch[5] Iteration[50/620], entropy: 0.2971, uncertainty: 3.8045, uncertainty_coeffi: 0.0100, loss: 0.1168, lr: 4.77e-06
     Epoch[5] Iteration[60/620], entropy: 0.3992, uncertainty: 3.7300, uncertainty_coeffi: 0.0100, loss: 0.1784, lr: 4.77e-06
     Epoch[5] Iteration[70/620], entropy: 0.3318, uncertainty: 3.1877, uncertainty_coeffi: 0.0100, loss: 0.1705, lr: 4.77e-06
     Epoch[5] Iteration[80/620], entropy: 0.3189, uncertainty: 3.4435, uncertainty_coeffi: 0.0100, loss: 0.1776, lr: 4.77e-06
     Epoch[5] Iteration[90/620], entropy: 0.3005, uncertainty: 3.2355, uncertainty_coeffi: 0.0100, loss: 0.1388, lr: 4.77e-06
     Epoch[5] Iteration[100/620], entropy: 0.3067, uncertainty: 3.3514, uncertainty_coeffi: 0.0100, loss: 0.1284, lr: 4.77e-06
     Epoch[5] Iteration[110/620], entropy: 0.2023, uncertainty: 2.3919, uncertainty_coeffi: 0.0100, loss: 0.1479, lr: 4.77e-06
     Epoch[5] Iteration[120/620], entropy: 0.3016, uncertainty: 3.2493, uncertainty_coeffi: 0.0100, loss: 0.1390, lr: 4.77e-06
     Epoch[5] Iteration[130/620], entropy: 0.3660, uncertainty: 3.5705, uncertainty_coeffi: 0.0100, loss: 0.1847, lr: 4.77e-06
     Epoch[5] Iteration[140/620], entropy: 0.3640, uncertainty: 3.0292, uncertainty_coeffi: 0.0100, loss: 0.1972, lr: 4.77e-06
     Epoch[5] Iteration[150/620], entropy: 0.3383, uncertainty: 3.4069, uncertainty_coeffi: 0.0100, loss: 0.1603, lr: 4.77e-06
     Epoch[5] Iteration[160/620], entropy: 0.2298, uncertainty: 3.4327, uncertainty_coeffi: 0.0100, loss: 0.1201, lr: 4.77e-06
     Epoch[5] Iteration[170/620], entropy: 0.3272, uncertainty: 2.6666, uncertainty_coeffi: 0.0100, loss: 0.1587, lr: 4.77e-06
     Epoch[5] Iteration[180/620], entropy: 0.2465, uncertainty: 3.0749, uncertainty_coeffi: 0.0100, loss: 0.1146, lr: 4.77e-06
     Epoch[5] Iteration[190/620], entropy: 0.2949, uncertainty: 3.3215, uncertainty_coeffi: 0.0100, loss: 0.1239, lr: 4.77e-06
     Epoch[5] Iteration[200/620], entropy: 0.3261, uncertainty: 2.6399, uncertainty_coeffi: 0.0100, loss: 0.1727, lr: 4.77e-06
     Epoch[5] Iteration[210/620], entropy: 0.2919, uncertainty: 2.7943, uncertainty_coeffi: 0.0100, loss: 0.1317, lr: 4.77e-06
     Epoch[5] Iteration[220/620], entropy: 0.2763, uncertainty: 3.0734, uncertainty_coeffi: 0.0100, loss: 0.1475, lr: 4.77e-06
     Epoch[5] Iteration[230/620], entropy: 0.2946, uncertainty: 3.0934, uncertainty_coeffi: 0.0100, loss: 0.1369, lr: 4.77e-06
     Epoch[5] Iteration[240/620], entropy: 0.3163, uncertainty: 3.4079, uncertainty_coeffi: 0.0100, loss: 0.1447, lr: 4.77e-06
     Epoch[5] Iteration[250/620], entropy: 0.3299, uncertainty: 3.3664, uncertainty_coeffi: 0.0100, loss: 0.1617, lr: 4.77e-06
     Epoch[5] Iteration[260/620], entropy: 0.2532, uncertainty: 3.6766, uncertainty_coeffi: 0.0100, loss: 0.1020, lr: 4.77e-06
     Epoch[5] Iteration[270/620], entropy: 0.2554, uncertainty: 3.1489, uncertainty_coeffi: 0.0100, loss: 0.1449, lr: 4.77e-06
     Epoch[5] Iteration[280/620], entropy: 0.2839, uncertainty: 3.2062, uncertainty_coeffi: 0.0100, loss: 0.1318, lr: 4.77e-06
     Epoch[5] Iteration[290/620], entropy: 0.2881, uncertainty: 3.2124, uncertainty_coeffi: 0.0100, loss: 0.1335, lr: 4.77e-06
     Epoch[5] Iteration[300/620], entropy: 0.3125, uncertainty: 3.4963, uncertainty_coeffi: 0.0100, loss: 0.1449, lr: 4.77e-06
     Epoch[5] Iteration[310/620], entropy: 0.2094, uncertainty: 3.0198, uncertainty_coeffi: 0.0100, loss: 0.1138, lr: 4.77e-06
     Epoch[5] Iteration[320/620], entropy: 0.2934, uncertainty: 2.9250, uncertainty_coeffi: 0.0100, loss: 0.1384, lr: 4.77e-06
     Epoch[5] Iteration[330/620], entropy: 0.2379, uncertainty: 3.2773, uncertainty_coeffi: 0.0100, loss: 0.0938, lr: 4.77e-06
     Epoch[5] Iteration[340/620], entropy: 0.3084, uncertainty: 3.0055, uncertainty_coeffi: 0.0100, loss: 0.1344, lr: 4.77e-06
     Epoch[5] Iteration[350/620], entropy: 0.3643, uncertainty: 3.6238, uncertainty_coeffi: 0.0100, loss: 0.1675, lr: 4.77e-06
     Epoch[5] Iteration[360/620], entropy: 0.3028, uncertainty: 3.2904, uncertainty_coeffi: 0.0100, loss: 0.1443, lr: 4.77e-06
     Epoch[5] Iteration[370/620], entropy: 0.2135, uncertainty: 3.1668, uncertainty_coeffi: 0.0100, loss: 0.1102, lr: 4.77e-06
     Epoch[5] Iteration[380/620], entropy: 0.2833, uncertainty: 3.0981, uncertainty_coeffi: 0.0100, loss: 0.1400, lr: 4.77e-06
     Epoch[5] Iteration[390/620], entropy: 0.4574, uncertainty: 3.6233, uncertainty_coeffi: 0.0100, loss: 0.1971, lr: 4.77e-06
     Epoch[5] Iteration[400/620], entropy: 0.2405, uncertainty: 3.2357, uncertainty_coeffi: 0.0100, loss: 0.1164, lr: 4.77e-06
     Epoch[5] Iteration[410/620], entropy: 0.2204, uncertainty: 3.6272, uncertainty_coeffi: 0.0100, loss: 0.1084, lr: 4.77e-06
     Epoch[5] Iteration[420/620], entropy: 0.2248, uncertainty: 2.7336, uncertainty_coeffi: 0.0100, loss: 0.1265, lr: 4.77e-06
     Epoch[5] Iteration[430/620], entropy: 0.3059, uncertainty: 3.2364, uncertainty_coeffi: 0.0100, loss: 0.1401, lr: 4.77e-06
     Epoch[5] Iteration[440/620], entropy: 0.3462, uncertainty: 3.2905, uncertainty_coeffi: 0.0100, loss: 0.1551, lr: 4.77e-06
     Epoch[5] Iteration[450/620], entropy: 0.1960, uncertainty: 3.5186, uncertainty_coeffi: 0.0100, loss: 0.1087, lr: 4.77e-06
     Epoch[5] Iteration[460/620], entropy: 0.3090, uncertainty: 2.8567, uncertainty_coeffi: 0.0100, loss: 0.1593, lr: 4.77e-06
     Epoch[5] Iteration[470/620], entropy: 0.3186, uncertainty: 3.4526, uncertainty_coeffi: 0.0100, loss: 0.1651, lr: 4.77e-06
     Epoch[5] Iteration[480/620], entropy: 0.2963, uncertainty: 3.0059, uncertainty_coeffi: 0.0100, loss: 0.1550, lr: 4.77e-06
     Epoch[5] Iteration[490/620], entropy: 0.3371, uncertainty: 3.0745, uncertainty_coeffi: 0.0100, loss: 0.1352, lr: 4.77e-06
     Epoch[5] Iteration[500/620], entropy: 0.3294, uncertainty: 3.7751, uncertainty_coeffi: 0.0100, loss: 0.1397, lr: 4.77e-06
     Epoch[5] Iteration[510/620], entropy: 0.3122, uncertainty: 3.3885, uncertainty_coeffi: 0.0100, loss: 0.1375, lr: 4.77e-06
     Epoch[5] Iteration[520/620], entropy: 0.3704, uncertainty: 4.1736, uncertainty_coeffi: 0.0100, loss: 0.1535, lr: 4.77e-06
     Epoch[5] Iteration[530/620], entropy: 0.4097, uncertainty: 3.6631, uncertainty_coeffi: 0.0100, loss: 0.1564, lr: 4.77e-06
     Epoch[5] Iteration[540/620], entropy: 0.2620, uncertainty: 3.9908, uncertainty_coeffi: 0.0100, loss: 0.1163, lr: 4.77e-06
     Epoch[5] Iteration[550/620], entropy: 0.4087, uncertainty: 3.6277, uncertainty_coeffi: 0.0100, loss: 0.1712, lr: 4.77e-06
     Epoch[5] Iteration[560/620], entropy: 0.3253, uncertainty: 2.9009, uncertainty_coeffi: 0.0100, loss: 0.1442, lr: 4.77e-06
     Epoch[5] Iteration[570/620], entropy: 0.2756, uncertainty: 3.3725, uncertainty_coeffi: 0.0100, loss: 0.1411, lr: 4.77e-06
     Epoch[5] Iteration[580/620], entropy: 0.3659, uncertainty: 3.4564, uncertainty_coeffi: 0.0100, loss: 0.1547, lr: 4.77e-06
     Epoch[5] Iteration[590/620], entropy: 0.2429, uncertainty: 3.5424, uncertainty_coeffi: 0.0100, loss: 0.1197, lr: 4.77e-06
     Epoch[5] Iteration[600/620], entropy: 0.4341, uncertainty: 3.9142, uncertainty_coeffi: 0.0100, loss: 0.2029, lr: 4.77e-06
     Epoch[5] Iteration[610/620], entropy: 0.3173, uncertainty: 3.1376, uncertainty_coeffi: 0.0100, loss: 0.1378, lr: 4.77e-06
     Epoch[5] Iteration[620/620], entropy: 0.1784, uncertainty: 2.7223, uncertainty_coeffi: 0.0100, loss: 0.1146, lr: 4.77e-06
     Averaged stats: entropy_avg: 0.3013, uncertainty_avg: 3.2901, uncertainty_coeffi_avg: 0.0100, loss_avg: 0.1425, lr_avg: 4.77e-06
     itm tta time 0:02:12
     Epoch[6] Iteration[10/620], entropy: 0.2938, uncertainty: 2.9074, uncertainty_coeffi: 0.0100, loss: 0.1370, lr: 4.77e-06
     Epoch[6] Iteration[20/620], entropy: 0.3669, uncertainty: 3.8446, uncertainty_coeffi: 0.0100, loss: 0.1268, lr: 4.77e-06
     Epoch[6] Iteration[30/620], entropy: 0.3132, uncertainty: 3.3572, uncertainty_coeffi: 0.0100, loss: 0.1258, lr: 4.77e-06
     Epoch[6] Iteration[40/620], entropy: 0.3668, uncertainty: 3.3621, uncertainty_coeffi: 0.0100, loss: 0.1577, lr: 4.77e-06
     Epoch[6] Iteration[50/620], entropy: 0.3010, uncertainty: 2.7955, uncertainty_coeffi: 0.0100, loss: 0.1686, lr: 4.77e-06
     Epoch[6] Iteration[60/620], entropy: 0.2834, uncertainty: 3.4687, uncertainty_coeffi: 0.0100, loss: 0.1274, lr: 4.77e-06
     Epoch[6] Iteration[70/620], entropy: 0.3350, uncertainty: 3.4086, uncertainty_coeffi: 0.0100, loss: 0.1298, lr: 4.77e-06
     Epoch[6] Iteration[80/620], entropy: 0.3979, uncertainty: 3.2943, uncertainty_coeffi: 0.0100, loss: 0.1876, lr: 4.77e-06
     Epoch[6] Iteration[90/620], entropy: 0.2811, uncertainty: 3.1713, uncertainty_coeffi: 0.0100, loss: 0.1239, lr: 4.77e-06
     Epoch[6] Iteration[100/620], entropy: 0.3666, uncertainty: 3.2474, uncertainty_coeffi: 0.0100, loss: 0.1855, lr: 4.77e-06
     Epoch[6] Iteration[110/620], entropy: 0.3994, uncertainty: 3.3545, uncertainty_coeffi: 0.0100, loss: 0.1821, lr: 4.77e-06
     Epoch[6] Iteration[120/620], entropy: 0.3284, uncertainty: 3.5490, uncertainty_coeffi: 0.0100, loss: 0.1503, lr: 4.77e-06
     Epoch[6] Iteration[130/620], entropy: 0.3494, uncertainty: 3.5797, uncertainty_coeffi: 0.0100, loss: 0.1385, lr: 4.77e-06
     Epoch[6] Iteration[140/620], entropy: 0.1900, uncertainty: 3.1402, uncertainty_coeffi: 0.0100, loss: 0.1091, lr: 4.77e-06
     Epoch[6] Iteration[150/620], entropy: 0.2886, uncertainty: 2.8155, uncertainty_coeffi: 0.0100, loss: 0.1530, lr: 4.77e-06
     Epoch[6] Iteration[160/620], entropy: 0.3782, uncertainty: 2.7971, uncertainty_coeffi: 0.0100, loss: 0.1634, lr: 4.77e-06
     Epoch[6] Iteration[170/620], entropy: 0.2670, uncertainty: 2.8206, uncertainty_coeffi: 0.0100, loss: 0.1613, lr: 4.77e-06
     Epoch[6] Iteration[180/620], entropy: 0.2728, uncertainty: 3.6011, uncertainty_coeffi: 0.0100, loss: 0.1193, lr: 4.77e-06
     Epoch[6] Iteration[190/620], entropy: 0.3744, uncertainty: 3.3208, uncertainty_coeffi: 0.0100, loss: 0.1574, lr: 4.77e-06
     Epoch[6] Iteration[200/620], entropy: 0.3986, uncertainty: 3.4758, uncertainty_coeffi: 0.0100, loss: 0.1810, lr: 4.77e-06
     Epoch[6] Iteration[210/620], entropy: 0.2804, uncertainty: 3.0531, uncertainty_coeffi: 0.0100, loss: 0.1518, lr: 4.77e-06
     Epoch[6] Iteration[220/620], entropy: 0.2112, uncertainty: 3.1775, uncertainty_coeffi: 0.0100, loss: 0.1196, lr: 4.77e-06
     Epoch[6] Iteration[230/620], entropy: 0.3412, uncertainty: 3.4871, uncertainty_coeffi: 0.0100, loss: 0.1402, lr: 4.77e-06
     Epoch[6] Iteration[240/620], entropy: 0.4204, uncertainty: 3.2432, uncertainty_coeffi: 0.0100, loss: 0.1835, lr: 4.77e-06
     Epoch[6] Iteration[250/620], entropy: 0.3724, uncertainty: 3.2651, uncertainty_coeffi: 0.0100, loss: 0.1794, lr: 4.77e-06
     Epoch[6] Iteration[260/620], entropy: 0.2445, uncertainty: 3.1735, uncertainty_coeffi: 0.0100, loss: 0.1309, lr: 4.77e-06
     Epoch[6] Iteration[270/620], entropy: 0.3946, uncertainty: 3.3286, uncertainty_coeffi: 0.0100, loss: 0.1596, lr: 4.77e-06
     Epoch[6] Iteration[280/620], entropy: 0.3200, uncertainty: 3.4435, uncertainty_coeffi: 0.0100, loss: 0.1471, lr: 4.77e-06
     Epoch[6] Iteration[290/620], entropy: 0.2392, uncertainty: 3.3041, uncertainty_coeffi: 0.0100, loss: 0.1354, lr: 1.73e-05
     Epoch[6] Iteration[300/620], entropy: 0.2739, uncertainty: 3.6263, uncertainty_coeffi: 0.0100, loss: 0.1333, lr: 1.73e-05
     Epoch[6] Iteration[310/620], entropy: 0.2577, uncertainty: 3.5179, uncertainty_coeffi: 0.0100, loss: 0.1141, lr: 1.73e-05
     Epoch[6] Iteration[320/620], entropy: 0.2718, uncertainty: 3.3993, uncertainty_coeffi: 0.0100, loss: 0.1217, lr: 1.73e-05
     Epoch[6] Iteration[330/620], entropy: 0.2581, uncertainty: 2.8280, uncertainty_coeffi: 0.0100, loss: 0.1355, lr: 1.73e-05
     Epoch[6] Iteration[340/620], entropy: 0.2598, uncertainty: 3.2815, uncertainty_coeffi: 0.0100, loss: 0.1261, lr: 1.73e-05
     Epoch[6] Iteration[350/620], entropy: 0.1957, uncertainty: 2.6905, uncertainty_coeffi: 0.0100, loss: 0.1113, lr: 1.73e-05
     Epoch[6] Iteration[360/620], entropy: 0.2556, uncertainty: 2.9937, uncertainty_coeffi: 0.0100, loss: 0.1519, lr: 1.73e-05
     Epoch[6] Iteration[370/620], entropy: 0.2048, uncertainty: 3.3793, uncertainty_coeffi: 0.0100, loss: 0.0988, lr: 1.73e-05
     Epoch[6] Iteration[380/620], entropy: 0.2189, uncertainty: 2.6508, uncertainty_coeffi: 0.0100, loss: 0.1145, lr: 1.73e-05
     Epoch[6] Iteration[390/620], entropy: 0.3476, uncertainty: 2.9205, uncertainty_coeffi: 0.0100, loss: 0.1570, lr: 1.73e-05
     Epoch[6] Iteration[400/620], entropy: 0.2608, uncertainty: 3.4661, uncertainty_coeffi: 0.0100, loss: 0.1302, lr: 1.73e-05
     Epoch[6] Iteration[410/620], entropy: 0.2703, uncertainty: 3.0158, uncertainty_coeffi: 0.0100, loss: 0.1452, lr: 1.73e-05
     Epoch[6] Iteration[420/620], entropy: 0.2578, uncertainty: 3.1062, uncertainty_coeffi: 0.0100, loss: 0.1413, lr: 1.73e-05
     Epoch[6] Iteration[430/620], entropy: 0.2352, uncertainty: 3.3538, uncertainty_coeffi: 0.0100, loss: 0.1094, lr: 1.73e-05
     Epoch[6] Iteration[440/620], entropy: 0.2994, uncertainty: 3.4086, uncertainty_coeffi: 0.0100, loss: 0.1466, lr: 1.73e-05
     Epoch[6] Iteration[450/620], entropy: 0.3216, uncertainty: 3.1897, uncertainty_coeffi: 0.0100, loss: 0.1425, lr: 1.73e-05
     Epoch[6] Iteration[460/620], entropy: 0.2013, uncertainty: 3.1910, uncertainty_coeffi: 0.0100, loss: 0.1131, lr: 1.73e-05
     Epoch[6] Iteration[470/620], entropy: 0.3161, uncertainty: 2.9145, uncertainty_coeffi: 0.0100, loss: 0.1674, lr: 1.73e-05
     Epoch[6] Iteration[480/620], entropy: 0.3519, uncertainty: 3.6711, uncertainty_coeffi: 0.0100, loss: 0.1472, lr: 1.73e-05
     Epoch[6] Iteration[490/620], entropy: 0.3098, uncertainty: 3.4396, uncertainty_coeffi: 0.0100, loss: 0.1408, lr: 1.73e-05
     Epoch[6] Iteration[500/620], entropy: 0.3367, uncertainty: 3.2697, uncertainty_coeffi: 0.0100, loss: 0.1903, lr: 1.73e-05
     Epoch[6] Iteration[510/620], entropy: 0.2513, uncertainty: 3.1524, uncertainty_coeffi: 0.0100, loss: 0.1194, lr: 1.73e-05
     Epoch[6] Iteration[520/620], entropy: 0.3118, uncertainty: 3.1720, uncertainty_coeffi: 0.0100, loss: 0.1694, lr: 1.73e-05
     Epoch[6] Iteration[530/620], entropy: 0.2173, uncertainty: 3.0222, uncertainty_coeffi: 0.0100, loss: 0.1130, lr: 1.73e-05
     Epoch[6] Iteration[540/620], entropy: 0.3403, uncertainty: 3.3846, uncertainty_coeffi: 0.0100, loss: 0.1381, lr: 1.73e-05
     Epoch[6] Iteration[550/620], entropy: 0.2015, uncertainty: 3.2602, uncertainty_coeffi: 0.0100, loss: 0.1117, lr: 1.73e-05
     Epoch[6] Iteration[560/620], entropy: 0.3182, uncertainty: 3.1804, uncertainty_coeffi: 0.0100, loss: 0.1621, lr: 1.73e-05
     Epoch[6] Iteration[570/620], entropy: 0.2626, uncertainty: 2.9256, uncertainty_coeffi: 0.0100, loss: 0.1279, lr: 1.73e-05
     Epoch[6] Iteration[580/620], entropy: 0.3786, uncertainty: 3.3834, uncertainty_coeffi: 0.0100, loss: 0.1747, lr: 1.73e-05
     Epoch[6] Iteration[590/620], entropy: 0.3003, uncertainty: 3.4328, uncertainty_coeffi: 0.0100, loss: 0.1376, lr: 1.73e-05
     Epoch[6] Iteration[600/620], entropy: 0.3323, uncertainty: 3.4882, uncertainty_coeffi: 0.0100, loss: 0.1560, lr: 1.73e-05
     Epoch[6] Iteration[610/620], entropy: 0.2640, uncertainty: 3.5218, uncertainty_coeffi: 0.0100, loss: 0.1292, lr: 1.73e-05
     Epoch[6] Iteration[620/620], entropy: 0.3242, uncertainty: 3.0339, uncertainty_coeffi: 0.0100, loss: 0.2067, lr: 1.73e-05
     Averaged stats: entropy_avg: 0.2997, uncertainty_avg: 3.2429, uncertainty_coeffi_avg: 0.0100, loss_avg: 0.1438, lr_avg: 1.16e-05
     itm tta time 0:02:11
     Epoch[7] Iteration[10/620], entropy: 0.3738, uncertainty: 3.5215, uncertainty_coeffi: 0.0100, loss: 0.1906, lr: 1.73e-05
     Epoch[7] Iteration[20/620], entropy: 0.3183, uncertainty: 3.5501, uncertainty_coeffi: 0.0100, loss: 0.1318, lr: 1.73e-05
     Epoch[7] Iteration[30/620], entropy: 0.2855, uncertainty: 3.4347, uncertainty_coeffi: 0.0100, loss: 0.1227, lr: 1.73e-05
     Epoch[7] Iteration[40/620], entropy: 0.2902, uncertainty: 2.8566, uncertainty_coeffi: 0.0100, loss: 0.1429, lr: 1.73e-05
     Epoch[7] Iteration[50/620], entropy: 0.2802, uncertainty: 2.9770, uncertainty_coeffi: 0.0100, loss: 0.1397, lr: 1.73e-05
     Epoch[7] Iteration[60/620], entropy: 0.1915, uncertainty: 3.1148, uncertainty_coeffi: 0.0100, loss: 0.1007, lr: 1.73e-05
     Epoch[7] Iteration[70/620], entropy: 0.3049, uncertainty: 3.1403, uncertainty_coeffi: 0.0100, loss: 0.1416, lr: 1.73e-05
     Epoch[7] Iteration[80/620], entropy: 0.2170, uncertainty: 3.6848, uncertainty_coeffi: 0.0100, loss: 0.1021, lr: 1.73e-05
     Epoch[7] Iteration[90/620], entropy: 0.2454, uncertainty: 3.2347, uncertainty_coeffi: 0.0100, loss: 0.1283, lr: 1.73e-05
     Epoch[7] Iteration[100/620], entropy: 0.2551, uncertainty: 3.2992, uncertainty_coeffi: 0.0100, loss: 0.1024, lr: 1.73e-05
     Epoch[7] Iteration[110/620], entropy: 0.1785, uncertainty: 2.6525, uncertainty_coeffi: 0.0100, loss: 0.1077, lr: 1.73e-05
     Epoch[7] Iteration[120/620], entropy: 0.2966, uncertainty: 2.9554, uncertainty_coeffi: 0.0100, loss: 0.1532, lr: 1.73e-05
     Epoch[7] Iteration[130/620], entropy: 0.2228, uncertainty: 2.4722, uncertainty_coeffi: 0.0100, loss: 0.1357, lr: 1.73e-05
     Epoch[7] Iteration[140/620], entropy: 0.2096, uncertainty: 3.0945, uncertainty_coeffi: 0.0100, loss: 0.1173, lr: 1.73e-05
     Epoch[7] Iteration[150/620], entropy: 0.3083, uncertainty: 3.0561, uncertainty_coeffi: 0.0100, loss: 0.1345, lr: 1.73e-05
     Epoch[7] Iteration[160/620], entropy: 0.2935, uncertainty: 3.0200, uncertainty_coeffi: 0.0100, loss: 0.1499, lr: 1.73e-05
     Epoch[7] Iteration[170/620], entropy: 0.2983, uncertainty: 3.3843, uncertainty_coeffi: 0.0100, loss: 0.1345, lr: 1.73e-05
     Epoch[7] Iteration[180/620], entropy: 0.3073, uncertainty: 2.9445, uncertainty_coeffi: 0.0100, loss: 0.1732, lr: 1.73e-05
     Epoch[7] Iteration[190/620], entropy: 0.3522, uncertainty: 3.6382, uncertainty_coeffi: 0.0100, loss: 0.1677, lr: 1.73e-05
     Epoch[7] Iteration[200/620], entropy: 0.2918, uncertainty: 2.8326, uncertainty_coeffi: 0.0100, loss: 0.1518, lr: 1.73e-05
     Epoch[7] Iteration[210/620], entropy: 0.3221, uncertainty: 3.3464, uncertainty_coeffi: 0.0100, loss: 0.1324, lr: 1.73e-05
     Epoch[7] Iteration[220/620], entropy: 0.2468, uncertainty: 2.9061, uncertainty_coeffi: 0.0100, loss: 0.1163, lr: 1.73e-05
     Epoch[7] Iteration[230/620], entropy: 0.3909, uncertainty: 3.5835, uncertainty_coeffi: 0.0100, loss: 0.1856, lr: 1.73e-05
     Epoch[7] Iteration[240/620], entropy: 0.2984, uncertainty: 3.0153, uncertainty_coeffi: 0.0100, loss: 0.1151, lr: 1.73e-05
     Epoch[7] Iteration[250/620], entropy: 0.3096, uncertainty: 3.4736, uncertainty_coeffi: 0.0100, loss: 0.1476, lr: 1.73e-05
     Epoch[7] Iteration[260/620], entropy: 0.3051, uncertainty: 3.5374, uncertainty_coeffi: 0.0100, loss: 0.1287, lr: 1.73e-05
     Epoch[7] Iteration[270/620], entropy: 0.3213, uncertainty: 2.9315, uncertainty_coeffi: 0.0100, loss: 0.1374, lr: 1.73e-05
     Epoch[7] Iteration[280/620], entropy: 0.2543, uncertainty: 2.6437, uncertainty_coeffi: 0.0100, loss: 0.1350, lr: 1.73e-05
     Epoch[7] Iteration[290/620], entropy: 0.2786, uncertainty: 3.0448, uncertainty_coeffi: 0.0100, loss: 0.1214, lr: 1.73e-05
     Epoch[7] Iteration[300/620], entropy: 0.3771, uncertainty: 3.2064, uncertainty_coeffi: 0.0100, loss: 0.1631, lr: 1.73e-05
     Epoch[7] Iteration[310/620], entropy: 0.2623, uncertainty: 3.6135, uncertainty_coeffi: 0.0100, loss: 0.1117, lr: 1.73e-05
     Epoch[7] Iteration[320/620], entropy: 0.3185, uncertainty: 3.2295, uncertainty_coeffi: 0.0100, loss: 0.1519, lr: 1.73e-05
     Epoch[7] Iteration[330/620], entropy: 0.3390, uncertainty: 3.2343, uncertainty_coeffi: 0.0100, loss: 0.1593, lr: 1.73e-05
     Epoch[7] Iteration[340/620], entropy: 0.4427, uncertainty: 3.5938, uncertainty_coeffi: 0.0100, loss: 0.1935, lr: 1.73e-05
     Epoch[7] Iteration[350/620], entropy: 0.2914, uncertainty: 3.5602, uncertainty_coeffi: 0.0100, loss: 0.1237, lr: 1.73e-05
     Epoch[7] Iteration[360/620], entropy: 0.1863, uncertainty: 3.2745, uncertainty_coeffi: 0.0100, loss: 0.0921, lr: 1.73e-05
     Epoch[7] Iteration[370/620], entropy: 0.2469, uncertainty: 3.1235, uncertainty_coeffi: 0.0100, loss: 0.1614, lr: 1.73e-05
     Epoch[7] Iteration[380/620], entropy: 0.2388, uncertainty: 2.9223, uncertainty_coeffi: 0.0100, loss: 0.1426, lr: 1.73e-05
     Epoch[7] Iteration[390/620], entropy: 0.3424, uncertainty: 3.7454, uncertainty_coeffi: 0.0100, loss: 0.1668, lr: 1.73e-05
     Epoch[7] Iteration[400/620], entropy: 0.2576, uncertainty: 3.0287, uncertainty_coeffi: 0.0100, loss: 0.1247, lr: 1.73e-05
     Epoch[7] Iteration[410/620], entropy: 0.4069, uncertainty: 3.7482, uncertainty_coeffi: 0.0100, loss: 0.1983, lr: 1.73e-05
     Epoch[7] Iteration[420/620], entropy: 0.3622, uncertainty: 3.1940, uncertainty_coeffi: 0.0100, loss: 0.1745, lr: 1.73e-05
     Epoch[7] Iteration[430/620], entropy: 0.3302, uncertainty: 3.9102, uncertainty_coeffi: 0.0100, loss: 0.1480, lr: 1.73e-05
     Epoch[7] Iteration[440/620], entropy: 0.2559, uncertainty: 3.1471, uncertainty_coeffi: 0.0100, loss: 0.1365, lr: 1.73e-05
     Epoch[7] Iteration[450/620], entropy: 0.2674, uncertainty: 3.3755, uncertainty_coeffi: 0.0100, loss: 0.1228, lr: 1.73e-05
     Epoch[7] Iteration[460/620], entropy: 0.2168, uncertainty: 3.0416, uncertainty_coeffi: 0.0100, loss: 0.1022, lr: 1.73e-05
     Epoch[7] Iteration[470/620], entropy: 0.4502, uncertainty: 3.8461, uncertainty_coeffi: 0.0100, loss: 0.1682, lr: 1.73e-05
     Epoch[7] Iteration[480/620], entropy: 0.3256, uncertainty: 3.7576, uncertainty_coeffi: 0.0100, loss: 0.1353, lr: 1.73e-05
     Epoch[7] Iteration[490/620], entropy: 0.3543, uncertainty: 3.6397, uncertainty_coeffi: 0.0100, loss: 0.1468, lr: 1.73e-05
     Epoch[7] Iteration[500/620], entropy: 0.2654, uncertainty: 3.2941, uncertainty_coeffi: 0.0100, loss: 0.1334, lr: 1.73e-05
     Epoch[7] Iteration[510/620], entropy: 0.3489, uncertainty: 3.3974, uncertainty_coeffi: 0.0100, loss: 0.1733, lr: 1.73e-05
     Epoch[7] Iteration[520/620], entropy: 0.2789, uncertainty: 3.6062, uncertainty_coeffi: 0.0100, loss: 0.1171, lr: 1.73e-05
     Epoch[7] Iteration[530/620], entropy: 0.3044, uncertainty: 3.5034, uncertainty_coeffi: 0.0100, loss: 0.1237, lr: 1.73e-05
     Epoch[7] Iteration[540/620], entropy: 0.3248, uncertainty: 3.4437, uncertainty_coeffi: 0.0100, loss: 0.1484, lr: 1.73e-05
     Epoch[7] Iteration[550/620], entropy: 0.3122, uncertainty: 3.1786, uncertainty_coeffi: 0.0100, loss: 0.1339, lr: 1.73e-05
     Epoch[7] Iteration[560/620], entropy: 0.2409, uncertainty: 2.8792, uncertainty_coeffi: 0.0100, loss: 0.1312, lr: 1.73e-05
     Epoch[7] Iteration[570/620], entropy: 0.3062, uncertainty: 3.6629, uncertainty_coeffi: 0.0100, loss: 0.1388, lr: 1.73e-05
     Epoch[7] Iteration[580/620], entropy: 0.3674, uncertainty: 3.5298, uncertainty_coeffi: 0.0100, loss: 0.1670, lr: 1.73e-05
     Epoch[7] Iteration[590/620], entropy: 0.3191, uncertainty: 3.2123, uncertainty_coeffi: 0.0100, loss: 0.1479, lr: 1.73e-05
     Epoch[7] Iteration[600/620], entropy: 0.3287, uncertainty: 3.4946, uncertainty_coeffi: 0.0100, loss: 0.1422, lr: 1.73e-05
     Epoch[7] Iteration[610/620], entropy: 0.2408, uncertainty: 3.4313, uncertainty_coeffi: 0.0100, loss: 0.1064, lr: 1.73e-05
     Epoch[7] Iteration[620/620], entropy: 0.3300, uncertainty: 3.6816, uncertainty_coeffi: 0.0100, loss: 0.1162, lr: 1.73e-05
     Averaged stats: entropy_avg: 0.2982, uncertainty_avg: 3.2880, uncertainty_coeffi_avg: 0.0100, loss_avg: 0.1395, lr_avg: 1.73e-05
     itm tta time 0:02:13
     Epoch[8] Iteration[10/620], entropy: 0.4436, uncertainty: 3.7269, uncertainty_coeffi: 0.0100, loss: 0.1683, lr: 1.73e-05
     Epoch[8] Iteration[20/620], entropy: 0.3519, uncertainty: 3.2178, uncertainty_coeffi: 0.0100, loss: 0.1682, lr: 1.73e-05
     Epoch[8] Iteration[30/620], entropy: 0.3385, uncertainty: 3.1312, uncertainty_coeffi: 0.0100, loss: 0.1478, lr: 1.73e-05
     Epoch[8] Iteration[40/620], entropy: 0.2709, uncertainty: 2.8735, uncertainty_coeffi: 0.0100, loss: 0.1236, lr: 1.73e-05
     Epoch[8] Iteration[50/620], entropy: 0.2766, uncertainty: 2.8102, uncertainty_coeffi: 0.0100, loss: 0.1526, lr: 1.73e-05
     Epoch[8] Iteration[60/620], entropy: 0.3171, uncertainty: 3.0870, uncertainty_coeffi: 0.0100, loss: 0.1321, lr: 1.73e-05
     Epoch[8] Iteration[70/620], entropy: 0.2913, uncertainty: 3.6073, uncertainty_coeffi: 0.0100, loss: 0.1443, lr: 1.73e-05
     Epoch[8] Iteration[80/620], entropy: 0.2956, uncertainty: 3.2184, uncertainty_coeffi: 0.0100, loss: 0.1534, lr: 1.73e-05
     Epoch[8] Iteration[90/620], entropy: 0.2834, uncertainty: 2.9695, uncertainty_coeffi: 0.0100, loss: 0.1703, lr: 1.73e-05
     Epoch[8] Iteration[100/620], entropy: 0.3421, uncertainty: 2.7614, uncertainty_coeffi: 0.0100, loss: 0.1716, lr: 1.73e-05
     Epoch[8] Iteration[110/620], entropy: 0.3534, uncertainty: 3.3210, uncertainty_coeffi: 0.0100, loss: 0.1517, lr: 1.73e-05
     Epoch[8] Iteration[120/620], entropy: 0.2486, uncertainty: 2.6001, uncertainty_coeffi: 0.0100, loss: 0.1253, lr: 1.73e-05
     Epoch[8] Iteration[130/620], entropy: 0.2783, uncertainty: 3.3683, uncertainty_coeffi: 0.0100, loss: 0.1494, lr: 1.73e-05
     Epoch[8] Iteration[140/620], entropy: 0.2546, uncertainty: 3.1464, uncertainty_coeffi: 0.0100, loss: 0.1242, lr: 1.73e-05
     Epoch[8] Iteration[150/620], entropy: 0.4158, uncertainty: 3.6373, uncertainty_coeffi: 0.0100, loss: 0.1775, lr: 1.73e-05
     Epoch[8] Iteration[160/620], entropy: 0.2832, uncertainty: 3.1526, uncertainty_coeffi: 0.0100, loss: 0.1369, lr: 1.73e-05
     Epoch[8] Iteration[170/620], entropy: 0.2511, uncertainty: 3.1223, uncertainty_coeffi: 0.0100, loss: 0.1368, lr: 1.73e-05
     Epoch[8] Iteration[180/620], entropy: 0.3172, uncertainty: 3.6657, uncertainty_coeffi: 0.0100, loss: 0.1300, lr: 1.73e-05
     Epoch[8] Iteration[190/620], entropy: 0.2446, uncertainty: 3.3127, uncertainty_coeffi: 0.0100, loss: 0.1122, lr: 1.73e-05
     Epoch[8] Iteration[200/620], entropy: 0.2731, uncertainty: 3.5248, uncertainty_coeffi: 0.0100, loss: 0.1276, lr: 1.73e-05
     Epoch[8] Iteration[210/620], entropy: 0.3587, uncertainty: 3.4781, uncertainty_coeffi: 0.0100, loss: 0.1675, lr: 1.73e-05
     Epoch[8] Iteration[220/620], entropy: 0.2630, uncertainty: 2.9861, uncertainty_coeffi: 0.0100, loss: 0.1338, lr: 1.73e-05
     Epoch[8] Iteration[230/620], entropy: 0.3464, uncertainty: 2.9525, uncertainty_coeffi: 0.0100, loss: 0.1752, lr: 1.73e-05
     Epoch[8] Iteration[240/620], entropy: 0.2994, uncertainty: 3.6371, uncertainty_coeffi: 0.0100, loss: 0.1457, lr: 1.73e-05
     Epoch[8] Iteration[250/620], entropy: 0.2896, uncertainty: 3.2450, uncertainty_coeffi: 0.0100, loss: 0.1349, lr: 1.73e-05
     Epoch[8] Iteration[260/620], entropy: 0.3003, uncertainty: 2.9602, uncertainty_coeffi: 0.0100, loss: 0.1470, lr: 1.73e-05
     Epoch[8] Iteration[270/620], entropy: 0.2381, uncertainty: 3.1132, uncertainty_coeffi: 0.0100, loss: 0.1202, lr: 1.73e-05
     Epoch[8] Iteration[280/620], entropy: 0.2389, uncertainty: 3.3149, uncertainty_coeffi: 0.0100, loss: 0.1263, lr: 1.73e-05
     Epoch[8] Iteration[290/620], entropy: 0.3900, uncertainty: 2.9266, uncertainty_coeffi: 0.0100, loss: 0.1849, lr: 1.73e-05
     Epoch[8] Iteration[300/620], entropy: 0.2633, uncertainty: 3.4419, uncertainty_coeffi: 0.0100, loss: 0.1118, lr: 1.73e-05
     Epoch[8] Iteration[310/620], entropy: 0.3558, uncertainty: 2.8883, uncertainty_coeffi: 0.0100, loss: 0.2110, lr: 1.73e-05
     Epoch[8] Iteration[320/620], entropy: 0.3725, uncertainty: 3.5280, uncertainty_coeffi: 0.0100, loss: 0.1525, lr: 1.73e-05
     Epoch[8] Iteration[330/620], entropy: 0.1590, uncertainty: 2.0886, uncertainty_coeffi: 0.0100, loss: 0.1118, lr: 1.73e-05
     Epoch[8] Iteration[340/620], entropy: 0.3291, uncertainty: 3.5550, uncertainty_coeffi: 0.0100, loss: 0.1332, lr: 1.73e-05
     Epoch[8] Iteration[350/620], entropy: 0.2619, uncertainty: 3.4016, uncertainty_coeffi: 0.0100, loss: 0.1201, lr: 1.73e-05
     Epoch[8] Iteration[360/620], entropy: 0.3051, uncertainty: 3.5495, uncertainty_coeffi: 0.0100, loss: 0.1488, lr: 1.73e-05
     Epoch[8] Iteration[370/620], entropy: 0.2463, uncertainty: 3.2184, uncertainty_coeffi: 0.0100, loss: 0.1377, lr: 1.73e-05
     Epoch[8] Iteration[380/620], entropy: 0.3543, uncertainty: 3.3368, uncertainty_coeffi: 0.0100, loss: 0.1689, lr: 1.73e-05
     Epoch[8] Iteration[390/620], entropy: 0.4153, uncertainty: 3.7342, uncertainty_coeffi: 0.0100, loss: 0.2009, lr: 1.73e-05
     Epoch[8] Iteration[400/620], entropy: 0.3170, uncertainty: 3.1464, uncertainty_coeffi: 0.0100, loss: 0.1385, lr: 1.73e-05
     Epoch[8] Iteration[410/620], entropy: 0.2996, uncertainty: 3.0872, uncertainty_coeffi: 0.0100, loss: 0.1560, lr: 1.73e-05
     Epoch[8] Iteration[420/620], entropy: 0.2286, uncertainty: 2.6203, uncertainty_coeffi: 0.0100, loss: 0.1265, lr: 1.73e-05
     Epoch[8] Iteration[430/620], entropy: 0.3416, uncertainty: 3.3539, uncertainty_coeffi: 0.0100, loss: 0.1537, lr: 1.73e-05
     Epoch[8] Iteration[440/620], entropy: 0.3169, uncertainty: 3.4123, uncertainty_coeffi: 0.0100, loss: 0.1365, lr: 1.73e-05
     Epoch[8] Iteration[450/620], entropy: 0.3023, uncertainty: 3.6750, uncertainty_coeffi: 0.0100, loss: 0.1251, lr: 1.73e-05
     Epoch[8] Iteration[460/620], entropy: 0.3851, uncertainty: 2.8568, uncertainty_coeffi: 0.0100, loss: 0.1804, lr: 1.73e-05
     Epoch[8] Iteration[470/620], entropy: 0.2670, uncertainty: 2.8334, uncertainty_coeffi: 0.0100, loss: 0.1493, lr: 1.73e-05
     Epoch[8] Iteration[480/620], entropy: 0.3096, uncertainty: 3.3065, uncertainty_coeffi: 0.0100, loss: 0.1451, lr: 1.73e-05
     Epoch[8] Iteration[490/620], entropy: 0.3906, uncertainty: 2.9828, uncertainty_coeffi: 0.0100, loss: 0.1930, lr: 1.73e-05
     Epoch[8] Iteration[500/620], entropy: 0.2894, uncertainty: 3.0471, uncertainty_coeffi: 0.0100, loss: 0.1776, lr: 1.73e-05
     Epoch[8] Iteration[510/620], entropy: 0.2435, uncertainty: 2.8046, uncertainty_coeffi: 0.0100, loss: 0.1244, lr: 1.73e-05
     Epoch[8] Iteration[520/620], entropy: 0.1705, uncertainty: 2.8396, uncertainty_coeffi: 0.0100, loss: 0.0953, lr: 1.73e-05
     Epoch[8] Iteration[530/620], entropy: 0.4122, uncertainty: 3.5061, uncertainty_coeffi: 0.0100, loss: 0.1612, lr: 1.73e-05
     Epoch[8] Iteration[540/620], entropy: 0.3044, uncertainty: 2.8978, uncertainty_coeffi: 0.0100, loss: 0.1668, lr: 1.73e-05
     Epoch[8] Iteration[550/620], entropy: 0.2332, uncertainty: 3.3638, uncertainty_coeffi: 0.0100, loss: 0.1147, lr: 1.73e-05
     Epoch[8] Iteration[560/620], entropy: 0.3132, uncertainty: 3.3206, uncertainty_coeffi: 0.0100, loss: 0.1577, lr: 1.73e-05
     Epoch[8] Iteration[570/620], entropy: 0.3291, uncertainty: 3.2450, uncertainty_coeffi: 0.0100, loss: 0.1583, lr: 1.73e-05
     Epoch[8] Iteration[580/620], entropy: 0.2791, uncertainty: 3.1195, uncertainty_coeffi: 0.0100, loss: 0.1352, lr: 1.73e-05
     Epoch[8] Iteration[590/620], entropy: 0.3267, uncertainty: 3.3635, uncertainty_coeffi: 0.0100, loss: 0.1678, lr: 1.73e-05
     Epoch[8] Iteration[600/620], entropy: 0.2116, uncertainty: 3.3149, uncertainty_coeffi: 0.0100, loss: 0.0990, lr: 1.73e-05
     Epoch[8] Iteration[610/620], entropy: 0.3055, uncertainty: 4.0210, uncertainty_coeffi: 0.0100, loss: 0.1360, lr: 1.73e-05
     Epoch[8] Iteration[620/620], entropy: 0.2566, uncertainty: 3.7865, uncertainty_coeffi: 0.0100, loss: 0.1170, lr: 1.73e-05
     Averaged stats: entropy_avg: 0.3024, uncertainty_avg: 3.2180, uncertainty_coeffi_avg: 0.0100, loss_avg: 0.1460, lr_avg: 1.73e-05
     itm tta time 0:02:13
     Epoch[9] Iteration[10/620], entropy: 0.2201, uncertainty: 3.2114, uncertainty_coeffi: 0.0100, loss: 0.1226, lr: 1.73e-05
     Epoch[9] Iteration[20/620], entropy: 0.2466, uncertainty: 3.5654, uncertainty_coeffi: 0.0100, loss: 0.1004, lr: 1.73e-05
     Epoch[9] Iteration[30/620], entropy: 0.2343, uncertainty: 3.7711, uncertainty_coeffi: 0.0100, loss: 0.1050, lr: 1.73e-05
     Epoch[9] Iteration[40/620], entropy: 0.2109, uncertainty: 3.2696, uncertainty_coeffi: 0.0100, loss: 0.1039, lr: 1.73e-05
     Epoch[9] Iteration[50/620], entropy: 0.2783, uncertainty: 2.9433, uncertainty_coeffi: 0.0100, loss: 0.1425, lr: 1.73e-05
     Epoch[9] Iteration[60/620], entropy: 0.4275, uncertainty: 3.2972, uncertainty_coeffi: 0.0100, loss: 0.1913, lr: 1.73e-05
     Epoch[9] Iteration[70/620], entropy: 0.2334, uncertainty: 3.6071, uncertainty_coeffi: 0.0100, loss: 0.0938, lr: 1.73e-05
     Epoch[9] Iteration[80/620], entropy: 0.2387, uncertainty: 3.8820, uncertainty_coeffi: 0.0100, loss: 0.1065, lr: 1.73e-05
     Epoch[9] Iteration[90/620], entropy: 0.2687, uncertainty: 3.1318, uncertainty_coeffi: 0.0100, loss: 0.1441, lr: 1.73e-05
     Epoch[9] Iteration[100/620], entropy: 0.2666, uncertainty: 3.4288, uncertainty_coeffi: 0.0100, loss: 0.1362, lr: 1.73e-05
     Epoch[9] Iteration[110/620], entropy: 0.3930, uncertainty: 3.0367, uncertainty_coeffi: 0.0100, loss: 0.1950, lr: 1.73e-05
     Epoch[9] Iteration[120/620], entropy: 0.3594, uncertainty: 3.4175, uncertainty_coeffi: 0.0100, loss: 0.1555, lr: 1.73e-05
     Epoch[9] Iteration[130/620], entropy: 0.3362, uncertainty: 3.6317, uncertainty_coeffi: 0.0100, loss: 0.1323, lr: 1.73e-05
     Epoch[9] Iteration[140/620], entropy: 0.2519, uncertainty: 3.4616, uncertainty_coeffi: 0.0100, loss: 0.1209, lr: 1.73e-05
     Epoch[9] Iteration[150/620], entropy: 0.3209, uncertainty: 3.6780, uncertainty_coeffi: 0.0100, loss: 0.1392, lr: 1.73e-05
     Epoch[9] Iteration[160/620], entropy: 0.2997, uncertainty: 3.2087, uncertainty_coeffi: 0.0100, loss: 0.1442, lr: 1.73e-05
     Epoch[9] Iteration[170/620], entropy: 0.2963, uncertainty: 3.2470, uncertainty_coeffi: 0.0100, loss: 0.1357, lr: 1.73e-05
     Epoch[9] Iteration[180/620], entropy: 0.2791, uncertainty: 2.1941, uncertainty_coeffi: 0.0100, loss: 0.1803, lr: 1.73e-05
     Epoch[9] Iteration[190/620], entropy: 0.2895, uncertainty: 3.4028, uncertainty_coeffi: 0.0100, loss: 0.1455, lr: 1.73e-05
     Epoch[9] Iteration[200/620], entropy: 0.3076, uncertainty: 3.2173, uncertainty_coeffi: 0.0100, loss: 0.1656, lr: 1.73e-05
     Epoch[9] Iteration[210/620], entropy: 0.1965, uncertainty: 2.7245, uncertainty_coeffi: 0.0100, loss: 0.1149, lr: 1.73e-05
     Epoch[9] Iteration[220/620], entropy: 0.2942, uncertainty: 3.3302, uncertainty_coeffi: 0.0100, loss: 0.1314, lr: 1.73e-05
     Epoch[9] Iteration[230/620], entropy: 0.2883, uncertainty: 3.2821, uncertainty_coeffi: 0.0100, loss: 0.1175, lr: 1.73e-05
     Epoch[9] Iteration[240/620], entropy: 0.2291, uncertainty: 3.2653, uncertainty_coeffi: 0.0100, loss: 0.1150, lr: 1.73e-05
     Epoch[9] Iteration[250/620], entropy: 0.3134, uncertainty: 3.2875, uncertainty_coeffi: 0.0100, loss: 0.1774, lr: 1.73e-05
     Epoch[9] Iteration[260/620], entropy: 0.3321, uncertainty: 3.5849, uncertainty_coeffi: 0.0100, loss: 0.1479, lr: 1.73e-05
     Epoch[9] Iteration[270/620], entropy: 0.2978, uncertainty: 3.4850, uncertainty_coeffi: 0.0100, loss: 0.1347, lr: 1.73e-05
     Epoch[9] Iteration[280/620], entropy: 0.2998, uncertainty: 3.1002, uncertainty_coeffi: 0.0100, loss: 0.1627, lr: 1.73e-05
     Epoch[9] Iteration[290/620], entropy: 0.3037, uncertainty: 3.5582, uncertainty_coeffi: 0.0100, loss: 0.1574, lr: 1.73e-05
     Epoch[9] Iteration[300/620], entropy: 0.2696, uncertainty: 2.7911, uncertainty_coeffi: 0.0100, loss: 0.1366, lr: 1.73e-05
     Epoch[9] Iteration[310/620], entropy: 0.1893, uncertainty: 3.1376, uncertainty_coeffi: 0.0100, loss: 0.1263, lr: 1.73e-05
     Epoch[9] Iteration[320/620], entropy: 0.3044, uncertainty: 3.1466, uncertainty_coeffi: 0.0100, loss: 0.1535, lr: 1.73e-05
     Epoch[9] Iteration[330/620], entropy: 0.2757, uncertainty: 3.4291, uncertainty_coeffi: 0.0100, loss: 0.1223, lr: 1.73e-05
     Epoch[9] Iteration[340/620], entropy: 0.3463, uncertainty: 3.4837, uncertainty_coeffi: 0.0100, loss: 0.1497, lr: 1.73e-05
     Epoch[9] Iteration[350/620], entropy: 0.2373, uncertainty: 3.3630, uncertainty_coeffi: 0.0100, loss: 0.1137, lr: 1.73e-05
     Epoch[9] Iteration[360/620], entropy: 0.3051, uncertainty: 3.6097, uncertainty_coeffi: 0.0100, loss: 0.1586, lr: 1.73e-05
     Epoch[9] Iteration[370/620], entropy: 0.2897, uncertainty: 3.2714, uncertainty_coeffi: 0.0100, loss: 0.1536, lr: 1.73e-05
     Epoch[9] Iteration[380/620], entropy: 0.3318, uncertainty: 3.1810, uncertainty_coeffi: 0.0100, loss: 0.1617, lr: 1.73e-05
     Epoch[9] Iteration[390/620], entropy: 0.3833, uncertainty: 3.6211, uncertainty_coeffi: 0.0100, loss: 0.1606, lr: 1.73e-05
     Epoch[9] Iteration[400/620], entropy: 0.2713, uncertainty: 3.1078, uncertainty_coeffi: 0.0100, loss: 0.1681, lr: 1.73e-05
     Epoch[9] Iteration[410/620], entropy: 0.2858, uncertainty: 2.9569, uncertainty_coeffi: 0.0100, loss: 0.1482, lr: 1.73e-05
     Epoch[9] Iteration[420/620], entropy: 0.3736, uncertainty: 3.7363, uncertainty_coeffi: 0.0100, loss: 0.1844, lr: 1.73e-05
     Epoch[9] Iteration[430/620], entropy: 0.1530, uncertainty: 2.8535, uncertainty_coeffi: 0.0100, loss: 0.0887, lr: 3.27e-05
     Epoch[9] Iteration[440/620], entropy: 0.3693, uncertainty: 3.6783, uncertainty_coeffi: 0.0100, loss: 0.1334, lr: 3.27e-05
     Epoch[9] Iteration[450/620], entropy: 0.2810, uncertainty: 3.7578, uncertainty_coeffi: 0.0100, loss: 0.1162, lr: 3.27e-05
     Epoch[9] Iteration[460/620], entropy: 0.3494, uncertainty: 3.1429, uncertainty_coeffi: 0.0100, loss: 0.1502, lr: 3.27e-05
     Epoch[9] Iteration[470/620], entropy: 0.3373, uncertainty: 2.5557, uncertainty_coeffi: 0.0100, loss: 0.1927, lr: 3.27e-05
     Epoch[9] Iteration[480/620], entropy: 0.2595, uncertainty: 2.7875, uncertainty_coeffi: 0.0100, loss: 0.1196, lr: 3.27e-05
     Epoch[9] Iteration[490/620], entropy: 0.3277, uncertainty: 3.8647, uncertainty_coeffi: 0.0100, loss: 0.1383, lr: 3.27e-05
     Epoch[9] Iteration[500/620], entropy: 0.2724, uncertainty: 3.3568, uncertainty_coeffi: 0.0100, loss: 0.1226, lr: 3.27e-05
     Epoch[9] Iteration[510/620], entropy: 0.2593, uncertainty: 3.2769, uncertainty_coeffi: 0.0100, loss: 0.1087, lr: 3.27e-05
     Epoch[9] Iteration[520/620], entropy: 0.2224, uncertainty: 3.2726, uncertainty_coeffi: 0.0100, loss: 0.1156, lr: 3.27e-05
     Epoch[9] Iteration[530/620], entropy: 0.3157, uncertainty: 2.7555, uncertainty_coeffi: 0.0100, loss: 0.1637, lr: 3.27e-05
     Epoch[9] Iteration[540/620], entropy: 0.3308, uncertainty: 3.6783, uncertainty_coeffi: 0.0100, loss: 0.1317, lr: 3.27e-05
     Epoch[9] Iteration[550/620], entropy: 0.2761, uncertainty: 3.6767, uncertainty_coeffi: 0.0100, loss: 0.1359, lr: 3.27e-05
     Epoch[9] Iteration[560/620], entropy: 0.2844, uncertainty: 2.7146, uncertainty_coeffi: 0.0100, loss: 0.1369, lr: 3.27e-05
     Epoch[9] Iteration[570/620], entropy: 0.3195, uncertainty: 3.0043, uncertainty_coeffi: 0.0100, loss: 0.1545, lr: 3.27e-05
     Epoch[9] Iteration[580/620], entropy: 0.2326, uncertainty: 2.7167, uncertainty_coeffi: 0.0100, loss: 0.1170, lr: 3.27e-05
     Epoch[9] Iteration[590/620], entropy: 0.2400, uncertainty: 2.9014, uncertainty_coeffi: 0.0100, loss: 0.1192, lr: 3.27e-05
     Epoch[9] Iteration[600/620], entropy: 0.3495, uncertainty: 2.8082, uncertainty_coeffi: 0.0100, loss: 0.1629, lr: 3.27e-05
     Epoch[9] Iteration[610/620], entropy: 0.4117, uncertainty: 3.3378, uncertainty_coeffi: 0.0100, loss: 0.1907, lr: 3.27e-05
     Epoch[9] Iteration[620/620], entropy: 0.3454, uncertainty: 3.0556, uncertainty_coeffi: 0.0100, loss: 0.1875, lr: 3.27e-05
     Averaged stats: entropy_avg: 0.2922, uncertainty_avg: 3.2621, uncertainty_coeffi_avg: 0.0100, loss_avg: 0.1410, lr_avg: 2.23e-05
     itm tta time 0:02:13
### TTA Eval Score: 
+-------+--------+--------+--------+--------+-------+
| epoch |   R1   |   R5   |  R10   |  mAP   |  mINP |
+-------+--------+--------+--------+--------+-------+
|  -999 | 60.631 | 77.519 | 83.268 | 35.542 | 6.004 |
|   0   | 61.205 | 77.564 | 83.379 | 35.901 | 6.043 |
|   1   | 61.507 | 77.544 | 83.303 | 36.038 | 6.067 |
|   2   | 61.724 | 77.439 | 83.172 | 36.091 | 6.075 |
|   4   | 61.840 | 77.484 | 83.051 | 36.113 | 6.078 |
|   9   | 61.875 | 77.423 | 83.016 | 36.065 | 6.038 |
+-------+--------+--------+--------+--------+-------+
     logs:  {'epo': 9, 'R1': 61.875, 'R5': 77.423, 'R10': 83.016, 'mAP': 36.065, 'mINP': 6.038, 'entropy': 0.29215507906290794, 'uncertainty': 3.262131652524394, 'uncertainty_coeffi': 0.009999999776482582, 'loss': 0.1410104995293002, 'lr': 2.2258720211195664e-05}
### best epoch 9 : {'epo': '9', 'R1': '61.875', 'R5': '77.423', 'R10': '83.016', 'mAP': '36.065', 'mINP': '6.038', 'entropy': '0.29215507906290794', 'uncertainty': '3.262131652524394', 'uncertainty_coeffi': '0.009999999776482582', 'loss': '0.1410104995293002', 'lr': '2.2258720211195664e-05'}
### Time 0:28:34
