Not using distributed mode
### Hyper-parameters:
     output_dir: output_rerun2/ham_rstp_tta/exp21/exp21.3.4/2025111415583
     seed: 42
     device: cuda
     batch_size_tta: 32
     epochs: 60
     lr: 5e-05
### Creating test dataset
     test_txt_set: 2000    test_img_set: 1000
     test_txt_loader: 4    test_img_loader: 2
### Creating model
Training Model with ['sdm', 'id', 'mlm'] tasks
===========================ERROR occur in copy visual.positional_embedding, torch.Size([197, 768])=========================
shape do not match in k :visual.positional_embedding: param_dicttorch.Size([197, 768]) vs self.state_dict()torch.Size([193, 768])
     Applying LoRA configuration...
trainable params: 369,664 || all params: 63,796,736 || trainable%: 0.5794
        [TRAINABLE] base_model.ln_final.weight (shape: torch.Size([512]))
        [TRAINABLE] base_model.ln_final.bias (shape: torch.Size([512]))
        [TRAINABLE] base_model.transformer.prompt_encoder.default.embedding.weight (shape: torch.Size([30, 12288]))
     Total Params Sum:  191158645
### Zero-Shot Score: 
/home/jiahao/task/IRRA/tta.py:416: FutureWarning: `torch.cuda.amp.GradScaler(args...)` is deprecated. Please use `torch.amp.GradScaler('cuda', args...)` instead.
  scaler = GradScaler()  # bf16
+-------+--------+--------+--------+--------+-------+
| epoch |   R1   |   R5   |  R10   |  mAP   |  mINP |
+-------+--------+--------+--------+--------+-------+
|  -999 | 20.950 | 46.300 | 58.650 | 19.516 | 8.821 |
+-------+--------+--------+--------+--------+-------+
### TTA:
### Compute Cos Similarity Uncertainty
     preprocess_tta_coefficients  start
     sample selection ...
     number of sample after sample_selection: 693
     uncertainty ...
     pos/neg sampling ...
      number of sample after pos/neg sampling: torch.Size([2000, 4])
     preprocess_tta_coefficients  end
### Creating TTA dataset
     tta_dataset: 693
### Creating tta dataloader
### be careful: func create_loader returns a list length of 1
     tta_loader: 21
### Configure adapted weights
     TTA Dropout Modules: 
 []
     TTA Require Gradient Params: 
 [('base_model.ln_final.weight', torch.Size([512])), ('base_model.ln_final.bias', torch.Size([512])), ('base_model.transformer.prompt_encoder.default.embedding.weight', torch.Size([30, 12288]))]
     TTA Dropout Modules Number: 
 0
     TTA Require Gradient Params Sum: 
 369664
Using 5.0 times learning rate for random init module 
### Start Test Time Adaptation : num_epoch = 60
     Epoch[0] Iteration[10/21], entropy: 0.6843, uncertainty: 3.9250, uncertainty_coeffi: 0.0100, loss: 0.2541, lr: 4.90e-05
     Epoch[0] Iteration[20/21], entropy: 0.7373, uncertainty: 4.0086, uncertainty_coeffi: 0.0100, loss: 0.3202, lr: 4.14e-05
     Averaged stats: entropy_avg: 0.7108, uncertainty_avg: 3.9668, uncertainty_coeffi_avg: 0.0100, loss_avg: 0.2872, lr_avg: 4.52e-05
     itm tta time 0:00:06
     Epoch[1] Iteration[10/21], entropy: 0.7308, uncertainty: 4.4034, uncertainty_coeffi: 0.0100, loss: 0.2764, lr: 2.71e-05
     Epoch[1] Iteration[20/21], entropy: 0.5960, uncertainty: 3.7182, uncertainty_coeffi: 0.0100, loss: 0.2788, lr: 1.33e-05
     Averaged stats: entropy_avg: 0.6634, uncertainty_avg: 4.0608, uncertainty_coeffi_avg: 0.0100, loss_avg: 0.2776, lr_avg: 2.02e-05
     itm tta time 0:00:05
     Epoch[2] Iteration[10/21], entropy: 0.7850, uncertainty: 4.0083, uncertainty_coeffi: 0.0100, loss: 0.2843, lr: 2.57e-06
     Epoch[2] Iteration[20/21], entropy: 0.8049, uncertainty: 5.2024, uncertainty_coeffi: 0.0100, loss: 0.2541, lr: 1.63e-07
     Averaged stats: entropy_avg: 0.7950, uncertainty_avg: 4.6054, uncertainty_coeffi_avg: 0.0100, loss_avg: 0.2692, lr_avg: 1.36e-06
     itm tta time 0:00:05
     Epoch[3] Iteration[10/21], entropy: 0.6951, uncertainty: 4.0630, uncertainty_coeffi: 0.0100, loss: 0.2697, lr: 6.58e-06
     Epoch[3] Iteration[20/21], entropy: 0.8100, uncertainty: 4.3532, uncertainty_coeffi: 0.0100, loss: 0.2971, lr: 1.86e-05
     Averaged stats: entropy_avg: 0.7526, uncertainty_avg: 4.2081, uncertainty_coeffi_avg: 0.0100, loss_avg: 0.2834, lr_avg: 1.26e-05
     itm tta time 0:00:05
     Epoch[4] Iteration[10/21], entropy: 0.6299, uncertainty: 4.1485, uncertainty_coeffi: 0.0100, loss: 0.2565, lr: 3.41e-05
     Epoch[4] Iteration[20/21], entropy: 0.7459, uncertainty: 3.8814, uncertainty_coeffi: 0.0100, loss: 0.3145, lr: 4.52e-05
     Averaged stats: entropy_avg: 0.6879, uncertainty_avg: 4.0149, uncertainty_coeffi_avg: 0.0100, loss_avg: 0.2855, lr_avg: 3.96e-05
     itm tta time 0:00:05
     Epoch[5] Iteration[10/21], entropy: 0.8069, uncertainty: 4.2450, uncertainty_coeffi: 0.0100, loss: 0.2909, lr: 5.00e-05
     Epoch[5] Iteration[20/21], entropy: 0.7549, uncertainty: 4.3180, uncertainty_coeffi: 0.0100, loss: 0.2877, lr: 4.60e-05
     Averaged stats: entropy_avg: 0.7809, uncertainty_avg: 4.2815, uncertainty_coeffi_avg: 0.0100, loss_avg: 0.2893, lr_avg: 4.80e-05
     itm tta time 0:00:05
     Epoch[6] Iteration[10/21], entropy: 0.6340, uncertainty: 4.0245, uncertainty_coeffi: 0.0100, loss: 0.2593, lr: 3.41e-05
     Epoch[6] Iteration[20/21], entropy: 0.6915, uncertainty: 3.8488, uncertainty_coeffi: 0.0100, loss: 0.2549, lr: 2.00e-05
     Averaged stats: entropy_avg: 0.6627, uncertainty_avg: 3.9366, uncertainty_coeffi_avg: 0.0100, loss_avg: 0.2571, lr_avg: 2.71e-05
     itm tta time 0:00:05
     Epoch[7] Iteration[10/21], entropy: 0.6825, uncertainty: 3.5906, uncertainty_coeffi: 0.0100, loss: 0.2783, lr: 6.58e-06
     Epoch[7] Iteration[20/21], entropy: 0.7698, uncertainty: 4.3969, uncertainty_coeffi: 0.0100, loss: 0.2803, lr: 3.66e-07
     Averaged stats: entropy_avg: 0.7261, uncertainty_avg: 3.9937, uncertainty_coeffi_avg: 0.0100, loss_avg: 0.2793, lr_avg: 3.47e-06
     itm tta time 0:00:06
     Epoch[8] Iteration[10/21], entropy: 0.7782, uncertainty: 4.0141, uncertainty_coeffi: 0.0100, loss: 0.3168, lr: 2.57e-06
     Epoch[8] Iteration[20/21], entropy: 0.6962, uncertainty: 4.1563, uncertainty_coeffi: 0.0100, loss: 0.2948, lr: 1.21e-05
     Averaged stats: entropy_avg: 0.7372, uncertainty_avg: 4.0852, uncertainty_coeffi_avg: 0.0100, loss_avg: 0.3058, lr_avg: 7.33e-06
     itm tta time 0:00:06
     Epoch[9] Iteration[10/21], entropy: 0.6839, uncertainty: 4.3304, uncertainty_coeffi: 0.0100, loss: 0.2468, lr: 2.71e-05
     Epoch[9] Iteration[20/21], entropy: 0.7020, uncertainty: 4.3989, uncertainty_coeffi: 0.0100, loss: 0.2281, lr: 4.03e-05
     Averaged stats: entropy_avg: 0.6929, uncertainty_avg: 4.3646, uncertainty_coeffi_avg: 0.0100, loss_avg: 0.2374, lr_avg: 3.37e-05
     itm tta time 0:00:06
(672, 4)
### TTA Eval Score: 
+-------+--------+--------+--------+--------+-------+
| epoch |   R1   |   R5   |  R10   |  mAP   |  mINP |
+-------+--------+--------+--------+--------+-------+
|  -999 | 20.950 | 46.300 | 58.650 | 19.516 | 8.821 |
|   9   | 21.150 | 46.300 | 58.550 | 19.601 | 8.900 |
+-------+--------+--------+--------+--------+-------+
     logs:  {'epo': 9, 'R1': np.float32(21.15), 'R5': np.float32(46.3), 'R10': np.float32(58.55), 'mAP': np.float32(19.601), 'mINP': np.float32(8.9), 'entropy': 0.6929491460323334, 'uncertainty': 4.364647626876831, 'uncertainty_coeffi': 0.009999999776482582, 'loss': 0.2374119833111763, 'lr': 3.370278610142847e-05}
     Epoch[10] Iteration[10/21], entropy: 0.8600, uncertainty: 4.7010, uncertainty_coeffi: 0.0100, loss: 0.3196, lr: 4.90e-05
     Epoch[10] Iteration[20/21], entropy: 0.6702, uncertainty: 4.5991, uncertainty_coeffi: 0.0100, loss: 0.2441, lr: 4.90e-05
     Averaged stats: entropy_avg: 0.7651, uncertainty_avg: 4.6501, uncertainty_coeffi_avg: 0.0100, loss_avg: 0.2819, lr_avg: 4.90e-05
     itm tta time 0:00:07
     Epoch[11] Iteration[10/21], entropy: 0.6622, uncertainty: 3.4486, uncertainty_coeffi: 0.0100, loss: 0.2996, lr: 4.03e-05
     Epoch[11] Iteration[20/21], entropy: 0.7073, uncertainty: 3.9657, uncertainty_coeffi: 0.0100, loss: 0.2758, lr: 2.71e-05
     Averaged stats: entropy_avg: 0.6847, uncertainty_avg: 3.7072, uncertainty_coeffi_avg: 0.0100, loss_avg: 0.2877, lr_avg: 3.37e-05
     itm tta time 0:00:07
     Epoch[12] Iteration[10/21], entropy: 0.6260, uncertainty: 4.6396, uncertainty_coeffi: 0.0100, loss: 0.2458, lr: 1.21e-05
     Epoch[12] Iteration[20/21], entropy: 0.7703, uncertainty: 3.9657, uncertainty_coeffi: 0.0100, loss: 0.2900, lr: 2.57e-06
     Averaged stats: entropy_avg: 0.6981, uncertainty_avg: 4.3026, uncertainty_coeffi_avg: 0.0100, loss_avg: 0.2679, lr_avg: 7.33e-06
     itm tta time 0:00:07
     Epoch[13] Iteration[10/21], entropy: 0.7903, uncertainty: 4.6192, uncertainty_coeffi: 0.0100, loss: 0.2685, lr: 3.66e-07
     Epoch[13] Iteration[20/21], entropy: 0.6916, uncertainty: 4.3456, uncertainty_coeffi: 0.0100, loss: 0.2993, lr: 6.58e-06
     Averaged stats: entropy_avg: 0.7409, uncertainty_avg: 4.4824, uncertainty_coeffi_avg: 0.0100, loss_avg: 0.2839, lr_avg: 3.47e-06
     itm tta time 0:00:06
     Epoch[14] Iteration[10/21], entropy: 0.6544, uncertainty: 4.4989, uncertainty_coeffi: 0.0100, loss: 0.2303, lr: 2.00e-05
     Epoch[14] Iteration[20/21], entropy: 0.8726, uncertainty: 4.5425, uncertainty_coeffi: 0.0100, loss: 0.3624, lr: 3.41e-05
     Averaged stats: entropy_avg: 0.7635, uncertainty_avg: 4.5207, uncertainty_coeffi_avg: 0.0100, loss_avg: 0.2963, lr_avg: 2.71e-05
     itm tta time 0:00:07
     Epoch[15] Iteration[10/21], entropy: 0.7605, uncertainty: 4.0840, uncertainty_coeffi: 0.0100, loss: 0.2750, lr: 4.60e-05
     Epoch[15] Iteration[20/21], entropy: 0.9075, uncertainty: 3.7887, uncertainty_coeffi: 0.0100, loss: 0.3882, lr: 5.00e-05
     Averaged stats: entropy_avg: 0.8340, uncertainty_avg: 3.9364, uncertainty_coeffi_avg: 0.0100, loss_avg: 0.3316, lr_avg: 4.80e-05
     itm tta time 0:00:07
     Epoch[16] Iteration[10/21], entropy: 0.8829, uncertainty: 4.1070, uncertainty_coeffi: 0.0100, loss: 0.3524, lr: 4.52e-05
     Epoch[16] Iteration[20/21], entropy: 0.7455, uncertainty: 4.0504, uncertainty_coeffi: 0.0100, loss: 0.3200, lr: 3.41e-05
     Averaged stats: entropy_avg: 0.8142, uncertainty_avg: 4.0787, uncertainty_coeffi_avg: 0.0100, loss_avg: 0.3362, lr_avg: 3.96e-05
     itm tta time 0:00:06
     Epoch[17] Iteration[10/21], entropy: 0.7215, uncertainty: 3.8282, uncertainty_coeffi: 0.0100, loss: 0.2999, lr: 1.86e-05
     Epoch[17] Iteration[20/21], entropy: 0.8224, uncertainty: 4.0012, uncertainty_coeffi: 0.0100, loss: 0.3468, lr: 6.58e-06
     Averaged stats: entropy_avg: 0.7719, uncertainty_avg: 3.9147, uncertainty_coeffi_avg: 0.0100, loss_avg: 0.3233, lr_avg: 1.26e-05
     itm tta time 0:00:06
     Epoch[18] Iteration[10/21], entropy: 0.7248, uncertainty: 4.6276, uncertainty_coeffi: 0.0100, loss: 0.2658, lr: 1.63e-07
     Epoch[18] Iteration[20/21], entropy: 0.7256, uncertainty: 4.6848, uncertainty_coeffi: 0.0100, loss: 0.2317, lr: 2.57e-06
     Averaged stats: entropy_avg: 0.7252, uncertainty_avg: 4.6562, uncertainty_coeffi_avg: 0.0100, loss_avg: 0.2487, lr_avg: 1.36e-06
     itm tta time 0:00:06
     Epoch[19] Iteration[10/21], entropy: 0.6563, uncertainty: 3.4521, uncertainty_coeffi: 0.0100, loss: 0.3375, lr: 1.33e-05
     Epoch[19] Iteration[20/21], entropy: 0.7579, uncertainty: 3.6191, uncertainty_coeffi: 0.0100, loss: 0.3215, lr: 2.71e-05
     Averaged stats: entropy_avg: 0.7071, uncertainty_avg: 3.5356, uncertainty_coeffi_avg: 0.0100, loss_avg: 0.3295, lr_avg: 2.02e-05
     itm tta time 0:00:06
     Epoch[20] Iteration[10/21], entropy: 0.7253, uncertainty: 4.4795, uncertainty_coeffi: 0.0100, loss: 0.2378, lr: 4.14e-05
     Epoch[20] Iteration[20/21], entropy: 0.6539, uncertainty: 4.2206, uncertainty_coeffi: 0.0100, loss: 0.2640, lr: 4.90e-05
     Averaged stats: entropy_avg: 0.6896, uncertainty_avg: 4.3501, uncertainty_coeffi_avg: 0.0100, loss_avg: 0.2509, lr_avg: 4.52e-05
     itm tta time 0:00:07
     Epoch[21] Iteration[10/21], entropy: 0.6323, uncertainty: 3.9619, uncertainty_coeffi: 0.0100, loss: 0.2180, lr: 4.85e-05
     Epoch[21] Iteration[20/21], entropy: 0.7274, uncertainty: 4.5285, uncertainty_coeffi: 0.0100, loss: 0.2708, lr: 4.03e-05
     Averaged stats: entropy_avg: 0.6799, uncertainty_avg: 4.2452, uncertainty_coeffi_avg: 0.0100, loss_avg: 0.2444, lr_avg: 4.44e-05
     itm tta time 0:00:06
     Epoch[22] Iteration[10/21], entropy: 0.7112, uncertainty: 4.1041, uncertainty_coeffi: 0.0100, loss: 0.2593, lr: 2.57e-05
     Epoch[22] Iteration[20/21], entropy: 0.7355, uncertainty: 4.2340, uncertainty_coeffi: 0.0100, loss: 0.2971, lr: 1.21e-05
     Averaged stats: entropy_avg: 0.7233, uncertainty_avg: 4.1690, uncertainty_coeffi_avg: 0.0100, loss_avg: 0.2782, lr_avg: 1.89e-05
     itm tta time 0:00:06
     Epoch[23] Iteration[10/21], entropy: 0.7338, uncertainty: 3.7332, uncertainty_coeffi: 0.0100, loss: 0.3036, lr: 1.97e-06
     Epoch[23] Iteration[20/21], entropy: 0.7854, uncertainty: 3.8324, uncertainty_coeffi: 0.0100, loss: 0.3506, lr: 3.66e-07
     Averaged stats: entropy_avg: 0.7596, uncertainty_avg: 3.7828, uncertainty_coeffi_avg: 0.0100, loss_avg: 0.3271, lr_avg: 1.17e-06
     itm tta time 0:00:07
     Epoch[24] Iteration[10/21], entropy: 0.5915, uncertainty: 4.3588, uncertainty_coeffi: 0.0100, loss: 0.2296, lr: 7.58e-06
     Epoch[24] Iteration[20/21], entropy: 0.9125, uncertainty: 3.8363, uncertainty_coeffi: 0.0100, loss: 0.3760, lr: 2.00e-05
     Averaged stats: entropy_avg: 0.7520, uncertainty_avg: 4.0976, uncertainty_coeffi_avg: 0.0100, loss_avg: 0.3028, lr_avg: 1.38e-05
     itm tta time 0:00:06
     Epoch[25] Iteration[10/21], entropy: 0.8329, uncertainty: 4.0349, uncertainty_coeffi: 0.0100, loss: 0.3260, lr: 3.54e-05
     Epoch[25] Iteration[20/21], entropy: 0.8868, uncertainty: 3.8212, uncertainty_coeffi: 0.0100, loss: 0.3420, lr: 4.60e-05
     Averaged stats: entropy_avg: 0.8598, uncertainty_avg: 3.9280, uncertainty_coeffi_avg: 0.0100, loss_avg: 0.3340, lr_avg: 4.07e-05
     itm tta time 0:00:06
     Epoch[26] Iteration[10/21], entropy: 0.7273, uncertainty: 4.3527, uncertainty_coeffi: 0.0100, loss: 0.2909, lr: 5.00e-05
     Epoch[26] Iteration[20/21], entropy: 0.6998, uncertainty: 3.7909, uncertainty_coeffi: 0.0100, loss: 0.2623, lr: 4.52e-05
     Averaged stats: entropy_avg: 0.7135, uncertainty_avg: 4.0718, uncertainty_coeffi_avg: 0.0100, loss_avg: 0.2766, lr_avg: 4.76e-05
     itm tta time 0:00:07
     Epoch[27] Iteration[10/21], entropy: 0.7429, uncertainty: 3.7514, uncertainty_coeffi: 0.0100, loss: 0.3013, lr: 3.27e-05
     Epoch[27] Iteration[20/21], entropy: 0.7301, uncertainty: 5.0506, uncertainty_coeffi: 0.0100, loss: 0.2087, lr: 1.86e-05
     Averaged stats: entropy_avg: 0.7365, uncertainty_avg: 4.4010, uncertainty_coeffi_avg: 0.0100, loss_avg: 0.2550, lr_avg: 2.57e-05
     itm tta time 0:00:06
     Epoch[28] Iteration[10/21], entropy: 0.7711, uncertainty: 3.7143, uncertainty_coeffi: 0.0100, loss: 0.3126, lr: 5.65e-06
     Epoch[28] Iteration[20/21], entropy: 0.6869, uncertainty: 4.2580, uncertainty_coeffi: 0.0100, loss: 0.2544, lr: 1.63e-07
     Averaged stats: entropy_avg: 0.7290, uncertainty_avg: 3.9861, uncertainty_coeffi_avg: 0.0100, loss_avg: 0.2835, lr_avg: 2.90e-06
     itm tta time 0:00:06
     Epoch[29] Iteration[10/21], entropy: 0.6726, uncertainty: 4.3741, uncertainty_coeffi: 0.0100, loss: 0.2350, lr: 3.23e-06
     Epoch[29] Iteration[20/21], entropy: 0.7202, uncertainty: 3.9005, uncertainty_coeffi: 0.0100, loss: 0.3229, lr: 1.33e-05
     Averaged stats: entropy_avg: 0.6964, uncertainty_avg: 4.1373, uncertainty_coeffi_avg: 0.0100, loss_avg: 0.2789, lr_avg: 8.28e-06
     itm tta time 0:00:06
     Epoch[30] Iteration[10/21], entropy: 0.7831, uncertainty: 3.9778, uncertainty_coeffi: 0.0100, loss: 0.3201, lr: 2.86e-05
     Epoch[30] Iteration[20/21], entropy: 0.6426, uncertainty: 3.9415, uncertainty_coeffi: 0.0100, loss: 0.2635, lr: 4.14e-05
     Averaged stats: entropy_avg: 0.7129, uncertainty_avg: 3.9596, uncertainty_coeffi_avg: 0.0100, loss_avg: 0.2918, lr_avg: 3.50e-05
     itm tta time 0:00:07
     Epoch[31] Iteration[10/21], entropy: 0.7205, uncertainty: 4.1912, uncertainty_coeffi: 0.0100, loss: 0.2859, lr: 4.94e-05
     Epoch[31] Iteration[20/21], entropy: 0.7503, uncertainty: 4.6539, uncertainty_coeffi: 0.0100, loss: 0.2596, lr: 4.85e-05
     Averaged stats: entropy_avg: 0.7354, uncertainty_avg: 4.4226, uncertainty_coeffi_avg: 0.0100, loss_avg: 0.2728, lr_avg: 4.89e-05
     itm tta time 0:00:07
     Epoch[32] Iteration[10/21], entropy: 0.7456, uncertainty: 4.2015, uncertainty_coeffi: 0.0100, loss: 0.2762, lr: 3.91e-05
     Epoch[32] Iteration[20/21], entropy: 0.7225, uncertainty: 4.2883, uncertainty_coeffi: 0.0100, loss: 0.2659, lr: 2.57e-05
     Averaged stats: entropy_avg: 0.7341, uncertainty_avg: 4.2449, uncertainty_coeffi_avg: 0.0100, loss_avg: 0.2710, lr_avg: 3.24e-05
     itm tta time 0:00:07
     Epoch[33] Iteration[10/21], entropy: 0.6222, uncertainty: 3.7427, uncertainty_coeffi: 0.0100, loss: 0.2560, lr: 1.09e-05
     Epoch[33] Iteration[20/21], entropy: 0.7603, uncertainty: 3.8484, uncertainty_coeffi: 0.0100, loss: 0.3178, lr: 1.97e-06
     Averaged stats: entropy_avg: 0.6912, uncertainty_avg: 3.7956, uncertainty_coeffi_avg: 0.0100, loss_avg: 0.2869, lr_avg: 6.43e-06
     itm tta time 0:00:07
     Epoch[34] Iteration[10/21], entropy: 0.6823, uncertainty: 3.9038, uncertainty_coeffi: 0.0100, loss: 0.2812, lr: 6.50e-07
     Epoch[34] Iteration[20/21], entropy: 0.7183, uncertainty: 4.2230, uncertainty_coeffi: 0.0100, loss: 0.2983, lr: 7.58e-06
     Averaged stats: entropy_avg: 0.7003, uncertainty_avg: 4.0634, uncertainty_coeffi_avg: 0.0100, loss_avg: 0.2897, lr_avg: 4.11e-06
     itm tta time 0:00:07
     Epoch[35] Iteration[10/21], entropy: 0.6323, uncertainty: 3.8640, uncertainty_coeffi: 0.0100, loss: 0.2423, lr: 2.14e-05
     Epoch[35] Iteration[20/21], entropy: 0.7059, uncertainty: 4.4417, uncertainty_coeffi: 0.0100, loss: 0.2438, lr: 3.54e-05
     Averaged stats: entropy_avg: 0.6691, uncertainty_avg: 4.1528, uncertainty_coeffi_avg: 0.0100, loss_avg: 0.2430, lr_avg: 2.84e-05
     itm tta time 0:00:06
     Epoch[36] Iteration[10/21], entropy: 0.7076, uncertainty: 3.9148, uncertainty_coeffi: 0.0100, loss: 0.2968, lr: 4.68e-05
     Epoch[36] Iteration[20/21], entropy: 0.6681, uncertainty: 4.2490, uncertainty_coeffi: 0.0100, loss: 0.2626, lr: 5.00e-05
     Averaged stats: entropy_avg: 0.6878, uncertainty_avg: 4.0819, uncertainty_coeffi_avg: 0.0100, loss_avg: 0.2797, lr_avg: 4.84e-05
     itm tta time 0:00:06
     Epoch[37] Iteration[10/21], entropy: 0.7672, uncertainty: 4.4156, uncertainty_coeffi: 0.0100, loss: 0.3001, lr: 4.44e-05
     Epoch[37] Iteration[20/21], entropy: 0.7361, uncertainty: 3.9722, uncertainty_coeffi: 0.0100, loss: 0.2818, lr: 3.27e-05
     Averaged stats: entropy_avg: 0.7517, uncertainty_avg: 4.1939, uncertainty_coeffi_avg: 0.0100, loss_avg: 0.2910, lr_avg: 3.85e-05
     itm tta time 0:00:06
     Epoch[38] Iteration[10/21], entropy: 0.7739, uncertainty: 4.6316, uncertainty_coeffi: 0.0100, loss: 0.2896, lr: 1.73e-05
     Epoch[38] Iteration[20/21], entropy: 0.8586, uncertainty: 4.1227, uncertainty_coeffi: 0.0100, loss: 0.3142, lr: 5.65e-06
     Averaged stats: entropy_avg: 0.8162, uncertainty_avg: 4.3771, uncertainty_coeffi_avg: 0.0100, loss_avg: 0.3019, lr_avg: 1.15e-05
     itm tta time 0:00:06
     Epoch[39] Iteration[10/21], entropy: 0.6904, uncertainty: 3.9933, uncertainty_coeffi: 0.0100, loss: 0.2672, lr: 4.08e-08
     Epoch[39] Iteration[20/21], entropy: 0.7238, uncertainty: 3.9440, uncertainty_coeffi: 0.0100, loss: 0.3013, lr: 3.23e-06
     Averaged stats: entropy_avg: 0.7071, uncertainty_avg: 3.9686, uncertainty_coeffi_avg: 0.0100, loss_avg: 0.2843, lr_avg: 1.64e-06
     itm tta time 0:00:06
(672, 4)
### TTA Eval Score: 
+-------+--------+--------+--------+--------+-------+
| epoch |   R1   |   R5   |  R10   |  mAP   |  mINP |
+-------+--------+--------+--------+--------+-------+
|  -999 | 20.950 | 46.300 | 58.650 | 19.516 | 8.821 |
|   9   | 21.150 | 46.300 | 58.550 | 19.601 | 8.900 |
|   39  | 21.500 | 46.850 | 59.100 | 19.886 | 9.024 |
+-------+--------+--------+--------+--------+-------+
     logs:  {'epo': 39, 'R1': np.float32(21.5), 'R5': np.float32(46.85), 'R10': np.float32(59.1), 'mAP': np.float32(19.886), 'mINP': np.float32(9.024), 'entropy': 0.7071001529693604, 'uncertainty': 3.9686405658721924, 'uncertainty_coeffi': 0.009999999776482582, 'loss': 0.28427518904209137, 'lr': 1.6360602369260722e-06}
     Epoch[40] Iteration[10/21], entropy: 0.6563, uncertainty: 3.8670, uncertainty_coeffi: 0.0100, loss: 0.2640, lr: 1.46e-05
     Epoch[40] Iteration[20/21], entropy: 0.7477, uncertainty: 4.6057, uncertainty_coeffi: 0.0100, loss: 0.2299, lr: 2.86e-05
     Averaged stats: entropy_avg: 0.7020, uncertainty_avg: 4.2363, uncertainty_coeffi_avg: 0.0100, loss_avg: 0.2470, lr_avg: 2.16e-05
     itm tta time 0:00:07
     Epoch[41] Iteration[10/21], entropy: 0.8209, uncertainty: 4.1488, uncertainty_coeffi: 0.0100, loss: 0.3216, lr: 4.24e-05
     Epoch[41] Iteration[20/21], entropy: 0.7006, uncertainty: 4.2666, uncertainty_coeffi: 0.0100, loss: 0.2566, lr: 4.94e-05
     Averaged stats: entropy_avg: 0.7608, uncertainty_avg: 4.2077, uncertainty_coeffi_avg: 0.0100, loss_avg: 0.2891, lr_avg: 4.59e-05
     itm tta time 0:00:07
     Epoch[42] Iteration[10/21], entropy: 0.8388, uncertainty: 4.3180, uncertainty_coeffi: 0.0100, loss: 0.3274, lr: 4.80e-05
     Epoch[42] Iteration[20/21], entropy: 0.7020, uncertainty: 3.7190, uncertainty_coeffi: 0.0100, loss: 0.2854, lr: 3.91e-05
     Averaged stats: entropy_avg: 0.7704, uncertainty_avg: 4.0185, uncertainty_coeffi_avg: 0.0100, loss_avg: 0.3064, lr_avg: 4.36e-05
     itm tta time 0:00:07
     Epoch[43] Iteration[10/21], entropy: 0.7965, uncertainty: 4.6796, uncertainty_coeffi: 0.0100, loss: 0.3046, lr: 2.43e-05
     Epoch[43] Iteration[20/21], entropy: 0.8155, uncertainty: 4.3729, uncertainty_coeffi: 0.0100, loss: 0.2782, lr: 1.09e-05
     Averaged stats: entropy_avg: 0.8060, uncertainty_avg: 4.5262, uncertainty_coeffi_avg: 0.0100, loss_avg: 0.2914, lr_avg: 1.76e-05
     itm tta time 0:00:07
     Epoch[44] Iteration[10/21], entropy: 0.8413, uncertainty: 4.3910, uncertainty_coeffi: 0.0100, loss: 0.2868, lr: 1.45e-06
     Epoch[44] Iteration[20/21], entropy: 0.7039, uncertainty: 4.2284, uncertainty_coeffi: 0.0100, loss: 0.2900, lr: 6.50e-07
     Averaged stats: entropy_avg: 0.7726, uncertainty_avg: 4.3097, uncertainty_coeffi_avg: 0.0100, loss_avg: 0.2884, lr_avg: 1.05e-06
     itm tta time 0:00:07
     Epoch[45] Iteration[10/21], entropy: 0.6461, uncertainty: 4.1120, uncertainty_coeffi: 0.0100, loss: 0.2573, lr: 8.63e-06
     Epoch[45] Iteration[20/21], entropy: 0.8331, uncertainty: 4.2396, uncertainty_coeffi: 0.0100, loss: 0.3043, lr: 2.14e-05
     Averaged stats: entropy_avg: 0.7396, uncertainty_avg: 4.1758, uncertainty_coeffi_avg: 0.0100, loss_avg: 0.2808, lr_avg: 1.50e-05
     itm tta time 0:00:07
     Epoch[46] Iteration[10/21], entropy: 0.6487, uncertainty: 4.4359, uncertainty_coeffi: 0.0100, loss: 0.2156, lr: 3.67e-05
     Epoch[46] Iteration[20/21], entropy: 0.7819, uncertainty: 4.5172, uncertainty_coeffi: 0.0100, loss: 0.2687, lr: 4.68e-05
     Averaged stats: entropy_avg: 0.7153, uncertainty_avg: 4.4766, uncertainty_coeffi_avg: 0.0100, loss_avg: 0.2421, lr_avg: 4.17e-05
     itm tta time 0:00:07
     Epoch[47] Iteration[10/21], entropy: 0.7940, uncertainty: 3.7925, uncertainty_coeffi: 0.0100, loss: 0.3753, lr: 4.98e-05
     Epoch[47] Iteration[20/21], entropy: 0.6910, uncertainty: 4.0856, uncertainty_coeffi: 0.0100, loss: 0.2798, lr: 4.44e-05
     Averaged stats: entropy_avg: 0.7425, uncertainty_avg: 3.9390, uncertainty_coeffi_avg: 0.0100, loss_avg: 0.3275, lr_avg: 4.71e-05
     itm tta time 0:00:07
     Epoch[48] Iteration[10/21], entropy: 0.6797, uncertainty: 4.6598, uncertainty_coeffi: 0.0100, loss: 0.2504, lr: 3.14e-05
     Epoch[48] Iteration[20/21], entropy: 0.6503, uncertainty: 4.0001, uncertainty_coeffi: 0.0100, loss: 0.2677, lr: 1.73e-05
     Averaged stats: entropy_avg: 0.6650, uncertainty_avg: 4.3300, uncertainty_coeffi_avg: 0.0100, loss_avg: 0.2590, lr_avg: 2.43e-05
     itm tta time 0:00:07
     Epoch[49] Iteration[10/21], entropy: 0.6031, uncertainty: 4.2730, uncertainty_coeffi: 0.0100, loss: 0.2322, lr: 4.77e-06
     Epoch[49] Iteration[20/21], entropy: 0.7696, uncertainty: 4.3712, uncertainty_coeffi: 0.0100, loss: 0.2604, lr: 4.08e-08
     Averaged stats: entropy_avg: 0.6863, uncertainty_avg: 4.3221, uncertainty_coeffi_avg: 0.0100, loss_avg: 0.2463, lr_avg: 2.41e-06
     itm tta time 0:00:07
     Epoch[50] Iteration[10/21], entropy: 0.7883, uncertainty: 4.0905, uncertainty_coeffi: 0.0100, loss: 0.3156, lr: 3.97e-06
     Epoch[50] Iteration[20/21], entropy: 0.7781, uncertainty: 4.1923, uncertainty_coeffi: 0.0100, loss: 0.2781, lr: 1.46e-05
     Averaged stats: entropy_avg: 0.7832, uncertainty_avg: 4.1414, uncertainty_coeffi_avg: 0.0100, loss_avg: 0.2968, lr_avg: 9.29e-06
     itm tta time 0:00:06
     Epoch[51] Iteration[10/21], entropy: 0.6704, uncertainty: 3.9932, uncertainty_coeffi: 0.0100, loss: 0.2713, lr: 3.00e-05
     Epoch[51] Iteration[20/21], entropy: 0.6798, uncertainty: 4.3894, uncertainty_coeffi: 0.0100, loss: 0.2656, lr: 4.24e-05
     Averaged stats: entropy_avg: 0.6751, uncertainty_avg: 4.1913, uncertainty_coeffi_avg: 0.0100, loss_avg: 0.2684, lr_avg: 3.62e-05
     itm tta time 0:00:07
     Epoch[52] Iteration[10/21], entropy: 0.7258, uncertainty: 4.6805, uncertainty_coeffi: 0.0100, loss: 0.2443, lr: 4.96e-05
     Epoch[52] Iteration[20/21], entropy: 0.6989, uncertainty: 4.3441, uncertainty_coeffi: 0.0100, loss: 0.2330, lr: 4.80e-05
     Averaged stats: entropy_avg: 0.7123, uncertainty_avg: 4.5123, uncertainty_coeffi_avg: 0.0100, loss_avg: 0.2386, lr_avg: 4.88e-05
     itm tta time 0:00:07
     Epoch[53] Iteration[10/21], entropy: 0.6804, uncertainty: 4.1969, uncertainty_coeffi: 0.0100, loss: 0.2743, lr: 3.79e-05
     Epoch[53] Iteration[20/21], entropy: 0.8017, uncertainty: 3.5107, uncertainty_coeffi: 0.0100, loss: 0.3580, lr: 2.43e-05
     Averaged stats: entropy_avg: 0.7410, uncertainty_avg: 3.8538, uncertainty_coeffi_avg: 0.0100, loss_avg: 0.3161, lr_avg: 3.11e-05
     itm tta time 0:00:07
     Epoch[54] Iteration[10/21], entropy: 0.7103, uncertainty: 4.5877, uncertainty_coeffi: 0.0100, loss: 0.2360, lr: 9.73e-06
     Epoch[54] Iteration[20/21], entropy: 0.7848, uncertainty: 4.2894, uncertainty_coeffi: 0.0100, loss: 0.2978, lr: 1.45e-06
     Averaged stats: entropy_avg: 0.7475, uncertainty_avg: 4.4385, uncertainty_coeffi_avg: 0.0100, loss_avg: 0.2669, lr_avg: 5.59e-06
     itm tta time 0:00:07
     Epoch[55] Iteration[10/21], entropy: 0.7517, uncertainty: 4.0085, uncertainty_coeffi: 0.0100, loss: 0.2984, lr: 1.01e-06
     Epoch[55] Iteration[20/21], entropy: 0.7278, uncertainty: 4.1564, uncertainty_coeffi: 0.0100, loss: 0.2875, lr: 8.63e-06
     Averaged stats: entropy_avg: 0.7398, uncertainty_avg: 4.0825, uncertainty_coeffi_avg: 0.0100, loss_avg: 0.2930, lr_avg: 4.82e-06
     itm tta time 0:00:07
     Epoch[56] Iteration[10/21], entropy: 0.6722, uncertainty: 4.5989, uncertainty_coeffi: 0.0100, loss: 0.2354, lr: 2.29e-05
     Epoch[56] Iteration[20/21], entropy: 0.6679, uncertainty: 4.2974, uncertainty_coeffi: 0.0100, loss: 0.2627, lr: 3.67e-05
     Averaged stats: entropy_avg: 0.6701, uncertainty_avg: 4.4481, uncertainty_coeffi_avg: 0.0100, loss_avg: 0.2491, lr_avg: 2.98e-05
     itm tta time 0:00:07
     Epoch[57] Iteration[10/21], entropy: 0.6998, uncertainty: 4.6549, uncertainty_coeffi: 0.0100, loss: 0.2339, lr: 4.74e-05
     Epoch[57] Iteration[20/21], entropy: 0.6797, uncertainty: 4.4293, uncertainty_coeffi: 0.0100, loss: 0.2459, lr: 4.98e-05
     Averaged stats: entropy_avg: 0.6897, uncertainty_avg: 4.5421, uncertainty_coeffi_avg: 0.0100, loss_avg: 0.2399, lr_avg: 4.86e-05
     itm tta time 0:00:07
     Epoch[58] Iteration[10/21], entropy: 0.7729, uncertainty: 4.3641, uncertainty_coeffi: 0.0100, loss: 0.2732, lr: 4.34e-05
     Epoch[58] Iteration[20/21], entropy: 0.6504, uncertainty: 4.4547, uncertainty_coeffi: 0.0100, loss: 0.2318, lr: 3.14e-05
     Averaged stats: entropy_avg: 0.7117, uncertainty_avg: 4.4094, uncertainty_coeffi_avg: 0.0100, loss_avg: 0.2525, lr_avg: 3.74e-05
     itm tta time 0:00:06
     Epoch[59] Iteration[10/21], entropy: 0.6669, uncertainty: 3.9178, uncertainty_coeffi: 0.0100, loss: 0.2924, lr: 1.59e-05
     Epoch[59] Iteration[20/21], entropy: 0.7237, uncertainty: 4.0373, uncertainty_coeffi: 0.0100, loss: 0.2921, lr: 4.77e-06
     Averaged stats: entropy_avg: 0.6953, uncertainty_avg: 3.9775, uncertainty_coeffi_avg: 0.0100, loss_avg: 0.2922, lr_avg: 1.04e-05
     itm tta time 0:00:05
(672, 4)
### TTA Eval Score: 
+-------+--------+--------+--------+--------+-------+
| epoch |   R1   |   R5   |  R10   |  mAP   |  mINP |
+-------+--------+--------+--------+--------+-------+
|  -999 | 20.950 | 46.300 | 58.650 | 19.516 | 8.821 |
|   9   | 21.150 | 46.300 | 58.550 | 19.601 | 8.900 |
|   39  | 21.500 | 46.850 | 59.100 | 19.886 | 9.024 |
|   59  | 21.850 | 46.850 | 59.600 | 20.061 | 9.145 |
+-------+--------+--------+--------+--------+-------+
     logs:  {'epo': 59, 'R1': np.float32(21.85), 'R5': np.float32(46.85), 'R10': np.float32(59.6), 'mAP': np.float32(20.061), 'mINP': np.float32(9.145), 'entropy': 0.6952651739120483, 'uncertainty': 3.9775285720825195, 'uncertainty_coeffi': 0.009999999776482582, 'loss': 0.2922290861606598, 'lr': 1.03521912534301e-05}
### best epoch 59 : {'epo': '59', 'R1': '21.85', 'R5': '46.85', 'R10': '59.6', 'mAP': '20.061', 'mINP': '9.145', 'entropy': '0.6952651739120483', 'uncertainty': '3.9775285720825195', 'uncertainty_coeffi': '0.009999999776482582', 'loss': '0.2922290861606598', 'lr': '1.03521912534301e-05'}
### Time 0:07:14
