/home/jiahao/miniconda3/envs/irra/lib/python3.9/site-packages/torch/nn/functional.py:3609: UserWarning: Default upsampling behavior when mode=bilinear is changed to align_corners=False since 0.4.0. Please specify align_corners=True if the old behavior is desired. See the documentation of nn.Upsample for details.
  warnings.warn(
Not using distributed mode
### Hyper-parameters:
     output_dir: output/ham_cuhk_tta/exp2.0.4/2025090122213
     seed: 42
     device: cuda
     batch_size_tta: 16
     epochs: 30
     lr: 0.001
### Creating test dataset
     test_txt_set: 6156    test_img_set: 3074
     test_txt_loader: 13    test_img_loader: 7
### Creating model
Training Model with ['sdm', 'id', 'mlm'] tasks
Resized position embedding from size:torch.Size([1, 197, 768]) to size: torch.Size([1, 193, 768]) with height:24 width: 8
     Total Params Sum:  194535419
### Zero-Shot Score: 
+-------+--------+--------+--------+--------+--------+
| epoch |   R1   |   R5   |  R10   |  mAP   |  mINP  |
+-------+--------+--------+--------+--------+--------+
|  -999 | 70.598 | 86.891 | 91.780 | 63.391 | 47.063 |
+-------+--------+--------+--------+--------+--------+
### TTA:
### Compute Cos Similarity Uncertainty
     preprocess_tta_coefficients  start
     sample selection ...
     number of sample after sample_selection: 1660
     uncertainty ...
     preprocess_tta_coefficients  end
### Creating TTA dataset
     tta_dataset: 1660
### Creating tta dataloader
### be careful: func create_loader returns a list length of 1
     tta_loader: 103
### Configure adapted weights
     TTA Dropout Modules: 
 []
     TTA Require Gradient Params: 
 [('base_model.transformer.resblocks.0.ln_1.weight', torch.Size([512])), ('base_model.transformer.resblocks.0.ln_1.bias', torch.Size([512])), ('base_model.transformer.resblocks.0.ln_2.weight', torch.Size([512])), ('base_model.transformer.resblocks.0.ln_2.bias', torch.Size([512])), ('base_model.transformer.resblocks.1.ln_1.weight', torch.Size([512])), ('base_model.transformer.resblocks.1.ln_1.bias', torch.Size([512])), ('base_model.transformer.resblocks.1.ln_2.weight', torch.Size([512])), ('base_model.transformer.resblocks.1.ln_2.bias', torch.Size([512])), ('base_model.transformer.resblocks.2.ln_1.weight', torch.Size([512])), ('base_model.transformer.resblocks.2.ln_1.bias', torch.Size([512])), ('base_model.transformer.resblocks.2.ln_2.weight', torch.Size([512])), ('base_model.transformer.resblocks.2.ln_2.bias', torch.Size([512])), ('base_model.transformer.resblocks.3.ln_1.weight', torch.Size([512])), ('base_model.transformer.resblocks.3.ln_1.bias', torch.Size([512])), ('base_model.transformer.resblocks.3.ln_2.weight', torch.Size([512])), ('base_model.transformer.resblocks.3.ln_2.bias', torch.Size([512])), ('base_model.transformer.resblocks.4.ln_1.weight', torch.Size([512])), ('base_model.transformer.resblocks.4.ln_1.bias', torch.Size([512])), ('base_model.transformer.resblocks.4.ln_2.weight', torch.Size([512])), ('base_model.transformer.resblocks.4.ln_2.bias', torch.Size([512])), ('base_model.transformer.resblocks.5.ln_1.weight', torch.Size([512])), ('base_model.transformer.resblocks.5.ln_1.bias', torch.Size([512])), ('base_model.transformer.resblocks.5.ln_2.weight', torch.Size([512])), ('base_model.transformer.resblocks.5.ln_2.bias', torch.Size([512])), ('base_model.transformer.resblocks.6.ln_1.weight', torch.Size([512])), ('base_model.transformer.resblocks.6.ln_1.bias', torch.Size([512])), ('base_model.transformer.resblocks.6.ln_2.weight', torch.Size([512])), ('base_model.transformer.resblocks.6.ln_2.bias', torch.Size([512])), ('base_model.transformer.resblocks.7.ln_1.weight', torch.Size([512])), ('base_model.transformer.resblocks.7.ln_1.bias', torch.Size([512])), ('base_model.transformer.resblocks.7.ln_2.weight', torch.Size([512])), ('base_model.transformer.resblocks.7.ln_2.bias', torch.Size([512])), ('base_model.transformer.resblocks.8.ln_1.weight', torch.Size([512])), ('base_model.transformer.resblocks.8.ln_1.bias', torch.Size([512])), ('base_model.transformer.resblocks.8.ln_2.weight', torch.Size([512])), ('base_model.transformer.resblocks.8.ln_2.bias', torch.Size([512])), ('base_model.transformer.resblocks.9.ln_1.weight', torch.Size([512])), ('base_model.transformer.resblocks.9.ln_1.bias', torch.Size([512])), ('base_model.transformer.resblocks.9.ln_2.weight', torch.Size([512])), ('base_model.transformer.resblocks.9.ln_2.bias', torch.Size([512])), ('base_model.transformer.resblocks.10.ln_1.weight', torch.Size([512])), ('base_model.transformer.resblocks.10.ln_1.bias', torch.Size([512])), ('base_model.transformer.resblocks.10.ln_2.weight', torch.Size([512])), ('base_model.transformer.resblocks.10.ln_2.bias', torch.Size([512])), ('base_model.transformer.resblocks.11.ln_1.weight', torch.Size([512])), ('base_model.transformer.resblocks.11.ln_1.bias', torch.Size([512])), ('base_model.transformer.resblocks.11.ln_2.weight', torch.Size([512])), ('base_model.transformer.resblocks.11.ln_2.bias', torch.Size([512])), ('base_model.ln_final.weight', torch.Size([512])), ('base_model.ln_final.bias', torch.Size([512]))]
     TTA Dropout Modules Number: 
 0
     TTA Require Gradient Params Sum: 
 25600
Using 5.0 times learning rate for random init module 
### Start Test Time Adaptation
     Epoch[0] Iteration[10/103], entropy: 0.5794, loss: 1.7805, lr: 9.38e-04
     Epoch[0] Iteration[20/103], entropy: 0.3739, loss: 1.5763, lr: 4.06e-04
     Epoch[0] Iteration[30/103], entropy: 0.3531, loss: 1.5752, lr: 3.94e-06
     Epoch[0] Iteration[40/103], entropy: 0.5883, loss: 1.7997, lr: 2.87e-04
     Epoch[0] Iteration[50/103], entropy: 0.3725, loss: 1.6052, lr: 8.64e-04
     Epoch[0] Iteration[60/103], entropy: 0.4335, loss: 1.5890, lr: 9.38e-04
     Epoch[0] Iteration[70/103], entropy: 0.4487, loss: 1.6527, lr: 4.06e-04
     Epoch[0] Iteration[80/103], entropy: 0.4094, loss: 1.6318, lr: 3.94e-06
     Epoch[0] Iteration[90/103], entropy: 0.4641, loss: 1.6526, lr: 2.87e-04
     Epoch[0] Iteration[100/103], entropy: 0.6467, loss: 1.8570, lr: 8.64e-04
     Averaged stats: entropy: 0.4680, loss: 1.6576, lr: 9.65e-04
     itm tta time 0:00:14
### TTA Eval Score: 
+-------+--------+--------+--------+--------+--------+
| epoch |   R1   |   R5   |  R10   |  mAP   |  mINP  |
+-------+--------+--------+--------+--------+--------+
|  -999 | 70.598 | 86.891 | 91.780 | 63.391 | 47.063 |
|   0   | 70.906 | 86.972 | 91.959 | 63.603 | 47.265 |
+-------+--------+--------+--------+--------+--------+
     logs:  {'epo': 0, 'R1': 70.906, 'R5': 86.972, 'R10': 91.959, 'mAP': 63.603, 'mINP': 47.265, 'entropy': 0.4669512748718262, 'loss': 1.6719974040985108, 'lr': 0.0004999999999999998}
     Epoch[1] Iteration[10/103], entropy: 0.3791, loss: 1.5461, lr: 8.19e-04
     Epoch[1] Iteration[20/103], entropy: 0.5306, loss: 1.7756, lr: 2.32e-04
     Epoch[1] Iteration[30/103], entropy: 0.5278, loss: 1.7878, lr: 1.57e-05
     Epoch[1] Iteration[40/103], entropy: 0.5814, loss: 1.8001, lr: 4.69e-04
     Epoch[1] Iteration[50/103], entropy: 0.6016, loss: 1.8506, lr: 9.65e-04
     Epoch[1] Iteration[60/103], entropy: 0.5615, loss: 1.8427, lr: 8.19e-04
     Epoch[1] Iteration[70/103], entropy: 0.4119, loss: 1.5708, lr: 2.32e-04
     Epoch[1] Iteration[80/103], entropy: 0.5686, loss: 1.7868, lr: 1.57e-05
     Epoch[1] Iteration[90/103], entropy: 0.3531, loss: 1.5450, lr: 4.69e-04
     Epoch[1] Iteration[100/103], entropy: 0.5485, loss: 1.7351, lr: 9.65e-04
     Averaged stats: entropy: 0.4610, loss: 1.6368, lr: 1.00e-03
     itm tta time 0:00:14
### TTA Eval Score: 
+-------+--------+--------+--------+--------+--------+
| epoch |   R1   |   R5   |  R10   |  mAP   |  mINP  |
+-------+--------+--------+--------+--------+--------+
|  -999 | 70.598 | 86.891 | 91.780 | 63.391 | 47.063 |
|   0   | 70.906 | 86.972 | 91.959 | 63.603 | 47.265 |
|   1   | 70.679 | 86.988 | 92.040 | 63.427 | 46.995 |
+-------+--------+--------+--------+--------+--------+
     logs:  {'epo': 1, 'R1': 70.679, 'R5': 86.988, 'R10': 92.04, 'mAP': 63.427, 'mINP': 46.995, 'entropy': 0.5064166069030762, 'loss': 1.7240502953529357, 'lr': 0.0005000000000000002}
     Epoch[2] Iteration[10/103], entropy: 0.6484, loss: 1.8408, lr: 6.55e-04
     Epoch[2] Iteration[20/103], entropy: 0.4521, loss: 1.6920, lr: 9.55e-05
     Epoch[2] Iteration[30/103], entropy: 0.5758, loss: 1.8035, lr: 9.55e-05
     Epoch[2] Iteration[40/103], entropy: 0.5844, loss: 1.7860, lr: 6.55e-04
     Epoch[2] Iteration[50/103], entropy: 0.5669, loss: 1.7929, lr: 1.00e-03
     Epoch[2] Iteration[60/103], entropy: 0.5011, loss: 1.7411, lr: 6.55e-04
     Epoch[2] Iteration[70/103], entropy: 0.5106, loss: 1.7245, lr: 9.55e-05
     Epoch[2] Iteration[80/103], entropy: 0.3952, loss: 1.5960, lr: 9.55e-05
     Epoch[2] Iteration[90/103], entropy: 0.5527, loss: 1.8070, lr: 6.55e-04
     Epoch[2] Iteration[100/103], entropy: 0.4036, loss: 1.6703, lr: 1.00e-03
     Averaged stats: entropy: 0.5886, loss: 1.8301, lr: 9.65e-04
     itm tta time 0:00:14
### TTA Eval Score: 
+-------+--------+--------+--------+--------+--------+
| epoch |   R1   |   R5   |  R10   |  mAP   |  mINP  |
+-------+--------+--------+--------+--------+--------+
|  -999 | 70.598 | 86.891 | 91.780 | 63.391 | 47.063 |
|   0   | 70.906 | 86.972 | 91.959 | 63.603 | 47.265 |
|   1   | 70.679 | 86.988 | 92.040 | 63.427 | 46.995 |
|   2   | 70.630 | 86.858 | 91.878 | 63.204 | 46.638 |
+-------+--------+--------+--------+--------+--------+
     logs:  {'epo': 2, 'R1': 70.63, 'R5': 86.858, 'R10': 91.878, 'mAP': 63.204, 'mINP': 46.638, 'entropy': 0.5190705358982086, 'loss': 1.745412254333496, 'lr': 0.0004999999999999998}
     Epoch[3] Iteration[10/103], entropy: 0.4325, loss: 1.6360, lr: 4.69e-04
     Epoch[3] Iteration[20/103], entropy: 0.4123, loss: 1.6134, lr: 1.57e-05
     Epoch[3] Iteration[30/103], entropy: 0.4097, loss: 1.6324, lr: 2.32e-04
     Epoch[3] Iteration[40/103], entropy: 0.6518, loss: 1.8442, lr: 8.19e-04
     Epoch[3] Iteration[50/103], entropy: 0.4371, loss: 1.6769, lr: 9.65e-04
     Epoch[3] Iteration[60/103], entropy: 0.4488, loss: 1.6528, lr: 4.69e-04
     Epoch[3] Iteration[70/103], entropy: 0.4000, loss: 1.6156, lr: 1.57e-05
     Epoch[3] Iteration[80/103], entropy: 0.4165, loss: 1.6180, lr: 2.32e-04
     Epoch[3] Iteration[90/103], entropy: 0.4358, loss: 1.6780, lr: 8.19e-04
     Epoch[3] Iteration[100/103], entropy: 0.4126, loss: 1.6338, lr: 9.65e-04
     Averaged stats: entropy: 0.5440, loss: 1.8002, lr: 8.64e-04
     itm tta time 0:00:14
### TTA Eval Score: 
+-------+--------+--------+--------+--------+--------+
| epoch |   R1   |   R5   |  R10   |  mAP   |  mINP  |
+-------+--------+--------+--------+--------+--------+
|  -999 | 70.598 | 86.891 | 91.780 | 63.391 | 47.063 |
|   0   | 70.906 | 86.972 | 91.959 | 63.603 | 47.265 |
|   1   | 70.679 | 86.988 | 92.040 | 63.427 | 46.995 |
|   2   | 70.630 | 86.858 | 91.878 | 63.204 | 46.638 |
|   3   | 70.240 | 86.420 | 91.748 | 62.906 | 46.331 |
+-------+--------+--------+--------+--------+--------+
     logs:  {'epo': 3, 'R1': 70.24, 'R5': 86.42, 'R10': 91.748, 'mAP': 62.906, 'mINP': 46.331, 'entropy': 0.4457098186016083, 'loss': 1.660136353969574, 'lr': 0.0005000000000000004}
     Epoch[4] Iteration[10/103], entropy: 0.5606, loss: 1.7782, lr: 2.87e-04
     Epoch[4] Iteration[20/103], entropy: 0.4587, loss: 1.6622, lr: 3.94e-06
     Epoch[4] Iteration[30/103], entropy: 0.5369, loss: 1.7941, lr: 4.06e-04
     Epoch[4] Iteration[40/103], entropy: 0.6143, loss: 1.8512, lr: 9.38e-04
     Epoch[4] Iteration[50/103], entropy: 0.5121, loss: 1.7536, lr: 8.64e-04
     Epoch[4] Iteration[60/103], entropy: 0.4638, loss: 1.7546, lr: 2.87e-04
     Epoch[4] Iteration[70/103], entropy: 0.5286, loss: 1.7427, lr: 3.94e-06
     Epoch[4] Iteration[80/103], entropy: 0.5011, loss: 1.7010, lr: 4.06e-04
     Epoch[4] Iteration[90/103], entropy: 0.5783, loss: 1.8234, lr: 9.38e-04
     Epoch[4] Iteration[100/103], entropy: 0.4735, loss: 1.6427, lr: 8.64e-04
     Averaged stats: entropy: 0.6009, loss: 1.8255, lr: 7.13e-04
     itm tta time 0:00:14
### TTA Eval Score: 
+-------+--------+--------+--------+--------+--------+
| epoch |   R1   |   R5   |  R10   |  mAP   |  mINP  |
+-------+--------+--------+--------+--------+--------+
|  -999 | 70.598 | 86.891 | 91.780 | 63.391 | 47.063 |
|   0   | 70.906 | 86.972 | 91.959 | 63.603 | 47.265 |
|   1   | 70.679 | 86.988 | 92.040 | 63.427 | 46.995 |
|   2   | 70.630 | 86.858 | 91.878 | 63.204 | 46.638 |
|   3   | 70.240 | 86.420 | 91.748 | 62.906 | 46.331 |
|   4   | 70.175 | 86.274 | 91.683 | 62.765 | 46.183 |
+-------+--------+--------+--------+--------+--------+
     logs:  {'epo': 4, 'R1': 70.175, 'R5': 86.274, 'R10': 91.683, 'mAP': 62.765, 'mINP': 46.183, 'entropy': 0.5227697759866714, 'loss': 1.7503751158714294, 'lr': 0.0005000000000000004}
     Epoch[5] Iteration[10/103], entropy: 0.3187, loss: 1.5342, lr: 1.36e-04
     Epoch[5] Iteration[20/103], entropy: 0.6336, loss: 1.8416, lr: 6.18e-05
     Epoch[5] Iteration[30/103], entropy: 0.5471, loss: 1.7768, lr: 5.94e-04
     Epoch[5] Iteration[40/103], entropy: 0.7062, loss: 1.9249, lr: 9.96e-04
     Epoch[5] Iteration[50/103], entropy: 0.4424, loss: 1.6615, lr: 7.13e-04
     Epoch[5] Iteration[60/103], entropy: 0.5550, loss: 1.8625, lr: 1.36e-04
     Epoch[5] Iteration[70/103], entropy: 0.5582, loss: 1.8328, lr: 6.18e-05
     Epoch[5] Iteration[80/103], entropy: 0.5850, loss: 1.7889, lr: 5.94e-04
     Epoch[5] Iteration[90/103], entropy: 0.2950, loss: 1.4508, lr: 9.96e-04
     Epoch[5] Iteration[100/103], entropy: 0.4662, loss: 1.7462, lr: 7.13e-04
     Averaged stats: entropy: 0.4734, loss: 1.7221, lr: 5.31e-04
     itm tta time 0:00:14
### TTA Eval Score: 
+-------+--------+--------+--------+--------+--------+
| epoch |   R1   |   R5   |  R10   |  mAP   |  mINP  |
+-------+--------+--------+--------+--------+--------+
|  -999 | 70.598 | 86.891 | 91.780 | 63.391 | 47.063 |
|   0   | 70.906 | 86.972 | 91.959 | 63.603 | 47.265 |
|   1   | 70.679 | 86.988 | 92.040 | 63.427 | 46.995 |
|   2   | 70.630 | 86.858 | 91.878 | 63.204 | 46.638 |
|   3   | 70.240 | 86.420 | 91.748 | 62.906 | 46.331 |
|   4   | 70.175 | 86.274 | 91.683 | 62.765 | 46.183 |
|   5   | 70.045 | 86.290 | 91.553 | 62.529 | 45.843 |
+-------+--------+--------+--------+--------+--------+
     logs:  {'epo': 5, 'R1': 70.045, 'R5': 86.29, 'R10': 91.553, 'mAP': 62.529, 'mINP': 45.843, 'entropy': 0.5107497036457062, 'loss': 1.7420097589492798, 'lr': 0.0004999999999999996}
     Epoch[6] Iteration[10/103], entropy: 0.4478, loss: 1.6723, lr: 3.51e-05
     Epoch[6] Iteration[20/103], entropy: 0.3993, loss: 1.5809, lr: 1.81e-04
     Epoch[6] Iteration[30/103], entropy: 0.4269, loss: 1.7067, lr: 7.68e-04
     Epoch[6] Iteration[40/103], entropy: 0.6293, loss: 1.8720, lr: 9.84e-04
     Epoch[6] Iteration[50/103], entropy: 0.4237, loss: 1.7000, lr: 5.31e-04
     Epoch[6] Iteration[60/103], entropy: 0.5097, loss: 1.7581, lr: 3.51e-05
     Epoch[6] Iteration[70/103], entropy: 0.5798, loss: 1.8155, lr: 1.81e-04
     Epoch[6] Iteration[80/103], entropy: 0.5398, loss: 1.7691, lr: 7.68e-04
     Epoch[6] Iteration[90/103], entropy: 0.4852, loss: 1.6928, lr: 9.84e-04
     Epoch[6] Iteration[100/103], entropy: 0.4497, loss: 1.7180, lr: 5.31e-04
     Averaged stats: entropy: 0.5554, loss: 1.8226, lr: 3.45e-04
     itm tta time 0:00:15
### TTA Eval Score: 
+-------+--------+--------+--------+--------+--------+
| epoch |   R1   |   R5   |  R10   |  mAP   |  mINP  |
+-------+--------+--------+--------+--------+--------+
|  -999 | 70.598 | 86.891 | 91.780 | 63.391 | 47.063 |
|   0   | 70.906 | 86.972 | 91.959 | 63.603 | 47.265 |
|   1   | 70.679 | 86.988 | 92.040 | 63.427 | 46.995 |
|   2   | 70.630 | 86.858 | 91.878 | 63.204 | 46.638 |
|   3   | 70.240 | 86.420 | 91.748 | 62.906 | 46.331 |
|   4   | 70.175 | 86.274 | 91.683 | 62.765 | 46.183 |
|   5   | 70.045 | 86.290 | 91.553 | 62.529 | 45.843 |
|   6   | 69.981 | 86.192 | 91.683 | 62.331 | 45.640 |
+-------+--------+--------+--------+--------+--------+
     logs:  {'epo': 6, 'R1': 69.981, 'R5': 86.192, 'R10': 91.683, 'mAP': 62.331, 'mINP': 45.64, 'entropy': 0.4891204506158829, 'loss': 1.7285353660583496, 'lr': 0.0005000000000000006}
     Epoch[7] Iteration[10/103], entropy: 0.4646, loss: 1.7023, lr: 0.00e+00
     Epoch[7] Iteration[20/103], entropy: 0.5812, loss: 1.8794, lr: 3.45e-04
     Epoch[7] Iteration[30/103], entropy: 0.4521, loss: 1.6883, lr: 9.05e-04
     Epoch[7] Iteration[40/103], entropy: 0.4646, loss: 1.6647, lr: 9.05e-04
     Epoch[7] Iteration[50/103], entropy: 0.4040, loss: 1.6410, lr: 3.45e-04
     Epoch[7] Iteration[60/103], entropy: 0.4398, loss: 1.6356, lr: 0.00e+00
     Epoch[7] Iteration[70/103], entropy: 0.5003, loss: 1.7709, lr: 3.45e-04
     Epoch[7] Iteration[80/103], entropy: 0.4766, loss: 1.6882, lr: 9.05e-04
     Epoch[7] Iteration[90/103], entropy: 0.3614, loss: 1.5629, lr: 9.05e-04
     Epoch[7] Iteration[100/103], entropy: 0.7584, loss: 1.9966, lr: 3.45e-04
     Averaged stats: entropy: 0.3952, loss: 1.6884, lr: 1.81e-04
     itm tta time 0:00:14
### TTA Eval Score: 
+-------+--------+--------+--------+--------+--------+
| epoch |   R1   |   R5   |  R10   |  mAP   |  mINP  |
+-------+--------+--------+--------+--------+--------+
|  -999 | 70.598 | 86.891 | 91.780 | 63.391 | 47.063 |
|   0   | 70.906 | 86.972 | 91.959 | 63.603 | 47.265 |
|   1   | 70.679 | 86.988 | 92.040 | 63.427 | 46.995 |
|   2   | 70.630 | 86.858 | 91.878 | 63.204 | 46.638 |
|   3   | 70.240 | 86.420 | 91.748 | 62.906 | 46.331 |
|   4   | 70.175 | 86.274 | 91.683 | 62.765 | 46.183 |
|   5   | 70.045 | 86.290 | 91.553 | 62.529 | 45.843 |
|   6   | 69.981 | 86.192 | 91.683 | 62.331 | 45.640 |
|   7   | 69.883 | 85.981 | 91.504 | 62.231 | 45.525 |
+-------+--------+--------+--------+--------+--------+
     logs:  {'epo': 7, 'R1': 69.883, 'R5': 85.981, 'R10': 91.504, 'mAP': 62.231, 'mINP': 45.525, 'entropy': 0.4902963787317276, 'loss': 1.7229986786842346, 'lr': 0.0004999999999999987}
     Epoch[8] Iteration[10/103], entropy: 0.5549, loss: 1.8062, lr: 3.51e-05
     Epoch[8] Iteration[20/103], entropy: 0.5907, loss: 1.8687, lr: 5.31e-04
     Epoch[8] Iteration[30/103], entropy: 0.4814, loss: 1.6749, lr: 9.84e-04
     Epoch[8] Iteration[40/103], entropy: 0.3338, loss: 1.5797, lr: 7.68e-04
     Epoch[8] Iteration[50/103], entropy: 0.5303, loss: 1.7372, lr: 1.81e-04
     Epoch[8] Iteration[60/103], entropy: 0.4872, loss: 1.7224, lr: 3.51e-05
     Epoch[8] Iteration[70/103], entropy: 0.3755, loss: 1.6079, lr: 5.31e-04
     Epoch[8] Iteration[80/103], entropy: 0.3961, loss: 1.6334, lr: 9.84e-04
     Epoch[8] Iteration[90/103], entropy: 0.6573, loss: 1.8486, lr: 7.68e-04
     Epoch[8] Iteration[100/103], entropy: 0.4589, loss: 1.6946, lr: 1.81e-04
     Averaged stats: entropy: 0.4036, loss: 1.6934, lr: 6.18e-05
     itm tta time 0:00:14
### TTA Eval Score: 
+-------+--------+--------+--------+--------+--------+
| epoch |   R1   |   R5   |  R10   |  mAP   |  mINP  |
+-------+--------+--------+--------+--------+--------+
|  -999 | 70.598 | 86.891 | 91.780 | 63.391 | 47.063 |
|   0   | 70.906 | 86.972 | 91.959 | 63.603 | 47.265 |
|   1   | 70.679 | 86.988 | 92.040 | 63.427 | 46.995 |
|   2   | 70.630 | 86.858 | 91.878 | 63.204 | 46.638 |
|   3   | 70.240 | 86.420 | 91.748 | 62.906 | 46.331 |
|   4   | 70.175 | 86.274 | 91.683 | 62.765 | 46.183 |
|   5   | 70.045 | 86.290 | 91.553 | 62.529 | 45.843 |
|   6   | 69.981 | 86.192 | 91.683 | 62.331 | 45.640 |
|   7   | 69.883 | 85.981 | 91.504 | 62.231 | 45.525 |
|   8   | 69.656 | 85.949 | 91.342 | 62.030 | 45.313 |
+-------+--------+--------+--------+--------+--------+
     logs:  {'epo': 8, 'R1': 69.656, 'R5': 85.949, 'R10': 91.342, 'mAP': 62.03, 'mINP': 45.313, 'entropy': 0.4866155743598938, 'loss': 1.7173594236373901, 'lr': 0.0005000000000000013}
     Epoch[9] Iteration[10/103], entropy: 0.4405, loss: 1.6590, lr: 1.36e-04
     Epoch[9] Iteration[20/103], entropy: 0.5076, loss: 1.7137, lr: 7.13e-04
     Epoch[9] Iteration[30/103], entropy: 0.3913, loss: 1.5674, lr: 9.96e-04
     Epoch[9] Iteration[40/103], entropy: 0.3729, loss: 1.6338, lr: 5.94e-04
     Epoch[9] Iteration[50/103], entropy: 0.6699, loss: 2.0138, lr: 6.18e-05
     Epoch[9] Iteration[60/103], entropy: 0.6515, loss: 1.8813, lr: 1.36e-04
     Epoch[9] Iteration[70/103], entropy: 0.6860, loss: 1.9133, lr: 7.13e-04
     Epoch[9] Iteration[80/103], entropy: 0.6315, loss: 1.9077, lr: 9.96e-04
     Epoch[9] Iteration[90/103], entropy: 0.4982, loss: 1.7100, lr: 5.94e-04
     Epoch[9] Iteration[100/103], entropy: 0.2572, loss: 1.4687, lr: 6.18e-05
     Averaged stats: entropy: 0.5684, loss: 1.7937, lr: 3.94e-06
     itm tta time 0:00:15
### TTA Eval Score: 
+-------+--------+--------+--------+--------+--------+
| epoch |   R1   |   R5   |  R10   |  mAP   |  mINP  |
+-------+--------+--------+--------+--------+--------+
|  -999 | 70.598 | 86.891 | 91.780 | 63.391 | 47.063 |
|   0   | 70.906 | 86.972 | 91.959 | 63.603 | 47.265 |
|   1   | 70.679 | 86.988 | 92.040 | 63.427 | 46.995 |
|   2   | 70.630 | 86.858 | 91.878 | 63.204 | 46.638 |
|   3   | 70.240 | 86.420 | 91.748 | 62.906 | 46.331 |
|   4   | 70.175 | 86.274 | 91.683 | 62.765 | 46.183 |
|   5   | 70.045 | 86.290 | 91.553 | 62.529 | 45.843 |
|   6   | 69.981 | 86.192 | 91.683 | 62.331 | 45.640 |
|   7   | 69.883 | 85.981 | 91.504 | 62.231 | 45.525 |
|   8   | 69.656 | 85.949 | 91.342 | 62.030 | 45.313 |
|   9   | 69.769 | 85.949 | 91.309 | 62.006 | 45.256 |
+-------+--------+--------+--------+--------+--------+
     logs:  {'epo': 9, 'R1': 69.769, 'R5': 85.949, 'R10': 91.309, 'mAP': 62.006, 'mINP': 45.256, 'entropy': 0.5106497764587402, 'loss': 1.746869194507599, 'lr': 0.0005000000000000001}
     Epoch[10] Iteration[10/103], entropy: 0.5523, loss: 1.8004, lr: 2.87e-04
     Epoch[10] Iteration[20/103], entropy: 0.3624, loss: 1.5398, lr: 8.64e-04
     Epoch[10] Iteration[30/103], entropy: 0.5506, loss: 1.7955, lr: 9.38e-04
     Epoch[10] Iteration[40/103], entropy: 0.3799, loss: 1.6703, lr: 4.06e-04
     Epoch[10] Iteration[50/103], entropy: 0.3526, loss: 1.6099, lr: 3.94e-06
     Epoch[10] Iteration[60/103], entropy: 0.5324, loss: 1.8150, lr: 2.87e-04
     Epoch[10] Iteration[70/103], entropy: 0.3997, loss: 1.6330, lr: 8.64e-04
     Epoch[10] Iteration[80/103], entropy: 0.4960, loss: 1.7766, lr: 9.38e-04
     Epoch[10] Iteration[90/103], entropy: 0.3723, loss: 1.6650, lr: 4.06e-04
     Epoch[10] Iteration[100/103], entropy: 0.3958, loss: 1.6245, lr: 3.94e-06
     Averaged stats: entropy: 0.4919, loss: 1.7554, lr: 1.57e-05
     itm tta time 0:00:14
### TTA Eval Score: 
+-------+--------+--------+--------+--------+--------+
| epoch |   R1   |   R5   |  R10   |  mAP   |  mINP  |
+-------+--------+--------+--------+--------+--------+
|  -999 | 70.598 | 86.891 | 91.780 | 63.391 | 47.063 |
|   0   | 70.906 | 86.972 | 91.959 | 63.603 | 47.265 |
|   1   | 70.679 | 86.988 | 92.040 | 63.427 | 46.995 |
|   2   | 70.630 | 86.858 | 91.878 | 63.204 | 46.638 |
|   3   | 70.240 | 86.420 | 91.748 | 62.906 | 46.331 |
|   4   | 70.175 | 86.274 | 91.683 | 62.765 | 46.183 |
|   5   | 70.045 | 86.290 | 91.553 | 62.529 | 45.843 |
|   6   | 69.981 | 86.192 | 91.683 | 62.331 | 45.640 |
|   7   | 69.883 | 85.981 | 91.504 | 62.231 | 45.525 |
|   8   | 69.656 | 85.949 | 91.342 | 62.030 | 45.313 |
|   9   | 69.769 | 85.949 | 91.309 | 62.006 | 45.256 |
|   10  | 69.639 | 85.737 | 91.212 | 61.976 | 45.164 |
+-------+--------+--------+--------+--------+--------+
     logs:  {'epo': 10, 'R1': 69.639, 'R5': 85.737, 'R10': 91.212, 'mAP': 61.976, 'mINP': 45.164, 'entropy': 0.4394069939851761, 'loss': 1.6930131673812867, 'lr': 0.0004999999999999991}
     Epoch[11] Iteration[10/103], entropy: 0.2596, loss: 1.5146, lr: 4.69e-04
     Epoch[11] Iteration[20/103], entropy: 0.4936, loss: 1.6823, lr: 9.65e-04
     Epoch[11] Iteration[30/103], entropy: 0.3324, loss: 1.5397, lr: 8.19e-04
     Epoch[11] Iteration[40/103], entropy: 0.3273, loss: 1.6213, lr: 2.32e-04
     Epoch[11] Iteration[50/103], entropy: 0.3958, loss: 1.6716, lr: 1.57e-05
     Epoch[11] Iteration[60/103], entropy: 0.4280, loss: 1.6195, lr: 4.69e-04
     Epoch[11] Iteration[70/103], entropy: 0.4705, loss: 1.7203, lr: 9.65e-04
     Epoch[11] Iteration[80/103], entropy: 0.4160, loss: 1.7279, lr: 8.19e-04
     Epoch[11] Iteration[90/103], entropy: 0.5082, loss: 1.7327, lr: 2.32e-04
     Epoch[11] Iteration[100/103], entropy: 0.2599, loss: 1.4612, lr: 1.57e-05
     Averaged stats: entropy: 0.3232, loss: 1.5841, lr: 9.55e-05
     itm tta time 0:00:14
### TTA Eval Score: 
+-------+--------+--------+--------+--------+--------+
| epoch |   R1   |   R5   |  R10   |  mAP   |  mINP  |
+-------+--------+--------+--------+--------+--------+
|  -999 | 70.598 | 86.891 | 91.780 | 63.391 | 47.063 |
|   0   | 70.906 | 86.972 | 91.959 | 63.603 | 47.265 |
|   1   | 70.679 | 86.988 | 92.040 | 63.427 | 46.995 |
|   2   | 70.630 | 86.858 | 91.878 | 63.204 | 46.638 |
|   3   | 70.240 | 86.420 | 91.748 | 62.906 | 46.331 |
|   4   | 70.175 | 86.274 | 91.683 | 62.765 | 46.183 |
|   5   | 70.045 | 86.290 | 91.553 | 62.529 | 45.843 |
|   6   | 69.981 | 86.192 | 91.683 | 62.331 | 45.640 |
|   7   | 69.883 | 85.981 | 91.504 | 62.231 | 45.525 |
|   8   | 69.656 | 85.949 | 91.342 | 62.030 | 45.313 |
|   9   | 69.769 | 85.949 | 91.309 | 62.006 | 45.256 |
|   10  | 69.639 | 85.737 | 91.212 | 61.976 | 45.164 |
|   11  | 69.379 | 85.786 | 91.196 | 61.795 | 45.031 |
+-------+--------+--------+--------+--------+--------+
     logs:  {'epo': 11, 'R1': 69.379, 'R5': 85.786, 'R10': 91.196, 'mAP': 61.795, 'mINP': 45.031, 'entropy': 0.38912165760993955, 'loss': 1.6291061401367188, 'lr': 0.0004999999999999998}
     Epoch[12] Iteration[10/103], entropy: 0.3475, loss: 1.5239, lr: 6.55e-04
     Epoch[12] Iteration[20/103], entropy: 0.4454, loss: 1.6432, lr: 1.00e-03
     Epoch[12] Iteration[30/103], entropy: 0.4120, loss: 1.6291, lr: 6.55e-04
     Epoch[12] Iteration[40/103], entropy: 0.5032, loss: 1.7249, lr: 9.55e-05
     Epoch[12] Iteration[50/103], entropy: 0.3561, loss: 1.5889, lr: 9.55e-05
     Epoch[12] Iteration[60/103], entropy: 0.4639, loss: 1.7807, lr: 6.55e-04
     Epoch[12] Iteration[70/103], entropy: 0.5031, loss: 1.8167, lr: 1.00e-03
     Epoch[12] Iteration[80/103], entropy: 0.4530, loss: 1.7361, lr: 6.55e-04
     Epoch[12] Iteration[90/103], entropy: 0.5375, loss: 1.8213, lr: 9.55e-05
     Epoch[12] Iteration[100/103], entropy: 0.5411, loss: 1.7801, lr: 9.55e-05
     Averaged stats: entropy: 0.5119, loss: 1.7788, lr: 2.32e-04
     itm tta time 0:00:14
### TTA Eval Score: 
+-------+--------+--------+--------+--------+--------+
| epoch |   R1   |   R5   |  R10   |  mAP   |  mINP  |
+-------+--------+--------+--------+--------+--------+
|  -999 | 70.598 | 86.891 | 91.780 | 63.391 | 47.063 |
|   0   | 70.906 | 86.972 | 91.959 | 63.603 | 47.265 |
|   1   | 70.679 | 86.988 | 92.040 | 63.427 | 46.995 |
|   2   | 70.630 | 86.858 | 91.878 | 63.204 | 46.638 |
|   3   | 70.240 | 86.420 | 91.748 | 62.906 | 46.331 |
|   4   | 70.175 | 86.274 | 91.683 | 62.765 | 46.183 |
|   5   | 70.045 | 86.290 | 91.553 | 62.529 | 45.843 |
|   6   | 69.981 | 86.192 | 91.683 | 62.331 | 45.640 |
|   7   | 69.883 | 85.981 | 91.504 | 62.231 | 45.525 |
|   8   | 69.656 | 85.949 | 91.342 | 62.030 | 45.313 |
|   9   | 69.769 | 85.949 | 91.309 | 62.006 | 45.256 |
|   10  | 69.639 | 85.737 | 91.212 | 61.976 | 45.164 |
|   11  | 69.379 | 85.786 | 91.196 | 61.795 | 45.031 |
|   12  | 69.217 | 85.884 | 91.131 | 61.777 | 44.988 |
+-------+--------+--------+--------+--------+--------+
     logs:  {'epo': 12, 'R1': 69.217, 'R5': 85.884, 'R10': 91.131, 'mAP': 61.777, 'mINP': 44.988, 'entropy': 0.45628162622451784, 'loss': 1.7044889211654664, 'lr': 0.0005000000000000019}
     Epoch[13] Iteration[10/103], entropy: 0.4991, loss: 1.8050, lr: 8.19e-04
     Epoch[13] Iteration[20/103], entropy: 0.3599, loss: 1.6028, lr: 9.65e-04
     Epoch[13] Iteration[30/103], entropy: 0.3276, loss: 1.6239, lr: 4.69e-04
     Epoch[13] Iteration[40/103], entropy: 0.4104, loss: 1.6792, lr: 1.57e-05
     Epoch[13] Iteration[50/103], entropy: 0.4273, loss: 1.6603, lr: 2.32e-04
     Epoch[13] Iteration[60/103], entropy: 0.4634, loss: 1.6415, lr: 8.19e-04
     Epoch[13] Iteration[70/103], entropy: 0.5549, loss: 1.8106, lr: 9.65e-04
     Epoch[13] Iteration[80/103], entropy: 0.4494, loss: 1.7061, lr: 4.69e-04
     Epoch[13] Iteration[90/103], entropy: 0.4405, loss: 1.6951, lr: 1.57e-05
     Epoch[13] Iteration[100/103], entropy: 0.4555, loss: 1.7429, lr: 2.32e-04
     Averaged stats: entropy: 0.2732, loss: 1.4747, lr: 4.06e-04
     itm tta time 0:00:14
### TTA Eval Score: 
+-------+--------+--------+--------+--------+--------+
| epoch |   R1   |   R5   |  R10   |  mAP   |  mINP  |
+-------+--------+--------+--------+--------+--------+
|  -999 | 70.598 | 86.891 | 91.780 | 63.391 | 47.063 |
|   0   | 70.906 | 86.972 | 91.959 | 63.603 | 47.265 |
|   1   | 70.679 | 86.988 | 92.040 | 63.427 | 46.995 |
|   2   | 70.630 | 86.858 | 91.878 | 63.204 | 46.638 |
|   3   | 70.240 | 86.420 | 91.748 | 62.906 | 46.331 |
|   4   | 70.175 | 86.274 | 91.683 | 62.765 | 46.183 |
|   5   | 70.045 | 86.290 | 91.553 | 62.529 | 45.843 |
|   6   | 69.981 | 86.192 | 91.683 | 62.331 | 45.640 |
|   7   | 69.883 | 85.981 | 91.504 | 62.231 | 45.525 |
|   8   | 69.656 | 85.949 | 91.342 | 62.030 | 45.313 |
|   9   | 69.769 | 85.949 | 91.309 | 62.006 | 45.256 |
|   10  | 69.639 | 85.737 | 91.212 | 61.976 | 45.164 |
|   11  | 69.379 | 85.786 | 91.196 | 61.795 | 45.031 |
|   12  | 69.217 | 85.884 | 91.131 | 61.777 | 44.988 |
|   13  | 69.201 | 85.559 | 91.082 | 61.632 | 44.818 |
+-------+--------+--------+--------+--------+--------+
     logs:  {'epo': 13, 'R1': 69.201, 'R5': 85.559, 'R10': 91.082, 'mAP': 61.632, 'mINP': 44.818, 'entropy': 0.43879185020923617, 'loss': 1.6967569828033446, 'lr': 0.0004999999999999998}
     Epoch[14] Iteration[10/103], entropy: 0.3531, loss: 1.5541, lr: 9.38e-04
     Epoch[14] Iteration[20/103], entropy: 0.5467, loss: 1.8062, lr: 8.64e-04
     Epoch[14] Iteration[30/103], entropy: 0.5348, loss: 1.8160, lr: 2.87e-04
     Epoch[14] Iteration[40/103], entropy: 0.4583, loss: 1.6346, lr: 3.94e-06
     Epoch[14] Iteration[50/103], entropy: 0.5011, loss: 1.8035, lr: 4.06e-04
     Epoch[14] Iteration[60/103], entropy: 0.6239, loss: 1.8658, lr: 9.38e-04
     Epoch[14] Iteration[70/103], entropy: 0.5449, loss: 1.7876, lr: 8.64e-04
     Epoch[14] Iteration[80/103], entropy: 0.5671, loss: 1.7731, lr: 2.87e-04
     Epoch[14] Iteration[90/103], entropy: 0.4157, loss: 1.6496, lr: 3.94e-06
     Epoch[14] Iteration[100/103], entropy: 0.4330, loss: 1.6286, lr: 4.06e-04
     Averaged stats: entropy: 0.5117, loss: 1.7364, lr: 5.94e-04
     itm tta time 0:00:14
### TTA Eval Score: 
+-------+--------+--------+--------+--------+--------+
| epoch |   R1   |   R5   |  R10   |  mAP   |  mINP  |
+-------+--------+--------+--------+--------+--------+
|  -999 | 70.598 | 86.891 | 91.780 | 63.391 | 47.063 |
|   0   | 70.906 | 86.972 | 91.959 | 63.603 | 47.265 |
|   1   | 70.679 | 86.988 | 92.040 | 63.427 | 46.995 |
|   2   | 70.630 | 86.858 | 91.878 | 63.204 | 46.638 |
|   3   | 70.240 | 86.420 | 91.748 | 62.906 | 46.331 |
|   4   | 70.175 | 86.274 | 91.683 | 62.765 | 46.183 |
|   5   | 70.045 | 86.290 | 91.553 | 62.529 | 45.843 |
|   6   | 69.981 | 86.192 | 91.683 | 62.331 | 45.640 |
|   7   | 69.883 | 85.981 | 91.504 | 62.231 | 45.525 |
|   8   | 69.656 | 85.949 | 91.342 | 62.030 | 45.313 |
|   9   | 69.769 | 85.949 | 91.309 | 62.006 | 45.256 |
|   10  | 69.639 | 85.737 | 91.212 | 61.976 | 45.164 |
|   11  | 69.379 | 85.786 | 91.196 | 61.795 | 45.031 |
|   12  | 69.217 | 85.884 | 91.131 | 61.777 | 44.988 |
|   13  | 69.201 | 85.559 | 91.082 | 61.632 | 44.818 |
|   14  | 69.250 | 85.575 | 90.936 | 61.532 | 44.621 |
+-------+--------+--------+--------+--------+--------+
     logs:  {'epo': 14, 'R1': 69.25, 'R5': 85.575, 'R10': 90.936, 'mAP': 61.532, 'mINP': 44.621, 'entropy': 0.4978677064180374, 'loss': 1.7319044113159179, 'lr': 0.0004999999999999989}
     Epoch[15] Iteration[10/103], entropy: 0.4850, loss: 1.8018, lr: 9.96e-04
     Epoch[15] Iteration[20/103], entropy: 0.4205, loss: 1.6528, lr: 7.13e-04
     Epoch[15] Iteration[30/103], entropy: 0.3592, loss: 1.6851, lr: 1.36e-04
     Epoch[15] Iteration[40/103], entropy: 0.5745, loss: 1.8249, lr: 6.18e-05
     Epoch[15] Iteration[50/103], entropy: 0.4115, loss: 1.6469, lr: 5.94e-04
     Epoch[15] Iteration[60/103], entropy: 0.4117, loss: 1.6598, lr: 9.96e-04
     Epoch[15] Iteration[70/103], entropy: 0.5127, loss: 1.8096, lr: 7.13e-04
     Epoch[15] Iteration[80/103], entropy: 0.4585, loss: 1.6459, lr: 1.36e-04
     Epoch[15] Iteration[90/103], entropy: 0.2102, loss: 1.4460, lr: 6.18e-05
     Epoch[15] Iteration[100/103], entropy: 0.4453, loss: 1.6857, lr: 5.94e-04
     Averaged stats: entropy: 0.3336, loss: 1.5937, lr: 7.68e-04
     itm tta time 0:00:14
### TTA Eval Score: 
+-------+--------+--------+--------+--------+--------+
| epoch |   R1   |   R5   |  R10   |  mAP   |  mINP  |
+-------+--------+--------+--------+--------+--------+
|  -999 | 70.598 | 86.891 | 91.780 | 63.391 | 47.063 |
|   0   | 70.906 | 86.972 | 91.959 | 63.603 | 47.265 |
|   1   | 70.679 | 86.988 | 92.040 | 63.427 | 46.995 |
|   2   | 70.630 | 86.858 | 91.878 | 63.204 | 46.638 |
|   3   | 70.240 | 86.420 | 91.748 | 62.906 | 46.331 |
|   4   | 70.175 | 86.274 | 91.683 | 62.765 | 46.183 |
|   5   | 70.045 | 86.290 | 91.553 | 62.529 | 45.843 |
|   6   | 69.981 | 86.192 | 91.683 | 62.331 | 45.640 |
|   7   | 69.883 | 85.981 | 91.504 | 62.231 | 45.525 |
|   8   | 69.656 | 85.949 | 91.342 | 62.030 | 45.313 |
|   9   | 69.769 | 85.949 | 91.309 | 62.006 | 45.256 |
|   10  | 69.639 | 85.737 | 91.212 | 61.976 | 45.164 |
|   11  | 69.379 | 85.786 | 91.196 | 61.795 | 45.031 |
|   12  | 69.217 | 85.884 | 91.131 | 61.777 | 44.988 |
|   13  | 69.201 | 85.559 | 91.082 | 61.632 | 44.818 |
|   14  | 69.250 | 85.575 | 90.936 | 61.532 | 44.621 |
|   15  | 69.038 | 85.608 | 91.082 | 61.539 | 44.661 |
+-------+--------+--------+--------+--------+--------+
     logs:  {'epo': 15, 'R1': 69.038, 'R5': 85.608, 'R10': 91.082, 'mAP': 61.539, 'mINP': 44.661, 'entropy': 0.428907310962677, 'loss': 1.685854434967041, 'lr': 0.0004999999999999998}
     Epoch[16] Iteration[10/103], entropy: 0.3981, loss: 1.6519, lr: 9.84e-04
     Epoch[16] Iteration[20/103], entropy: 0.5170, loss: 1.8380, lr: 5.31e-04
     Epoch[16] Iteration[30/103], entropy: 0.2626, loss: 1.5465, lr: 3.51e-05
     Epoch[16] Iteration[40/103], entropy: 0.4436, loss: 1.7280, lr: 1.81e-04
     Epoch[16] Iteration[50/103], entropy: 0.3155, loss: 1.5577, lr: 7.68e-04
     Epoch[16] Iteration[60/103], entropy: 0.3905, loss: 1.6248, lr: 9.84e-04
     Epoch[16] Iteration[70/103], entropy: 0.4929, loss: 1.7391, lr: 5.31e-04
     Epoch[16] Iteration[80/103], entropy: 0.2912, loss: 1.5193, lr: 3.51e-05
     Epoch[16] Iteration[90/103], entropy: 0.4778, loss: 1.8217, lr: 1.81e-04
     Epoch[16] Iteration[100/103], entropy: 0.3228, loss: 1.5080, lr: 7.68e-04
     Averaged stats: entropy: 0.3678, loss: 1.6085, lr: 9.05e-04
     itm tta time 0:00:14
### TTA Eval Score: 
+-------+--------+--------+--------+--------+--------+
| epoch |   R1   |   R5   |  R10   |  mAP   |  mINP  |
+-------+--------+--------+--------+--------+--------+
|  -999 | 70.598 | 86.891 | 91.780 | 63.391 | 47.063 |
|   0   | 70.906 | 86.972 | 91.959 | 63.603 | 47.265 |
|   1   | 70.679 | 86.988 | 92.040 | 63.427 | 46.995 |
|   2   | 70.630 | 86.858 | 91.878 | 63.204 | 46.638 |
|   3   | 70.240 | 86.420 | 91.748 | 62.906 | 46.331 |
|   4   | 70.175 | 86.274 | 91.683 | 62.765 | 46.183 |
|   5   | 70.045 | 86.290 | 91.553 | 62.529 | 45.843 |
|   6   | 69.981 | 86.192 | 91.683 | 62.331 | 45.640 |
|   7   | 69.883 | 85.981 | 91.504 | 62.231 | 45.525 |
|   8   | 69.656 | 85.949 | 91.342 | 62.030 | 45.313 |
|   9   | 69.769 | 85.949 | 91.309 | 62.006 | 45.256 |
|   10  | 69.639 | 85.737 | 91.212 | 61.976 | 45.164 |
|   11  | 69.379 | 85.786 | 91.196 | 61.795 | 45.031 |
|   12  | 69.217 | 85.884 | 91.131 | 61.777 | 44.988 |
|   13  | 69.201 | 85.559 | 91.082 | 61.632 | 44.818 |
|   14  | 69.250 | 85.575 | 90.936 | 61.532 | 44.621 |
|   15  | 69.038 | 85.608 | 91.082 | 61.539 | 44.661 |
|   16  | 69.006 | 85.494 | 91.001 | 61.456 | 44.594 |
+-------+--------+--------+--------+--------+--------+
     logs:  {'epo': 16, 'R1': 69.006, 'R5': 85.494, 'R10': 91.001, 'mAP': 61.456, 'mINP': 44.594, 'entropy': 0.39121408462524415, 'loss': 1.65351722240448, 'lr': 0.0005000000000000028}
     Epoch[17] Iteration[10/103], entropy: 0.3713, loss: 1.6866, lr: 9.05e-04
     Epoch[17] Iteration[20/103], entropy: 0.2701, loss: 1.5192, lr: 3.45e-04
     Epoch[17] Iteration[30/103], entropy: 0.3257, loss: 1.5442, lr: 0.00e+00
     Epoch[17] Iteration[40/103], entropy: 0.3364, loss: 1.6138, lr: 3.45e-04
     Epoch[17] Iteration[50/103], entropy: 0.4455, loss: 1.7229, lr: 9.05e-04
     Epoch[17] Iteration[60/103], entropy: 0.4271, loss: 1.6857, lr: 9.05e-04
     Epoch[17] Iteration[70/103], entropy: 0.2731, loss: 1.4648, lr: 3.45e-04
     Epoch[17] Iteration[80/103], entropy: 0.3689, loss: 1.5630, lr: 0.00e+00
     Epoch[17] Iteration[90/103], entropy: 0.4633, loss: 1.6818, lr: 3.45e-04
     Epoch[17] Iteration[100/103], entropy: 0.4344, loss: 1.6734, lr: 9.05e-04
     Averaged stats: entropy: 0.4964, loss: 1.7639, lr: 9.84e-04
     itm tta time 0:00:14
### TTA Eval Score: 
+-------+--------+--------+--------+--------+--------+
| epoch |   R1   |   R5   |  R10   |  mAP   |  mINP  |
+-------+--------+--------+--------+--------+--------+
|  -999 | 70.598 | 86.891 | 91.780 | 63.391 | 47.063 |
|   0   | 70.906 | 86.972 | 91.959 | 63.603 | 47.265 |
|   1   | 70.679 | 86.988 | 92.040 | 63.427 | 46.995 |
|   2   | 70.630 | 86.858 | 91.878 | 63.204 | 46.638 |
|   3   | 70.240 | 86.420 | 91.748 | 62.906 | 46.331 |
|   4   | 70.175 | 86.274 | 91.683 | 62.765 | 46.183 |
|   5   | 70.045 | 86.290 | 91.553 | 62.529 | 45.843 |
|   6   | 69.981 | 86.192 | 91.683 | 62.331 | 45.640 |
|   7   | 69.883 | 85.981 | 91.504 | 62.231 | 45.525 |
|   8   | 69.656 | 85.949 | 91.342 | 62.030 | 45.313 |
|   9   | 69.769 | 85.949 | 91.309 | 62.006 | 45.256 |
|   10  | 69.639 | 85.737 | 91.212 | 61.976 | 45.164 |
|   11  | 69.379 | 85.786 | 91.196 | 61.795 | 45.031 |
|   12  | 69.217 | 85.884 | 91.131 | 61.777 | 44.988 |
|   13  | 69.201 | 85.559 | 91.082 | 61.632 | 44.818 |
|   14  | 69.250 | 85.575 | 90.936 | 61.532 | 44.621 |
|   15  | 69.038 | 85.608 | 91.082 | 61.539 | 44.661 |
|   16  | 69.006 | 85.494 | 91.001 | 61.456 | 44.594 |
|   17  | 68.990 | 85.315 | 90.854 | 61.315 | 44.422 |
+-------+--------+--------+--------+--------+--------+
     logs:  {'epo': 17, 'R1': 68.99, 'R5': 85.315, 'R10': 90.854, 'mAP': 61.315, 'mINP': 44.422, 'entropy': 0.37158008813858034, 'loss': 1.615536141395569, 'lr': 0.0005000000000000041}
     Epoch[18] Iteration[10/103], entropy: 0.5404, loss: 1.7991, lr: 7.68e-04
     Epoch[18] Iteration[20/103], entropy: 0.2927, loss: 1.5555, lr: 1.81e-04
     Epoch[18] Iteration[30/103], entropy: 0.3576, loss: 1.5422, lr: 3.51e-05
     Epoch[18] Iteration[40/103], entropy: 0.5677, loss: 1.8509, lr: 5.31e-04
     Epoch[18] Iteration[50/103], entropy: 0.5469, loss: 1.7205, lr: 9.84e-04
     Epoch[18] Iteration[60/103], entropy: 0.4201, loss: 1.6317, lr: 7.68e-04
     Epoch[18] Iteration[70/103], entropy: 0.2717, loss: 1.5893, lr: 1.81e-04
     Epoch[18] Iteration[80/103], entropy: 0.5862, loss: 1.8298, lr: 3.51e-05
     Epoch[18] Iteration[90/103], entropy: 0.4272, loss: 1.6869, lr: 5.31e-04
     Epoch[18] Iteration[100/103], entropy: 0.5005, loss: 1.7251, lr: 9.84e-04
     Averaged stats: entropy: 0.3380, loss: 1.6093, lr: 9.96e-04
     itm tta time 0:00:14
### TTA Eval Score: 
+-------+--------+--------+--------+--------+--------+
| epoch |   R1   |   R5   |  R10   |  mAP   |  mINP  |
+-------+--------+--------+--------+--------+--------+
|  -999 | 70.598 | 86.891 | 91.780 | 63.391 | 47.063 |
|   0   | 70.906 | 86.972 | 91.959 | 63.603 | 47.265 |
|   1   | 70.679 | 86.988 | 92.040 | 63.427 | 46.995 |
|   2   | 70.630 | 86.858 | 91.878 | 63.204 | 46.638 |
|   3   | 70.240 | 86.420 | 91.748 | 62.906 | 46.331 |
|   4   | 70.175 | 86.274 | 91.683 | 62.765 | 46.183 |
|   5   | 70.045 | 86.290 | 91.553 | 62.529 | 45.843 |
|   6   | 69.981 | 86.192 | 91.683 | 62.331 | 45.640 |
|   7   | 69.883 | 85.981 | 91.504 | 62.231 | 45.525 |
|   8   | 69.656 | 85.949 | 91.342 | 62.030 | 45.313 |
|   9   | 69.769 | 85.949 | 91.309 | 62.006 | 45.256 |
|   10  | 69.639 | 85.737 | 91.212 | 61.976 | 45.164 |
|   11  | 69.379 | 85.786 | 91.196 | 61.795 | 45.031 |
|   12  | 69.217 | 85.884 | 91.131 | 61.777 | 44.988 |
|   13  | 69.201 | 85.559 | 91.082 | 61.632 | 44.818 |
|   14  | 69.250 | 85.575 | 90.936 | 61.532 | 44.621 |
|   15  | 69.038 | 85.608 | 91.082 | 61.539 | 44.661 |
|   16  | 69.006 | 85.494 | 91.001 | 61.456 | 44.594 |
|   17  | 68.990 | 85.315 | 90.854 | 61.315 | 44.422 |
|   18  | 69.022 | 85.104 | 90.806 | 61.285 | 44.390 |
+-------+--------+--------+--------+--------+--------+
     logs:  {'epo': 18, 'R1': 69.022, 'R5': 85.104, 'R10': 90.806, 'mAP': 61.285, 'mINP': 44.39, 'entropy': 0.4510998696088791, 'loss': 1.6930943727493286, 'lr': 0.0005000000000000028}
     Epoch[19] Iteration[10/103], entropy: 0.3880, loss: 1.6307, lr: 5.94e-04
     Epoch[19] Iteration[20/103], entropy: 0.3496, loss: 1.5493, lr: 6.18e-05
     Epoch[19] Iteration[30/103], entropy: 0.4723, loss: 1.7148, lr: 1.36e-04
     Epoch[19] Iteration[40/103], entropy: 0.4299, loss: 1.7164, lr: 7.13e-04
     Epoch[19] Iteration[50/103], entropy: 0.4699, loss: 1.7230, lr: 9.96e-04
     Epoch[19] Iteration[60/103], entropy: 0.3029, loss: 1.6092, lr: 6.55e-04
     Epoch[19] Iteration[70/103], entropy: 0.3071, loss: 1.5597, lr: 9.55e-05
     Epoch[19] Iteration[80/103], entropy: 0.2991, loss: 1.5204, lr: 9.55e-05
     Epoch[19] Iteration[90/103], entropy: 0.3513, loss: 1.6108, lr: 6.55e-04
     Epoch[19] Iteration[100/103], entropy: 0.4399, loss: 1.7243, lr: 1.00e-03
     Averaged stats: entropy: 0.5328, loss: 1.7459, lr: 9.65e-04
     itm tta time 0:00:14
### TTA Eval Score: 
+-------+--------+--------+--------+--------+--------+
| epoch |   R1   |   R5   |  R10   |  mAP   |  mINP  |
+-------+--------+--------+--------+--------+--------+
|  -999 | 70.598 | 86.891 | 91.780 | 63.391 | 47.063 |
|   0   | 70.906 | 86.972 | 91.959 | 63.603 | 47.265 |
|   1   | 70.679 | 86.988 | 92.040 | 63.427 | 46.995 |
|   2   | 70.630 | 86.858 | 91.878 | 63.204 | 46.638 |
|   3   | 70.240 | 86.420 | 91.748 | 62.906 | 46.331 |
|   4   | 70.175 | 86.274 | 91.683 | 62.765 | 46.183 |
|   5   | 70.045 | 86.290 | 91.553 | 62.529 | 45.843 |
|   6   | 69.981 | 86.192 | 91.683 | 62.331 | 45.640 |
|   7   | 69.883 | 85.981 | 91.504 | 62.231 | 45.525 |
|   8   | 69.656 | 85.949 | 91.342 | 62.030 | 45.313 |
|   9   | 69.769 | 85.949 | 91.309 | 62.006 | 45.256 |
|   10  | 69.639 | 85.737 | 91.212 | 61.976 | 45.164 |
|   11  | 69.379 | 85.786 | 91.196 | 61.795 | 45.031 |
|   12  | 69.217 | 85.884 | 91.131 | 61.777 | 44.988 |
|   13  | 69.201 | 85.559 | 91.082 | 61.632 | 44.818 |
|   14  | 69.250 | 85.575 | 90.936 | 61.532 | 44.621 |
|   15  | 69.038 | 85.608 | 91.082 | 61.539 | 44.661 |
|   16  | 69.006 | 85.494 | 91.001 | 61.456 | 44.594 |
|   17  | 68.990 | 85.315 | 90.854 | 61.315 | 44.422 |
|   18  | 69.022 | 85.104 | 90.806 | 61.285 | 44.390 |
|   19  | 69.055 | 85.136 | 90.838 | 61.319 | 44.465 |
+-------+--------+--------+--------+--------+--------+
     logs:  {'epo': 19, 'R1': 69.055, 'R5': 85.136, 'R10': 90.838, 'mAP': 61.319, 'mINP': 44.466, 'entropy': 0.38099985420703886, 'loss': 1.635850465297699, 'lr': 0.0004999999999999984}
     Epoch[20] Iteration[10/103], entropy: 0.4874, loss: 1.7961, lr: 4.69e-04
     Epoch[20] Iteration[20/103], entropy: 0.4673, loss: 1.7082, lr: 1.57e-05
     Epoch[20] Iteration[30/103], entropy: 0.4294, loss: 1.6667, lr: 2.32e-04
     Epoch[20] Iteration[40/103], entropy: 0.4630, loss: 1.7265, lr: 8.19e-04
     Epoch[20] Iteration[50/103], entropy: 0.4808, loss: 1.7319, lr: 9.65e-04
     Epoch[20] Iteration[60/103], entropy: 0.4778, loss: 1.7687, lr: 4.69e-04
     Epoch[20] Iteration[70/103], entropy: 0.4718, loss: 1.7424, lr: 1.57e-05
     Epoch[20] Iteration[80/103], entropy: 0.5562, loss: 1.8425, lr: 2.32e-04
     Epoch[20] Iteration[90/103], entropy: 0.6073, loss: 1.8378, lr: 8.19e-04
     Epoch[20] Iteration[100/103], entropy: 0.4706, loss: 1.6709, lr: 9.65e-04
     Averaged stats: entropy: 0.5184, loss: 1.7426, lr: 8.64e-04
     itm tta time 0:00:14
### TTA Eval Score: 
+-------+--------+--------+--------+--------+--------+
| epoch |   R1   |   R5   |  R10   |  mAP   |  mINP  |
+-------+--------+--------+--------+--------+--------+
|  -999 | 70.598 | 86.891 | 91.780 | 63.391 | 47.063 |
|   0   | 70.906 | 86.972 | 91.959 | 63.603 | 47.265 |
|   1   | 70.679 | 86.988 | 92.040 | 63.427 | 46.995 |
|   2   | 70.630 | 86.858 | 91.878 | 63.204 | 46.638 |
|   3   | 70.240 | 86.420 | 91.748 | 62.906 | 46.331 |
|   4   | 70.175 | 86.274 | 91.683 | 62.765 | 46.183 |
|   5   | 70.045 | 86.290 | 91.553 | 62.529 | 45.843 |
|   6   | 69.981 | 86.192 | 91.683 | 62.331 | 45.640 |
|   7   | 69.883 | 85.981 | 91.504 | 62.231 | 45.525 |
|   8   | 69.656 | 85.949 | 91.342 | 62.030 | 45.313 |
|   9   | 69.769 | 85.949 | 91.309 | 62.006 | 45.256 |
|   10  | 69.639 | 85.737 | 91.212 | 61.976 | 45.164 |
|   11  | 69.379 | 85.786 | 91.196 | 61.795 | 45.031 |
|   12  | 69.217 | 85.884 | 91.131 | 61.777 | 44.988 |
|   13  | 69.201 | 85.559 | 91.082 | 61.632 | 44.818 |
|   14  | 69.250 | 85.575 | 90.936 | 61.532 | 44.621 |
|   15  | 69.038 | 85.608 | 91.082 | 61.539 | 44.661 |
|   16  | 69.006 | 85.494 | 91.001 | 61.456 | 44.594 |
|   17  | 68.990 | 85.315 | 90.854 | 61.315 | 44.422 |
|   18  | 69.022 | 85.104 | 90.806 | 61.285 | 44.390 |
|   19  | 69.055 | 85.136 | 90.838 | 61.319 | 44.465 |
|   20  | 68.990 | 85.169 | 90.822 | 61.350 | 44.484 |
+-------+--------+--------+--------+--------+--------+
     logs:  {'epo': 20, 'R1': 68.99, 'R5': 85.169, 'R10': 90.822, 'mAP': 61.35, 'mINP': 44.484, 'entropy': 0.49114690721035004, 'loss': 1.7491743564605713, 'lr': 0.000499999999999997}
     Epoch[21] Iteration[10/103], entropy: 0.4232, loss: 1.6736, lr: 2.87e-04
     Epoch[21] Iteration[20/103], entropy: 0.4280, loss: 1.6708, lr: 3.94e-06
     Epoch[21] Iteration[30/103], entropy: 0.3728, loss: 1.6765, lr: 4.06e-04
     Epoch[21] Iteration[40/103], entropy: 0.3241, loss: 1.6117, lr: 9.38e-04
     Epoch[21] Iteration[50/103], entropy: 0.3519, loss: 1.5882, lr: 8.64e-04
     Epoch[21] Iteration[60/103], entropy: 0.3300, loss: 1.5326, lr: 2.87e-04
     Epoch[21] Iteration[70/103], entropy: 0.5216, loss: 1.7829, lr: 3.94e-06
     Epoch[21] Iteration[80/103], entropy: 0.4031, loss: 1.6969, lr: 4.06e-04
     Epoch[21] Iteration[90/103], entropy: 0.3752, loss: 1.6483, lr: 9.38e-04
     Epoch[21] Iteration[100/103], entropy: 0.4233, loss: 1.6878, lr: 8.64e-04
     Averaged stats: entropy: 0.3958, loss: 1.5933, lr: 7.13e-04
     itm tta time 0:00:14
### TTA Eval Score: 
+-------+--------+--------+--------+--------+--------+
| epoch |   R1   |   R5   |  R10   |  mAP   |  mINP  |
+-------+--------+--------+--------+--------+--------+
|  -999 | 70.598 | 86.891 | 91.780 | 63.391 | 47.063 |
|   0   | 70.906 | 86.972 | 91.959 | 63.603 | 47.265 |
|   1   | 70.679 | 86.988 | 92.040 | 63.427 | 46.995 |
|   2   | 70.630 | 86.858 | 91.878 | 63.204 | 46.638 |
|   3   | 70.240 | 86.420 | 91.748 | 62.906 | 46.331 |
|   4   | 70.175 | 86.274 | 91.683 | 62.765 | 46.183 |
|   5   | 70.045 | 86.290 | 91.553 | 62.529 | 45.843 |
|   6   | 69.981 | 86.192 | 91.683 | 62.331 | 45.640 |
|   7   | 69.883 | 85.981 | 91.504 | 62.231 | 45.525 |
|   8   | 69.656 | 85.949 | 91.342 | 62.030 | 45.313 |
|   9   | 69.769 | 85.949 | 91.309 | 62.006 | 45.256 |
|   10  | 69.639 | 85.737 | 91.212 | 61.976 | 45.164 |
|   11  | 69.379 | 85.786 | 91.196 | 61.795 | 45.031 |
|   12  | 69.217 | 85.884 | 91.131 | 61.777 | 44.988 |
|   13  | 69.201 | 85.559 | 91.082 | 61.632 | 44.818 |
|   14  | 69.250 | 85.575 | 90.936 | 61.532 | 44.621 |
|   15  | 69.038 | 85.608 | 91.082 | 61.539 | 44.661 |
|   16  | 69.006 | 85.494 | 91.001 | 61.456 | 44.594 |
|   17  | 68.990 | 85.315 | 90.854 | 61.315 | 44.422 |
|   18  | 69.022 | 85.104 | 90.806 | 61.285 | 44.390 |
|   19  | 69.055 | 85.136 | 90.838 | 61.319 | 44.465 |
|   20  | 68.990 | 85.169 | 90.822 | 61.350 | 44.484 |
|   21  | 68.746 | 85.120 | 90.854 | 61.224 | 44.399 |
+-------+--------+--------+--------+--------+--------+
     logs:  {'epo': 21, 'R1': 68.746, 'R5': 85.12, 'R10': 90.854, 'mAP': 61.224, 'mINP': 44.399, 'entropy': 0.39530895054340365, 'loss': 1.6569159507751465, 'lr': 0.0005000000000000001}
     Epoch[22] Iteration[10/103], entropy: 0.5170, loss: 1.7757, lr: 1.36e-04
     Epoch[22] Iteration[20/103], entropy: 0.4041, loss: 1.6507, lr: 6.18e-05
     Epoch[22] Iteration[30/103], entropy: 0.3573, loss: 1.5450, lr: 5.94e-04
     Epoch[22] Iteration[40/103], entropy: 0.4938, loss: 1.7709, lr: 9.96e-04
     Epoch[22] Iteration[50/103], entropy: 0.4035, loss: 1.6284, lr: 7.13e-04
     Epoch[22] Iteration[60/103], entropy: 0.5309, loss: 1.7802, lr: 1.36e-04
     Epoch[22] Iteration[70/103], entropy: 0.4255, loss: 1.7491, lr: 6.18e-05
     Epoch[22] Iteration[80/103], entropy: 0.4017, loss: 1.7174, lr: 5.94e-04
     Epoch[22] Iteration[90/103], entropy: 0.4623, loss: 1.7337, lr: 9.96e-04
     Epoch[22] Iteration[100/103], entropy: 0.3856, loss: 1.6201, lr: 7.13e-04
     Averaged stats: entropy: 0.2339, loss: 1.4285, lr: 5.31e-04
     itm tta time 0:00:14
### TTA Eval Score: 
+-------+--------+--------+--------+--------+--------+
| epoch |   R1   |   R5   |  R10   |  mAP   |  mINP  |
+-------+--------+--------+--------+--------+--------+
|  -999 | 70.598 | 86.891 | 91.780 | 63.391 | 47.063 |
|   0   | 70.906 | 86.972 | 91.959 | 63.603 | 47.265 |
|   1   | 70.679 | 86.988 | 92.040 | 63.427 | 46.995 |
|   2   | 70.630 | 86.858 | 91.878 | 63.204 | 46.638 |
|   3   | 70.240 | 86.420 | 91.748 | 62.906 | 46.331 |
|   4   | 70.175 | 86.274 | 91.683 | 62.765 | 46.183 |
|   5   | 70.045 | 86.290 | 91.553 | 62.529 | 45.843 |
|   6   | 69.981 | 86.192 | 91.683 | 62.331 | 45.640 |
|   7   | 69.883 | 85.981 | 91.504 | 62.231 | 45.525 |
|   8   | 69.656 | 85.949 | 91.342 | 62.030 | 45.313 |
|   9   | 69.769 | 85.949 | 91.309 | 62.006 | 45.256 |
|   10  | 69.639 | 85.737 | 91.212 | 61.976 | 45.164 |
|   11  | 69.379 | 85.786 | 91.196 | 61.795 | 45.031 |
|   12  | 69.217 | 85.884 | 91.131 | 61.777 | 44.988 |
|   13  | 69.201 | 85.559 | 91.082 | 61.632 | 44.818 |
|   14  | 69.250 | 85.575 | 90.936 | 61.532 | 44.621 |
|   15  | 69.038 | 85.608 | 91.082 | 61.539 | 44.661 |
|   16  | 69.006 | 85.494 | 91.001 | 61.456 | 44.594 |
|   17  | 68.990 | 85.315 | 90.854 | 61.315 | 44.422 |
|   18  | 69.022 | 85.104 | 90.806 | 61.285 | 44.390 |
|   19  | 69.055 | 85.136 | 90.838 | 61.319 | 44.465 |
|   20  | 68.990 | 85.169 | 90.822 | 61.350 | 44.484 |
|   21  | 68.746 | 85.120 | 90.854 | 61.224 | 44.399 |
|   22  | 68.713 | 84.893 | 90.789 | 61.157 | 44.320 |
+-------+--------+--------+--------+--------+--------+
     logs:  {'epo': 22, 'R1': 68.713, 'R5': 84.893, 'R10': 90.789, 'mAP': 61.157, 'mINP': 44.32, 'entropy': 0.43818430304527284, 'loss': 1.6970995545387269, 'lr': 0.0004999999999999999}
     Epoch[23] Iteration[10/103], entropy: 0.3863, loss: 1.5561, lr: 3.51e-05
     Epoch[23] Iteration[20/103], entropy: 0.3580, loss: 1.6750, lr: 1.81e-04
     Epoch[23] Iteration[30/103], entropy: 0.5888, loss: 1.8090, lr: 7.68e-04
     Epoch[23] Iteration[40/103], entropy: 0.6214, loss: 1.9190, lr: 9.84e-04
     Epoch[23] Iteration[50/103], entropy: 0.4447, loss: 1.6906, lr: 5.31e-04
     Epoch[23] Iteration[60/103], entropy: 0.4561, loss: 1.7484, lr: 3.51e-05
     Epoch[23] Iteration[70/103], entropy: 0.4295, loss: 1.6928, lr: 1.81e-04
     Epoch[23] Iteration[80/103], entropy: 0.3343, loss: 1.6182, lr: 7.68e-04
     Epoch[23] Iteration[90/103], entropy: 0.4303, loss: 1.6582, lr: 9.84e-04
     Epoch[23] Iteration[100/103], entropy: 0.3996, loss: 1.6830, lr: 5.31e-04
     Averaged stats: entropy: 0.4793, loss: 1.7841, lr: 3.45e-04
     itm tta time 0:00:14
### TTA Eval Score: 
+-------+--------+--------+--------+--------+--------+
| epoch |   R1   |   R5   |  R10   |  mAP   |  mINP  |
+-------+--------+--------+--------+--------+--------+
|  -999 | 70.598 | 86.891 | 91.780 | 63.391 | 47.063 |
|   0   | 70.906 | 86.972 | 91.959 | 63.603 | 47.265 |
|   1   | 70.679 | 86.988 | 92.040 | 63.427 | 46.995 |
|   2   | 70.630 | 86.858 | 91.878 | 63.204 | 46.638 |
|   3   | 70.240 | 86.420 | 91.748 | 62.906 | 46.331 |
|   4   | 70.175 | 86.274 | 91.683 | 62.765 | 46.183 |
|   5   | 70.045 | 86.290 | 91.553 | 62.529 | 45.843 |
|   6   | 69.981 | 86.192 | 91.683 | 62.331 | 45.640 |
|   7   | 69.883 | 85.981 | 91.504 | 62.231 | 45.525 |
|   8   | 69.656 | 85.949 | 91.342 | 62.030 | 45.313 |
|   9   | 69.769 | 85.949 | 91.309 | 62.006 | 45.256 |
|   10  | 69.639 | 85.737 | 91.212 | 61.976 | 45.164 |
|   11  | 69.379 | 85.786 | 91.196 | 61.795 | 45.031 |
|   12  | 69.217 | 85.884 | 91.131 | 61.777 | 44.988 |
|   13  | 69.201 | 85.559 | 91.082 | 61.632 | 44.818 |
|   14  | 69.250 | 85.575 | 90.936 | 61.532 | 44.621 |
|   15  | 69.038 | 85.608 | 91.082 | 61.539 | 44.661 |
|   16  | 69.006 | 85.494 | 91.001 | 61.456 | 44.594 |
|   17  | 68.990 | 85.315 | 90.854 | 61.315 | 44.422 |
|   18  | 69.022 | 85.104 | 90.806 | 61.285 | 44.390 |
|   19  | 69.055 | 85.136 | 90.838 | 61.319 | 44.465 |
|   20  | 68.990 | 85.169 | 90.822 | 61.350 | 44.484 |
|   21  | 68.746 | 85.120 | 90.854 | 61.224 | 44.399 |
|   22  | 68.713 | 84.893 | 90.789 | 61.157 | 44.320 |
|   23  | 68.746 | 84.942 | 90.773 | 61.105 | 44.209 |
+-------+--------+--------+--------+--------+--------+
     logs:  {'epo': 23, 'R1': 68.746, 'R5': 84.942, 'R10': 90.773, 'mAP': 61.105, 'mINP': 44.209, 'entropy': 0.44491603672504426, 'loss': 1.7050260424613952, 'lr': 0.0005000000000000008}
     Epoch[24] Iteration[10/103], entropy: 0.5232, loss: 1.7731, lr: 0.00e+00
     Epoch[24] Iteration[20/103], entropy: 0.2337, loss: 1.5194, lr: 3.45e-04
     Epoch[24] Iteration[30/103], entropy: 0.4346, loss: 1.6775, lr: 9.05e-04
     Epoch[24] Iteration[40/103], entropy: 0.5008, loss: 1.7949, lr: 9.05e-04
     Epoch[24] Iteration[50/103], entropy: 0.3536, loss: 1.6737, lr: 3.45e-04
     Epoch[24] Iteration[60/103], entropy: 0.3702, loss: 1.6209, lr: 0.00e+00
     Epoch[24] Iteration[70/103], entropy: 0.5180, loss: 1.7932, lr: 3.45e-04
     Epoch[24] Iteration[80/103], entropy: 0.4357, loss: 1.6687, lr: 9.05e-04
     Epoch[24] Iteration[90/103], entropy: 0.4579, loss: 1.6762, lr: 9.05e-04
     Epoch[24] Iteration[100/103], entropy: 0.5321, loss: 1.8495, lr: 3.45e-04
     Averaged stats: entropy: 0.2944, loss: 1.5419, lr: 1.81e-04
     itm tta time 0:00:14
### TTA Eval Score: 
+-------+--------+--------+--------+--------+--------+
| epoch |   R1   |   R5   |  R10   |  mAP   |  mINP  |
+-------+--------+--------+--------+--------+--------+
|  -999 | 70.598 | 86.891 | 91.780 | 63.391 | 47.063 |
|   0   | 70.906 | 86.972 | 91.959 | 63.603 | 47.265 |
|   1   | 70.679 | 86.988 | 92.040 | 63.427 | 46.995 |
|   2   | 70.630 | 86.858 | 91.878 | 63.204 | 46.638 |
|   3   | 70.240 | 86.420 | 91.748 | 62.906 | 46.331 |
|   4   | 70.175 | 86.274 | 91.683 | 62.765 | 46.183 |
|   5   | 70.045 | 86.290 | 91.553 | 62.529 | 45.843 |
|   6   | 69.981 | 86.192 | 91.683 | 62.331 | 45.640 |
|   7   | 69.883 | 85.981 | 91.504 | 62.231 | 45.525 |
|   8   | 69.656 | 85.949 | 91.342 | 62.030 | 45.313 |
|   9   | 69.769 | 85.949 | 91.309 | 62.006 | 45.256 |
|   10  | 69.639 | 85.737 | 91.212 | 61.976 | 45.164 |
|   11  | 69.379 | 85.786 | 91.196 | 61.795 | 45.031 |
|   12  | 69.217 | 85.884 | 91.131 | 61.777 | 44.988 |
|   13  | 69.201 | 85.559 | 91.082 | 61.632 | 44.818 |
|   14  | 69.250 | 85.575 | 90.936 | 61.532 | 44.621 |
|   15  | 69.038 | 85.608 | 91.082 | 61.539 | 44.661 |
|   16  | 69.006 | 85.494 | 91.001 | 61.456 | 44.594 |
|   17  | 68.990 | 85.315 | 90.854 | 61.315 | 44.422 |
|   18  | 69.022 | 85.104 | 90.806 | 61.285 | 44.390 |
|   19  | 69.055 | 85.136 | 90.838 | 61.319 | 44.465 |
|   20  | 68.990 | 85.169 | 90.822 | 61.350 | 44.484 |
|   21  | 68.746 | 85.120 | 90.854 | 61.224 | 44.399 |
|   22  | 68.713 | 84.893 | 90.789 | 61.157 | 44.320 |
|   23  | 68.746 | 84.942 | 90.773 | 61.105 | 44.209 |
|   24  | 68.454 | 85.023 | 90.676 | 60.963 | 44.059 |
+-------+--------+--------+--------+--------+--------+
     logs:  {'epo': 24, 'R1': 68.454, 'R5': 85.023, 'R10': 90.676, 'mAP': 60.963, 'mINP': 44.059, 'entropy': 0.43598359525203706, 'loss': 1.7047111988067627, 'lr': 0.0005000000000000029}
     Epoch[25] Iteration[10/103], entropy: 0.5218, loss: 1.7475, lr: 3.51e-05
     Epoch[25] Iteration[20/103], entropy: 0.4459, loss: 1.6779, lr: 5.31e-04
     Epoch[25] Iteration[30/103], entropy: 0.2627, loss: 1.4915, lr: 9.84e-04
     Epoch[25] Iteration[40/103], entropy: 0.4883, loss: 1.7217, lr: 7.68e-04
     Epoch[25] Iteration[50/103], entropy: 0.3526, loss: 1.6062, lr: 1.81e-04
     Epoch[25] Iteration[60/103], entropy: 0.3941, loss: 1.6801, lr: 3.51e-05
     Epoch[25] Iteration[70/103], entropy: 0.3157, loss: 1.6664, lr: 5.31e-04
     Epoch[25] Iteration[80/103], entropy: 0.3629, loss: 1.6023, lr: 9.84e-04
     Epoch[25] Iteration[90/103], entropy: 0.5029, loss: 1.7293, lr: 7.68e-04
     Epoch[25] Iteration[100/103], entropy: 0.3415, loss: 1.6468, lr: 1.81e-04
     Averaged stats: entropy: 0.3794, loss: 1.6211, lr: 6.18e-05
     itm tta time 0:00:14
### TTA Eval Score: 
+-------+--------+--------+--------+--------+--------+
| epoch |   R1   |   R5   |  R10   |  mAP   |  mINP  |
+-------+--------+--------+--------+--------+--------+
|  -999 | 70.598 | 86.891 | 91.780 | 63.391 | 47.063 |
|   0   | 70.906 | 86.972 | 91.959 | 63.603 | 47.265 |
|   1   | 70.679 | 86.988 | 92.040 | 63.427 | 46.995 |
|   2   | 70.630 | 86.858 | 91.878 | 63.204 | 46.638 |
|   3   | 70.240 | 86.420 | 91.748 | 62.906 | 46.331 |
|   4   | 70.175 | 86.274 | 91.683 | 62.765 | 46.183 |
|   5   | 70.045 | 86.290 | 91.553 | 62.529 | 45.843 |
|   6   | 69.981 | 86.192 | 91.683 | 62.331 | 45.640 |
|   7   | 69.883 | 85.981 | 91.504 | 62.231 | 45.525 |
|   8   | 69.656 | 85.949 | 91.342 | 62.030 | 45.313 |
|   9   | 69.769 | 85.949 | 91.309 | 62.006 | 45.256 |
|   10  | 69.639 | 85.737 | 91.212 | 61.976 | 45.164 |
|   11  | 69.379 | 85.786 | 91.196 | 61.795 | 45.031 |
|   12  | 69.217 | 85.884 | 91.131 | 61.777 | 44.988 |
|   13  | 69.201 | 85.559 | 91.082 | 61.632 | 44.818 |
|   14  | 69.250 | 85.575 | 90.936 | 61.532 | 44.621 |
|   15  | 69.038 | 85.608 | 91.082 | 61.539 | 44.661 |
|   16  | 69.006 | 85.494 | 91.001 | 61.456 | 44.594 |
|   17  | 68.990 | 85.315 | 90.854 | 61.315 | 44.422 |
|   18  | 69.022 | 85.104 | 90.806 | 61.285 | 44.390 |
|   19  | 69.055 | 85.136 | 90.838 | 61.319 | 44.465 |
|   20  | 68.990 | 85.169 | 90.822 | 61.350 | 44.484 |
|   21  | 68.746 | 85.120 | 90.854 | 61.224 | 44.399 |
|   22  | 68.713 | 84.893 | 90.789 | 61.157 | 44.320 |
|   23  | 68.746 | 84.942 | 90.773 | 61.105 | 44.209 |
|   24  | 68.454 | 85.023 | 90.676 | 60.963 | 44.059 |
|   25  | 68.665 | 84.909 | 90.676 | 61.010 | 44.086 |
+-------+--------+--------+--------+--------+--------+
     logs:  {'epo': 25, 'R1': 68.665, 'R5': 84.909, 'R10': 90.676, 'mAP': 61.01, 'mINP': 44.086, 'entropy': 0.3988374948501587, 'loss': 1.6569709420204162, 'lr': 0.0005000000000000027}
     Epoch[26] Iteration[10/103], entropy: 0.4427, loss: 1.7556, lr: 1.36e-04
     Epoch[26] Iteration[20/103], entropy: 0.3315, loss: 1.6656, lr: 7.13e-04
     Epoch[26] Iteration[30/103], entropy: 0.4691, loss: 1.7255, lr: 9.96e-04
     Epoch[26] Iteration[40/103], entropy: 0.3886, loss: 1.5817, lr: 5.94e-04
     Epoch[26] Iteration[50/103], entropy: 0.4912, loss: 1.7969, lr: 6.18e-05
     Epoch[26] Iteration[60/103], entropy: 0.4640, loss: 1.7247, lr: 1.36e-04
     Epoch[26] Iteration[70/103], entropy: 0.4538, loss: 1.7516, lr: 7.13e-04
     Epoch[26] Iteration[80/103], entropy: 0.5450, loss: 1.8016, lr: 9.96e-04
     Epoch[26] Iteration[90/103], entropy: 0.3718, loss: 1.6378, lr: 5.94e-04
     Epoch[26] Iteration[100/103], entropy: 0.3862, loss: 1.6667, lr: 6.18e-05
     Averaged stats: entropy: 0.2319, loss: 1.4879, lr: 3.94e-06
     itm tta time 0:00:14
### TTA Eval Score: 
+-------+--------+--------+--------+--------+--------+
| epoch |   R1   |   R5   |  R10   |  mAP   |  mINP  |
+-------+--------+--------+--------+--------+--------+
|  -999 | 70.598 | 86.891 | 91.780 | 63.391 | 47.063 |
|   0   | 70.906 | 86.972 | 91.959 | 63.603 | 47.265 |
|   1   | 70.679 | 86.988 | 92.040 | 63.427 | 46.995 |
|   2   | 70.630 | 86.858 | 91.878 | 63.204 | 46.638 |
|   3   | 70.240 | 86.420 | 91.748 | 62.906 | 46.331 |
|   4   | 70.175 | 86.274 | 91.683 | 62.765 | 46.183 |
|   5   | 70.045 | 86.290 | 91.553 | 62.529 | 45.843 |
|   6   | 69.981 | 86.192 | 91.683 | 62.331 | 45.640 |
|   7   | 69.883 | 85.981 | 91.504 | 62.231 | 45.525 |
|   8   | 69.656 | 85.949 | 91.342 | 62.030 | 45.313 |
|   9   | 69.769 | 85.949 | 91.309 | 62.006 | 45.256 |
|   10  | 69.639 | 85.737 | 91.212 | 61.976 | 45.164 |
|   11  | 69.379 | 85.786 | 91.196 | 61.795 | 45.031 |
|   12  | 69.217 | 85.884 | 91.131 | 61.777 | 44.988 |
|   13  | 69.201 | 85.559 | 91.082 | 61.632 | 44.818 |
|   14  | 69.250 | 85.575 | 90.936 | 61.532 | 44.621 |
|   15  | 69.038 | 85.608 | 91.082 | 61.539 | 44.661 |
|   16  | 69.006 | 85.494 | 91.001 | 61.456 | 44.594 |
|   17  | 68.990 | 85.315 | 90.854 | 61.315 | 44.422 |
|   18  | 69.022 | 85.104 | 90.806 | 61.285 | 44.390 |
|   19  | 69.055 | 85.136 | 90.838 | 61.319 | 44.465 |
|   20  | 68.990 | 85.169 | 90.822 | 61.350 | 44.484 |
|   21  | 68.746 | 85.120 | 90.854 | 61.224 | 44.399 |
|   22  | 68.713 | 84.893 | 90.789 | 61.157 | 44.320 |
|   23  | 68.746 | 84.942 | 90.773 | 61.105 | 44.209 |
|   24  | 68.454 | 85.023 | 90.676 | 60.963 | 44.059 |
|   25  | 68.665 | 84.909 | 90.676 | 61.010 | 44.086 |
|   26  | 68.681 | 85.088 | 90.692 | 61.018 | 44.096 |
+-------+--------+--------+--------+--------+--------+
     logs:  {'epo': 26, 'R1': 68.681, 'R5': 85.088, 'R10': 90.692, 'mAP': 61.018, 'mINP': 44.096, 'entropy': 0.43439180552959444, 'loss': 1.7107699155807494, 'lr': 0.0004999999999999993}
     Epoch[27] Iteration[10/103], entropy: 0.5488, loss: 1.8078, lr: 2.87e-04
     Epoch[27] Iteration[20/103], entropy: 0.5821, loss: 1.8276, lr: 8.64e-04
     Epoch[27] Iteration[30/103], entropy: 0.4115, loss: 1.6964, lr: 9.38e-04
     Epoch[27] Iteration[40/103], entropy: 0.4178, loss: 1.7195, lr: 4.06e-04
     Epoch[27] Iteration[50/103], entropy: 0.5006, loss: 1.7659, lr: 3.94e-06
     Epoch[27] Iteration[60/103], entropy: 0.4304, loss: 1.7029, lr: 2.87e-04
     Epoch[27] Iteration[70/103], entropy: 0.3182, loss: 1.5642, lr: 8.64e-04
     Epoch[27] Iteration[80/103], entropy: 0.5964, loss: 1.7817, lr: 9.38e-04
     Epoch[27] Iteration[90/103], entropy: 0.5286, loss: 1.8071, lr: 4.06e-04
     Epoch[27] Iteration[100/103], entropy: 0.4901, loss: 1.7044, lr: 3.94e-06
     Averaged stats: entropy: 0.4723, loss: 1.7095, lr: 1.57e-05
     itm tta time 0:00:14
### TTA Eval Score: 
+-------+--------+--------+--------+--------+--------+
| epoch |   R1   |   R5   |  R10   |  mAP   |  mINP  |
+-------+--------+--------+--------+--------+--------+
|  -999 | 70.598 | 86.891 | 91.780 | 63.391 | 47.063 |
|   0   | 70.906 | 86.972 | 91.959 | 63.603 | 47.265 |
|   1   | 70.679 | 86.988 | 92.040 | 63.427 | 46.995 |
|   2   | 70.630 | 86.858 | 91.878 | 63.204 | 46.638 |
|   3   | 70.240 | 86.420 | 91.748 | 62.906 | 46.331 |
|   4   | 70.175 | 86.274 | 91.683 | 62.765 | 46.183 |
|   5   | 70.045 | 86.290 | 91.553 | 62.529 | 45.843 |
|   6   | 69.981 | 86.192 | 91.683 | 62.331 | 45.640 |
|   7   | 69.883 | 85.981 | 91.504 | 62.231 | 45.525 |
|   8   | 69.656 | 85.949 | 91.342 | 62.030 | 45.313 |
|   9   | 69.769 | 85.949 | 91.309 | 62.006 | 45.256 |
|   10  | 69.639 | 85.737 | 91.212 | 61.976 | 45.164 |
|   11  | 69.379 | 85.786 | 91.196 | 61.795 | 45.031 |
|   12  | 69.217 | 85.884 | 91.131 | 61.777 | 44.988 |
|   13  | 69.201 | 85.559 | 91.082 | 61.632 | 44.818 |
|   14  | 69.250 | 85.575 | 90.936 | 61.532 | 44.621 |
|   15  | 69.038 | 85.608 | 91.082 | 61.539 | 44.661 |
|   16  | 69.006 | 85.494 | 91.001 | 61.456 | 44.594 |
|   17  | 68.990 | 85.315 | 90.854 | 61.315 | 44.422 |
|   18  | 69.022 | 85.104 | 90.806 | 61.285 | 44.390 |
|   19  | 69.055 | 85.136 | 90.838 | 61.319 | 44.465 |
|   20  | 68.990 | 85.169 | 90.822 | 61.350 | 44.484 |
|   21  | 68.746 | 85.120 | 90.854 | 61.224 | 44.399 |
|   22  | 68.713 | 84.893 | 90.789 | 61.157 | 44.320 |
|   23  | 68.746 | 84.942 | 90.773 | 61.105 | 44.209 |
|   24  | 68.454 | 85.023 | 90.676 | 60.963 | 44.059 |
|   25  | 68.665 | 84.909 | 90.676 | 61.010 | 44.086 |
|   26  | 68.681 | 85.088 | 90.692 | 61.018 | 44.096 |
|   27  | 68.356 | 84.747 | 90.530 | 60.828 | 43.941 |
+-------+--------+--------+--------+--------+--------+
     logs:  {'epo': 27, 'R1': 68.356, 'R5': 84.747, 'R10': 90.53, 'mAP': 60.828, 'mINP': 43.941, 'entropy': 0.4824479311704636, 'loss': 1.7377575755119323, 'lr': 0.0004999999999999995}
     Epoch[28] Iteration[10/103], entropy: 0.3128, loss: 1.5512, lr: 4.69e-04
     Epoch[28] Iteration[20/103], entropy: 0.4567, loss: 1.7364, lr: 9.65e-04
     Epoch[28] Iteration[30/103], entropy: 0.3832, loss: 1.6059, lr: 8.19e-04
     Epoch[28] Iteration[40/103], entropy: 0.4216, loss: 1.6643, lr: 2.32e-04
     Epoch[28] Iteration[50/103], entropy: 0.3975, loss: 1.7179, lr: 1.57e-05
     Epoch[28] Iteration[60/103], entropy: 0.5040, loss: 1.8030, lr: 4.69e-04
     Epoch[28] Iteration[70/103], entropy: 0.4375, loss: 1.8033, lr: 9.65e-04
     Epoch[28] Iteration[80/103], entropy: 0.3771, loss: 1.6602, lr: 8.19e-04
     Epoch[28] Iteration[90/103], entropy: 0.3742, loss: 1.7458, lr: 2.32e-04
     Epoch[28] Iteration[100/103], entropy: 0.3340, loss: 1.6176, lr: 1.57e-05
     Averaged stats: entropy: 0.3663, loss: 1.6218, lr: 9.55e-05
     itm tta time 0:00:14
### TTA Eval Score: 
+-------+--------+--------+--------+--------+--------+
| epoch |   R1   |   R5   |  R10   |  mAP   |  mINP  |
+-------+--------+--------+--------+--------+--------+
|  -999 | 70.598 | 86.891 | 91.780 | 63.391 | 47.063 |
|   0   | 70.906 | 86.972 | 91.959 | 63.603 | 47.265 |
|   1   | 70.679 | 86.988 | 92.040 | 63.427 | 46.995 |
|   2   | 70.630 | 86.858 | 91.878 | 63.204 | 46.638 |
|   3   | 70.240 | 86.420 | 91.748 | 62.906 | 46.331 |
|   4   | 70.175 | 86.274 | 91.683 | 62.765 | 46.183 |
|   5   | 70.045 | 86.290 | 91.553 | 62.529 | 45.843 |
|   6   | 69.981 | 86.192 | 91.683 | 62.331 | 45.640 |
|   7   | 69.883 | 85.981 | 91.504 | 62.231 | 45.525 |
|   8   | 69.656 | 85.949 | 91.342 | 62.030 | 45.313 |
|   9   | 69.769 | 85.949 | 91.309 | 62.006 | 45.256 |
|   10  | 69.639 | 85.737 | 91.212 | 61.976 | 45.164 |
|   11  | 69.379 | 85.786 | 91.196 | 61.795 | 45.031 |
|   12  | 69.217 | 85.884 | 91.131 | 61.777 | 44.988 |
|   13  | 69.201 | 85.559 | 91.082 | 61.632 | 44.818 |
|   14  | 69.250 | 85.575 | 90.936 | 61.532 | 44.621 |
|   15  | 69.038 | 85.608 | 91.082 | 61.539 | 44.661 |
|   16  | 69.006 | 85.494 | 91.001 | 61.456 | 44.594 |
|   17  | 68.990 | 85.315 | 90.854 | 61.315 | 44.422 |
|   18  | 69.022 | 85.104 | 90.806 | 61.285 | 44.390 |
|   19  | 69.055 | 85.136 | 90.838 | 61.319 | 44.465 |
|   20  | 68.990 | 85.169 | 90.822 | 61.350 | 44.484 |
|   21  | 68.746 | 85.120 | 90.854 | 61.224 | 44.399 |
|   22  | 68.713 | 84.893 | 90.789 | 61.157 | 44.320 |
|   23  | 68.746 | 84.942 | 90.773 | 61.105 | 44.209 |
|   24  | 68.454 | 85.023 | 90.676 | 60.963 | 44.059 |
|   25  | 68.665 | 84.909 | 90.676 | 61.010 | 44.086 |
|   26  | 68.681 | 85.088 | 90.692 | 61.018 | 44.096 |
|   27  | 68.356 | 84.747 | 90.530 | 60.828 | 43.941 |
|   28  | 68.665 | 84.909 | 90.595 | 60.857 | 43.873 |
+-------+--------+--------+--------+--------+--------+
     logs:  {'epo': 28, 'R1': 68.665, 'R5': 84.909, 'R10': 90.595, 'mAP': 60.857, 'mINP': 43.873, 'entropy': 0.39985802471637727, 'loss': 1.6905479311943055, 'lr': 0.0004999999999999985}
     Epoch[29] Iteration[10/103], entropy: 0.2445, loss: 1.5527, lr: 6.55e-04
     Epoch[29] Iteration[20/103], entropy: 0.4888, loss: 1.7446, lr: 1.00e-03
     Epoch[29] Iteration[30/103], entropy: 0.3664, loss: 1.6436, lr: 6.55e-04
     Epoch[29] Iteration[40/103], entropy: 0.3884, loss: 1.6207, lr: 9.55e-05
     Epoch[29] Iteration[50/103], entropy: 0.3640, loss: 1.6279, lr: 9.55e-05
     Epoch[29] Iteration[60/103], entropy: 0.1502, loss: 1.3691, lr: 6.55e-04
     Epoch[29] Iteration[70/103], entropy: 0.3678, loss: 1.6211, lr: 1.00e-03
     Epoch[29] Iteration[80/103], entropy: 0.3249, loss: 1.5841, lr: 6.55e-04
     Epoch[29] Iteration[90/103], entropy: 0.4964, loss: 1.7488, lr: 9.55e-05
     Epoch[29] Iteration[100/103], entropy: 0.3277, loss: 1.5810, lr: 9.55e-05
     Averaged stats: entropy: 0.3525, loss: 1.5097, lr: 2.32e-04
     itm tta time 0:00:14
### TTA Eval Score: 
+-------+--------+--------+--------+--------+--------+
| epoch |   R1   |   R5   |  R10   |  mAP   |  mINP  |
+-------+--------+--------+--------+--------+--------+
|  -999 | 70.598 | 86.891 | 91.780 | 63.391 | 47.063 |
|   0   | 70.906 | 86.972 | 91.959 | 63.603 | 47.265 |
|   1   | 70.679 | 86.988 | 92.040 | 63.427 | 46.995 |
|   2   | 70.630 | 86.858 | 91.878 | 63.204 | 46.638 |
|   3   | 70.240 | 86.420 | 91.748 | 62.906 | 46.331 |
|   4   | 70.175 | 86.274 | 91.683 | 62.765 | 46.183 |
|   5   | 70.045 | 86.290 | 91.553 | 62.529 | 45.843 |
|   6   | 69.981 | 86.192 | 91.683 | 62.331 | 45.640 |
|   7   | 69.883 | 85.981 | 91.504 | 62.231 | 45.525 |
|   8   | 69.656 | 85.949 | 91.342 | 62.030 | 45.313 |
|   9   | 69.769 | 85.949 | 91.309 | 62.006 | 45.256 |
|   10  | 69.639 | 85.737 | 91.212 | 61.976 | 45.164 |
|   11  | 69.379 | 85.786 | 91.196 | 61.795 | 45.031 |
|   12  | 69.217 | 85.884 | 91.131 | 61.777 | 44.988 |
|   13  | 69.201 | 85.559 | 91.082 | 61.632 | 44.818 |
|   14  | 69.250 | 85.575 | 90.936 | 61.532 | 44.621 |
|   15  | 69.038 | 85.608 | 91.082 | 61.539 | 44.661 |
|   16  | 69.006 | 85.494 | 91.001 | 61.456 | 44.594 |
|   17  | 68.990 | 85.315 | 90.854 | 61.315 | 44.422 |
|   18  | 69.022 | 85.104 | 90.806 | 61.285 | 44.390 |
|   19  | 69.055 | 85.136 | 90.838 | 61.319 | 44.465 |
|   20  | 68.990 | 85.169 | 90.822 | 61.350 | 44.484 |
|   21  | 68.746 | 85.120 | 90.854 | 61.224 | 44.399 |
|   22  | 68.713 | 84.893 | 90.789 | 61.157 | 44.320 |
|   23  | 68.746 | 84.942 | 90.773 | 61.105 | 44.209 |
|   24  | 68.454 | 85.023 | 90.676 | 60.963 | 44.059 |
|   25  | 68.665 | 84.909 | 90.676 | 61.010 | 44.086 |
|   26  | 68.681 | 85.088 | 90.692 | 61.018 | 44.096 |
|   27  | 68.356 | 84.747 | 90.530 | 60.828 | 43.941 |
|   28  | 68.665 | 84.909 | 90.595 | 60.857 | 43.873 |
|   29  | 68.291 | 84.763 | 90.513 | 60.639 | 43.715 |
+-------+--------+--------+--------+--------+--------+
     logs:  {'epo': 29, 'R1': 68.291, 'R5': 84.763, 'R10': 90.513, 'mAP': 60.639, 'mINP': 43.715, 'entropy': 0.35191903710365297, 'loss': 1.6093615174293519, 'lr': 0.0004999999999999981}
### best epoch 0 : {'epo': '0', 'R1': '70.906', 'R5': '86.972', 'R10': '91.959', 'mAP': '63.603', 'mINP': '47.265', 'entropy': '0.4669512748718262', 'loss': '1.6719974040985108', 'lr': '0.0004999999999999998'}
### Time 0:11:42
