/home/jiahao/miniconda3/envs/irra/lib/python3.9/site-packages/torch/nn/functional.py:3609: UserWarning: Default upsampling behavior when mode=bilinear is changed to align_corners=False since 0.4.0. Please specify align_corners=True if the old behavior is desired. See the documentation of nn.Upsample for details.
  warnings.warn(
Not using distributed mode
### Hyper-parameters:
     output_dir: output/ham_cuhk_tta/exp2.0.2/2025090121575
     seed: 42
     device: cuda
     batch_size_tta: 16
     epochs: 30
     lr: 0.0001
### Creating test dataset
     test_txt_set: 6156    test_img_set: 3074
     test_txt_loader: 13    test_img_loader: 7
### Creating model
Training Model with ['sdm', 'id', 'mlm'] tasks
Resized position embedding from size:torch.Size([1, 197, 768]) to size: torch.Size([1, 193, 768]) with height:24 width: 8
     Total Params Sum:  194535419
### Zero-Shot Score: 
+-------+--------+--------+--------+--------+--------+
| epoch |   R1   |   R5   |  R10   |  mAP   |  mINP  |
+-------+--------+--------+--------+--------+--------+
|  -999 | 70.598 | 86.891 | 91.780 | 63.391 | 47.063 |
+-------+--------+--------+--------+--------+--------+
### TTA:
### Compute Cos Similarity Uncertainty
     preprocess_tta_coefficients  start
     sample selection ...
     number of sample after sample_selection: 1660
     uncertainty ...
     preprocess_tta_coefficients  end
### Creating TTA dataset
     tta_dataset: 1660
### Creating tta dataloader
### be careful: func create_loader returns a list length of 1
     tta_loader: 103
### Configure adapted weights
     TTA Dropout Modules: 
 []
     TTA Require Gradient Params: 
 [('base_model.transformer.resblocks.0.ln_1.weight', torch.Size([512])), ('base_model.transformer.resblocks.0.ln_1.bias', torch.Size([512])), ('base_model.transformer.resblocks.0.ln_2.weight', torch.Size([512])), ('base_model.transformer.resblocks.0.ln_2.bias', torch.Size([512])), ('base_model.transformer.resblocks.1.ln_1.weight', torch.Size([512])), ('base_model.transformer.resblocks.1.ln_1.bias', torch.Size([512])), ('base_model.transformer.resblocks.1.ln_2.weight', torch.Size([512])), ('base_model.transformer.resblocks.1.ln_2.bias', torch.Size([512])), ('base_model.transformer.resblocks.2.ln_1.weight', torch.Size([512])), ('base_model.transformer.resblocks.2.ln_1.bias', torch.Size([512])), ('base_model.transformer.resblocks.2.ln_2.weight', torch.Size([512])), ('base_model.transformer.resblocks.2.ln_2.bias', torch.Size([512])), ('base_model.transformer.resblocks.3.ln_1.weight', torch.Size([512])), ('base_model.transformer.resblocks.3.ln_1.bias', torch.Size([512])), ('base_model.transformer.resblocks.3.ln_2.weight', torch.Size([512])), ('base_model.transformer.resblocks.3.ln_2.bias', torch.Size([512])), ('base_model.transformer.resblocks.4.ln_1.weight', torch.Size([512])), ('base_model.transformer.resblocks.4.ln_1.bias', torch.Size([512])), ('base_model.transformer.resblocks.4.ln_2.weight', torch.Size([512])), ('base_model.transformer.resblocks.4.ln_2.bias', torch.Size([512])), ('base_model.transformer.resblocks.5.ln_1.weight', torch.Size([512])), ('base_model.transformer.resblocks.5.ln_1.bias', torch.Size([512])), ('base_model.transformer.resblocks.5.ln_2.weight', torch.Size([512])), ('base_model.transformer.resblocks.5.ln_2.bias', torch.Size([512])), ('base_model.transformer.resblocks.6.ln_1.weight', torch.Size([512])), ('base_model.transformer.resblocks.6.ln_1.bias', torch.Size([512])), ('base_model.transformer.resblocks.6.ln_2.weight', torch.Size([512])), ('base_model.transformer.resblocks.6.ln_2.bias', torch.Size([512])), ('base_model.transformer.resblocks.7.ln_1.weight', torch.Size([512])), ('base_model.transformer.resblocks.7.ln_1.bias', torch.Size([512])), ('base_model.transformer.resblocks.7.ln_2.weight', torch.Size([512])), ('base_model.transformer.resblocks.7.ln_2.bias', torch.Size([512])), ('base_model.transformer.resblocks.8.ln_1.weight', torch.Size([512])), ('base_model.transformer.resblocks.8.ln_1.bias', torch.Size([512])), ('base_model.transformer.resblocks.8.ln_2.weight', torch.Size([512])), ('base_model.transformer.resblocks.8.ln_2.bias', torch.Size([512])), ('base_model.transformer.resblocks.9.ln_1.weight', torch.Size([512])), ('base_model.transformer.resblocks.9.ln_1.bias', torch.Size([512])), ('base_model.transformer.resblocks.9.ln_2.weight', torch.Size([512])), ('base_model.transformer.resblocks.9.ln_2.bias', torch.Size([512])), ('base_model.transformer.resblocks.10.ln_1.weight', torch.Size([512])), ('base_model.transformer.resblocks.10.ln_1.bias', torch.Size([512])), ('base_model.transformer.resblocks.10.ln_2.weight', torch.Size([512])), ('base_model.transformer.resblocks.10.ln_2.bias', torch.Size([512])), ('base_model.transformer.resblocks.11.ln_1.weight', torch.Size([512])), ('base_model.transformer.resblocks.11.ln_1.bias', torch.Size([512])), ('base_model.transformer.resblocks.11.ln_2.weight', torch.Size([512])), ('base_model.transformer.resblocks.11.ln_2.bias', torch.Size([512])), ('base_model.ln_final.weight', torch.Size([512])), ('base_model.ln_final.bias', torch.Size([512]))]
     TTA Dropout Modules Number: 
 0
     TTA Require Gradient Params Sum: 
 25600
Using 5.0 times learning rate for random init module 
### Start Test Time Adaptation
     Epoch[0] Iteration[10/103], entropy: 0.5755, loss: 1.7772, lr: 9.38e-05
     Epoch[0] Iteration[20/103], entropy: 0.3816, loss: 1.5843, lr: 4.06e-05
     Epoch[0] Iteration[30/103], entropy: 0.3482, loss: 1.5710, lr: 3.94e-07
     Epoch[0] Iteration[40/103], entropy: 0.5912, loss: 1.8018, lr: 2.87e-05
     Epoch[0] Iteration[50/103], entropy: 0.3999, loss: 1.6254, lr: 8.64e-05
     Epoch[0] Iteration[60/103], entropy: 0.4326, loss: 1.5877, lr: 9.38e-05
     Epoch[0] Iteration[70/103], entropy: 0.4535, loss: 1.6545, lr: 4.06e-05
     Epoch[0] Iteration[80/103], entropy: 0.4305, loss: 1.6466, lr: 3.94e-07
     Epoch[0] Iteration[90/103], entropy: 0.5051, loss: 1.6811, lr: 2.87e-05
     Epoch[0] Iteration[100/103], entropy: 0.6749, loss: 1.8768, lr: 8.64e-05
     Averaged stats: entropy: 0.4472, loss: 1.6461, lr: 9.65e-05
     itm tta time 0:00:14
### TTA Eval Score: 
+-------+--------+--------+--------+--------+--------+
| epoch |   R1   |   R5   |  R10   |  mAP   |  mINP  |
+-------+--------+--------+--------+--------+--------+
|  -999 | 70.598 | 86.891 | 91.780 | 63.391 | 47.063 |
|   0   | 70.760 | 86.940 | 91.894 | 63.456 | 47.159 |
+-------+--------+--------+--------+--------+--------+
     logs:  {'epo': 0, 'R1': 70.76, 'R5': 86.94, 'R10': 91.894, 'mAP': 63.456, 'mINP': 47.159, 'entropy': 0.4792999893426895, 'loss': 1.680652952194214, 'lr': 4.999999999999999e-05}
     Epoch[1] Iteration[10/103], entropy: 0.3752, loss: 1.5451, lr: 8.19e-05
     Epoch[1] Iteration[20/103], entropy: 0.5434, loss: 1.7821, lr: 2.32e-05
     Epoch[1] Iteration[30/103], entropy: 0.5587, loss: 1.8081, lr: 1.57e-06
     Epoch[1] Iteration[40/103], entropy: 0.6065, loss: 1.8179, lr: 4.69e-05
     Epoch[1] Iteration[50/103], entropy: 0.6320, loss: 1.8699, lr: 9.65e-05
     Epoch[1] Iteration[60/103], entropy: 0.5963, loss: 1.8621, lr: 8.19e-05
     Epoch[1] Iteration[70/103], entropy: 0.4150, loss: 1.5732, lr: 2.32e-05
     Epoch[1] Iteration[80/103], entropy: 0.5895, loss: 1.7989, lr: 1.57e-06
     Epoch[1] Iteration[90/103], entropy: 0.3752, loss: 1.5586, lr: 4.69e-05
     Epoch[1] Iteration[100/103], entropy: 0.5620, loss: 1.7474, lr: 9.65e-05
     Averaged stats: entropy: 0.4782, loss: 1.6500, lr: 1.00e-04
     itm tta time 0:00:14
### TTA Eval Score: 
+-------+--------+--------+--------+--------+--------+
| epoch |   R1   |   R5   |  R10   |  mAP   |  mINP  |
+-------+--------+--------+--------+--------+--------+
|  -999 | 70.598 | 86.891 | 91.780 | 63.391 | 47.063 |
|   0   | 70.760 | 86.940 | 91.894 | 63.456 | 47.159 |
|   1   | 70.809 | 86.907 | 91.992 | 63.511 | 47.236 |
+-------+--------+--------+--------+--------+--------+
     logs:  {'epo': 1, 'R1': 70.809, 'R5': 86.907, 'R10': 91.992, 'mAP': 63.511, 'mINP': 47.236, 'entropy': 0.5253809094429016, 'loss': 1.7363293766975403, 'lr': 5.000000000000001e-05}
     Epoch[2] Iteration[10/103], entropy: 0.6482, loss: 1.8422, lr: 6.55e-05
     Epoch[2] Iteration[20/103], entropy: 0.4411, loss: 1.6857, lr: 9.55e-06
     Epoch[2] Iteration[30/103], entropy: 0.5972, loss: 1.8136, lr: 9.55e-06
     Epoch[2] Iteration[40/103], entropy: 0.5913, loss: 1.7877, lr: 6.55e-05
     Epoch[2] Iteration[50/103], entropy: 0.6021, loss: 1.8243, lr: 1.00e-04
     Epoch[2] Iteration[60/103], entropy: 0.5148, loss: 1.7470, lr: 6.55e-05
     Epoch[2] Iteration[70/103], entropy: 0.5348, loss: 1.7417, lr: 9.55e-06
     Epoch[2] Iteration[80/103], entropy: 0.4238, loss: 1.6178, lr: 9.55e-06
     Epoch[2] Iteration[90/103], entropy: 0.6691, loss: 1.8801, lr: 6.55e-05
     Epoch[2] Iteration[100/103], entropy: 0.4729, loss: 1.7185, lr: 1.00e-04
     Averaged stats: entropy: 0.6512, loss: 1.8674, lr: 9.65e-05
     itm tta time 0:00:14
### TTA Eval Score: 
+-------+--------+--------+--------+--------+--------+
| epoch |   R1   |   R5   |  R10   |  mAP   |  mINP  |
+-------+--------+--------+--------+--------+--------+
|  -999 | 70.598 | 86.891 | 91.780 | 63.391 | 47.063 |
|   0   | 70.760 | 86.940 | 91.894 | 63.456 | 47.159 |
|   1   | 70.809 | 86.907 | 91.992 | 63.511 | 47.236 |
|   2   | 70.825 | 86.891 | 91.992 | 63.553 | 47.277 |
+-------+--------+--------+--------+--------+--------+
     logs:  {'epo': 2, 'R1': 70.825, 'R5': 86.891, 'R10': 91.992, 'mAP': 63.553, 'mINP': 47.277, 'entropy': 0.5495204538106918, 'loss': 1.7658463358879088, 'lr': 4.999999999999998e-05}
     Epoch[3] Iteration[10/103], entropy: 0.4859, loss: 1.6751, lr: 4.69e-05
     Epoch[3] Iteration[20/103], entropy: 0.4481, loss: 1.6425, lr: 1.57e-06
     Epoch[3] Iteration[30/103], entropy: 0.4565, loss: 1.6705, lr: 2.32e-05
     Epoch[3] Iteration[40/103], entropy: 0.6655, loss: 1.8549, lr: 8.19e-05
     Epoch[3] Iteration[50/103], entropy: 0.4705, loss: 1.7042, lr: 9.65e-05
     Epoch[3] Iteration[60/103], entropy: 0.5140, loss: 1.7068, lr: 4.69e-05
     Epoch[3] Iteration[70/103], entropy: 0.4094, loss: 1.6242, lr: 1.57e-06
     Epoch[3] Iteration[80/103], entropy: 0.4850, loss: 1.6581, lr: 2.32e-05
     Epoch[3] Iteration[90/103], entropy: 0.4882, loss: 1.7090, lr: 8.19e-05
     Epoch[3] Iteration[100/103], entropy: 0.4639, loss: 1.6695, lr: 9.65e-05
     Averaged stats: entropy: 0.5865, loss: 1.8250, lr: 8.64e-05
     itm tta time 0:00:14
### TTA Eval Score: 
+-------+--------+--------+--------+--------+--------+
| epoch |   R1   |   R5   |  R10   |  mAP   |  mINP  |
+-------+--------+--------+--------+--------+--------+
|  -999 | 70.598 | 86.891 | 91.780 | 63.391 | 47.063 |
|   0   | 70.760 | 86.940 | 91.894 | 63.456 | 47.159 |
|   1   | 70.809 | 86.907 | 91.992 | 63.511 | 47.236 |
|   2   | 70.825 | 86.891 | 91.992 | 63.553 | 47.277 |
|   3   | 70.874 | 86.891 | 91.975 | 63.582 | 47.289 |
+-------+--------+--------+--------+--------+--------+
     logs:  {'epo': 3, 'R1': 70.874, 'R5': 86.891, 'R10': 91.975, 'mAP': 63.582, 'mINP': 47.289, 'entropy': 0.4887088119983673, 'loss': 1.6914811968803405, 'lr': 5.000000000000004e-05}
     Epoch[4] Iteration[10/103], entropy: 0.6113, loss: 1.8117, lr: 2.87e-05
     Epoch[4] Iteration[20/103], entropy: 0.4639, loss: 1.6639, lr: 3.94e-07
     Epoch[4] Iteration[30/103], entropy: 0.6076, loss: 1.8413, lr: 4.06e-05
     Epoch[4] Iteration[40/103], entropy: 0.6414, loss: 1.8685, lr: 9.38e-05
     Epoch[4] Iteration[50/103], entropy: 0.5797, loss: 1.7997, lr: 8.64e-05
     Epoch[4] Iteration[60/103], entropy: 0.5516, loss: 1.8067, lr: 2.87e-05
     Epoch[4] Iteration[70/103], entropy: 0.5656, loss: 1.7667, lr: 3.94e-07
     Epoch[4] Iteration[80/103], entropy: 0.5475, loss: 1.7296, lr: 4.06e-05
     Epoch[4] Iteration[90/103], entropy: 0.6209, loss: 1.8494, lr: 9.38e-05
     Epoch[4] Iteration[100/103], entropy: 0.4496, loss: 1.6271, lr: 8.64e-05
     Averaged stats: entropy: 0.6853, loss: 1.8757, lr: 7.13e-05
     itm tta time 0:00:14
### TTA Eval Score: 
+-------+--------+--------+--------+--------+--------+
| epoch |   R1   |   R5   |  R10   |  mAP   |  mINP  |
+-------+--------+--------+--------+--------+--------+
|  -999 | 70.598 | 86.891 | 91.780 | 63.391 | 47.063 |
|   0   | 70.760 | 86.940 | 91.894 | 63.456 | 47.159 |
|   1   | 70.809 | 86.907 | 91.992 | 63.511 | 47.236 |
|   2   | 70.825 | 86.891 | 91.992 | 63.553 | 47.277 |
|   3   | 70.874 | 86.891 | 91.975 | 63.582 | 47.289 |
|   4   | 70.858 | 86.972 | 92.008 | 63.593 | 47.312 |
+-------+--------+--------+--------+--------+--------+
     logs:  {'epo': 4, 'R1': 70.858, 'R5': 86.972, 'R10': 92.008, 'mAP': 63.593, 'mINP': 47.312, 'entropy': 0.5638864547014236, 'loss': 1.7764741063117981, 'lr': 5.000000000000004e-05}
     Epoch[5] Iteration[10/103], entropy: 0.3393, loss: 1.5491, lr: 1.36e-05
     Epoch[5] Iteration[20/103], entropy: 0.7373, loss: 1.9078, lr: 6.18e-06
     Epoch[5] Iteration[30/103], entropy: 0.6637, loss: 1.8565, lr: 5.94e-05
     Epoch[5] Iteration[40/103], entropy: 0.7473, loss: 1.9505, lr: 9.96e-05
     Epoch[5] Iteration[50/103], entropy: 0.4118, loss: 1.6373, lr: 7.13e-05
     Epoch[5] Iteration[60/103], entropy: 0.5854, loss: 1.8846, lr: 1.36e-05
     Epoch[5] Iteration[70/103], entropy: 0.6044, loss: 1.8515, lr: 6.18e-06
     Epoch[5] Iteration[80/103], entropy: 0.6039, loss: 1.8005, lr: 5.94e-05
     Epoch[5] Iteration[90/103], entropy: 0.3551, loss: 1.4962, lr: 9.96e-05
     Epoch[5] Iteration[100/103], entropy: 0.5248, loss: 1.7801, lr: 7.13e-05
     Averaged stats: entropy: 0.5037, loss: 1.7476, lr: 5.31e-05
     itm tta time 0:00:14
### TTA Eval Score: 
+-------+--------+--------+--------+--------+--------+
| epoch |   R1   |   R5   |  R10   |  mAP   |  mINP  |
+-------+--------+--------+--------+--------+--------+
|  -999 | 70.598 | 86.891 | 91.780 | 63.391 | 47.063 |
|   0   | 70.760 | 86.940 | 91.894 | 63.456 | 47.159 |
|   1   | 70.809 | 86.907 | 91.992 | 63.511 | 47.236 |
|   2   | 70.825 | 86.891 | 91.992 | 63.553 | 47.277 |
|   3   | 70.874 | 86.891 | 91.975 | 63.582 | 47.289 |
|   4   | 70.858 | 86.972 | 92.008 | 63.593 | 47.312 |
|   5   | 70.971 | 86.988 | 91.927 | 63.615 | 47.295 |
+-------+--------+--------+--------+--------+--------+
     logs:  {'epo': 5, 'R1': 70.971, 'R5': 86.988, 'R10': 91.927, 'mAP': 63.615, 'mINP': 47.295, 'entropy': 0.5573023915290832, 'loss': 1.7714141964912415, 'lr': 4.9999999999999955e-05}
     Epoch[6] Iteration[10/103], entropy: 0.5112, loss: 1.7163, lr: 3.51e-06
     Epoch[6] Iteration[20/103], entropy: 0.4629, loss: 1.6242, lr: 1.81e-05
     Epoch[6] Iteration[30/103], entropy: 0.5168, loss: 1.7610, lr: 7.68e-05
     Epoch[6] Iteration[40/103], entropy: 0.6599, loss: 1.8908, lr: 9.84e-05
     Epoch[6] Iteration[50/103], entropy: 0.5458, loss: 1.7858, lr: 5.31e-05
     Epoch[6] Iteration[60/103], entropy: 0.5566, loss: 1.7879, lr: 3.51e-06
     Epoch[6] Iteration[70/103], entropy: 0.6314, loss: 1.8519, lr: 1.81e-05
     Epoch[6] Iteration[80/103], entropy: 0.6043, loss: 1.8142, lr: 7.68e-05
     Epoch[6] Iteration[90/103], entropy: 0.4974, loss: 1.7050, lr: 9.84e-05
     Epoch[6] Iteration[100/103], entropy: 0.5438, loss: 1.7781, lr: 5.31e-05
     Averaged stats: entropy: 0.5974, loss: 1.8491, lr: 3.45e-05
     itm tta time 0:00:14
### TTA Eval Score: 
+-------+--------+--------+--------+--------+--------+
| epoch |   R1   |   R5   |  R10   |  mAP   |  mINP  |
+-------+--------+--------+--------+--------+--------+
|  -999 | 70.598 | 86.891 | 91.780 | 63.391 | 47.063 |
|   0   | 70.760 | 86.940 | 91.894 | 63.456 | 47.159 |
|   1   | 70.809 | 86.907 | 91.992 | 63.511 | 47.236 |
|   2   | 70.825 | 86.891 | 91.992 | 63.553 | 47.277 |
|   3   | 70.874 | 86.891 | 91.975 | 63.582 | 47.289 |
|   4   | 70.858 | 86.972 | 92.008 | 63.593 | 47.312 |
|   5   | 70.971 | 86.988 | 91.927 | 63.615 | 47.295 |
|   6   | 70.988 | 86.988 | 91.943 | 63.599 | 47.265 |
+-------+--------+--------+--------+--------+--------+
     logs:  {'epo': 6, 'R1': 70.988, 'R5': 86.988, 'R10': 91.943, 'mAP': 63.599, 'mINP': 47.265, 'entropy': 0.5530179738998413, 'loss': 1.7715322613716125, 'lr': 5.000000000000004e-05}
     Epoch[7] Iteration[10/103], entropy: 0.5285, loss: 1.7451, lr: 0.00e+00
     Epoch[7] Iteration[20/103], entropy: 0.6709, loss: 1.9376, lr: 3.45e-05
     Epoch[7] Iteration[30/103], entropy: 0.4983, loss: 1.7192, lr: 9.05e-05
     Epoch[7] Iteration[40/103], entropy: 0.4524, loss: 1.6543, lr: 9.05e-05
     Epoch[7] Iteration[50/103], entropy: 0.4463, loss: 1.6690, lr: 3.45e-05
     Epoch[7] Iteration[60/103], entropy: 0.5109, loss: 1.6850, lr: 0.00e+00
     Epoch[7] Iteration[70/103], entropy: 0.6560, loss: 1.8721, lr: 3.45e-05
     Epoch[7] Iteration[80/103], entropy: 0.5167, loss: 1.7174, lr: 9.05e-05
     Epoch[7] Iteration[90/103], entropy: 0.3749, loss: 1.5770, lr: 9.05e-05
     Epoch[7] Iteration[100/103], entropy: 0.8090, loss: 2.0294, lr: 3.45e-05
     Averaged stats: entropy: 0.4578, loss: 1.7276, lr: 1.81e-05
     itm tta time 0:00:14
### TTA Eval Score: 
+-------+--------+--------+--------+--------+--------+
| epoch |   R1   |   R5   |  R10   |  mAP   |  mINP  |
+-------+--------+--------+--------+--------+--------+
|  -999 | 70.598 | 86.891 | 91.780 | 63.391 | 47.063 |
|   0   | 70.760 | 86.940 | 91.894 | 63.456 | 47.159 |
|   1   | 70.809 | 86.907 | 91.992 | 63.511 | 47.236 |
|   2   | 70.825 | 86.891 | 91.992 | 63.553 | 47.277 |
|   3   | 70.874 | 86.891 | 91.975 | 63.582 | 47.289 |
|   4   | 70.858 | 86.972 | 92.008 | 63.593 | 47.312 |
|   5   | 70.971 | 86.988 | 91.927 | 63.615 | 47.295 |
|   6   | 70.988 | 86.988 | 91.943 | 63.599 | 47.265 |
|   7   | 70.955 | 86.972 | 91.894 | 63.594 | 47.253 |
+-------+--------+--------+--------+--------+--------+
     logs:  {'epo': 7, 'R1': 70.955, 'R5': 86.972, 'R10': 91.894, 'mAP': 63.594, 'mINP': 47.253, 'entropy': 0.5463979780673981, 'loss': 1.7606139302253723, 'lr': 4.9999999999999874e-05}
     Epoch[8] Iteration[10/103], entropy: 0.5843, loss: 1.8248, lr: 3.51e-06
     Epoch[8] Iteration[20/103], entropy: 0.6459, loss: 1.9055, lr: 5.31e-05
     Epoch[8] Iteration[30/103], entropy: 0.5293, loss: 1.7138, lr: 9.84e-05
     Epoch[8] Iteration[40/103], entropy: 0.3793, loss: 1.6104, lr: 7.68e-05
     Epoch[8] Iteration[50/103], entropy: 0.5569, loss: 1.7567, lr: 1.81e-05
     Epoch[8] Iteration[60/103], entropy: 0.5183, loss: 1.7414, lr: 3.51e-06
     Epoch[8] Iteration[70/103], entropy: 0.4424, loss: 1.6570, lr: 5.31e-05
     Epoch[8] Iteration[80/103], entropy: 0.4039, loss: 1.6392, lr: 9.84e-05
     Epoch[8] Iteration[90/103], entropy: 0.6187, loss: 1.8251, lr: 7.68e-05
     Epoch[8] Iteration[100/103], entropy: 0.5284, loss: 1.7349, lr: 1.81e-05
     Averaged stats: entropy: 0.5131, loss: 1.7668, lr: 6.18e-06
     itm tta time 0:00:14
### TTA Eval Score: 
+-------+--------+--------+--------+--------+--------+
| epoch |   R1   |   R5   |  R10   |  mAP   |  mINP  |
+-------+--------+--------+--------+--------+--------+
|  -999 | 70.598 | 86.891 | 91.780 | 63.391 | 47.063 |
|   0   | 70.760 | 86.940 | 91.894 | 63.456 | 47.159 |
|   1   | 70.809 | 86.907 | 91.992 | 63.511 | 47.236 |
|   2   | 70.825 | 86.891 | 91.992 | 63.553 | 47.277 |
|   3   | 70.874 | 86.891 | 91.975 | 63.582 | 47.289 |
|   4   | 70.858 | 86.972 | 92.008 | 63.593 | 47.312 |
|   5   | 70.971 | 86.988 | 91.927 | 63.615 | 47.295 |
|   6   | 70.988 | 86.988 | 91.943 | 63.599 | 47.265 |
|   7   | 70.955 | 86.972 | 91.894 | 63.594 | 47.253 |
|   8   | 70.971 | 87.053 | 91.894 | 63.600 | 47.245 |
+-------+--------+--------+--------+--------+--------+
     logs:  {'epo': 8, 'R1': 70.971, 'R5': 87.053, 'R10': 91.894, 'mAP': 63.6, 'mINP': 47.245, 'entropy': 0.5207427710294723, 'loss': 1.7408929944038392, 'lr': 5.000000000000013e-05}
     Epoch[9] Iteration[10/103], entropy: 0.5331, loss: 1.7226, lr: 1.36e-05
     Epoch[9] Iteration[20/103], entropy: 0.5630, loss: 1.7484, lr: 7.13e-05
     Epoch[9] Iteration[30/103], entropy: 0.4187, loss: 1.5911, lr: 9.96e-05
     Epoch[9] Iteration[40/103], entropy: 0.4954, loss: 1.7153, lr: 5.94e-05
     Epoch[9] Iteration[50/103], entropy: 0.7249, loss: 2.0432, lr: 6.18e-06
     Epoch[9] Iteration[60/103], entropy: 0.6897, loss: 1.9087, lr: 1.36e-05
     Epoch[9] Iteration[70/103], entropy: 0.6980, loss: 1.9245, lr: 7.13e-05
     Epoch[9] Iteration[80/103], entropy: 0.6384, loss: 1.9092, lr: 9.96e-05
     Epoch[9] Iteration[90/103], entropy: 0.5674, loss: 1.7575, lr: 5.94e-05
     Epoch[9] Iteration[100/103], entropy: 0.2894, loss: 1.4941, lr: 6.18e-06
     Averaged stats: entropy: 0.6354, loss: 1.8398, lr: 3.94e-07
     itm tta time 0:00:14
### TTA Eval Score: 
+-------+--------+--------+--------+--------+--------+
| epoch |   R1   |   R5   |  R10   |  mAP   |  mINP  |
+-------+--------+--------+--------+--------+--------+
|  -999 | 70.598 | 86.891 | 91.780 | 63.391 | 47.063 |
|   0   | 70.760 | 86.940 | 91.894 | 63.456 | 47.159 |
|   1   | 70.809 | 86.907 | 91.992 | 63.511 | 47.236 |
|   2   | 70.825 | 86.891 | 91.992 | 63.553 | 47.277 |
|   3   | 70.874 | 86.891 | 91.975 | 63.582 | 47.289 |
|   4   | 70.858 | 86.972 | 92.008 | 63.593 | 47.312 |
|   5   | 70.971 | 86.988 | 91.927 | 63.615 | 47.295 |
|   6   | 70.988 | 86.988 | 91.943 | 63.599 | 47.265 |
|   7   | 70.955 | 86.972 | 91.894 | 63.594 | 47.253 |
|   8   | 70.971 | 87.053 | 91.894 | 63.600 | 47.245 |
|   9   | 70.939 | 87.021 | 91.943 | 63.604 | 47.277 |
+-------+--------+--------+--------+--------+--------+
     logs:  {'epo': 9, 'R1': 70.939, 'R5': 87.021, 'R10': 91.943, 'mAP': 63.604, 'mINP': 47.277, 'entropy': 0.5617982089519501, 'loss': 1.7814671516418457, 'lr': 5e-05}
     Epoch[10] Iteration[10/103], entropy: 0.5602, loss: 1.8014, lr: 2.87e-05
     Epoch[10] Iteration[20/103], entropy: 0.4046, loss: 1.5684, lr: 8.64e-05
     Epoch[10] Iteration[30/103], entropy: 0.6884, loss: 1.8836, lr: 9.38e-05
     Epoch[10] Iteration[40/103], entropy: 0.4537, loss: 1.7177, lr: 4.06e-05
     Epoch[10] Iteration[50/103], entropy: 0.4515, loss: 1.6806, lr: 3.94e-07
     Epoch[10] Iteration[60/103], entropy: 0.6561, loss: 1.8963, lr: 2.87e-05
     Epoch[10] Iteration[70/103], entropy: 0.4274, loss: 1.6507, lr: 8.64e-05
     Epoch[10] Iteration[80/103], entropy: 0.5838, loss: 1.8297, lr: 9.38e-05
     Epoch[10] Iteration[90/103], entropy: 0.4807, loss: 1.7235, lr: 4.06e-05
     Epoch[10] Iteration[100/103], entropy: 0.5019, loss: 1.6956, lr: 3.94e-07
     Averaged stats: entropy: 0.5930, loss: 1.8241, lr: 1.57e-06
     itm tta time 0:00:14
### TTA Eval Score: 
+-------+--------+--------+--------+--------+--------+
| epoch |   R1   |   R5   |  R10   |  mAP   |  mINP  |
+-------+--------+--------+--------+--------+--------+
|  -999 | 70.598 | 86.891 | 91.780 | 63.391 | 47.063 |
|   0   | 70.760 | 86.940 | 91.894 | 63.456 | 47.159 |
|   1   | 70.809 | 86.907 | 91.992 | 63.511 | 47.236 |
|   2   | 70.825 | 86.891 | 91.992 | 63.553 | 47.277 |
|   3   | 70.874 | 86.891 | 91.975 | 63.582 | 47.289 |
|   4   | 70.858 | 86.972 | 92.008 | 63.593 | 47.312 |
|   5   | 70.971 | 86.988 | 91.927 | 63.615 | 47.295 |
|   6   | 70.988 | 86.988 | 91.943 | 63.599 | 47.265 |
|   7   | 70.955 | 86.972 | 91.894 | 63.594 | 47.253 |
|   8   | 70.971 | 87.053 | 91.894 | 63.600 | 47.245 |
|   9   | 70.939 | 87.021 | 91.943 | 63.604 | 47.277 |
|   10  | 70.841 | 86.972 | 91.992 | 63.592 | 47.276 |
+-------+--------+--------+--------+--------+--------+
     logs:  {'epo': 10, 'R1': 70.841, 'R5': 86.972, 'R10': 91.992, 'mAP': 63.592, 'mINP': 47.276, 'entropy': 0.5208209544420243, 'loss': 1.7447556376457214, 'lr': 4.99999999999999e-05}
     Epoch[11] Iteration[10/103], entropy: 0.3634, loss: 1.5811, lr: 4.69e-05
     Epoch[11] Iteration[20/103], entropy: 0.5668, loss: 1.7301, lr: 9.65e-05
     Epoch[11] Iteration[30/103], entropy: 0.3830, loss: 1.5741, lr: 8.19e-05
     Epoch[11] Iteration[40/103], entropy: 0.3881, loss: 1.6638, lr: 2.32e-05
     Epoch[11] Iteration[50/103], entropy: 0.4717, loss: 1.7195, lr: 1.57e-06
     Epoch[11] Iteration[60/103], entropy: 0.4528, loss: 1.6400, lr: 4.69e-05
     Epoch[11] Iteration[70/103], entropy: 0.5307, loss: 1.7618, lr: 9.65e-05
     Epoch[11] Iteration[80/103], entropy: 0.4822, loss: 1.7702, lr: 8.19e-05
     Epoch[11] Iteration[90/103], entropy: 0.6037, loss: 1.8026, lr: 2.32e-05
     Epoch[11] Iteration[100/103], entropy: 0.2918, loss: 1.4845, lr: 1.57e-06
     Averaged stats: entropy: 0.3906, loss: 1.6267, lr: 9.55e-06
     itm tta time 0:00:14
### TTA Eval Score: 
+-------+--------+--------+--------+--------+--------+
| epoch |   R1   |   R5   |  R10   |  mAP   |  mINP  |
+-------+--------+--------+--------+--------+--------+
|  -999 | 70.598 | 86.891 | 91.780 | 63.391 | 47.063 |
|   0   | 70.760 | 86.940 | 91.894 | 63.456 | 47.159 |
|   1   | 70.809 | 86.907 | 91.992 | 63.511 | 47.236 |
|   2   | 70.825 | 86.891 | 91.992 | 63.553 | 47.277 |
|   3   | 70.874 | 86.891 | 91.975 | 63.582 | 47.289 |
|   4   | 70.858 | 86.972 | 92.008 | 63.593 | 47.312 |
|   5   | 70.971 | 86.988 | 91.927 | 63.615 | 47.295 |
|   6   | 70.988 | 86.988 | 91.943 | 63.599 | 47.265 |
|   7   | 70.955 | 86.972 | 91.894 | 63.594 | 47.253 |
|   8   | 70.971 | 87.053 | 91.894 | 63.600 | 47.245 |
|   9   | 70.939 | 87.021 | 91.943 | 63.604 | 47.277 |
|   10  | 70.841 | 86.972 | 91.992 | 63.592 | 47.276 |
|   11  | 70.809 | 86.988 | 91.992 | 63.578 | 47.264 |
+-------+--------+--------+--------+--------+--------+
     logs:  {'epo': 11, 'R1': 70.809, 'R5': 86.988, 'R10': 91.992, 'mAP': 63.578, 'mINP': 47.264, 'entropy': 0.4534239172935486, 'loss': 1.6727811336517333, 'lr': 4.999999999999998e-05}
     Epoch[12] Iteration[10/103], entropy: 0.3936, loss: 1.5580, lr: 6.55e-05
     Epoch[12] Iteration[20/103], entropy: 0.5115, loss: 1.6908, lr: 1.00e-04
     Epoch[12] Iteration[30/103], entropy: 0.4288, loss: 1.6435, lr: 6.55e-05
     Epoch[12] Iteration[40/103], entropy: 0.5413, loss: 1.7457, lr: 9.55e-06
     Epoch[12] Iteration[50/103], entropy: 0.4373, loss: 1.6434, lr: 9.55e-06
     Epoch[12] Iteration[60/103], entropy: 0.6218, loss: 1.8829, lr: 6.55e-05
     Epoch[12] Iteration[70/103], entropy: 0.6190, loss: 1.8888, lr: 1.00e-04
     Epoch[12] Iteration[80/103], entropy: 0.5700, loss: 1.8014, lr: 6.55e-05
     Epoch[12] Iteration[90/103], entropy: 0.6337, loss: 1.8849, lr: 9.55e-06
     Epoch[12] Iteration[100/103], entropy: 0.5817, loss: 1.8034, lr: 9.55e-06
     Averaged stats: entropy: 0.5758, loss: 1.8210, lr: 2.32e-05
     itm tta time 0:00:14
### TTA Eval Score: 
+-------+--------+--------+--------+--------+--------+
| epoch |   R1   |   R5   |  R10   |  mAP   |  mINP  |
+-------+--------+--------+--------+--------+--------+
|  -999 | 70.598 | 86.891 | 91.780 | 63.391 | 47.063 |
|   0   | 70.760 | 86.940 | 91.894 | 63.456 | 47.159 |
|   1   | 70.809 | 86.907 | 91.992 | 63.511 | 47.236 |
|   2   | 70.825 | 86.891 | 91.992 | 63.553 | 47.277 |
|   3   | 70.874 | 86.891 | 91.975 | 63.582 | 47.289 |
|   4   | 70.858 | 86.972 | 92.008 | 63.593 | 47.312 |
|   5   | 70.971 | 86.988 | 91.927 | 63.615 | 47.295 |
|   6   | 70.988 | 86.988 | 91.943 | 63.599 | 47.265 |
|   7   | 70.955 | 86.972 | 91.894 | 63.594 | 47.253 |
|   8   | 70.971 | 87.053 | 91.894 | 63.600 | 47.245 |
|   9   | 70.939 | 87.021 | 91.943 | 63.604 | 47.277 |
|   10  | 70.841 | 86.972 | 91.992 | 63.592 | 47.276 |
|   11  | 70.809 | 86.988 | 91.992 | 63.578 | 47.264 |
|   12  | 70.858 | 86.940 | 91.943 | 63.582 | 47.243 |
+-------+--------+--------+--------+--------+--------+
     logs:  {'epo': 12, 'R1': 70.858, 'R5': 86.94, 'R10': 91.943, 'mAP': 63.582, 'mINP': 47.243, 'entropy': 0.5338782995939255, 'loss': 1.754283034801483, 'lr': 5.0000000000000185e-05}
     Epoch[13] Iteration[10/103], entropy: 0.6244, loss: 1.8852, lr: 8.19e-05
     Epoch[13] Iteration[20/103], entropy: 0.4255, loss: 1.6434, lr: 9.65e-05
     Epoch[13] Iteration[30/103], entropy: 0.4495, loss: 1.7021, lr: 4.69e-05
     Epoch[13] Iteration[40/103], entropy: 0.4655, loss: 1.7159, lr: 1.57e-06
     Epoch[13] Iteration[50/103], entropy: 0.4766, loss: 1.6922, lr: 2.32e-05
     Epoch[13] Iteration[60/103], entropy: 0.4656, loss: 1.6471, lr: 8.19e-05
     Epoch[13] Iteration[70/103], entropy: 0.5911, loss: 1.8274, lr: 9.65e-05
     Epoch[13] Iteration[80/103], entropy: 0.5486, loss: 1.7704, lr: 4.69e-05
     Epoch[13] Iteration[90/103], entropy: 0.4566, loss: 1.7067, lr: 1.57e-06
     Epoch[13] Iteration[100/103], entropy: 0.6071, loss: 1.8375, lr: 2.32e-05
     Averaged stats: entropy: 0.3524, loss: 1.5300, lr: 4.06e-05
     itm tta time 0:00:14
### TTA Eval Score: 
+-------+--------+--------+--------+--------+--------+
| epoch |   R1   |   R5   |  R10   |  mAP   |  mINP  |
+-------+--------+--------+--------+--------+--------+
|  -999 | 70.598 | 86.891 | 91.780 | 63.391 | 47.063 |
|   0   | 70.760 | 86.940 | 91.894 | 63.456 | 47.159 |
|   1   | 70.809 | 86.907 | 91.992 | 63.511 | 47.236 |
|   2   | 70.825 | 86.891 | 91.992 | 63.553 | 47.277 |
|   3   | 70.874 | 86.891 | 91.975 | 63.582 | 47.289 |
|   4   | 70.858 | 86.972 | 92.008 | 63.593 | 47.312 |
|   5   | 70.971 | 86.988 | 91.927 | 63.615 | 47.295 |
|   6   | 70.988 | 86.988 | 91.943 | 63.599 | 47.265 |
|   7   | 70.955 | 86.972 | 91.894 | 63.594 | 47.253 |
|   8   | 70.971 | 87.053 | 91.894 | 63.600 | 47.245 |
|   9   | 70.939 | 87.021 | 91.943 | 63.604 | 47.277 |
|   10  | 70.841 | 86.972 | 91.992 | 63.592 | 47.276 |
|   11  | 70.809 | 86.988 | 91.992 | 63.578 | 47.264 |
|   12  | 70.858 | 86.940 | 91.943 | 63.582 | 47.243 |
|   13  | 70.825 | 86.923 | 91.975 | 63.585 | 47.243 |
+-------+--------+--------+--------+--------+--------+
     logs:  {'epo': 13, 'R1': 70.825, 'R5': 86.923, 'R10': 91.975, 'mAP': 63.585, 'mINP': 47.243, 'entropy': 0.5110538721084594, 'loss': 1.7427913665771484, 'lr': 4.999999999999999e-05}
     Epoch[14] Iteration[10/103], entropy: 0.3844, loss: 1.5767, lr: 9.38e-05
     Epoch[14] Iteration[20/103], entropy: 0.6057, loss: 1.8439, lr: 8.64e-05
     Epoch[14] Iteration[30/103], entropy: 0.5783, loss: 1.8469, lr: 2.87e-05
     Epoch[14] Iteration[40/103], entropy: 0.4838, loss: 1.6535, lr: 3.94e-07
     Epoch[14] Iteration[50/103], entropy: 0.6204, loss: 1.8789, lr: 4.06e-05
     Epoch[14] Iteration[60/103], entropy: 0.6480, loss: 1.8803, lr: 9.38e-05
     Epoch[14] Iteration[70/103], entropy: 0.5546, loss: 1.7923, lr: 8.64e-05
     Epoch[14] Iteration[80/103], entropy: 0.6207, loss: 1.8121, lr: 2.87e-05
     Epoch[14] Iteration[90/103], entropy: 0.4982, loss: 1.7109, lr: 3.94e-07
     Epoch[14] Iteration[100/103], entropy: 0.4732, loss: 1.6613, lr: 4.06e-05
     Averaged stats: entropy: 0.5045, loss: 1.7302, lr: 5.94e-05
     itm tta time 0:00:14
### TTA Eval Score: 
+-------+--------+--------+--------+--------+--------+
| epoch |   R1   |   R5   |  R10   |  mAP   |  mINP  |
+-------+--------+--------+--------+--------+--------+
|  -999 | 70.598 | 86.891 | 91.780 | 63.391 | 47.063 |
|   0   | 70.760 | 86.940 | 91.894 | 63.456 | 47.159 |
|   1   | 70.809 | 86.907 | 91.992 | 63.511 | 47.236 |
|   2   | 70.825 | 86.891 | 91.992 | 63.553 | 47.277 |
|   3   | 70.874 | 86.891 | 91.975 | 63.582 | 47.289 |
|   4   | 70.858 | 86.972 | 92.008 | 63.593 | 47.312 |
|   5   | 70.971 | 86.988 | 91.927 | 63.615 | 47.295 |
|   6   | 70.988 | 86.988 | 91.943 | 63.599 | 47.265 |
|   7   | 70.955 | 86.972 | 91.894 | 63.594 | 47.253 |
|   8   | 70.971 | 87.053 | 91.894 | 63.600 | 47.245 |
|   9   | 70.939 | 87.021 | 91.943 | 63.604 | 47.277 |
|   10  | 70.841 | 86.972 | 91.992 | 63.592 | 47.276 |
|   11  | 70.809 | 86.988 | 91.992 | 63.578 | 47.264 |
|   12  | 70.858 | 86.940 | 91.943 | 63.582 | 47.243 |
|   13  | 70.825 | 86.923 | 91.975 | 63.585 | 47.243 |
|   14  | 70.760 | 86.940 | 91.959 | 63.548 | 47.199 |
+-------+--------+--------+--------+--------+--------+
     logs:  {'epo': 14, 'R1': 70.76, 'R5': 86.94, 'R10': 91.959, 'mAP': 63.548, 'mINP': 47.199, 'entropy': 0.5467326909303665, 'loss': 1.765681552886963, 'lr': 4.9999999999999894e-05}
     Epoch[15] Iteration[10/103], entropy: 0.5631, loss: 1.8512, lr: 9.96e-05
     Epoch[15] Iteration[20/103], entropy: 0.5037, loss: 1.7060, lr: 7.13e-05
     Epoch[15] Iteration[30/103], entropy: 0.4227, loss: 1.7254, lr: 1.36e-05
     Epoch[15] Iteration[40/103], entropy: 0.6153, loss: 1.8486, lr: 6.18e-06
     Epoch[15] Iteration[50/103], entropy: 0.4413, loss: 1.6699, lr: 5.94e-05
     Epoch[15] Iteration[60/103], entropy: 0.4893, loss: 1.7117, lr: 9.96e-05
     Epoch[15] Iteration[70/103], entropy: 0.6292, loss: 1.8812, lr: 7.13e-05
     Epoch[15] Iteration[80/103], entropy: 0.4871, loss: 1.6689, lr: 1.36e-05
     Epoch[15] Iteration[90/103], entropy: 0.2620, loss: 1.4745, lr: 6.18e-06
     Epoch[15] Iteration[100/103], entropy: 0.5139, loss: 1.7369, lr: 5.94e-05
     Averaged stats: entropy: 0.4590, loss: 1.6678, lr: 7.68e-05
     itm tta time 0:00:14
### TTA Eval Score: 
+-------+--------+--------+--------+--------+--------+
| epoch |   R1   |   R5   |  R10   |  mAP   |  mINP  |
+-------+--------+--------+--------+--------+--------+
|  -999 | 70.598 | 86.891 | 91.780 | 63.391 | 47.063 |
|   0   | 70.760 | 86.940 | 91.894 | 63.456 | 47.159 |
|   1   | 70.809 | 86.907 | 91.992 | 63.511 | 47.236 |
|   2   | 70.825 | 86.891 | 91.992 | 63.553 | 47.277 |
|   3   | 70.874 | 86.891 | 91.975 | 63.582 | 47.289 |
|   4   | 70.858 | 86.972 | 92.008 | 63.593 | 47.312 |
|   5   | 70.971 | 86.988 | 91.927 | 63.615 | 47.295 |
|   6   | 70.988 | 86.988 | 91.943 | 63.599 | 47.265 |
|   7   | 70.955 | 86.972 | 91.894 | 63.594 | 47.253 |
|   8   | 70.971 | 87.053 | 91.894 | 63.600 | 47.245 |
|   9   | 70.939 | 87.021 | 91.943 | 63.604 | 47.277 |
|   10  | 70.841 | 86.972 | 91.992 | 63.592 | 47.276 |
|   11  | 70.809 | 86.988 | 91.992 | 63.578 | 47.264 |
|   12  | 70.858 | 86.940 | 91.943 | 63.582 | 47.243 |
|   13  | 70.825 | 86.923 | 91.975 | 63.585 | 47.243 |
|   14  | 70.760 | 86.940 | 91.959 | 63.548 | 47.199 |
|   15  | 70.679 | 86.875 | 91.959 | 63.518 | 47.172 |
+-------+--------+--------+--------+--------+--------+
     logs:  {'epo': 15, 'R1': 70.679, 'R5': 86.875, 'R10': 91.959, 'mAP': 63.518, 'mINP': 47.172, 'entropy': 0.4927611768245697, 'loss': 1.727439248561859, 'lr': 4.9999999999999955e-05}
     Epoch[16] Iteration[10/103], entropy: 0.4353, loss: 1.6758, lr: 9.84e-05
     Epoch[16] Iteration[20/103], entropy: 0.5512, loss: 1.8648, lr: 5.31e-05
     Epoch[16] Iteration[30/103], entropy: 0.3593, loss: 1.6072, lr: 3.51e-06
     Epoch[16] Iteration[40/103], entropy: 0.5415, loss: 1.7879, lr: 1.81e-05
     Epoch[16] Iteration[50/103], entropy: 0.3829, loss: 1.5895, lr: 7.68e-05
     Epoch[16] Iteration[60/103], entropy: 0.4533, loss: 1.6704, lr: 9.84e-05
     Epoch[16] Iteration[70/103], entropy: 0.5870, loss: 1.8047, lr: 5.31e-05
     Epoch[16] Iteration[80/103], entropy: 0.3355, loss: 1.5513, lr: 3.51e-06
     Epoch[16] Iteration[90/103], entropy: 0.5902, loss: 1.8873, lr: 1.81e-05
     Epoch[16] Iteration[100/103], entropy: 0.3933, loss: 1.5592, lr: 7.68e-05
     Averaged stats: entropy: 0.4143, loss: 1.6418, lr: 9.05e-05
     itm tta time 0:00:14
### TTA Eval Score: 
+-------+--------+--------+--------+--------+--------+
| epoch |   R1   |   R5   |  R10   |  mAP   |  mINP  |
+-------+--------+--------+--------+--------+--------+
|  -999 | 70.598 | 86.891 | 91.780 | 63.391 | 47.063 |
|   0   | 70.760 | 86.940 | 91.894 | 63.456 | 47.159 |
|   1   | 70.809 | 86.907 | 91.992 | 63.511 | 47.236 |
|   2   | 70.825 | 86.891 | 91.992 | 63.553 | 47.277 |
|   3   | 70.874 | 86.891 | 91.975 | 63.582 | 47.289 |
|   4   | 70.858 | 86.972 | 92.008 | 63.593 | 47.312 |
|   5   | 70.971 | 86.988 | 91.927 | 63.615 | 47.295 |
|   6   | 70.988 | 86.988 | 91.943 | 63.599 | 47.265 |
|   7   | 70.955 | 86.972 | 91.894 | 63.594 | 47.253 |
|   8   | 70.971 | 87.053 | 91.894 | 63.600 | 47.245 |
|   9   | 70.939 | 87.021 | 91.943 | 63.604 | 47.277 |
|   10  | 70.841 | 86.972 | 91.992 | 63.592 | 47.276 |
|   11  | 70.809 | 86.988 | 91.992 | 63.578 | 47.264 |
|   12  | 70.858 | 86.940 | 91.943 | 63.582 | 47.243 |
|   13  | 70.825 | 86.923 | 91.975 | 63.585 | 47.243 |
|   14  | 70.760 | 86.940 | 91.959 | 63.548 | 47.199 |
|   15  | 70.679 | 86.875 | 91.959 | 63.518 | 47.172 |
|   16  | 70.630 | 86.940 | 91.862 | 63.513 | 47.139 |
+-------+--------+--------+--------+--------+--------+
     logs:  {'epo': 16, 'R1': 70.63, 'R5': 86.94, 'R10': 91.862, 'mAP': 63.513, 'mINP': 47.139, 'entropy': 0.4629530906677246, 'loss': 1.6998271346092224, 'lr': 5.0000000000000273e-05}
     Epoch[17] Iteration[10/103], entropy: 0.5484, loss: 1.8025, lr: 9.05e-05
     Epoch[17] Iteration[20/103], entropy: 0.3290, loss: 1.5606, lr: 3.45e-05
     Epoch[17] Iteration[30/103], entropy: 0.3346, loss: 1.5470, lr: 0.00e+00
     Epoch[17] Iteration[40/103], entropy: 0.3784, loss: 1.6446, lr: 3.45e-05
     Epoch[17] Iteration[50/103], entropy: 0.4716, loss: 1.7432, lr: 9.05e-05
     Epoch[17] Iteration[60/103], entropy: 0.5353, loss: 1.7560, lr: 9.05e-05
     Epoch[17] Iteration[70/103], entropy: 0.3237, loss: 1.5016, lr: 3.45e-05
     Epoch[17] Iteration[80/103], entropy: 0.4171, loss: 1.5923, lr: 0.00e+00
     Epoch[17] Iteration[90/103], entropy: 0.4910, loss: 1.7058, lr: 3.45e-05
     Epoch[17] Iteration[100/103], entropy: 0.5008, loss: 1.7160, lr: 9.05e-05
     Averaged stats: entropy: 0.6001, loss: 1.8304, lr: 9.84e-05
     itm tta time 0:00:14
### TTA Eval Score: 
+-------+--------+--------+--------+--------+--------+
| epoch |   R1   |   R5   |  R10   |  mAP   |  mINP  |
+-------+--------+--------+--------+--------+--------+
|  -999 | 70.598 | 86.891 | 91.780 | 63.391 | 47.063 |
|   0   | 70.760 | 86.940 | 91.894 | 63.456 | 47.159 |
|   1   | 70.809 | 86.907 | 91.992 | 63.511 | 47.236 |
|   2   | 70.825 | 86.891 | 91.992 | 63.553 | 47.277 |
|   3   | 70.874 | 86.891 | 91.975 | 63.582 | 47.289 |
|   4   | 70.858 | 86.972 | 92.008 | 63.593 | 47.312 |
|   5   | 70.971 | 86.988 | 91.927 | 63.615 | 47.295 |
|   6   | 70.988 | 86.988 | 91.943 | 63.599 | 47.265 |
|   7   | 70.955 | 86.972 | 91.894 | 63.594 | 47.253 |
|   8   | 70.971 | 87.053 | 91.894 | 63.600 | 47.245 |
|   9   | 70.939 | 87.021 | 91.943 | 63.604 | 47.277 |
|   10  | 70.841 | 86.972 | 91.992 | 63.592 | 47.276 |
|   11  | 70.809 | 86.988 | 91.992 | 63.578 | 47.264 |
|   12  | 70.858 | 86.940 | 91.943 | 63.582 | 47.243 |
|   13  | 70.825 | 86.923 | 91.975 | 63.585 | 47.243 |
|   14  | 70.760 | 86.940 | 91.959 | 63.548 | 47.199 |
|   15  | 70.679 | 86.875 | 91.959 | 63.518 | 47.172 |
|   16  | 70.630 | 86.940 | 91.862 | 63.513 | 47.139 |
|   17  | 70.663 | 86.956 | 92.008 | 63.488 | 47.106 |
+-------+--------+--------+--------+--------+--------+
     logs:  {'epo': 17, 'R1': 70.663, 'R5': 86.956, 'R10': 92.008, 'mAP': 63.488, 'mINP': 47.106, 'entropy': 0.4329770565032959, 'loss': 1.6569682717323304, 'lr': 5.0000000000000416e-05}
     Epoch[18] Iteration[10/103], entropy: 0.6748, loss: 1.8842, lr: 7.68e-05
     Epoch[18] Iteration[20/103], entropy: 0.3633, loss: 1.6044, lr: 1.81e-05
     Epoch[18] Iteration[30/103], entropy: 0.3769, loss: 1.5580, lr: 3.51e-06
     Epoch[18] Iteration[40/103], entropy: 0.6680, loss: 1.9232, lr: 5.31e-05
     Epoch[18] Iteration[50/103], entropy: 0.5920, loss: 1.7546, lr: 9.84e-05
     Epoch[18] Iteration[60/103], entropy: 0.5196, loss: 1.6946, lr: 7.68e-05
     Epoch[18] Iteration[70/103], entropy: 0.3859, loss: 1.6643, lr: 1.81e-05
     Epoch[18] Iteration[80/103], entropy: 0.6109, loss: 1.8470, lr: 3.51e-06
     Epoch[18] Iteration[90/103], entropy: 0.5262, loss: 1.7522, lr: 5.31e-05
     Epoch[18] Iteration[100/103], entropy: 0.5637, loss: 1.7738, lr: 9.84e-05
     Averaged stats: entropy: 0.4531, loss: 1.6752, lr: 9.96e-05
     itm tta time 0:00:14
### TTA Eval Score: 
+-------+--------+--------+--------+--------+--------+
| epoch |   R1   |   R5   |  R10   |  mAP   |  mINP  |
+-------+--------+--------+--------+--------+--------+
|  -999 | 70.598 | 86.891 | 91.780 | 63.391 | 47.063 |
|   0   | 70.760 | 86.940 | 91.894 | 63.456 | 47.159 |
|   1   | 70.809 | 86.907 | 91.992 | 63.511 | 47.236 |
|   2   | 70.825 | 86.891 | 91.992 | 63.553 | 47.277 |
|   3   | 70.874 | 86.891 | 91.975 | 63.582 | 47.289 |
|   4   | 70.858 | 86.972 | 92.008 | 63.593 | 47.312 |
|   5   | 70.971 | 86.988 | 91.927 | 63.615 | 47.295 |
|   6   | 70.988 | 86.988 | 91.943 | 63.599 | 47.265 |
|   7   | 70.955 | 86.972 | 91.894 | 63.594 | 47.253 |
|   8   | 70.971 | 87.053 | 91.894 | 63.600 | 47.245 |
|   9   | 70.939 | 87.021 | 91.943 | 63.604 | 47.277 |
|   10  | 70.841 | 86.972 | 91.992 | 63.592 | 47.276 |
|   11  | 70.809 | 86.988 | 91.992 | 63.578 | 47.264 |
|   12  | 70.858 | 86.940 | 91.943 | 63.582 | 47.243 |
|   13  | 70.825 | 86.923 | 91.975 | 63.585 | 47.243 |
|   14  | 70.760 | 86.940 | 91.959 | 63.548 | 47.199 |
|   15  | 70.679 | 86.875 | 91.959 | 63.518 | 47.172 |
|   16  | 70.630 | 86.940 | 91.862 | 63.513 | 47.139 |
|   17  | 70.663 | 86.956 | 92.008 | 63.488 | 47.106 |
|   18  | 70.533 | 86.907 | 91.975 | 63.428 | 47.041 |
+-------+--------+--------+--------+--------+--------+
     logs:  {'epo': 18, 'R1': 70.533, 'R5': 86.907, 'R10': 91.975, 'mAP': 63.428, 'mINP': 47.041, 'entropy': 0.5281134814023971, 'loss': 1.7456302165985107, 'lr': 5.0000000000000273e-05}
     Epoch[19] Iteration[10/103], entropy: 0.4386, loss: 1.6664, lr: 5.94e-05
     Epoch[19] Iteration[20/103], entropy: 0.4553, loss: 1.6280, lr: 6.18e-06
     Epoch[19] Iteration[30/103], entropy: 0.5729, loss: 1.7800, lr: 1.36e-05
     Epoch[19] Iteration[40/103], entropy: 0.5090, loss: 1.7676, lr: 7.13e-05
     Epoch[19] Iteration[50/103], entropy: 0.5734, loss: 1.7895, lr: 9.96e-05
     Epoch[19] Iteration[60/103], entropy: 0.3696, loss: 1.6527, lr: 6.55e-05
     Epoch[19] Iteration[70/103], entropy: 0.3796, loss: 1.6091, lr: 9.55e-06
     Epoch[19] Iteration[80/103], entropy: 0.3840, loss: 1.5782, lr: 9.55e-06
     Epoch[19] Iteration[90/103], entropy: 0.3666, loss: 1.6203, lr: 6.55e-05
     Epoch[19] Iteration[100/103], entropy: 0.5226, loss: 1.7736, lr: 1.00e-04
     Averaged stats: entropy: 0.5195, loss: 1.7388, lr: 9.65e-05
     itm tta time 0:00:14
### TTA Eval Score: 
+-------+--------+--------+--------+--------+--------+
| epoch |   R1   |   R5   |  R10   |  mAP   |  mINP  |
+-------+--------+--------+--------+--------+--------+
|  -999 | 70.598 | 86.891 | 91.780 | 63.391 | 47.063 |
|   0   | 70.760 | 86.940 | 91.894 | 63.456 | 47.159 |
|   1   | 70.809 | 86.907 | 91.992 | 63.511 | 47.236 |
|   2   | 70.825 | 86.891 | 91.992 | 63.553 | 47.277 |
|   3   | 70.874 | 86.891 | 91.975 | 63.582 | 47.289 |
|   4   | 70.858 | 86.972 | 92.008 | 63.593 | 47.312 |
|   5   | 70.971 | 86.988 | 91.927 | 63.615 | 47.295 |
|   6   | 70.988 | 86.988 | 91.943 | 63.599 | 47.265 |
|   7   | 70.955 | 86.972 | 91.894 | 63.594 | 47.253 |
|   8   | 70.971 | 87.053 | 91.894 | 63.600 | 47.245 |
|   9   | 70.939 | 87.021 | 91.943 | 63.604 | 47.277 |
|   10  | 70.841 | 86.972 | 91.992 | 63.592 | 47.276 |
|   11  | 70.809 | 86.988 | 91.992 | 63.578 | 47.264 |
|   12  | 70.858 | 86.940 | 91.943 | 63.582 | 47.243 |
|   13  | 70.825 | 86.923 | 91.975 | 63.585 | 47.243 |
|   14  | 70.760 | 86.940 | 91.959 | 63.548 | 47.199 |
|   15  | 70.679 | 86.875 | 91.959 | 63.518 | 47.172 |
|   16  | 70.630 | 86.940 | 91.862 | 63.513 | 47.139 |
|   17  | 70.663 | 86.956 | 92.008 | 63.488 | 47.106 |
|   18  | 70.533 | 86.907 | 91.975 | 63.428 | 47.041 |
|   19  | 70.565 | 86.875 | 91.975 | 63.404 | 46.993 |
+-------+--------+--------+--------+--------+--------+
     logs:  {'epo': 19, 'R1': 70.565, 'R5': 86.875, 'R10': 91.975, 'mAP': 63.404, 'mINP': 46.993, 'entropy': 0.45717387795448305, 'loss': 1.686540138721466, 'lr': 4.999999999999984e-05}
     Epoch[20] Iteration[10/103], entropy: 0.5725, loss: 1.8521, lr: 4.69e-05
     Epoch[20] Iteration[20/103], entropy: 0.5605, loss: 1.7743, lr: 1.57e-06
     Epoch[20] Iteration[30/103], entropy: 0.5052, loss: 1.7141, lr: 2.32e-05
     Epoch[20] Iteration[40/103], entropy: 0.6014, loss: 1.8128, lr: 8.19e-05
     Epoch[20] Iteration[50/103], entropy: 0.5758, loss: 1.7918, lr: 9.65e-05
     Epoch[20] Iteration[60/103], entropy: 0.5545, loss: 1.8196, lr: 4.69e-05
     Epoch[20] Iteration[70/103], entropy: 0.6347, loss: 1.8378, lr: 1.57e-06
     Epoch[20] Iteration[80/103], entropy: 0.6519, loss: 1.8981, lr: 2.32e-05
     Epoch[20] Iteration[90/103], entropy: 0.6716, loss: 1.8736, lr: 8.19e-05
     Epoch[20] Iteration[100/103], entropy: 0.5007, loss: 1.6900, lr: 9.65e-05
     Averaged stats: entropy: 0.6201, loss: 1.8143, lr: 8.64e-05
     itm tta time 0:00:14
### TTA Eval Score: 
+-------+--------+--------+--------+--------+--------+
| epoch |   R1   |   R5   |  R10   |  mAP   |  mINP  |
+-------+--------+--------+--------+--------+--------+
|  -999 | 70.598 | 86.891 | 91.780 | 63.391 | 47.063 |
|   0   | 70.760 | 86.940 | 91.894 | 63.456 | 47.159 |
|   1   | 70.809 | 86.907 | 91.992 | 63.511 | 47.236 |
|   2   | 70.825 | 86.891 | 91.992 | 63.553 | 47.277 |
|   3   | 70.874 | 86.891 | 91.975 | 63.582 | 47.289 |
|   4   | 70.858 | 86.972 | 92.008 | 63.593 | 47.312 |
|   5   | 70.971 | 86.988 | 91.927 | 63.615 | 47.295 |
|   6   | 70.988 | 86.988 | 91.943 | 63.599 | 47.265 |
|   7   | 70.955 | 86.972 | 91.894 | 63.594 | 47.253 |
|   8   | 70.971 | 87.053 | 91.894 | 63.600 | 47.245 |
|   9   | 70.939 | 87.021 | 91.943 | 63.604 | 47.277 |
|   10  | 70.841 | 86.972 | 91.992 | 63.592 | 47.276 |
|   11  | 70.809 | 86.988 | 91.992 | 63.578 | 47.264 |
|   12  | 70.858 | 86.940 | 91.943 | 63.582 | 47.243 |
|   13  | 70.825 | 86.923 | 91.975 | 63.585 | 47.243 |
|   14  | 70.760 | 86.940 | 91.959 | 63.548 | 47.199 |
|   15  | 70.679 | 86.875 | 91.959 | 63.518 | 47.172 |
|   16  | 70.630 | 86.940 | 91.862 | 63.513 | 47.139 |
|   17  | 70.663 | 86.956 | 92.008 | 63.488 | 47.106 |
|   18  | 70.533 | 86.907 | 91.975 | 63.428 | 47.041 |
|   19  | 70.565 | 86.875 | 91.975 | 63.404 | 46.993 |
|   20  | 70.517 | 86.842 | 91.927 | 63.379 | 46.953 |
+-------+--------+--------+--------+--------+--------+
     logs:  {'epo': 20, 'R1': 70.517, 'R5': 86.842, 'R10': 91.927, 'mAP': 63.379, 'mINP': 46.953, 'entropy': 0.5828889369964599, 'loss': 1.8064326167106628, 'lr': 4.99999999999997e-05}
     Epoch[21] Iteration[10/103], entropy: 0.5022, loss: 1.7214, lr: 2.87e-05
     Epoch[21] Iteration[20/103], entropy: 0.4853, loss: 1.7069, lr: 3.94e-07
     Epoch[21] Iteration[30/103], entropy: 0.4444, loss: 1.7309, lr: 4.06e-05
     Epoch[21] Iteration[40/103], entropy: 0.4707, loss: 1.7136, lr: 9.38e-05
     Epoch[21] Iteration[50/103], entropy: 0.4164, loss: 1.6331, lr: 8.64e-05
     Epoch[21] Iteration[60/103], entropy: 0.3787, loss: 1.5648, lr: 2.87e-05
     Epoch[21] Iteration[70/103], entropy: 0.6269, loss: 1.8551, lr: 3.94e-07
     Epoch[21] Iteration[80/103], entropy: 0.5419, loss: 1.7791, lr: 4.06e-05
     Epoch[21] Iteration[90/103], entropy: 0.5146, loss: 1.7330, lr: 9.38e-05
     Epoch[21] Iteration[100/103], entropy: 0.5167, loss: 1.7511, lr: 8.64e-05
     Averaged stats: entropy: 0.4063, loss: 1.5996, lr: 7.13e-05
     itm tta time 0:00:14
### TTA Eval Score: 
+-------+--------+--------+--------+--------+--------+
| epoch |   R1   |   R5   |  R10   |  mAP   |  mINP  |
+-------+--------+--------+--------+--------+--------+
|  -999 | 70.598 | 86.891 | 91.780 | 63.391 | 47.063 |
|   0   | 70.760 | 86.940 | 91.894 | 63.456 | 47.159 |
|   1   | 70.809 | 86.907 | 91.992 | 63.511 | 47.236 |
|   2   | 70.825 | 86.891 | 91.992 | 63.553 | 47.277 |
|   3   | 70.874 | 86.891 | 91.975 | 63.582 | 47.289 |
|   4   | 70.858 | 86.972 | 92.008 | 63.593 | 47.312 |
|   5   | 70.971 | 86.988 | 91.927 | 63.615 | 47.295 |
|   6   | 70.988 | 86.988 | 91.943 | 63.599 | 47.265 |
|   7   | 70.955 | 86.972 | 91.894 | 63.594 | 47.253 |
|   8   | 70.971 | 87.053 | 91.894 | 63.600 | 47.245 |
|   9   | 70.939 | 87.021 | 91.943 | 63.604 | 47.277 |
|   10  | 70.841 | 86.972 | 91.992 | 63.592 | 47.276 |
|   11  | 70.809 | 86.988 | 91.992 | 63.578 | 47.264 |
|   12  | 70.858 | 86.940 | 91.943 | 63.582 | 47.243 |
|   13  | 70.825 | 86.923 | 91.975 | 63.585 | 47.243 |
|   14  | 70.760 | 86.940 | 91.959 | 63.548 | 47.199 |
|   15  | 70.679 | 86.875 | 91.959 | 63.518 | 47.172 |
|   16  | 70.630 | 86.940 | 91.862 | 63.513 | 47.139 |
|   17  | 70.663 | 86.956 | 92.008 | 63.488 | 47.106 |
|   18  | 70.533 | 86.907 | 91.975 | 63.428 | 47.041 |
|   19  | 70.565 | 86.875 | 91.975 | 63.404 | 46.993 |
|   20  | 70.517 | 86.842 | 91.927 | 63.379 | 46.953 |
|   21  | 70.549 | 86.793 | 91.894 | 63.364 | 46.925 |
+-------+--------+--------+--------+--------+--------+
     logs:  {'epo': 21, 'R1': 70.549, 'R5': 86.793, 'R10': 91.894, 'mAP': 63.364, 'mINP': 46.925, 'entropy': 0.4897759765386581, 'loss': 1.7188903927803039, 'lr': 5.000000000000001e-05}
     Epoch[22] Iteration[10/103], entropy: 0.5987, loss: 1.8375, lr: 1.36e-05
     Epoch[22] Iteration[20/103], entropy: 0.4919, loss: 1.7087, lr: 6.18e-06
     Epoch[22] Iteration[30/103], entropy: 0.4243, loss: 1.5979, lr: 5.94e-05
     Epoch[22] Iteration[40/103], entropy: 0.5442, loss: 1.7983, lr: 9.96e-05
     Epoch[22] Iteration[50/103], entropy: 0.4542, loss: 1.6605, lr: 7.13e-05
     Epoch[22] Iteration[60/103], entropy: 0.5839, loss: 1.8137, lr: 1.36e-05
     Epoch[22] Iteration[70/103], entropy: 0.5039, loss: 1.7892, lr: 6.18e-06
     Epoch[22] Iteration[80/103], entropy: 0.5128, loss: 1.7812, lr: 5.94e-05
     Epoch[22] Iteration[90/103], entropy: 0.5664, loss: 1.7985, lr: 9.96e-05
     Epoch[22] Iteration[100/103], entropy: 0.4738, loss: 1.6810, lr: 7.13e-05
     Averaged stats: entropy: 0.2631, loss: 1.4495, lr: 5.31e-05
     itm tta time 0:00:14
### TTA Eval Score: 
+-------+--------+--------+--------+--------+--------+
| epoch |   R1   |   R5   |  R10   |  mAP   |  mINP  |
+-------+--------+--------+--------+--------+--------+
|  -999 | 70.598 | 86.891 | 91.780 | 63.391 | 47.063 |
|   0   | 70.760 | 86.940 | 91.894 | 63.456 | 47.159 |
|   1   | 70.809 | 86.907 | 91.992 | 63.511 | 47.236 |
|   2   | 70.825 | 86.891 | 91.992 | 63.553 | 47.277 |
|   3   | 70.874 | 86.891 | 91.975 | 63.582 | 47.289 |
|   4   | 70.858 | 86.972 | 92.008 | 63.593 | 47.312 |
|   5   | 70.971 | 86.988 | 91.927 | 63.615 | 47.295 |
|   6   | 70.988 | 86.988 | 91.943 | 63.599 | 47.265 |
|   7   | 70.955 | 86.972 | 91.894 | 63.594 | 47.253 |
|   8   | 70.971 | 87.053 | 91.894 | 63.600 | 47.245 |
|   9   | 70.939 | 87.021 | 91.943 | 63.604 | 47.277 |
|   10  | 70.841 | 86.972 | 91.992 | 63.592 | 47.276 |
|   11  | 70.809 | 86.988 | 91.992 | 63.578 | 47.264 |
|   12  | 70.858 | 86.940 | 91.943 | 63.582 | 47.243 |
|   13  | 70.825 | 86.923 | 91.975 | 63.585 | 47.243 |
|   14  | 70.760 | 86.940 | 91.959 | 63.548 | 47.199 |
|   15  | 70.679 | 86.875 | 91.959 | 63.518 | 47.172 |
|   16  | 70.630 | 86.940 | 91.862 | 63.513 | 47.139 |
|   17  | 70.663 | 86.956 | 92.008 | 63.488 | 47.106 |
|   18  | 70.533 | 86.907 | 91.975 | 63.428 | 47.041 |
|   19  | 70.565 | 86.875 | 91.975 | 63.404 | 46.993 |
|   20  | 70.517 | 86.842 | 91.927 | 63.379 | 46.953 |
|   21  | 70.549 | 86.793 | 91.894 | 63.364 | 46.925 |
|   22  | 70.517 | 86.761 | 91.894 | 63.297 | 46.847 |
+-------+--------+--------+--------+--------+--------+
     logs:  {'epo': 22, 'R1': 70.517, 'R5': 86.761, 'R10': 91.894, 'mAP': 63.297, 'mINP': 46.847, 'entropy': 0.5154209733009338, 'loss': 1.7466527581214906, 'lr': 5e-05}
     Epoch[23] Iteration[10/103], entropy: 0.4403, loss: 1.5942, lr: 3.51e-06
     Epoch[23] Iteration[20/103], entropy: 0.4385, loss: 1.7315, lr: 1.81e-05
     Epoch[23] Iteration[30/103], entropy: 0.6383, loss: 1.8451, lr: 7.68e-05
     Epoch[23] Iteration[40/103], entropy: 0.6721, loss: 1.9507, lr: 9.84e-05
     Epoch[23] Iteration[50/103], entropy: 0.5117, loss: 1.7395, lr: 5.31e-05
     Epoch[23] Iteration[60/103], entropy: 0.5714, loss: 1.8194, lr: 3.51e-06
     Epoch[23] Iteration[70/103], entropy: 0.5425, loss: 1.7721, lr: 1.81e-05
     Epoch[23] Iteration[80/103], entropy: 0.4498, loss: 1.6999, lr: 7.68e-05
     Epoch[23] Iteration[90/103], entropy: 0.5127, loss: 1.7148, lr: 9.84e-05
     Epoch[23] Iteration[100/103], entropy: 0.5102, loss: 1.7498, lr: 5.31e-05
     Averaged stats: entropy: 0.5836, loss: 1.8524, lr: 3.45e-05
     itm tta time 0:00:14
### TTA Eval Score: 
+-------+--------+--------+--------+--------+--------+
| epoch |   R1   |   R5   |  R10   |  mAP   |  mINP  |
+-------+--------+--------+--------+--------+--------+
|  -999 | 70.598 | 86.891 | 91.780 | 63.391 | 47.063 |
|   0   | 70.760 | 86.940 | 91.894 | 63.456 | 47.159 |
|   1   | 70.809 | 86.907 | 91.992 | 63.511 | 47.236 |
|   2   | 70.825 | 86.891 | 91.992 | 63.553 | 47.277 |
|   3   | 70.874 | 86.891 | 91.975 | 63.582 | 47.289 |
|   4   | 70.858 | 86.972 | 92.008 | 63.593 | 47.312 |
|   5   | 70.971 | 86.988 | 91.927 | 63.615 | 47.295 |
|   6   | 70.988 | 86.988 | 91.943 | 63.599 | 47.265 |
|   7   | 70.955 | 86.972 | 91.894 | 63.594 | 47.253 |
|   8   | 70.971 | 87.053 | 91.894 | 63.600 | 47.245 |
|   9   | 70.939 | 87.021 | 91.943 | 63.604 | 47.277 |
|   10  | 70.841 | 86.972 | 91.992 | 63.592 | 47.276 |
|   11  | 70.809 | 86.988 | 91.992 | 63.578 | 47.264 |
|   12  | 70.858 | 86.940 | 91.943 | 63.582 | 47.243 |
|   13  | 70.825 | 86.923 | 91.975 | 63.585 | 47.243 |
|   14  | 70.760 | 86.940 | 91.959 | 63.548 | 47.199 |
|   15  | 70.679 | 86.875 | 91.959 | 63.518 | 47.172 |
|   16  | 70.630 | 86.940 | 91.862 | 63.513 | 47.139 |
|   17  | 70.663 | 86.956 | 92.008 | 63.488 | 47.106 |
|   18  | 70.533 | 86.907 | 91.975 | 63.428 | 47.041 |
|   19  | 70.565 | 86.875 | 91.975 | 63.404 | 46.993 |
|   20  | 70.517 | 86.842 | 91.927 | 63.379 | 46.953 |
|   21  | 70.549 | 86.793 | 91.894 | 63.364 | 46.925 |
|   22  | 70.517 | 86.761 | 91.894 | 63.297 | 46.847 |
|   23  | 70.484 | 86.761 | 91.878 | 63.290 | 46.841 |
+-------+--------+--------+--------+--------+--------+
     logs:  {'epo': 23, 'R1': 70.484, 'R5': 86.761, 'R10': 91.878, 'mAP': 63.29, 'mINP': 46.841, 'entropy': 0.5287623822689056, 'loss': 1.7616973638534545, 'lr': 5.000000000000009e-05}
     Epoch[24] Iteration[10/103], entropy: 0.6257, loss: 1.8392, lr: 0.00e+00
     Epoch[24] Iteration[20/103], entropy: 0.2730, loss: 1.5472, lr: 3.45e-05
     Epoch[24] Iteration[30/103], entropy: 0.4917, loss: 1.7105, lr: 9.05e-05
     Epoch[24] Iteration[40/103], entropy: 0.6942, loss: 1.8929, lr: 9.05e-05
     Epoch[24] Iteration[50/103], entropy: 0.5267, loss: 1.7805, lr: 3.45e-05
     Epoch[24] Iteration[60/103], entropy: 0.4855, loss: 1.6978, lr: 0.00e+00
     Epoch[24] Iteration[70/103], entropy: 0.5818, loss: 1.8393, lr: 3.45e-05
     Epoch[24] Iteration[80/103], entropy: 0.5175, loss: 1.7202, lr: 9.05e-05
     Epoch[24] Iteration[90/103], entropy: 0.5611, loss: 1.7378, lr: 9.05e-05
     Epoch[24] Iteration[100/103], entropy: 0.6377, loss: 1.9175, lr: 3.45e-05
     Averaged stats: entropy: 0.3826, loss: 1.6012, lr: 1.81e-05
     itm tta time 0:00:14
### TTA Eval Score: 
+-------+--------+--------+--------+--------+--------+
| epoch |   R1   |   R5   |  R10   |  mAP   |  mINP  |
+-------+--------+--------+--------+--------+--------+
|  -999 | 70.598 | 86.891 | 91.780 | 63.391 | 47.063 |
|   0   | 70.760 | 86.940 | 91.894 | 63.456 | 47.159 |
|   1   | 70.809 | 86.907 | 91.992 | 63.511 | 47.236 |
|   2   | 70.825 | 86.891 | 91.992 | 63.553 | 47.277 |
|   3   | 70.874 | 86.891 | 91.975 | 63.582 | 47.289 |
|   4   | 70.858 | 86.972 | 92.008 | 63.593 | 47.312 |
|   5   | 70.971 | 86.988 | 91.927 | 63.615 | 47.295 |
|   6   | 70.988 | 86.988 | 91.943 | 63.599 | 47.265 |
|   7   | 70.955 | 86.972 | 91.894 | 63.594 | 47.253 |
|   8   | 70.971 | 87.053 | 91.894 | 63.600 | 47.245 |
|   9   | 70.939 | 87.021 | 91.943 | 63.604 | 47.277 |
|   10  | 70.841 | 86.972 | 91.992 | 63.592 | 47.276 |
|   11  | 70.809 | 86.988 | 91.992 | 63.578 | 47.264 |
|   12  | 70.858 | 86.940 | 91.943 | 63.582 | 47.243 |
|   13  | 70.825 | 86.923 | 91.975 | 63.585 | 47.243 |
|   14  | 70.760 | 86.940 | 91.959 | 63.548 | 47.199 |
|   15  | 70.679 | 86.875 | 91.959 | 63.518 | 47.172 |
|   16  | 70.630 | 86.940 | 91.862 | 63.513 | 47.139 |
|   17  | 70.663 | 86.956 | 92.008 | 63.488 | 47.106 |
|   18  | 70.533 | 86.907 | 91.975 | 63.428 | 47.041 |
|   19  | 70.565 | 86.875 | 91.975 | 63.404 | 46.993 |
|   20  | 70.517 | 86.842 | 91.927 | 63.379 | 46.953 |
|   21  | 70.549 | 86.793 | 91.894 | 63.364 | 46.925 |
|   22  | 70.517 | 86.761 | 91.894 | 63.297 | 46.847 |
|   23  | 70.484 | 86.761 | 91.878 | 63.290 | 46.841 |
|   24  | 70.582 | 86.793 | 91.878 | 63.292 | 46.809 |
+-------+--------+--------+--------+--------+--------+
     logs:  {'epo': 24, 'R1': 70.582, 'R5': 86.793, 'R10': 91.878, 'mAP': 63.292, 'mINP': 46.809, 'entropy': 0.5394719362258911, 'loss': 1.768286943435669, 'lr': 5.000000000000031e-05}
     Epoch[25] Iteration[10/103], entropy: 0.5876, loss: 1.7929, lr: 3.51e-06
     Epoch[25] Iteration[20/103], entropy: 0.5606, loss: 1.7577, lr: 5.31e-05
     Epoch[25] Iteration[30/103], entropy: 0.3327, loss: 1.5385, lr: 9.84e-05
     Epoch[25] Iteration[40/103], entropy: 0.5775, loss: 1.7784, lr: 7.68e-05
     Epoch[25] Iteration[50/103], entropy: 0.4364, loss: 1.6576, lr: 1.81e-05
     Epoch[25] Iteration[60/103], entropy: 0.4721, loss: 1.7240, lr: 3.51e-06
     Epoch[25] Iteration[70/103], entropy: 0.4382, loss: 1.7460, lr: 5.31e-05
     Epoch[25] Iteration[80/103], entropy: 0.4448, loss: 1.6564, lr: 9.84e-05
     Epoch[25] Iteration[90/103], entropy: 0.5665, loss: 1.7742, lr: 7.68e-05
     Epoch[25] Iteration[100/103], entropy: 0.4514, loss: 1.7088, lr: 1.81e-05
     Averaged stats: entropy: 0.4239, loss: 1.6496, lr: 6.18e-06
     itm tta time 0:00:14
### TTA Eval Score: 
+-------+--------+--------+--------+--------+--------+
| epoch |   R1   |   R5   |  R10   |  mAP   |  mINP  |
+-------+--------+--------+--------+--------+--------+
|  -999 | 70.598 | 86.891 | 91.780 | 63.391 | 47.063 |
|   0   | 70.760 | 86.940 | 91.894 | 63.456 | 47.159 |
|   1   | 70.809 | 86.907 | 91.992 | 63.511 | 47.236 |
|   2   | 70.825 | 86.891 | 91.992 | 63.553 | 47.277 |
|   3   | 70.874 | 86.891 | 91.975 | 63.582 | 47.289 |
|   4   | 70.858 | 86.972 | 92.008 | 63.593 | 47.312 |
|   5   | 70.971 | 86.988 | 91.927 | 63.615 | 47.295 |
|   6   | 70.988 | 86.988 | 91.943 | 63.599 | 47.265 |
|   7   | 70.955 | 86.972 | 91.894 | 63.594 | 47.253 |
|   8   | 70.971 | 87.053 | 91.894 | 63.600 | 47.245 |
|   9   | 70.939 | 87.021 | 91.943 | 63.604 | 47.277 |
|   10  | 70.841 | 86.972 | 91.992 | 63.592 | 47.276 |
|   11  | 70.809 | 86.988 | 91.992 | 63.578 | 47.264 |
|   12  | 70.858 | 86.940 | 91.943 | 63.582 | 47.243 |
|   13  | 70.825 | 86.923 | 91.975 | 63.585 | 47.243 |
|   14  | 70.760 | 86.940 | 91.959 | 63.548 | 47.199 |
|   15  | 70.679 | 86.875 | 91.959 | 63.518 | 47.172 |
|   16  | 70.630 | 86.940 | 91.862 | 63.513 | 47.139 |
|   17  | 70.663 | 86.956 | 92.008 | 63.488 | 47.106 |
|   18  | 70.533 | 86.907 | 91.975 | 63.428 | 47.041 |
|   19  | 70.565 | 86.875 | 91.975 | 63.404 | 46.993 |
|   20  | 70.517 | 86.842 | 91.927 | 63.379 | 46.953 |
|   21  | 70.549 | 86.793 | 91.894 | 63.364 | 46.925 |
|   22  | 70.517 | 86.761 | 91.894 | 63.297 | 46.847 |
|   23  | 70.484 | 86.761 | 91.878 | 63.290 | 46.841 |
|   24  | 70.582 | 86.793 | 91.878 | 63.292 | 46.809 |
|   25  | 70.630 | 86.761 | 91.878 | 63.284 | 46.777 |
+-------+--------+--------+--------+--------+--------+
     logs:  {'epo': 25, 'R1': 70.63, 'R5': 86.761, 'R10': 91.878, 'mAP': 63.284, 'mINP': 46.777, 'entropy': 0.4867793649435043, 'loss': 1.7134539365768433, 'lr': 5.0000000000000273e-05}
     Epoch[26] Iteration[10/103], entropy: 0.5705, loss: 1.8388, lr: 1.36e-05
     Epoch[26] Iteration[20/103], entropy: 0.5697, loss: 1.8239, lr: 7.13e-05
     Epoch[26] Iteration[30/103], entropy: 0.5612, loss: 1.7863, lr: 9.96e-05
     Epoch[26] Iteration[40/103], entropy: 0.5015, loss: 1.6649, lr: 5.94e-05
     Epoch[26] Iteration[50/103], entropy: 0.5904, loss: 1.8650, lr: 6.18e-06
     Epoch[26] Iteration[60/103], entropy: 0.5130, loss: 1.7506, lr: 1.36e-05
     Epoch[26] Iteration[70/103], entropy: 0.5756, loss: 1.8263, lr: 7.13e-05
     Epoch[26] Iteration[80/103], entropy: 0.5937, loss: 1.8314, lr: 9.96e-05
     Epoch[26] Iteration[90/103], entropy: 0.4756, loss: 1.6935, lr: 5.94e-05
     Epoch[26] Iteration[100/103], entropy: 0.4864, loss: 1.7321, lr: 6.18e-06
     Averaged stats: entropy: 0.3176, loss: 1.5488, lr: 3.94e-07
     itm tta time 0:00:14
### TTA Eval Score: 
+-------+--------+--------+--------+--------+--------+
| epoch |   R1   |   R5   |  R10   |  mAP   |  mINP  |
+-------+--------+--------+--------+--------+--------+
|  -999 | 70.598 | 86.891 | 91.780 | 63.391 | 47.063 |
|   0   | 70.760 | 86.940 | 91.894 | 63.456 | 47.159 |
|   1   | 70.809 | 86.907 | 91.992 | 63.511 | 47.236 |
|   2   | 70.825 | 86.891 | 91.992 | 63.553 | 47.277 |
|   3   | 70.874 | 86.891 | 91.975 | 63.582 | 47.289 |
|   4   | 70.858 | 86.972 | 92.008 | 63.593 | 47.312 |
|   5   | 70.971 | 86.988 | 91.927 | 63.615 | 47.295 |
|   6   | 70.988 | 86.988 | 91.943 | 63.599 | 47.265 |
|   7   | 70.955 | 86.972 | 91.894 | 63.594 | 47.253 |
|   8   | 70.971 | 87.053 | 91.894 | 63.600 | 47.245 |
|   9   | 70.939 | 87.021 | 91.943 | 63.604 | 47.277 |
|   10  | 70.841 | 86.972 | 91.992 | 63.592 | 47.276 |
|   11  | 70.809 | 86.988 | 91.992 | 63.578 | 47.264 |
|   12  | 70.858 | 86.940 | 91.943 | 63.582 | 47.243 |
|   13  | 70.825 | 86.923 | 91.975 | 63.585 | 47.243 |
|   14  | 70.760 | 86.940 | 91.959 | 63.548 | 47.199 |
|   15  | 70.679 | 86.875 | 91.959 | 63.518 | 47.172 |
|   16  | 70.630 | 86.940 | 91.862 | 63.513 | 47.139 |
|   17  | 70.663 | 86.956 | 92.008 | 63.488 | 47.106 |
|   18  | 70.533 | 86.907 | 91.975 | 63.428 | 47.041 |
|   19  | 70.565 | 86.875 | 91.975 | 63.404 | 46.993 |
|   20  | 70.517 | 86.842 | 91.927 | 63.379 | 46.953 |
|   21  | 70.549 | 86.793 | 91.894 | 63.364 | 46.925 |
|   22  | 70.517 | 86.761 | 91.894 | 63.297 | 46.847 |
|   23  | 70.484 | 86.761 | 91.878 | 63.290 | 46.841 |
|   24  | 70.582 | 86.793 | 91.878 | 63.292 | 46.809 |
|   25  | 70.630 | 86.761 | 91.878 | 63.284 | 46.777 |
|   26  | 70.630 | 86.761 | 91.862 | 63.257 | 46.745 |
+-------+--------+--------+--------+--------+--------+
     logs:  {'epo': 26, 'R1': 70.63, 'R5': 86.761, 'R10': 91.862, 'mAP': 63.257, 'mINP': 46.745, 'entropy': 0.5437568068504334, 'loss': 1.78127361536026, 'lr': 4.999999999999993e-05}
     Epoch[27] Iteration[10/103], entropy: 0.6205, loss: 1.8582, lr: 2.87e-05
     Epoch[27] Iteration[20/103], entropy: 0.6987, loss: 1.8987, lr: 8.64e-05
     Epoch[27] Iteration[30/103], entropy: 0.5482, loss: 1.7815, lr: 9.38e-05
     Epoch[27] Iteration[40/103], entropy: 0.5409, loss: 1.7951, lr: 4.06e-05
     Epoch[27] Iteration[50/103], entropy: 0.5798, loss: 1.8164, lr: 3.94e-07
     Epoch[27] Iteration[60/103], entropy: 0.5479, loss: 1.7838, lr: 2.87e-05
     Epoch[27] Iteration[70/103], entropy: 0.4393, loss: 1.6405, lr: 8.64e-05
     Epoch[27] Iteration[80/103], entropy: 0.6766, loss: 1.8360, lr: 9.38e-05
     Epoch[27] Iteration[90/103], entropy: 0.6012, loss: 1.8540, lr: 4.06e-05
     Epoch[27] Iteration[100/103], entropy: 0.5674, loss: 1.7584, lr: 3.94e-07
     Averaged stats: entropy: 0.5668, loss: 1.7649, lr: 1.57e-06
     itm tta time 0:00:14
### TTA Eval Score: 
+-------+--------+--------+--------+--------+--------+
| epoch |   R1   |   R5   |  R10   |  mAP   |  mINP  |
+-------+--------+--------+--------+--------+--------+
|  -999 | 70.598 | 86.891 | 91.780 | 63.391 | 47.063 |
|   0   | 70.760 | 86.940 | 91.894 | 63.456 | 47.159 |
|   1   | 70.809 | 86.907 | 91.992 | 63.511 | 47.236 |
|   2   | 70.825 | 86.891 | 91.992 | 63.553 | 47.277 |
|   3   | 70.874 | 86.891 | 91.975 | 63.582 | 47.289 |
|   4   | 70.858 | 86.972 | 92.008 | 63.593 | 47.312 |
|   5   | 70.971 | 86.988 | 91.927 | 63.615 | 47.295 |
|   6   | 70.988 | 86.988 | 91.943 | 63.599 | 47.265 |
|   7   | 70.955 | 86.972 | 91.894 | 63.594 | 47.253 |
|   8   | 70.971 | 87.053 | 91.894 | 63.600 | 47.245 |
|   9   | 70.939 | 87.021 | 91.943 | 63.604 | 47.277 |
|   10  | 70.841 | 86.972 | 91.992 | 63.592 | 47.276 |
|   11  | 70.809 | 86.988 | 91.992 | 63.578 | 47.264 |
|   12  | 70.858 | 86.940 | 91.943 | 63.582 | 47.243 |
|   13  | 70.825 | 86.923 | 91.975 | 63.585 | 47.243 |
|   14  | 70.760 | 86.940 | 91.959 | 63.548 | 47.199 |
|   15  | 70.679 | 86.875 | 91.959 | 63.518 | 47.172 |
|   16  | 70.630 | 86.940 | 91.862 | 63.513 | 47.139 |
|   17  | 70.663 | 86.956 | 92.008 | 63.488 | 47.106 |
|   18  | 70.533 | 86.907 | 91.975 | 63.428 | 47.041 |
|   19  | 70.565 | 86.875 | 91.975 | 63.404 | 46.993 |
|   20  | 70.517 | 86.842 | 91.927 | 63.379 | 46.953 |
|   21  | 70.549 | 86.793 | 91.894 | 63.364 | 46.925 |
|   22  | 70.517 | 86.761 | 91.894 | 63.297 | 46.847 |
|   23  | 70.484 | 86.761 | 91.878 | 63.290 | 46.841 |
|   24  | 70.582 | 86.793 | 91.878 | 63.292 | 46.809 |
|   25  | 70.630 | 86.761 | 91.878 | 63.284 | 46.777 |
|   26  | 70.630 | 86.761 | 91.862 | 63.257 | 46.745 |
|   27  | 70.647 | 86.761 | 91.894 | 63.261 | 46.768 |
+-------+--------+--------+--------+--------+--------+
     logs:  {'epo': 27, 'R1': 70.647, 'R5': 86.761, 'R10': 91.894, 'mAP': 63.261, 'mINP': 46.768, 'entropy': 0.5820617765188217, 'loss': 1.8022553324699402, 'lr': 4.9999999999999955e-05}
     Epoch[28] Iteration[10/103], entropy: 0.4335, loss: 1.6324, lr: 4.69e-05
     Epoch[28] Iteration[20/103], entropy: 0.5471, loss: 1.7965, lr: 9.65e-05
     Epoch[28] Iteration[30/103], entropy: 0.4750, loss: 1.6674, lr: 8.19e-05
     Epoch[28] Iteration[40/103], entropy: 0.5531, loss: 1.7501, lr: 2.32e-05
     Epoch[28] Iteration[50/103], entropy: 0.5641, loss: 1.8222, lr: 1.57e-06
     Epoch[28] Iteration[60/103], entropy: 0.5759, loss: 1.8501, lr: 4.69e-05
     Epoch[28] Iteration[70/103], entropy: 0.5770, loss: 1.8929, lr: 9.65e-05
     Epoch[28] Iteration[80/103], entropy: 0.4741, loss: 1.7258, lr: 8.19e-05
     Epoch[28] Iteration[90/103], entropy: 0.4603, loss: 1.7969, lr: 2.32e-05
     Epoch[28] Iteration[100/103], entropy: 0.5149, loss: 1.7175, lr: 1.57e-06
     Averaged stats: entropy: 0.4446, loss: 1.6705, lr: 9.55e-06
     itm tta time 0:00:14
### TTA Eval Score: 
+-------+--------+--------+--------+--------+--------+
| epoch |   R1   |   R5   |  R10   |  mAP   |  mINP  |
+-------+--------+--------+--------+--------+--------+
|  -999 | 70.598 | 86.891 | 91.780 | 63.391 | 47.063 |
|   0   | 70.760 | 86.940 | 91.894 | 63.456 | 47.159 |
|   1   | 70.809 | 86.907 | 91.992 | 63.511 | 47.236 |
|   2   | 70.825 | 86.891 | 91.992 | 63.553 | 47.277 |
|   3   | 70.874 | 86.891 | 91.975 | 63.582 | 47.289 |
|   4   | 70.858 | 86.972 | 92.008 | 63.593 | 47.312 |
|   5   | 70.971 | 86.988 | 91.927 | 63.615 | 47.295 |
|   6   | 70.988 | 86.988 | 91.943 | 63.599 | 47.265 |
|   7   | 70.955 | 86.972 | 91.894 | 63.594 | 47.253 |
|   8   | 70.971 | 87.053 | 91.894 | 63.600 | 47.245 |
|   9   | 70.939 | 87.021 | 91.943 | 63.604 | 47.277 |
|   10  | 70.841 | 86.972 | 91.992 | 63.592 | 47.276 |
|   11  | 70.809 | 86.988 | 91.992 | 63.578 | 47.264 |
|   12  | 70.858 | 86.940 | 91.943 | 63.582 | 47.243 |
|   13  | 70.825 | 86.923 | 91.975 | 63.585 | 47.243 |
|   14  | 70.760 | 86.940 | 91.959 | 63.548 | 47.199 |
|   15  | 70.679 | 86.875 | 91.959 | 63.518 | 47.172 |
|   16  | 70.630 | 86.940 | 91.862 | 63.513 | 47.139 |
|   17  | 70.663 | 86.956 | 92.008 | 63.488 | 47.106 |
|   18  | 70.533 | 86.907 | 91.975 | 63.428 | 47.041 |
|   19  | 70.565 | 86.875 | 91.975 | 63.404 | 46.993 |
|   20  | 70.517 | 86.842 | 91.927 | 63.379 | 46.953 |
|   21  | 70.549 | 86.793 | 91.894 | 63.364 | 46.925 |
|   22  | 70.517 | 86.761 | 91.894 | 63.297 | 46.847 |
|   23  | 70.484 | 86.761 | 91.878 | 63.290 | 46.841 |
|   24  | 70.582 | 86.793 | 91.878 | 63.292 | 46.809 |
|   25  | 70.630 | 86.761 | 91.878 | 63.284 | 46.777 |
|   26  | 70.630 | 86.761 | 91.862 | 63.257 | 46.745 |
|   27  | 70.647 | 86.761 | 91.894 | 63.261 | 46.768 |
|   28  | 70.598 | 86.745 | 91.894 | 63.234 | 46.731 |
+-------+--------+--------+--------+--------+--------+
     logs:  {'epo': 28, 'R1': 70.598, 'R5': 86.745, 'R10': 91.894, 'mAP': 63.234, 'mINP': 46.731, 'entropy': 0.5174873352050782, 'loss': 1.765188217163086, 'lr': 4.9999999999999847e-05}
     Epoch[29] Iteration[10/103], entropy: 0.3899, loss: 1.6486, lr: 6.55e-05
     Epoch[29] Iteration[20/103], entropy: 0.5368, loss: 1.7805, lr: 1.00e-04
     Epoch[29] Iteration[30/103], entropy: 0.4556, loss: 1.7028, lr: 6.55e-05
     Epoch[29] Iteration[40/103], entropy: 0.4570, loss: 1.6720, lr: 9.55e-06
     Epoch[29] Iteration[50/103], entropy: 0.4636, loss: 1.6916, lr: 9.55e-06
     Epoch[29] Iteration[60/103], entropy: 0.1796, loss: 1.3885, lr: 6.55e-05
     Epoch[29] Iteration[70/103], entropy: 0.4640, loss: 1.6906, lr: 1.00e-04
     Epoch[29] Iteration[80/103], entropy: 0.3882, loss: 1.6265, lr: 6.55e-05
     Epoch[29] Iteration[90/103], entropy: 0.5520, loss: 1.7800, lr: 9.55e-06
     Epoch[29] Iteration[100/103], entropy: 0.3919, loss: 1.6257, lr: 9.55e-06
     Averaged stats: entropy: 0.3686, loss: 1.5244, lr: 2.32e-05
     itm tta time 0:00:14
### TTA Eval Score: 
+-------+--------+--------+--------+--------+--------+
| epoch |   R1   |   R5   |  R10   |  mAP   |  mINP  |
+-------+--------+--------+--------+--------+--------+
|  -999 | 70.598 | 86.891 | 91.780 | 63.391 | 47.063 |
|   0   | 70.760 | 86.940 | 91.894 | 63.456 | 47.159 |
|   1   | 70.809 | 86.907 | 91.992 | 63.511 | 47.236 |
|   2   | 70.825 | 86.891 | 91.992 | 63.553 | 47.277 |
|   3   | 70.874 | 86.891 | 91.975 | 63.582 | 47.289 |
|   4   | 70.858 | 86.972 | 92.008 | 63.593 | 47.312 |
|   5   | 70.971 | 86.988 | 91.927 | 63.615 | 47.295 |
|   6   | 70.988 | 86.988 | 91.943 | 63.599 | 47.265 |
|   7   | 70.955 | 86.972 | 91.894 | 63.594 | 47.253 |
|   8   | 70.971 | 87.053 | 91.894 | 63.600 | 47.245 |
|   9   | 70.939 | 87.021 | 91.943 | 63.604 | 47.277 |
|   10  | 70.841 | 86.972 | 91.992 | 63.592 | 47.276 |
|   11  | 70.809 | 86.988 | 91.992 | 63.578 | 47.264 |
|   12  | 70.858 | 86.940 | 91.943 | 63.582 | 47.243 |
|   13  | 70.825 | 86.923 | 91.975 | 63.585 | 47.243 |
|   14  | 70.760 | 86.940 | 91.959 | 63.548 | 47.199 |
|   15  | 70.679 | 86.875 | 91.959 | 63.518 | 47.172 |
|   16  | 70.630 | 86.940 | 91.862 | 63.513 | 47.139 |
|   17  | 70.663 | 86.956 | 92.008 | 63.488 | 47.106 |
|   18  | 70.533 | 86.907 | 91.975 | 63.428 | 47.041 |
|   19  | 70.565 | 86.875 | 91.975 | 63.404 | 46.993 |
|   20  | 70.517 | 86.842 | 91.927 | 63.379 | 46.953 |
|   21  | 70.549 | 86.793 | 91.894 | 63.364 | 46.925 |
|   22  | 70.517 | 86.761 | 91.894 | 63.297 | 46.847 |
|   23  | 70.484 | 86.761 | 91.878 | 63.290 | 46.841 |
|   24  | 70.582 | 86.793 | 91.878 | 63.292 | 46.809 |
|   25  | 70.630 | 86.761 | 91.878 | 63.284 | 46.777 |
|   26  | 70.630 | 86.761 | 91.862 | 63.257 | 46.745 |
|   27  | 70.647 | 86.761 | 91.894 | 63.261 | 46.768 |
|   28  | 70.598 | 86.745 | 91.894 | 63.234 | 46.731 |
|   29  | 70.549 | 86.728 | 91.878 | 63.205 | 46.702 |
+-------+--------+--------+--------+--------+--------+
     logs:  {'epo': 29, 'R1': 70.549, 'R5': 86.728, 'R10': 91.878, 'mAP': 63.205, 'mINP': 46.702, 'entropy': 0.4278539061546326, 'loss': 1.6606678366661072, 'lr': 4.9999999999999806e-05}
### best epoch 6 : {'epo': '6', 'R1': '70.988', 'R5': '86.988', 'R10': '91.943', 'mAP': '63.599', 'mINP': '47.265', 'entropy': '0.5530179738998413', 'loss': '1.7715322613716125', 'lr': '5.000000000000004e-05'}
### Time 0:11:33
