/home/jiahao/miniconda3/envs/irra/lib/python3.9/site-packages/torch/nn/functional.py:3609: UserWarning: Default upsampling behavior when mode=bilinear is changed to align_corners=False since 0.4.0. Please specify align_corners=True if the old behavior is desired. See the documentation of nn.Upsample for details.
  warnings.warn(
Not using distributed mode
### Hyper-parameters:
     output_dir: output/ham_cuhk_tta/exp3.1.0/2025090201534
     seed: 42
     device: cuda
     batch_size_tta: 32
     epochs: 30
     lr: 1e-05
### Creating test dataset
     test_txt_set: 6156    test_img_set: 3074
     test_txt_loader: 13    test_img_loader: 7
### Creating model
Training Model with ['sdm', 'id', 'mlm'] tasks
Resized position embedding from size:torch.Size([1, 197, 768]) to size: torch.Size([1, 193, 768]) with height:24 width: 8
     Total Params Sum:  194535419
### Zero-Shot Score: 
+-------+--------+--------+--------+--------+--------+
| epoch |   R1   |   R5   |  R10   |  mAP   |  mINP  |
+-------+--------+--------+--------+--------+--------+
|  -999 | 70.598 | 86.891 | 91.780 | 63.391 | 47.063 |
+-------+--------+--------+--------+--------+--------+
### TTA:
### Compute Cos Similarity Uncertainty
     preprocess_tta_coefficients  start
     sample selection ...
     number of sample after sample_selection: 6156
     uncertainty ...
     preprocess_tta_coefficients  end
### Creating TTA dataset
     tta_dataset: 6156
### Creating tta dataloader
### be careful: func create_loader returns a list length of 1
     tta_loader: 192
### Configure adapted weights
     TTA Dropout Modules: 
 []
     TTA Require Gradient Params: 
 [('base_model.transformer.resblocks.0.ln_1.weight', torch.Size([512])), ('base_model.transformer.resblocks.0.ln_1.bias', torch.Size([512])), ('base_model.transformer.resblocks.0.ln_2.weight', torch.Size([512])), ('base_model.transformer.resblocks.0.ln_2.bias', torch.Size([512])), ('base_model.transformer.resblocks.1.ln_1.weight', torch.Size([512])), ('base_model.transformer.resblocks.1.ln_1.bias', torch.Size([512])), ('base_model.transformer.resblocks.1.ln_2.weight', torch.Size([512])), ('base_model.transformer.resblocks.1.ln_2.bias', torch.Size([512])), ('base_model.transformer.resblocks.2.ln_1.weight', torch.Size([512])), ('base_model.transformer.resblocks.2.ln_1.bias', torch.Size([512])), ('base_model.transformer.resblocks.2.ln_2.weight', torch.Size([512])), ('base_model.transformer.resblocks.2.ln_2.bias', torch.Size([512])), ('base_model.transformer.resblocks.3.ln_1.weight', torch.Size([512])), ('base_model.transformer.resblocks.3.ln_1.bias', torch.Size([512])), ('base_model.transformer.resblocks.3.ln_2.weight', torch.Size([512])), ('base_model.transformer.resblocks.3.ln_2.bias', torch.Size([512])), ('base_model.transformer.resblocks.4.ln_1.weight', torch.Size([512])), ('base_model.transformer.resblocks.4.ln_1.bias', torch.Size([512])), ('base_model.transformer.resblocks.4.ln_2.weight', torch.Size([512])), ('base_model.transformer.resblocks.4.ln_2.bias', torch.Size([512])), ('base_model.transformer.resblocks.5.ln_1.weight', torch.Size([512])), ('base_model.transformer.resblocks.5.ln_1.bias', torch.Size([512])), ('base_model.transformer.resblocks.5.ln_2.weight', torch.Size([512])), ('base_model.transformer.resblocks.5.ln_2.bias', torch.Size([512])), ('base_model.transformer.resblocks.6.ln_1.weight', torch.Size([512])), ('base_model.transformer.resblocks.6.ln_1.bias', torch.Size([512])), ('base_model.transformer.resblocks.6.ln_2.weight', torch.Size([512])), ('base_model.transformer.resblocks.6.ln_2.bias', torch.Size([512])), ('base_model.transformer.resblocks.7.ln_1.weight', torch.Size([512])), ('base_model.transformer.resblocks.7.ln_1.bias', torch.Size([512])), ('base_model.transformer.resblocks.7.ln_2.weight', torch.Size([512])), ('base_model.transformer.resblocks.7.ln_2.bias', torch.Size([512])), ('base_model.transformer.resblocks.8.ln_1.weight', torch.Size([512])), ('base_model.transformer.resblocks.8.ln_1.bias', torch.Size([512])), ('base_model.transformer.resblocks.8.ln_2.weight', torch.Size([512])), ('base_model.transformer.resblocks.8.ln_2.bias', torch.Size([512])), ('base_model.transformer.resblocks.9.ln_1.weight', torch.Size([512])), ('base_model.transformer.resblocks.9.ln_1.bias', torch.Size([512])), ('base_model.transformer.resblocks.9.ln_2.weight', torch.Size([512])), ('base_model.transformer.resblocks.9.ln_2.bias', torch.Size([512])), ('base_model.transformer.resblocks.10.ln_1.weight', torch.Size([512])), ('base_model.transformer.resblocks.10.ln_1.bias', torch.Size([512])), ('base_model.transformer.resblocks.10.ln_2.weight', torch.Size([512])), ('base_model.transformer.resblocks.10.ln_2.bias', torch.Size([512])), ('base_model.transformer.resblocks.11.ln_1.weight', torch.Size([512])), ('base_model.transformer.resblocks.11.ln_1.bias', torch.Size([512])), ('base_model.transformer.resblocks.11.ln_2.weight', torch.Size([512])), ('base_model.transformer.resblocks.11.ln_2.bias', torch.Size([512])), ('base_model.ln_final.weight', torch.Size([512])), ('base_model.ln_final.bias', torch.Size([512]))]
     TTA Dropout Modules Number: 
 0
     TTA Require Gradient Params Sum: 
 25600
Using 5.0 times learning rate for random init module 
### Start Test Time Adaptation
     Epoch[0] Iteration[10/192], entropy: 0.8446, loss: 2.3527, lr: 9.05e-06
     Epoch[0] Iteration[20/192], entropy: 0.7820, loss: 2.3508, lr: 3.45e-06
     Epoch[0] Iteration[30/192], entropy: 0.8506, loss: 2.3964, lr: 0.00e+00
     Epoch[0] Iteration[40/192], entropy: 0.6595, loss: 2.1290, lr: 3.45e-06
     Epoch[0] Iteration[50/192], entropy: 0.7713, loss: 2.2961, lr: 9.05e-06
     Epoch[0] Iteration[60/192], entropy: 0.8313, loss: 2.2940, lr: 9.05e-06
     Epoch[0] Iteration[70/192], entropy: 0.7766, loss: 2.3189, lr: 3.45e-06
     Epoch[0] Iteration[80/192], entropy: 0.7203, loss: 2.1662, lr: 0.00e+00
     Epoch[0] Iteration[90/192], entropy: 0.8712, loss: 2.3843, lr: 3.45e-06
     Epoch[0] Iteration[100/192], entropy: 0.6650, loss: 2.1146, lr: 9.05e-06
     Epoch[0] Iteration[110/192], entropy: 0.7813, loss: 2.3037, lr: 9.05e-06
     Epoch[0] Iteration[120/192], entropy: 0.8463, loss: 2.3670, lr: 3.45e-06
     Epoch[0] Iteration[130/192], entropy: 0.8021, loss: 2.3502, lr: 0.00e+00
     Epoch[0] Iteration[140/192], entropy: 0.7352, loss: 2.2378, lr: 3.45e-06
     Epoch[0] Iteration[150/192], entropy: 0.7413, loss: 2.2425, lr: 9.05e-06
     Epoch[0] Iteration[160/192], entropy: 0.8264, loss: 2.3190, lr: 9.05e-06
     Epoch[0] Iteration[170/192], entropy: 0.7482, loss: 2.2381, lr: 3.45e-06
     Epoch[0] Iteration[180/192], entropy: 0.5961, loss: 2.0614, lr: 0.00e+00
     Epoch[0] Iteration[190/192], entropy: 0.7603, loss: 2.2895, lr: 3.45e-06
     Averaged stats: entropy: 0.8189, loss: 2.3406, lr: 4.69e-06
     itm tta time 0:00:28
### TTA Eval Score: 
+-------+--------+--------+--------+--------+--------+
| epoch |   R1   |   R5   |  R10   |  mAP   |  mINP  |
+-------+--------+--------+--------+--------+--------+
|  -999 | 70.598 | 86.891 | 91.780 | 63.391 | 47.063 |
|   0   | 70.647 | 86.923 | 91.829 | 63.398 | 47.057 |
+-------+--------+--------+--------+--------+--------+
     logs:  {'epo': 0, 'R1': 70.647, 'R5': 86.923, 'R10': 91.829, 'mAP': 63.398, 'mINP': 47.057, 'entropy': 0.768930290874682, 'loss': 2.274331532026592, 'lr': 4.7871007909539615e-06}
     Epoch[1] Iteration[10/192], entropy: 0.7268, loss: 2.2513, lr: 9.65e-06
     Epoch[1] Iteration[20/192], entropy: 0.7303, loss: 2.2221, lr: 8.19e-06
     Epoch[1] Iteration[30/192], entropy: 0.8788, loss: 2.4210, lr: 2.32e-06
     Epoch[1] Iteration[40/192], entropy: 0.8058, loss: 2.3235, lr: 1.57e-07
     Epoch[1] Iteration[50/192], entropy: 0.7008, loss: 2.2050, lr: 4.69e-06
     Epoch[1] Iteration[60/192], entropy: 0.6818, loss: 2.1803, lr: 9.65e-06
     Epoch[1] Iteration[70/192], entropy: 0.7955, loss: 2.3315, lr: 8.19e-06
     Epoch[1] Iteration[80/192], entropy: 0.7634, loss: 2.2586, lr: 2.32e-06
     Epoch[1] Iteration[90/192], entropy: 0.5880, loss: 2.1097, lr: 1.57e-07
     Epoch[1] Iteration[100/192], entropy: 0.9101, loss: 2.4721, lr: 4.69e-06
     Epoch[1] Iteration[110/192], entropy: 0.7088, loss: 2.2371, lr: 9.65e-06
     Epoch[1] Iteration[120/192], entropy: 0.7242, loss: 2.2550, lr: 8.19e-06
     Epoch[1] Iteration[130/192], entropy: 0.7246, loss: 2.2249, lr: 2.32e-06
     Epoch[1] Iteration[140/192], entropy: 0.7973, loss: 2.3008, lr: 1.57e-07
     Epoch[1] Iteration[150/192], entropy: 0.7254, loss: 2.2499, lr: 4.69e-06
     Epoch[1] Iteration[160/192], entropy: 0.7957, loss: 2.3627, lr: 9.65e-06
     Epoch[1] Iteration[170/192], entropy: 0.6632, loss: 2.1745, lr: 8.19e-06
     Epoch[1] Iteration[180/192], entropy: 0.8681, loss: 2.4347, lr: 2.32e-06
     Epoch[1] Iteration[190/192], entropy: 0.7758, loss: 2.3106, lr: 1.57e-07
     Averaged stats: entropy: 0.7599, loss: 2.2506, lr: 6.18e-07
     itm tta time 0:00:28
### TTA Eval Score: 
+-------+--------+--------+--------+--------+--------+
| epoch |   R1   |   R5   |  R10   |  mAP   |  mINP  |
+-------+--------+--------+--------+--------+--------+
|  -999 | 70.598 | 86.891 | 91.780 | 63.391 | 47.063 |
|   0   | 70.647 | 86.923 | 91.829 | 63.398 | 47.057 |
|   1   | 70.695 | 86.972 | 91.845 | 63.421 | 47.074 |
+-------+--------+--------+--------+--------+--------+
     logs:  {'epo': 1, 'R1': 70.695, 'R5': 86.972, 'R10': 91.845, 'mAP': 63.421, 'mINP': 47.074, 'entropy': 0.75603039954838, 'loss': 2.280282735824585, 'lr': 5.016523820928772e-06}
     Epoch[2] Iteration[10/192], entropy: 0.7268, loss: 2.2365, lr: 5.94e-06
     Epoch[2] Iteration[20/192], entropy: 0.6929, loss: 2.2235, lr: 9.96e-06
     Epoch[2] Iteration[30/192], entropy: 0.7203, loss: 2.1714, lr: 7.13e-06
     Epoch[2] Iteration[40/192], entropy: 0.7180, loss: 2.2986, lr: 1.36e-06
     Epoch[2] Iteration[50/192], entropy: 0.6525, loss: 2.1262, lr: 6.18e-07
     Epoch[2] Iteration[60/192], entropy: 0.7690, loss: 2.3119, lr: 5.94e-06
     Epoch[2] Iteration[70/192], entropy: 0.6439, loss: 2.1199, lr: 9.96e-06
     Epoch[2] Iteration[80/192], entropy: 0.6858, loss: 2.1613, lr: 7.13e-06
     Epoch[2] Iteration[90/192], entropy: 0.7082, loss: 2.2216, lr: 1.36e-06
     Epoch[2] Iteration[100/192], entropy: 0.7409, loss: 2.2787, lr: 6.18e-07
     Epoch[2] Iteration[110/192], entropy: 0.7416, loss: 2.2446, lr: 5.94e-06
     Epoch[2] Iteration[120/192], entropy: 0.8701, loss: 2.4214, lr: 9.96e-06
     Epoch[2] Iteration[130/192], entropy: 0.7446, loss: 2.1852, lr: 7.13e-06
     Epoch[2] Iteration[140/192], entropy: 0.7697, loss: 2.3154, lr: 1.36e-06
     Epoch[2] Iteration[150/192], entropy: 0.7989, loss: 2.3188, lr: 6.18e-07
     Epoch[2] Iteration[160/192], entropy: 0.7516, loss: 2.3069, lr: 5.94e-06
     Epoch[2] Iteration[170/192], entropy: 0.7631, loss: 2.3032, lr: 9.96e-06
     Epoch[2] Iteration[180/192], entropy: 0.7615, loss: 2.2130, lr: 7.13e-06
     Epoch[2] Iteration[190/192], entropy: 0.8166, loss: 2.2942, lr: 1.36e-06
     Averaged stats: entropy: 0.7567, loss: 2.2596, lr: 6.18e-07
     itm tta time 0:00:28
### TTA Eval Score: 
+-------+--------+--------+--------+--------+--------+
| epoch |   R1   |   R5   |  R10   |  mAP   |  mINP  |
+-------+--------+--------+--------+--------+--------+
|  -999 | 70.598 | 86.891 | 91.780 | 63.391 | 47.063 |
|   0   | 70.647 | 86.923 | 91.829 | 63.398 | 47.057 |
|   1   | 70.695 | 86.972 | 91.845 | 63.421 | 47.074 |
|   2   | 70.679 | 86.956 | 91.894 | 63.424 | 47.084 |
+-------+--------+--------+--------+--------+--------+
     logs:  {'epo': 2, 'R1': 70.679, 'R5': 86.956, 'R10': 91.894, 'mAP': 63.424, 'mINP': 47.084, 'entropy': 0.7408479012941059, 'loss': 2.2501142024993896, 'lr': 5.230607021064167e-06}
     Epoch[3] Iteration[10/192], entropy: 0.7685, loss: 2.3120, lr: 1.36e-06
     Epoch[3] Iteration[20/192], entropy: 0.7637, loss: 2.2316, lr: 7.13e-06
     Epoch[3] Iteration[30/192], entropy: 0.7837, loss: 2.3121, lr: 9.96e-06
     Epoch[3] Iteration[40/192], entropy: 0.8950, loss: 2.4397, lr: 5.94e-06
     Epoch[3] Iteration[50/192], entropy: 0.7748, loss: 2.2792, lr: 6.18e-07
     Epoch[3] Iteration[60/192], entropy: 0.8162, loss: 2.3050, lr: 1.36e-06
     Epoch[3] Iteration[70/192], entropy: 0.7347, loss: 2.2161, lr: 7.13e-06
     Epoch[3] Iteration[80/192], entropy: 0.7790, loss: 2.3115, lr: 9.96e-06
     Epoch[3] Iteration[90/192], entropy: 0.7338, loss: 2.2700, lr: 5.94e-06
     Epoch[3] Iteration[100/192], entropy: 0.6509, loss: 2.1554, lr: 6.18e-07
     Epoch[3] Iteration[110/192], entropy: 0.7626, loss: 2.3066, lr: 1.36e-06
     Epoch[3] Iteration[120/192], entropy: 0.6470, loss: 2.1179, lr: 7.13e-06
     Epoch[3] Iteration[130/192], entropy: 0.7974, loss: 2.3507, lr: 9.96e-06
     Epoch[3] Iteration[140/192], entropy: 0.6238, loss: 2.0695, lr: 5.94e-06
     Epoch[3] Iteration[150/192], entropy: 0.8217, loss: 2.3805, lr: 6.18e-07
     Epoch[3] Iteration[160/192], entropy: 0.7547, loss: 2.2943, lr: 1.36e-06
     Epoch[3] Iteration[170/192], entropy: 0.7077, loss: 2.1735, lr: 7.13e-06
     Epoch[3] Iteration[180/192], entropy: 0.6776, loss: 2.2226, lr: 9.96e-06
     Epoch[3] Iteration[190/192], entropy: 0.7094, loss: 2.1736, lr: 5.94e-06
     Averaged stats: entropy: 0.8683, loss: 2.3605, lr: 4.69e-06
     itm tta time 0:00:28
### TTA Eval Score: 
+-------+--------+--------+--------+--------+--------+
| epoch |   R1   |   R5   |  R10   |  mAP   |  mINP  |
+-------+--------+--------+--------+--------+--------+
|  -999 | 70.598 | 86.891 | 91.780 | 63.391 | 47.063 |
|   0   | 70.647 | 86.923 | 91.829 | 63.398 | 47.057 |
|   1   | 70.695 | 86.972 | 91.845 | 63.421 | 47.074 |
|   2   | 70.679 | 86.956 | 91.894 | 63.424 | 47.084 |
|   3   | 70.728 | 86.956 | 91.894 | 63.450 | 47.105 |
+-------+--------+--------+--------+--------+--------+
     logs:  {'epo': 3, 'R1': 70.728, 'R5': 86.956, 'R10': 91.894, 'mAP': 63.45, 'mINP': 47.105, 'entropy': 0.7474804301010934, 'loss': 2.259043128866898, 'lr': 5.23060702106417e-06}
     Epoch[4] Iteration[10/192], entropy: 0.7167, loss: 2.2069, lr: 1.57e-07
     Epoch[4] Iteration[20/192], entropy: 0.8247, loss: 2.3922, lr: 2.32e-06
     Epoch[4] Iteration[30/192], entropy: 0.8390, loss: 2.4200, lr: 8.19e-06
     Epoch[4] Iteration[40/192], entropy: 0.6995, loss: 2.2544, lr: 9.65e-06
     Epoch[4] Iteration[50/192], entropy: 0.7395, loss: 2.2703, lr: 4.69e-06
     Epoch[4] Iteration[60/192], entropy: 0.7183, loss: 2.2482, lr: 1.57e-07
     Epoch[4] Iteration[70/192], entropy: 0.7828, loss: 2.2738, lr: 2.32e-06
     Epoch[4] Iteration[80/192], entropy: 0.8042, loss: 2.3142, lr: 8.19e-06
     Epoch[4] Iteration[90/192], entropy: 0.5518, loss: 2.0097, lr: 9.65e-06
     Epoch[4] Iteration[100/192], entropy: 0.7800, loss: 2.3719, lr: 4.69e-06
     Epoch[4] Iteration[110/192], entropy: 0.8552, loss: 2.3460, lr: 1.57e-07
     Epoch[4] Iteration[120/192], entropy: 0.8088, loss: 2.3331, lr: 2.32e-06
     Epoch[4] Iteration[130/192], entropy: 0.6599, loss: 2.1037, lr: 8.19e-06
     Epoch[4] Iteration[140/192], entropy: 0.8096, loss: 2.3040, lr: 9.65e-06
     Epoch[4] Iteration[150/192], entropy: 0.7116, loss: 2.2197, lr: 4.69e-06
     Epoch[4] Iteration[160/192], entropy: 0.7107, loss: 2.1539, lr: 1.57e-07
     Epoch[4] Iteration[170/192], entropy: 0.6718, loss: 2.2125, lr: 2.32e-06
     Epoch[4] Iteration[180/192], entropy: 0.7377, loss: 2.2624, lr: 8.19e-06
     Epoch[4] Iteration[190/192], entropy: 0.7226, loss: 2.2310, lr: 9.65e-06
     Averaged stats: entropy: 0.9474, loss: 2.5089, lr: 9.05e-06
     itm tta time 0:00:28
### TTA Eval Score: 
+-------+--------+--------+--------+--------+--------+
| epoch |   R1   |   R5   |  R10   |  mAP   |  mINP  |
+-------+--------+--------+--------+--------+--------+
|  -999 | 70.598 | 86.891 | 91.780 | 63.391 | 47.063 |
|   0   | 70.647 | 86.923 | 91.829 | 63.398 | 47.057 |
|   1   | 70.695 | 86.972 | 91.845 | 63.421 | 47.074 |
|   2   | 70.679 | 86.956 | 91.894 | 63.424 | 47.084 |
|   3   | 70.728 | 86.956 | 91.894 | 63.450 | 47.105 |
|   4   | 70.744 | 87.005 | 91.959 | 63.450 | 47.106 |
+-------+--------+--------+--------+--------+--------+
     logs:  {'epo': 4, 'R1': 70.744, 'R5': 87.005, 'R10': 91.959, 'mAP': 63.45, 'mINP': 47.106, 'entropy': 0.744436828713668, 'loss': 2.2593726107948706, 'lr': 5.0165238209287544e-06}
     Epoch[5] Iteration[10/192], entropy: 0.8114, loss: 2.2844, lr: 3.45e-06
     Epoch[5] Iteration[20/192], entropy: 0.7745, loss: 2.3040, lr: 0.00e+00
     Epoch[5] Iteration[30/192], entropy: 0.7724, loss: 2.3111, lr: 3.45e-06
     Epoch[5] Iteration[40/192], entropy: 0.8059, loss: 2.3128, lr: 9.05e-06
     Epoch[5] Iteration[50/192], entropy: 0.7577, loss: 2.3155, lr: 9.05e-06
     Epoch[5] Iteration[60/192], entropy: 0.7339, loss: 2.1915, lr: 3.45e-06
     Epoch[5] Iteration[70/192], entropy: 0.9237, loss: 2.4720, lr: 0.00e+00
     Epoch[5] Iteration[80/192], entropy: 0.8084, loss: 2.3221, lr: 3.45e-06
     Epoch[5] Iteration[90/192], entropy: 0.7299, loss: 2.2560, lr: 9.05e-06
     Epoch[5] Iteration[100/192], entropy: 0.5825, loss: 2.0354, lr: 9.05e-06
     Epoch[5] Iteration[110/192], entropy: 0.7765, loss: 2.2726, lr: 3.45e-06
     Epoch[5] Iteration[120/192], entropy: 0.6930, loss: 2.2375, lr: 0.00e+00
     Epoch[5] Iteration[130/192], entropy: 0.6466, loss: 2.1600, lr: 3.45e-06
     Epoch[5] Iteration[140/192], entropy: 0.7487, loss: 2.2276, lr: 9.05e-06
     Epoch[5] Iteration[150/192], entropy: 0.7451, loss: 2.2192, lr: 9.05e-06
     Epoch[5] Iteration[160/192], entropy: 0.7297, loss: 2.2100, lr: 3.45e-06
     Epoch[5] Iteration[170/192], entropy: 0.6846, loss: 2.1939, lr: 0.00e+00
     Epoch[5] Iteration[180/192], entropy: 0.7300, loss: 2.2005, lr: 3.45e-06
     Epoch[5] Iteration[190/192], entropy: 0.7379, loss: 2.2309, lr: 9.05e-06
     Averaged stats: entropy: 0.7863, loss: 2.2233, lr: 9.65e-06
     itm tta time 0:00:28
### TTA Eval Score: 
+-------+--------+--------+--------+--------+--------+
| epoch |   R1   |   R5   |  R10   |  mAP   |  mINP  |
+-------+--------+--------+--------+--------+--------+
|  -999 | 70.598 | 86.891 | 91.780 | 63.391 | 47.063 |
|   0   | 70.647 | 86.923 | 91.829 | 63.398 | 47.057 |
|   1   | 70.695 | 86.972 | 91.845 | 63.421 | 47.074 |
|   2   | 70.679 | 86.956 | 91.894 | 63.424 | 47.084 |
|   3   | 70.728 | 86.956 | 91.894 | 63.450 | 47.105 |
|   4   | 70.744 | 87.005 | 91.959 | 63.450 | 47.106 |
|   5   | 70.825 | 87.021 | 91.959 | 63.473 | 47.116 |
+-------+--------+--------+--------+--------+--------+
     logs:  {'epo': 5, 'R1': 70.825, 'R5': 87.021, 'R10': 91.959, 'mAP': 63.473, 'mINP': 47.116, 'entropy': 0.7469703272769326, 'loss': 2.250371242824354, 'lr': 4.787100790953937e-06}
     Epoch[6] Iteration[10/192], entropy: 0.8407, loss: 2.3602, lr: 8.19e-06
     Epoch[6] Iteration[20/192], entropy: 0.5943, loss: 2.0329, lr: 2.32e-06
     Epoch[6] Iteration[30/192], entropy: 0.8038, loss: 2.3295, lr: 1.57e-07
     Epoch[6] Iteration[40/192], entropy: 0.7431, loss: 2.3011, lr: 4.69e-06
     Epoch[6] Iteration[50/192], entropy: 0.7563, loss: 2.2478, lr: 9.65e-06
     Epoch[6] Iteration[60/192], entropy: 0.7225, loss: 2.2368, lr: 8.19e-06
     Epoch[6] Iteration[70/192], entropy: 0.7623, loss: 2.3086, lr: 2.32e-06
     Epoch[6] Iteration[80/192], entropy: 0.7608, loss: 2.3044, lr: 1.57e-07
     Epoch[6] Iteration[90/192], entropy: 0.7640, loss: 2.3292, lr: 4.69e-06
     Epoch[6] Iteration[100/192], entropy: 0.8367, loss: 2.3301, lr: 9.65e-06
     Epoch[6] Iteration[110/192], entropy: 0.8921, loss: 2.4200, lr: 8.19e-06
     Epoch[6] Iteration[120/192], entropy: 0.6507, loss: 2.1352, lr: 2.32e-06
     Epoch[6] Iteration[130/192], entropy: 0.6918, loss: 2.2259, lr: 1.57e-07
     Epoch[6] Iteration[140/192], entropy: 0.7763, loss: 2.3262, lr: 4.69e-06
     Epoch[6] Iteration[150/192], entropy: 0.8290, loss: 2.3538, lr: 9.65e-06
     Epoch[6] Iteration[160/192], entropy: 0.6569, loss: 2.1774, lr: 8.19e-06
     Epoch[6] Iteration[170/192], entropy: 0.7948, loss: 2.3154, lr: 2.32e-06
     Epoch[6] Iteration[180/192], entropy: 0.9079, loss: 2.4699, lr: 1.57e-07
     Epoch[6] Iteration[190/192], entropy: 0.7635, loss: 2.2759, lr: 4.69e-06
     Averaged stats: entropy: 0.7818, loss: 2.3256, lr: 5.94e-06
     itm tta time 0:00:28
### TTA Eval Score: 
+-------+--------+--------+--------+--------+--------+
| epoch |   R1   |   R5   |  R10   |  mAP   |  mINP  |
+-------+--------+--------+--------+--------+--------+
|  -999 | 70.598 | 86.891 | 91.780 | 63.391 | 47.063 |
|   0   | 70.647 | 86.923 | 91.829 | 63.398 | 47.057 |
|   1   | 70.695 | 86.972 | 91.845 | 63.421 | 47.074 |
|   2   | 70.679 | 86.956 | 91.894 | 63.424 | 47.084 |
|   3   | 70.728 | 86.956 | 91.894 | 63.450 | 47.105 |
|   4   | 70.744 | 87.005 | 91.959 | 63.450 | 47.106 |
|   5   | 70.825 | 87.021 | 91.959 | 63.473 | 47.116 |
|   6   | 70.793 | 87.102 | 91.975 | 63.490 | 47.142 |
+-------+--------+--------+--------+--------+--------+
     logs:  {'epo': 6, 'R1': 70.793, 'R5': 87.102, 'R10': 91.975, 'mAP': 63.49, 'mINP': 47.142, 'entropy': 0.7656587613256354, 'loss': 2.288449663864939, 'lr': 4.755321977397817e-06}
     Epoch[7] Iteration[10/192], entropy: 0.6793, loss: 2.1841, lr: 9.96e-06
     Epoch[7] Iteration[20/192], entropy: 0.6495, loss: 2.0880, lr: 7.13e-06
     Epoch[7] Iteration[30/192], entropy: 0.7232, loss: 2.1949, lr: 1.36e-06
     Epoch[7] Iteration[40/192], entropy: 0.7140, loss: 2.2091, lr: 6.18e-07
     Epoch[7] Iteration[50/192], entropy: 0.7822, loss: 2.2733, lr: 5.94e-06
     Epoch[7] Iteration[60/192], entropy: 0.7522, loss: 2.2341, lr: 9.96e-06
     Epoch[7] Iteration[70/192], entropy: 0.7464, loss: 2.1842, lr: 7.13e-06
     Epoch[7] Iteration[80/192], entropy: 0.7968, loss: 2.2670, lr: 1.36e-06
     Epoch[7] Iteration[90/192], entropy: 0.7847, loss: 2.3501, lr: 6.18e-07
     Epoch[7] Iteration[100/192], entropy: 0.7064, loss: 2.1887, lr: 5.94e-06
     Epoch[7] Iteration[110/192], entropy: 0.6596, loss: 2.1287, lr: 9.96e-06
     Epoch[7] Iteration[120/192], entropy: 0.7310, loss: 2.2279, lr: 7.13e-06
     Epoch[7] Iteration[130/192], entropy: 0.7901, loss: 2.2729, lr: 1.36e-06
     Epoch[7] Iteration[140/192], entropy: 0.7024, loss: 2.2057, lr: 6.18e-07
     Epoch[7] Iteration[150/192], entropy: 0.7590, loss: 2.2897, lr: 5.94e-06
     Epoch[7] Iteration[160/192], entropy: 0.7295, loss: 2.2789, lr: 9.96e-06
     Epoch[7] Iteration[170/192], entropy: 0.8032, loss: 2.3623, lr: 7.13e-06
     Epoch[7] Iteration[180/192], entropy: 0.8040, loss: 2.3175, lr: 1.36e-06
     Epoch[7] Iteration[190/192], entropy: 0.7131, loss: 2.2022, lr: 6.18e-07
     Averaged stats: entropy: 0.8225, loss: 2.3273, lr: 1.36e-06
     itm tta time 0:00:28
### TTA Eval Score: 
+-------+--------+--------+--------+--------+--------+
| epoch |   R1   |   R5   |  R10   |  mAP   |  mINP  |
+-------+--------+--------+--------+--------+--------+
|  -999 | 70.598 | 86.891 | 91.780 | 63.391 | 47.063 |
|   0   | 70.647 | 86.923 | 91.829 | 63.398 | 47.057 |
|   1   | 70.695 | 86.972 | 91.845 | 63.421 | 47.074 |
|   2   | 70.679 | 86.956 | 91.894 | 63.424 | 47.084 |
|   3   | 70.728 | 86.956 | 91.894 | 63.450 | 47.105 |
|   4   | 70.744 | 87.005 | 91.959 | 63.450 | 47.106 |
|   5   | 70.825 | 87.021 | 91.959 | 63.473 | 47.116 |
|   6   | 70.793 | 87.102 | 91.975 | 63.490 | 47.142 |
|   7   | 70.776 | 87.070 | 91.975 | 63.474 | 47.144 |
+-------+--------+--------+--------+--------+--------+
     logs:  {'epo': 7, 'R1': 70.776, 'R5': 87.07, 'R10': 91.975, 'mAP': 63.474, 'mINP': 47.144, 'entropy': 0.7382433038008841, 'loss': 2.2346981575614526, 'lr': 4.950689127740604e-06}
     Epoch[8] Iteration[10/192], entropy: 0.7529, loss: 2.2754, lr: 7.13e-06
     Epoch[8] Iteration[20/192], entropy: 0.7281, loss: 2.2602, lr: 9.96e-06
     Epoch[8] Iteration[30/192], entropy: 0.7791, loss: 2.3391, lr: 5.94e-06
     Epoch[8] Iteration[40/192], entropy: 0.7297, loss: 2.2016, lr: 6.18e-07
     Epoch[8] Iteration[50/192], entropy: 0.7599, loss: 2.3097, lr: 1.36e-06
     Epoch[8] Iteration[60/192], entropy: 0.7712, loss: 2.2278, lr: 7.13e-06
     Epoch[8] Iteration[70/192], entropy: 0.7484, loss: 2.3301, lr: 9.96e-06
     Epoch[8] Iteration[80/192], entropy: 0.8176, loss: 2.3662, lr: 5.94e-06
     Epoch[8] Iteration[90/192], entropy: 0.8438, loss: 2.4307, lr: 6.18e-07
     Epoch[8] Iteration[100/192], entropy: 0.7108, loss: 2.1140, lr: 1.36e-06
     Epoch[8] Iteration[110/192], entropy: 0.7383, loss: 2.2446, lr: 7.13e-06
     Epoch[8] Iteration[120/192], entropy: 0.8633, loss: 2.3979, lr: 9.96e-06
     Epoch[8] Iteration[130/192], entropy: 0.7524, loss: 2.2294, lr: 5.94e-06
     Epoch[8] Iteration[140/192], entropy: 0.7322, loss: 2.2653, lr: 6.18e-07
     Epoch[8] Iteration[150/192], entropy: 0.7546, loss: 2.2041, lr: 1.36e-06
     Epoch[8] Iteration[160/192], entropy: 0.7753, loss: 2.3096, lr: 7.13e-06
     Epoch[8] Iteration[170/192], entropy: 0.7082, loss: 2.1712, lr: 9.96e-06
     Epoch[8] Iteration[180/192], entropy: 0.8017, loss: 2.3235, lr: 5.94e-06
     Epoch[8] Iteration[190/192], entropy: 0.7858, loss: 2.3151, lr: 6.18e-07
     Averaged stats: entropy: 0.7820, loss: 2.3347, lr: 1.57e-07
     itm tta time 0:00:28
### TTA Eval Score: 
+-------+--------+--------+--------+--------+--------+
| epoch |   R1   |   R5   |  R10   |  mAP   |  mINP  |
+-------+--------+--------+--------+--------+--------+
|  -999 | 70.598 | 86.891 | 91.780 | 63.391 | 47.063 |
|   0   | 70.647 | 86.923 | 91.829 | 63.398 | 47.057 |
|   1   | 70.695 | 86.972 | 91.845 | 63.421 | 47.074 |
|   2   | 70.679 | 86.956 | 91.894 | 63.424 | 47.084 |
|   3   | 70.728 | 86.956 | 91.894 | 63.450 | 47.105 |
|   4   | 70.744 | 87.005 | 91.959 | 63.450 | 47.106 |
|   5   | 70.825 | 87.021 | 91.959 | 63.473 | 47.116 |
|   6   | 70.793 | 87.102 | 91.975 | 63.490 | 47.142 |
|   7   | 70.776 | 87.070 | 91.975 | 63.474 | 47.144 |
|   8   | 70.744 | 87.070 | 91.992 | 63.469 | 47.146 |
+-------+--------+--------+--------+--------+--------+
     logs:  {'epo': 8, 'R1': 70.744, 'R5': 87.07, 'R10': 91.992, 'mAP': 63.469, 'mINP': 47.146, 'entropy': 0.7659593726459303, 'loss': 2.279756596213893, 'lr': 5.191833849321417e-06}
     Epoch[9] Iteration[10/192], entropy: 0.6793, loss: 2.1664, lr: 2.32e-06
     Epoch[9] Iteration[20/192], entropy: 0.6986, loss: 2.1963, lr: 8.19e-06
     Epoch[9] Iteration[30/192], entropy: 0.7063, loss: 2.2457, lr: 9.65e-06
     Epoch[9] Iteration[40/192], entropy: 0.7103, loss: 2.2461, lr: 4.69e-06
     Epoch[9] Iteration[50/192], entropy: 0.8085, loss: 2.3208, lr: 1.57e-07
     Epoch[9] Iteration[60/192], entropy: 0.8258, loss: 2.3251, lr: 2.32e-06
     Epoch[9] Iteration[70/192], entropy: 0.7244, loss: 2.2875, lr: 8.19e-06
     Epoch[9] Iteration[80/192], entropy: 0.7513, loss: 2.3194, lr: 9.65e-06
     Epoch[9] Iteration[90/192], entropy: 0.7563, loss: 2.3014, lr: 4.69e-06
     Epoch[9] Iteration[100/192], entropy: 0.8064, loss: 2.3259, lr: 1.57e-07
     Epoch[9] Iteration[110/192], entropy: 0.7027, loss: 2.2270, lr: 2.32e-06
     Epoch[9] Iteration[120/192], entropy: 0.7632, loss: 2.2803, lr: 8.19e-06
     Epoch[9] Iteration[130/192], entropy: 0.9507, loss: 2.4613, lr: 9.65e-06
     Epoch[9] Iteration[140/192], entropy: 0.8890, loss: 2.4409, lr: 4.69e-06
     Epoch[9] Iteration[150/192], entropy: 0.7301, loss: 2.2880, lr: 1.57e-07
     Epoch[9] Iteration[160/192], entropy: 0.7792, loss: 2.3092, lr: 2.32e-06
     Epoch[9] Iteration[170/192], entropy: 0.7540, loss: 2.3081, lr: 8.19e-06
     Epoch[9] Iteration[180/192], entropy: 0.7964, loss: 2.3179, lr: 9.65e-06
     Epoch[9] Iteration[190/192], entropy: 0.7252, loss: 2.1908, lr: 4.69e-06
     Averaged stats: entropy: 0.7138, loss: 2.2486, lr: 3.45e-06
     itm tta time 0:00:28
### TTA Eval Score: 
+-------+--------+--------+--------+--------+--------+
| epoch |   R1   |   R5   |  R10   |  mAP   |  mINP  |
+-------+--------+--------+--------+--------+--------+
|  -999 | 70.598 | 86.891 | 91.780 | 63.391 | 47.063 |
|   0   | 70.647 | 86.923 | 91.829 | 63.398 | 47.057 |
|   1   | 70.695 | 86.972 | 91.845 | 63.421 | 47.074 |
|   2   | 70.679 | 86.956 | 91.894 | 63.424 | 47.084 |
|   3   | 70.728 | 86.956 | 91.894 | 63.450 | 47.105 |
|   4   | 70.744 | 87.005 | 91.959 | 63.450 | 47.106 |
|   5   | 70.825 | 87.021 | 91.959 | 63.473 | 47.116 |
|   6   | 70.793 | 87.102 | 91.975 | 63.490 | 47.142 |
|   7   | 70.776 | 87.070 | 91.975 | 63.474 | 47.144 |
|   8   | 70.744 | 87.070 | 91.992 | 63.469 | 47.146 |
|   9   | 70.776 | 87.070 | 91.975 | 63.475 | 47.144 |
+-------+--------+--------+--------+--------+--------+
     logs:  {'epo': 9, 'R1': 70.776, 'R5': 87.07, 'R10': 91.975, 'mAP': 63.475, 'mINP': 47.144, 'entropy': 0.7662066001641122, 'loss': 2.2925298841376054, 'lr': 5.25489030556015e-06}
     Epoch[10] Iteration[10/192], entropy: 0.7858, loss: 2.3145, lr: 0.00e+00
     Epoch[10] Iteration[20/192], entropy: 0.5383, loss: 2.0342, lr: 3.45e-06
     Epoch[10] Iteration[30/192], entropy: 0.6176, loss: 2.0436, lr: 9.05e-06
     Epoch[10] Iteration[40/192], entropy: 0.6834, loss: 2.2380, lr: 9.05e-06
     Epoch[10] Iteration[50/192], entropy: 0.7174, loss: 2.1812, lr: 3.45e-06
     Epoch[10] Iteration[60/192], entropy: 0.7560, loss: 2.2627, lr: 0.00e+00
     Epoch[10] Iteration[70/192], entropy: 0.6824, loss: 2.1694, lr: 3.45e-06
     Epoch[10] Iteration[80/192], entropy: 0.8733, loss: 2.3991, lr: 9.05e-06
     Epoch[10] Iteration[90/192], entropy: 0.7348, loss: 2.2943, lr: 9.05e-06
     Epoch[10] Iteration[100/192], entropy: 0.6373, loss: 2.1592, lr: 3.45e-06
     Epoch[10] Iteration[110/192], entropy: 0.7556, loss: 2.2976, lr: 0.00e+00
     Epoch[10] Iteration[120/192], entropy: 0.8889, loss: 2.4613, lr: 3.45e-06
     Epoch[10] Iteration[130/192], entropy: 0.6711, loss: 2.1917, lr: 9.05e-06
     Epoch[10] Iteration[140/192], entropy: 0.7616, loss: 2.2904, lr: 9.05e-06
     Epoch[10] Iteration[150/192], entropy: 0.8033, loss: 2.2687, lr: 3.45e-06
     Epoch[10] Iteration[160/192], entropy: 0.6445, loss: 2.1324, lr: 0.00e+00
     Epoch[10] Iteration[170/192], entropy: 0.8112, loss: 2.2446, lr: 3.45e-06
     Epoch[10] Iteration[180/192], entropy: 0.6983, loss: 2.2264, lr: 9.05e-06
     Epoch[10] Iteration[190/192], entropy: 0.7460, loss: 2.2681, lr: 9.05e-06
     Averaged stats: entropy: 0.7776, loss: 2.3078, lr: 8.19e-06
     itm tta time 0:00:28
### TTA Eval Score: 
+-------+--------+--------+--------+--------+--------+
| epoch |   R1   |   R5   |  R10   |  mAP   |  mINP  |
+-------+--------+--------+--------+--------+--------+
|  -999 | 70.598 | 86.891 | 91.780 | 63.391 | 47.063 |
|   0   | 70.647 | 86.923 | 91.829 | 63.398 | 47.057 |
|   1   | 70.695 | 86.972 | 91.845 | 63.421 | 47.074 |
|   2   | 70.679 | 86.956 | 91.894 | 63.424 | 47.084 |
|   3   | 70.728 | 86.956 | 91.894 | 63.450 | 47.105 |
|   4   | 70.744 | 87.005 | 91.959 | 63.450 | 47.106 |
|   5   | 70.825 | 87.021 | 91.959 | 63.473 | 47.116 |
|   6   | 70.793 | 87.102 | 91.975 | 63.490 | 47.142 |
|   7   | 70.776 | 87.070 | 91.975 | 63.474 | 47.144 |
|   8   | 70.744 | 87.070 | 91.992 | 63.469 | 47.146 |
|   9   | 70.776 | 87.070 | 91.975 | 63.475 | 47.144 |
|   10  | 70.760 | 87.118 | 92.008 | 63.471 | 47.147 |
+-------+--------+--------+--------+--------+--------+
     logs:  {'epo': 10, 'R1': 70.76, 'R5': 87.118, 'R10': 92.008, 'mAP': 63.471, 'mINP': 47.147, 'entropy': 0.7266797360621, 'loss': 2.235655571285047, 'lr': 5.081320261677653e-06}
     Epoch[11] Iteration[10/192], entropy: 0.7170, loss: 2.2139, lr: 2.32e-06
     Epoch[11] Iteration[20/192], entropy: 0.7732, loss: 2.3134, lr: 1.57e-07
     Epoch[11] Iteration[30/192], entropy: 0.7593, loss: 2.2847, lr: 4.69e-06
     Epoch[11] Iteration[40/192], entropy: 0.7166, loss: 2.1736, lr: 9.65e-06
     Epoch[11] Iteration[50/192], entropy: 0.8166, loss: 2.3461, lr: 8.19e-06
     Epoch[11] Iteration[60/192], entropy: 0.7064, loss: 2.2322, lr: 2.32e-06
     Epoch[11] Iteration[70/192], entropy: 0.7068, loss: 2.1901, lr: 1.57e-07
     Epoch[11] Iteration[80/192], entropy: 0.5921, loss: 2.1280, lr: 4.69e-06
     Epoch[11] Iteration[90/192], entropy: 0.8224, loss: 2.3346, lr: 9.65e-06
     Epoch[11] Iteration[100/192], entropy: 0.6266, loss: 2.0777, lr: 8.19e-06
     Epoch[11] Iteration[110/192], entropy: 0.7348, loss: 2.2634, lr: 2.32e-06
     Epoch[11] Iteration[120/192], entropy: 0.8651, loss: 2.3573, lr: 1.57e-07
     Epoch[11] Iteration[130/192], entropy: 0.5667, loss: 1.9988, lr: 4.69e-06
     Epoch[11] Iteration[140/192], entropy: 0.7651, loss: 2.2588, lr: 9.65e-06
     Epoch[11] Iteration[150/192], entropy: 0.6375, loss: 2.1541, lr: 8.19e-06
     Epoch[11] Iteration[160/192], entropy: 0.7215, loss: 2.1861, lr: 2.32e-06
     Epoch[11] Iteration[170/192], entropy: 0.8213, loss: 2.4222, lr: 1.57e-07
     Epoch[11] Iteration[180/192], entropy: 0.6703, loss: 2.1475, lr: 4.69e-06
     Epoch[11] Iteration[190/192], entropy: 0.8432, loss: 2.3501, lr: 9.65e-06
     Averaged stats: entropy: 0.8835, loss: 2.4603, lr: 9.96e-06
     itm tta time 0:00:28
### TTA Eval Score: 
+-------+--------+--------+--------+--------+--------+
| epoch |   R1   |   R5   |  R10   |  mAP   |  mINP  |
+-------+--------+--------+--------+--------+--------+
|  -999 | 70.598 | 86.891 | 91.780 | 63.391 | 47.063 |
|   0   | 70.647 | 86.923 | 91.829 | 63.398 | 47.057 |
|   1   | 70.695 | 86.972 | 91.845 | 63.421 | 47.074 |
|   2   | 70.679 | 86.956 | 91.894 | 63.424 | 47.084 |
|   3   | 70.728 | 86.956 | 91.894 | 63.450 | 47.105 |
|   4   | 70.744 | 87.005 | 91.959 | 63.450 | 47.106 |
|   5   | 70.825 | 87.021 | 91.959 | 63.473 | 47.116 |
|   6   | 70.793 | 87.102 | 91.975 | 63.490 | 47.142 |
|   7   | 70.776 | 87.070 | 91.975 | 63.474 | 47.144 |
|   8   | 70.744 | 87.070 | 91.992 | 63.469 | 47.146 |
|   9   | 70.776 | 87.070 | 91.975 | 63.475 | 47.144 |
|   10  | 70.760 | 87.118 | 92.008 | 63.471 | 47.147 |
|   11  | 70.760 | 87.151 | 92.008 | 63.464 | 47.163 |
+-------+--------+--------+--------+--------+--------+
     logs:  {'epo': 11, 'R1': 70.76, 'R5': 87.151, 'R10': 92.008, 'mAP': 63.464, 'mINP': 47.163, 'entropy': 0.7296059539443568, 'loss': 2.2332885830025924, 'lr': 4.832256844802973e-06}
     Epoch[12] Iteration[10/192], entropy: 0.7677, loss: 2.3049, lr: 7.13e-06
     Epoch[12] Iteration[20/192], entropy: 0.6476, loss: 2.1610, lr: 1.36e-06
     Epoch[12] Iteration[30/192], entropy: 0.7116, loss: 2.2332, lr: 6.18e-07
     Epoch[12] Iteration[40/192], entropy: 0.7932, loss: 2.2952, lr: 5.94e-06
     Epoch[12] Iteration[50/192], entropy: 0.6806, loss: 2.1979, lr: 9.96e-06
     Epoch[12] Iteration[60/192], entropy: 0.7060, loss: 2.2252, lr: 7.13e-06
     Epoch[12] Iteration[70/192], entropy: 0.8024, loss: 2.3399, lr: 1.36e-06
     Epoch[12] Iteration[80/192], entropy: 0.8360, loss: 2.4081, lr: 6.18e-07
     Epoch[12] Iteration[90/192], entropy: 0.8119, loss: 2.3298, lr: 5.94e-06
     Epoch[12] Iteration[100/192], entropy: 0.8145, loss: 2.3626, lr: 9.96e-06
     Epoch[12] Iteration[110/192], entropy: 0.7483, loss: 2.2567, lr: 7.13e-06
     Epoch[12] Iteration[120/192], entropy: 0.7807, loss: 2.3527, lr: 1.36e-06
     Epoch[12] Iteration[130/192], entropy: 0.9380, loss: 2.4456, lr: 6.18e-07
     Epoch[12] Iteration[140/192], entropy: 0.7153, loss: 2.2699, lr: 5.94e-06
     Epoch[12] Iteration[150/192], entropy: 0.6600, loss: 2.1730, lr: 9.96e-06
     Epoch[12] Iteration[160/192], entropy: 0.8036, loss: 2.3157, lr: 7.13e-06
     Epoch[12] Iteration[170/192], entropy: 0.6629, loss: 2.2255, lr: 1.36e-06
     Epoch[12] Iteration[180/192], entropy: 0.7700, loss: 2.3154, lr: 6.18e-07
     Epoch[12] Iteration[190/192], entropy: 0.7770, loss: 2.2671, lr: 5.94e-06
     Averaged stats: entropy: 0.7386, loss: 2.2620, lr: 7.13e-06
     itm tta time 0:00:28
### TTA Eval Score: 
+-------+--------+--------+--------+--------+--------+
| epoch |   R1   |   R5   |  R10   |  mAP   |  mINP  |
+-------+--------+--------+--------+--------+--------+
|  -999 | 70.598 | 86.891 | 91.780 | 63.391 | 47.063 |
|   0   | 70.647 | 86.923 | 91.829 | 63.398 | 47.057 |
|   1   | 70.695 | 86.972 | 91.845 | 63.421 | 47.074 |
|   2   | 70.679 | 86.956 | 91.894 | 63.424 | 47.084 |
|   3   | 70.728 | 86.956 | 91.894 | 63.450 | 47.105 |
|   4   | 70.744 | 87.005 | 91.959 | 63.450 | 47.106 |
|   5   | 70.825 | 87.021 | 91.959 | 63.473 | 47.116 |
|   6   | 70.793 | 87.102 | 91.975 | 63.490 | 47.142 |
|   7   | 70.776 | 87.070 | 91.975 | 63.474 | 47.144 |
|   8   | 70.744 | 87.070 | 91.992 | 63.469 | 47.146 |
|   9   | 70.776 | 87.070 | 91.975 | 63.475 | 47.144 |
|   10  | 70.760 | 87.118 | 92.008 | 63.471 | 47.147 |
|   11  | 70.760 | 87.151 | 92.008 | 63.464 | 47.163 |
|   12  | 70.760 | 87.183 | 91.992 | 63.471 | 47.161 |
+-------+--------+--------+--------+--------+--------+
     logs:  {'epo': 12, 'R1': 70.76, 'R5': 87.183, 'R10': 91.992, 'mAP': 63.471, 'mINP': 47.161, 'entropy': 0.7593404180125186, 'loss': 2.288379117062217, 'lr': 4.738917183864601e-06}
     Epoch[13] Iteration[10/192], entropy: 0.6935, loss: 2.1921, lr: 9.96e-06
     Epoch[13] Iteration[20/192], entropy: 0.6609, loss: 2.1806, lr: 5.94e-06
     Epoch[13] Iteration[30/192], entropy: 0.7484, loss: 2.2566, lr: 6.18e-07
     Epoch[13] Iteration[40/192], entropy: 0.8042, loss: 2.2856, lr: 1.36e-06
     Epoch[13] Iteration[50/192], entropy: 0.7877, loss: 2.3489, lr: 7.13e-06
     Epoch[13] Iteration[60/192], entropy: 0.8471, loss: 2.3878, lr: 9.96e-06
     Epoch[13] Iteration[70/192], entropy: 0.6233, loss: 2.1314, lr: 5.94e-06
     Epoch[13] Iteration[80/192], entropy: 0.7013, loss: 2.2777, lr: 6.18e-07
     Epoch[13] Iteration[90/192], entropy: 0.7913, loss: 2.3194, lr: 1.36e-06
     Epoch[13] Iteration[100/192], entropy: 0.6123, loss: 2.1037, lr: 7.13e-06
     Epoch[13] Iteration[110/192], entropy: 0.7180, loss: 2.2439, lr: 9.96e-06
     Epoch[13] Iteration[120/192], entropy: 0.6150, loss: 2.1370, lr: 5.94e-06
     Epoch[13] Iteration[130/192], entropy: 0.7679, loss: 2.2739, lr: 6.18e-07
     Epoch[13] Iteration[140/192], entropy: 0.6815, loss: 2.1951, lr: 1.36e-06
     Epoch[13] Iteration[150/192], entropy: 0.8164, loss: 2.3160, lr: 7.13e-06
     Epoch[13] Iteration[160/192], entropy: 0.7208, loss: 2.2340, lr: 9.96e-06
     Epoch[13] Iteration[170/192], entropy: 0.7657, loss: 2.2493, lr: 5.94e-06
     Epoch[13] Iteration[180/192], entropy: 0.7479, loss: 2.1821, lr: 6.18e-07
     Epoch[13] Iteration[190/192], entropy: 0.7472, loss: 2.2887, lr: 1.36e-06
     Averaged stats: entropy: 0.7645, loss: 2.2832, lr: 2.32e-06
     itm tta time 0:00:28
### TTA Eval Score: 
+-------+--------+--------+--------+--------+--------+
| epoch |   R1   |   R5   |  R10   |  mAP   |  mINP  |
+-------+--------+--------+--------+--------+--------+
|  -999 | 70.598 | 86.891 | 91.780 | 63.391 | 47.063 |
|   0   | 70.647 | 86.923 | 91.829 | 63.398 | 47.057 |
|   1   | 70.695 | 86.972 | 91.845 | 63.421 | 47.074 |
|   2   | 70.679 | 86.956 | 91.894 | 63.424 | 47.084 |
|   3   | 70.728 | 86.956 | 91.894 | 63.450 | 47.105 |
|   4   | 70.744 | 87.005 | 91.959 | 63.450 | 47.106 |
|   5   | 70.825 | 87.021 | 91.959 | 63.473 | 47.116 |
|   6   | 70.793 | 87.102 | 91.975 | 63.490 | 47.142 |
|   7   | 70.776 | 87.070 | 91.975 | 63.474 | 47.144 |
|   8   | 70.744 | 87.070 | 91.992 | 63.469 | 47.146 |
|   9   | 70.776 | 87.070 | 91.975 | 63.475 | 47.144 |
|   10  | 70.760 | 87.118 | 92.008 | 63.471 | 47.147 |
|   11  | 70.760 | 87.151 | 92.008 | 63.464 | 47.163 |
|   12  | 70.760 | 87.183 | 91.992 | 63.471 | 47.161 |
|   13  | 70.728 | 87.167 | 92.024 | 63.476 | 47.177 |
+-------+--------+--------+--------+--------+--------+
     logs:  {'epo': 13, 'R1': 70.728, 'R5': 87.167, 'R10': 92.024, 'mAP': 63.476, 'mINP': 47.177, 'entropy': 0.728970533923099, 'loss': 2.2423172624487626, 'lr': 4.887952818009182e-06}
     Epoch[14] Iteration[10/192], entropy: 0.6895, loss: 2.2224, lr: 8.19e-06
     Epoch[14] Iteration[20/192], entropy: 0.8591, loss: 2.4094, lr: 9.65e-06
     Epoch[14] Iteration[30/192], entropy: 0.7467, loss: 2.2800, lr: 4.69e-06
     Epoch[14] Iteration[40/192], entropy: 0.6116, loss: 2.0776, lr: 1.57e-07
     Epoch[14] Iteration[50/192], entropy: 0.6399, loss: 2.1663, lr: 2.32e-06
     Epoch[14] Iteration[60/192], entropy: 0.8333, loss: 2.4070, lr: 8.19e-06
     Epoch[14] Iteration[70/192], entropy: 0.6015, loss: 2.1088, lr: 9.65e-06
     Epoch[14] Iteration[80/192], entropy: 0.7980, loss: 2.2728, lr: 4.69e-06
     Epoch[14] Iteration[90/192], entropy: 0.7987, loss: 2.3897, lr: 1.57e-07
     Epoch[14] Iteration[100/192], entropy: 0.6990, loss: 2.1557, lr: 2.32e-06
     Epoch[14] Iteration[110/192], entropy: 0.6814, loss: 2.1638, lr: 8.19e-06
     Epoch[14] Iteration[120/192], entropy: 0.6872, loss: 2.2054, lr: 9.65e-06
     Epoch[14] Iteration[130/192], entropy: 0.7502, loss: 2.1796, lr: 4.69e-06
     Epoch[14] Iteration[140/192], entropy: 0.8468, loss: 2.3900, lr: 1.57e-07
     Epoch[14] Iteration[150/192], entropy: 0.7614, loss: 2.2595, lr: 2.32e-06
     Epoch[14] Iteration[160/192], entropy: 0.7952, loss: 2.2862, lr: 8.19e-06
     Epoch[14] Iteration[170/192], entropy: 0.7408, loss: 2.1789, lr: 9.65e-06
     Epoch[14] Iteration[180/192], entropy: 0.6729, loss: 2.1740, lr: 4.69e-06
     Epoch[14] Iteration[190/192], entropy: 0.6826, loss: 2.1767, lr: 1.57e-07
     Averaged stats: entropy: 0.7530, loss: 2.2972, lr: 0.00e+00
     itm tta time 0:00:28
### TTA Eval Score: 
+-------+--------+--------+--------+--------+--------+
| epoch |   R1   |   R5   |  R10   |  mAP   |  mINP  |
+-------+--------+--------+--------+--------+--------+
|  -999 | 70.598 | 86.891 | 91.780 | 63.391 | 47.063 |
|   0   | 70.647 | 86.923 | 91.829 | 63.398 | 47.057 |
|   1   | 70.695 | 86.972 | 91.845 | 63.421 | 47.074 |
|   2   | 70.679 | 86.956 | 91.894 | 63.424 | 47.084 |
|   3   | 70.728 | 86.956 | 91.894 | 63.450 | 47.105 |
|   4   | 70.744 | 87.005 | 91.959 | 63.450 | 47.106 |
|   5   | 70.825 | 87.021 | 91.959 | 63.473 | 47.116 |
|   6   | 70.793 | 87.102 | 91.975 | 63.490 | 47.142 |
|   7   | 70.776 | 87.070 | 91.975 | 63.474 | 47.144 |
|   8   | 70.744 | 87.070 | 91.992 | 63.469 | 47.146 |
|   9   | 70.776 | 87.070 | 91.975 | 63.475 | 47.144 |
|   10  | 70.760 | 87.118 | 92.008 | 63.471 | 47.147 |
|   11  | 70.760 | 87.151 | 92.008 | 63.464 | 47.163 |
|   12  | 70.760 | 87.183 | 91.992 | 63.471 | 47.161 |
|   13  | 70.728 | 87.167 | 92.024 | 63.476 | 47.177 |
|   14  | 70.744 | 87.151 | 92.024 | 63.488 | 47.188 |
+-------+--------+--------+--------+--------+--------+
     logs:  {'epo': 14, 'R1': 70.744, 'R5': 87.151, 'R10': 92.024, 'mAP': 63.488, 'mINP': 47.188, 'entropy': 0.73135822383981, 'loss': 2.2370471075961462, 'lr': 5.141007051310248e-06}
     Epoch[15] Iteration[10/192], entropy: 0.7651, loss: 2.2615, lr: 3.45e-06
     Epoch[15] Iteration[20/192], entropy: 0.8202, loss: 2.3342, lr: 9.05e-06
     Epoch[15] Iteration[30/192], entropy: 0.7276, loss: 2.2078, lr: 9.05e-06
     Epoch[15] Iteration[40/192], entropy: 0.6795, loss: 2.1311, lr: 3.45e-06
     Epoch[15] Iteration[50/192], entropy: 0.8440, loss: 2.4265, lr: 0.00e+00
     Epoch[15] Iteration[60/192], entropy: 0.7936, loss: 2.3334, lr: 3.45e-06
     Epoch[15] Iteration[70/192], entropy: 0.8063, loss: 2.3628, lr: 9.05e-06
     Epoch[15] Iteration[80/192], entropy: 0.7715, loss: 2.2845, lr: 9.05e-06
     Epoch[15] Iteration[90/192], entropy: 0.7028, loss: 2.2457, lr: 3.45e-06
     Epoch[15] Iteration[100/192], entropy: 0.6420, loss: 2.1503, lr: 0.00e+00
     Epoch[15] Iteration[110/192], entropy: 0.7369, loss: 2.2544, lr: 3.45e-06
     Epoch[15] Iteration[120/192], entropy: 0.7624, loss: 2.2404, lr: 9.05e-06
     Epoch[15] Iteration[130/192], entropy: 0.7787, loss: 2.3301, lr: 9.05e-06
     Epoch[15] Iteration[140/192], entropy: 0.7467, loss: 2.3259, lr: 3.45e-06
     Epoch[15] Iteration[150/192], entropy: 0.7566, loss: 2.2942, lr: 0.00e+00
     Epoch[15] Iteration[160/192], entropy: 0.5927, loss: 1.9701, lr: 3.45e-06
     Epoch[15] Iteration[170/192], entropy: 0.7772, loss: 2.3003, lr: 9.05e-06
     Epoch[15] Iteration[180/192], entropy: 0.5950, loss: 2.1190, lr: 9.05e-06
     Epoch[15] Iteration[190/192], entropy: 0.6851, loss: 2.1737, lr: 3.45e-06
     Averaged stats: entropy: 0.8773, loss: 2.3912, lr: 2.32e-06
     itm tta time 0:00:28
### TTA Eval Score: 
+-------+--------+--------+--------+--------+--------+
| epoch |   R1   |   R5   |  R10   |  mAP   |  mINP  |
+-------+--------+--------+--------+--------+--------+
|  -999 | 70.598 | 86.891 | 91.780 | 63.391 | 47.063 |
|   0   | 70.647 | 86.923 | 91.829 | 63.398 | 47.057 |
|   1   | 70.695 | 86.972 | 91.845 | 63.421 | 47.074 |
|   2   | 70.679 | 86.956 | 91.894 | 63.424 | 47.084 |
|   3   | 70.728 | 86.956 | 91.894 | 63.450 | 47.105 |
|   4   | 70.744 | 87.005 | 91.959 | 63.450 | 47.106 |
|   5   | 70.825 | 87.021 | 91.959 | 63.473 | 47.116 |
|   6   | 70.793 | 87.102 | 91.975 | 63.490 | 47.142 |
|   7   | 70.776 | 87.070 | 91.975 | 63.474 | 47.144 |
|   8   | 70.744 | 87.070 | 91.992 | 63.469 | 47.146 |
|   9   | 70.776 | 87.070 | 91.975 | 63.475 | 47.144 |
|   10  | 70.760 | 87.118 | 92.008 | 63.471 | 47.147 |
|   11  | 70.760 | 87.151 | 92.008 | 63.464 | 47.163 |
|   12  | 70.760 | 87.183 | 91.992 | 63.471 | 47.161 |
|   13  | 70.728 | 87.167 | 92.024 | 63.476 | 47.177 |
|   14  | 70.744 | 87.151 | 92.024 | 63.488 | 47.188 |
|   15  | 70.679 | 87.118 | 91.975 | 63.483 | 47.185 |
+-------+--------+--------+--------+--------+--------+
     logs:  {'epo': 15, 'R1': 70.679, 'R5': 87.118, 'R10': 91.975, 'mAP': 63.483, 'mINP': 47.185, 'entropy': 0.736002106415598, 'loss': 2.249794658861662, 'lr': 5.263157894736888e-06}
     Epoch[16] Iteration[10/192], entropy: 0.7694, loss: 2.3131, lr: 1.57e-07
     Epoch[16] Iteration[20/192], entropy: 0.7106, loss: 2.2323, lr: 4.69e-06
     Epoch[16] Iteration[30/192], entropy: 0.7106, loss: 2.2215, lr: 9.65e-06
     Epoch[16] Iteration[40/192], entropy: 0.7965, loss: 2.3068, lr: 8.19e-06
     Epoch[16] Iteration[50/192], entropy: 0.7605, loss: 2.3583, lr: 2.32e-06
     Epoch[16] Iteration[60/192], entropy: 0.7355, loss: 2.2325, lr: 1.57e-07
     Epoch[16] Iteration[70/192], entropy: 0.5961, loss: 2.1004, lr: 4.69e-06
     Epoch[16] Iteration[80/192], entropy: 0.6762, loss: 2.2213, lr: 9.65e-06
     Epoch[16] Iteration[90/192], entropy: 0.5450, loss: 1.9908, lr: 8.19e-06
     Epoch[16] Iteration[100/192], entropy: 0.7472, loss: 2.2894, lr: 2.32e-06
     Epoch[16] Iteration[110/192], entropy: 0.6951, loss: 2.2621, lr: 1.57e-07
     Epoch[16] Iteration[120/192], entropy: 0.7356, loss: 2.1973, lr: 4.69e-06
     Epoch[16] Iteration[130/192], entropy: 0.7823, loss: 2.3612, lr: 9.65e-06
     Epoch[16] Iteration[140/192], entropy: 0.7479, loss: 2.2657, lr: 8.19e-06
     Epoch[16] Iteration[150/192], entropy: 0.7571, loss: 2.3027, lr: 2.32e-06
     Epoch[16] Iteration[160/192], entropy: 0.7310, loss: 2.2510, lr: 1.57e-07
     Epoch[16] Iteration[170/192], entropy: 0.8100, loss: 2.3470, lr: 4.69e-06
     Epoch[16] Iteration[180/192], entropy: 0.8607, loss: 2.3533, lr: 9.65e-06
     Epoch[16] Iteration[190/192], entropy: 0.6653, loss: 2.1377, lr: 8.19e-06
     Averaged stats: entropy: 0.6909, loss: 2.2299, lr: 7.13e-06
     itm tta time 0:00:28
### TTA Eval Score: 
+-------+--------+--------+--------+--------+--------+
| epoch |   R1   |   R5   |  R10   |  mAP   |  mINP  |
+-------+--------+--------+--------+--------+--------+
|  -999 | 70.598 | 86.891 | 91.780 | 63.391 | 47.063 |
|   0   | 70.647 | 86.923 | 91.829 | 63.398 | 47.057 |
|   1   | 70.695 | 86.972 | 91.845 | 63.421 | 47.074 |
|   2   | 70.679 | 86.956 | 91.894 | 63.424 | 47.084 |
|   3   | 70.728 | 86.956 | 91.894 | 63.450 | 47.105 |
|   4   | 70.744 | 87.005 | 91.959 | 63.450 | 47.106 |
|   5   | 70.825 | 87.021 | 91.959 | 63.473 | 47.116 |
|   6   | 70.793 | 87.102 | 91.975 | 63.490 | 47.142 |
|   7   | 70.776 | 87.070 | 91.975 | 63.474 | 47.144 |
|   8   | 70.744 | 87.070 | 91.992 | 63.469 | 47.146 |
|   9   | 70.776 | 87.070 | 91.975 | 63.475 | 47.144 |
|   10  | 70.760 | 87.118 | 92.008 | 63.471 | 47.147 |
|   11  | 70.760 | 87.151 | 92.008 | 63.464 | 47.163 |
|   12  | 70.760 | 87.183 | 91.992 | 63.471 | 47.161 |
|   13  | 70.728 | 87.167 | 92.024 | 63.476 | 47.177 |
|   14  | 70.744 | 87.151 | 92.024 | 63.488 | 47.188 |
|   15  | 70.679 | 87.118 | 91.975 | 63.483 | 47.185 |
|   16  | 70.630 | 87.135 | 91.959 | 63.486 | 47.190 |
+-------+--------+--------+--------+--------+--------+
     logs:  {'epo': 16, 'R1': 70.63, 'R5': 87.135, 'R10': 91.959, 'mAP': 63.486, 'mINP': 47.19, 'entropy': 0.7280356036989313, 'loss': 2.249705427571347, 'lr': 5.141007051310229e-06}
     Epoch[17] Iteration[10/192], entropy: 0.7729, loss: 2.3484, lr: 1.36e-06
     Epoch[17] Iteration[20/192], entropy: 0.6791, loss: 2.1764, lr: 6.18e-07
     Epoch[17] Iteration[30/192], entropy: 0.7947, loss: 2.2603, lr: 5.94e-06
     Epoch[17] Iteration[40/192], entropy: 0.8341, loss: 2.3299, lr: 9.96e-06
     Epoch[17] Iteration[50/192], entropy: 0.7064, loss: 2.2590, lr: 7.13e-06
     Epoch[17] Iteration[60/192], entropy: 0.7048, loss: 2.2438, lr: 1.36e-06
     Epoch[17] Iteration[70/192], entropy: 0.7270, loss: 2.2232, lr: 6.18e-07
     Epoch[17] Iteration[80/192], entropy: 0.7458, loss: 2.2482, lr: 5.94e-06
     Epoch[17] Iteration[90/192], entropy: 0.8168, loss: 2.4367, lr: 9.96e-06
     Epoch[17] Iteration[100/192], entropy: 0.5853, loss: 2.0510, lr: 7.13e-06
     Epoch[17] Iteration[110/192], entropy: 0.6816, loss: 2.1803, lr: 1.36e-06
     Epoch[17] Iteration[120/192], entropy: 0.7059, loss: 2.1879, lr: 6.18e-07
     Epoch[17] Iteration[130/192], entropy: 0.7319, loss: 2.1954, lr: 5.94e-06
     Epoch[17] Iteration[140/192], entropy: 0.8509, loss: 2.4189, lr: 9.96e-06
     Epoch[17] Iteration[150/192], entropy: 0.8082, loss: 2.3111, lr: 7.13e-06
     Epoch[17] Iteration[160/192], entropy: 0.7899, loss: 2.3735, lr: 1.36e-06
     Epoch[17] Iteration[170/192], entropy: 0.5987, loss: 1.9657, lr: 6.18e-07
     Epoch[17] Iteration[180/192], entropy: 0.7454, loss: 2.1878, lr: 5.94e-06
     Epoch[17] Iteration[190/192], entropy: 0.7833, loss: 2.3245, lr: 9.96e-06
     Averaged stats: entropy: 0.7911, loss: 2.3179, lr: 9.96e-06
     itm tta time 0:00:28
### TTA Eval Score: 
+-------+--------+--------+--------+--------+--------+
| epoch |   R1   |   R5   |  R10   |  mAP   |  mINP  |
+-------+--------+--------+--------+--------+--------+
|  -999 | 70.598 | 86.891 | 91.780 | 63.391 | 47.063 |
|   0   | 70.647 | 86.923 | 91.829 | 63.398 | 47.057 |
|   1   | 70.695 | 86.972 | 91.845 | 63.421 | 47.074 |
|   2   | 70.679 | 86.956 | 91.894 | 63.424 | 47.084 |
|   3   | 70.728 | 86.956 | 91.894 | 63.450 | 47.105 |
|   4   | 70.744 | 87.005 | 91.959 | 63.450 | 47.106 |
|   5   | 70.825 | 87.021 | 91.959 | 63.473 | 47.116 |
|   6   | 70.793 | 87.102 | 91.975 | 63.490 | 47.142 |
|   7   | 70.776 | 87.070 | 91.975 | 63.474 | 47.144 |
|   8   | 70.744 | 87.070 | 91.992 | 63.469 | 47.146 |
|   9   | 70.776 | 87.070 | 91.975 | 63.475 | 47.144 |
|   10  | 70.760 | 87.118 | 92.008 | 63.471 | 47.147 |
|   11  | 70.760 | 87.151 | 92.008 | 63.464 | 47.163 |
|   12  | 70.760 | 87.183 | 91.992 | 63.471 | 47.161 |
|   13  | 70.728 | 87.167 | 92.024 | 63.476 | 47.177 |
|   14  | 70.744 | 87.151 | 92.024 | 63.488 | 47.188 |
|   15  | 70.679 | 87.118 | 91.975 | 63.483 | 47.185 |
|   16  | 70.630 | 87.135 | 91.959 | 63.486 | 47.190 |
|   17  | 70.663 | 87.135 | 91.959 | 63.490 | 47.195 |
+-------+--------+--------+--------+--------+--------+
     logs:  {'epo': 17, 'R1': 70.663, 'R5': 87.135, 'R10': 91.959, 'mAP': 63.49, 'mINP': 47.195, 'entropy': 0.7401486697949862, 'loss': 2.248540915940937, 'lr': 4.887952818009183e-06}
     Epoch[18] Iteration[10/192], entropy: 0.7276, loss: 2.2235, lr: 5.94e-06
     Epoch[18] Iteration[20/192], entropy: 0.7292, loss: 2.2549, lr: 6.18e-07
     Epoch[18] Iteration[30/192], entropy: 0.5744, loss: 2.0511, lr: 1.36e-06
     Epoch[18] Iteration[40/192], entropy: 0.6604, loss: 2.1524, lr: 7.13e-06
     Epoch[18] Iteration[50/192], entropy: 0.7622, loss: 2.2304, lr: 9.96e-06
     Epoch[18] Iteration[60/192], entropy: 0.7601, loss: 2.3055, lr: 5.94e-06
     Epoch[18] Iteration[70/192], entropy: 0.7330, loss: 2.2182, lr: 6.18e-07
     Epoch[18] Iteration[80/192], entropy: 0.6572, loss: 2.1211, lr: 1.36e-06
     Epoch[18] Iteration[90/192], entropy: 0.6995, loss: 2.1864, lr: 7.13e-06
     Epoch[18] Iteration[100/192], entropy: 0.7137, loss: 2.2315, lr: 9.96e-06
     Epoch[18] Iteration[110/192], entropy: 0.8479, loss: 2.3627, lr: 5.94e-06
     Epoch[18] Iteration[120/192], entropy: 0.8017, loss: 2.3029, lr: 6.18e-07
     Epoch[18] Iteration[130/192], entropy: 0.7468, loss: 2.2442, lr: 1.36e-06
     Epoch[18] Iteration[140/192], entropy: 0.7394, loss: 2.2622, lr: 7.13e-06
     Epoch[18] Iteration[150/192], entropy: 0.7189, loss: 2.2311, lr: 9.96e-06
     Epoch[18] Iteration[160/192], entropy: 0.6343, loss: 2.0552, lr: 5.94e-06
     Epoch[18] Iteration[170/192], entropy: 0.7475, loss: 2.2520, lr: 6.18e-07
     Epoch[18] Iteration[180/192], entropy: 0.7914, loss: 2.2631, lr: 1.36e-06
     Epoch[18] Iteration[190/192], entropy: 0.8234, loss: 2.3457, lr: 7.13e-06
     Averaged stats: entropy: 0.7370, loss: 2.2083, lr: 8.19e-06
     itm tta time 0:00:28
### TTA Eval Score: 
+-------+--------+--------+--------+--------+--------+
| epoch |   R1   |   R5   |  R10   |  mAP   |  mINP  |
+-------+--------+--------+--------+--------+--------+
|  -999 | 70.598 | 86.891 | 91.780 | 63.391 | 47.063 |
|   0   | 70.647 | 86.923 | 91.829 | 63.398 | 47.057 |
|   1   | 70.695 | 86.972 | 91.845 | 63.421 | 47.074 |
|   2   | 70.679 | 86.956 | 91.894 | 63.424 | 47.084 |
|   3   | 70.728 | 86.956 | 91.894 | 63.450 | 47.105 |
|   4   | 70.744 | 87.005 | 91.959 | 63.450 | 47.106 |
|   5   | 70.825 | 87.021 | 91.959 | 63.473 | 47.116 |
|   6   | 70.793 | 87.102 | 91.975 | 63.490 | 47.142 |
|   7   | 70.776 | 87.070 | 91.975 | 63.474 | 47.144 |
|   8   | 70.744 | 87.070 | 91.992 | 63.469 | 47.146 |
|   9   | 70.776 | 87.070 | 91.975 | 63.475 | 47.144 |
|   10  | 70.760 | 87.118 | 92.008 | 63.471 | 47.147 |
|   11  | 70.760 | 87.151 | 92.008 | 63.464 | 47.163 |
|   12  | 70.760 | 87.183 | 91.992 | 63.471 | 47.161 |
|   13  | 70.728 | 87.167 | 92.024 | 63.476 | 47.177 |
|   14  | 70.744 | 87.151 | 92.024 | 63.488 | 47.188 |
|   15  | 70.679 | 87.118 | 91.975 | 63.483 | 47.185 |
|   16  | 70.630 | 87.135 | 91.959 | 63.486 | 47.190 |
|   17  | 70.663 | 87.135 | 91.959 | 63.490 | 47.195 |
|   18  | 70.679 | 87.135 | 91.975 | 63.501 | 47.208 |
+-------+--------+--------+--------+--------+--------+
     logs:  {'epo': 18, 'R1': 70.679, 'R5': 87.135, 'R10': 91.975, 'mAP': 63.501, 'mINP': 47.208, 'entropy': 0.7299264261597082, 'loss': 2.2260068968722693, 'lr': 4.738917183864597e-06}
     Epoch[19] Iteration[10/192], entropy: 0.7609, loss: 2.3024, lr: 9.65e-06
     Epoch[19] Iteration[20/192], entropy: 0.7709, loss: 2.3368, lr: 4.69e-06
     Epoch[19] Iteration[30/192], entropy: 0.6806, loss: 2.1506, lr: 1.57e-07
     Epoch[19] Iteration[40/192], entropy: 0.7002, loss: 2.2014, lr: 2.32e-06
     Epoch[19] Iteration[50/192], entropy: 0.7106, loss: 2.2605, lr: 8.19e-06
     Epoch[19] Iteration[60/192], entropy: 0.8183, loss: 2.3751, lr: 9.65e-06
     Epoch[19] Iteration[70/192], entropy: 0.7397, loss: 2.2302, lr: 4.69e-06
     Epoch[19] Iteration[80/192], entropy: 0.7997, loss: 2.3034, lr: 1.57e-07
     Epoch[19] Iteration[90/192], entropy: 0.7540, loss: 2.2468, lr: 2.32e-06
     Epoch[19] Iteration[100/192], entropy: 0.7060, loss: 2.2721, lr: 8.19e-06
     Epoch[19] Iteration[110/192], entropy: 0.7396, loss: 2.2647, lr: 9.65e-06
     Epoch[19] Iteration[120/192], entropy: 0.7698, loss: 2.1987, lr: 4.69e-06
     Epoch[19] Iteration[130/192], entropy: 0.7627, loss: 2.2765, lr: 1.57e-07
     Epoch[19] Iteration[140/192], entropy: 0.6195, loss: 2.1395, lr: 2.32e-06
     Epoch[19] Iteration[150/192], entropy: 0.8091, loss: 2.3033, lr: 8.19e-06
     Epoch[19] Iteration[160/192], entropy: 0.7545, loss: 2.2770, lr: 9.65e-06
     Epoch[19] Iteration[170/192], entropy: 0.8572, loss: 2.4091, lr: 4.69e-06
     Epoch[19] Iteration[180/192], entropy: 0.7430, loss: 2.2384, lr: 1.57e-07
     Epoch[19] Iteration[190/192], entropy: 0.7748, loss: 2.3110, lr: 2.32e-06
     Averaged stats: entropy: 0.9035, loss: 2.3634, lr: 3.45e-06
     itm tta time 0:00:28
### TTA Eval Score: 
+-------+--------+--------+--------+--------+--------+
| epoch |   R1   |   R5   |  R10   |  mAP   |  mINP  |
+-------+--------+--------+--------+--------+--------+
|  -999 | 70.598 | 86.891 | 91.780 | 63.391 | 47.063 |
|   0   | 70.647 | 86.923 | 91.829 | 63.398 | 47.057 |
|   1   | 70.695 | 86.972 | 91.845 | 63.421 | 47.074 |
|   2   | 70.679 | 86.956 | 91.894 | 63.424 | 47.084 |
|   3   | 70.728 | 86.956 | 91.894 | 63.450 | 47.105 |
|   4   | 70.744 | 87.005 | 91.959 | 63.450 | 47.106 |
|   5   | 70.825 | 87.021 | 91.959 | 63.473 | 47.116 |
|   6   | 70.793 | 87.102 | 91.975 | 63.490 | 47.142 |
|   7   | 70.776 | 87.070 | 91.975 | 63.474 | 47.144 |
|   8   | 70.744 | 87.070 | 91.992 | 63.469 | 47.146 |
|   9   | 70.776 | 87.070 | 91.975 | 63.475 | 47.144 |
|   10  | 70.760 | 87.118 | 92.008 | 63.471 | 47.147 |
|   11  | 70.760 | 87.151 | 92.008 | 63.464 | 47.163 |
|   12  | 70.760 | 87.183 | 91.992 | 63.471 | 47.161 |
|   13  | 70.728 | 87.167 | 92.024 | 63.476 | 47.177 |
|   14  | 70.744 | 87.151 | 92.024 | 63.488 | 47.188 |
|   15  | 70.679 | 87.118 | 91.975 | 63.483 | 47.185 |
|   16  | 70.630 | 87.135 | 91.959 | 63.486 | 47.190 |
|   17  | 70.663 | 87.135 | 91.959 | 63.490 | 47.195 |
|   18  | 70.679 | 87.135 | 91.975 | 63.501 | 47.208 |
|   19  | 70.614 | 87.135 | 91.975 | 63.502 | 47.219 |
+-------+--------+--------+--------+--------+--------+
     logs:  {'epo': 19, 'R1': 70.614, 'R5': 87.135, 'R10': 91.975, 'mAP': 63.502, 'mINP': 47.219, 'entropy': 0.7511105192335028, 'loss': 2.268285186667191, 'lr': 4.832256844802926e-06}
     Epoch[20] Iteration[10/192], entropy: 0.7906, loss: 2.3399, lr: 9.05e-06
     Epoch[20] Iteration[20/192], entropy: 0.6029, loss: 2.1209, lr: 9.05e-06
     Epoch[20] Iteration[30/192], entropy: 0.6971, loss: 2.2134, lr: 3.45e-06
     Epoch[20] Iteration[40/192], entropy: 0.6467, loss: 2.0924, lr: 0.00e+00
     Epoch[20] Iteration[50/192], entropy: 0.7769, loss: 2.2713, lr: 3.45e-06
     Epoch[20] Iteration[60/192], entropy: 0.7104, loss: 2.2713, lr: 9.05e-06
     Epoch[20] Iteration[70/192], entropy: 0.7021, loss: 2.1379, lr: 9.05e-06
     Epoch[20] Iteration[80/192], entropy: 0.7349, loss: 2.2797, lr: 3.45e-06
     Epoch[20] Iteration[90/192], entropy: 0.6771, loss: 2.1726, lr: 0.00e+00
     Epoch[20] Iteration[100/192], entropy: 0.7067, loss: 2.1942, lr: 3.45e-06
     Epoch[20] Iteration[110/192], entropy: 0.7744, loss: 2.3276, lr: 9.05e-06
     Epoch[20] Iteration[120/192], entropy: 0.7058, loss: 2.2788, lr: 9.05e-06
     Epoch[20] Iteration[130/192], entropy: 0.7121, loss: 2.2707, lr: 3.45e-06
     Epoch[20] Iteration[140/192], entropy: 0.7313, loss: 2.2842, lr: 0.00e+00
     Epoch[20] Iteration[150/192], entropy: 0.7931, loss: 2.3409, lr: 3.45e-06
     Epoch[20] Iteration[160/192], entropy: 0.7075, loss: 2.2571, lr: 9.05e-06
     Epoch[20] Iteration[170/192], entropy: 0.6606, loss: 2.1324, lr: 9.38e-06
     Epoch[20] Iteration[180/192], entropy: 0.7718, loss: 2.2558, lr: 4.06e-06
     Epoch[20] Iteration[190/192], entropy: 0.7571, loss: 2.2661, lr: 3.94e-08
     Averaged stats: entropy: 0.8185, loss: 2.3010, lr: 3.94e-08
     itm tta time 0:00:28
### TTA Eval Score: 
+-------+--------+--------+--------+--------+--------+
| epoch |   R1   |   R5   |  R10   |  mAP   |  mINP  |
+-------+--------+--------+--------+--------+--------+
|  -999 | 70.598 | 86.891 | 91.780 | 63.391 | 47.063 |
|   0   | 70.647 | 86.923 | 91.829 | 63.398 | 47.057 |
|   1   | 70.695 | 86.972 | 91.845 | 63.421 | 47.074 |
|   2   | 70.679 | 86.956 | 91.894 | 63.424 | 47.084 |
|   3   | 70.728 | 86.956 | 91.894 | 63.450 | 47.105 |
|   4   | 70.744 | 87.005 | 91.959 | 63.450 | 47.106 |
|   5   | 70.825 | 87.021 | 91.959 | 63.473 | 47.116 |
|   6   | 70.793 | 87.102 | 91.975 | 63.490 | 47.142 |
|   7   | 70.776 | 87.070 | 91.975 | 63.474 | 47.144 |
|   8   | 70.744 | 87.070 | 91.992 | 63.469 | 47.146 |
|   9   | 70.776 | 87.070 | 91.975 | 63.475 | 47.144 |
|   10  | 70.760 | 87.118 | 92.008 | 63.471 | 47.147 |
|   11  | 70.760 | 87.151 | 92.008 | 63.464 | 47.163 |
|   12  | 70.760 | 87.183 | 91.992 | 63.471 | 47.161 |
|   13  | 70.728 | 87.167 | 92.024 | 63.476 | 47.177 |
|   14  | 70.744 | 87.151 | 92.024 | 63.488 | 47.188 |
|   15  | 70.679 | 87.118 | 91.975 | 63.483 | 47.185 |
|   16  | 70.630 | 87.135 | 91.959 | 63.486 | 47.190 |
|   17  | 70.663 | 87.135 | 91.959 | 63.490 | 47.195 |
|   18  | 70.679 | 87.135 | 91.975 | 63.501 | 47.208 |
|   19  | 70.614 | 87.135 | 91.975 | 63.502 | 47.219 |
|   20  | 70.630 | 87.102 | 91.975 | 63.499 | 47.221 |
+-------+--------+--------+--------+--------+--------+
     logs:  {'epo': 20, 'R1': 70.63, 'R5': 87.102, 'R10': 91.975, 'mAP': 63.499, 'mINP': 47.221, 'entropy': 0.718892260601646, 'loss': 2.2372207641601562, 'lr': 5.133112541715485e-06}
     Epoch[21] Iteration[10/192], entropy: 0.7764, loss: 2.2805, lr: 4.06e-06
     Epoch[21] Iteration[20/192], entropy: 0.6606, loss: 2.1328, lr: 9.38e-06
     Epoch[21] Iteration[30/192], entropy: 0.7617, loss: 2.2759, lr: 8.64e-06
     Epoch[21] Iteration[40/192], entropy: 0.7916, loss: 2.3319, lr: 2.87e-06
     Epoch[21] Iteration[50/192], entropy: 0.7565, loss: 2.2632, lr: 3.94e-08
     Epoch[21] Iteration[60/192], entropy: 0.6140, loss: 2.0641, lr: 4.06e-06
     Epoch[21] Iteration[70/192], entropy: 0.8450, loss: 2.4382, lr: 9.38e-06
     Epoch[21] Iteration[80/192], entropy: 0.7584, loss: 2.2793, lr: 8.64e-06
     Epoch[21] Iteration[90/192], entropy: 0.7562, loss: 2.2794, lr: 2.87e-06
     Epoch[21] Iteration[100/192], entropy: 0.6945, loss: 2.2155, lr: 3.94e-08
     Epoch[21] Iteration[110/192], entropy: 0.7798, loss: 2.3585, lr: 4.06e-06
     Epoch[21] Iteration[120/192], entropy: 0.8086, loss: 2.3782, lr: 9.38e-06
     Epoch[21] Iteration[130/192], entropy: 0.7461, loss: 2.3687, lr: 8.64e-06
     Epoch[21] Iteration[140/192], entropy: 0.8990, loss: 2.4418, lr: 2.87e-06
     Epoch[21] Iteration[150/192], entropy: 0.6687, loss: 2.1910, lr: 3.94e-08
     Epoch[21] Iteration[160/192], entropy: 0.7134, loss: 2.1811, lr: 4.06e-06
     Epoch[21] Iteration[170/192], entropy: 0.7109, loss: 2.1776, lr: 9.38e-06
     Epoch[21] Iteration[180/192], entropy: 0.8102, loss: 2.3327, lr: 8.64e-06
     Epoch[21] Iteration[190/192], entropy: 0.7496, loss: 2.3281, lr: 2.87e-06
     Averaged stats: entropy: 0.8608, loss: 2.3733, lr: 1.81e-06
     itm tta time 0:00:28
### TTA Eval Score: 
+-------+--------+--------+--------+--------+--------+
| epoch |   R1   |   R5   |  R10   |  mAP   |  mINP  |
+-------+--------+--------+--------+--------+--------+
|  -999 | 70.598 | 86.891 | 91.780 | 63.391 | 47.063 |
|   0   | 70.647 | 86.923 | 91.829 | 63.398 | 47.057 |
|   1   | 70.695 | 86.972 | 91.845 | 63.421 | 47.074 |
|   2   | 70.679 | 86.956 | 91.894 | 63.424 | 47.084 |
|   3   | 70.728 | 86.956 | 91.894 | 63.450 | 47.105 |
|   4   | 70.744 | 87.005 | 91.959 | 63.450 | 47.106 |
|   5   | 70.825 | 87.021 | 91.959 | 63.473 | 47.116 |
|   6   | 70.793 | 87.102 | 91.975 | 63.490 | 47.142 |
|   7   | 70.776 | 87.070 | 91.975 | 63.474 | 47.144 |
|   8   | 70.744 | 87.070 | 91.992 | 63.469 | 47.146 |
|   9   | 70.776 | 87.070 | 91.975 | 63.475 | 47.144 |
|   10  | 70.760 | 87.118 | 92.008 | 63.471 | 47.147 |
|   11  | 70.760 | 87.151 | 92.008 | 63.464 | 47.163 |
|   12  | 70.760 | 87.183 | 91.992 | 63.471 | 47.161 |
|   13  | 70.728 | 87.167 | 92.024 | 63.476 | 47.177 |
|   14  | 70.744 | 87.151 | 92.024 | 63.488 | 47.188 |
|   15  | 70.679 | 87.118 | 91.975 | 63.483 | 47.185 |
|   16  | 70.630 | 87.135 | 91.959 | 63.486 | 47.190 |
|   17  | 70.663 | 87.135 | 91.959 | 63.490 | 47.195 |
|   18  | 70.679 | 87.135 | 91.975 | 63.501 | 47.208 |
|   19  | 70.614 | 87.135 | 91.975 | 63.502 | 47.219 |
|   20  | 70.630 | 87.102 | 91.975 | 63.499 | 47.221 |
|   21  | 70.598 | 87.118 | 91.927 | 63.487 | 47.220 |
+-------+--------+--------+--------+--------+--------+
     logs:  {'epo': 21, 'R1': 70.598, 'R5': 87.118, 'R10': 91.927, 'mAP': 63.487, 'mINP': 47.22, 'entropy': 0.7526887247436925, 'loss': 2.2799334149611625, 'lr': 5.261082816135424e-06}
     Epoch[22] Iteration[10/192], entropy: 0.6926, loss: 2.2402, lr: 3.51e-07
     Epoch[22] Iteration[20/192], entropy: 0.7561, loss: 2.2081, lr: 5.31e-06
     Epoch[22] Iteration[30/192], entropy: 0.7320, loss: 2.2908, lr: 9.84e-06
     Epoch[22] Iteration[40/192], entropy: 0.8328, loss: 2.3087, lr: 7.68e-06
     Epoch[22] Iteration[50/192], entropy: 0.8595, loss: 2.4074, lr: 1.81e-06
     Epoch[22] Iteration[60/192], entropy: 0.7120, loss: 2.2185, lr: 3.51e-07
     Epoch[22] Iteration[70/192], entropy: 0.7713, loss: 2.3531, lr: 5.31e-06
     Epoch[22] Iteration[80/192], entropy: 0.8661, loss: 2.4121, lr: 9.84e-06
     Epoch[22] Iteration[90/192], entropy: 0.7683, loss: 2.2157, lr: 7.68e-06
     Epoch[22] Iteration[100/192], entropy: 0.7137, loss: 2.3347, lr: 1.81e-06
     Epoch[22] Iteration[110/192], entropy: 0.5982, loss: 2.0656, lr: 3.51e-07
     Epoch[22] Iteration[120/192], entropy: 0.7476, loss: 2.2663, lr: 5.31e-06
     Epoch[22] Iteration[130/192], entropy: 0.7599, loss: 2.2140, lr: 9.84e-06
     Epoch[22] Iteration[140/192], entropy: 0.6251, loss: 2.0422, lr: 7.68e-06
     Epoch[22] Iteration[150/192], entropy: 0.6723, loss: 2.1972, lr: 1.81e-06
     Epoch[22] Iteration[160/192], entropy: 0.7577, loss: 2.2936, lr: 3.51e-07
     Epoch[22] Iteration[170/192], entropy: 0.7502, loss: 2.2647, lr: 5.31e-06
     Epoch[22] Iteration[180/192], entropy: 0.7775, loss: 2.1895, lr: 9.84e-06
     Epoch[22] Iteration[190/192], entropy: 0.8095, loss: 2.3425, lr: 7.68e-06
     Averaged stats: entropy: 0.6638, loss: 2.2293, lr: 6.55e-06
     itm tta time 0:00:28
### TTA Eval Score: 
+-------+--------+--------+--------+--------+--------+
| epoch |   R1   |   R5   |  R10   |  mAP   |  mINP  |
+-------+--------+--------+--------+--------+--------+
|  -999 | 70.598 | 86.891 | 91.780 | 63.391 | 47.063 |
|   0   | 70.647 | 86.923 | 91.829 | 63.398 | 47.057 |
|   1   | 70.695 | 86.972 | 91.845 | 63.421 | 47.074 |
|   2   | 70.679 | 86.956 | 91.894 | 63.424 | 47.084 |
|   3   | 70.728 | 86.956 | 91.894 | 63.450 | 47.105 |
|   4   | 70.744 | 87.005 | 91.959 | 63.450 | 47.106 |
|   5   | 70.825 | 87.021 | 91.959 | 63.473 | 47.116 |
|   6   | 70.793 | 87.102 | 91.975 | 63.490 | 47.142 |
|   7   | 70.776 | 87.070 | 91.975 | 63.474 | 47.144 |
|   8   | 70.744 | 87.070 | 91.992 | 63.469 | 47.146 |
|   9   | 70.776 | 87.070 | 91.975 | 63.475 | 47.144 |
|   10  | 70.760 | 87.118 | 92.008 | 63.471 | 47.147 |
|   11  | 70.760 | 87.151 | 92.008 | 63.464 | 47.163 |
|   12  | 70.760 | 87.183 | 91.992 | 63.471 | 47.161 |
|   13  | 70.728 | 87.167 | 92.024 | 63.476 | 47.177 |
|   14  | 70.744 | 87.151 | 92.024 | 63.488 | 47.188 |
|   15  | 70.679 | 87.118 | 91.975 | 63.483 | 47.185 |
|   16  | 70.630 | 87.135 | 91.959 | 63.486 | 47.190 |
|   17  | 70.663 | 87.135 | 91.959 | 63.490 | 47.195 |
|   18  | 70.679 | 87.135 | 91.975 | 63.501 | 47.208 |
|   19  | 70.614 | 87.135 | 91.975 | 63.502 | 47.219 |
|   20  | 70.630 | 87.102 | 91.975 | 63.499 | 47.221 |
|   21  | 70.598 | 87.118 | 91.927 | 63.487 | 47.220 |
|   22  | 70.614 | 87.151 | 91.910 | 63.489 | 47.198 |
+-------+--------+--------+--------+--------+--------+
     logs:  {'epo': 22, 'R1': 70.614, 'R5': 87.151, 'R10': 91.91, 'mAP': 63.489, 'mINP': 47.198, 'entropy': 0.7474875826584665, 'loss': 2.2560547025580155, 'lr': 5.167743155197059e-06}
     Epoch[23] Iteration[10/192], entropy: 0.7301, loss: 2.1960, lr: 9.55e-07
     Epoch[23] Iteration[20/192], entropy: 0.7834, loss: 2.3706, lr: 9.55e-07
     Epoch[23] Iteration[30/192], entropy: 0.7343, loss: 2.1739, lr: 6.55e-06
     Epoch[23] Iteration[40/192], entropy: 0.6740, loss: 2.2672, lr: 1.00e-05
     Epoch[23] Iteration[50/192], entropy: 0.7661, loss: 2.3549, lr: 6.55e-06
     Epoch[23] Iteration[60/192], entropy: 0.8308, loss: 2.4016, lr: 9.55e-07
     Epoch[23] Iteration[70/192], entropy: 0.7868, loss: 2.3580, lr: 9.55e-07
     Epoch[23] Iteration[80/192], entropy: 0.7747, loss: 2.2902, lr: 6.55e-06
     Epoch[23] Iteration[90/192], entropy: 0.8332, loss: 2.3465, lr: 1.00e-05
     Epoch[23] Iteration[100/192], entropy: 0.7481, loss: 2.2736, lr: 6.55e-06
     Epoch[23] Iteration[110/192], entropy: 0.7791, loss: 2.3534, lr: 9.55e-07
     Epoch[23] Iteration[120/192], entropy: 0.7292, loss: 2.2491, lr: 9.55e-07
     Epoch[23] Iteration[130/192], entropy: 0.7203, loss: 2.2163, lr: 6.55e-06
     Epoch[23] Iteration[140/192], entropy: 0.6526, loss: 2.1668, lr: 1.00e-05
     Epoch[23] Iteration[150/192], entropy: 0.8674, loss: 2.4199, lr: 6.55e-06
     Epoch[23] Iteration[160/192], entropy: 0.7057, loss: 2.2136, lr: 9.55e-07
     Epoch[23] Iteration[170/192], entropy: 0.7904, loss: 2.3205, lr: 9.55e-07
     Epoch[23] Iteration[180/192], entropy: 0.8012, loss: 2.3647, lr: 6.55e-06
     Epoch[23] Iteration[190/192], entropy: 0.7050, loss: 2.2322, lr: 1.00e-05
     Averaged stats: entropy: 0.8092, loss: 2.3782, lr: 9.84e-06
     itm tta time 0:00:28
### TTA Eval Score: 
+-------+--------+--------+--------+--------+--------+
| epoch |   R1   |   R5   |  R10   |  mAP   |  mINP  |
+-------+--------+--------+--------+--------+--------+
|  -999 | 70.598 | 86.891 | 91.780 | 63.391 | 47.063 |
|   0   | 70.647 | 86.923 | 91.829 | 63.398 | 47.057 |
|   1   | 70.695 | 86.972 | 91.845 | 63.421 | 47.074 |
|   2   | 70.679 | 86.956 | 91.894 | 63.424 | 47.084 |
|   3   | 70.728 | 86.956 | 91.894 | 63.450 | 47.105 |
|   4   | 70.744 | 87.005 | 91.959 | 63.450 | 47.106 |
|   5   | 70.825 | 87.021 | 91.959 | 63.473 | 47.116 |
|   6   | 70.793 | 87.102 | 91.975 | 63.490 | 47.142 |
|   7   | 70.776 | 87.070 | 91.975 | 63.474 | 47.144 |
|   8   | 70.744 | 87.070 | 91.992 | 63.469 | 47.146 |
|   9   | 70.776 | 87.070 | 91.975 | 63.475 | 47.144 |
|   10  | 70.760 | 87.118 | 92.008 | 63.471 | 47.147 |
|   11  | 70.760 | 87.151 | 92.008 | 63.464 | 47.163 |
|   12  | 70.760 | 87.183 | 91.992 | 63.471 | 47.161 |
|   13  | 70.728 | 87.167 | 92.024 | 63.476 | 47.177 |
|   14  | 70.744 | 87.151 | 92.024 | 63.488 | 47.188 |
|   15  | 70.679 | 87.118 | 91.975 | 63.483 | 47.185 |
|   16  | 70.630 | 87.135 | 91.959 | 63.486 | 47.190 |
|   17  | 70.663 | 87.135 | 91.959 | 63.490 | 47.195 |
|   18  | 70.679 | 87.135 | 91.975 | 63.501 | 47.208 |
|   19  | 70.614 | 87.135 | 91.975 | 63.502 | 47.219 |
|   20  | 70.630 | 87.102 | 91.975 | 63.499 | 47.221 |
|   21  | 70.598 | 87.118 | 91.927 | 63.487 | 47.220 |
|   22  | 70.614 | 87.151 | 91.910 | 63.489 | 47.198 |
|   23  | 70.647 | 87.151 | 91.927 | 63.496 | 47.202 |
+-------+--------+--------+--------+--------+--------+
     logs:  {'epo': 23, 'R1': 70.647, 'R5': 87.151, 'R10': 91.927, 'mAP': 63.496, 'mINP': 47.202, 'entropy': 0.7585466441355253, 'loss': 2.2931056901028284, 'lr': 4.918679738322295e-06}
     Epoch[24] Iteration[10/192], entropy: 0.7228, loss: 2.2669, lr: 5.31e-06
     Epoch[24] Iteration[20/192], entropy: 0.8435, loss: 2.3396, lr: 3.51e-07
     Epoch[24] Iteration[30/192], entropy: 0.7724, loss: 2.3042, lr: 1.81e-06
     Epoch[24] Iteration[40/192], entropy: 0.7154, loss: 2.1989, lr: 7.68e-06
     Epoch[24] Iteration[50/192], entropy: 0.7545, loss: 2.2969, lr: 9.84e-06
     Epoch[24] Iteration[60/192], entropy: 0.6887, loss: 2.1841, lr: 5.31e-06
     Epoch[24] Iteration[70/192], entropy: 0.8171, loss: 2.3536, lr: 3.51e-07
     Epoch[24] Iteration[80/192], entropy: 0.7736, loss: 2.2928, lr: 1.81e-06
     Epoch[24] Iteration[90/192], entropy: 0.7388, loss: 2.3096, lr: 7.68e-06
     Epoch[24] Iteration[100/192], entropy: 0.7086, loss: 2.1947, lr: 9.84e-06
     Epoch[24] Iteration[110/192], entropy: 0.6965, loss: 2.2144, lr: 5.31e-06
     Epoch[24] Iteration[120/192], entropy: 0.7423, loss: 2.2175, lr: 3.51e-07
     Epoch[24] Iteration[130/192], entropy: 0.8841, loss: 2.4372, lr: 1.81e-06
     Epoch[24] Iteration[140/192], entropy: 0.5708, loss: 2.0193, lr: 7.68e-06
     Epoch[24] Iteration[150/192], entropy: 0.7886, loss: 2.2897, lr: 9.84e-06
     Epoch[24] Iteration[160/192], entropy: 0.6575, loss: 2.1742, lr: 5.31e-06
     Epoch[24] Iteration[170/192], entropy: 0.8284, loss: 2.3344, lr: 3.51e-07
     Epoch[24] Iteration[180/192], entropy: 0.6630, loss: 2.1461, lr: 1.81e-06
     Epoch[24] Iteration[190/192], entropy: 0.7263, loss: 2.2715, lr: 7.68e-06
     Averaged stats: entropy: 0.8693, loss: 2.4630, lr: 8.64e-06
     itm tta time 0:00:28
### TTA Eval Score: 
+-------+--------+--------+--------+--------+--------+
| epoch |   R1   |   R5   |  R10   |  mAP   |  mINP  |
+-------+--------+--------+--------+--------+--------+
|  -999 | 70.598 | 86.891 | 91.780 | 63.391 | 47.063 |
|   0   | 70.647 | 86.923 | 91.829 | 63.398 | 47.057 |
|   1   | 70.695 | 86.972 | 91.845 | 63.421 | 47.074 |
|   2   | 70.679 | 86.956 | 91.894 | 63.424 | 47.084 |
|   3   | 70.728 | 86.956 | 91.894 | 63.450 | 47.105 |
|   4   | 70.744 | 87.005 | 91.959 | 63.450 | 47.106 |
|   5   | 70.825 | 87.021 | 91.959 | 63.473 | 47.116 |
|   6   | 70.793 | 87.102 | 91.975 | 63.490 | 47.142 |
|   7   | 70.776 | 87.070 | 91.975 | 63.474 | 47.144 |
|   8   | 70.744 | 87.070 | 91.992 | 63.469 | 47.146 |
|   9   | 70.776 | 87.070 | 91.975 | 63.475 | 47.144 |
|   10  | 70.760 | 87.118 | 92.008 | 63.471 | 47.147 |
|   11  | 70.760 | 87.151 | 92.008 | 63.464 | 47.163 |
|   12  | 70.760 | 87.183 | 91.992 | 63.471 | 47.161 |
|   13  | 70.728 | 87.167 | 92.024 | 63.476 | 47.177 |
|   14  | 70.744 | 87.151 | 92.024 | 63.488 | 47.188 |
|   15  | 70.679 | 87.118 | 91.975 | 63.483 | 47.185 |
|   16  | 70.630 | 87.135 | 91.959 | 63.486 | 47.190 |
|   17  | 70.663 | 87.135 | 91.959 | 63.490 | 47.195 |
|   18  | 70.679 | 87.135 | 91.975 | 63.501 | 47.208 |
|   19  | 70.614 | 87.135 | 91.975 | 63.502 | 47.219 |
|   20  | 70.630 | 87.102 | 91.975 | 63.499 | 47.221 |
|   21  | 70.598 | 87.118 | 91.927 | 63.487 | 47.220 |
|   22  | 70.614 | 87.151 | 91.910 | 63.489 | 47.198 |
|   23  | 70.647 | 87.151 | 91.927 | 63.496 | 47.202 |
|   24  | 70.582 | 87.151 | 91.910 | 63.490 | 47.194 |
+-------+--------+--------+--------+--------+--------+
     logs:  {'epo': 24, 'R1': 70.582, 'R5': 87.151, 'R10': 91.91, 'mAP': 63.49, 'mINP': 47.194, 'entropy': 0.7417266306124235, 'loss': 2.2550364042583264, 'lr': 4.7451096944398866e-06}
     Epoch[25] Iteration[10/192], entropy: 0.6808, loss: 2.2116, lr: 9.38e-06
     Epoch[25] Iteration[20/192], entropy: 0.7330, loss: 2.2403, lr: 4.06e-06
     Epoch[25] Iteration[30/192], entropy: 0.6716, loss: 2.1584, lr: 3.94e-08
     Epoch[25] Iteration[40/192], entropy: 0.6377, loss: 2.1200, lr: 2.87e-06
     Epoch[25] Iteration[50/192], entropy: 0.7904, loss: 2.3261, lr: 8.64e-06
     Epoch[25] Iteration[60/192], entropy: 0.7944, loss: 2.3744, lr: 9.38e-06
     Epoch[25] Iteration[70/192], entropy: 0.7085, loss: 2.1900, lr: 4.06e-06
     Epoch[25] Iteration[80/192], entropy: 0.7614, loss: 2.2911, lr: 3.94e-08
     Epoch[25] Iteration[90/192], entropy: 0.7465, loss: 2.2485, lr: 2.87e-06
     Epoch[25] Iteration[100/192], entropy: 0.6984, loss: 2.2128, lr: 8.64e-06
     Epoch[25] Iteration[110/192], entropy: 0.6813, loss: 2.1887, lr: 9.38e-06
     Epoch[25] Iteration[120/192], entropy: 0.7490, loss: 2.2114, lr: 4.06e-06
     Epoch[25] Iteration[130/192], entropy: 0.7334, loss: 2.1937, lr: 3.94e-08
     Epoch[25] Iteration[140/192], entropy: 0.7234, loss: 2.2282, lr: 2.87e-06
     Epoch[25] Iteration[150/192], entropy: 0.7062, loss: 2.2118, lr: 8.64e-06
     Epoch[25] Iteration[160/192], entropy: 0.6670, loss: 2.1917, lr: 9.38e-06
     Epoch[25] Iteration[170/192], entropy: 0.7683, loss: 2.3507, lr: 4.06e-06
     Epoch[25] Iteration[180/192], entropy: 0.6470, loss: 2.0943, lr: 3.94e-08
     Epoch[25] Iteration[190/192], entropy: 0.7897, loss: 2.2156, lr: 2.87e-06
     Averaged stats: entropy: 0.7235, loss: 2.2409, lr: 4.06e-06
     itm tta time 0:00:28
### TTA Eval Score: 
+-------+--------+--------+--------+--------+--------+
| epoch |   R1   |   R5   |  R10   |  mAP   |  mINP  |
+-------+--------+--------+--------+--------+--------+
|  -999 | 70.598 | 86.891 | 91.780 | 63.391 | 47.063 |
|   0   | 70.647 | 86.923 | 91.829 | 63.398 | 47.057 |
|   1   | 70.695 | 86.972 | 91.845 | 63.421 | 47.074 |
|   2   | 70.679 | 86.956 | 91.894 | 63.424 | 47.084 |
|   3   | 70.728 | 86.956 | 91.894 | 63.450 | 47.105 |
|   4   | 70.744 | 87.005 | 91.959 | 63.450 | 47.106 |
|   5   | 70.825 | 87.021 | 91.959 | 63.473 | 47.116 |
|   6   | 70.793 | 87.102 | 91.975 | 63.490 | 47.142 |
|   7   | 70.776 | 87.070 | 91.975 | 63.474 | 47.144 |
|   8   | 70.744 | 87.070 | 91.992 | 63.469 | 47.146 |
|   9   | 70.776 | 87.070 | 91.975 | 63.475 | 47.144 |
|   10  | 70.760 | 87.118 | 92.008 | 63.471 | 47.147 |
|   11  | 70.760 | 87.151 | 92.008 | 63.464 | 47.163 |
|   12  | 70.760 | 87.183 | 91.992 | 63.471 | 47.161 |
|   13  | 70.728 | 87.167 | 92.024 | 63.476 | 47.177 |
|   14  | 70.744 | 87.151 | 92.024 | 63.488 | 47.188 |
|   15  | 70.679 | 87.118 | 91.975 | 63.483 | 47.185 |
|   16  | 70.630 | 87.135 | 91.959 | 63.486 | 47.190 |
|   17  | 70.663 | 87.135 | 91.959 | 63.490 | 47.195 |
|   18  | 70.679 | 87.135 | 91.975 | 63.501 | 47.208 |
|   19  | 70.614 | 87.135 | 91.975 | 63.502 | 47.219 |
|   20  | 70.630 | 87.102 | 91.975 | 63.499 | 47.221 |
|   21  | 70.598 | 87.118 | 91.927 | 63.487 | 47.220 |
|   22  | 70.614 | 87.151 | 91.910 | 63.489 | 47.198 |
|   23  | 70.647 | 87.151 | 91.927 | 63.496 | 47.202 |
|   24  | 70.582 | 87.151 | 91.910 | 63.490 | 47.194 |
|   25  | 70.630 | 87.135 | 91.878 | 63.498 | 47.216 |
+-------+--------+--------+--------+--------+--------+
     logs:  {'epo': 25, 'R1': 70.63, 'R5': 87.135, 'R10': 91.878, 'mAP': 63.498, 'mINP': 47.216, 'entropy': 0.720408841183311, 'loss': 2.224173432902286, 'lr': 4.8081661506786e-06}
     Epoch[26] Iteration[10/192], entropy: 0.7075, loss: 2.2197, lr: 9.38e-06
     Epoch[26] Iteration[20/192], entropy: 1.0002, loss: 2.5468, lr: 8.64e-06
     Epoch[26] Iteration[30/192], entropy: 0.7227, loss: 2.2837, lr: 2.87e-06
     Epoch[26] Iteration[40/192], entropy: 0.8286, loss: 2.3753, lr: 3.94e-08
     Epoch[26] Iteration[50/192], entropy: 0.8011, loss: 2.3898, lr: 4.06e-06
     Epoch[26] Iteration[60/192], entropy: 0.7688, loss: 2.3153, lr: 9.38e-06
     Epoch[26] Iteration[70/192], entropy: 0.6076, loss: 2.1410, lr: 8.64e-06
     Epoch[26] Iteration[80/192], entropy: 0.7337, loss: 2.2594, lr: 2.87e-06
     Epoch[26] Iteration[90/192], entropy: 0.7237, loss: 2.2792, lr: 3.94e-08
     Epoch[26] Iteration[100/192], entropy: 0.6368, loss: 2.1541, lr: 4.06e-06
     Epoch[26] Iteration[110/192], entropy: 0.7771, loss: 2.3002, lr: 9.38e-06
     Epoch[26] Iteration[120/192], entropy: 0.7573, loss: 2.2442, lr: 8.64e-06
     Epoch[26] Iteration[130/192], entropy: 0.6587, loss: 2.1598, lr: 2.87e-06
     Epoch[26] Iteration[140/192], entropy: 0.7825, loss: 2.3212, lr: 3.94e-08
     Epoch[26] Iteration[150/192], entropy: 0.7333, loss: 2.2730, lr: 4.06e-06
     Epoch[26] Iteration[160/192], entropy: 0.8322, loss: 2.4039, lr: 9.38e-06
     Epoch[26] Iteration[170/192], entropy: 0.7995, loss: 2.3285, lr: 8.64e-06
     Epoch[26] Iteration[180/192], entropy: 0.6884, loss: 2.1030, lr: 2.87e-06
     Epoch[26] Iteration[190/192], entropy: 0.7479, loss: 2.2233, lr: 3.94e-08
     Averaged stats: entropy: 0.6870, loss: 2.2480, lr: 3.51e-07
     itm tta time 0:00:28
### TTA Eval Score: 
+-------+--------+--------+--------+--------+--------+
| epoch |   R1   |   R5   |  R10   |  mAP   |  mINP  |
+-------+--------+--------+--------+--------+--------+
|  -999 | 70.598 | 86.891 | 91.780 | 63.391 | 47.063 |
|   0   | 70.647 | 86.923 | 91.829 | 63.398 | 47.057 |
|   1   | 70.695 | 86.972 | 91.845 | 63.421 | 47.074 |
|   2   | 70.679 | 86.956 | 91.894 | 63.424 | 47.084 |
|   3   | 70.728 | 86.956 | 91.894 | 63.450 | 47.105 |
|   4   | 70.744 | 87.005 | 91.959 | 63.450 | 47.106 |
|   5   | 70.825 | 87.021 | 91.959 | 63.473 | 47.116 |
|   6   | 70.793 | 87.102 | 91.975 | 63.490 | 47.142 |
|   7   | 70.776 | 87.070 | 91.975 | 63.474 | 47.144 |
|   8   | 70.744 | 87.070 | 91.992 | 63.469 | 47.146 |
|   9   | 70.776 | 87.070 | 91.975 | 63.475 | 47.144 |
|   10  | 70.760 | 87.118 | 92.008 | 63.471 | 47.147 |
|   11  | 70.760 | 87.151 | 92.008 | 63.464 | 47.163 |
|   12  | 70.760 | 87.183 | 91.992 | 63.471 | 47.161 |
|   13  | 70.728 | 87.167 | 92.024 | 63.476 | 47.177 |
|   14  | 70.744 | 87.151 | 92.024 | 63.488 | 47.188 |
|   15  | 70.679 | 87.118 | 91.975 | 63.483 | 47.185 |
|   16  | 70.630 | 87.135 | 91.959 | 63.486 | 47.190 |
|   17  | 70.663 | 87.135 | 91.959 | 63.490 | 47.195 |
|   18  | 70.679 | 87.135 | 91.975 | 63.501 | 47.208 |
|   19  | 70.614 | 87.135 | 91.975 | 63.502 | 47.219 |
|   20  | 70.630 | 87.102 | 91.975 | 63.499 | 47.221 |
|   21  | 70.598 | 87.118 | 91.927 | 63.487 | 47.220 |
|   22  | 70.614 | 87.151 | 91.910 | 63.489 | 47.198 |
|   23  | 70.647 | 87.151 | 91.927 | 63.496 | 47.202 |
|   24  | 70.582 | 87.151 | 91.910 | 63.490 | 47.194 |
|   25  | 70.630 | 87.135 | 91.878 | 63.498 | 47.216 |
|   26  | 70.647 | 87.151 | 91.878 | 63.493 | 47.208 |
+-------+--------+--------+--------+--------+--------+
     logs:  {'epo': 26, 'R1': 70.647, 'R5': 87.151, 'R10': 91.878, 'mAP': 63.493, 'mINP': 47.208, 'entropy': 0.7530368095950076, 'loss': 2.280076365721853, 'lr': 5.049310872259427e-06}
     Epoch[27] Iteration[10/192], entropy: 0.8173, loss: 2.3490, lr: 5.31e-06
     Epoch[27] Iteration[20/192], entropy: 0.8091, loss: 2.3568, lr: 9.84e-06
     Epoch[27] Iteration[30/192], entropy: 0.7272, loss: 2.2968, lr: 7.68e-06
     Epoch[27] Iteration[40/192], entropy: 0.6660, loss: 2.1574, lr: 1.81e-06
     Epoch[27] Iteration[50/192], entropy: 0.8231, loss: 2.3477, lr: 3.51e-07
     Epoch[27] Iteration[60/192], entropy: 0.7024, loss: 2.2348, lr: 5.31e-06
     Epoch[27] Iteration[70/192], entropy: 0.8225, loss: 2.3476, lr: 9.84e-06
     Epoch[27] Iteration[80/192], entropy: 0.7441, loss: 2.2718, lr: 7.68e-06
     Epoch[27] Iteration[90/192], entropy: 0.7924, loss: 2.3826, lr: 1.81e-06
     Epoch[27] Iteration[100/192], entropy: 0.7403, loss: 2.2420, lr: 3.51e-07
     Epoch[27] Iteration[110/192], entropy: 0.7584, loss: 2.2686, lr: 5.31e-06
     Epoch[27] Iteration[120/192], entropy: 0.5848, loss: 2.0447, lr: 9.84e-06
     Epoch[27] Iteration[130/192], entropy: 0.8311, loss: 2.3694, lr: 7.68e-06
     Epoch[27] Iteration[140/192], entropy: 0.6959, loss: 2.1747, lr: 1.81e-06
     Epoch[27] Iteration[150/192], entropy: 0.6535, loss: 2.1579, lr: 3.51e-07
     Epoch[27] Iteration[160/192], entropy: 0.7317, loss: 2.3104, lr: 5.31e-06
     Epoch[27] Iteration[170/192], entropy: 0.6599, loss: 2.1875, lr: 9.84e-06
     Epoch[27] Iteration[180/192], entropy: 0.6495, loss: 2.1393, lr: 7.68e-06
     Epoch[27] Iteration[190/192], entropy: 0.8449, loss: 2.3971, lr: 1.81e-06
     Averaged stats: entropy: 0.6360, loss: 2.1311, lr: 9.55e-07
     itm tta time 0:00:28
### TTA Eval Score: 
+-------+--------+--------+--------+--------+--------+
| epoch |   R1   |   R5   |  R10   |  mAP   |  mINP  |
+-------+--------+--------+--------+--------+--------+
|  -999 | 70.598 | 86.891 | 91.780 | 63.391 | 47.063 |
|   0   | 70.647 | 86.923 | 91.829 | 63.398 | 47.057 |
|   1   | 70.695 | 86.972 | 91.845 | 63.421 | 47.074 |
|   2   | 70.679 | 86.956 | 91.894 | 63.424 | 47.084 |
|   3   | 70.728 | 86.956 | 91.894 | 63.450 | 47.105 |
|   4   | 70.744 | 87.005 | 91.959 | 63.450 | 47.106 |
|   5   | 70.825 | 87.021 | 91.959 | 63.473 | 47.116 |
|   6   | 70.793 | 87.102 | 91.975 | 63.490 | 47.142 |
|   7   | 70.776 | 87.070 | 91.975 | 63.474 | 47.144 |
|   8   | 70.744 | 87.070 | 91.992 | 63.469 | 47.146 |
|   9   | 70.776 | 87.070 | 91.975 | 63.475 | 47.144 |
|   10  | 70.760 | 87.118 | 92.008 | 63.471 | 47.147 |
|   11  | 70.760 | 87.151 | 92.008 | 63.464 | 47.163 |
|   12  | 70.760 | 87.183 | 91.992 | 63.471 | 47.161 |
|   13  | 70.728 | 87.167 | 92.024 | 63.476 | 47.177 |
|   14  | 70.744 | 87.151 | 92.024 | 63.488 | 47.188 |
|   15  | 70.679 | 87.118 | 91.975 | 63.483 | 47.185 |
|   16  | 70.630 | 87.135 | 91.959 | 63.486 | 47.190 |
|   17  | 70.663 | 87.135 | 91.959 | 63.490 | 47.195 |
|   18  | 70.679 | 87.135 | 91.975 | 63.501 | 47.208 |
|   19  | 70.614 | 87.135 | 91.975 | 63.502 | 47.219 |
|   20  | 70.630 | 87.102 | 91.975 | 63.499 | 47.221 |
|   21  | 70.598 | 87.118 | 91.927 | 63.487 | 47.220 |
|   22  | 70.614 | 87.151 | 91.910 | 63.489 | 47.198 |
|   23  | 70.647 | 87.151 | 91.927 | 63.496 | 47.202 |
|   24  | 70.582 | 87.151 | 91.910 | 63.490 | 47.194 |
|   25  | 70.630 | 87.135 | 91.878 | 63.498 | 47.216 |
|   26  | 70.647 | 87.151 | 91.878 | 63.493 | 47.208 |
|   27  | 70.630 | 87.248 | 91.878 | 63.486 | 47.212 |
+-------+--------+--------+--------+--------+--------+
     logs:  {'epo': 27, 'R1': 70.63, 'R5': 87.248, 'R10': 91.878, 'mAP': 63.486, 'mINP': 47.212, 'entropy': 0.7396852530931172, 'loss': 2.2650565975590755, 'lr': 5.24467802260223e-06}
     Epoch[28] Iteration[10/192], entropy: 0.7721, loss: 2.2761, lr: 9.55e-07
     Epoch[28] Iteration[20/192], entropy: 0.8394, loss: 2.3328, lr: 6.55e-06
     Epoch[28] Iteration[30/192], entropy: 0.7328, loss: 2.3045, lr: 1.00e-05
     Epoch[28] Iteration[40/192], entropy: 0.7601, loss: 2.2743, lr: 6.55e-06
     Epoch[28] Iteration[50/192], entropy: 0.7565, loss: 2.2307, lr: 9.55e-07
     Epoch[28] Iteration[60/192], entropy: 0.7079, loss: 2.2161, lr: 9.55e-07
     Epoch[28] Iteration[70/192], entropy: 0.7686, loss: 2.2961, lr: 6.55e-06
     Epoch[28] Iteration[80/192], entropy: 0.5556, loss: 2.0808, lr: 1.00e-05
     Epoch[28] Iteration[90/192], entropy: 0.5659, loss: 1.9946, lr: 6.55e-06
     Epoch[28] Iteration[100/192], entropy: 0.8025, loss: 2.4280, lr: 9.55e-07
     Epoch[28] Iteration[110/192], entropy: 0.6809, loss: 2.1747, lr: 9.55e-07
     Epoch[28] Iteration[120/192], entropy: 0.8331, loss: 2.3273, lr: 6.55e-06
     Epoch[28] Iteration[130/192], entropy: 0.7492, loss: 2.2625, lr: 1.00e-05
     Epoch[28] Iteration[140/192], entropy: 0.5920, loss: 2.1019, lr: 6.55e-06
     Epoch[28] Iteration[150/192], entropy: 0.7227, loss: 2.2258, lr: 9.55e-07
     Epoch[28] Iteration[160/192], entropy: 0.6210, loss: 2.0923, lr: 9.55e-07
     Epoch[28] Iteration[170/192], entropy: 0.7028, loss: 2.2204, lr: 6.55e-06
     Epoch[28] Iteration[180/192], entropy: 0.6348, loss: 2.2008, lr: 1.00e-05
     Epoch[28] Iteration[190/192], entropy: 0.8275, loss: 2.3956, lr: 6.55e-06
     Averaged stats: entropy: 0.7800, loss: 2.2828, lr: 5.31e-06
     itm tta time 0:00:28
### TTA Eval Score: 
+-------+--------+--------+--------+--------+--------+
| epoch |   R1   |   R5   |  R10   |  mAP   |  mINP  |
+-------+--------+--------+--------+--------+--------+
|  -999 | 70.598 | 86.891 | 91.780 | 63.391 | 47.063 |
|   0   | 70.647 | 86.923 | 91.829 | 63.398 | 47.057 |
|   1   | 70.695 | 86.972 | 91.845 | 63.421 | 47.074 |
|   2   | 70.679 | 86.956 | 91.894 | 63.424 | 47.084 |
|   3   | 70.728 | 86.956 | 91.894 | 63.450 | 47.105 |
|   4   | 70.744 | 87.005 | 91.959 | 63.450 | 47.106 |
|   5   | 70.825 | 87.021 | 91.959 | 63.473 | 47.116 |
|   6   | 70.793 | 87.102 | 91.975 | 63.490 | 47.142 |
|   7   | 70.776 | 87.070 | 91.975 | 63.474 | 47.144 |
|   8   | 70.744 | 87.070 | 91.992 | 63.469 | 47.146 |
|   9   | 70.776 | 87.070 | 91.975 | 63.475 | 47.144 |
|   10  | 70.760 | 87.118 | 92.008 | 63.471 | 47.147 |
|   11  | 70.760 | 87.151 | 92.008 | 63.464 | 47.163 |
|   12  | 70.760 | 87.183 | 91.992 | 63.471 | 47.161 |
|   13  | 70.728 | 87.167 | 92.024 | 63.476 | 47.177 |
|   14  | 70.744 | 87.151 | 92.024 | 63.488 | 47.188 |
|   15  | 70.679 | 87.118 | 91.975 | 63.483 | 47.185 |
|   16  | 70.630 | 87.135 | 91.959 | 63.486 | 47.190 |
|   17  | 70.663 | 87.135 | 91.959 | 63.490 | 47.195 |
|   18  | 70.679 | 87.135 | 91.975 | 63.501 | 47.208 |
|   19  | 70.614 | 87.135 | 91.975 | 63.502 | 47.219 |
|   20  | 70.630 | 87.102 | 91.975 | 63.499 | 47.221 |
|   21  | 70.598 | 87.118 | 91.927 | 63.487 | 47.220 |
|   22  | 70.614 | 87.151 | 91.910 | 63.489 | 47.198 |
|   23  | 70.647 | 87.151 | 91.927 | 63.496 | 47.202 |
|   24  | 70.582 | 87.151 | 91.910 | 63.490 | 47.194 |
|   25  | 70.630 | 87.135 | 91.878 | 63.498 | 47.216 |
|   26  | 70.647 | 87.151 | 91.878 | 63.493 | 47.208 |
|   27  | 70.630 | 87.248 | 91.878 | 63.486 | 47.212 |
|   28  | 70.630 | 87.248 | 91.829 | 63.478 | 47.195 |
+-------+--------+--------+--------+--------+--------+
     logs:  {'epo': 28, 'R1': 70.63, 'R5': 87.248, 'R10': 91.829, 'mAP': 63.478, 'mINP': 47.195, 'entropy': 0.7171243052733572, 'loss': 2.233435643346686, 'lr': 5.212899209045974e-06}
     Epoch[29] Iteration[10/192], entropy: 0.7497, loss: 2.3105, lr: 3.51e-07
     Epoch[29] Iteration[20/192], entropy: 0.7603, loss: 2.3296, lr: 1.81e-06
     Epoch[29] Iteration[30/192], entropy: 0.7130, loss: 2.2043, lr: 7.68e-06
     Epoch[29] Iteration[40/192], entropy: 0.7350, loss: 2.2661, lr: 9.84e-06
     Epoch[29] Iteration[50/192], entropy: 0.7776, loss: 2.3113, lr: 5.31e-06
     Epoch[29] Iteration[60/192], entropy: 0.8599, loss: 2.4523, lr: 3.51e-07
     Epoch[29] Iteration[70/192], entropy: 0.7710, loss: 2.3166, lr: 1.81e-06
     Epoch[29] Iteration[80/192], entropy: 0.8432, loss: 2.4895, lr: 7.68e-06
     Epoch[29] Iteration[90/192], entropy: 0.7685, loss: 2.3152, lr: 9.84e-06
     Epoch[29] Iteration[100/192], entropy: 0.6373, loss: 2.1693, lr: 5.31e-06
     Epoch[29] Iteration[110/192], entropy: 0.8000, loss: 2.3142, lr: 3.51e-07
     Epoch[29] Iteration[120/192], entropy: 0.7799, loss: 2.3343, lr: 1.81e-06
     Epoch[29] Iteration[130/192], entropy: 0.6485, loss: 2.1259, lr: 7.68e-06
     Epoch[29] Iteration[140/192], entropy: 0.7492, loss: 2.1873, lr: 9.84e-06
     Epoch[29] Iteration[150/192], entropy: 0.8041, loss: 2.2884, lr: 5.31e-06
     Epoch[29] Iteration[160/192], entropy: 0.7744, loss: 2.2838, lr: 3.51e-07
     Epoch[29] Iteration[170/192], entropy: 0.6918, loss: 2.2221, lr: 1.81e-06
     Epoch[29] Iteration[180/192], entropy: 0.7427, loss: 2.2324, lr: 7.68e-06
     Epoch[29] Iteration[190/192], entropy: 0.7062, loss: 2.2469, lr: 9.84e-06
     Averaged stats: entropy: 0.6698, loss: 2.1710, lr: 9.38e-06
     itm tta time 0:00:28
### TTA Eval Score: 
+-------+--------+--------+--------+--------+--------+
| epoch |   R1   |   R5   |  R10   |  mAP   |  mINP  |
+-------+--------+--------+--------+--------+--------+
|  -999 | 70.598 | 86.891 | 91.780 | 63.391 | 47.063 |
|   0   | 70.647 | 86.923 | 91.829 | 63.398 | 47.057 |
|   1   | 70.695 | 86.972 | 91.845 | 63.421 | 47.074 |
|   2   | 70.679 | 86.956 | 91.894 | 63.424 | 47.084 |
|   3   | 70.728 | 86.956 | 91.894 | 63.450 | 47.105 |
|   4   | 70.744 | 87.005 | 91.959 | 63.450 | 47.106 |
|   5   | 70.825 | 87.021 | 91.959 | 63.473 | 47.116 |
|   6   | 70.793 | 87.102 | 91.975 | 63.490 | 47.142 |
|   7   | 70.776 | 87.070 | 91.975 | 63.474 | 47.144 |
|   8   | 70.744 | 87.070 | 91.992 | 63.469 | 47.146 |
|   9   | 70.776 | 87.070 | 91.975 | 63.475 | 47.144 |
|   10  | 70.760 | 87.118 | 92.008 | 63.471 | 47.147 |
|   11  | 70.760 | 87.151 | 92.008 | 63.464 | 47.163 |
|   12  | 70.760 | 87.183 | 91.992 | 63.471 | 47.161 |
|   13  | 70.728 | 87.167 | 92.024 | 63.476 | 47.177 |
|   14  | 70.744 | 87.151 | 92.024 | 63.488 | 47.188 |
|   15  | 70.679 | 87.118 | 91.975 | 63.483 | 47.185 |
|   16  | 70.630 | 87.135 | 91.959 | 63.486 | 47.190 |
|   17  | 70.663 | 87.135 | 91.959 | 63.490 | 47.195 |
|   18  | 70.679 | 87.135 | 91.975 | 63.501 | 47.208 |
|   19  | 70.614 | 87.135 | 91.975 | 63.502 | 47.219 |
|   20  | 70.630 | 87.102 | 91.975 | 63.499 | 47.221 |
|   21  | 70.598 | 87.118 | 91.927 | 63.487 | 47.220 |
|   22  | 70.614 | 87.151 | 91.910 | 63.489 | 47.198 |
|   23  | 70.647 | 87.151 | 91.927 | 63.496 | 47.202 |
|   24  | 70.582 | 87.151 | 91.910 | 63.490 | 47.194 |
|   25  | 70.630 | 87.135 | 91.878 | 63.498 | 47.216 |
|   26  | 70.647 | 87.151 | 91.878 | 63.493 | 47.208 |
|   27  | 70.630 | 87.248 | 91.878 | 63.486 | 47.212 |
|   28  | 70.630 | 87.248 | 91.829 | 63.478 | 47.195 |
|   29  | 70.630 | 87.281 | 91.829 | 63.473 | 47.175 |
+-------+--------+--------+--------+--------+--------+
     logs:  {'epo': 29, 'R1': 70.63, 'R5': 87.281, 'R10': 91.829, 'mAP': 63.473, 'mINP': 47.175, 'entropy': 0.7532802694722226, 'loss': 2.2841958874150325, 'lr': 4.9834761790712904e-06}
### best epoch 5 : {'epo': '5', 'R1': '70.825', 'R5': '87.021', 'R10': '91.959', 'mAP': '63.473', 'mINP': '47.116', 'entropy': '0.7469703272769326', 'loss': '2.250371242824354', 'lr': '4.787100790953937e-06'}
### Time 0:18:22
