/home/user/yc57963/miniconda3/envs/irra/lib/python3.9/site-packages/torch/utils/data/dataloader.py:627: UserWarning: This DataLoader will create 8 worker processes in total. Our suggested max number of worker in current system is 2, which is smaller than what this DataLoader is going to create. Please be aware that excessive worker creation might get DataLoader running slow or even freeze, lower the worker number to avoid potential slowness/freeze if necessary.
  warnings.warn(
Not using distributed mode
### Hyper-parameters:
     output_dir: output_rerun2/ham_icfg_tta/exp7/exp7.3.2/2025091603030
     seed: 42
     device: cuda
     batch_size_tta: 32
     epochs: 10
     lr: 0.0001
### Creating test dataset
     test_txt_set: 19848    test_img_set: 19848
     test_txt_loader: 39    test_img_loader: 39
### Creating model
Training Model with ['sdm', 'id', 'mlm'] tasks
Resized position embedding from size:torch.Size([1, 197, 768]) to size: torch.Size([1, 193, 768]) with height:24 width: 8
     Total Params Sum:  190482206
### Zero-Shot Score: 
/home/user/yc57963/miniconda3/envs/irra/lib/python3.9/site-packages/torch/utils/data/dataloader.py:627: UserWarning: This DataLoader will create 4 worker processes in total. Our suggested max number of worker in current system is 2, which is smaller than what this DataLoader is going to create. Please be aware that excessive worker creation might get DataLoader running slow or even freeze, lower the worker number to avoid potential slowness/freeze if necessary.
  warnings.warn(
/home/user/yc57963/task/IRRA/tta.py:281: FutureWarning: `torch.cuda.amp.GradScaler(args...)` is deprecated. Please use `torch.amp.GradScaler('cuda', args...)` instead.
  scaler = GradScaler()  # bf16
+-------+--------+--------+--------+--------+-------+
| epoch |   R1   |   R5   |  R10   |  mAP   |  mINP |
+-------+--------+--------+--------+--------+-------+
|  -999 | 60.661 | 77.509 | 83.263 | 35.544 | 6.006 |
+-------+--------+--------+--------+--------+-------+
### TTA:
### Compute Cos Similarity Uncertainty
     preprocess_tta_coefficients  start
     sample selection ...
     number of sample after sample_selection: 15903
     uncertainty ...
     pos/neg sampling ...
      number of sample after pos/neg sampling: torch.Size([19848, 4])
     preprocess_tta_coefficients  end
### Creating TTA dataset
     tta_dataset: 15903
### Creating tta dataloader
### be careful: func create_loader returns a list length of 1
     tta_loader: 496
### Configure adapted weights
     TTA Dropout Modules: 
 []
     TTA Require Gradient Params: 
 [('base_model.transformer.resblocks.1.ln_1.weight', torch.Size([512])), ('base_model.transformer.resblocks.1.ln_1.bias', torch.Size([512])), ('base_model.transformer.resblocks.1.ln_2.weight', torch.Size([512])), ('base_model.transformer.resblocks.1.ln_2.bias', torch.Size([512])), ('base_model.transformer.resblocks.2.ln_1.weight', torch.Size([512])), ('base_model.transformer.resblocks.2.ln_1.bias', torch.Size([512])), ('base_model.transformer.resblocks.2.ln_2.weight', torch.Size([512])), ('base_model.transformer.resblocks.2.ln_2.bias', torch.Size([512])), ('base_model.transformer.resblocks.3.ln_1.weight', torch.Size([512])), ('base_model.transformer.resblocks.3.ln_1.bias', torch.Size([512])), ('base_model.transformer.resblocks.3.ln_2.weight', torch.Size([512])), ('base_model.transformer.resblocks.3.ln_2.bias', torch.Size([512])), ('base_model.transformer.resblocks.4.ln_1.weight', torch.Size([512])), ('base_model.transformer.resblocks.4.ln_1.bias', torch.Size([512])), ('base_model.transformer.resblocks.4.ln_2.weight', torch.Size([512])), ('base_model.transformer.resblocks.4.ln_2.bias', torch.Size([512])), ('base_model.transformer.resblocks.5.ln_1.weight', torch.Size([512])), ('base_model.transformer.resblocks.5.ln_1.bias', torch.Size([512])), ('base_model.transformer.resblocks.5.ln_2.weight', torch.Size([512])), ('base_model.transformer.resblocks.5.ln_2.bias', torch.Size([512])), ('base_model.transformer.resblocks.7.ln_1.weight', torch.Size([512])), ('base_model.transformer.resblocks.7.ln_1.bias', torch.Size([512])), ('base_model.transformer.resblocks.7.ln_2.weight', torch.Size([512])), ('base_model.transformer.resblocks.7.ln_2.bias', torch.Size([512])), ('base_model.transformer.resblocks.8.ln_1.weight', torch.Size([512])), ('base_model.transformer.resblocks.8.ln_1.bias', torch.Size([512])), ('base_model.transformer.resblocks.8.ln_2.weight', torch.Size([512])), ('base_model.transformer.resblocks.8.ln_2.bias', torch.Size([512])), ('base_model.transformer.resblocks.9.ln_1.weight', torch.Size([512])), ('base_model.transformer.resblocks.9.ln_1.bias', torch.Size([512])), ('base_model.transformer.resblocks.9.ln_2.weight', torch.Size([512])), ('base_model.transformer.resblocks.9.ln_2.bias', torch.Size([512])), ('base_model.transformer.resblocks.10.ln_1.weight', torch.Size([512])), ('base_model.transformer.resblocks.10.ln_1.bias', torch.Size([512])), ('base_model.transformer.resblocks.10.ln_2.weight', torch.Size([512])), ('base_model.transformer.resblocks.10.ln_2.bias', torch.Size([512])), ('base_model.transformer.resblocks.11.ln_1.weight', torch.Size([512])), ('base_model.transformer.resblocks.11.ln_1.bias', torch.Size([512])), ('base_model.transformer.resblocks.11.ln_2.weight', torch.Size([512])), ('base_model.transformer.resblocks.11.ln_2.bias', torch.Size([512])), ('base_model.ln_final.weight', torch.Size([512])), ('base_model.ln_final.bias', torch.Size([512]))]
     TTA Dropout Modules Number: 
 0
     TTA Require Gradient Params Sum: 
 21504
Using 5.0 times learning rate for random init module 
### Start Test Time Adaptation : num_epoch = 10
/home/user/yc57963/task/IRRA/tta.py:67: FutureWarning: `torch.cuda.amp.autocast(args...)` is deprecated. Please use `torch.amp.autocast('cuda', args...)` instead.
  with torch.cuda.amp.autocast(enabled=True):
     Epoch[0] Iteration[10/496], entropy: 0.3876, uncertainty: 1.0000, uncertainty_coeffi: 1.0000, loss: 0.3876, lr: 0.00e+00
     Epoch[0] Iteration[20/496], entropy: 0.2386, uncertainty: 1.0000, uncertainty_coeffi: 1.0000, loss: 0.2386, lr: 0.00e+00
     Epoch[0] Iteration[30/496], entropy: 0.2659, uncertainty: 1.0000, uncertainty_coeffi: 1.0000, loss: 0.2659, lr: 0.00e+00
     Epoch[0] Iteration[40/496], entropy: 0.2653, uncertainty: 1.0000, uncertainty_coeffi: 1.0000, loss: 0.2653, lr: 0.00e+00
     Epoch[0] Iteration[50/496], entropy: 0.3718, uncertainty: 1.0000, uncertainty_coeffi: 1.0000, loss: 0.3718, lr: 0.00e+00
     Epoch[0] Iteration[60/496], entropy: 0.3407, uncertainty: 1.0000, uncertainty_coeffi: 1.0000, loss: 0.3407, lr: 0.00e+00
     Epoch[0] Iteration[70/496], entropy: 0.2395, uncertainty: 1.0000, uncertainty_coeffi: 1.0000, loss: 0.2395, lr: 0.00e+00
     Epoch[0] Iteration[80/496], entropy: 0.3084, uncertainty: 1.0000, uncertainty_coeffi: 1.0000, loss: 0.3084, lr: 0.00e+00
     Epoch[0] Iteration[90/496], entropy: 0.2107, uncertainty: 1.0000, uncertainty_coeffi: 1.0000, loss: 0.2107, lr: 0.00e+00
     Epoch[0] Iteration[100/496], entropy: 0.2658, uncertainty: 1.0000, uncertainty_coeffi: 1.0000, loss: 0.2658, lr: 0.00e+00
     Epoch[0] Iteration[110/496], entropy: 0.3023, uncertainty: 1.0000, uncertainty_coeffi: 1.0000, loss: 0.3023, lr: 0.00e+00
     Epoch[0] Iteration[120/496], entropy: 0.3894, uncertainty: 1.0000, uncertainty_coeffi: 1.0000, loss: 0.3894, lr: 0.00e+00
     Epoch[0] Iteration[130/496], entropy: 0.2354, uncertainty: 1.0000, uncertainty_coeffi: 1.0000, loss: 0.2354, lr: 0.00e+00
     Epoch[0] Iteration[140/496], entropy: 0.2881, uncertainty: 1.0000, uncertainty_coeffi: 1.0000, loss: 0.2881, lr: 0.00e+00
     Epoch[0] Iteration[150/496], entropy: 0.2412, uncertainty: 1.0000, uncertainty_coeffi: 1.0000, loss: 0.2412, lr: 0.00e+00
     Epoch[0] Iteration[160/496], entropy: 0.3332, uncertainty: 1.0000, uncertainty_coeffi: 1.0000, loss: 0.3332, lr: 0.00e+00
     Epoch[0] Iteration[170/496], entropy: 0.2790, uncertainty: 1.0000, uncertainty_coeffi: 1.0000, loss: 0.2790, lr: 0.00e+00
     Epoch[0] Iteration[180/496], entropy: 0.2242, uncertainty: 1.0000, uncertainty_coeffi: 1.0000, loss: 0.2242, lr: 0.00e+00
     Epoch[0] Iteration[190/496], entropy: 0.2421, uncertainty: 1.0000, uncertainty_coeffi: 1.0000, loss: 0.2421, lr: 0.00e+00
     Epoch[0] Iteration[200/496], entropy: 0.2698, uncertainty: 1.0000, uncertainty_coeffi: 1.0000, loss: 0.2698, lr: 0.00e+00
     Epoch[0] Iteration[210/496], entropy: 0.1901, uncertainty: 1.0000, uncertainty_coeffi: 1.0000, loss: 0.1901, lr: 0.00e+00
     Epoch[0] Iteration[220/496], entropy: 0.2724, uncertainty: 1.0000, uncertainty_coeffi: 1.0000, loss: 0.2724, lr: 0.00e+00
     Epoch[0] Iteration[230/496], entropy: 0.2819, uncertainty: 1.0000, uncertainty_coeffi: 1.0000, loss: 0.2819, lr: 0.00e+00
     Epoch[0] Iteration[240/496], entropy: 0.2884, uncertainty: 1.0000, uncertainty_coeffi: 1.0000, loss: 0.2884, lr: 0.00e+00
     Epoch[0] Iteration[250/496], entropy: 0.2779, uncertainty: 1.0000, uncertainty_coeffi: 1.0000, loss: 0.2779, lr: 0.00e+00
     Epoch[0] Iteration[260/496], entropy: 0.2294, uncertainty: 1.0000, uncertainty_coeffi: 1.0000, loss: 0.2294, lr: 0.00e+00
     Epoch[0] Iteration[270/496], entropy: 0.4145, uncertainty: 1.0000, uncertainty_coeffi: 1.0000, loss: 0.4145, lr: 0.00e+00
     Epoch[0] Iteration[280/496], entropy: 0.3070, uncertainty: 1.0000, uncertainty_coeffi: 1.0000, loss: 0.3070, lr: 0.00e+00
     Epoch[0] Iteration[290/496], entropy: 0.2504, uncertainty: 1.0000, uncertainty_coeffi: 1.0000, loss: 0.2504, lr: 0.00e+00
     Epoch[0] Iteration[300/496], entropy: 0.2467, uncertainty: 1.0000, uncertainty_coeffi: 1.0000, loss: 0.2467, lr: 0.00e+00
     Epoch[0] Iteration[310/496], entropy: 0.2206, uncertainty: 1.0000, uncertainty_coeffi: 1.0000, loss: 0.2206, lr: 0.00e+00
     Epoch[0] Iteration[320/496], entropy: 0.2710, uncertainty: 1.0000, uncertainty_coeffi: 1.0000, loss: 0.2710, lr: 0.00e+00
     Epoch[0] Iteration[330/496], entropy: 0.1973, uncertainty: 1.0000, uncertainty_coeffi: 1.0000, loss: 0.1973, lr: 0.00e+00
     Epoch[0] Iteration[340/496], entropy: 0.2580, uncertainty: 1.0000, uncertainty_coeffi: 1.0000, loss: 0.2580, lr: 0.00e+00
     Epoch[0] Iteration[350/496], entropy: 0.2736, uncertainty: 1.0000, uncertainty_coeffi: 1.0000, loss: 0.2736, lr: 0.00e+00
     Epoch[0] Iteration[360/496], entropy: 0.2760, uncertainty: 1.0000, uncertainty_coeffi: 1.0000, loss: 0.2760, lr: 0.00e+00
     Epoch[0] Iteration[370/496], entropy: 0.3100, uncertainty: 1.0000, uncertainty_coeffi: 1.0000, loss: 0.3100, lr: 0.00e+00
     Epoch[0] Iteration[380/496], entropy: 0.2531, uncertainty: 1.0000, uncertainty_coeffi: 1.0000, loss: 0.2531, lr: 0.00e+00
     Epoch[0] Iteration[390/496], entropy: 0.3147, uncertainty: 1.0000, uncertainty_coeffi: 1.0000, loss: 0.3147, lr: 0.00e+00
     Epoch[0] Iteration[400/496], entropy: 0.2222, uncertainty: 1.0000, uncertainty_coeffi: 1.0000, loss: 0.2222, lr: 0.00e+00
     Epoch[0] Iteration[410/496], entropy: 0.2743, uncertainty: 1.0000, uncertainty_coeffi: 1.0000, loss: 0.2743, lr: 0.00e+00
     Epoch[0] Iteration[420/496], entropy: 0.1776, uncertainty: 1.0000, uncertainty_coeffi: 1.0000, loss: 0.1776, lr: 0.00e+00
     Epoch[0] Iteration[430/496], entropy: 0.2174, uncertainty: 1.0000, uncertainty_coeffi: 1.0000, loss: 0.2174, lr: 0.00e+00
     Epoch[0] Iteration[440/496], entropy: 0.2595, uncertainty: 1.0000, uncertainty_coeffi: 1.0000, loss: 0.2595, lr: 0.00e+00
     Epoch[0] Iteration[450/496], entropy: 0.3135, uncertainty: 1.0000, uncertainty_coeffi: 1.0000, loss: 0.3135, lr: 0.00e+00
     Epoch[0] Iteration[460/496], entropy: 0.3475, uncertainty: 1.0000, uncertainty_coeffi: 1.0000, loss: 0.3475, lr: 0.00e+00
     Epoch[0] Iteration[470/496], entropy: 0.2134, uncertainty: 1.0000, uncertainty_coeffi: 1.0000, loss: 0.2134, lr: 0.00e+00
     Epoch[0] Iteration[480/496], entropy: 0.2335, uncertainty: 1.0000, uncertainty_coeffi: 1.0000, loss: 0.2335, lr: 0.00e+00
     Epoch[0] Iteration[490/496], entropy: 0.3444, uncertainty: 1.0000, uncertainty_coeffi: 1.0000, loss: 0.3444, lr: 0.00e+00
     Averaged stats: entropy_avg: 0.2742, uncertainty_avg: 1.0000, uncertainty_coeffi_avg: 1.0000, loss_avg: 0.2742, lr_avg: 0.00e+00
     itm tta time 0:01:30
### TTA Eval Score: 
+-------+--------+--------+--------+--------+-------+
| epoch |   R1   |   R5   |  R10   |  mAP   |  mINP |
+-------+--------+--------+--------+--------+-------+
|  -999 | 60.661 | 77.509 | 83.263 | 35.544 | 6.006 |
|   0   | 61.649 | 77.519 | 83.207 | 36.045 | 6.036 |
+-------+--------+--------+--------+--------+-------+
     logs:  {'epo': 0, 'R1': np.float32(61.649), 'R5': np.float32(77.519), 'R10': np.float32(83.207), 'mAP': np.float32(36.045), 'mINP': np.float32(6.036), 'entropy': 0.27418661664943306, 'uncertainty': 1.0, 'uncertainty_coeffi': 1.0, 'loss': 0.27418661664943306, 'lr': 0.0}
     Epoch[1] Iteration[10/496], entropy: 0.2215, uncertainty: 1.0000, uncertainty_coeffi: 1.0000, loss: 0.2215, lr: 9.05e-05
     Epoch[1] Iteration[20/496], entropy: 0.1797, uncertainty: 1.0000, uncertainty_coeffi: 1.0000, loss: 0.1797, lr: 9.05e-05
     Epoch[1] Iteration[30/496], entropy: 0.2519, uncertainty: 1.0000, uncertainty_coeffi: 1.0000, loss: 0.2519, lr: 9.05e-05
     Epoch[1] Iteration[40/496], entropy: 0.2230, uncertainty: 1.0000, uncertainty_coeffi: 1.0000, loss: 0.2230, lr: 9.05e-05
     Epoch[1] Iteration[50/496], entropy: 0.1963, uncertainty: 1.0000, uncertainty_coeffi: 1.0000, loss: 0.1963, lr: 9.05e-05
     Epoch[1] Iteration[60/496], entropy: 0.1813, uncertainty: 1.0000, uncertainty_coeffi: 1.0000, loss: 0.1813, lr: 9.05e-05
     Epoch[1] Iteration[70/496], entropy: 0.2715, uncertainty: 1.0000, uncertainty_coeffi: 1.0000, loss: 0.2715, lr: 9.05e-05
     Epoch[1] Iteration[80/496], entropy: 0.2379, uncertainty: 1.0000, uncertainty_coeffi: 1.0000, loss: 0.2379, lr: 9.05e-05
     Epoch[1] Iteration[90/496], entropy: 0.2476, uncertainty: 1.0000, uncertainty_coeffi: 1.0000, loss: 0.2476, lr: 9.05e-05
     Epoch[1] Iteration[100/496], entropy: 0.3213, uncertainty: 1.0000, uncertainty_coeffi: 1.0000, loss: 0.3213, lr: 9.05e-05
     Epoch[1] Iteration[110/496], entropy: 0.3062, uncertainty: 1.0000, uncertainty_coeffi: 1.0000, loss: 0.3062, lr: 9.05e-05
     Epoch[1] Iteration[120/496], entropy: 0.3246, uncertainty: 1.0000, uncertainty_coeffi: 1.0000, loss: 0.3246, lr: 9.05e-05
     Epoch[1] Iteration[130/496], entropy: 0.2218, uncertainty: 1.0000, uncertainty_coeffi: 1.0000, loss: 0.2218, lr: 9.05e-05
     Epoch[1] Iteration[140/496], entropy: 0.2886, uncertainty: 1.0000, uncertainty_coeffi: 1.0000, loss: 0.2886, lr: 9.05e-05
     Epoch[1] Iteration[150/496], entropy: 0.2309, uncertainty: 1.0000, uncertainty_coeffi: 1.0000, loss: 0.2309, lr: 9.05e-05
     Epoch[1] Iteration[160/496], entropy: 0.2839, uncertainty: 1.0000, uncertainty_coeffi: 1.0000, loss: 0.2839, lr: 9.05e-05
     Epoch[1] Iteration[170/496], entropy: 0.2626, uncertainty: 1.0000, uncertainty_coeffi: 1.0000, loss: 0.2626, lr: 9.05e-05
     Epoch[1] Iteration[180/496], entropy: 0.2872, uncertainty: 1.0000, uncertainty_coeffi: 1.0000, loss: 0.2872, lr: 9.05e-05
     Epoch[1] Iteration[190/496], entropy: 0.2420, uncertainty: 1.0000, uncertainty_coeffi: 1.0000, loss: 0.2420, lr: 9.05e-05
     Epoch[1] Iteration[200/496], entropy: 0.3000, uncertainty: 1.0000, uncertainty_coeffi: 1.0000, loss: 0.3000, lr: 9.05e-05
     Epoch[1] Iteration[210/496], entropy: 0.2799, uncertainty: 1.0000, uncertainty_coeffi: 1.0000, loss: 0.2799, lr: 9.05e-05
     Epoch[1] Iteration[220/496], entropy: 0.2528, uncertainty: 1.0000, uncertainty_coeffi: 1.0000, loss: 0.2528, lr: 9.05e-05
     Epoch[1] Iteration[230/496], entropy: 0.3270, uncertainty: 1.0000, uncertainty_coeffi: 1.0000, loss: 0.3270, lr: 9.05e-05
     Epoch[1] Iteration[240/496], entropy: 0.2800, uncertainty: 1.0000, uncertainty_coeffi: 1.0000, loss: 0.2800, lr: 9.05e-05
     Epoch[1] Iteration[250/496], entropy: 0.3012, uncertainty: 1.0000, uncertainty_coeffi: 1.0000, loss: 0.3012, lr: 9.05e-05
     Epoch[1] Iteration[260/496], entropy: 0.3092, uncertainty: 1.0000, uncertainty_coeffi: 1.0000, loss: 0.3092, lr: 9.05e-05
     Epoch[1] Iteration[270/496], entropy: 0.3618, uncertainty: 1.0000, uncertainty_coeffi: 1.0000, loss: 0.3618, lr: 9.05e-05
     Epoch[1] Iteration[280/496], entropy: 0.2644, uncertainty: 1.0000, uncertainty_coeffi: 1.0000, loss: 0.2644, lr: 9.05e-05
     Epoch[1] Iteration[290/496], entropy: 0.2170, uncertainty: 1.0000, uncertainty_coeffi: 1.0000, loss: 0.2170, lr: 9.05e-05
     Epoch[1] Iteration[300/496], entropy: 0.2123, uncertainty: 1.0000, uncertainty_coeffi: 1.0000, loss: 0.2123, lr: 9.05e-05
     Epoch[1] Iteration[310/496], entropy: 0.1974, uncertainty: 1.0000, uncertainty_coeffi: 1.0000, loss: 0.1974, lr: 9.05e-05
     Epoch[1] Iteration[320/496], entropy: 0.2416, uncertainty: 1.0000, uncertainty_coeffi: 1.0000, loss: 0.2416, lr: 9.05e-05
     Epoch[1] Iteration[330/496], entropy: 0.2385, uncertainty: 1.0000, uncertainty_coeffi: 1.0000, loss: 0.2385, lr: 9.05e-05
     Epoch[1] Iteration[340/496], entropy: 0.2859, uncertainty: 1.0000, uncertainty_coeffi: 1.0000, loss: 0.2859, lr: 9.05e-05
     Epoch[1] Iteration[350/496], entropy: 0.2388, uncertainty: 1.0000, uncertainty_coeffi: 1.0000, loss: 0.2388, lr: 9.05e-05
     Epoch[1] Iteration[360/496], entropy: 0.3330, uncertainty: 1.0000, uncertainty_coeffi: 1.0000, loss: 0.3330, lr: 9.05e-05
     Epoch[1] Iteration[370/496], entropy: 0.2858, uncertainty: 1.0000, uncertainty_coeffi: 1.0000, loss: 0.2858, lr: 9.05e-05
     Epoch[1] Iteration[380/496], entropy: 0.2480, uncertainty: 1.0000, uncertainty_coeffi: 1.0000, loss: 0.2480, lr: 9.05e-05
     Epoch[1] Iteration[390/496], entropy: 0.1651, uncertainty: 1.0000, uncertainty_coeffi: 1.0000, loss: 0.1651, lr: 9.05e-05
     Epoch[1] Iteration[400/496], entropy: 0.1509, uncertainty: 1.0000, uncertainty_coeffi: 1.0000, loss: 0.1509, lr: 9.05e-05
     Epoch[1] Iteration[410/496], entropy: 0.3524, uncertainty: 1.0000, uncertainty_coeffi: 1.0000, loss: 0.3524, lr: 9.05e-05
     Epoch[1] Iteration[420/496], entropy: 0.3006, uncertainty: 1.0000, uncertainty_coeffi: 1.0000, loss: 0.3006, lr: 9.05e-05
     Epoch[1] Iteration[430/496], entropy: 0.2604, uncertainty: 1.0000, uncertainty_coeffi: 1.0000, loss: 0.2604, lr: 9.05e-05
     Epoch[1] Iteration[440/496], entropy: 0.2864, uncertainty: 1.0000, uncertainty_coeffi: 1.0000, loss: 0.2864, lr: 9.05e-05
     Epoch[1] Iteration[450/496], entropy: 0.2523, uncertainty: 1.0000, uncertainty_coeffi: 1.0000, loss: 0.2523, lr: 9.05e-05
     Epoch[1] Iteration[460/496], entropy: 0.2378, uncertainty: 1.0000, uncertainty_coeffi: 1.0000, loss: 0.2378, lr: 9.05e-05
     Epoch[1] Iteration[470/496], entropy: 0.2314, uncertainty: 1.0000, uncertainty_coeffi: 1.0000, loss: 0.2314, lr: 9.05e-05
     Epoch[1] Iteration[480/496], entropy: 0.1698, uncertainty: 1.0000, uncertainty_coeffi: 1.0000, loss: 0.1698, lr: 9.05e-05
     Epoch[1] Iteration[490/496], entropy: 0.2624, uncertainty: 1.0000, uncertainty_coeffi: 1.0000, loss: 0.2624, lr: 9.05e-05
     Averaged stats: entropy_avg: 0.2576, uncertainty_avg: 1.0000, uncertainty_coeffi_avg: 1.0000, loss_avg: 0.2576, lr_avg: 9.05e-05
     itm tta time 0:01:26
### TTA Eval Score: 
+-------+--------+--------+--------+--------+-------+
| epoch |   R1   |   R5   |  R10   |  mAP   |  mINP |
+-------+--------+--------+--------+--------+-------+
|  -999 | 60.661 | 77.509 | 83.263 | 35.544 | 6.006 |
|   0   | 61.649 | 77.519 | 83.207 | 36.045 | 6.036 |
|   1   | 61.870 | 77.529 | 83.066 | 36.075 | 6.027 |
+-------+--------+--------+--------+--------+-------+
     logs:  {'epo': 1, 'R1': np.float32(61.87), 'R5': np.float32(77.529), 'R10': np.float32(83.066), 'mAP': np.float32(36.075), 'mINP': np.float32(6.027), 'entropy': 0.2576296232184585, 'uncertainty': 1.0, 'uncertainty_coeffi': 1.0, 'loss': 0.2576296232184585, 'lr': 9.045084971874863e-05}
     Epoch[2] Iteration[10/496], entropy: 0.3525, uncertainty: 1.0000, uncertainty_coeffi: 1.0000, loss: 0.3525, lr: 3.45e-05
     Epoch[2] Iteration[20/496], entropy: 0.2201, uncertainty: 1.0000, uncertainty_coeffi: 1.0000, loss: 0.2201, lr: 3.45e-05
     Epoch[2] Iteration[30/496], entropy: 0.3259, uncertainty: 1.0000, uncertainty_coeffi: 1.0000, loss: 0.3259, lr: 3.45e-05
     Epoch[2] Iteration[40/496], entropy: 0.3051, uncertainty: 1.0000, uncertainty_coeffi: 1.0000, loss: 0.3051, lr: 3.45e-05
     Epoch[2] Iteration[50/496], entropy: 0.2326, uncertainty: 1.0000, uncertainty_coeffi: 1.0000, loss: 0.2326, lr: 3.45e-05
     Epoch[2] Iteration[60/496], entropy: 0.2505, uncertainty: 1.0000, uncertainty_coeffi: 1.0000, loss: 0.2505, lr: 3.45e-05
     Epoch[2] Iteration[70/496], entropy: 0.2954, uncertainty: 1.0000, uncertainty_coeffi: 1.0000, loss: 0.2954, lr: 3.45e-05
     Epoch[2] Iteration[80/496], entropy: 0.2645, uncertainty: 1.0000, uncertainty_coeffi: 1.0000, loss: 0.2645, lr: 3.45e-05
     Epoch[2] Iteration[90/496], entropy: 0.2345, uncertainty: 1.0000, uncertainty_coeffi: 1.0000, loss: 0.2345, lr: 3.45e-05
     Epoch[2] Iteration[100/496], entropy: 0.3542, uncertainty: 1.0000, uncertainty_coeffi: 1.0000, loss: 0.3542, lr: 3.45e-05
     Epoch[2] Iteration[110/496], entropy: 0.2834, uncertainty: 1.0000, uncertainty_coeffi: 1.0000, loss: 0.2834, lr: 3.45e-05
     Epoch[2] Iteration[120/496], entropy: 0.2696, uncertainty: 1.0000, uncertainty_coeffi: 1.0000, loss: 0.2696, lr: 3.45e-05
     Epoch[2] Iteration[130/496], entropy: 0.2832, uncertainty: 1.0000, uncertainty_coeffi: 1.0000, loss: 0.2832, lr: 3.45e-05
     Epoch[2] Iteration[140/496], entropy: 0.2716, uncertainty: 1.0000, uncertainty_coeffi: 1.0000, loss: 0.2716, lr: 3.45e-05
     Epoch[2] Iteration[150/496], entropy: 0.1666, uncertainty: 1.0000, uncertainty_coeffi: 1.0000, loss: 0.1666, lr: 3.45e-05
     Epoch[2] Iteration[160/496], entropy: 0.2279, uncertainty: 1.0000, uncertainty_coeffi: 1.0000, loss: 0.2279, lr: 3.45e-05
     Epoch[2] Iteration[170/496], entropy: 0.2351, uncertainty: 1.0000, uncertainty_coeffi: 1.0000, loss: 0.2351, lr: 3.45e-05
     Epoch[2] Iteration[180/496], entropy: 0.2675, uncertainty: 1.0000, uncertainty_coeffi: 1.0000, loss: 0.2675, lr: 3.45e-05
     Epoch[2] Iteration[190/496], entropy: 0.2278, uncertainty: 1.0000, uncertainty_coeffi: 1.0000, loss: 0.2278, lr: 3.45e-05
     Epoch[2] Iteration[200/496], entropy: 0.3298, uncertainty: 1.0000, uncertainty_coeffi: 1.0000, loss: 0.3298, lr: 3.45e-05
     Epoch[2] Iteration[210/496], entropy: 0.2541, uncertainty: 1.0000, uncertainty_coeffi: 1.0000, loss: 0.2541, lr: 3.45e-05
     Epoch[2] Iteration[220/496], entropy: 0.3064, uncertainty: 1.0000, uncertainty_coeffi: 1.0000, loss: 0.3064, lr: 3.45e-05
     Epoch[2] Iteration[230/496], entropy: 0.2276, uncertainty: 1.0000, uncertainty_coeffi: 1.0000, loss: 0.2276, lr: 3.45e-05
     Epoch[2] Iteration[240/496], entropy: 0.2700, uncertainty: 1.0000, uncertainty_coeffi: 1.0000, loss: 0.2700, lr: 3.45e-05
     Epoch[2] Iteration[250/496], entropy: 0.2559, uncertainty: 1.0000, uncertainty_coeffi: 1.0000, loss: 0.2559, lr: 3.45e-05
     Epoch[2] Iteration[260/496], entropy: 0.2794, uncertainty: 1.0000, uncertainty_coeffi: 1.0000, loss: 0.2794, lr: 3.45e-05
     Epoch[2] Iteration[270/496], entropy: 0.2690, uncertainty: 1.0000, uncertainty_coeffi: 1.0000, loss: 0.2690, lr: 3.45e-05
     Epoch[2] Iteration[280/496], entropy: 0.2853, uncertainty: 1.0000, uncertainty_coeffi: 1.0000, loss: 0.2853, lr: 3.45e-05
     Epoch[2] Iteration[290/496], entropy: 0.3573, uncertainty: 1.0000, uncertainty_coeffi: 1.0000, loss: 0.3573, lr: 3.45e-05
     Epoch[2] Iteration[300/496], entropy: 0.2803, uncertainty: 1.0000, uncertainty_coeffi: 1.0000, loss: 0.2803, lr: 3.45e-05
     Epoch[2] Iteration[310/496], entropy: 0.2471, uncertainty: 1.0000, uncertainty_coeffi: 1.0000, loss: 0.2471, lr: 3.45e-05
     Epoch[2] Iteration[320/496], entropy: 0.2737, uncertainty: 1.0000, uncertainty_coeffi: 1.0000, loss: 0.2737, lr: 3.45e-05
     Epoch[2] Iteration[330/496], entropy: 0.1802, uncertainty: 1.0000, uncertainty_coeffi: 1.0000, loss: 0.1802, lr: 3.45e-05
     Epoch[2] Iteration[340/496], entropy: 0.2900, uncertainty: 1.0000, uncertainty_coeffi: 1.0000, loss: 0.2900, lr: 3.45e-05
     Epoch[2] Iteration[350/496], entropy: 0.2994, uncertainty: 1.0000, uncertainty_coeffi: 1.0000, loss: 0.2994, lr: 3.45e-05
     Epoch[2] Iteration[360/496], entropy: 0.2213, uncertainty: 1.0000, uncertainty_coeffi: 1.0000, loss: 0.2213, lr: 3.45e-05
     Epoch[2] Iteration[370/496], entropy: 0.2468, uncertainty: 1.0000, uncertainty_coeffi: 1.0000, loss: 0.2468, lr: 3.45e-05
     Epoch[2] Iteration[380/496], entropy: 0.3187, uncertainty: 1.0000, uncertainty_coeffi: 1.0000, loss: 0.3187, lr: 3.45e-05
     Epoch[2] Iteration[390/496], entropy: 0.2286, uncertainty: 1.0000, uncertainty_coeffi: 1.0000, loss: 0.2286, lr: 3.45e-05
     Epoch[2] Iteration[400/496], entropy: 0.2098, uncertainty: 1.0000, uncertainty_coeffi: 1.0000, loss: 0.2098, lr: 3.45e-05
     Epoch[2] Iteration[410/496], entropy: 0.3274, uncertainty: 1.0000, uncertainty_coeffi: 1.0000, loss: 0.3274, lr: 3.45e-05
     Epoch[2] Iteration[420/496], entropy: 0.3148, uncertainty: 1.0000, uncertainty_coeffi: 1.0000, loss: 0.3148, lr: 3.45e-05
     Epoch[2] Iteration[430/496], entropy: 0.3186, uncertainty: 1.0000, uncertainty_coeffi: 1.0000, loss: 0.3186, lr: 3.45e-05
     Epoch[2] Iteration[440/496], entropy: 0.2556, uncertainty: 1.0000, uncertainty_coeffi: 1.0000, loss: 0.2556, lr: 3.45e-05
     Epoch[2] Iteration[450/496], entropy: 0.1723, uncertainty: 1.0000, uncertainty_coeffi: 1.0000, loss: 0.1723, lr: 3.45e-05
     Epoch[2] Iteration[460/496], entropy: 0.2221, uncertainty: 1.0000, uncertainty_coeffi: 1.0000, loss: 0.2221, lr: 3.45e-05
     Epoch[2] Iteration[470/496], entropy: 0.1545, uncertainty: 1.0000, uncertainty_coeffi: 1.0000, loss: 0.1545, lr: 3.45e-05
     Epoch[2] Iteration[480/496], entropy: 0.2314, uncertainty: 1.0000, uncertainty_coeffi: 1.0000, loss: 0.2314, lr: 3.45e-05
     Epoch[2] Iteration[490/496], entropy: 0.2851, uncertainty: 1.0000, uncertainty_coeffi: 1.0000, loss: 0.2851, lr: 3.45e-05
     Averaged stats: entropy_avg: 0.2649, uncertainty_avg: 1.0000, uncertainty_coeffi_avg: 1.0000, loss_avg: 0.2649, lr_avg: 3.45e-05
     itm tta time 0:01:25
### TTA Eval Score: 
+-------+--------+--------+--------+--------+-------+
| epoch |   R1   |   R5   |  R10   |  mAP   |  mINP |
+-------+--------+--------+--------+--------+-------+
|  -999 | 60.661 | 77.509 | 83.263 | 35.544 | 6.006 |
|   0   | 61.649 | 77.519 | 83.207 | 36.045 | 6.036 |
|   1   | 61.870 | 77.529 | 83.066 | 36.075 | 6.027 |
|   2   | 61.936 | 77.428 | 83.006 | 36.060 | 6.042 |
+-------+--------+--------+--------+--------+-------+
     logs:  {'epo': 2, 'R1': np.float32(61.936), 'R5': np.float32(77.428), 'R10': np.float32(83.006), 'mAP': np.float32(36.06), 'mINP': np.float32(6.042), 'entropy': 0.2649076304265431, 'uncertainty': 1.0, 'uncertainty_coeffi': 1.0, 'loss': 0.2649076304265431, 'lr': 3.45491502812503e-05}
     Epoch[3] Iteration[10/496], entropy: 0.3163, uncertainty: 1.0000, uncertainty_coeffi: 1.0000, loss: 0.3163, lr: 3.45e-05
     Epoch[3] Iteration[20/496], entropy: 0.2383, uncertainty: 1.0000, uncertainty_coeffi: 1.0000, loss: 0.2383, lr: 3.45e-05
     Epoch[3] Iteration[30/496], entropy: 0.2458, uncertainty: 1.0000, uncertainty_coeffi: 1.0000, loss: 0.2458, lr: 3.45e-05
     Epoch[3] Iteration[40/496], entropy: 0.2672, uncertainty: 1.0000, uncertainty_coeffi: 1.0000, loss: 0.2672, lr: 3.45e-05
     Epoch[3] Iteration[50/496], entropy: 0.2430, uncertainty: 1.0000, uncertainty_coeffi: 1.0000, loss: 0.2430, lr: 3.45e-05
     Epoch[3] Iteration[60/496], entropy: 0.2950, uncertainty: 1.0000, uncertainty_coeffi: 1.0000, loss: 0.2950, lr: 3.45e-05
     Epoch[3] Iteration[70/496], entropy: 0.3207, uncertainty: 1.0000, uncertainty_coeffi: 1.0000, loss: 0.3207, lr: 3.45e-05
     Epoch[3] Iteration[80/496], entropy: 0.2000, uncertainty: 1.0000, uncertainty_coeffi: 1.0000, loss: 0.2000, lr: 3.45e-05
     Epoch[3] Iteration[90/496], entropy: 0.2032, uncertainty: 1.0000, uncertainty_coeffi: 1.0000, loss: 0.2032, lr: 3.45e-05
     Epoch[3] Iteration[100/496], entropy: 0.2032, uncertainty: 1.0000, uncertainty_coeffi: 1.0000, loss: 0.2032, lr: 3.45e-05
     Epoch[3] Iteration[110/496], entropy: 0.1743, uncertainty: 1.0000, uncertainty_coeffi: 1.0000, loss: 0.1743, lr: 3.45e-05
     Epoch[3] Iteration[120/496], entropy: 0.3495, uncertainty: 1.0000, uncertainty_coeffi: 1.0000, loss: 0.3495, lr: 3.45e-05
     Epoch[3] Iteration[130/496], entropy: 0.2601, uncertainty: 1.0000, uncertainty_coeffi: 1.0000, loss: 0.2601, lr: 3.45e-05
     Epoch[3] Iteration[140/496], entropy: 0.2490, uncertainty: 1.0000, uncertainty_coeffi: 1.0000, loss: 0.2490, lr: 3.45e-05
     Epoch[3] Iteration[150/496], entropy: 0.2055, uncertainty: 1.0000, uncertainty_coeffi: 1.0000, loss: 0.2055, lr: 3.45e-05
     Epoch[3] Iteration[160/496], entropy: 0.2655, uncertainty: 1.0000, uncertainty_coeffi: 1.0000, loss: 0.2655, lr: 3.45e-05
     Epoch[3] Iteration[170/496], entropy: 0.1699, uncertainty: 1.0000, uncertainty_coeffi: 1.0000, loss: 0.1699, lr: 3.45e-05
     Epoch[3] Iteration[180/496], entropy: 0.2012, uncertainty: 1.0000, uncertainty_coeffi: 1.0000, loss: 0.2012, lr: 3.45e-05
     Epoch[3] Iteration[190/496], entropy: 0.2113, uncertainty: 1.0000, uncertainty_coeffi: 1.0000, loss: 0.2113, lr: 3.45e-05
     Epoch[3] Iteration[200/496], entropy: 0.2170, uncertainty: 1.0000, uncertainty_coeffi: 1.0000, loss: 0.2170, lr: 3.45e-05
     Epoch[3] Iteration[210/496], entropy: 0.2860, uncertainty: 1.0000, uncertainty_coeffi: 1.0000, loss: 0.2860, lr: 3.45e-05
     Epoch[3] Iteration[220/496], entropy: 0.2422, uncertainty: 1.0000, uncertainty_coeffi: 1.0000, loss: 0.2422, lr: 3.45e-05
     Epoch[3] Iteration[230/496], entropy: 0.2847, uncertainty: 1.0000, uncertainty_coeffi: 1.0000, loss: 0.2847, lr: 3.45e-05
     Epoch[3] Iteration[240/496], entropy: 0.3436, uncertainty: 1.0000, uncertainty_coeffi: 1.0000, loss: 0.3436, lr: 3.45e-05
     Epoch[3] Iteration[250/496], entropy: 0.2625, uncertainty: 1.0000, uncertainty_coeffi: 1.0000, loss: 0.2625, lr: 3.45e-05
     Epoch[3] Iteration[260/496], entropy: 0.2050, uncertainty: 1.0000, uncertainty_coeffi: 1.0000, loss: 0.2050, lr: 3.45e-05
     Epoch[3] Iteration[270/496], entropy: 0.1714, uncertainty: 1.0000, uncertainty_coeffi: 1.0000, loss: 0.1714, lr: 3.45e-05
     Epoch[3] Iteration[280/496], entropy: 0.2314, uncertainty: 1.0000, uncertainty_coeffi: 1.0000, loss: 0.2314, lr: 3.45e-05
     Epoch[3] Iteration[290/496], entropy: 0.2614, uncertainty: 1.0000, uncertainty_coeffi: 1.0000, loss: 0.2614, lr: 3.45e-05
     Epoch[3] Iteration[300/496], entropy: 0.2026, uncertainty: 1.0000, uncertainty_coeffi: 1.0000, loss: 0.2026, lr: 3.45e-05
     Epoch[3] Iteration[310/496], entropy: 0.2104, uncertainty: 1.0000, uncertainty_coeffi: 1.0000, loss: 0.2104, lr: 3.45e-05
     Epoch[3] Iteration[320/496], entropy: 0.2052, uncertainty: 1.0000, uncertainty_coeffi: 1.0000, loss: 0.2052, lr: 3.45e-05
     Epoch[3] Iteration[330/496], entropy: 0.2908, uncertainty: 1.0000, uncertainty_coeffi: 1.0000, loss: 0.2908, lr: 3.45e-05
     Epoch[3] Iteration[340/496], entropy: 0.1599, uncertainty: 1.0000, uncertainty_coeffi: 1.0000, loss: 0.1599, lr: 3.45e-05
     Epoch[3] Iteration[350/496], entropy: 0.2635, uncertainty: 1.0000, uncertainty_coeffi: 1.0000, loss: 0.2635, lr: 3.45e-05
     Epoch[3] Iteration[360/496], entropy: 0.2478, uncertainty: 1.0000, uncertainty_coeffi: 1.0000, loss: 0.2478, lr: 3.45e-05
     Epoch[3] Iteration[370/496], entropy: 0.2485, uncertainty: 1.0000, uncertainty_coeffi: 1.0000, loss: 0.2485, lr: 3.45e-05
     Epoch[3] Iteration[380/496], entropy: 0.2220, uncertainty: 1.0000, uncertainty_coeffi: 1.0000, loss: 0.2220, lr: 3.45e-05
     Epoch[3] Iteration[390/496], entropy: 0.2010, uncertainty: 1.0000, uncertainty_coeffi: 1.0000, loss: 0.2010, lr: 3.45e-05
     Epoch[3] Iteration[400/496], entropy: 0.2895, uncertainty: 1.0000, uncertainty_coeffi: 1.0000, loss: 0.2895, lr: 3.45e-05
     Epoch[3] Iteration[410/496], entropy: 0.2969, uncertainty: 1.0000, uncertainty_coeffi: 1.0000, loss: 0.2969, lr: 3.45e-05
     Epoch[3] Iteration[420/496], entropy: 0.1742, uncertainty: 1.0000, uncertainty_coeffi: 1.0000, loss: 0.1742, lr: 3.45e-05
     Epoch[3] Iteration[430/496], entropy: 0.2542, uncertainty: 1.0000, uncertainty_coeffi: 1.0000, loss: 0.2542, lr: 3.45e-05
     Epoch[3] Iteration[440/496], entropy: 0.2500, uncertainty: 1.0000, uncertainty_coeffi: 1.0000, loss: 0.2500, lr: 3.45e-05
     Epoch[3] Iteration[450/496], entropy: 0.2515, uncertainty: 1.0000, uncertainty_coeffi: 1.0000, loss: 0.2515, lr: 3.45e-05
     Epoch[3] Iteration[460/496], entropy: 0.1897, uncertainty: 1.0000, uncertainty_coeffi: 1.0000, loss: 0.1897, lr: 3.45e-05
     Epoch[3] Iteration[470/496], entropy: 0.2934, uncertainty: 1.0000, uncertainty_coeffi: 1.0000, loss: 0.2934, lr: 3.45e-05
     Epoch[3] Iteration[480/496], entropy: 0.3322, uncertainty: 1.0000, uncertainty_coeffi: 1.0000, loss: 0.3322, lr: 3.45e-05
     Epoch[3] Iteration[490/496], entropy: 0.2061, uncertainty: 1.0000, uncertainty_coeffi: 1.0000, loss: 0.2061, lr: 3.45e-05
     Averaged stats: entropy_avg: 0.2431, uncertainty_avg: 1.0000, uncertainty_coeffi_avg: 1.0000, loss_avg: 0.2431, lr_avg: 3.45e-05
     itm tta time 0:01:25
     Epoch[4] Iteration[10/496], entropy: 0.2446, uncertainty: 1.0000, uncertainty_coeffi: 1.0000, loss: 0.2446, lr: 9.05e-05
     Epoch[4] Iteration[20/496], entropy: 0.2592, uncertainty: 1.0000, uncertainty_coeffi: 1.0000, loss: 0.2592, lr: 6.55e-05
     Epoch[4] Iteration[30/496], entropy: 0.2218, uncertainty: 1.0000, uncertainty_coeffi: 1.0000, loss: 0.2218, lr: 6.55e-05
     Epoch[4] Iteration[40/496], entropy: 0.2484, uncertainty: 1.0000, uncertainty_coeffi: 1.0000, loss: 0.2484, lr: 6.55e-05
     Epoch[4] Iteration[50/496], entropy: 0.3602, uncertainty: 1.0000, uncertainty_coeffi: 1.0000, loss: 0.3602, lr: 6.55e-05
     Epoch[4] Iteration[60/496], entropy: 0.2231, uncertainty: 1.0000, uncertainty_coeffi: 1.0000, loss: 0.2231, lr: 6.55e-05
     Epoch[4] Iteration[70/496], entropy: 0.2949, uncertainty: 1.0000, uncertainty_coeffi: 1.0000, loss: 0.2949, lr: 6.55e-05
     Epoch[4] Iteration[80/496], entropy: 0.2121, uncertainty: 1.0000, uncertainty_coeffi: 1.0000, loss: 0.2121, lr: 6.55e-05
     Epoch[4] Iteration[90/496], entropy: 0.2110, uncertainty: 1.0000, uncertainty_coeffi: 1.0000, loss: 0.2110, lr: 6.55e-05
     Epoch[4] Iteration[100/496], entropy: 0.2797, uncertainty: 1.0000, uncertainty_coeffi: 1.0000, loss: 0.2797, lr: 6.55e-05
     Epoch[4] Iteration[110/496], entropy: 0.3160, uncertainty: 1.0000, uncertainty_coeffi: 1.0000, loss: 0.3160, lr: 6.55e-05
     Epoch[4] Iteration[120/496], entropy: 0.2954, uncertainty: 1.0000, uncertainty_coeffi: 1.0000, loss: 0.2954, lr: 6.55e-05
     Epoch[4] Iteration[130/496], entropy: 0.2699, uncertainty: 1.0000, uncertainty_coeffi: 1.0000, loss: 0.2699, lr: 6.55e-05
     Epoch[4] Iteration[140/496], entropy: 0.2321, uncertainty: 1.0000, uncertainty_coeffi: 1.0000, loss: 0.2321, lr: 6.55e-05
     Epoch[4] Iteration[150/496], entropy: 0.2420, uncertainty: 1.0000, uncertainty_coeffi: 1.0000, loss: 0.2420, lr: 6.55e-05
     Epoch[4] Iteration[160/496], entropy: 0.2525, uncertainty: 1.0000, uncertainty_coeffi: 1.0000, loss: 0.2525, lr: 6.55e-05
     Epoch[4] Iteration[170/496], entropy: 0.2486, uncertainty: 1.0000, uncertainty_coeffi: 1.0000, loss: 0.2486, lr: 6.55e-05
     Epoch[4] Iteration[180/496], entropy: 0.2984, uncertainty: 1.0000, uncertainty_coeffi: 1.0000, loss: 0.2984, lr: 6.55e-05
     Epoch[4] Iteration[190/496], entropy: 0.2057, uncertainty: 1.0000, uncertainty_coeffi: 1.0000, loss: 0.2057, lr: 6.55e-05
     Epoch[4] Iteration[200/496], entropy: 0.2454, uncertainty: 1.0000, uncertainty_coeffi: 1.0000, loss: 0.2454, lr: 6.55e-05
     Epoch[4] Iteration[210/496], entropy: 0.2225, uncertainty: 1.0000, uncertainty_coeffi: 1.0000, loss: 0.2225, lr: 6.55e-05
     Epoch[4] Iteration[220/496], entropy: 0.2264, uncertainty: 1.0000, uncertainty_coeffi: 1.0000, loss: 0.2264, lr: 6.55e-05
     Epoch[4] Iteration[230/496], entropy: 0.2271, uncertainty: 1.0000, uncertainty_coeffi: 1.0000, loss: 0.2271, lr: 6.55e-05
     Epoch[4] Iteration[240/496], entropy: 0.3713, uncertainty: 1.0000, uncertainty_coeffi: 1.0000, loss: 0.3713, lr: 6.55e-05
     Epoch[4] Iteration[250/496], entropy: 0.2608, uncertainty: 1.0000, uncertainty_coeffi: 1.0000, loss: 0.2608, lr: 6.55e-05
     Epoch[4] Iteration[260/496], entropy: 0.3176, uncertainty: 1.0000, uncertainty_coeffi: 1.0000, loss: 0.3176, lr: 6.55e-05
     Epoch[4] Iteration[270/496], entropy: 0.2527, uncertainty: 1.0000, uncertainty_coeffi: 1.0000, loss: 0.2527, lr: 6.55e-05
     Epoch[4] Iteration[280/496], entropy: 0.1616, uncertainty: 1.0000, uncertainty_coeffi: 1.0000, loss: 0.1616, lr: 6.55e-05
     Epoch[4] Iteration[290/496], entropy: 0.2779, uncertainty: 1.0000, uncertainty_coeffi: 1.0000, loss: 0.2779, lr: 6.55e-05
     Epoch[4] Iteration[300/496], entropy: 0.2846, uncertainty: 1.0000, uncertainty_coeffi: 1.0000, loss: 0.2846, lr: 6.55e-05
     Epoch[4] Iteration[310/496], entropy: 0.3698, uncertainty: 1.0000, uncertainty_coeffi: 1.0000, loss: 0.3698, lr: 6.55e-05
     Epoch[4] Iteration[320/496], entropy: 0.2524, uncertainty: 1.0000, uncertainty_coeffi: 1.0000, loss: 0.2524, lr: 6.55e-05
     Epoch[4] Iteration[330/496], entropy: 0.2458, uncertainty: 1.0000, uncertainty_coeffi: 1.0000, loss: 0.2458, lr: 6.55e-05
     Epoch[4] Iteration[340/496], entropy: 0.2391, uncertainty: 1.0000, uncertainty_coeffi: 1.0000, loss: 0.2391, lr: 6.55e-05
     Epoch[4] Iteration[350/496], entropy: 0.2342, uncertainty: 1.0000, uncertainty_coeffi: 1.0000, loss: 0.2342, lr: 6.55e-05
     Epoch[4] Iteration[360/496], entropy: 0.2772, uncertainty: 1.0000, uncertainty_coeffi: 1.0000, loss: 0.2772, lr: 6.55e-05
     Epoch[4] Iteration[370/496], entropy: 0.2382, uncertainty: 1.0000, uncertainty_coeffi: 1.0000, loss: 0.2382, lr: 6.55e-05
     Epoch[4] Iteration[380/496], entropy: 0.2913, uncertainty: 1.0000, uncertainty_coeffi: 1.0000, loss: 0.2913, lr: 6.55e-05
     Epoch[4] Iteration[390/496], entropy: 0.2319, uncertainty: 1.0000, uncertainty_coeffi: 1.0000, loss: 0.2319, lr: 6.55e-05
     Epoch[4] Iteration[400/496], entropy: 0.3989, uncertainty: 1.0000, uncertainty_coeffi: 1.0000, loss: 0.3989, lr: 6.55e-05
     Epoch[4] Iteration[410/496], entropy: 0.2052, uncertainty: 1.0000, uncertainty_coeffi: 1.0000, loss: 0.2052, lr: 6.55e-05
     Epoch[4] Iteration[420/496], entropy: 0.1767, uncertainty: 1.0000, uncertainty_coeffi: 1.0000, loss: 0.1767, lr: 6.55e-05
     Epoch[4] Iteration[430/496], entropy: 0.2193, uncertainty: 1.0000, uncertainty_coeffi: 1.0000, loss: 0.2193, lr: 6.55e-05
     Epoch[4] Iteration[440/496], entropy: 0.1918, uncertainty: 1.0000, uncertainty_coeffi: 1.0000, loss: 0.1918, lr: 6.55e-05
     Epoch[4] Iteration[450/496], entropy: 0.2123, uncertainty: 1.0000, uncertainty_coeffi: 1.0000, loss: 0.2123, lr: 6.55e-05
     Epoch[4] Iteration[460/496], entropy: 0.1572, uncertainty: 1.0000, uncertainty_coeffi: 1.0000, loss: 0.1572, lr: 6.55e-05
     Epoch[4] Iteration[470/496], entropy: 0.2683, uncertainty: 1.0000, uncertainty_coeffi: 1.0000, loss: 0.2683, lr: 6.55e-05
     Epoch[4] Iteration[480/496], entropy: 0.2304, uncertainty: 1.0000, uncertainty_coeffi: 1.0000, loss: 0.2304, lr: 6.55e-05
     Epoch[4] Iteration[490/496], entropy: 0.2263, uncertainty: 1.0000, uncertainty_coeffi: 1.0000, loss: 0.2263, lr: 6.55e-05
     Averaged stats: entropy_avg: 0.2537, uncertainty_avg: 1.0000, uncertainty_coeffi_avg: 1.0000, loss_avg: 0.2537, lr_avg: 6.60e-05
     itm tta time 0:01:25
### TTA Eval Score: 
+-------+--------+--------+--------+--------+-------+
| epoch |   R1   |   R5   |  R10   |  mAP   |  mINP |
+-------+--------+--------+--------+--------+-------+
|  -999 | 60.661 | 77.509 | 83.263 | 35.544 | 6.006 |
|   0   | 61.649 | 77.519 | 83.207 | 36.045 | 6.036 |
|   1   | 61.870 | 77.529 | 83.066 | 36.075 | 6.027 |
|   2   | 61.936 | 77.428 | 83.006 | 36.060 | 6.042 |
|   4   | 61.931 | 77.323 | 82.940 | 36.000 | 5.979 |
+-------+--------+--------+--------+--------+-------+
     logs:  {'epo': 4, 'R1': np.float32(61.931), 'R5': np.float32(77.323), 'R10': np.float32(82.94), 'mAP': np.float32(36.0), 'mINP': np.float32(5.979), 'entropy': 0.2536680841324281, 'uncertainty': 1.0, 'uncertainty_coeffi': 1.0, 'loss': 0.2536680841324281, 'lr': 6.5961053800381e-05}
     Epoch[5] Iteration[10/496], entropy: 0.2214, uncertainty: 1.0000, uncertainty_coeffi: 1.0000, loss: 0.2214, lr: 9.55e-06
     Epoch[5] Iteration[20/496], entropy: 0.1754, uncertainty: 1.0000, uncertainty_coeffi: 1.0000, loss: 0.1754, lr: 9.55e-06
     Epoch[5] Iteration[30/496], entropy: 0.2480, uncertainty: 1.0000, uncertainty_coeffi: 1.0000, loss: 0.2480, lr: 9.55e-06
     Epoch[5] Iteration[40/496], entropy: 0.2908, uncertainty: 1.0000, uncertainty_coeffi: 1.0000, loss: 0.2908, lr: 9.55e-06
     Epoch[5] Iteration[50/496], entropy: 0.1815, uncertainty: 1.0000, uncertainty_coeffi: 1.0000, loss: 0.1815, lr: 9.55e-06
     Epoch[5] Iteration[60/496], entropy: 0.1963, uncertainty: 1.0000, uncertainty_coeffi: 1.0000, loss: 0.1963, lr: 9.55e-06
     Epoch[5] Iteration[70/496], entropy: 0.1751, uncertainty: 1.0000, uncertainty_coeffi: 1.0000, loss: 0.1751, lr: 9.55e-06
     Epoch[5] Iteration[80/496], entropy: 0.2787, uncertainty: 1.0000, uncertainty_coeffi: 1.0000, loss: 0.2787, lr: 9.55e-06
     Epoch[5] Iteration[90/496], entropy: 0.3108, uncertainty: 1.0000, uncertainty_coeffi: 1.0000, loss: 0.3108, lr: 9.55e-06
     Epoch[5] Iteration[100/496], entropy: 0.1931, uncertainty: 1.0000, uncertainty_coeffi: 1.0000, loss: 0.1931, lr: 9.55e-06
     Epoch[5] Iteration[110/496], entropy: 0.1829, uncertainty: 1.0000, uncertainty_coeffi: 1.0000, loss: 0.1829, lr: 9.55e-06
     Epoch[5] Iteration[120/496], entropy: 0.1723, uncertainty: 1.0000, uncertainty_coeffi: 1.0000, loss: 0.1723, lr: 9.55e-06
     Epoch[5] Iteration[130/496], entropy: 0.3057, uncertainty: 1.0000, uncertainty_coeffi: 1.0000, loss: 0.3057, lr: 9.55e-06
     Epoch[5] Iteration[140/496], entropy: 0.2141, uncertainty: 1.0000, uncertainty_coeffi: 1.0000, loss: 0.2141, lr: 9.55e-06
     Epoch[5] Iteration[150/496], entropy: 0.1822, uncertainty: 1.0000, uncertainty_coeffi: 1.0000, loss: 0.1822, lr: 9.55e-06
     Epoch[5] Iteration[160/496], entropy: 0.1943, uncertainty: 1.0000, uncertainty_coeffi: 1.0000, loss: 0.1943, lr: 9.55e-06
     Epoch[5] Iteration[170/496], entropy: 0.2215, uncertainty: 1.0000, uncertainty_coeffi: 1.0000, loss: 0.2215, lr: 9.55e-06
     Epoch[5] Iteration[180/496], entropy: 0.2461, uncertainty: 1.0000, uncertainty_coeffi: 1.0000, loss: 0.2461, lr: 9.55e-06
     Epoch[5] Iteration[190/496], entropy: 0.2273, uncertainty: 1.0000, uncertainty_coeffi: 1.0000, loss: 0.2273, lr: 9.55e-06
     Epoch[5] Iteration[200/496], entropy: 0.1813, uncertainty: 1.0000, uncertainty_coeffi: 1.0000, loss: 0.1813, lr: 9.55e-06
     Epoch[5] Iteration[210/496], entropy: 0.2828, uncertainty: 1.0000, uncertainty_coeffi: 1.0000, loss: 0.2828, lr: 9.55e-06
     Epoch[5] Iteration[220/496], entropy: 0.2345, uncertainty: 1.0000, uncertainty_coeffi: 1.0000, loss: 0.2345, lr: 9.55e-06
     Epoch[5] Iteration[230/496], entropy: 0.2166, uncertainty: 1.0000, uncertainty_coeffi: 1.0000, loss: 0.2166, lr: 9.55e-06
     Epoch[5] Iteration[240/496], entropy: 0.1836, uncertainty: 1.0000, uncertainty_coeffi: 1.0000, loss: 0.1836, lr: 9.55e-06
     Epoch[5] Iteration[250/496], entropy: 0.2390, uncertainty: 1.0000, uncertainty_coeffi: 1.0000, loss: 0.2390, lr: 9.55e-06
     Epoch[5] Iteration[260/496], entropy: 0.3058, uncertainty: 1.0000, uncertainty_coeffi: 1.0000, loss: 0.3058, lr: 9.55e-06
     Epoch[5] Iteration[270/496], entropy: 0.2292, uncertainty: 1.0000, uncertainty_coeffi: 1.0000, loss: 0.2292, lr: 9.55e-06
     Epoch[5] Iteration[280/496], entropy: 0.2182, uncertainty: 1.0000, uncertainty_coeffi: 1.0000, loss: 0.2182, lr: 9.55e-06
     Epoch[5] Iteration[290/496], entropy: 0.2284, uncertainty: 1.0000, uncertainty_coeffi: 1.0000, loss: 0.2284, lr: 9.55e-06
     Epoch[5] Iteration[300/496], entropy: 0.1445, uncertainty: 1.0000, uncertainty_coeffi: 1.0000, loss: 0.1445, lr: 9.55e-06
     Epoch[5] Iteration[310/496], entropy: 0.3326, uncertainty: 1.0000, uncertainty_coeffi: 1.0000, loss: 0.3326, lr: 9.55e-06
     Epoch[5] Iteration[320/496], entropy: 0.1435, uncertainty: 1.0000, uncertainty_coeffi: 1.0000, loss: 0.1435, lr: 9.55e-06
     Epoch[5] Iteration[330/496], entropy: 0.2304, uncertainty: 1.0000, uncertainty_coeffi: 1.0000, loss: 0.2304, lr: 9.55e-06
     Epoch[5] Iteration[340/496], entropy: 0.2136, uncertainty: 1.0000, uncertainty_coeffi: 1.0000, loss: 0.2136, lr: 9.55e-06
     Epoch[5] Iteration[350/496], entropy: 0.2366, uncertainty: 1.0000, uncertainty_coeffi: 1.0000, loss: 0.2366, lr: 9.55e-06
     Epoch[5] Iteration[360/496], entropy: 0.2834, uncertainty: 1.0000, uncertainty_coeffi: 1.0000, loss: 0.2834, lr: 9.55e-06
     Epoch[5] Iteration[370/496], entropy: 0.2471, uncertainty: 1.0000, uncertainty_coeffi: 1.0000, loss: 0.2471, lr: 9.55e-06
     Epoch[5] Iteration[380/496], entropy: 0.3267, uncertainty: 1.0000, uncertainty_coeffi: 1.0000, loss: 0.3267, lr: 9.55e-06
     Epoch[5] Iteration[390/496], entropy: 0.2500, uncertainty: 1.0000, uncertainty_coeffi: 1.0000, loss: 0.2500, lr: 9.55e-06
     Epoch[5] Iteration[400/496], entropy: 0.2161, uncertainty: 1.0000, uncertainty_coeffi: 1.0000, loss: 0.2161, lr: 9.55e-06
     Epoch[5] Iteration[410/496], entropy: 0.1481, uncertainty: 1.0000, uncertainty_coeffi: 1.0000, loss: 0.1481, lr: 9.55e-06
     Epoch[5] Iteration[420/496], entropy: 0.2458, uncertainty: 1.0000, uncertainty_coeffi: 1.0000, loss: 0.2458, lr: 9.55e-06
     Epoch[5] Iteration[430/496], entropy: 0.1971, uncertainty: 1.0000, uncertainty_coeffi: 1.0000, loss: 0.1971, lr: 9.55e-06
     Epoch[5] Iteration[440/496], entropy: 0.2517, uncertainty: 1.0000, uncertainty_coeffi: 1.0000, loss: 0.2517, lr: 9.55e-06
     Epoch[5] Iteration[450/496], entropy: 0.2311, uncertainty: 1.0000, uncertainty_coeffi: 1.0000, loss: 0.2311, lr: 9.55e-06
     Epoch[5] Iteration[460/496], entropy: 0.2279, uncertainty: 1.0000, uncertainty_coeffi: 1.0000, loss: 0.2279, lr: 9.55e-06
     Epoch[5] Iteration[470/496], entropy: 0.2573, uncertainty: 1.0000, uncertainty_coeffi: 1.0000, loss: 0.2573, lr: 9.55e-06
     Epoch[5] Iteration[480/496], entropy: 0.2108, uncertainty: 1.0000, uncertainty_coeffi: 1.0000, loss: 0.2108, lr: 9.55e-06
     Epoch[5] Iteration[490/496], entropy: 0.1840, uncertainty: 1.0000, uncertainty_coeffi: 1.0000, loss: 0.1840, lr: 9.55e-06
     Averaged stats: entropy_avg: 0.2268, uncertainty_avg: 1.0000, uncertainty_coeffi_avg: 1.0000, loss_avg: 0.2268, lr_avg: 9.55e-06
     itm tta time 0:01:25
     Epoch[6] Iteration[10/496], entropy: 0.2447, uncertainty: 1.0000, uncertainty_coeffi: 1.0000, loss: 0.2447, lr: 1.00e-04
     Epoch[6] Iteration[20/496], entropy: 0.3396, uncertainty: 1.0000, uncertainty_coeffi: 1.0000, loss: 0.3396, lr: 1.00e-04
     Epoch[6] Iteration[30/496], entropy: 0.2587, uncertainty: 1.0000, uncertainty_coeffi: 1.0000, loss: 0.2587, lr: 1.00e-04
     Epoch[6] Iteration[40/496], entropy: 0.2438, uncertainty: 1.0000, uncertainty_coeffi: 1.0000, loss: 0.2438, lr: 1.00e-04
     Epoch[6] Iteration[50/496], entropy: 0.1715, uncertainty: 1.0000, uncertainty_coeffi: 1.0000, loss: 0.1715, lr: 1.00e-04
     Epoch[6] Iteration[60/496], entropy: 0.2164, uncertainty: 1.0000, uncertainty_coeffi: 1.0000, loss: 0.2164, lr: 1.00e-04
     Epoch[6] Iteration[70/496], entropy: 0.2066, uncertainty: 1.0000, uncertainty_coeffi: 1.0000, loss: 0.2066, lr: 1.00e-04
     Epoch[6] Iteration[80/496], entropy: 0.1827, uncertainty: 1.0000, uncertainty_coeffi: 1.0000, loss: 0.1827, lr: 1.00e-04
     Epoch[6] Iteration[90/496], entropy: 0.3279, uncertainty: 1.0000, uncertainty_coeffi: 1.0000, loss: 0.3279, lr: 1.00e-04
     Epoch[6] Iteration[100/496], entropy: 0.2263, uncertainty: 1.0000, uncertainty_coeffi: 1.0000, loss: 0.2263, lr: 1.00e-04
     Epoch[6] Iteration[110/496], entropy: 0.1893, uncertainty: 1.0000, uncertainty_coeffi: 1.0000, loss: 0.1893, lr: 1.00e-04
     Epoch[6] Iteration[120/496], entropy: 0.2240, uncertainty: 1.0000, uncertainty_coeffi: 1.0000, loss: 0.2240, lr: 1.00e-04
     Epoch[6] Iteration[130/496], entropy: 0.2274, uncertainty: 1.0000, uncertainty_coeffi: 1.0000, loss: 0.2274, lr: 1.00e-04
     Epoch[6] Iteration[140/496], entropy: 0.2755, uncertainty: 1.0000, uncertainty_coeffi: 1.0000, loss: 0.2755, lr: 1.00e-04
     Epoch[6] Iteration[150/496], entropy: 0.2204, uncertainty: 1.0000, uncertainty_coeffi: 1.0000, loss: 0.2204, lr: 1.00e-04
     Epoch[6] Iteration[160/496], entropy: 0.2900, uncertainty: 1.0000, uncertainty_coeffi: 1.0000, loss: 0.2900, lr: 1.00e-04
     Epoch[6] Iteration[170/496], entropy: 0.2223, uncertainty: 1.0000, uncertainty_coeffi: 1.0000, loss: 0.2223, lr: 1.00e-04
     Epoch[6] Iteration[180/496], entropy: 0.1990, uncertainty: 1.0000, uncertainty_coeffi: 1.0000, loss: 0.1990, lr: 1.00e-04
     Epoch[6] Iteration[190/496], entropy: 0.3030, uncertainty: 1.0000, uncertainty_coeffi: 1.0000, loss: 0.3030, lr: 1.00e-04
     Epoch[6] Iteration[200/496], entropy: 0.1887, uncertainty: 1.0000, uncertainty_coeffi: 1.0000, loss: 0.1887, lr: 1.00e-04
     Epoch[6] Iteration[210/496], entropy: 0.3066, uncertainty: 1.0000, uncertainty_coeffi: 1.0000, loss: 0.3066, lr: 1.00e-04
     Epoch[6] Iteration[220/496], entropy: 0.1914, uncertainty: 1.0000, uncertainty_coeffi: 1.0000, loss: 0.1914, lr: 1.00e-04
     Epoch[6] Iteration[230/496], entropy: 0.2247, uncertainty: 1.0000, uncertainty_coeffi: 1.0000, loss: 0.2247, lr: 1.00e-04
     Epoch[6] Iteration[240/496], entropy: 0.2614, uncertainty: 1.0000, uncertainty_coeffi: 1.0000, loss: 0.2614, lr: 1.00e-04
     Epoch[6] Iteration[250/496], entropy: 0.3305, uncertainty: 1.0000, uncertainty_coeffi: 1.0000, loss: 0.3305, lr: 1.00e-04
     Epoch[6] Iteration[260/496], entropy: 0.2527, uncertainty: 1.0000, uncertainty_coeffi: 1.0000, loss: 0.2527, lr: 1.00e-04
     Epoch[6] Iteration[270/496], entropy: 0.2715, uncertainty: 1.0000, uncertainty_coeffi: 1.0000, loss: 0.2715, lr: 1.00e-04
     Epoch[6] Iteration[280/496], entropy: 0.1966, uncertainty: 1.0000, uncertainty_coeffi: 1.0000, loss: 0.1966, lr: 1.00e-04
     Epoch[6] Iteration[290/496], entropy: 0.2733, uncertainty: 1.0000, uncertainty_coeffi: 1.0000, loss: 0.2733, lr: 1.00e-04
     Epoch[6] Iteration[300/496], entropy: 0.2777, uncertainty: 1.0000, uncertainty_coeffi: 1.0000, loss: 0.2777, lr: 1.00e-04
     Epoch[6] Iteration[310/496], entropy: 0.2360, uncertainty: 1.0000, uncertainty_coeffi: 1.0000, loss: 0.2360, lr: 1.00e-04
     Epoch[6] Iteration[320/496], entropy: 0.1952, uncertainty: 1.0000, uncertainty_coeffi: 1.0000, loss: 0.1952, lr: 1.00e-04
     Epoch[6] Iteration[330/496], entropy: 0.2223, uncertainty: 1.0000, uncertainty_coeffi: 1.0000, loss: 0.2223, lr: 1.00e-04
     Epoch[6] Iteration[340/496], entropy: 0.2205, uncertainty: 1.0000, uncertainty_coeffi: 1.0000, loss: 0.2205, lr: 1.00e-04
     Epoch[6] Iteration[350/496], entropy: 0.2917, uncertainty: 1.0000, uncertainty_coeffi: 1.0000, loss: 0.2917, lr: 1.00e-04
     Epoch[6] Iteration[360/496], entropy: 0.2078, uncertainty: 1.0000, uncertainty_coeffi: 1.0000, loss: 0.2078, lr: 1.00e-04
     Epoch[6] Iteration[370/496], entropy: 0.2210, uncertainty: 1.0000, uncertainty_coeffi: 1.0000, loss: 0.2210, lr: 1.00e-04
     Epoch[6] Iteration[380/496], entropy: 0.2252, uncertainty: 1.0000, uncertainty_coeffi: 1.0000, loss: 0.2252, lr: 1.00e-04
     Epoch[6] Iteration[390/496], entropy: 0.2365, uncertainty: 1.0000, uncertainty_coeffi: 1.0000, loss: 0.2365, lr: 1.00e-04
     Epoch[6] Iteration[400/496], entropy: 0.1383, uncertainty: 1.0000, uncertainty_coeffi: 1.0000, loss: 0.1383, lr: 1.00e-04
     Epoch[6] Iteration[410/496], entropy: 0.1937, uncertainty: 1.0000, uncertainty_coeffi: 1.0000, loss: 0.1937, lr: 1.00e-04
     Epoch[6] Iteration[420/496], entropy: 0.2873, uncertainty: 1.0000, uncertainty_coeffi: 1.0000, loss: 0.2873, lr: 1.00e-04
     Epoch[6] Iteration[430/496], entropy: 0.2827, uncertainty: 1.0000, uncertainty_coeffi: 1.0000, loss: 0.2827, lr: 1.00e-04
     Epoch[6] Iteration[440/496], entropy: 0.2327, uncertainty: 1.0000, uncertainty_coeffi: 1.0000, loss: 0.2327, lr: 1.00e-04
     Epoch[6] Iteration[450/496], entropy: 0.2599, uncertainty: 1.0000, uncertainty_coeffi: 1.0000, loss: 0.2599, lr: 1.00e-04
     Epoch[6] Iteration[460/496], entropy: 0.2709, uncertainty: 1.0000, uncertainty_coeffi: 1.0000, loss: 0.2709, lr: 1.00e-04
     Epoch[6] Iteration[470/496], entropy: 0.1955, uncertainty: 1.0000, uncertainty_coeffi: 1.0000, loss: 0.1955, lr: 1.00e-04
     Epoch[6] Iteration[480/496], entropy: 0.2276, uncertainty: 1.0000, uncertainty_coeffi: 1.0000, loss: 0.2276, lr: 1.00e-04
     Epoch[6] Iteration[490/496], entropy: 0.3111, uncertainty: 1.0000, uncertainty_coeffi: 1.0000, loss: 0.3111, lr: 1.00e-04
     Averaged stats: entropy_avg: 0.2408, uncertainty_avg: 1.0000, uncertainty_coeffi_avg: 1.0000, loss_avg: 0.2408, lr_avg: 1.00e-04
     itm tta time 0:01:26
     Epoch[7] Iteration[10/496], entropy: 0.3204, uncertainty: 1.0000, uncertainty_coeffi: 1.0000, loss: 0.3204, lr: 9.55e-06
     Epoch[7] Iteration[20/496], entropy: 0.2065, uncertainty: 1.0000, uncertainty_coeffi: 1.0000, loss: 0.2065, lr: 9.55e-06
     Epoch[7] Iteration[30/496], entropy: 0.2057, uncertainty: 1.0000, uncertainty_coeffi: 1.0000, loss: 0.2057, lr: 9.55e-06
     Epoch[7] Iteration[40/496], entropy: 0.2588, uncertainty: 1.0000, uncertainty_coeffi: 1.0000, loss: 0.2588, lr: 9.55e-06
     Epoch[7] Iteration[50/496], entropy: 0.2785, uncertainty: 1.0000, uncertainty_coeffi: 1.0000, loss: 0.2785, lr: 9.55e-06
     Epoch[7] Iteration[60/496], entropy: 0.2514, uncertainty: 1.0000, uncertainty_coeffi: 1.0000, loss: 0.2514, lr: 9.55e-06
     Epoch[7] Iteration[70/496], entropy: 0.1682, uncertainty: 1.0000, uncertainty_coeffi: 1.0000, loss: 0.1682, lr: 9.55e-06
     Epoch[7] Iteration[80/496], entropy: 0.2013, uncertainty: 1.0000, uncertainty_coeffi: 1.0000, loss: 0.2013, lr: 9.55e-06
     Epoch[7] Iteration[90/496], entropy: 0.3349, uncertainty: 1.0000, uncertainty_coeffi: 1.0000, loss: 0.3349, lr: 9.55e-06
     Epoch[7] Iteration[100/496], entropy: 0.1621, uncertainty: 1.0000, uncertainty_coeffi: 1.0000, loss: 0.1621, lr: 9.55e-06
     Epoch[7] Iteration[110/496], entropy: 0.2083, uncertainty: 1.0000, uncertainty_coeffi: 1.0000, loss: 0.2083, lr: 9.55e-06
     Epoch[7] Iteration[120/496], entropy: 0.2805, uncertainty: 1.0000, uncertainty_coeffi: 1.0000, loss: 0.2805, lr: 9.55e-06
     Epoch[7] Iteration[130/496], entropy: 0.2635, uncertainty: 1.0000, uncertainty_coeffi: 1.0000, loss: 0.2635, lr: 9.55e-06
     Epoch[7] Iteration[140/496], entropy: 0.2272, uncertainty: 1.0000, uncertainty_coeffi: 1.0000, loss: 0.2272, lr: 9.55e-06
     Epoch[7] Iteration[150/496], entropy: 0.2569, uncertainty: 1.0000, uncertainty_coeffi: 1.0000, loss: 0.2569, lr: 9.55e-06
     Epoch[7] Iteration[160/496], entropy: 0.1295, uncertainty: 1.0000, uncertainty_coeffi: 1.0000, loss: 0.1295, lr: 9.55e-06
     Epoch[7] Iteration[170/496], entropy: 0.1937, uncertainty: 1.0000, uncertainty_coeffi: 1.0000, loss: 0.1937, lr: 9.55e-06
     Epoch[7] Iteration[180/496], entropy: 0.1523, uncertainty: 1.0000, uncertainty_coeffi: 1.0000, loss: 0.1523, lr: 9.55e-06
     Epoch[7] Iteration[190/496], entropy: 0.1785, uncertainty: 1.0000, uncertainty_coeffi: 1.0000, loss: 0.1785, lr: 9.55e-06
     Epoch[7] Iteration[200/496], entropy: 0.2334, uncertainty: 1.0000, uncertainty_coeffi: 1.0000, loss: 0.2334, lr: 9.55e-06
     Epoch[7] Iteration[210/496], entropy: 0.2563, uncertainty: 1.0000, uncertainty_coeffi: 1.0000, loss: 0.2563, lr: 9.55e-06
     Epoch[7] Iteration[220/496], entropy: 0.3139, uncertainty: 1.0000, uncertainty_coeffi: 1.0000, loss: 0.3139, lr: 9.55e-06
     Epoch[7] Iteration[230/496], entropy: 0.2419, uncertainty: 1.0000, uncertainty_coeffi: 1.0000, loss: 0.2419, lr: 9.55e-06
     Epoch[7] Iteration[240/496], entropy: 0.2226, uncertainty: 1.0000, uncertainty_coeffi: 1.0000, loss: 0.2226, lr: 9.55e-06
     Epoch[7] Iteration[250/496], entropy: 0.2408, uncertainty: 1.0000, uncertainty_coeffi: 1.0000, loss: 0.2408, lr: 9.55e-06
     Epoch[7] Iteration[260/496], entropy: 0.1925, uncertainty: 1.0000, uncertainty_coeffi: 1.0000, loss: 0.1925, lr: 9.55e-06
     Epoch[7] Iteration[270/496], entropy: 0.2639, uncertainty: 1.0000, uncertainty_coeffi: 1.0000, loss: 0.2639, lr: 9.55e-06
     Epoch[7] Iteration[280/496], entropy: 0.1759, uncertainty: 1.0000, uncertainty_coeffi: 1.0000, loss: 0.1759, lr: 9.55e-06
     Epoch[7] Iteration[290/496], entropy: 0.2833, uncertainty: 1.0000, uncertainty_coeffi: 1.0000, loss: 0.2833, lr: 9.55e-06
     Epoch[7] Iteration[300/496], entropy: 0.2938, uncertainty: 1.0000, uncertainty_coeffi: 1.0000, loss: 0.2938, lr: 9.55e-06
     Epoch[7] Iteration[310/496], entropy: 0.1889, uncertainty: 1.0000, uncertainty_coeffi: 1.0000, loss: 0.1889, lr: 9.55e-06
     Epoch[7] Iteration[320/496], entropy: 0.1465, uncertainty: 1.0000, uncertainty_coeffi: 1.0000, loss: 0.1465, lr: 9.55e-06
     Epoch[7] Iteration[330/496], entropy: 0.2364, uncertainty: 1.0000, uncertainty_coeffi: 1.0000, loss: 0.2364, lr: 9.55e-06
     Epoch[7] Iteration[340/496], entropy: 0.1975, uncertainty: 1.0000, uncertainty_coeffi: 1.0000, loss: 0.1975, lr: 9.55e-06
     Epoch[7] Iteration[350/496], entropy: 0.1889, uncertainty: 1.0000, uncertainty_coeffi: 1.0000, loss: 0.1889, lr: 9.55e-06
     Epoch[7] Iteration[360/496], entropy: 0.2743, uncertainty: 1.0000, uncertainty_coeffi: 1.0000, loss: 0.2743, lr: 9.55e-06
     Epoch[7] Iteration[370/496], entropy: 0.2963, uncertainty: 1.0000, uncertainty_coeffi: 1.0000, loss: 0.2963, lr: 9.55e-06
     Epoch[7] Iteration[380/496], entropy: 0.2351, uncertainty: 1.0000, uncertainty_coeffi: 1.0000, loss: 0.2351, lr: 9.55e-06
     Epoch[7] Iteration[390/496], entropy: 0.2026, uncertainty: 1.0000, uncertainty_coeffi: 1.0000, loss: 0.2026, lr: 9.55e-06
     Epoch[7] Iteration[400/496], entropy: 0.2040, uncertainty: 1.0000, uncertainty_coeffi: 1.0000, loss: 0.2040, lr: 9.55e-06
     Epoch[7] Iteration[410/496], entropy: 0.2004, uncertainty: 1.0000, uncertainty_coeffi: 1.0000, loss: 0.2004, lr: 9.55e-06
     Epoch[7] Iteration[420/496], entropy: 0.1885, uncertainty: 1.0000, uncertainty_coeffi: 1.0000, loss: 0.1885, lr: 9.55e-06
     Epoch[7] Iteration[430/496], entropy: 0.3087, uncertainty: 1.0000, uncertainty_coeffi: 1.0000, loss: 0.3087, lr: 9.55e-06
     Epoch[7] Iteration[440/496], entropy: 0.1618, uncertainty: 1.0000, uncertainty_coeffi: 1.0000, loss: 0.1618, lr: 9.55e-06
     Epoch[7] Iteration[450/496], entropy: 0.1558, uncertainty: 1.0000, uncertainty_coeffi: 1.0000, loss: 0.1558, lr: 9.55e-06
     Epoch[7] Iteration[460/496], entropy: 0.1974, uncertainty: 1.0000, uncertainty_coeffi: 1.0000, loss: 0.1974, lr: 9.55e-06
     Epoch[7] Iteration[470/496], entropy: 0.2241, uncertainty: 1.0000, uncertainty_coeffi: 1.0000, loss: 0.2241, lr: 9.55e-06
     Epoch[7] Iteration[480/496], entropy: 0.2333, uncertainty: 1.0000, uncertainty_coeffi: 1.0000, loss: 0.2333, lr: 9.55e-06
     Epoch[7] Iteration[490/496], entropy: 0.2118, uncertainty: 1.0000, uncertainty_coeffi: 1.0000, loss: 0.2118, lr: 9.55e-06
     Averaged stats: entropy_avg: 0.2255, uncertainty_avg: 1.0000, uncertainty_coeffi_avg: 1.0000, loss_avg: 0.2255, lr_avg: 9.55e-06
     itm tta time 0:01:26
     Epoch[8] Iteration[10/496], entropy: 0.2764, uncertainty: 1.0000, uncertainty_coeffi: 1.0000, loss: 0.2764, lr: 6.55e-05
     Epoch[8] Iteration[20/496], entropy: 0.2338, uncertainty: 1.0000, uncertainty_coeffi: 1.0000, loss: 0.2338, lr: 6.55e-05
     Epoch[8] Iteration[30/496], entropy: 0.3006, uncertainty: 1.0000, uncertainty_coeffi: 1.0000, loss: 0.3006, lr: 6.55e-05
     Epoch[8] Iteration[40/496], entropy: 0.3094, uncertainty: 1.0000, uncertainty_coeffi: 1.0000, loss: 0.3094, lr: 9.05e-05
     Epoch[8] Iteration[50/496], entropy: 0.2581, uncertainty: 1.0000, uncertainty_coeffi: 1.0000, loss: 0.2581, lr: 9.05e-05
     Epoch[8] Iteration[60/496], entropy: 0.1911, uncertainty: 1.0000, uncertainty_coeffi: 1.0000, loss: 0.1911, lr: 9.05e-05
     Epoch[8] Iteration[70/496], entropy: 0.2212, uncertainty: 1.0000, uncertainty_coeffi: 1.0000, loss: 0.2212, lr: 9.05e-05
     Epoch[8] Iteration[80/496], entropy: 0.2892, uncertainty: 1.0000, uncertainty_coeffi: 1.0000, loss: 0.2892, lr: 9.05e-05
     Epoch[8] Iteration[90/496], entropy: 0.2250, uncertainty: 1.0000, uncertainty_coeffi: 1.0000, loss: 0.2250, lr: 9.05e-05
     Epoch[8] Iteration[100/496], entropy: 0.1650, uncertainty: 1.0000, uncertainty_coeffi: 1.0000, loss: 0.1650, lr: 9.05e-05
     Epoch[8] Iteration[110/496], entropy: 0.3030, uncertainty: 1.0000, uncertainty_coeffi: 1.0000, loss: 0.3030, lr: 9.05e-05
     Epoch[8] Iteration[120/496], entropy: 0.2033, uncertainty: 1.0000, uncertainty_coeffi: 1.0000, loss: 0.2033, lr: 9.05e-05
     Epoch[8] Iteration[130/496], entropy: 0.1973, uncertainty: 1.0000, uncertainty_coeffi: 1.0000, loss: 0.1973, lr: 9.05e-05
     Epoch[8] Iteration[140/496], entropy: 0.2264, uncertainty: 1.0000, uncertainty_coeffi: 1.0000, loss: 0.2264, lr: 9.05e-05
     Epoch[8] Iteration[150/496], entropy: 0.2127, uncertainty: 1.0000, uncertainty_coeffi: 1.0000, loss: 0.2127, lr: 9.05e-05
     Epoch[8] Iteration[160/496], entropy: 0.1824, uncertainty: 1.0000, uncertainty_coeffi: 1.0000, loss: 0.1824, lr: 9.05e-05
     Epoch[8] Iteration[170/496], entropy: 0.1479, uncertainty: 1.0000, uncertainty_coeffi: 1.0000, loss: 0.1479, lr: 9.05e-05
     Epoch[8] Iteration[180/496], entropy: 0.2303, uncertainty: 1.0000, uncertainty_coeffi: 1.0000, loss: 0.2303, lr: 9.05e-05
     Epoch[8] Iteration[190/496], entropy: 0.1588, uncertainty: 1.0000, uncertainty_coeffi: 1.0000, loss: 0.1588, lr: 9.05e-05
     Epoch[8] Iteration[200/496], entropy: 0.2202, uncertainty: 1.0000, uncertainty_coeffi: 1.0000, loss: 0.2202, lr: 9.05e-05
     Epoch[8] Iteration[210/496], entropy: 0.2035, uncertainty: 1.0000, uncertainty_coeffi: 1.0000, loss: 0.2035, lr: 9.05e-05
     Epoch[8] Iteration[220/496], entropy: 0.2368, uncertainty: 1.0000, uncertainty_coeffi: 1.0000, loss: 0.2368, lr: 9.05e-05
     Epoch[8] Iteration[230/496], entropy: 0.1875, uncertainty: 1.0000, uncertainty_coeffi: 1.0000, loss: 0.1875, lr: 9.05e-05
     Epoch[8] Iteration[240/496], entropy: 0.2208, uncertainty: 1.0000, uncertainty_coeffi: 1.0000, loss: 0.2208, lr: 9.05e-05
     Epoch[8] Iteration[250/496], entropy: 0.1735, uncertainty: 1.0000, uncertainty_coeffi: 1.0000, loss: 0.1735, lr: 9.05e-05
     Epoch[8] Iteration[260/496], entropy: 0.2557, uncertainty: 1.0000, uncertainty_coeffi: 1.0000, loss: 0.2557, lr: 9.05e-05
     Epoch[8] Iteration[270/496], entropy: 0.2722, uncertainty: 1.0000, uncertainty_coeffi: 1.0000, loss: 0.2722, lr: 9.05e-05
     Epoch[8] Iteration[280/496], entropy: 0.2508, uncertainty: 1.0000, uncertainty_coeffi: 1.0000, loss: 0.2508, lr: 9.05e-05
     Epoch[8] Iteration[290/496], entropy: 0.2634, uncertainty: 1.0000, uncertainty_coeffi: 1.0000, loss: 0.2634, lr: 9.05e-05
     Epoch[8] Iteration[300/496], entropy: 0.2386, uncertainty: 1.0000, uncertainty_coeffi: 1.0000, loss: 0.2386, lr: 9.05e-05
     Epoch[8] Iteration[310/496], entropy: 0.2545, uncertainty: 1.0000, uncertainty_coeffi: 1.0000, loss: 0.2545, lr: 9.05e-05
     Epoch[8] Iteration[320/496], entropy: 0.2312, uncertainty: 1.0000, uncertainty_coeffi: 1.0000, loss: 0.2312, lr: 9.05e-05
     Epoch[8] Iteration[330/496], entropy: 0.2566, uncertainty: 1.0000, uncertainty_coeffi: 1.0000, loss: 0.2566, lr: 9.05e-05
     Epoch[8] Iteration[340/496], entropy: 0.2792, uncertainty: 1.0000, uncertainty_coeffi: 1.0000, loss: 0.2792, lr: 9.05e-05
     Epoch[8] Iteration[350/496], entropy: 0.2820, uncertainty: 1.0000, uncertainty_coeffi: 1.0000, loss: 0.2820, lr: 9.05e-05
     Epoch[8] Iteration[360/496], entropy: 0.2302, uncertainty: 1.0000, uncertainty_coeffi: 1.0000, loss: 0.2302, lr: 9.05e-05
     Epoch[8] Iteration[370/496], entropy: 0.2717, uncertainty: 1.0000, uncertainty_coeffi: 1.0000, loss: 0.2717, lr: 9.05e-05
     Epoch[8] Iteration[380/496], entropy: 0.2643, uncertainty: 1.0000, uncertainty_coeffi: 1.0000, loss: 0.2643, lr: 9.05e-05
     Epoch[8] Iteration[390/496], entropy: 0.0835, uncertainty: 1.0000, uncertainty_coeffi: 1.0000, loss: 0.0835, lr: 9.05e-05
     Epoch[8] Iteration[400/496], entropy: 0.2291, uncertainty: 1.0000, uncertainty_coeffi: 1.0000, loss: 0.2291, lr: 9.05e-05
     Epoch[8] Iteration[410/496], entropy: 0.1879, uncertainty: 1.0000, uncertainty_coeffi: 1.0000, loss: 0.1879, lr: 9.05e-05
     Epoch[8] Iteration[420/496], entropy: 0.2237, uncertainty: 1.0000, uncertainty_coeffi: 1.0000, loss: 0.2237, lr: 9.05e-05
     Epoch[8] Iteration[430/496], entropy: 0.2128, uncertainty: 1.0000, uncertainty_coeffi: 1.0000, loss: 0.2128, lr: 9.05e-05
     Epoch[8] Iteration[440/496], entropy: 0.1132, uncertainty: 1.0000, uncertainty_coeffi: 1.0000, loss: 0.1132, lr: 9.05e-05
     Epoch[8] Iteration[450/496], entropy: 0.2181, uncertainty: 1.0000, uncertainty_coeffi: 1.0000, loss: 0.2181, lr: 9.05e-05
     Epoch[8] Iteration[460/496], entropy: 0.2115, uncertainty: 1.0000, uncertainty_coeffi: 1.0000, loss: 0.2115, lr: 9.05e-05
     Epoch[8] Iteration[470/496], entropy: 0.2196, uncertainty: 1.0000, uncertainty_coeffi: 1.0000, loss: 0.2196, lr: 9.05e-05
     Epoch[8] Iteration[480/496], entropy: 0.2926, uncertainty: 1.0000, uncertainty_coeffi: 1.0000, loss: 0.2926, lr: 9.05e-05
     Epoch[8] Iteration[490/496], entropy: 0.1974, uncertainty: 1.0000, uncertainty_coeffi: 1.0000, loss: 0.1974, lr: 9.05e-05
     Averaged stats: entropy_avg: 0.2268, uncertainty_avg: 1.0000, uncertainty_coeffi_avg: 1.0000, loss_avg: 0.2268, lr_avg: 8.89e-05
     itm tta time 0:01:26
     Epoch[9] Iteration[10/496], entropy: 0.2562, uncertainty: 1.0000, uncertainty_coeffi: 1.0000, loss: 0.2562, lr: 3.45e-05
     Epoch[9] Iteration[20/496], entropy: 0.2535, uncertainty: 1.0000, uncertainty_coeffi: 1.0000, loss: 0.2535, lr: 3.45e-05
     Epoch[9] Iteration[30/496], entropy: 0.1790, uncertainty: 1.0000, uncertainty_coeffi: 1.0000, loss: 0.1790, lr: 3.45e-05
     Epoch[9] Iteration[40/496], entropy: 0.2377, uncertainty: 1.0000, uncertainty_coeffi: 1.0000, loss: 0.2377, lr: 3.45e-05
     Epoch[9] Iteration[50/496], entropy: 0.1707, uncertainty: 1.0000, uncertainty_coeffi: 1.0000, loss: 0.1707, lr: 3.45e-05
     Epoch[9] Iteration[60/496], entropy: 0.2324, uncertainty: 1.0000, uncertainty_coeffi: 1.0000, loss: 0.2324, lr: 3.45e-05
     Epoch[9] Iteration[70/496], entropy: 0.3527, uncertainty: 1.0000, uncertainty_coeffi: 1.0000, loss: 0.3527, lr: 3.45e-05
     Epoch[9] Iteration[80/496], entropy: 0.3430, uncertainty: 1.0000, uncertainty_coeffi: 1.0000, loss: 0.3430, lr: 3.45e-05
     Epoch[9] Iteration[90/496], entropy: 0.2473, uncertainty: 1.0000, uncertainty_coeffi: 1.0000, loss: 0.2473, lr: 3.45e-05
     Epoch[9] Iteration[100/496], entropy: 0.3281, uncertainty: 1.0000, uncertainty_coeffi: 1.0000, loss: 0.3281, lr: 3.45e-05
     Epoch[9] Iteration[110/496], entropy: 0.1751, uncertainty: 1.0000, uncertainty_coeffi: 1.0000, loss: 0.1751, lr: 3.45e-05
     Epoch[9] Iteration[120/496], entropy: 0.2324, uncertainty: 1.0000, uncertainty_coeffi: 1.0000, loss: 0.2324, lr: 3.45e-05
     Epoch[9] Iteration[130/496], entropy: 0.1556, uncertainty: 1.0000, uncertainty_coeffi: 1.0000, loss: 0.1556, lr: 3.45e-05
     Epoch[9] Iteration[140/496], entropy: 0.2065, uncertainty: 1.0000, uncertainty_coeffi: 1.0000, loss: 0.2065, lr: 3.45e-05
     Epoch[9] Iteration[150/496], entropy: 0.2249, uncertainty: 1.0000, uncertainty_coeffi: 1.0000, loss: 0.2249, lr: 3.45e-05
     Epoch[9] Iteration[160/496], entropy: 0.2982, uncertainty: 1.0000, uncertainty_coeffi: 1.0000, loss: 0.2982, lr: 3.45e-05
     Epoch[9] Iteration[170/496], entropy: 0.3865, uncertainty: 1.0000, uncertainty_coeffi: 1.0000, loss: 0.3865, lr: 3.45e-05
     Epoch[9] Iteration[180/496], entropy: 0.2678, uncertainty: 1.0000, uncertainty_coeffi: 1.0000, loss: 0.2678, lr: 3.45e-05
     Epoch[9] Iteration[190/496], entropy: 0.3026, uncertainty: 1.0000, uncertainty_coeffi: 1.0000, loss: 0.3026, lr: 3.45e-05
     Epoch[9] Iteration[200/496], entropy: 0.2759, uncertainty: 1.0000, uncertainty_coeffi: 1.0000, loss: 0.2759, lr: 3.45e-05
     Epoch[9] Iteration[210/496], entropy: 0.2560, uncertainty: 1.0000, uncertainty_coeffi: 1.0000, loss: 0.2560, lr: 3.45e-05
     Epoch[9] Iteration[220/496], entropy: 0.1698, uncertainty: 1.0000, uncertainty_coeffi: 1.0000, loss: 0.1698, lr: 3.45e-05
     Epoch[9] Iteration[230/496], entropy: 0.1984, uncertainty: 1.0000, uncertainty_coeffi: 1.0000, loss: 0.1984, lr: 3.45e-05
     Epoch[9] Iteration[240/496], entropy: 0.1985, uncertainty: 1.0000, uncertainty_coeffi: 1.0000, loss: 0.1985, lr: 3.45e-05
     Epoch[9] Iteration[250/496], entropy: 0.1738, uncertainty: 1.0000, uncertainty_coeffi: 1.0000, loss: 0.1738, lr: 3.45e-05
     Epoch[9] Iteration[260/496], entropy: 0.2952, uncertainty: 1.0000, uncertainty_coeffi: 1.0000, loss: 0.2952, lr: 3.45e-05
     Epoch[9] Iteration[270/496], entropy: 0.1421, uncertainty: 1.0000, uncertainty_coeffi: 1.0000, loss: 0.1421, lr: 3.45e-05
     Epoch[9] Iteration[280/496], entropy: 0.2095, uncertainty: 1.0000, uncertainty_coeffi: 1.0000, loss: 0.2095, lr: 3.45e-05
     Epoch[9] Iteration[290/496], entropy: 0.2002, uncertainty: 1.0000, uncertainty_coeffi: 1.0000, loss: 0.2002, lr: 3.45e-05
     Epoch[9] Iteration[300/496], entropy: 0.2051, uncertainty: 1.0000, uncertainty_coeffi: 1.0000, loss: 0.2051, lr: 3.45e-05
     Epoch[9] Iteration[310/496], entropy: 0.1875, uncertainty: 1.0000, uncertainty_coeffi: 1.0000, loss: 0.1875, lr: 3.45e-05
     Epoch[9] Iteration[320/496], entropy: 0.2643, uncertainty: 1.0000, uncertainty_coeffi: 1.0000, loss: 0.2643, lr: 3.45e-05
     Epoch[9] Iteration[330/496], entropy: 0.1953, uncertainty: 1.0000, uncertainty_coeffi: 1.0000, loss: 0.1953, lr: 3.45e-05
     Epoch[9] Iteration[340/496], entropy: 0.2490, uncertainty: 1.0000, uncertainty_coeffi: 1.0000, loss: 0.2490, lr: 3.45e-05
     Epoch[9] Iteration[350/496], entropy: 0.2285, uncertainty: 1.0000, uncertainty_coeffi: 1.0000, loss: 0.2285, lr: 3.45e-05
     Epoch[9] Iteration[360/496], entropy: 0.2217, uncertainty: 1.0000, uncertainty_coeffi: 1.0000, loss: 0.2217, lr: 3.45e-05
     Epoch[9] Iteration[370/496], entropy: 0.2724, uncertainty: 1.0000, uncertainty_coeffi: 1.0000, loss: 0.2724, lr: 3.45e-05
     Epoch[9] Iteration[380/496], entropy: 0.1891, uncertainty: 1.0000, uncertainty_coeffi: 1.0000, loss: 0.1891, lr: 3.45e-05
     Epoch[9] Iteration[390/496], entropy: 0.2580, uncertainty: 1.0000, uncertainty_coeffi: 1.0000, loss: 0.2580, lr: 3.45e-05
     Epoch[9] Iteration[400/496], entropy: 0.2028, uncertainty: 1.0000, uncertainty_coeffi: 1.0000, loss: 0.2028, lr: 3.45e-05
     Epoch[9] Iteration[410/496], entropy: 0.2211, uncertainty: 1.0000, uncertainty_coeffi: 1.0000, loss: 0.2211, lr: 3.45e-05
     Epoch[9] Iteration[420/496], entropy: 0.2297, uncertainty: 1.0000, uncertainty_coeffi: 1.0000, loss: 0.2297, lr: 3.45e-05
     Epoch[9] Iteration[430/496], entropy: 0.2790, uncertainty: 1.0000, uncertainty_coeffi: 1.0000, loss: 0.2790, lr: 3.45e-05
     Epoch[9] Iteration[440/496], entropy: 0.1975, uncertainty: 1.0000, uncertainty_coeffi: 1.0000, loss: 0.1975, lr: 3.45e-05
     Epoch[9] Iteration[450/496], entropy: 0.1934, uncertainty: 1.0000, uncertainty_coeffi: 1.0000, loss: 0.1934, lr: 3.45e-05
     Epoch[9] Iteration[460/496], entropy: 0.2375, uncertainty: 1.0000, uncertainty_coeffi: 1.0000, loss: 0.2375, lr: 3.45e-05
     Epoch[9] Iteration[470/496], entropy: 0.2580, uncertainty: 1.0000, uncertainty_coeffi: 1.0000, loss: 0.2580, lr: 3.45e-05
     Epoch[9] Iteration[480/496], entropy: 0.3195, uncertainty: 1.0000, uncertainty_coeffi: 1.0000, loss: 0.3195, lr: 3.45e-05
     Epoch[9] Iteration[490/496], entropy: 0.2456, uncertainty: 1.0000, uncertainty_coeffi: 1.0000, loss: 0.2456, lr: 3.45e-05
     Averaged stats: entropy_avg: 0.2372, uncertainty_avg: 1.0000, uncertainty_coeffi_avg: 1.0000, loss_avg: 0.2372, lr_avg: 3.45e-05
     itm tta time 0:01:26
### TTA Eval Score: 
+-------+--------+--------+--------+--------+-------+
| epoch |   R1   |   R5   |  R10   |  mAP   |  mINP |
+-------+--------+--------+--------+--------+-------+
|  -999 | 60.661 | 77.509 | 83.263 | 35.544 | 6.006 |
|   0   | 61.649 | 77.519 | 83.207 | 36.045 | 6.036 |
|   1   | 61.870 | 77.529 | 83.066 | 36.075 | 6.027 |
|   2   | 61.936 | 77.428 | 83.006 | 36.060 | 6.042 |
|   4   | 61.931 | 77.323 | 82.940 | 36.000 | 5.979 |
|   9   | 61.926 | 77.227 | 82.880 | 35.951 | 5.962 |
+-------+--------+--------+--------+--------+-------+
     logs:  {'epo': 9, 'R1': np.float32(61.926), 'R5': np.float32(77.227), 'R10': np.float32(82.88), 'mAP': np.float32(35.951), 'mINP': np.float32(5.962), 'entropy': 0.23723442639623368, 'uncertainty': 1.0, 'uncertainty_coeffi': 1.0, 'loss': 0.23723442639623368, 'lr': 3.454915028124393e-05}
### best epoch 2 : {'epo': '2', 'R1': '61.936', 'R5': '77.428', 'R10': '83.006', 'mAP': '36.06', 'mINP': '6.042', 'entropy': '0.2649076304265431', 'uncertainty': '1.0', 'uncertainty_coeffi': '1.0', 'loss': '0.2649076304265431', 'lr': '3.45491502812503e-05'}
### Time 0:23:54
